/usr/java/jdk1.7.0_21/bin/java -server -Xmx1024M -Xms1024M -Dresolve.dns=false -Djgroups.timer.num_threads=4 -verbose:gc -Xmx5000M -Xms3000M -server -XX:+UseConcMarkSweepGC -XX:+AggressiveOpts -verbose:gc -XX:ParallelGCThreads=4 -XX:NewRatio=5 -XX:SurvivorRatio=2 -Dhazelcast.operation.thread.count=4 -Djava.net.preferIPv4Stack=true -Dlog4j.file.prefix=deimos-esw-3928 -Dbind.address= -Djgroups.bind_addr= -classpath /home/smf/github/radargun/target/distribution/RadarGun-1.1.0-SNAPSHOT/lib/activation-1.1.jar:/home/smf/github/radargun/target/distribution/RadarGun-1.1.0-SNAPSHOT/lib/commons-beanutils-1.8.0.jar:/home/smf/github/radargun/target/distribution/RadarGun-1.1.0-SNAPSHOT/lib/commons-digester-2.0.jar:/home/smf/github/radargun/target/distribution/RadarGun-1.1.0-SNAPSHOT/lib/commons-logging-1.1.1.jar:/home/smf/github/radargun/target/distribution/RadarGun-1.1.0-SNAPSHOT/lib/commons-math-1.2.jar:/home/smf/github/radargun/target/distribution/RadarGun-1.1.0-SNAPSHOT/lib/jboss-transaction-api-1.0.1.GA.jar:/home/smf/github/radargun/target/distribution/RadarGun-1.1.0-SNAPSHOT/lib/jcommon-1.0.15.jar:/home/smf/github/radargun/target/distribution/RadarGun-1.1.0-SNAPSHOT/lib/jfreechart-1.0.12.jar:/home/smf/github/radargun/target/distribution/RadarGun-1.1.0-SNAPSHOT/lib/log4j-1.2.14.jar:/home/smf/github/radargun/target/distribution/RadarGun-1.1.0-SNAPSHOT/lib/mail-1.4.2.jar:/home/smf/github/radargun/target/distribution/RadarGun-1.1.0-SNAPSHOT/lib/radargun-framework-1.1.0-SNAPSHOT.jar:/home/smf/github/radargun/target/distribution/RadarGun-1.1.0-SNAPSHOT/conf org.radargun.Slave -master 127.0.0.1:2103
--------------------------------------------------------------------------------
PerNodeRollingFileAppender::Using file prefix:deimos-esw-3928
 INFO  [main] {org.radargun.Slave} Attempting to connect to master 127.0.0.1:2103
 INFO  [main] {org.radargun.Slave} Successfully established connection with master at: 127.0.0.1:2103
Loading JARS from /home/smf/github/radargun/target/distribution/RadarGun-1.1.0-SNAPSHOT/lib/radargun-framework-1.1.0-SNAPSHOT.jar
 INFO  [pool-1-thread-1] {org.radargun.config.AnnotatedHelper} Loading JARS from /home/smf/github/radargun/target/distribution/RadarGun-1.1.0-SNAPSHOT/lib/radargun-framework-1.1.0-SNAPSHOT.jar
 INFO  [pool-1-thread-1] {org.radargun.config.AnnotatedHelper} Loading JARS from /home/smf/github/radargun/target/distribution/RadarGun-1.1.0-SNAPSHOT/lib/radargun-framework-1.1.0-SNAPSHOT.jar
 INFO  [pool-1-thread-1] {org.radargun.Slave} Executing stage: DestroyWrapper {enforceMemoryThrashHold=true, exitBenchmarkOnSlaveFailure=false, heapDumpDir=null, memoryThreshold=95, runOnAllSlaves=true, slaves=null, useSmartClassLoading=true }
 INFO  [pool-1-thread-1] {org.radargun.stages.DestroyWrapperStage} Received destroy cache wrapper request from master...
 INFO  [pool-1-thread-1] {org.radargun.stages.DestroyWrapperStage} No cache wrapper deployed on this slave, nothing to do.
 INFO  [pool-1-thread-1] {org.radargun.stages.DestroyWrapperStage} Before executing clear, memory looks like this: Memory - free: 2,928,638 kb - max:4,906,688 kb- total:2,944,000 kb
[Full GC 15361K->3631K(2944000K), 0.0801550 secs]
 INFO  [pool-1-thread-1] {org.radargun.stages.DestroyWrapperStage} After executing cleanup, memory looks like this: Memory - free: 2,935,311 kb - max:4,906,688 kb- total:2,944,064 kb
 INFO  [pool-1-thread-1] {org.radargun.Slave} Finished stage: DestroyWrapper {enforceMemoryThrashHold=true, exitBenchmarkOnSlaveFailure=false, heapDumpDir=null, memoryThreshold=95, runOnAllSlaves=true, slaves=null, useSmartClassLoading=true }
 INFO  [main] {org.radargun.Slave} Ack successfully sent to the master
 INFO  [pool-1-thread-1] {org.radargun.Slave} Executing stage: StartCluster {config=ispn52-repl-sync-rc.xml, delayAfterFirstSlaveStarts=5.000 secs, delayBetweenStartingSlaves=0.500 secs, exitBenchmarkOnSlaveFailure=true, expectNumSlaves=null, mayFailOn=null, reachable=null, runOnAllSlaves=false, slaves=null, staggerSlaveStartup=true, useSmartClassLoading=true, validateCluster=true }
 INFO  [pool-1-thread-1] {org.radargun.stages.StartClusterStage}  Startup staggering, starting 10 slaves. This is the slave with index 8. Sleeping for 9000 millis.
 INFO  [pool-1-thread-1] {org.radargun.stages.StartClusterStage} Ack master's StartCluster stage. Local address is: /127.0.0.1. This slave's index is: 8
 INFO  [pool-1-thread-1] {org.radargun.utils.ClassLoadHelper} Creating newInstance org.radargun.cachewrappers.FFWrapper with classloader java.net.URLClassLoader@52b2f956
 INFO  [pool-1-thread-1] {org.radargun.cachewrappers.FFWrapper} config=ispn52-repl-sync-rc.xml, isLocal=false, nodeIndex=8, confAttributes={name=ispn52-repl-sync-rc.xml, decorate=infinispan52}
 INFO  [pool-1-thread-1] {org.radargun.cachewrappers.FFWrapper} Found fenix framework config options in 'rg-fenix-framework-config-options.properties'.
 INFO  [pool-1-thread-1] {org.radargun.cachewrappers.FFWrapper} Setting extra config properties for Fenix Framework.
 INFO  [pool-1-thread-1] {org.radargun.cachewrappers.FFWrapper} Will initialize Fenix Framework with RadarGunDataGridConfig
 TRACE [pool-1-thread-1] {pt.ist.fenixframework.FenixFramework} Static initializer block for FenixFramework class [BEGIN]
 INFO  [pool-1-thread-1] {pt.ist.fenixframework.FenixFramework} Trying auto-initialization with configuration by convention
 INFO  [pool-1-thread-1] {pt.ist.fenixframework.FenixFramework} Resource 'fenix-framework.properties' not found
 DEBUG [pool-1-thread-1] {pt.ist.fenixframework.FenixFramework} Fenix Framework properties after reading default config file:{}
 DEBUG [pool-1-thread-1] {pt.ist.fenixframework.FenixFramework} CurrentBackEndName = jvstm-datagrid
 INFO  [pool-1-thread-1] {pt.ist.fenixframework.FenixFramework} Resource 'fenix-framework-jvstm-datagrid.properties' not found
 DEBUG [pool-1-thread-1] {pt.ist.fenixframework.FenixFramework} Fenix Framework properties after reading backend config file:{}
 DEBUG [pool-1-thread-1] {pt.ist.fenixframework.FenixFramework} Fenix Framework properties after enforcing system properties:{}
 INFO  [pool-1-thread-1] {pt.ist.fenixframework.FenixFramework} Skipping configuration by convention.
 TRACE [pool-1-thread-1] {pt.ist.fenixframework.FenixFramework} Static initializer block for FenixFramework class [END]
 INFO  [pool-1-thread-1] {pt.ist.fenixframework.FenixFramework} Initializing Fenix Framework with config.class=pt.ist.fenixframework.backend.jvstm.datagrid.radargun.RadarGunDataGridConfig
 INFO  [pool-1-thread-1] {pt.ist.fenixframework.backend.jvstm.cluster.JvstmClusterBackEnd} initializeGroupCommunication()
 INFO  [pool-1-thread-1] {com.hazelcast.config.ClasspathXmlConfig} Configuring Hazelcast from 'hazelcast-ff.xml'.
 INFO  [pool-1-thread-1] {com.hazelcast.instance.DefaultAddressPicker} Interfaces is disabled, trying to pick one address from TCP-IP config addresses: [127.0.0.1]
 INFO  [pool-1-thread-1] {com.hazelcast.instance.DefaultAddressPicker} Picked Address[127.0.0.1]:5709, using socket ServerSocket[addr=/0.0.0.0,localport=5709], bind any local is true
 INFO  [pool-1-thread-1] {com.hazelcast.system} [127.0.0.1]:5709 [FenixFrameworkGroup] Hazelcast Community Edition 3.0.2 (20130906) starting at Address[127.0.0.1]:5709
 INFO  [pool-1-thread-1] {com.hazelcast.system} [127.0.0.1]:5709 [FenixFrameworkGroup] Copyright (C) 2008-2013 Hazelcast.com
 INFO  [pool-1-thread-1] {com.hazelcast.instance.Node} [127.0.0.1]:5709 [FenixFrameworkGroup] Creating MulticastJoiner
 INFO  [pool-1-thread-1] {com.hazelcast.core.LifecycleService} [127.0.0.1]:5709 [FenixFrameworkGroup] Address[127.0.0.1]:5709 is STARTING
 INFO  [pool-1-thread-1] {com.hazelcast.cluster.TcpIpJoiner} [127.0.0.1]:5709 [FenixFrameworkGroup] Connecting to possible member: Address[127.0.0.1]:5703
 INFO  [pool-1-thread-1] {com.hazelcast.cluster.TcpIpJoiner} [127.0.0.1]:5709 [FenixFrameworkGroup] Connecting to possible member: Address[127.0.0.1]:5702
 INFO  [pool-1-thread-1] {com.hazelcast.cluster.TcpIpJoiner} [127.0.0.1]:5709 [FenixFrameworkGroup] Connecting to possible member: Address[127.0.0.1]:5701
 INFO  [hz._hzInstance_1_FenixFrameworkGroup.cached.thread-3] {com.hazelcast.nio.SocketConnector} [127.0.0.1]:5709 [FenixFrameworkGroup] Connecting to /127.0.0.1:5703, timeout: 0, bind-any: true
 INFO  [hz._hzInstance_1_FenixFrameworkGroup.cached.thread-1] {com.hazelcast.nio.SocketConnector} [127.0.0.1]:5709 [FenixFrameworkGroup] Connecting to /127.0.0.1:5701, timeout: 0, bind-any: true
 INFO  [hz._hzInstance_1_FenixFrameworkGroup.cached.thread-2] {com.hazelcast.nio.SocketConnector} [127.0.0.1]:5709 [FenixFrameworkGroup] Connecting to /127.0.0.1:5702, timeout: 0, bind-any: true
 INFO  [hz._hzInstance_1_FenixFrameworkGroup.cached.thread-3] {com.hazelcast.nio.TcpIpConnectionManager} [127.0.0.1]:5709 [FenixFrameworkGroup] 53522 accepted socket connection from /127.0.0.1:5703
 INFO  [hz._hzInstance_1_FenixFrameworkGroup.cached.thread-1] {com.hazelcast.nio.TcpIpConnectionManager} [127.0.0.1]:5709 [FenixFrameworkGroup] 38319 accepted socket connection from /127.0.0.1:5701
 INFO  [hz._hzInstance_1_FenixFrameworkGroup.cached.thread-2] {com.hazelcast.nio.TcpIpConnectionManager} [127.0.0.1]:5709 [FenixFrameworkGroup] 36485 accepted socket connection from /127.0.0.1:5702
 INFO  [hz._hzInstance_1_FenixFrameworkGroup.cached.thread-3] {com.hazelcast.cluster.ClusterService} [127.0.0.1]:5709 [FenixFrameworkGroup] 

Members [10] {
	Member [127.0.0.1]:5701
	Member [127.0.0.1]:5702
	Member [127.0.0.1]:5704
	Member [127.0.0.1]:5705
	Member [127.0.0.1]:5706
	Member [127.0.0.1]:5703
	Member [127.0.0.1]:5707
	Member [127.0.0.1]:5708
	Member [127.0.0.1]:5709 this
	Member [127.0.0.1]:5710
}

 INFO  [hz._hzInstance_1_FenixFrameworkGroup.IO.thread-Acceptor] {com.hazelcast.nio.SocketAcceptor} [127.0.0.1]:5709 [FenixFrameworkGroup] Accepting socket connection from /127.0.0.1:39506
 INFO  [hz._hzInstance_1_FenixFrameworkGroup.IO.thread-Acceptor] {com.hazelcast.nio.TcpIpConnectionManager} [127.0.0.1]:5709 [FenixFrameworkGroup] 5709 accepted socket connection from /127.0.0.1:39506
 INFO  [hz._hzInstance_1_FenixFrameworkGroup.IO.thread-Acceptor] {com.hazelcast.nio.SocketAcceptor} [127.0.0.1]:5709 [FenixFrameworkGroup] Accepting socket connection from /127.0.0.1:36440
 INFO  [hz._hzInstance_1_FenixFrameworkGroup.IO.thread-Acceptor] {com.hazelcast.nio.TcpIpConnectionManager} [127.0.0.1]:5709 [FenixFrameworkGroup] 5709 accepted socket connection from /127.0.0.1:36440
 INFO  [hz._hzInstance_1_FenixFrameworkGroup.IO.thread-Acceptor] {com.hazelcast.nio.SocketAcceptor} [127.0.0.1]:5709 [FenixFrameworkGroup] Accepting socket connection from /127.0.0.1:57703
 INFO  [hz._hzInstance_1_FenixFrameworkGroup.IO.thread-Acceptor] {com.hazelcast.nio.TcpIpConnectionManager} [127.0.0.1]:5709 [FenixFrameworkGroup] 5709 accepted socket connection from /127.0.0.1:57703
 INFO  [hz._hzInstance_1_FenixFrameworkGroup.IO.thread-Acceptor] {com.hazelcast.nio.SocketAcceptor} [127.0.0.1]:5709 [FenixFrameworkGroup] Accepting socket connection from /127.0.0.1:45843
 INFO  [hz._hzInstance_1_FenixFrameworkGroup.IO.thread-Acceptor] {com.hazelcast.nio.TcpIpConnectionManager} [127.0.0.1]:5709 [FenixFrameworkGroup] 5709 accepted socket connection from /127.0.0.1:45843
 INFO  [hz._hzInstance_1_FenixFrameworkGroup.IO.thread-Acceptor] {com.hazelcast.nio.SocketAcceptor} [127.0.0.1]:5709 [FenixFrameworkGroup] Accepting socket connection from /127.0.0.1:59589
 INFO  [hz._hzInstance_1_FenixFrameworkGroup.IO.thread-Acceptor] {com.hazelcast.nio.TcpIpConnectionManager} [127.0.0.1]:5709 [FenixFrameworkGroup] 5709 accepted socket connection from /127.0.0.1:59589
 INFO  [hz._hzInstance_1_FenixFrameworkGroup.cached.thread-6] {com.hazelcast.nio.SocketConnector} [127.0.0.1]:5709 [FenixFrameworkGroup] Connecting to /127.0.0.1:5707, timeout: 0, bind-any: true
 INFO  [hz._hzInstance_1_FenixFrameworkGroup.cached.thread-6] {com.hazelcast.nio.TcpIpConnectionManager} [127.0.0.1]:5709 [FenixFrameworkGroup] 51329 accepted socket connection from /127.0.0.1:5707
 INFO  [hz._hzInstance_1_FenixFrameworkGroup.cached.thread-6] {com.hazelcast.nio.SocketConnector} [127.0.0.1]:5709 [FenixFrameworkGroup] Connecting to /127.0.0.1:5710, timeout: 0, bind-any: true
 INFO  [hz._hzInstance_1_FenixFrameworkGroup.cached.thread-6] {com.hazelcast.nio.TcpIpConnectionManager} [127.0.0.1]:5709 [FenixFrameworkGroup] 38483 accepted socket connection from /127.0.0.1:5710
 INFO  [hz._hzInstance_1_FenixFrameworkGroup.IO.thread-Acceptor] {com.hazelcast.nio.SocketAcceptor} [127.0.0.1]:5709 [FenixFrameworkGroup] Accepting socket connection from /127.0.0.1:43140
 INFO  [hz._hzInstance_1_FenixFrameworkGroup.IO.thread-Acceptor] {com.hazelcast.nio.TcpIpConnectionManager} [127.0.0.1]:5709 [FenixFrameworkGroup] 5709 accepted socket connection from /127.0.0.1:43140
 INFO  [pool-1-thread-1] {com.hazelcast.core.LifecycleService} [127.0.0.1]:5709 [FenixFrameworkGroup] Address[127.0.0.1]:5709 is STARTED
 INFO  [pool-1-thread-1] {pt.ist.fenixframework.backend.jvstm.cluster.ClusterUtils} Got (long) serverId: 8
 INFO  [pool-1-thread-1] {pt.ist.fenixframework.backend.jvstm.cluster.JvstmClusterBackEnd} This is NOT the first node.
 INFO  [pool-1-thread-1] {pt.ist.fenixframework.backend.jvstm.cluster.ClusterUtils} Waiting for startup from first node
 INFO  [pool-1-thread-1] {pt.ist.fenixframework.backend.jvstm.JVSTMBackEnd} initializeRepository()
 INFO  [pool-1-thread-1] {pt.ist.fenixframework.backend.jvstm.datagrid.radargun.DataGridDecorator} config=ispn52-repl-sync-rc.xml, isLocal=false, nodeIndex=8, confAttributes={name=ispn52-repl-sync-rc.xml}
 INFO  [pool-1-thread-1] {org.radargun.cachewrappers.InfinispanXSWrapper} Cannot find any site for slave index 8
[GC 259695K->12677K(2944064K), 0.0417670 secs]
 INFO  [pool-1-thread-1] {org.infinispan.remoting.transport.jgroups.JGroupsTransport} ISPN000078: Starting JGroups Channel
 WARN  [pool-1-thread-1] {org.jgroups.protocols.UDP} [JGRP00014] the send buffer of socket DatagramSocket was set to 640KB, but the OS only allocated 229.38KB. This might lead to performance problems. Please set your max send buffer in the OS correctly (e.g. net.core.wmem_max on Linux)
 WARN  [pool-1-thread-1] {org.jgroups.protocols.UDP} [JGRP00014] the receive buffer of socket DatagramSocket was set to 20MB, but the OS only allocated 229.38KB. This might lead to performance problems. Please set your max receive buffer in the OS correctly (e.g. net.core.rmem_max on Linux)
 WARN  [pool-1-thread-1] {org.jgroups.protocols.UDP} [JGRP00014] the send buffer of socket MulticastSocket was set to 640KB, but the OS only allocated 229.38KB. This might lead to performance problems. Please set your max send buffer in the OS correctly (e.g. net.core.wmem_max on Linux)
 WARN  [pool-1-thread-1] {org.jgroups.protocols.UDP} [JGRP00014] the receive buffer of socket MulticastSocket was set to 25MB, but the OS only allocated 229.38KB. This might lead to performance problems. Please set your max receive buffer in the OS correctly (e.g. net.core.rmem_max on Linux)
 INFO  [pool-1-thread-1] {org.infinispan.remoting.transport.jgroups.JGroupsTransport} ISPN000094: Received new cluster view: [deimos-esw-26255|5] [deimos-esw-26255, deimos-esw-53479, deimos-esw-25779, deimos-esw-61474, deimos-esw-51539, deimos-esw-42556, deimos-esw-36863, deimos-esw-62152, deimos-esw-34013]
 INFO  [pool-1-thread-1] {org.infinispan.remoting.transport.jgroups.JGroupsTransport} ISPN000079: Cache local address is deimos-esw-34013, physical addresses are [127.0.0.1:52008]
 INFO  [pool-1-thread-1] {org.infinispan.factories.GlobalComponentRegistry} ISPN000128: Infinispan version: Infinispan 'Delirium' 5.2.6.Final
 INFO  [Incoming-4,deimos-esw-34013] {org.infinispan.remoting.transport.jgroups.JGroupsTransport} ISPN000094: Received new cluster view: [deimos-esw-26255|6] [deimos-esw-26255, deimos-esw-53479, deimos-esw-25779, deimos-esw-61474, deimos-esw-51539, deimos-esw-42556, deimos-esw-36863, deimos-esw-62152, deimos-esw-34013, deimos-esw-5686]
 INFO  [pool-1-thread-1] {org.infinispan.transaction.lookup.JBossStandaloneJTAManagerLookup} ISPN000107: Retrieving transaction manager Transaction: unknown
 INFO  [pool-1-thread-1] {org.infinispan.jmx.CacheJmxRegistration} ISPN000031: MBeans were successfully registered to the platform MBean server.
 INFO  [pool-1-thread-1] {org.radargun.cachewrappers.InfinispanXSWrapper} Using transaction manager: Transaction: unknown
 INFO  [pool-1-thread-1] {org.radargun.cachewrappers.InfinispanXSWrapper} No RELAY2 protocol in XS wrapper
 INFO  [pool-1-thread-1] {org.radargun.cachewrappers.InfinispanXSWrapper} JGroups version: JGroups 3.2.7.Final
 INFO  [pool-1-thread-1] {org.radargun.cachewrappers.InfinispanXSWrapper} Using config attributes: {name=ispn52-repl-sync-rc.xml}
 INFO  [pool-1-thread-1] {pt.ist.fenixframework.backend.jvstm.datagrid.DataGridRepository} Initialization marker is present. Data Grid already existed.
 INFO  [pool-1-thread-1] {pt.ist.fenixframework.backend.jvstm.JVSTMBackEnd} initializeDomainClassInfos
 INFO  [pool-1-thread-1] {pt.ist.fenixframework.backend.jvstm.pstm.DomainClassInfo} serverId: 8, serverOidBase: 8000000000000
 INFO  [pool-1-thread-1] {pt.ist.fenixframework.backend.jvstm.pstm.DomainClassInfo} Existing domain class 'pt.ist.fenixframework.adt.bplustree.AbstractNodeArray' with id 'a'
 INFO  [pool-1-thread-1] {pt.ist.fenixframework.backend.jvstm.pstm.DomainClassInfo} Existing domain class 'pt.ist.fenixframework.backend.jvstm.pstm.FenixFrameworkData' with id 'd'
 INFO  [pool-1-thread-1] {pt.ist.fenixframework.backend.jvstm.pstm.DomainClassInfo} Existing domain class 'pt.ist.fenixframework.adt.bplustree.DomainBPlusTree' with id 'e'
 INFO  [pool-1-thread-1] {pt.ist.fenixframework.backend.jvstm.pstm.DomainClassInfo} Existing domain class 'pt.ist.fenixframework.adt.bplustree.AbstractNode' with id 'f'
 INFO  [pool-1-thread-1] {pt.ist.fenixframework.backend.jvstm.pstm.DomainClassInfo} Existing domain class 'pt.ist.fenixframework.DomainRoot' with id '0'
 INFO  [pool-1-thread-1] {pt.ist.fenixframework.backend.jvstm.pstm.DomainClassInfo} Existing domain class 'pt.ist.fenixframework.adt.linkedlist.LinkedList' with id '9'
 INFO  [pool-1-thread-1] {pt.ist.fenixframework.backend.jvstm.pstm.DomainClassInfo} Existing domain class 'pt.ist.fenixframework.adt.bplustree.BPlusTree' with id '7'
 INFO  [pool-1-thread-1] {pt.ist.fenixframework.backend.jvstm.pstm.DomainClassInfo} Existing domain class 'pt.ist.fenixframework.adt.bplustree.DomainLeafNode' with id '1'
 INFO  [pool-1-thread-1] {pt.ist.fenixframework.backend.jvstm.pstm.DomainClassInfo} Existing domain class 'pt.ist.fenixframework.adt.linkedlist.ListNode' with id '6'
 INFO  [pool-1-thread-1] {pt.ist.fenixframework.backend.jvstm.pstm.DomainClassInfo} Existing domain class 'pt.ist.fenixframework.backend.jvstm.pstm.TransactionStatisticsEntry' with id '5'
 INFO  [pool-1-thread-1] {pt.ist.fenixframework.backend.jvstm.pstm.DomainClassInfo} Existing domain class 'pt.ist.fenixframework.adt.bplustree.LeafNodeArray' with id 'c'
 INFO  [pool-1-thread-1] {pt.ist.fenixframework.backend.jvstm.pstm.DomainClassInfo} Existing domain class 'pt.ist.fenixframework.adt.bplustree.InnerNodeArray' with id 'b'
 INFO  [pool-1-thread-1] {pt.ist.fenixframework.backend.jvstm.pstm.DomainClassInfo} Existing domain class 'pt.ist.fenixframework.adt.bplustree.BPlusTreeArray' with id '2'
 INFO  [pool-1-thread-1] {pt.ist.fenixframework.backend.jvstm.pstm.DomainClassInfo} Existing domain class 'pt.ist.fenixframework.adt.bplustree.DomainInnerNode' with id '3'
 INFO  [pool-1-thread-1] {pt.ist.fenixframework.backend.jvstm.pstm.DomainClassInfo} Existing domain class 'pt.ist.fenixframework.adt.bplustree.LeafNode' with id '4'
 INFO  [pool-1-thread-1] {pt.ist.fenixframework.backend.jvstm.pstm.DomainClassInfo} Existing domain class 'pt.ist.fenixframework.adt.bplustree.InnerNode' with id '8'
 INFO  [pool-1-thread-1] {pt.ist.fenixframework.backend.jvstm.JVSTMBackEnd} setupJVSTM
 INFO  [pool-1-thread-1] {pt.ist.fenixframework.backend.jvstm.JVSTMBackEnd} Setting the last committed TX number to 2
 INFO  [pool-1-thread-1] {pt.ist.fenixframework.backend.jvstm.JVSTMBackEnd} createDomainRootIfNeeded
 INFO  [pool-1-thread-1] {pt.ist.fenixframework.backend.jvstm.JVSTMBackEnd} ensureFenixFrameworkDataExists
 INFO  [pool-1-thread-1] {pt.ist.fenixframework.hibernatesearch.HibernateSearchConfig} Resource 'fenix-framework-hibernate-search.properties' not found. Hibernate Search disabled
 INFO  [pool-1-thread-1] {pt.ist.fenixframework.FenixFramework} Initialization of Fenix Framework is now complete.
 INFO  [pool-1-thread-1] {org.radargun.cachewrappers.FFWrapper} FF STARTED=true
 INFO  [pool-1-thread-1] {org.radargun.stages.helpers.StartHelper} Number of members is the one expected: 10
 INFO  [pool-1-thread-1] {org.radargun.stages.StartClusterStage} Successfully started cache wrapper on slave 8: org.radargun.cachewrappers.FFWrapper@567ee99c
 INFO  [pool-1-thread-1] {org.radargun.Slave} Finished stage: StartCluster {config=ispn52-repl-sync-rc.xml, delayAfterFirstSlaveStarts=5.000 secs, delayBetweenStartingSlaves=0.500 secs, exitBenchmarkOnSlaveFailure=true, expectNumSlaves=null, mayFailOn=null, reachable=null, runOnAllSlaves=false, slaves=null, staggerSlaveStartup=true, useSmartClassLoading=true, validateCluster=true }
 INFO  [main] {org.radargun.Slave} Ack successfully sent to the master
 INFO  [pool-1-thread-1] {org.radargun.Slave} Executing stage: ClusterValidation {exitBenchmarkOnSlaveFailure=false, partialReplication=false, replicationTimeSleep=2000, replicationTryCount=60, runOnAllSlaves=false, slaves=null, useSmartClassLoading=true }
 INFO  [pool-1-thread-1] {org.radargun.stages.ClusterValidationStage} Number of caches that replicated here is 1
 INFO  [pool-1-thread-1] {org.radargun.stages.ClusterValidationStage} Replication test failed, 1 tries so far. Sleeping for 2 seconds and trying again.
 INFO  [pool-1-thread-1] {org.radargun.stages.ClusterValidationStage} Number of caches that replicated here is 9
 INFO  [pool-1-thread-1] {org.radargun.stages.ClusterValidationStage} Replication test successfully passed. partialReplication? false, replicationCount = 9
 INFO  [pool-1-thread-1] {org.radargun.stages.ClusterValidationStage} Confirm phase successful.
 INFO  [pool-1-thread-1] {org.radargun.Slave} Finished stage: ClusterValidation {exitBenchmarkOnSlaveFailure=false, partialReplication=false, replicationTimeSleep=2000, replicationTryCount=60, runOnAllSlaves=false, slaves=[ 0, 1, 2, 3, 4, 5, 6, 7, 8, 9 ], useSmartClassLoading=true }
 INFO  [main] {org.radargun.Slave} Ack successfully sent to the master
 INFO  [pool-1-thread-1] {org.radargun.Slave} Executing stage: StressTestWarmup {bulkSize=1, cacheSpecificKeyGenerator=false, commitTransactions=true, duration=1 mins 0 secs, entrySize=1000, exitBenchmarkOnSlaveFailure=false, fixedKeys=true, generateHistogramRange=false, keyGeneratorClass=org.radargun.stressors.StringKeyGenerator, keyGeneratorParam=null, loadAllKeys=false, numEntries=100, numOfThreads=4, numRequests=10000, numThreads=4, numberOfAttributes=100, numberOfRequests=10000, opsCountStatusLog=100000, poolKeys=true, preferAsyncOperations=false, removePercentage=0, replaceInvalidPercentage=40, runOnAllSlaves=false, sharedKeys=false, sizeOfAnAttribute=1000, slaves=null, transactionSize=50, useAtomics=false, useHistogramStatistics=false, useSimpleStatistics=true, useSmartClassLoading=true, useTransactions=null, writePercentage=20, writeTxPercentage=20 }
 INFO  [pool-1-thread-1] {org.radargun.stages.StressTestWarmupStage} Starting StressTestWarmupStage: StressTestWarmup {bulkSize=1, cacheSpecificKeyGenerator=false, commitTransactions=true, duration=1 mins 0 secs, entrySize=1000, exitBenchmarkOnSlaveFailure=false, fixedKeys=true, generateHistogramRange=false, keyGeneratorClass=org.radargun.stressors.StringKeyGenerator, keyGeneratorParam=null, loadAllKeys=false, numEntries=100, numOfThreads=4, numRequests=10000, numThreads=4, numberOfAttributes=100, numberOfRequests=10000, opsCountStatusLog=100000, poolKeys=true, preferAsyncOperations=false, removePercentage=0, replaceInvalidPercentage=40, runOnAllSlaves=false, sharedKeys=false, sizeOfAnAttribute=1000, slaves=null, transactionSize=50, useAtomics=false, useHistogramStatistics=false, useSimpleStatistics=true, useSmartClassLoading=true, useTransactions=null, writePercentage=20, writeTxPercentage=20 }
 INFO  [pool-1-thread-1] {org.radargun.stressors.StressTestStressor} Using key generator org.radargun.stressors.StringKeyGenerator, param null
 INFO  [pool-1-thread-1] {org.radargun.stressors.StressTestStressor} Executing: StressTestStressor{opsCountStatusLog=100000, numRequests=10000, numEntries=100, entrySize=1000, writePercentage=20, numThreads=4, cacheWrapper=org.radargun.cachewrappers.FFWrapper@567ee99c, nodeIndex=8, useTransactions=true, transactionSize=50, commitTransactions=true, durationMillis=60000}
 INFO  [pool-1-thread-1] {org.radargun.stressors.StressTestStressor} Cache wrapper info is: FFWrapper using infinispan52
[GC 268741K->20408K(2944064K), 0.0532430 secs]
[GC 276472K->17949K(2944064K), 0.0386720 secs]
 INFO  [pool-1-thread-1] {org.radargun.stressors.StressTestStressor} Started 4 stressor threads.
 INFO  [Stressor-0] {org.radargun.stressors.StressTestStressor} Number of ops executed so far: 1. Elapsed time: 0.001 secs. Remaining: 59.999 secs. Total: 1 mins 0 secs
[GC 274013K->19570K(2944064K), 0.0359190 secs]
[GC 275634K->25235K(2944064K), 0.0387600 secs]
[GC 281299K->24107K(2944064K), 0.0400420 secs]
[GC 280171K->33212K(2944064K), 0.0412450 secs]
[GC 289276K->33634K(2944064K), 0.0438580 secs]
 INFO  [Stressor-3] {org.radargun.stressors.StressTestStressor} Number of ops executed so far: 19900. Elapsed time: 20.018 secs. Remaining: 39.982 secs. Total: 1 mins 0 secs
[GC 289698K->46488K(2944064K), 0.0430590 secs]
[GC 302552K->55142K(2944064K), 0.0439920 secs]
[GC 311206K->45995K(2944064K), 0.0495720 secs]
[GC 302059K->50494K(2944064K), 0.0495520 secs]
[GC 306558K->54583K(2944064K), 0.0485640 secs]
 INFO  [Stressor-3] {org.radargun.stressors.StressTestStressor} Number of ops executed so far: 39850. Elapsed time: 40.060 secs. Remaining: 19.940 secs. Total: 1 mins 0 secs
[GC 310647K->66457K(2944064K), 0.0509820 secs]
[GC 322521K->74709K(2944064K), 0.0507540 secs]
[GC 330773K->82072K(2944064K), 0.0664620 secs]
[GC 338136K->66159K(2944064K), 0.0594870 secs]
[GC 322223K->83113K(2944064K), 0.0524360 secs]
[GC 339177K->92924K(2944064K), 0.0538850 secs]
 INFO  [pool-1-thread-1] {org.radargun.stressors.StressTestStressor} Finished generating report. Test duration is: 1 mins 14 secs
 INFO  [pool-1-thread-1] {org.radargun.stages.StressTestWarmupStage} The warmup took: 74 seconds.
 INFO  [pool-1-thread-1] {org.radargun.Slave} Finished stage: StressTestWarmup {bulkSize=1, cacheSpecificKeyGenerator=false, commitTransactions=true, duration=1 mins 0 secs, entrySize=1000, exitBenchmarkOnSlaveFailure=false, fixedKeys=true, generateHistogramRange=false, keyGeneratorClass=org.radargun.stressors.StringKeyGenerator, keyGeneratorParam=null, loadAllKeys=false, numEntries=100, numOfThreads=4, numRequests=10000, numThreads=4, numberOfAttributes=100, numberOfRequests=10000, opsCountStatusLog=100000, poolKeys=true, preferAsyncOperations=false, removePercentage=0, replaceInvalidPercentage=40, runOnAllSlaves=false, sharedKeys=false, sizeOfAnAttribute=1000, slaves=null, transactionSize=50, useAtomics=false, useHistogramStatistics=false, useSimpleStatistics=true, useSmartClassLoading=true, useTransactions=null, writePercentage=20, writeTxPercentage=20 }
 INFO  [main] {org.radargun.Slave} Ack successfully sent to the master
[GC 348988K->102992K(2944064K), 0.0539410 secs]
[GC 359056K->110183K(2944064K), 0.0518880 secs]
[GC 366247K->85578K(2944064K), 0.0543770 secs]
[GC 341642K->93522K(2944064K), 0.0526030 secs]
[GC 349586K->97646K(2944064K), 0.0526970 secs]
[GC 353710K->102634K(2944064K), 0.0540630 secs]
[GC 358698K->103067K(2944064K), 0.0557820 secs]
[GC 359131K->107048K(2944064K), 0.0561240 secs]
[GC 363112K->111255K(2944064K), 0.0580830 secs]
[GC 367319K->117194K(2944064K), 0.0573270 secs]
[GC 373258K->122366K(2944064K), 0.0590110 secs]
[GC 378430K->128040K(2944064K), 0.0600530 secs]
[GC 384104K->134042K(2944064K), 0.0615870 secs]
[GC 390090K->139668K(2944064K), 0.0605310 secs]
[GC 395732K->146485K(2944064K), 0.0648020 secs]
[GC 402549K->169503K(2944064K), 0.0716080 secs]
 INFO  [pool-1-thread-1] {org.radargun.Slave} Executing stage: ClearClusterStage {ClearCluster {exitBenchmarkOnSlaveFailure=false, runOnAllSlaves=false, slaves=[ 0 ], useSmartClassLoading=true }
 INFO  [pool-1-thread-1] {org.radargun.stages.ClearClusterStage} Before executing clear, memory looks like this: Memory - free: 2,566,888 kb - max:4,906,688 kb- total:2,944,064 kb
[Full GC 377175K->147062K(2944064K), 0.6397590 secs]
 INFO  [pool-1-thread-1] {org.radargun.stages.ClearClusterStage} After executing cleanup, memory looks like this: Memory - free: 2,796,128 kb - max:4,906,688 kb- total:2,944,192 kb
 INFO  [pool-1-thread-1] {org.radargun.Slave} Finished stage: ClearClusterStage {ClearCluster {exitBenchmarkOnSlaveFailure=false, runOnAllSlaves=false, slaves=[ 0 ], useSmartClassLoading=true }
 INFO  [main] {org.radargun.Slave} Ack successfully sent to the master
 INFO  [pool-1-thread-1] {org.radargun.Slave} Executing stage: StressTest {bulkSize=1, cacheSpecificKeyGenerator=false, commitTransactions=true, duration=1 mins 0 secs, entrySize=1000, exitBenchmarkOnSlaveFailure=false, fixedKeys=true, generateHistogramRange=false, keyGeneratorClass=org.radargun.stressors.StringKeyGenerator, keyGeneratorParam=null, loadAllKeys=false, numEntries=10000, numOfThreads=4, numRequests=10000000, numThreads=4, numberOfAttributes=10000, numberOfRequests=10000000, opsCountStatusLog=500000, poolKeys=true, preferAsyncOperations=false, removePercentage=0, replaceInvalidPercentage=40, runOnAllSlaves=false, sharedKeys=false, sizeOfAnAttribute=1000, slaves=null, transactionSize=10000, useAtomics=false, useHistogramStatistics=false, useSimpleStatistics=true, useSmartClassLoading=true, useTransactions=true, writePercentage=1, writeTxPercentage=20 }
 INFO  [pool-1-thread-1] {org.radargun.stages.StressTestStage} Starting StressTestStage: StressTest {bulkSize=1, cacheSpecificKeyGenerator=false, commitTransactions=true, duration=1 mins 0 secs, entrySize=1000, exitBenchmarkOnSlaveFailure=false, fixedKeys=true, generateHistogramRange=false, keyGeneratorClass=org.radargun.stressors.StringKeyGenerator, keyGeneratorParam=null, loadAllKeys=false, numEntries=10000, numOfThreads=4, numRequests=10000000, numThreads=4, numberOfAttributes=10000, numberOfRequests=10000000, opsCountStatusLog=500000, poolKeys=true, preferAsyncOperations=false, removePercentage=0, replaceInvalidPercentage=40, runOnAllSlaves=false, sharedKeys=false, sizeOfAnAttribute=1000, slaves=null, transactionSize=10000, useAtomics=false, useHistogramStatistics=false, useSimpleStatistics=true, useSmartClassLoading=true, useTransactions=true, writePercentage=1, writeTxPercentage=20 }
 INFO  [pool-1-thread-1] {org.radargun.stressors.StressTestStressor} Using key generator org.radargun.stressors.StringKeyGenerator, param null
 INFO  [pool-1-thread-1] {org.radargun.stressors.StressTestStressor} Executing: StressTestStressor{opsCountStatusLog=500000, numRequests=10000000, numEntries=10000, entrySize=1000, writePercentage=1, numThreads=4, cacheWrapper=org.radargun.cachewrappers.FFWrapper@567ee99c, nodeIndex=8, useTransactions=true, transactionSize=10000, commitTransactions=true, durationMillis=60000}
 INFO  [pool-1-thread-1] {org.radargun.stressors.StressTestStressor} Cache wrapper info is: FFWrapper using infinispan52
[GC 403190K->220227K(2944192K), 0.0292950 secs]
[GC 476355K->165846K(2944192K), 0.0290560 secs]
[GC 421974K->155723K(2944192K), 0.0303060 secs]
[GC 411851K->157683K(2944192K), 0.0359580 secs]
[GC 413811K->161965K(2944192K), 0.0352930 secs]
[GC 418093K->160958K(2944192K), 0.0352030 secs]
[GC 417086K->163584K(2944192K), 0.0374860 secs]
[GC 419712K->166029K(2944192K), 0.0400610 secs]
[GC 422157K->168635K(2944192K), 0.0395420 secs]
[GC 424763K->171260K(2944192K), 0.0411810 secs]
[GC 427388K->173912K(2944192K), 0.0375610 secs]
[GC 430040K->176464K(2944192K), 0.0371110 secs]
[GC 432592K->184430K(2944192K), 0.0379230 secs]
[GC 440558K->188071K(2944192K), 0.0399010 secs]
[GC 444199K->179931K(2944192K), 0.0420730 secs]
[GC 436059K->189005K(2944192K), 0.0471050 secs]
[GC 445133K->187485K(2944192K), 0.0432540 secs]
[GC 443613K->189921K(2944192K), 0.0450510 secs]
[GC 446049K->192206K(2944192K), 0.0439360 secs]
[GC 448334K->194785K(2944192K), 0.0446480 secs]
[GC 450913K->197003K(2944192K), 0.0454960 secs]
[GC 453131K->197753K(2944192K), 0.0433350 secs]
[GC 453881K->199814K(2944192K), 0.0442030 secs]
[GC 455942K->201669K(2944192K), 0.0425210 secs]
[GC 457797K->210171K(2944192K), 0.0475180 secs]
[GC 466299K->202561K(2944192K), 0.0429580 secs]
[GC 458689K->203155K(2944192K), 0.0413530 secs]
[GC 459283K->208018K(2944192K), 0.0452630 secs]
[GC 464146K->208684K(2944192K), 0.0440900 secs]
[GC 464812K->210620K(2944192K), 0.0489090 secs]
[GC 466748K->205935K(2944192K), 0.0431470 secs]
[GC 462063K->207808K(2944192K), 0.0469220 secs]
[GC 463936K->216498K(2944192K), 0.0492970 secs]
[GC 472626K->204779K(2944192K), 0.0434210 secs]
[GC 460907K->217506K(2944192K), 0.0413020 secs]
[GC 473634K->225986K(2944192K), 0.0476810 secs]
[GC 482114K->214621K(2944192K), 0.0494510 secs]
[GC 470749K->225701K(2944192K), 0.0471250 secs]
[GC 481829K->224168K(2944192K), 0.0436840 secs]
[GC 480296K->226725K(2944192K), 0.0469650 secs]
[GC 482853K->228635K(2944192K), 0.0409220 secs]
[GC 484763K->228981K(2944192K), 0.0439640 secs]
[GC 485109K->230991K(2944192K), 0.0423360 secs]
[GC 487119K->233465K(2944192K), 0.0538720 secs]
[GC 489593K->235140K(2944192K), 0.0415340 secs]
[GC 491268K->229917K(2944192K), 0.0465950 secs]
[GC 486045K->231765K(2944192K), 0.0424960 secs]
[GC 487893K->238300K(2944192K), 0.0441540 secs]
[GC 494428K->239874K(2944192K), 0.0547000 secs]
[GC 496002K->242313K(2944192K), 0.0407150 secs]
[GC 498441K->237950K(2944192K), 0.0426690 secs]
[GC 494078K->239853K(2944192K), 0.0403800 secs]
[GC 495981K->241637K(2944192K), 0.0412260 secs]
[GC 497560K->264783K(2944192K), 0.0482930 secs]
[GC 520911K->257963K(2944192K), 0.0504340 secs]
[GC 514091K->281306K(2944192K), 0.0640820 secs]
[GC 537434K->305174K(2944192K), 0.0581340 secs]
[GC 561302K->324312K(2944192K), 0.0646810 secs]
[GC 580435K->345480K(2944192K), 0.0683650 secs]
[GC 601608K->330496K(2944192K), 0.0887810 secs]
[GC 586624K->351467K(2944192K), 0.0729910 secs]
[GC 607592K->371312K(2944192K), 0.0763280 secs]
[GC 627440K->347682K(2944192K), 0.0716350 secs]
[GC 603810K->399709K(2944192K), 0.0749520 secs]
[GC 655837K->365731K(2944192K), 0.0712630 secs]
[GC 621732K->419496K(2944192K), 0.0761140 secs]
[GC 675624K->387329K(2944192K), 0.0732870 secs]
[GC 643457K->439549K(2944192K), 0.0703710 secs]
[GC 695677K->408093K(2944192K), 0.0705690 secs]
[GC 664221K->459948K(2944192K), 0.0691140 secs]
[GC 716051K->427650K(2944192K), 0.0653020 secs]
[GC 683778K->479760K(2944192K), 0.0671540 secs]
[GC 735675K->447278K(2944192K), 0.0688340 secs]
[GC 703406K->498566K(2944192K), 0.0720460 secs]
[GC 754694K->466985K(2944192K), 0.0684200 secs]
[GC 723113K->483834K(2944192K), 0.0651860 secs]
[GC 739962K->515431K(2944192K), 0.0599960 secs]
[GC 771559K->483669K(2944192K), 0.0687900 secs]
[GC 739797K->511253K(2944192K), 0.0585950 secs]
[GC 767381K->486997K(2944192K), 0.0604610 secs]
[GC 743125K->519113K(2944192K), 0.0706480 secs]
[GC 775241K->490233K(2944192K), 0.0605430 secs]
[GC 746361K->500796K(2944192K), 0.0786220 secs]
[GC 756924K->514435K(2944192K), 0.0588840 secs]
[GC 770563K->529065K(2944192K), 0.0572280 secs]
[GC 785193K->535098K(2944192K), 0.0605530 secs]
[GC 791226K->521803K(2944192K), 0.0739820 secs]
[GC 777931K->532105K(2944192K), 0.0719140 secs]
[GC 788233K->545436K(2944192K), 0.0794220 secs]
[GC 801564K->526131K(2944192K), 0.0579020 secs]
[GC 782259K->536153K(2944192K), 0.0605610 secs]
[GC 792281K->538975K(2944192K), 0.0640790 secs]
[GC 795103K->545536K(2944192K), 0.0722100 secs]
[GC 801664K->550085K(2944192K), 0.0644220 secs]
[GC 806213K->555265K(2944192K), 0.0677380 secs]
[GC 811393K->560999K(2944192K), 0.0679880 secs]
[GC 817127K->550753K(2944192K), 0.0592270 secs]
[GC 806881K->557025K(2944192K), 0.0641070 secs]
[GC 813153K->559419K(2944192K), 0.0662580 secs]
[GC 815547K->564540K(2944192K), 0.0636730 secs]
[GC 820668K->555145K(2944192K), 0.0642220 secs]
[GC 811273K->560980K(2944192K), 0.0671030 secs]
[GC 817108K->566177K(2944192K), 0.0600770 secs]
[GC 822305K->558578K(2944192K), 0.0615030 secs]
 INFO  [pool-1-thread-1] {org.radargun.stressors.StressTestStressor} Started 4 stressor threads.
 INFO  [Stressor-1] {org.radargun.stressors.StressTestStressor} Number of ops executed so far: 1. Elapsed time: 0.000 secs. Remaining: 1 mins 0 secs. Total: 1 mins 0 secs
[GC 814706K->574447K(2944192K), 0.0733070 secs]
[GC 830575K->576238K(2944192K), 0.0699690 secs]
[GC 832366K->595313K(2944192K), 0.0738660 secs]
[GC 851441K->609420K(2944192K), 0.0798380 secs]
[GC 865240K->596201K(2944192K), 0.0602780 secs]
[GC 852329K->606070K(2944192K), 0.0644140 secs]
[GC 862198K->619562K(2944192K), 0.0786230 secs]
[GC 875690K->624687K(2944192K), 0.0620980 secs]
[GC 880612K->635337K(2944192K), 0.0719300 secs]
[GC 891465K->623850K(2944192K), 0.0585470 secs]
[GC 879978K->633124K(2944192K), 0.0641450 secs]
[GC 888933K->651500K(2944192K), 0.0761620 secs]
[GC 907628K->639104K(2944192K), 0.0563170 secs]
[GC 895232K->648671K(2944192K), 0.0633850 secs]
[GC 904759K->658749K(2944192K), 0.0700700 secs]
 INFO  [Stressor-3] {org.radargun.stressors.StressTestStressor} Number of ops executed so far: 5530000. Elapsed time: 20.034 secs. Remaining: 39.966 secs. Total: 1 mins 0 secs
[GC 914744K->666503K(2944192K), 0.0636630 secs]
[GC 922631K->681425K(2944192K), 0.0710710 secs]
[GC 937553K->665802K(2944192K), 0.0532260 secs]
[GC 921918K->674476K(2944192K), 0.0633820 secs]
[GC 930595K->683615K(2944192K), 0.0651010 secs]
[GC 939743K->690157K(2944192K), 0.0659400 secs]
[GC 946285K->705069K(2944192K), 0.0714000 secs]
[GC 961197K->705209K(2944192K), 0.0616970 secs]
[GC 961337K->737637K(2944192K), 0.0710360 secs]
[GC 993765K->699633K(2944192K), 0.0545410 secs]
[GC 955761K->708877K(2944192K), 0.0658520 secs]
[GC 964956K->733233K(2944192K), 0.0776050 secs]
[GC 989361K->720344K(2944192K), 0.0531190 secs]
[GC 976472K->727262K(2944192K), 0.0617820 secs]
[GC 983390K->741181K(2944192K), 0.0714980 secs]
[GC 997309K->748700K(2944192K), 0.0600880 secs]
 INFO  [Stressor-1] {org.radargun.stressors.StressTestStressor} Number of ops executed so far: 11342883. Elapsed time: 40.034 secs. Remaining: 19.966 secs. Total: 1 mins 0 secs
[GC 1004620K->801711K(2944192K), 0.0768520 secs]
[GC 1057839K->762726K(2944192K), 0.0619510 secs]
[GC 1018681K->787947K(2944192K), 0.0633690 secs]
[GC 1044075K->791781K(2944192K), 0.0606850 secs]
[GC 1047909K->812873K(2944192K), 0.0647930 secs]
[GC 1069001K->834224K(2944192K), 0.0759420 secs]
[GC 1090352K->784380K(2944192K), 0.0552080 secs]
[GC 1040508K->814577K(2944192K), 0.0624080 secs]
[GC 1070705K->826649K(2944192K), 0.0696400 secs]
[GC 1082772K->813219K(2944192K), 0.0546910 secs]
[GC 1069313K->834436K(2944192K), 0.0619200 secs]
[GC 1090564K->842025K(2944192K), 0.0721850 secs]
[GC 1098153K->855893K(2944192K), 0.0568370 secs]
[GC 1111976K->859463K(2944192K), 0.0640830 secs]
[GC 1115591K->838757K(2944192K), 0.0542370 secs]
 INFO  [Stressor-3] {org.radargun.stressors.StressTestStressor} Number of ops executed so far: 16340000. Elapsed time: 1 mins 0 secs. Remaining: 0.000 secs. Total: 1 mins 0 secs
 INFO  [pool-1-thread-1] {org.radargun.stressors.StressTestStressor} Finished generating report. Test duration is: 7 mins 52 secs
 INFO  [pool-1-thread-1] {org.radargun.stages.StressTestStage} size info: FFWrapper using infinispan52, clusterSize:10, nodeIndex:8, cacheSize: -1
 INFO  [pool-1-thread-1] {org.radargun.Slave} Finished stage: StressTest {bulkSize=1, cacheSpecificKeyGenerator=false, commitTransactions=true, duration=1 mins 0 secs, entrySize=1000, exitBenchmarkOnSlaveFailure=false, fixedKeys=true, generateHistogramRange=false, keyGeneratorClass=org.radargun.stressors.StringKeyGenerator, keyGeneratorParam=null, loadAllKeys=false, numEntries=10000, numOfThreads=4, numRequests=10000000, numThreads=4, numberOfAttributes=10000, numberOfRequests=10000000, opsCountStatusLog=500000, poolKeys=true, preferAsyncOperations=false, removePercentage=0, replaceInvalidPercentage=40, runOnAllSlaves=false, sharedKeys=false, sizeOfAnAttribute=1000, slaves=null, transactionSize=10000, useAtomics=false, useHistogramStatistics=false, useSimpleStatistics=true, useSmartClassLoading=true, useTransactions=true, writePercentage=1, writeTxPercentage=20 }
 INFO  [main] {org.radargun.Slave} Ack successfully sent to the master
[GC 1094885K->847944K(2944192K), 0.0553980 secs]
[GC 1104072K->859361K(2944192K), 0.0561790 secs]
[GC 1115489K->870347K(2944192K), 0.0603680 secs]
[GC 1126475K->865731K(2944192K), 0.0551120 secs]
[GC 1121859K->850939K(2944192K), 0.0490930 secs]
[GC 1107067K->845357K(2944192K), 0.0481700 secs]
[GC 1101485K->826143K(2944192K), 0.0515270 secs]
[GC 1082271K->830290K(2944192K), 0.0517500 secs]
[GC 1086418K->832604K(2944192K), 0.0530150 secs]
[GC 1088732K->834499K(2944192K), 0.0537750 secs]
[GC 1090627K->824048K(2944192K), 0.0482210 secs]
[GC 1080176K->822909K(2944192K), 0.0517650 secs]
[GC 1079037K->824930K(2944192K), 0.0540870 secs]
[GC 1081058K->826092K(2944192K), 0.0531090 secs]
[GC 1082220K->827592K(2944192K), 0.0475130 secs]
[GC 1083720K->827622K(2944192K), 0.0456810 secs]
[GC 1083750K->836171K(2944192K), 0.0435150 secs]
[GC 1092299K->830968K(2944192K), 0.0473290 secs]
[GC 1087096K->837414K(2944192K), 0.0439140 secs]
[GC 1093542K->838722K(2944192K), 0.0422610 secs]
[GC 1094850K->840211K(2944192K), 0.0384340 secs]
[GC 1096339K->841382K(2944192K), 0.0412220 secs]
[GC 1097510K->842764K(2944192K), 0.0446670 secs]
[GC 1098892K->844244K(2944192K), 0.0427660 secs]
[GC 1100372K->845836K(2944192K), 0.0407650 secs]
[GC 1101964K->847228K(2944192K), 0.0441970 secs]
[GC 1103356K->848657K(2944192K), 0.0394170 secs]
[GC 1104785K->855468K(2944192K), 0.0404690 secs]
[GC 1111596K->846293K(2944192K), 0.0419470 secs]
[GC 1102421K->850194K(2944192K), 0.0410520 secs]
[GC 1106322K->859212K(2944192K), 0.0410360 secs]
[GC 1115340K->850470K(2944192K), 0.0435960 secs]
[GC 1106598K->859417K(2944192K), 0.0444420 secs]
[GC 1115545K->858568K(2944192K), 0.0409610 secs]
[GC 1114696K->860735K(2944192K), 0.0404520 secs]
[GC 1116863K->862393K(2944192K), 0.0401340 secs]
[GC 1118521K->858544K(2944192K), 0.0409150 secs]
[GC 1114672K->865418K(2944192K), 0.0424360 secs]
[GC 1121546K->866948K(2944192K), 0.0478100 secs]
[GC 1123076K->862970K(2944192K), 0.0424290 secs]
[GC 1119098K->870132K(2944192K), 0.0450980 secs]
[GC 1126260K->866039K(2944192K), 0.0434110 secs]
[GC 1122167K->872856K(2944192K), 0.0443680 secs]
[GC 1128984K->874395K(2944192K), 0.0452670 secs]
[GC 1130523K->875879K(2944192K), 0.0420300 secs]
[GC 1132007K->877497K(2944192K), 0.0412460 secs]
[GC 1133625K->879157K(2944192K), 0.0464430 secs]
[GC 1135285K->886277K(2944192K), 0.0433480 secs]
[GC 1142405K->876345K(2944192K), 0.0433960 secs]
[GC 1132473K->890674K(2944192K), 0.0413470 secs]
[GC 1146802K->878466K(2944192K), 0.0454740 secs]
[GC 1134594K->888506K(2944192K), 0.0473250 secs]
[GC 1144634K->887440K(2944192K), 0.0421400 secs]
[GC 1143568K->889520K(2944192K), 0.0441370 secs]
[GC 1145648K->885499K(2944192K), 0.0477300 secs]
[GC 1141627K->893125K(2944192K), 0.0453210 secs]
[GC 1149253K->894728K(2944192K), 0.0431530 secs]
[GC 1150856K->896422K(2944192K), 0.0428590 secs]
[GC 1152550K->897826K(2944192K), 0.0424290 secs]
[GC 1153954K->899478K(2944192K), 0.0443520 secs]
[GC 1155606K->907075K(2944192K), 0.0426970 secs]
[GC 1163203K->900533K(2944192K), 0.0494220 secs]
[GC 1156661K->901189K(2944192K), 0.0488020 secs]
[GC 1157317K->904983K(2944192K), 0.0425100 secs]
[GC 1161111K->901493K(2944192K), 0.0477540 secs]
[GC 1157621K->909453K(2944192K), 0.0446910 secs]
[GC 1165581K->911102K(2944192K), 0.0455750 secs]
[GC 1167230K->912933K(2944192K), 0.0476850 secs]
[GC 1169061K->914226K(2944192K), 0.0470520 secs]
[GC 1170354K->909791K(2944192K), 0.0451790 secs]
[GC 1165919K->917356K(2944192K), 0.0471630 secs]
[GC 1173484K->912801K(2944192K), 0.0421520 secs]
[GC 1168929K->926578K(2944192K), 0.0453670 secs]
[GC 1182706K->915833K(2944192K), 0.0464620 secs]
[GC 1171961K->925410K(2944192K), 0.0437940 secs]
[GC 1181538K->929922K(2944192K), 0.0430720 secs]
[GC 1186050K->920215K(2944192K), 0.0517170 secs]
[GC 1176343K->935615K(2944192K), 0.0465520 secs]
[GC 1191743K->922461K(2944192K), 0.0471880 secs]
[GC 1178589K->932736K(2944192K), 0.0454850 secs]
[GC 1188864K->931550K(2944192K), 0.0417810 secs]
[GC 1187678K->933862K(2944192K), 0.0459340 secs]
[GC 1189990K->941448K(2944192K), 0.0442180 secs]
[GC 1197576K->931001K(2944192K), 0.0455100 secs]
[GC 1187129K->940358K(2944192K), 0.0860490 secs]
[GC 1196486K->939250K(2944192K), 0.0455110 secs]
[GC 1195378K->941525K(2944192K), 0.0496270 secs]
[GC 1197653K->943373K(2944192K), 0.0450830 secs]
[GC 1199501K->944728K(2944192K), 0.0449060 secs]
[GC 1200856K->946285K(2944192K), 0.0449870 secs]
[GC 1202413K->948041K(2944192K), 0.0457230 secs]
[GC 1204169K->949593K(2944192K), 0.0477320 secs]
[GC 1205721K->957445K(2944192K), 0.0443070 secs]
[GC 1213573K->946956K(2944192K), 0.0454210 secs]
[GC 1203084K->956424K(2944192K), 0.0459080 secs]
[GC 1212552K->955213K(2944192K), 0.0446130 secs]
[GC 1211341K->963465K(2944192K), 0.0421950 secs]
[GC 1219593K->956996K(2944192K), 0.0508500 secs]
[GC 1213124K->968164K(2944192K), 0.0410310 secs]
[GC 1224292K->955073K(2944192K), 0.0463080 secs]
[GC 1211201K->971348K(2944192K), 0.0444110 secs]
[GC 1227476K->958494K(2944192K), 0.0481820 secs]
[GC 1214622K->974888K(2944192K), 0.0452330 secs]
[GC 1231016K->961893K(2944192K), 0.0425480 secs]
[GC 1218021K->966982K(2944192K), 0.0505430 secs]
[GC 1223110K->977287K(2944192K), 0.0482780 secs]
[GC 1233415K->967557K(2944192K), 0.0453090 secs]
[GC 1223685K->977362K(2944192K), 0.0428740 secs]
[GC 1233490K->975970K(2944192K), 0.0467320 secs]
[GC 1232098K->984081K(2944192K), 0.0460170 secs]
[GC 1240209K->973826K(2944192K), 0.0480360 secs]
[GC 1229954K->989102K(2944192K), 0.0461190 secs]
[GC 1245230K->975840K(2944192K), 0.0415860 secs]
[GC 1231968K->986529K(2944192K), 0.0459160 secs]
[GC 1242657K->985426K(2944192K), 0.0460430 secs]
[GC 1241554K->987526K(2944192K), 0.0445570 secs]
[GC 1243654K->989397K(2944192K), 0.0464450 secs]
[GC 1245525K->991127K(2944192K), 0.0440180 secs]
[GC 1247255K->992603K(2944192K), 0.0435190 secs]
[GC 1248731K->988245K(2944192K), 0.0416070 secs]
[GC 1244373K->995806K(2944192K), 0.0451620 secs]
[GC 1251934K->1003398K(2944192K), 0.0481080 secs]
[GC 1259526K->992979K(2944192K), 0.0463440 secs]
[GC 1249107K->1003098K(2944192K), 0.0473920 secs]
[GC 1259226K->1008020K(2944192K), 0.0456450 secs]
[GC 1264148K->997764K(2944192K), 0.0451310 secs]
[GC 1253892K->1013394K(2944192K), 0.0449990 secs]
[GC 1269522K->999977K(2944192K), 0.0418170 secs]
[GC 1256105K->1010950K(2944192K), 0.0464820 secs]
[GC 1267078K->1015921K(2944192K), 0.0469780 secs]
[GC 1272049K->1009584K(2944192K), 0.0446980 secs]
[GC 1265712K->1015601K(2944192K), 0.0476110 secs]
[GC 1271729K->1020402K(2944192K), 0.0443950 secs]
[GC 1276530K->1010605K(2944192K), 0.0466110 secs]
[GC 1266733K->1026520K(2944192K), 0.0448550 secs]
[GC 1282648K->1012951K(2944192K), 0.0483170 secs]
[GC 1269079K->1023622K(2944192K), 0.0482780 secs]
[GC 1279750K->1028382K(2944192K), 0.0438740 secs]
[GC 1284510K->1018709K(2944192K), 0.0455090 secs]
[GC 1274837K->1023312K(2944192K), 0.0513910 secs]
[GC 1279440K->1027626K(2944192K), 0.0451360 secs]
[GC 1283754K->1023610K(2944192K), 0.0433830 secs]
[GC 1279738K->1031689K(2944192K), 0.0444110 secs]
[GC 1287817K->1033270K(2944192K), 0.0473720 secs]
[GC 1289398K->1041145K(2944192K), 0.0452380 secs]
[GC 1297273K->1030383K(2944192K), 0.0429560 secs]
[GC 1286511K->1040308K(2944192K), 0.0518310 secs]
[GC 1296436K->1045020K(2944192K), 0.0440440 secs]
[GC 1301148K->1035023K(2944192K), 0.0431260 secs]
[GC 1291151K->1045177K(2944192K), 0.0449850 secs]
[GC 1301305K->1050174K(2944192K), 0.0470990 secs]
[GC 1306302K->1039913K(2944192K), 0.0497630 secs]
[GC 1296041K->1050141K(2944192K), 0.0460300 secs]
[GC 1306269K->1054824K(2944192K), 0.0466830 secs]
[GC 1310952K->1044885K(2944192K), 0.0449880 secs]
[GC 1301013K->1060826K(2944192K), 0.0429540 secs]
[GC 1316954K->1047180K(2944192K), 0.0491910 secs]
[GC 1303308K->1063238K(2944192K), 0.0413150 secs]
[GC 1319366K->1050232K(2944192K), 0.0486560 secs]
[GC 1306360K->1066810K(2944192K), 0.0443650 secs]
[GC 1322938K->1053544K(2944192K), 0.0429330 secs]
[GC 1309672K->1064727K(2944192K), 0.0501370 secs]
[GC 1320855K->1063566K(2944192K), 0.0450720 secs]
[GC 1319694K->1078175K(2944192K), 0.0439960 secs]
[GC 1334303K->1061445K(2944192K), 0.0445900 secs]
[GC 1317573K->1077246K(2944192K), 0.0440960 secs]
[GC 1333374K->1063684K(2944192K), 0.0491640 secs]
[GC 1319812K->1074726K(2944192K), 0.0477680 secs]
[GC 1330854K->1079403K(2944192K), 0.0494510 secs]
[GC 1335531K->1069186K(2944192K), 0.0424890 secs]
[GC 1325314K->1085197K(2944192K), 0.0537080 secs]
[GC 1341325K->1101774K(2944192K), 0.0594090 secs]
[GC 1357708K->1118278K(2944192K), 0.0610030 secs]
[GC 1374406K->1136268K(2944192K), 0.0688300 secs]
[GC 1392396K->1153204K(2944192K), 0.0745780 secs]
[GC 1409332K->1171871K(2944192K), 0.0782320 secs]
[GC 1427999K->1140012K(2944192K), 0.0883580 secs]
[GC 1396140K->1182720K(2944192K), 0.0862090 secs]
[GC 1438656K->1196036K(2944192K), 0.0765260 secs]
[GC 1452164K->1170976K(2944192K), 0.0759580 secs]
[GC 1427104K->1219461K(2944192K), 0.0737470 secs]
[GC 1475589K->1186155K(2944192K), 0.0822880 secs]
[GC 1442283K->1235156K(2944192K), 0.0807560 secs]
[GC 1491284K->1202237K(2944192K), 0.0795740 secs]
[GC 1458365K->1207017K(2944192K), 0.0705560 secs]
[GC 1463145K->1238049K(2944192K), 0.0620100 secs]
[GC 1494177K->1208220K(2944192K), 0.0727460 secs]
[GC 1464348K->1226205K(2944192K), 0.0763220 secs]
[GC 1482333K->1241459K(2944192K), 0.0740450 secs]
[GC 1497587K->1213044K(2944192K), 0.0738740 secs]
[GC 1469172K->1251348K(2944192K), 0.0764200 secs]
[GC 1507476K->1224606K(2944192K), 0.0799980 secs]
[GC 1480734K->1252055K(2944192K), 0.0733150 secs]
[GC 1508183K->1217721K(2944192K), 0.0746100 secs]
[GC 1473849K->1242146K(2944192K), 0.0774400 secs]
[GC 1498274K->1232388K(2944192K), 0.0837630 secs]
[GC 1488516K->1223081K(2944192K), 0.0731940 secs]
[GC 1479209K->1225472K(2944192K), 0.0664660 secs]
[GC 1481600K->1230060K(2944192K), 0.0677800 secs]
[GC 1486188K->1261456K(2944192K), 0.0640850 secs]
[GC 1517584K->1260095K(2944192K), 0.0713740 secs]
[GC 1516223K->1283648K(2944192K), 0.0749480 secs]
[GC 1539776K->1308214K(2944192K), 0.1076740 secs]
[GC 1564283K->1329097K(2944192K), 0.0907220 secs]
[GC 1585225K->1298962K(2944192K), 0.0973260 secs]
[GC 1555090K->1342584K(2944192K), 0.1029710 secs]
[GC 1598712K->1321395K(2944192K), 0.0859290 secs]
[GC 1577523K->1370001K(2944192K), 0.0862030 secs]
[GC 1626129K->1338889K(2944192K), 0.0928280 secs]
[GC 1595017K->1394323K(2944192K), 0.0856900 secs]
[GC 1650287K->1362660K(2944192K), 0.0898980 secs]
[GC 1618788K->1385193K(2944192K), 0.0877480 secs]
[GC 1387941K(2944192K), 0.0458720 secs]
[GC 1595940K(2944192K), 0.2963220 secs]
[GC 1369293K->1093532K(2944192K), 0.0857470 secs]
[GC 1349660K->1119449K(2944192K), 0.0741430 secs]
[GC 1375577K->1135832K(2944192K), 0.0763710 secs]
[GC 1391960K->1117934K(2944192K), 0.0879720 secs]
[GC 1374062K->1142299K(2944192K), 0.0696220 secs]
[GC 1398427K->1107448K(2944192K), 0.0818530 secs]
[GC 1363576K->1147026K(2944192K), 0.0741170 secs]
[GC 1403154K->1112304K(2944192K), 0.0791680 secs]
[GC 1368432K->1124021K(2944192K), 0.0862350 secs]
[GC 1380149K->1148920K(2944192K), 0.0719890 secs]
[GC 1405048K->1121812K(2944192K), 0.0745630 secs]
[GC 1377940K->1158445K(2944192K), 0.0728360 secs]
[GC 1414573K->1136634K(2944192K), 0.0809360 secs]
[GC 1392762K->1124033K(2944192K), 0.0824050 secs]
[GC 1380161K->1126709K(2944192K), 0.0630420 secs]
[GC 1382837K->1134127K(2944192K), 0.0663380 secs]
[GC 1390255K->1143850K(2944192K), 0.0579510 secs]
[GC 1399978K->1146105K(2944192K), 0.0559470 secs]
[GC 1402233K->1166276K(2944192K), 0.0628580 secs]
[GC 1422404K->1164513K(2944192K), 0.0693360 secs]
[GC 1420641K->1189232K(2944192K), 0.0767160 secs]
[GC 1445360K->1216290K(2944192K), 0.0833850 secs]
[GC 1472418K->1224646K(2944192K), 0.0882390 secs]
[GC 1480774K->1244760K(2944192K), 0.1006510 secs]
[GC 1500888K->1222090K(2944192K), 0.0968250 secs]
[GC 1478218K->1252172K(2944192K), 0.0906460 secs]
[GC 1508300K->1252738K(2944192K), 0.0880290 secs]
[GC 1508866K->1245883K(2944192K), 0.0907510 secs]
[GC 1502011K->1272351K(2944192K), 0.0871170 secs]
[GC 1528479K->1265924K(2944192K), 0.0889150 secs]
[GC 1522052K->1259077K(2944192K), 0.0841760 secs]
[GC 1515205K->1283183K(2944192K), 0.0717660 secs]
[GC 1539311K->1314465K(2944192K), 0.0741170 secs]
[GC 1570570K->1280700K(2944192K), 0.0845010 secs]
[GC 1536828K->1328573K(2944192K), 0.1006430 secs]
[GC 1584701K->1307621K(2944192K), 0.0917150 secs]
[GC 1563749K->1362498K(2944192K), 0.0928040 secs]
[GC 1618626K->1330899K(2944192K), 0.0913070 secs]
[GC 1587027K->1376388K(2944192K), 0.0999400 secs]
[GC 1632516K->1357856K(2944192K), 0.0854650 secs]
[GC 1613925K->1408483K(2944192K), 0.0851740 secs]
[GC 1664611K->1380125K(2944192K), 0.0861980 secs]
[GC 1636253K->1431001K(2944192K), 0.0883280 secs]
[GC 1687129K->1401490K(2944192K), 0.0828460 secs]
[GC 1657618K->1434226K(2944192K), 0.0721490 secs]
[GC 1690354K->1411554K(2944192K), 0.0807660 secs]
[GC 1667682K->1437800K(2944192K), 0.0759380 secs]
[GC 1693928K->1475724K(2944192K), 0.0960960 secs]
[GC 1731843K->1447255K(2944192K), 0.0979930 secs]
[GC 1703383K->1501550K(2944192K), 0.1004090 secs]
[GC 1757678K->1497323K(2944192K), 0.1106460 secs]
[GC 1753451K->1542911K(2944192K), 0.0964440 secs]
[GC 1799039K->1527058K(2944192K), 0.1020520 secs]
[GC 1783186K->1552900K(2944192K), 0.0907140 secs]
[GC 1809028K->1585747K(2944192K), 0.0928650 secs]
[GC 1841825K->1606361K(2944192K), 0.0951190 secs]
[GC 1862489K->1609642K(2944192K), 0.0920080 secs]
[GC 1865770K->1647329K(2944192K), 0.0964300 secs]
[GC 1903457K->1665957K(2944192K), 0.0938540 secs]
[GC 1922085K->1668739K(2944192K), 0.0952260 secs]
[GC 1924867K->1714479K(2944192K), 0.0784720 secs]
[GC 1970607K->1684233K(2944192K), 0.0950770 secs]
[GC 1940361K->1700189K(2944192K), 0.0906600 secs]
[GC 1956317K->1737923K(2944192K), 0.0749490 secs]
[GC 1994051K->1726495K(2944192K), 0.0871670 secs]
[GC 1982623K->1744706K(2944192K), 0.0786910 secs]
[GC 2000834K->1764433K(2944192K), 0.0921240 secs]
[GC 2020561K->1794266K(2944192K), 0.1143880 secs]
[GC 2050394K->1788522K(2944192K), 0.1143260 secs]
[GC 2044511K->1798161K(2944192K), 0.1083070 secs]
[GC 2054289K->1824074K(2944192K), 0.0942970 secs]
[GC 2080202K->1840434K(2944192K), 0.0914980 secs]
[GC 2096562K->1902978K(2944192K), 0.0915040 secs]
[GC 2159106K->1882834K(2944192K), 0.0959120 secs]
[GC 2138962K->1935644K(2944192K), 0.1050400 secs]
[GC 2191772K->1967024K(2944192K), 0.1086880 secs]
[GC 2223103K->1991495K(2944192K), 0.1107950 secs]
[GC 2247577K->2016181K(2944192K), 0.0994700 secs]
[GC 2272309K->2037133K(2944192K), 0.1085770 secs]
[GC 2293261K->2041353K(2944192K), 0.1016260 secs]
[GC 2297481K->2062352K(2944192K), 0.0982090 secs]
[GC 2318480K->2103839K(2944192K), 0.0962760 secs]
[GC 2359967K->2133026K(2944192K), 0.1053860 secs]
[GC 2389154K->2148557K(2944192K), 0.1007620 secs]
[GC 2404685K->2177499K(2944192K), 0.1006660 secs]
[GC 2433627K->2173249K(2944192K), 0.0991770 secs]
 INFO  [main] {org.radargun.Slave} Master shutdown!
 INFO  [Thread-0] {org.radargun.ShutDownHook} Slave process is being shutdown
 INFO  [hz._hzInstance_1_FenixFrameworkGroup.IO.thread-in-2] {com.hazelcast.nio.TcpIpConnection} [127.0.0.1]:5709 [FenixFrameworkGroup] Connection [Address[127.0.0.1]:5701] lost. Reason: java.io.EOFException[Remote socket closed!]
 INFO  [hz._hzInstance_1_FenixFrameworkGroup.IO.thread-in-0] {com.hazelcast.nio.TcpIpConnection} [127.0.0.1]:5709 [FenixFrameworkGroup] Connection [Address[127.0.0.1]:5708] lost. Reason: java.io.EOFException[Remote socket closed!]
 INFO  [hz._hzInstance_1_FenixFrameworkGroup.IO.thread-in-1] {com.hazelcast.nio.TcpIpConnection} [127.0.0.1]:5709 [FenixFrameworkGroup] Connection [Address[127.0.0.1]:5702] lost. Reason: java.io.EOFException[Remote socket closed!]
 INFO  [hz._hzInstance_1_FenixFrameworkGroup.IO.thread-in-0] {com.hazelcast.nio.TcpIpConnection} [127.0.0.1]:5709 [FenixFrameworkGroup] Connection [Address[127.0.0.1]:5704] lost. Reason: java.io.EOFException[Remote socket closed!]
 INFO  [hz._hzInstance_1_FenixFrameworkGroup.IO.thread-in-2] {com.hazelcast.nio.TcpIpConnection} [127.0.0.1]:5709 [FenixFrameworkGroup] Connection [Address[127.0.0.1]:5706] lost. Reason: java.io.EOFException[Remote socket closed!]
 INFO  [hz._hzInstance_1_FenixFrameworkGroup.IO.thread-in-1] {com.hazelcast.nio.TcpIpConnection} [127.0.0.1]:5709 [FenixFrameworkGroup] Connection [Address[127.0.0.1]:5707] lost. Reason: java.io.EOFException[Remote socket closed!]
 INFO  [hz._hzInstance_1_FenixFrameworkGroup.IO.thread-in-0] {com.hazelcast.nio.TcpIpConnection} [127.0.0.1]:5709 [FenixFrameworkGroup] Connection [Address[127.0.0.1]:5710] lost. Reason: java.io.EOFException[Remote socket closed!]
 INFO  [hz._hzInstance_1_FenixFrameworkGroup.IO.thread-in-2] {com.hazelcast.nio.TcpIpConnection} [127.0.0.1]:5709 [FenixFrameworkGroup] Connection [Address[127.0.0.1]:5707] lost. Reason: java.io.EOFException[Remote socket closed!]
 INFO  [hz._hzInstance_1_FenixFrameworkGroup.IO.thread-in-1] {com.hazelcast.nio.TcpIpConnection} [127.0.0.1]:5709 [FenixFrameworkGroup] Connection [Address[127.0.0.1]:5710] lost. Reason: java.io.EOFException[Remote socket closed!]
 INFO  [hz._hzInstance_1_FenixFrameworkGroup.IO.thread-in-0] {com.hazelcast.nio.TcpIpConnection} [127.0.0.1]:5709 [FenixFrameworkGroup] Connection [Address[127.0.0.1]:5703] lost. Reason: java.io.EOFException[Remote socket closed!]
 INFO  [hz._hzInstance_1_FenixFrameworkGroup.IO.thread-in-1] {com.hazelcast.nio.TcpIpConnection} [127.0.0.1]:5709 [FenixFrameworkGroup] Connection [Address[127.0.0.1]:5705] lost. Reason: java.io.EOFException[Remote socket closed!]
 INFO  [hz.ShutdownThread] {com.hazelcast.initializer} [127.0.0.1]:5709 [FenixFrameworkGroup] Destroying node initializer.
 INFO  [hz.ShutdownThread] {com.hazelcast.instance.Node} [127.0.0.1]:5709 [FenixFrameworkGroup] Hazelcast Shutdown is completed in 58 ms.
