/usr/java/jdk1.7.0_21/bin/java -server -Xmx1024M -Xms1024M -Dresolve.dns=false -Djgroups.timer.num_threads=4 -verbose:gc -Xmx5000M -Xms3000M -server -XX:+UseConcMarkSweepGC -XX:+AggressiveOpts -verbose:gc -XX:ParallelGCThreads=4 -XX:NewRatio=5 -XX:SurvivorRatio=2 -Dhazelcast.operation.thread.count=4 -Djava.net.preferIPv4Stack=true -Dlog4j.file.prefix=deimos-esw-25645 -Dbind.address= -Djgroups.bind_addr= -classpath /home/smf/github/radargun/target/distribution/RadarGun-1.1.0-SNAPSHOT/lib/activation-1.1.jar:/home/smf/github/radargun/target/distribution/RadarGun-1.1.0-SNAPSHOT/lib/commons-beanutils-1.8.0.jar:/home/smf/github/radargun/target/distribution/RadarGun-1.1.0-SNAPSHOT/lib/commons-digester-2.0.jar:/home/smf/github/radargun/target/distribution/RadarGun-1.1.0-SNAPSHOT/lib/commons-logging-1.1.1.jar:/home/smf/github/radargun/target/distribution/RadarGun-1.1.0-SNAPSHOT/lib/commons-math-1.2.jar:/home/smf/github/radargun/target/distribution/RadarGun-1.1.0-SNAPSHOT/lib/jboss-transaction-api-1.0.1.GA.jar:/home/smf/github/radargun/target/distribution/RadarGun-1.1.0-SNAPSHOT/lib/jcommon-1.0.15.jar:/home/smf/github/radargun/target/distribution/RadarGun-1.1.0-SNAPSHOT/lib/jfreechart-1.0.12.jar:/home/smf/github/radargun/target/distribution/RadarGun-1.1.0-SNAPSHOT/lib/log4j-1.2.14.jar:/home/smf/github/radargun/target/distribution/RadarGun-1.1.0-SNAPSHOT/lib/mail-1.4.2.jar:/home/smf/github/radargun/target/distribution/RadarGun-1.1.0-SNAPSHOT/lib/radargun-framework-1.1.0-SNAPSHOT.jar:/home/smf/github/radargun/target/distribution/RadarGun-1.1.0-SNAPSHOT/conf org.radargun.Slave -master 127.0.0.1:2103
--------------------------------------------------------------------------------
PerNodeRollingFileAppender::Using file prefix:deimos-esw-25645
 INFO  [main] {org.radargun.Slave} Attempting to connect to master 127.0.0.1:2103
 INFO  [main] {org.radargun.Slave} Successfully established connection with master at: 127.0.0.1:2103
Loading JARS from /home/smf/github/radargun/target/distribution/RadarGun-1.1.0-SNAPSHOT/lib/radargun-framework-1.1.0-SNAPSHOT.jar
 INFO  [pool-1-thread-1] {org.radargun.config.AnnotatedHelper} Loading JARS from /home/smf/github/radargun/target/distribution/RadarGun-1.1.0-SNAPSHOT/lib/radargun-framework-1.1.0-SNAPSHOT.jar
 INFO  [pool-1-thread-1] {org.radargun.config.AnnotatedHelper} Loading JARS from /home/smf/github/radargun/target/distribution/RadarGun-1.1.0-SNAPSHOT/lib/radargun-framework-1.1.0-SNAPSHOT.jar
 INFO  [pool-1-thread-1] {org.radargun.Slave} Executing stage: DestroyWrapper {enforceMemoryThrashHold=true, exitBenchmarkOnSlaveFailure=false, heapDumpDir=null, memoryThreshold=95, runOnAllSlaves=true, slaves=null, useSmartClassLoading=true }
 INFO  [pool-1-thread-1] {org.radargun.stages.DestroyWrapperStage} Received destroy cache wrapper request from master...
 INFO  [pool-1-thread-1] {org.radargun.stages.DestroyWrapperStage} No cache wrapper deployed on this slave, nothing to do.
 INFO  [pool-1-thread-1] {org.radargun.stages.DestroyWrapperStage} Before executing clear, memory looks like this: Memory - free: 2,928,638 kb - max:4,906,688 kb- total:2,944,000 kb
[Full GC 15361K->3631K(2944000K), 0.0943080 secs]
 INFO  [pool-1-thread-1] {org.radargun.stages.DestroyWrapperStage} After executing cleanup, memory looks like this: Memory - free: 2,935,311 kb - max:4,906,688 kb- total:2,944,064 kb
 INFO  [pool-1-thread-1] {org.radargun.Slave} Finished stage: DestroyWrapper {enforceMemoryThrashHold=true, exitBenchmarkOnSlaveFailure=false, heapDumpDir=null, memoryThreshold=95, runOnAllSlaves=true, slaves=null, useSmartClassLoading=true }
 INFO  [main] {org.radargun.Slave} Ack successfully sent to the master
 INFO  [pool-1-thread-1] {org.radargun.Slave} Executing stage: StartCluster {config=ispn52-repl-sync-rc.xml, delayAfterFirstSlaveStarts=5.000 secs, delayBetweenStartingSlaves=0.500 secs, exitBenchmarkOnSlaveFailure=true, expectNumSlaves=null, mayFailOn=null, reachable=null, runOnAllSlaves=false, slaves=null, staggerSlaveStartup=true, useSmartClassLoading=true, validateCluster=true }
 INFO  [pool-1-thread-1] {org.radargun.stages.StartClusterStage}  Startup staggering, starting 10 slaves. This is the slave with index 5. Sleeping for 7500 millis.
 INFO  [pool-1-thread-1] {org.radargun.stages.StartClusterStage} Ack master's StartCluster stage. Local address is: /127.0.0.1. This slave's index is: 5
 INFO  [pool-1-thread-1] {org.radargun.utils.ClassLoadHelper} Creating newInstance org.radargun.cachewrappers.FFWrapper with classloader java.net.URLClassLoader@52b2f956
 INFO  [pool-1-thread-1] {org.radargun.cachewrappers.FFWrapper} config=ispn52-repl-sync-rc.xml, isLocal=false, nodeIndex=5, confAttributes={name=ispn52-repl-sync-rc.xml, decorate=infinispan52}
 INFO  [pool-1-thread-1] {org.radargun.cachewrappers.FFWrapper} Found fenix framework config options in 'rg-fenix-framework-config-options.properties'.
 INFO  [pool-1-thread-1] {org.radargun.cachewrappers.FFWrapper} Setting extra config properties for Fenix Framework.
 INFO  [pool-1-thread-1] {org.radargun.cachewrappers.FFWrapper} Will initialize Fenix Framework with RadarGunDataGridConfig
 TRACE [pool-1-thread-1] {pt.ist.fenixframework.FenixFramework} Static initializer block for FenixFramework class [BEGIN]
 INFO  [pool-1-thread-1] {pt.ist.fenixframework.FenixFramework} Trying auto-initialization with configuration by convention
 INFO  [pool-1-thread-1] {pt.ist.fenixframework.FenixFramework} Resource 'fenix-framework.properties' not found
 DEBUG [pool-1-thread-1] {pt.ist.fenixframework.FenixFramework} Fenix Framework properties after reading default config file:{}
 DEBUG [pool-1-thread-1] {pt.ist.fenixframework.FenixFramework} CurrentBackEndName = jvstm-datagrid
 INFO  [pool-1-thread-1] {pt.ist.fenixframework.FenixFramework} Resource 'fenix-framework-jvstm-datagrid.properties' not found
 DEBUG [pool-1-thread-1] {pt.ist.fenixframework.FenixFramework} Fenix Framework properties after reading backend config file:{}
 DEBUG [pool-1-thread-1] {pt.ist.fenixframework.FenixFramework} Fenix Framework properties after enforcing system properties:{}
 INFO  [pool-1-thread-1] {pt.ist.fenixframework.FenixFramework} Skipping configuration by convention.
 TRACE [pool-1-thread-1] {pt.ist.fenixframework.FenixFramework} Static initializer block for FenixFramework class [END]
 INFO  [pool-1-thread-1] {pt.ist.fenixframework.FenixFramework} Initializing Fenix Framework with config.class=pt.ist.fenixframework.backend.jvstm.datagrid.radargun.RadarGunDataGridConfig
 INFO  [pool-1-thread-1] {pt.ist.fenixframework.backend.jvstm.cluster.JvstmClusterBackEnd} initializeGroupCommunication()
 INFO  [pool-1-thread-1] {com.hazelcast.config.ClasspathXmlConfig} Configuring Hazelcast from 'hazelcast-ff.xml'.
 INFO  [pool-1-thread-1] {com.hazelcast.instance.DefaultAddressPicker} Interfaces is disabled, trying to pick one address from TCP-IP config addresses: [127.0.0.1]
 INFO  [pool-1-thread-1] {com.hazelcast.instance.DefaultAddressPicker} Picked Address[127.0.0.1]:5706, using socket ServerSocket[addr=/0.0.0.0,localport=5706], bind any local is true
 INFO  [pool-1-thread-1] {com.hazelcast.system} [127.0.0.1]:5706 [FenixFrameworkGroup] Hazelcast Community Edition 3.0.2 (20130906) starting at Address[127.0.0.1]:5706
 INFO  [pool-1-thread-1] {com.hazelcast.system} [127.0.0.1]:5706 [FenixFrameworkGroup] Copyright (C) 2008-2013 Hazelcast.com
 INFO  [pool-1-thread-1] {com.hazelcast.instance.Node} [127.0.0.1]:5706 [FenixFrameworkGroup] Creating MulticastJoiner
 INFO  [pool-1-thread-1] {com.hazelcast.core.LifecycleService} [127.0.0.1]:5706 [FenixFrameworkGroup] Address[127.0.0.1]:5706 is STARTING
 INFO  [pool-1-thread-1] {com.hazelcast.cluster.TcpIpJoiner} [127.0.0.1]:5706 [FenixFrameworkGroup] Connecting to possible member: Address[127.0.0.1]:5703
 INFO  [pool-1-thread-1] {com.hazelcast.cluster.TcpIpJoiner} [127.0.0.1]:5706 [FenixFrameworkGroup] Connecting to possible member: Address[127.0.0.1]:5702
 INFO  [pool-1-thread-1] {com.hazelcast.cluster.TcpIpJoiner} [127.0.0.1]:5706 [FenixFrameworkGroup] Connecting to possible member: Address[127.0.0.1]:5701
 INFO  [hz._hzInstance_1_FenixFrameworkGroup.cached.thread-3] {com.hazelcast.nio.SocketConnector} [127.0.0.1]:5706 [FenixFrameworkGroup] Connecting to /127.0.0.1:5703, timeout: 0, bind-any: true
 INFO  [hz._hzInstance_1_FenixFrameworkGroup.cached.thread-2] {com.hazelcast.nio.SocketConnector} [127.0.0.1]:5706 [FenixFrameworkGroup] Connecting to /127.0.0.1:5702, timeout: 0, bind-any: true
 INFO  [hz._hzInstance_1_FenixFrameworkGroup.cached.thread-1] {com.hazelcast.nio.SocketConnector} [127.0.0.1]:5706 [FenixFrameworkGroup] Connecting to /127.0.0.1:5701, timeout: 0, bind-any: true
 INFO  [hz._hzInstance_1_FenixFrameworkGroup.cached.thread-3] {com.hazelcast.nio.TcpIpConnectionManager} [127.0.0.1]:5706 [FenixFrameworkGroup] 52902 accepted socket connection from /127.0.0.1:5703
 INFO  [hz._hzInstance_1_FenixFrameworkGroup.cached.thread-1] {com.hazelcast.nio.TcpIpConnectionManager} [127.0.0.1]:5706 [FenixFrameworkGroup] 44322 accepted socket connection from /127.0.0.1:5701
 INFO  [hz._hzInstance_1_FenixFrameworkGroup.cached.thread-2] {com.hazelcast.nio.TcpIpConnectionManager} [127.0.0.1]:5706 [FenixFrameworkGroup] 53721 accepted socket connection from /127.0.0.1:5702
 INFO  [hz._hzInstance_1_FenixFrameworkGroup.cached.thread-3] {com.hazelcast.cluster.ClusterService} [127.0.0.1]:5706 [FenixFrameworkGroup] 

Members [10] {
	Member [127.0.0.1]:5701
	Member [127.0.0.1]:5702
	Member [127.0.0.1]:5704
	Member [127.0.0.1]:5705
	Member [127.0.0.1]:5706 this
	Member [127.0.0.1]:5703
	Member [127.0.0.1]:5707
	Member [127.0.0.1]:5708
	Member [127.0.0.1]:5709
	Member [127.0.0.1]:5710
}

 INFO  [hz._hzInstance_1_FenixFrameworkGroup.cached.thread-9] {com.hazelcast.nio.SocketConnector} [127.0.0.1]:5706 [FenixFrameworkGroup] Connecting to /127.0.0.1:5704, timeout: 0, bind-any: true
 INFO  [hz._hzInstance_1_FenixFrameworkGroup.cached.thread-9] {com.hazelcast.nio.TcpIpConnectionManager} [127.0.0.1]:5706 [FenixFrameworkGroup] 48607 accepted socket connection from /127.0.0.1:5704
 INFO  [hz._hzInstance_1_FenixFrameworkGroup.IO.thread-Acceptor] {com.hazelcast.nio.SocketAcceptor} [127.0.0.1]:5706 [FenixFrameworkGroup] Accepting socket connection from /127.0.0.1:51983
 INFO  [hz._hzInstance_1_FenixFrameworkGroup.cached.thread-4] {com.hazelcast.nio.SocketConnector} [127.0.0.1]:5706 [FenixFrameworkGroup] Connecting to /127.0.0.1:5705, timeout: 0, bind-any: true
 INFO  [hz._hzInstance_1_FenixFrameworkGroup.cached.thread-9] {com.hazelcast.nio.SocketConnector} [127.0.0.1]:5706 [FenixFrameworkGroup] Connecting to /127.0.0.1:5708, timeout: 0, bind-any: true
 INFO  [hz._hzInstance_1_FenixFrameworkGroup.cached.thread-10] {com.hazelcast.nio.SocketConnector} [127.0.0.1]:5706 [FenixFrameworkGroup] Connecting to /127.0.0.1:5707, timeout: 0, bind-any: true
 INFO  [hz._hzInstance_1_FenixFrameworkGroup.IO.thread-Acceptor] {com.hazelcast.nio.TcpIpConnectionManager} [127.0.0.1]:5706 [FenixFrameworkGroup] 5706 accepted socket connection from /127.0.0.1:51983
 INFO  [hz._hzInstance_1_FenixFrameworkGroup.cached.thread-4] {com.hazelcast.nio.TcpIpConnectionManager} [127.0.0.1]:5706 [FenixFrameworkGroup] 44435 accepted socket connection from /127.0.0.1:5705
 INFO  [hz._hzInstance_1_FenixFrameworkGroup.cached.thread-7] {com.hazelcast.nio.SocketConnector} [127.0.0.1]:5706 [FenixFrameworkGroup] Connecting to /127.0.0.1:5710, timeout: 0, bind-any: true
 INFO  [hz._hzInstance_1_FenixFrameworkGroup.cached.thread-9] {com.hazelcast.nio.TcpIpConnectionManager} [127.0.0.1]:5706 [FenixFrameworkGroup] 33600 accepted socket connection from /127.0.0.1:5708
 INFO  [hz._hzInstance_1_FenixFrameworkGroup.IO.thread-Acceptor] {com.hazelcast.nio.SocketAcceptor} [127.0.0.1]:5706 [FenixFrameworkGroup] Accepting socket connection from /127.0.0.1:34052
 INFO  [hz._hzInstance_1_FenixFrameworkGroup.cached.thread-7] {com.hazelcast.nio.TcpIpConnectionManager} [127.0.0.1]:5706 [FenixFrameworkGroup] 45173 accepted socket connection from /127.0.0.1:5710
 INFO  [hz._hzInstance_1_FenixFrameworkGroup.cached.thread-10] {com.hazelcast.nio.TcpIpConnectionManager} [127.0.0.1]:5706 [FenixFrameworkGroup] 56414 accepted socket connection from /127.0.0.1:5707
 INFO  [hz._hzInstance_1_FenixFrameworkGroup.cached.thread-8] {com.hazelcast.nio.SocketConnector} [127.0.0.1]:5706 [FenixFrameworkGroup] Connecting to /127.0.0.1:5709, timeout: 0, bind-any: true
 INFO  [hz._hzInstance_1_FenixFrameworkGroup.IO.thread-Acceptor] {com.hazelcast.nio.TcpIpConnectionManager} [127.0.0.1]:5706 [FenixFrameworkGroup] 5706 accepted socket connection from /127.0.0.1:34052
 INFO  [hz._hzInstance_1_FenixFrameworkGroup.cached.thread-8] {com.hazelcast.nio.TcpIpConnectionManager} [127.0.0.1]:5706 [FenixFrameworkGroup] 57703 accepted socket connection from /127.0.0.1:5709
 INFO  [hz._hzInstance_1_FenixFrameworkGroup.IO.thread-Acceptor] {com.hazelcast.nio.SocketAcceptor} [127.0.0.1]:5706 [FenixFrameworkGroup] Accepting socket connection from /127.0.0.1:35266
 INFO  [hz._hzInstance_1_FenixFrameworkGroup.IO.thread-Acceptor] {com.hazelcast.nio.TcpIpConnectionManager} [127.0.0.1]:5706 [FenixFrameworkGroup] 5706 accepted socket connection from /127.0.0.1:35266
 INFO  [pool-1-thread-1] {com.hazelcast.core.LifecycleService} [127.0.0.1]:5706 [FenixFrameworkGroup] Address[127.0.0.1]:5706 is STARTED
 INFO  [pool-1-thread-1] {pt.ist.fenixframework.backend.jvstm.cluster.ClusterUtils} Got (long) serverId: 5
 INFO  [pool-1-thread-1] {pt.ist.fenixframework.backend.jvstm.cluster.JvstmClusterBackEnd} This is NOT the first node.
 INFO  [pool-1-thread-1] {pt.ist.fenixframework.backend.jvstm.cluster.ClusterUtils} Waiting for startup from first node
 INFO  [pool-1-thread-1] {pt.ist.fenixframework.backend.jvstm.JVSTMBackEnd} initializeRepository()
 INFO  [pool-1-thread-1] {pt.ist.fenixframework.backend.jvstm.datagrid.radargun.DataGridDecorator} config=ispn52-repl-sync-rc.xml, isLocal=false, nodeIndex=5, confAttributes={name=ispn52-repl-sync-rc.xml}
 INFO  [pool-1-thread-1] {org.radargun.cachewrappers.InfinispanXSWrapper} Cannot find any site for slave index 5
[GC 259695K->12614K(2944064K), 0.0400660 secs]
 INFO  [pool-1-thread-1] {org.infinispan.remoting.transport.jgroups.JGroupsTransport} ISPN000078: Starting JGroups Channel
 WARN  [pool-1-thread-1] {org.jgroups.protocols.UDP} [JGRP00014] the send buffer of socket DatagramSocket was set to 640KB, but the OS only allocated 229.38KB. This might lead to performance problems. Please set your max send buffer in the OS correctly (e.g. net.core.wmem_max on Linux)
 WARN  [pool-1-thread-1] {org.jgroups.protocols.UDP} [JGRP00014] the receive buffer of socket DatagramSocket was set to 20MB, but the OS only allocated 229.38KB. This might lead to performance problems. Please set your max receive buffer in the OS correctly (e.g. net.core.rmem_max on Linux)
 WARN  [pool-1-thread-1] {org.jgroups.protocols.UDP} [JGRP00014] the send buffer of socket MulticastSocket was set to 640KB, but the OS only allocated 229.38KB. This might lead to performance problems. Please set your max send buffer in the OS correctly (e.g. net.core.wmem_max on Linux)
 WARN  [pool-1-thread-1] {org.jgroups.protocols.UDP} [JGRP00014] the receive buffer of socket MulticastSocket was set to 25MB, but the OS only allocated 229.38KB. This might lead to performance problems. Please set your max receive buffer in the OS correctly (e.g. net.core.rmem_max on Linux)
 INFO  [pool-1-thread-1] {org.infinispan.remoting.transport.jgroups.JGroupsTransport} ISPN000094: Received new cluster view: [deimos-esw-26255|3] [deimos-esw-26255, deimos-esw-53479, deimos-esw-25779, deimos-esw-61474, deimos-esw-51539, deimos-esw-42556]
 INFO  [pool-1-thread-1] {org.infinispan.remoting.transport.jgroups.JGroupsTransport} ISPN000079: Cache local address is deimos-esw-42556, physical addresses are [127.0.0.1:52005]
 INFO  [pool-1-thread-1] {org.infinispan.factories.GlobalComponentRegistry} ISPN000128: Infinispan version: Infinispan 'Delirium' 5.2.6.Final
 INFO  [Incoming-4,deimos-esw-42556] {org.infinispan.remoting.transport.jgroups.JGroupsTransport} ISPN000094: Received new cluster view: [deimos-esw-26255|4] [deimos-esw-26255, deimos-esw-53479, deimos-esw-25779, deimos-esw-61474, deimos-esw-51539, deimos-esw-42556, deimos-esw-36863]
 INFO  [pool-1-thread-1] {org.infinispan.transaction.lookup.JBossStandaloneJTAManagerLookup} ISPN000107: Retrieving transaction manager Transaction: unknown
 INFO  [Incoming-4,deimos-esw-42556] {org.infinispan.remoting.transport.jgroups.JGroupsTransport} ISPN000094: Received new cluster view: [deimos-esw-26255|5] [deimos-esw-26255, deimos-esw-53479, deimos-esw-25779, deimos-esw-61474, deimos-esw-51539, deimos-esw-42556, deimos-esw-36863, deimos-esw-62152, deimos-esw-34013]
 INFO  [Incoming-4,deimos-esw-42556] {org.infinispan.remoting.transport.jgroups.JGroupsTransport} ISPN000094: Received new cluster view: [deimos-esw-26255|6] [deimos-esw-26255, deimos-esw-53479, deimos-esw-25779, deimos-esw-61474, deimos-esw-51539, deimos-esw-42556, deimos-esw-36863, deimos-esw-62152, deimos-esw-34013, deimos-esw-5686]
 INFO  [pool-1-thread-1] {org.infinispan.jmx.CacheJmxRegistration} ISPN000031: MBeans were successfully registered to the platform MBean server.
 INFO  [pool-1-thread-1] {org.radargun.cachewrappers.InfinispanXSWrapper} Using transaction manager: Transaction: unknown
 INFO  [pool-1-thread-1] {org.radargun.cachewrappers.InfinispanXSWrapper} No RELAY2 protocol in XS wrapper
 INFO  [pool-1-thread-1] {org.radargun.cachewrappers.InfinispanXSWrapper} JGroups version: JGroups 3.2.7.Final
 INFO  [pool-1-thread-1] {org.radargun.cachewrappers.InfinispanXSWrapper} Using config attributes: {name=ispn52-repl-sync-rc.xml}
 INFO  [pool-1-thread-1] {pt.ist.fenixframework.backend.jvstm.datagrid.DataGridRepository} Initialization marker is present. Data Grid already existed.
 INFO  [pool-1-thread-1] {pt.ist.fenixframework.backend.jvstm.JVSTMBackEnd} initializeDomainClassInfos
 INFO  [pool-1-thread-1] {pt.ist.fenixframework.backend.jvstm.pstm.DomainClassInfo} serverId: 5, serverOidBase: 5000000000000
 INFO  [pool-1-thread-1] {pt.ist.fenixframework.backend.jvstm.pstm.DomainClassInfo} Existing domain class 'pt.ist.fenixframework.adt.bplustree.InnerNodeArray' with id 'b'
 INFO  [pool-1-thread-1] {pt.ist.fenixframework.backend.jvstm.pstm.DomainClassInfo} Existing domain class 'pt.ist.fenixframework.adt.linkedlist.LinkedList' with id '9'
 INFO  [pool-1-thread-1] {pt.ist.fenixframework.backend.jvstm.pstm.DomainClassInfo} Existing domain class 'pt.ist.fenixframework.backend.jvstm.pstm.TransactionStatisticsEntry' with id '5'
 INFO  [pool-1-thread-1] {pt.ist.fenixframework.backend.jvstm.pstm.DomainClassInfo} Existing domain class 'pt.ist.fenixframework.DomainRoot' with id '0'
 INFO  [pool-1-thread-1] {pt.ist.fenixframework.backend.jvstm.pstm.DomainClassInfo} Existing domain class 'pt.ist.fenixframework.adt.bplustree.LeafNode' with id '4'
 INFO  [pool-1-thread-1] {pt.ist.fenixframework.backend.jvstm.pstm.DomainClassInfo} Existing domain class 'pt.ist.fenixframework.adt.bplustree.InnerNode' with id '8'
 INFO  [pool-1-thread-1] {pt.ist.fenixframework.backend.jvstm.pstm.DomainClassInfo} Existing domain class 'pt.ist.fenixframework.adt.bplustree.DomainBPlusTree' with id 'e'
 INFO  [pool-1-thread-1] {pt.ist.fenixframework.backend.jvstm.pstm.DomainClassInfo} Existing domain class 'pt.ist.fenixframework.adt.bplustree.DomainLeafNode' with id '1'
 INFO  [pool-1-thread-1] {pt.ist.fenixframework.backend.jvstm.pstm.DomainClassInfo} Existing domain class 'pt.ist.fenixframework.adt.bplustree.AbstractNode' with id 'f'
 INFO  [pool-1-thread-1] {pt.ist.fenixframework.backend.jvstm.pstm.DomainClassInfo} Existing domain class 'pt.ist.fenixframework.adt.bplustree.BPlusTree' with id '7'
 INFO  [pool-1-thread-1] {pt.ist.fenixframework.backend.jvstm.pstm.DomainClassInfo} Existing domain class 'pt.ist.fenixframework.backend.jvstm.pstm.FenixFrameworkData' with id 'd'
 INFO  [pool-1-thread-1] {pt.ist.fenixframework.backend.jvstm.pstm.DomainClassInfo} Existing domain class 'pt.ist.fenixframework.adt.bplustree.AbstractNodeArray' with id 'a'
 INFO  [pool-1-thread-1] {pt.ist.fenixframework.backend.jvstm.pstm.DomainClassInfo} Existing domain class 'pt.ist.fenixframework.adt.bplustree.LeafNodeArray' with id 'c'
 INFO  [pool-1-thread-1] {pt.ist.fenixframework.backend.jvstm.pstm.DomainClassInfo} Existing domain class 'pt.ist.fenixframework.adt.bplustree.BPlusTreeArray' with id '2'
 INFO  [pool-1-thread-1] {pt.ist.fenixframework.backend.jvstm.pstm.DomainClassInfo} Existing domain class 'pt.ist.fenixframework.adt.bplustree.DomainInnerNode' with id '3'
 INFO  [pool-1-thread-1] {pt.ist.fenixframework.backend.jvstm.pstm.DomainClassInfo} Existing domain class 'pt.ist.fenixframework.adt.linkedlist.ListNode' with id '6'
 INFO  [pool-1-thread-1] {pt.ist.fenixframework.backend.jvstm.JVSTMBackEnd} setupJVSTM
 INFO  [pool-1-thread-1] {pt.ist.fenixframework.backend.jvstm.JVSTMBackEnd} Setting the last committed TX number to 2
 INFO  [pool-1-thread-1] {pt.ist.fenixframework.backend.jvstm.JVSTMBackEnd} createDomainRootIfNeeded
 INFO  [pool-1-thread-1] {pt.ist.fenixframework.backend.jvstm.JVSTMBackEnd} ensureFenixFrameworkDataExists
 INFO  [pool-1-thread-1] {pt.ist.fenixframework.hibernatesearch.HibernateSearchConfig} Resource 'fenix-framework-hibernate-search.properties' not found. Hibernate Search disabled
 INFO  [pool-1-thread-1] {pt.ist.fenixframework.FenixFramework} Initialization of Fenix Framework is now complete.
 INFO  [pool-1-thread-1] {org.radargun.cachewrappers.FFWrapper} FF STARTED=true
 INFO  [pool-1-thread-1] {org.radargun.stages.helpers.StartHelper} Number of members is the one expected: 10
 INFO  [pool-1-thread-1] {org.radargun.stages.StartClusterStage} Successfully started cache wrapper on slave 5: org.radargun.cachewrappers.FFWrapper@c923822
 INFO  [pool-1-thread-1] {org.radargun.Slave} Finished stage: StartCluster {config=ispn52-repl-sync-rc.xml, delayAfterFirstSlaveStarts=5.000 secs, delayBetweenStartingSlaves=0.500 secs, exitBenchmarkOnSlaveFailure=true, expectNumSlaves=null, mayFailOn=null, reachable=null, runOnAllSlaves=false, slaves=null, staggerSlaveStartup=true, useSmartClassLoading=true, validateCluster=true }
 INFO  [main] {org.radargun.Slave} Ack successfully sent to the master
 INFO  [pool-1-thread-1] {org.radargun.Slave} Executing stage: ClusterValidation {exitBenchmarkOnSlaveFailure=false, partialReplication=false, replicationTimeSleep=2000, replicationTryCount=60, runOnAllSlaves=false, slaves=null, useSmartClassLoading=true }
 INFO  [pool-1-thread-1] {org.radargun.stages.ClusterValidationStage} Number of caches that replicated here is 0
 INFO  [pool-1-thread-1] {org.radargun.stages.ClusterValidationStage} Replication test failed, 1 tries so far. Sleeping for 2 seconds and trying again.
 INFO  [pool-1-thread-1] {org.radargun.stages.ClusterValidationStage} Number of caches that replicated here is 9
 INFO  [pool-1-thread-1] {org.radargun.stages.ClusterValidationStage} Replication test successfully passed. partialReplication? false, replicationCount = 9
 INFO  [pool-1-thread-1] {org.radargun.stages.ClusterValidationStage} Confirm phase successful.
 INFO  [pool-1-thread-1] {org.radargun.Slave} Finished stage: ClusterValidation {exitBenchmarkOnSlaveFailure=false, partialReplication=false, replicationTimeSleep=2000, replicationTryCount=60, runOnAllSlaves=false, slaves=[ 0, 1, 2, 3, 4, 5, 6, 7, 8, 9 ], useSmartClassLoading=true }
 INFO  [main] {org.radargun.Slave} Ack successfully sent to the master
 INFO  [pool-1-thread-1] {org.radargun.Slave} Executing stage: StressTestWarmup {bulkSize=1, cacheSpecificKeyGenerator=false, commitTransactions=true, duration=1 mins 0 secs, entrySize=1000, exitBenchmarkOnSlaveFailure=false, fixedKeys=true, generateHistogramRange=false, keyGeneratorClass=org.radargun.stressors.StringKeyGenerator, keyGeneratorParam=null, loadAllKeys=false, numEntries=100, numOfThreads=4, numRequests=10000, numThreads=4, numberOfAttributes=100, numberOfRequests=10000, opsCountStatusLog=100000, poolKeys=true, preferAsyncOperations=false, removePercentage=0, replaceInvalidPercentage=40, runOnAllSlaves=false, sharedKeys=false, sizeOfAnAttribute=1000, slaves=null, transactionSize=50, useAtomics=false, useHistogramStatistics=false, useSimpleStatistics=true, useSmartClassLoading=true, useTransactions=null, writePercentage=20, writeTxPercentage=20 }
 INFO  [pool-1-thread-1] {org.radargun.stages.StressTestWarmupStage} Starting StressTestWarmupStage: StressTestWarmup {bulkSize=1, cacheSpecificKeyGenerator=false, commitTransactions=true, duration=1 mins 0 secs, entrySize=1000, exitBenchmarkOnSlaveFailure=false, fixedKeys=true, generateHistogramRange=false, keyGeneratorClass=org.radargun.stressors.StringKeyGenerator, keyGeneratorParam=null, loadAllKeys=false, numEntries=100, numOfThreads=4, numRequests=10000, numThreads=4, numberOfAttributes=100, numberOfRequests=10000, opsCountStatusLog=100000, poolKeys=true, preferAsyncOperations=false, removePercentage=0, replaceInvalidPercentage=40, runOnAllSlaves=false, sharedKeys=false, sizeOfAnAttribute=1000, slaves=null, transactionSize=50, useAtomics=false, useHistogramStatistics=false, useSimpleStatistics=true, useSmartClassLoading=true, useTransactions=null, writePercentage=20, writeTxPercentage=20 }
 INFO  [pool-1-thread-1] {org.radargun.stressors.StressTestStressor} Using key generator org.radargun.stressors.StringKeyGenerator, param null
 INFO  [pool-1-thread-1] {org.radargun.stressors.StressTestStressor} Executing: StressTestStressor{opsCountStatusLog=100000, numRequests=10000, numEntries=100, entrySize=1000, writePercentage=20, numThreads=4, cacheWrapper=org.radargun.cachewrappers.FFWrapper@c923822, nodeIndex=5, useTransactions=true, transactionSize=50, commitTransactions=true, durationMillis=60000}
 INFO  [pool-1-thread-1] {org.radargun.stressors.StressTestStressor} Cache wrapper info is: FFWrapper using infinispan52
[GC 268678K->20558K(2944064K), 0.0528580 secs]
[GC 276622K->16321K(2944064K), 0.0354460 secs]
 INFO  [pool-1-thread-1] {org.radargun.stressors.StressTestStressor} Started 4 stressor threads.
 INFO  [Stressor-2] {org.radargun.stressors.StressTestStressor} Number of ops executed so far: 1. Elapsed time: 0.001 secs. Remaining: 59.999 secs. Total: 1 mins 0 secs
[GC 272385K->22376K(2944064K), 0.0353540 secs]
[GC 278440K->27001K(2944064K), 0.0392080 secs]
[GC 283065K->30719K(2944064K), 0.0415050 secs]
[GC 286783K->44033K(2944064K), 0.0452790 secs]
 INFO  [Stressor-3] {org.radargun.stressors.StressTestStressor} Number of ops executed so far: 20950. Elapsed time: 20.003 secs. Remaining: 39.997 secs. Total: 1 mins 0 secs
[GC 300097K->48122K(2944064K), 0.0473320 secs]
[GC 304186K->51057K(2944064K), 0.0474690 secs]
[GC 307121K->60156K(2944064K), 0.0486250 secs]
[GC 316220K->61416K(2944064K), 0.0501710 secs]
[GC 317480K->85043K(2944064K), 0.0524950 secs]
[GC 341106K->87638K(2944064K), 0.0539010 secs]
 INFO  [Stressor-1] {org.radargun.stressors.StressTestStressor} Number of ops executed so far: 87100. Elapsed time: 40.005 secs. Remaining: 19.995 secs. Total: 1 mins 0 secs
[GC 343702K->78589K(2944064K), 0.0541740 secs]
[GC 334653K->94134K(2944064K), 0.0575120 secs]
[GC 350198K->108618K(2944064K), 0.0717030 secs]
[GC 364682K->91892K(2944064K), 0.0620070 secs]
[GC 347956K->96834K(2944064K), 0.0582540 secs]
 INFO  [Stressor-0] {org.radargun.stressors.StressTestStressor} Number of ops executed so far: 177750. Elapsed time: 1 mins 0 secs. Remaining: 0.000 secs. Total: 1 mins 0 secs
 INFO  [pool-1-thread-1] {org.radargun.stressors.StressTestStressor} Finished generating report. Test duration is: 1 mins 13 secs
 INFO  [pool-1-thread-1] {org.radargun.stages.StressTestWarmupStage} The warmup took: 73 seconds.
 INFO  [pool-1-thread-1] {org.radargun.Slave} Finished stage: StressTestWarmup {bulkSize=1, cacheSpecificKeyGenerator=false, commitTransactions=true, duration=1 mins 0 secs, entrySize=1000, exitBenchmarkOnSlaveFailure=false, fixedKeys=true, generateHistogramRange=false, keyGeneratorClass=org.radargun.stressors.StringKeyGenerator, keyGeneratorParam=null, loadAllKeys=false, numEntries=100, numOfThreads=4, numRequests=10000, numThreads=4, numberOfAttributes=100, numberOfRequests=10000, opsCountStatusLog=100000, poolKeys=true, preferAsyncOperations=false, removePercentage=0, replaceInvalidPercentage=40, runOnAllSlaves=false, sharedKeys=false, sizeOfAnAttribute=1000, slaves=null, transactionSize=50, useAtomics=false, useHistogramStatistics=false, useSimpleStatistics=true, useSmartClassLoading=true, useTransactions=null, writePercentage=20, writeTxPercentage=20 }
 INFO  [main] {org.radargun.Slave} Ack successfully sent to the master
[GC 352898K->89296K(2944064K), 0.0525810 secs]
[GC 345360K->105343K(2944064K), 0.0545170 secs]
[GC 361407K->107429K(2944064K), 0.0535820 secs]
[GC 363493K->94190K(2944064K), 0.0534050 secs]
[GC 350254K->105320K(2944064K), 0.0562600 secs]
[GC 361384K->94598K(2944064K), 0.0572170 secs]
[GC 350655K->110893K(2944064K), 0.0593280 secs]
[GC 366957K->115979K(2944064K), 0.0607140 secs]
[GC 372043K->121721K(2944064K), 0.0637690 secs]
[GC 377785K->128162K(2944064K), 0.0707430 secs]
[GC 384226K->135012K(2944064K), 0.0628060 secs]
[GC 391076K->141847K(2944064K), 0.0653900 secs]
[GC 397911K->135961K(2944064K), 0.0688360 secs]
[GC 392012K->161691K(2944064K), 0.0712020 secs]
[GC 417755K->187483K(2944064K), 0.0781450 secs]
 INFO  [pool-1-thread-1] {org.radargun.Slave} Executing stage: ClearClusterStage {ClearCluster {exitBenchmarkOnSlaveFailure=false, runOnAllSlaves=false, slaves=[ 0 ], useSmartClassLoading=true }
 INFO  [pool-1-thread-1] {org.radargun.stages.ClearClusterStage} Before executing clear, memory looks like this: Memory - free: 2,607,959 kb - max:4,906,688 kb- total:2,944,064 kb
[Full GC 336104K->147461K(2944064K), 0.6229930 secs]
 INFO  [pool-1-thread-1] {org.radargun.stages.ClearClusterStage} After executing cleanup, memory looks like this: Memory - free: 2,795,600 kb - max:4,906,688 kb- total:2,944,192 kb
 INFO  [pool-1-thread-1] {org.radargun.Slave} Finished stage: ClearClusterStage {ClearCluster {exitBenchmarkOnSlaveFailure=false, runOnAllSlaves=false, slaves=[ 0 ], useSmartClassLoading=true }
 INFO  [main] {org.radargun.Slave} Ack successfully sent to the master
 INFO  [pool-1-thread-1] {org.radargun.Slave} Executing stage: StressTest {bulkSize=1, cacheSpecificKeyGenerator=false, commitTransactions=true, duration=1 mins 0 secs, entrySize=1000, exitBenchmarkOnSlaveFailure=false, fixedKeys=true, generateHistogramRange=false, keyGeneratorClass=org.radargun.stressors.StringKeyGenerator, keyGeneratorParam=null, loadAllKeys=false, numEntries=10000, numOfThreads=4, numRequests=10000000, numThreads=4, numberOfAttributes=10000, numberOfRequests=10000000, opsCountStatusLog=500000, poolKeys=true, preferAsyncOperations=false, removePercentage=0, replaceInvalidPercentage=40, runOnAllSlaves=false, sharedKeys=false, sizeOfAnAttribute=1000, slaves=null, transactionSize=10000, useAtomics=false, useHistogramStatistics=false, useSimpleStatistics=true, useSmartClassLoading=true, useTransactions=true, writePercentage=1, writeTxPercentage=20 }
 INFO  [pool-1-thread-1] {org.radargun.stages.StressTestStage} Starting StressTestStage: StressTest {bulkSize=1, cacheSpecificKeyGenerator=false, commitTransactions=true, duration=1 mins 0 secs, entrySize=1000, exitBenchmarkOnSlaveFailure=false, fixedKeys=true, generateHistogramRange=false, keyGeneratorClass=org.radargun.stressors.StringKeyGenerator, keyGeneratorParam=null, loadAllKeys=false, numEntries=10000, numOfThreads=4, numRequests=10000000, numThreads=4, numberOfAttributes=10000, numberOfRequests=10000000, opsCountStatusLog=500000, poolKeys=true, preferAsyncOperations=false, removePercentage=0, replaceInvalidPercentage=40, runOnAllSlaves=false, sharedKeys=false, sizeOfAnAttribute=1000, slaves=null, transactionSize=10000, useAtomics=false, useHistogramStatistics=false, useSimpleStatistics=true, useSmartClassLoading=true, useTransactions=true, writePercentage=1, writeTxPercentage=20 }
 INFO  [pool-1-thread-1] {org.radargun.stressors.StressTestStressor} Using key generator org.radargun.stressors.StringKeyGenerator, param null
 INFO  [pool-1-thread-1] {org.radargun.stressors.StressTestStressor} Executing: StressTestStressor{opsCountStatusLog=500000, numRequests=10000000, numEntries=10000, entrySize=1000, writePercentage=1, numThreads=4, cacheWrapper=org.radargun.cachewrappers.FFWrapper@c923822, nodeIndex=5, useTransactions=true, transactionSize=10000, commitTransactions=true, durationMillis=60000}
 INFO  [pool-1-thread-1] {org.radargun.stressors.StressTestStressor} Cache wrapper info is: FFWrapper using infinispan52
[GC 403589K->224246K(2944192K), 0.0306960 secs]
[GC 480374K->167377K(2944192K), 0.0286040 secs]
[GC 423505K->160858K(2944192K), 0.0325040 secs]
[GC 416986K->166327K(2944192K), 0.0356290 secs]
[GC 422455K->169242K(2944192K), 0.0344130 secs]
[GC 425370K->170853K(2944192K), 0.0394450 secs]
[GC 426981K->175675K(2944192K), 0.0421750 secs]
[GC 431803K->185947K(2944192K), 0.0418550 secs]
[GC 442075K->191739K(2944192K), 0.0415840 secs]
[GC 447867K->197556K(2944192K), 0.0412980 secs]
[GC 453684K->211396K(2944192K), 0.0426520 secs]
[GC 467524K->207604K(2944192K), 0.0467790 secs]
[GC 463732K->201261K(2944192K), 0.0474860 secs]
[GC 457389K->199673K(2944192K), 0.0470950 secs]
[GC 455801K->203184K(2944192K), 0.0525380 secs]
[GC 459312K->211788K(2944192K), 0.0556840 secs]
[GC 467916K->228255K(2944192K), 0.0575970 secs]
[GC 484383K->232921K(2944192K), 0.0527210 secs]
[GC 489049K->237161K(2944192K), 0.0602690 secs]
[GC 493289K->241609K(2944192K), 0.0544390 secs]
[GC 497737K->244936K(2944192K), 0.0519000 secs]
[GC 501064K->234349K(2944192K), 0.0628450 secs]
[GC 490477K->232308K(2944192K), 0.0543650 secs]
[GC 488436K->240909K(2944192K), 0.0519000 secs]
[GC 497037K->247266K(2944192K), 0.0525020 secs]
[GC 503394K->253084K(2944192K), 0.0508670 secs]
[GC 509212K->257516K(2944192K), 0.0556460 secs]
[GC 513644K->261821K(2944192K), 0.0528360 secs]
[GC 517949K->253199K(2944192K), 0.0580490 secs]
[GC 509327K->253794K(2944192K), 0.0541580 secs]
[GC 509922K->262502K(2944192K), 0.0561990 secs]
[GC 518630K->267481K(2944192K), 0.0661350 secs]
[GC 523609K->272740K(2944192K), 0.0984790 secs]
[GC 528868K->290396K(2944192K), 0.0581210 secs]
[GC 546524K->267398K(2944192K), 0.0518340 secs]
[GC 523526K->265658K(2944192K), 0.0560620 secs]
[GC 521786K->273384K(2944192K), 0.0578100 secs]
[GC 529512K->291674K(2944192K), 0.0527760 secs]
[GC 547802K->297647K(2944192K), 0.0529460 secs]
[GC 553775K->283861K(2944192K), 0.0546170 secs]
[GC 539989K->298548K(2944192K), 0.0569950 secs]
[GC 554676K->282898K(2944192K), 0.0694500 secs]
[GC 539026K->292092K(2944192K), 0.0515100 secs]
[GC 548220K->295535K(2944192K), 0.0564060 secs]
[GC 551663K->298501K(2944192K), 0.0589050 secs]
[GC 554629K->290320K(2944192K), 0.0558800 secs]
[GC 546448K->320355K(2944192K), 0.0573320 secs]
[GC 576483K->297333K(2944192K), 0.0570170 secs]
[GC 553461K->308563K(2944192K), 0.0509660 secs]
[GC 564691K->305651K(2944192K), 0.0509710 secs]
[GC 561779K->320941K(2944192K), 0.0497230 secs]
[GC 577069K->300825K(2944192K), 0.0593660 secs]
[GC 556953K->322082K(2944192K), 0.0589820 secs]
[GC 578210K->333107K(2944192K), 0.0608910 secs]
[GC 589235K->326515K(2944192K), 0.0602910 secs]
 INFO  [pool-1-thread-1] {org.radargun.stressors.StressTestStressor} Started 4 stressor threads.
 INFO  [Stressor-1] {org.radargun.stressors.StressTestStressor} Number of ops executed so far: 1. Elapsed time: 0.000 secs. Remaining: 1 mins 0 secs. Total: 1 mins 0 secs
[GC 582643K->332046K(2944192K), 0.0673710 secs]
[GC 588174K->339475K(2944192K), 0.0567610 secs]
[GC 595603K->345110K(2944192K), 0.0648760 secs]
[GC 601201K->355827K(2944192K), 0.0756970 secs]
[GC 611943K->362704K(2944192K), 0.0623850 secs]
[GC 618832K->378529K(2944192K), 0.0821420 secs]
[GC 634593K->377990K(2944192K), 0.0563110 secs]
[GC 634118K->400360K(2944192K), 0.0565280 secs]
[GC 656488K->363122K(2944192K), 0.0517530 secs]
[GC 619250K->374473K(2944192K), 0.0597280 secs]
[GC 630601K->397319K(2944192K), 0.0679630 secs]
[GC 653447K->400524K(2944192K), 0.0555120 secs]
[GC 656626K->421050K(2944192K), 0.0649270 secs]
[GC 677178K->397643K(2944192K), 0.0524120 secs]
 INFO  [Stressor-0] {org.radargun.stressors.StressTestStressor} Number of ops executed so far: 4901828. Elapsed time: 20.000 secs. Remaining: 40.000 secs. Total: 1 mins 0 secs
[GC 653771K->408701K(2944192K), 0.0570000 secs]
[GC 664829K->426393K(2944192K), 0.0679780 secs]
[GC 682521K->426952K(2944192K), 0.0545770 secs]
[GC 683080K->451096K(2944192K), 0.0621350 secs]
[GC 707224K->426257K(2944192K), 0.0578660 secs]
[GC 682385K->428165K(2944192K), 0.0612620 secs]
[GC 684293K->452188K(2944192K), 0.0730600 secs]
[GC 708316K->454603K(2944192K), 0.0560190 secs]
[GC 710731K->469341K(2944192K), 0.0720660 secs]
[GC 725469K->454764K(2944192K), 0.0483940 secs]
[GC 710882K->461756K(2944192K), 0.0526480 secs]
[GC 717861K->475685K(2944192K), 0.0607210 secs]
[GC 731813K->480023K(2944192K), 0.0578380 secs]
[GC 736151K->508084K(2944192K), 0.0567460 secs]
[GC 764212K->471900K(2944192K), 0.0498730 secs]
 INFO  [Stressor-0] {org.radargun.stressors.StressTestStressor} Number of ops executed so far: 10149948. Elapsed time: 40.000 secs. Remaining: 20.000 secs. Total: 1 mins 0 secs
[GC 728028K->498205K(2944192K), 0.0592420 secs]
[GC 754333K->507364K(2944192K), 0.0655350 secs]
[GC 763331K->511575K(2944192K), 0.0606540 secs]
[GC 767703K->527489K(2944192K), 0.0696550 secs]
[GC 783617K->512188K(2944192K), 0.0520680 secs]
[GC 768316K->520993K(2944192K), 0.0566290 secs]
[GC 777121K->547441K(2944192K), 0.0588700 secs]
[GC 803569K->541904K(2944192K), 0.0518460 secs]
[GC 798032K->556655K(2944192K), 0.0675050 secs]
[GC 812747K->551180K(2944192K), 0.0468460 secs]
[GC 807308K->544596K(2944192K), 0.0588090 secs]
[GC 800724K->570869K(2944192K), 0.0669120 secs]
[GC 826997K->568250K(2944192K), 0.0563190 secs]
[GC 824378K->591489K(2944192K), 0.0741830 secs]
[GC 847617K->545685K(2944192K), 0.0519940 secs]
 INFO  [Stressor-3] {org.radargun.stressors.StressTestStressor} Number of ops executed so far: 14895883. Elapsed time: 1 mins 0 secs. Remaining: 0.000 secs. Total: 1 mins 0 secs
 INFO  [pool-1-thread-1] {org.radargun.stressors.StressTestStressor} Finished generating report. Test duration is: 4 mins 51 secs
 INFO  [pool-1-thread-1] {org.radargun.stages.StressTestStage} size info: FFWrapper using infinispan52, clusterSize:10, nodeIndex:5, cacheSize: -1
 INFO  [pool-1-thread-1] {org.radargun.Slave} Finished stage: StressTest {bulkSize=1, cacheSpecificKeyGenerator=false, commitTransactions=true, duration=1 mins 0 secs, entrySize=1000, exitBenchmarkOnSlaveFailure=false, fixedKeys=true, generateHistogramRange=false, keyGeneratorClass=org.radargun.stressors.StringKeyGenerator, keyGeneratorParam=null, loadAllKeys=false, numEntries=10000, numOfThreads=4, numRequests=10000000, numThreads=4, numberOfAttributes=10000, numberOfRequests=10000000, opsCountStatusLog=500000, poolKeys=true, preferAsyncOperations=false, removePercentage=0, replaceInvalidPercentage=40, runOnAllSlaves=false, sharedKeys=false, sizeOfAnAttribute=1000, slaves=null, transactionSize=10000, useAtomics=false, useHistogramStatistics=false, useSimpleStatistics=true, useSmartClassLoading=true, useTransactions=true, writePercentage=1, writeTxPercentage=20 }
 INFO  [main] {org.radargun.Slave} Ack successfully sent to the master
[GC 801813K->573963K(2944192K), 0.0537440 secs]
[GC 830091K->587312K(2944192K), 0.0600220 secs]
[GC 843440K->579526K(2944192K), 0.0492050 secs]
[GC 835654K->546595K(2944192K), 0.0450960 secs]
[GC 802723K->559809K(2944192K), 0.0479630 secs]
[GC 815937K->554754K(2944192K), 0.0439580 secs]
[GC 810882K->546111K(2944192K), 0.0454440 secs]
[GC 802239K->548139K(2944192K), 0.0478650 secs]
[GC 804267K->566829K(2944192K), 0.0493970 secs]
[GC 822957K->579531K(2944192K), 0.0479040 secs]
[GC 835659K->551708K(2944192K), 0.0502720 secs]
[GC 807836K->580008K(2944192K), 0.0529800 secs]
[GC 836136K->560283K(2944192K), 0.0586580 secs]
[GC 816411K->570301K(2944192K), 0.0597480 secs]
[GC 826429K->566290K(2944192K), 0.0572060 secs]
[GC 822418K->559534K(2944192K), 0.0569750 secs]
[GC 815662K->574854K(2944192K), 0.0444420 secs]
[GC 830982K->575199K(2944192K), 0.0537180 secs]
[GC 831327K->577203K(2944192K), 0.0548470 secs]
[GC 833331K->579515K(2944192K), 0.0554830 secs]
[GC 835643K->581745K(2944192K), 0.0564060 secs]
[GC 837873K->600043K(2944192K), 0.0592030 secs]
[GC 856171K->614109K(2944192K), 0.0691710 secs]
[GC 870237K->634683K(2944192K), 0.0631910 secs]
[GC 890811K->657720K(2944192K), 0.0731220 secs]
[GC 913848K->670446K(2944192K), 0.0785990 secs]
[GC 926574K->674767K(2944192K), 0.1031500 secs]
[GC 930895K->686687K(2944192K), 0.0779730 secs]
[GC 942815K->699301K(2944192K), 0.0778460 secs]
[GC 955429K->711844K(2944192K), 0.0823740 secs]
[GC 967972K->741387K(2944192K), 0.0787630 secs]
[GC 997515K->720780K(2944192K), 0.0848880 secs]
[GC 976858K->738505K(2944192K), 0.0984840 secs]
[GC 994633K->763571K(2944192K), 0.0804310 secs]
[GC 1019699K->776840K(2944192K), 0.0774360 secs]
[GC 1032968K->807668K(2944192K), 0.0691800 secs]
[GC 1063796K->804063K(2944192K), 0.0822660 secs]
[GC 1060191K->819973K(2944192K), 0.0811930 secs]
[GC 1076101K->833548K(2944192K), 0.0838630 secs]
[GC 1089676K->808517K(2944192K), 0.0756700 secs]
[GC 1064645K->816720K(2944192K), 0.0556850 secs]
[GC 1072848K->813126K(2944192K), 0.0651130 secs]
[GC 1069254K->817764K(2944192K), 0.0514740 secs]
[GC 1073892K->843783K(2944192K), 0.0552850 secs]
[GC 1099911K->817189K(2944192K), 0.0544760 secs]
[GC 1073317K->851747K(2944192K), 0.0561580 secs]
[GC 1107875K->818050K(2944192K), 0.0570620 secs]
[GC 1074178K->856887K(2944192K), 0.0555830 secs]
[GC 1113015K->821837K(2944192K), 0.0598760 secs]
[GC 1077965K->819985K(2944192K), 0.0716300 secs]
[GC 1076113K->841355K(2944192K), 0.0550270 secs]
[GC 1097483K->854605K(2944192K), 0.0538510 secs]
[GC 1110733K->844053K(2944192K), 0.0643960 secs]
[GC 1100181K->834128K(2944192K), 0.0623310 secs]
[GC 1090256K->825762K(2944192K), 0.0441810 secs]
[GC 1081890K->837193K(2944192K), 0.0775020 secs]
[GC 1093321K->831532K(2944192K), 0.0410640 secs]
[GC 1087660K->839107K(2944192K), 0.0415640 secs]
[GC 1095235K->847122K(2944192K), 0.0413830 secs]
[GC 1103250K->836170K(2944192K), 0.0428250 secs]
[GC 1092298K->846510K(2944192K), 0.0432850 secs]
[GC 1102638K->845369K(2944192K), 0.0497380 secs]
[GC 1101497K->847831K(2944192K), 0.0460460 secs]
[GC 1103959K->849757K(2944192K), 0.0434030 secs]
[GC 1105885K->851517K(2944192K), 0.0475120 secs]
[GC 1107645K->859911K(2944192K), 0.0464580 secs]
[GC 1116039K->848719K(2944192K), 0.0483850 secs]
[GC 1104847K->859438K(2944192K), 0.0445250 secs]
[GC 1115566K->857981K(2944192K), 0.0457430 secs]
[GC 1114109K->860657K(2944192K), 0.0430380 secs]
[GC 1116785K->869296K(2944192K), 0.0415870 secs]
[GC 1125424K->857759K(2944192K), 0.0502740 secs]
[GC 1113887K->874689K(2944192K), 0.0435290 secs]
[GC 1130817K->860111K(2944192K), 0.0444630 secs]
[GC 1116239K->878024K(2944192K), 0.0480130 secs]
[GC 1134152K->863676K(2944192K), 0.0430780 secs]
[GC 1119804K->875489K(2944192K), 0.0408630 secs]
[GC 1131617K->874475K(2944192K), 0.0487250 secs]
[GC 1130603K->883453K(2944192K), 0.0445830 secs]
[GC 1139581K->872165K(2944192K), 0.0435870 secs]
[GC 1128293K->889366K(2944192K), 0.0486380 secs]
[GC 1145494K->874701K(2944192K), 0.0471170 secs]
[GC 1130829K->886567K(2944192K), 0.0489380 secs]
[GC 1142695K->885494K(2944192K), 0.0520000 secs]
[GC 1141622K->888159K(2944192K), 0.0478170 secs]
[GC 1144287K->890142K(2944192K), 0.0447420 secs]
[GC 1146270K->892201K(2944192K), 0.0428960 secs]
[GC 1148329K->894034K(2944192K), 0.0506250 secs]
[GC 1150162K->896060K(2944192K), 0.0462190 secs]
[GC 1152188K->898020K(2944192K), 0.0714560 secs]
[GC 1154148K->899821K(2944192K), 0.0466100 secs]
[GC 1155949K->901920K(2944192K), 0.0485130 secs]
[GC 1158048K->903731K(2944192K), 0.0500830 secs]
[GC 1159859K->906013K(2944192K), 0.0501930 secs]
[GC 1162141K->907728K(2944192K), 0.0525170 secs]
[GC 1163856K->909786K(2944192K), 0.0493560 secs]
[GC 1165914K->911758K(2944192K), 0.0481230 secs]
[GC 1167886K->913435K(2944192K), 0.0459440 secs]
[GC 1169563K->915313K(2944192K), 0.0440790 secs]
[GC 1171441K->916963K(2944192K), 0.0454190 secs]
[GC 1173091K->918940K(2944192K), 0.0527230 secs]
[GC 1175068K->927550K(2944192K), 0.0501970 secs]
[GC 1183678K->915352K(2944192K), 0.0453530 secs]
[GC 1171480K->926834K(2944192K), 0.0456220 secs]
[GC 1182962K->925093K(2944192K), 0.0476740 secs]
[GC 1181221K->927890K(2944192K), 0.0459260 secs]
[GC 1184018K->929792K(2944192K), 0.0515260 secs]
[GC 1185920K->931825K(2944192K), 0.0437290 secs]
[GC 1187953K->933473K(2944192K), 0.0460840 secs]
[GC 1189601K->935231K(2944192K), 0.0444790 secs]
[GC 1191359K->930125K(2944192K), 0.0426570 secs]
[GC 1186253K->938865K(2944192K), 0.0415730 secs]
[GC 1194993K->940789K(2944192K), 0.0505630 secs]
[GC 1196917K->949661K(2944192K), 0.0471980 secs]
[GC 1205789K->937579K(2944192K), 0.0519070 secs]
[GC 1193707K->948943K(2944192K), 0.0537290 secs]
[GC 1205071K->947575K(2944192K), 0.0501880 secs]
[GC 1203703K->943125K(2944192K), 0.0460550 secs]
[GC 1199253K->952293K(2944192K), 0.0419990 secs]
[GC 1208421K->954214K(2944192K), 0.0468300 secs]
[GC 1210342K->955969K(2944192K), 0.0441140 secs]
[GC 1212097K->957821K(2944192K), 0.0520850 secs]
[GC 1213949K->959974K(2944192K), 0.0494090 secs]
[GC 1216102K->968905K(2944192K), 0.0479210 secs]
[GC 1225033K->956706K(2944192K), 0.0503480 secs]
[GC 1212834K->974781K(2944192K), 0.0428580 secs]
[GC 1230909K->959220K(2944192K), 0.0523450 secs]
[GC 1215348K->972017K(2944192K), 0.0697270 secs]
[GC 1228145K->970442K(2944192K), 0.0453540 secs]
[GC 1226570K->973089K(2944192K), 0.0436280 secs]
[GC 1229217K->974977K(2944192K), 0.0475670 secs]
[GC 1231105K->977010K(2944192K), 0.0460420 secs]
[GC 1233138K->978654K(2944192K), 0.0498460 secs]
[GC 1234782K->980675K(2944192K), 0.0491600 secs]
[GC 1236803K->982566K(2944192K), 0.0476700 secs]
[GC 1238694K->977114K(2944192K), 0.0527270 secs]
[GC 1233242K->986555K(2944192K), 0.0435720 secs]
[GC 1242683K->988230K(2944192K), 0.0442270 secs]
[GC 1244358K->983182K(2944192K), 0.0485300 secs]
[GC 1239310K->992216K(2944192K), 0.0413940 secs]
[GC 1248344K->1001285K(2944192K), 0.0536390 secs]
[GC 1257413K->988941K(2944192K), 0.0478850 secs]
[GC 1245069K->1000404K(2944192K), 0.0429700 secs]
[GC 1256532K->999030K(2944192K), 0.0465430 secs]
[GC 1255158K->1001628K(2944192K), 0.0462120 secs]
[GC 1257756K->1011146K(2944192K), 0.0569810 secs]
[GC 1267274K->998516K(2944192K), 0.0528650 secs]
[GC 1254644K->1010162K(2944192K), 0.0443040 secs]
[GC 1266290K->1008574K(2944192K), 0.0418990 secs]
[GC 1264702K->1018409K(2944192K), 0.0455230 secs]
[GC 1274537K->1006167K(2944192K), 0.0462000 secs]
[GC 1262295K->1017997K(2944192K), 0.0498110 secs]
[GC 1274125K->1016397K(2944192K), 0.0478600 secs]
[GC 1272525K->1019140K(2944192K), 0.0464050 secs]
[GC 1275268K->1021188K(2944192K), 0.0444980 secs]
[GC 1277316K->1023249K(2944192K), 0.0447570 secs]
[GC 1279377K->1025058K(2944192K), 0.0523690 secs]
[GC 1281186K->1034538K(2944192K), 0.0450340 secs]
[GC 1290666K->1021742K(2944192K), 0.0420180 secs]
[GC 1277870K->1040013K(2944192K), 0.0499240 secs]
[GC 1296141K->1028600K(2944192K), 0.0535570 secs]
[GC 1284728K->1036865K(2944192K), 0.0508100 secs]
[GC 1292993K->1042741K(2944192K), 0.0450520 secs]
[GC 1298869K->1031032K(2944192K), 0.0852270 secs]
[GC 1287160K->1050079K(2944192K), 0.0466660 secs]
[GC 1306207K->1033997K(2944192K), 0.0428620 secs]
[GC 1290125K->1053395K(2944192K), 0.0519280 secs]
[GC 1309523K->1037740K(2944192K), 0.0506900 secs]
[GC 1293868K->1044231K(2944192K), 0.0526890 secs]
[GC 1300359K->1049250K(2944192K), 0.0481600 secs]
[GC 1305378K->1052234K(2944192K), 0.0438590 secs]
[GC 1308362K->1054153K(2944192K), 0.0444500 secs]
[GC 1310281K->1056025K(2944192K), 0.0422020 secs]
[GC 1312153K->1057834K(2944192K), 0.0436110 secs]
[GC 1313962K->1052635K(2944192K), 0.0463970 secs]
[GC 1308763K->1062261K(2944192K), 0.0435300 secs]
[GC 1318389K->1064074K(2944192K), 0.0535750 secs]
[GC 1320202K->1066096K(2944192K), 0.0453490 secs]
[GC 1322224K->1075304K(2944192K), 0.0457420 secs]
[GC 1331432K->1062478K(2944192K), 0.0446220 secs]
[GC 1318606K->1074457K(2944192K), 0.0447490 secs]
[GC 1330585K->1087073K(2944192K), 0.0533440 secs]
[GC 1343201K->1099894K(2944192K), 0.0570650 secs]
[GC 1356022K->1118847K(2944192K), 0.0616390 secs]
[GC 1374975K->1138624K(2944192K), 0.0723560 secs]
[GC 1394752K->1157047K(2944192K), 0.0689400 secs]
[GC 1413175K->1129473K(2944192K), 0.0843170 secs]
[GC 1385601K->1167807K(2944192K), 0.1073710 secs]
[GC 1423935K->1160888K(2944192K), 0.0813410 secs]
[GC 1417016K->1166724K(2944192K), 0.0734560 secs]
[GC 1422852K->1190777K(2944192K), 0.0763330 secs]
[GC 1446905K->1200883K(2944192K), 0.0711360 secs]
[GC 1457008K->1210341K(2944192K), 0.0691290 secs]
[GC 1466469K->1220785K(2944192K), 0.0722810 secs]
[GC 1476913K->1248418K(2944192K), 0.0591840 secs]
[GC 1504546K->1211690K(2944192K), 0.0676270 secs]
[GC 1467818K->1238059K(2944192K), 0.0584720 secs]
[GC 1494187K->1202347K(2944192K), 0.0581920 secs]
[GC 1458475K->1242363K(2944192K), 0.0580960 secs]
[GC 1498491K->1217323K(2944192K), 0.0677290 secs]
[GC 1473451K->1231628K(2944192K), 0.0572610 secs]
[GC 1487756K->1240650K(2944192K), 0.0591660 secs]
[GC 1496778K->1245586K(2944192K), 0.0643830 secs]
[GC 1501714K->1234562K(2944192K), 0.0620060 secs]
[GC 1490690K->1216204K(2944192K), 0.0688830 secs]
[GC 1472332K->1254270K(2944192K), 0.0592170 secs]
[GC 1510398K->1237562K(2944192K), 0.0740700 secs]
[GC 1493690K->1285659K(2944192K), 0.0749400 secs]
[GC 1541787K->1259033K(2944192K), 0.0727620 secs]
[GC 1515161K->1302449K(2944192K), 0.0804340 secs]
[GC 1558404K->1321096K(2944192K), 0.0868720 secs]
[GC 1577168K->1336293K(2944192K), 0.0955010 secs]
[GC 1592421K->1311998K(2944192K), 0.0860440 secs]
[GC 1568125K->1358051K(2944192K), 0.0831220 secs]
[GC 1614179K->1342376K(2944192K), 0.0913290 secs]
[GC 1598504K->1386471K(2944192K), 0.0821640 secs]
[GC 1642599K->1356291K(2944192K), 0.0836680 secs]
[GC 1612419K->1394004K(2944192K), 0.0784540 secs]
[GC 1397241K(2944192K), 0.0523930 secs]
[GC 1577217K(2944192K), 0.2707100 secs]
[GC 1401712K->1115765K(2944192K), 0.0658440 secs]
[GC 1371893K->1109920K(2944192K), 0.0797570 secs]
[GC 1366048K->1164716K(2944192K), 0.0651920 secs]
[GC 1420844K->1123330K(2944192K), 0.0673200 secs]
[GC 1379458K->1161710K(2944192K), 0.0680660 secs]
[GC 1417838K->1140903K(2944192K), 0.0803740 secs]
[GC 1397031K->1152182K(2944192K), 0.0619010 secs]
[GC 1408310K->1161067K(2944192K), 0.0622870 secs]
[GC 1417195K->1166859K(2944192K), 0.0629880 secs]
[GC 1422987K->1171814K(2944192K), 0.0654280 secs]
[GC 1427942K->1143008K(2944192K), 0.0801250 secs]
[GC 1399136K->1162971K(2944192K), 0.0612430 secs]
[GC 1419099K->1177751K(2944192K), 0.0642260 secs]
[GC 1433879K->1151631K(2944192K), 0.0737660 secs]
[GC 1407759K->1151055K(2944192K), 0.0636260 secs]
[GC 1407183K->1194004K(2944192K), 0.0632750 secs]
[GC 1449960K->1182519K(2944192K), 0.0833890 secs]
[GC 1438647K->1216528K(2944192K), 0.0787640 secs]
[GC 1472656K->1238242K(2944192K), 0.0897160 secs]
[GC 1494370K->1254109K(2944192K), 0.0860830 secs]
[GC 1510237K->1231111K(2944192K), 0.0937240 secs]
[GC 1487065K->1260703K(2944192K), 0.1016340 secs]
[GC 1516815K->1289383K(2944192K), 0.0719410 secs]
[GC 1545473K->1261467K(2944192K), 0.0899310 secs]
[GC 1517595K->1311321K(2944192K), 0.0855750 secs]
[GC 1567449K->1282758K(2944192K), 0.0819990 secs]
[GC 1538886K->1301206K(2944192K), 0.0782840 secs]
[GC 1557334K->1315441K(2944192K), 0.0680850 secs]
[GC 1571569K->1297912K(2944192K), 0.0813990 secs]
[GC 1554040K->1345955K(2944192K), 0.0824700 secs]
[GC 1602053K->1321005K(2944192K), 0.0834270 secs]
[GC 1577133K->1379166K(2944192K), 0.0871370 secs]
[GC 1635244K->1346882K(2944192K), 0.0820200 secs]
[GC 1603010K->1405882K(2944192K), 0.0899610 secs]
[GC 1662010K->1377150K(2944192K), 0.0850930 secs]
[GC 1633278K->1417586K(2944192K), 0.0855770 secs]
[GC 1673714K->1439556K(2944192K), 0.0872470 secs]
[GC 1695684K->1417792K(2944192K), 0.0859950 secs]
[GC 1673920K->1404453K(2944192K), 0.0764870 secs]
[GC 1660581K->1448529K(2944192K), 0.0628740 secs]
[GC 1704455K->1483029K(2944192K), 0.0853780 secs]
[GC 1739157K->1451490K(2944192K), 0.0944320 secs]
[GC 1707530K->1511801K(2944192K), 0.0928640 secs]
[GC 1767898K->1484417K(2944192K), 0.0939900 secs]
[GC 1740545K->1546453K(2944192K), 0.1077260 secs]
[GC 1802522K->1530296K(2944192K), 0.1032620 secs]
[GC 1786408K->1577710K(2944192K), 0.0922060 secs]
[GC 1833754K->1612256K(2944192K), 0.0984860 secs]
[GC 1868379K->1598348K(2944192K), 0.1046160 secs]
[GC 1854476K->1657844K(2944192K), 0.0975130 secs]
[GC 1913972K->1637430K(2944192K), 0.0967000 secs]
[GC 1893558K->1699479K(2944192K), 0.0937920 secs]
[GC 1955607K->1678648K(2944192K), 0.0928290 secs]
[GC 1934776K->1737316K(2944192K), 0.0947860 secs]
[GC 1993444K->1716168K(2944192K), 0.0837930 secs]
[GC 1972296K->1743276K(2944192K), 0.0691270 secs]
[GC 1999404K->1718671K(2944192K), 0.0818470 secs]
[GC 1974799K->1764451K(2944192K), 0.0673010 secs]
[GC 2020522K->1762409K(2944192K), 0.0812740 secs]
[GC 2018537K->1807484K(2944192K), 0.1061000 secs]
[GC 2063612K->1820952K(2944192K), 0.1090050 secs]
[GC 2077080K->1805873K(2944192K), 0.1136610 secs]
[GC 2062001K->1852900K(2944192K), 0.0957620 secs]
[GC 2109028K->1870199K(2944192K), 0.0883970 secs]
[GC 2126327K->1912512K(2944192K), 0.0948700 secs]
[GC 2168640K->1894888K(2944192K), 0.1031560 secs]
[GC 2151003K->1948782K(2944192K), 0.1076050 secs]
[GC 2204906K->1977594K(2944192K), 0.1074080 secs]
[GC 2233722K->1998038K(2944192K), 0.1078260 secs]
[GC 2254136K->2027298K(2944192K), 0.1030210 secs]
[GC 2283426K->2049992K(2944192K), 0.1021680 secs]
[GC 2306120K->2054125K(2944192K), 0.1045140 secs]
[GC 2310253K->2095320K(2944192K), 0.0985600 secs]
[GC 2351446K->2096468K(2944192K), 0.1001930 secs]
[GC 2352596K->2138898K(2944192K), 0.1031820 secs]
[GC 2394933K->2167447K(2944192K), 0.1097240 secs]
[GC 2423440K->2183129K(2944192K), 0.1039140 secs]
[GC 2439236K->2205474K(2944192K), 0.1007410 secs]
 INFO  [main] {org.radargun.Slave} Master shutdown!
 INFO  [Thread-0] {org.radargun.ShutDownHook} Slave process is being shutdown
 INFO  [hz.ShutdownThread] {com.hazelcast.nio.TcpIpConnection} [127.0.0.1]:5706 [FenixFrameworkGroup] Connection [Address[127.0.0.1]:5707] lost. Reason: Socket explicitly closed
 INFO  [hz.ShutdownThread] {com.hazelcast.nio.TcpIpConnection} [127.0.0.1]:5706 [FenixFrameworkGroup] Connection [Address[127.0.0.1]:5708] lost. Reason: Socket explicitly closed
 INFO  [hz.ShutdownThread] {com.hazelcast.nio.TcpIpConnection} [127.0.0.1]:5706 [FenixFrameworkGroup] Connection [Address[127.0.0.1]:5705] lost. Reason: Socket explicitly closed
 INFO  [hz._hzInstance_1_FenixFrameworkGroup.IO.thread-in-1] {com.hazelcast.nio.TcpIpConnection} [127.0.0.1]:5706 [FenixFrameworkGroup] Connection [Address[127.0.0.1]:5701] lost. Reason: java.io.EOFException[Remote socket closed!]
 INFO  [hz.ShutdownThread] {com.hazelcast.nio.TcpIpConnection} [127.0.0.1]:5706 [FenixFrameworkGroup] Connection [Address[127.0.0.1]:5702] lost. Reason: Socket explicitly closed
 INFO  [hz.ShutdownThread] {com.hazelcast.nio.TcpIpConnection} [127.0.0.1]:5706 [FenixFrameworkGroup] Connection [Address[127.0.0.1]:5709] lost. Reason: Socket explicitly closed
 INFO  [hz.ShutdownThread] {com.hazelcast.nio.TcpIpConnection} [127.0.0.1]:5706 [FenixFrameworkGroup] Connection [Address[127.0.0.1]:5704] lost. Reason: Socket explicitly closed
 INFO  [hz.ShutdownThread] {com.hazelcast.nio.TcpIpConnection} [127.0.0.1]:5706 [FenixFrameworkGroup] Connection [Address[127.0.0.1]:5710] lost. Reason: Socket explicitly closed
 INFO  [hz.ShutdownThread] {com.hazelcast.nio.TcpIpConnection} [127.0.0.1]:5706 [FenixFrameworkGroup] Connection [Address[127.0.0.1]:5703] lost. Reason: Socket explicitly closed
 INFO  [hz.ShutdownThread] {com.hazelcast.nio.TcpIpConnection} [127.0.0.1]:5706 [FenixFrameworkGroup] Connection [Address[127.0.0.1]:5705] lost. Reason: Socket explicitly closed
 INFO  [hz._hzInstance_1_FenixFrameworkGroup.IO.thread-in-0] {com.hazelcast.nio.TcpIpConnection} [127.0.0.1]:5706 [FenixFrameworkGroup] Connection [Address[127.0.0.1]:5708] lost. Reason: java.io.EOFException[Remote socket closed!]
 INFO  [hz.ShutdownThread] {com.hazelcast.nio.TcpIpConnection} [127.0.0.1]:5706 [FenixFrameworkGroup] Connection [Address[127.0.0.1]:5704] lost. Reason: Socket explicitly closed
 INFO  [hz.ShutdownThread] {com.hazelcast.initializer} [127.0.0.1]:5706 [FenixFrameworkGroup] Destroying node initializer.
 INFO  [hz.ShutdownThread] {com.hazelcast.instance.Node} [127.0.0.1]:5706 [FenixFrameworkGroup] Hazelcast Shutdown is completed in 51 ms.
