/usr/java/jdk1.7.0_21/bin/java -server -Xmx1024M -Xms1024M -Dresolve.dns=false -Djgroups.timer.num_threads=4 -verbose:gc -Xmx5000M -Xms3000M -server -XX:+UseConcMarkSweepGC -XX:+AggressiveOpts -verbose:gc -XX:ParallelGCThreads=4 -XX:NewRatio=5 -XX:SurvivorRatio=2 -Dhazelcast.operation.thread.count=4 -Djava.net.preferIPv4Stack=true -Dlog4j.file.prefix=deimos-esw-19511 -Dbind.address= -Djgroups.bind_addr= -classpath /home/smf/github/radargun/target/distribution/RadarGun-1.1.0-SNAPSHOT/lib/activation-1.1.jar:/home/smf/github/radargun/target/distribution/RadarGun-1.1.0-SNAPSHOT/lib/commons-beanutils-1.8.0.jar:/home/smf/github/radargun/target/distribution/RadarGun-1.1.0-SNAPSHOT/lib/commons-digester-2.0.jar:/home/smf/github/radargun/target/distribution/RadarGun-1.1.0-SNAPSHOT/lib/commons-logging-1.1.1.jar:/home/smf/github/radargun/target/distribution/RadarGun-1.1.0-SNAPSHOT/lib/commons-math-1.2.jar:/home/smf/github/radargun/target/distribution/RadarGun-1.1.0-SNAPSHOT/lib/jboss-transaction-api-1.0.1.GA.jar:/home/smf/github/radargun/target/distribution/RadarGun-1.1.0-SNAPSHOT/lib/jcommon-1.0.15.jar:/home/smf/github/radargun/target/distribution/RadarGun-1.1.0-SNAPSHOT/lib/jfreechart-1.0.12.jar:/home/smf/github/radargun/target/distribution/RadarGun-1.1.0-SNAPSHOT/lib/log4j-1.2.14.jar:/home/smf/github/radargun/target/distribution/RadarGun-1.1.0-SNAPSHOT/lib/mail-1.4.2.jar:/home/smf/github/radargun/target/distribution/RadarGun-1.1.0-SNAPSHOT/lib/radargun-framework-1.1.0-SNAPSHOT.jar:/home/smf/github/radargun/target/distribution/RadarGun-1.1.0-SNAPSHOT/conf org.radargun.Slave -master 127.0.0.1:2103
--------------------------------------------------------------------------------
PerNodeRollingFileAppender::Using file prefix:deimos-esw-19511
 INFO  [main] {org.radargun.Slave} Attempting to connect to master 127.0.0.1:2103
 INFO  [main] {org.radargun.Slave} Successfully established connection with master at: 127.0.0.1:2103
Loading JARS from /home/smf/github/radargun/target/distribution/RadarGun-1.1.0-SNAPSHOT/lib/radargun-framework-1.1.0-SNAPSHOT.jar
 INFO  [pool-1-thread-1] {org.radargun.config.AnnotatedHelper} Loading JARS from /home/smf/github/radargun/target/distribution/RadarGun-1.1.0-SNAPSHOT/lib/radargun-framework-1.1.0-SNAPSHOT.jar
 INFO  [pool-1-thread-1] {org.radargun.config.AnnotatedHelper} Loading JARS from /home/smf/github/radargun/target/distribution/RadarGun-1.1.0-SNAPSHOT/lib/radargun-framework-1.1.0-SNAPSHOT.jar
 INFO  [pool-1-thread-1] {org.radargun.Slave} Executing stage: DestroyWrapper {enforceMemoryThrashHold=true, exitBenchmarkOnSlaveFailure=false, heapDumpDir=null, memoryThreshold=95, runOnAllSlaves=true, slaves=null, useSmartClassLoading=true }
 INFO  [pool-1-thread-1] {org.radargun.stages.DestroyWrapperStage} Received destroy cache wrapper request from master...
 INFO  [pool-1-thread-1] {org.radargun.stages.DestroyWrapperStage} No cache wrapper deployed on this slave, nothing to do.
 INFO  [pool-1-thread-1] {org.radargun.stages.DestroyWrapperStage} Before executing clear, memory looks like this: Memory - free: 2,928,638 kb - max:4,906,688 kb- total:2,944,000 kb
[Full GC 15361K->3631K(2944000K), 0.0635020 secs]
 INFO  [pool-1-thread-1] {org.radargun.stages.DestroyWrapperStage} After executing cleanup, memory looks like this: Memory - free: 2,935,311 kb - max:4,906,688 kb- total:2,944,064 kb
 INFO  [pool-1-thread-1] {org.radargun.Slave} Finished stage: DestroyWrapper {enforceMemoryThrashHold=true, exitBenchmarkOnSlaveFailure=false, heapDumpDir=null, memoryThreshold=95, runOnAllSlaves=true, slaves=null, useSmartClassLoading=true }
 INFO  [main] {org.radargun.Slave} Ack successfully sent to the master
 INFO  [pool-1-thread-1] {org.radargun.Slave} Executing stage: StartCluster {config=ispn52-repl-sync-rc.xml, delayAfterFirstSlaveStarts=5.000 secs, delayBetweenStartingSlaves=0.500 secs, exitBenchmarkOnSlaveFailure=true, expectNumSlaves=null, mayFailOn=null, reachable=null, runOnAllSlaves=false, slaves=null, staggerSlaveStartup=true, useSmartClassLoading=true, validateCluster=true }
 INFO  [pool-1-thread-1] {org.radargun.stages.StartClusterStage}  Startup staggering, starting 12 slaves. This is the slave with index 8. Sleeping for 9000 millis.
 INFO  [pool-1-thread-1] {org.radargun.stages.StartClusterStage} Ack master's StartCluster stage. Local address is: /127.0.0.1. This slave's index is: 8
 INFO  [pool-1-thread-1] {org.radargun.utils.ClassLoadHelper} Creating newInstance org.radargun.cachewrappers.FFWrapper with classloader java.net.URLClassLoader@54266750
 INFO  [pool-1-thread-1] {org.radargun.cachewrappers.FFWrapper} config=ispn52-repl-sync-rc.xml, isLocal=false, nodeIndex=8, confAttributes={name=ispn52-repl-sync-rc.xml, decorate=infinispan52}
 INFO  [pool-1-thread-1] {org.radargun.cachewrappers.FFWrapper} Found fenix framework config options in 'rg-fenix-framework-config-options.properties'.
 INFO  [pool-1-thread-1] {org.radargun.cachewrappers.FFWrapper} Setting extra config properties for Fenix Framework.
 INFO  [pool-1-thread-1] {org.radargun.cachewrappers.FFWrapper} Will initialize Fenix Framework with RadarGunDataGridConfig
 TRACE [pool-1-thread-1] {pt.ist.fenixframework.FenixFramework} Static initializer block for FenixFramework class [BEGIN]
 INFO  [pool-1-thread-1] {pt.ist.fenixframework.FenixFramework} Trying auto-initialization with configuration by convention
 INFO  [pool-1-thread-1] {pt.ist.fenixframework.FenixFramework} Resource 'fenix-framework.properties' not found
 DEBUG [pool-1-thread-1] {pt.ist.fenixframework.FenixFramework} Fenix Framework properties after reading default config file:{}
 DEBUG [pool-1-thread-1] {pt.ist.fenixframework.FenixFramework} CurrentBackEndName = jvstm-datagrid
 INFO  [pool-1-thread-1] {pt.ist.fenixframework.FenixFramework} Resource 'fenix-framework-jvstm-datagrid.properties' not found
 DEBUG [pool-1-thread-1] {pt.ist.fenixframework.FenixFramework} Fenix Framework properties after reading backend config file:{}
 DEBUG [pool-1-thread-1] {pt.ist.fenixframework.FenixFramework} Fenix Framework properties after enforcing system properties:{}
 INFO  [pool-1-thread-1] {pt.ist.fenixframework.FenixFramework} Skipping configuration by convention.
 TRACE [pool-1-thread-1] {pt.ist.fenixframework.FenixFramework} Static initializer block for FenixFramework class [END]
 INFO  [pool-1-thread-1] {pt.ist.fenixframework.FenixFramework} Initializing Fenix Framework with config.class=pt.ist.fenixframework.backend.jvstm.datagrid.radargun.RadarGunDataGridConfig
 INFO  [pool-1-thread-1] {pt.ist.fenixframework.backend.jvstm.cluster.JvstmClusterBackEnd} initializeGroupCommunication()
 INFO  [pool-1-thread-1] {com.hazelcast.config.ClasspathXmlConfig} Configuring Hazelcast from 'hazelcast-ff.xml'.
 INFO  [pool-1-thread-1] {com.hazelcast.instance.DefaultAddressPicker} Interfaces is disabled, trying to pick one address from TCP-IP config addresses: [127.0.0.1]
 INFO  [pool-1-thread-1] {com.hazelcast.instance.DefaultAddressPicker} Picked Address[127.0.0.1]:5709, using socket ServerSocket[addr=/0.0.0.0,localport=5709], bind any local is true
 INFO  [pool-1-thread-1] {com.hazelcast.system} [127.0.0.1]:5709 [FenixFrameworkGroup] Hazelcast Community Edition 3.0.2 (20130906) starting at Address[127.0.0.1]:5709
 INFO  [pool-1-thread-1] {com.hazelcast.system} [127.0.0.1]:5709 [FenixFrameworkGroup] Copyright (C) 2008-2013 Hazelcast.com
 INFO  [pool-1-thread-1] {com.hazelcast.instance.Node} [127.0.0.1]:5709 [FenixFrameworkGroup] Creating MulticastJoiner
 INFO  [pool-1-thread-1] {com.hazelcast.core.LifecycleService} [127.0.0.1]:5709 [FenixFrameworkGroup] Address[127.0.0.1]:5709 is STARTING
 INFO  [pool-1-thread-1] {com.hazelcast.cluster.TcpIpJoiner} [127.0.0.1]:5709 [FenixFrameworkGroup] Connecting to possible member: Address[127.0.0.1]:5703
 INFO  [pool-1-thread-1] {com.hazelcast.cluster.TcpIpJoiner} [127.0.0.1]:5709 [FenixFrameworkGroup] Connecting to possible member: Address[127.0.0.1]:5702
 INFO  [pool-1-thread-1] {com.hazelcast.cluster.TcpIpJoiner} [127.0.0.1]:5709 [FenixFrameworkGroup] Connecting to possible member: Address[127.0.0.1]:5701
 INFO  [hz._hzInstance_1_FenixFrameworkGroup.cached.thread-1] {com.hazelcast.nio.SocketConnector} [127.0.0.1]:5709 [FenixFrameworkGroup] Connecting to /127.0.0.1:5701, timeout: 0, bind-any: true
 INFO  [hz._hzInstance_1_FenixFrameworkGroup.cached.thread-2] {com.hazelcast.nio.SocketConnector} [127.0.0.1]:5709 [FenixFrameworkGroup] Connecting to /127.0.0.1:5702, timeout: 0, bind-any: true
 INFO  [hz._hzInstance_1_FenixFrameworkGroup.cached.thread-3] {com.hazelcast.nio.SocketConnector} [127.0.0.1]:5709 [FenixFrameworkGroup] Connecting to /127.0.0.1:5703, timeout: 0, bind-any: true
 INFO  [hz._hzInstance_1_FenixFrameworkGroup.cached.thread-3] {com.hazelcast.nio.TcpIpConnectionManager} [127.0.0.1]:5709 [FenixFrameworkGroup] 47753 accepted socket connection from /127.0.0.1:5703
 INFO  [hz._hzInstance_1_FenixFrameworkGroup.cached.thread-2] {com.hazelcast.nio.TcpIpConnectionManager} [127.0.0.1]:5709 [FenixFrameworkGroup] 40998 accepted socket connection from /127.0.0.1:5702
 INFO  [hz._hzInstance_1_FenixFrameworkGroup.cached.thread-1] {com.hazelcast.nio.TcpIpConnectionManager} [127.0.0.1]:5709 [FenixFrameworkGroup] 59512 accepted socket connection from /127.0.0.1:5701
 INFO  [hz._hzInstance_1_FenixFrameworkGroup.cached.thread-1] {com.hazelcast.cluster.ClusterService} [127.0.0.1]:5709 [FenixFrameworkGroup] 

Members [12] {
	Member [127.0.0.1]:5701
	Member [127.0.0.1]:5702
	Member [127.0.0.1]:5704
	Member [127.0.0.1]:5705
	Member [127.0.0.1]:5706
	Member [127.0.0.1]:5703
	Member [127.0.0.1]:5707
	Member [127.0.0.1]:5708
	Member [127.0.0.1]:5709 this
	Member [127.0.0.1]:5710
	Member [127.0.0.1]:5711
	Member [127.0.0.1]:5712
}

 INFO  [hz._hzInstance_1_FenixFrameworkGroup.IO.thread-Acceptor] {com.hazelcast.nio.SocketAcceptor} [127.0.0.1]:5709 [FenixFrameworkGroup] Accepting socket connection from /127.0.0.1:46844
 INFO  [hz._hzInstance_1_FenixFrameworkGroup.IO.thread-Acceptor] {com.hazelcast.nio.TcpIpConnectionManager} [127.0.0.1]:5709 [FenixFrameworkGroup] 5709 accepted socket connection from /127.0.0.1:46844
 INFO  [hz._hzInstance_1_FenixFrameworkGroup.IO.thread-Acceptor] {com.hazelcast.nio.SocketAcceptor} [127.0.0.1]:5709 [FenixFrameworkGroup] Accepting socket connection from /127.0.0.1:35159
 INFO  [hz._hzInstance_1_FenixFrameworkGroup.IO.thread-Acceptor] {com.hazelcast.nio.TcpIpConnectionManager} [127.0.0.1]:5709 [FenixFrameworkGroup] 5709 accepted socket connection from /127.0.0.1:35159
 INFO  [hz._hzInstance_1_FenixFrameworkGroup.IO.thread-Acceptor] {com.hazelcast.nio.SocketAcceptor} [127.0.0.1]:5709 [FenixFrameworkGroup] Accepting socket connection from /127.0.0.1:52030
 INFO  [hz._hzInstance_1_FenixFrameworkGroup.IO.thread-Acceptor] {com.hazelcast.nio.TcpIpConnectionManager} [127.0.0.1]:5709 [FenixFrameworkGroup] 5709 accepted socket connection from /127.0.0.1:52030
 INFO  [hz._hzInstance_1_FenixFrameworkGroup.IO.thread-Acceptor] {com.hazelcast.nio.SocketAcceptor} [127.0.0.1]:5709 [FenixFrameworkGroup] Accepting socket connection from /127.0.0.1:45452
 INFO  [hz._hzInstance_1_FenixFrameworkGroup.IO.thread-Acceptor] {com.hazelcast.nio.TcpIpConnectionManager} [127.0.0.1]:5709 [FenixFrameworkGroup] 5709 accepted socket connection from /127.0.0.1:45452
 INFO  [hz._hzInstance_1_FenixFrameworkGroup.cached.thread-2] {com.hazelcast.nio.SocketConnector} [127.0.0.1]:5709 [FenixFrameworkGroup] Connecting to /127.0.0.1:5707, timeout: 0, bind-any: true
 INFO  [hz._hzInstance_1_FenixFrameworkGroup.IO.thread-Acceptor] {com.hazelcast.nio.SocketAcceptor} [127.0.0.1]:5709 [FenixFrameworkGroup] Accepting socket connection from /127.0.0.1:41370
 INFO  [hz._hzInstance_1_FenixFrameworkGroup.cached.thread-9] {com.hazelcast.nio.SocketConnector} [127.0.0.1]:5709 [FenixFrameworkGroup] Connecting to /127.0.0.1:5710, timeout: 0, bind-any: true
 INFO  [hz._hzInstance_1_FenixFrameworkGroup.cached.thread-7] {com.hazelcast.nio.SocketConnector} [127.0.0.1]:5709 [FenixFrameworkGroup] Connecting to /127.0.0.1:5706, timeout: 0, bind-any: true
 INFO  [hz._hzInstance_1_FenixFrameworkGroup.cached.thread-2] {com.hazelcast.nio.TcpIpConnectionManager} [127.0.0.1]:5709 [FenixFrameworkGroup] 33794 accepted socket connection from /127.0.0.1:5707
 INFO  [hz._hzInstance_1_FenixFrameworkGroup.IO.thread-Acceptor] {com.hazelcast.nio.TcpIpConnectionManager} [127.0.0.1]:5709 [FenixFrameworkGroup] 5709 accepted socket connection from /127.0.0.1:41370
 INFO  [hz._hzInstance_1_FenixFrameworkGroup.cached.thread-6] {com.hazelcast.nio.SocketConnector} [127.0.0.1]:5709 [FenixFrameworkGroup] Connecting to /127.0.0.1:5705, timeout: 0, bind-any: true
 INFO  [hz._hzInstance_1_FenixFrameworkGroup.cached.thread-7] {com.hazelcast.nio.TcpIpConnectionManager} [127.0.0.1]:5709 [FenixFrameworkGroup] 35729 accepted socket connection from /127.0.0.1:5706
 INFO  [hz._hzInstance_1_FenixFrameworkGroup.IO.thread-Acceptor] {com.hazelcast.nio.SocketAcceptor} [127.0.0.1]:5709 [FenixFrameworkGroup] Accepting socket connection from /127.0.0.1:57950
 INFO  [hz._hzInstance_1_FenixFrameworkGroup.cached.thread-9] {com.hazelcast.nio.TcpIpConnectionManager} [127.0.0.1]:5709 [FenixFrameworkGroup] 54857 accepted socket connection from /127.0.0.1:5710
 INFO  [hz._hzInstance_1_FenixFrameworkGroup.cached.thread-6] {com.hazelcast.nio.TcpIpConnectionManager} [127.0.0.1]:5709 [FenixFrameworkGroup] 37302 accepted socket connection from /127.0.0.1:5705
 INFO  [hz._hzInstance_1_FenixFrameworkGroup.cached.thread-2] {com.hazelcast.nio.SocketConnector} [127.0.0.1]:5709 [FenixFrameworkGroup] Connecting to /127.0.0.1:5712, timeout: 0, bind-any: true
 INFO  [hz._hzInstance_1_FenixFrameworkGroup.IO.thread-Acceptor] {com.hazelcast.nio.TcpIpConnectionManager} [127.0.0.1]:5709 [FenixFrameworkGroup] 5709 accepted socket connection from /127.0.0.1:57950
 INFO  [hz._hzInstance_1_FenixFrameworkGroup.cached.thread-2] {com.hazelcast.nio.TcpIpConnectionManager} [127.0.0.1]:5709 [FenixFrameworkGroup] 42646 accepted socket connection from /127.0.0.1:5712
 INFO  [hz._hzInstance_1_FenixFrameworkGroup.IO.thread-Acceptor] {com.hazelcast.nio.SocketAcceptor} [127.0.0.1]:5709 [FenixFrameworkGroup] Accepting socket connection from /127.0.0.1:56156
 INFO  [hz._hzInstance_1_FenixFrameworkGroup.IO.thread-Acceptor] {com.hazelcast.nio.TcpIpConnectionManager} [127.0.0.1]:5709 [FenixFrameworkGroup] 5709 accepted socket connection from /127.0.0.1:56156
 INFO  [pool-1-thread-1] {com.hazelcast.core.LifecycleService} [127.0.0.1]:5709 [FenixFrameworkGroup] Address[127.0.0.1]:5709 is STARTED
 INFO  [pool-1-thread-1] {pt.ist.fenixframework.backend.jvstm.cluster.ClusterUtils} Got (long) serverId: 7
 INFO  [pool-1-thread-1] {pt.ist.fenixframework.backend.jvstm.cluster.JvstmClusterBackEnd} This is NOT the first node.
 INFO  [pool-1-thread-1] {pt.ist.fenixframework.backend.jvstm.cluster.ClusterUtils} Waiting for startup from first node
 INFO  [pool-1-thread-1] {pt.ist.fenixframework.backend.jvstm.JVSTMBackEnd} initializeRepository()
 INFO  [pool-1-thread-1] {pt.ist.fenixframework.backend.jvstm.datagrid.radargun.DataGridDecorator} config=ispn52-repl-sync-rc.xml, isLocal=false, nodeIndex=8, confAttributes={name=ispn52-repl-sync-rc.xml}
 INFO  [pool-1-thread-1] {org.radargun.cachewrappers.InfinispanXSWrapper} Cannot find any site for slave index 8
 INFO  [pool-1-thread-1] {org.infinispan.remoting.transport.jgroups.JGroupsTransport} ISPN000078: Starting JGroups Channel
 WARN  [pool-1-thread-1] {org.jgroups.protocols.UDP} [JGRP00014] the send buffer of socket DatagramSocket was set to 640KB, but the OS only allocated 229.38KB. This might lead to performance problems. Please set your max send buffer in the OS correctly (e.g. net.core.wmem_max on Linux)
 WARN  [pool-1-thread-1] {org.jgroups.protocols.UDP} [JGRP00014] the receive buffer of socket DatagramSocket was set to 20MB, but the OS only allocated 229.38KB. This might lead to performance problems. Please set your max receive buffer in the OS correctly (e.g. net.core.rmem_max on Linux)
 WARN  [pool-1-thread-1] {org.jgroups.protocols.UDP} [JGRP00014] the send buffer of socket MulticastSocket was set to 640KB, but the OS only allocated 229.38KB. This might lead to performance problems. Please set your max send buffer in the OS correctly (e.g. net.core.wmem_max on Linux)
 WARN  [pool-1-thread-1] {org.jgroups.protocols.UDP} [JGRP00014] the receive buffer of socket MulticastSocket was set to 25MB, but the OS only allocated 229.38KB. This might lead to performance problems. Please set your max receive buffer in the OS correctly (e.g. net.core.rmem_max on Linux)
[GC 259695K->17825K(2944064K), 0.0507540 secs]
 INFO  [pool-1-thread-1] {org.infinispan.remoting.transport.jgroups.JGroupsTransport} ISPN000094: Received new cluster view: [deimos-esw-32709|5] [deimos-esw-32709, deimos-esw-52082, deimos-esw-26320, deimos-esw-5446, deimos-esw-384, deimos-esw-33290, deimos-esw-26599, deimos-esw-57166]
 INFO  [pool-1-thread-1] {org.infinispan.remoting.transport.jgroups.JGroupsTransport} ISPN000079: Cache local address is deimos-esw-57166, physical addresses are [127.0.0.1:52007]
 INFO  [pool-1-thread-1] {org.infinispan.factories.GlobalComponentRegistry} ISPN000128: Infinispan version: Infinispan 'Delirium' 5.2.6.Final
 INFO  [Incoming-4,deimos-esw-57166] {org.infinispan.remoting.transport.jgroups.JGroupsTransport} ISPN000094: Received new cluster view: [deimos-esw-32709|6] [deimos-esw-32709, deimos-esw-52082, deimos-esw-26320, deimos-esw-5446, deimos-esw-384, deimos-esw-33290, deimos-esw-26599, deimos-esw-57166, deimos-esw-24518, deimos-esw-42852]
 INFO  [pool-1-thread-1] {org.infinispan.transaction.lookup.JBossStandaloneJTAManagerLookup} ISPN000107: Retrieving transaction manager Transaction: unknown
 INFO  [Incoming-4,deimos-esw-57166] {org.infinispan.remoting.transport.jgroups.JGroupsTransport} ISPN000094: Received new cluster view: [deimos-esw-32709|7] [deimos-esw-32709, deimos-esw-52082, deimos-esw-26320, deimos-esw-5446, deimos-esw-384, deimos-esw-33290, deimos-esw-26599, deimos-esw-57166, deimos-esw-24518, deimos-esw-42852, deimos-esw-35347, deimos-esw-494]
 INFO  [pool-1-thread-1] {org.infinispan.jmx.CacheJmxRegistration} ISPN000031: MBeans were successfully registered to the platform MBean server.
 INFO  [pool-1-thread-1] {org.radargun.cachewrappers.InfinispanXSWrapper} Using transaction manager: Transaction: unknown
 INFO  [pool-1-thread-1] {org.radargun.cachewrappers.InfinispanXSWrapper} No RELAY2 protocol in XS wrapper
 INFO  [pool-1-thread-1] {org.radargun.cachewrappers.InfinispanXSWrapper} JGroups version: JGroups 3.2.7.Final
 INFO  [pool-1-thread-1] {org.radargun.cachewrappers.InfinispanXSWrapper} Using config attributes: {name=ispn52-repl-sync-rc.xml}
 INFO  [pool-1-thread-1] {pt.ist.fenixframework.backend.jvstm.datagrid.DataGridRepository} Initialization marker is present. Data Grid already existed.
 INFO  [pool-1-thread-1] {pt.ist.fenixframework.backend.jvstm.JVSTMBackEnd} initializeDomainClassInfos
 INFO  [pool-1-thread-1] {pt.ist.fenixframework.backend.jvstm.pstm.DomainClassInfo} serverId: 7, serverOidBase: 7000000000000
 INFO  [pool-1-thread-1] {pt.ist.fenixframework.backend.jvstm.pstm.DomainClassInfo} Existing domain class 'pt.ist.fenixframework.adt.bplustree.BPlusTreeArray' with id '2'
 INFO  [pool-1-thread-1] {pt.ist.fenixframework.backend.jvstm.pstm.DomainClassInfo} Existing domain class 'pt.ist.fenixframework.adt.bplustree.InnerNode' with id '8'
 INFO  [pool-1-thread-1] {pt.ist.fenixframework.backend.jvstm.pstm.DomainClassInfo} Existing domain class 'pt.ist.fenixframework.adt.bplustree.AbstractNodeArray' with id 'a'
 INFO  [pool-1-thread-1] {pt.ist.fenixframework.backend.jvstm.pstm.DomainClassInfo} Existing domain class 'pt.ist.fenixframework.adt.bplustree.InnerNodeArray' with id 'b'
 INFO  [pool-1-thread-1] {pt.ist.fenixframework.backend.jvstm.pstm.DomainClassInfo} Existing domain class 'pt.ist.fenixframework.adt.bplustree.DomainBPlusTree' with id 'e'
 INFO  [pool-1-thread-1] {pt.ist.fenixframework.backend.jvstm.pstm.DomainClassInfo} Existing domain class 'pt.ist.fenixframework.adt.bplustree.LeafNode' with id '4'
 INFO  [pool-1-thread-1] {pt.ist.fenixframework.backend.jvstm.pstm.DomainClassInfo} Existing domain class 'pt.ist.fenixframework.DomainRoot' with id '0'
 INFO  [pool-1-thread-1] {pt.ist.fenixframework.backend.jvstm.pstm.DomainClassInfo} Existing domain class 'pt.ist.fenixframework.adt.bplustree.DomainInnerNode' with id '3'
 INFO  [pool-1-thread-1] {pt.ist.fenixframework.backend.jvstm.pstm.DomainClassInfo} Existing domain class 'pt.ist.fenixframework.adt.bplustree.DomainLeafNode' with id '1'
 INFO  [pool-1-thread-1] {pt.ist.fenixframework.backend.jvstm.pstm.DomainClassInfo} Existing domain class 'pt.ist.fenixframework.backend.jvstm.pstm.FenixFrameworkData' with id 'd'
 INFO  [pool-1-thread-1] {pt.ist.fenixframework.backend.jvstm.pstm.DomainClassInfo} Existing domain class 'pt.ist.fenixframework.adt.bplustree.LeafNodeArray' with id 'c'
 INFO  [pool-1-thread-1] {pt.ist.fenixframework.backend.jvstm.pstm.DomainClassInfo} Existing domain class 'pt.ist.fenixframework.adt.linkedlist.ListNode' with id '6'
 INFO  [pool-1-thread-1] {pt.ist.fenixframework.backend.jvstm.pstm.DomainClassInfo} Existing domain class 'pt.ist.fenixframework.adt.bplustree.BPlusTree' with id '7'
 INFO  [pool-1-thread-1] {pt.ist.fenixframework.backend.jvstm.pstm.DomainClassInfo} Existing domain class 'pt.ist.fenixframework.adt.bplustree.AbstractNode' with id 'f'
 INFO  [pool-1-thread-1] {pt.ist.fenixframework.backend.jvstm.pstm.DomainClassInfo} Existing domain class 'pt.ist.fenixframework.adt.linkedlist.LinkedList' with id '9'
 INFO  [pool-1-thread-1] {pt.ist.fenixframework.backend.jvstm.pstm.DomainClassInfo} Existing domain class 'pt.ist.fenixframework.backend.jvstm.pstm.TransactionStatisticsEntry' with id '5'
 INFO  [pool-1-thread-1] {pt.ist.fenixframework.backend.jvstm.JVSTMBackEnd} setupJVSTM
 INFO  [pool-1-thread-1] {pt.ist.fenixframework.backend.jvstm.JVSTMBackEnd} Setting the last committed TX number to 2
 INFO  [pool-1-thread-1] {pt.ist.fenixframework.backend.jvstm.JVSTMBackEnd} createDomainRootIfNeeded
 INFO  [pool-1-thread-1] {pt.ist.fenixframework.backend.jvstm.JVSTMBackEnd} ensureFenixFrameworkDataExists
 INFO  [pool-1-thread-1] {pt.ist.fenixframework.hibernatesearch.HibernateSearchConfig} Resource 'fenix-framework-hibernate-search.properties' not found. Hibernate Search disabled
 INFO  [pool-1-thread-1] {pt.ist.fenixframework.FenixFramework} Initialization of Fenix Framework is now complete.
 INFO  [pool-1-thread-1] {org.radargun.cachewrappers.FFWrapper} FF STARTED=true
 INFO  [pool-1-thread-1] {org.radargun.stages.helpers.StartHelper} Number of members is the one expected: 12
 INFO  [pool-1-thread-1] {org.radargun.stages.StartClusterStage} Successfully started cache wrapper on slave 8: org.radargun.cachewrappers.FFWrapper@c76948f
 INFO  [pool-1-thread-1] {org.radargun.Slave} Finished stage: StartCluster {config=ispn52-repl-sync-rc.xml, delayAfterFirstSlaveStarts=5.000 secs, delayBetweenStartingSlaves=0.500 secs, exitBenchmarkOnSlaveFailure=true, expectNumSlaves=null, mayFailOn=null, reachable=null, runOnAllSlaves=false, slaves=null, staggerSlaveStartup=true, useSmartClassLoading=true, validateCluster=true }
 INFO  [main] {org.radargun.Slave} Ack successfully sent to the master
 INFO  [pool-1-thread-1] {org.radargun.Slave} Executing stage: ClusterValidation {exitBenchmarkOnSlaveFailure=false, partialReplication=false, replicationTimeSleep=2000, replicationTryCount=60, runOnAllSlaves=false, slaves=null, useSmartClassLoading=true }
 INFO  [pool-1-thread-1] {org.radargun.stages.ClusterValidationStage} Number of caches that replicated here is 4
 INFO  [pool-1-thread-1] {org.radargun.stages.ClusterValidationStage} Replication test failed, 1 tries so far. Sleeping for 2 seconds and trying again.
 INFO  [pool-1-thread-1] {org.radargun.stages.ClusterValidationStage} Number of caches that replicated here is 11
 INFO  [pool-1-thread-1] {org.radargun.stages.ClusterValidationStage} Replication test successfully passed. partialReplication? false, replicationCount = 11
 INFO  [pool-1-thread-1] {org.radargun.stages.ClusterValidationStage} Confirm phase successful.
 INFO  [pool-1-thread-1] {org.radargun.Slave} Finished stage: ClusterValidation {exitBenchmarkOnSlaveFailure=false, partialReplication=false, replicationTimeSleep=2000, replicationTryCount=60, runOnAllSlaves=false, slaves=[ 0, 1, 2, 3, 4, 5, 6, 7, 8, 9, 10, 11 ], useSmartClassLoading=true }
 INFO  [main] {org.radargun.Slave} Ack successfully sent to the master
 INFO  [pool-1-thread-1] {org.radargun.Slave} Executing stage: StressTestWarmup {bulkSize=1, cacheSpecificKeyGenerator=false, commitTransactions=true, duration=1 mins 0 secs, entrySize=1000, exitBenchmarkOnSlaveFailure=false, fixedKeys=true, generateHistogramRange=false, keyGeneratorClass=org.radargun.stressors.StringKeyGenerator, keyGeneratorParam=null, loadAllKeys=false, numEntries=100, numOfThreads=4, numRequests=10000, numThreads=4, numberOfAttributes=100, numberOfRequests=10000, opsCountStatusLog=100000, poolKeys=true, preferAsyncOperations=false, removePercentage=0, replaceInvalidPercentage=40, runOnAllSlaves=false, sharedKeys=false, sizeOfAnAttribute=1000, slaves=null, transactionSize=50, useAtomics=false, useHistogramStatistics=false, useSimpleStatistics=true, useSmartClassLoading=true, useTransactions=null, writePercentage=20, writeTxPercentage=20 }
 INFO  [pool-1-thread-1] {org.radargun.stages.StressTestWarmupStage} Starting StressTestWarmupStage: StressTestWarmup {bulkSize=1, cacheSpecificKeyGenerator=false, commitTransactions=true, duration=1 mins 0 secs, entrySize=1000, exitBenchmarkOnSlaveFailure=false, fixedKeys=true, generateHistogramRange=false, keyGeneratorClass=org.radargun.stressors.StringKeyGenerator, keyGeneratorParam=null, loadAllKeys=false, numEntries=100, numOfThreads=4, numRequests=10000, numThreads=4, numberOfAttributes=100, numberOfRequests=10000, opsCountStatusLog=100000, poolKeys=true, preferAsyncOperations=false, removePercentage=0, replaceInvalidPercentage=40, runOnAllSlaves=false, sharedKeys=false, sizeOfAnAttribute=1000, slaves=null, transactionSize=50, useAtomics=false, useHistogramStatistics=false, useSimpleStatistics=true, useSmartClassLoading=true, useTransactions=null, writePercentage=20, writeTxPercentage=20 }
 INFO  [pool-1-thread-1] {org.radargun.stressors.StressTestStressor} Using key generator org.radargun.stressors.StringKeyGenerator, param null
 INFO  [pool-1-thread-1] {org.radargun.stressors.StressTestStressor} Executing: StressTestStressor{opsCountStatusLog=100000, numRequests=10000, numEntries=100, entrySize=1000, writePercentage=20, numThreads=4, cacheWrapper=org.radargun.cachewrappers.FFWrapper@c76948f, nodeIndex=8, useTransactions=true, transactionSize=50, commitTransactions=true, durationMillis=60000}
 INFO  [pool-1-thread-1] {org.radargun.stressors.StressTestStressor} Cache wrapper info is: FFWrapper using infinispan52
[GC 273889K->18348K(2944064K), 0.0435320 secs]
[GC 274412K->17465K(2944064K), 0.0373300 secs]
[GC 273529K->17930K(2944064K), 0.0347070 secs]
 INFO  [pool-1-thread-1] {org.radargun.stressors.StressTestStressor} Started 4 stressor threads.
 INFO  [Stressor-2] {org.radargun.stressors.StressTestStressor} Number of ops executed so far: 1. Elapsed time: 0.001 secs. Remaining: 59.999 secs. Total: 1 mins 0 secs
[GC 273994K->22556K(2944064K), 0.0359290 secs]
[GC 278620K->25058K(2944064K), 0.0376060 secs]
[GC 281122K->29356K(2944064K), 0.0373090 secs]
[GC 285420K->33478K(2944064K), 0.0370370 secs]
[GC 289542K->33709K(2944064K), 0.0416040 secs]
[GC 289773K->39734K(2944064K), 0.0440540 secs]
 INFO  [Stressor-0] {org.radargun.stressors.StressTestStressor} Number of ops executed so far: 18350. Elapsed time: 20.001 secs. Remaining: 39.999 secs. Total: 1 mins 0 secs
[GC 295798K->46028K(2944064K), 0.0434620 secs]
[GC 302092K->55964K(2944064K), 0.0428150 secs]
[GC 312028K->62916K(2944064K), 0.0515320 secs]
[GC 318980K->60728K(2944064K), 0.0439690 secs]
[GC 316792K->68776K(2944064K), 0.0471450 secs]
[GC 324840K->70511K(2944064K), 0.0742110 secs]
 INFO  [Stressor-2] {org.radargun.stressors.StressTestStressor} Number of ops executed so far: 40800. Elapsed time: 40.065 secs. Remaining: 19.935 secs. Total: 1 mins 0 secs
[GC 326575K->64981K(2944064K), 0.0520800 secs]
[GC 321045K->79070K(2944064K), 0.0457070 secs]
[GC 335134K->72823K(2944064K), 0.0448820 secs]
[GC 328887K->75337K(2944064K), 0.0470860 secs]
[GC 331401K->93096K(2944064K), 0.0479960 secs]
 INFO  [Stressor-2] {org.radargun.stressors.StressTestStressor} Number of ops executed so far: 79000. Elapsed time: 1 mins 0 secs. Remaining: 0.000 secs. Total: 1 mins 0 secs
 INFO  [pool-1-thread-1] {org.radargun.stressors.StressTestStressor} Finished generating report. Test duration is: 1 mins 18 secs
 INFO  [pool-1-thread-1] {org.radargun.stages.StressTestWarmupStage} The warmup took: 78 seconds.
 INFO  [pool-1-thread-1] {org.radargun.Slave} Finished stage: StressTestWarmup {bulkSize=1, cacheSpecificKeyGenerator=false, commitTransactions=true, duration=1 mins 0 secs, entrySize=1000, exitBenchmarkOnSlaveFailure=false, fixedKeys=true, generateHistogramRange=false, keyGeneratorClass=org.radargun.stressors.StringKeyGenerator, keyGeneratorParam=null, loadAllKeys=false, numEntries=100, numOfThreads=4, numRequests=10000, numThreads=4, numberOfAttributes=100, numberOfRequests=10000, opsCountStatusLog=100000, poolKeys=true, preferAsyncOperations=false, removePercentage=0, replaceInvalidPercentage=40, runOnAllSlaves=false, sharedKeys=false, sizeOfAnAttribute=1000, slaves=null, transactionSize=50, useAtomics=false, useHistogramStatistics=false, useSimpleStatistics=true, useSmartClassLoading=true, useTransactions=null, writePercentage=20, writeTxPercentage=20 }
 INFO  [main] {org.radargun.Slave} Ack successfully sent to the master
[GC 349160K->81123K(2944064K), 0.0509170 secs]
[GC 337187K->101596K(2944064K), 0.0494060 secs]
[GC 357660K->97729K(2944064K), 0.0490930 secs]
[GC 353793K->100081K(2944064K), 0.0502420 secs]
[GC 356145K->101662K(2944064K), 0.0437160 secs]
[GC 357726K->92993K(2944064K), 0.0500000 secs]
[GC 349057K->100048K(2944064K), 0.0484130 secs]
[GC 356112K->86312K(2944064K), 0.0445780 secs]
[GC 342376K->91566K(2944064K), 0.0447450 secs]
[GC 347630K->83552K(2944064K), 0.0459500 secs]
[GC 339616K->96122K(2944064K), 0.0458820 secs]
[GC 352186K->99498K(2944064K), 0.0460120 secs]
[GC 355562K->93643K(2944064K), 0.0527790 secs]
[GC 349707K->107645K(2944064K), 0.0496110 secs]
[GC 363709K->101406K(2944064K), 0.0489720 secs]
[GC 357470K->105259K(2944064K), 0.0506640 secs]
[GC 361323K->117162K(2944064K), 0.0487600 secs]
[GC 373226K->134093K(2944064K), 0.0556390 secs]
[GC 390157K->142084K(2944064K), 0.0540800 secs]
[GC 398148K->152394K(2944064K), 0.0586890 secs]
[GC 408458K->166021K(2944064K), 0.0634920 secs]
[GC 422075K->192539K(2944064K), 0.0847380 secs]
[GC 448595K->204110K(2944064K), 0.0906260 secs]
 INFO  [pool-1-thread-1] {org.radargun.Slave} Executing stage: ClearClusterStage {ClearCluster {exitBenchmarkOnSlaveFailure=false, runOnAllSlaves=false, slaves=[ 0 ], useSmartClassLoading=true }
 INFO  [pool-1-thread-1] {org.radargun.stages.ClearClusterStage} Before executing clear, memory looks like this: Memory - free: 2,680,205 kb - max:4,906,688 kb- total:2,944,064 kb
[Full GC 263858K->170386K(2944064K), 0.7491890 secs]
 INFO  [pool-1-thread-1] {org.radargun.stages.ClearClusterStage} After executing cleanup, memory looks like this: Memory - free: 2,772,582 kb - max:4,906,688 kb- total:2,944,192 kb
 INFO  [pool-1-thread-1] {org.radargun.Slave} Finished stage: ClearClusterStage {ClearCluster {exitBenchmarkOnSlaveFailure=false, runOnAllSlaves=false, slaves=[ 0 ], useSmartClassLoading=true }
 INFO  [main] {org.radargun.Slave} Ack successfully sent to the master
 INFO  [pool-1-thread-1] {org.radargun.Slave} Executing stage: StressTest {bulkSize=1, cacheSpecificKeyGenerator=false, commitTransactions=true, duration=1 mins 0 secs, entrySize=1000, exitBenchmarkOnSlaveFailure=false, fixedKeys=true, generateHistogramRange=false, keyGeneratorClass=org.radargun.stressors.StringKeyGenerator, keyGeneratorParam=null, loadAllKeys=false, numEntries=10000, numOfThreads=4, numRequests=10000000, numThreads=4, numberOfAttributes=10000, numberOfRequests=10000000, opsCountStatusLog=500000, poolKeys=true, preferAsyncOperations=false, removePercentage=0, replaceInvalidPercentage=40, runOnAllSlaves=false, sharedKeys=false, sizeOfAnAttribute=1000, slaves=null, transactionSize=10000, useAtomics=false, useHistogramStatistics=false, useSimpleStatistics=true, useSmartClassLoading=true, useTransactions=true, writePercentage=1, writeTxPercentage=20 }
 INFO  [pool-1-thread-1] {org.radargun.stages.StressTestStage} Starting StressTestStage: StressTest {bulkSize=1, cacheSpecificKeyGenerator=false, commitTransactions=true, duration=1 mins 0 secs, entrySize=1000, exitBenchmarkOnSlaveFailure=false, fixedKeys=true, generateHistogramRange=false, keyGeneratorClass=org.radargun.stressors.StringKeyGenerator, keyGeneratorParam=null, loadAllKeys=false, numEntries=10000, numOfThreads=4, numRequests=10000000, numThreads=4, numberOfAttributes=10000, numberOfRequests=10000000, opsCountStatusLog=500000, poolKeys=true, preferAsyncOperations=false, removePercentage=0, replaceInvalidPercentage=40, runOnAllSlaves=false, sharedKeys=false, sizeOfAnAttribute=1000, slaves=null, transactionSize=10000, useAtomics=false, useHistogramStatistics=false, useSimpleStatistics=true, useSmartClassLoading=true, useTransactions=true, writePercentage=1, writeTxPercentage=20 }
 INFO  [pool-1-thread-1] {org.radargun.stressors.StressTestStressor} Using key generator org.radargun.stressors.StringKeyGenerator, param null
 INFO  [pool-1-thread-1] {org.radargun.stressors.StressTestStressor} Executing: StressTestStressor{opsCountStatusLog=500000, numRequests=10000000, numEntries=10000, entrySize=1000, writePercentage=1, numThreads=4, cacheWrapper=org.radargun.cachewrappers.FFWrapper@c76948f, nodeIndex=8, useTransactions=true, transactionSize=10000, commitTransactions=true, durationMillis=60000}
 INFO  [pool-1-thread-1] {org.radargun.stressors.StressTestStressor} Cache wrapper info is: FFWrapper using infinispan52
[GC 426514K->250239K(2944192K), 0.0295370 secs]
[GC 506367K->190835K(2944192K), 0.0294810 secs]
[GC 446963K->179157K(2944192K), 0.0308460 secs]
[GC 435285K->179978K(2944192K), 0.0299840 secs]
[GC 436106K->181507K(2944192K), 0.0353400 secs]
[GC 437635K->184025K(2944192K), 0.0346420 secs]
[GC 440153K->184029K(2944192K), 0.0355920 secs]
[GC 440157K->188647K(2944192K), 0.0322200 secs]
[GC 444775K->187947K(2944192K), 0.0368540 secs]
[GC 444075K->189871K(2944192K), 0.0356710 secs]
[GC 445999K->195980K(2944192K), 0.0358340 secs]
[GC 452108K->194436K(2944192K), 0.0365110 secs]
[GC 450564K->200835K(2944192K), 0.0370620 secs]
[GC 456963K->203217K(2944192K), 0.0382620 secs]
[GC 459345K->206188K(2944192K), 0.0417710 secs]
[GC 462316K->210270K(2944192K), 0.0467390 secs]
[GC 466398K->200357K(2944192K), 0.0420430 secs]
[GC 456485K->204106K(2944192K), 0.0462930 secs]
[GC 460234K->207695K(2944192K), 0.0420570 secs]
[GC 463823K->210173K(2944192K), 0.0401350 secs]
[GC 466301K->217705K(2944192K), 0.0410570 secs]
[GC 473833K->208239K(2944192K), 0.0399890 secs]
[GC 464367K->207055K(2944192K), 0.0429090 secs]
[GC 463183K->221717K(2944192K), 0.0393560 secs]
[GC 477845K->212646K(2944192K), 0.0421150 secs]
[GC 468774K->214482K(2944192K), 0.0376470 secs]
[GC 470610K->217948K(2944192K), 0.0386820 secs]
[GC 474076K->220053K(2944192K), 0.0443430 secs]
[GC 476181K->222357K(2944192K), 0.0406180 secs]
[GC 478485K->224342K(2944192K), 0.0460260 secs]
[GC 480470K->225909K(2944192K), 0.0463630 secs]
[GC 482037K->227260K(2944192K), 0.0415270 secs]
[GC 483388K->223462K(2944192K), 0.0412810 secs]
[GC 479590K->230741K(2944192K), 0.0505070 secs]
[GC 486869K->226687K(2944192K), 0.0403660 secs]
[GC 482815K->231702K(2944192K), 0.0439750 secs]
[GC 487830K->227661K(2944192K), 0.0465330 secs]
[GC 483789K->229130K(2944192K), 0.0447100 secs]
[GC 485258K->236199K(2944192K), 0.0425050 secs]
[GC 492327K->237564K(2944192K), 0.0380920 secs]
[GC 493692K->239648K(2944192K), 0.0413920 secs]
[GC 495776K->241725K(2944192K), 0.0426080 secs]
[GC 497853K->243475K(2944192K), 0.0441890 secs]
[GC 499603K->239108K(2944192K), 0.0394860 secs]
[GC 495236K->246337K(2944192K), 0.0431430 secs]
[GC 502465K->242405K(2944192K), 0.0396440 secs]
[GC 498533K->243632K(2944192K), 0.0412350 secs]
[GC 499760K->251256K(2944192K), 0.0427430 secs]
[GC 507384K->252645K(2944192K), 0.0450540 secs]
[GC 508773K->248324K(2944192K), 0.0447010 secs]
[GC 504452K->256012K(2944192K), 0.0410020 secs]
[GC 512140K->257495K(2944192K), 0.0494320 secs]
[GC 513623K->258877K(2944192K), 0.0389940 secs]
[GC 515005K->259912K(2944192K), 0.0484510 secs]
[GC 516040K->259645K(2944192K), 0.0397100 secs]
[GC 515773K->255011K(2944192K), 0.0399400 secs]
[GC 511139K->262049K(2944192K), 0.0401580 secs]
[GC 518177K->257857K(2944192K), 0.0408000 secs]
[GC 513985K->259834K(2944192K), 0.0471410 secs]
[GC 515962K->261726K(2944192K), 0.0448650 secs]
[GC 517854K->263464K(2944192K), 0.0393560 secs]
[GC 519592K->271025K(2944192K), 0.0399450 secs]
[GC 527153K->266615K(2944192K), 0.0422660 secs]
[GC 522743K->274432K(2944192K), 0.0393760 secs]
[GC 530560K->274294K(2944192K), 0.0422480 secs]
[GC 530422K->275576K(2944192K), 0.0428720 secs]
[GC 531704K->282845K(2944192K), 0.0464600 secs]
[GC 538973K->276681K(2944192K), 0.0508470 secs]
[GC 532809K->282556K(2944192K), 0.0421250 secs]
[GC 538684K->281247K(2944192K), 0.0445270 secs]
[GC 537375K->295383K(2944192K), 0.0428230 secs]
[GC 551511K->306288K(2944192K), 0.0482320 secs]
[GC 562416K->319558K(2944192K), 0.0526980 secs]
[GC 575686K->336713K(2944192K), 0.0584040 secs]
[GC 592841K->355629K(2944192K), 0.0617470 secs]
[GC 611757K->372234K(2944192K), 0.0658330 secs]
[GC 628362K->353537K(2944192K), 0.0763970 secs]
[GC 609665K->382764K(2944192K), 0.0735710 secs]
[GC 638892K->376853K(2944192K), 0.0801170 secs]
[GC 632981K->396205K(2944192K), 0.0709190 secs]
[GC 652333K->409460K(2944192K), 0.0607870 secs]
[GC 665585K->386770K(2944192K), 0.0820970 secs]
[GC 642898K->443814K(2944192K), 0.0611800 secs]
[GC 699942K->420497K(2944192K), 0.0729980 secs]
[GC 676625K->449957K(2944192K), 0.0554700 secs]
[GC 706085K->462977K(2944192K), 0.0659630 secs]
[GC 719105K->432103K(2944192K), 0.0718630 secs]
[GC 688231K->488245K(2944192K), 0.0634410 secs]
[GC 744373K->466061K(2944192K), 0.0717210 secs]
[GC 722189K->495133K(2944192K), 0.0562430 secs]
[GC 751261K->465028K(2944192K), 0.0711040 secs]
[GC 721156K->502927K(2944192K), 0.0624300 secs]
[GC 759055K->495341K(2944192K), 0.0619730 secs]
[GC 751469K->509539K(2944192K), 0.0539700 secs]
[GC 765667K->489220K(2944192K), 0.0655440 secs]
[GC 745348K->515092K(2944192K), 0.0563510 secs]
[GC 771220K->531853K(2944192K), 0.0576930 secs]
[GC 787981K->497591K(2944192K), 0.0641350 secs]
[GC 753719K->537641K(2944192K), 0.0591230 secs]
[GC 793769K->508811K(2944192K), 0.0609540 secs]
[GC 764939K->547855K(2944192K), 0.0627230 secs]
[GC 803983K->523391K(2944192K), 0.0717390 secs]
[GC 779519K->552463K(2944192K), 0.0641700 secs]
[GC 808591K->527472K(2944192K), 0.0612110 secs]
[GC 783600K->543176K(2944192K), 0.0723920 secs]
[GC 799304K->543519K(2944192K), 0.0685090 secs]
[GC 799647K->544244K(2944192K), 0.0772820 secs]
[GC 800372K->532637K(2944192K), 0.0634560 secs]
[GC 788765K->541273K(2944192K), 0.0552160 secs]
[GC 797401K->555564K(2944192K), 0.0514150 secs]
[GC 811692K->569663K(2944192K), 0.0511750 secs]
[GC 825791K->549247K(2944192K), 0.0545620 secs]
[GC 805375K->563865K(2944192K), 0.0528990 secs]
[GC 819993K->572243K(2944192K), 0.0517750 secs]
[GC 828371K->577034K(2944192K), 0.0535620 secs]
[GC 833162K->581938K(2944192K), 0.0569780 secs]
[GC 838066K->561385K(2944192K), 0.0562580 secs]
[GC 817513K->572317K(2944192K), 0.0563840 secs]
[GC 828445K->581643K(2944192K), 0.0599310 secs]
[GC 837771K->599437K(2944192K), 0.0550520 secs]
[GC 855565K->577623K(2944192K), 0.0568590 secs]
[GC 833751K->586617K(2944192K), 0.0542170 secs]
[GC 842745K->579244K(2944192K), 0.0542890 secs]
[GC 835372K->582439K(2944192K), 0.0545540 secs]
[GC 838567K->608782K(2944192K), 0.0521110 secs]
[GC 864910K->588478K(2944192K), 0.0524680 secs]
[GC 844606K->599022K(2944192K), 0.0551860 secs]
[GC 855150K->609500K(2944192K), 0.0563430 secs]
[GC 865628K->614073K(2944192K), 0.0565200 secs]
[GC 870201K->630574K(2944192K), 0.0540840 secs]
[GC 886702K->615627K(2944192K), 0.0571810 secs]
[GC 871755K->616139K(2944192K), 0.0542050 secs]
[GC 872267K->620684K(2944192K), 0.0551820 secs]
[GC 876812K->624538K(2944192K), 0.0531680 secs]
[GC 880666K->626761K(2944192K), 0.0546630 secs]
[GC 882889K->642803K(2944192K), 0.0516990 secs]
 INFO  [pool-1-thread-1] {org.radargun.stressors.StressTestStressor} Started 4 stressor threads.
 INFO  [Stressor-1] {org.radargun.stressors.StressTestStressor} Number of ops executed so far: 1. Elapsed time: 0.000 secs. Remaining: 1 mins 0 secs. Total: 1 mins 0 secs
[GC 898931K->622834K(2944192K), 0.0618320 secs]
[GC 878905K->662255K(2944192K), 0.0628810 secs]
[GC 918383K->658693K(2944192K), 0.0600590 secs]
[GC 914817K->649560K(2944192K), 0.0714130 secs]
[GC 905688K->678647K(2944192K), 0.0550250 secs]
[GC 934748K->674502K(2944192K), 0.0724850 secs]
[GC 930630K->675861K(2944192K), 0.0548960 secs]
[GC 931989K->697959K(2944192K), 0.0653130 secs]
[GC 954039K->704089K(2944192K), 0.0688380 secs]
[GC 960128K->703092K(2944192K), 0.0556350 secs]
[GC 959220K->727209K(2944192K), 0.0622200 secs]
[GC 983337K->719864K(2944192K), 0.0550140 secs]
[GC 975992K->731303K(2944192K), 0.0625070 secs]
[GC 987431K->727670K(2944192K), 0.0529320 secs]
[GC 983783K->741234K(2944192K), 0.0621220 secs]
 INFO  [Stressor-1] {org.radargun.stressors.StressTestStressor} Number of ops executed so far: 5169405. Elapsed time: 20.000 secs. Remaining: 40.000 secs. Total: 1 mins 0 secs
[GC 997362K->727702K(2944192K), 0.0515480 secs]
[GC 983830K->749579K(2944192K), 0.0614200 secs]
[GC 1005642K->743849K(2944192K), 0.0538910 secs]
[GC 999977K->756576K(2944192K), 0.0613550 secs]
[GC 1012704K->759929K(2944192K), 0.0541210 secs]
[GC 1016057K->766849K(2944192K), 0.0586570 secs]
[GC 1022977K->771553K(2944192K), 0.0554530 secs]
[GC 1027615K->776053K(2944192K), 0.0630250 secs]
[GC 1032177K->773624K(2944192K), 0.0547300 secs]
[GC 1029752K->789192K(2944192K), 0.0631850 secs]
[GC 1045320K->784640K(2944192K), 0.0498240 secs]
[GC 1040768K->783838K(2944192K), 0.0632060 secs]
[GC 1039772K->802508K(2944192K), 0.0588250 secs]
 INFO  [Stressor-0] {org.radargun.stressors.StressTestStressor} Number of ops executed so far: 8776722. Elapsed time: 40.000 secs. Remaining: 20.000 secs. Total: 1 mins 0 secs
[GC 1058636K->804626K(2944192K), 0.0679770 secs]
[GC 1060754K->841526K(2944192K), 0.0622730 secs]
[GC 1097654K->838952K(2944192K), 0.0586940 secs]
[GC 1095006K->832977K(2944192K), 0.0598330 secs]
[GC 1089105K->841937K(2944192K), 0.0717530 secs]
[GC 1098065K->852214K(2944192K), 0.0569240 secs]
[GC 1108342K->853741K(2944192K), 0.0635030 secs]
[GC 1109869K->864598K(2944192K), 0.0555830 secs]
[GC 1120726K->876535K(2944192K), 0.0696240 secs]
[GC 1132636K->891602K(2944192K), 0.0576650 secs]
[GC 1147730K->889568K(2944192K), 0.0618710 secs]
[GC 1145696K->910279K(2944192K), 0.0580770 secs]
[GC 1166407K->922646K(2944192K), 0.0624630 secs]
[GC 1178774K->918369K(2944192K), 0.0574430 secs]
[GC 1174497K->942029K(2944192K), 0.0595800 secs]
 INFO  [Stressor-2] {org.radargun.stressors.StressTestStressor} Number of ops executed so far: 13470876. Elapsed time: 1 mins 0 secs. Remaining: 0.000 secs. Total: 1 mins 0 secs
 INFO  [pool-1-thread-1] {org.radargun.stressors.StressTestStressor} Finished generating report. Test duration is: 9 mins 15 secs
 INFO  [pool-1-thread-1] {org.radargun.stages.StressTestStage} size info: FFWrapper using infinispan52, clusterSize:12, nodeIndex:8, cacheSize: -1
 INFO  [pool-1-thread-1] {org.radargun.Slave} Finished stage: StressTest {bulkSize=1, cacheSpecificKeyGenerator=false, commitTransactions=true, duration=1 mins 0 secs, entrySize=1000, exitBenchmarkOnSlaveFailure=false, fixedKeys=true, generateHistogramRange=false, keyGeneratorClass=org.radargun.stressors.StringKeyGenerator, keyGeneratorParam=null, loadAllKeys=false, numEntries=10000, numOfThreads=4, numRequests=10000000, numThreads=4, numberOfAttributes=10000, numberOfRequests=10000000, opsCountStatusLog=500000, poolKeys=true, preferAsyncOperations=false, removePercentage=0, replaceInvalidPercentage=40, runOnAllSlaves=false, sharedKeys=false, sizeOfAnAttribute=1000, slaves=null, transactionSize=10000, useAtomics=false, useHistogramStatistics=false, useSimpleStatistics=true, useSmartClassLoading=true, useTransactions=true, writePercentage=1, writeTxPercentage=20 }
 INFO  [main] {org.radargun.Slave} Ack successfully sent to the master
[GC 1198157K->947690K(2944192K), 0.0577960 secs]
[GC 1203818K->935686K(2944192K), 0.0431460 secs]
[GC 1191814K->930445K(2944192K), 0.0439100 secs]
[GC 1186573K->930152K(2944192K), 0.0421950 secs]
[GC 1186280K->930995K(2944192K), 0.0451740 secs]
[GC 1187123K->941856K(2944192K), 0.0450920 secs]
[GC 1197984K->933402K(2944192K), 0.0446680 secs]
[GC 1189530K->934695K(2944192K), 0.0458730 secs]
[GC 1190823K->935923K(2944192K), 0.0500110 secs]
[GC 1192051K->947835K(2944192K), 0.0510300 secs]
[GC 1203963K->951883K(2944192K), 0.0527120 secs]
[GC 1208011K->942794K(2944192K), 0.0470090 secs]
[GC 1198922K->927381K(2944192K), 0.0377830 secs]
[GC 1183509K->925521K(2944192K), 0.0393030 secs]
[GC 1181649K->924219K(2944192K), 0.0459370 secs]
[GC 1180347K->927145K(2944192K), 0.0391070 secs]
[GC 1183273K->930085K(2944192K), 0.0568760 secs]
[GC 1186213K->934493K(2944192K), 0.0385470 secs]
[GC 1190621K->927460K(2944192K), 0.0409410 secs]
[GC 1183588K->930283K(2944192K), 0.0398100 secs]
[GC 1186411K->933057K(2944192K), 0.0396000 secs]
[GC 1189185K->934522K(2944192K), 0.0401160 secs]
[GC 1190650K->931590K(2944192K), 0.0412810 secs]
[GC 1187718K->936546K(2944192K), 0.0391370 secs]
[GC 1192674K->937651K(2944192K), 0.0388020 secs]
[GC 1193779K->938768K(2944192K), 0.0404580 secs]
[GC 1194896K->943873K(2944192K), 0.0383030 secs]
[GC 1200001K->936953K(2944192K), 0.0376380 secs]
[GC 1193081K->947138K(2944192K), 0.0391550 secs]
[GC 1203266K->938333K(2944192K), 0.0390110 secs]
[GC 1194461K->949019K(2944192K), 0.0403670 secs]
[GC 1205147K->940329K(2944192K), 0.0377960 secs]
[GC 1196457K->951207K(2944192K), 0.0389540 secs]
[GC 1207335K->944989K(2944192K), 0.0434810 secs]
[GC 1201117K->953458K(2944192K), 0.0425550 secs]
[GC 1209586K->944717K(2944192K), 0.0380840 secs]
[GC 1200845K->951923K(2944192K), 0.0400520 secs]
[GC 1208051K->951104K(2944192K), 0.0406580 secs]
[GC 1207232K->952697K(2944192K), 0.0497440 secs]
[GC 1208825K->953927K(2944192K), 0.0422190 secs]
[GC 1210055K->950995K(2944192K), 0.0409540 secs]
[GC 1207123K->956178K(2944192K), 0.0394320 secs]
[GC 1212306K->957193K(2944192K), 0.0404240 secs]
[GC 1213321K->958254K(2944192K), 0.0458260 secs]
[GC 1214382K->963733K(2944192K), 0.0393600 secs]
[GC 1219861K->956515K(2944192K), 0.0389470 secs]
[GC 1212643K->963400K(2944192K), 0.0413880 secs]
[GC 1219528K->966576K(2944192K), 0.0381560 secs]
[GC 1222704K->959841K(2944192K), 0.0399360 secs]
[GC 1215969K->966815K(2944192K), 0.0395160 secs]
[GC 1222943K->965855K(2944192K), 0.0393460 secs]
[GC 1221983K->967421K(2944192K), 0.0394100 secs]
[GC 1223549K->973004K(2944192K), 0.0399380 secs]
[GC 1229132K->965642K(2944192K), 0.0390180 secs]
[GC 1221770K->972520K(2944192K), 0.0402060 secs]
[GC 1228648K->975790K(2944192K), 0.0405340 secs]
[GC 1231918K->968782K(2944192K), 0.0379130 secs]
[GC 1224910K->979871K(2944192K), 0.0429220 secs]
[GC 1235999K->973265K(2944192K), 0.0403930 secs]
[GC 1229393K->978114K(2944192K), 0.0399360 secs]
[GC 1234242K->977255K(2944192K), 0.0411730 secs]
[GC 1233383K->983152K(2944192K), 0.0420210 secs]
[GC 1239280K->975840K(2944192K), 0.0391820 secs]
[GC 1231968K->986635K(2944192K), 0.0398790 secs]
[GC 1242763K->977293K(2944192K), 0.0424460 secs]
[GC 1233421K->989134K(2944192K), 0.0382540 secs]
[GC 1245262K->979746K(2944192K), 0.0392170 secs]
[GC 1235874K->987447K(2944192K), 0.0409560 secs]
[GC 1243575K->990863K(2944192K), 0.0390540 secs]
[GC 1246991K->986521K(2944192K), 0.0618000 secs]
[GC 1242649K->991036K(2944192K), 0.0411760 secs]
[GC 1247164K->990189K(2944192K), 0.0387040 secs]
[GC 1246317K->996221K(2944192K), 0.0389930 secs]
[GC 1252349K->988742K(2944192K), 0.0397140 secs]
[GC 1244870K->1000168K(2944192K), 0.0415560 secs]
[GC 1256296K->990497K(2944192K), 0.0426070 secs]
[GC 1246625K->998559K(2944192K), 0.0423340 secs]
[GC 1254687K->1002002K(2944192K), 0.0392340 secs]
[GC 1258130K->997567K(2944192K), 0.0443140 secs]
[GC 1253695K->1002355K(2944192K), 0.0422030 secs]
[GC 1258483K->1001181K(2944192K), 0.0379950 secs]
[GC 1257309K->998306K(2944192K), 0.0402430 secs]
[GC 1254434K->1004062K(2944192K), 0.0421530 secs]
[GC 1260190K->1009701K(2944192K), 0.0734280 secs]
[GC 1265829K->1001815K(2944192K), 0.0426330 secs]
[GC 1257943K->1009079K(2944192K), 0.0387500 secs]
[GC 1265207K->1012538K(2944192K), 0.0405380 secs]
[GC 1268666K->1005220K(2944192K), 0.0406560 secs]
[GC 1261348K->1012710K(2944192K), 0.0432480 secs]
[GC 1268838K->1015966K(2944192K), 0.0443800 secs]
[GC 1272094K->1008652K(2944192K), 0.0422020 secs]
[GC 1264780K->1020195K(2944192K), 0.0414550 secs]
[GC 1276323K->1010426K(2944192K), 0.0421730 secs]
[GC 1266554K->1018412K(2944192K), 0.0401450 secs]
[GC 1274540K->1017422K(2944192K), 0.0445510 secs]
[GC 1273550K->1023593K(2944192K), 0.0413750 secs]
[GC 1279721K->1015789K(2944192K), 0.0416260 secs]
[GC 1271917K->1023208K(2944192K), 0.0410160 secs]
[GC 1279336K->1026577K(2944192K), 0.0410620 secs]
[GC 1282705K->1019369K(2944192K), 0.0401450 secs]
[GC 1275497K->1026984K(2944192K), 0.0424430 secs]
[GC 1283112K->1025879K(2944192K), 0.0409210 secs]
[GC 1282007K->1027420K(2944192K), 0.0408930 secs]
[GC 1283548K->1028817K(2944192K), 0.0407430 secs]
[GC 1284945K->1025479K(2944192K), 0.0416150 secs]
[GC 1281607K->1026797K(2944192K), 0.0392510 secs]
[GC 1282925K->1032562K(2944192K), 0.0416930 secs]
[GC 1288690K->1033663K(2944192K), 0.0404670 secs]
[GC 1289791K->1034744K(2944192K), 0.0457410 secs]
[GC 1290872K->1036018K(2944192K), 0.0422740 secs]
[GC 1292146K->1037235K(2944192K), 0.0382750 secs]
[GC 1293363K->1038534K(2944192K), 0.0402030 secs]
[GC 1294662K->1039743K(2944192K), 0.0410230 secs]
[GC 1295871K->1036367K(2944192K), 0.0389520 secs]
[GC 1292495K->1042068K(2944192K), 0.0417320 secs]
[GC 1298196K->1048085K(2944192K), 0.0399170 secs]
[GC 1304213K->1040071K(2944192K), 0.0426380 secs]
[GC 1296199K->1047700K(2944192K), 0.0423360 secs]
[GC 1303828K->1046873K(2944192K), 0.0401840 secs]
[GC 1303001K->1043912K(2944192K), 0.0434020 secs]
[GC 1300040K->1049672K(2944192K), 0.0399430 secs]
[GC 1305800K->1055620K(2944192K), 0.0423360 secs]
[GC 1311748K->1047473K(2944192K), 0.0435100 secs]
[GC 1303601K->1055049K(2944192K), 0.0407140 secs]
[GC 1311177K->1054096K(2944192K), 0.0409370 secs]
[GC 1310224K->1055667K(2944192K), 0.0414470 secs]
[GC 1311795K->1061513K(2944192K), 0.0406090 secs]
[GC 1317641K->1053434K(2944192K), 0.0433740 secs]
[GC 1309562K->1060776K(2944192K), 0.0408050 secs]
[GC 1316904K->1059874K(2944192K), 0.0399900 secs]
[GC 1316002K->1061450K(2944192K), 0.0402060 secs]
[GC 1317578K->1062832K(2944192K), 0.0376380 secs]
[GC 1318960K->1064071K(2944192K), 0.0396240 secs]
[GC 1320199K->1065277K(2944192K), 0.0381560 secs]
[GC 1321405K->1066493K(2944192K), 0.0412870 secs]
[GC 1322621K->1063197K(2944192K), 0.0414650 secs]
[GC 1319325K->1064344K(2944192K), 0.0409570 secs]
[GC 1320472K->1070238K(2944192K), 0.0430580 secs]
[GC 1326366K->1071308K(2944192K), 0.0437150 secs]
[GC 1327436K->1072483K(2944192K), 0.0419930 secs]
[GC 1328611K->1073595K(2944192K), 0.0406710 secs]
[GC 1329723K->1070249K(2944192K), 0.0400900 secs]
[GC 1326377K->1076217K(2944192K), 0.0400350 secs]
[GC 1332345K->1077368K(2944192K), 0.0404750 secs]
[GC 1333496K->1078556K(2944192K), 0.0401950 secs]
[GC 1334684K->1075126K(2944192K), 0.0397350 secs]
[GC 1331254K->1080928K(2944192K), 0.0406590 secs]
[GC 1337056K->1082201K(2944192K), 0.0393540 secs]
[GC 1338329K->1083315K(2944192K), 0.0407140 secs]
[GC 1339443K->1084565K(2944192K), 0.0388790 secs]
[GC 1340693K->1085680K(2944192K), 0.0395150 secs]
[GC 1341808K->1086879K(2944192K), 0.0377920 secs]
[GC 1343007K->1092572K(2944192K), 0.0427410 secs]
[GC 1348700K->1084659K(2944192K), 0.0394020 secs]
[GC 1340787K->1092226K(2944192K), 0.0409540 secs]
[GC 1348354K->1091410K(2944192K), 0.0406530 secs]
[GC 1347538K->1097794K(2944192K), 0.0412440 secs]
[GC 1353922K->1089830K(2944192K), 0.0430260 secs]
[GC 1345958K->1097660K(2944192K), 0.0423060 secs]
[GC 1353788K->1096576K(2944192K), 0.0411010 secs]
[GC 1352704K->1103137K(2944192K), 0.0424460 secs]
[GC 1359265K->1094910K(2944192K), 0.0399290 secs]
[GC 1351038K->1102562K(2944192K), 0.0415930 secs]
[GC 1358690K->1101539K(2944192K), 0.0422430 secs]
[GC 1357667K->1103215K(2944192K), 0.0417900 secs]
[GC 1359343K->1109464K(2944192K), 0.0382460 secs]
[GC 1365592K->1101153K(2944192K), 0.0444520 secs]
[GC 1357281K->1108844K(2944192K), 0.0424690 secs]
[GC 1364972K->1107659K(2944192K), 0.0420930 secs]
[GC 1363787K->1104580K(2944192K), 0.0422610 secs]
[GC 1360708K->1110459K(2944192K), 0.0398140 secs]
[GC 1366587K->1111722K(2944192K), 0.0428190 secs]
[GC 1367850K->1117778K(2944192K), 0.0389380 secs]
[GC 1373906K->1109483K(2944192K), 0.0411330 secs]
[GC 1365611K->1121345K(2944192K), 0.0405630 secs]
[GC 1377473K->1113899K(2944192K), 0.0428530 secs]
[GC 1370027K->1119300K(2944192K), 0.0404070 secs]
[GC 1375428K->1123044K(2944192K), 0.0437320 secs]
[GC 1379172K->1115416K(2944192K), 0.0423070 secs]
[GC 1371544K->1123241K(2944192K), 0.0404270 secs]
[GC 1379369K->1122109K(2944192K), 0.0448440 secs]
[GC 1378237K->1123767K(2944192K), 0.0406810 secs]
[GC 1379895K->1125077K(2944192K), 0.0398300 secs]
[GC 1381205K->1121601K(2944192K), 0.0395630 secs]
[GC 1377729K->1127534K(2944192K), 0.0420060 secs]
[GC 1383662K->1124168K(2944192K), 0.0412900 secs]
[GC 1380296K->1125345K(2944192K), 0.0389220 secs]
[GC 1381473K->1131238K(2944192K), 0.0404710 secs]
[GC 1387366K->1132662K(2944192K), 0.0468100 secs]
[GC 1388790K->1133923K(2944192K), 0.0431300 secs]
[GC 1390051K->1135252K(2944192K), 0.0411800 secs]
[GC 1391380K->1131839K(2944192K), 0.0420220 secs]
[GC 1387967K->1137751K(2944192K), 0.0393260 secs]
[GC 1393879K->1138853K(2944192K), 0.0412210 secs]
[GC 1394981K->1140039K(2944192K), 0.0415440 secs]
[GC 1396167K->1136453K(2944192K), 0.0435410 secs]
[GC 1392581K->1137689K(2944192K), 0.0386650 secs]
[GC 1393817K->1138980K(2944192K), 0.0433150 secs]
[GC 1395108K->1144911K(2944192K), 0.0413760 secs]
[GC 1401039K->1146218K(2944192K), 0.0398770 secs]
[GC 1402346K->1147465K(2944192K), 0.0402310 secs]
[GC 1403593K->1148853K(2944192K), 0.0419530 secs]
[GC 1404981K->1150250K(2944192K), 0.0433900 secs]
[GC 1406378K->1151347K(2944192K), 0.0406590 secs]
[GC 1407475K->1152574K(2944192K), 0.0424550 secs]
[GC 1408702K->1153699K(2944192K), 0.0406720 secs]
[GC 1409827K->1154755K(2944192K), 0.0382010 secs]
[GC 1410883K->1155926K(2944192K), 0.0406220 secs]
[GC 1412054K->1152498K(2944192K), 0.0395440 secs]
[GC 1408626K->1158499K(2944192K), 0.0423360 secs]
[GC 1414627K->1159696K(2944192K), 0.0382530 secs]
[GC 1415824K->1161030K(2944192K), 0.0552410 secs]
[GC 1417158K->1162213K(2944192K), 0.0428280 secs]
[GC 1418341K->1168121K(2944192K), 0.0423250 secs]
[GC 1424249K->1159883K(2944192K), 0.0420530 secs]
[GC 1416011K->1167572K(2944192K), 0.0413700 secs]
[GC 1423700K->1171150K(2944192K), 0.0409860 secs]
[GC 1427278K->1163403K(2944192K), 0.0422640 secs]
[GC 1419531K->1175553K(2944192K), 0.0413150 secs]
[GC 1431681K->1165209K(2944192K), 0.0375280 secs]
[GC 1421337K->1173580K(2944192K), 0.0389500 secs]
[GC 1429708K->1172695K(2944192K), 0.0432110 secs]
[GC 1428823K->1179270K(2944192K), 0.0433450 secs]
[GC 1435398K->1171059K(2944192K), 0.0401110 secs]
[GC 1427187K->1178615K(2944192K), 0.0405570 secs]
[GC 1434743K->1177532K(2944192K), 0.0409270 secs]
[GC 1433660K->1183856K(2944192K), 0.0736860 secs]
[GC 1439984K->1175684K(2944192K), 0.0415400 secs]
[GC 1431812K->1188754K(2944192K), 0.0459650 secs]
[GC 1444882K->1202047K(2944192K), 0.0493990 secs]
[GC 1458175K->1215445K(2944192K), 0.0558160 secs]
[GC 1471573K->1228224K(2944192K), 0.0582120 secs]
[GC 1484352K->1243595K(2944192K), 0.0612740 secs]
[GC 1499723K->1258187K(2944192K), 0.0652270 secs]
[GC 1514275K->1238025K(2944192K), 0.0658170 secs]
[GC 1494153K->1276182K(2944192K), 0.0736290 secs]
[GC 1532310K->1287735K(2944192K), 0.1003540 secs]
[GC 1543863K->1268366K(2944192K), 0.0812180 secs]
[GC 1524494K->1291201K(2944192K), 0.0701900 secs]
[GC 1547329K->1308480K(2944192K), 0.0706290 secs]
[GC 1564602K->1283867K(2944192K), 0.0680830 secs]
[GC 1539995K->1329595K(2944192K), 0.0677380 secs]
[GC 1585723K->1296070K(2944192K), 0.0690760 secs]
[GC 1552198K->1342560K(2944192K), 0.0674720 secs]
[GC 1598688K->1301907K(2944192K), 0.0594160 secs]
[GC 1558035K->1320716K(2944192K), 0.0660860 secs]
[GC 1576844K->1335256K(2944192K), 0.0602880 secs]
[GC 1591384K->1306921K(2944192K), 0.0609730 secs]
[GC 1563049K->1342667K(2944192K), 0.0608210 secs]
[GC 1598795K->1306777K(2944192K), 0.0639620 secs]
[GC 1562905K->1346555K(2944192K), 0.0606890 secs]
[GC 1602683K->1316271K(2944192K), 0.0671580 secs]
[GC 1572399K->1348165K(2944192K), 0.0618380 secs]
[GC 1604293K->1320676K(2944192K), 0.0679870 secs]
[GC 1576804K->1317077K(2944192K), 0.0642700 secs]
[GC 1573205K->1312651K(2944192K), 0.0656160 secs]
[GC 1568779K->1314589K(2944192K), 0.0552170 secs]
[GC 1570717K->1317129K(2944192K), 0.0512590 secs]
[GC 1321398K(2944192K), 0.0210180 secs]
[GC 1573257K->1316035K(2944192K), 0.0481310 secs]
[GC 1367039K(2944192K), 0.0358470 secs]
[GC 1240081K->984896K(2944192K), 0.0436290 secs]
[GC 1241024K->989470K(2944192K), 0.0412070 secs]
[GC 1245598K->995449K(2944192K), 0.0403280 secs]
[GC 1251577K->989752K(2944192K), 0.0435080 secs]
[GC 1245880K->994717K(2944192K), 0.0428410 secs]
[GC 1250845K->993744K(2944192K), 0.0419390 secs]
[GC 1249872K->995660K(2944192K), 0.0434550 secs]
[GC 1251788K->997214K(2944192K), 0.0437820 secs]
[GC 1253342K->998767K(2944192K), 0.0421170 secs]
[GC 1254895K->1000174K(2944192K), 0.0398850 secs]
[GC 1256302K->1001535K(2944192K), 0.0411030 secs]
[GC 1257663K->1002520K(2944192K), 0.0409550 secs]
[GC 1258648K->998598K(2944192K), 0.0408850 secs]
[GC 1254726K->1005140K(2944192K), 0.0409110 secs]
[GC 1261268K->1006554K(2944192K), 0.0425480 secs]
[GC 1262682K->1008014K(2944192K), 0.0457900 secs]
[GC 1264142K->1009505K(2944192K), 0.0450440 secs]
[GC 1265633K->1005689K(2944192K), 0.0435060 secs]
[GC 1261817K->1007091K(2944192K), 0.0431930 secs]
[GC 1263219K->1013678K(2944192K), 0.0463700 secs]
[GC 1269806K->1015058K(2944192K), 0.0425270 secs]
[GC 1271186K->1016569K(2944192K), 0.0421790 secs]
[GC 1272697K->1017596K(2944192K), 0.0455660 secs]
[GC 1273724K->1018727K(2944192K), 0.0394380 secs]
[GC 1274855K->1019980K(2944192K), 0.0398180 secs]
[GC 1276108K->1026443K(2944192K), 0.0420060 secs]
[GC 1282571K->1017578K(2944192K), 0.0446210 secs]
[GC 1273706K->1030955K(2944192K), 0.0436400 secs]
[GC 1287083K->1019623K(2944192K), 0.0425570 secs]
[GC 1275751K->1028930K(2944192K), 0.0410080 secs]
[GC 1285058K->1033005K(2944192K), 0.0400140 secs]
[GC 1289133K->1024643K(2944192K), 0.0448870 secs]
[GC 1280771K->1033475K(2944192K), 0.0400600 secs]
[GC 1289603K->1037669K(2944192K), 0.0441400 secs]
[GC 1293797K->1032377K(2944192K), 0.0401440 secs]
[GC 1288505K->1037385K(2944192K), 0.0437560 secs]
[GC 1292975K->1036278K(2944192K), 0.0409410 secs]
[GC 1292406K->1038304K(2944192K), 0.0465880 secs]
[GC 1294432K->1045356K(2944192K), 0.0446710 secs]
[GC 1301484K->1036125K(2944192K), 0.0408400 secs]
[GC 1292253K->1049917K(2944192K), 0.0427290 secs]
[GC 1306045K->1038387K(2944192K), 0.0399880 secs]
[GC 1294515K->1048115K(2944192K), 0.0452050 secs]
[GC 1304243K->1052629K(2944192K), 0.0416380 secs]
[GC 1308757K->1043716K(2944192K), 0.0424310 secs]
[GC 1299844K->1052934K(2944192K), 0.0437480 secs]
[GC 1309062K->1051828K(2944192K), 0.0438960 secs]
[GC 1307956K->1048226K(2944192K), 0.0431680 secs]
[GC 1304354K->1055195K(2944192K), 0.0414600 secs]
[GC 1311323K->1056809K(2944192K), 0.0421670 secs]
[GC 1312937K->1063940K(2944192K), 0.0413740 secs]
[GC 1320068K->1054279K(2944192K), 0.0427000 secs]
[GC 1310407K->1063461K(2944192K), 0.0435810 secs]
[GC 1319589K->1056629K(2944192K), 0.0416320 secs]
[GC 1312757K->1064509K(2944192K), 0.0824970 secs]
[GC 1320637K->1066347K(2944192K), 0.0407590 secs]
[GC 1322475K->1067819K(2944192K), 0.0448360 secs]
[GC 1323947K->1069481K(2944192K), 0.0425770 secs]
[GC 1325609K->1076506K(2944192K), 0.0435100 secs]
[GC 1332634K->1066462K(2944192K), 0.0408930 secs]
[GC 1322590K->1075960K(2944192K), 0.0431160 secs]
[GC 1332088K->1074861K(2944192K), 0.0426690 secs]
[GC 1330989K->1076789K(2944192K), 0.0471310 secs]
[GC 1332917K->1078626K(2944192K), 0.0479900 secs]
[GC 1334754K->1080104K(2944192K), 0.0422990 secs]
[GC 1336232K->1081862K(2944192K), 0.0435090 secs]
[GC 1337990K->1077563K(2944192K), 0.0470840 secs]
[GC 1333691K->1085085K(2944192K), 0.0463420 secs]
[GC 1341213K->1086859K(2944192K), 0.0442650 secs]
[GC 1342987K->1088431K(2944192K), 0.0426530 secs]
[GC 1344559K->1089719K(2944192K), 0.0431250 secs]
[GC 1345847K->1091205K(2944192K), 0.0453520 secs]
[GC 1347333K->1086861K(2944192K), 0.0438830 secs]
[GC 1342989K->1088294K(2944192K), 0.0459940 secs]
[GC 1344422K->1089982K(2944192K), 0.0425460 secs]
[GC 1346110K->1097278K(2944192K), 0.0439220 secs]
[GC 1353406K->1092993K(2944192K), 0.0432790 secs]
[GC 1349121K->1094707K(2944192K), 0.0442850 secs]
[GC 1350835K->1096196K(2944192K), 0.0451700 secs]
[GC 1352324K->1098039K(2944192K), 0.0434700 secs]
[GC 1354167K->1105728K(2944192K), 0.0465860 secs]
[GC 1361856K->1120509K(2944192K), 0.0552290 secs]
[GC 1376637K->1135685K(2944192K), 0.0589680 secs]
[GC 1391813K->1150467K(2944192K), 0.0600670 secs]
[GC 1406595K->1164284K(2944192K), 0.0645190 secs]
[GC 1420364K->1179403K(2944192K), 0.0663170 secs]
[GC 1435531K->1157014K(2944192K), 0.0714950 secs]
[GC 1413142K->1198474K(2944192K), 0.0734840 secs]
[GC 1454602K->1208017K(2944192K), 0.0848110 secs]
[GC 1464145K->1187861K(2944192K), 0.0874070 secs]
[GC 1443955K->1228628K(2944192K), 0.0798390 secs]
[GC 1484756K->1194259K(2944192K), 0.0775520 secs]
[GC 1450387K->1227058K(2944192K), 0.0781420 secs]
[GC 1483186K->1245894K(2944192K), 0.0795680 secs]
[GC 1502022K->1243971K(2944192K), 0.0826820 secs]
[GC 1500099K->1244341K(2944192K), 0.0835040 secs]
[GC 1500469K->1288641K(2944192K), 0.0809690 secs]
[GC 1544769K->1266878K(2944192K), 0.0860750 secs]
[GC 1523006K->1313258K(2944192K), 0.0843950 secs]
[GC 1569386K->1283659K(2944192K), 0.0782990 secs]
[GC 1539787K->1337599K(2944192K), 0.0854810 secs]
[GC 1593727K->1317986K(2944192K), 0.0916800 secs]
[GC 1574114K->1364342K(2944192K), 0.0809440 secs]
[GC 1620470K->1335403K(2944192K), 0.0766620 secs]
[GC 1591531K->1368351K(2944192K), 0.0745960 secs]
[GC 1624479K->1374959K(2944192K), 0.0792810 secs]
[GC 1631087K->1405671K(2944192K), 0.0773820 secs]
[GC 1661799K->1386104K(2944192K), 0.0824160 secs]
[GC 1642186K->1435175K(2944192K), 0.0762480 secs]
[GC 1691294K->1408066K(2944192K), 0.0776290 secs]
[GC 1664194K->1456816K(2944192K), 0.0822020 secs]
[GC 1712944K->1425683K(2944192K), 0.0680140 secs]
[GC 1681811K->1415857K(2944192K), 0.0762880 secs]
[GC 1671985K->1444684K(2944192K), 0.0602160 secs]
[GC 1700812K->1446115K(2944192K), 0.0634550 secs]
[GC 1702243K->1430113K(2944192K), 0.0724060 secs]
[GC 1686241K->1435937K(2944192K), 0.0555090 secs]
[GC 1692065K->1448944K(2944192K), 0.0595420 secs]
[GC 1705072K->1465249K(2944192K), 0.0615330 secs]
[GC 1721377K->1438827K(2944192K), 0.0644120 secs]
[GC 1694955K->1476235K(2944192K), 0.0649870 secs]
[GC 1732363K->1441161K(2944192K), 0.0665620 secs]
[GC 1697289K->1465507K(2944192K), 0.0752510 secs]
[GC 1721635K->1462595K(2944192K), 0.0625440 secs]
[GC 1718723K->1446421K(2944192K), 0.0699750 secs]
[GC 1702549K->1451684K(2944192K), 0.0642840 secs]
[GC 1707812K->1452592K(2944192K), 0.0658230 secs]
[GC 1708720K->1455139K(2944192K), 0.0575200 secs]
[GC 1711267K->1462793K(2944192K), 0.0543560 secs]
[GC 1718921K->1472098K(2944192K), 0.0569200 secs]
[GC 1728226K->1458068K(2944192K), 0.0823250 secs]
[GC 1714196K->1478180K(2944192K), 0.0592990 secs]
[GC 1734308K->1495523K(2944192K), 0.0645720 secs]
[GC 1751651K->1518826K(2944192K), 0.0710720 secs]
[GC 1774932K->1541532K(2944192K), 0.0743610 secs]
[GC 1797660K->1551395K(2944192K), 0.0844300 secs]
[GC 1807523K->1553590K(2944192K), 0.0868030 secs]
[GC 1809718K->1581182K(2944192K), 0.0863160 secs]
[GC 1837310K->1557068K(2944192K), 0.0806770 secs]
[GC 1813196K->1605098K(2944192K), 0.0755590 secs]
[GC 1861226K->1573924K(2944192K), 0.0834480 secs]
[GC 1830052K->1625915K(2944192K), 0.0806040 secs]
[GC 1882043K->1592676K(2944192K), 0.0758140 secs]
[GC 1848804K->1612823K(2944192K), 0.0739900 secs]
[GC 1868951K->1627179K(2944192K), 0.0642850 secs]
[GC 1883307K->1608666K(2944192K), 0.0704380 secs]
[GC 1864794K->1633029K(2944192K), 0.0606200 secs]
[GC 1889157K->1650456K(2944192K), 0.0676270 secs]
[GC 1906584K->1665925K(2944192K), 0.0793790 secs]
[GC 1922053K->1643143K(2944192K), 0.0837930 secs]
[GC 1899271K->1681130K(2944192K), 0.0840370 secs]
[GC 1937258K->1662002K(2944192K), 0.0825660 secs]
[GC 1918130K->1700514K(2944192K), 0.0776800 secs]
[GC 1956530K->1718624K(2944192K), 0.0844840 secs]
[GC 1974752K->1690137K(2944192K), 0.0782820 secs]
[GC 1946265K->1723509K(2944192K), 0.0781230 secs]
[GC 1979637K->1702399K(2944192K), 0.0764960 secs]
[GC 1958527K->1732654K(2944192K), 0.0622100 secs]
[GC 1988782K->1705344K(2944192K), 0.0800330 secs]
[GC 1961472K->1757473K(2944192K), 0.0849180 secs]
[GC 2013548K->1776330K(2944192K), 0.0896960 secs]
[GC 2032458K->1766393K(2944192K), 0.1018660 secs]
[GC 2022521K->1806293K(2944192K), 0.0890230 secs]
[GC 2062421K->1784657K(2944192K), 0.0882290 secs]
[GC 2040785K->1825363K(2944192K), 0.0869570 secs]
[GC 2081491K->1827628K(2944192K), 0.0909260 secs]
[GC 2083756K->1823056K(2944192K), 0.0837340 secs]
[GC 2079184K->1835420K(2944192K), 0.0828570 secs]
[GC 2091548K->1863480K(2944192K), 0.0824230 secs]
[GC 2119457K->1854860K(2944192K), 0.0867130 secs]
[GC 2110988K->1913344K(2944192K), 0.0902470 secs]
[GC 2169472K->1912955K(2944192K), 0.1150740 secs]
[GC 2168923K->1918444K(2944192K), 0.1144280 secs]
[GC 2174572K->1949647K(2944192K), 0.0918810 secs]
[GC 2205754K->1969930K(2944192K), 0.0892360 secs]
[GC 2226058K->2008596K(2944192K), 0.0985590 secs]
[GC 2264708K->2029247K(2944192K), 0.0936040 secs]
[GC 2285375K->2049107K(2944192K), 0.0978330 secs]
[GC 2305235K->2088602K(2944192K), 0.0938930 secs]
[GC 2344730K->2075078K(2944192K), 0.0961900 secs]
[GC 2331206K->2135491K(2944192K), 0.0940330 secs]
[GC 2391619K->2115238K(2944192K), 0.0871350 secs]
[GC 2371366K->2147038K(2944192K), 0.0922720 secs]
[GC 2403166K->2186135K(2944192K), 0.0854340 secs]
[GC 2442260K->2177165K(2944192K), 0.0925310 secs]
[GC 2433158K->2217550K(2944192K), 0.0937440 secs]
[GC 2473678K->2253908K(2944192K), 0.0933030 secs]
[GC 2510009K->2249200K(2944192K), 0.0968310 secs]
[GC 2505247K->2293458K(2944192K), 0.0934650 secs]
[GC 2549586K->2316758K(2944192K), 0.1044970 secs]
[GC 2572852K->2339466K(2944192K), 0.1047440 secs]
[GC 2595594K->2361555K(2944192K), 0.0989160 secs]
[GC 2617680K->2384108K(2944192K), 0.0996370 secs]
[GC 2640219K->2406644K(2944192K), 0.0992220 secs]
[GC 2662772K->2429343K(2944192K), 0.1050680 secs]
 INFO  [main] {org.radargun.Slave} Master shutdown!
 INFO  [Thread-0] {org.radargun.ShutDownHook} Slave process is being shutdown
 INFO  [hz._hzInstance_1_FenixFrameworkGroup.IO.thread-in-0] {com.hazelcast.nio.TcpIpConnection} [127.0.0.1]:5709 [FenixFrameworkGroup] Connection [Address[127.0.0.1]:5710] lost. Reason: java.io.EOFException[Remote socket closed!]
 INFO  [hz._hzInstance_1_FenixFrameworkGroup.IO.thread-in-1] {com.hazelcast.nio.TcpIpConnection} [127.0.0.1]:5709 [FenixFrameworkGroup] Connection [Address[127.0.0.1]:5703] lost. Reason: java.io.EOFException[Remote socket closed!]
 INFO  [hz._hzInstance_1_FenixFrameworkGroup.IO.thread-in-2] {com.hazelcast.nio.TcpIpConnection} [127.0.0.1]:5709 [FenixFrameworkGroup] Connection [Address[127.0.0.1]:5702] lost. Reason: java.io.EOFException[Remote socket closed!]
 INFO  [hz._hzInstance_1_FenixFrameworkGroup.IO.thread-in-0] {com.hazelcast.nio.TcpIpConnection} [127.0.0.1]:5709 [FenixFrameworkGroup] Connection [Address[127.0.0.1]:5707] lost. Reason: java.io.EOFException[Remote socket closed!]
 INFO  [hz.ShutdownThread] {com.hazelcast.nio.TcpIpConnection} [127.0.0.1]:5709 [FenixFrameworkGroup] Connection [Address[127.0.0.1]:5707] lost. Reason: Socket explicitly closed
 INFO  [hz._hzInstance_1_FenixFrameworkGroup.IO.thread-in-2] {com.hazelcast.nio.TcpIpConnection} [127.0.0.1]:5709 [FenixFrameworkGroup] Connection [Address[127.0.0.1]:5711] lost. Reason: java.io.EOFException[Remote socket closed!]
 INFO  [hz._hzInstance_1_FenixFrameworkGroup.IO.thread-in-0] {com.hazelcast.nio.TcpIpConnection} [127.0.0.1]:5709 [FenixFrameworkGroup] Connection [Address[127.0.0.1]:5708] lost. Reason: java.io.EOFException[Remote socket closed!]
 INFO  [hz._hzInstance_1_FenixFrameworkGroup.IO.thread-in-1] {com.hazelcast.nio.TcpIpConnection} [127.0.0.1]:5709 [FenixFrameworkGroup] Connection [Address[127.0.0.1]:5712] lost. Reason: java.io.EOFException[Remote socket closed!]
 INFO  [hz.ShutdownThread] {com.hazelcast.nio.TcpIpConnection} [127.0.0.1]:5709 [FenixFrameworkGroup] Connection [Address[127.0.0.1]:5706] lost. Reason: Socket explicitly closed
 INFO  [hz._hzInstance_1_FenixFrameworkGroup.IO.thread-in-2] {com.hazelcast.nio.TcpIpConnection} [127.0.0.1]:5709 [FenixFrameworkGroup] Connection [Address[127.0.0.1]:5712] lost. Reason: java.io.EOFException[Remote socket closed!]
 INFO  [hz.ShutdownThread] {com.hazelcast.nio.TcpIpConnection} [127.0.0.1]:5709 [FenixFrameworkGroup] Connection [Address[127.0.0.1]:5705] lost. Reason: Socket explicitly closed
 INFO  [hz.ShutdownThread] {com.hazelcast.nio.TcpIpConnection} [127.0.0.1]:5709 [FenixFrameworkGroup] Connection [Address[127.0.0.1]:5701] lost. Reason: Socket explicitly closed
 INFO  [hz.ShutdownThread] {com.hazelcast.nio.TcpIpConnection} [127.0.0.1]:5709 [FenixFrameworkGroup] Connection [Address[127.0.0.1]:5704] lost. Reason: Socket explicitly closed
 INFO  [hz.ShutdownThread] {com.hazelcast.nio.TcpIpConnection} [127.0.0.1]:5709 [FenixFrameworkGroup] Connection [Address[127.0.0.1]:5705] lost. Reason: Socket explicitly closed
 INFO  [hz.ShutdownThread] {com.hazelcast.nio.TcpIpConnection} [127.0.0.1]:5709 [FenixFrameworkGroup] Connection [Address[127.0.0.1]:5706] lost. Reason: Socket explicitly closed
 INFO  [hz.ShutdownThread] {com.hazelcast.initializer} [127.0.0.1]:5709 [FenixFrameworkGroup] Destroying node initializer.
 INFO  [hz.ShutdownThread] {com.hazelcast.instance.Node} [127.0.0.1]:5709 [FenixFrameworkGroup] Hazelcast Shutdown is completed in 63 ms.
