/usr/java/jdk1.7.0_21/bin/java -server -Xmx1024M -Xms1024M -Dresolve.dns=false -Djgroups.timer.num_threads=4 -verbose:gc -Xmx5000M -Xms3000M -server -XX:+UseConcMarkSweepGC -XX:+AggressiveOpts -verbose:gc -XX:ParallelGCThreads=4 -XX:NewRatio=5 -XX:SurvivorRatio=2 -Dhazelcast.operation.thread.count=4 -Djava.net.preferIPv4Stack=true -Dlog4j.file.prefix=deimos-esw-7993 -Dbind.address= -Djgroups.bind_addr= -classpath /home/smf/github/radargun/target/distribution/RadarGun-1.1.0-SNAPSHOT/lib/activation-1.1.jar:/home/smf/github/radargun/target/distribution/RadarGun-1.1.0-SNAPSHOT/lib/commons-beanutils-1.8.0.jar:/home/smf/github/radargun/target/distribution/RadarGun-1.1.0-SNAPSHOT/lib/commons-digester-2.0.jar:/home/smf/github/radargun/target/distribution/RadarGun-1.1.0-SNAPSHOT/lib/commons-logging-1.1.1.jar:/home/smf/github/radargun/target/distribution/RadarGun-1.1.0-SNAPSHOT/lib/commons-math-1.2.jar:/home/smf/github/radargun/target/distribution/RadarGun-1.1.0-SNAPSHOT/lib/jboss-transaction-api-1.0.1.GA.jar:/home/smf/github/radargun/target/distribution/RadarGun-1.1.0-SNAPSHOT/lib/jcommon-1.0.15.jar:/home/smf/github/radargun/target/distribution/RadarGun-1.1.0-SNAPSHOT/lib/jfreechart-1.0.12.jar:/home/smf/github/radargun/target/distribution/RadarGun-1.1.0-SNAPSHOT/lib/log4j-1.2.14.jar:/home/smf/github/radargun/target/distribution/RadarGun-1.1.0-SNAPSHOT/lib/mail-1.4.2.jar:/home/smf/github/radargun/target/distribution/RadarGun-1.1.0-SNAPSHOT/lib/radargun-framework-1.1.0-SNAPSHOT.jar:/home/smf/github/radargun/target/distribution/RadarGun-1.1.0-SNAPSHOT/conf org.radargun.Slave -master 127.0.0.1:2103
--------------------------------------------------------------------------------
PerNodeRollingFileAppender::Using file prefix:deimos-esw-7993
 INFO  [main] {org.radargun.Slave} Attempting to connect to master 127.0.0.1:2103
 INFO  [main] {org.radargun.Slave} Successfully established connection with master at: 127.0.0.1:2103
Loading JARS from /home/smf/github/radargun/target/distribution/RadarGun-1.1.0-SNAPSHOT/lib/radargun-framework-1.1.0-SNAPSHOT.jar
 INFO  [pool-1-thread-1] {org.radargun.config.AnnotatedHelper} Loading JARS from /home/smf/github/radargun/target/distribution/RadarGun-1.1.0-SNAPSHOT/lib/radargun-framework-1.1.0-SNAPSHOT.jar
 INFO  [pool-1-thread-1] {org.radargun.config.AnnotatedHelper} Loading JARS from /home/smf/github/radargun/target/distribution/RadarGun-1.1.0-SNAPSHOT/lib/radargun-framework-1.1.0-SNAPSHOT.jar
 INFO  [pool-1-thread-1] {org.radargun.Slave} Executing stage: DestroyWrapper {enforceMemoryThrashHold=true, exitBenchmarkOnSlaveFailure=false, heapDumpDir=null, memoryThreshold=95, runOnAllSlaves=true, slaves=null, useSmartClassLoading=true }
 INFO  [pool-1-thread-1] {org.radargun.stages.DestroyWrapperStage} Received destroy cache wrapper request from master...
 INFO  [pool-1-thread-1] {org.radargun.stages.DestroyWrapperStage} No cache wrapper deployed on this slave, nothing to do.
 INFO  [pool-1-thread-1] {org.radargun.stages.DestroyWrapperStage} Before executing clear, memory looks like this: Memory - free: 2,928,638 kb - max:4,906,688 kb- total:2,944,000 kb
[Full GC 15361K->3631K(2944000K), 0.0678640 secs]
 INFO  [pool-1-thread-1] {org.radargun.stages.DestroyWrapperStage} After executing cleanup, memory looks like this: Memory - free: 2,935,311 kb - max:4,906,688 kb- total:2,944,064 kb
 INFO  [pool-1-thread-1] {org.radargun.Slave} Finished stage: DestroyWrapper {enforceMemoryThrashHold=true, exitBenchmarkOnSlaveFailure=false, heapDumpDir=null, memoryThreshold=95, runOnAllSlaves=true, slaves=null, useSmartClassLoading=true }
 INFO  [main] {org.radargun.Slave} Ack successfully sent to the master
 INFO  [pool-1-thread-1] {org.radargun.Slave} Executing stage: StartCluster {config=ispn52-repl-sync-rc.xml, delayAfterFirstSlaveStarts=5.000 secs, delayBetweenStartingSlaves=0.500 secs, exitBenchmarkOnSlaveFailure=true, expectNumSlaves=null, mayFailOn=null, reachable=null, runOnAllSlaves=false, slaves=null, staggerSlaveStartup=true, useSmartClassLoading=true, validateCluster=true }
 INFO  [pool-1-thread-1] {org.radargun.stages.StartClusterStage}  Startup staggering, starting 12 slaves. This is the slave with index 3. Sleeping for 6500 millis.
 INFO  [pool-1-thread-1] {org.radargun.stages.StartClusterStage} Ack master's StartCluster stage. Local address is: /127.0.0.1. This slave's index is: 3
 INFO  [pool-1-thread-1] {org.radargun.utils.ClassLoadHelper} Creating newInstance org.radargun.cachewrappers.FFWrapper with classloader java.net.URLClassLoader@74e51332
 INFO  [pool-1-thread-1] {org.radargun.cachewrappers.FFWrapper} config=ispn52-repl-sync-rc.xml, isLocal=false, nodeIndex=3, confAttributes={name=ispn52-repl-sync-rc.xml, decorate=infinispan52}
 INFO  [pool-1-thread-1] {org.radargun.cachewrappers.FFWrapper} Found fenix framework config options in 'rg-fenix-framework-config-options.properties'.
 INFO  [pool-1-thread-1] {org.radargun.cachewrappers.FFWrapper} Setting extra config properties for Fenix Framework.
 INFO  [pool-1-thread-1] {org.radargun.cachewrappers.FFWrapper} Will initialize Fenix Framework with RadarGunDataGridConfig
 TRACE [pool-1-thread-1] {pt.ist.fenixframework.FenixFramework} Static initializer block for FenixFramework class [BEGIN]
 INFO  [pool-1-thread-1] {pt.ist.fenixframework.FenixFramework} Trying auto-initialization with configuration by convention
 INFO  [pool-1-thread-1] {pt.ist.fenixframework.FenixFramework} Resource 'fenix-framework.properties' not found
 DEBUG [pool-1-thread-1] {pt.ist.fenixframework.FenixFramework} Fenix Framework properties after reading default config file:{}
 DEBUG [pool-1-thread-1] {pt.ist.fenixframework.FenixFramework} CurrentBackEndName = jvstm-datagrid
 INFO  [pool-1-thread-1] {pt.ist.fenixframework.FenixFramework} Resource 'fenix-framework-jvstm-datagrid.properties' not found
 DEBUG [pool-1-thread-1] {pt.ist.fenixframework.FenixFramework} Fenix Framework properties after reading backend config file:{}
 DEBUG [pool-1-thread-1] {pt.ist.fenixframework.FenixFramework} Fenix Framework properties after enforcing system properties:{}
 INFO  [pool-1-thread-1] {pt.ist.fenixframework.FenixFramework} Skipping configuration by convention.
 TRACE [pool-1-thread-1] {pt.ist.fenixframework.FenixFramework} Static initializer block for FenixFramework class [END]
 INFO  [pool-1-thread-1] {pt.ist.fenixframework.FenixFramework} Initializing Fenix Framework with config.class=pt.ist.fenixframework.backend.jvstm.datagrid.radargun.RadarGunDataGridConfig
 INFO  [pool-1-thread-1] {pt.ist.fenixframework.backend.jvstm.cluster.JvstmClusterBackEnd} initializeGroupCommunication()
 INFO  [pool-1-thread-1] {com.hazelcast.config.ClasspathXmlConfig} Configuring Hazelcast from 'hazelcast-ff.xml'.
 INFO  [pool-1-thread-1] {com.hazelcast.instance.DefaultAddressPicker} Interfaces is disabled, trying to pick one address from TCP-IP config addresses: [127.0.0.1]
 INFO  [pool-1-thread-1] {com.hazelcast.instance.DefaultAddressPicker} Picked Address[127.0.0.1]:5704, using socket ServerSocket[addr=/0.0.0.0,localport=5704], bind any local is true
 INFO  [pool-1-thread-1] {com.hazelcast.system} [127.0.0.1]:5704 [FenixFrameworkGroup] Hazelcast Community Edition 3.0.2 (20130906) starting at Address[127.0.0.1]:5704
 INFO  [pool-1-thread-1] {com.hazelcast.system} [127.0.0.1]:5704 [FenixFrameworkGroup] Copyright (C) 2008-2013 Hazelcast.com
 INFO  [pool-1-thread-1] {com.hazelcast.instance.Node} [127.0.0.1]:5704 [FenixFrameworkGroup] Creating MulticastJoiner
 INFO  [pool-1-thread-1] {com.hazelcast.core.LifecycleService} [127.0.0.1]:5704 [FenixFrameworkGroup] Address[127.0.0.1]:5704 is STARTING
 INFO  [pool-1-thread-1] {com.hazelcast.cluster.TcpIpJoiner} [127.0.0.1]:5704 [FenixFrameworkGroup] Connecting to possible member: Address[127.0.0.1]:5703
 INFO  [pool-1-thread-1] {com.hazelcast.cluster.TcpIpJoiner} [127.0.0.1]:5704 [FenixFrameworkGroup] Connecting to possible member: Address[127.0.0.1]:5702
 INFO  [pool-1-thread-1] {com.hazelcast.cluster.TcpIpJoiner} [127.0.0.1]:5704 [FenixFrameworkGroup] Connecting to possible member: Address[127.0.0.1]:5701
 INFO  [hz._hzInstance_1_FenixFrameworkGroup.cached.thread-3] {com.hazelcast.nio.SocketConnector} [127.0.0.1]:5704 [FenixFrameworkGroup] Connecting to /127.0.0.1:5703, timeout: 0, bind-any: true
 INFO  [hz._hzInstance_1_FenixFrameworkGroup.cached.thread-1] {com.hazelcast.nio.SocketConnector} [127.0.0.1]:5704 [FenixFrameworkGroup] Connecting to /127.0.0.1:5701, timeout: 0, bind-any: true
 INFO  [hz._hzInstance_1_FenixFrameworkGroup.cached.thread-2] {com.hazelcast.nio.SocketConnector} [127.0.0.1]:5704 [FenixFrameworkGroup] Connecting to /127.0.0.1:5702, timeout: 0, bind-any: true
 INFO  [hz._hzInstance_1_FenixFrameworkGroup.cached.thread-3] {com.hazelcast.nio.TcpIpConnectionManager} [127.0.0.1]:5704 [FenixFrameworkGroup] 44128 accepted socket connection from /127.0.0.1:5703
 INFO  [hz._hzInstance_1_FenixFrameworkGroup.cached.thread-2] {com.hazelcast.nio.TcpIpConnectionManager} [127.0.0.1]:5704 [FenixFrameworkGroup] 46935 accepted socket connection from /127.0.0.1:5702
 INFO  [hz._hzInstance_1_FenixFrameworkGroup.cached.thread-1] {com.hazelcast.nio.TcpIpConnectionManager} [127.0.0.1]:5704 [FenixFrameworkGroup] 58936 accepted socket connection from /127.0.0.1:5701
 INFO  [hz._hzInstance_1_FenixFrameworkGroup.cached.thread-3] {com.hazelcast.cluster.ClusterService} [127.0.0.1]:5704 [FenixFrameworkGroup] 

Members [12] {
	Member [127.0.0.1]:5701
	Member [127.0.0.1]:5702
	Member [127.0.0.1]:5704 this
	Member [127.0.0.1]:5705
	Member [127.0.0.1]:5706
	Member [127.0.0.1]:5703
	Member [127.0.0.1]:5707
	Member [127.0.0.1]:5708
	Member [127.0.0.1]:5709
	Member [127.0.0.1]:5710
	Member [127.0.0.1]:5711
	Member [127.0.0.1]:5712
}

 INFO  [hz._hzInstance_1_FenixFrameworkGroup.cached.thread-9] {com.hazelcast.nio.SocketConnector} [127.0.0.1]:5704 [FenixFrameworkGroup] Connecting to /127.0.0.1:5705, timeout: 0, bind-any: true
 INFO  [hz._hzInstance_1_FenixFrameworkGroup.IO.thread-Acceptor] {com.hazelcast.nio.SocketAcceptor} [127.0.0.1]:5704 [FenixFrameworkGroup] Accepting socket connection from /127.0.0.1:38900
 INFO  [hz._hzInstance_1_FenixFrameworkGroup.cached.thread-9] {com.hazelcast.nio.TcpIpConnectionManager} [127.0.0.1]:5704 [FenixFrameworkGroup] 33841 accepted socket connection from /127.0.0.1:5705
 INFO  [hz._hzInstance_1_FenixFrameworkGroup.IO.thread-Acceptor] {com.hazelcast.nio.TcpIpConnectionManager} [127.0.0.1]:5704 [FenixFrameworkGroup] 5704 accepted socket connection from /127.0.0.1:38900
 INFO  [hz._hzInstance_1_FenixFrameworkGroup.cached.thread-4] {com.hazelcast.nio.SocketConnector} [127.0.0.1]:5704 [FenixFrameworkGroup] Connecting to /127.0.0.1:5707, timeout: 0, bind-any: true
 INFO  [hz._hzInstance_1_FenixFrameworkGroup.cached.thread-8] {com.hazelcast.nio.SocketConnector} [127.0.0.1]:5704 [FenixFrameworkGroup] Connecting to /127.0.0.1:5706, timeout: 0, bind-any: true
 INFO  [hz._hzInstance_1_FenixFrameworkGroup.cached.thread-9] {com.hazelcast.nio.SocketConnector} [127.0.0.1]:5704 [FenixFrameworkGroup] Connecting to /127.0.0.1:5708, timeout: 0, bind-any: true
 INFO  [hz._hzInstance_1_FenixFrameworkGroup.cached.thread-4] {com.hazelcast.nio.TcpIpConnectionManager} [127.0.0.1]:5704 [FenixFrameworkGroup] 50197 accepted socket connection from /127.0.0.1:5707
 INFO  [hz._hzInstance_1_FenixFrameworkGroup.cached.thread-7] {com.hazelcast.nio.SocketConnector} [127.0.0.1]:5704 [FenixFrameworkGroup] Connecting to /127.0.0.1:5709, timeout: 0, bind-any: true
 INFO  [hz._hzInstance_1_FenixFrameworkGroup.cached.thread-9] {com.hazelcast.nio.TcpIpConnectionManager} [127.0.0.1]:5704 [FenixFrameworkGroup] 51517 accepted socket connection from /127.0.0.1:5708
 INFO  [hz._hzInstance_1_FenixFrameworkGroup.cached.thread-8] {com.hazelcast.nio.TcpIpConnectionManager} [127.0.0.1]:5704 [FenixFrameworkGroup] 55874 accepted socket connection from /127.0.0.1:5706
 INFO  [hz._hzInstance_1_FenixFrameworkGroup.cached.thread-7] {com.hazelcast.nio.TcpIpConnectionManager} [127.0.0.1]:5704 [FenixFrameworkGroup] 46844 accepted socket connection from /127.0.0.1:5709
 INFO  [hz._hzInstance_1_FenixFrameworkGroup.IO.thread-Acceptor] {com.hazelcast.nio.SocketAcceptor} [127.0.0.1]:5704 [FenixFrameworkGroup] Accepting socket connection from /127.0.0.1:56595
 INFO  [hz._hzInstance_1_FenixFrameworkGroup.cached.thread-5] {com.hazelcast.nio.SocketConnector} [127.0.0.1]:5704 [FenixFrameworkGroup] Connecting to /127.0.0.1:5710, timeout: 0, bind-any: true
 INFO  [hz._hzInstance_1_FenixFrameworkGroup.IO.thread-Acceptor] {com.hazelcast.nio.TcpIpConnectionManager} [127.0.0.1]:5704 [FenixFrameworkGroup] 5704 accepted socket connection from /127.0.0.1:56595
 INFO  [hz._hzInstance_1_FenixFrameworkGroup.cached.thread-9] {com.hazelcast.nio.SocketConnector} [127.0.0.1]:5704 [FenixFrameworkGroup] Connecting to /127.0.0.1:5711, timeout: 0, bind-any: true
 INFO  [hz._hzInstance_1_FenixFrameworkGroup.IO.thread-Acceptor] {com.hazelcast.nio.SocketAcceptor} [127.0.0.1]:5704 [FenixFrameworkGroup] Accepting socket connection from /127.0.0.1:51114
 INFO  [hz._hzInstance_1_FenixFrameworkGroup.cached.thread-4] {com.hazelcast.nio.SocketConnector} [127.0.0.1]:5704 [FenixFrameworkGroup] Connecting to /127.0.0.1:5712, timeout: 0, bind-any: true
 INFO  [hz._hzInstance_1_FenixFrameworkGroup.IO.thread-Acceptor] {com.hazelcast.nio.TcpIpConnectionManager} [127.0.0.1]:5704 [FenixFrameworkGroup] 5704 accepted socket connection from /127.0.0.1:51114
 INFO  [hz._hzInstance_1_FenixFrameworkGroup.cached.thread-5] {com.hazelcast.nio.TcpIpConnectionManager} [127.0.0.1]:5704 [FenixFrameworkGroup] 41379 accepted socket connection from /127.0.0.1:5710
 INFO  [hz._hzInstance_1_FenixFrameworkGroup.IO.thread-Acceptor] {com.hazelcast.nio.SocketAcceptor} [127.0.0.1]:5704 [FenixFrameworkGroup] Accepting socket connection from /127.0.0.1:59678
 INFO  [hz._hzInstance_1_FenixFrameworkGroup.cached.thread-4] {com.hazelcast.nio.TcpIpConnectionManager} [127.0.0.1]:5704 [FenixFrameworkGroup] 36607 accepted socket connection from /127.0.0.1:5712
 INFO  [hz._hzInstance_1_FenixFrameworkGroup.cached.thread-9] {com.hazelcast.nio.TcpIpConnectionManager} [127.0.0.1]:5704 [FenixFrameworkGroup] 38053 accepted socket connection from /127.0.0.1:5711
 INFO  [hz._hzInstance_1_FenixFrameworkGroup.IO.thread-Acceptor] {com.hazelcast.nio.TcpIpConnectionManager} [127.0.0.1]:5704 [FenixFrameworkGroup] 5704 accepted socket connection from /127.0.0.1:59678
 INFO  [pool-1-thread-1] {com.hazelcast.core.LifecycleService} [127.0.0.1]:5704 [FenixFrameworkGroup] Address[127.0.0.1]:5704 is STARTED
 INFO  [pool-1-thread-1] {pt.ist.fenixframework.backend.jvstm.cluster.ClusterUtils} Got (long) serverId: 2
 INFO  [pool-1-thread-1] {pt.ist.fenixframework.backend.jvstm.cluster.JvstmClusterBackEnd} This is NOT the first node.
 INFO  [pool-1-thread-1] {pt.ist.fenixframework.backend.jvstm.cluster.ClusterUtils} Waiting for startup from first node
 INFO  [pool-1-thread-1] {pt.ist.fenixframework.backend.jvstm.JVSTMBackEnd} initializeRepository()
 INFO  [pool-1-thread-1] {pt.ist.fenixframework.backend.jvstm.datagrid.radargun.DataGridDecorator} config=ispn52-repl-sync-rc.xml, isLocal=false, nodeIndex=3, confAttributes={name=ispn52-repl-sync-rc.xml}
 INFO  [pool-1-thread-1] {org.radargun.cachewrappers.InfinispanXSWrapper} Cannot find any site for slave index 3
 INFO  [pool-1-thread-1] {org.infinispan.remoting.transport.jgroups.JGroupsTransport} ISPN000078: Starting JGroups Channel
 WARN  [pool-1-thread-1] {org.jgroups.protocols.UDP} [JGRP00014] the send buffer of socket DatagramSocket was set to 640KB, but the OS only allocated 229.38KB. This might lead to performance problems. Please set your max send buffer in the OS correctly (e.g. net.core.wmem_max on Linux)
 WARN  [pool-1-thread-1] {org.jgroups.protocols.UDP} [JGRP00014] the receive buffer of socket DatagramSocket was set to 20MB, but the OS only allocated 229.38KB. This might lead to performance problems. Please set your max receive buffer in the OS correctly (e.g. net.core.rmem_max on Linux)
 WARN  [pool-1-thread-1] {org.jgroups.protocols.UDP} [JGRP00014] the send buffer of socket MulticastSocket was set to 640KB, but the OS only allocated 229.38KB. This might lead to performance problems. Please set your max send buffer in the OS correctly (e.g. net.core.wmem_max on Linux)
 WARN  [pool-1-thread-1] {org.jgroups.protocols.UDP} [JGRP00014] the receive buffer of socket MulticastSocket was set to 25MB, but the OS only allocated 229.38KB. This might lead to performance problems. Please set your max receive buffer in the OS correctly (e.g. net.core.rmem_max on Linux)
[GC 259695K->17789K(2944064K), 0.0441960 secs]
 INFO  [pool-1-thread-1] {org.infinispan.remoting.transport.jgroups.JGroupsTransport} ISPN000094: Received new cluster view: [deimos-esw-32709|2] [deimos-esw-32709, deimos-esw-52082, deimos-esw-26320]
 INFO  [pool-1-thread-1] {org.infinispan.remoting.transport.jgroups.JGroupsTransport} ISPN000079: Cache local address is deimos-esw-26320, physical addresses are [127.0.0.1:52002]
 INFO  [pool-1-thread-1] {org.infinispan.factories.GlobalComponentRegistry} ISPN000128: Infinispan version: Infinispan 'Delirium' 5.2.6.Final
 INFO  [Incoming-4,deimos-esw-26320] {org.infinispan.remoting.transport.jgroups.JGroupsTransport} ISPN000094: Received new cluster view: [deimos-esw-32709|3] [deimos-esw-32709, deimos-esw-52082, deimos-esw-26320, deimos-esw-5446, deimos-esw-384]
 INFO  [pool-1-thread-1] {org.infinispan.transaction.lookup.JBossStandaloneJTAManagerLookup} ISPN000107: Retrieving transaction manager Transaction: unknown
 INFO  [Incoming-4,deimos-esw-26320] {org.infinispan.remoting.transport.jgroups.JGroupsTransport} ISPN000094: Received new cluster view: [deimos-esw-32709|4] [deimos-esw-32709, deimos-esw-52082, deimos-esw-26320, deimos-esw-5446, deimos-esw-384, deimos-esw-33290]
 INFO  [Incoming-4,deimos-esw-26320] {org.infinispan.remoting.transport.jgroups.JGroupsTransport} ISPN000094: Received new cluster view: [deimos-esw-32709|5] [deimos-esw-32709, deimos-esw-52082, deimos-esw-26320, deimos-esw-5446, deimos-esw-384, deimos-esw-33290, deimos-esw-26599, deimos-esw-57166]
 INFO  [pool-1-thread-1] {org.infinispan.jmx.CacheJmxRegistration} ISPN000031: MBeans were successfully registered to the platform MBean server.
 INFO  [Incoming-4,deimos-esw-26320] {org.infinispan.remoting.transport.jgroups.JGroupsTransport} ISPN000094: Received new cluster view: [deimos-esw-32709|6] [deimos-esw-32709, deimos-esw-52082, deimos-esw-26320, deimos-esw-5446, deimos-esw-384, deimos-esw-33290, deimos-esw-26599, deimos-esw-57166, deimos-esw-24518, deimos-esw-42852]
 INFO  [Incoming-4,deimos-esw-26320] {org.infinispan.remoting.transport.jgroups.JGroupsTransport} ISPN000094: Received new cluster view: [deimos-esw-32709|7] [deimos-esw-32709, deimos-esw-52082, deimos-esw-26320, deimos-esw-5446, deimos-esw-384, deimos-esw-33290, deimos-esw-26599, deimos-esw-57166, deimos-esw-24518, deimos-esw-42852, deimos-esw-35347, deimos-esw-494]
 INFO  [pool-1-thread-1] {org.radargun.cachewrappers.InfinispanXSWrapper} Using transaction manager: Transaction: unknown
 INFO  [pool-1-thread-1] {org.radargun.cachewrappers.InfinispanXSWrapper} No RELAY2 protocol in XS wrapper
 INFO  [pool-1-thread-1] {org.radargun.cachewrappers.InfinispanXSWrapper} JGroups version: JGroups 3.2.7.Final
 INFO  [pool-1-thread-1] {org.radargun.cachewrappers.InfinispanXSWrapper} Using config attributes: {name=ispn52-repl-sync-rc.xml}
 INFO  [pool-1-thread-1] {pt.ist.fenixframework.backend.jvstm.datagrid.DataGridRepository} Initialization marker is present. Data Grid already existed.
 INFO  [pool-1-thread-1] {pt.ist.fenixframework.backend.jvstm.JVSTMBackEnd} initializeDomainClassInfos
 INFO  [pool-1-thread-1] {pt.ist.fenixframework.backend.jvstm.pstm.DomainClassInfo} serverId: 2, serverOidBase: 2000000000000
 INFO  [pool-1-thread-1] {pt.ist.fenixframework.backend.jvstm.pstm.DomainClassInfo} Existing domain class 'pt.ist.fenixframework.DomainRoot' with id '0'
 INFO  [pool-1-thread-1] {pt.ist.fenixframework.backend.jvstm.pstm.DomainClassInfo} Existing domain class 'pt.ist.fenixframework.adt.bplustree.LeafNode' with id '4'
 INFO  [pool-1-thread-1] {pt.ist.fenixframework.backend.jvstm.pstm.DomainClassInfo} Existing domain class 'pt.ist.fenixframework.adt.bplustree.InnerNodeArray' with id 'b'
 INFO  [pool-1-thread-1] {pt.ist.fenixframework.backend.jvstm.pstm.DomainClassInfo} Existing domain class 'pt.ist.fenixframework.adt.bplustree.LeafNodeArray' with id 'c'
 INFO  [pool-1-thread-1] {pt.ist.fenixframework.backend.jvstm.pstm.DomainClassInfo} Existing domain class 'pt.ist.fenixframework.adt.bplustree.DomainLeafNode' with id '1'
 INFO  [pool-1-thread-1] {pt.ist.fenixframework.backend.jvstm.pstm.DomainClassInfo} Existing domain class 'pt.ist.fenixframework.adt.bplustree.BPlusTreeArray' with id '2'
 INFO  [pool-1-thread-1] {pt.ist.fenixframework.backend.jvstm.pstm.DomainClassInfo} Existing domain class 'pt.ist.fenixframework.backend.jvstm.pstm.TransactionStatisticsEntry' with id '5'
 INFO  [pool-1-thread-1] {pt.ist.fenixframework.backend.jvstm.pstm.DomainClassInfo} Existing domain class 'pt.ist.fenixframework.adt.bplustree.AbstractNodeArray' with id 'a'
 INFO  [pool-1-thread-1] {pt.ist.fenixframework.backend.jvstm.pstm.DomainClassInfo} Existing domain class 'pt.ist.fenixframework.adt.bplustree.DomainBPlusTree' with id 'e'
 INFO  [pool-1-thread-1] {pt.ist.fenixframework.backend.jvstm.pstm.DomainClassInfo} Existing domain class 'pt.ist.fenixframework.adt.bplustree.DomainInnerNode' with id '3'
 INFO  [pool-1-thread-1] {pt.ist.fenixframework.backend.jvstm.pstm.DomainClassInfo} Existing domain class 'pt.ist.fenixframework.adt.linkedlist.LinkedList' with id '9'
 INFO  [pool-1-thread-1] {pt.ist.fenixframework.backend.jvstm.pstm.DomainClassInfo} Existing domain class 'pt.ist.fenixframework.backend.jvstm.pstm.FenixFrameworkData' with id 'd'
 INFO  [pool-1-thread-1] {pt.ist.fenixframework.backend.jvstm.pstm.DomainClassInfo} Existing domain class 'pt.ist.fenixframework.adt.bplustree.AbstractNode' with id 'f'
 INFO  [pool-1-thread-1] {pt.ist.fenixframework.backend.jvstm.pstm.DomainClassInfo} Existing domain class 'pt.ist.fenixframework.adt.bplustree.BPlusTree' with id '7'
 INFO  [pool-1-thread-1] {pt.ist.fenixframework.backend.jvstm.pstm.DomainClassInfo} Existing domain class 'pt.ist.fenixframework.adt.linkedlist.ListNode' with id '6'
 INFO  [pool-1-thread-1] {pt.ist.fenixframework.backend.jvstm.pstm.DomainClassInfo} Existing domain class 'pt.ist.fenixframework.adt.bplustree.InnerNode' with id '8'
 INFO  [pool-1-thread-1] {pt.ist.fenixframework.backend.jvstm.JVSTMBackEnd} setupJVSTM
 INFO  [pool-1-thread-1] {pt.ist.fenixframework.backend.jvstm.JVSTMBackEnd} Setting the last committed TX number to 2
 INFO  [pool-1-thread-1] {pt.ist.fenixframework.backend.jvstm.JVSTMBackEnd} createDomainRootIfNeeded
 INFO  [pool-1-thread-1] {pt.ist.fenixframework.backend.jvstm.JVSTMBackEnd} ensureFenixFrameworkDataExists
 INFO  [pool-1-thread-1] {pt.ist.fenixframework.hibernatesearch.HibernateSearchConfig} Resource 'fenix-framework-hibernate-search.properties' not found. Hibernate Search disabled
 INFO  [pool-1-thread-1] {pt.ist.fenixframework.FenixFramework} Initialization of Fenix Framework is now complete.
 INFO  [pool-1-thread-1] {org.radargun.cachewrappers.FFWrapper} FF STARTED=true
 INFO  [pool-1-thread-1] {org.radargun.stages.helpers.StartHelper} Number of members is the one expected: 12
 INFO  [pool-1-thread-1] {org.radargun.stages.StartClusterStage} Successfully started cache wrapper on slave 3: org.radargun.cachewrappers.FFWrapper@42623a9d
 INFO  [pool-1-thread-1] {org.radargun.Slave} Finished stage: StartCluster {config=ispn52-repl-sync-rc.xml, delayAfterFirstSlaveStarts=5.000 secs, delayBetweenStartingSlaves=0.500 secs, exitBenchmarkOnSlaveFailure=true, expectNumSlaves=null, mayFailOn=null, reachable=null, runOnAllSlaves=false, slaves=null, staggerSlaveStartup=true, useSmartClassLoading=true, validateCluster=true }
 INFO  [main] {org.radargun.Slave} Ack successfully sent to the master
 INFO  [pool-1-thread-1] {org.radargun.Slave} Executing stage: ClusterValidation {exitBenchmarkOnSlaveFailure=false, partialReplication=false, replicationTimeSleep=2000, replicationTryCount=60, runOnAllSlaves=false, slaves=null, useSmartClassLoading=true }
 INFO  [pool-1-thread-1] {org.radargun.stages.ClusterValidationStage} Number of caches that replicated here is 5
 INFO  [pool-1-thread-1] {org.radargun.stages.ClusterValidationStage} Replication test failed, 1 tries so far. Sleeping for 2 seconds and trying again.
 INFO  [pool-1-thread-1] {org.radargun.stages.ClusterValidationStage} Number of caches that replicated here is 11
 INFO  [pool-1-thread-1] {org.radargun.stages.ClusterValidationStage} Replication test successfully passed. partialReplication? false, replicationCount = 11
 INFO  [pool-1-thread-1] {org.radargun.stages.ClusterValidationStage} Confirm phase successful.
 INFO  [pool-1-thread-1] {org.radargun.Slave} Finished stage: ClusterValidation {exitBenchmarkOnSlaveFailure=false, partialReplication=false, replicationTimeSleep=2000, replicationTryCount=60, runOnAllSlaves=false, slaves=[ 0, 1, 2, 3, 4, 5, 6, 7, 8, 9, 10, 11 ], useSmartClassLoading=true }
 INFO  [main] {org.radargun.Slave} Ack successfully sent to the master
 INFO  [pool-1-thread-1] {org.radargun.Slave} Executing stage: StressTestWarmup {bulkSize=1, cacheSpecificKeyGenerator=false, commitTransactions=true, duration=1 mins 0 secs, entrySize=1000, exitBenchmarkOnSlaveFailure=false, fixedKeys=true, generateHistogramRange=false, keyGeneratorClass=org.radargun.stressors.StringKeyGenerator, keyGeneratorParam=null, loadAllKeys=false, numEntries=100, numOfThreads=4, numRequests=10000, numThreads=4, numberOfAttributes=100, numberOfRequests=10000, opsCountStatusLog=100000, poolKeys=true, preferAsyncOperations=false, removePercentage=0, replaceInvalidPercentage=40, runOnAllSlaves=false, sharedKeys=false, sizeOfAnAttribute=1000, slaves=null, transactionSize=50, useAtomics=false, useHistogramStatistics=false, useSimpleStatistics=true, useSmartClassLoading=true, useTransactions=null, writePercentage=20, writeTxPercentage=20 }
 INFO  [pool-1-thread-1] {org.radargun.stages.StressTestWarmupStage} Starting StressTestWarmupStage: StressTestWarmup {bulkSize=1, cacheSpecificKeyGenerator=false, commitTransactions=true, duration=1 mins 0 secs, entrySize=1000, exitBenchmarkOnSlaveFailure=false, fixedKeys=true, generateHistogramRange=false, keyGeneratorClass=org.radargun.stressors.StringKeyGenerator, keyGeneratorParam=null, loadAllKeys=false, numEntries=100, numOfThreads=4, numRequests=10000, numThreads=4, numberOfAttributes=100, numberOfRequests=10000, opsCountStatusLog=100000, poolKeys=true, preferAsyncOperations=false, removePercentage=0, replaceInvalidPercentage=40, runOnAllSlaves=false, sharedKeys=false, sizeOfAnAttribute=1000, slaves=null, transactionSize=50, useAtomics=false, useHistogramStatistics=false, useSimpleStatistics=true, useSmartClassLoading=true, useTransactions=null, writePercentage=20, writeTxPercentage=20 }
 INFO  [pool-1-thread-1] {org.radargun.stressors.StressTestStressor} Using key generator org.radargun.stressors.StringKeyGenerator, param null
 INFO  [pool-1-thread-1] {org.radargun.stressors.StressTestStressor} Executing: StressTestStressor{opsCountStatusLog=100000, numRequests=10000, numEntries=100, entrySize=1000, writePercentage=20, numThreads=4, cacheWrapper=org.radargun.cachewrappers.FFWrapper@42623a9d, nodeIndex=3, useTransactions=true, transactionSize=50, commitTransactions=true, durationMillis=60000}
 INFO  [pool-1-thread-1] {org.radargun.stressors.StressTestStressor} Cache wrapper info is: FFWrapper using infinispan52
[GC 273853K->18298K(2944064K), 0.0469480 secs]
[GC 274362K->17686K(2944064K), 0.0401040 secs]
 INFO  [pool-1-thread-1] {org.radargun.stressors.StressTestStressor} Started 4 stressor threads.
 INFO  [Stressor-1] {org.radargun.stressors.StressTestStressor} Number of ops executed so far: 1. Elapsed time: 0.001 secs. Remaining: 59.999 secs. Total: 1 mins 0 secs
[GC 273750K->26001K(2944064K), 0.0385410 secs]
[GC 282065K->26253K(2944064K), 0.0394830 secs]
[GC 282317K->35850K(2944064K), 0.0412130 secs]
[GC 291914K->38388K(2944064K), 0.0447110 secs]
[GC 294452K->45872K(2944064K), 0.0431290 secs]
 INFO  [Stressor-1] {org.radargun.stressors.StressTestStressor} Number of ops executed so far: 24050. Elapsed time: 20.006 secs. Remaining: 39.994 secs. Total: 1 mins 0 secs
[GC 301936K->53476K(2944064K), 0.0441260 secs]
[GC 309540K->53581K(2944064K), 0.0433550 secs]
[GC 309645K->61165K(2944064K), 0.0487410 secs]
[GC 317229K->68877K(2944064K), 0.0511460 secs]
[GC 324927K->68196K(2944064K), 0.0492450 secs]
 INFO  [Stressor-0] {org.radargun.stressors.StressTestStressor} Number of ops executed so far: 61650. Elapsed time: 40.014 secs. Remaining: 19.986 secs. Total: 1 mins 0 secs
[GC 324260K->76777K(2944064K), 0.0516380 secs]
[GC 332841K->86725K(2944064K), 0.0516430 secs]
[GC 342789K->105420K(2944064K), 0.0793730 secs]
[GC 361484K->77351K(2944064K), 0.0535270 secs]
[GC 333415K->73739K(2944064K), 0.0502110 secs]
[GC 329803K->88430K(2944064K), 0.0497510 secs]
 INFO  [Stressor-1] {org.radargun.stressors.StressTestStressor} Number of ops executed so far: 125400. Elapsed time: 1 mins 0 secs. Remaining: 0.000 secs. Total: 1 mins 0 secs
 INFO  [pool-1-thread-1] {org.radargun.stressors.StressTestStressor} Finished generating report. Test duration is: 1 mins 12 secs
 INFO  [pool-1-thread-1] {org.radargun.stages.StressTestWarmupStage} The warmup took: 72 seconds.
 INFO  [pool-1-thread-1] {org.radargun.Slave} Finished stage: StressTestWarmup {bulkSize=1, cacheSpecificKeyGenerator=false, commitTransactions=true, duration=1 mins 0 secs, entrySize=1000, exitBenchmarkOnSlaveFailure=false, fixedKeys=true, generateHistogramRange=false, keyGeneratorClass=org.radargun.stressors.StringKeyGenerator, keyGeneratorParam=null, loadAllKeys=false, numEntries=100, numOfThreads=4, numRequests=10000, numThreads=4, numberOfAttributes=100, numberOfRequests=10000, opsCountStatusLog=100000, poolKeys=true, preferAsyncOperations=false, removePercentage=0, replaceInvalidPercentage=40, runOnAllSlaves=false, sharedKeys=false, sizeOfAnAttribute=1000, slaves=null, transactionSize=50, useAtomics=false, useHistogramStatistics=false, useSimpleStatistics=true, useSmartClassLoading=true, useTransactions=null, writePercentage=20, writeTxPercentage=20 }
 INFO  [main] {org.radargun.Slave} Ack successfully sent to the master
[GC 344494K->85153K(2944064K), 0.0496660 secs]
[GC 341217K->106571K(2944064K), 0.0483010 secs]
[GC 362635K->82094K(2944064K), 0.0522490 secs]
[GC 338158K->100145K(2944064K), 0.0524390 secs]
[GC 356209K->83203K(2944064K), 0.0488940 secs]
[GC 339267K->85781K(2944064K), 0.0500060 secs]
[GC 341845K->85451K(2944064K), 0.0501410 secs]
[GC 341515K->88041K(2944064K), 0.0494500 secs]
[GC 344105K->102442K(2944064K), 0.0537400 secs]
[GC 358506K->86252K(2944064K), 0.0525100 secs]
[GC 342301K->105284K(2944064K), 0.0520930 secs]
[GC 361348K->115465K(2944064K), 0.0554020 secs]
[GC 371529K->110681K(2944064K), 0.0743670 secs]
[GC 366745K->116158K(2944064K), 0.0561900 secs]
[GC 372222K->121417K(2944064K), 0.0570100 secs]
[GC 377481K->140208K(2944064K), 0.0583440 secs]
[GC 396272K->127282K(2944064K), 0.0558670 secs]
[GC 383346K->143342K(2944064K), 0.0579310 secs]
[GC 399406K->166123K(2944064K), 0.0680740 secs]
[GC 422187K->197356K(2944064K), 0.0848250 secs]
[GC 453420K->211959K(2944064K), 0.0899770 secs]
 INFO  [pool-1-thread-1] {org.radargun.Slave} Executing stage: ClearClusterStage {ClearCluster {exitBenchmarkOnSlaveFailure=false, runOnAllSlaves=false, slaves=[ 0 ], useSmartClassLoading=true }
 INFO  [pool-1-thread-1] {org.radargun.stages.ClearClusterStage} Before executing clear, memory looks like this: Memory - free: 2,728,252 kb - max:4,906,688 kb- total:2,944,064 kb
[Full GC 215811K->170814K(2944064K), 0.8577610 secs]
 INFO  [pool-1-thread-1] {org.radargun.stages.ClearClusterStage} After executing cleanup, memory looks like this: Memory - free: 2,771,912 kb - max:4,906,688 kb- total:2,944,192 kb
 INFO  [pool-1-thread-1] {org.radargun.Slave} Finished stage: ClearClusterStage {ClearCluster {exitBenchmarkOnSlaveFailure=false, runOnAllSlaves=false, slaves=[ 0 ], useSmartClassLoading=true }
 INFO  [main] {org.radargun.Slave} Ack successfully sent to the master
 INFO  [pool-1-thread-1] {org.radargun.Slave} Executing stage: StressTest {bulkSize=1, cacheSpecificKeyGenerator=false, commitTransactions=true, duration=1 mins 0 secs, entrySize=1000, exitBenchmarkOnSlaveFailure=false, fixedKeys=true, generateHistogramRange=false, keyGeneratorClass=org.radargun.stressors.StringKeyGenerator, keyGeneratorParam=null, loadAllKeys=false, numEntries=10000, numOfThreads=4, numRequests=10000000, numThreads=4, numberOfAttributes=10000, numberOfRequests=10000000, opsCountStatusLog=500000, poolKeys=true, preferAsyncOperations=false, removePercentage=0, replaceInvalidPercentage=40, runOnAllSlaves=false, sharedKeys=false, sizeOfAnAttribute=1000, slaves=null, transactionSize=10000, useAtomics=false, useHistogramStatistics=false, useSimpleStatistics=true, useSmartClassLoading=true, useTransactions=true, writePercentage=1, writeTxPercentage=20 }
 INFO  [pool-1-thread-1] {org.radargun.stages.StressTestStage} Starting StressTestStage: StressTest {bulkSize=1, cacheSpecificKeyGenerator=false, commitTransactions=true, duration=1 mins 0 secs, entrySize=1000, exitBenchmarkOnSlaveFailure=false, fixedKeys=true, generateHistogramRange=false, keyGeneratorClass=org.radargun.stressors.StringKeyGenerator, keyGeneratorParam=null, loadAllKeys=false, numEntries=10000, numOfThreads=4, numRequests=10000000, numThreads=4, numberOfAttributes=10000, numberOfRequests=10000000, opsCountStatusLog=500000, poolKeys=true, preferAsyncOperations=false, removePercentage=0, replaceInvalidPercentage=40, runOnAllSlaves=false, sharedKeys=false, sizeOfAnAttribute=1000, slaves=null, transactionSize=10000, useAtomics=false, useHistogramStatistics=false, useSimpleStatistics=true, useSmartClassLoading=true, useTransactions=true, writePercentage=1, writeTxPercentage=20 }
 INFO  [pool-1-thread-1] {org.radargun.stressors.StressTestStressor} Using key generator org.radargun.stressors.StringKeyGenerator, param null
 INFO  [pool-1-thread-1] {org.radargun.stressors.StressTestStressor} Executing: StressTestStressor{opsCountStatusLog=500000, numRequests=10000000, numEntries=10000, entrySize=1000, writePercentage=1, numThreads=4, cacheWrapper=org.radargun.cachewrappers.FFWrapper@42623a9d, nodeIndex=3, useTransactions=true, transactionSize=10000, commitTransactions=true, durationMillis=60000}
 INFO  [pool-1-thread-1] {org.radargun.stressors.StressTestStressor} Cache wrapper info is: FFWrapper using infinispan52
[GC 426942K->253671K(2944192K), 0.0403710 secs]
[GC 509799K->192146K(2944192K), 0.0304130 secs]
[GC 448274K->180886K(2944192K), 0.0342260 secs]
[GC 437014K->185933K(2944192K), 0.0410660 secs]
[GC 442061K->187513K(2944192K), 0.0429850 secs]
[GC 443641K->191352K(2944192K), 0.0366510 secs]
[GC 447480K->192494K(2944192K), 0.0530560 secs]
[GC 448622K->196378K(2944192K), 0.0508700 secs]
[GC 452506K->199927K(2944192K), 0.0501170 secs]
[GC 456055K->203571K(2944192K), 0.0536690 secs]
[GC 459699K->207233K(2944192K), 0.0531680 secs]
[GC 463361K->211050K(2944192K), 0.0582640 secs]
[GC 467178K->214643K(2944192K), 0.0503660 secs]
[GC 470771K->218341K(2944192K), 0.0485580 secs]
[GC 474469K->221611K(2944192K), 0.0468180 secs]
[GC 477739K->229158K(2944192K), 0.0653370 secs]
[GC 485286K->231414K(2944192K), 0.0655530 secs]
[GC 487542K->234960K(2944192K), 0.0533410 secs]
[GC 491088K->238431K(2944192K), 0.0583800 secs]
[GC 494559K->241415K(2944192K), 0.0664880 secs]
[GC 497543K->245095K(2944192K), 0.0535050 secs]
[GC 501223K->248178K(2944192K), 0.0638350 secs]
[GC 504306K->240942K(2944192K), 0.0513030 secs]
[GC 497070K->254202K(2944192K), 0.0535610 secs]
[GC 510330K->256576K(2944192K), 0.0539600 secs]
[GC 512704K->254911K(2944192K), 0.0566790 secs]
[GC 511039K->257809K(2944192K), 0.0514980 secs]
[GC 513937K->261506K(2944192K), 0.0513620 secs]
[GC 517634K->265946K(2944192K), 0.0532490 secs]
[GC 522074K->270806K(2944192K), 0.0550710 secs]
[GC 526934K->274241K(2944192K), 0.0539170 secs]
[GC 530369K->278564K(2944192K), 0.0514030 secs]
[GC 534692K->281294K(2944192K), 0.0544010 secs]
[GC 537422K->284701K(2944192K), 0.0560750 secs]
[GC 540829K->288752K(2944192K), 0.0655790 secs]
[GC 544880K->290236K(2944192K), 0.0628150 secs]
[GC 546364K->293092K(2944192K), 0.0539720 secs]
[GC 549220K->296226K(2944192K), 0.0526090 secs]
[GC 552354K->298425K(2944192K), 0.0526180 secs]
[GC 554553K->302686K(2944192K), 0.0545130 secs]
[GC 558814K->295139K(2944192K), 0.0547780 secs]
[GC 551267K->298165K(2944192K), 0.0623190 secs]
[GC 554293K->301933K(2944192K), 0.0632120 secs]
[GC 558061K->292401K(2944192K), 0.0466190 secs]
[GC 548529K->299778K(2944192K), 0.0543070 secs]
[GC 555906K->301684K(2944192K), 0.0519380 secs]
[GC 557812K->304711K(2944192K), 0.0506620 secs]
[GC 560839K->308156K(2944192K), 0.0521450 secs]
[GC 564284K->312159K(2944192K), 0.0548420 secs]
[GC 568287K->316544K(2944192K), 0.0597500 secs]
[GC 572643K->320850K(2944192K), 0.0672560 secs]
[GC 576978K->324269K(2944192K), 0.0621630 secs]
[GC 580397K->327614K(2944192K), 0.0567390 secs]
[GC 583742K->330672K(2944192K), 0.0539330 secs]
[GC 586800K->327174K(2944192K), 0.0534870 secs]
[GC 583302K->339582K(2944192K), 0.0511890 secs]
[GC 595710K->343393K(2944192K), 0.0561130 secs]
[GC 599521K->346965K(2944192K), 0.0510690 secs]
[GC 603093K->351410K(2944192K), 0.0503410 secs]
[GC 607538K->356766K(2944192K), 0.0548320 secs]
[GC 612894K->360256K(2944192K), 0.0586860 secs]
[GC 616384K->363148K(2944192K), 0.0573670 secs]
[GC 619276K->353685K(2944192K), 0.0646230 secs]
[GC 609813K->356457K(2944192K), 0.0528940 secs]
[GC 612585K->355353K(2944192K), 0.0537310 secs]
[GC 611481K->355571K(2944192K), 0.0517840 secs]
[GC 611699K->369773K(2944192K), 0.0560020 secs]
[GC 625901K->373471K(2944192K), 0.0547960 secs]
[GC 629599K->365726K(2944192K), 0.0545740 secs]
[GC 621854K->370488K(2944192K), 0.0621420 secs]
 INFO  [pool-1-thread-1] {org.radargun.stressors.StressTestStressor} Started 4 stressor threads.
 INFO  [Stressor-2] {org.radargun.stressors.StressTestStressor} Number of ops executed so far: 1. Elapsed time: 0.000 secs. Remaining: 1 mins 0 secs. Total: 1 mins 0 secs
[GC 626616K->385933K(2944192K), 0.0591660 secs]
[GC 642061K->404377K(2944192K), 0.0617110 secs]
[GC 660505K->422745K(2944192K), 0.0675940 secs]
[GC 678825K->435853K(2944192K), 0.0703900 secs]
[GC 691717K->434406K(2944192K), 0.0621580 secs]
[GC 690534K->447846K(2944192K), 0.1280470 secs]
[GC 703960K->429874K(2944192K), 0.0525560 secs]
[GC 686002K->456911K(2944192K), 0.0620420 secs]
[GC 712841K->451956K(2944192K), 0.0517220 secs]
[GC 708048K->460269K(2944192K), 0.0568620 secs]
[GC 716397K->471746K(2944192K), 0.0569980 secs]
[GC 727874K->473759K(2944192K), 0.0645550 secs]
[GC 729887K->476631K(2944192K), 0.0505030 secs]
[GC 732759K->481833K(2944192K), 0.0571520 secs]
[GC 737961K->489554K(2944192K), 0.0553150 secs]
 INFO  [Stressor-0] {org.radargun.stressors.StressTestStressor} Number of ops executed so far: 4600000. Elapsed time: 20.013 secs. Remaining: 39.987 secs. Total: 1 mins 0 secs
[GC 745626K->503175K(2944192K), 0.0633560 secs]
[GC 759303K->506999K(2944192K), 0.0597420 secs]
[GC 763127K->529010K(2944192K), 0.0562620 secs]
[GC 785138K->525813K(2944192K), 0.0622010 secs]
[GC 781941K->521833K(2944192K), 0.0587470 secs]
[GC 777926K->523603K(2944192K), 0.1134040 secs]
[GC 779731K->521670K(2944192K), 0.0579810 secs]
[GC 777798K->537613K(2944192K), 0.0510960 secs]
[GC 793741K->539910K(2944192K), 0.0552970 secs]
[GC 796000K->550081K(2944192K), 0.0510860 secs]
[GC 806209K->561536K(2944192K), 0.0631480 secs]
[GC 817664K->577761K(2944192K), 0.0514080 secs]
[GC 833645K->586853K(2944192K), 0.0553390 secs]
[GC 842981K->585885K(2944192K), 0.0596320 secs]
 INFO  [Stressor-3] {org.radargun.stressors.StressTestStressor} Number of ops executed so far: 9427461. Elapsed time: 40.013 secs. Remaining: 19.987 secs. Total: 1 mins 0 secs
[GC 842013K->602780K(2944192K), 0.0552430 secs]
[GC 858814K->615636K(2944192K), 0.0552960 secs]
[GC 871747K->598414K(2944192K), 0.0549520 secs]
[GC 854502K->617932K(2944192K), 0.0540310 secs]
[GC 874060K->623143K(2944192K), 0.0539880 secs]
[GC 879271K->615601K(2944192K), 0.0564530 secs]
[GC 871729K->634687K(2944192K), 0.0529490 secs]
[GC 890770K->633732K(2944192K), 0.0557650 secs]
[GC 889860K->645185K(2944192K), 0.0565540 secs]
[GC 901313K->641810K(2944192K), 0.0564560 secs]
[GC 897938K->654346K(2944192K), 0.0571320 secs]
[GC 910249K->652212K(2944192K), 0.0636830 secs]
[GC 908099K->651795K(2944192K), 0.0546310 secs]
[GC 907923K->678296K(2944192K), 0.0572840 secs]
[GC 934424K->668399K(2944192K), 0.0527690 secs]
[GC 924527K->664514K(2944192K), 0.0560100 secs]
 INFO  [Stressor-1] {org.radargun.stressors.StressTestStressor} Number of ops executed so far: 14710000. Elapsed time: 1 mins 0 secs. Remaining: 0.000 secs. Total: 1 mins 0 secs
 INFO  [pool-1-thread-1] {org.radargun.stressors.StressTestStressor} Finished generating report. Test duration is: 5 mins 32 secs
 INFO  [pool-1-thread-1] {org.radargun.stages.StressTestStage} size info: FFWrapper using infinispan52, clusterSize:12, nodeIndex:3, cacheSize: -1
 INFO  [pool-1-thread-1] {org.radargun.Slave} Finished stage: StressTest {bulkSize=1, cacheSpecificKeyGenerator=false, commitTransactions=true, duration=1 mins 0 secs, entrySize=1000, exitBenchmarkOnSlaveFailure=false, fixedKeys=true, generateHistogramRange=false, keyGeneratorClass=org.radargun.stressors.StringKeyGenerator, keyGeneratorParam=null, loadAllKeys=false, numEntries=10000, numOfThreads=4, numRequests=10000000, numThreads=4, numberOfAttributes=10000, numberOfRequests=10000000, opsCountStatusLog=500000, poolKeys=true, preferAsyncOperations=false, removePercentage=0, replaceInvalidPercentage=40, runOnAllSlaves=false, sharedKeys=false, sizeOfAnAttribute=1000, slaves=null, transactionSize=10000, useAtomics=false, useHistogramStatistics=false, useSimpleStatistics=true, useSmartClassLoading=true, useTransactions=true, writePercentage=1, writeTxPercentage=20 }
 INFO  [main] {org.radargun.Slave} Ack successfully sent to the master
[GC 920642K->652027K(2944192K), 0.0410430 secs]
[GC 908155K->663704K(2944192K), 0.0462130 secs]
[GC 919832K->665650K(2944192K), 0.0725080 secs]
[GC 921778K->666782K(2944192K), 0.0535550 secs]
[GC 922910K->668662K(2944192K), 0.0448410 secs]
[GC 924790K->667749K(2944192K), 0.0724000 secs]
[GC 923877K->648332K(2944192K), 0.0628530 secs]
[GC 904460K->643476K(2944192K), 0.0384410 secs]
[GC 899604K->662116K(2944192K), 0.0422900 secs]
[GC 918244K->642018K(2944192K), 0.0440650 secs]
[GC 898146K->661060K(2944192K), 0.0420440 secs]
[GC 917188K->649295K(2944192K), 0.0463550 secs]
[GC 905423K->665509K(2944192K), 0.0437320 secs]
[GC 921637K->645318K(2944192K), 0.0462180 secs]
[GC 901446K->645603K(2944192K), 0.0475540 secs]
[GC 901731K->643989K(2944192K), 0.0992800 secs]
[GC 900117K->650160K(2944192K), 0.0578540 secs]
[GC 906288K->651137K(2944192K), 0.0827610 secs]
[GC 907265K->652427K(2944192K), 0.0459570 secs]
[GC 908555K->659980K(2944192K), 0.0412110 secs]
[GC 916108K->661739K(2944192K), 0.0736420 secs]
[GC 917867K->657337K(2944192K), 0.0396730 secs]
[GC 913465K->659178K(2944192K), 0.0673440 secs]
[GC 915306K->666813K(2944192K), 0.0418990 secs]
[GC 922941K->668454K(2944192K), 0.0488970 secs]
[GC 924582K->663926K(2944192K), 0.0675470 secs]
[GC 920054K->671579K(2944192K), 0.0502500 secs]
[GC 927707K->673022K(2944192K), 0.0395750 secs]
[GC 929150K->668005K(2944192K), 0.0477800 secs]
[GC 924133K->681271K(2944192K), 0.0407330 secs]
[GC 937399K->670979K(2944192K), 0.0445820 secs]
[GC 927107K->685948K(2944192K), 0.0427490 secs]
[GC 942076K->683658K(2944192K), 0.0499230 secs]
[GC 939704K->702545K(2944192K), 0.0511060 secs]
[GC 958673K->726507K(2944192K), 0.0600390 secs]
[GC 982635K->747226K(2944192K), 0.0639070 secs]
[GC 1003354K->769945K(2944192K), 0.1063530 secs]
[GC 1026073K->779863K(2944192K), 0.0812030 secs]
[GC 1035867K->752865K(2944192K), 0.0917140 secs]
[GC 1008993K->807336K(2944192K), 0.0613630 secs]
[GC 1063464K->790747K(2944192K), 0.0853170 secs]
[GC 1046875K->819401K(2944192K), 0.0653170 secs]
[GC 1075519K->813763K(2944192K), 0.0842690 secs]
[GC 1069848K->833684K(2944192K), 0.0774690 secs]
[GC 1089812K->828963K(2944192K), 0.0774400 secs]
[GC 1084919K->855276K(2944192K), 0.0771240 secs]
[GC 1111404K->868862K(2944192K), 0.0740540 secs]
[GC 1124935K->894203K(2944192K), 0.0751920 secs]
[GC 1150331K->873463K(2944192K), 0.0762850 secs]
[GC 1129591K->919087K(2944192K), 0.0686200 secs]
[GC 1175215K->892367K(2944192K), 0.0689460 secs]
[GC 1148495K->920457K(2944192K), 0.0544210 secs]
[GC 1176585K->884955K(2944192K), 0.0571420 secs]
[GC 1141083K->921998K(2944192K), 0.0578890 secs]
[GC 1178126K->887244K(2944192K), 0.0579950 secs]
[GC 1143372K->926243K(2944192K), 0.0574940 secs]
[GC 1182371K->890230K(2944192K), 0.0594910 secs]
[GC 1146358K->898817K(2944192K), 0.0682370 secs]
[GC 1154945K->908811K(2944192K), 0.0544480 secs]
[GC 1164939K->909112K(2944192K), 0.0577320 secs]
[GC 1165240K->910614K(2944192K), 0.0599870 secs]
[GC 1166742K->926780K(2944192K), 0.0634010 secs]
[GC 1182908K->911726K(2944192K), 0.0663700 secs]
[GC 1167854K->896552K(2944192K), 0.0624120 secs]
[GC 1152680K->904364K(2944192K), 0.0572870 secs]
[GC 1160492K->898891K(2944192K), 0.0446590 secs]
[GC 1155019K->898951K(2944192K), 0.0427470 secs]
[GC 1155079K->907956K(2944192K), 0.0416730 secs]
[GC 1164084K->901870K(2944192K), 0.0451420 secs]
[GC 1157998K->906246K(2944192K), 0.0396440 secs]
[GC 1162374K->909886K(2944192K), 0.0404410 secs]
[GC 1166014K->902263K(2944192K), 0.0420130 secs]
[GC 1158391K->910214K(2944192K), 0.0428860 secs]
[GC 1166342K->914022K(2944192K), 0.0423130 secs]
[GC 1170150K->906138K(2944192K), 0.0415880 secs]
[GC 1162266K->913977K(2944192K), 0.0391630 secs]
[GC 1170105K->913111K(2944192K), 0.0405700 secs]
[GC 1169239K->919711K(2944192K), 0.0423380 secs]
[GC 1175839K->911605K(2944192K), 0.0412140 secs]
[GC 1167733K->914897K(2944192K), 0.0417950 secs]
[GC 1171025K->922944K(2944192K), 0.0414800 secs]
[GC 1179072K->915122K(2944192K), 0.0408460 secs]
[GC 1171250K->923218K(2944192K), 0.0425180 secs]
[GC 1179346K->922339K(2944192K), 0.0409390 secs]
[GC 1178467K->924274K(2944192K), 0.0404530 secs]
[GC 1180402K->920580K(2944192K), 0.0410160 secs]
[GC 1176708K->926883K(2944192K), 0.0417920 secs]
[GC 1183011K->933261K(2944192K), 0.0396210 secs]
[GC 1189389K->924820K(2944192K), 0.0401420 secs]
[GC 1180948K->937508K(2944192K), 0.0398900 secs]
[GC 1193636K->926740K(2944192K), 0.0398730 secs]
[GC 1182868K->935346K(2944192K), 0.0434970 secs]
[GC 1191474K->934449K(2944192K), 0.0417220 secs]
[GC 1190577K->936461K(2944192K), 0.0420430 secs]
[GC 1192589K->937986K(2944192K), 0.0404840 secs]
[GC 1194114K->939461K(2944192K), 0.0440400 secs]
[GC 1195589K->946066K(2944192K), 0.0433030 secs]
[GC 1202194K->936974K(2944192K), 0.0409460 secs]
[GC 1193102K->940568K(2944192K), 0.0411250 secs]
[GC 1196696K->949136K(2944192K), 0.0432620 secs]
[GC 1205264K->940870K(2944192K), 0.0398320 secs]
[GC 1196998K->954261K(2944192K), 0.0402760 secs]
[GC 1210389K->943057K(2944192K), 0.0388950 secs]
[GC 1199185K->951685K(2944192K), 0.0419860 secs]
[GC 1207813K->950936K(2944192K), 0.0479280 secs]
[GC 1207064K->953109K(2944192K), 0.0438490 secs]
[GC 1209237K->959796K(2944192K), 0.0414350 secs]
[GC 1215924K->950929K(2944192K), 0.0409380 secs]
[GC 1207057K->959391K(2944192K), 0.0396120 secs]
[GC 1215519K->958003K(2944192K), 0.0450960 secs]
[GC 1214131K->965132K(2944192K), 0.0434360 secs]
[GC 1221260K->956197K(2944192K), 0.0417330 secs]
[GC 1212325K->964908K(2944192K), 0.0433640 secs]
[GC 1221036K->963929K(2944192K), 0.0436630 secs]
[GC 1220057K->971197K(2944192K), 0.0407830 secs]
[GC 1227325K->965114K(2944192K), 0.0393190 secs]
[GC 1221242K->970518K(2944192K), 0.0411710 secs]
[GC 1226646K->974607K(2944192K), 0.0415610 secs]
[GC 1230735K->969484K(2944192K), 0.0464950 secs]
[GC 1225612K->979849K(2944192K), 0.0405010 secs]
[GC 1235977K->967984K(2944192K), 0.0420360 secs]
[GC 1224112K->977090K(2944192K), 0.0396170 secs]
[GC 1233218K->981394K(2944192K), 0.0436460 secs]
[GC 1237522K->972997K(2944192K), 0.0426870 secs]
[GC 1229125K->981842K(2944192K), 0.0434620 secs]
[GC 1237970K->980701K(2944192K), 0.0424180 secs]
[GC 1236829K->982773K(2944192K), 0.0408120 secs]
[GC 1238901K->984075K(2944192K), 0.0393200 secs]
[GC 1240203K->985498K(2944192K), 0.0433290 secs]
[GC 1241626K->987039K(2944192K), 0.0412490 secs]
[GC 1243167K->988626K(2944192K), 0.0434600 secs]
[GC 1244754K->995545K(2944192K), 0.0414030 secs]
[GC 1251673K->989374K(2944192K), 0.0451510 secs]
[GC 1245502K->994514K(2944192K), 0.0414770 secs]
[GC 1250642K->998782K(2944192K), 0.0436010 secs]
[GC 1254910K->989984K(2944192K), 0.0424810 secs]
[GC 1246112K->999184K(2944192K), 0.0416830 secs]
[GC 1255312K->1003389K(2944192K), 0.0404800 secs]
[GC 1259517K->994545K(2944192K), 0.0413240 secs]
[GC 1250673K->1003250K(2944192K), 0.0419840 secs]
[GC 1259378K->1002005K(2944192K), 0.0391960 secs]
[GC 1258133K->1009459K(2944192K), 0.0408750 secs]
[GC 1265587K->1000272K(2944192K), 0.0407200 secs]
[GC 1256400K->1009253K(2944192K), 0.0411910 secs]
[GC 1265381K->1013601K(2944192K), 0.0427380 secs]
[GC 1269729K->1004475K(2944192K), 0.0421900 secs]
[GC 1260603K->1013329K(2944192K), 0.0420780 secs]
[GC 1269457K->1017482K(2944192K), 0.0445070 secs]
[GC 1273610K->1008756K(2944192K), 0.0443140 secs]
[GC 1264884K->1022932K(2944192K), 0.0406570 secs]
[GC 1279060K->1014315K(2944192K), 0.0416050 secs]
[GC 1270443K->1020232K(2944192K), 0.0416540 secs]
[GC 1276360K->1019160K(2944192K), 0.0401870 secs]
[GC 1275288K->1026687K(2944192K), 0.0408780 secs]
[GC 1282815K->1020840K(2944192K), 0.0443380 secs]
[GC 1276968K->1026396K(2944192K), 0.0402800 secs]
[GC 1282524K->1030645K(2944192K), 0.0428070 secs]
[GC 1286773K->1021541K(2944192K), 0.0381580 secs]
[GC 1277669K->1030412K(2944192K), 0.0416610 secs]
[GC 1286540K->1029333K(2944192K), 0.0410720 secs]
[GC 1285461K->1031307K(2944192K), 0.0415430 secs]
[GC 1287435K->1033032K(2944192K), 0.0418500 secs]
[GC 1289160K->1034676K(2944192K), 0.0470790 secs]
[GC 1290804K->1036316K(2944192K), 0.0406530 secs]
[GC 1292444K->1037340K(2944192K), 0.0465310 secs]
[GC 1293468K->1038729K(2944192K), 0.0414580 secs]
[GC 1294857K->1040256K(2944192K), 0.0401090 secs]
[GC 1296384K->1047306K(2944192K), 0.0470330 secs]
[GC 1303434K->1037724K(2944192K), 0.0422280 secs]
[GC 1293852K->1046695K(2944192K), 0.0433730 secs]
[GC 1302823K->1045114K(2944192K), 0.0410910 secs]
[GC 1301242K->1047201K(2944192K), 0.0426980 secs]
[GC 1303329K->1054510K(2944192K), 0.0427320 secs]
[GC 1310638K->1044870K(2944192K), 0.0414360 secs]
[GC 1300998K->1053973K(2944192K), 0.0407240 secs]
[GC 1310101K->1052773K(2944192K), 0.0425230 secs]
[GC 1308901K->1054753K(2944192K), 0.0429170 secs]
[GC 1310881K->1050527K(2944192K), 0.0392220 secs]
[GC 1306655K->1063003K(2944192K), 0.0396270 secs]
[GC 1319131K->1053591K(2944192K), 0.0434220 secs]
[GC 1309719K->1062591K(2944192K), 0.0426590 secs]
[GC 1318719K->1061473K(2944192K), 0.0419600 secs]
[GC 1317601K->1069169K(2944192K), 0.0417970 secs]
[GC 1325297K->1059362K(2944192K), 0.0424080 secs]
[GC 1315490K->1068343K(2944192K), 0.0412540 secs]
[GC 1324471K->1067164K(2944192K), 0.0400920 secs]
[GC 1323292K->1069226K(2944192K), 0.0411200 secs]
[GC 1325354K->1070974K(2944192K), 0.0404970 secs]
[GC 1327102K->1072626K(2944192K), 0.0409370 secs]
[GC 1328754K->1079461K(2944192K), 0.0418110 secs]
[GC 1335589K->1069655K(2944192K), 0.0436210 secs]
[GC 1325783K->1078596K(2944192K), 0.0399460 secs]
[GC 1334724K->1082822K(2944192K), 0.0426370 secs]
[GC 1338950K->1073829K(2944192K), 0.0422160 secs]
[GC 1329957K->1077988K(2944192K), 0.0414160 secs]
[GC 1334116K->1087130K(2944192K), 0.0388880 secs]
[GC 1343258K->1077920K(2944192K), 0.0387880 secs]
[GC 1334048K->1087207K(2944192K), 0.0391880 secs]
[GC 1343335K->1091365K(2944192K), 0.0430360 secs]
[GC 1347493K->1082483K(2944192K), 0.0465790 secs]
[GC 1338611K->1091881K(2944192K), 0.0409230 secs]
[GC 1348009K->1096169K(2944192K), 0.0445090 secs]
[GC 1352297K->1086909K(2944192K), 0.0973190 secs]
[GC 1343037K->1095849K(2944192K), 0.0418340 secs]
[GC 1351977K->1100100K(2944192K), 0.0419400 secs]
[GC 1356228K->1091142K(2944192K), 0.0401120 secs]
[GC 1347270K->1100405K(2944192K), 0.0429140 secs]
[GC 1356533K->1099308K(2944192K), 0.0433590 secs]
[GC 1355436K->1106828K(2944192K), 0.0431270 secs]
[GC 1362956K->1097304K(2944192K), 0.0431170 secs]
[GC 1353432K->1106583K(2944192K), 0.0427020 secs]
[GC 1362711K->1105528K(2944192K), 0.0427300 secs]
[GC 1361656K->1107382K(2944192K), 0.0440230 secs]
[GC 1363510K->1114967K(2944192K), 0.0432320 secs]
[GC 1371095K->1108320K(2944192K), 0.0490370 secs]
[GC 1364448K->1108578K(2944192K), 0.0407510 secs]
[GC 1364706K->1117990K(2944192K), 0.0422670 secs]
[GC 1374118K->1108784K(2944192K), 0.0398140 secs]
[GC 1364912K->1118150K(2944192K), 0.0440430 secs]
[GC 1374278K->1117008K(2944192K), 0.0405280 secs]
[GC 1373136K->1124261K(2944192K), 0.0448730 secs]
[GC 1380389K->1114680K(2944192K), 0.0417960 secs]
[GC 1370808K->1123810K(2944192K), 0.0448050 secs]
[GC 1379938K->1122555K(2944192K), 0.0448760 secs]
[GC 1378683K->1130200K(2944192K), 0.0411990 secs]
[GC 1386328K->1120637K(2944192K), 0.0393010 secs]
[GC 1376765K->1129386K(2944192K), 0.0436970 secs]
[GC 1385514K->1133621K(2944192K), 0.0443460 secs]
[GC 1389749K->1124653K(2944192K), 0.0409370 secs]
[GC 1380781K->1133846K(2944192K), 0.0448970 secs]
[GC 1389974K->1132872K(2944192K), 0.0427160 secs]
[GC 1389000K->1140488K(2944192K), 0.0459200 secs]
[GC 1396616K->1130909K(2944192K), 0.0429570 secs]
[GC 1387037K->1139804K(2944192K), 0.0400830 secs]
[GC 1395932K->1138543K(2944192K), 0.0411130 secs]
[GC 1394671K->1140784K(2944192K), 0.0392300 secs]
[GC 1396912K->1142512K(2944192K), 0.0412090 secs]
[GC 1398640K->1149824K(2944192K), 0.0439120 secs]
[GC 1405952K->1139914K(2944192K), 0.0442080 secs]
[GC 1396042K->1153744K(2944192K), 0.0405700 secs]
[GC 1409872K->1141599K(2944192K), 0.0417500 secs]
[GC 1397727K->1151387K(2944192K), 0.0463910 secs]
[GC 1407515K->1164787K(2944192K), 0.0485260 secs]
[GC 1420915K->1177340K(2944192K), 0.0534170 secs]
[GC 1433293K->1191364K(2944192K), 0.0614310 secs]
[GC 1447492K->1207967K(2944192K), 0.0641080 secs]
[GC 1464095K->1224853K(2944192K), 0.0653710 secs]
[GC 1480981K->1241925K(2944192K), 0.0740330 secs]
[GC 1498053K->1209009K(2944192K), 0.0798150 secs]
[GC 1465115K->1266420K(2944192K), 0.0816790 secs]
[GC 1522548K->1236328K(2944192K), 0.0850970 secs]
[GC 1492456K->1278196K(2944192K), 0.0705070 secs]
[GC 1534324K->1246089K(2944192K), 0.0734940 secs]
[GC 1502217K->1293533K(2944192K), 0.0721360 secs]
[GC 1549661K->1262584K(2944192K), 0.0805720 secs]
[GC 1518712K->1295099K(2944192K), 0.0752700 secs]
[GC 1551227K->1300549K(2944192K), 0.0628750 secs]
[GC 1556677K->1280158K(2944192K), 0.0696200 secs]
[GC 1536286K->1306797K(2944192K), 0.0634980 secs]
[GC 1562925K->1271790K(2944192K), 0.0638080 secs]
[GC 1527918K->1309335K(2944192K), 0.0631900 secs]
[GC 1565463K->1274625K(2944192K), 0.0642930 secs]
[GC 1530753K->1314898K(2944192K), 0.0687640 secs]
[GC 1571026K->1286698K(2944192K), 0.0733820 secs]
[GC 1542826K->1302893K(2944192K), 0.0674460 secs]
[GC 1559021K->1311560K(2944192K), 0.0681910 secs]
[GC 1567688K->1278787K(2944192K), 0.0711810 secs]
[GC 1534915K->1284617K(2944192K), 0.0637390 secs]
[GC 1540745K->1286092K(2944192K), 0.0633450 secs]
[GC 1542220K->1288530K(2944192K), 0.0568360 secs]
[GC 1544658K->1287143K(2944192K), 0.0502660 secs]
[GC 1543271K->1289121K(2944192K), 0.0480060 secs]
[GC 1545249K->1288864K(2944192K), 0.0442110 secs]
[GC 1544992K->1302418K(2944192K), 0.0429670 secs]
[GC 1558546K->1291479K(2944192K), 0.0432830 secs]
[GC 1547607K->1301369K(2944192K), 0.0492250 secs]
[GC 1557497K->1300131K(2944192K), 0.0417460 secs]
[GC 1556259K->1301992K(2944192K), 0.0503900 secs]
[GC 1558120K->1303817K(2944192K), 0.0424120 secs]
[GC 1559945K->1311609K(2944192K), 0.0460710 secs]
[GC 1567737K->1301168K(2944192K), 0.0489410 secs]
[GC 1557296K->1310963K(2944192K), 0.0471270 secs]
[GC 1567091K->1309675K(2944192K), 0.0440670 secs]
[GC 1565803K->1312060K(2944192K), 0.0446790 secs]
[GC 1568188K->1313648K(2944192K), 0.0439820 secs]
[GC 1569776K->1315264K(2944192K), 0.0457540 secs]
[GC 1571392K->1323149K(2944192K), 0.0421760 secs]
[GC 1328220K(2944192K), 0.0306640 secs]
[GC 1579277K->1312547K(2944192K), 0.0476810 secs]
[GC 1323103K(2944192K), 0.0224000 secs]
[GC 1284921K->1038351K(2944192K), 0.0461470 secs]
[GC 1294479K->1036857K(2944192K), 0.0442560 secs]
[GC 1292985K->1039285K(2944192K), 0.0461200 secs]
[GC 1295413K->1046891K(2944192K), 0.0446780 secs]
[GC 1303019K->1036503K(2944192K), 0.0462010 secs]
[GC 1292631K->1046625K(2944192K), 0.0459300 secs]
[GC 1302753K->1045506K(2944192K), 0.0477820 secs]
[GC 1301634K->1047763K(2944192K), 0.0486730 secs]
[GC 1303891K->1049605K(2944192K), 0.0473990 secs]
[GC 1305733K->1051425K(2944192K), 0.0491800 secs]
[GC 1307553K->1052853K(2944192K), 0.0436820 secs]
[GC 1308981K->1054589K(2944192K), 0.0514720 secs]
[GC 1310717K->1056514K(2944192K), 0.0443170 secs]
[GC 1312642K->1064727K(2944192K), 0.0436780 secs]
[GC 1320855K->1053550K(2944192K), 0.0464500 secs]
[GC 1309678K->1064103K(2944192K), 0.0488490 secs]
[GC 1320231K->1063125K(2944192K), 0.0452580 secs]
[GC 1319253K->1065399K(2944192K), 0.0460620 secs]
[GC 1321527K->1067259K(2944192K), 0.0443040 secs]
[GC 1323387K->1069200K(2944192K), 0.0473450 secs]
[GC 1325328K->1071040K(2944192K), 0.0452460 secs]
[GC 1327168K->1072829K(2944192K), 0.0454320 secs]
[GC 1328957K->1074686K(2944192K), 0.0446080 secs]
[GC 1330814K->1076465K(2944192K), 0.0438120 secs]
[GC 1332593K->1084595K(2944192K), 0.0496140 secs]
[GC 1340723K->1073252K(2944192K), 0.0444970 secs]
[GC 1329380K->1084319K(2944192K), 0.0475970 secs]
[GC 1340447K->1089015K(2944192K), 0.0447960 secs]
[GC 1345143K->1078340K(2944192K), 0.0458710 secs]
[GC 1334468K->1096130K(2944192K), 0.0486710 secs]
[GC 1352258K->1081531K(2944192K), 0.0619660 secs]
[GC 1337659K->1099455K(2944192K), 0.0489120 secs]
[GC 1355583K->1088961K(2944192K), 0.0500360 secs]
[GC 1345089K->1097204K(2944192K), 0.0452270 secs]
[GC 1353332K->1095829K(2944192K), 0.0477080 secs]
[GC 1351957K->1091409K(2944192K), 0.0453450 secs]
[GC 1347537K->1100332K(2944192K), 0.0484040 secs]
[GC 1356460K->1109371K(2944192K), 0.0461210 secs]
[GC 1365499K->1097198K(2944192K), 0.0494380 secs]
[GC 1353326K->1108597K(2944192K), 0.0499630 secs]
[GC 1364725K->1107209K(2944192K), 0.0447240 secs]
[GC 1363337K->1109426K(2944192K), 0.0495940 secs]
[GC 1365554K->1104662K(2944192K), 0.0505070 secs]
[GC 1360790K->1113750K(2944192K), 0.0594950 secs]
[GC 1369878K->1115449K(2944192K), 0.0475820 secs]
[GC 1371577K->1124111K(2944192K), 0.0453960 secs]
[GC 1380239K->1111995K(2944192K), 0.0511550 secs]
[GC 1368123K->1123404K(2944192K), 0.0473160 secs]
[GC 1379532K->1135693K(2944192K), 0.0515710 secs]
[GC 1391821K->1133313K(2944192K), 0.0573120 secs]
[GC 1389441K->1152832K(2944192K), 0.0616070 secs]
[GC 1408960K->1174994K(2944192K), 0.0630720 secs]
[GC 1431122K->1192753K(2944192K), 0.0702890 secs]
[GC 1448834K->1171224K(2944192K), 0.0772920 secs]
[GC 1427352K->1219283K(2944192K), 0.0812510 secs]
[GC 1475411K->1189476K(2944192K), 0.0858730 secs]
[GC 1445604K->1229089K(2944192K), 0.0871470 secs]
[GC 1485217K->1208120K(2944192K), 0.0742310 secs]
[GC 1464096K->1238593K(2944192K), 0.0776010 secs]
[GC 1494721K->1270912K(2944192K), 0.0870380 secs]
[GC 1527040K->1237453K(2944192K), 0.0887680 secs]
[GC 1493581K->1284267K(2944192K), 0.0871470 secs]
[GC 1540395K->1261135K(2944192K), 0.0802880 secs]
[GC 1517263K->1314480K(2944192K), 0.0877140 secs]
[GC 1570608K->1298562K(2944192K), 0.0905120 secs]
[GC 1554690K->1347210K(2944192K), 0.0843100 secs]
[GC 1603338K->1315515K(2944192K), 0.0791330 secs]
[GC 1571643K->1373004K(2944192K), 0.0812630 secs]
[GC 1629132K->1346082K(2944192K), 0.0779520 secs]
[GC 1602210K->1400120K(2944192K), 0.0833780 secs]
[GC 1656224K->1372069K(2944192K), 0.0820000 secs]
[GC 1628197K->1426668K(2944192K), 0.0803880 secs]
[GC 1682796K->1399939K(2944192K), 0.0864560 secs]
[GC 1655987K->1452595K(2944192K), 0.0833350 secs]
[GC 1708723K->1425967K(2944192K), 0.0879090 secs]
[GC 1682095K->1463830K(2944192K), 0.0919130 secs]
[GC 1719958K->1434997K(2944192K), 0.0743200 secs]
[GC 1691125K->1458868K(2944192K), 0.0622050 secs]
[GC 1714996K->1458940K(2944192K), 0.0627170 secs]
[GC 1715068K->1444527K(2944192K), 0.0752440 secs]
[GC 1700655K->1463038K(2944192K), 0.0910980 secs]
[GC 1719166K->1489923K(2944192K), 0.0598170 secs]
[GC 1746051K->1450728K(2944192K), 0.0632240 secs]
[GC 1706856K->1487738K(2944192K), 0.0658380 secs]
[GC 1743866K->1453859K(2944192K), 0.0647480 secs]
[GC 1709987K->1465163K(2944192K), 0.0759430 secs]
[GC 1721291K->1489545K(2944192K), 0.0612900 secs]
[GC 1745673K->1463181K(2944192K), 0.0642380 secs]
[GC 1719309K->1499029K(2944192K), 0.0644050 secs]
[GC 1755157K->1478986K(2944192K), 0.0720030 secs]
[GC 1735114K->1467941K(2944192K), 0.0672790 secs]
[GC 1724069K->1466024K(2944192K), 0.0629410 secs]
[GC 1722152K->1484741K(2944192K), 0.0648820 secs]
[GC 1740869K->1509252K(2944192K), 0.0659710 secs]
[GC 1765380K->1530592K(2944192K), 0.0707510 secs]
[GC 1786720K->1553743K(2944192K), 0.0856620 secs]
[GC 1809871K->1573811K(2944192K), 0.0935670 secs]
[GC 1829939K->1550633K(2944192K), 0.0911620 secs]
[GC 1806558K->1574989K(2944192K), 0.0906650 secs]
[GC 1831117K->1588326K(2944192K), 0.0797140 secs]
[GC 1844454K->1584126K(2944192K), 0.0808800 secs]
[GC 1840254K->1595100K(2944192K), 0.0758400 secs]
[GC 1851228K->1605445K(2944192K), 0.0780010 secs]
[GC 1861573K->1600231K(2944192K), 0.0704070 secs]
[GC 1856359K->1625268K(2944192K), 0.0654690 secs]
[GC 1881396K->1642106K(2944192K), 0.0649120 secs]
[GC 1898234K->1627221K(2944192K), 0.0791970 secs]
[GC 1883349K->1673634K(2944192K), 0.0704140 secs]
[GC 1929710K->1669639K(2944192K), 0.0849440 secs]
[GC 1925767K->1683444K(2944192K), 0.0855460 secs]
[GC 1939572K->1660923K(2944192K), 0.0823600 secs]
[GC 1917051K->1720681K(2944192K), 0.0803950 secs]
[GC 1976809K->1696439K(2944192K), 0.0893210 secs]
[GC 1952567K->1745687K(2944192K), 0.0798890 secs]
[GC 2001815K->1711476K(2944192K), 0.0822810 secs]
[GC 1967604K->1744379K(2944192K), 0.0630860 secs]
[GC 2000507K->1718499K(2944192K), 0.0757050 secs]
[GC 1974627K->1766162K(2944192K), 0.0851380 secs]
[GC 2022290K->1788848K(2944192K), 0.0801940 secs]
[GC 2044976K->1761476K(2944192K), 0.0960820 secs]
[GC 2017604K->1812667K(2944192K), 0.0837130 secs]
[GC 2068795K->1791659K(2944192K), 0.0996150 secs]
[GC 2047787K->1816862K(2944192K), 0.0813200 secs]
[GC 2072932K->1844010K(2944192K), 0.0852340 secs]
[GC 2100138K->1824551K(2944192K), 0.0809910 secs]
[GC 2080679K->1887548K(2944192K), 0.0661710 secs]
[GC 2143498K->1859694K(2944192K), 0.0839180 secs]
[GC 2115822K->1917082K(2944192K), 0.0980840 secs]
[GC 2173044K->1918499K(2944192K), 0.1059200 secs]
[GC 2174627K->1937080K(2944192K), 0.0959480 secs]
[GC 2193208K->1974599K(2944192K), 0.1017890 secs]
[GC 2230727K->1998677K(2944192K), 0.0933520 secs]
[GC 2254773K->2021565K(2944192K), 0.0950590 secs]
[GC 2277693K->2043023K(2944192K), 0.0896710 secs]
[GC 2299151K->2063505K(2944192K), 0.1011050 secs]
[GC 2319633K->2086169K(2944192K), 0.0959540 secs]
[GC 2342243K->2108382K(2944192K), 0.0974790 secs]
[GC 2364476K->2131474K(2944192K), 0.0931100 secs]
[GC 2387602K->2153273K(2944192K), 0.0915650 secs]
[GC 2409401K->2138443K(2944192K), 0.0861650 secs]
[GC 2394447K->2216355K(2944192K), 0.1000100 secs]
[GC 2472454K->2198241K(2944192K), 0.0956190 secs]
[GC 2454369K->2252459K(2944192K), 0.0936880 secs]
[GC 2508575K->2275447K(2944192K), 0.0904120 secs]
[GC 2531575K->2288904K(2944192K), 0.0962060 secs]
[GC 2545032K->2313077K(2944192K), 0.0996170 secs]
[GC 2569205K->2342265K(2944192K), 0.1009910 secs]
[GC 2598393K->2358522K(2944192K), 0.0950120 secs]
[GC 2614644K->2380922K(2944192K), 0.1012640 secs]
[GC 2636998K->2402896K(2944192K), 0.1001170 secs]
[GC 2659007K->2431654K(2944192K), 0.1029070 secs]
[GC 2687782K->2448170K(2944192K), 0.0972000 secs]
 INFO  [main] {org.radargun.Slave} Master shutdown!
 INFO  [Thread-0] {org.radargun.ShutDownHook} Slave process is being shutdown
 INFO  [hz._hzInstance_1_FenixFrameworkGroup.IO.thread-in-0] {com.hazelcast.nio.TcpIpConnection} [127.0.0.1]:5704 [FenixFrameworkGroup] Connection [Address[127.0.0.1]:5710] lost. Reason: java.io.EOFException[Remote socket closed!]
 INFO  [hz._hzInstance_1_FenixFrameworkGroup.IO.thread-in-0] {com.hazelcast.nio.TcpIpConnection} [127.0.0.1]:5704 [FenixFrameworkGroup] Connection [Address[127.0.0.1]:5703] lost. Reason: java.io.EOFException[Remote socket closed!]
 INFO  [hz._hzInstance_1_FenixFrameworkGroup.IO.thread-in-2] {com.hazelcast.nio.TcpIpConnection} [127.0.0.1]:5704 [FenixFrameworkGroup] Connection [Address[127.0.0.1]:5702] lost. Reason: java.io.EOFException[Remote socket closed!]
 INFO  [hz._hzInstance_1_FenixFrameworkGroup.IO.thread-in-0] {com.hazelcast.nio.TcpIpConnection} [127.0.0.1]:5704 [FenixFrameworkGroup] Connection [Address[127.0.0.1]:5711] lost. Reason: java.io.EOFException[Remote socket closed!]
 INFO  [hz._hzInstance_1_FenixFrameworkGroup.IO.thread-in-2] {com.hazelcast.nio.TcpIpConnection} [127.0.0.1]:5704 [FenixFrameworkGroup] Connection [Address[127.0.0.1]:5707] lost. Reason: java.io.EOFException[Remote socket closed!]
 INFO  [hz._hzInstance_1_FenixFrameworkGroup.IO.thread-in-1] {com.hazelcast.nio.TcpIpConnection} [127.0.0.1]:5704 [FenixFrameworkGroup] Connection [Address[127.0.0.1]:5711] lost. Reason: java.io.EOFException[Remote socket closed!]
 INFO  [hz._hzInstance_1_FenixFrameworkGroup.IO.thread-in-2] {com.hazelcast.nio.TcpIpConnection} [127.0.0.1]:5704 [FenixFrameworkGroup] Connection [Address[127.0.0.1]:5708] lost. Reason: java.io.EOFException[Remote socket closed!]
 INFO  [hz._hzInstance_1_FenixFrameworkGroup.IO.thread-in-1] {com.hazelcast.nio.TcpIpConnection} [127.0.0.1]:5704 [FenixFrameworkGroup] Connection [Address[127.0.0.1]:5712] lost. Reason: java.io.EOFException[Remote socket closed!]
 INFO  [hz._hzInstance_1_FenixFrameworkGroup.IO.thread-in-2] {com.hazelcast.nio.TcpIpConnection} [127.0.0.1]:5704 [FenixFrameworkGroup] Connection [Address[127.0.0.1]:5709] lost. Reason: java.io.EOFException[Remote socket closed!]
 INFO  [hz.ShutdownThread] {com.hazelcast.nio.TcpIpConnection} [127.0.0.1]:5704 [FenixFrameworkGroup] Connection [Address[127.0.0.1]:5708] lost. Reason: Socket explicitly closed
 INFO  [hz._hzInstance_1_FenixFrameworkGroup.IO.thread-in-0] {com.hazelcast.nio.TcpIpConnection} [127.0.0.1]:5704 [FenixFrameworkGroup] Connection [Address[127.0.0.1]:5705] lost. Reason: java.io.EOFException[Remote socket closed!]
 INFO  [hz._hzInstance_1_FenixFrameworkGroup.IO.thread-in-1] {com.hazelcast.nio.TcpIpConnection} [127.0.0.1]:5704 [FenixFrameworkGroup] Connection [Address[127.0.0.1]:5705] lost. Reason: java.io.EOFException[Remote socket closed!]
 INFO  [hz.ShutdownThread] {com.hazelcast.nio.TcpIpConnection} [127.0.0.1]:5704 [FenixFrameworkGroup] Connection [Address[127.0.0.1]:5706] lost. Reason: Socket explicitly closed
 INFO  [hz._hzInstance_1_FenixFrameworkGroup.IO.thread-in-2] {com.hazelcast.nio.TcpIpConnection} [127.0.0.1]:5704 [FenixFrameworkGroup] Connection [Address[127.0.0.1]:5706] lost. Reason: java.io.EOFException[Remote socket closed!]
 INFO  [hz.ShutdownThread] {com.hazelcast.nio.TcpIpConnection} [127.0.0.1]:5704 [FenixFrameworkGroup] Connection [Address[127.0.0.1]:5701] lost. Reason: Socket explicitly closed
 INFO  [hz.ShutdownThread] {com.hazelcast.initializer} [127.0.0.1]:5704 [FenixFrameworkGroup] Destroying node initializer.
 INFO  [hz.ShutdownThread] {com.hazelcast.instance.Node} [127.0.0.1]:5704 [FenixFrameworkGroup] Hazelcast Shutdown is completed in 65 ms.
