/usr/java/jdk1.7.0_21/bin/java -server -Xmx1024M -Xms1024M -Dresolve.dns=false -Djgroups.timer.num_threads=4 -verbose:gc -Xmx5000M -Xms3000M -server -XX:+UseConcMarkSweepGC -XX:+AggressiveOpts -verbose:gc -XX:ParallelGCThreads=4 -XX:NewRatio=5 -XX:SurvivorRatio=2 -Dhazelcast.operation.thread.count=4 -Djava.net.preferIPv4Stack=true -Dlog4j.file.prefix=deimos-esw-30586 -Dbind.address= -Djgroups.bind_addr= -classpath /home/smf/github/radargun/target/distribution/RadarGun-1.1.0-SNAPSHOT/lib/activation-1.1.jar:/home/smf/github/radargun/target/distribution/RadarGun-1.1.0-SNAPSHOT/lib/commons-beanutils-1.8.0.jar:/home/smf/github/radargun/target/distribution/RadarGun-1.1.0-SNAPSHOT/lib/commons-digester-2.0.jar:/home/smf/github/radargun/target/distribution/RadarGun-1.1.0-SNAPSHOT/lib/commons-logging-1.1.1.jar:/home/smf/github/radargun/target/distribution/RadarGun-1.1.0-SNAPSHOT/lib/commons-math-1.2.jar:/home/smf/github/radargun/target/distribution/RadarGun-1.1.0-SNAPSHOT/lib/jboss-transaction-api-1.0.1.GA.jar:/home/smf/github/radargun/target/distribution/RadarGun-1.1.0-SNAPSHOT/lib/jcommon-1.0.15.jar:/home/smf/github/radargun/target/distribution/RadarGun-1.1.0-SNAPSHOT/lib/jfreechart-1.0.12.jar:/home/smf/github/radargun/target/distribution/RadarGun-1.1.0-SNAPSHOT/lib/log4j-1.2.14.jar:/home/smf/github/radargun/target/distribution/RadarGun-1.1.0-SNAPSHOT/lib/mail-1.4.2.jar:/home/smf/github/radargun/target/distribution/RadarGun-1.1.0-SNAPSHOT/lib/radargun-framework-1.1.0-SNAPSHOT.jar:/home/smf/github/radargun/target/distribution/RadarGun-1.1.0-SNAPSHOT/conf org.radargun.Slave -master 127.0.0.1:2103
--------------------------------------------------------------------------------
PerNodeRollingFileAppender::Using file prefix:deimos-esw-30586
 INFO  [main] {org.radargun.Slave} Attempting to connect to master 127.0.0.1:2103
 INFO  [main] {org.radargun.Slave} Successfully established connection with master at: 127.0.0.1:2103
Loading JARS from /home/smf/github/radargun/target/distribution/RadarGun-1.1.0-SNAPSHOT/lib/radargun-framework-1.1.0-SNAPSHOT.jar
 INFO  [pool-1-thread-1] {org.radargun.config.AnnotatedHelper} Loading JARS from /home/smf/github/radargun/target/distribution/RadarGun-1.1.0-SNAPSHOT/lib/radargun-framework-1.1.0-SNAPSHOT.jar
 INFO  [pool-1-thread-1] {org.radargun.config.AnnotatedHelper} Loading JARS from /home/smf/github/radargun/target/distribution/RadarGun-1.1.0-SNAPSHOT/lib/radargun-framework-1.1.0-SNAPSHOT.jar
 INFO  [pool-1-thread-1] {org.radargun.Slave} Executing stage: DestroyWrapper {enforceMemoryThrashHold=true, exitBenchmarkOnSlaveFailure=false, heapDumpDir=null, memoryThreshold=95, runOnAllSlaves=true, slaves=null, useSmartClassLoading=true }
 INFO  [pool-1-thread-1] {org.radargun.stages.DestroyWrapperStage} Received destroy cache wrapper request from master...
 INFO  [pool-1-thread-1] {org.radargun.stages.DestroyWrapperStage} No cache wrapper deployed on this slave, nothing to do.
 INFO  [pool-1-thread-1] {org.radargun.stages.DestroyWrapperStage} Before executing clear, memory looks like this: Memory - free: 2,928,638 kb - max:4,906,688 kb- total:2,944,000 kb
[Full GC 15361K->3631K(2944000K), 0.0697200 secs]
 INFO  [pool-1-thread-1] {org.radargun.stages.DestroyWrapperStage} After executing cleanup, memory looks like this: Memory - free: 2,935,311 kb - max:4,906,688 kb- total:2,944,064 kb
 INFO  [pool-1-thread-1] {org.radargun.Slave} Finished stage: DestroyWrapper {enforceMemoryThrashHold=true, exitBenchmarkOnSlaveFailure=false, heapDumpDir=null, memoryThreshold=95, runOnAllSlaves=true, slaves=null, useSmartClassLoading=true }
 INFO  [main] {org.radargun.Slave} Ack successfully sent to the master
 INFO  [pool-1-thread-1] {org.radargun.Slave} Executing stage: StartCluster {config=ispn52-repl-sync-rc.xml, delayAfterFirstSlaveStarts=5.000 secs, delayBetweenStartingSlaves=0.500 secs, exitBenchmarkOnSlaveFailure=true, expectNumSlaves=null, mayFailOn=null, reachable=null, runOnAllSlaves=false, slaves=null, staggerSlaveStartup=true, useSmartClassLoading=true, validateCluster=true }
 INFO  [pool-1-thread-1] {org.radargun.stages.StartClusterStage} Startup staggering, number of slaves to start is 2 This is the slave with index 0, not sleeping
 INFO  [pool-1-thread-1] {org.radargun.stages.StartClusterStage} Ack master's StartCluster stage. Local address is: /127.0.0.1. This slave's index is: 0
 INFO  [pool-1-thread-1] {org.radargun.utils.ClassLoadHelper} Creating newInstance org.radargun.cachewrappers.InfinispanXSWrapper with classloader java.net.URLClassLoader@640fa784
 INFO  [pool-1-thread-1] {org.radargun.cachewrappers.InfinispanXSWrapper} Cannot find any site for slave index 0
 INFO  [pool-1-thread-1] {org.infinispan.remoting.transport.jgroups.JGroupsTransport} ISPN000078: Starting JGroups Channel
 WARN  [pool-1-thread-1] {org.jgroups.protocols.UDP} [JGRP00014] the send buffer of socket DatagramSocket was set to 640KB, but the OS only allocated 229.38KB. This might lead to performance problems. Please set your max send buffer in the OS correctly (e.g. net.core.wmem_max on Linux)
 WARN  [pool-1-thread-1] {org.jgroups.protocols.UDP} [JGRP00014] the receive buffer of socket DatagramSocket was set to 20MB, but the OS only allocated 229.38KB. This might lead to performance problems. Please set your max receive buffer in the OS correctly (e.g. net.core.rmem_max on Linux)
 WARN  [pool-1-thread-1] {org.jgroups.protocols.UDP} [JGRP00014] the send buffer of socket MulticastSocket was set to 640KB, but the OS only allocated 229.38KB. This might lead to performance problems. Please set your max send buffer in the OS correctly (e.g. net.core.wmem_max on Linux)
 WARN  [pool-1-thread-1] {org.jgroups.protocols.UDP} [JGRP00014] the receive buffer of socket MulticastSocket was set to 25MB, but the OS only allocated 229.38KB. This might lead to performance problems. Please set your max receive buffer in the OS correctly (e.g. net.core.rmem_max on Linux)
 INFO  [pool-1-thread-1] {org.infinispan.remoting.transport.jgroups.JGroupsTransport} ISPN000094: Received new cluster view: [deimos-esw-26885|0] [deimos-esw-26885]
 INFO  [pool-1-thread-1] {org.infinispan.remoting.transport.jgroups.JGroupsTransport} ISPN000079: Cache local address is deimos-esw-26885, physical addresses are [127.0.0.1:52000]
 INFO  [pool-1-thread-1] {org.infinispan.factories.GlobalComponentRegistry} ISPN000128: Infinispan version: Infinispan 'Delirium' 5.2.6.Final
 INFO  [pool-1-thread-1] {org.infinispan.transaction.lookup.JBossStandaloneJTAManagerLookup} ISPN000107: Retrieving transaction manager Transaction: unknown
 INFO  [pool-1-thread-1] {org.infinispan.jmx.CacheJmxRegistration} ISPN000031: MBeans were successfully registered to the platform MBean server.
 INFO  [pool-1-thread-1] {org.radargun.cachewrappers.InfinispanXSWrapper} Using transaction manager: Transaction: unknown
 INFO  [pool-1-thread-1] {org.radargun.cachewrappers.InfinispanXSWrapper} No RELAY2 protocol in XS wrapper
 INFO  [pool-1-thread-1] {org.radargun.cachewrappers.InfinispanXSWrapper} JGroups version: JGroups 3.2.7.Final
 INFO  [pool-1-thread-1] {org.radargun.cachewrappers.InfinispanXSWrapper} Using config attributes: {name=ispn52-repl-sync-rc.xml}
 INFO  [pool-1-thread-1] {org.radargun.stages.helpers.StartHelper} Number of members=1 is not the one expected: 2
 INFO  [pool-1-thread-1] {org.radargun.stages.helpers.StartHelper} Number of members=1 is not the one expected: 2
 INFO  [pool-1-thread-1] {org.radargun.stages.helpers.StartHelper} Number of members=1 is not the one expected: 2
 INFO  [Incoming-1,deimos-esw-26885] {org.infinispan.remoting.transport.jgroups.JGroupsTransport} ISPN000094: Received new cluster view: [deimos-esw-26885|1] [deimos-esw-26885, deimos-esw-48758]
 INFO  [pool-1-thread-1] {org.radargun.stages.helpers.StartHelper} Number of members is the one expected: 2
 INFO  [pool-1-thread-1] {org.radargun.stages.StartClusterStage} Successfully started cache wrapper on slave 0: org.radargun.cachewrappers.InfinispanXSWrapper@4d43312e
 INFO  [pool-1-thread-1] {org.radargun.Slave} Finished stage: StartCluster {config=ispn52-repl-sync-rc.xml, delayAfterFirstSlaveStarts=5.000 secs, delayBetweenStartingSlaves=0.500 secs, exitBenchmarkOnSlaveFailure=true, expectNumSlaves=null, mayFailOn=null, reachable=null, runOnAllSlaves=false, slaves=null, staggerSlaveStartup=true, useSmartClassLoading=true, validateCluster=true }
 INFO  [main] {org.radargun.Slave} Ack successfully sent to the master
 INFO  [pool-1-thread-1] {org.radargun.Slave} Executing stage: ClusterValidation {exitBenchmarkOnSlaveFailure=false, partialReplication=false, replicationTimeSleep=2000, replicationTryCount=60, runOnAllSlaves=false, slaves=null, useSmartClassLoading=true }
 INFO  [pool-1-thread-1] {org.radargun.stages.ClusterValidationStage} Number of caches that replicated here is 1
 INFO  [pool-1-thread-1] {org.radargun.stages.ClusterValidationStage} Replication test successfully passed. partialReplication? false, replicationCount = 1
 INFO  [pool-1-thread-1] {org.radargun.stages.ClusterValidationStage} Confirm phase successful.
 INFO  [pool-1-thread-1] {org.radargun.Slave} Finished stage: ClusterValidation {exitBenchmarkOnSlaveFailure=false, partialReplication=false, replicationTimeSleep=2000, replicationTryCount=60, runOnAllSlaves=false, slaves=[ 0, 1 ], useSmartClassLoading=true }
 INFO  [main] {org.radargun.Slave} Ack successfully sent to the master
 INFO  [pool-1-thread-1] {org.radargun.Slave} Executing stage: StressTestWarmup {bulkSize=1, cacheSpecificKeyGenerator=false, commitTransactions=true, duration=1 mins 0 secs, entrySize=1000, exitBenchmarkOnSlaveFailure=false, fixedKeys=true, generateHistogramRange=false, keyGeneratorClass=org.radargun.stressors.StringKeyGenerator, keyGeneratorParam=null, loadAllKeys=false, numEntries=10000, numOfThreads=4, numRequests=10000, numThreads=4, numberOfAttributes=10000, numberOfRequests=10000, opsCountStatusLog=100000, poolKeys=true, preferAsyncOperations=false, removePercentage=0, replaceInvalidPercentage=40, runOnAllSlaves=false, sharedKeys=false, sizeOfAnAttribute=1000, slaves=null, transactionSize=10000, useAtomics=false, useHistogramStatistics=false, useSimpleStatistics=true, useSmartClassLoading=true, useTransactions=null, writePercentage=20, writeTxPercentage=20 }
 INFO  [pool-1-thread-1] {org.radargun.stages.StressTestWarmupStage} Starting StressTestWarmupStage: StressTestWarmup {bulkSize=1, cacheSpecificKeyGenerator=false, commitTransactions=true, duration=1 mins 0 secs, entrySize=1000, exitBenchmarkOnSlaveFailure=false, fixedKeys=true, generateHistogramRange=false, keyGeneratorClass=org.radargun.stressors.StringKeyGenerator, keyGeneratorParam=null, loadAllKeys=false, numEntries=10000, numOfThreads=4, numRequests=10000, numThreads=4, numberOfAttributes=10000, numberOfRequests=10000, opsCountStatusLog=100000, poolKeys=true, preferAsyncOperations=false, removePercentage=0, replaceInvalidPercentage=40, runOnAllSlaves=false, sharedKeys=false, sizeOfAnAttribute=1000, slaves=null, transactionSize=10000, useAtomics=false, useHistogramStatistics=false, useSimpleStatistics=true, useSmartClassLoading=true, useTransactions=null, writePercentage=20, writeTxPercentage=20 }
 INFO  [pool-1-thread-1] {org.radargun.stressors.StressTestStressor} Using key generator org.radargun.stressors.StringKeyGenerator, param null
 INFO  [pool-1-thread-1] {org.radargun.stressors.StressTestStressor} Executing: StressTestStressor{opsCountStatusLog=100000, numRequests=10000, numEntries=10000, entrySize=1000, writePercentage=20, numThreads=4, cacheWrapper=org.radargun.cachewrappers.InfinispanXSWrapper@4d43312e, nodeIndex=0, useTransactions=true, transactionSize=10000, commitTransactions=true, durationMillis=60000}
 INFO  [pool-1-thread-1] {org.radargun.stressors.StressTestStressor} Cache wrapper info is: Running : 5.2.6.Final, config:ispn52-repl-sync-rc.xml, cacheName:testCache
[GC 259695K->21640K(2944064K), 0.0607820 secs]
[GC 277704K->33334K(2944064K), 0.0475710 secs]
[GC 289398K->57480K(2944064K), 0.0541910 secs]
[GC 313544K->83990K(2944064K), 0.0567040 secs]
[GC 340054K->106242K(2944064K), 0.0661880 secs]
[GC 362306K->131877K(2944064K), 0.1353860 secs]
 INFO  [pool-1-thread-1] {org.radargun.stressors.StressTestStressor} Started 4 stressor threads.
 INFO  [Stressor-3] {org.radargun.stressors.StressTestStressor} Number of ops executed so far: 1. Elapsed time: 0.002 secs. Remaining: 59.998 secs. Total: 1 mins 0 secs
[GC 387941K->144576K(2944064K), 0.0818650 secs]
[GC 400640K->169226K(2944064K), 0.0742570 secs]
[GC 425290K->155440K(2944064K), 0.0820530 secs]
[GC 411504K->170354K(2944064K), 0.0592990 secs]
[GC 426418K->178115K(2944064K), 0.0435170 secs]
[GC 434179K->180289K(2944064K), 0.0472240 secs]
[GC 436353K->180953K(2944064K), 0.0475190 secs]
[GC 436357K->232406K(2944064K), 0.0511780 secs]
[GC 488470K->207655K(2944064K), 0.0520050 secs]
[GC 463719K->198115K(2944064K), 0.0438320 secs]
[GC 454179K->224031K(2944064K), 0.0417000 secs]
[GC 480095K->221886K(2944064K), 0.0468640 secs]
[GC 477950K->231372K(2944064K), 0.0498460 secs]
[GC 487436K->225569K(2944064K), 0.0531370 secs]
[GC 481633K->243495K(2944064K), 0.0460040 secs]
[GC 499552K->266265K(2944064K), 0.0472890 secs]
[GC 522274K->243349K(2944064K), 0.0464860 secs]
[GC 499413K->253046K(2944064K), 0.0423270 secs]
[GC 509095K->260209K(2944064K), 0.0468730 secs]
[GC 516273K->241343K(2944064K), 0.0515010 secs]
[GC 497407K->274248K(2944064K), 0.0503570 secs]
[GC 530312K->259716K(2944064K), 0.0520620 secs]
[GC 515565K->314465K(2944064K), 0.0481710 secs]
[GC 570521K->290911K(2944064K), 0.0445450 secs]
[GC 546187K->306542K(2944064K), 0.0453470 secs]
[GC 562606K->289074K(2944064K), 0.0436850 secs]
[GC 543333K->325278K(2944064K), 0.0511340 secs]
[GC 581342K->312056K(2944064K), 0.0500390 secs]
[GC 568120K->327602K(2944064K), 0.0459380 secs]
[GC 583666K->324202K(2944064K), 0.0478560 secs]
[GC 580266K->329695K(2944064K), 0.0424130 secs]
[GC 585759K->335056K(2944064K), 0.0450500 secs]
[GC 591120K->327475K(2944064K), 0.0437030 secs]
[GC 583539K->334010K(2944064K), 0.0440110 secs]
[GC 590074K->372242K(2944064K), 0.0465680 secs]
[GC 627675K->367156K(2944064K), 0.0554770 secs]
[GC 623220K->386575K(2944064K), 0.0457810 secs]
[GC 642575K->371976K(2944064K), 0.0508270 secs]
[GC 628034K->390110K(2944064K), 0.0381370 secs]
[GC 646174K->397108K(2944064K), 0.0424000 secs]
[GC 653167K->416396K(2944064K), 0.0472360 secs]
 INFO  [Stressor-1] {org.radargun.stressors.StressTestStressor} Number of ops executed so far: 2708924. Elapsed time: 20.002 secs. Remaining: 39.998 secs. Total: 1 mins 0 secs
[GC 672460K->412881K(2944064K), 0.0564370 secs]
[GC 668945K->411810K(2944064K), 0.0485190 secs]
[GC 666686K->413042K(2944064K), 0.0516590 secs]
[GC 669086K->441066K(2944064K), 0.0464680 secs]
[GC 697129K->424354K(2944064K), 0.0502940 secs]
[GC 680227K->420132K(2944064K), 0.0444460 secs]
[GC 676196K->427787K(2944064K), 0.0492080 secs]
[GC 683851K->443710K(2944064K), 0.0502790 secs]
[GC 699774K->453748K(2944064K), 0.0480420 secs]
[GC 709812K->458442K(2944064K), 0.0540060 secs]
[GC 714506K->453232K(2944064K), 0.0505710 secs]
[GC 709296K->490707K(2944064K), 0.0442910 secs]
[GC 746429K->455516K(2944064K), 0.0464880 secs]
[GC 711580K->471921K(2944064K), 0.0519580 secs]
[GC 727062K->502300K(2944064K), 0.0519870 secs]
[GC 758364K->479856K(2944064K), 0.0524680 secs]
[GC 734533K->502107K(2944064K), 0.0529460 secs]
[GC 756607K->496005K(2944064K), 0.0538660 secs]
[GC 750000K->518864K(2944064K), 0.0514120 secs]
[GC 774928K->511366K(2944064K), 0.0498700 secs]
[GC 767430K->516515K(2944064K), 0.0480030 secs]
[GC 772579K->527893K(2944064K), 0.0536560 secs]
[GC 783953K->553395K(2944064K), 0.0505910 secs]
[GC 806118K->528460K(2944064K), 0.0603470 secs]
[GC 784514K->535125K(2944064K), 0.0508740 secs]
[GC 791189K->559279K(2944064K), 0.0488740 secs]
[GC 815309K->558777K(2944064K), 0.0506680 secs]
[GC 814166K->589312K(2944064K), 0.0459440 secs]
[GC 844393K->603152K(2944064K), 0.0602380 secs]
[GC 859211K->568459K(2944064K), 0.0492920 secs]
[GC 824523K->602313K(2944064K), 0.0445990 secs]
[GC 858377K->588585K(2944064K), 0.0518740 secs]
[GC 844649K->620161K(2944064K), 0.0527420 secs]
[GC 876225K->608666K(2944064K), 0.0524840 secs]
[GC 864730K->621198K(2944064K), 0.0450110 secs]
[GC 877262K->636677K(2944064K), 0.0540220 secs]
[GC 892741K->632367K(2944064K), 0.0596950 secs]
[GC 888431K->651717K(2944064K), 0.0523350 secs]
[GC 906678K->675606K(2944064K), 0.0484600 secs]
[GC 929904K->681314K(2944064K), 0.0614310 secs]
[GC 937375K->654869K(2944064K), 0.0523280 secs]
[GC 910933K->671600K(2944064K), 0.0482130 secs]
 INFO  [Stressor-1] {org.radargun.stressors.StressTestStressor} Number of ops executed so far: 5393928. Elapsed time: 40.002 secs. Remaining: 19.998 secs. Total: 1 mins 0 secs
[GC 927664K->695325K(2944064K), 0.0485730 secs]
[GC 949403K->683998K(2944064K), 0.0637270 secs]
[GC 940062K->720954K(2944064K), 0.0555650 secs]
[GC 977018K->691261K(2944064K), 0.0535050 secs]
[GC 947325K->715534K(2944064K), 0.0434610 secs]
[GC 971598K->724121K(2944064K), 0.0443470 secs]
[GC 979600K->758142K(2944064K), 0.0588510 secs]
[GC 1014206K->725109K(2944064K), 0.0494570 secs]
[GC 981173K->720480K(2944064K), 0.0446530 secs]
[GC 973922K->766564K(2944064K), 0.0514140 secs]
[GC 1021677K->748912K(2944064K), 0.0526530 secs]
[GC 1004976K->765854K(2944064K), 0.0508520 secs]
[GC 1021447K->777030K(2944064K), 0.0486920 secs]
[GC 1032395K->772773K(2944064K), 0.0511420 secs]
[GC 1028837K->766496K(2944064K), 0.0477580 secs]
[GC 1020866K->795562K(2944064K), 0.0530890 secs]
[GC 1051626K->772071K(2944064K), 0.0542170 secs]
[GC 1028135K->807751K(2944064K), 0.0456630 secs]
[GC 1063815K->805287K(2944064K), 0.0583890 secs]
[GC 1061351K->823397K(2944064K), 0.0604210 secs]
[GC 1079461K->826396K(2944064K), 0.0587830 secs]
[GC 1082460K->827587K(2944064K), 0.0501280 secs]
[GC 1083651K->825357K(2944064K), 0.0610450 secs]
[GC 1080017K->838083K(2944064K), 0.0522950 secs]
[GC 1094147K->848961K(2944064K), 0.0530280 secs]
[GC 1105025K->886044K(2944064K), 0.0522550 secs]
[GC 1142108K->852121K(2944064K), 0.0648160 secs]
[GC 1108185K->888774K(2944064K), 0.0478650 secs]
[GC 1144838K->857884K(2944064K), 0.0512300 secs]
[GC 1113948K->868134K(2944064K), 0.0517980 secs]
[GC 1124096K->889913K(2944064K), 0.0503680 secs]
[GC 1145977K->873483K(2944064K), 0.0459420 secs]
[GC 1128687K->923896K(2944064K), 0.0520360 secs]
[GC 1179960K->895262K(2944064K), 0.0472380 secs]
[GC 1151269K->912599K(2944064K), 0.0476000 secs]
[GC 1168663K->921544K(2944064K), 0.0565460 secs]
[GC 1177608K->909813K(2944064K), 0.0500300 secs]
[GC 1165877K->944475K(2944064K), 0.0498010 secs]
[GC 1200485K->946131K(2944064K), 0.0547570 secs]
[GC 1201276K->944747K(2944064K), 0.0501950 secs]
[GC 1200811K->939889K(2944064K), 0.0482190 secs]
[GC 1195913K->941811K(2944064K), 0.0457670 secs]
 INFO  [pool-1-thread-1] {org.radargun.stressors.StressTestStressor} Finished generating report. Test duration is: 1 mins 18 secs
 INFO  [pool-1-thread-1] {org.radargun.stages.StressTestWarmupStage} The warmup took: 78 seconds.
 INFO  [pool-1-thread-1] {org.radargun.Slave} Finished stage: StressTestWarmup {bulkSize=1, cacheSpecificKeyGenerator=false, commitTransactions=true, duration=1 mins 0 secs, entrySize=1000, exitBenchmarkOnSlaveFailure=false, fixedKeys=true, generateHistogramRange=false, keyGeneratorClass=org.radargun.stressors.StringKeyGenerator, keyGeneratorParam=null, loadAllKeys=false, numEntries=10000, numOfThreads=4, numRequests=10000, numThreads=4, numberOfAttributes=10000, numberOfRequests=10000, opsCountStatusLog=100000, poolKeys=true, preferAsyncOperations=false, removePercentage=0, replaceInvalidPercentage=40, runOnAllSlaves=false, sharedKeys=false, sizeOfAnAttribute=1000, slaves=null, transactionSize=10000, useAtomics=false, useHistogramStatistics=false, useSimpleStatistics=true, useSmartClassLoading=true, useTransactions=null, writePercentage=20, writeTxPercentage=20 }
 INFO  [main] {org.radargun.Slave} Ack successfully sent to the master
 INFO  [pool-1-thread-1] {org.radargun.Slave} Executing stage: ClearClusterStage {ClearCluster {exitBenchmarkOnSlaveFailure=false, runOnAllSlaves=false, slaves=[ 0 ], useSmartClassLoading=true }
 INFO  [pool-1-thread-1] {org.radargun.stages.ClearClusterStage} Before executing clear, memory looks like this: Memory - free: 1,862,705 kb - max:4,906,688 kb- total:2,944,064 kb
[Full GC 1117213K->12226K(2944064K), 0.3149600 secs]
 INFO  [pool-1-thread-1] {org.radargun.stages.ClearClusterStage} After executing cleanup, memory looks like this: Memory - free: 2,930,012 kb - max:4,906,688 kb- total:2,944,128 kb
 INFO  [pool-1-thread-1] {org.radargun.Slave} Finished stage: ClearClusterStage {ClearCluster {exitBenchmarkOnSlaveFailure=false, runOnAllSlaves=false, slaves=[ 0 ], useSmartClassLoading=true }
 INFO  [main] {org.radargun.Slave} Ack successfully sent to the master
 INFO  [pool-1-thread-1] {org.radargun.Slave} Executing stage: StressTest {bulkSize=1, cacheSpecificKeyGenerator=false, commitTransactions=true, duration=1 mins 0 secs, entrySize=1000, exitBenchmarkOnSlaveFailure=false, fixedKeys=true, generateHistogramRange=false, keyGeneratorClass=org.radargun.stressors.StringKeyGenerator, keyGeneratorParam=null, loadAllKeys=false, numEntries=10000, numOfThreads=4, numRequests=10000000, numThreads=4, numberOfAttributes=10000, numberOfRequests=10000000, opsCountStatusLog=500000, poolKeys=true, preferAsyncOperations=false, removePercentage=0, replaceInvalidPercentage=40, runOnAllSlaves=false, sharedKeys=false, sizeOfAnAttribute=1000, slaves=null, transactionSize=10000, useAtomics=false, useHistogramStatistics=false, useSimpleStatistics=true, useSmartClassLoading=true, useTransactions=true, writePercentage=10, writeTxPercentage=100 }
 INFO  [pool-1-thread-1] {org.radargun.stages.StressTestStage} Starting StressTestStage: StressTest {bulkSize=1, cacheSpecificKeyGenerator=false, commitTransactions=true, duration=1 mins 0 secs, entrySize=1000, exitBenchmarkOnSlaveFailure=false, fixedKeys=true, generateHistogramRange=false, keyGeneratorClass=org.radargun.stressors.StringKeyGenerator, keyGeneratorParam=null, loadAllKeys=false, numEntries=10000, numOfThreads=4, numRequests=10000000, numThreads=4, numberOfAttributes=10000, numberOfRequests=10000000, opsCountStatusLog=500000, poolKeys=true, preferAsyncOperations=false, removePercentage=0, replaceInvalidPercentage=40, runOnAllSlaves=false, sharedKeys=false, sizeOfAnAttribute=1000, slaves=null, transactionSize=10000, useAtomics=false, useHistogramStatistics=false, useSimpleStatistics=true, useSmartClassLoading=true, useTransactions=true, writePercentage=10, writeTxPercentage=100 }
 INFO  [pool-1-thread-1] {org.radargun.stressors.StressTestStressor} Using key generator org.radargun.stressors.StringKeyGenerator, param null
 INFO  [pool-1-thread-1] {org.radargun.stressors.StressTestStressor} Executing: StressTestStressor{opsCountStatusLog=500000, numRequests=10000000, numEntries=10000, entrySize=1000, writePercentage=10, numThreads=4, cacheWrapper=org.radargun.cachewrappers.InfinispanXSWrapper@4d43312e, nodeIndex=0, useTransactions=true, transactionSize=10000, commitTransactions=true, durationMillis=60000}
 INFO  [pool-1-thread-1] {org.radargun.stressors.StressTestStressor} Cache wrapper info is: Running : 5.2.6.Final, config:ispn52-repl-sync-rc.xml, cacheName:testCache
[GC 268354K->74715K(2944128K), 0.0324580 secs]
[GC 330843K->57546K(2944128K), 0.0435250 secs]
[GC 313674K->76254K(2944128K), 0.0480200 secs]
[GC 332382K->106141K(2944128K), 0.0613140 secs]
[GC 362269K->140206K(2944128K), 0.0853720 secs]
[GC 396334K->127731K(2944128K), 0.0756490 secs]
 INFO  [pool-1-thread-1] {org.radargun.stressors.StressTestStressor} Started 4 stressor threads.
 INFO  [Stressor-1] {org.radargun.stressors.StressTestStressor} Number of ops executed so far: 1. Elapsed time: 0.000 secs. Remaining: 1 mins 0 secs. Total: 1 mins 0 secs
[GC 383859K->168030K(2944128K), 0.0685860 secs]
[GC 424158K->183560K(2944128K), 0.0734720 secs]
[GC 439360K->163183K(2944128K), 0.0577800 secs]
[GC 419311K->181426K(2944128K), 0.0566080 secs]
[GC 437554K->207295K(2944128K), 0.0509530 secs]
[GC 463423K->184502K(2944128K), 0.0528910 secs]
[GC 439881K->196961K(2944128K), 0.0481850 secs]
[GC 453089K->233767K(2944128K), 0.0506070 secs]
[GC 489895K->215635K(2944128K), 0.0578050 secs]
[GC 471758K->249363K(2944128K), 0.0541360 secs]
[GC 505349K->226134K(2944128K), 0.0544480 secs]
[GC 481920K->231059K(2944128K), 0.0500100 secs]
[GC 487187K->267106K(2944128K), 0.0481200 secs]
[GC 523234K->236449K(2944128K), 0.0514560 secs]
[GC 491967K->249136K(2944128K), 0.0508540 secs]
[GC 505264K->276747K(2944128K), 0.0473150 secs]
[GC 532875K->269600K(2944128K), 0.0569060 secs]
[GC 525649K->270851K(2944128K), 0.0561200 secs]
[GC 526979K->310037K(2944128K), 0.0499280 secs]
[GC 565192K->283183K(2944128K), 0.0528910 secs]
[GC 538595K->307212K(2944128K), 0.0619520 secs]
[GC 563340K->283946K(2944128K), 0.0556820 secs]
[GC 540074K->309853K(2944128K), 0.0449410 secs]
[GC 565218K->325406K(2944128K), 0.0551130 secs]
[GC 580110K->310373K(2944128K), 0.0612900 secs]
[GC 566501K->323431K(2944128K), 0.0499090 secs]
[GC 579559K->313257K(2944128K), 0.0598380 secs]
[GC 569385K->331849K(2944128K), 0.0620970 secs]
[GC 587712K->339428K(2944128K), 0.0627820 secs]
[GC 595556K->333772K(2944128K), 0.0563700 secs]
[GC 588919K->348366K(2944128K), 0.0532180 secs]
[GC 604494K->339118K(2944128K), 0.0503420 secs]
[GC 595246K->360363K(2944128K), 0.0626100 secs]
[GC 616491K->366268K(2944128K), 0.0530670 secs]
[GC 622396K->389235K(2944128K), 0.0529580 secs]
[GC 644322K->368428K(2944128K), 0.0469700 secs]
[GC 624556K->390640K(2944128K), 0.0541210 secs]
[GC 646768K->388725K(2944128K), 0.0669580 secs]
[GC 644853K->417656K(2944128K), 0.0471800 secs]
[GC 673011K->408599K(2944128K), 0.0546140 secs]
[GC 664727K->432510K(2944128K), 0.0459670 secs]
[GC 688638K->422370K(2944128K), 0.0487320 secs]
[GC 678498K->446358K(2944128K), 0.0482900 secs]
[GC 702486K->420821K(2944128K), 0.0496440 secs]
 INFO  [Stressor-1] {org.radargun.stressors.StressTestStressor} Number of ops executed so far: 1312947. Elapsed time: 20.006 secs. Remaining: 39.994 secs. Total: 1 mins 0 secs
[GC 675858K->449335K(2944128K), 0.0483040 secs]
[GC 705463K->468017K(2944128K), 0.0480430 secs]
[GC 723471K->475541K(2944128K), 0.0547270 secs]
[GC 731669K->454043K(2944128K), 0.0512070 secs]
[GC 710171K->483235K(2944128K), 0.0461150 secs]
[GC 739363K->507869K(2944128K), 0.0445910 secs]
[GC 763501K->505522K(2944128K), 0.0576910 secs]
[GC 761650K->517226K(2944128K), 0.0528670 secs]
[GC 773354K->486242K(2944128K), 0.0498210 secs]
[GC 742370K->512923K(2944128K), 0.0497530 secs]
[GC 769051K->511008K(2944128K), 0.0514750 secs]
[GC 767136K->542138K(2944128K), 0.0494670 secs]
[GC 798262K->555790K(2944128K), 0.0510850 secs]
[GC 811902K->529894K(2944128K), 0.0482240 secs]
[GC 786022K->545889K(2944128K), 0.0435270 secs]
[GC 802017K->559460K(2944128K), 0.0575080 secs]
[GC 815546K->544602K(2944128K), 0.0636520 secs]
[GC 800730K->546349K(2944128K), 0.0524880 secs]
[GC 802477K->586967K(2944128K), 0.0454720 secs]
[GC 843095K->561650K(2944128K), 0.0554850 secs]
[GC 817778K->606437K(2944128K), 0.0518930 secs]
[GC 862565K->579022K(2944128K), 0.0482820 secs]
[GC 835150K->589411K(2944128K), 0.0509980 secs]
[GC 845539K->603031K(2944128K), 0.0514530 secs]
[GC 859159K->601568K(2944128K), 0.0527910 secs]
[GC 857696K->602124K(2944128K), 0.0507960 secs]
[GC 858252K->627207K(2944128K), 0.0470560 secs]
[GC 883302K->610752K(2944128K), 0.0541060 secs]
[GC 865957K->639790K(2944128K), 0.0416730 secs]
[GC 894864K->663046K(2944128K), 0.0464420 secs]
[GC 919174K->635684K(2944128K), 0.0499840 secs]
[GC 891777K->636878K(2944128K), 0.0472460 secs]
[GC 892216K->673264K(2944128K), 0.0435720 secs]
[GC 929348K->637311K(2944128K), 0.0439280 secs]
[GC 893439K->676599K(2944128K), 0.0436570 secs]
[GC 932414K->692089K(2944128K), 0.0464570 secs]
[GC 948217K->655399K(2944128K), 0.0457060 secs]
[GC 911527K->712795K(2944128K), 0.0465620 secs]
[GC 966975K->684597K(2944128K), 0.0469350 secs]
[GC 940725K->713728K(2944128K), 0.0502830 secs]
[GC 969856K->685094K(2944128K), 0.0475940 secs]
[GC 940253K->745493K(2944128K), 0.0455870 secs]
[GC 1001621K->708901K(2944128K), 0.0477480 secs]
[GC 965029K->745970K(2944128K), 0.0502000 secs]
 INFO  [Stressor-0] {org.radargun.stressors.StressTestStressor} Number of ops executed so far: 2820408. Elapsed time: 40.006 secs. Remaining: 19.994 secs. Total: 1 mins 0 secs
[GC 1002075K->738742K(2944128K), 0.0451520 secs]
[GC 994823K->754455K(2944128K), 0.0444520 secs]
[GC 1010084K->725690K(2944128K), 0.0537090 secs]
[GC 981818K->743034K(2944128K), 0.0433410 secs]
[GC 999162K->787416K(2944128K), 0.0455350 secs]
[GC 1043544K->759176K(2944128K), 0.0551430 secs]
[GC 1015297K->787432K(2944128K), 0.0498860 secs]
[GC 1042163K->784813K(2944128K), 0.0492790 secs]
[GC 1040941K->774724K(2944128K), 0.0515450 secs]
[GC 1030852K->799695K(2944128K), 0.0497840 secs]
[GC 1055823K->792468K(2944128K), 0.0446600 secs]
[GC 1048083K->835993K(2944128K), 0.0475370 secs]
[GC 1092064K->806690K(2944128K), 0.0495080 secs]
[GC 1062598K->831503K(2944128K), 0.0456140 secs]
[GC 1087574K->817925K(2944128K), 0.0491380 secs]
[GC 1073251K->860475K(2944128K), 0.0476460 secs]
[GC 1114704K->829804K(2944128K), 0.0488170 secs]
[GC 1085932K->845882K(2944128K), 0.0450990 secs]
[GC 1102010K->859899K(2944128K), 0.0432250 secs]
[GC 1116027K->833312K(2944128K), 0.0511790 secs]
[GC 1089440K->875030K(2944128K), 0.0418320 secs]
[GC 1130905K->895268K(2944128K), 0.0463700 secs]
[GC 1151379K->854123K(2944128K), 0.0517290 secs]
[GC 1110251K->895645K(2944128K), 0.0459290 secs]
[GC 1151154K->910999K(2944128K), 0.0501300 secs]
[GC 1167127K->870584K(2944128K), 0.0479430 secs]
[GC 1126681K->873414K(2944128K), 0.0528880 secs]
[GC 1129542K->934136K(2944128K), 0.0455240 secs]
[GC 1190163K->904875K(2944128K), 0.0486530 secs]
[GC 1161003K->931075K(2944128K), 0.0470790 secs]
[GC 1187203K->942788K(2944128K), 0.0471560 secs]
[GC 1198916K->915527K(2944128K), 0.0484920 secs]
[GC 1171655K->943977K(2944128K), 0.0431050 secs]
[GC 1199721K->968075K(2944128K), 0.0481880 secs]
[GC 1224203K->938700K(2944128K), 0.0501800 secs]
[GC 1193193K->970100K(2944128K), 0.0500290 secs]
[GC 1226228K->960872K(2944128K), 0.0519260 secs]
[GC 1217000K->948040K(2944128K), 0.0494090 secs]
[GC 1204168K->981618K(2944128K), 0.0446840 secs]
[GC 1237746K->997937K(2944128K), 0.0459790 secs]
[GC 1254065K->969346K(2944128K), 0.0436180 secs]
[GC 1225474K->1008536K(2944128K), 0.0548090 secs]
[GC 1263488K->992421K(2944128K), 0.0503290 secs]
[GC 1248438K->993716K(2944128K), 0.0475990 secs]
[GC 1249844K->1014034K(2944128K), 0.0425680 secs]
[GC 1270162K->1012044K(2944128K), 0.0527600 secs]
 INFO  [pool-1-thread-1] {org.radargun.stressors.StressTestStressor} Finished generating report. Test duration is: 1 mins 12 secs
 INFO  [pool-1-thread-1] {org.radargun.stages.StressTestStage} size info: Running : 5.2.6.Final, config:ispn52-repl-sync-rc.xml, cacheName:testCache, clusterSize:2, nodeIndex:0, cacheSize: 80000
 INFO  [pool-1-thread-1] {org.radargun.Slave} Finished stage: StressTest {bulkSize=1, cacheSpecificKeyGenerator=false, commitTransactions=true, duration=1 mins 0 secs, entrySize=1000, exitBenchmarkOnSlaveFailure=false, fixedKeys=true, generateHistogramRange=false, keyGeneratorClass=org.radargun.stressors.StringKeyGenerator, keyGeneratorParam=null, loadAllKeys=false, numEntries=10000, numOfThreads=4, numRequests=10000000, numThreads=4, numberOfAttributes=10000, numberOfRequests=10000000, opsCountStatusLog=500000, poolKeys=true, preferAsyncOperations=false, removePercentage=0, replaceInvalidPercentage=40, runOnAllSlaves=false, sharedKeys=false, sizeOfAnAttribute=1000, slaves=null, transactionSize=10000, useAtomics=false, useHistogramStatistics=false, useSimpleStatistics=true, useSmartClassLoading=true, useTransactions=true, writePercentage=10, writeTxPercentage=100 }
 INFO  [main] {org.radargun.Slave} Ack successfully sent to the master
 INFO  [main] {org.radargun.Slave} Master shutdown!
 INFO  [Thread-0] {org.radargun.ShutDownHook} Slave process is being shutdown
