/usr/java/jdk1.7.0_21/bin/java -server -Xmx1024M -Xms1024M -Dresolve.dns=false -Djgroups.timer.num_threads=4 -verbose:gc -Xmx5000M -Xms3000M -server -XX:+UseConcMarkSweepGC -XX:+AggressiveOpts -verbose:gc -XX:ParallelGCThreads=4 -XX:NewRatio=5 -XX:SurvivorRatio=2 -Dhazelcast.operation.thread.count=4 -Djava.net.preferIPv4Stack=true -Dlog4j.file.prefix=deimos-esw-26314 -Dbind.address= -Djgroups.bind_addr= -classpath /home/smf/github/radargun/target/distribution/RadarGun-1.1.0-SNAPSHOT/lib/activation-1.1.jar:/home/smf/github/radargun/target/distribution/RadarGun-1.1.0-SNAPSHOT/lib/commons-beanutils-1.8.0.jar:/home/smf/github/radargun/target/distribution/RadarGun-1.1.0-SNAPSHOT/lib/commons-digester-2.0.jar:/home/smf/github/radargun/target/distribution/RadarGun-1.1.0-SNAPSHOT/lib/commons-logging-1.1.1.jar:/home/smf/github/radargun/target/distribution/RadarGun-1.1.0-SNAPSHOT/lib/commons-math-1.2.jar:/home/smf/github/radargun/target/distribution/RadarGun-1.1.0-SNAPSHOT/lib/jboss-transaction-api-1.0.1.GA.jar:/home/smf/github/radargun/target/distribution/RadarGun-1.1.0-SNAPSHOT/lib/jcommon-1.0.15.jar:/home/smf/github/radargun/target/distribution/RadarGun-1.1.0-SNAPSHOT/lib/jfreechart-1.0.12.jar:/home/smf/github/radargun/target/distribution/RadarGun-1.1.0-SNAPSHOT/lib/log4j-1.2.14.jar:/home/smf/github/radargun/target/distribution/RadarGun-1.1.0-SNAPSHOT/lib/mail-1.4.2.jar:/home/smf/github/radargun/target/distribution/RadarGun-1.1.0-SNAPSHOT/lib/radargun-framework-1.1.0-SNAPSHOT.jar:/home/smf/github/radargun/target/distribution/RadarGun-1.1.0-SNAPSHOT/conf org.radargun.Slave -master 127.0.0.1:2103
--------------------------------------------------------------------------------
PerNodeRollingFileAppender::Using file prefix:deimos-esw-26314
 INFO  [main] {org.radargun.Slave} Attempting to connect to master 127.0.0.1:2103
 INFO  [main] {org.radargun.Slave} Successfully established connection with master at: 127.0.0.1:2103
Loading JARS from /home/smf/github/radargun/target/distribution/RadarGun-1.1.0-SNAPSHOT/lib/radargun-framework-1.1.0-SNAPSHOT.jar
 INFO  [pool-1-thread-1] {org.radargun.config.AnnotatedHelper} Loading JARS from /home/smf/github/radargun/target/distribution/RadarGun-1.1.0-SNAPSHOT/lib/radargun-framework-1.1.0-SNAPSHOT.jar
 INFO  [pool-1-thread-1] {org.radargun.config.AnnotatedHelper} Loading JARS from /home/smf/github/radargun/target/distribution/RadarGun-1.1.0-SNAPSHOT/lib/radargun-framework-1.1.0-SNAPSHOT.jar
 INFO  [pool-1-thread-1] {org.radargun.Slave} Executing stage: DestroyWrapper {enforceMemoryThrashHold=true, exitBenchmarkOnSlaveFailure=false, heapDumpDir=null, memoryThreshold=95, runOnAllSlaves=true, slaves=null, useSmartClassLoading=true }
 INFO  [pool-1-thread-1] {org.radargun.stages.DestroyWrapperStage} Received destroy cache wrapper request from master...
 INFO  [pool-1-thread-1] {org.radargun.stages.DestroyWrapperStage} No cache wrapper deployed on this slave, nothing to do.
 INFO  [pool-1-thread-1] {org.radargun.stages.DestroyWrapperStage} Before executing clear, memory looks like this: Memory - free: 2,928,638 kb - max:4,906,688 kb- total:2,944,000 kb
[Full GC 15361K->3631K(2944000K), 0.1017540 secs]
 INFO  [pool-1-thread-1] {org.radargun.stages.DestroyWrapperStage} After executing cleanup, memory looks like this: Memory - free: 2,935,311 kb - max:4,906,688 kb- total:2,944,064 kb
 INFO  [pool-1-thread-1] {org.radargun.Slave} Finished stage: DestroyWrapper {enforceMemoryThrashHold=true, exitBenchmarkOnSlaveFailure=false, heapDumpDir=null, memoryThreshold=95, runOnAllSlaves=true, slaves=null, useSmartClassLoading=true }
 INFO  [main] {org.radargun.Slave} Ack successfully sent to the master
 INFO  [pool-1-thread-1] {org.radargun.Slave} Executing stage: StartCluster {config=ispn52-repl-sync-rc.xml, delayAfterFirstSlaveStarts=5.000 secs, delayBetweenStartingSlaves=0.500 secs, exitBenchmarkOnSlaveFailure=true, expectNumSlaves=null, mayFailOn=null, reachable=null, runOnAllSlaves=false, slaves=null, staggerSlaveStartup=true, useSmartClassLoading=true, validateCluster=true }
 INFO  [pool-1-thread-1] {org.radargun.stages.StartClusterStage}  Startup staggering, starting 4 slaves. This is the slave with index 2. Sleeping for 6000 millis.
 INFO  [pool-1-thread-1] {org.radargun.stages.StartClusterStage} Ack master's StartCluster stage. Local address is: /127.0.0.1. This slave's index is: 2
 INFO  [pool-1-thread-1] {org.radargun.utils.ClassLoadHelper} Creating newInstance org.radargun.cachewrappers.InfinispanXSWrapper with classloader java.net.URLClassLoader@60c90207
 INFO  [pool-1-thread-1] {org.radargun.cachewrappers.InfinispanXSWrapper} Cannot find any site for slave index 2
 INFO  [pool-1-thread-1] {org.infinispan.remoting.transport.jgroups.JGroupsTransport} ISPN000078: Starting JGroups Channel
 WARN  [pool-1-thread-1] {org.jgroups.protocols.UDP} [JGRP00014] the send buffer of socket DatagramSocket was set to 640KB, but the OS only allocated 229.38KB. This might lead to performance problems. Please set your max send buffer in the OS correctly (e.g. net.core.wmem_max on Linux)
 WARN  [pool-1-thread-1] {org.jgroups.protocols.UDP} [JGRP00014] the receive buffer of socket DatagramSocket was set to 20MB, but the OS only allocated 229.38KB. This might lead to performance problems. Please set your max receive buffer in the OS correctly (e.g. net.core.rmem_max on Linux)
 WARN  [pool-1-thread-1] {org.jgroups.protocols.UDP} [JGRP00014] the send buffer of socket MulticastSocket was set to 640KB, but the OS only allocated 229.38KB. This might lead to performance problems. Please set your max send buffer in the OS correctly (e.g. net.core.wmem_max on Linux)
 WARN  [pool-1-thread-1] {org.jgroups.protocols.UDP} [JGRP00014] the receive buffer of socket MulticastSocket was set to 25MB, but the OS only allocated 229.38KB. This might lead to performance problems. Please set your max receive buffer in the OS correctly (e.g. net.core.rmem_max on Linux)
 INFO  [pool-1-thread-1] {org.infinispan.remoting.transport.jgroups.JGroupsTransport} ISPN000094: Received new cluster view: [deimos-esw-25576|2] [deimos-esw-25576, deimos-esw-1015, deimos-esw-5452]
 INFO  [pool-1-thread-1] {org.infinispan.remoting.transport.jgroups.JGroupsTransport} ISPN000079: Cache local address is deimos-esw-5452, physical addresses are [127.0.0.1:52002]
 INFO  [pool-1-thread-1] {org.infinispan.factories.GlobalComponentRegistry} ISPN000128: Infinispan version: Infinispan 'Delirium' 5.2.6.Final
 INFO  [pool-1-thread-1] {org.infinispan.transaction.lookup.JBossStandaloneJTAManagerLookup} ISPN000107: Retrieving transaction manager Transaction: unknown
 INFO  [Incoming-4,deimos-esw-5452] {org.infinispan.remoting.transport.jgroups.JGroupsTransport} ISPN000094: Received new cluster view: [deimos-esw-25576|3] [deimos-esw-25576, deimos-esw-1015, deimos-esw-5452, deimos-esw-59495]
 INFO  [pool-1-thread-1] {org.infinispan.jmx.CacheJmxRegistration} ISPN000031: MBeans were successfully registered to the platform MBean server.
 INFO  [pool-1-thread-1] {org.radargun.cachewrappers.InfinispanXSWrapper} Using transaction manager: Transaction: unknown
 INFO  [pool-1-thread-1] {org.radargun.cachewrappers.InfinispanXSWrapper} No RELAY2 protocol in XS wrapper
 INFO  [pool-1-thread-1] {org.radargun.cachewrappers.InfinispanXSWrapper} JGroups version: JGroups 3.2.7.Final
 INFO  [pool-1-thread-1] {org.radargun.cachewrappers.InfinispanXSWrapper} Using config attributes: {name=ispn52-repl-sync-rc.xml}
 INFO  [pool-1-thread-1] {org.radargun.stages.helpers.StartHelper} Number of members is the one expected: 4
 INFO  [pool-1-thread-1] {org.radargun.stages.StartClusterStage} Successfully started cache wrapper on slave 2: org.radargun.cachewrappers.InfinispanXSWrapper@38b1c4fe
 INFO  [pool-1-thread-1] {org.radargun.Slave} Finished stage: StartCluster {config=ispn52-repl-sync-rc.xml, delayAfterFirstSlaveStarts=5.000 secs, delayBetweenStartingSlaves=0.500 secs, exitBenchmarkOnSlaveFailure=true, expectNumSlaves=null, mayFailOn=null, reachable=null, runOnAllSlaves=false, slaves=null, staggerSlaveStartup=true, useSmartClassLoading=true, validateCluster=true }
 INFO  [main] {org.radargun.Slave} Ack successfully sent to the master
 INFO  [pool-1-thread-1] {org.radargun.Slave} Executing stage: ClusterValidation {exitBenchmarkOnSlaveFailure=false, partialReplication=false, replicationTimeSleep=2000, replicationTryCount=60, runOnAllSlaves=false, slaves=null, useSmartClassLoading=true }
 INFO  [pool-1-thread-1] {org.radargun.stages.ClusterValidationStage} Number of caches that replicated here is 3
 INFO  [pool-1-thread-1] {org.radargun.stages.ClusterValidationStage} Replication test successfully passed. partialReplication? false, replicationCount = 3
 INFO  [pool-1-thread-1] {org.radargun.stages.ClusterValidationStage} Confirm phase successful.
 INFO  [pool-1-thread-1] {org.radargun.Slave} Finished stage: ClusterValidation {exitBenchmarkOnSlaveFailure=false, partialReplication=false, replicationTimeSleep=2000, replicationTryCount=60, runOnAllSlaves=false, slaves=[ 0, 1, 2, 3 ], useSmartClassLoading=true }
 INFO  [main] {org.radargun.Slave} Ack successfully sent to the master
 INFO  [pool-1-thread-1] {org.radargun.Slave} Executing stage: StressTestWarmup {bulkSize=1, cacheSpecificKeyGenerator=false, commitTransactions=true, duration=1 mins 0 secs, entrySize=1000, exitBenchmarkOnSlaveFailure=false, fixedKeys=true, generateHistogramRange=false, keyGeneratorClass=org.radargun.stressors.StringKeyGenerator, keyGeneratorParam=null, loadAllKeys=false, numEntries=10000, numOfThreads=4, numRequests=10000, numThreads=4, numberOfAttributes=10000, numberOfRequests=10000, opsCountStatusLog=100000, poolKeys=true, preferAsyncOperations=false, removePercentage=0, replaceInvalidPercentage=40, runOnAllSlaves=false, sharedKeys=false, sizeOfAnAttribute=1000, slaves=null, transactionSize=10000, useAtomics=false, useHistogramStatistics=false, useSimpleStatistics=true, useSmartClassLoading=true, useTransactions=null, writePercentage=20, writeTxPercentage=20 }
 INFO  [pool-1-thread-1] {org.radargun.stages.StressTestWarmupStage} Starting StressTestWarmupStage: StressTestWarmup {bulkSize=1, cacheSpecificKeyGenerator=false, commitTransactions=true, duration=1 mins 0 secs, entrySize=1000, exitBenchmarkOnSlaveFailure=false, fixedKeys=true, generateHistogramRange=false, keyGeneratorClass=org.radargun.stressors.StringKeyGenerator, keyGeneratorParam=null, loadAllKeys=false, numEntries=10000, numOfThreads=4, numRequests=10000, numThreads=4, numberOfAttributes=10000, numberOfRequests=10000, opsCountStatusLog=100000, poolKeys=true, preferAsyncOperations=false, removePercentage=0, replaceInvalidPercentage=40, runOnAllSlaves=false, sharedKeys=false, sizeOfAnAttribute=1000, slaves=null, transactionSize=10000, useAtomics=false, useHistogramStatistics=false, useSimpleStatistics=true, useSmartClassLoading=true, useTransactions=null, writePercentage=20, writeTxPercentage=20 }
 INFO  [pool-1-thread-1] {org.radargun.stressors.StressTestStressor} Using key generator org.radargun.stressors.StringKeyGenerator, param null
 INFO  [pool-1-thread-1] {org.radargun.stressors.StressTestStressor} Executing: StressTestStressor{opsCountStatusLog=100000, numRequests=10000, numEntries=10000, entrySize=1000, writePercentage=20, numThreads=4, cacheWrapper=org.radargun.cachewrappers.InfinispanXSWrapper@38b1c4fe, nodeIndex=2, useTransactions=true, transactionSize=10000, commitTransactions=true, durationMillis=60000}
 INFO  [pool-1-thread-1] {org.radargun.stressors.StressTestStressor} Cache wrapper info is: Running : 5.2.6.Final, config:ispn52-repl-sync-rc.xml, cacheName:testCache
[GC 259695K->23210K(2944064K), 0.0592970 secs]
[GC 279274K->34491K(2944064K), 0.0512160 secs]
[GC 290555K->61585K(2944064K), 0.0608180 secs]
[GC 317649K->86418K(2944064K), 0.0731510 secs]
[GC 342482K->118326K(2944064K), 0.0783170 secs]
[GC 374390K->139797K(2944064K), 0.1739270 secs]
[GC 395861K->172570K(2944064K), 0.0878270 secs]
[GC 428634K->153755K(2944064K), 0.0940980 secs]
[GC 409819K->199360K(2944064K), 0.0938780 secs]
[GC 455424K->210564K(2944064K), 0.0905740 secs]
[GC 466628K->239553K(2944064K), 0.0986300 secs]
[GC 495617K->247260K(2944064K), 0.0911890 secs]
[GC 503324K->262301K(2944064K), 0.0991510 secs]
 INFO  [pool-1-thread-1] {org.radargun.stressors.StressTestStressor} Started 4 stressor threads.
 INFO  [Stressor-2] {org.radargun.stressors.StressTestStressor} Number of ops executed so far: 1. Elapsed time: 0.002 secs. Remaining: 59.998 secs. Total: 1 mins 0 secs
[GC 518365K->292007K(2944064K), 0.1101250 secs]
[GC 548071K->324912K(2944064K), 0.1194060 secs]
[GC 580651K->333631K(2944064K), 0.0995840 secs]
[GC 589680K->354158K(2944064K), 0.0719260 secs]
[GC 608913K->389056K(2944064K), 0.0693310 secs]
[GC 645120K->380319K(2944064K), 0.0734620 secs]
[GC 636383K->425135K(2944064K), 0.0690630 secs]
[GC 681199K->422054K(2944064K), 0.0693230 secs]
[GC 678118K->430486K(2944064K), 0.0512090 secs]
[GC 686517K->468925K(2944064K), 0.0631170 secs]
[GC 724989K->491170K(2944064K), 0.0871620 secs]
[GC 747234K->536533K(2944064K), 0.0601140 secs]
[GC 790907K->525207K(2944064K), 0.0719240 secs]
[GC 781271K->538117K(2944064K), 0.0674210 secs]
[GC 794181K->541715K(2944064K), 0.0582100 secs]
[GC 797779K->563197K(2944064K), 0.0660450 secs]
[GC 817474K->602314K(2944064K), 0.0694350 secs]
[GC 858365K->593640K(2944064K), 0.0705890 secs]
[GC 849703K->620467K(2944064K), 0.0662330 secs]
[GC 876531K->645626K(2944064K), 0.0616660 secs]
[GC 900232K->656541K(2944064K), 0.0699440 secs]
[GC 912605K->640089K(2944064K), 0.0661590 secs]
[GC 896139K->678351K(2944064K), 0.0555200 secs]
[GC 934415K->700766K(2944064K), 0.0741250 secs]
[GC 956830K->736021K(2944064K), 0.0558140 secs]
[GC 990609K->742739K(2944064K), 0.0798090 secs]
[GC 998803K->774728K(2944064K), 0.0772550 secs]
[GC 1030792K->777213K(2944064K), 0.0701970 secs]
[GC 1033225K->800044K(2944064K), 0.0594840 secs]
[GC 1056108K->830087K(2944064K), 0.0671270 secs]
 INFO  [Stressor-1] {org.radargun.stressors.StressTestStressor} Number of ops executed so far: 961954. Elapsed time: 20.002 secs. Remaining: 39.998 secs. Total: 1 mins 0 secs
[GC 1086151K->847105K(2944064K), 0.0667070 secs]
[GC 1102959K->857064K(2944064K), 0.0822190 secs]
[GC 1110614K->887224K(2944064K), 0.0687160 secs]
[GC 1143288K->927832K(2944064K), 0.0598210 secs]
[GC 1180798K->942142K(2944064K), 0.0658390 secs]
[GC 1197837K->933877K(2944064K), 0.0631440 secs]
[GC 1189941K->981990K(2944064K), 0.0569070 secs]
[GC 1238054K->990779K(2944064K), 0.0865640 secs]
[GC 1246823K->1003675K(2944064K), 0.0661730 secs]
[GC 1259739K->1024646K(2944064K), 0.0644990 secs]
[GC 1280710K->1040174K(2944064K), 0.0585130 secs]
[GC 1296238K->1073387K(2944064K), 0.0723340 secs]
[GC 1329451K->1075173K(2944064K), 0.0671010 secs]
[GC 1330214K->1119793K(2944064K), 0.0590510 secs]
[GC 1374644K->1115946K(2944064K), 0.0863730 secs]
[GC 1372010K->1152870K(2944064K), 0.0740930 secs]
[GC 1408902K->1173558K(2944064K), 0.0700490 secs]
[GC 1428660K->1202856K(2944064K), 0.0606850 secs]
[GC 1458920K->1194122K(2944064K), 0.0781270 secs]
[GC 1450149K->1230193K(2944064K), 0.0587440 secs]
[GC 1486248K->1255708K(2944064K), 0.0816740 secs]
[GC 1511772K->1263005K(2944064K), 0.0685390 secs]
[GC 1517322K->1271975K(2944064K), 0.0598320 secs]
[GC 1528039K->1305591K(2944064K), 0.0657280 secs]
[GC 1561655K->1313510K(2944064K), 0.0716240 secs]
[GC 1569574K->1340895K(2944064K), 0.0570920 secs]
[GC 1595892K->1350679K(2944064K), 0.0759030 secs]
[GC 1606721K->1371211K(2944064K), 0.0667310 secs]
[GC 1627275K->1411124K(2944064K), 0.0699690 secs]
[GC 1411637K(2944064K), 0.0304780 secs]
[GC 1667188K->1387718K(2944064K), 0.0681990 secs]
[GC 1553402K(2944064K), 0.0814500 secs]
[GC 525116K->307559K(2944064K), 0.0642870 secs]
 INFO  [Stressor-3] {org.radargun.stressors.StressTestStressor} Number of ops executed so far: 1736014. Elapsed time: 40.002 secs. Remaining: 19.998 secs. Total: 1 mins 0 secs
[GC 561608K->342984K(2944064K), 0.0665720 secs]
[GC 599047K->373077K(2944064K), 0.0577800 secs]
[GC 629141K->353623K(2944064K), 0.0677880 secs]
[GC 609687K->379222K(2944064K), 0.0585680 secs]
[GC 635283K->403193K(2944064K), 0.0584700 secs]
[GC 659257K->408727K(2944064K), 0.0676240 secs]
[GC 664791K->440032K(2944064K), 0.0594400 secs]
[GC 694734K->454975K(2944064K), 0.0686920 secs]
[GC 709356K->449154K(2944064K), 0.0573820 secs]
[GC 705167K->471405K(2944064K), 0.0609690 secs]
[GC 727469K->524083K(2944064K), 0.0592850 secs]
[GC 780147K->511526K(2944064K), 0.0652060 secs]
[GC 767551K->551257K(2944064K), 0.0698720 secs]
[GC 807187K->530855K(2944064K), 0.0637190 secs]
[GC 786919K->555507K(2944064K), 0.0545110 secs]
[GC 811571K->582575K(2944064K), 0.0554600 secs]
[GC 836772K->635166K(2944064K), 0.0690870 secs]
[GC 891230K->631047K(2944064K), 0.0649320 secs]
[GC 887111K->665652K(2944064K), 0.0606020 secs]
[GC 921716K->678686K(2944064K), 0.0626260 secs]
[GC 934714K->688266K(2944064K), 0.0629640 secs]
[GC 944330K->706772K(2944064K), 0.0628900 secs]
[GC 962836K->745538K(2944064K), 0.0620830 secs]
[GC 1001602K->728390K(2944064K), 0.0577790 secs]
[GC 982752K->755355K(2944064K), 0.0542720 secs]
[GC 1011419K->783723K(2944064K), 0.0682120 secs]
[GC 1039784K->775933K(2944064K), 0.0620050 secs]
[GC 1031835K->809321K(2944064K), 0.0642250 secs]
[GC 1065385K->841431K(2944064K), 0.0590850 secs]
[GC 1096610K->833301K(2944064K), 0.0690650 secs]
[GC 1087538K->850718K(2944064K), 0.0653260 secs]
[GC 1106782K->878474K(2944064K), 0.0668480 secs]
[GC 1134538K->888062K(2944064K), 0.0617150 secs]
 INFO  [Stressor-1] {org.radargun.stressors.StressTestStressor} Number of ops executed so far: 3410000. Elapsed time: 1 mins 0 secs. Remaining: 0.000 secs. Total: 1 mins 0 secs
 INFO  [pool-1-thread-1] {org.radargun.stressors.StressTestStressor} Finished generating report. Test duration is: 1 mins 29 secs
 INFO  [pool-1-thread-1] {org.radargun.stages.StressTestWarmupStage} The warmup took: 89 seconds.
 INFO  [pool-1-thread-1] {org.radargun.Slave} Finished stage: StressTestWarmup {bulkSize=1, cacheSpecificKeyGenerator=false, commitTransactions=true, duration=1 mins 0 secs, entrySize=1000, exitBenchmarkOnSlaveFailure=false, fixedKeys=true, generateHistogramRange=false, keyGeneratorClass=org.radargun.stressors.StringKeyGenerator, keyGeneratorParam=null, loadAllKeys=false, numEntries=10000, numOfThreads=4, numRequests=10000, numThreads=4, numberOfAttributes=10000, numberOfRequests=10000, opsCountStatusLog=100000, poolKeys=true, preferAsyncOperations=false, removePercentage=0, replaceInvalidPercentage=40, runOnAllSlaves=false, sharedKeys=false, sizeOfAnAttribute=1000, slaves=null, transactionSize=10000, useAtomics=false, useHistogramStatistics=false, useSimpleStatistics=true, useSmartClassLoading=true, useTransactions=null, writePercentage=20, writeTxPercentage=20 }
 INFO  [main] {org.radargun.Slave} Ack successfully sent to the master
 INFO  [pool-1-thread-1] {org.radargun.Slave} Executing stage: ClearClusterStage {ClearCluster {exitBenchmarkOnSlaveFailure=false, runOnAllSlaves=false, slaves=[ 0 ], useSmartClassLoading=true }
 INFO  [pool-1-thread-1] {org.radargun.stages.ClearClusterStage} Before executing clear, memory looks like this: Memory - free: 1,922,139 kb - max:4,906,688 kb- total:2,944,064 kb
[Full GC 1056770K->27754K(2944064K), 0.4689010 secs]
 INFO  [pool-1-thread-1] {org.radargun.stages.ClearClusterStage} After executing cleanup, memory looks like this: Memory - free: 2,914,834 kb - max:4,906,688 kb- total:2,944,128 kb
 INFO  [pool-1-thread-1] {org.radargun.Slave} Finished stage: ClearClusterStage {ClearCluster {exitBenchmarkOnSlaveFailure=false, runOnAllSlaves=false, slaves=[ 0 ], useSmartClassLoading=true }
 INFO  [main] {org.radargun.Slave} Ack successfully sent to the master
 INFO  [pool-1-thread-1] {org.radargun.Slave} Executing stage: StressTest {bulkSize=1, cacheSpecificKeyGenerator=false, commitTransactions=true, duration=1 mins 0 secs, entrySize=1000, exitBenchmarkOnSlaveFailure=false, fixedKeys=true, generateHistogramRange=false, keyGeneratorClass=org.radargun.stressors.StringKeyGenerator, keyGeneratorParam=null, loadAllKeys=false, numEntries=10000, numOfThreads=4, numRequests=10000000, numThreads=4, numberOfAttributes=10000, numberOfRequests=10000000, opsCountStatusLog=500000, poolKeys=true, preferAsyncOperations=false, removePercentage=0, replaceInvalidPercentage=40, runOnAllSlaves=false, sharedKeys=false, sizeOfAnAttribute=1000, slaves=null, transactionSize=10000, useAtomics=false, useHistogramStatistics=false, useSimpleStatistics=true, useSmartClassLoading=true, useTransactions=true, writePercentage=10, writeTxPercentage=100 }
 INFO  [pool-1-thread-1] {org.radargun.stages.StressTestStage} Starting StressTestStage: StressTest {bulkSize=1, cacheSpecificKeyGenerator=false, commitTransactions=true, duration=1 mins 0 secs, entrySize=1000, exitBenchmarkOnSlaveFailure=false, fixedKeys=true, generateHistogramRange=false, keyGeneratorClass=org.radargun.stressors.StringKeyGenerator, keyGeneratorParam=null, loadAllKeys=false, numEntries=10000, numOfThreads=4, numRequests=10000000, numThreads=4, numberOfAttributes=10000, numberOfRequests=10000000, opsCountStatusLog=500000, poolKeys=true, preferAsyncOperations=false, removePercentage=0, replaceInvalidPercentage=40, runOnAllSlaves=false, sharedKeys=false, sizeOfAnAttribute=1000, slaves=null, transactionSize=10000, useAtomics=false, useHistogramStatistics=false, useSimpleStatistics=true, useSmartClassLoading=true, useTransactions=true, writePercentage=10, writeTxPercentage=100 }
 INFO  [pool-1-thread-1] {org.radargun.stressors.StressTestStressor} Using key generator org.radargun.stressors.StringKeyGenerator, param null
 INFO  [pool-1-thread-1] {org.radargun.stressors.StressTestStressor} Executing: StressTestStressor{opsCountStatusLog=500000, numRequests=10000000, numEntries=10000, entrySize=1000, writePercentage=10, numThreads=4, cacheWrapper=org.radargun.cachewrappers.InfinispanXSWrapper@38b1c4fe, nodeIndex=2, useTransactions=true, transactionSize=10000, commitTransactions=true, durationMillis=60000}
 INFO  [pool-1-thread-1] {org.radargun.stressors.StressTestStressor} Cache wrapper info is: Running : 5.2.6.Final, config:ispn52-repl-sync-rc.xml, cacheName:testCache
[GC 283882K->94803K(2944128K), 0.0467110 secs]
[GC 350931K->85038K(2944128K), 0.0558980 secs]
[GC 341166K->116130K(2944128K), 0.0684480 secs]
[GC 372258K->139083K(2944128K), 0.0769510 secs]
[GC 395211K->162144K(2944128K), 0.1113480 secs]
[GC 418272K->179335K(2944128K), 0.0950910 secs]
[GC 435463K->211413K(2944128K), 0.0914890 secs]
[GC 467541K->217393K(2944128K), 0.0908530 secs]
[GC 473521K->213314K(2944128K), 0.0897040 secs]
[GC 469442K->249101K(2944128K), 0.0890880 secs]
[GC 505229K->266891K(2944128K), 0.0891760 secs]
[GC 523019K->278819K(2944128K), 0.0868770 secs]
 INFO  [pool-1-thread-1] {org.radargun.stressors.StressTestStressor} Started 4 stressor threads.
 INFO  [Stressor-1] {org.radargun.stressors.StressTestStressor} Number of ops executed so far: 1. Elapsed time: 0.000 secs. Remaining: 1 mins 0 secs. Total: 1 mins 0 secs
[GC 534947K->312895K(2944128K), 0.0946010 secs]
[GC 569023K->341440K(2944128K), 0.1081490 secs]
[GC 597568K->334225K(2944128K), 0.0576040 secs]
[GC 589393K->374392K(2944128K), 0.0651820 secs]
[GC 630520K->355103K(2944128K), 0.0661320 secs]
[GC 610464K->406342K(2944128K), 0.0506640 secs]
[GC 662470K->380718K(2944128K), 0.0648690 secs]
[GC 636846K->416271K(2944128K), 0.0574770 secs]
[GC 670624K->425602K(2944128K), 0.0598170 secs]
[GC 681730K->468487K(2944128K), 0.0481320 secs]
[GC 724615K->461105K(2944128K), 0.0642780 secs]
[GC 717180K->494753K(2944128K), 0.0606610 secs]
[GC 750824K->487895K(2944128K), 0.0603140 secs]
[GC 744023K->532455K(2944128K), 0.0501510 secs]
[GC 788583K->554539K(2944128K), 0.0664920 secs]
[GC 810023K->573219K(2944128K), 0.0711250 secs]
[GC 828462K->574552K(2944128K), 0.0531940 secs]
[GC 830678K->604406K(2944128K), 0.0539720 secs]
[GC 860534K->633555K(2944128K), 0.0598070 secs]
[GC 889683K->614878K(2944128K), 0.0695220 secs]
[GC 871006K->634414K(2944128K), 0.0512380 secs]
[GC 889294K->659821K(2944128K), 0.0660970 secs]
[GC 915949K->665352K(2944128K), 0.0614470 secs]
[GC 921437K->688066K(2944128K), 0.0499100 secs]
[GC 944194K->720505K(2944128K), 0.0597130 secs]
[GC 976613K->710983K(2944128K), 0.0672620 secs]
[GC 967111K->759496K(2944128K), 0.0626160 secs]
[GC 1015586K->740385K(2944128K), 0.0645380 secs]
[GC 996463K->767199K(2944128K), 0.0486450 secs]
 INFO  [Stressor-2] {org.radargun.stressors.StressTestStressor} Number of ops executed so far: 440000. Elapsed time: 20.266 secs. Remaining: 39.734 secs. Total: 1 mins 0 secs
[GC 1023327K->805064K(2944128K), 0.0573720 secs]
[GC 1061192K->791981K(2944128K), 0.0647380 secs]
[GC 1048109K->804224K(2944128K), 0.0586660 secs]
[GC 1059976K->814160K(2944128K), 0.0482350 secs]
[GC 1070288K->840277K(2944128K), 0.0522920 secs]
[GC 1096405K->832793K(2944128K), 0.0655670 secs]
[GC 1088921K->892497K(2944128K), 0.0505690 secs]
[GC 1148625K->859747K(2944128K), 0.0603710 secs]
[GC 1115476K->890991K(2944128K), 0.0582870 secs]
[GC 1146898K->928627K(2944128K), 0.0595400 secs]
[GC 1184606K->934155K(2944128K), 0.0593890 secs]
[GC 1190283K->969162K(2944128K), 0.0647740 secs]
[GC 1225290K->994681K(2944128K), 0.0729950 secs]
[GC 1249860K->976711K(2944128K), 0.0459000 secs]
[GC 1232819K->1021337K(2944128K), 0.0509050 secs]
[GC 1276624K->1045678K(2944128K), 0.0546710 secs]
[GC 1301806K->1059106K(2944128K), 0.0652280 secs]
[GC 1315234K->1066391K(2944128K), 0.0643460 secs]
[GC 1322519K->1078727K(2944128K), 0.0600540 secs]
[GC 1334855K->1112013K(2944128K), 0.0515400 secs]
[GC 1368141K->1099003K(2944128K), 0.0619210 secs]
[GC 1355131K->1113793K(2944128K), 0.0603690 secs]
[GC 1369921K->1143985K(2944128K), 0.0584480 secs]
[GC 1400113K->1131171K(2944128K), 0.0593990 secs]
[GC 1387299K->1187773K(2944128K), 0.0513030 secs]
[GC 1443901K->1173212K(2944128K), 0.0613080 secs]
[GC 1429285K->1204093K(2944128K), 0.0545940 secs]
[GC 1460221K->1207602K(2944128K), 0.0612850 secs]
 INFO  [Stressor-2] {org.radargun.stressors.StressTestStressor} Number of ops executed so far: 950830. Elapsed time: 40.266 secs. Remaining: 19.734 secs. Total: 1 mins 0 secs
[GC 1463009K->1235695K(2944128K), 0.0529260 secs]
[GC 1491791K->1256397K(2944128K), 0.0460250 secs]
[GC 1511908K->1253933K(2944128K), 0.0602550 secs]
[GC 1510061K->1270822K(2944128K), 0.0634110 secs]
[GC 1526950K->1269146K(2944128K), 0.0553780 secs]
[GC 1525274K->1317384K(2944128K), 0.0521310 secs]
[GC 1572182K->1316426K(2944128K), 0.0792780 secs]
[GC 1571851K->1345847K(2944128K), 0.0541310 secs]
[GC 1601975K->1360640K(2944128K), 0.0582490 secs]
[GC 1616749K->1387624K(2944128K), 0.0518290 secs]
[GC 1643752K->1392837K(2944128K), 0.0649970 secs]
[GC 1648074K->1404177K(2944128K), 0.0760040 secs]
[GC 1659653K->1422097K(2944128K), 0.0532210 secs]
[GC 1678225K->1441427K(2944128K), 0.0564400 secs]
[GC 1697555K->1461902K(2944128K), 0.0692650 secs]
[GC 1718030K->1461104K(2944128K), 0.0516710 secs]
[GC 1716611K->1485871K(2944128K), 0.0661820 secs]
[GC 1741999K->1494091K(2944128K), 0.0592060 secs]
[GC 1749923K->1534679K(2944128K), 0.0498150 secs]
[GC 1790807K->1564740K(2944128K), 0.0771530 secs]
[GC 1820868K->1558509K(2944128K), 0.0623220 secs]
[GC 1814180K->1580711K(2944128K), 0.0510870 secs]
[GC 1836603K->1605553K(2944128K), 0.0582140 secs]
[GC 1861681K->1630468K(2944128K), 0.0610830 secs]
[GC 1886596K->1617984K(2944128K), 0.0550180 secs]
[GC 1874112K->1670935K(2944128K), 0.0561070 secs]
[GC 1927063K->1644732K(2944128K), 0.0637800 secs]
[GC 1900860K->1685961K(2944128K), 0.0484980 secs]
 INFO  [Stressor-3] {org.radargun.stressors.StressTestStressor} Number of ops executed so far: 1440000. Elapsed time: 1 mins 0 secs. Remaining: 0.000 secs. Total: 1 mins 0 secs
 INFO  [pool-1-thread-1] {org.radargun.stressors.StressTestStressor} Finished generating report. Test duration is: 1 mins 23 secs
 INFO  [pool-1-thread-1] {org.radargun.stages.StressTestStage} size info: Running : 5.2.6.Final, config:ispn52-repl-sync-rc.xml, cacheName:testCache, clusterSize:4, nodeIndex:2, cacheSize: 160000
 INFO  [pool-1-thread-1] {org.radargun.Slave} Finished stage: StressTest {bulkSize=1, cacheSpecificKeyGenerator=false, commitTransactions=true, duration=1 mins 0 secs, entrySize=1000, exitBenchmarkOnSlaveFailure=false, fixedKeys=true, generateHistogramRange=false, keyGeneratorClass=org.radargun.stressors.StringKeyGenerator, keyGeneratorParam=null, loadAllKeys=false, numEntries=10000, numOfThreads=4, numRequests=10000000, numThreads=4, numberOfAttributes=10000, numberOfRequests=10000000, opsCountStatusLog=500000, poolKeys=true, preferAsyncOperations=false, removePercentage=0, replaceInvalidPercentage=40, runOnAllSlaves=false, sharedKeys=false, sizeOfAnAttribute=1000, slaves=null, transactionSize=10000, useAtomics=false, useHistogramStatistics=false, useSimpleStatistics=true, useSmartClassLoading=true, useTransactions=true, writePercentage=10, writeTxPercentage=100 }
 INFO  [main] {org.radargun.Slave} Ack successfully sent to the master
 INFO  [main] {org.radargun.Slave} Master shutdown!
 INFO  [Thread-0] {org.radargun.ShutDownHook} Slave process is being shutdown
