/usr/java/jdk1.7.0_21/bin/java -server -Xmx1024M -Xms1024M -Dresolve.dns=false -Djgroups.timer.num_threads=4 -verbose:gc -Xmx5000M -Xms3000M -server -XX:+UseConcMarkSweepGC -XX:+AggressiveOpts -verbose:gc -XX:ParallelGCThreads=4 -XX:NewRatio=5 -XX:SurvivorRatio=2 -Dhazelcast.operation.thread.count=4 -Djava.net.preferIPv4Stack=true -Dlog4j.file.prefix=deimos-esw-9038 -Dbind.address= -Djgroups.bind_addr= -classpath /home/smf/github/radargun/target/distribution/RadarGun-1.1.0-SNAPSHOT/lib/activation-1.1.jar:/home/smf/github/radargun/target/distribution/RadarGun-1.1.0-SNAPSHOT/lib/commons-beanutils-1.8.0.jar:/home/smf/github/radargun/target/distribution/RadarGun-1.1.0-SNAPSHOT/lib/commons-digester-2.0.jar:/home/smf/github/radargun/target/distribution/RadarGun-1.1.0-SNAPSHOT/lib/commons-logging-1.1.1.jar:/home/smf/github/radargun/target/distribution/RadarGun-1.1.0-SNAPSHOT/lib/commons-math-1.2.jar:/home/smf/github/radargun/target/distribution/RadarGun-1.1.0-SNAPSHOT/lib/jboss-transaction-api-1.0.1.GA.jar:/home/smf/github/radargun/target/distribution/RadarGun-1.1.0-SNAPSHOT/lib/jcommon-1.0.15.jar:/home/smf/github/radargun/target/distribution/RadarGun-1.1.0-SNAPSHOT/lib/jfreechart-1.0.12.jar:/home/smf/github/radargun/target/distribution/RadarGun-1.1.0-SNAPSHOT/lib/log4j-1.2.14.jar:/home/smf/github/radargun/target/distribution/RadarGun-1.1.0-SNAPSHOT/lib/mail-1.4.2.jar:/home/smf/github/radargun/target/distribution/RadarGun-1.1.0-SNAPSHOT/lib/radargun-framework-1.1.0-SNAPSHOT.jar:/home/smf/github/radargun/target/distribution/RadarGun-1.1.0-SNAPSHOT/conf org.radargun.Slave -master 127.0.0.1:2103
--------------------------------------------------------------------------------
PerNodeRollingFileAppender::Using file prefix:deimos-esw-9038
 INFO  [main] {org.radargun.Slave} Attempting to connect to master 127.0.0.1:2103
 INFO  [main] {org.radargun.Slave} Successfully established connection with master at: 127.0.0.1:2103
Loading JARS from /home/smf/github/radargun/target/distribution/RadarGun-1.1.0-SNAPSHOT/lib/radargun-framework-1.1.0-SNAPSHOT.jar
 INFO  [pool-1-thread-1] {org.radargun.config.AnnotatedHelper} Loading JARS from /home/smf/github/radargun/target/distribution/RadarGun-1.1.0-SNAPSHOT/lib/radargun-framework-1.1.0-SNAPSHOT.jar
 INFO  [pool-1-thread-1] {org.radargun.config.AnnotatedHelper} Loading JARS from /home/smf/github/radargun/target/distribution/RadarGun-1.1.0-SNAPSHOT/lib/radargun-framework-1.1.0-SNAPSHOT.jar
 INFO  [pool-1-thread-1] {org.radargun.Slave} Executing stage: DestroyWrapper {enforceMemoryThrashHold=true, exitBenchmarkOnSlaveFailure=false, heapDumpDir=null, memoryThreshold=95, runOnAllSlaves=true, slaves=null, useSmartClassLoading=true }
 INFO  [pool-1-thread-1] {org.radargun.stages.DestroyWrapperStage} Received destroy cache wrapper request from master...
 INFO  [pool-1-thread-1] {org.radargun.stages.DestroyWrapperStage} No cache wrapper deployed on this slave, nothing to do.
 INFO  [pool-1-thread-1] {org.radargun.stages.DestroyWrapperStage} Before executing clear, memory looks like this: Memory - free: 2,928,638 kb - max:4,906,688 kb- total:2,944,000 kb
[Full GC 15361K->3631K(2944000K), 0.0883300 secs]
 INFO  [pool-1-thread-1] {org.radargun.stages.DestroyWrapperStage} After executing cleanup, memory looks like this: Memory - free: 2,935,311 kb - max:4,906,688 kb- total:2,944,064 kb
 INFO  [pool-1-thread-1] {org.radargun.Slave} Finished stage: DestroyWrapper {enforceMemoryThrashHold=true, exitBenchmarkOnSlaveFailure=false, heapDumpDir=null, memoryThreshold=95, runOnAllSlaves=true, slaves=null, useSmartClassLoading=true }
 INFO  [main] {org.radargun.Slave} Ack successfully sent to the master
 INFO  [pool-1-thread-1] {org.radargun.Slave} Executing stage: StartCluster {config=hzl3-repl-sync.xml, delayAfterFirstSlaveStarts=5.000 secs, delayBetweenStartingSlaves=0.500 secs, exitBenchmarkOnSlaveFailure=true, expectNumSlaves=null, mayFailOn=null, reachable=null, runOnAllSlaves=false, slaves=null, staggerSlaveStartup=true, useSmartClassLoading=true, validateCluster=true }
 INFO  [pool-1-thread-1] {org.radargun.stages.StartClusterStage}  Startup staggering, starting 12 slaves. This is the slave with index 10. Sleeping for 10000 millis.
 INFO  [pool-1-thread-1] {org.radargun.stages.StartClusterStage} Ack master's StartCluster stage. Local address is: /127.0.0.1. This slave's index is: 10
 INFO  [pool-1-thread-1] {org.radargun.utils.ClassLoadHelper} Creating newInstance org.radargun.cachewrappers.FFWrapper with classloader java.net.URLClassLoader@52b2f956
 INFO  [pool-1-thread-1] {org.radargun.cachewrappers.FFWrapper} config=hzl3-repl-sync.xml, isLocal=false, nodeIndex=10, confAttributes={name=hzl3-repl-sync.xml, decorate=hazelcast3}
 INFO  [pool-1-thread-1] {org.radargun.cachewrappers.FFWrapper} Found fenix framework config options in 'rg-fenix-framework-config-options.properties'.
 INFO  [pool-1-thread-1] {org.radargun.cachewrappers.FFWrapper} Setting extra config properties for Fenix Framework.
 INFO  [pool-1-thread-1] {org.radargun.cachewrappers.FFWrapper} Will initialize Fenix Framework with RadarGunDataGridConfig
 TRACE [pool-1-thread-1] {pt.ist.fenixframework.FenixFramework} Static initializer block for FenixFramework class [BEGIN]
 INFO  [pool-1-thread-1] {pt.ist.fenixframework.FenixFramework} Trying auto-initialization with configuration by convention
 INFO  [pool-1-thread-1] {pt.ist.fenixframework.FenixFramework} Resource 'fenix-framework.properties' not found
 DEBUG [pool-1-thread-1] {pt.ist.fenixframework.FenixFramework} Fenix Framework properties after reading default config file:{}
 DEBUG [pool-1-thread-1] {pt.ist.fenixframework.FenixFramework} CurrentBackEndName = jvstm-datagrid
 INFO  [pool-1-thread-1] {pt.ist.fenixframework.FenixFramework} Resource 'fenix-framework-jvstm-datagrid.properties' not found
 DEBUG [pool-1-thread-1] {pt.ist.fenixframework.FenixFramework} Fenix Framework properties after reading backend config file:{}
 DEBUG [pool-1-thread-1] {pt.ist.fenixframework.FenixFramework} Fenix Framework properties after enforcing system properties:{}
 INFO  [pool-1-thread-1] {pt.ist.fenixframework.FenixFramework} Skipping configuration by convention.
 TRACE [pool-1-thread-1] {pt.ist.fenixframework.FenixFramework} Static initializer block for FenixFramework class [END]
 INFO  [pool-1-thread-1] {pt.ist.fenixframework.FenixFramework} Initializing Fenix Framework with config.class=pt.ist.fenixframework.backend.jvstm.datagrid.radargun.RadarGunDataGridConfig
 INFO  [pool-1-thread-1] {pt.ist.fenixframework.backend.jvstm.cluster.JvstmClusterBackEnd} initializeGroupCommunication()
 INFO  [pool-1-thread-1] {com.hazelcast.config.ClasspathXmlConfig} Configuring Hazelcast from 'hazelcast-ff.xml'.
 INFO  [pool-1-thread-1] {com.hazelcast.instance.DefaultAddressPicker} Interfaces is disabled, trying to pick one address from TCP-IP config addresses: [127.0.0.1]
 INFO  [pool-1-thread-1] {com.hazelcast.instance.DefaultAddressPicker} Picked Address[127.0.0.1]:5712, using socket ServerSocket[addr=/0.0.0.0,localport=5712], bind any local is true
 INFO  [pool-1-thread-1] {com.hazelcast.system} [127.0.0.1]:5712 [FenixFrameworkGroup] Hazelcast Community Edition 3.0.2 (20130906) starting at Address[127.0.0.1]:5712
 INFO  [pool-1-thread-1] {com.hazelcast.system} [127.0.0.1]:5712 [FenixFrameworkGroup] Copyright (C) 2008-2013 Hazelcast.com
 INFO  [pool-1-thread-1] {com.hazelcast.instance.Node} [127.0.0.1]:5712 [FenixFrameworkGroup] Creating MulticastJoiner
 INFO  [pool-1-thread-1] {com.hazelcast.core.LifecycleService} [127.0.0.1]:5712 [FenixFrameworkGroup] Address[127.0.0.1]:5712 is STARTING
 INFO  [pool-1-thread-1] {com.hazelcast.cluster.TcpIpJoiner} [127.0.0.1]:5712 [FenixFrameworkGroup] Connecting to possible member: Address[127.0.0.1]:5703
 INFO  [pool-1-thread-1] {com.hazelcast.cluster.TcpIpJoiner} [127.0.0.1]:5712 [FenixFrameworkGroup] Connecting to possible member: Address[127.0.0.1]:5702
 INFO  [pool-1-thread-1] {com.hazelcast.cluster.TcpIpJoiner} [127.0.0.1]:5712 [FenixFrameworkGroup] Connecting to possible member: Address[127.0.0.1]:5701
 INFO  [hz._hzInstance_1_FenixFrameworkGroup.cached.thread-3] {com.hazelcast.nio.SocketConnector} [127.0.0.1]:5712 [FenixFrameworkGroup] Connecting to /127.0.0.1:5703, timeout: 0, bind-any: true
 INFO  [hz._hzInstance_1_FenixFrameworkGroup.cached.thread-1] {com.hazelcast.nio.SocketConnector} [127.0.0.1]:5712 [FenixFrameworkGroup] Connecting to /127.0.0.1:5701, timeout: 0, bind-any: true
 INFO  [hz._hzInstance_1_FenixFrameworkGroup.cached.thread-2] {com.hazelcast.nio.SocketConnector} [127.0.0.1]:5712 [FenixFrameworkGroup] Connecting to /127.0.0.1:5702, timeout: 0, bind-any: true
 INFO  [hz._hzInstance_1_FenixFrameworkGroup.cached.thread-3] {com.hazelcast.nio.TcpIpConnectionManager} [127.0.0.1]:5712 [FenixFrameworkGroup] 57898 accepted socket connection from /127.0.0.1:5703
 INFO  [hz._hzInstance_1_FenixFrameworkGroup.cached.thread-2] {com.hazelcast.nio.TcpIpConnectionManager} [127.0.0.1]:5712 [FenixFrameworkGroup] 39427 accepted socket connection from /127.0.0.1:5702
 INFO  [hz._hzInstance_1_FenixFrameworkGroup.cached.thread-1] {com.hazelcast.nio.TcpIpConnectionManager} [127.0.0.1]:5712 [FenixFrameworkGroup] 60276 accepted socket connection from /127.0.0.1:5701
 INFO  [hz._hzInstance_1_FenixFrameworkGroup.IO.thread-in-2] {com.hazelcast.nio.TcpIpConnection} [127.0.0.1]:5712 [FenixFrameworkGroup] Connection [Address[127.0.0.1]:5702] lost. Reason: java.io.EOFException[Remote socket closed!]
 WARN  [hz._hzInstance_1_FenixFrameworkGroup.IO.thread-in-2] {com.hazelcast.nio.ReadHandler} [127.0.0.1]:5712 [FenixFrameworkGroup] hz._hzInstance_1_FenixFrameworkGroup.IO.thread-in-2 Closing socket to endpoint Address[127.0.0.1]:5702, Cause:java.io.EOFException: Remote socket closed!
 INFO  [hz._hzInstance_1_FenixFrameworkGroup.cached.thread-2] {com.hazelcast.cluster.ClusterService} [127.0.0.1]:5712 [FenixFrameworkGroup] 

Members [12] {
	Member [127.0.0.1]:5701
	Member [127.0.0.1]:5703
	Member [127.0.0.1]:5704
	Member [127.0.0.1]:5705
	Member [127.0.0.1]:5706
	Member [127.0.0.1]:5707
	Member [127.0.0.1]:5708
	Member [127.0.0.1]:5709
	Member [127.0.0.1]:5710
	Member [127.0.0.1]:5711
	Member [127.0.0.1]:5712 this
	Member [127.0.0.1]:5713
}

 INFO  [hz._hzInstance_1_FenixFrameworkGroup.IO.thread-Acceptor] {com.hazelcast.nio.SocketAcceptor} [127.0.0.1]:5712 [FenixFrameworkGroup] Accepting socket connection from /127.0.0.1:33697
 INFO  [hz._hzInstance_1_FenixFrameworkGroup.IO.thread-Acceptor] {com.hazelcast.nio.TcpIpConnectionManager} [127.0.0.1]:5712 [FenixFrameworkGroup] 5712 accepted socket connection from /127.0.0.1:33697
 INFO  [hz._hzInstance_1_FenixFrameworkGroup.IO.thread-Acceptor] {com.hazelcast.nio.SocketAcceptor} [127.0.0.1]:5712 [FenixFrameworkGroup] Accepting socket connection from /127.0.0.1:38070
 INFO  [hz._hzInstance_1_FenixFrameworkGroup.IO.thread-Acceptor] {com.hazelcast.nio.TcpIpConnectionManager} [127.0.0.1]:5712 [FenixFrameworkGroup] 5712 accepted socket connection from /127.0.0.1:38070
 INFO  [hz._hzInstance_1_FenixFrameworkGroup.IO.thread-Acceptor] {com.hazelcast.nio.SocketAcceptor} [127.0.0.1]:5712 [FenixFrameworkGroup] Accepting socket connection from /127.0.0.1:42256
 INFO  [hz._hzInstance_1_FenixFrameworkGroup.IO.thread-Acceptor] {com.hazelcast.nio.TcpIpConnectionManager} [127.0.0.1]:5712 [FenixFrameworkGroup] 5712 accepted socket connection from /127.0.0.1:42256
 INFO  [hz._hzInstance_1_FenixFrameworkGroup.IO.thread-Acceptor] {com.hazelcast.nio.SocketAcceptor} [127.0.0.1]:5712 [FenixFrameworkGroup] Accepting socket connection from /127.0.0.1:44710
 INFO  [hz._hzInstance_1_FenixFrameworkGroup.IO.thread-Acceptor] {com.hazelcast.nio.TcpIpConnectionManager} [127.0.0.1]:5712 [FenixFrameworkGroup] 5712 accepted socket connection from /127.0.0.1:44710
 INFO  [hz._hzInstance_1_FenixFrameworkGroup.IO.thread-Acceptor] {com.hazelcast.nio.SocketAcceptor} [127.0.0.1]:5712 [FenixFrameworkGroup] Accepting socket connection from /127.0.0.1:36667
 INFO  [hz._hzInstance_1_FenixFrameworkGroup.IO.thread-Acceptor] {com.hazelcast.nio.TcpIpConnectionManager} [127.0.0.1]:5712 [FenixFrameworkGroup] 5712 accepted socket connection from /127.0.0.1:36667
 INFO  [hz._hzInstance_1_FenixFrameworkGroup.IO.thread-Acceptor] {com.hazelcast.nio.SocketAcceptor} [127.0.0.1]:5712 [FenixFrameworkGroup] Accepting socket connection from /127.0.0.1:42348
 INFO  [hz._hzInstance_1_FenixFrameworkGroup.IO.thread-Acceptor] {com.hazelcast.nio.TcpIpConnectionManager} [127.0.0.1]:5712 [FenixFrameworkGroup] 5712 accepted socket connection from /127.0.0.1:42348
 INFO  [hz._hzInstance_1_FenixFrameworkGroup.cached.thread-10] {com.hazelcast.nio.SocketConnector} [127.0.0.1]:5712 [FenixFrameworkGroup] Connecting to /127.0.0.1:5705, timeout: 0, bind-any: true
 INFO  [hz._hzInstance_1_FenixFrameworkGroup.cached.thread-10] {com.hazelcast.nio.TcpIpConnectionManager} [127.0.0.1]:5712 [FenixFrameworkGroup] 36194 accepted socket connection from /127.0.0.1:5705
 INFO  [hz._hzInstance_1_FenixFrameworkGroup.IO.thread-Acceptor] {com.hazelcast.nio.SocketAcceptor} [127.0.0.1]:5712 [FenixFrameworkGroup] Accepting socket connection from /127.0.0.1:56384
 INFO  [hz._hzInstance_1_FenixFrameworkGroup.IO.thread-Acceptor] {com.hazelcast.nio.TcpIpConnectionManager} [127.0.0.1]:5712 [FenixFrameworkGroup] 5712 accepted socket connection from /127.0.0.1:56384
 INFO  [hz._hzInstance_1_FenixFrameworkGroup.cached.thread-10] {com.hazelcast.nio.SocketConnector} [127.0.0.1]:5712 [FenixFrameworkGroup] Connecting to /127.0.0.1:5711, timeout: 0, bind-any: true
 INFO  [hz._hzInstance_1_FenixFrameworkGroup.IO.thread-Acceptor] {com.hazelcast.nio.SocketAcceptor} [127.0.0.1]:5712 [FenixFrameworkGroup] Accepting socket connection from /127.0.0.1:60584
 INFO  [hz._hzInstance_1_FenixFrameworkGroup.cached.thread-10] {com.hazelcast.nio.TcpIpConnectionManager} [127.0.0.1]:5712 [FenixFrameworkGroup] 34906 accepted socket connection from /127.0.0.1:5711
 INFO  [hz._hzInstance_1_FenixFrameworkGroup.IO.thread-Acceptor] {com.hazelcast.nio.TcpIpConnectionManager} [127.0.0.1]:5712 [FenixFrameworkGroup] 5712 accepted socket connection from /127.0.0.1:60584
 INFO  [hz._hzInstance_1_FenixFrameworkGroup.cached.thread-3] {com.hazelcast.nio.SocketConnector} [127.0.0.1]:5712 [FenixFrameworkGroup] Connecting to /127.0.0.1:5713, timeout: 0, bind-any: true
 INFO  [hz._hzInstance_1_FenixFrameworkGroup.cached.thread-3] {com.hazelcast.nio.TcpIpConnectionManager} [127.0.0.1]:5712 [FenixFrameworkGroup] 50362 accepted socket connection from /127.0.0.1:5713
 INFO  [hz._hzInstance_1_FenixFrameworkGroup.IO.thread-Acceptor] {com.hazelcast.nio.SocketAcceptor} [127.0.0.1]:5712 [FenixFrameworkGroup] Accepting socket connection from /127.0.0.1:33745
 INFO  [hz._hzInstance_1_FenixFrameworkGroup.IO.thread-Acceptor] {com.hazelcast.nio.TcpIpConnectionManager} [127.0.0.1]:5712 [FenixFrameworkGroup] 5712 accepted socket connection from /127.0.0.1:33745
 INFO  [pool-1-thread-1] {com.hazelcast.core.LifecycleService} [127.0.0.1]:5712 [FenixFrameworkGroup] Address[127.0.0.1]:5712 is STARTED
 INFO  [pool-1-thread-1] {pt.ist.fenixframework.backend.jvstm.cluster.ClusterUtils} Got (long) serverId: 9
 INFO  [pool-1-thread-1] {pt.ist.fenixframework.backend.jvstm.cluster.JvstmClusterBackEnd} This is NOT the first node.
 INFO  [pool-1-thread-1] {pt.ist.fenixframework.backend.jvstm.cluster.ClusterUtils} Waiting for startup from first node
 INFO  [pool-1-thread-1] {pt.ist.fenixframework.backend.jvstm.JVSTMBackEnd} initializeRepository()
 INFO  [pool-1-thread-1] {pt.ist.fenixframework.backend.jvstm.datagrid.radargun.DataGridDecorator} config=hzl3-repl-sync.xml, isLocal=false, nodeIndex=10, confAttributes={name=hzl3-repl-sync.xml}
 INFO  [pool-1-thread-1] {org.radargun.cachewrappers.Hazelcast3Wrapper} Creating cache with the following configuration: hzl3-repl-sync.xml
 INFO  [pool-1-thread-1] {com.hazelcast.instance.DefaultAddressPicker} Interfaces is disabled, trying to pick one address from TCP-IP config addresses: [127.0.0.1]
 INFO  [pool-1-thread-1] {com.hazelcast.instance.DefaultAddressPicker} Picked Address[127.0.0.1]:5722, using socket ServerSocket[addr=/0.0.0.0,localport=5722], bind any local is true
 INFO  [pool-1-thread-1] {com.hazelcast.system} [127.0.0.1]:5722 [dev] Hazelcast Community Edition 3.0.2 (20130906) starting at Address[127.0.0.1]:5722
 INFO  [pool-1-thread-1] {com.hazelcast.system} [127.0.0.1]:5722 [dev] Copyright (C) 2008-2013 Hazelcast.com
 INFO  [pool-1-thread-1] {com.hazelcast.instance.Node} [127.0.0.1]:5722 [dev] Creating MulticastJoiner
 INFO  [pool-1-thread-1] {com.hazelcast.core.LifecycleService} [127.0.0.1]:5722 [dev] Address[127.0.0.1]:5722 is STARTING
 INFO  [pool-1-thread-1] {com.hazelcast.cluster.TcpIpJoiner} [127.0.0.1]:5722 [dev] Connecting to possible member: Address[127.0.0.1]:5703
 INFO  [pool-1-thread-1] {com.hazelcast.cluster.TcpIpJoiner} [127.0.0.1]:5722 [dev] Connecting to possible member: Address[127.0.0.1]:5702
 INFO  [pool-1-thread-1] {com.hazelcast.cluster.TcpIpJoiner} [127.0.0.1]:5722 [dev] Connecting to possible member: Address[127.0.0.1]:5701
 INFO  [hz._hzInstance_2_dev.cached.thread-2] {com.hazelcast.nio.SocketConnector} [127.0.0.1]:5722 [dev] Connecting to /127.0.0.1:5703, timeout: 0, bind-any: true
 INFO  [hz._hzInstance_2_dev.cached.thread-3] {com.hazelcast.nio.SocketConnector} [127.0.0.1]:5722 [dev] Connecting to /127.0.0.1:5702, timeout: 0, bind-any: true
 INFO  [hz._hzInstance_2_dev.cached.thread-2] {com.hazelcast.nio.TcpIpConnectionManager} [127.0.0.1]:5722 [dev] 51032 accepted socket connection from /127.0.0.1:5703
 INFO  [hz._hzInstance_2_dev.cached.thread-1] {com.hazelcast.nio.SocketConnector} [127.0.0.1]:5722 [dev] Connecting to /127.0.0.1:5701, timeout: 0, bind-any: true
 INFO  [hz._hzInstance_2_dev.cached.thread-3] {com.hazelcast.nio.TcpIpConnectionManager} [127.0.0.1]:5722 [dev] 56129 accepted socket connection from /127.0.0.1:5702
 INFO  [hz._hzInstance_2_dev.cached.thread-1] {com.hazelcast.nio.TcpIpConnectionManager} [127.0.0.1]:5722 [dev] 44081 accepted socket connection from /127.0.0.1:5701
 INFO  [hz._hzInstance_2_dev.IO.thread-in-0] {com.hazelcast.nio.TcpIpConnection} [127.0.0.1]:5722 [dev] Connection [Address[127.0.0.1]:5703] lost. Reason: java.io.EOFException[Remote socket closed!]
 INFO  [hz._hzInstance_2_dev.IO.thread-in-2] {com.hazelcast.nio.TcpIpConnection} [127.0.0.1]:5722 [dev] Connection [Address[127.0.0.1]:5701] lost. Reason: java.io.EOFException[Remote socket closed!]
 WARN  [hz._hzInstance_2_dev.IO.thread-in-0] {com.hazelcast.nio.ReadHandler} [127.0.0.1]:5722 [dev] hz._hzInstance_2_dev.IO.thread-in-0 Closing socket to endpoint Address[127.0.0.1]:5703, Cause:java.io.EOFException: Remote socket closed!
 WARN  [hz._hzInstance_2_dev.IO.thread-in-2] {com.hazelcast.nio.ReadHandler} [127.0.0.1]:5722 [dev] hz._hzInstance_2_dev.IO.thread-in-2 Closing socket to endpoint Address[127.0.0.1]:5701, Cause:java.io.EOFException: Remote socket closed!
 INFO  [hz._hzInstance_2_dev.cached.thread-1] {com.hazelcast.cluster.ClusterService} [127.0.0.1]:5722 [dev] 

Members [12] {
	Member [127.0.0.1]:5702
	Member [127.0.0.1]:5714
	Member [127.0.0.1]:5715
	Member [127.0.0.1]:5716
	Member [127.0.0.1]:5717
	Member [127.0.0.1]:5718
	Member [127.0.0.1]:5719
	Member [127.0.0.1]:5720
	Member [127.0.0.1]:5721
	Member [127.0.0.1]:5722 this
	Member [127.0.0.1]:5723
	Member [127.0.0.1]:5724
}

 INFO  [hz._hzInstance_2_dev.cached.thread-11] {com.hazelcast.nio.SocketConnector} [127.0.0.1]:5722 [dev] Connecting to /127.0.0.1:5714, timeout: 0, bind-any: true
 INFO  [hz._hzInstance_2_dev.cached.thread-3] {com.hazelcast.nio.SocketConnector} [127.0.0.1]:5722 [dev] Connecting to /127.0.0.1:5715, timeout: 0, bind-any: true
 INFO  [hz._hzInstance_2_dev.cached.thread-11] {com.hazelcast.nio.TcpIpConnectionManager} [127.0.0.1]:5722 [dev] 50926 accepted socket connection from /127.0.0.1:5714
 INFO  [hz._hzInstance_2_dev.cached.thread-3] {com.hazelcast.nio.TcpIpConnectionManager} [127.0.0.1]:5722 [dev] 53943 accepted socket connection from /127.0.0.1:5715
 INFO  [hz._hzInstance_2_dev.cached.thread-10] {com.hazelcast.nio.SocketConnector} [127.0.0.1]:5722 [dev] Connecting to /127.0.0.1:5716, timeout: 0, bind-any: true
 INFO  [hz._hzInstance_2_dev.cached.thread-9] {com.hazelcast.nio.SocketConnector} [127.0.0.1]:5722 [dev] Connecting to /127.0.0.1:5719, timeout: 0, bind-any: true
 INFO  [hz._hzInstance_2_dev.cached.thread-10] {com.hazelcast.nio.TcpIpConnectionManager} [127.0.0.1]:5722 [dev] 48027 accepted socket connection from /127.0.0.1:5716
[GC 259695K->11193K(2944064K), 0.0372840 secs]
 INFO  [hz._hzInstance_2_dev.cached.thread-3] {com.hazelcast.nio.SocketConnector} [127.0.0.1]:5722 [dev] Connecting to /127.0.0.1:5717, timeout: 0, bind-any: true
 INFO  [hz._hzInstance_2_dev.cached.thread-11] {com.hazelcast.nio.SocketConnector} [127.0.0.1]:5722 [dev] Connecting to /127.0.0.1:5718, timeout: 0, bind-any: true
 INFO  [hz._hzInstance_2_dev.IO.thread-Acceptor] {com.hazelcast.nio.SocketAcceptor} [127.0.0.1]:5722 [dev] Accepting socket connection from /127.0.0.1:58430
 INFO  [hz._hzInstance_2_dev.cached.thread-3] {com.hazelcast.nio.TcpIpConnectionManager} [127.0.0.1]:5722 [dev] 40626 accepted socket connection from /127.0.0.1:5717
 INFO  [hz._hzInstance_2_dev.cached.thread-4] {com.hazelcast.nio.SocketConnector} [127.0.0.1]:5722 [dev] Connecting to /127.0.0.1:5720, timeout: 0, bind-any: true
 INFO  [hz._hzInstance_2_dev.cached.thread-11] {com.hazelcast.nio.TcpIpConnectionManager} [127.0.0.1]:5722 [dev] 34557 accepted socket connection from /127.0.0.1:5718
 INFO  [hz._hzInstance_2_dev.cached.thread-4] {com.hazelcast.nio.TcpIpConnectionManager} [127.0.0.1]:5722 [dev] 41697 accepted socket connection from /127.0.0.1:5720
 INFO  [hz._hzInstance_2_dev.cached.thread-12] {com.hazelcast.nio.SocketConnector} [127.0.0.1]:5722 [dev] Connecting to /127.0.0.1:5724, timeout: 0, bind-any: true
 INFO  [hz._hzInstance_2_dev.cached.thread-2] {com.hazelcast.nio.SocketConnector} [127.0.0.1]:5722 [dev] Connecting to /127.0.0.1:5723, timeout: 0, bind-any: true
 INFO  [hz._hzInstance_2_dev.cached.thread-9] {com.hazelcast.nio.TcpIpConnectionManager} [127.0.0.1]:5722 [dev] 44634 accepted socket connection from /127.0.0.1:5719
 INFO  [hz._hzInstance_2_dev.cached.thread-12] {com.hazelcast.nio.TcpIpConnectionManager} [127.0.0.1]:5722 [dev] 55764 accepted socket connection from /127.0.0.1:5724
 INFO  [hz._hzInstance_2_dev.cached.thread-2] {com.hazelcast.nio.TcpIpConnectionManager} [127.0.0.1]:5722 [dev] 58292 accepted socket connection from /127.0.0.1:5723
 INFO  [hz._hzInstance_2_dev.cached.thread-5] {com.hazelcast.nio.SocketConnector} [127.0.0.1]:5722 [dev] Connecting to /127.0.0.1:5721, timeout: 0, bind-any: true
 INFO  [hz._hzInstance_2_dev.IO.thread-Acceptor] {com.hazelcast.nio.TcpIpConnectionManager} [127.0.0.1]:5722 [dev] 5722 accepted socket connection from /127.0.0.1:58430
 INFO  [hz._hzInstance_2_dev.cached.thread-5] {com.hazelcast.nio.TcpIpConnectionManager} [127.0.0.1]:5722 [dev] 52077 accepted socket connection from /127.0.0.1:5721
 INFO  [hz._hzInstance_2_dev.IO.thread-Acceptor] {com.hazelcast.nio.SocketAcceptor} [127.0.0.1]:5722 [dev] Accepting socket connection from /127.0.0.1:38834
 INFO  [hz._hzInstance_2_dev.IO.thread-Acceptor] {com.hazelcast.nio.TcpIpConnectionManager} [127.0.0.1]:5722 [dev] 5722 accepted socket connection from /127.0.0.1:38834
 INFO  [hz._hzInstance_2_dev.IO.thread-Acceptor] {com.hazelcast.nio.SocketAcceptor} [127.0.0.1]:5722 [dev] Accepting socket connection from /127.0.0.1:46803
 INFO  [hz._hzInstance_2_dev.IO.thread-Acceptor] {com.hazelcast.nio.TcpIpConnectionManager} [127.0.0.1]:5722 [dev] 5722 accepted socket connection from /127.0.0.1:46803
 INFO  [hz._hzInstance_2_dev.IO.thread-Acceptor] {com.hazelcast.nio.SocketAcceptor} [127.0.0.1]:5722 [dev] Accepting socket connection from /127.0.0.1:44148
 INFO  [hz._hzInstance_2_dev.IO.thread-Acceptor] {com.hazelcast.nio.TcpIpConnectionManager} [127.0.0.1]:5722 [dev] 5722 accepted socket connection from /127.0.0.1:44148
 INFO  [hz._hzInstance_2_dev.IO.thread-Acceptor] {com.hazelcast.nio.SocketAcceptor} [127.0.0.1]:5722 [dev] Accepting socket connection from /127.0.0.1:59665
 INFO  [hz._hzInstance_2_dev.IO.thread-Acceptor] {com.hazelcast.nio.TcpIpConnectionManager} [127.0.0.1]:5722 [dev] 5722 accepted socket connection from /127.0.0.1:59665
 INFO  [hz._hzInstance_2_dev.IO.thread-Acceptor] {com.hazelcast.nio.SocketAcceptor} [127.0.0.1]:5722 [dev] Accepting socket connection from /127.0.0.1:45888
 INFO  [hz._hzInstance_2_dev.IO.thread-Acceptor] {com.hazelcast.nio.TcpIpConnectionManager} [127.0.0.1]:5722 [dev] 5722 accepted socket connection from /127.0.0.1:45888
 INFO  [hz._hzInstance_2_dev.IO.thread-Acceptor] {com.hazelcast.nio.SocketAcceptor} [127.0.0.1]:5722 [dev] Accepting socket connection from /127.0.0.1:57724
 INFO  [hz._hzInstance_2_dev.IO.thread-Acceptor] {com.hazelcast.nio.TcpIpConnectionManager} [127.0.0.1]:5722 [dev] 5722 accepted socket connection from /127.0.0.1:57724
 INFO  [hz._hzInstance_2_dev.IO.thread-Acceptor] {com.hazelcast.nio.SocketAcceptor} [127.0.0.1]:5722 [dev] Accepting socket connection from /127.0.0.1:41531
 INFO  [hz._hzInstance_2_dev.IO.thread-Acceptor] {com.hazelcast.nio.TcpIpConnectionManager} [127.0.0.1]:5722 [dev] 5722 accepted socket connection from /127.0.0.1:41531
 INFO  [hz._hzInstance_2_dev.IO.thread-Acceptor] {com.hazelcast.nio.SocketAcceptor} [127.0.0.1]:5722 [dev] Accepting socket connection from /127.0.0.1:41736
 INFO  [hz._hzInstance_2_dev.IO.thread-Acceptor] {com.hazelcast.nio.TcpIpConnectionManager} [127.0.0.1]:5722 [dev] 5722 accepted socket connection from /127.0.0.1:41736
 INFO  [hz._hzInstance_2_dev.IO.thread-Acceptor] {com.hazelcast.nio.SocketAcceptor} [127.0.0.1]:5722 [dev] Accepting socket connection from /127.0.0.1:45827
 INFO  [hz._hzInstance_2_dev.IO.thread-Acceptor] {com.hazelcast.nio.TcpIpConnectionManager} [127.0.0.1]:5722 [dev] 5722 accepted socket connection from /127.0.0.1:45827
 WARN  [pool-1-thread-1] {com.hazelcast.instance.Node} [127.0.0.1]:5722 [dev] Config seed port is 5701 and cluster size is 12. Some of the ports seem occupied!
 INFO  [pool-1-thread-1] {com.hazelcast.core.LifecycleService} [127.0.0.1]:5722 [dev] Address[127.0.0.1]:5722 is STARTED
 INFO  [pool-1-thread-1] {org.radargun.cachewrappers.Hazelcast3Wrapper} Hazelcast configuration:Config{groupConfig=GroupConfig [name=dev, password=********], properties={hazelcast.logging.type=log4j}, networkConfig=NetworkConfig {publicAddress='null', port=5701, portCount=100, portAutoIncrement=true, join=JoinConfig{multicastConfig=MulticastConfig [enabled=true, multicastGroup=224.0.2.128, multicastPort=54327, multicastTimeToLive=32, multicastTimeoutSeconds=2, trustedInterfaces=[]], tcpIpConfig=TcpIpConfig [enabled=true, connectionTimeoutSeconds=5, members=[127.0.0.1], requiredMember=null], awsConfig=AwsConfig{enabled=false, region='us-east-1', securityGroupName='null', tagKey='null', tagValue='null', hostHeader='ec2.amazonaws.com', connectionTimeoutSeconds=5}}, interfaces=InterfacesConfig{enabled=false, interfaces=[]}, sslConfig=null, socketInterceptorConfig=null, symmetricEncryptionConfig=null}, mapConfigs={default=MapConfig{name='default', inMemoryFormat=BINARY', backupCount=5, asyncBackupCount=0, timeToLiveSeconds=0, maxIdleSeconds=0, evictionPolicy='NONE', evictionPercentage=0, maxSizeConfig=MaxSizeConfig{maxSizePolicy='PER_PARTITION', size=2147483647}, readBackupData=true, nearCacheConfig=null, mapStoreConfig=null, mergePolicyConfig='hz.ADD_NEW_ENTRY', wanReplicationRef=null, listenerConfigs=[], mapIndexConfigs=[], storageType=null}}, topicConfigs={}, queueConfigs={}, multiMapConfigs={}, executorConfigs={default=ExecutorConfig{name='default', poolSize=8, queueCapacity=2147483647}}, semaphoreConfigs={}, wanReplicationConfigs={}, listenerConfigs=[], partitionGroupConfig=PartitionGroupConfig{enabled=false, groupType=PER_MEMBER, memberGroupConfigs=[]}, managementCenterConfig=ManagementCenterConfig{enabled=false, url='null', updateInterval=5}, securityConfig=SecurityConfig{enabled=false, memberCredentialsConfig=CredentialsFactoryConfig{className='null', implementation=null, properties={}}, memberLoginModuleConfigs=[], clientLoginModuleConfigs=[], clientPolicyConfig=PermissionPolicyConfig{className='null', implementation=null, properties={}}, clientPermissionConfigs=[]}}
 INFO  [pool-1-thread-1] {pt.ist.fenixframework.backend.jvstm.datagrid.DataGridRepository} Initialization marker is present. Data Grid already existed.
 INFO  [pool-1-thread-1] {pt.ist.fenixframework.backend.jvstm.JVSTMBackEnd} initializeDomainClassInfos
 INFO  [pool-1-thread-1] {pt.ist.fenixframework.backend.jvstm.pstm.DomainClassInfo} serverId: 9, serverOidBase: 9000000000000
 INFO  [pool-1-thread-1] {pt.ist.fenixframework.backend.jvstm.pstm.DomainClassInfo} Existing domain class 'pt.ist.fenixframework.adt.bplustree.AbstractNode' with id 'f'
 INFO  [pool-1-thread-1] {pt.ist.fenixframework.backend.jvstm.pstm.DomainClassInfo} Existing domain class 'pt.ist.fenixframework.adt.bplustree.BPlusTreeArray' with id '2'
 INFO  [pool-1-thread-1] {pt.ist.fenixframework.backend.jvstm.pstm.DomainClassInfo} Existing domain class 'pt.ist.fenixframework.backend.jvstm.pstm.TransactionStatisticsEntry' with id '5'
 INFO  [pool-1-thread-1] {pt.ist.fenixframework.backend.jvstm.pstm.DomainClassInfo} Existing domain class 'pt.ist.fenixframework.DomainRoot' with id '0'
 INFO  [pool-1-thread-1] {pt.ist.fenixframework.backend.jvstm.pstm.DomainClassInfo} Existing domain class 'pt.ist.fenixframework.adt.bplustree.DomainInnerNode' with id '3'
 INFO  [pool-1-thread-1] {pt.ist.fenixframework.backend.jvstm.pstm.DomainClassInfo} Existing domain class 'pt.ist.fenixframework.adt.bplustree.LeafNodeArray' with id 'c'
 INFO  [pool-1-thread-1] {pt.ist.fenixframework.backend.jvstm.pstm.DomainClassInfo} Existing domain class 'pt.ist.fenixframework.adt.linkedlist.ListNode' with id '6'
 INFO  [pool-1-thread-1] {pt.ist.fenixframework.backend.jvstm.pstm.DomainClassInfo} Existing domain class 'pt.ist.fenixframework.adt.bplustree.InnerNode' with id '8'
 INFO  [pool-1-thread-1] {pt.ist.fenixframework.backend.jvstm.pstm.DomainClassInfo} Existing domain class 'pt.ist.fenixframework.backend.jvstm.pstm.FenixFrameworkData' with id 'd'
 INFO  [pool-1-thread-1] {pt.ist.fenixframework.backend.jvstm.pstm.DomainClassInfo} Existing domain class 'pt.ist.fenixframework.adt.bplustree.DomainBPlusTree' with id 'e'
 INFO  [pool-1-thread-1] {pt.ist.fenixframework.backend.jvstm.pstm.DomainClassInfo} Existing domain class 'pt.ist.fenixframework.adt.bplustree.DomainLeafNode' with id '1'
 INFO  [pool-1-thread-1] {pt.ist.fenixframework.backend.jvstm.pstm.DomainClassInfo} Existing domain class 'pt.ist.fenixframework.adt.bplustree.LeafNode' with id '4'
 INFO  [pool-1-thread-1] {pt.ist.fenixframework.backend.jvstm.pstm.DomainClassInfo} Existing domain class 'pt.ist.fenixframework.adt.bplustree.AbstractNodeArray' with id 'a'
 INFO  [pool-1-thread-1] {pt.ist.fenixframework.backend.jvstm.pstm.DomainClassInfo} Existing domain class 'pt.ist.fenixframework.adt.bplustree.BPlusTree' with id '7'
 INFO  [pool-1-thread-1] {pt.ist.fenixframework.backend.jvstm.pstm.DomainClassInfo} Existing domain class 'pt.ist.fenixframework.adt.linkedlist.LinkedList' with id '9'
 INFO  [pool-1-thread-1] {pt.ist.fenixframework.backend.jvstm.pstm.DomainClassInfo} Existing domain class 'pt.ist.fenixframework.adt.bplustree.InnerNodeArray' with id 'b'
 INFO  [pool-1-thread-1] {pt.ist.fenixframework.backend.jvstm.JVSTMBackEnd} setupJVSTM
 INFO  [pool-1-thread-1] {pt.ist.fenixframework.backend.jvstm.JVSTMBackEnd} Setting the last committed TX number to 2
 INFO  [pool-1-thread-1] {pt.ist.fenixframework.backend.jvstm.JVSTMBackEnd} createDomainRootIfNeeded
 INFO  [pool-1-thread-1] {pt.ist.fenixframework.backend.jvstm.JVSTMBackEnd} ensureFenixFrameworkDataExists
 INFO  [pool-1-thread-1] {pt.ist.fenixframework.hibernatesearch.HibernateSearchConfig} Resource 'fenix-framework-hibernate-search.properties' not found. Hibernate Search disabled
 INFO  [pool-1-thread-1] {pt.ist.fenixframework.FenixFramework} Initialization of Fenix Framework is now complete.
 INFO  [pool-1-thread-1] {org.radargun.cachewrappers.FFWrapper} FF STARTED=true
 INFO  [pool-1-thread-1] {org.radargun.stages.helpers.StartHelper} Number of members is the one expected: 12
 INFO  [pool-1-thread-1] {org.radargun.stages.StartClusterStage} Successfully started cache wrapper on slave 10: org.radargun.cachewrappers.FFWrapper@77303ec2
 INFO  [pool-1-thread-1] {org.radargun.Slave} Finished stage: StartCluster {config=hzl3-repl-sync.xml, delayAfterFirstSlaveStarts=5.000 secs, delayBetweenStartingSlaves=0.500 secs, exitBenchmarkOnSlaveFailure=true, expectNumSlaves=null, mayFailOn=null, reachable=null, runOnAllSlaves=false, slaves=null, staggerSlaveStartup=true, useSmartClassLoading=true, validateCluster=true }
 INFO  [main] {org.radargun.Slave} Ack successfully sent to the master
 INFO  [pool-1-thread-1] {org.radargun.Slave} Executing stage: ClusterValidation {exitBenchmarkOnSlaveFailure=false, partialReplication=false, replicationTimeSleep=2000, replicationTryCount=60, runOnAllSlaves=false, slaves=null, useSmartClassLoading=true }
 WARN  [hz._hzInstance_2_dev.cached.thread-1] {com.hazelcast.transaction.TransactionManagerService} [127.0.0.1]:5722 [dev] No tx backup log is found, tx -> 7a2b74a1-16a4-499b-87e2-1059b7d1eeee
 WARN  [hz._hzInstance_2_dev.cached.thread-4] {com.hazelcast.transaction.TransactionManagerService} [127.0.0.1]:5722 [dev] No tx backup log is found, tx -> 761382ab-c3a4-4794-a89f-7340a72b1587
 WARN  [hz._hzInstance_2_dev.cached.thread-4] {com.hazelcast.transaction.TransactionManagerService} [127.0.0.1]:5722 [dev] No tx backup log is found, tx -> 27877980-af96-42ec-9181-cab674831379
 WARN  [hz._hzInstance_2_dev.cached.thread-4] {com.hazelcast.transaction.TransactionManagerService} [127.0.0.1]:5722 [dev] No tx backup log is found, tx -> 45e44e23-dac9-41c6-ac6f-d3dce5fbcd71
 INFO  [pool-1-thread-1] {org.radargun.stages.ClusterValidationStage} Number of caches that replicated here is 1
 WARN  [hz._hzInstance_2_dev.cached.thread-4] {com.hazelcast.transaction.TransactionManagerService} [127.0.0.1]:5722 [dev] No tx backup log is found, tx -> 70249019-4051-495f-882b-b410eaa290b6
 WARN  [hz._hzInstance_2_dev.cached.thread-12] {com.hazelcast.transaction.TransactionManagerService} [127.0.0.1]:5722 [dev] No tx backup log is found, tx -> ba178eb1-077b-4699-b3a3-441c339c066c
 INFO  [pool-1-thread-1] {org.radargun.stages.ClusterValidationStage} Replication test failed, 1 tries so far. Sleeping for 2 seconds and trying again.
 WARN  [hz._hzInstance_2_dev.cached.thread-7] {com.hazelcast.transaction.TransactionManagerService} [127.0.0.1]:5722 [dev] No tx backup log is found, tx -> b492998d-03f6-4b2b-bc96-75fcfbf2200c
 WARN  [hz._hzInstance_2_dev.cached.thread-9] {com.hazelcast.transaction.TransactionManagerService} [127.0.0.1]:5722 [dev] No tx backup log is found, tx -> 1ba79589-c7d3-4a7a-bc5b-a0cb15c61b66
 INFO  [pool-1-thread-1] {org.radargun.stages.ClusterValidationStage} Number of caches that replicated here is 11
 INFO  [pool-1-thread-1] {org.radargun.stages.ClusterValidationStage} Replication test successfully passed. partialReplication? false, replicationCount = 11
 INFO  [pool-1-thread-1] {org.radargun.stages.ClusterValidationStage} Confirm phase successful.
 INFO  [pool-1-thread-1] {org.radargun.Slave} Finished stage: ClusterValidation {exitBenchmarkOnSlaveFailure=false, partialReplication=false, replicationTimeSleep=2000, replicationTryCount=60, runOnAllSlaves=false, slaves=[ 0, 1, 2, 3, 4, 5, 6, 7, 8, 9, 10, 11 ], useSmartClassLoading=true }
 INFO  [main] {org.radargun.Slave} Ack successfully sent to the master
 INFO  [pool-1-thread-1] {org.radargun.Slave} Executing stage: StressTestWarmup {bulkSize=1, cacheSpecificKeyGenerator=false, commitTransactions=true, duration=1 mins 0 secs, entrySize=1000, exitBenchmarkOnSlaveFailure=false, fixedKeys=true, generateHistogramRange=false, keyGeneratorClass=org.radargun.stressors.StringKeyGenerator, keyGeneratorParam=null, loadAllKeys=false, numEntries=10000, numOfThreads=4, numRequests=10000, numThreads=4, numberOfAttributes=10000, numberOfRequests=10000, opsCountStatusLog=100000, poolKeys=true, preferAsyncOperations=false, removePercentage=0, replaceInvalidPercentage=40, runOnAllSlaves=false, sharedKeys=false, sizeOfAnAttribute=1000, slaves=null, transactionSize=10000, useAtomics=false, useHistogramStatistics=false, useSimpleStatistics=true, useSmartClassLoading=true, useTransactions=null, writePercentage=20, writeTxPercentage=20 }
 INFO  [pool-1-thread-1] {org.radargun.stages.StressTestWarmupStage} Starting StressTestWarmupStage: StressTestWarmup {bulkSize=1, cacheSpecificKeyGenerator=false, commitTransactions=true, duration=1 mins 0 secs, entrySize=1000, exitBenchmarkOnSlaveFailure=false, fixedKeys=true, generateHistogramRange=false, keyGeneratorClass=org.radargun.stressors.StringKeyGenerator, keyGeneratorParam=null, loadAllKeys=false, numEntries=10000, numOfThreads=4, numRequests=10000, numThreads=4, numberOfAttributes=10000, numberOfRequests=10000, opsCountStatusLog=100000, poolKeys=true, preferAsyncOperations=false, removePercentage=0, replaceInvalidPercentage=40, runOnAllSlaves=false, sharedKeys=false, sizeOfAnAttribute=1000, slaves=null, transactionSize=10000, useAtomics=false, useHistogramStatistics=false, useSimpleStatistics=true, useSmartClassLoading=true, useTransactions=null, writePercentage=20, writeTxPercentage=20 }
 INFO  [pool-1-thread-1] {org.radargun.stressors.StressTestStressor} Using key generator org.radargun.stressors.StringKeyGenerator, param null
 INFO  [pool-1-thread-1] {org.radargun.stressors.StressTestStressor} Executing: StressTestStressor{opsCountStatusLog=100000, numRequests=10000, numEntries=10000, entrySize=1000, writePercentage=20, numThreads=4, cacheWrapper=org.radargun.cachewrappers.FFWrapper@77303ec2, nodeIndex=10, useTransactions=true, transactionSize=10000, commitTransactions=true, durationMillis=60000}
 INFO  [pool-1-thread-1] {org.radargun.stressors.StressTestStressor} Cache wrapper info is: FFWrapper using hazelcast3
[GC 267257K->12203K(2944064K), 0.0309000 secs]
[GC 268267K->13899K(2944064K), 0.0309480 secs]
[GC 269963K->13162K(2944064K), 0.0308160 secs]
[GC 269226K->16144K(2944064K), 0.0277740 secs]
[GC 272208K->17408K(2944064K), 0.0303970 secs]
[GC 273472K->18585K(2944064K), 0.0313260 secs]
[GC 274649K->17544K(2944064K), 0.0292530 secs]
[GC 273608K->18597K(2944064K), 0.0332690 secs]
[GC 274661K->19728K(2944064K), 0.0335790 secs]
[GC 275792K->20872K(2944064K), 0.0330220 secs]
[GC 276936K->22008K(2944064K), 0.0353040 secs]
[GC 278072K->23185K(2944064K), 0.0340960 secs]
[GC 279249K->24312K(2944064K), 0.0343140 secs]
[GC 280376K->25481K(2944064K), 0.0332200 secs]
[GC 281545K->30896K(2944064K), 0.0561460 secs]
[GC 286960K->27273K(2944064K), 0.0370790 secs]
[GC 283337K->26972K(2944064K), 0.0358520 secs]
[GC 283036K->28628K(2944064K), 0.0329050 secs]
[GC 284692K->29918K(2944064K), 0.0292020 secs]
[GC 285982K->30997K(2944064K), 0.0327060 secs]
[GC 287061K->29020K(2944064K), 0.0367470 secs]
[GC 285084K->33115K(2944064K), 0.0357700 secs]
[GC 289179K->34231K(2944064K), 0.0284260 secs]
[GC 290295K->38557K(2944064K), 0.0290970 secs]
[GC 294621K->35034K(2944064K), 0.0346660 secs]
[GC 291098K->35643K(2944064K), 0.0362190 secs]
[GC 291707K->38075K(2944064K), 0.0344580 secs]
[GC 294139K->36115K(2944064K), 0.0330500 secs]
[GC 292179K->44473K(2944064K), 0.0323990 secs]
[GC 300537K->38504K(2944064K), 0.0318310 secs]
[GC 294568K->44537K(2944064K), 0.0324900 secs]
[GC 300601K->43921K(2944064K), 0.0333690 secs]
[GC 299985K->49102K(2944064K), 0.0310750 secs]
[GC 305166K->45200K(2944064K), 0.0372100 secs]
[GC 301264K->45757K(2944064K), 0.0360850 secs]
[GC 301821K->48646K(2944064K), 0.0368340 secs]
[GC 304710K->50420K(2944064K), 0.0384420 secs]
[GC 306484K->55887K(2944064K), 0.0331160 secs]
[GC 311951K->51701K(2944064K), 0.0306560 secs]
[GC 307765K->52512K(2944064K), 0.0372780 secs]
[GC 308576K->55620K(2944064K), 0.0331890 secs]
[GC 311684K->57434K(2944064K), 0.0313830 secs]
[GC 313498K->58985K(2944064K), 0.0369100 secs]
[GC 315049K->60425K(2944064K), 0.0380330 secs]
[GC 316489K->61691K(2944064K), 0.0363100 secs]
[GC 317755K->63083K(2944064K), 0.0368870 secs]
[GC 319147K->68841K(2944064K), 0.0319720 secs]
[GC 324905K->61121K(2944064K), 0.0335660 secs]
[GC 317185K->64570K(2944064K), 0.0389140 secs]
[GC 320634K->67904K(2944064K), 0.0369230 secs]
[GC 323968K->74417K(2944064K), 0.0344860 secs]
[GC 330481K->69306K(2944064K), 0.0402870 secs]
[GC 325370K->69718K(2944064K), 0.0401920 secs]
[GC 325782K->68409K(2944064K), 0.0365770 secs]
[GC 324473K->70144K(2944064K), 0.0380500 secs]
[GC 326208K->80721K(2944064K), 0.0386530 secs]
[GC 336785K->75754K(2944064K), 0.0394860 secs]
[GC 331818K->80567K(2944064K), 0.0378820 secs]
[GC 336631K->79663K(2944064K), 0.0365950 secs]
[GC 335727K->86302K(2944064K), 0.0350770 secs]
[GC 342366K->81112K(2944064K), 0.0360210 secs]
[GC 337176K->86037K(2944064K), 0.0371790 secs]
[GC 342101K->85058K(2944064K), 0.0352660 secs]
[GC 341122K->82071K(2944064K), 0.0371300 secs]
[GC 338135K->88223K(2944064K), 0.0353500 secs]
[GC 344287K->89493K(2944064K), 0.0364520 secs]
[GC 345557K->85920K(2944064K), 0.0344180 secs]
[GC 341984K->92122K(2944064K), 0.0321310 secs]
[GC 348186K->93353K(2944064K), 0.0343790 secs]
[GC 349417K->89796K(2944064K), 0.0329500 secs]
[GC 345860K->95907K(2944064K), 0.0362110 secs]
[GC 351971K->101808K(2944064K), 0.0328090 secs]
[GC 357872K->93613K(2944064K), 0.0366510 secs]
[GC 349677K->96928K(2944064K), 0.0370160 secs]
[GC 352992K->99977K(2944064K), 0.0340270 secs]
[GC 356041K->101706K(2944064K), 0.0356050 secs]
[GC 357770K->103039K(2944064K), 0.0387220 secs]
[GC 359103K->104332K(2944064K), 0.0354120 secs]
[GC 360396K->105592K(2944064K), 0.0368070 secs]
[GC 361656K->106843K(2944064K), 0.0444960 secs]
[GC 362907K->108033K(2944064K), 0.0345770 secs]
[GC 364097K->109306K(2944064K), 0.0377360 secs]
[GC 365370K->110511K(2944064K), 0.0326970 secs]
[GC 366575K->111650K(2944064K), 0.0343630 secs]
 INFO  [pool-1-thread-1] {org.radargun.stressors.StressTestStressor} Started 4 stressor threads.
 INFO  [Stressor-3] {org.radargun.stressors.StressTestStressor} Number of ops executed so far: 1. Elapsed time: 0.001 secs. Remaining: 59.999 secs. Total: 1 mins 0 secs
[GC 367714K->122213K(2944064K), 0.0414600 secs]
[GC 378277K->130058K(2944064K), 0.0383640 secs]
[GC 386122K->134142K(2944064K), 0.0385010 secs]
[GC 390206K->131723K(2944064K), 0.0362520 secs]
[GC 387787K->141173K(2944064K), 0.0373440 secs]
 INFO  [Stressor-2] {org.radargun.stressors.StressTestStressor} Number of ops executed so far: 30000. Elapsed time: 20.596 secs. Remaining: 39.404 secs. Total: 1 mins 0 secs
[GC 397237K->145270K(2944064K), 0.0386380 secs]
[GC 401334K->133155K(2944064K), 0.0365180 secs]
[GC 389219K->143697K(2944064K), 0.0432840 secs]
[GC 399761K->155994K(2944064K), 0.0385180 secs]
[GC 412058K->160218K(2944064K), 0.0399290 secs]
[GC 416282K->143519K(2944064K), 0.0410150 secs]
 INFO  [Stressor-2] {org.radargun.stressors.StressTestStressor} Number of ops executed so far: 50000. Elapsed time: 44.569 secs. Remaining: 15.431 secs. Total: 1 mins 0 secs
[GC 399583K->169415K(2944064K), 0.0431380 secs]
[GC 425479K->154089K(2944064K), 0.0418500 secs]
[GC 410153K->175412K(2944064K), 0.0433600 secs]
[GC 431476K->158977K(2944064K), 0.0407910 secs]
[GC 415041K->169041K(2944064K), 0.0469710 secs]
[GC 425105K->169365K(2944064K), 0.0412100 secs]
 INFO  [Stressor-2] {org.radargun.stressors.StressTestStressor} Number of ops executed so far: 100000. Elapsed time: 1 mins 8 secs. Remaining: 0.000 secs. Total: 1 mins 0 secs
[GC 425429K->151761K(2944064K), 0.0421620 secs]
[GC 407825K->160919K(2944064K), 0.0377800 secs]
[GC 416983K->153728K(2944064K), 0.0388570 secs]
 INFO  [pool-1-thread-1] {org.radargun.stressors.StressTestStressor} Finished generating report. Test duration is: 7 mins 33 secs
 INFO  [pool-1-thread-1] {org.radargun.stages.StressTestWarmupStage} The warmup took: 453 seconds.
 INFO  [pool-1-thread-1] {org.radargun.Slave} Finished stage: StressTestWarmup {bulkSize=1, cacheSpecificKeyGenerator=false, commitTransactions=true, duration=1 mins 0 secs, entrySize=1000, exitBenchmarkOnSlaveFailure=false, fixedKeys=true, generateHistogramRange=false, keyGeneratorClass=org.radargun.stressors.StringKeyGenerator, keyGeneratorParam=null, loadAllKeys=false, numEntries=10000, numOfThreads=4, numRequests=10000, numThreads=4, numberOfAttributes=10000, numberOfRequests=10000, opsCountStatusLog=100000, poolKeys=true, preferAsyncOperations=false, removePercentage=0, replaceInvalidPercentage=40, runOnAllSlaves=false, sharedKeys=false, sizeOfAnAttribute=1000, slaves=null, transactionSize=10000, useAtomics=false, useHistogramStatistics=false, useSimpleStatistics=true, useSmartClassLoading=true, useTransactions=null, writePercentage=20, writeTxPercentage=20 }
 INFO  [main] {org.radargun.Slave} Ack successfully sent to the master
[GC 409792K->154350K(2944064K), 0.0397100 secs]
[GC 410414K->153332K(2944064K), 0.0408490 secs]
[GC 409396K->155039K(2944064K), 0.0391380 secs]
[GC 411103K->156106K(2944064K), 0.0405300 secs]
[GC 412170K->162601K(2944064K), 0.0384980 secs]
[GC 418665K->157660K(2944064K), 0.0400940 secs]
[GC 413724K->164937K(2944064K), 0.0404690 secs]
[GC 421001K->163410K(2944064K), 0.0362790 secs]
[GC 419474K->165218K(2944064K), 0.0379890 secs]
[GC 421282K->165890K(2944064K), 0.0399520 secs]
[GC 421954K->164375K(2944064K), 0.0389160 secs]
[GC 420439K->164433K(2944064K), 0.0384960 secs]
[GC 420497K->168527K(2944064K), 0.0375090 secs]
[GC 424591K->165430K(2944064K), 0.0461280 secs]
[GC 421494K->166016K(2944064K), 0.0403090 secs]
[GC 422080K->166098K(2944064K), 0.0392060 secs]
[GC 422162K->171908K(2944064K), 0.0414740 secs]
[GC 427972K->166814K(2944064K), 0.0332500 secs]
[GC 422878K->166255K(2944064K), 0.0370300 secs]
[GC 422319K->168013K(2944064K), 0.0345650 secs]
[GC 424077K->171992K(2944064K), 0.0306420 secs]
[GC 428056K->172849K(2944064K), 0.0328600 secs]
[GC 428913K->173806K(2944064K), 0.0359590 secs]
[GC 429870K->171680K(2944064K), 0.0374790 secs]
[GC 427744K->172545K(2944064K), 0.0381560 secs]
[GC 428609K->173429K(2944064K), 0.0374310 secs]
[GC 429493K->177272K(2944064K), 0.0341180 secs]
[GC 433336K->175068K(2944064K), 0.0397470 secs]
[GC 431132K->178959K(2944064K), 0.0366780 secs]
[GC 435023K->176713K(2944064K), 0.0367250 secs]
[GC 432777K->177547K(2944064K), 0.0358800 secs]
[GC 433611K->181415K(2944064K), 0.0330670 secs]
[GC 437479K->179175K(2944064K), 0.0380160 secs]
[GC 435239K->179992K(2944064K), 0.0641040 secs]
[GC 436056K->180860K(2944064K), 0.0393180 secs]
[GC 436924K->187730K(2944064K), 0.0342760 secs]
[GC 443794K->184408K(2944064K), 0.0379060 secs]
[GC 440472K->184619K(2944064K), 0.0364160 secs]
[GC 440683K->183805K(2944064K), 0.0386970 secs]
[GC 439869K->184907K(2944064K), 0.0397450 secs]
[GC 440971K->191909K(2944064K), 0.0374190 secs]
[GC 447973K->188605K(2944064K), 0.0390440 secs]
[GC 444669K->195871K(2944064K), 0.0725460 secs]
[GC 451935K->200557K(2944064K), 0.0379930 secs]
[GC 456621K->194712K(2944064K), 0.0363060 secs]
[GC 450776K->204892K(2944064K), 0.0395610 secs]
[GC 460956K->206212K(2944064K), 0.0372810 secs]
[GC 462276K->209868K(2944064K), 0.0383100 secs]
[GC 465932K->218537K(2944064K), 0.0399700 secs]
[GC 474601K->208240K(2944064K), 0.0368110 secs]
[GC 464304K->221189K(2944064K), 0.0423490 secs]
[GC 477253K->212196K(2944064K), 0.0406160 secs]
[GC 468260K->227309K(2944064K), 0.0403230 secs]
[GC 483373K->213093K(2944064K), 0.0406570 secs]
[GC 469157K->226101K(2944064K), 0.0396060 secs]
[GC 482165K->223921K(2944064K), 0.0416550 secs]
[GC 479985K->233748K(2944064K), 0.0373460 secs]
[GC 489812K->220363K(2944064K), 0.0380390 secs]
[GC 476427K->223893K(2944064K), 0.0376340 secs]
[GC 479957K->220879K(2944064K), 0.0382190 secs]
[GC 476943K->215756K(2944064K), 0.0367210 secs]
[GC 471820K->222465K(2944064K), 0.0374370 secs]
[GC 478529K->228522K(2944064K), 0.0377660 secs]
[GC 484586K->218292K(2944064K), 0.0402300 secs]
[GC 474356K->223743K(2944064K), 0.0355130 secs]
[GC 479807K->224057K(2944064K), 0.0374620 secs]
[GC 480121K->224448K(2944064K), 0.0367810 secs]
[GC 480512K->224811K(2944064K), 0.0350900 secs]
[GC 480875K->221057K(2944064K), 0.0347570 secs]
[GC 477121K->223547K(2944064K), 0.0364720 secs]
[GC 479611K->226732K(2944064K), 0.0340760 secs]
[GC 482796K->224664K(2944064K), 0.0365070 secs]
[GC 480728K->228148K(2944064K), 0.0367610 secs]
[GC 484212K->226118K(2944064K), 0.0375980 secs]
[GC 482182K->229640K(2944064K), 0.0345990 secs]
[GC 485704K->227611K(2944064K), 0.0345440 secs]
[GC 483675K->228390K(2944064K), 0.0350120 secs]
[GC 484454K->229124K(2944064K), 0.0688200 secs]
[GC 485188K->232659K(2944064K), 0.0327030 secs]
[GC 488723K->236166K(2944064K), 0.0350780 secs]
[GC 492230K->231380K(2944064K), 0.0334490 secs]
[GC 487444K->235958K(2944064K), 0.0355540 secs]
[GC 492022K->235272K(2944064K), 0.0379620 secs]
[GC 491336K->233583K(2944064K), 0.0364300 secs]
[GC 489647K->234455K(2944064K), 0.0331370 secs]
[GC 490519K->238034K(2944064K), 0.0331000 secs]
[GC 494098K->238787K(2944064K), 0.0326230 secs]
[GC 494851K->239563K(2944064K), 0.0335460 secs]
[GC 495627K->237524K(2944064K), 0.0359510 secs]
[GC 493588K->238265K(2944064K), 0.0385110 secs]
[GC 494329K->239065K(2944064K), 0.0390050 secs]
[GC 495129K->239873K(2944064K), 0.0387330 secs]
[GC 495937K->240674K(2944064K), 0.0352120 secs]
[GC 496738K->241469K(2944064K), 0.0370870 secs]
[GC 497533K->242248K(2944064K), 0.0364980 secs]
[GC 498312K->243134K(2944064K), 0.0358580 secs]
[GC 499198K->243886K(2944064K), 0.0569180 secs]
[GC 499950K->247537K(2944064K), 0.0344590 secs]
[GC 503601K->245418K(2944064K), 0.0372950 secs]
[GC 501482K->249138K(2944064K), 0.0366900 secs]
[GC 505202K->247042K(2944064K), 0.0353640 secs]
[GC 503106K->247789K(2944064K), 0.0355150 secs]
[GC 503853K->248533K(2944064K), 0.0376790 secs]
[GC 504597K->252295K(2944064K), 0.0345600 secs]
[GC 508359K->253091K(2944064K), 0.0509340 secs]
[GC 509155K->253934K(2944064K), 0.0371040 secs]
[GC 509998K->251784K(2944064K), 0.0386420 secs]
[GC 507848K->255471K(2944064K), 0.0363680 secs]
[GC 511535K->253362K(2944064K), 0.0354700 secs]
[GC 509426K->254150K(2944064K), 0.0382490 secs]
[GC 510214K->254903K(2944064K), 0.0395480 secs]
[GC 510967K->258582K(2944064K), 0.0359760 secs]
[GC 514646K->262341K(2944064K), 0.0409020 secs]
[GC 518405K->257273K(2944064K), 0.0402480 secs]
[GC 513337K->262134K(2944064K), 0.0365470 secs]
[GC 518198K->264384K(2944064K), 0.0368540 secs]
[GC 520448K->261487K(2944064K), 0.0403130 secs]
[GC 517551K->259190K(2944064K), 0.0352390 secs]
[GC 515254K->261075K(2944064K), 0.0367290 secs]
[GC 517139K->265175K(2944064K), 0.0314960 secs]
[GC 521239K->263013K(2944064K), 0.0388160 secs]
[GC 519077K->263847K(2944064K), 0.0382850 secs]
[GC 519911K->264681K(2944064K), 0.0374800 secs]
[GC 520745K->271605K(2944064K), 0.0354290 secs]
[GC 527669K->268286K(2944064K), 0.0393190 secs]
[GC 524350K->271374K(2944064K), 0.0339550 secs]
[GC 527438K->267693K(2944064K), 0.0386760 secs]
[GC 523757K->268863K(2944064K), 0.0373590 secs]
[GC 524927K->269747K(2944064K), 0.0401510 secs]
[GC 525811K->273604K(2944064K), 0.0367080 secs]
[GC 529668K->271392K(2944064K), 0.0340680 secs]
[GC 527456K->275258K(2944064K), 0.0365420 secs]
[GC 531322K->276126K(2944064K), 0.0337410 secs]
[GC 532190K->273879K(2944064K), 0.0354190 secs]
[GC 529943K->274675K(2944064K), 0.0390790 secs]
[GC 530739K->275519K(2944064K), 0.0381680 secs]
[GC 531583K->276393K(2944064K), 0.0386170 secs]
[GC 532457K->277286K(2944064K), 0.0346580 secs]
[GC 533350K->278099K(2944064K), 0.0375510 secs]
[GC 534163K->278953K(2944064K), 0.0374820 secs]
[GC 535017K->279789K(2944064K), 0.0370650 secs]
[GC 535853K->283658K(2944064K), 0.0334700 secs]
[GC 539722K->284556K(2944064K), 0.0345960 secs]
[GC 540620K->282277K(2944064K), 0.0419250 secs]
[GC 538341K->286261K(2944064K), 0.0746100 secs]
[GC 542325K->287094K(2944064K), 0.0354600 secs]
[GC 543158K->291160K(2944064K), 0.0341220 secs]
[GC 547224K->285708K(2944064K), 0.0335710 secs]
[GC 541772K->290696K(2944064K), 0.0341600 secs]
[GC 546760K->290037K(2944064K), 0.0396470 secs]
[GC 546101K->288170K(2944064K), 0.0398690 secs]
[GC 544234K->289009K(2944064K), 0.0409850 secs]
[GC 545073K->293063K(2944064K), 0.0391110 secs]
[GC 549127K->293972K(2944064K), 0.0367430 secs]
[GC 550036K->291699K(2944064K), 0.0389240 secs]
[GC 547763K->295624K(2944064K), 0.0374410 secs]
[GC 551688K->293411K(2944064K), 0.0396570 secs]
[GC 549475K->297396K(2944064K), 0.0404680 secs]
[GC 553460K->295068K(2944064K), 0.0391520 secs]
[GC 551132K->295952K(2944064K), 0.0345040 secs]
[GC 552016K->296789K(2944064K), 0.0377840 secs]
[GC 552853K->297554K(2944064K), 0.0388900 secs]
[GC 553618K->304705K(2944064K), 0.0362580 secs]
[GC 560769K->301236K(2944064K), 0.0736730 secs]
[GC 557300K->304351K(2944064K), 0.0336220 secs]
[GC 560415K->303630K(2944064K), 0.0410880 secs]
[GC 559694K->301741K(2944064K), 0.0378290 secs]
[GC 557805K->302662K(2944064K), 0.0375770 secs]
[GC 558726K->303497K(2944064K), 0.0386340 secs]
[GC 559561K->304301K(2944064K), 0.0378960 secs]
[GC 560365K->305138K(2944064K), 0.0347970 secs]
[GC 561202K->305947K(2944064K), 0.0341430 secs]
[GC 562011K->309965K(2944064K), 0.0416060 secs]
[GC 566029K->307604K(2944064K), 0.0416460 secs]
[GC 563668K->308429K(2944064K), 0.0377480 secs]
[GC 564493K->309257K(2944064K), 0.0403540 secs]
[GC 565321K->310115K(2944064K), 0.0340580 secs]
[GC 566179K->310957K(2944064K), 0.0405780 secs]
[GC 567021K->311769K(2944064K), 0.0344140 secs]
[GC 567833K->315770K(2944064K), 0.0362900 secs]
[GC 571834K->316599K(2944064K), 0.0353480 secs]
[GC 572663K->317367K(2944064K), 0.0339230 secs]
[GC 573431K->315061K(2944064K), 0.0451290 secs]
[GC 571125K->319090K(2944064K), 0.0333090 secs]
[GC 575154K->323009K(2944064K), 0.0338290 secs]
[GC 579073K->317572K(2944064K), 0.0341430 secs]
[GC 573636K->322638K(2944064K), 0.0340440 secs]
[GC 578702K->321978K(2944064K), 0.0355730 secs]
[GC 578042K->320080K(2944064K), 0.0395550 secs]
[GC 576144K->320996K(2944064K), 0.0337670 secs]
[GC 577060K->328196K(2944064K), 0.0375030 secs]
[GC 584260K->322726K(2944064K), 0.0350750 secs]
[GC 578790K->327825K(2944064K), 0.0337140 secs]
[GC 583889K->327197K(2944064K), 0.0650950 secs]
[GC 583261K->328352K(2944064K), 0.0344530 secs]
[GC 584416K->329235K(2944064K), 0.0334200 secs]
[GC 585299K->330141K(2944064K), 0.0383790 secs]
[GC 586205K->327848K(2944064K), 0.0352640 secs]
[GC 583912K->328643K(2944064K), 0.0392160 secs]
[GC 584707K->332668K(2944064K), 0.0373310 secs]
[GC 588732K->330329K(2944064K), 0.0374840 secs]
[GC 586393K->331111K(2944064K), 0.0391340 secs]
[GC 587175K->331898K(2944064K), 0.0399160 secs]
[GC 587962K->339076K(2944064K), 0.0349760 secs]
[GC 595140K->335643K(2944064K), 0.0388600 secs]
[GC 591707K->341566K(2944064K), 0.0377190 secs]
[GC 597630K->336671K(2944064K), 0.0472310 secs]
[GC 592735K->337478K(2944064K), 0.0381230 secs]
[GC 593542K->336641K(2944064K), 0.0414070 secs]
[GC 592705K->337763K(2944064K), 0.0377830 secs]
[GC 593827K->341879K(2944064K), 0.0325240 secs]
[GC 597943K->339599K(2944064K), 0.0390340 secs]
[GC 595663K->340414K(2944064K), 0.0403160 secs]
[GC 596478K->341324K(2944064K), 0.0376630 secs]
[GC 597388K->342157K(2944064K), 0.0369130 secs]
[GC 598221K->346062K(2944064K), 0.0342840 secs]
[GC 602126K->343799K(2944064K), 0.0374920 secs]
[GC 599863K->344711K(2944064K), 0.0378620 secs]
[GC 600775K->345598K(2944064K), 0.0415120 secs]
[GC 601662K->346440K(2944064K), 0.0415050 secs]
[GC 602504K->350478K(2944064K), 0.0346480 secs]
[GC 606542K->348135K(2944064K), 0.0407960 secs]
[GC 604199K->352199K(2944064K), 0.0378930 secs]
[GC 608263K->353014K(2944064K), 0.0340120 secs]
[GC 609078K->353954K(2944064K), 0.0336310 secs]
[GC 610018K->354792K(2944064K), 0.0326730 secs]
[GC 610856K->352464K(2944064K), 0.0387260 secs]
[GC 608528K->359833K(2944064K), 0.0366420 secs]
[GC 615897K->365748K(2944064K), 0.0384150 secs]
[GC 621812K->359894K(2944064K), 0.0394070 secs]
[GC 615958K->370593K(2944064K), 0.0411740 secs]
[GC 626657K->368031K(2944064K), 0.0422120 secs]
[GC 624095K->376927K(2944064K), 0.0379530 secs]
[GC 632991K->386315K(2944064K), 0.0406560 secs]
[GC 642379K->375806K(2944064K), 0.0386000 secs]
[GC 631870K->389749K(2944064K), 0.0390310 secs]
[GC 645813K->380757K(2944064K), 0.0408920 secs]
[GC 636821K->397062K(2944064K), 0.0434470 secs]
[GC 653126K->382046K(2944064K), 0.0444110 secs]
[GC 638110K->404116K(2944064K), 0.0455780 secs]
[GC 660180K->386428K(2944064K), 0.0442350 secs]
[GC 642492K->407091K(2944064K), 0.0562740 secs]
[GC 663155K->389679K(2944064K), 0.0433060 secs]
[GC 645743K->409796K(2944064K), 0.0449530 secs]
[GC 665860K->392045K(2944064K), 0.0467030 secs]
[GC 648109K->403635K(2944064K), 0.0418070 secs]
[GC 659699K->393697K(2944064K), 0.0437150 secs]
[GC 649761K->404191K(2944064K), 0.0421070 secs]
[GC 660255K->395196K(2944064K), 0.0421960 secs]
[GC 651260K->399069K(2944064K), 0.0408790 secs]
[GC 655133K->396842K(2944064K), 0.0434550 secs]
[GC 652906K->392962K(2944064K), 0.0404860 secs]
[GC 649026K->398597K(2944064K), 0.0362110 secs]
[GC 654661K->399132K(2944064K), 0.0363730 secs]
[GC 655196K->397999K(2944064K), 0.0406820 secs]
[GC 654063K->401730K(2944064K), 0.0364340 secs]
[GC 657794K->398884K(2944064K), 0.0418950 secs]
[GC 654948K->406819K(2944064K), 0.0366770 secs]
[GC 662883K->400711K(2944064K), 0.0364030 secs]
[GC 656775K->399999K(2944064K), 0.0364870 secs]
[GC 656063K->405709K(2944064K), 0.0343150 secs]
[GC 661773K->403467K(2944064K), 0.0424790 secs]
[GC 659531K->404534K(2944064K), 0.0388140 secs]
[GC 660598K->405483K(2944064K), 0.0401600 secs]
[GC 661547K->406443K(2944064K), 0.0355380 secs]
[GC 662507K->407363K(2944064K), 0.0403380 secs]
[GC 663427K->411858K(2944064K), 0.0323880 secs]
[GC 667922K->409283K(2944064K), 0.0404320 secs]
[GC 665347K->410363K(2944064K), 0.0367150 secs]
[GC 666427K->414862K(2944064K), 0.0355980 secs]
[GC 670926K->412205K(2944064K), 0.0378670 secs]
[GC 668269K->413146K(2944064K), 0.0397790 secs]
[GC 669210K->414051K(2944064K), 0.0399260 secs]
[GC 670115K->415022K(2944064K), 0.0406160 secs]
[GC 671086K->416008K(2944064K), 0.0479800 secs]
[GC 672072K->420530K(2944064K), 0.0339960 secs]
[GC 676594K->421465K(2944064K), 0.0354040 secs]
[GC 677529K->422399K(2944064K), 0.0368190 secs]
[GC 678463K->419792K(2944064K), 0.0425860 secs]
[GC 675856K->424268K(2944064K), 0.0366290 secs]
[GC 680332K->425265K(2944064K), 0.0343970 secs]
[GC 681329K->422613K(2944064K), 0.0401170 secs]
[GC 678677K->427092K(2944064K), 0.0345590 secs]
[GC 683156K->431528K(2944064K), 0.0359970 secs]
[GC 687592K->425376K(2944064K), 0.0416470 secs]
[GC 681440K->431049K(2944064K), 0.0398680 secs]
[GC 687113K->430287K(2944064K), 0.0397410 secs]
[GC 686351K->428112K(2944064K), 0.0419370 secs]
[GC 684176K->429096K(2944064K), 0.0407900 secs]
[GC 685160K->430086K(2944064K), 0.0413940 secs]
[GC 686150K->434574K(2944064K), 0.0321340 secs]
[GC 690638K->435560K(2944064K), 0.0332820 secs]
[GC 691624K->432944K(2944064K), 0.0400980 secs]
[GC 689008K->437451K(2944064K), 0.0367930 secs]
[GC 693515K->438423K(2944064K), 0.0395130 secs]
[GC 694487K->444386K(2944064K), 0.0410940 secs]
[GC 700450K->452337K(2944064K), 0.0402090 secs]
[GC 708401K->445570K(2944064K), 0.0427260 secs]
[GC 701634K->458493K(2944064K), 0.0449730 secs]
[GC 714557K->460200K(2944064K), 0.0439440 secs]
[GC 716264K->459100K(2944064K), 0.0442790 secs]
[GC 715164K->469529K(2944064K), 0.0448060 secs]
[GC 725593K->480907K(2944064K), 0.0498760 secs]
[GC 736971K->462443K(2944064K), 0.0439760 secs]
[GC 718507K->484296K(2944064K), 0.0462210 secs]
[GC 740360K->466681K(2944064K), 0.0451970 secs]
[GC 722745K->488312K(2944064K), 0.0438650 secs]
[GC 744376K->469317K(2944064K), 0.0453040 secs]
[GC 725381K->483287K(2944064K), 0.0425380 secs]
[GC 739351K->481664K(2944064K), 0.0490720 secs]
[GC 737728K->484289K(2944064K), 0.0445870 secs]
[GC 740353K->477328K(2944064K), 0.0447810 secs]
[GC 733392K->478265K(2944064K), 0.0427750 secs]
[GC 734329K->471714K(2944064K), 0.0442910 secs]
[GC 727778K->480017K(2944064K), 0.0434360 secs]
[GC 736081K->480630K(2944064K), 0.0414320 secs]
[GC 736694K->481711K(2944064K), 0.0422120 secs]
[GC 737775K->482228K(2944064K), 0.0371390 secs]
[GC 738292K->482996K(2944064K), 0.0447010 secs]
[GC 739060K->482362K(2944064K), 0.0420440 secs]
[GC 738426K->482003K(2944064K), 0.0434540 secs]
[GC 738067K->482732K(2944064K), 0.0415790 secs]
[GC 738796K->487841K(2944064K), 0.0425910 secs]
[GC 743905K->484763K(2944064K), 0.0404910 secs]
[GC 740827K->485868K(2944064K), 0.0398280 secs]
[GC 741932K->486960K(2944064K), 0.0384920 secs]
[GC 743024K->492152K(2944064K), 0.0438340 secs]
[GC 748216K->497356K(2944064K), 0.0347330 secs]
[GC 753420K->492754K(2944064K), 0.0424530 secs]
[GC 748818K->493132K(2944064K), 0.0354410 secs]
[GC 749196K->500021K(2944064K), 0.0367170 secs]
[GC 756085K->495843K(2944064K), 0.0378880 secs]
[GC 751907K->503903K(2944064K), 0.0359760 secs]
[GC 759967K->497487K(2944064K), 0.0373760 secs]
[GC 753551K->498525K(2944064K), 0.0357790 secs]
[GC 754589K->501423K(2944064K), 0.0418660 secs]
[GC 757487K->498884K(2944064K), 0.0402480 secs]
[GC 754948K->500085K(2944064K), 0.0376490 secs]
[GC 756149K->505278K(2944064K), 0.0418820 secs]
[GC 761342K->506371K(2944064K), 0.0363720 secs]
[GC 762435K->512957K(2944064K), 0.0406190 secs]
[GC 769021K->517202K(2944064K), 0.0367570 secs]
[GC 773266K->527123K(2944064K), 0.0413630 secs]
[GC 783187K->518103K(2944064K), 0.0442330 secs]
[GC 774167K->533632K(2944064K), 0.0455920 secs]
[GC 789696K->542128K(2944064K), 0.0388270 secs]
[GC 798192K->529901K(2944064K), 0.0474990 secs]
[GC 785965K->547585K(2944064K), 0.0443990 secs]
[GC 803649K->536132K(2944064K), 0.0489910 secs]
[GC 792196K->548365K(2944064K), 0.0466180 secs]
[GC 804429K->554990K(2944064K), 0.0454320 secs]
[GC 811054K->539326K(2944064K), 0.0486290 secs]
[GC 795390K->561748K(2944064K), 0.0469940 secs]
[GC 817812K->540708K(2944064K), 0.0484600 secs]
[GC 796772K->556714K(2944064K), 0.0452050 secs]
[GC 812778K->545682K(2944064K), 0.0443220 secs]
[GC 801746K->547602K(2944064K), 0.0466600 secs]
[GC 803666K->540562K(2944064K), 0.0466420 secs]
[GC 796626K->550356K(2944064K), 0.0464270 secs]
[GC 806420K->550767K(2944064K), 0.0458670 secs]
[GC 806831K->544637K(2944064K), 0.0425200 secs]
[GC 800701K->546230K(2944064K), 0.0427370 secs]
[GC 802294K->553475K(2944064K), 0.0444500 secs]
[GC 809539K->554352K(2944064K), 0.0468440 secs]
[GC 810416K->557384K(2944064K), 0.0445500 secs]
[GC 813448K->557765K(2944064K), 0.0374810 secs]
[GC 813829K->558765K(2944064K), 0.0436000 secs]
[GC 814829K->559820K(2944064K), 0.0373950 secs]
[GC 815884K->561021K(2944064K), 0.0386090 secs]
[GC 817085K->566860K(2944064K), 0.0390720 secs]
[GC 822924K->575230K(2944064K), 0.0465610 secs]
[GC 831294K->570430K(2944064K), 0.0419480 secs]
[GC 826494K->582657K(2944064K), 0.0441460 secs]
[GC 838721K->585255K(2944064K), 0.0455260 secs]
[GC 841319K->591530K(2944064K), 0.0415850 secs]
[GC 847594K->604604K(2944064K), 0.0447170 secs]
[GC 860668K->584719K(2944064K), 0.0453850 secs]
[GC 840783K->601196K(2944064K), 0.0464550 secs]
[GC 857260K->598963K(2944064K), 0.0476770 secs]
[GC 855027K->601636K(2944064K), 0.0442220 secs]
[GC 857700K->603543K(2944064K), 0.0493780 secs]
[GC 859607K->614503K(2944064K), 0.0554860 secs]
[GC 870567K->597204K(2944064K), 0.0441920 secs]
[GC 853268K->611775K(2944064K), 0.0447240 secs]
[GC 867839K->610136K(2944064K), 0.0491390 secs]
[GC 866200K->603650K(2944064K), 0.0443060 secs]
[GC 859714K->605722K(2944064K), 0.0426780 secs]
[GC 861786K->615490K(2944064K), 0.0491800 secs]
[GC 871554K->608190K(2944064K), 0.0441440 secs]
[GC 864254K->609062K(2944064K), 0.0488960 secs]
[GC 865126K->610525K(2944064K), 0.0486310 secs]
[GC 866589K->617137K(2944064K), 0.0482110 secs]
[GC 873201K->609916K(2944064K), 0.0473160 secs]
[GC 865980K->625262K(2944064K), 0.0407640 secs]
[GC 881326K->628179K(2944064K), 0.0496230 secs]
[GC 884243K->634815K(2944064K), 0.0492070 secs]
[GC 890879K->648581K(2944064K), 0.0432610 secs]
[GC 904645K->634437K(2944064K), 0.0558320 secs]
[GC 890501K->647001K(2944064K), 0.0533040 secs]
[GC 903065K->656843K(2944064K), 0.0488240 secs]
[GC 912907K->652087K(2944064K), 0.0541810 secs]
[GC 908151K->654642K(2944064K), 0.0502200 secs]
[GC 910706K->656843K(2944064K), 0.0523520 secs]
[GC 912907K->670169K(2944064K), 0.0486850 secs]
[GC 926233K->676788K(2944064K), 0.0566740 secs]
[GC 932852K->684731K(2944064K), 0.0538750 secs]
[GC 940795K->692808K(2944064K), 0.0535220 secs]
[GC 948872K->702314K(2944064K), 0.0575870 secs]
[GC 958378K->695557K(2944064K), 0.0552710 secs]
[GC 951621K->685527K(2944064K), 0.0582650 secs]
[GC 941591K->688040K(2944064K), 0.0586260 secs]
[GC 944104K->690251K(2944064K), 0.0529570 secs]
[GC 946315K->692180K(2944064K), 0.0584330 secs]
[GC 948244K->707014K(2944064K), 0.0600550 secs]
[GC 963078K->706250K(2944064K), 0.0571150 secs]
[GC 962314K->706099K(2944064K), 0.0579650 secs]
[GC 962163K->695671K(2944064K), 0.0636220 secs]
[GC 951735K->710917K(2944064K), 0.0628600 secs]
 WARN  [Thread-0] {org.radargun.ShutDownHook} Slave process: unexpected shutdown!
 INFO  [hz._hzInstance_1_FenixFrameworkGroup.IO.thread-in-1] {com.hazelcast.nio.TcpIpConnection} [127.0.0.1]:5712 [FenixFrameworkGroup] Connection [Address[127.0.0.1]:5701] lost. Reason: java.io.EOFException[Remote socket closed!]
 INFO  [hz._hzInstance_1_FenixFrameworkGroup.IO.thread-in-0] {com.hazelcast.nio.TcpIpConnection} [127.0.0.1]:5712 [FenixFrameworkGroup] Connection [Address[127.0.0.1]:5703] lost. Reason: java.io.EOFException[Remote socket closed!]
 INFO  [hz._hzInstance_1_FenixFrameworkGroup.IO.thread-in-0] {com.hazelcast.nio.TcpIpConnection} [127.0.0.1]:5712 [FenixFrameworkGroup] Connection [Address[127.0.0.1]:5710] lost. Reason: java.io.EOFException[Remote socket closed!]
 INFO  [hz._hzInstance_1_FenixFrameworkGroup.IO.thread-in-0] {com.hazelcast.nio.TcpIpConnection} [127.0.0.1]:5712 [FenixFrameworkGroup] Connection [Address[127.0.0.1]:5704] lost. Reason: java.io.EOFException[Remote socket closed!]
 INFO  [hz._hzInstance_1_FenixFrameworkGroup.IO.thread-in-2] {com.hazelcast.nio.TcpIpConnection} [127.0.0.1]:5712 [FenixFrameworkGroup] Connection [Address[127.0.0.1]:5709] lost. Reason: java.io.EOFException[Remote socket closed!]
 INFO  [hz.ShutdownThread] {com.hazelcast.nio.TcpIpConnection} [127.0.0.1]:5712 [FenixFrameworkGroup] Connection [Address[127.0.0.1]:5707] lost. Reason: Socket explicitly closed
 INFO  [hz.ShutdownThread] {com.hazelcast.nio.TcpIpConnection} [127.0.0.1]:5712 [FenixFrameworkGroup] Connection [Address[127.0.0.1]:5708] lost. Reason: Socket explicitly closed
 INFO  [hz.ShutdownThread] {com.hazelcast.nio.TcpIpConnection} [127.0.0.1]:5712 [FenixFrameworkGroup] Connection [Address[127.0.0.1]:5706] lost. Reason: Socket explicitly closed
 INFO  [hz._hzInstance_1_FenixFrameworkGroup.IO.thread-in-1] {com.hazelcast.nio.TcpIpConnection} [127.0.0.1]:5712 [FenixFrameworkGroup] Connection [Address[127.0.0.1]:5713] lost. Reason: java.io.EOFException[Remote socket closed!]
 INFO  [hz._hzInstance_1_FenixFrameworkGroup.IO.thread-in-0] {com.hazelcast.nio.TcpIpConnection} [127.0.0.1]:5712 [FenixFrameworkGroup] Connection [Address[127.0.0.1]:5711] lost. Reason: java.io.EOFException[Remote socket closed!]
 INFO  [hz.ShutdownThread] {com.hazelcast.nio.TcpIpConnection} [127.0.0.1]:5712 [FenixFrameworkGroup] Connection [Address[127.0.0.1]:5705] lost. Reason: Socket explicitly closed
 INFO  [hz._hzInstance_1_FenixFrameworkGroup.IO.thread-in-1] {com.hazelcast.nio.TcpIpConnection} [127.0.0.1]:5712 [FenixFrameworkGroup] Connection [Address[127.0.0.1]:5713] lost. Reason: java.io.EOFException[Remote socket closed!]
 INFO  [hz._hzInstance_1_FenixFrameworkGroup.IO.thread-in-2] {com.hazelcast.nio.TcpIpConnection} [127.0.0.1]:5712 [FenixFrameworkGroup] Connection [Address[127.0.0.1]:5711] lost. Reason: java.io.EOFException[Remote socket closed!]
 INFO  [hz.ShutdownThread] {com.hazelcast.nio.TcpIpConnection} [127.0.0.1]:5712 [FenixFrameworkGroup] Connection [Address[127.0.0.1]:5705] lost. Reason: Socket explicitly closed
 INFO  [hz.ShutdownThread] {com.hazelcast.initializer} [127.0.0.1]:5712 [FenixFrameworkGroup] Destroying node initializer.
 INFO  [hz.ShutdownThread] {com.hazelcast.instance.Node} [127.0.0.1]:5712 [FenixFrameworkGroup] Hazelcast Shutdown is completed in 82 ms.
 INFO  [hz._hzInstance_2_dev.IO.thread-in-1] {com.hazelcast.nio.TcpIpConnection} [127.0.0.1]:5722 [dev] Connection [Address[127.0.0.1]:5721] lost. Reason: java.io.EOFException[Remote socket closed!]
 INFO  [hz._hzInstance_2_dev.IO.thread-in-1] {com.hazelcast.nio.TcpIpConnection} [127.0.0.1]:5722 [dev] Connection [Address[127.0.0.1]:5720] lost. Reason: java.io.EOFException[Remote socket closed!]
 INFO  [hz._hzInstance_2_dev.IO.thread-in-1] {com.hazelcast.nio.TcpIpConnection} [127.0.0.1]:5722 [dev] Connection [Address[127.0.0.1]:5702] lost. Reason: java.io.EOFException[Remote socket closed!]
 INFO  [hz._hzInstance_2_dev.IO.thread-in-1] {com.hazelcast.nio.TcpIpConnection} [127.0.0.1]:5722 [dev] Connection [Address[127.0.0.1]:5721] lost. Reason: java.io.EOFException[Remote socket closed!]
 INFO  [hz._hzInstance_2_dev.IO.thread-in-1] {com.hazelcast.nio.TcpIpConnection} [127.0.0.1]:5722 [dev] Connection [Address[127.0.0.1]:5720] lost. Reason: java.io.EOFException[Remote socket closed!]
 INFO  [hz._hzInstance_2_dev.IO.thread-in-0] {com.hazelcast.nio.TcpIpConnection} [127.0.0.1]:5722 [dev] Connection [Address[127.0.0.1]:5723] lost. Reason: java.io.EOFException[Remote socket closed!]
 INFO  [hz._hzInstance_2_dev.IO.thread-in-0] {com.hazelcast.nio.TcpIpConnection} [127.0.0.1]:5722 [dev] Connection [Address[127.0.0.1]:5723] lost. Reason: java.io.EOFException[Remote socket closed!]
 INFO  [hz._hzInstance_2_dev.IO.thread-in-2] {com.hazelcast.nio.TcpIpConnection} [127.0.0.1]:5722 [dev] Connection [Address[127.0.0.1]:5724] lost. Reason: java.io.EOFException[Remote socket closed!]
 INFO  [hz._hzInstance_2_dev.IO.thread-in-2] {com.hazelcast.nio.TcpIpConnection} [127.0.0.1]:5722 [dev] Connection [Address[127.0.0.1]:5724] lost. Reason: java.io.EOFException[Remote socket closed!]
 INFO  [hz._hzInstance_2_dev.IO.thread-in-0] {com.hazelcast.nio.TcpIpConnection} [127.0.0.1]:5722 [dev] Connection [Address[127.0.0.1]:5714] lost. Reason: java.io.EOFException[Remote socket closed!]
 INFO  [hz._hzInstance_2_dev.IO.thread-in-0] {com.hazelcast.nio.TcpIpConnection} [127.0.0.1]:5722 [dev] Connection [Address[127.0.0.1]:5714] lost. Reason: java.io.EOFException[Remote socket closed!]
 INFO  [hz._hzInstance_2_dev.IO.thread-in-0] {com.hazelcast.nio.TcpIpConnection} [127.0.0.1]:5722 [dev] Connection [Address[127.0.0.1]:5719] lost. Reason: java.io.EOFException[Remote socket closed!]
 INFO  [hz._hzInstance_2_dev.IO.thread-in-1] {com.hazelcast.nio.TcpIpConnection} [127.0.0.1]:5722 [dev] Connection [Address[127.0.0.1]:5719] lost. Reason: java.io.EOFException[Remote socket closed!]
 INFO  [main] {org.radargun.Slave} Master shutdown!
 INFO  [hz._hzInstance_2_dev.IO.thread-in-1] {com.hazelcast.nio.TcpIpConnection} [127.0.0.1]:5722 [dev] Connection [Address[127.0.0.1]:5715] lost. Reason: java.io.EOFException[Remote socket closed!]
 INFO  [hz._hzInstance_2_dev.IO.thread-in-2] {com.hazelcast.nio.TcpIpConnection} [127.0.0.1]:5722 [dev] Connection [Address[127.0.0.1]:5716] lost. Reason: java.io.EOFException[Remote socket closed!]
 INFO  [hz._hzInstance_2_dev.IO.thread-in-2] {com.hazelcast.nio.TcpIpConnection} [127.0.0.1]:5722 [dev] Connection [Address[127.0.0.1]:5718] lost. Reason: java.io.EOFException[Remote socket closed!]
 INFO  [hz.ShutdownThread] {com.hazelcast.nio.TcpIpConnection} [127.0.0.1]:5722 [dev] Connection [Address[127.0.0.1]:5717] lost. Reason: Socket explicitly closed
 INFO  [hz.ShutdownThread] {com.hazelcast.nio.TcpIpConnection} [127.0.0.1]:5722 [dev] Connection [Address[127.0.0.1]:5718] lost. Reason: Socket explicitly closed
 INFO  [hz.ShutdownThread] {com.hazelcast.nio.TcpIpConnection} [127.0.0.1]:5722 [dev] Connection [Address[127.0.0.1]:5717] lost. Reason: Socket explicitly closed
 INFO  [hz.ShutdownThread] {com.hazelcast.nio.TcpIpConnection} [127.0.0.1]:5722 [dev] Connection [Address[127.0.0.1]:5716] lost. Reason: Socket explicitly closed
 INFO  [hz.ShutdownThread] {com.hazelcast.nio.TcpIpConnection} [127.0.0.1]:5722 [dev] Connection [Address[127.0.0.1]:5715] lost. Reason: Socket explicitly closed
 INFO  [hz.ShutdownThread] {com.hazelcast.initializer} [127.0.0.1]:5722 [dev] Destroying node initializer.
 INFO  [hz.ShutdownThread] {com.hazelcast.instance.Node} [127.0.0.1]:5722 [dev] Hazelcast Shutdown is completed in 339 ms.
