/usr/java/jdk1.7.0_21/bin/java -server -Xmx1024M -Xms1024M -Dresolve.dns=false -Djgroups.timer.num_threads=4 -verbose:gc -Xmx5000M -Xms3000M -server -XX:+UseConcMarkSweepGC -XX:+AggressiveOpts -verbose:gc -XX:ParallelGCThreads=4 -XX:NewRatio=5 -XX:SurvivorRatio=2 -Dhazelcast.operation.thread.count=4 -Djava.net.preferIPv4Stack=true -Dlog4j.file.prefix=deimos-esw-2008 -Dbind.address= -Djgroups.bind_addr= -classpath /home/smf/github/radargun/target/distribution/RadarGun-1.1.0-SNAPSHOT/lib/activation-1.1.jar:/home/smf/github/radargun/target/distribution/RadarGun-1.1.0-SNAPSHOT/lib/commons-beanutils-1.8.0.jar:/home/smf/github/radargun/target/distribution/RadarGun-1.1.0-SNAPSHOT/lib/commons-digester-2.0.jar:/home/smf/github/radargun/target/distribution/RadarGun-1.1.0-SNAPSHOT/lib/commons-logging-1.1.1.jar:/home/smf/github/radargun/target/distribution/RadarGun-1.1.0-SNAPSHOT/lib/commons-math-1.2.jar:/home/smf/github/radargun/target/distribution/RadarGun-1.1.0-SNAPSHOT/lib/jboss-transaction-api-1.0.1.GA.jar:/home/smf/github/radargun/target/distribution/RadarGun-1.1.0-SNAPSHOT/lib/jcommon-1.0.15.jar:/home/smf/github/radargun/target/distribution/RadarGun-1.1.0-SNAPSHOT/lib/jfreechart-1.0.12.jar:/home/smf/github/radargun/target/distribution/RadarGun-1.1.0-SNAPSHOT/lib/log4j-1.2.14.jar:/home/smf/github/radargun/target/distribution/RadarGun-1.1.0-SNAPSHOT/lib/mail-1.4.2.jar:/home/smf/github/radargun/target/distribution/RadarGun-1.1.0-SNAPSHOT/lib/radargun-framework-1.1.0-SNAPSHOT.jar:/home/smf/github/radargun/target/distribution/RadarGun-1.1.0-SNAPSHOT/conf org.radargun.Slave -master 127.0.0.1:2103
--------------------------------------------------------------------------------
PerNodeRollingFileAppender::Using file prefix:deimos-esw-2008
 INFO  [main] {org.radargun.Slave} Attempting to connect to master 127.0.0.1:2103
 INFO  [main] {org.radargun.Slave} Successfully established connection with master at: 127.0.0.1:2103
Loading JARS from /home/smf/github/radargun/target/distribution/RadarGun-1.1.0-SNAPSHOT/lib/radargun-framework-1.1.0-SNAPSHOT.jar
 INFO  [pool-1-thread-1] {org.radargun.config.AnnotatedHelper} Loading JARS from /home/smf/github/radargun/target/distribution/RadarGun-1.1.0-SNAPSHOT/lib/radargun-framework-1.1.0-SNAPSHOT.jar
 INFO  [pool-1-thread-1] {org.radargun.config.AnnotatedHelper} Loading JARS from /home/smf/github/radargun/target/distribution/RadarGun-1.1.0-SNAPSHOT/lib/radargun-framework-1.1.0-SNAPSHOT.jar
 INFO  [pool-1-thread-1] {org.radargun.Slave} Executing stage: DestroyWrapper {enforceMemoryThrashHold=true, exitBenchmarkOnSlaveFailure=false, heapDumpDir=null, memoryThreshold=95, runOnAllSlaves=true, slaves=null, useSmartClassLoading=true }
 INFO  [pool-1-thread-1] {org.radargun.stages.DestroyWrapperStage} Received destroy cache wrapper request from master...
 INFO  [pool-1-thread-1] {org.radargun.stages.DestroyWrapperStage} No cache wrapper deployed on this slave, nothing to do.
 INFO  [pool-1-thread-1] {org.radargun.stages.DestroyWrapperStage} Before executing clear, memory looks like this: Memory - free: 2,928,638 kb - max:4,906,688 kb- total:2,944,000 kb
[Full GC 15361K->3631K(2944000K), 0.0771170 secs]
 INFO  [pool-1-thread-1] {org.radargun.stages.DestroyWrapperStage} After executing cleanup, memory looks like this: Memory - free: 2,935,311 kb - max:4,906,688 kb- total:2,944,064 kb
 INFO  [pool-1-thread-1] {org.radargun.Slave} Finished stage: DestroyWrapper {enforceMemoryThrashHold=true, exitBenchmarkOnSlaveFailure=false, heapDumpDir=null, memoryThreshold=95, runOnAllSlaves=true, slaves=null, useSmartClassLoading=true }
 INFO  [main] {org.radargun.Slave} Ack successfully sent to the master
 INFO  [pool-1-thread-1] {org.radargun.Slave} Executing stage: StartCluster {config=ispn52-repl-sync-rc.xml, delayAfterFirstSlaveStarts=5.000 secs, delayBetweenStartingSlaves=0.500 secs, exitBenchmarkOnSlaveFailure=true, expectNumSlaves=null, mayFailOn=null, reachable=null, runOnAllSlaves=false, slaves=null, staggerSlaveStartup=true, useSmartClassLoading=true, validateCluster=true }
 INFO  [pool-1-thread-1] {org.radargun.stages.StartClusterStage}  Startup staggering, starting 10 slaves. This is the slave with index 7. Sleeping for 8500 millis.
 INFO  [pool-1-thread-1] {org.radargun.stages.StartClusterStage} Ack master's StartCluster stage. Local address is: /127.0.0.1. This slave's index is: 7
 INFO  [pool-1-thread-1] {org.radargun.utils.ClassLoadHelper} Creating newInstance org.radargun.cachewrappers.FFWrapper with classloader java.net.URLClassLoader@14320874
 INFO  [pool-1-thread-1] {org.radargun.cachewrappers.FFWrapper} config=ispn52-repl-sync-rc.xml, isLocal=false, nodeIndex=7, confAttributes={name=ispn52-repl-sync-rc.xml, decorate=infinispan52}
 INFO  [pool-1-thread-1] {org.radargun.cachewrappers.FFWrapper} Found fenix framework config options in 'rg-fenix-framework-config-options.properties'.
 INFO  [pool-1-thread-1] {org.radargun.cachewrappers.FFWrapper} Setting extra config properties for Fenix Framework.
 INFO  [pool-1-thread-1] {org.radargun.cachewrappers.FFWrapper} Will initialize Fenix Framework with RadarGunDataGridConfig
 TRACE [pool-1-thread-1] {pt.ist.fenixframework.FenixFramework} Static initializer block for FenixFramework class [BEGIN]
 INFO  [pool-1-thread-1] {pt.ist.fenixframework.FenixFramework} Trying auto-initialization with configuration by convention
 INFO  [pool-1-thread-1] {pt.ist.fenixframework.FenixFramework} Resource 'fenix-framework.properties' not found
 DEBUG [pool-1-thread-1] {pt.ist.fenixframework.FenixFramework} Fenix Framework properties after reading default config file:{}
 DEBUG [pool-1-thread-1] {pt.ist.fenixframework.FenixFramework} CurrentBackEndName = jvstm-datagrid
 INFO  [pool-1-thread-1] {pt.ist.fenixframework.FenixFramework} Resource 'fenix-framework-jvstm-datagrid.properties' not found
 DEBUG [pool-1-thread-1] {pt.ist.fenixframework.FenixFramework} Fenix Framework properties after reading backend config file:{}
 DEBUG [pool-1-thread-1] {pt.ist.fenixframework.FenixFramework} Fenix Framework properties after enforcing system properties:{}
 INFO  [pool-1-thread-1] {pt.ist.fenixframework.FenixFramework} Skipping configuration by convention.
 TRACE [pool-1-thread-1] {pt.ist.fenixframework.FenixFramework} Static initializer block for FenixFramework class [END]
 INFO  [pool-1-thread-1] {pt.ist.fenixframework.FenixFramework} Initializing Fenix Framework with config.class=pt.ist.fenixframework.backend.jvstm.datagrid.radargun.RadarGunDataGridConfig
 INFO  [pool-1-thread-1] {pt.ist.fenixframework.backend.jvstm.cluster.JvstmClusterBackEnd} initializeGroupCommunication()
 INFO  [pool-1-thread-1] {com.hazelcast.config.ClasspathXmlConfig} Configuring Hazelcast from 'hazelcast-ff.xml'.
 INFO  [pool-1-thread-1] {com.hazelcast.instance.DefaultAddressPicker} Interfaces is disabled, trying to pick one address from TCP-IP config addresses: [127.0.0.1]
 INFO  [pool-1-thread-1] {com.hazelcast.instance.DefaultAddressPicker} Picked Address[127.0.0.1]:5708, using socket ServerSocket[addr=/0.0.0.0,localport=5708], bind any local is true
 INFO  [pool-1-thread-1] {com.hazelcast.system} [127.0.0.1]:5708 [FenixFrameworkGroup] Hazelcast Community Edition 3.0.2 (20130906) starting at Address[127.0.0.1]:5708
 INFO  [pool-1-thread-1] {com.hazelcast.system} [127.0.0.1]:5708 [FenixFrameworkGroup] Copyright (C) 2008-2013 Hazelcast.com
 INFO  [pool-1-thread-1] {com.hazelcast.instance.Node} [127.0.0.1]:5708 [FenixFrameworkGroup] Creating MulticastJoiner
 INFO  [pool-1-thread-1] {com.hazelcast.core.LifecycleService} [127.0.0.1]:5708 [FenixFrameworkGroup] Address[127.0.0.1]:5708 is STARTING
 INFO  [pool-1-thread-1] {com.hazelcast.cluster.TcpIpJoiner} [127.0.0.1]:5708 [FenixFrameworkGroup] Connecting to possible member: Address[127.0.0.1]:5703
 INFO  [pool-1-thread-1] {com.hazelcast.cluster.TcpIpJoiner} [127.0.0.1]:5708 [FenixFrameworkGroup] Connecting to possible member: Address[127.0.0.1]:5702
 INFO  [pool-1-thread-1] {com.hazelcast.cluster.TcpIpJoiner} [127.0.0.1]:5708 [FenixFrameworkGroup] Connecting to possible member: Address[127.0.0.1]:5701
 INFO  [hz._hzInstance_1_FenixFrameworkGroup.cached.thread-1] {com.hazelcast.nio.SocketConnector} [127.0.0.1]:5708 [FenixFrameworkGroup] Connecting to /127.0.0.1:5701, timeout: 0, bind-any: true
 INFO  [hz._hzInstance_1_FenixFrameworkGroup.cached.thread-2] {com.hazelcast.nio.SocketConnector} [127.0.0.1]:5708 [FenixFrameworkGroup] Connecting to /127.0.0.1:5703, timeout: 0, bind-any: true
 INFO  [hz._hzInstance_1_FenixFrameworkGroup.cached.thread-3] {com.hazelcast.nio.SocketConnector} [127.0.0.1]:5708 [FenixFrameworkGroup] Connecting to /127.0.0.1:5702, timeout: 0, bind-any: true
 INFO  [hz._hzInstance_1_FenixFrameworkGroup.cached.thread-1] {com.hazelcast.nio.TcpIpConnectionManager} [127.0.0.1]:5708 [FenixFrameworkGroup] 50318 accepted socket connection from /127.0.0.1:5701
 INFO  [hz._hzInstance_1_FenixFrameworkGroup.cached.thread-3] {com.hazelcast.nio.TcpIpConnectionManager} [127.0.0.1]:5708 [FenixFrameworkGroup] 54113 accepted socket connection from /127.0.0.1:5702
 INFO  [hz._hzInstance_1_FenixFrameworkGroup.cached.thread-2] {com.hazelcast.nio.TcpIpConnectionManager} [127.0.0.1]:5708 [FenixFrameworkGroup] 37420 accepted socket connection from /127.0.0.1:5703
 INFO  [hz._hzInstance_1_FenixFrameworkGroup.cached.thread-2] {com.hazelcast.cluster.ClusterService} [127.0.0.1]:5708 [FenixFrameworkGroup] 

Members [10] {
	Member [127.0.0.1]:5701
	Member [127.0.0.1]:5702
	Member [127.0.0.1]:5704
	Member [127.0.0.1]:5705
	Member [127.0.0.1]:5706
	Member [127.0.0.1]:5703
	Member [127.0.0.1]:5707
	Member [127.0.0.1]:5708 this
	Member [127.0.0.1]:5709
	Member [127.0.0.1]:5710
}

 INFO  [hz._hzInstance_1_FenixFrameworkGroup.IO.thread-Acceptor] {com.hazelcast.nio.SocketAcceptor} [127.0.0.1]:5708 [FenixFrameworkGroup] Accepting socket connection from /127.0.0.1:48255
 INFO  [hz._hzInstance_1_FenixFrameworkGroup.IO.thread-Acceptor] {com.hazelcast.nio.TcpIpConnectionManager} [127.0.0.1]:5708 [FenixFrameworkGroup] 5708 accepted socket connection from /127.0.0.1:48255
 INFO  [hz._hzInstance_1_FenixFrameworkGroup.cached.thread-1] {com.hazelcast.nio.SocketConnector} [127.0.0.1]:5708 [FenixFrameworkGroup] Connecting to /127.0.0.1:5704, timeout: 0, bind-any: true
 INFO  [hz._hzInstance_1_FenixFrameworkGroup.cached.thread-1] {com.hazelcast.nio.TcpIpConnectionManager} [127.0.0.1]:5708 [FenixFrameworkGroup] 36002 accepted socket connection from /127.0.0.1:5704
 INFO  [hz._hzInstance_1_FenixFrameworkGroup.IO.thread-Acceptor] {com.hazelcast.nio.SocketAcceptor} [127.0.0.1]:5708 [FenixFrameworkGroup] Accepting socket connection from /127.0.0.1:55017
 INFO  [hz._hzInstance_1_FenixFrameworkGroup.cached.thread-3] {com.hazelcast.nio.SocketConnector} [127.0.0.1]:5708 [FenixFrameworkGroup] Connecting to /127.0.0.1:5706, timeout: 0, bind-any: true
 INFO  [hz._hzInstance_1_FenixFrameworkGroup.IO.thread-Acceptor] {com.hazelcast.nio.TcpIpConnectionManager} [127.0.0.1]:5708 [FenixFrameworkGroup] 5708 accepted socket connection from /127.0.0.1:55017
 INFO  [hz._hzInstance_1_FenixFrameworkGroup.cached.thread-3] {com.hazelcast.nio.TcpIpConnectionManager} [127.0.0.1]:5708 [FenixFrameworkGroup] 60039 accepted socket connection from /127.0.0.1:5706
 INFO  [hz._hzInstance_1_FenixFrameworkGroup.IO.thread-Acceptor] {com.hazelcast.nio.SocketAcceptor} [127.0.0.1]:5708 [FenixFrameworkGroup] Accepting socket connection from /127.0.0.1:34617
 INFO  [hz._hzInstance_1_FenixFrameworkGroup.IO.thread-Acceptor] {com.hazelcast.nio.TcpIpConnectionManager} [127.0.0.1]:5708 [FenixFrameworkGroup] 5708 accepted socket connection from /127.0.0.1:34617
 INFO  [hz._hzInstance_1_FenixFrameworkGroup.IO.thread-Acceptor] {com.hazelcast.nio.SocketAcceptor} [127.0.0.1]:5708 [FenixFrameworkGroup] Accepting socket connection from /127.0.0.1:54933
 INFO  [hz._hzInstance_1_FenixFrameworkGroup.IO.thread-Acceptor] {com.hazelcast.nio.TcpIpConnectionManager} [127.0.0.1]:5708 [FenixFrameworkGroup] 5708 accepted socket connection from /127.0.0.1:54933
 INFO  [hz._hzInstance_1_FenixFrameworkGroup.IO.thread-Acceptor] {com.hazelcast.nio.SocketAcceptor} [127.0.0.1]:5708 [FenixFrameworkGroup] Accepting socket connection from /127.0.0.1:39925
 INFO  [hz._hzInstance_1_FenixFrameworkGroup.IO.thread-Acceptor] {com.hazelcast.nio.TcpIpConnectionManager} [127.0.0.1]:5708 [FenixFrameworkGroup] 5708 accepted socket connection from /127.0.0.1:39925
 INFO  [hz._hzInstance_1_FenixFrameworkGroup.cached.thread-10] {com.hazelcast.nio.SocketConnector} [127.0.0.1]:5708 [FenixFrameworkGroup] Connecting to /127.0.0.1:5710, timeout: 0, bind-any: true
 INFO  [hz._hzInstance_1_FenixFrameworkGroup.IO.thread-Acceptor] {com.hazelcast.nio.SocketAcceptor} [127.0.0.1]:5708 [FenixFrameworkGroup] Accepting socket connection from /127.0.0.1:53682
 INFO  [hz._hzInstance_1_FenixFrameworkGroup.IO.thread-Acceptor] {com.hazelcast.nio.TcpIpConnectionManager} [127.0.0.1]:5708 [FenixFrameworkGroup] 5708 accepted socket connection from /127.0.0.1:53682
 INFO  [hz._hzInstance_1_FenixFrameworkGroup.cached.thread-10] {com.hazelcast.nio.TcpIpConnectionManager} [127.0.0.1]:5708 [FenixFrameworkGroup] 39323 accepted socket connection from /127.0.0.1:5710
 INFO  [pool-1-thread-1] {com.hazelcast.core.LifecycleService} [127.0.0.1]:5708 [FenixFrameworkGroup] Address[127.0.0.1]:5708 is STARTED
 INFO  [pool-1-thread-1] {pt.ist.fenixframework.backend.jvstm.cluster.ClusterUtils} Got (long) serverId: 7
 INFO  [pool-1-thread-1] {pt.ist.fenixframework.backend.jvstm.cluster.JvstmClusterBackEnd} This is NOT the first node.
 INFO  [pool-1-thread-1] {pt.ist.fenixframework.backend.jvstm.cluster.ClusterUtils} Waiting for startup from first node
 INFO  [pool-1-thread-1] {pt.ist.fenixframework.backend.jvstm.JVSTMBackEnd} initializeRepository()
 INFO  [pool-1-thread-1] {pt.ist.fenixframework.backend.jvstm.datagrid.radargun.DataGridDecorator} config=ispn52-repl-sync-rc.xml, isLocal=false, nodeIndex=7, confAttributes={name=ispn52-repl-sync-rc.xml}
 INFO  [pool-1-thread-1] {org.radargun.cachewrappers.InfinispanXSWrapper} Cannot find any site for slave index 7
[GC 259695K->13322K(2944064K), 0.0490640 secs]
 INFO  [pool-1-thread-1] {org.infinispan.remoting.transport.jgroups.JGroupsTransport} ISPN000078: Starting JGroups Channel
 WARN  [pool-1-thread-1] {org.jgroups.protocols.UDP} [JGRP00014] the send buffer of socket DatagramSocket was set to 640KB, but the OS only allocated 229.38KB. This might lead to performance problems. Please set your max send buffer in the OS correctly (e.g. net.core.wmem_max on Linux)
 WARN  [pool-1-thread-1] {org.jgroups.protocols.UDP} [JGRP00014] the receive buffer of socket DatagramSocket was set to 20MB, but the OS only allocated 229.38KB. This might lead to performance problems. Please set your max receive buffer in the OS correctly (e.g. net.core.rmem_max on Linux)
 WARN  [pool-1-thread-1] {org.jgroups.protocols.UDP} [JGRP00014] the send buffer of socket MulticastSocket was set to 640KB, but the OS only allocated 229.38KB. This might lead to performance problems. Please set your max send buffer in the OS correctly (e.g. net.core.wmem_max on Linux)
 WARN  [pool-1-thread-1] {org.jgroups.protocols.UDP} [JGRP00014] the receive buffer of socket MulticastSocket was set to 25MB, but the OS only allocated 229.38KB. This might lead to performance problems. Please set your max receive buffer in the OS correctly (e.g. net.core.rmem_max on Linux)
 INFO  [pool-1-thread-1] {org.infinispan.remoting.transport.jgroups.JGroupsTransport} ISPN000094: Received new cluster view: [deimos-esw-64000|5] [deimos-esw-64000, deimos-esw-62080, deimos-esw-15765, deimos-esw-64278, deimos-esw-51210, deimos-esw-11938, deimos-esw-47534, deimos-esw-13661, deimos-esw-32100]
 INFO  [pool-1-thread-1] {org.infinispan.remoting.transport.jgroups.JGroupsTransport} ISPN000079: Cache local address is deimos-esw-47534, physical addresses are [127.0.0.1:52007]
 INFO  [pool-1-thread-1] {org.infinispan.factories.GlobalComponentRegistry} ISPN000128: Infinispan version: Infinispan 'Delirium' 5.2.6.Final
 INFO  [Incoming-3,deimos-esw-47534] {org.infinispan.remoting.transport.jgroups.JGroupsTransport} ISPN000094: Received new cluster view: [deimos-esw-64000|6] [deimos-esw-64000, deimos-esw-62080, deimos-esw-15765, deimos-esw-64278, deimos-esw-51210, deimos-esw-11938, deimos-esw-47534, deimos-esw-13661, deimos-esw-32100, deimos-esw-35279]
 INFO  [pool-1-thread-1] {org.infinispan.transaction.lookup.JBossStandaloneJTAManagerLookup} ISPN000107: Retrieving transaction manager Transaction: unknown
 INFO  [pool-1-thread-1] {org.infinispan.jmx.CacheJmxRegistration} ISPN000031: MBeans were successfully registered to the platform MBean server.
 INFO  [pool-1-thread-1] {org.radargun.cachewrappers.InfinispanXSWrapper} Using transaction manager: Transaction: unknown
 INFO  [pool-1-thread-1] {org.radargun.cachewrappers.InfinispanXSWrapper} No RELAY2 protocol in XS wrapper
 INFO  [pool-1-thread-1] {org.radargun.cachewrappers.InfinispanXSWrapper} JGroups version: JGroups 3.2.7.Final
 INFO  [pool-1-thread-1] {org.radargun.cachewrappers.InfinispanXSWrapper} Using config attributes: {name=ispn52-repl-sync-rc.xml}
 INFO  [pool-1-thread-1] {pt.ist.fenixframework.backend.jvstm.datagrid.DataGridRepository} Initialization marker is present. Data Grid already existed.
 INFO  [pool-1-thread-1] {pt.ist.fenixframework.backend.jvstm.JVSTMBackEnd} initializeDomainClassInfos
 INFO  [pool-1-thread-1] {pt.ist.fenixframework.backend.jvstm.pstm.DomainClassInfo} serverId: 7, serverOidBase: 7000000000000
 INFO  [pool-1-thread-1] {pt.ist.fenixframework.backend.jvstm.pstm.DomainClassInfo} Existing domain class 'pt.ist.fenixframework.backend.jvstm.pstm.FenixFrameworkData' with id 'd'
 INFO  [pool-1-thread-1] {pt.ist.fenixframework.backend.jvstm.pstm.DomainClassInfo} Existing domain class 'pt.ist.fenixframework.adt.bplustree.AbstractNodeArray' with id 'a'
 INFO  [pool-1-thread-1] {pt.ist.fenixframework.backend.jvstm.pstm.DomainClassInfo} Existing domain class 'pt.ist.fenixframework.adt.bplustree.AbstractNode' with id 'f'
 INFO  [pool-1-thread-1] {pt.ist.fenixframework.backend.jvstm.pstm.DomainClassInfo} Existing domain class 'pt.ist.fenixframework.backend.jvstm.pstm.TransactionStatisticsEntry' with id '5'
 INFO  [pool-1-thread-1] {pt.ist.fenixframework.backend.jvstm.pstm.DomainClassInfo} Existing domain class 'pt.ist.fenixframework.adt.bplustree.BPlusTree' with id '7'
 INFO  [pool-1-thread-1] {pt.ist.fenixframework.backend.jvstm.pstm.DomainClassInfo} Existing domain class 'pt.ist.fenixframework.adt.bplustree.DomainBPlusTree' with id 'e'
 INFO  [pool-1-thread-1] {pt.ist.fenixframework.backend.jvstm.pstm.DomainClassInfo} Existing domain class 'pt.ist.fenixframework.adt.bplustree.LeafNode' with id '4'
 INFO  [pool-1-thread-1] {pt.ist.fenixframework.backend.jvstm.pstm.DomainClassInfo} Existing domain class 'pt.ist.fenixframework.adt.bplustree.InnerNode' with id '8'
 INFO  [pool-1-thread-1] {pt.ist.fenixframework.backend.jvstm.pstm.DomainClassInfo} Existing domain class 'pt.ist.fenixframework.adt.bplustree.BPlusTreeArray' with id '2'
 INFO  [pool-1-thread-1] {pt.ist.fenixframework.backend.jvstm.pstm.DomainClassInfo} Existing domain class 'pt.ist.fenixframework.adt.bplustree.DomainInnerNode' with id '3'
 INFO  [pool-1-thread-1] {pt.ist.fenixframework.backend.jvstm.pstm.DomainClassInfo} Existing domain class 'pt.ist.fenixframework.adt.bplustree.DomainLeafNode' with id '1'
 INFO  [pool-1-thread-1] {pt.ist.fenixframework.backend.jvstm.pstm.DomainClassInfo} Existing domain class 'pt.ist.fenixframework.adt.linkedlist.ListNode' with id '6'
 INFO  [pool-1-thread-1] {pt.ist.fenixframework.backend.jvstm.pstm.DomainClassInfo} Existing domain class 'pt.ist.fenixframework.DomainRoot' with id '0'
 INFO  [pool-1-thread-1] {pt.ist.fenixframework.backend.jvstm.pstm.DomainClassInfo} Existing domain class 'pt.ist.fenixframework.adt.linkedlist.LinkedList' with id '9'
 INFO  [pool-1-thread-1] {pt.ist.fenixframework.backend.jvstm.pstm.DomainClassInfo} Existing domain class 'pt.ist.fenixframework.adt.bplustree.InnerNodeArray' with id 'b'
 INFO  [pool-1-thread-1] {pt.ist.fenixframework.backend.jvstm.pstm.DomainClassInfo} Existing domain class 'pt.ist.fenixframework.adt.bplustree.LeafNodeArray' with id 'c'
 INFO  [pool-1-thread-1] {pt.ist.fenixframework.backend.jvstm.JVSTMBackEnd} setupJVSTM
 INFO  [pool-1-thread-1] {pt.ist.fenixframework.backend.jvstm.JVSTMBackEnd} Setting the last committed TX number to 2
 INFO  [pool-1-thread-1] {pt.ist.fenixframework.backend.jvstm.JVSTMBackEnd} createDomainRootIfNeeded
 INFO  [pool-1-thread-1] {pt.ist.fenixframework.backend.jvstm.JVSTMBackEnd} ensureFenixFrameworkDataExists
 INFO  [pool-1-thread-1] {pt.ist.fenixframework.hibernatesearch.HibernateSearchConfig} Resource 'fenix-framework-hibernate-search.properties' not found. Hibernate Search disabled
 INFO  [pool-1-thread-1] {pt.ist.fenixframework.FenixFramework} Initialization of Fenix Framework is now complete.
 INFO  [pool-1-thread-1] {org.radargun.cachewrappers.FFWrapper} FF STARTED=true
 INFO  [pool-1-thread-1] {org.radargun.stages.helpers.StartHelper} Number of members is the one expected: 10
 INFO  [pool-1-thread-1] {org.radargun.stages.StartClusterStage} Successfully started cache wrapper on slave 7: org.radargun.cachewrappers.FFWrapper@68f392bc
 INFO  [pool-1-thread-1] {org.radargun.Slave} Finished stage: StartCluster {config=ispn52-repl-sync-rc.xml, delayAfterFirstSlaveStarts=5.000 secs, delayBetweenStartingSlaves=0.500 secs, exitBenchmarkOnSlaveFailure=true, expectNumSlaves=null, mayFailOn=null, reachable=null, runOnAllSlaves=false, slaves=null, staggerSlaveStartup=true, useSmartClassLoading=true, validateCluster=true }
 INFO  [main] {org.radargun.Slave} Ack successfully sent to the master
 INFO  [pool-1-thread-1] {org.radargun.Slave} Executing stage: ClusterValidation {exitBenchmarkOnSlaveFailure=false, partialReplication=false, replicationTimeSleep=2000, replicationTryCount=60, runOnAllSlaves=false, slaves=null, useSmartClassLoading=true }
 INFO  [pool-1-thread-1] {org.radargun.stages.ClusterValidationStage} Number of caches that replicated here is 2
 INFO  [pool-1-thread-1] {org.radargun.stages.ClusterValidationStage} Replication test failed, 1 tries so far. Sleeping for 2 seconds and trying again.
 INFO  [pool-1-thread-1] {org.radargun.stages.ClusterValidationStage} Number of caches that replicated here is 9
 INFO  [pool-1-thread-1] {org.radargun.stages.ClusterValidationStage} Replication test successfully passed. partialReplication? false, replicationCount = 9
 INFO  [pool-1-thread-1] {org.radargun.stages.ClusterValidationStage} Confirm phase successful.
 INFO  [pool-1-thread-1] {org.radargun.Slave} Finished stage: ClusterValidation {exitBenchmarkOnSlaveFailure=false, partialReplication=false, replicationTimeSleep=2000, replicationTryCount=60, runOnAllSlaves=false, slaves=[ 0, 1, 2, 3, 4, 5, 6, 7, 8, 9 ], useSmartClassLoading=true }
 INFO  [main] {org.radargun.Slave} Ack successfully sent to the master
 INFO  [pool-1-thread-1] {org.radargun.Slave} Executing stage: StressTestWarmup {bulkSize=1, cacheSpecificKeyGenerator=false, commitTransactions=true, duration=1 mins 0 secs, entrySize=1000, exitBenchmarkOnSlaveFailure=false, fixedKeys=true, generateHistogramRange=false, keyGeneratorClass=org.radargun.stressors.StringKeyGenerator, keyGeneratorParam=null, loadAllKeys=false, numEntries=10000, numOfThreads=4, numRequests=10000, numThreads=4, numberOfAttributes=10000, numberOfRequests=10000, opsCountStatusLog=100000, poolKeys=true, preferAsyncOperations=false, removePercentage=0, replaceInvalidPercentage=40, runOnAllSlaves=false, sharedKeys=false, sizeOfAnAttribute=1000, slaves=null, transactionSize=10000, useAtomics=false, useHistogramStatistics=false, useSimpleStatistics=true, useSmartClassLoading=true, useTransactions=null, writePercentage=20, writeTxPercentage=20 }
 INFO  [pool-1-thread-1] {org.radargun.stages.StressTestWarmupStage} Starting StressTestWarmupStage: StressTestWarmup {bulkSize=1, cacheSpecificKeyGenerator=false, commitTransactions=true, duration=1 mins 0 secs, entrySize=1000, exitBenchmarkOnSlaveFailure=false, fixedKeys=true, generateHistogramRange=false, keyGeneratorClass=org.radargun.stressors.StringKeyGenerator, keyGeneratorParam=null, loadAllKeys=false, numEntries=10000, numOfThreads=4, numRequests=10000, numThreads=4, numberOfAttributes=10000, numberOfRequests=10000, opsCountStatusLog=100000, poolKeys=true, preferAsyncOperations=false, removePercentage=0, replaceInvalidPercentage=40, runOnAllSlaves=false, sharedKeys=false, sizeOfAnAttribute=1000, slaves=null, transactionSize=10000, useAtomics=false, useHistogramStatistics=false, useSimpleStatistics=true, useSmartClassLoading=true, useTransactions=null, writePercentage=20, writeTxPercentage=20 }
 INFO  [pool-1-thread-1] {org.radargun.stressors.StressTestStressor} Using key generator org.radargun.stressors.StringKeyGenerator, param null
 INFO  [pool-1-thread-1] {org.radargun.stressors.StressTestStressor} Executing: StressTestStressor{opsCountStatusLog=100000, numRequests=10000, numEntries=10000, entrySize=1000, writePercentage=20, numThreads=4, cacheWrapper=org.radargun.cachewrappers.FFWrapper@68f392bc, nodeIndex=7, useTransactions=true, transactionSize=10000, commitTransactions=true, durationMillis=60000}
 INFO  [pool-1-thread-1] {org.radargun.stressors.StressTestStressor} Cache wrapper info is: FFWrapper using infinispan52
[GC 269386K->21151K(2944064K), 0.0517380 secs]
[GC 277215K->18453K(2944064K), 0.0390070 secs]
[GC 274517K->20428K(2944064K), 0.0349570 secs]
[GC 276492K->20291K(2944064K), 0.0404260 secs]
[GC 276355K->25339K(2944064K), 0.0406410 secs]
[GC 281403K->27532K(2944064K), 0.0406010 secs]
[GC 283596K->30131K(2944064K), 0.0415280 secs]
[GC 286195K->32810K(2944064K), 0.0420230 secs]
[GC 288874K->35628K(2944064K), 0.0465050 secs]
[GC 291692K->38550K(2944064K), 0.0457410 secs]
[GC 294614K->41659K(2944064K), 0.0466710 secs]
[GC 297723K->45042K(2944064K), 0.0463710 secs]
[GC 301106K->42385K(2944064K), 0.0472580 secs]
[GC 298449K->52811K(2944064K), 0.0495410 secs]
[GC 308875K->61182K(2944064K), 0.0698350 secs]
[GC 317246K->54907K(2944064K), 0.0569760 secs]
[GC 310971K->58287K(2944064K), 0.0430520 secs]
[GC 314351K->64861K(2944064K), 0.0449110 secs]
[GC 320925K->69613K(2944064K), 0.0440160 secs]
[GC 325677K->65767K(2944064K), 0.0425730 secs]
[GC 321831K->70172K(2944064K), 0.0438300 secs]
[GC 326236K->83423K(2944064K), 0.0447210 secs]
[GC 339487K->78897K(2944064K), 0.0450550 secs]
[GC 334961K->83358K(2944064K), 0.0483050 secs]
[GC 339422K->85023K(2944064K), 0.0460440 secs]
[GC 341087K->99181K(2944064K), 0.0486380 secs]
[GC 355245K->88848K(2944064K), 0.0509200 secs]
[GC 344912K->100848K(2944064K), 0.0519200 secs]
[GC 356912K->111211K(2944064K), 0.0503950 secs]
[GC 367275K->106474K(2944064K), 0.0544620 secs]
[GC 362538K->101069K(2944064K), 0.0519030 secs]
[GC 357133K->98629K(2944064K), 0.0518610 secs]
[GC 354693K->112916K(2944064K), 0.0519850 secs]
[GC 368980K->104549K(2944064K), 0.0541460 secs]
[GC 360613K->120769K(2944064K), 0.0502440 secs]
[GC 376833K->125832K(2944064K), 0.0510700 secs]
[GC 381896K->145214K(2944064K), 0.0545490 secs]
[GC 401278K->123106K(2944064K), 0.0500470 secs]
[GC 379170K->141043K(2944064K), 0.0491270 secs]
[GC 397107K->117765K(2944064K), 0.0503290 secs]
[GC 373829K->138738K(2944064K), 0.0531590 secs]
[GC 394802K->137680K(2944064K), 0.0534540 secs]
[GC 393744K->144830K(2944064K), 0.0556230 secs]
[GC 400894K->150824K(2944064K), 0.0571530 secs]
[GC 406888K->141734K(2944064K), 0.0521560 secs]
[GC 397798K->149139K(2944064K), 0.0532770 secs]
[GC 405203K->165615K(2944064K), 0.0552910 secs]
[GC 421679K->149922K(2944064K), 0.0522290 secs]
[GC 405986K->164708K(2944064K), 0.0570590 secs]
[GC 420772K->162795K(2944064K), 0.0548520 secs]
[GC 418859K->169816K(2944064K), 0.0554160 secs]
[GC 425880K->159814K(2944064K), 0.0536270 secs]
[GC 415878K->156156K(2944064K), 0.0576780 secs]
[GC 412220K->173691K(2944064K), 0.0575710 secs]
[GC 429755K->178143K(2944064K), 0.0553430 secs]
[GC 434207K->180882K(2944064K), 0.0545510 secs]
[GC 436946K->185862K(2944064K), 0.0546760 secs]
[GC 441926K->190240K(2944064K), 0.0613750 secs]
[GC 446304K->179974K(2944064K), 0.0574840 secs]
 INFO  [pool-1-thread-1] {org.radargun.stressors.StressTestStressor} Started 4 stressor threads.
 INFO  [Stressor-1] {org.radargun.stressors.StressTestStressor} Number of ops executed so far: 1. Elapsed time: 0.001 secs. Remaining: 59.999 secs. Total: 1 mins 0 secs
[GC 436038K->210472K(2944064K), 0.0682820 secs]
[GC 466536K->237797K(2944064K), 0.0798390 secs]
[GC 493861K->226568K(2944064K), 0.0865560 secs]
[GC 482632K->239534K(2944064K), 0.0687260 secs]
[GC 495598K->250543K(2944064K), 0.0641840 secs]
[GC 506607K->263177K(2944064K), 0.0675150 secs]
[GC 519241K->272482K(2944064K), 0.0638850 secs]
[GC 528546K->282788K(2944064K), 0.0664700 secs]
[GC 538852K->313493K(2944064K), 0.0670900 secs]
[GC 569557K->316985K(2944064K), 0.0759640 secs]
[GC 573046K->327977K(2944064K), 0.0599920 secs]
[GC 584041K->348894K(2944064K), 0.0648000 secs]
[GC 604958K->371747K(2944064K), 0.0571300 secs]
[GC 627803K->367809K(2944064K), 0.0626110 secs]
[GC 623873K->391023K(2944064K), 0.0622560 secs]
[GC 647069K->393181K(2944064K), 0.0618440 secs]
[GC 649199K->404991K(2944064K), 0.0642590 secs]
[GC 659916K->414162K(2944064K), 0.0720000 secs]
[GC 670197K->439723K(2944064K), 0.0655880 secs]
 INFO  [Stressor-2] {org.radargun.stressors.StressTestStressor} Number of ops executed so far: 740000. Elapsed time: 20.284 secs. Remaining: 39.716 secs. Total: 1 mins 0 secs
[GC 695740K->450071K(2944064K), 0.0619040 secs]
[GC 706135K->446727K(2944064K), 0.0720880 secs]
[GC 701591K->465316K(2944064K), 0.0577490 secs]
[GC 721380K->482614K(2944064K), 0.0677260 secs]
[GC 738678K->480733K(2944064K), 0.0732600 secs]
[GC 736797K->505265K(2944064K), 0.0544550 secs]
[GC 761329K->514067K(2944064K), 0.0730840 secs]
[GC 770131K->523873K(2944064K), 0.0533030 secs]
[GC 779937K->533146K(2944064K), 0.0725950 secs]
[GC 789206K->564592K(2944064K), 0.0657450 secs]
[GC 820631K->575629K(2944064K), 0.0655340 secs]
[GC 831693K->580761K(2944064K), 0.0660450 secs]
[GC 836825K->584091K(2944064K), 0.0652220 secs]
[GC 840155K->615297K(2944064K), 0.0635190 secs]
[GC 871361K->591748K(2944064K), 0.0567230 secs]
[GC 847812K->616420K(2944064K), 0.0521570 secs]
[GC 872484K->640332K(2944064K), 0.0684530 secs]
[GC 896396K->632699K(2944064K), 0.0644860 secs]
 INFO  [Stressor-1] {org.radargun.stressors.StressTestStressor} Number of ops executed so far: 1780000. Elapsed time: 40.293 secs. Remaining: 19.707 secs. Total: 1 mins 0 secs
[GC 888763K->660786K(2944064K), 0.0669800 secs]
[GC 916850K->667497K(2944064K), 0.0603290 secs]
[GC 923561K->671822K(2944064K), 0.0552540 secs]
[GC 927886K->680046K(2944064K), 0.0758020 secs]
[GC 936110K->720871K(2944064K), 0.0560670 secs]
[GC 976935K->705989K(2944064K), 0.0713300 secs]
[GC 959563K->732362K(2944064K), 0.0617460 secs]
[GC 988248K->737567K(2944064K), 0.0621420 secs]
[GC 993631K->763355K(2944064K), 0.0752480 secs]
[GC 1016460K->767034K(2944064K), 0.0638330 secs]
[GC 1021242K->780691K(2944064K), 0.0625050 secs]
[GC 1036755K->794008K(2944064K), 0.0594520 secs]
[GC 1049502K->790840K(2944064K), 0.0643230 secs]
[GC 1046904K->854008K(2944064K), 0.0777650 secs]
[GC 1108103K->847638K(2944064K), 0.0741380 secs]
[GC 1103702K->875168K(2944064K), 0.0494570 secs]
[GC 1127845K->891943K(2944064K), 0.0605610 secs]
[GC 1147491K->907637K(2944064K), 0.0602220 secs]
[GC 1162508K->914063K(2944064K), 0.0629750 secs]
 INFO  [Stressor-0] {org.radargun.stressors.StressTestStressor} Number of ops executed so far: 1920000. Elapsed time: 1 mins 0 secs. Remaining: 0.000 secs. Total: 1 mins 0 secs
 INFO  [pool-1-thread-1] {org.radargun.stressors.StressTestStressor} Finished generating report. Test duration is: 5 mins 26 secs
 INFO  [pool-1-thread-1] {org.radargun.stages.StressTestWarmupStage} The warmup took: 326 seconds.
 INFO  [pool-1-thread-1] {org.radargun.Slave} Finished stage: StressTestWarmup {bulkSize=1, cacheSpecificKeyGenerator=false, commitTransactions=true, duration=1 mins 0 secs, entrySize=1000, exitBenchmarkOnSlaveFailure=false, fixedKeys=true, generateHistogramRange=false, keyGeneratorClass=org.radargun.stressors.StringKeyGenerator, keyGeneratorParam=null, loadAllKeys=false, numEntries=10000, numOfThreads=4, numRequests=10000, numThreads=4, numberOfAttributes=10000, numberOfRequests=10000, opsCountStatusLog=100000, poolKeys=true, preferAsyncOperations=false, removePercentage=0, replaceInvalidPercentage=40, runOnAllSlaves=false, sharedKeys=false, sizeOfAnAttribute=1000, slaves=null, transactionSize=10000, useAtomics=false, useHistogramStatistics=false, useSimpleStatistics=true, useSmartClassLoading=true, useTransactions=null, writePercentage=20, writeTxPercentage=20 }
 INFO  [main] {org.radargun.Slave} Ack successfully sent to the master
[GC 1170127K->907652K(2944064K), 0.0548610 secs]
[GC 1163716K->901792K(2944064K), 0.0462480 secs]
[GC 1157856K->906509K(2944064K), 0.0438690 secs]
[GC 1162573K->910144K(2944064K), 0.0456140 secs]
[GC 1166208K->886729K(2944064K), 0.0403930 secs]
[GC 1142793K->875207K(2944064K), 0.0420630 secs]
[GC 1131271K->890243K(2944064K), 0.0445170 secs]
[GC 1146307K->896624K(2944064K), 0.0443830 secs]
[GC 1152688K->881463K(2944064K), 0.0423620 secs]
[GC 1137527K->891937K(2944064K), 0.0442070 secs]
[GC 1148001K->899684K(2944064K), 0.0485060 secs]
[GC 1155748K->881079K(2944064K), 0.0506600 secs]
[GC 1137143K->903389K(2944064K), 0.0513380 secs]
[GC 1159453K->884959K(2944064K), 0.0540770 secs]
[GC 1141023K->895154K(2944064K), 0.0606780 secs]
[GC 1151218K->895379K(2944064K), 0.0557140 secs]
[GC 1151443K->895156K(2944064K), 0.0516940 secs]
[GC 1151220K->911288K(2944064K), 0.0535300 secs]
[GC 1167352K->898761K(2944064K), 0.0544170 secs]
[GC 1154825K->912039K(2944064K), 0.0478570 secs]
[GC 1168103K->918461K(2944064K), 0.0491010 secs]
[GC 1174525K->914250K(2944064K), 0.0479190 secs]
[GC 1170314K->924856K(2944064K), 0.0573660 secs]
[GC 1180920K->911097K(2944064K), 0.0568890 secs]
[GC 1167161K->924977K(2944064K), 0.0579060 secs]
[GC 1181041K->923553K(2944064K), 0.0608460 secs]
[GC 1179617K->935694K(2944064K), 0.0562570 secs]
[GC 1191758K->941966K(2944064K), 0.0636860 secs]
[GC 1198015K->964914K(2944064K), 0.0642820 secs]
[GC 1220941K->995971K(2944064K), 0.0793500 secs]
[GC 1251852K->1019090K(2944064K), 0.0956270 secs]
[GC 1273111K->1030321K(2944064K), 0.1017840 secs]
[GC 1284802K->1027341K(2944064K), 0.0965720 secs]
[GC 1283405K->1062312K(2944064K), 0.0832820 secs]
[GC 1318376K->1058763K(2944064K), 0.1004400 secs]
[GC 1314827K->1079753K(2944064K), 0.0776660 secs]
[GC 1335817K->1080393K(2944064K), 0.0723680 secs]
[GC 1336457K->1132958K(2944064K), 0.0595340 secs]
[GC 1389016K->1133358K(2944064K), 0.0774800 secs]
[GC 1389422K->1152003K(2944064K), 0.0774310 secs]
[GC 1408067K->1184932K(2944064K), 0.0867650 secs]
[GC 1440996K->1174255K(2944064K), 0.0927240 secs]
[GC 1430319K->1175520K(2944064K), 0.0780830 secs]
[GC 1431584K->1201156K(2944064K), 0.0807540 secs]
[GC 1457220K->1246428K(2944064K), 0.0606840 secs]
[GC 1502492K->1250479K(2944064K), 0.0812650 secs]
[GC 1506543K->1265818K(2944064K), 0.0844740 secs]
[GC 1520017K->1297781K(2944064K), 0.0836180 secs]
[GC 1551313K->1301574K(2944064K), 0.0914420 secs]
[GC 1557638K->1321465K(2944064K), 0.0892740 secs]
[GC 1577529K->1329389K(2944064K), 0.1060270 secs]
[GC 1585413K->1333382K(2944064K), 0.0780410 secs]
[GC 1585616K->1375514K(2944064K), 0.0744820 secs]
[GC 1629033K->1394064K(2944064K), 0.0906030 secs]
[GC 1646453K->1397036K(2944064K), 0.0795860 secs]
[GC 1400918K(2944064K), 0.0417060 secs]
[GC 1653100K->1401770K(2944064K), 0.1018950 secs]
[GC 1569409K(2944064K), 0.0691690 secs]
[GC 1188095K->956084K(2944064K), 0.0931620 secs]
[GC 1212145K->943836K(2944064K), 0.0721290 secs]
[GC 1199900K->1000663K(2944064K), 0.0678660 secs]
[GC 1256727K->967039K(2944064K), 0.0842180 secs]
[GC 1223103K->981425K(2944064K), 0.0681490 secs]
[GC 1237489K->984356K(2944064K), 0.0512740 secs]
[GC 1240420K->1010910K(2944064K), 0.0528680 secs]
[GC 1266974K->982456K(2944064K), 0.0557580 secs]
[GC 1238520K->1017746K(2944064K), 0.0868400 secs]
[GC 1273810K->982599K(2944064K), 0.0577050 secs]
[GC 1238663K->1022012K(2944064K), 0.0566010 secs]
[GC 1278076K->1003646K(2944064K), 0.0666660 secs]
[GC 1259710K->1006877K(2944064K), 0.0521450 secs]
[GC 1262941K->1011981K(2944064K), 0.0537270 secs]
[GC 1268045K->989513K(2944064K), 0.0562370 secs]
[GC 1245577K->1021229K(2944064K), 0.0566980 secs]
[GC 1277293K->990998K(2944064K), 0.0548680 secs]
[GC 1247062K->996086K(2944064K), 0.0670050 secs]
[GC 1252150K->1004120K(2944064K), 0.0580900 secs]
[GC 1260184K->996986K(2944064K), 0.0405770 secs]
[GC 1253050K->1008146K(2944064K), 0.0445630 secs]
[GC 1264210K->994715K(2944064K), 0.0494010 secs]
[GC 1250779K->1009043K(2944064K), 0.0478490 secs]
[GC 1265107K->997322K(2944064K), 0.0445450 secs]
[GC 1253386K->1007277K(2944064K), 0.0493170 secs]
[GC 1263341K->1006518K(2944064K), 0.0436000 secs]
[GC 1262582K->1014332K(2944064K), 0.0458720 secs]
[GC 1270396K->1004746K(2944064K), 0.0465610 secs]
[GC 1260810K->1014272K(2944064K), 0.0431520 secs]
[GC 1270336K->1018935K(2944064K), 0.0462960 secs]
[GC 1274999K->1009581K(2944064K), 0.0454560 secs]
[GC 1265645K->1019384K(2944064K), 0.0435450 secs]
[GC 1275448K->1018195K(2944064K), 0.0506530 secs]
[GC 1274259K->1020742K(2944064K), 0.0461110 secs]
[GC 1276806K->1028710K(2944064K), 0.0469360 secs]
[GC 1284774K->1018365K(2944064K), 0.0503370 secs]
[GC 1274429K->1033981K(2944064K), 0.0467180 secs]
[GC 1290045K->1020791K(2944064K), 0.0470780 secs]
[GC 1276855K->1037340K(2944064K), 0.0496000 secs]
[GC 1293404K->1024164K(2944064K), 0.0498560 secs]
[GC 1280228K->1035566K(2944064K), 0.0481220 secs]
[GC 1291630K->1040746K(2944064K), 0.0498000 secs]
[GC 1296810K->1030572K(2944064K), 0.0484320 secs]
[GC 1286636K->1041315K(2944064K), 0.0502580 secs]
[GC 1297379K->1046421K(2944064K), 0.0451190 secs]
[GC 1302485K->1036137K(2944064K), 0.0462270 secs]
[GC 1292201K->1047154K(2944064K), 0.0491850 secs]
[GC 1303218K->1046092K(2944064K), 0.0468900 secs]
[GC 1302156K->1048476K(2944064K), 0.0467670 secs]
[GC 1304540K->1050640K(2944064K), 0.0442260 secs]
[GC 1306704K->1059275K(2944064K), 0.0917330 secs]
[GC 1315339K->1047775K(2944064K), 0.0507830 secs]
[GC 1303839K->1058825K(2944064K), 0.0516850 secs]
[GC 1314889K->1057442K(2944064K), 0.0479640 secs]
[GC 1313506K->1060285K(2944064K), 0.0473120 secs]
[GC 1316349K->1062447K(2944064K), 0.0498760 secs]
[GC 1318511K->1064415K(2944064K), 0.0521210 secs]
[GC 1320479K->1059325K(2944064K), 0.0558550 secs]
[GC 1315389K->1075598K(2944064K), 0.0494490 secs]
[GC 1331662K->1063321K(2944064K), 0.0446720 secs]
[GC 1319385K->1074933K(2944064K), 0.0477450 secs]
[GC 1330997K->1073426K(2944064K), 0.0525040 secs]
[GC 1329490K->1076434K(2944064K), 0.0489560 secs]
[GC 1332498K->1085704K(2944064K), 0.0485220 secs]
[GC 1341768K->1073290K(2944064K), 0.0523970 secs]
[GC 1329354K->1085072K(2944064K), 0.0486650 secs]
[GC 1341136K->1090755K(2944064K), 0.0543370 secs]
[GC 1346819K->1078887K(2944064K), 0.0555990 secs]
[GC 1334951K->1097782K(2944064K), 0.0485270 secs]
[GC 1353846K->1081959K(2944064K), 0.0508050 secs]
[GC 1338023K->1094990K(2944064K), 0.0484290 secs]
[GC 1351054K->1093959K(2944064K), 0.0474080 secs]
[GC 1350023K->1096730K(2944064K), 0.0517810 secs]
[GC 1352794K->1106897K(2944064K), 0.0554580 secs]
[GC 1362961K->1093836K(2944064K), 0.0542480 secs]
[GC 1349900K->1106412K(2944064K), 0.0544520 secs]
[GC 1362476K->1104614K(2944064K), 0.0487640 secs]
[GC 1360678K->1107339K(2944064K), 0.0472080 secs]
[GC 1363403K->1109384K(2944064K), 0.0459640 secs]
[GC 1365448K->1111669K(2944064K), 0.0478200 secs]
[GC 1367733K->1113675K(2944064K), 0.0499590 secs]
[GC 1369739K->1115728K(2944064K), 0.0497250 secs]
[GC 1371792K->1125586K(2944064K), 0.0530910 secs]
[GC 1381650K->1112392K(2944064K), 0.0492250 secs]
[GC 1368456K->1132203K(2944064K), 0.0577800 secs]
[GC 1388267K->1115231K(2944064K), 0.0498890 secs]
[GC 1371295K->1128842K(2944064K), 0.0545260 secs]
[GC 1384906K->1127494K(2944064K), 0.0500130 secs]
[GC 1383558K->1138265K(2944064K), 0.0518050 secs]
[GC 1394329K->1124788K(2944064K), 0.0487780 secs]
[GC 1380852K->1137362K(2944064K), 0.0515360 secs]
[GC 1393426K->1135407K(2944064K), 0.0499850 secs]
[GC 1391471K->1146118K(2944064K), 0.0540110 secs]
[GC 1402182K->1132811K(2944064K), 0.0502720 secs]
[GC 1388875K->1152431K(2944064K), 0.0457530 secs]
[GC 1408495K->1135549K(2944064K), 0.0496070 secs]
[GC 1391613K->1156550K(2944064K), 0.0493340 secs]
[GC 1412614K->1139818K(2944064K), 0.0495370 secs]
[GC 1395882K->1153149K(2944064K), 0.0563570 secs]
[GC 1409213K->1151716K(2944064K), 0.0470070 secs]
[GC 1407780K->1154515K(2944064K), 0.0466720 secs]
[GC 1410579K->1156876K(2944064K), 0.0476240 secs]
[GC 1412940K->1166456K(2944064K), 0.0474550 secs]
[GC 1422520K->1153154K(2944064K), 0.0499810 secs]
[GC 1409218K->1172383K(2944064K), 0.0478960 secs]
[GC 1428447K->1155617K(2944064K), 0.0484890 secs]
[GC 1411681K->1176419K(2944064K), 0.0456500 secs]
[GC 1432483K->1159920K(2944064K), 0.0493550 secs]
[GC 1415984K->1173660K(2944064K), 0.0466040 secs]
[GC 1429724K->1179786K(2944064K), 0.0454840 secs]
[GC 1435850K->1167302K(2944064K), 0.0477700 secs]
[GC 1423366K->1179741K(2944064K), 0.0467350 secs]
[GC 1435805K->1185723K(2944064K), 0.0466750 secs]
[GC 1441787K->1173190K(2944064K), 0.0490770 secs]
[GC 1429254K->1185958K(2944064K), 0.0542840 secs]
[GC 1442022K->1191551K(2944064K), 0.0486770 secs]
[GC 1447615K->1178970K(2944064K), 0.0541300 secs]
[GC 1435034K->1198909K(2944064K), 0.0516510 secs]
[GC 1454973K->1181993K(2944064K), 0.0576470 secs]
[GC 1438057K->1206182K(2944064K), 0.0594780 secs]
[GC 1462204K->1231873K(2944064K), 0.0726920 secs]
[GC 1487937K->1261883K(2944064K), 0.0797340 secs]
[GC 1517947K->1258654K(2944064K), 0.0905100 secs]
[GC 1511974K->1274688K(2944064K), 0.0952430 secs]
[GC 1530725K->1303156K(2944064K), 0.0762530 secs]
[GC 1557380K->1302446K(2944064K), 0.0846720 secs]
[GC 1558510K->1351779K(2944064K), 0.0789710 secs]
[GC 1607843K->1340720K(2944064K), 0.0816040 secs]
[GC 1596784K->1383491K(2944064K), 0.0866440 secs]
[GC 1639555K->1382634K(2944064K), 0.0829440 secs]
[GC 1638698K->1364050K(2944064K), 0.0781930 secs]
[GC 1620062K->1396525K(2944064K), 0.0778050 secs]
[GC 1652589K->1395816K(2944064K), 0.0811900 secs]
[GC 1651880K->1446294K(2944064K), 0.0761710 secs]
[GC 1702358K->1443249K(2944064K), 0.0795120 secs]
[GC 1699313K->1488567K(2944064K), 0.0784550 secs]
[GC 1744631K->1468242K(2944064K), 0.0880790 secs]
[GC 1720707K->1516298K(2944064K), 0.0805790 secs]
[GC 1772362K->1499630K(2944064K), 0.0783280 secs]
[GC 1755694K->1534626K(2944064K), 0.0786200 secs]
[GC 1790690K->1567128K(2944064K), 0.0997310 secs]
[GC 1823192K->1553454K(2944064K), 0.0822690 secs]
[GC 1809518K->1595109K(2944064K), 0.0829230 secs]
[GC 1851173K->1574490K(2944064K), 0.0760940 secs]
[GC 1830554K->1625797K(2944064K), 0.0822280 secs]
[GC 1881861K->1602557K(2944064K), 0.0721840 secs]
[GC 1858621K->1630447K(2944064K), 0.0600290 secs]
[GC 1886511K->1608850K(2944064K), 0.0741750 secs]
[GC 1864914K->1626058K(2944064K), 0.0552570 secs]
[GC 1882122K->1594100K(2944064K), 0.0555790 secs]
[GC 1850164K->1628556K(2944064K), 0.0564610 secs]
[GC 1884620K->1598024K(2944064K), 0.0611830 secs]
[GC 1854088K->1623159K(2944064K), 0.0607640 secs]
[GC 1879223K->1634164K(2944064K), 0.0621180 secs]
[GC 1890228K->1640130K(2944064K), 0.0620880 secs]
[GC 1896194K->1614824K(2944064K), 0.0754710 secs]
[GC 1870888K->1615811K(2944064K), 0.0584850 secs]
[GC 1871875K->1640007K(2944064K), 0.0601450 secs]
[GC 1896071K->1615594K(2944064K), 0.0639960 secs]
[GC 1871658K->1620011K(2944064K), 0.0736750 secs]
[GC 1876075K->1626789K(2944064K), 0.0552170 secs]
[GC 1882853K->1630840K(2944064K), 0.0463730 secs]
[GC 1886904K->1631115K(2944064K), 0.0504820 secs]
[GC 1887179K->1624464K(2944064K), 0.0585130 secs]
[GC 1880528K->1634682K(2944064K), 0.0492920 secs]
[GC 1890746K->1637193K(2944064K), 0.0508160 secs]
[GC 1893257K->1630883K(2944064K), 0.0457940 secs]
[GC 1886947K->1640959K(2944064K), 0.0471210 secs]
[GC 1897023K->1635265K(2944064K), 0.0565740 secs]
[GC 1891329K->1637410K(2944064K), 0.0558500 secs]
[GC 1893474K->1639512K(2944064K), 0.0540360 secs]
[GC 1895576K->1641864K(2944064K), 0.0581760 secs]
[GC 1897928K->1660550K(2944064K), 0.0484010 secs]
[GC 1916614K->1646090K(2944064K), 0.0499000 secs]
[GC 1902154K->1659522K(2944064K), 0.0528490 secs]
[GC 1915586K->1665551K(2944064K), 0.0491990 secs]
[GC 1921615K->1652382K(2944064K), 0.0510950 secs]
[GC 1908446K->1673565K(2944064K), 0.0475160 secs]
[GC 1929629K->1655501K(2944064K), 0.0591930 secs]
[GC 1911565K->1670620K(2944064K), 0.0564710 secs]
[GC 1926684K->1677129K(2944064K), 0.0535370 secs]
[GC 1933193K->1663616K(2944064K), 0.0576920 secs]
[GC 1919680K->1685428K(2944064K), 0.0558660 secs]
[GC 1941492K->1666927K(2944064K), 0.0495160 secs]
[GC 1922991K->1689862K(2944064K), 0.0515870 secs]
[GC 1945926K->1671531K(2944064K), 0.0486620 secs]
[GC 1927595K->1693845K(2944064K), 0.0502670 secs]
[GC 1949909K->1675952K(2944064K), 0.0470360 secs]
[GC 1932016K->1691028K(2944064K), 0.0621540 secs]
[GC 1947092K->1697912K(2944064K), 0.0503490 secs]
[GC 1953976K->1684147K(2944064K), 0.0597440 secs]
[GC 1940211K->1706076K(2944064K), 0.0492000 secs]
[GC 1962140K->1687749K(2944064K), 0.0537860 secs]
[GC 1943813K->1702677K(2944064K), 0.0492590 secs]
[GC 1958741K->1717702K(2944064K), 0.0656070 secs]
[GC 1973766K->1737535K(2944064K), 0.0778270 secs]
[GC 1993599K->1769262K(2944064K), 0.0836160 secs]
[GC 2025326K->1795147K(2944064K), 0.0927320 secs]
[GC 2051211K->1805254K(2944064K), 0.0931680 secs]
[GC 2061310K->1820019K(2944064K), 0.0842940 secs]
[GC 2076040K->1834249K(2944064K), 0.0824430 secs]
[GC 2086740K->1846902K(2944064K), 0.0862570 secs]
[GC 2102224K->1865724K(2944064K), 0.0855000 secs]
[GC 2119164K->1894201K(2944064K), 0.0926270 secs]
[GC 2150265K->1897132K(2944064K), 0.0858490 secs]
[GC 2153163K->1893766K(2944064K), 0.0981840 secs]
[GC 2149830K->1940933K(2944064K), 0.0663860 secs]
[GC 2196981K->1941564K(2944064K), 0.0884080 secs]
[GC 2197589K->1956753K(2944064K), 0.0806390 secs]
[GC 2212817K->1971326K(2944064K), 0.0834090 secs]
[GC 2225722K->2002533K(2944064K), 0.0962310 secs]
[GC 2258597K->2006705K(2944064K), 0.0864730 secs]
[GC 2262769K->2020877K(2944064K), 0.0805560 secs]
[GC 2276941K->2048825K(2944064K), 0.0864890 secs]
[GC 2304872K->2030576K(2944064K), 0.0792290 secs]
[GC 2286640K->2079639K(2944064K), 0.0827330 secs]
[GC 2335703K->2067807K(2944064K), 0.0837380 secs]
[GC 2323871K->2077362K(2944064K), 0.0787320 secs]
[GC 2333426K->2091399K(2944064K), 0.0804900 secs]
[GC 2347463K->2086754K(2944064K), 0.0713400 secs]
[GC 2342818K->2122753K(2944064K), 0.0630270 secs]
[GC 2378817K->2091257K(2944064K), 0.0608500 secs]
[GC 2347321K->2129241K(2944064K), 0.0610290 secs]
[GC 2385305K->2110350K(2944064K), 0.0765970 secs]
[GC 2366414K->2128851K(2944064K), 0.0589400 secs]
[GC 2384915K->2096873K(2944064K), 0.0618460 secs]
[GC 2352937K->2133403K(2944064K), 0.0618320 secs]
[GC 2389467K->2102303K(2944064K), 0.0638730 secs]
[GC 2358367K->2143336K(2944064K), 0.0663910 secs]
[GC 2399400K->2128228K(2944064K), 0.0782930 secs]
[GC 2384292K->2143101K(2944064K), 0.0611800 secs]
[GC 2399165K->2112567K(2944064K), 0.0664230 secs]
[GC 2368631K->2146879K(2944064K), 0.0638790 secs]
[GC 2402910K->2135363K(2944064K), 0.0813020 secs]
[GC 2391407K->2158028K(2944064K), 0.0720410 secs]
[GC 2412388K->2188425K(2944064K), 0.0878430 secs]
[GC 2444489K->2221866K(2944064K), 0.0993770 secs]
[GC 2477930K->2207481K(2944064K), 0.1056530 secs]
[GC 2459961K->2254337K(2944064K), 0.0733360 secs]
[GC 2507878K->2236002K(2944064K), 0.1059340 secs]
[GC 2492066K->2287421K(2944064K), 0.0718450 secs]
[GC 2543485K->2270497K(2944064K), 0.1012330 secs]
[GC 2526561K->2319588K(2944064K), 0.0690400 secs]
[GC 2575652K->2302994K(2944064K), 0.0965340 secs]
[GC 2559058K->2333663K(2944064K), 0.0888920 secs]
[GC 2589727K->2361103K(2944064K), 0.0865060 secs]
[GC 2617167K->2359345K(2949056K), 0.0851810 secs]
[GC 2614420K->2401771K(2949056K), 0.0792820 secs]
[GC 2657835K->2411675K(2981888K), 0.1101980 secs]
[GC 2667739K->2416122K(2999936K), 0.0904910 secs]
[GC 2672186K->2457001K(3017600K), 0.0993620 secs]
[GC 2713065K->2454528K(3038720K), 0.0980640 secs]
[GC 2710592K->2486158K(3056768K), 0.0913770 secs]
[GC 2742219K->2518719K(3074816K), 0.0945490 secs]
[GC 2772701K->2517273K(3093824K), 0.1083920 secs]
[GC 2773337K->2558967K(3113216K), 0.0993620 secs]
[GC 2815031K->2575538K(3131840K), 0.0996880 secs]
[GC 2828495K->2567212K(3150272K), 0.0988960 secs]
[GC 2823276K->2567298K(3170624K), 0.0865240 secs]
[GC 2823362K->2601450K(3170624K), 0.0580230 secs]
[GC 2857514K->2572551K(3170624K), 0.0649130 secs]
[GC 2828615K->2596670K(3170624K), 0.0659690 secs]
[GC 2852734K->2584001K(3191936K), 0.0821500 secs]
[GC 2840065K->2597472K(3191936K), 0.0580590 secs]
[GC 2853536K->2609399K(3191936K), 0.0629720 secs]
[GC 2865463K->2626216K(3191936K), 0.0610780 secs]
[GC 2882280K->2602170K(3191936K), 0.0632700 secs]
[GC 2858192K->2651628K(3209792K), 0.0962570 secs]
[GC 2907692K->2640647K(3224576K), 0.1018600 secs]
[GC 2896711K->2687466K(3242432K), 0.1080510 secs]
[GC 2943530K->2684445K(3267392K), 0.1073550 secs]
[GC 2940509K->2725106K(3267392K), 0.0720920 secs]
[GC 2981170K->2742915K(3285440K), 0.0953550 secs]
[GC 2998979K->2745358K(3317696K), 0.1046290 secs]
[GC 3001422K->2750635K(3334592K), 0.0932050 secs]
[GC 3006699K->2769192K(3353792K), 0.0986430 secs]
[GC 3025245K->2793799K(3370112K), 0.0890930 secs]
[GC 3049863K->2827275K(3370112K), 0.0788210 secs]
[GC 3083339K->2809637K(3404096K), 0.1064270 secs]
[GC 3065701K->2861509K(3404096K), 0.0777800 secs]
[GC 3117573K->2870929K(3438464K), 0.1124160 secs]
[GC 3126944K->2856099K(3455744K), 0.0918490 secs]
[GC 3112163K->2912708K(3455744K), 0.0762510 secs]
[GC 3165399K->2899639K(3490304K), 0.1124690 secs]
[GC 3155703K->2903777K(3506240K), 0.0898370 secs]
[GC 3159841K->2956890K(3524864K), 0.0922130 secs]
[GC 3212954K->2968492K(3541184K), 0.0924380 secs]
[GC 3224556K->2998120K(3541184K), 0.0828720 secs]
[GC 3254184K->2984065K(3577664K), 0.1153380 secs]
[GC 3240129K->3034754K(3577664K), 0.0774260 secs]
[GC 3290818K->3021534K(3612800K), 0.1099100 secs]
[GC 3277543K->3030321K(3633344K), 0.0908450 secs]
[GC 3286385K->3086696K(3633344K), 0.0733060 secs]
[GC 3342760K->3086508K(3657728K), 0.1078730 secs]
[GC 3342546K->3094966K(3684992K), 0.1078300 secs]
[GC 3349326K->3119594K(3704192K), 0.0948730 secs]
[GC 3375658K->3136340K(3723968K), 0.1000590 secs]
[GC 3392404K->3157858K(3742784K), 0.1013190 secs]
[GC 3413922K->3203899K(3761600K), 0.0928920 secs]
[GC 3456710K->3222719K(3783872K), 0.1006210 secs]
[GC 3478754K->3225839K(3805760K), 0.1010990 secs]
[GC 3481903K->3245005K(3827840K), 0.0977930 secs]
[GC 3501069K->3300413K(3846848K), 0.0994090 secs]
[GC 3556477K->3291162K(3868736K), 0.1082380 secs]
 INFO  [hz._hzInstance_1_FenixFrameworkGroup.HealthMonitor] {com.hazelcast.util.HealthMonitor} [127.0.0.1]:5708 [FenixFrameworkGroup] 
memory used=3.3G, free=412.4M, total=3.7G, max=4.7G, used/total=89.08% used/max=70.24%
cpu process-load=3.00%, system-load=17.00%, system-loadaverage=204.00%
[GC 3546622K->3310152K(3890624K), 0.1049720 secs]
[GC 3566188K->3331685K(3912704K), 0.0973740 secs]
[GC 3587749K->3334446K(3934976K), 0.1020100 secs]
[GC 3590510K->3406372K(3953024K), 0.1006030 secs]
 INFO  [hz._hzInstance_1_FenixFrameworkGroup.HealthMonitor] {com.hazelcast.util.HealthMonitor} [127.0.0.1]:5708 [FenixFrameworkGroup] 
memory used=3.5G, free=310.3M, total=3.8G, max=4.7G, used/total=91.96% used/max=74.09%
cpu process-load=3.00%, system-load=18.00%, system-loadaverage=233.00%
[GC 3662436K->3392399K(3975296K), 0.1181770 secs]
[GC 3648463K->3431699K(3996608K), 0.1085780 secs]
[GC 3431923K(3996608K), 0.0365730 secs]
[GC 3687763K->3439688K(4018112K), 0.1065070 secs]
[GC 3693007K->3477681K(4040192K), 0.1101640 secs]
[GC 3643014K(4040192K), 0.0696210 secs]
[GC 3461727K->3208843K(4040192K), 0.1072630 secs]
[GC 3127227K->2896086K(4650752K), 0.1122330 secs]
[GC 3152150K->2948217K(4650752K), 0.1084680 secs]
[GC 3204281K->2944094K(4650752K), 0.1128560 secs]
[GC 3200158K->2957398K(4650752K), 0.1186840 secs]
[GC 3213462K->2977846K(4650752K), 0.1087950 secs]
[GC 3233910K->2997091K(4650752K), 0.1061060 secs]
[GC 3253147K->3020883K(4650752K), 0.1081940 secs]
[GC 3276947K->3032213K(4650752K), 0.0997210 secs]
[GC 3288277K->3058398K(4650752K), 0.0784740 secs]
[GC 3314462K->3034244K(4650752K), 0.0969460 secs]
[GC 3290308K->3069305K(4650752K), 0.0777990 secs]
[GC 3322252K->3093219K(4650752K), 0.0925360 secs]
[GC 3349283K->3116583K(4650752K), 0.1264680 secs]
[GC 3372647K->3135185K(4650752K), 0.1117940 secs]
[GC 3391249K->3151458K(4650752K), 0.1212700 secs]
[GC 3407489K->3144311K(4650752K), 0.1028760 secs]
[GC 3397904K->3178532K(4650752K), 0.1014890 secs]
[GC 3434596K->3197752K(4650752K), 0.1040470 secs]
[GC 3453816K->3207618K(4650752K), 0.0972790 secs]
[GC 3463648K->3218300K(4650752K), 0.0940550 secs]
[GC 3474360K->3253859K(4650752K), 0.1028200 secs]
[GC 3508768K->3275940K(4650752K), 0.1104340 secs]
[GC 3532004K->3279988K(4650752K), 0.1023470 secs]
[GC 3536052K->3316969K(4650752K), 0.0991060 secs]
[GC 3573033K->3313591K(4650752K), 0.0929300 secs]
[GC 3568417K->3333418K(4650752K), 0.1103650 secs]
 INFO  [hz._hzInstance_1_FenixFrameworkGroup.HealthMonitor] {com.hazelcast.util.HealthMonitor} [127.0.0.1]:5708 [FenixFrameworkGroup] 
memory used=3.3G, free=1.1G, total=4.4G, max=4.7G, used/total=74.19% used/max=70.32%
cpu process-load=2.00%, system-load=14.00%, system-loadaverage=336.00%
[GC 3585949K->3370138K(4650752K), 0.1337170 secs]
[GC 3626202K->3401231K(4650752K), 0.1115060 secs]
[GC 3657295K->3412823K(4650752K), 0.1030330 secs]
[GC 3668887K->3409802K(4650752K), 0.0956740 secs]
 INFO  [hz._hzInstance_1_FenixFrameworkGroup.HealthMonitor] {com.hazelcast.util.HealthMonitor} [127.0.0.1]:5708 [FenixFrameworkGroup] 
memory used=3.4G, free=1.1G, total=4.4G, max=4.7G, used/total=75.92% used/max=71.96%
cpu process-load=2.00%, system-load=14.00%, system-loadaverage=385.00%
[GC 3665866K->3429771K(4650752K), 0.1020400 secs]
[GC 3682167K->3464912K(4650752K), 0.1060250 secs]
[GC 3717423K->3467556K(4650752K), 0.1039610 secs]
[GC 3723620K->3486343K(4650752K), 0.1024380 secs]
 INFO  [hz._hzInstance_1_FenixFrameworkGroup.HealthMonitor] {com.hazelcast.util.HealthMonitor} [127.0.0.1]:5708 [FenixFrameworkGroup] 
memory used=3.4G, free=1.0G, total=4.4G, max=4.7G, used/total=76.48% used/max=72.49%
cpu process-load=2.00%, system-load=14.00%, system-loadaverage=334.00%
[GC 3742407K->3491046K(4650752K), 0.0959350 secs]
 INFO  [hz._hzInstance_1_FenixFrameworkGroup.HealthMonitor] {com.hazelcast.util.HealthMonitor} [127.0.0.1]:5708 [FenixFrameworkGroup] 
memory used=3.4G, free=1.1G, total=4.4G, max=4.7G, used/total=75.83% used/max=71.88%
cpu process-load=1.00%, system-load=8.00%, system-loadaverage=283.00%
 INFO  [hz._hzInstance_1_FenixFrameworkGroup.HealthMonitor] {com.hazelcast.util.HealthMonitor} [127.0.0.1]:5708 [FenixFrameworkGroup] 
memory used=3.4G, free=1020.9M, total=4.4G, max=4.7G, used/total=77.52% used/max=73.48%
cpu process-load=1.00%, system-load=9.00%, system-loadaverage=239.00%
 INFO  [hz._hzInstance_1_FenixFrameworkGroup.HealthMonitor] {com.hazelcast.util.HealthMonitor} [127.0.0.1]:5708 [FenixFrameworkGroup] 
memory used=3.5G, free=938.1M, total=4.4G, max=4.7G, used/total=79.35% used/max=75.21%
cpu process-load=1.00%, system-load=8.00%, system-loadaverage=202.00%
[GC 3747110K->3506608K(4650752K), 0.0979480 secs]
 INFO  [hz._hzInstance_1_FenixFrameworkGroup.HealthMonitor] {com.hazelcast.util.HealthMonitor} [127.0.0.1]:5708 [FenixFrameworkGroup] 
memory used=3.4G, free=1.1G, total=4.4G, max=4.7G, used/total=75.99% used/max=72.03%
cpu process-load=1.00%, system-load=8.00%, system-loadaverage=171.00%
[GC 3762672K->3563619K(4650752K), 0.0919650 secs]
 INFO  [hz._hzInstance_1_FenixFrameworkGroup.HealthMonitor] {com.hazelcast.util.HealthMonitor} [127.0.0.1]:5708 [FenixFrameworkGroup] 
memory used=3.6G, free=888.8M, total=4.4G, max=4.7G, used/total=80.43% used/max=76.24%
cpu process-load=1.00%, system-load=10.00%, system-loadaverage=145.00%
[GC 3819683K->3587334K(4650752K), 0.1181060 secs]
[GC 3843398K->3602914K(4650752K), 0.1203410 secs]
[GC 3858930K->3585501K(4650752K), 0.1092360 secs]
[GC 3841565K->3638030K(4650752K), 0.1087010 secs]
 INFO  [hz._hzInstance_1_FenixFrameworkGroup.HealthMonitor] {com.hazelcast.util.HealthMonitor} [127.0.0.1]:5708 [FenixFrameworkGroup] 
memory used=3.7G, free=782.4M, total=4.4G, max=4.7G, used/total=82.77% used/max=78.45%
cpu process-load=1.00%, system-load=11.00%, system-loadaverage=139.00%
[GC 3893737K->3641615K(4650752K), 0.1042670 secs]
[GC 3897679K->3681072K(4650752K), 0.1007210 secs]
[GC 3936559K->3678253K(4650752K), 0.1073820 secs]
[GC 3934317K->3731145K(4650752K), 0.1026640 secs]
[GC 3987166K->3717361K(4650752K), 0.1058640 secs]
 INFO  [hz._hzInstance_1_FenixFrameworkGroup.HealthMonitor] {com.hazelcast.util.HealthMonitor} [127.0.0.1]:5708 [FenixFrameworkGroup] 
memory used=3.5G, free=911.5M, total=4.4G, max=4.7G, used/total=79.93% used/max=75.76%
cpu process-load=1.00%, system-load=11.00%, system-loadaverage=133.00%
[GC 3973425K->3754989K(4650752K), 0.1044860 secs]
[GC 4009524K->3761249K(4650752K), 0.1048070 secs]
[GC 4017313K->3799925K(4650752K), 0.0998260 secs]
[GC 4053990K->3816221K(4650752K), 0.1052160 secs]
 INFO  [hz._hzInstance_1_FenixFrameworkGroup.HealthMonitor] {com.hazelcast.util.HealthMonitor} [127.0.0.1]:5708 [FenixFrameworkGroup] 
memory used=3.7G, free=781.2M, total=4.4G, max=4.7G, used/total=82.80% used/max=78.48%
cpu process-load=1.00%, system-load=12.00%, system-loadaverage=127.00%
[GC 4072285K->3837798K(4650752K), 0.0986340 secs]
[GC 4093151K->3844031K(4650752K), 0.1081710 secs]
[GC 4100095K->3889959K(4650752K), 0.0963540 secs]
[GC 4144235K->3878084K(4650752K), 0.1113770 secs]
 INFO  [hz._hzInstance_1_FenixFrameworkGroup.HealthMonitor] {com.hazelcast.util.HealthMonitor} [127.0.0.1]:5708 [FenixFrameworkGroup] 
memory used=3.8G, free=675.7M, total=4.4G, max=4.7G, used/total=85.12% used/max=80.68%
cpu process-load=1.00%, system-load=11.00%, system-loadaverage=123.00%
[GC 4134148K->3918204K(4650752K), 0.1066810 secs]
[GC 4172491K->3901075K(4650752K), 0.1013480 secs]
[GC 4157139K->3948825K(4650752K), 0.0966540 secs]
[GC 4203424K->3958783K(4650752K), 0.1022610 secs]
 INFO  [hz._hzInstance_1_FenixFrameworkGroup.HealthMonitor] {com.hazelcast.util.HealthMonitor} [127.0.0.1]:5708 [FenixFrameworkGroup] 
memory used=3.9G, free=537.1M, total=4.4G, max=4.7G, used/total=88.17% used/max=83.57%
cpu process-load=1.00%, system-load=11.00%, system-loadaverage=120.00%
[GC 4214847K->3997685K(4650752K), 0.0983940 secs]
[GC 4253629K->3996187K(4650752K), 0.1023900 secs]
[GC 4252251K->4049018K(4650752K), 0.1088640 secs]
 INFO  [pool-1-thread-1] {org.radargun.Slave} Executing stage: ClearClusterStage {ClearCluster {exitBenchmarkOnSlaveFailure=false, runOnAllSlaves=false, slaves=[ 0 ], useSmartClassLoading=true }
 INFO  [pool-1-thread-1] {org.radargun.stages.ClearClusterStage} Before executing clear, memory looks like this: Memory - free: 433,179 kb - max:4,906,688 kb- total:4,650,752 kb
[Full GC 4217572K->3667644K(4650752K), 11.1777640 secs]
 INFO  [pool-1-thread-1] {org.radargun.stages.ClearClusterStage} After executing cleanup, memory looks like this: Memory - free: 1,237,704 kb - max:4,906,688 kb- total:4,906,688 kb
 INFO  [hz._hzInstance_1_FenixFrameworkGroup.HealthMonitor] {com.hazelcast.util.HealthMonitor} [127.0.0.1]:5708 [FenixFrameworkGroup] 
memory used=3.5G, free=1.2G, total=4.7G, max=4.7G, used/total=74.92% used/max=74.92%
cpu process-load=2.00%, system-load=17.00%, system-loadaverage=266.00%
 INFO  [pool-1-thread-1] {org.radargun.Slave} Finished stage: ClearClusterStage {ClearCluster {exitBenchmarkOnSlaveFailure=false, runOnAllSlaves=false, slaves=[ 0 ], useSmartClassLoading=true }
 INFO  [main] {org.radargun.Slave} Ack successfully sent to the master
 INFO  [pool-1-thread-1] {org.radargun.Slave} Executing stage: StressTest {bulkSize=1, cacheSpecificKeyGenerator=false, commitTransactions=true, duration=1 mins 0 secs, entrySize=1000, exitBenchmarkOnSlaveFailure=false, fixedKeys=true, generateHistogramRange=false, keyGeneratorClass=org.radargun.stressors.StringKeyGenerator, keyGeneratorParam=null, loadAllKeys=false, numEntries=10000, numOfThreads=4, numRequests=10000000, numThreads=4, numberOfAttributes=10000, numberOfRequests=10000000, opsCountStatusLog=500000, poolKeys=true, preferAsyncOperations=false, removePercentage=0, replaceInvalidPercentage=40, runOnAllSlaves=false, sharedKeys=false, sizeOfAnAttribute=1000, slaves=null, transactionSize=10000, useAtomics=false, useHistogramStatistics=false, useSimpleStatistics=true, useSmartClassLoading=true, useTransactions=true, writePercentage=10, writeTxPercentage=100 }
 INFO  [pool-1-thread-1] {org.radargun.stages.StressTestStage} Starting StressTestStage: StressTest {bulkSize=1, cacheSpecificKeyGenerator=false, commitTransactions=true, duration=1 mins 0 secs, entrySize=1000, exitBenchmarkOnSlaveFailure=false, fixedKeys=true, generateHistogramRange=false, keyGeneratorClass=org.radargun.stressors.StringKeyGenerator, keyGeneratorParam=null, loadAllKeys=false, numEntries=10000, numOfThreads=4, numRequests=10000000, numThreads=4, numberOfAttributes=10000, numberOfRequests=10000000, opsCountStatusLog=500000, poolKeys=true, preferAsyncOperations=false, removePercentage=0, replaceInvalidPercentage=40, runOnAllSlaves=false, sharedKeys=false, sizeOfAnAttribute=1000, slaves=null, transactionSize=10000, useAtomics=false, useHistogramStatistics=false, useSimpleStatistics=true, useSmartClassLoading=true, useTransactions=true, writePercentage=10, writeTxPercentage=100 }
 INFO  [pool-1-thread-1] {org.radargun.stressors.StressTestStressor} Using key generator org.radargun.stressors.StringKeyGenerator, param null
 INFO  [pool-1-thread-1] {org.radargun.stressors.StressTestStressor} Executing: StressTestStressor{opsCountStatusLog=500000, numRequests=10000000, numEntries=10000, entrySize=1000, writePercentage=10, numThreads=4, cacheWrapper=org.radargun.cachewrappers.FFWrapper@68f392bc, nodeIndex=7, useTransactions=true, transactionSize=10000, commitTransactions=true, durationMillis=60000}
 INFO  [pool-1-thread-1] {org.radargun.stressors.StressTestStressor} Cache wrapper info is: FFWrapper using infinispan52
[GC 4094332K->3760974K(4906688K), 0.6089060 secs]
 INFO  [hz._hzInstance_1_FenixFrameworkGroup.HealthMonitor] {com.hazelcast.util.HealthMonitor} [127.0.0.1]:5708 [FenixFrameworkGroup] 
memory used=3.8G, free=934.6M, total=4.7G, max=4.7G, used/total=80.50% used/max=80.50%
cpu process-load=4.00%, system-load=18.00%, system-loadaverage=232.00%
[GC 4187662K->3717500K(4906688K), 0.5970070 secs]
 INFO  [hz._hzInstance_1_FenixFrameworkGroup.HealthMonitor] {com.hazelcast.util.HealthMonitor} [127.0.0.1]:5708 [FenixFrameworkGroup] 
memory used=3.9G, free=837.4M, total=4.7G, max=4.7G, used/total=82.52% used/max=82.52%
cpu process-load=7.00%, system-load=26.00%, system-loadaverage=197.00%
[GC 4144188K->3730709K(4906688K), 0.4616860 secs]
[GC 4157397K->3737453K(4906688K), 0.5826100 secs]
 INFO  [hz._hzInstance_1_FenixFrameworkGroup.HealthMonitor] {com.hazelcast.util.HealthMonitor} [127.0.0.1]:5708 [FenixFrameworkGroup] 
memory used=3.6G, free=1.1G, total=4.7G, max=4.7G, used/total=76.49% used/max=76.49%
cpu process-load=7.00%, system-load=25.00%, system-loadaverage=198.00%
[GC 4164141K->3751375K(4906688K), 0.6174970 secs]
 INFO  [hz._hzInstance_1_FenixFrameworkGroup.HealthMonitor] {com.hazelcast.util.HealthMonitor} [127.0.0.1]:5708 [FenixFrameworkGroup] 
memory used=3.7G, free=1004.6M, total=4.7G, max=4.7G, used/total=79.03% used/max=79.03%
cpu process-load=7.00%, system-load=25.00%, system-loadaverage=197.00%
[GC 4178063K->3765283K(4906688K), 0.4901450 secs]
 INFO  [hz._hzInstance_1_FenixFrameworkGroup.HealthMonitor] {com.hazelcast.util.HealthMonitor} [127.0.0.1]:5708 [FenixFrameworkGroup] 
memory used=3.8G, free=870.8M, total=4.7G, max=4.7G, used/total=81.83% used/max=81.83%
cpu process-load=6.00%, system-load=25.00%, system-loadaverage=167.00%
[GC 4191971K->3776737K(4906688K), 0.4919050 secs]
 INFO  [hz._hzInstance_1_FenixFrameworkGroup.HealthMonitor] {com.hazelcast.util.HealthMonitor} [127.0.0.1]:5708 [FenixFrameworkGroup] 
memory used=4.0G, free=712.8M, total=4.7G, max=4.7G, used/total=85.12% used/max=85.12%
cpu process-load=7.00%, system-load=26.00%, system-loadaverage=141.00%
[GC 4203425K->3773677K(4906688K), 0.4887760 secs]
[GC 4200365K->3767021K(4906688K), 0.5178700 secs]
 INFO  [hz._hzInstance_1_FenixFrameworkGroup.HealthMonitor] {com.hazelcast.util.HealthMonitor} [127.0.0.1]:5708 [FenixFrameworkGroup] 
memory used=3.7G, free=1012.2M, total=4.7G, max=4.7G, used/total=78.87% used/max=78.87%
cpu process-load=7.00%, system-load=25.00%, system-loadaverage=119.00%
[GC 4193709K->3789515K(4906688K), 0.5119360 secs]
 INFO  [hz._hzInstance_1_FenixFrameworkGroup.HealthMonitor] {com.hazelcast.util.HealthMonitor} [127.0.0.1]:5708 [FenixFrameworkGroup] 
memory used=3.9G, free=841.1M, total=4.7G, max=4.7G, used/total=82.45% used/max=82.45%
cpu process-load=7.00%, system-load=26.00%, system-loadaverage=101.00%
[GC 4216203K->3800529K(4906688K), 0.5271680 secs]
 INFO  [hz._hzInstance_1_FenixFrameworkGroup.HealthMonitor] {com.hazelcast.util.HealthMonitor} [127.0.0.1]:5708 [FenixFrameworkGroup] 
memory used=4.0G, free=698.8M, total=4.7G, max=4.7G, used/total=85.42% used/max=85.42%
cpu process-load=7.00%, system-load=26.00%, system-loadaverage=85.00%
[GC 4227217K->3801253K(4906688K), 0.5090440 secs]
[GC 4227941K->3811448K(4906688K), 0.5880050 secs]
 INFO  [hz._hzInstance_1_FenixFrameworkGroup.HealthMonitor] {com.hazelcast.util.HealthMonitor} [127.0.0.1]:5708 [FenixFrameworkGroup] 
memory used=3.7G, free=976.8M, total=4.7G, max=4.7G, used/total=79.62% used/max=79.62%
cpu process-load=7.00%, system-load=24.00%, system-loadaverage=104.00%
[GC 4238136K->3811032K(4906688K), 0.5561510 secs]
 INFO  [hz._hzInstance_1_FenixFrameworkGroup.HealthMonitor] {com.hazelcast.util.HealthMonitor} [127.0.0.1]:5708 [FenixFrameworkGroup] 
memory used=3.9G, free=809.9M, total=4.7G, max=4.7G, used/total=83.10% used/max=83.10%
cpu process-load=7.00%, system-load=26.00%, system-loadaverage=88.00%
[GC 4237720K->3821828K(4906688K), 0.5191540 secs]
 INFO  [hz._hzInstance_1_FenixFrameworkGroup.HealthMonitor] {com.hazelcast.util.HealthMonitor} [127.0.0.1]:5708 [FenixFrameworkGroup] 
memory used=4.0G, free=648.9M, total=4.7G, max=4.7G, used/total=86.46% used/max=86.46%
cpu process-load=7.00%, system-load=26.00%, system-loadaverage=104.00%
[GC 4248516K->3845286K(4906688K), 0.9124280 secs]
[GC 4271974K->3831319K(4906688K), 0.1022770 secs]
 INFO  [hz._hzInstance_1_FenixFrameworkGroup.HealthMonitor] {com.hazelcast.util.HealthMonitor} [127.0.0.1]:5708 [FenixFrameworkGroup] 
memory used=3.8G, free=943.9M, total=4.7G, max=4.7G, used/total=80.30% used/max=80.30%
cpu process-load=7.00%, system-load=24.00%, system-loadaverage=88.00%
[GC 4258007K->3834666K(4906688K), 0.1109680 secs]
 INFO  [hz._hzInstance_1_FenixFrameworkGroup.HealthMonitor] {com.hazelcast.util.HealthMonitor} [127.0.0.1]:5708 [FenixFrameworkGroup] 
memory used=3.9G, free=760.7M, total=4.7G, max=4.7G, used/total=84.12% used/max=84.12%
cpu process-load=7.00%, system-load=26.00%, system-loadaverage=82.00%
[GC 4261354K->3827209K(4906688K), 0.0903030 secs]
[GC 4253897K->3833311K(4906688K), 0.0965790 secs]
 INFO  [hz._hzInstance_1_FenixFrameworkGroup.HealthMonitor] {com.hazelcast.util.HealthMonitor} [127.0.0.1]:5708 [FenixFrameworkGroup] 
memory used=3.7G, free=970.5M, total=4.7G, max=4.7G, used/total=79.75% used/max=79.75%
cpu process-load=7.00%, system-load=28.00%, system-loadaverage=114.00%
[GC 4259999K->3842796K(4906688K), 0.0849650 secs]
 INFO  [hz._hzInstance_1_FenixFrameworkGroup.HealthMonitor] {com.hazelcast.util.HealthMonitor} [127.0.0.1]:5708 [FenixFrameworkGroup] 
memory used=3.9G, free=769.8M, total=4.7G, max=4.7G, used/total=83.93% used/max=83.93%
cpu process-load=7.00%, system-load=27.00%, system-loadaverage=96.00%
[GC 4269484K->3842425K(4906688K), 0.0944510 secs]
[GC 4269113K->3849831K(4906688K), 0.0838610 secs]
 INFO  [hz._hzInstance_1_FenixFrameworkGroup.HealthMonitor] {com.hazelcast.util.HealthMonitor} [127.0.0.1]:5708 [FenixFrameworkGroup] 
memory used=3.7G, free=990.0M, total=4.7G, max=4.7G, used/total=79.34% used/max=79.34%
cpu process-load=7.00%, system-load=27.00%, system-loadaverage=122.00%
[GC 4276519K->3867989K(4906688K), 0.0858560 secs]
 INFO  [hz._hzInstance_1_FenixFrameworkGroup.HealthMonitor] {com.hazelcast.util.HealthMonitor} [127.0.0.1]:5708 [FenixFrameworkGroup] 
memory used=3.9G, free=768.2M, total=4.7G, max=4.7G, used/total=83.97% used/max=83.97%
cpu process-load=7.00%, system-load=27.00%, system-loadaverage=103.00%
[GC 4294677K->3856103K(4906688K), 0.0924170 secs]
[GC 4282791K->3874088K(4906688K), 0.1284800 secs]
 INFO  [hz._hzInstance_1_FenixFrameworkGroup.HealthMonitor] {com.hazelcast.util.HealthMonitor} [127.0.0.1]:5708 [FenixFrameworkGroup] 
memory used=3.7G, free=983.1M, total=4.7G, max=4.7G, used/total=79.48% used/max=79.48%
cpu process-load=7.00%, system-load=27.00%, system-loadaverage=94.00%
[GC 4300776K->3902608K(4906688K), 0.0797140 secs]
 INFO  [hz._hzInstance_1_FenixFrameworkGroup.HealthMonitor] {com.hazelcast.util.HealthMonitor} [127.0.0.1]:5708 [FenixFrameworkGroup] 
memory used=3.9G, free=758.2M, total=4.7G, max=4.7G, used/total=84.18% used/max=84.18%
cpu process-load=7.00%, system-load=27.00%, system-loadaverage=80.00%
[GC 4329296K->3871883K(4906688K), 0.0975420 secs]
[GC 4298571K->3891596K(4906688K), 0.0945710 secs]
 INFO  [hz._hzInstance_1_FenixFrameworkGroup.HealthMonitor] {com.hazelcast.util.HealthMonitor} [127.0.0.1]:5708 [FenixFrameworkGroup] 
memory used=3.7G, free=991.3M, total=4.7G, max=4.7G, used/total=79.31% used/max=79.31%
cpu process-load=7.00%, system-load=28.00%, system-loadaverage=97.00%
 INFO  [pool-1-thread-1] {org.radargun.stressors.StressTestStressor} Started 4 stressor threads.
 INFO  [Stressor-3] {org.radargun.stressors.StressTestStressor} Number of ops executed so far: 1. Elapsed time: 0.000 secs. Remaining: 1 mins 0 secs. Total: 1 mins 0 secs
[GC 4318284K->3902782K(4906688K), 0.1279090 secs]
[GC 4328415K->3946104K(4906688K), 0.0905400 secs]
[GC 4372792K->3923165K(4906688K), 0.1032260 secs]
 INFO  [hz._hzInstance_1_FenixFrameworkGroup.HealthMonitor] {com.hazelcast.util.HealthMonitor} [127.0.0.1]:5708 [FenixFrameworkGroup] 
memory used=3.9G, free=839.4M, total=4.7G, max=4.7G, used/total=82.48% used/max=82.48%
cpu process-load=6.00%, system-load=27.00%, system-loadaverage=114.00%
[GC 4349834K->3942186K(4906688K), 0.0985520 secs]
[GC 4368874K->3962709K(4906688K), 0.0968570 secs]
[GC 4389397K->3971472K(4906688K), 0.0989760 secs]
[GC 4396494K->4002634K(4906688K), 0.0979590 secs]
[GC 4429194K->4041303K(4906688K), 0.0832840 secs]
 INFO  [hz._hzInstance_1_FenixFrameworkGroup.HealthMonitor] {com.hazelcast.util.HealthMonitor} [127.0.0.1]:5708 [FenixFrameworkGroup] 
memory used=3.9G, free=824.4M, total=4.7G, max=4.7G, used/total=82.79% used/max=82.79%
cpu process-load=6.00%, system-load=28.00%, system-loadaverage=165.00%
[GC 4467991K->4010956K(4906688K), 0.0927660 secs]
[GC 4436304K->4051949K(4906688K), 0.1025340 secs]
 INFO  [Stressor-1] {org.radargun.stressors.StressTestStressor} Number of ops executed so far: 244790. Elapsed time: 20.000 secs. Remaining: 40.000 secs. Total: 1 mins 0 secs
[GC 4478156K->4074169K(4906688K), 0.1098210 secs]
[GC 4500657K->4076958K(4906688K), 0.0954800 secs]
[GC 4078261K(4906688K), 0.0422180 secs]
 INFO  [hz._hzInstance_1_FenixFrameworkGroup.HealthMonitor] {com.hazelcast.util.HealthMonitor} [127.0.0.1]:5708 [FenixFrameworkGroup] 
memory used=4.3G, free=402.0M, total=4.7G, max=4.7G, used/total=91.61% used/max=91.61%
cpu process-load=6.00%, system-load=28.00%, system-loadaverage=147.00%
[GC 4503646K->4091846K(4906688K), 0.1003630 secs]
[GC 4518534K->4117009K(4906688K), 0.0963250 secs]
[GC 4543697K->4143201K(4906688K), 0.1022430 secs]
[GC 4379976K(4906688K), 0.0910310 secs]
[GC 4467565K->4048090K(4906688K), 0.0967330 secs]
[GC 4257393K->3848417K(4906688K), 0.0934270 secs]
 INFO  [hz._hzInstance_1_FenixFrameworkGroup.HealthMonitor] {com.hazelcast.util.HealthMonitor} [127.0.0.1]:5708 [FenixFrameworkGroup] 
memory used=4.1G, free=622.5M, total=4.7G, max=4.7G, used/total=87.01% used/max=87.01%
cpu process-load=7.00%, system-load=30.00%, system-loadaverage=178.00%
[GC 4275105K->3892056K(4906688K), 0.1064050 secs]
[GC 4318744K->3873963K(4906688K), 0.1181840 secs]
[GC 4300069K->3884863K(4906688K), 0.0709530 secs]
 INFO  [Stressor-1] {org.radargun.stressors.StressTestStressor} Number of ops executed so far: 480000. Elapsed time: 40.010 secs. Remaining: 19.990 secs. Total: 1 mins 0 secs
[GC 4311551K->3901307K(4906688K), 0.0813180 secs]
[GC 4327995K->3916117K(4906688K), 0.1001770 secs]
 INFO  [hz._hzInstance_1_FenixFrameworkGroup.HealthMonitor] {com.hazelcast.util.HealthMonitor} [127.0.0.1]:5708 [FenixFrameworkGroup] 
memory used=4.1G, free=563.4M, total=4.7G, max=4.7G, used/total=88.24% used/max=88.24%
cpu process-load=6.00%, system-load=29.00%, system-loadaverage=226.00%
[GC 4341297K->3918393K(4906688K), 0.0928210 secs]
[GC 4344678K->3951972K(4906688K), 0.0683400 secs]
[GC 4378660K->3977246K(4906688K), 0.0771650 secs]
[GC 4403934K->3984296K(4906688K), 0.0901260 secs]
[GC 4410984K->4008829K(4906688K), 0.0936300 secs]
 INFO  [hz._hzInstance_1_FenixFrameworkGroup.HealthMonitor] {com.hazelcast.util.HealthMonitor} [127.0.0.1]:5708 [FenixFrameworkGroup] 
memory used=4.2G, free=505.3M, total=4.7G, max=4.7G, used/total=89.45% used/max=89.45%
cpu process-load=6.00%, system-load=32.00%, system-loadaverage=222.00%
[GC 4433496K->4054421K(4906688K), 0.0841210 secs]
[GC 4481109K->4099283K(4906688K), 0.1007660 secs]
[GC 4525786K->4075944K(4906688K), 0.1011280 secs]
[GC 4080015K(4906688K), 0.0800930 secs]
 INFO  [Stressor-3] {org.radargun.stressors.StressTestStressor} Number of ops executed so far: 710000. Elapsed time: 1 mins 0 secs. Remaining: 0.000 secs. Total: 1 mins 0 secs
 INFO  [pool-1-thread-1] {org.radargun.stressors.StressTestStressor} Finished generating report. Test duration is: 4 mins 32 secs
 INFO  [pool-1-thread-1] {org.radargun.stages.StressTestStage} size info: FFWrapper using infinispan52, clusterSize:10, nodeIndex:7, cacheSize: -1
 INFO  [pool-1-thread-1] {org.radargun.Slave} Finished stage: StressTest {bulkSize=1, cacheSpecificKeyGenerator=false, commitTransactions=true, duration=1 mins 0 secs, entrySize=1000, exitBenchmarkOnSlaveFailure=false, fixedKeys=true, generateHistogramRange=false, keyGeneratorClass=org.radargun.stressors.StringKeyGenerator, keyGeneratorParam=null, loadAllKeys=false, numEntries=10000, numOfThreads=4, numRequests=10000000, numThreads=4, numberOfAttributes=10000, numberOfRequests=10000000, opsCountStatusLog=500000, poolKeys=true, preferAsyncOperations=false, removePercentage=0, replaceInvalidPercentage=40, runOnAllSlaves=false, sharedKeys=false, sizeOfAnAttribute=1000, slaves=null, transactionSize=10000, useAtomics=false, useHistogramStatistics=false, useSimpleStatistics=true, useSmartClassLoading=true, useTransactions=true, writePercentage=10, writeTxPercentage=100 }
 INFO  [main] {org.radargun.Slave} Ack successfully sent to the master
 INFO  [hz._hzInstance_1_FenixFrameworkGroup.HealthMonitor] {com.hazelcast.util.HealthMonitor} [127.0.0.1]:5708 [FenixFrameworkGroup] 
memory used=4.2G, free=455.2M, total=4.7G, max=4.7G, used/total=90.50% used/max=90.50%
cpu process-load=6.00%, system-load=32.00%, system-loadaverage=256.00%
[GC 4502632K->4064464K(4906688K), 0.0959670 secs]
[GC 4168808K(4906688K), 0.0607350 secs]
 INFO  [hz._hzInstance_1_FenixFrameworkGroup.HealthMonitor] {com.hazelcast.util.HealthMonitor} [127.0.0.1]:5708 [FenixFrameworkGroup] 
memory used=4.1G, free=581.9M, total=4.7G, max=4.7G, used/total=87.86% used/max=87.86%
cpu process-load=6.00%, system-load=28.00%, system-loadaverage=232.00%
[GC 4372769K->3975682K(4906688K), 0.0832040 secs]
 INFO  [hz._hzInstance_1_FenixFrameworkGroup.HealthMonitor] {com.hazelcast.util.HealthMonitor} [127.0.0.1]:5708 [FenixFrameworkGroup] 
memory used=4.1G, free=547.9M, total=4.7G, max=4.7G, used/total=88.57% used/max=88.57%
cpu process-load=4.00%, system-load=26.00%, system-loadaverage=196.00%
[GC 4402370K->3973154K(4906688K), 0.0826890 secs]
 INFO  [hz._hzInstance_1_FenixFrameworkGroup.HealthMonitor] {com.hazelcast.util.HealthMonitor} [127.0.0.1]:5708 [FenixFrameworkGroup] 
memory used=4.1G, free=544.5M, total=4.7G, max=4.7G, used/total=88.64% used/max=88.64%
cpu process-load=4.00%, system-load=27.00%, system-loadaverage=182.00%
[GC 4399842K->3936585K(4906688K), 0.0834550 secs]
 INFO  [hz._hzInstance_1_FenixFrameworkGroup.HealthMonitor] {com.hazelcast.util.HealthMonitor} [127.0.0.1]:5708 [FenixFrameworkGroup] 
memory used=4.1G, free=555.0M, total=4.7G, max=4.7G, used/total=88.42% used/max=88.42%
cpu process-load=4.00%, system-load=30.00%, system-loadaverage=184.00%
[GC 4363273K->3993738K(4906688K), 0.0947230 secs]
 INFO  [hz._hzInstance_1_FenixFrameworkGroup.HealthMonitor] {com.hazelcast.util.HealthMonitor} [127.0.0.1]:5708 [FenixFrameworkGroup] 
memory used=4.2G, free=475.1M, total=4.7G, max=4.7G, used/total=90.08% used/max=90.08%
cpu process-load=4.00%, system-load=28.00%, system-loadaverage=186.00%
[GC 4420426K->4017528K(4906688K), 0.0922300 secs]
[GC 4444216K->3957878K(4906688K), 0.1003070 secs]
 INFO  [hz._hzInstance_1_FenixFrameworkGroup.HealthMonitor] {com.hazelcast.util.HealthMonitor} [127.0.0.1]:5708 [FenixFrameworkGroup] 
memory used=3.8G, free=918.6M, total=4.7G, max=4.7G, used/total=80.83% used/max=80.83%
cpu process-load=4.00%, system-load=26.00%, system-loadaverage=157.00%
[GC 4384566K->4023433K(4906688K), 0.1163300 secs]
 INFO  [hz._hzInstance_1_FenixFrameworkGroup.HealthMonitor] {com.hazelcast.util.HealthMonitor} [127.0.0.1]:5708 [FenixFrameworkGroup] 
memory used=3.9G, free=846.0M, total=4.7G, max=4.7G, used/total=82.34% used/max=82.34%
cpu process-load=4.00%, system-load=27.00%, system-loadaverage=141.00%
[GC 4450121K->3975928K(4906688K), 0.1003030 secs]
 INFO  [hz._hzInstance_1_FenixFrameworkGroup.HealthMonitor] {com.hazelcast.util.HealthMonitor} [127.0.0.1]:5708 [FenixFrameworkGroup] 
memory used=3.8G, free=876.2M, total=4.7G, max=4.7G, used/total=81.71% used/max=81.71%
cpu process-load=4.00%, system-load=27.00%, system-loadaverage=127.00%
[GC 4402616K->4042448K(4906688K), 0.1060870 secs]
 INFO  [hz._hzInstance_1_FenixFrameworkGroup.HealthMonitor] {com.hazelcast.util.HealthMonitor} [127.0.0.1]:5708 [FenixFrameworkGroup] 
memory used=3.9G, free=803.4M, total=4.7G, max=4.7G, used/total=83.23% used/max=83.23%
cpu process-load=4.00%, system-load=26.00%, system-loadaverage=107.00%
[GC 4469136K->4004809K(4906688K), 0.1081950 secs]
 INFO  [hz._hzInstance_1_FenixFrameworkGroup.HealthMonitor] {com.hazelcast.util.HealthMonitor} [127.0.0.1]:5708 [FenixFrameworkGroup] 
memory used=3.9G, free=831.8M, total=4.7G, max=4.7G, used/total=82.64% used/max=82.64%
cpu process-load=4.00%, system-load=26.00%, system-loadaverage=91.00%
[GC 4431497K->4056306K(4906688K), 0.1042350 secs]
 INFO  [hz._hzInstance_1_FenixFrameworkGroup.HealthMonitor] {com.hazelcast.util.HealthMonitor} [127.0.0.1]:5708 [FenixFrameworkGroup] 
memory used=3.9G, free=779.1M, total=4.7G, max=4.7G, used/total=83.74% used/max=83.74%
cpu process-load=4.00%, system-load=27.00%, system-loadaverage=84.00%
[GC 4482994K->4021739K(4906688K), 0.1196820 secs]
 INFO  [hz._hzInstance_1_FenixFrameworkGroup.HealthMonitor] {com.hazelcast.util.HealthMonitor} [127.0.0.1]:5708 [FenixFrameworkGroup] 
memory used=3.9G, free=796.7M, total=4.7G, max=4.7G, used/total=83.37% used/max=83.37%
cpu process-load=4.00%, system-load=26.00%, system-loadaverage=71.00%
[GC 4448427K->4063860K(4906688K), 0.1008740 secs]
 INFO  [hz._hzInstance_1_FenixFrameworkGroup.HealthMonitor] {com.hazelcast.util.HealthMonitor} [127.0.0.1]:5708 [FenixFrameworkGroup] 
memory used=3.9G, free=748.6M, total=4.7G, max=4.7G, used/total=84.38% used/max=84.38%
cpu process-load=4.00%, system-load=26.00%, system-loadaverage=68.00%
[GC 4490548K->4011417K(4906688K), 0.1038610 secs]
 INFO  [hz._hzInstance_1_FenixFrameworkGroup.HealthMonitor] {com.hazelcast.util.HealthMonitor} [127.0.0.1]:5708 [FenixFrameworkGroup] 
memory used=3.9G, free=790.5M, total=4.7G, max=4.7G, used/total=83.50% used/max=83.50%
cpu process-load=4.00%, system-load=26.00%, system-loadaverage=58.00%
[GC 4438105K->4090901K(4906688K), 0.1179040 secs]
 INFO  [hz._hzInstance_1_FenixFrameworkGroup.HealthMonitor] {com.hazelcast.util.HealthMonitor} [127.0.0.1]:5708 [FenixFrameworkGroup] 
memory used=4.2G, free=439.9M, total=4.7G, max=4.7G, used/total=90.82% used/max=90.82%
cpu process-load=4.00%, system-load=26.00%, system-loadaverage=81.00%
[GC 4517589K->4085020K(4906688K), 0.1177520 secs]
[GC 4511708K->4144690K(4906688K), 0.1451720 secs]
[GC 4145658K(4906688K), 0.1483300 secs]
[GC 4571059K->4157523K(4906688K), 0.1531920 secs]
 INFO  [hz._hzInstance_1_FenixFrameworkGroup.HealthMonitor] {com.hazelcast.util.HealthMonitor} [127.0.0.1]:5708 [FenixFrameworkGroup] 
memory used=4.2G, free=505.8M, total=4.7G, max=4.7G, used/total=89.44% used/max=89.44%
cpu process-load=5.00%, system-load=32.00%, system-loadaverage=132.00%
[GC 4584211K->4176842K(4906688K), 0.1443260 secs]
[GC 4409934K(4906688K), 0.1314730 secs]
[GC 4540402K->4079632K(4906688K), 0.1425180 secs]
[GC 4082104K(4906688K), 0.1155170 secs]
[GC 4506320K->4130445K(4906688K), 0.1330400 secs]
 INFO  [hz._hzInstance_1_FenixFrameworkGroup.HealthMonitor] {com.hazelcast.util.HealthMonitor} [127.0.0.1]:5708 [FenixFrameworkGroup] 
memory used=4.0G, free=671.5M, total=4.7G, max=4.7G, used/total=85.99% used/max=85.99%
cpu process-load=6.00%, system-load=40.00%, system-loadaverage=272.00%
[GC 4555004K->4119901K(4906688K), 0.1240780 secs]
[GC 4380300K(4906688K), 0.1138720 secs]
[GC 4539073K->4163134K(4906688K), 0.1301600 secs]
[GC 4465539K(4906688K), 0.3605250 secs]
 INFO  [hz._hzInstance_1_FenixFrameworkGroup.HealthMonitor] {com.hazelcast.util.HealthMonitor} [127.0.0.1]:5708 [FenixFrameworkGroup] 
memory used=4.3G, free=354.0M, total=4.7G, max=4.7G, used/total=92.61% used/max=92.61%
cpu process-load=6.00%, system-load=41.00%, system-loadaverage=377.00%
[GC 4580792K->4203359K(4906688K), 0.1327270 secs]
[GC 4629994K->4198163K(4906688K), 0.1262680 secs]
[GC 4624851K->4244307K(4906688K), 0.1154690 secs]
[GC 4524044K(4906688K), 0.1179250 secs]
 INFO  [hz._hzInstance_1_FenixFrameworkGroup.HealthMonitor] {com.hazelcast.util.HealthMonitor} [127.0.0.1]:5708 [FenixFrameworkGroup] 
memory used=4.4G, free=323.5M, total=4.7G, max=4.7G, used/total=93.25% used/max=93.25%
cpu process-load=6.00%, system-load=45.00%, system-loadaverage=480.00%
[GC 4663294K->4258391K(4906688K), 0.1251270 secs]
[GC 4539371K(4906688K), 0.3169890 secs]
[GC 4679570K->4272926K(4906688K), 0.1268380 secs]
[GC 4699614K->4321651K(4906688K), 0.1308730 secs]
 INFO  [hz._hzInstance_1_FenixFrameworkGroup.HealthMonitor] {com.hazelcast.util.HealthMonitor} [127.0.0.1]:5708 [FenixFrameworkGroup] 
memory used=4.3G, free=366.0M, total=4.7G, max=4.7G, used/total=92.36% used/max=92.36%
cpu process-load=6.00%, system-load=42.00%, system-loadaverage=560.00%
[GC 4582484K(4906688K), 0.1059110 secs]
[GC 4743207K->4712265K(4906688K), 0.4144820 secs]
[Full GC 4703581K->4235587K(4906688K), 11.1608670 secs]
 INFO  [hz._hzInstance_1_FenixFrameworkGroup.HealthMonitor] {com.hazelcast.util.HealthMonitor} [127.0.0.1]:5708 [FenixFrameworkGroup] 
memory used=4.0G, free=653.4M, total=4.7G, max=4.7G, used/total=86.36% used/max=86.36%
cpu process-load=3.00%, system-load=22.00%, system-loadaverage=635.00%
[GC 4358434K(4906688K), 0.1140020 secs]
[GC 4662275K->4333090K(4906688K), 0.0379250 secs]
 INFO  [hz._hzInstance_1_FenixFrameworkGroup.HealthMonitor] {com.hazelcast.util.HealthMonitor} [127.0.0.1]:5708 [FenixFrameworkGroup] 
memory used=4.2G, free=539.9M, total=4.7G, max=4.7G, used/total=88.73% used/max=88.73%
cpu process-load=5.00%, system-load=40.00%, system-loadaverage=675.00%
[GC 4395089K(4906688K), 0.0339710 secs]
[GC 4527303K(4906688K), 0.2790470 secs]
[GC 4754241K->4256278K(4906688K), 0.0391840 secs]
 INFO  [hz._hzInstance_1_FenixFrameworkGroup.HealthMonitor] {com.hazelcast.util.HealthMonitor} [127.0.0.1]:5708 [FenixFrameworkGroup] 
memory used=4.1G, free=629.1M, total=4.7G, max=4.7G, used/total=86.87% used/max=86.87%
cpu process-load=6.00%, system-load=41.00%, system-loadaverage=777.00%
[GC 4440216K(4906688K), 0.0752270 secs]
[GC 4499276K(4906688K), 0.3481050 secs]
 INFO  [hz._hzInstance_1_FenixFrameworkGroup.HealthMonitor] {com.hazelcast.util.HealthMonitor} [127.0.0.1]:5708 [FenixFrameworkGroup] 
memory used=4.4G, free=254.4M, total=4.7G, max=4.7G, used/total=94.69% used/max=94.69%
cpu process-load=5.00%, system-load=40.00%, system-loadaverage=834.00%
[GC 4680978K->4251296K(4906688K), 0.0434100 secs]
[GC 4467822K(4906688K), 0.0847980 secs]
[GC 4604657K(4906688K), 0.4846530 secs]
 INFO  [hz._hzInstance_1_FenixFrameworkGroup.HealthMonitor] {com.hazelcast.util.HealthMonitor} [127.0.0.1]:5708 [FenixFrameworkGroup] 
memory used=4.4G, free=288.6M, total=4.7G, max=4.7G, used/total=93.98% used/max=93.98%
cpu process-load=5.00%, system-load=39.00%, system-loadaverage=844.00%
[GC 4676417K->4257892K(4906688K), 0.0434200 secs]
[GC 4573663K(4906688K), 0.4033160 secs]
 INFO  [hz._hzInstance_1_FenixFrameworkGroup.HealthMonitor] {com.hazelcast.util.HealthMonitor} [127.0.0.1]:5708 [FenixFrameworkGroup] 
memory used=4.4G, free=325.2M, total=4.7G, max=4.7G, used/total=93.21% used/max=93.21%
cpu process-load=6.00%, system-load=39.00%, system-loadaverage=860.00%
[GC 4682626K->4263402K(4906688K), 0.0477660 secs]
[GC 4264589K(4906688K), 0.0161080 secs]
 INFO  [hz._hzInstance_1_FenixFrameworkGroup.HealthMonitor] {com.hazelcast.util.HealthMonitor} [127.0.0.1]:5708 [FenixFrameworkGroup] 
memory used=4.3G, free=370.0M, total=4.7G, max=4.7G, used/total=92.28% used/max=92.28%
cpu process-load=5.00%, system-load=40.00%, system-loadaverage=858.00%
[GC 4626332K(4906688K), 0.4869400 secs]
[GC 4686796K(4906688K), 0.5910050 secs]
[GC 4688272K->4268667K(4906688K), 0.0488440 secs]
 INFO  [hz._hzInstance_1_FenixFrameworkGroup.HealthMonitor] {com.hazelcast.util.HealthMonitor} [127.0.0.1]:5708 [FenixFrameworkGroup] 
memory used=4.2G, free=474.7M, total=4.7G, max=4.7G, used/total=90.09% used/max=90.09%
cpu process-load=5.00%, system-load=36.00%, system-loadaverage=887.00%
[GC 4647179K(4906688K), 0.5229220 secs]
[GC 4693845K->4265220K(4906688K), 0.0655700 secs]
[GC 4265232K(4906688K), 0.0177990 secs]
 INFO  [hz._hzInstance_1_FenixFrameworkGroup.HealthMonitor] {com.hazelcast.util.HealthMonitor} [127.0.0.1]:5708 [FenixFrameworkGroup] 
memory used=4.1G, free=545.8M, total=4.7G, max=4.7G, used/total=88.61% used/max=88.61%
cpu process-load=6.00%, system-load=39.00%, system-loadaverage=928.00%
[GC 4687765K(4906688K), 0.5523580 secs]
[GC 4691880K->4274509K(4906688K), 0.0530320 secs]
 INFO  [hz._hzInstance_1_FenixFrameworkGroup.HealthMonitor] {com.hazelcast.util.HealthMonitor} [127.0.0.1]:5708 [FenixFrameworkGroup] 
memory used=4.1G, free=570.4M, total=4.7G, max=4.7G, used/total=88.10% used/max=88.10%
cpu process-load=6.00%, system-load=40.00%, system-loadaverage=924.00%
[GC 4407572K(4906688K), 0.2006020 secs]
[GC 4699847K->4284934K(4906688K), 0.0572960 secs]
 INFO  [hz._hzInstance_1_FenixFrameworkGroup.HealthMonitor] {com.hazelcast.util.HealthMonitor} [127.0.0.1]:5708 [FenixFrameworkGroup] 
memory used=4.1G, free=591.2M, total=4.7G, max=4.7G, used/total=87.66% used/max=87.66%
cpu process-load=5.00%, system-load=39.00%, system-loadaverage=943.00%
[GC 4394545K(4906688K), 0.0532590 secs]
[GC 4511240K(4906688K), 0.3284760 secs]
 INFO  [hz._hzInstance_1_FenixFrameworkGroup.HealthMonitor] {com.hazelcast.util.HealthMonitor} [127.0.0.1]:5708 [FenixFrameworkGroup] 
memory used=4.5G, free=208.7M, total=4.7G, max=4.7G, used/total=95.64% used/max=95.64%
cpu process-load=5.00%, system-load=40.00%, system-loadaverage=953.00%
[GC 4709506K->4262583K(4906688K), 0.0587160 secs]
[GC 4437922K(4906688K), 0.0765270 secs]
[GC 4542835K(4906688K), 0.4078830 secs]
 INFO  [hz._hzInstance_1_FenixFrameworkGroup.HealthMonitor] {com.hazelcast.util.HealthMonitor} [127.0.0.1]:5708 [FenixFrameworkGroup] 
memory used=4.4G, free=330.3M, total=4.7G, max=4.7G, used/total=93.11% used/max=93.11%
cpu process-load=5.00%, system-load=36.00%, system-loadaverage=913.00%
[GC 4687352K->4288879K(4906688K), 0.0605880 secs]
[GC 4557919K(4906688K), 0.3539970 secs]
 INFO  [hz._hzInstance_1_FenixFrameworkGroup.HealthMonitor] {com.hazelcast.util.HealthMonitor} [127.0.0.1]:5708 [FenixFrameworkGroup] 
memory used=4.4G, free=332.4M, total=4.7G, max=4.7G, used/total=93.06% used/max=93.06%
cpu process-load=6.00%, system-load=41.00%, system-loadaverage=911.00%
[GC 4693308K(4906688K), 0.5629130 secs]
[GC 4714125K->4299288K(4906688K), 0.0632490 secs]
 INFO  [hz._hzInstance_1_FenixFrameworkGroup.HealthMonitor] {com.hazelcast.util.HealthMonitor} [127.0.0.1]:5708 [FenixFrameworkGroup] 
memory used=4.3G, free=360.2M, total=4.7G, max=4.7G, used/total=92.48% used/max=92.48%
cpu process-load=5.00%, system-load=40.00%, system-loadaverage=894.00%
[GC 4562192K(4906688K), 0.3334750 secs]
[GC 4560143K(4906688K), 0.3893170 secs]
 INFO  [hz._hzInstance_1_FenixFrameworkGroup.HealthMonitor] {com.hazelcast.util.HealthMonitor} [127.0.0.1]:5708 [FenixFrameworkGroup] 
memory used=4.3G, free=338.4M, total=4.7G, max=4.7G, used/total=92.94% used/max=92.94%
cpu process-load=2.00%, system-load=20.00%, system-loadaverage=910.00%
[GC 4663897K(4906688K), 0.4653060 secs]
[GC 4722679K->4268573K(4906688K), 0.0667010 secs]
[GC 4268821K(4906688K), 0.0266370 secs]
 INFO  [hz._hzInstance_1_FenixFrameworkGroup.HealthMonitor] {com.hazelcast.util.HealthMonitor} [127.0.0.1]:5708 [FenixFrameworkGroup] 
memory used=4.1G, free=608.0M, total=4.7G, max=4.7G, used/total=87.31% used/max=87.31%
cpu process-load=4.00%, system-load=28.00%, system-loadaverage=900.00%
[GC 4690446K(4906688K), 0.5455360 secs]
 INFO  [hz._hzInstance_1_FenixFrameworkGroup.HealthMonitor] {com.hazelcast.util.HealthMonitor} [127.0.0.1]:5708 [FenixFrameworkGroup] 
memory used=4.5G, free=211.2M, total=4.7G, max=4.7G, used/total=95.59% used/max=95.59%
cpu process-load=6.00%, system-load=41.00%, system-loadaverage=900.00%
[GC 4695253K->4303564K(4906688K), 0.0671830 secs]
[GC 4425034K(4906688K), 0.1867980 secs]
 INFO  [hz._hzInstance_1_FenixFrameworkGroup.HealthMonitor] {com.hazelcast.util.HealthMonitor} [127.0.0.1]:5708 [FenixFrameworkGroup] 
memory used=4.5G, free=226.4M, total=4.7G, max=4.7G, used/total=95.27% used/max=95.27%
cpu process-load=5.00%, system-load=39.00%, system-loadaverage=899.00%
[GC 4729364K->4317508K(4906688K), 0.0697100 secs]
[GC 4409195K(4906688K), 0.0731280 secs]
[GC 4516179K(4906688K), 0.2938640 secs]
 INFO  [hz._hzInstance_1_FenixFrameworkGroup.HealthMonitor] {com.hazelcast.util.HealthMonitor} [127.0.0.1]:5708 [FenixFrameworkGroup] 
memory used=4.4G, free=264.1M, total=4.7G, max=4.7G, used/total=94.49% used/max=94.49%
cpu process-load=5.00%, system-load=38.00%, system-loadaverage=899.00%
[GC 4742264K->4289525K(4906688K), 0.0862730 secs]
[GC 4499711K(4906688K), 0.0864170 secs]
 INFO  [hz._hzInstance_1_FenixFrameworkGroup.HealthMonitor] {com.hazelcast.util.HealthMonitor} [127.0.0.1]:5708 [FenixFrameworkGroup] 
memory used=4.4G, free=318.4M, total=4.7G, max=4.7G, used/total=93.36% used/max=93.36%
cpu process-load=6.00%, system-load=40.00%, system-loadaverage=897.00%
[GC 4607030K(4906688K), 0.4374080 secs]
[GC 4714387K->4317977K(4906688K), 0.0716330 secs]
 INFO  [hz._hzInstance_1_FenixFrameworkGroup.HealthMonitor] {com.hazelcast.util.HealthMonitor} [127.0.0.1]:5708 [FenixFrameworkGroup] 
memory used=4.4G, free=321.3M, total=4.7G, max=4.7G, used/total=93.29% used/max=93.29%
cpu process-load=5.00%, system-load=40.00%, system-loadaverage=897.00%
[GC 4645743K(4906688K), 0.4530960 secs]
[GC 4712525K(4906688K), 0.5474090 secs]
[GC 4742513K->4286310K(4906688K), 0.0672400 secs]
 INFO  [hz._hzInstance_1_FenixFrameworkGroup.HealthMonitor] {com.hazelcast.util.HealthMonitor} [127.0.0.1]:5708 [FenixFrameworkGroup] 
memory used=4.3G, free=422.2M, total=4.7G, max=4.7G, used/total=91.19% used/max=91.19%
cpu process-load=5.00%, system-load=37.00%, system-loadaverage=912.00%
[GC 4652736K(4906688K), 0.5209680 secs]
[GC 4669531K->4278664K(4906688K), 0.0712640 secs]
[GC 4279845K(4906688K), 0.0288790 secs]
 INFO  [hz._hzInstance_1_FenixFrameworkGroup.HealthMonitor] {com.hazelcast.util.HealthMonitor} [127.0.0.1]:5708 [FenixFrameworkGroup] 
memory used=4.2G, free=486.6M, total=4.7G, max=4.7G, used/total=89.84% used/max=89.84%
cpu process-load=6.00%, system-load=40.00%, system-loadaverage=917.00%
[GC 4685963K(4906688K), 0.5300610 secs]
[GC 4704935K->4249186K(4906688K), 0.0681510 secs]
 INFO  [hz._hzInstance_1_FenixFrameworkGroup.HealthMonitor] {com.hazelcast.util.HealthMonitor} [127.0.0.1]:5708 [FenixFrameworkGroup] 
memory used=4.1G, free=570.5M, total=4.7G, max=4.7G, used/total=88.09% used/max=88.09%
cpu process-load=6.00%, system-load=39.00%, system-loadaverage=915.00%
[GC 4346230K(4906688K), 0.1649820 secs]
[GC 4674514K->4284048K(4906688K), 0.0684660 secs]
[GC 4285317K(4906688K), 0.0360570 secs]
 INFO  [hz._hzInstance_1_FenixFrameworkGroup.HealthMonitor] {com.hazelcast.util.HealthMonitor} [127.0.0.1]:5708 [FenixFrameworkGroup] 
memory used=4.1G, free=582.3M, total=4.7G, max=4.7G, used/total=87.85% used/max=87.85%
cpu process-load=5.00%, system-load=40.00%, system-loadaverage=921.00%
[GC 4422735K(4906688K), 0.2250300 secs]
 INFO  [hz._hzInstance_1_FenixFrameworkGroup.HealthMonitor] {com.hazelcast.util.HealthMonitor} [127.0.0.1]:5708 [FenixFrameworkGroup] 
memory used=4.5G, free=229.0M, total=4.7G, max=4.7G, used/total=95.22% used/max=95.22%
cpu process-load=5.00%, system-load=40.00%, system-loadaverage=934.00%
[GC 4708757K->4252530K(4906688K), 0.0668690 secs]
[GC 4345730K(4906688K), 0.0470730 secs]
[GC 4474122K(4906688K), 0.3409020 secs]
 INFO  [hz._hzInstance_1_FenixFrameworkGroup.HealthMonitor] {com.hazelcast.util.HealthMonitor} [127.0.0.1]:5708 [FenixFrameworkGroup] 
memory used=4.4G, free=302.4M, total=4.7G, max=4.7G, used/total=93.69% used/max=93.69%
cpu process-load=5.00%, system-load=39.00%, system-loadaverage=929.00%
[GC 4677473K->4288785K(4906688K), 0.0799010 secs]
[GC 4475350K(4906688K), 0.0852690 secs]
[GC 4539778K(4906688K), 0.3776660 secs]
 INFO  [hz._hzInstance_1_FenixFrameworkGroup.HealthMonitor] {com.hazelcast.util.HealthMonitor} [127.0.0.1]:5708 [FenixFrameworkGroup] 
memory used=4.3G, free=356.9M, total=4.7G, max=4.7G, used/total=92.55% used/max=92.55%
cpu process-load=5.00%, system-load=36.00%, system-loadaverage=965.00%
[GC 4713610K->4257089K(4906688K), 0.0728190 secs]
 INFO  [hz._hzInstance_1_FenixFrameworkGroup.HealthMonitor] {com.hazelcast.util.HealthMonitor} [127.0.0.1]:5708 [FenixFrameworkGroup] 
memory used=4.3G, free=401.1M, total=4.7G, max=4.7G, used/total=91.63% used/max=91.63%
cpu process-load=6.00%, system-load=41.00%, system-loadaverage=979.00%
[GC 4502311K(4906688K), 0.3335320 secs]
[GC 4612694K(4906688K), 0.5206100 secs]
[GC 4682239K->4291701K(4906688K), 0.0713010 secs]
 INFO  [hz._hzInstance_1_FenixFrameworkGroup.HealthMonitor] {com.hazelcast.util.HealthMonitor} [127.0.0.1]:5708 [FenixFrameworkGroup] 
memory used=4.3G, free=392.3M, total=4.7G, max=4.7G, used/total=91.81% used/max=91.81%
cpu process-load=6.00%, system-load=41.00%, system-loadaverage=975.00%
[GC 4647862K(4906688K), 0.4881630 secs]
[GC 4716265K->4260406K(4906688K), 0.0707280 secs]
[GC 4261659K(4906688K), 0.0312900 secs]
 INFO  [hz._hzInstance_1_FenixFrameworkGroup.HealthMonitor] {com.hazelcast.util.HealthMonitor} [127.0.0.1]:5708 [FenixFrameworkGroup] 
memory used=4.2G, free=469.3M, total=4.7G, max=4.7G, used/total=90.21% used/max=90.21%
cpu process-load=6.00%, system-load=38.00%, system-loadaverage=948.00%
[GC 4668185K(4906688K), 0.5374360 secs]
[GC 4686143K->4296814K(4906688K), 0.0722120 secs]
 INFO  [hz._hzInstance_1_FenixFrameworkGroup.HealthMonitor] {com.hazelcast.util.HealthMonitor} [127.0.0.1]:5708 [FenixFrameworkGroup] 
memory used=4.2G, free=501.6M, total=4.7G, max=4.7G, used/total=89.53% used/max=89.53%
cpu process-load=5.00%, system-load=40.00%, system-loadaverage=956.00%
[GC 4409487K(4906688K), 0.1781710 secs]
[GC 4722752K->4266754K(4906688K), 0.0721580 secs]
 INFO  [hz._hzInstance_1_FenixFrameworkGroup.HealthMonitor] {com.hazelcast.util.HealthMonitor} [127.0.0.1]:5708 [FenixFrameworkGroup] 
memory used=4.1G, free=548.9M, total=4.7G, max=4.7G, used/total=88.55% used/max=88.55%
cpu process-load=6.00%, system-load=40.00%, system-loadaverage=971.00%
[GC 4362639K(4906688K), 0.0571560 secs]
[GC 4453453K(4906688K), 0.2836390 secs]
[GC 4691412K->4301728K(4906688K), 0.0705080 secs]
 INFO  [hz._hzInstance_1_FenixFrameworkGroup.HealthMonitor] {com.hazelcast.util.HealthMonitor} [127.0.0.1]:5708 [FenixFrameworkGroup] 
memory used=4.2G, free=536.0M, total=4.7G, max=4.7G, used/total=88.81% used/max=88.81%
cpu process-load=5.00%, system-load=39.00%, system-loadaverage=953.00%
[GC 4467065K(4906688K), 0.0803010 secs]
[GC 4579636K(4906688K), 0.4019540 secs]
 INFO  [hz._hzInstance_1_FenixFrameworkGroup.HealthMonitor] {com.hazelcast.util.HealthMonitor} [127.0.0.1]:5708 [FenixFrameworkGroup] 
memory used=4.5G, free=200.2M, total=4.7G, max=4.7G, used/total=95.82% used/max=95.82%
cpu process-load=5.00%, system-load=36.00%, system-loadaverage=922.00%
[GC 4726503K->4270205K(4906688K), 0.0693190 secs]
[GC 4566265K(4906688K), 0.4063480 secs]
 INFO  [hz._hzInstance_1_FenixFrameworkGroup.HealthMonitor] {com.hazelcast.util.HealthMonitor} [127.0.0.1]:5708 [FenixFrameworkGroup] 
memory used=4.4G, free=267.5M, total=4.7G, max=4.7G, used/total=94.42% used/max=94.42%
cpu process-load=6.00%, system-load=39.00%, system-loadaverage=919.00%
[GC 4674222K(4906688K), 0.5719970 secs]
[GC 4695178K->4303917K(4906688K), 0.0720560 secs]
 INFO  [hz._hzInstance_1_FenixFrameworkGroup.HealthMonitor] {com.hazelcast.util.HealthMonitor} [127.0.0.1]:5708 [FenixFrameworkGroup] 
memory used=4.4G, free=264.8M, total=4.7G, max=4.7G, used/total=94.47% used/max=94.47%
cpu process-load=5.00%, system-load=40.00%, system-loadaverage=953.00%
[GC 4692158K(4906688K), 0.5007880 secs]
[GC 4728880K->4273151K(4906688K), 0.0740730 secs]
[GC 4361001K(4906688K), 0.1433530 secs]
 INFO  [hz._hzInstance_1_FenixFrameworkGroup.HealthMonitor] {com.hazelcast.util.HealthMonitor} [127.0.0.1]:5708 [FenixFrameworkGroup] 
memory used=4.4G, free=328.0M, total=4.7G, max=4.7G, used/total=93.15% used/max=93.15%
cpu process-load=6.00%, system-load=39.00%, system-loadaverage=953.00%
[GC 4699661K->4308624K(4906688K), 0.0771700 secs]
[GC 4407656K(4906688K), 0.0532700 secs]
[GC 4510989K(4906688K), 0.3137330 secs]
 INFO  [hz._hzInstance_1_FenixFrameworkGroup.HealthMonitor] {com.hazelcast.util.HealthMonitor} [127.0.0.1]:5708 [FenixFrameworkGroup] 
memory used=4.3G, free=351.6M, total=4.7G, max=4.7G, used/total=92.66% used/max=92.66%
cpu process-load=5.00%, system-load=37.00%, system-loadaverage=929.00%
[GC 4733328K->4278021K(4906688K), 0.0737350 secs]
[GC 4455845K(4906688K), 0.0797620 secs]
 INFO  [hz._hzInstance_1_FenixFrameworkGroup.HealthMonitor] {com.hazelcast.util.HealthMonitor} [127.0.0.1]:5708 [FenixFrameworkGroup] 
memory used=4.3G, free=409.7M, total=4.7G, max=4.7G, used/total=91.45% used/max=91.45%
cpu process-load=6.00%, system-load=41.00%, system-loadaverage=948.00%
[GC 4513234K(4906688K), 0.3518850 secs]
[GC 4702936K->4312421K(4906688K), 0.0702040 secs]
 INFO  [hz._hzInstance_1_FenixFrameworkGroup.HealthMonitor] {com.hazelcast.util.HealthMonitor} [127.0.0.1]:5708 [FenixFrameworkGroup] 
memory used=4.3G, free=395.6M, total=4.7G, max=4.7G, used/total=91.74% used/max=91.74%
cpu process-load=6.00%, system-load=40.00%, system-loadaverage=926.00%
[GC 4527213K(4906688K), 0.0936460 secs]
[GC 4629882K(4906688K), 0.4652260 secs]
[GC 4737415K->4281221K(4906688K), 0.0720160 secs]
 INFO  [hz._hzInstance_1_FenixFrameworkGroup.HealthMonitor] {com.hazelcast.util.HealthMonitor} [127.0.0.1]:5708 [FenixFrameworkGroup] 
memory used=4.2G, free=502.0M, total=4.7G, max=4.7G, used/total=89.52% used/max=89.52%
cpu process-load=5.00%, system-load=39.00%, system-loadaverage=947.00%
[GC 4583488K(4906688K), 0.4213110 secs]
[GC 4683834K(4906688K), 0.5692070 secs]
[GC 4706005K->4315782K(4906688K), 0.0727280 secs]
 INFO  [hz._hzInstance_1_FenixFrameworkGroup.HealthMonitor] {com.hazelcast.util.HealthMonitor} [127.0.0.1]:5708 [FenixFrameworkGroup] 
memory used=4.1G, free=551.6M, total=4.7G, max=4.7G, used/total=88.49% used/max=88.49%
cpu process-load=5.00%, system-load=37.00%, system-loadaverage=932.00%
[GC 4703094K(4906688K), 0.5155290 secs]
 INFO  [hz._hzInstance_1_FenixFrameworkGroup.HealthMonitor] {com.hazelcast.util.HealthMonitor} [127.0.0.1]:5708 [FenixFrameworkGroup] 
memory used=4.5G, free=189.2M, total=4.7G, max=4.7G, used/total=96.05% used/max=96.05%
cpu process-load=6.00%, system-load=41.00%, system-loadaverage=964.00%
[GC 4740583K->4284894K(4906688K), 0.0707450 secs]
[GC 4360886K(4906688K), 0.1327480 secs]
 WARN  [Thread-0] {org.radargun.ShutDownHook} Slave process: unexpected shutdown!
 INFO  [hz._hzInstance_1_FenixFrameworkGroup.IO.thread-in-1] {com.hazelcast.nio.TcpIpConnection} [127.0.0.1]:5708 [FenixFrameworkGroup] Connection [Address[127.0.0.1]:5707] lost. Reason: java.io.EOFException[Remote socket closed!]
 INFO  [hz.ShutdownThread] {com.hazelcast.nio.TcpIpConnection} [127.0.0.1]:5708 [FenixFrameworkGroup] Connection [Address[127.0.0.1]:5706] lost. Reason: Socket explicitly closed
 INFO  [hz.ShutdownThread] {com.hazelcast.nio.TcpIpConnection} [127.0.0.1]:5708 [FenixFrameworkGroup] Connection [Address[127.0.0.1]:5705] lost. Reason: Socket explicitly closed
 INFO  [hz.ShutdownThread] {com.hazelcast.nio.TcpIpConnection} [127.0.0.1]:5708 [FenixFrameworkGroup] Connection [Address[127.0.0.1]:5702] lost. Reason: Socket explicitly closed
 INFO  [hz.ShutdownThread] {com.hazelcast.nio.TcpIpConnection} [127.0.0.1]:5708 [FenixFrameworkGroup] Connection [Address[127.0.0.1]:5701] lost. Reason: Socket explicitly closed
 INFO  [hz.ShutdownThread] {com.hazelcast.nio.TcpIpConnection} [127.0.0.1]:5708 [FenixFrameworkGroup] Connection [Address[127.0.0.1]:5709] lost. Reason: Socket explicitly closed
 INFO  [hz.ShutdownThread] {com.hazelcast.nio.TcpIpConnection} [127.0.0.1]:5708 [FenixFrameworkGroup] Connection [Address[127.0.0.1]:5704] lost. Reason: Socket explicitly closed
 INFO  [hz.ShutdownThread] {com.hazelcast.nio.TcpIpConnection} [127.0.0.1]:5708 [FenixFrameworkGroup] Connection [Address[127.0.0.1]:5710] lost. Reason: Socket explicitly closed
 INFO  [hz.ShutdownThread] {com.hazelcast.nio.TcpIpConnection} [127.0.0.1]:5708 [FenixFrameworkGroup] Connection [Address[127.0.0.1]:5703] lost. Reason: Socket explicitly closed
 INFO  [hz.ShutdownThread] {com.hazelcast.nio.TcpIpConnection} [127.0.0.1]:5708 [FenixFrameworkGroup] Connection [Address[127.0.0.1]:5710] lost. Reason: Socket explicitly closed
 INFO  [hz.ShutdownThread] {com.hazelcast.nio.TcpIpConnection} [127.0.0.1]:5708 [FenixFrameworkGroup] Connection [Address[127.0.0.1]:5704] lost. Reason: Socket explicitly closed
 INFO  [hz.ShutdownThread] {com.hazelcast.nio.TcpIpConnection} [127.0.0.1]:5708 [FenixFrameworkGroup] Connection [Address[127.0.0.1]:5706] lost. Reason: Socket explicitly closed
 INFO  [hz.ShutdownThread] {com.hazelcast.initializer} [127.0.0.1]:5708 [FenixFrameworkGroup] Destroying node initializer.
 INFO  [hz.ShutdownThread] {com.hazelcast.instance.Node} [127.0.0.1]:5708 [FenixFrameworkGroup] Hazelcast Shutdown is completed in 61 ms.
