/usr/java/jdk1.7.0_21/bin/java -server -Xmx1024M -Xms1024M -Dresolve.dns=false -Djgroups.timer.num_threads=4 -verbose:gc -Xmx5000M -Xms3000M -server -XX:+UseConcMarkSweepGC -XX:+AggressiveOpts -verbose:gc -XX:ParallelGCThreads=4 -XX:NewRatio=5 -XX:SurvivorRatio=2 -Dhazelcast.operation.thread.count=4 -Djava.net.preferIPv4Stack=true -Dlog4j.file.prefix=deimos-esw-20023 -Dbind.address= -Djgroups.bind_addr= -classpath /home/smf/github/radargun/target/distribution/RadarGun-1.1.0-SNAPSHOT/lib/activation-1.1.jar:/home/smf/github/radargun/target/distribution/RadarGun-1.1.0-SNAPSHOT/lib/commons-beanutils-1.8.0.jar:/home/smf/github/radargun/target/distribution/RadarGun-1.1.0-SNAPSHOT/lib/commons-digester-2.0.jar:/home/smf/github/radargun/target/distribution/RadarGun-1.1.0-SNAPSHOT/lib/commons-logging-1.1.1.jar:/home/smf/github/radargun/target/distribution/RadarGun-1.1.0-SNAPSHOT/lib/commons-math-1.2.jar:/home/smf/github/radargun/target/distribution/RadarGun-1.1.0-SNAPSHOT/lib/jboss-transaction-api-1.0.1.GA.jar:/home/smf/github/radargun/target/distribution/RadarGun-1.1.0-SNAPSHOT/lib/jcommon-1.0.15.jar:/home/smf/github/radargun/target/distribution/RadarGun-1.1.0-SNAPSHOT/lib/jfreechart-1.0.12.jar:/home/smf/github/radargun/target/distribution/RadarGun-1.1.0-SNAPSHOT/lib/log4j-1.2.14.jar:/home/smf/github/radargun/target/distribution/RadarGun-1.1.0-SNAPSHOT/lib/mail-1.4.2.jar:/home/smf/github/radargun/target/distribution/RadarGun-1.1.0-SNAPSHOT/lib/radargun-framework-1.1.0-SNAPSHOT.jar:/home/smf/github/radargun/target/distribution/RadarGun-1.1.0-SNAPSHOT/conf org.radargun.Slave -master 127.0.0.1:2103
--------------------------------------------------------------------------------
PerNodeRollingFileAppender::Using file prefix:deimos-esw-20023
 INFO  [main] {org.radargun.Slave} Attempting to connect to master 127.0.0.1:2103
 INFO  [main] {org.radargun.Slave} Successfully established connection with master at: 127.0.0.1:2103
Loading JARS from /home/smf/github/radargun/target/distribution/RadarGun-1.1.0-SNAPSHOT/lib/radargun-framework-1.1.0-SNAPSHOT.jar
 INFO  [pool-1-thread-1] {org.radargun.config.AnnotatedHelper} Loading JARS from /home/smf/github/radargun/target/distribution/RadarGun-1.1.0-SNAPSHOT/lib/radargun-framework-1.1.0-SNAPSHOT.jar
 INFO  [pool-1-thread-1] {org.radargun.config.AnnotatedHelper} Loading JARS from /home/smf/github/radargun/target/distribution/RadarGun-1.1.0-SNAPSHOT/lib/radargun-framework-1.1.0-SNAPSHOT.jar
 INFO  [pool-1-thread-1] {org.radargun.Slave} Executing stage: DestroyWrapper {enforceMemoryThrashHold=true, exitBenchmarkOnSlaveFailure=false, heapDumpDir=null, memoryThreshold=95, runOnAllSlaves=true, slaves=null, useSmartClassLoading=true }
 INFO  [pool-1-thread-1] {org.radargun.stages.DestroyWrapperStage} Received destroy cache wrapper request from master...
 INFO  [pool-1-thread-1] {org.radargun.stages.DestroyWrapperStage} No cache wrapper deployed on this slave, nothing to do.
 INFO  [pool-1-thread-1] {org.radargun.stages.DestroyWrapperStage} Before executing clear, memory looks like this: Memory - free: 2,928,638 kb - max:4,906,688 kb- total:2,944,000 kb
[Full GC 15361K->3631K(2944000K), 0.0591570 secs]
 INFO  [pool-1-thread-1] {org.radargun.stages.DestroyWrapperStage} After executing cleanup, memory looks like this: Memory - free: 2,935,311 kb - max:4,906,688 kb- total:2,944,064 kb
 INFO  [pool-1-thread-1] {org.radargun.Slave} Finished stage: DestroyWrapper {enforceMemoryThrashHold=true, exitBenchmarkOnSlaveFailure=false, heapDumpDir=null, memoryThreshold=95, runOnAllSlaves=true, slaves=null, useSmartClassLoading=true }
 INFO  [main] {org.radargun.Slave} Ack successfully sent to the master
 INFO  [pool-1-thread-1] {org.radargun.Slave} Executing stage: StartCluster {config=ispn52-repl-sync-rc.xml, delayAfterFirstSlaveStarts=5.000 secs, delayBetweenStartingSlaves=0.500 secs, exitBenchmarkOnSlaveFailure=true, expectNumSlaves=null, mayFailOn=null, reachable=null, runOnAllSlaves=false, slaves=null, staggerSlaveStartup=true, useSmartClassLoading=true, validateCluster=true }
 INFO  [pool-1-thread-1] {org.radargun.stages.StartClusterStage}  Startup staggering, starting 4 slaves. This is the slave with index 3. Sleeping for 6500 millis.
 INFO  [pool-1-thread-1] {org.radargun.stages.StartClusterStage} Ack master's StartCluster stage. Local address is: /127.0.0.1. This slave's index is: 3
 INFO  [pool-1-thread-1] {org.radargun.utils.ClassLoadHelper} Creating newInstance org.radargun.cachewrappers.InfinispanXSWrapper with classloader java.net.URLClassLoader@a2e02b2
 INFO  [pool-1-thread-1] {org.radargun.cachewrappers.InfinispanXSWrapper} Cannot find any site for slave index 3
 INFO  [pool-1-thread-1] {org.infinispan.remoting.transport.jgroups.JGroupsTransport} ISPN000078: Starting JGroups Channel
 WARN  [pool-1-thread-1] {org.jgroups.protocols.UDP} [JGRP00014] the send buffer of socket DatagramSocket was set to 640KB, but the OS only allocated 229.38KB. This might lead to performance problems. Please set your max send buffer in the OS correctly (e.g. net.core.wmem_max on Linux)
 WARN  [pool-1-thread-1] {org.jgroups.protocols.UDP} [JGRP00014] the receive buffer of socket DatagramSocket was set to 20MB, but the OS only allocated 229.38KB. This might lead to performance problems. Please set your max receive buffer in the OS correctly (e.g. net.core.rmem_max on Linux)
 WARN  [pool-1-thread-1] {org.jgroups.protocols.UDP} [JGRP00014] the send buffer of socket MulticastSocket was set to 640KB, but the OS only allocated 229.38KB. This might lead to performance problems. Please set your max send buffer in the OS correctly (e.g. net.core.wmem_max on Linux)
 WARN  [pool-1-thread-1] {org.jgroups.protocols.UDP} [JGRP00014] the receive buffer of socket MulticastSocket was set to 25MB, but the OS only allocated 229.38KB. This might lead to performance problems. Please set your max receive buffer in the OS correctly (e.g. net.core.rmem_max on Linux)
 INFO  [pool-1-thread-1] {org.infinispan.remoting.transport.jgroups.JGroupsTransport} ISPN000094: Received new cluster view: [deimos-esw-25576|3] [deimos-esw-25576, deimos-esw-1015, deimos-esw-5452, deimos-esw-59495]
 INFO  [pool-1-thread-1] {org.infinispan.remoting.transport.jgroups.JGroupsTransport} ISPN000079: Cache local address is deimos-esw-59495, physical addresses are [127.0.0.1:52003]
 INFO  [pool-1-thread-1] {org.infinispan.factories.GlobalComponentRegistry} ISPN000128: Infinispan version: Infinispan 'Delirium' 5.2.6.Final
 INFO  [pool-1-thread-1] {org.infinispan.transaction.lookup.JBossStandaloneJTAManagerLookup} ISPN000107: Retrieving transaction manager Transaction: unknown
 INFO  [pool-1-thread-1] {org.infinispan.jmx.CacheJmxRegistration} ISPN000031: MBeans were successfully registered to the platform MBean server.
 INFO  [pool-1-thread-1] {org.radargun.cachewrappers.InfinispanXSWrapper} Using transaction manager: Transaction: unknown
 INFO  [pool-1-thread-1] {org.radargun.cachewrappers.InfinispanXSWrapper} No RELAY2 protocol in XS wrapper
 INFO  [pool-1-thread-1] {org.radargun.cachewrappers.InfinispanXSWrapper} JGroups version: JGroups 3.2.7.Final
 INFO  [pool-1-thread-1] {org.radargun.cachewrappers.InfinispanXSWrapper} Using config attributes: {name=ispn52-repl-sync-rc.xml}
 INFO  [pool-1-thread-1] {org.radargun.stages.helpers.StartHelper} Number of members is the one expected: 4
 INFO  [pool-1-thread-1] {org.radargun.stages.StartClusterStage} Successfully started cache wrapper on slave 3: org.radargun.cachewrappers.InfinispanXSWrapper@7b764b9f
 INFO  [pool-1-thread-1] {org.radargun.Slave} Finished stage: StartCluster {config=ispn52-repl-sync-rc.xml, delayAfterFirstSlaveStarts=5.000 secs, delayBetweenStartingSlaves=0.500 secs, exitBenchmarkOnSlaveFailure=true, expectNumSlaves=null, mayFailOn=null, reachable=null, runOnAllSlaves=false, slaves=null, staggerSlaveStartup=true, useSmartClassLoading=true, validateCluster=true }
 INFO  [main] {org.radargun.Slave} Ack successfully sent to the master
 INFO  [pool-1-thread-1] {org.radargun.Slave} Executing stage: ClusterValidation {exitBenchmarkOnSlaveFailure=false, partialReplication=false, replicationTimeSleep=2000, replicationTryCount=60, runOnAllSlaves=false, slaves=null, useSmartClassLoading=true }
 INFO  [pool-1-thread-1] {org.radargun.stages.ClusterValidationStage} Number of caches that replicated here is 3
 INFO  [pool-1-thread-1] {org.radargun.stages.ClusterValidationStage} Replication test successfully passed. partialReplication? false, replicationCount = 3
 INFO  [pool-1-thread-1] {org.radargun.stages.ClusterValidationStage} Confirm phase successful.
 INFO  [pool-1-thread-1] {org.radargun.Slave} Finished stage: ClusterValidation {exitBenchmarkOnSlaveFailure=false, partialReplication=false, replicationTimeSleep=2000, replicationTryCount=60, runOnAllSlaves=false, slaves=[ 0, 1, 2, 3 ], useSmartClassLoading=true }
 INFO  [main] {org.radargun.Slave} Ack successfully sent to the master
 INFO  [pool-1-thread-1] {org.radargun.Slave} Executing stage: StressTestWarmup {bulkSize=1, cacheSpecificKeyGenerator=false, commitTransactions=true, duration=1 mins 0 secs, entrySize=1000, exitBenchmarkOnSlaveFailure=false, fixedKeys=true, generateHistogramRange=false, keyGeneratorClass=org.radargun.stressors.StringKeyGenerator, keyGeneratorParam=null, loadAllKeys=false, numEntries=10000, numOfThreads=4, numRequests=10000, numThreads=4, numberOfAttributes=10000, numberOfRequests=10000, opsCountStatusLog=100000, poolKeys=true, preferAsyncOperations=false, removePercentage=0, replaceInvalidPercentage=40, runOnAllSlaves=false, sharedKeys=false, sizeOfAnAttribute=1000, slaves=null, transactionSize=10000, useAtomics=false, useHistogramStatistics=false, useSimpleStatistics=true, useSmartClassLoading=true, useTransactions=null, writePercentage=20, writeTxPercentage=20 }
 INFO  [pool-1-thread-1] {org.radargun.stages.StressTestWarmupStage} Starting StressTestWarmupStage: StressTestWarmup {bulkSize=1, cacheSpecificKeyGenerator=false, commitTransactions=true, duration=1 mins 0 secs, entrySize=1000, exitBenchmarkOnSlaveFailure=false, fixedKeys=true, generateHistogramRange=false, keyGeneratorClass=org.radargun.stressors.StringKeyGenerator, keyGeneratorParam=null, loadAllKeys=false, numEntries=10000, numOfThreads=4, numRequests=10000, numThreads=4, numberOfAttributes=10000, numberOfRequests=10000, opsCountStatusLog=100000, poolKeys=true, preferAsyncOperations=false, removePercentage=0, replaceInvalidPercentage=40, runOnAllSlaves=false, sharedKeys=false, sizeOfAnAttribute=1000, slaves=null, transactionSize=10000, useAtomics=false, useHistogramStatistics=false, useSimpleStatistics=true, useSmartClassLoading=true, useTransactions=null, writePercentage=20, writeTxPercentage=20 }
 INFO  [pool-1-thread-1] {org.radargun.stressors.StressTestStressor} Using key generator org.radargun.stressors.StringKeyGenerator, param null
 INFO  [pool-1-thread-1] {org.radargun.stressors.StressTestStressor} Executing: StressTestStressor{opsCountStatusLog=100000, numRequests=10000, numEntries=10000, entrySize=1000, writePercentage=20, numThreads=4, cacheWrapper=org.radargun.cachewrappers.InfinispanXSWrapper@7b764b9f, nodeIndex=3, useTransactions=true, transactionSize=10000, commitTransactions=true, durationMillis=60000}
 INFO  [pool-1-thread-1] {org.radargun.stressors.StressTestStressor} Cache wrapper info is: Running : 5.2.6.Final, config:ispn52-repl-sync-rc.xml, cacheName:testCache
[GC 259695K->23205K(2944064K), 0.0580630 secs]
[GC 279269K->35879K(2944064K), 0.0518660 secs]
[GC 291943K->61434K(2944064K), 0.0608740 secs]
[GC 317498K->86141K(2944064K), 0.0658490 secs]
[GC 342205K->117533K(2944064K), 0.0716010 secs]
[GC 373597K->139204K(2944064K), 0.1638680 secs]
[GC 395268K->160201K(2944064K), 0.0897460 secs]
[GC 416265K->171664K(2944064K), 0.0933090 secs]
[GC 427728K->205066K(2944064K), 0.0920500 secs]
[GC 461130K->212253K(2944064K), 0.0893740 secs]
[GC 468317K->239403K(2944064K), 0.0959970 secs]
[GC 495467K->227628K(2944064K), 0.1006550 secs]
[GC 483692K->269807K(2944064K), 0.0800260 secs]
 INFO  [pool-1-thread-1] {org.radargun.stressors.StressTestStressor} Started 4 stressor threads.
 INFO  [Stressor-3] {org.radargun.stressors.StressTestStressor} Number of ops executed so far: 1. Elapsed time: 0.002 secs. Remaining: 59.998 secs. Total: 1 mins 0 secs
[GC 525871K->298688K(2944064K), 0.1014620 secs]
[GC 554752K->317846K(2944064K), 0.1404040 secs]
[GC 572823K->332972K(2944064K), 0.0643160 secs]
[GC 589036K->342482K(2944064K), 0.0542760 secs]
[GC 598546K->364797K(2944064K), 0.0501500 secs]
[GC 620861K->342261K(2944064K), 0.0518150 secs]
[GC 595410K->378111K(2944064K), 0.0453940 secs]
[GC 634175K->427931K(2944064K), 0.0631280 secs]
[GC 683125K->406350K(2944064K), 0.0627960 secs]
[GC 660963K->425764K(2944064K), 0.0540390 secs]
[GC 680795K->437876K(2944064K), 0.0559090 secs]
[GC 693940K->453577K(2944064K), 0.0605700 secs]
[GC 709407K->471940K(2944064K), 0.0612680 secs]
[GC 728004K->465840K(2944064K), 0.0515480 secs]
[GC 721904K->507831K(2944064K), 0.0576540 secs]
[GC 763895K->541596K(2944064K), 0.0715190 secs]
[GC 797660K->568067K(2944064K), 0.0743670 secs]
[GC 823923K->595059K(2944064K), 0.0639420 secs]
[GC 851077K->608824K(2944064K), 0.0729780 secs]
[GC 864834K->642294K(2944064K), 0.0554990 secs]
[GC 898358K->658717K(2944064K), 0.0668800 secs]
[GC 914781K->673491K(2944064K), 0.0657490 secs]
[GC 929555K->678168K(2944064K), 0.0646410 secs]
[GC 932265K->694503K(2944064K), 0.0574560 secs]
[GC 949859K->717857K(2944064K), 0.0505260 secs]
[GC 973921K->737868K(2944064K), 0.0677710 secs]
[GC 993932K->752778K(2944064K), 0.0654300 secs]
[GC 1008842K->781676K(2944064K), 0.0587150 secs]
[GC 1037740K->782754K(2944064K), 0.0635840 secs]
[GC 1038790K->804646K(2944064K), 0.0541330 secs]
[GC 1060710K->817155K(2944064K), 0.0515410 secs]
[GC 1072189K->846342K(2944064K), 0.0669870 secs]
 INFO  [Stressor-3] {org.radargun.stressors.StressTestStressor} Number of ops executed so far: 1020000. Elapsed time: 20.515 secs. Remaining: 39.485 secs. Total: 1 mins 0 secs
[GC 1101622K->837309K(2944064K), 0.0581520 secs]
[GC 1093373K->839285K(2944064K), 0.0603400 secs]
[GC 1095349K->894174K(2944064K), 0.0592400 secs]
[GC 1150238K->893220K(2944064K), 0.0718530 secs]
[GC 1149284K->910839K(2944064K), 0.0712520 secs]
[GC 1165923K->954958K(2944064K), 0.0485760 secs]
[GC 1211022K->940341K(2944064K), 0.0617980 secs]
[GC 1196405K->994492K(2944064K), 0.0643800 secs]
[GC 1250508K->987176K(2944064K), 0.0674430 secs]
[GC 1242972K->1004351K(2944064K), 0.0574010 secs]
[GC 1260415K->1029748K(2944064K), 0.0486620 secs]
[GC 1285812K->1062241K(2944064K), 0.0556900 secs]
[GC 1318305K->1048884K(2944064K), 0.0630490 secs]
[GC 1304766K->1073776K(2944064K), 0.0632170 secs]
[GC 1329840K->1092985K(2944064K), 0.0573220 secs]
[GC 1348993K->1100097K(2944064K), 0.0557820 secs]
[GC 1356161K->1128497K(2944064K), 0.0541290 secs]
[GC 1384532K->1114382K(2944064K), 0.0521020 secs]
[GC 1369805K->1154466K(2944064K), 0.0528910 secs]
[GC 1410491K->1152103K(2944064K), 0.0751750 secs]
[GC 1408167K->1184593K(2944064K), 0.0611820 secs]
[GC 1439775K->1204073K(2944064K), 0.0560790 secs]
[GC 1460137K->1194035K(2944064K), 0.0570990 secs]
[GC 1450099K->1247622K(2944064K), 0.0503470 secs]
[GC 1503686K->1230123K(2944064K), 0.0695930 secs]
[GC 1486187K->1267931K(2944064K), 0.0472350 secs]
[GC 1523995K->1310526K(2944064K), 0.0673140 secs]
[GC 1566590K->1292091K(2944064K), 0.0669900 secs]
[GC 1548155K->1310024K(2944064K), 0.0518630 secs]
[GC 1566088K->1349483K(2944064K), 0.0639340 secs]
[GC 1605508K->1342029K(2944064K), 0.0635550 secs]
[GC 1598093K->1385793K(2944064K), 0.0639640 secs]
 INFO  [Stressor-1] {org.radargun.stressors.StressTestStressor} Number of ops executed so far: 2340000. Elapsed time: 40.756 secs. Remaining: 19.244 secs. Total: 1 mins 0 secs
[GC 1641857K->1388206K(2944064K), 0.0589650 secs]
[GC 1388934K(2944064K), 0.0269490 secs]
[GC 1643214K->1380923K(2944064K), 0.0558120 secs]
[GC 1540802K(2944064K), 0.0787010 secs]
[GC 1290671K->1081910K(2944064K), 0.0521610 secs]
[GC 560351K->308637K(2944064K), 0.0625790 secs]
[GC 564701K->297809K(2944064K), 0.0462670 secs]
[GC 553826K->329376K(2944064K), 0.0465340 secs]
[GC 585440K->353128K(2944064K), 0.0540060 secs]
[GC 608886K->378888K(2944064K), 0.0635770 secs]
[GC 634952K->394090K(2944064K), 0.0661370 secs]
[GC 650154K->394155K(2944064K), 0.0714170 secs]
[GC 650219K->427316K(2944064K), 0.0544270 secs]
[GC 683380K->437119K(2944064K), 0.0683770 secs]
[GC 693183K->426975K(2944064K), 0.0554260 secs]
[GC 683039K->443502K(2944064K), 0.0458380 secs]
[GC 699547K->488270K(2944064K), 0.0649780 secs]
[GC 744334K->515782K(2944064K), 0.0700250 secs]
[GC 771846K->533031K(2944064K), 0.0718850 secs]
[GC 789094K->514692K(2944064K), 0.0508210 secs]
[GC 766928K->555112K(2944064K), 0.0472380 secs]
[GC 811176K->549805K(2944064K), 0.0610400 secs]
[GC 805302K->597235K(2944064K), 0.0570500 secs]
[GC 853260K->609163K(2944064K), 0.0614300 secs]
[GC 865227K->643896K(2944064K), 0.0603270 secs]
[GC 899763K->632638K(2944064K), 0.0575110 secs]
[GC 888702K->667359K(2944064K), 0.0570940 secs]
[GC 919673K->663817K(2944064K), 0.0556760 secs]
[GC 919881K->678626K(2944064K), 0.0474290 secs]
[GC 934690K->670101K(2944064K), 0.0554820 secs]
[GC 926165K->712155K(2944064K), 0.0611630 secs]
[GC 968219K->726636K(2944064K), 0.0679630 secs]
[GC 982580K->722058K(2944064K), 0.0496940 secs]
[GC 976395K->755687K(2944064K), 0.0517330 secs]
[GC 1011727K->805734K(2944064K), 0.0680390 secs]
 INFO  [pool-1-thread-1] {org.radargun.stressors.StressTestStressor} Finished generating report. Test duration is: 1 mins 28 secs
 INFO  [pool-1-thread-1] {org.radargun.stages.StressTestWarmupStage} The warmup took: 88 seconds.
 INFO  [pool-1-thread-1] {org.radargun.Slave} Finished stage: StressTestWarmup {bulkSize=1, cacheSpecificKeyGenerator=false, commitTransactions=true, duration=1 mins 0 secs, entrySize=1000, exitBenchmarkOnSlaveFailure=false, fixedKeys=true, generateHistogramRange=false, keyGeneratorClass=org.radargun.stressors.StringKeyGenerator, keyGeneratorParam=null, loadAllKeys=false, numEntries=10000, numOfThreads=4, numRequests=10000, numThreads=4, numberOfAttributes=10000, numberOfRequests=10000, opsCountStatusLog=100000, poolKeys=true, preferAsyncOperations=false, removePercentage=0, replaceInvalidPercentage=40, runOnAllSlaves=false, sharedKeys=false, sizeOfAnAttribute=1000, slaves=null, transactionSize=10000, useAtomics=false, useHistogramStatistics=false, useSimpleStatistics=true, useSmartClassLoading=true, useTransactions=null, writePercentage=20, writeTxPercentage=20 }
 INFO  [main] {org.radargun.Slave} Ack successfully sent to the master
 INFO  [pool-1-thread-1] {org.radargun.Slave} Executing stage: ClearClusterStage {ClearCluster {exitBenchmarkOnSlaveFailure=false, runOnAllSlaves=false, slaves=[ 0 ], useSmartClassLoading=true }
 INFO  [pool-1-thread-1] {org.radargun.stages.ClearClusterStage} Before executing clear, memory looks like this: Memory - free: 1,998,767 kb - max:4,906,688 kb- total:2,944,064 kb
[Full GC 980106K->27532K(2944064K), 0.4757460 secs]
 INFO  [pool-1-thread-1] {org.radargun.stages.ClearClusterStage} After executing cleanup, memory looks like this: Memory - free: 2,915,125 kb - max:4,906,688 kb- total:2,944,192 kb
 INFO  [pool-1-thread-1] {org.radargun.Slave} Finished stage: ClearClusterStage {ClearCluster {exitBenchmarkOnSlaveFailure=false, runOnAllSlaves=false, slaves=[ 0 ], useSmartClassLoading=true }
 INFO  [main] {org.radargun.Slave} Ack successfully sent to the master
 INFO  [pool-1-thread-1] {org.radargun.Slave} Executing stage: StressTest {bulkSize=1, cacheSpecificKeyGenerator=false, commitTransactions=true, duration=1 mins 0 secs, entrySize=1000, exitBenchmarkOnSlaveFailure=false, fixedKeys=true, generateHistogramRange=false, keyGeneratorClass=org.radargun.stressors.StringKeyGenerator, keyGeneratorParam=null, loadAllKeys=false, numEntries=10000, numOfThreads=4, numRequests=10000000, numThreads=4, numberOfAttributes=10000, numberOfRequests=10000000, opsCountStatusLog=500000, poolKeys=true, preferAsyncOperations=false, removePercentage=0, replaceInvalidPercentage=40, runOnAllSlaves=false, sharedKeys=false, sizeOfAnAttribute=1000, slaves=null, transactionSize=10000, useAtomics=false, useHistogramStatistics=false, useSimpleStatistics=true, useSmartClassLoading=true, useTransactions=true, writePercentage=10, writeTxPercentage=100 }
 INFO  [pool-1-thread-1] {org.radargun.stages.StressTestStage} Starting StressTestStage: StressTest {bulkSize=1, cacheSpecificKeyGenerator=false, commitTransactions=true, duration=1 mins 0 secs, entrySize=1000, exitBenchmarkOnSlaveFailure=false, fixedKeys=true, generateHistogramRange=false, keyGeneratorClass=org.radargun.stressors.StringKeyGenerator, keyGeneratorParam=null, loadAllKeys=false, numEntries=10000, numOfThreads=4, numRequests=10000000, numThreads=4, numberOfAttributes=10000, numberOfRequests=10000000, opsCountStatusLog=500000, poolKeys=true, preferAsyncOperations=false, removePercentage=0, replaceInvalidPercentage=40, runOnAllSlaves=false, sharedKeys=false, sizeOfAnAttribute=1000, slaves=null, transactionSize=10000, useAtomics=false, useHistogramStatistics=false, useSimpleStatistics=true, useSmartClassLoading=true, useTransactions=true, writePercentage=10, writeTxPercentage=100 }
 INFO  [pool-1-thread-1] {org.radargun.stressors.StressTestStressor} Using key generator org.radargun.stressors.StringKeyGenerator, param null
 INFO  [pool-1-thread-1] {org.radargun.stressors.StressTestStressor} Executing: StressTestStressor{opsCountStatusLog=500000, numRequests=10000000, numEntries=10000, entrySize=1000, writePercentage=10, numThreads=4, cacheWrapper=org.radargun.cachewrappers.InfinispanXSWrapper@7b764b9f, nodeIndex=3, useTransactions=true, transactionSize=10000, commitTransactions=true, durationMillis=60000}
 INFO  [pool-1-thread-1] {org.radargun.stressors.StressTestStressor} Cache wrapper info is: Running : 5.2.6.Final, config:ispn52-repl-sync-rc.xml, cacheName:testCache
[GC 283724K->100076K(2944192K), 0.0455040 secs]
[GC 356268K->87955K(2944192K), 0.0552980 secs]
[GC 344147K->107050K(2944192K), 0.0574720 secs]
[GC 363242K->138896K(2944192K), 0.0807930 secs]
[GC 395088K->163943K(2944192K), 0.1168380 secs]
[GC 420135K->182063K(2944192K), 0.0854950 secs]
[GC 438255K->211638K(2944192K), 0.0925910 secs]
[GC 467830K->200609K(2944192K), 0.0841110 secs]
[GC 456801K->231105K(2944192K), 0.0946380 secs]
[GC 487297K->251281K(2944192K), 0.0880240 secs]
[GC 507473K->250692K(2944192K), 0.0815590 secs]
[GC 506884K->282777K(2944192K), 0.0888630 secs]
[GC 538165K->312996K(2944192K), 0.0853800 secs]
 INFO  [pool-1-thread-1] {org.radargun.stressors.StressTestStressor} Started 4 stressor threads.
 INFO  [Stressor-2] {org.radargun.stressors.StressTestStressor} Number of ops executed so far: 1. Elapsed time: 0.001 secs. Remaining: 59.999 secs. Total: 1 mins 0 secs
[GC 569188K->313996K(2944192K), 0.0821180 secs]
[GC 570188K->342970K(2944192K), 0.0669500 secs]
[GC 599162K->377712K(2944192K), 0.0633060 secs]
[GC 633878K->354853K(2944192K), 0.0549820 secs]
[GC 611045K->385480K(2944192K), 0.0487990 secs]
[GC 641629K->398284K(2944192K), 0.0651240 secs]
[GC 654475K->425121K(2944192K), 0.0566850 secs]
[GC 681313K->430378K(2944192K), 0.0539750 secs]
[GC 686517K->457549K(2944192K), 0.0506290 secs]
[GC 713741K->470432K(2944192K), 0.0583180 secs]
[GC 725954K->481767K(2944192K), 0.0624570 secs]
[GC 737635K->479189K(2944192K), 0.0649560 secs]
[GC 735381K->478984K(2944192K), 0.0457770 secs]
[GC 735176K->533825K(2944192K), 0.0536600 secs]
[GC 789969K->561366K(2944192K), 0.0567880 secs]
[GC 817558K->573715K(2944192K), 0.0578110 secs]
[GC 829670K->566687K(2944192K), 0.0678040 secs]
[GC 822879K->582998K(2944192K), 0.0557000 secs]
[GC 839190K->601479K(2944192K), 0.0563930 secs]
[GC 857671K->628390K(2944192K), 0.0466680 secs]
[GC 884582K->638291K(2944192K), 0.0563830 secs]
[GC 894483K->671630K(2944192K), 0.0558080 secs]
[GC 927822K->676152K(2944192K), 0.0633010 secs]
[GC 932344K->703877K(2944192K), 0.0510730 secs]
[GC 960069K->696488K(2944192K), 0.0623120 secs]
[GC 952603K->717006K(2944192K), 0.0467140 secs]
[GC 972420K->714085K(2944192K), 0.0581040 secs]
[GC 970277K->736250K(2944192K), 0.0543620 secs]
[GC 991901K->776474K(2944192K), 0.0466170 secs]
 INFO  [Stressor-2] {org.radargun.stressors.StressTestStressor} Number of ops executed so far: 400000. Elapsed time: 20.254 secs. Remaining: 39.746 secs. Total: 1 mins 0 secs
[GC 1032666K->796563K(2944192K), 0.0541050 secs]
[GC 1052755K->779102K(2944192K), 0.0588860 secs]
[GC 1035294K->800460K(2944192K), 0.0600900 secs]
[GC 1056652K->793253K(2944192K), 0.0527850 secs]
[GC 1048028K->837176K(2944192K), 0.0483710 secs]
[GC 1093368K->872422K(2944192K), 0.0538840 secs]
[GC 1128614K->839554K(2944192K), 0.0568350 secs]
[GC 1095746K->889363K(2944192K), 0.0468110 secs]
[GC 1145507K->887083K(2944192K), 0.0529810 secs]
[GC 1142504K->912228K(2944192K), 0.0595160 secs]
[GC 1168382K->916421K(2944192K), 0.0541650 secs]
[GC 1172613K->935531K(2944192K), 0.0440150 secs]
[GC 1191723K->949580K(2944192K), 0.0577540 secs]
[GC 1205769K->936659K(2944192K), 0.0504540 secs]
[GC 1192851K->974954K(2944192K), 0.0466030 secs]
[GC 1231146K->1010278K(2944192K), 0.0599530 secs]
[GC 1266470K->991959K(2944192K), 0.0534170 secs]
[GC 1248151K->1036892K(2944192K), 0.0483900 secs]
[GC 1293084K->1033669K(2944192K), 0.0640080 secs]
[GC 1289207K->1039988K(2944192K), 0.0590450 secs]
[GC 1296180K->1069874K(2944192K), 0.0473040 secs]
[GC 1326066K->1079144K(2944192K), 0.0554550 secs]
[GC 1335336K->1123239K(2944192K), 0.0592840 secs]
[GC 1379431K->1129773K(2944192K), 0.0534100 secs]
[GC 1385965K->1135430K(2944192K), 0.0498710 secs]
[GC 1391622K->1128868K(2944192K), 0.0573310 secs]
[GC 1385060K->1177179K(2944192K), 0.0485140 secs]
[GC 1433371K->1172876K(2944192K), 0.0508440 secs]
[GC 1429015K->1215041K(2944192K), 0.0490520 secs]
 INFO  [Stressor-2] {org.radargun.stressors.StressTestStressor} Number of ops executed so far: 880000. Elapsed time: 40.397 secs. Remaining: 19.603 secs. Total: 1 mins 0 secs
[GC 1471032K->1199392K(2944192K), 0.0546160 secs]
[GC 1455528K->1246069K(2944192K), 0.0532450 secs]
[GC 1502225K->1221239K(2944192K), 0.0531560 secs]
[GC 1477431K->1276329K(2944192K), 0.0528780 secs]
[GC 1532521K->1251904K(2944192K), 0.0559340 secs]
[GC 1508096K->1285174K(2944192K), 0.0452950 secs]
[GC 1541366K->1307618K(2944192K), 0.0470150 secs]
[GC 1563810K->1294284K(2944192K), 0.0507310 secs]
[GC 1550476K->1322974K(2944192K), 0.0494020 secs]
[GC 1578793K->1340974K(2944192K), 0.0531430 secs]
[GC 1596422K->1326418K(2944192K), 0.0580040 secs]
[GC 1581944K->1378309K(2944192K), 0.0443100 secs]
[GC 1633978K->1381497K(2944192K), 0.0599000 secs]
[GC 1637689K->1423548K(2944192K), 0.0553620 secs]
[GC 1679740K->1419709K(2944192K), 0.0658310 secs]
[GC 1675843K->1461735K(2944192K), 0.0563980 secs]
[GC 1717927K->1457773K(2944192K), 0.0739490 secs]
[GC 1713965K->1473830K(2944192K), 0.0615240 secs]
[GC 1730022K->1490474K(2944192K), 0.0706300 secs]
[GC 1746002K->1498483K(2944192K), 0.0578350 secs]
[GC 1754092K->1525578K(2944192K), 0.0532820 secs]
[GC 1781770K->1544730K(2944192K), 0.0697880 secs]
[GC 1799879K->1566015K(2944192K), 0.0570630 secs]
[GC 1822207K->1579614K(2944192K), 0.0628020 secs]
[GC 1835806K->1595470K(2944192K), 0.0610170 secs]
[GC 1851662K->1611634K(2944192K), 0.0569680 secs]
 INFO  [pool-1-thread-1] {org.radargun.stressors.StressTestStressor} Finished generating report. Test duration is: 1 mins 23 secs
 INFO  [pool-1-thread-1] {org.radargun.stages.StressTestStage} size info: Running : 5.2.6.Final, config:ispn52-repl-sync-rc.xml, cacheName:testCache, clusterSize:4, nodeIndex:3, cacheSize: 160000
 INFO  [pool-1-thread-1] {org.radargun.Slave} Finished stage: StressTest {bulkSize=1, cacheSpecificKeyGenerator=false, commitTransactions=true, duration=1 mins 0 secs, entrySize=1000, exitBenchmarkOnSlaveFailure=false, fixedKeys=true, generateHistogramRange=false, keyGeneratorClass=org.radargun.stressors.StringKeyGenerator, keyGeneratorParam=null, loadAllKeys=false, numEntries=10000, numOfThreads=4, numRequests=10000000, numThreads=4, numberOfAttributes=10000, numberOfRequests=10000000, opsCountStatusLog=500000, poolKeys=true, preferAsyncOperations=false, removePercentage=0, replaceInvalidPercentage=40, runOnAllSlaves=false, sharedKeys=false, sizeOfAnAttribute=1000, slaves=null, transactionSize=10000, useAtomics=false, useHistogramStatistics=false, useSimpleStatistics=true, useSmartClassLoading=true, useTransactions=true, writePercentage=10, writeTxPercentage=100 }
 INFO  [main] {org.radargun.Slave} Ack successfully sent to the master
 INFO  [main] {org.radargun.Slave} Master shutdown!
 INFO  [Thread-0] {org.radargun.ShutDownHook} Slave process is being shutdown
