/usr/java/jdk1.7.0_21/bin/java -server -Xmx1024M -Xms1024M -Dresolve.dns=false -Djgroups.timer.num_threads=4 -verbose:gc -Xmx5000M -Xms3000M -server -XX:+UseConcMarkSweepGC -XX:+AggressiveOpts -verbose:gc -XX:ParallelGCThreads=4 -XX:NewRatio=5 -XX:SurvivorRatio=2 -Dhazelcast.operation.thread.count=4 -Djava.net.preferIPv4Stack=true -Dlog4j.file.prefix=deimos-esw-21670 -Dbind.address= -Djgroups.bind_addr= -classpath /home/smf/github/radargun/target/distribution/RadarGun-1.1.0-SNAPSHOT/lib/activation-1.1.jar:/home/smf/github/radargun/target/distribution/RadarGun-1.1.0-SNAPSHOT/lib/commons-beanutils-1.8.0.jar:/home/smf/github/radargun/target/distribution/RadarGun-1.1.0-SNAPSHOT/lib/commons-digester-2.0.jar:/home/smf/github/radargun/target/distribution/RadarGun-1.1.0-SNAPSHOT/lib/commons-logging-1.1.1.jar:/home/smf/github/radargun/target/distribution/RadarGun-1.1.0-SNAPSHOT/lib/commons-math-1.2.jar:/home/smf/github/radargun/target/distribution/RadarGun-1.1.0-SNAPSHOT/lib/jboss-transaction-api-1.0.1.GA.jar:/home/smf/github/radargun/target/distribution/RadarGun-1.1.0-SNAPSHOT/lib/jcommon-1.0.15.jar:/home/smf/github/radargun/target/distribution/RadarGun-1.1.0-SNAPSHOT/lib/jfreechart-1.0.12.jar:/home/smf/github/radargun/target/distribution/RadarGun-1.1.0-SNAPSHOT/lib/log4j-1.2.14.jar:/home/smf/github/radargun/target/distribution/RadarGun-1.1.0-SNAPSHOT/lib/mail-1.4.2.jar:/home/smf/github/radargun/target/distribution/RadarGun-1.1.0-SNAPSHOT/lib/radargun-framework-1.1.0-SNAPSHOT.jar:/home/smf/github/radargun/target/distribution/RadarGun-1.1.0-SNAPSHOT/conf org.radargun.Slave -master 127.0.0.1:2103
--------------------------------------------------------------------------------
PerNodeRollingFileAppender::Using file prefix:deimos-esw-21670
 INFO  [main] {org.radargun.Slave} Attempting to connect to master 127.0.0.1:2103
 INFO  [main] {org.radargun.Slave} Successfully established connection with master at: 127.0.0.1:2103
Loading JARS from /home/smf/github/radargun/target/distribution/RadarGun-1.1.0-SNAPSHOT/lib/radargun-framework-1.1.0-SNAPSHOT.jar
 INFO  [pool-1-thread-1] {org.radargun.config.AnnotatedHelper} Loading JARS from /home/smf/github/radargun/target/distribution/RadarGun-1.1.0-SNAPSHOT/lib/radargun-framework-1.1.0-SNAPSHOT.jar
 INFO  [pool-1-thread-1] {org.radargun.config.AnnotatedHelper} Loading JARS from /home/smf/github/radargun/target/distribution/RadarGun-1.1.0-SNAPSHOT/lib/radargun-framework-1.1.0-SNAPSHOT.jar
 INFO  [pool-1-thread-1] {org.radargun.Slave} Executing stage: DestroyWrapper {enforceMemoryThrashHold=true, exitBenchmarkOnSlaveFailure=false, heapDumpDir=null, memoryThreshold=95, runOnAllSlaves=true, slaves=null, useSmartClassLoading=true }
 INFO  [pool-1-thread-1] {org.radargun.stages.DestroyWrapperStage} Received destroy cache wrapper request from master...
 INFO  [pool-1-thread-1] {org.radargun.stages.DestroyWrapperStage} No cache wrapper deployed on this slave, nothing to do.
 INFO  [pool-1-thread-1] {org.radargun.stages.DestroyWrapperStage} Before executing clear, memory looks like this: Memory - free: 2,928,638 kb - max:4,906,688 kb- total:2,944,000 kb
[Full GC 15361K->3631K(2944000K), 0.0599160 secs]
 INFO  [pool-1-thread-1] {org.radargun.stages.DestroyWrapperStage} After executing cleanup, memory looks like this: Memory - free: 2,935,311 kb - max:4,906,688 kb- total:2,944,064 kb
 INFO  [pool-1-thread-1] {org.radargun.Slave} Finished stage: DestroyWrapper {enforceMemoryThrashHold=true, exitBenchmarkOnSlaveFailure=false, heapDumpDir=null, memoryThreshold=95, runOnAllSlaves=true, slaves=null, useSmartClassLoading=true }
 INFO  [main] {org.radargun.Slave} Ack successfully sent to the master
 INFO  [pool-1-thread-1] {org.radargun.Slave} Executing stage: StartCluster {config=ispn52-repl-sync-rc.xml, delayAfterFirstSlaveStarts=5.000 secs, delayBetweenStartingSlaves=0.500 secs, exitBenchmarkOnSlaveFailure=true, expectNumSlaves=null, mayFailOn=null, reachable=null, runOnAllSlaves=false, slaves=null, staggerSlaveStartup=true, useSmartClassLoading=true, validateCluster=true }
 INFO  [pool-1-thread-1] {org.radargun.stages.StartClusterStage}  Startup staggering, starting 12 slaves. This is the slave with index 8. Sleeping for 9000 millis.
 INFO  [pool-1-thread-1] {org.radargun.stages.StartClusterStage} Ack master's StartCluster stage. Local address is: /127.0.0.1. This slave's index is: 8
 INFO  [pool-1-thread-1] {org.radargun.utils.ClassLoadHelper} Creating newInstance org.radargun.cachewrappers.FFWrapper with classloader java.net.URLClassLoader@5381062e
 INFO  [pool-1-thread-1] {org.radargun.cachewrappers.FFWrapper} config=ispn52-repl-sync-rc.xml, isLocal=false, nodeIndex=8, confAttributes={name=ispn52-repl-sync-rc.xml, decorate=infinispan52}
 INFO  [pool-1-thread-1] {org.radargun.cachewrappers.FFWrapper} Found fenix framework config options in 'rg-fenix-framework-config-options.properties'.
 INFO  [pool-1-thread-1] {org.radargun.cachewrappers.FFWrapper} Setting extra config properties for Fenix Framework.
 INFO  [pool-1-thread-1] {org.radargun.cachewrappers.FFWrapper} Will initialize Fenix Framework with RadarGunDataGridConfig
 TRACE [pool-1-thread-1] {pt.ist.fenixframework.FenixFramework} Static initializer block for FenixFramework class [BEGIN]
 INFO  [pool-1-thread-1] {pt.ist.fenixframework.FenixFramework} Trying auto-initialization with configuration by convention
 INFO  [pool-1-thread-1] {pt.ist.fenixframework.FenixFramework} Resource 'fenix-framework.properties' not found
 DEBUG [pool-1-thread-1] {pt.ist.fenixframework.FenixFramework} Fenix Framework properties after reading default config file:{}
 DEBUG [pool-1-thread-1] {pt.ist.fenixframework.FenixFramework} CurrentBackEndName = jvstm-datagrid
 INFO  [pool-1-thread-1] {pt.ist.fenixframework.FenixFramework} Resource 'fenix-framework-jvstm-datagrid.properties' not found
 DEBUG [pool-1-thread-1] {pt.ist.fenixframework.FenixFramework} Fenix Framework properties after reading backend config file:{}
 DEBUG [pool-1-thread-1] {pt.ist.fenixframework.FenixFramework} Fenix Framework properties after enforcing system properties:{}
 INFO  [pool-1-thread-1] {pt.ist.fenixframework.FenixFramework} Skipping configuration by convention.
 TRACE [pool-1-thread-1] {pt.ist.fenixframework.FenixFramework} Static initializer block for FenixFramework class [END]
 INFO  [pool-1-thread-1] {pt.ist.fenixframework.FenixFramework} Initializing Fenix Framework with config.class=pt.ist.fenixframework.backend.jvstm.datagrid.radargun.RadarGunDataGridConfig
 INFO  [pool-1-thread-1] {pt.ist.fenixframework.backend.jvstm.cluster.JvstmClusterBackEnd} initializeGroupCommunication()
 INFO  [pool-1-thread-1] {com.hazelcast.config.ClasspathXmlConfig} Configuring Hazelcast from 'hazelcast-ff.xml'.
 INFO  [pool-1-thread-1] {com.hazelcast.instance.DefaultAddressPicker} Interfaces is disabled, trying to pick one address from TCP-IP config addresses: [127.0.0.1]
 INFO  [pool-1-thread-1] {com.hazelcast.instance.DefaultAddressPicker} Picked Address[127.0.0.1]:5709, using socket ServerSocket[addr=/0.0.0.0,localport=5709], bind any local is true
 INFO  [pool-1-thread-1] {com.hazelcast.system} [127.0.0.1]:5709 [FenixFrameworkGroup] Hazelcast Community Edition 3.0.2 (20130906) starting at Address[127.0.0.1]:5709
 INFO  [pool-1-thread-1] {com.hazelcast.system} [127.0.0.1]:5709 [FenixFrameworkGroup] Copyright (C) 2008-2013 Hazelcast.com
 INFO  [pool-1-thread-1] {com.hazelcast.instance.Node} [127.0.0.1]:5709 [FenixFrameworkGroup] Creating MulticastJoiner
 INFO  [pool-1-thread-1] {com.hazelcast.core.LifecycleService} [127.0.0.1]:5709 [FenixFrameworkGroup] Address[127.0.0.1]:5709 is STARTING
 INFO  [pool-1-thread-1] {com.hazelcast.cluster.TcpIpJoiner} [127.0.0.1]:5709 [FenixFrameworkGroup] Connecting to possible member: Address[127.0.0.1]:5703
 INFO  [pool-1-thread-1] {com.hazelcast.cluster.TcpIpJoiner} [127.0.0.1]:5709 [FenixFrameworkGroup] Connecting to possible member: Address[127.0.0.1]:5702
 INFO  [pool-1-thread-1] {com.hazelcast.cluster.TcpIpJoiner} [127.0.0.1]:5709 [FenixFrameworkGroup] Connecting to possible member: Address[127.0.0.1]:5701
 INFO  [hz._hzInstance_1_FenixFrameworkGroup.cached.thread-3] {com.hazelcast.nio.SocketConnector} [127.0.0.1]:5709 [FenixFrameworkGroup] Connecting to /127.0.0.1:5703, timeout: 0, bind-any: true
 INFO  [hz._hzInstance_1_FenixFrameworkGroup.cached.thread-2] {com.hazelcast.nio.SocketConnector} [127.0.0.1]:5709 [FenixFrameworkGroup] Connecting to /127.0.0.1:5702, timeout: 0, bind-any: true
 INFO  [hz._hzInstance_1_FenixFrameworkGroup.cached.thread-1] {com.hazelcast.nio.SocketConnector} [127.0.0.1]:5709 [FenixFrameworkGroup] Connecting to /127.0.0.1:5701, timeout: 0, bind-any: true
 INFO  [hz._hzInstance_1_FenixFrameworkGroup.cached.thread-3] {com.hazelcast.nio.TcpIpConnectionManager} [127.0.0.1]:5709 [FenixFrameworkGroup] 49146 accepted socket connection from /127.0.0.1:5703
 INFO  [hz._hzInstance_1_FenixFrameworkGroup.cached.thread-2] {com.hazelcast.nio.TcpIpConnectionManager} [127.0.0.1]:5709 [FenixFrameworkGroup] 34644 accepted socket connection from /127.0.0.1:5702
 INFO  [hz._hzInstance_1_FenixFrameworkGroup.cached.thread-1] {com.hazelcast.nio.TcpIpConnectionManager} [127.0.0.1]:5709 [FenixFrameworkGroup] 46062 accepted socket connection from /127.0.0.1:5701
 INFO  [hz._hzInstance_1_FenixFrameworkGroup.cached.thread-1] {com.hazelcast.cluster.ClusterService} [127.0.0.1]:5709 [FenixFrameworkGroup] 

Members [12] {
	Member [127.0.0.1]:5701
	Member [127.0.0.1]:5702
	Member [127.0.0.1]:5704
	Member [127.0.0.1]:5705
	Member [127.0.0.1]:5706
	Member [127.0.0.1]:5703
	Member [127.0.0.1]:5707
	Member [127.0.0.1]:5708
	Member [127.0.0.1]:5709 this
	Member [127.0.0.1]:5710
	Member [127.0.0.1]:5711
	Member [127.0.0.1]:5712
}

 INFO  [hz._hzInstance_1_FenixFrameworkGroup.IO.thread-Acceptor] {com.hazelcast.nio.SocketAcceptor} [127.0.0.1]:5709 [FenixFrameworkGroup] Accepting socket connection from /127.0.0.1:57199
 INFO  [hz._hzInstance_1_FenixFrameworkGroup.IO.thread-Acceptor] {com.hazelcast.nio.TcpIpConnectionManager} [127.0.0.1]:5709 [FenixFrameworkGroup] 5709 accepted socket connection from /127.0.0.1:57199
 INFO  [hz._hzInstance_1_FenixFrameworkGroup.cached.thread-2] {com.hazelcast.nio.SocketConnector} [127.0.0.1]:5709 [FenixFrameworkGroup] Connecting to /127.0.0.1:5705, timeout: 0, bind-any: true
 INFO  [hz._hzInstance_1_FenixFrameworkGroup.IO.thread-Acceptor] {com.hazelcast.nio.SocketAcceptor} [127.0.0.1]:5709 [FenixFrameworkGroup] Accepting socket connection from /127.0.0.1:33157
 INFO  [hz._hzInstance_1_FenixFrameworkGroup.IO.thread-Acceptor] {com.hazelcast.nio.TcpIpConnectionManager} [127.0.0.1]:5709 [FenixFrameworkGroup] 5709 accepted socket connection from /127.0.0.1:33157
 INFO  [hz._hzInstance_1_FenixFrameworkGroup.IO.thread-Acceptor] {com.hazelcast.nio.SocketAcceptor} [127.0.0.1]:5709 [FenixFrameworkGroup] Accepting socket connection from /127.0.0.1:34545
 INFO  [hz._hzInstance_1_FenixFrameworkGroup.cached.thread-2] {com.hazelcast.nio.TcpIpConnectionManager} [127.0.0.1]:5709 [FenixFrameworkGroup] 45369 accepted socket connection from /127.0.0.1:5705
 INFO  [hz._hzInstance_1_FenixFrameworkGroup.IO.thread-Acceptor] {com.hazelcast.nio.TcpIpConnectionManager} [127.0.0.1]:5709 [FenixFrameworkGroup] 5709 accepted socket connection from /127.0.0.1:34545
 INFO  [hz._hzInstance_1_FenixFrameworkGroup.cached.thread-7] {com.hazelcast.nio.SocketConnector} [127.0.0.1]:5709 [FenixFrameworkGroup] Connecting to /127.0.0.1:5707, timeout: 0, bind-any: true
 INFO  [hz._hzInstance_1_FenixFrameworkGroup.cached.thread-8] {com.hazelcast.nio.SocketConnector} [127.0.0.1]:5709 [FenixFrameworkGroup] Connecting to /127.0.0.1:5704, timeout: 0, bind-any: true
 INFO  [hz._hzInstance_1_FenixFrameworkGroup.IO.thread-Acceptor] {com.hazelcast.nio.SocketAcceptor} [127.0.0.1]:5709 [FenixFrameworkGroup] Accepting socket connection from /127.0.0.1:55594
 INFO  [hz._hzInstance_1_FenixFrameworkGroup.cached.thread-2] {com.hazelcast.nio.SocketConnector} [127.0.0.1]:5709 [FenixFrameworkGroup] Connecting to /127.0.0.1:5708, timeout: 0, bind-any: true
 INFO  [hz._hzInstance_1_FenixFrameworkGroup.cached.thread-7] {com.hazelcast.nio.TcpIpConnectionManager} [127.0.0.1]:5709 [FenixFrameworkGroup] 48489 accepted socket connection from /127.0.0.1:5707
 INFO  [hz._hzInstance_1_FenixFrameworkGroup.cached.thread-2] {com.hazelcast.nio.TcpIpConnectionManager} [127.0.0.1]:5709 [FenixFrameworkGroup] 39662 accepted socket connection from /127.0.0.1:5708
 INFO  [hz._hzInstance_1_FenixFrameworkGroup.IO.thread-Acceptor] {com.hazelcast.nio.TcpIpConnectionManager} [127.0.0.1]:5709 [FenixFrameworkGroup] 5709 accepted socket connection from /127.0.0.1:55594
 INFO  [hz._hzInstance_1_FenixFrameworkGroup.cached.thread-3] {com.hazelcast.nio.SocketConnector} [127.0.0.1]:5709 [FenixFrameworkGroup] Connecting to /127.0.0.1:5711, timeout: 0, bind-any: true
 INFO  [hz._hzInstance_1_FenixFrameworkGroup.cached.thread-3] {com.hazelcast.nio.TcpIpConnectionManager} [127.0.0.1]:5709 [FenixFrameworkGroup] 44781 accepted socket connection from /127.0.0.1:5711
 INFO  [hz._hzInstance_1_FenixFrameworkGroup.cached.thread-8] {com.hazelcast.nio.TcpIpConnectionManager} [127.0.0.1]:5709 [FenixFrameworkGroup] 40738 accepted socket connection from /127.0.0.1:5704
 INFO  [hz._hzInstance_1_FenixFrameworkGroup.IO.thread-Acceptor] {com.hazelcast.nio.SocketAcceptor} [127.0.0.1]:5709 [FenixFrameworkGroup] Accepting socket connection from /127.0.0.1:57290
 INFO  [hz._hzInstance_1_FenixFrameworkGroup.cached.thread-7] {com.hazelcast.nio.SocketConnector} [127.0.0.1]:5709 [FenixFrameworkGroup] Connecting to /127.0.0.1:5710, timeout: 0, bind-any: true
 INFO  [hz._hzInstance_1_FenixFrameworkGroup.IO.thread-Acceptor] {com.hazelcast.nio.TcpIpConnectionManager} [127.0.0.1]:5709 [FenixFrameworkGroup] 5709 accepted socket connection from /127.0.0.1:57290
 INFO  [hz._hzInstance_1_FenixFrameworkGroup.cached.thread-6] {com.hazelcast.nio.SocketConnector} [127.0.0.1]:5709 [FenixFrameworkGroup] Connecting to /127.0.0.1:5712, timeout: 0, bind-any: true
 INFO  [hz._hzInstance_1_FenixFrameworkGroup.IO.thread-Acceptor] {com.hazelcast.nio.SocketAcceptor} [127.0.0.1]:5709 [FenixFrameworkGroup] Accepting socket connection from /127.0.0.1:44358
 INFO  [hz._hzInstance_1_FenixFrameworkGroup.cached.thread-7] {com.hazelcast.nio.TcpIpConnectionManager} [127.0.0.1]:5709 [FenixFrameworkGroup] 47152 accepted socket connection from /127.0.0.1:5710
 INFO  [hz._hzInstance_1_FenixFrameworkGroup.cached.thread-6] {com.hazelcast.nio.TcpIpConnectionManager} [127.0.0.1]:5709 [FenixFrameworkGroup] 59380 accepted socket connection from /127.0.0.1:5712
 INFO  [hz._hzInstance_1_FenixFrameworkGroup.IO.thread-Acceptor] {com.hazelcast.nio.TcpIpConnectionManager} [127.0.0.1]:5709 [FenixFrameworkGroup] 5709 accepted socket connection from /127.0.0.1:44358
 INFO  [hz._hzInstance_1_FenixFrameworkGroup.IO.thread-Acceptor] {com.hazelcast.nio.SocketAcceptor} [127.0.0.1]:5709 [FenixFrameworkGroup] Accepting socket connection from /127.0.0.1:55331
 INFO  [hz._hzInstance_1_FenixFrameworkGroup.IO.thread-Acceptor] {com.hazelcast.nio.TcpIpConnectionManager} [127.0.0.1]:5709 [FenixFrameworkGroup] 5709 accepted socket connection from /127.0.0.1:55331
 INFO  [hz._hzInstance_1_FenixFrameworkGroup.IO.thread-Acceptor] {com.hazelcast.nio.SocketAcceptor} [127.0.0.1]:5709 [FenixFrameworkGroup] Accepting socket connection from /127.0.0.1:56410
 INFO  [hz._hzInstance_1_FenixFrameworkGroup.IO.thread-Acceptor] {com.hazelcast.nio.TcpIpConnectionManager} [127.0.0.1]:5709 [FenixFrameworkGroup] 5709 accepted socket connection from /127.0.0.1:56410
 INFO  [pool-1-thread-1] {com.hazelcast.core.LifecycleService} [127.0.0.1]:5709 [FenixFrameworkGroup] Address[127.0.0.1]:5709 is STARTED
 INFO  [pool-1-thread-1] {pt.ist.fenixframework.backend.jvstm.cluster.ClusterUtils} Got (long) serverId: 7
 INFO  [pool-1-thread-1] {pt.ist.fenixframework.backend.jvstm.cluster.JvstmClusterBackEnd} This is NOT the first node.
 INFO  [pool-1-thread-1] {pt.ist.fenixframework.backend.jvstm.cluster.ClusterUtils} Waiting for startup from first node
 INFO  [pool-1-thread-1] {pt.ist.fenixframework.backend.jvstm.JVSTMBackEnd} initializeRepository()
 INFO  [pool-1-thread-1] {pt.ist.fenixframework.backend.jvstm.datagrid.radargun.DataGridDecorator} config=ispn52-repl-sync-rc.xml, isLocal=false, nodeIndex=8, confAttributes={name=ispn52-repl-sync-rc.xml}
 INFO  [pool-1-thread-1] {org.radargun.cachewrappers.InfinispanXSWrapper} Cannot find any site for slave index 8
[GC 259695K->13753K(2944064K), 0.0467170 secs]
 INFO  [pool-1-thread-1] {org.infinispan.remoting.transport.jgroups.JGroupsTransport} ISPN000078: Starting JGroups Channel
 WARN  [pool-1-thread-1] {org.jgroups.protocols.UDP} [JGRP00014] the send buffer of socket DatagramSocket was set to 640KB, but the OS only allocated 229.38KB. This might lead to performance problems. Please set your max send buffer in the OS correctly (e.g. net.core.wmem_max on Linux)
 WARN  [pool-1-thread-1] {org.jgroups.protocols.UDP} [JGRP00014] the receive buffer of socket DatagramSocket was set to 20MB, but the OS only allocated 229.38KB. This might lead to performance problems. Please set your max receive buffer in the OS correctly (e.g. net.core.rmem_max on Linux)
 WARN  [pool-1-thread-1] {org.jgroups.protocols.UDP} [JGRP00014] the send buffer of socket MulticastSocket was set to 640KB, but the OS only allocated 229.38KB. This might lead to performance problems. Please set your max send buffer in the OS correctly (e.g. net.core.wmem_max on Linux)
 WARN  [pool-1-thread-1] {org.jgroups.protocols.UDP} [JGRP00014] the receive buffer of socket MulticastSocket was set to 25MB, but the OS only allocated 229.38KB. This might lead to performance problems. Please set your max receive buffer in the OS correctly (e.g. net.core.rmem_max on Linux)
 INFO  [pool-1-thread-1] {org.infinispan.remoting.transport.jgroups.JGroupsTransport} ISPN000094: Received new cluster view: [deimos-esw-25001|5] [deimos-esw-25001, deimos-esw-59234, deimos-esw-54821, deimos-esw-19432, deimos-esw-52096, deimos-esw-36490, deimos-esw-27773, deimos-esw-39184, deimos-esw-27189]
 INFO  [pool-1-thread-1] {org.infinispan.remoting.transport.jgroups.JGroupsTransport} ISPN000079: Cache local address is deimos-esw-39184, physical addresses are [127.0.0.1:52007]
 INFO  [pool-1-thread-1] {org.infinispan.factories.GlobalComponentRegistry} ISPN000128: Infinispan version: Infinispan 'Delirium' 5.2.6.Final
 INFO  [Incoming-3,deimos-esw-39184] {org.infinispan.remoting.transport.jgroups.JGroupsTransport} ISPN000094: Received new cluster view: [deimos-esw-25001|6] [deimos-esw-25001, deimos-esw-59234, deimos-esw-54821, deimos-esw-19432, deimos-esw-52096, deimos-esw-36490, deimos-esw-27773, deimos-esw-39184, deimos-esw-27189, deimos-esw-56798]
 INFO  [pool-1-thread-1] {org.infinispan.transaction.lookup.JBossStandaloneJTAManagerLookup} ISPN000107: Retrieving transaction manager Transaction: unknown
 INFO  [Incoming-3,deimos-esw-39184] {org.infinispan.remoting.transport.jgroups.JGroupsTransport} ISPN000094: Received new cluster view: [deimos-esw-25001|7] [deimos-esw-25001, deimos-esw-59234, deimos-esw-54821, deimos-esw-19432, deimos-esw-52096, deimos-esw-36490, deimos-esw-27773, deimos-esw-39184, deimos-esw-27189, deimos-esw-56798, deimos-esw-10448, deimos-esw-2421]
 INFO  [pool-1-thread-1] {org.infinispan.jmx.CacheJmxRegistration} ISPN000031: MBeans were successfully registered to the platform MBean server.
 INFO  [pool-1-thread-1] {org.radargun.cachewrappers.InfinispanXSWrapper} Using transaction manager: Transaction: unknown
 INFO  [pool-1-thread-1] {org.radargun.cachewrappers.InfinispanXSWrapper} No RELAY2 protocol in XS wrapper
 INFO  [pool-1-thread-1] {org.radargun.cachewrappers.InfinispanXSWrapper} JGroups version: JGroups 3.2.7.Final
 INFO  [pool-1-thread-1] {org.radargun.cachewrappers.InfinispanXSWrapper} Using config attributes: {name=ispn52-repl-sync-rc.xml}
 INFO  [pool-1-thread-1] {pt.ist.fenixframework.backend.jvstm.datagrid.DataGridRepository} Initialization marker is present. Data Grid already existed.
 INFO  [pool-1-thread-1] {pt.ist.fenixframework.backend.jvstm.JVSTMBackEnd} initializeDomainClassInfos
 INFO  [pool-1-thread-1] {pt.ist.fenixframework.backend.jvstm.pstm.DomainClassInfo} serverId: 7, serverOidBase: 7000000000000
 INFO  [pool-1-thread-1] {pt.ist.fenixframework.backend.jvstm.pstm.DomainClassInfo} Existing domain class 'pt.ist.fenixframework.adt.bplustree.DomainLeafNode' with id '1'
 INFO  [pool-1-thread-1] {pt.ist.fenixframework.backend.jvstm.pstm.DomainClassInfo} Existing domain class 'pt.ist.fenixframework.adt.bplustree.AbstractNode' with id 'f'
 INFO  [pool-1-thread-1] {pt.ist.fenixframework.backend.jvstm.pstm.DomainClassInfo} Existing domain class 'pt.ist.fenixframework.DomainRoot' with id '0'
 INFO  [pool-1-thread-1] {pt.ist.fenixframework.backend.jvstm.pstm.DomainClassInfo} Existing domain class 'pt.ist.fenixframework.backend.jvstm.pstm.FenixFrameworkData' with id 'd'
 INFO  [pool-1-thread-1] {pt.ist.fenixframework.backend.jvstm.pstm.DomainClassInfo} Existing domain class 'pt.ist.fenixframework.adt.bplustree.LeafNodeArray' with id 'c'
 INFO  [pool-1-thread-1] {pt.ist.fenixframework.backend.jvstm.pstm.DomainClassInfo} Existing domain class 'pt.ist.fenixframework.adt.bplustree.InnerNodeArray' with id 'b'
 INFO  [pool-1-thread-1] {pt.ist.fenixframework.backend.jvstm.pstm.DomainClassInfo} Existing domain class 'pt.ist.fenixframework.adt.bplustree.BPlusTreeArray' with id '2'
 INFO  [pool-1-thread-1] {pt.ist.fenixframework.backend.jvstm.pstm.DomainClassInfo} Existing domain class 'pt.ist.fenixframework.adt.linkedlist.LinkedList' with id '9'
 INFO  [pool-1-thread-1] {pt.ist.fenixframework.backend.jvstm.pstm.DomainClassInfo} Existing domain class 'pt.ist.fenixframework.adt.bplustree.AbstractNodeArray' with id 'a'
 INFO  [pool-1-thread-1] {pt.ist.fenixframework.backend.jvstm.pstm.DomainClassInfo} Existing domain class 'pt.ist.fenixframework.adt.bplustree.DomainInnerNode' with id '3'
 INFO  [pool-1-thread-1] {pt.ist.fenixframework.backend.jvstm.pstm.DomainClassInfo} Existing domain class 'pt.ist.fenixframework.adt.bplustree.DomainBPlusTree' with id 'e'
 INFO  [pool-1-thread-1] {pt.ist.fenixframework.backend.jvstm.pstm.DomainClassInfo} Existing domain class 'pt.ist.fenixframework.backend.jvstm.pstm.TransactionStatisticsEntry' with id '5'
 INFO  [pool-1-thread-1] {pt.ist.fenixframework.backend.jvstm.pstm.DomainClassInfo} Existing domain class 'pt.ist.fenixframework.adt.bplustree.InnerNode' with id '8'
 INFO  [pool-1-thread-1] {pt.ist.fenixframework.backend.jvstm.pstm.DomainClassInfo} Existing domain class 'pt.ist.fenixframework.adt.bplustree.LeafNode' with id '4'
 INFO  [pool-1-thread-1] {pt.ist.fenixframework.backend.jvstm.pstm.DomainClassInfo} Existing domain class 'pt.ist.fenixframework.adt.linkedlist.ListNode' with id '6'
 INFO  [pool-1-thread-1] {pt.ist.fenixframework.backend.jvstm.pstm.DomainClassInfo} Existing domain class 'pt.ist.fenixframework.adt.bplustree.BPlusTree' with id '7'
 INFO  [pool-1-thread-1] {pt.ist.fenixframework.backend.jvstm.JVSTMBackEnd} setupJVSTM
 INFO  [pool-1-thread-1] {pt.ist.fenixframework.backend.jvstm.JVSTMBackEnd} Setting the last committed TX number to 2
 INFO  [pool-1-thread-1] {pt.ist.fenixframework.backend.jvstm.JVSTMBackEnd} createDomainRootIfNeeded
 INFO  [pool-1-thread-1] {pt.ist.fenixframework.backend.jvstm.JVSTMBackEnd} ensureFenixFrameworkDataExists
 INFO  [pool-1-thread-1] {pt.ist.fenixframework.hibernatesearch.HibernateSearchConfig} Resource 'fenix-framework-hibernate-search.properties' not found. Hibernate Search disabled
 INFO  [pool-1-thread-1] {pt.ist.fenixframework.FenixFramework} Initialization of Fenix Framework is now complete.
 INFO  [pool-1-thread-1] {org.radargun.cachewrappers.FFWrapper} FF STARTED=true
 INFO  [pool-1-thread-1] {org.radargun.stages.helpers.StartHelper} Number of members is the one expected: 12
 INFO  [pool-1-thread-1] {org.radargun.stages.StartClusterStage} Successfully started cache wrapper on slave 8: org.radargun.cachewrappers.FFWrapper@1623e7c4
 INFO  [pool-1-thread-1] {org.radargun.Slave} Finished stage: StartCluster {config=ispn52-repl-sync-rc.xml, delayAfterFirstSlaveStarts=5.000 secs, delayBetweenStartingSlaves=0.500 secs, exitBenchmarkOnSlaveFailure=true, expectNumSlaves=null, mayFailOn=null, reachable=null, runOnAllSlaves=false, slaves=null, staggerSlaveStartup=true, useSmartClassLoading=true, validateCluster=true }
 INFO  [main] {org.radargun.Slave} Ack successfully sent to the master
 INFO  [pool-1-thread-1] {org.radargun.Slave} Executing stage: ClusterValidation {exitBenchmarkOnSlaveFailure=false, partialReplication=false, replicationTimeSleep=2000, replicationTryCount=60, runOnAllSlaves=false, slaves=null, useSmartClassLoading=true }
 INFO  [pool-1-thread-1] {org.radargun.stages.ClusterValidationStage} Number of caches that replicated here is 1
 INFO  [pool-1-thread-1] {org.radargun.stages.ClusterValidationStage} Replication test failed, 1 tries so far. Sleeping for 2 seconds and trying again.
 INFO  [pool-1-thread-1] {org.radargun.stages.ClusterValidationStage} Number of caches that replicated here is 11
 INFO  [pool-1-thread-1] {org.radargun.stages.ClusterValidationStage} Replication test successfully passed. partialReplication? false, replicationCount = 11
 INFO  [pool-1-thread-1] {org.radargun.stages.ClusterValidationStage} Confirm phase successful.
 INFO  [pool-1-thread-1] {org.radargun.Slave} Finished stage: ClusterValidation {exitBenchmarkOnSlaveFailure=false, partialReplication=false, replicationTimeSleep=2000, replicationTryCount=60, runOnAllSlaves=false, slaves=[ 0, 1, 2, 3, 4, 5, 6, 7, 8, 9, 10, 11 ], useSmartClassLoading=true }
 INFO  [main] {org.radargun.Slave} Ack successfully sent to the master
 INFO  [pool-1-thread-1] {org.radargun.Slave} Executing stage: StressTestWarmup {bulkSize=1, cacheSpecificKeyGenerator=false, commitTransactions=true, duration=1 mins 0 secs, entrySize=1000, exitBenchmarkOnSlaveFailure=false, fixedKeys=true, generateHistogramRange=false, keyGeneratorClass=org.radargun.stressors.StringKeyGenerator, keyGeneratorParam=null, loadAllKeys=false, numEntries=10000, numOfThreads=4, numRequests=10000, numThreads=4, numberOfAttributes=10000, numberOfRequests=10000, opsCountStatusLog=100000, poolKeys=true, preferAsyncOperations=false, removePercentage=0, replaceInvalidPercentage=40, runOnAllSlaves=false, sharedKeys=false, sizeOfAnAttribute=1000, slaves=null, transactionSize=10000, useAtomics=false, useHistogramStatistics=false, useSimpleStatistics=true, useSmartClassLoading=true, useTransactions=null, writePercentage=20, writeTxPercentage=20 }
 INFO  [pool-1-thread-1] {org.radargun.stages.StressTestWarmupStage} Starting StressTestWarmupStage: StressTestWarmup {bulkSize=1, cacheSpecificKeyGenerator=false, commitTransactions=true, duration=1 mins 0 secs, entrySize=1000, exitBenchmarkOnSlaveFailure=false, fixedKeys=true, generateHistogramRange=false, keyGeneratorClass=org.radargun.stressors.StringKeyGenerator, keyGeneratorParam=null, loadAllKeys=false, numEntries=10000, numOfThreads=4, numRequests=10000, numThreads=4, numberOfAttributes=10000, numberOfRequests=10000, opsCountStatusLog=100000, poolKeys=true, preferAsyncOperations=false, removePercentage=0, replaceInvalidPercentage=40, runOnAllSlaves=false, sharedKeys=false, sizeOfAnAttribute=1000, slaves=null, transactionSize=10000, useAtomics=false, useHistogramStatistics=false, useSimpleStatistics=true, useSmartClassLoading=true, useTransactions=null, writePercentage=20, writeTxPercentage=20 }
 INFO  [pool-1-thread-1] {org.radargun.stressors.StressTestStressor} Using key generator org.radargun.stressors.StringKeyGenerator, param null
 INFO  [pool-1-thread-1] {org.radargun.stressors.StressTestStressor} Executing: StressTestStressor{opsCountStatusLog=100000, numRequests=10000, numEntries=10000, entrySize=1000, writePercentage=20, numThreads=4, cacheWrapper=org.radargun.cachewrappers.FFWrapper@1623e7c4, nodeIndex=8, useTransactions=true, transactionSize=10000, commitTransactions=true, durationMillis=60000}
 INFO  [pool-1-thread-1] {org.radargun.stressors.StressTestStressor} Cache wrapper info is: FFWrapper using infinispan52
[GC 269817K->21334K(2944064K), 0.0544400 secs]
[GC 277398K->17416K(2944064K), 0.0362010 secs]
[GC 273480K->20796K(2944064K), 0.0365940 secs]
[GC 276860K->20118K(2944064K), 0.0378450 secs]
[GC 276182K->24541K(2944064K), 0.0385220 secs]
[GC 280605K->25783K(2944064K), 0.0405650 secs]
[GC 281847K->26900K(2944064K), 0.0462540 secs]
[GC 282964K->28152K(2944064K), 0.0380280 secs]
[GC 284216K->29400K(2944064K), 0.0412490 secs]
[GC 285398K->26900K(2944064K), 0.0437970 secs]
[GC 282964K->32011K(2944064K), 0.0462980 secs]
[GC 288075K->33213K(2944064K), 0.0401590 secs]
[GC 289277K->34626K(2944064K), 0.0395760 secs]
[GC 290690K->36072K(2944064K), 0.0426050 secs]
[GC 292136K->37184K(2944064K), 0.0616000 secs]
[GC 293248K->32823K(2944064K), 0.0543090 secs]
[GC 288887K->32329K(2944064K), 0.0383530 secs]
[GC 288393K->33513K(2944064K), 0.0355720 secs]
[GC 289577K->34539K(2944064K), 0.0380530 secs]
[GC 290603K->32493K(2944064K), 0.0384420 secs]
[GC 288557K->33651K(2944064K), 0.0389810 secs]
[GC 289715K->34885K(2944064K), 0.0397760 secs]
[GC 290949K->36049K(2944064K), 0.0405760 secs]
[GC 292113K->40689K(2944064K), 0.0395420 secs]
[GC 296753K->42045K(2944064K), 0.0406380 secs]
[GC 298109K->43392K(2944064K), 0.0382310 secs]
[GC 299456K->44915K(2944064K), 0.0427460 secs]
[GC 300979K->46209K(2944064K), 0.0386300 secs]
[GC 302273K->47689K(2944064K), 0.0431080 secs]
[GC 303753K->49177K(2944064K), 0.0394090 secs]
[GC 305241K->50916K(2944064K), 0.0416650 secs]
[GC 306980K->52355K(2944064K), 0.0384970 secs]
[GC 308419K->53784K(2944064K), 0.0420620 secs]
[GC 309848K->55452K(2944064K), 0.0408490 secs]
[GC 311516K->56713K(2944064K), 0.0397380 secs]
[GC 312777K->57325K(2944064K), 0.0412170 secs]
[GC 313389K->58907K(2944064K), 0.0385130 secs]
[GC 314971K->56022K(2944064K), 0.0391630 secs]
[GC 312086K->62145K(2944064K), 0.0375960 secs]
[GC 318209K->63635K(2944064K), 0.0373060 secs]
[GC 319699K->64919K(2944064K), 0.0401790 secs]
[GC 320983K->66427K(2944064K), 0.0406790 secs]
[GC 322491K->68359K(2944064K), 0.0402640 secs]
[GC 324423K->69909K(2944064K), 0.0373350 secs]
[GC 325973K->71396K(2944064K), 0.0416800 secs]
[GC 327460K->67591K(2944064K), 0.0405050 secs]
[GC 323655K->67322K(2944064K), 0.0381580 secs]
[GC 323386K->68334K(2944064K), 0.0358330 secs]
[GC 324398K->74523K(2944064K), 0.0381400 secs]
[GC 330587K->76030K(2944064K), 0.0427990 secs]
[GC 332094K->78220K(2944064K), 0.0374120 secs]
[GC 334284K->85122K(2944064K), 0.0376200 secs]
[GC 341186K->75778K(2944064K), 0.0384400 secs]
[GC 331842K->84432K(2944064K), 0.0396780 secs]
[GC 340496K->88884K(2944064K), 0.0403630 secs]
[GC 344948K->79852K(2944064K), 0.0403170 secs]
[GC 335916K->84037K(2944064K), 0.0412140 secs]
[GC 340101K->85775K(2944064K), 0.0407380 secs]
[GC 341839K->87731K(2944064K), 0.0427410 secs]
[GC 343795K->89232K(2944064K), 0.0412740 secs]
[GC 345296K->90673K(2944064K), 0.0392030 secs]
[GC 346737K->92319K(2944064K), 0.0382540 secs]
[GC 348383K->93947K(2944064K), 0.0419230 secs]
[GC 350011K->95553K(2944064K), 0.0417770 secs]
[GC 351617K->91556K(2944064K), 0.0423290 secs]
[GC 347620K->98261K(2944064K), 0.0411820 secs]
[GC 354325K->99520K(2944064K), 0.0427000 secs]
[GC 354098K->95872K(2944064K), 0.0440650 secs]
[GC 351936K->97139K(2944064K), 0.0396950 secs]
[GC 353203K->98360K(2944064K), 0.0424730 secs]
[GC 354424K->105055K(2944064K), 0.0406220 secs]
[GC 361119K->107272K(2944064K), 0.0452650 secs]
[GC 363336K->108829K(2944064K), 0.0405070 secs]
[GC 364893K->110207K(2944064K), 0.0435950 secs]
[GC 366271K->111665K(2944064K), 0.0430980 secs]
[GC 367729K->113480K(2944064K), 0.0436500 secs]
[GC 369544K->109062K(2944064K), 0.0414730 secs]
[GC 365126K->114541K(2944064K), 0.0392950 secs]
[GC 370605K->115677K(2944064K), 0.0413690 secs]
[GC 371741K->117454K(2944064K), 0.0426330 secs]
[GC 373518K->119158K(2944064K), 0.0424010 secs]
[GC 375222K->127247K(2944064K), 0.0391000 secs]
[GC 383311K->117324K(2944064K), 0.0416070 secs]
[GC 373388K->121865K(2944064K), 0.0406690 secs]
[GC 377929K->125953K(2944064K), 0.0421270 secs]
[GC 382017K->133786K(2944064K), 0.0411390 secs]
[GC 389850K->123100K(2944064K), 0.0395950 secs]
[GC 379164K->130823K(2944064K), 0.0436010 secs]
[GC 386887K->144516K(2944064K), 0.0466750 secs]
[GC 400580K->161006K(2944064K), 0.0534650 secs]
[GC 417070K->180972K(2944064K), 0.0592150 secs]
[GC 437036K->204550K(2944064K), 0.0740360 secs]
[GC 460614K->225570K(2944064K), 0.0874840 secs]
[GC 481634K->214495K(2944064K), 0.0729620 secs]
[GC 470559K->258998K(2944064K), 0.0744790 secs]
[GC 515062K->237821K(2944064K), 0.0869690 secs]
[GC 493885K->287228K(2944064K), 0.0657770 secs]
[GC 543292K->262781K(2944064K), 0.1022040 secs]
[GC 518845K->285594K(2944064K), 0.0700730 secs]
[GC 541658K->327277K(2944064K), 0.0652610 secs]
[GC 583341K->310746K(2944064K), 0.0825630 secs]
[GC 566810K->338250K(2944064K), 0.0781080 secs]
[GC 594314K->338342K(2944064K), 0.0667170 secs]
[GC 594381K->362253K(2944064K), 0.0670290 secs]
[GC 618317K->381051K(2944064K), 0.0797870 secs]
[GC 637066K->391652K(2944064K), 0.0706450 secs]
[GC 647268K->421539K(2944064K), 0.0760660 secs]
[GC 677603K->401254K(2944064K), 0.0703180 secs]
[GC 657318K->444991K(2944064K), 0.0779250 secs]
[GC 701055K->462705K(2944064K), 0.0803730 secs]
[GC 718769K->427915K(2944064K), 0.0754370 secs]
[GC 683979K->476749K(2944064K), 0.0763000 secs]
[GC 732813K->475716K(2944064K), 0.0718620 secs]
[GC 731728K->480222K(2944064K), 0.0659280 secs]
[GC 736286K->513580K(2944064K), 0.0739470 secs]
[GC 769644K->514755K(2944064K), 0.0694340 secs]
[GC 770819K->540593K(2944064K), 0.0761280 secs]
[GC 792828K->548628K(2944064K), 0.0888140 secs]
[GC 804692K->566011K(2944064K), 0.0697400 secs]
[GC 822075K->564305K(2944064K), 0.0726540 secs]
[GC 820369K->608551K(2944064K), 0.0719420 secs]
[GC 864615K->582730K(2944064K), 0.0817510 secs]
[GC 838794K->588998K(2944064K), 0.0703130 secs]
[GC 845062K->647638K(2944064K), 0.0621260 secs]
[GC 903702K->624310K(2944064K), 0.0780620 secs]
[GC 880374K->625961K(2944064K), 0.0556980 secs]
[GC 882025K->655208K(2944064K), 0.0589600 secs]
[GC 911272K->638839K(2944064K), 0.0713360 secs]
[GC 894903K->660907K(2944064K), 0.0563270 secs]
[GC 916971K->636060K(2944064K), 0.0604890 secs]
[GC 892124K->666172K(2944064K), 0.0589930 secs]
[GC 922236K->642090K(2944064K), 0.0643750 secs]
[GC 898154K->646616K(2944064K), 0.0727930 secs]
[GC 902680K->656670K(2944064K), 0.0623860 secs]
[GC 912734K->658618K(2944064K), 0.0620270 secs]
[GC 914682K->662124K(2944064K), 0.0631270 secs]
[GC 918188K->665933K(2944064K), 0.0622360 secs]
[GC 921997K->656529K(2944064K), 0.0796960 secs]
[GC 912593K->671441K(2944064K), 0.0549850 secs]
[GC 927505K->670533K(2944064K), 0.0643390 secs]
[GC 926597K->663770K(2944064K), 0.0540430 secs]
[GC 919834K->675524K(2944064K), 0.0516960 secs]
[GC 931588K->688596K(2944064K), 0.0514090 secs]
[GC 944660K->670243K(2944064K), 0.0528700 secs]
[GC 926307K->688300K(2944064K), 0.0528900 secs]
[GC 944364K->696939K(2944064K), 0.0516190 secs]
[GC 953003K->679678K(2944064K), 0.0522280 secs]
[GC 935742K->695358K(2944064K), 0.0531910 secs]
[GC 951422K->703792K(2944064K), 0.0532130 secs]
[GC 959856K->708833K(2944064K), 0.0525820 secs]
[GC 964897K->689792K(2944064K), 0.0498410 secs]
[GC 945856K->720518K(2944064K), 0.0519700 secs]
[GC 976582K->696353K(2944064K), 0.0579600 secs]
[GC 952417K->718180K(2944064K), 0.0517810 secs]
[GC 974244K->728019K(2944064K), 0.0550490 secs]
[GC 984083K->708661K(2944064K), 0.0530840 secs]
[GC 964725K->739748K(2944064K), 0.0540880 secs]
[GC 995812K->712973K(2944064K), 0.0569850 secs]
[GC 969037K->744755K(2944064K), 0.0522910 secs]
[GC 1000819K->718813K(2944064K), 0.0536880 secs]
[GC 974877K->750948K(2944064K), 0.0532470 secs]
[GC 1007012K->724499K(2944064K), 0.0511590 secs]
[GC 980563K->747720K(2944064K), 0.0541540 secs]
[GC 1003784K->746476K(2944064K), 0.0595840 secs]
[GC 1002540K->751112K(2944064K), 0.0545050 secs]
[GC 1007176K->754873K(2944064K), 0.0540890 secs]
[GC 1010937K->744928K(2944064K), 0.0527960 secs]
[GC 1000992K->739756K(2944064K), 0.0493510 secs]
[GC 995820K->762805K(2944064K), 0.0508810 secs]
[GC 1018869K->743414K(2944064K), 0.0506050 secs]
[GC 999478K->773642K(2944064K), 0.0485240 secs]
 INFO  [pool-1-thread-1] {org.radargun.stressors.StressTestStressor} Started 4 stressor threads.
 INFO  [Stressor-1] {org.radargun.stressors.StressTestStressor} Number of ops executed so far: 1. Elapsed time: 0.001 secs. Remaining: 59.999 secs. Total: 1 mins 0 secs
[GC 1029706K->778969K(2944064K), 0.0636620 secs]
[GC 1034902K->814690K(2944064K), 0.0835350 secs]
[GC 1068705K->842578K(2944064K), 0.1015240 secs]
[GC 1098642K->853494K(2944064K), 0.0751860 secs]
[GC 1109558K->848701K(2944064K), 0.0712160 secs]
[GC 1104765K->886055K(2944064K), 0.0788840 secs]
[GC 1136603K->874360K(2944064K), 0.0797150 secs]
[GC 1130424K->901226K(2944064K), 0.0743070 secs]
[GC 1157290K->917470K(2944064K), 0.0725230 secs]
[GC 1173521K->941131K(2944064K), 0.0748440 secs]
[GC 1197195K->975408K(2944064K), 0.0824330 secs]
[GC 1228893K->979288K(2944064K), 0.0844110 secs]
[GC 1235352K->990375K(2944064K), 0.0803010 secs]
[GC 1246361K->1019088K(2944064K), 0.0873220 secs]
[GC 1275152K->1033590K(2944064K), 0.0825330 secs]
[GC 1287765K->1041757K(2944064K), 0.1156590 secs]
[GC 1297821K->1062757K(2944064K), 0.0551480 secs]
 INFO  [Stressor-0] {org.radargun.stressors.StressTestStressor} Number of ops executed so far: 821753. Elapsed time: 20.001 secs. Remaining: 39.999 secs. Total: 1 mins 0 secs
[GC 1317524K->1075230K(2944064K), 0.0683760 secs]
[GC 1331294K->1081792K(2944064K), 0.0570040 secs]
[GC 1337856K->1117659K(2944064K), 0.0762900 secs]
[GC 1373723K->1156309K(2944064K), 0.1061560 secs]
[GC 1412373K->1174407K(2944064K), 0.0769280 secs]
[GC 1430467K->1187501K(2944064K), 0.0796870 secs]
[GC 1438446K->1144231K(2944064K), 0.0658740 secs]
[GC 1400295K->1166915K(2944064K), 0.0601090 secs]
[GC 1422979K->1229546K(2944064K), 0.0840180 secs]
[GC 1484078K->1203495K(2944064K), 0.0797200 secs]
[GC 1459559K->1233576K(2944064K), 0.0641220 secs]
[GC 1489640K->1246791K(2944064K), 0.0818370 secs]
[GC 1502855K->1287910K(2944064K), 0.0912470 secs]
[GC 1541744K->1287453K(2944064K), 0.0861960 secs]
[GC 1542754K->1302423K(2944064K), 0.0845530 secs]
[GC 1558487K->1324523K(2944064K), 0.0821470 secs]
[GC 1580587K->1334637K(2944064K), 0.0732090 secs]
[GC 1590701K->1347715K(2944064K), 0.0775100 secs]
[GC 1603779K->1322207K(2944064K), 0.0634070 secs]
 INFO  [Stressor-3] {org.radargun.stressors.StressTestStressor} Number of ops executed so far: 1580000. Elapsed time: 40.137 secs. Remaining: 19.863 secs. Total: 1 mins 0 secs
[GC 1578214K->1391136K(2944064K), 0.0773100 secs]
[GC 1646356K->1412905K(2944064K), 0.0891490 secs]
[GC 1418136K(2944064K), 0.0249560 secs]
[GC 1667553K->1443215K(2944064K), 0.0848570 secs]
[GC 1699279K->1439695K(2944064K), 0.0997500 secs]
[GC 1585543K(2944064K), 0.0670620 secs]
[GC 1168217K->937603K(2944064K), 0.0676550 secs]
[GC 1193667K->932173K(2944064K), 0.0692430 secs]
[GC 1188223K->981654K(2944064K), 0.0764310 secs]
[GC 1236447K->940345K(2944064K), 0.0624290 secs]
[GC 1196409K->996585K(2944064K), 0.0709570 secs]
[GC 1252649K->1015058K(2944064K), 0.0920590 secs]
[GC 1271122K->1022050K(2944064K), 0.0790210 secs]
[GC 1271324K->1075175K(2944064K), 0.0766880 secs]
[GC 1330710K->1027188K(2944064K), 0.0598100 secs]
[GC 1283252K->1041239K(2944064K), 0.0583320 secs]
[GC 1297303K->1069926K(2944064K), 0.0696250 secs]
[GC 1325990K->1068018K(2944064K), 0.0681460 secs]
[GC 1324082K->1122845K(2944064K), 0.0606330 secs]
[GC 1378909K->1128490K(2944064K), 0.0766230 secs]
 INFO  [Stressor-1] {org.radargun.stressors.StressTestStressor} Number of ops executed so far: 1720000. Elapsed time: 1 mins 0 secs. Remaining: 0.000 secs. Total: 1 mins 0 secs
[GC 1384554K->1154786K(2944064K), 0.0645440 secs]
 INFO  [pool-1-thread-1] {org.radargun.stressors.StressTestStressor} Finished generating report. Test duration is: 10 mins 41 secs
 INFO  [pool-1-thread-1] {org.radargun.stages.StressTestWarmupStage} The warmup took: 641 seconds.
 INFO  [pool-1-thread-1] {org.radargun.Slave} Finished stage: StressTestWarmup {bulkSize=1, cacheSpecificKeyGenerator=false, commitTransactions=true, duration=1 mins 0 secs, entrySize=1000, exitBenchmarkOnSlaveFailure=false, fixedKeys=true, generateHistogramRange=false, keyGeneratorClass=org.radargun.stressors.StringKeyGenerator, keyGeneratorParam=null, loadAllKeys=false, numEntries=10000, numOfThreads=4, numRequests=10000, numThreads=4, numberOfAttributes=10000, numberOfRequests=10000, opsCountStatusLog=100000, poolKeys=true, preferAsyncOperations=false, removePercentage=0, replaceInvalidPercentage=40, runOnAllSlaves=false, sharedKeys=false, sizeOfAnAttribute=1000, slaves=null, transactionSize=10000, useAtomics=false, useHistogramStatistics=false, useSimpleStatistics=true, useSmartClassLoading=true, useTransactions=null, writePercentage=20, writeTxPercentage=20 }
 INFO  [main] {org.radargun.Slave} Ack successfully sent to the master
[GC 1410850K->1139695K(2944064K), 0.0671790 secs]
[GC 1395759K->1129717K(2944064K), 0.0413240 secs]
[GC 1385781K->1140308K(2944064K), 0.0447320 secs]
[GC 1396372K->1127201K(2944064K), 0.0462160 secs]
[GC 1383265K->1134748K(2944064K), 0.0428440 secs]
[GC 1390812K->1161807K(2944064K), 0.0469770 secs]
[GC 1417871K->1156231K(2944064K), 0.0449860 secs]
[GC 1412295K->1139491K(2944064K), 0.0812180 secs]
[GC 1395555K->1181441K(2944064K), 0.0561640 secs]
[GC 1437505K->1135823K(2944064K), 0.0505910 secs]
[GC 1391887K->1137880K(2944064K), 0.0317170 secs]
[GC 1393944K->1140313K(2944064K), 0.0327980 secs]
[GC 1396377K->1144195K(2944064K), 0.0323370 secs]
[GC 1400259K->1136733K(2944064K), 0.0354490 secs]
[GC 1392797K->1145107K(2944064K), 0.0339890 secs]
[GC 1401171K->1139256K(2944064K), 0.0357370 secs]
[GC 1395320K->1142380K(2944064K), 0.0368430 secs]
[GC 1398444K->1144834K(2944064K), 0.0385710 secs]
[GC 1400898K->1146121K(2944064K), 0.0378120 secs]
[GC 1402185K->1147145K(2944064K), 0.0360590 secs]
[GC 1403209K->1147944K(2944064K), 0.0373000 secs]
[GC 1404008K->1148863K(2944064K), 0.0362000 secs]
[GC 1404927K->1149718K(2944064K), 0.0399810 secs]
[GC 1405782K->1150597K(2944064K), 0.0356200 secs]
[GC 1406661K->1151488K(2944064K), 0.0362390 secs]
[GC 1407552K->1152431K(2944064K), 0.0350970 secs]
[GC 1408495K->1153323K(2944064K), 0.0355690 secs]
[GC 1409387K->1150759K(2944064K), 0.0400090 secs]
[GC 1406823K->1155099K(2944064K), 0.0379290 secs]
[GC 1411163K->1156047K(2944064K), 0.0348660 secs]
[GC 1412111K->1156906K(2944064K), 0.0348600 secs]
[GC 1412970K->1157783K(2944064K), 0.0363940 secs]
[GC 1413847K->1155283K(2944064K), 0.0358530 secs]
[GC 1411347K->1156234K(2944064K), 0.0358070 secs]
[GC 1412298K->1160561K(2944064K), 0.0366770 secs]
[GC 1416625K->1161564K(2944064K), 0.0354570 secs]
[GC 1417628K->1162617K(2944064K), 0.0349910 secs]
[GC 1418681K->1163702K(2944064K), 0.0367770 secs]
[GC 1419766K->1164677K(2944064K), 0.0382460 secs]
[GC 1420741K->1165782K(2944064K), 0.0347820 secs]
[GC 1421846K->1166717K(2944064K), 0.0373570 secs]
[GC 1422781K->1167734K(2944064K), 0.0364100 secs]
[GC 1423798K->1168788K(2944064K), 0.0364410 secs]
[GC 1424852K->1169792K(2944064K), 0.0359730 secs]
[GC 1425856K->1170761K(2944064K), 0.0391840 secs]
[GC 1426825K->1171732K(2944064K), 0.0381000 secs]
[GC 1427796K->1172723K(2944064K), 0.0389430 secs]
[GC 1428787K->1173691K(2944064K), 0.0411890 secs]
[GC 1429755K->1178393K(2944064K), 0.0385580 secs]
[GC 1434457K->1172037K(2944064K), 0.0423670 secs]
[GC 1428101K->1178089K(2944064K), 0.0386950 secs]
[GC 1434153K->1180936K(2944064K), 0.0353340 secs]
[GC 1437000K->1174793K(2944064K), 0.0390860 secs]
[GC 1430857K->1177560K(2944064K), 0.0389430 secs]
[GC 1433624K->1183769K(2944064K), 0.0392000 secs]
[GC 1439833K->1177767K(2944064K), 0.0366290 secs]
[GC 1433831K->1187595K(2944064K), 0.0360630 secs]
[GC 1443659K->1179386K(2944064K), 0.0369020 secs]
[GC 1435450K->1189237K(2944064K), 0.0367290 secs]
[GC 1445301K->1181127K(2944064K), 0.0346410 secs]
[GC 1437191K->1191164K(2944064K), 0.0389080 secs]
[GC 1447228K->1185406K(2944064K), 0.0400180 secs]
[GC 1441470K->1190004K(2944064K), 0.0384340 secs]
[GC 1446068K->1189329K(2944064K), 0.0409700 secs]
[GC 1445393K->1186855K(2944064K), 0.0388840 secs]
[GC 1442919K->1195486K(2944064K), 0.0349010 secs]
[GC 1451550K->1188889K(2944064K), 0.0376580 secs]
[GC 1444953K->1195120K(2944064K), 0.0390280 secs]
[GC 1451184K->1190604K(2944064K), 0.0372350 secs]
[GC 1446668K->1196015K(2944064K), 0.0378420 secs]
[GC 1452079K->1200956K(2944064K), 0.0406980 secs]
[GC 1457020K->1194223K(2944064K), 0.0358280 secs]
[GC 1450287K->1204158K(2944064K), 0.0353320 secs]
[GC 1460222K->1195693K(2944064K), 0.0372900 secs]
[GC 1451757K->1202780K(2944064K), 0.0362150 secs]
[GC 1458844K->1206079K(2944064K), 0.0366260 secs]
[GC 1462143K->1199638K(2944064K), 0.0377410 secs]
[GC 1455702K->1202400K(2944064K), 0.0382260 secs]
[GC 1458464K->1201163K(2944064K), 0.0345180 secs]
[GC 1457227K->1206427K(2944064K), 0.0415800 secs]
[GC 1462491K->1207593K(2944064K), 0.0373040 secs]
[GC 1463657K->1208675K(2944064K), 0.0417010 secs]
[GC 1464739K->1209704K(2944064K), 0.0368530 secs]
[GC 1465768K->1210755K(2944064K), 0.0380080 secs]
[GC 1466819K->1207804K(2944064K), 0.0394730 secs]
[GC 1463868K->1212955K(2944064K), 0.0386930 secs]
[GC 1469019K->1214184K(2944064K), 0.0377090 secs]
[GC 1470248K->1215296K(2944064K), 0.0381160 secs]
[GC 1471360K->1216401K(2944064K), 0.0366570 secs]
[GC 1472465K->1217490K(2944064K), 0.0373890 secs]
[GC 1473554K->1218385K(2944064K), 0.0391680 secs]
[GC 1474449K->1219316K(2944064K), 0.0439770 secs]
[GC 1475380K->1220485K(2944064K), 0.0354830 secs]
[GC 1476549K->1221586K(2944064K), 0.0391190 secs]
[GC 1477650K->1222724K(2944064K), 0.0349010 secs]
[GC 1478788K->1219796K(2944064K), 0.0394850 secs]
[GC 1475860K->1225090K(2944064K), 0.0387290 secs]
[GC 1481154K->1230293K(2944064K), 0.0381800 secs]
[GC 1486357K->1223232K(2944064K), 0.0367750 secs]
[GC 1479296K->1226339K(2944064K), 0.0372480 secs]
[GC 1482403K->1229099K(2944064K), 0.0402700 secs]
[GC 1485163K->1230661K(2944064K), 0.0380790 secs]
[GC 1486725K->1231799K(2944064K), 0.0420070 secs]
[GC 1487863K->1232946K(2944064K), 0.0374730 secs]
[GC 1489010K->1233892K(2944064K), 0.0373390 secs]
[GC 1489956K->1239160K(2944064K), 0.0380010 secs]
[GC 1495224K->1232003K(2944064K), 0.0368670 secs]
[GC 1488067K->1238552K(2944064K), 0.0403950 secs]
[GC 1494616K->1237683K(2944064K), 0.0370450 secs]
[GC 1493747K->1239228K(2944064K), 0.0350840 secs]
[GC 1495292K->1240292K(2944064K), 0.0394090 secs]
[GC 1496356K->1241421K(2944064K), 0.0397930 secs]
[GC 1497485K->1242602K(2944064K), 0.0422310 secs]
[GC 1498666K->1243703K(2944064K), 0.0394250 secs]
[GC 1499767K->1244880K(2944064K), 0.0388300 secs]
[GC 1500944K->1246086K(2944064K), 0.0393420 secs]
[GC 1502150K->1247385K(2944064K), 0.0389730 secs]
[GC 1503449K->1248577K(2944064K), 0.0400450 secs]
[GC 1504641K->1249628K(2944064K), 0.0375240 secs]
[GC 1505692K->1251044K(2944064K), 0.0418050 secs]
[GC 1507108K->1252290K(2944064K), 0.0374450 secs]
[GC 1508354K->1249213K(2944064K), 0.0423670 secs]
[GC 1505277K->1254944K(2944064K), 0.0407000 secs]
[GC 1511008K->1256017K(2944064K), 0.0380330 secs]
[GC 1512081K->1257176K(2944064K), 0.0380160 secs]
[GC 1513240K->1258476K(2944064K), 0.0437870 secs]
[GC 1514540K->1259625K(2944064K), 0.0418210 secs]
[GC 1515689K->1260910K(2944064K), 0.0410040 secs]
[GC 1516974K->1262165K(2944064K), 0.0385680 secs]
[GC 1518229K->1263444K(2944064K), 0.0401480 secs]
[GC 1519508K->1264671K(2944064K), 0.0387070 secs]
[GC 1520735K->1265624K(2944064K), 0.0468820 secs]
[GC 1521688K->1266838K(2944064K), 0.0396330 secs]
[GC 1522902K->1268093K(2944064K), 0.0373500 secs]
[GC 1524157K->1269472K(2944064K), 0.0408530 secs]
[GC 1525536K->1270737K(2944064K), 0.0379830 secs]
[GC 1526801K->1271885K(2944064K), 0.0428780 secs]
[GC 1527949K->1272923K(2944064K), 0.0416030 secs]
[GC 1528987K->1269552K(2944064K), 0.0415200 secs]
[GC 1525616K->1275354K(2944064K), 0.0381140 secs]
[GC 1531418K->1276573K(2944064K), 0.0420230 secs]
[GC 1532637K->1277879K(2944064K), 0.0416480 secs]
[GC 1533943K->1274464K(2944064K), 0.0425060 secs]
[GC 1530528K->1280244K(2944064K), 0.0427790 secs]
[GC 1536308K->1286081K(2944064K), 0.0412520 secs]
[GC 1542145K->1278098K(2944064K), 0.0403790 secs]
[GC 1534162K->1285811K(2944064K), 0.0425050 secs]
[GC 1541875K->1284710K(2944064K), 0.0404680 secs]
[GC 1540774K->1286359K(2944064K), 0.0392050 secs]
[GC 1542423K->1287516K(2944064K), 0.0371690 secs]
[GC 1543580K->1288865K(2944064K), 0.0380530 secs]
[GC 1544929K->1295010K(2944064K), 0.0645610 secs]
[GC 1551074K->1286863K(2944064K), 0.0368200 secs]
[GC 1542927K->1299052K(2944064K), 0.0431070 secs]
[GC 1555116K->1288693K(2944064K), 0.0422490 secs]
[GC 1544757K->1292669K(2944064K), 0.0397710 secs]
[GC 1548733K->1300926K(2944064K), 0.0440680 secs]
[GC 1556990K->1293120K(2944064K), 0.0396310 secs]
[GC 1549184K->1301118K(2944064K), 0.0378460 secs]
[GC 1557182K->1300101K(2944064K), 0.0739490 secs]
[GC 1556165K->1301639K(2944064K), 0.0378520 secs]
[GC 1557703K->1303000K(2944064K), 0.0381030 secs]
[GC 1559064K->1309203K(2944064K), 0.0397540 secs]
[GC 1565267K->1300767K(2944064K), 0.0415640 secs]
[GC 1556831K->1304412K(2944064K), 0.0399110 secs]
[GC 1560476K->1307620K(2944064K), 0.0446400 secs]
[GC 1563684K->1309168K(2944064K), 0.0425090 secs]
[GC 1565232K->1310615K(2944064K), 0.0490810 secs]
[GC 1566679K->1311801K(2944064K), 0.0440810 secs]
[GC 1567865K->1317775K(2944064K), 0.0428830 secs]
[GC 1573839K->1309736K(2944064K), 0.0443280 secs]
[GC 1565800K->1317444K(2944064K), 0.0416780 secs]
[GC 1573508K->1321050K(2944064K), 0.0412580 secs]
[GC 1577114K->1313209K(2944064K), 0.0409860 secs]
[GC 1569273K->1321257K(2944064K), 0.0419810 secs]
[GC 1577321K->1325182K(2944064K), 0.0428120 secs]
[GC 1581246K->1317312K(2944064K), 0.0399820 secs]
[GC 1573376K->1325203K(2944064K), 0.0462700 secs]
[GC 1581267K->1328874K(2944064K), 0.0427670 secs]
[GC 1584938K->1321031K(2944064K), 0.0396530 secs]
[GC 1577095K->1329188K(2944064K), 0.0411560 secs]
[GC 1585252K->1328255K(2944064K), 0.0363100 secs]
[GC 1584319K->1330113K(2944064K), 0.0470550 secs]
[GC 1586177K->1331609K(2944064K), 0.0416830 secs]
[GC 1587673K->1332987K(2944064K), 0.0396660 secs]
[GC 1589051K->1334176K(2944064K), 0.0456440 secs]
[GC 1590240K->1335409K(2944064K), 0.0388670 secs]
[GC 1591473K->1336822K(2944064K), 0.0456030 secs]
[GC 1592886K->1338222K(2944064K), 0.0448410 secs]
[GC 1594286K->1339344K(2944064K), 0.0457140 secs]
[GC 1595408K->1340495K(2944064K), 0.0392860 secs]
[GC 1596559K->1346586K(2944064K), 0.0423430 secs]
[GC 1602650K->1337951K(2944064K), 0.0453410 secs]
[GC 1594015K->1345749K(2944064K), 0.0442990 secs]
[GC 1601813K->1349473K(2944064K), 0.0395250 secs]
[GC 1605537K->1341539K(2944064K), 0.0398200 secs]
[GC 1597603K->1349419K(2944064K), 0.0414250 secs]
[GC 1605483K->1353055K(2944064K), 0.0407210 secs]
[GC 1609119K->1345120K(2944064K), 0.0424640 secs]
[GC 1601184K->1357366K(2944064K), 0.0423600 secs]
[GC 1613430K->1346853K(2944064K), 0.0426500 secs]
[GC 1602917K->1355396K(2944064K), 0.0428850 secs]
[GC 1611460K->1358917K(2944064K), 0.0424590 secs]
[GC 1614981K->1351251K(2944064K), 0.0414000 secs]
[GC 1607315K->1359007K(2944064K), 0.0379610 secs]
[GC 1615071K->1357928K(2944064K), 0.0395180 secs]
[GC 1613992K->1359600K(2944064K), 0.0397970 secs]
[GC 1615664K->1360991K(2944064K), 0.0398060 secs]
[GC 1617055K->1362247K(2944064K), 0.0404610 secs]
[GC 1618311K->1358811K(2944064K), 0.0398410 secs]
[GC 1614875K->1364699K(2944064K), 0.0389730 secs]
[GC 1620763K->1365973K(2944064K), 0.0459300 secs]
[GC 1622037K->1372144K(2944064K), 0.0384870 secs]
[GC 1628208K->1364111K(2944064K), 0.0404320 secs]
[GC 1620175K->1371933K(2944064K), 0.0399260 secs]
[GC 1627997K->1375692K(2944064K), 0.0409760 secs]
[GC 1631756K->1367705K(2944064K), 0.0391010 secs]
[GC 1623769K->1375889K(2944064K), 0.0440090 secs]
[GC 1631953K->1369864K(2944064K), 0.0455600 secs]
[GC 1625928K->1376438K(2944064K), 0.0430600 secs]
[GC 1632502K->1377770K(2944064K), 0.0439640 secs]
[GC 1633834K->1379144K(2944064K), 0.0424440 secs]
[GC 1635208K->1380391K(2944064K), 0.0423070 secs]
[GC 1636455K->1381715K(2944064K), 0.0387630 secs]
[GC 1637779K->1387862K(2944064K), 0.0393650 secs]
[GC 1643926K->1379318K(2944064K), 0.0426600 secs]
[GC 1635382K->1391505K(2944064K), 0.0393950 secs]
[GC 1647569K->1380929K(2944064K), 0.0427300 secs]
[GC 1636993K->1393512K(2944064K), 0.0437730 secs]
[GC 1649576K->1383233K(2944064K), 0.0409520 secs]
[GC 1639297K->1396346K(2944064K), 0.0416400 secs]
[GC 1652410K->1385858K(2944064K), 0.0436440 secs]
[GC 1641922K->1398660K(2944064K), 0.0428750 secs]
[GC 1654724K->1388272K(2944064K), 0.0408650 secs]
[GC 1644336K->1401036K(2944064K), 0.0422800 secs]
[GC 1657100K->1390663K(2944064K), 0.0422560 secs]
[GC 1646727K->1399135K(2944064K), 0.0430130 secs]
[GC 1655199K->1393457K(2944064K), 0.0433530 secs]
[GC 1649521K->1404648K(2944064K), 0.0392020 secs]
[GC 1660712K->1396449K(2944064K), 0.0438600 secs]
[GC 1652513K->1408544K(2944064K), 0.0392180 secs]
[GC 1664608K->1398140K(2944064K), 0.0447280 secs]
[GC 1654204K->1410718K(2944064K), 0.0426140 secs]
[GC 1666782K->1400517K(2944064K), 0.0421360 secs]
[GC 1656581K->1413010K(2944064K), 0.0407420 secs]
[GC 1669074K->1402767K(2944064K), 0.0411220 secs]
[GC 1658831K->1415086K(2944064K), 0.0395500 secs]
[GC 1671150K->1405040K(2944064K), 0.0416960 secs]
[GC 1661104K->1417497K(2944064K), 0.0401350 secs]
[GC 1673561K->1407392K(2944064K), 0.0455890 secs]
[GC 1663456K->1420006K(2944064K), 0.0451060 secs]
[GC 1676070K->1409965K(2944064K), 0.0423320 secs]
[GC 1666029K->1418207K(2944064K), 0.0410390 secs]
[GC 1674271K->1422040K(2944064K), 0.0395840 secs]
[GC 1678104K->1414558K(2944064K), 0.0448820 secs]
[GC 1670622K->1426600K(2944064K), 0.0390870 secs]
[GC 1682664K->1416364K(2944064K), 0.0390140 secs]
[GC 1672428K->1428824K(2944064K), 0.0393890 secs]
[GC 1684888K->1418588K(2944064K), 0.0410900 secs]
[GC 1674652K->1431101K(2944064K), 0.0441380 secs]
[GC 1687165K->1420966K(2944064K), 0.0410610 secs]
[GC 1677030K->1429284K(2944064K), 0.0417860 secs]
[GC 1685348K->1423893K(2944064K), 0.0416520 secs]
[GC 1679957K->1425510K(2944064K), 0.0423320 secs]
[GC 1681574K->1436252K(2944064K), 0.0422470 secs]
[GC 1692316K->1428180K(2944064K), 0.0430890 secs]
[GC 1684244K->1439946K(2944064K), 0.0399190 secs]
[GC 1696010K->1432581K(2944064K), 0.0402720 secs]
[GC 1688645K->1442296K(2944064K), 0.0411540 secs]
[GC 1698360K->1432152K(2944064K), 0.0440680 secs]
[GC 1688216K->1444745K(2944064K), 0.0448100 secs]
[GC 1700809K->1434597K(2944064K), 0.0398360 secs]
[GC 1690661K->1447134K(2944064K), 0.0418580 secs]
[GC 1703198K->1437019K(2944064K), 0.0410700 secs]
[GC 1693083K->1449710K(2944064K), 0.0386200 secs]
[GC 1705774K->1439487K(2944064K), 0.0417410 secs]
[GC 1695551K->1452064K(2944064K), 0.0408390 secs]
[GC 1708128K->1441906K(2944064K), 0.0397950 secs]
[GC 1697970K->1454456K(2944064K), 0.0403300 secs]
[GC 1710520K->1444376K(2944064K), 0.0390140 secs]
[GC 1700440K->1456945K(2944064K), 0.0418950 secs]
[GC 1713009K->1446866K(2944064K), 0.0401280 secs]
[GC 1702930K->1459505K(2944064K), 0.0396760 secs]
[GC 1715569K->1449356K(2944064K), 0.0816760 secs]
[GC 1705420K->1461852K(2944064K), 0.0406530 secs]
[GC 1717916K->1451775K(2944064K), 0.0404860 secs]
[GC 1707839K->1464625K(2944064K), 0.0407800 secs]
[GC 1720689K->1457473K(2944064K), 0.0387830 secs]
[GC 1713537K->1467366K(2944064K), 0.0419360 secs]
[GC 1723430K->1457040K(2944064K), 0.0405770 secs]
[GC 1713104K->1469819K(2944064K), 0.0413270 secs]
[GC 1725883K->1459554K(2944064K), 0.0401100 secs]
[GC 1715618K->1472505K(2944064K), 0.0401190 secs]
[GC 1728569K->1462210K(2944064K), 0.0429000 secs]
[GC 1718274K->1475253K(2944064K), 0.0433230 secs]
[GC 1731317K->1464808K(2944064K), 0.0442210 secs]
[GC 1720872K->1477713K(2944064K), 0.0436240 secs]
[GC 1733777K->1467154K(2944064K), 0.0388410 secs]
[GC 1723218K->1475707K(2944064K), 0.0393400 secs]
[GC 1731771K->1484259K(2944064K), 0.0432240 secs]
[GC 1740323K->1471715K(2944064K), 0.0426150 secs]
[GC 1727779K->1483971K(2944064K), 0.0403190 secs]
[GC 1740035K->1473357K(2944064K), 0.0413560 secs]
[GC 1729421K->1486168K(2944064K), 0.0386610 secs]
[GC 1742232K->1475805K(2944064K), 0.0428580 secs]
[GC 1731869K->1488701K(2944064K), 0.0429260 secs]
[GC 1744765K->1478416K(2944064K), 0.0456280 secs]
[GC 1734480K->1491195K(2944064K), 0.0437610 secs]
[GC 1747259K->1480861K(2944064K), 0.0408720 secs]
[GC 1736925K->1493536K(2944064K), 0.0428340 secs]
[GC 1749600K->1483223K(2944064K), 0.0429850 secs]
[GC 1739287K->1495898K(2944064K), 0.0399680 secs]
[GC 1751962K->1485650K(2944064K), 0.0450270 secs]
[GC 1741714K->1498262K(2944064K), 0.0385630 secs]
[GC 1754326K->1487998K(2944064K), 0.0444810 secs]
[GC 1744062K->1500628K(2944064K), 0.0382240 secs]
[GC 1756692K->1490483K(2944064K), 0.0406230 secs]
[GC 1746547K->1503104K(2944064K), 0.0388700 secs]
[GC 1759168K->1492942K(2944064K), 0.0675630 secs]
[GC 1749006K->1505482K(2944064K), 0.0415840 secs]
[GC 1761546K->1495355K(2944064K), 0.0406120 secs]
[GC 1751419K->1507862K(2944064K), 0.0425260 secs]
[GC 1763926K->1497951K(2944064K), 0.0408010 secs]
[GC 1754015K->1510690K(2944064K), 0.0415100 secs]
[GC 1766754K->1500583K(2944064K), 0.0408480 secs]
[GC 1756647K->1513450K(2944064K), 0.0417860 secs]
[GC 1769514K->1503107K(2944064K), 0.0418230 secs]
[GC 1759171K->1515936K(2944064K), 0.0424330 secs]
[GC 1772000K->1508499K(2944064K), 0.0421320 secs]
[GC 1764563K->1518353K(2944064K), 0.0400640 secs]
[GC 1774417K->1508056K(2944064K), 0.0419220 secs]
[GC 1764120K->1520674K(2944064K), 0.0390250 secs]
[GC 1776738K->1513326K(2944064K), 0.0441590 secs]
[GC 1769390K->1523203K(2944064K), 0.0410640 secs]
[GC 1779267K->1528264K(2944064K), 0.0543930 secs]
[GC 1784328K->1551495K(2944064K), 0.0651630 secs]
[GC 1807559K->1576177K(2944064K), 0.0678880 secs]
[GC 1832241K->1596851K(2944064K), 0.0742390 secs]
[GC 1852915K->1624101K(2944064K), 0.1075140 secs]
[GC 1880165K->1621518K(2944064K), 0.0955370 secs]
[GC 1877582K->1608951K(2944064K), 0.0770520 secs]
[GC 1863360K->1651220K(2944064K), 0.0822880 secs]
[GC 1907284K->1673355K(2944064K), 0.0839680 secs]
[GC 1929419K->1667779K(2944064K), 0.0776980 secs]
[GC 1921977K->1667946K(2944064K), 0.0753400 secs]
[GC 1924010K->1716477K(2944064K), 0.0733990 secs]
[GC 1972541K->1702641K(2944064K), 0.0812040 secs]
[GC 1958705K->1734818K(2944064K), 0.0673280 secs]
[GC 1990882K->1763383K(2944064K), 0.0813570 secs]
[GC 2019447K->1755436K(2944064K), 0.0893580 secs]
[GC 2011478K->1745243K(2944064K), 0.0769760 secs]
[GC 2001307K->1802210K(2944064K), 0.0747620 secs]
[GC 2058274K->1777714K(2944064K), 0.0860640 secs]
[GC 2033778K->1797159K(2944064K), 0.0788470 secs]
[GC 2053223K->1840424K(2944064K), 0.0800170 secs]
[GC 2095481K->1833732K(2944064K), 0.0844760 secs]
[GC 2089796K->1877097K(2944064K), 0.0797580 secs]
[GC 2133161K->1856319K(2944064K), 0.0793630 secs]
[GC 2112383K->1904452K(2944064K), 0.0746280 secs]
[GC 2160516K->1872443K(2944064K), 0.0757710 secs]
[GC 2128507K->1894188K(2944064K), 0.0937930 secs]
[GC 2150252K->1907294K(2944064K), 0.0764750 secs]
[GC 2163358K->1916588K(2944064K), 0.0735700 secs]
[GC 2172652K->1943316K(2944064K), 0.0573770 secs]
[GC 2199380K->1912621K(2944064K), 0.0586620 secs]
[GC 2168685K->1906404K(2944064K), 0.0673430 secs]
[GC 2162468K->1941765K(2944064K), 0.0508320 secs]
[GC 2197829K->1915106K(2944064K), 0.0523760 secs]
[GC 2171170K->1947112K(2944064K), 0.0672220 secs]
[GC 2203176K->1974034K(2944064K), 0.0840440 secs]
[GC 2230098K->1969452K(2944064K), 0.0850990 secs]
[GC 2225516K->2014255K(2944064K), 0.0900740 secs]
[GC 2270319K->2014068K(2944064K), 0.0856140 secs]
[GC 2270132K->2017126K(2944064K), 0.0838240 secs]
[GC 2273190K->2044783K(2944064K), 0.0824730 secs]
[GC 2300847K->2021989K(2944064K), 0.0784600 secs]
[GC 2278053K->2084057K(2944064K), 0.0755160 secs]
[GC 2340121K->2078306K(2944064K), 0.0976380 secs]
[GC 2334370K->2067275K(2944064K), 0.0800460 secs]
[GC 2323339K->2091296K(2944064K), 0.0747750 secs]
[GC 2347360K->2121455K(2944064K), 0.0781280 secs]
[GC 2377519K->2151792K(2944064K), 0.0805390 secs]
[GC 2407856K->2144710K(2944064K), 0.0766050 secs]
[GC 2400774K->2176154K(2944064K), 0.0769150 secs]
[GC 2432183K->2161398K(2944064K), 0.0818220 secs]
[GC 2417462K->2196325K(2944064K), 0.0860240 secs]
[GC 2452389K->2197891K(2944064K), 0.0807110 secs]
[GC 2453955K->2204405K(2944064K), 0.0821580 secs]
[GC 2460425K->2216537K(2944064K), 0.0754010 secs]
[GC 2472601K->2253188K(2944064K), 0.0864030 secs]
[GC 2509252K->2228719K(2944064K), 0.0744980 secs]
[GC 2484783K->2288814K(2944064K), 0.0747490 secs]
[GC 2544878K->2274624K(2944064K), 0.0803630 secs]
[GC 2530688K->2334402K(2944064K), 0.0876150 secs]
[GC 2590466K->2307078K(2944064K), 0.0915360 secs]
[GC 2559953K->2364215K(2944064K), 0.0881360 secs]
[GC 2620279K->2343057K(2944064K), 0.0817040 secs]
[GC 2599121K->2395812K(2944064K), 0.0837830 secs]
[GC 2651876K->2409100K(2944064K), 0.0976550 secs]
[GC 2665164K->2410255K(2944064K), 0.0950420 secs]
[GC 2662629K->2444425K(2944064K), 0.0685970 secs]
[GC 2700489K->2430020K(2944064K), 0.0793770 secs]
[GC 2686084K->2463546K(2944064K), 0.0855230 secs]
[GC 2719610K->2434192K(2944064K), 0.0800140 secs]
[GC 2434421K(2944064K), 0.0364500 secs]
[GC 2690256K->2503211K(2944064K), 0.0917660 secs]
[GC 2759275K->2482426K(2944064K), 0.0813720 secs]
[GC 2654073K(2944064K), 0.0675190 secs]
[GC 2281513K->2074598K(2944064K), 0.0931850 secs]
[GC 2268686K->2009422K(3529940K), 0.1043070 secs]
[GC 2265486K->2038965K(3529940K), 0.0729830 secs]
[GC 2292286K->2036560K(3529940K), 0.0974630 secs]
[GC 2292624K->2057456K(3529940K), 0.0965830 secs]
[GC 2313520K->2081993K(3529940K), 0.0990910 secs]
[GC 2338057K->2050706K(3529940K), 0.0898670 secs]
[GC 2305202K->2094917K(3529940K), 0.0924860 secs]
[GC 2350981K->2113647K(3529940K), 0.0919350 secs]
[GC 2369711K->2145575K(3529940K), 0.0949660 secs]
[GC 2401582K->2124638K(3529940K), 0.1070350 secs]
[GC 2380702K->2176039K(3529940K), 0.0835780 secs]
[GC 2431355K->2153728K(3529940K), 0.1207170 secs]
[GC 2409792K->2168149K(3529940K), 0.0884310 secs]
[GC 2424213K->2164672K(3529940K), 0.0798070 secs]
[GC 2420736K->2181308K(3529940K), 0.0653790 secs]
[GC 2437372K->2179633K(3529940K), 0.0656030 secs]
[GC 2435697K->2195190K(3529940K), 0.0654880 secs]
[GC 2451254K->2169173K(3529940K), 0.0696110 secs]
[GC 2425237K->2205686K(3529940K), 0.0707640 secs]
[GC 2461750K->2171279K(3529940K), 0.0713570 secs]
[GC 2427343K->2175406K(3529940K), 0.0832960 secs]
[GC 2431470K->2191048K(3529940K), 0.0705910 secs]
[GC 2447112K->2202303K(3529940K), 0.0620340 secs]
[GC 2458367K->2179448K(3529940K), 0.0600090 secs]
[GC 2435512K->2211149K(3529940K), 0.0617750 secs]
[GC 2467213K->2181338K(3529940K), 0.0640720 secs]
[GC 2437402K->2185981K(3529940K), 0.0721950 secs]
[GC 2442045K->2189053K(3529940K), 0.0629130 secs]
[GC 2445117K->2182220K(3529940K), 0.0534520 secs]
[GC 2438284K->2197674K(3529940K), 0.0517870 secs]
[GC 2453738K->2198673K(3529940K), 0.0525440 secs]
[GC 2454737K->2200493K(3529940K), 0.0629060 secs]
[GC 2456557K->2194996K(3529940K), 0.0520390 secs]
[GC 2451060K->2196806K(3529940K), 0.0501800 secs]
[GC 2452870K->2206361K(3529940K), 0.0513470 secs]
[GC 2462425K->2215564K(3529940K), 0.0535520 secs]
[GC 2471628K->2202749K(3529940K), 0.0536900 secs]
[GC 2458813K->2214640K(3529940K), 0.0523740 secs]
[GC 2470704K->2212748K(3529940K), 0.0517370 secs]
[GC 2468812K->2215496K(3529940K), 0.0540470 secs]
[GC 2471560K->2217895K(3529940K), 0.0597560 secs]
[GC 2473959K->2220000K(3529940K), 0.0548950 secs]
[GC 2476064K->2222229K(3529940K), 0.0552470 secs]
[GC 2478293K->2216409K(3529940K), 0.0519400 secs]
[GC 2472473K->2218664K(3529940K), 0.0499410 secs]
[GC 2474728K->2235078K(3529940K), 0.0512820 secs]
[GC 2491142K->2222086K(3529940K), 0.0599590 secs]
[GC 2478150K->2240666K(3529940K), 0.0522680 secs]
[GC 2496730K->2246207K(3529940K), 0.0653880 secs]
[GC 2502271K->2271070K(3529940K), 0.0857690 secs]
[GC 2527134K->2310916K(3529940K), 0.0983280 secs]
[GC 2566980K->2299516K(3529940K), 0.1123780 secs]
[GC 2555580K->2349973K(3529940K), 0.0794270 secs]
[GC 2606037K->2336429K(3529940K), 0.0953980 secs]
[GC 2592493K->2331704K(3529940K), 0.0935260 secs]
[GC 2587768K->2379887K(3529940K), 0.0922570 secs]
[GC 2635911K->2362158K(3529940K), 0.0898920 secs]
[GC 2617686K->2425014K(3529940K), 0.1085380 secs]
[GC 2681078K->2413723K(3529940K), 0.0942160 secs]
[GC 2669787K->2445762K(3529940K), 0.0955590 secs]
[GC 2701826K->2473994K(3529940K), 0.0977540 secs]
[GC 2728012K->2456566K(3529940K), 0.1037160 secs]
[GC 2712630K->2504464K(3529940K), 0.0747290 secs]
[GC 2760528K->2506670K(3529940K), 0.0926330 secs]
[GC 2762687K->2497668K(3529940K), 0.0973800 secs]
[GC 2753732K->2550493K(3529940K), 0.0760880 secs]
[GC 2806533K->2510474K(3529940K), 0.0839640 secs]
[GC 2766538K->2557726K(3529940K), 0.0903300 secs]
[GC 2813790K->2573142K(3529940K), 0.0813560 secs]
[GC 2829206K->2607017K(3529940K), 0.0957690 secs]
[GC 2863080K->2608221K(3529940K), 0.1024860 secs]
[GC 2864266K->2596185K(3529940K), 0.0838570 secs]
[GC 2852249K->2646378K(3529940K), 0.0685060 secs]
[GC 2902442K->2612329K(3529940K), 0.0804970 secs]
[GC 2868393K->2656880K(3529940K), 0.0634260 secs]
[GC 2912944K->2642589K(3529940K), 0.0734140 secs]
[GC 2898653K->2657095K(3529940K), 0.0597120 secs]
[GC 2913159K->2623989K(3529940K), 0.0614710 secs]
[GC 2880053K->2658532K(3529940K), 0.0613710 secs]
[GC 2914553K->2661074K(3529940K), 0.0762000 secs]
[GC 2917104K->2704853K(3529940K), 0.0995120 secs]
[GC 2960868K->2724895K(3529940K), 0.0969560 secs]
[GC 2980959K->2701657K(3529940K), 0.0967580 secs]
[GC 2957721K->2756514K(3529940K), 0.1013120 secs]
[GC 3012578K->2772041K(3529940K), 0.0940370 secs]
[GC 3028105K->2776420K(3529940K), 0.1004500 secs]
[GC 3032484K->2804439K(3529940K), 0.0831440 secs]
[GC 3060494K->2819698K(3529940K), 0.1121970 secs]
[GC 3075762K->2798932K(3529940K), 0.0969130 secs]
[GC 3054996K->2849088K(3529940K), 0.0947820 secs]
[GC 3105152K->2827347K(3529940K), 0.1006770 secs]
[GC 3083411K->2879598K(3529940K), 0.0847840 secs]
[GC 3135662K->2855954K(3529940K), 0.0918160 secs]
[GC 3111983K->2910016K(3529940K), 0.0859640 secs]
[GC 3166055K->2887543K(3529940K), 0.0936040 secs]
[GC 3143607K->2940660K(3529940K), 0.1004180 secs]
[GC 3196724K->2927553K(3529940K), 0.0920730 secs]
[GC 3183617K->2957796K(3529940K), 0.1005200 secs]
[GC 3213860K->2975953K(3529940K), 0.0941350 secs]
[GC 3232017K->2960739K(3529940K), 0.0861910 secs]
[GC 3216803K->3010530K(3529940K), 0.0704890 secs]
[GC 3266594K->3001267K(3529940K), 0.0889850 secs]
[GC 3001528K(3529940K), 0.0359190 secs]
[GC 3257331K->2995471K(3536660K), 0.0855340 secs]
[GC 3036007K(3536660K), 0.0317120 secs]
[GC 2980642K->2734943K(4650752K), 0.0864410 secs]
[GC 2991007K->2722879K(4650752K), 0.0681100 secs]
[GC 2978943K->2775502K(4650752K), 0.0679220 secs]
[GC 3031566K->2736603K(4650752K), 0.0676840 secs]
[GC 2992667K->2772198K(4650752K), 0.0732810 secs]
[GC 3028262K->2739247K(4650752K), 0.0724620 secs]
[GC 2995311K->2780024K(4650752K), 0.0751560 secs]
[GC 3036088K->2762770K(4650752K), 0.0925560 secs]
[GC 3018834K->2780200K(4650752K), 0.0807190 secs]
[GC 3036264K->2823783K(4650752K), 0.1245380 secs]
[GC 3079847K->2840939K(4650752K), 0.1040390 secs]
[GC 3094706K->2858245K(4650752K), 0.1205220 secs]
[GC 3114309K->2847732K(4650752K), 0.1152620 secs]
[GC 3102162K->2870471K(4650752K), 0.1026950 secs]
[GC 3126535K->2898172K(4650752K), 0.0931130 secs]
[GC 3154236K->2886256K(4650752K), 0.0983280 secs]
[GC 3142320K->2946147K(4650752K), 0.0864510 secs]
[GC 3202211K->2948454K(4650752K), 0.1121980 secs]
[GC 3200929K->2954614K(4650752K), 0.1066050 secs]
[GC 3210678K->2987204K(4650752K), 0.1049240 secs]
[GC 3243223K->2984066K(4650752K), 0.0974010 secs]
[GC 3240130K->3031456K(4650752K), 0.0999870 secs]
[GC 3287520K->3017275K(4650752K), 0.1064370 secs]
[GC 3270734K->3041507K(4650752K), 0.0987070 secs]
[GC 3297571K->3059054K(4650752K), 0.0969390 secs]
[GC 3315080K->3052497K(4650752K), 0.0967490 secs]
[GC 3308561K->3116722K(4650752K), 0.0884350 secs]
[GC 3372786K->3100238K(4650752K), 0.1190140 secs]
[GC 3356301K->3126644K(4650752K), 0.1003460 secs]
[GC 3382708K->3146859K(4650752K), 0.0916660 secs]
[GC 3399582K->3157835K(4650752K), 0.1032670 secs]
[GC 3413899K->3192939K(4650752K), 0.1047920 secs]
[GC 3448565K->3206594K(4650752K), 0.1058140 secs]
[GC 3462658K->3210775K(4650752K), 0.1078930 secs]
[GC 3466839K->3210509K(4650752K), 0.0906560 secs]
[GC 3466573K->3228999K(4650752K), 0.1176990 secs]
[GC 3485063K->3257132K(4650752K), 0.0709560 secs]
[GC 3513196K->3217448K(4650752K), 0.0730550 secs]
 INFO  [hz._hzInstance_1_FenixFrameworkGroup.HealthMonitor] {com.hazelcast.util.HealthMonitor} [127.0.0.1]:5709 [FenixFrameworkGroup] 
memory used=3.3G, free=1.1G, total=4.4G, max=4.7G, used/total=74.59% used/max=70.70%
cpu process-load=3.00%, system-load=16.00%, system-loadaverage=151.00%
[GC 3473512K->3255905K(4650752K), 0.0776000 secs]
 INFO  [hz._hzInstance_1_FenixFrameworkGroup.HealthMonitor] {com.hazelcast.util.HealthMonitor} [127.0.0.1]:5709 [FenixFrameworkGroup] 
memory used=3.3G, free=1.1G, total=4.4G, max=4.7G, used/total=74.72% used/max=70.82%
cpu process-load=3.00%, system-load=17.00%, system-loadaverage=136.00%
[GC 3511969K->3239732K(4650752K), 0.0861760 secs]
[GC 3495796K->3256789K(4650752K), 0.0676810 secs]
[GC 3512853K->3237888K(4650752K), 0.0798600 secs]
[GC 3493952K->3283503K(4650752K), 0.0952560 secs]
[GC 3539567K->3304793K(4650752K), 0.0846740 secs]
 INFO  [hz._hzInstance_1_FenixFrameworkGroup.HealthMonitor] {com.hazelcast.util.HealthMonitor} [127.0.0.1]:5709 [FenixFrameworkGroup] 
memory used=3.4G, free=1.1G, total=4.4G, max=4.7G, used/total=76.08% used/max=72.12%
cpu process-load=3.00%, system-load=18.00%, system-loadaverage=144.00%
[GC 3560857K->3296316K(4650752K), 0.0994270 secs]
[GC 3552352K->3343167K(4650752K), 0.1160680 secs]
[GC 3599231K->3326121K(4650752K), 0.1074780 secs]
[GC 3582185K->3347123K(4650752K), 0.1000500 secs]
 INFO  [hz._hzInstance_1_FenixFrameworkGroup.HealthMonitor] {com.hazelcast.util.HealthMonitor} [127.0.0.1]:5709 [FenixFrameworkGroup] 
memory used=3.3G, free=1.1G, total=4.4G, max=4.7G, used/total=75.04% used/max=71.13%
cpu process-load=3.00%, system-load=19.00%, system-loadaverage=234.00%
[GC 3603187K->3405600K(4650752K), 0.1024410 secs]
[GC 3661664K->3385335K(4650752K), 0.1018600 secs]
[GC 3641399K->3435952K(4650752K), 0.1012290 secs]
[GC 3691477K->3422821K(4650752K), 0.1063500 secs]
 INFO  [hz._hzInstance_1_FenixFrameworkGroup.HealthMonitor] {com.hazelcast.util.HealthMonitor} [127.0.0.1]:5709 [FenixFrameworkGroup] 
memory used=3.4G, free=1.0G, total=4.4G, max=4.7G, used/total=76.33% used/max=72.35%
cpu process-load=3.00%, system-load=19.00%, system-loadaverage=243.00%
[GC 3678885K->3462412K(4650752K), 0.1050580 secs]
[GC 3718476K->3486513K(4650752K), 0.1082130 secs]
[GC 3742514K->3502194K(4650752K), 0.1051200 secs]
[GC 3758258K->3511896K(4650752K), 0.1097190 secs]
 INFO  [hz._hzInstance_1_FenixFrameworkGroup.HealthMonitor] {com.hazelcast.util.HealthMonitor} [127.0.0.1]:5709 [FenixFrameworkGroup] 
memory used=3.5G, free=921.6M, total=4.4G, max=4.7G, used/total=79.71% used/max=75.55%
cpu process-load=3.00%, system-load=20.00%, system-loadaverage=228.00%
[GC 3767960K->3523252K(4650752K), 0.1235640 secs]
[GC 3779316K->3576999K(4650752K), 0.0957050 secs]
[GC 3833063K->3571363K(4650752K), 0.1031970 secs]
[GC 3827427K->3626217K(4650752K), 0.1049120 secs]
 INFO  [hz._hzInstance_1_FenixFrameworkGroup.HealthMonitor] {com.hazelcast.util.HealthMonitor} [127.0.0.1]:5709 [FenixFrameworkGroup] 
memory used=3.7G, free=793.8M, total=4.4G, max=4.7G, used/total=82.52% used/max=78.22%
cpu process-load=3.00%, system-load=20.00%, system-loadaverage=332.00%
[GC 3882235K->3612807K(4650752K), 0.1055170 secs]
[GC 3868871K->3653551K(4650752K), 0.1004890 secs]
[GC 3909615K->3670270K(4650752K), 0.1057850 secs]
[GC 3925355K->3693430K(4650752K), 0.1126530 secs]
 INFO  [hz._hzInstance_1_FenixFrameworkGroup.HealthMonitor] {com.hazelcast.util.HealthMonitor} [127.0.0.1]:5709 [FenixFrameworkGroup] 
memory used=3.6G, free=857.9M, total=4.4G, max=4.7G, used/total=81.11% used/max=76.88%
cpu process-load=3.00%, system-load=18.00%, system-loadaverage=281.00%
[GC 3949446K->3678708K(4650752K), 0.0961750 secs]
[GC 3934772K->3710358K(4650752K), 0.1117910 secs]
[GC 3966422K->3729854K(4650752K), 0.0929080 secs]
 INFO  [hz._hzInstance_1_FenixFrameworkGroup.HealthMonitor] {com.hazelcast.util.HealthMonitor} [127.0.0.1]:5709 [FenixFrameworkGroup] 
memory used=3.6G, free=805.5M, total=4.4G, max=4.7G, used/total=82.26% used/max=77.97%
cpu process-load=3.00%, system-load=16.00%, system-loadaverage=277.00%
[GC 3985918K->3765158K(4650752K), 0.0949000 secs]
[GC 4021192K->3778309K(4650752K), 0.0924470 secs]
[GC 4034373K->3812238K(4650752K), 0.1030010 secs]
 INFO  [hz._hzInstance_1_FenixFrameworkGroup.HealthMonitor] {com.hazelcast.util.HealthMonitor} [127.0.0.1]:5709 [FenixFrameworkGroup] 
memory used=3.7G, free=791.2M, total=4.4G, max=4.7G, used/total=82.58% used/max=78.27%
cpu process-load=2.00%, system-load=15.00%, system-loadaverage=264.00%
 INFO  [hz._hzInstance_1_FenixFrameworkGroup.HealthMonitor] {com.hazelcast.util.HealthMonitor} [127.0.0.1]:5709 [FenixFrameworkGroup] 
memory used=3.8G, free=662.9M, total=4.4G, max=4.7G, used/total=85.40% used/max=80.95%
cpu process-load=2.00%, system-load=12.00%, system-loadaverage=223.00%
[GC 4068302K->3800071K(4650752K), 0.0948200 secs]
 INFO  [hz._hzInstance_1_FenixFrameworkGroup.HealthMonitor] {com.hazelcast.util.HealthMonitor} [127.0.0.1]:5709 [FenixFrameworkGroup] 
memory used=3.8G, free=701.7M, total=4.4G, max=4.7G, used/total=84.55% used/max=80.14%
cpu process-load=2.00%, system-load=13.00%, system-loadaverage=205.00%
[GC 4056135K->3813325K(4650752K), 0.0767820 secs]
[GC 4069389K->3864879K(4650752K), 0.1015060 secs]
[GC 4120926K->3836733K(4650752K), 0.1097060 secs]
 INFO  [hz._hzInstance_1_FenixFrameworkGroup.HealthMonitor] {com.hazelcast.util.HealthMonitor} [127.0.0.1]:5709 [FenixFrameworkGroup] 
memory used=3.9G, free=553.4M, total=4.4G, max=4.7G, used/total=87.82% used/max=83.23%
cpu process-load=2.00%, system-load=14.00%, system-loadaverage=245.00%
[GC 4092777K->3893678K(4650752K), 0.1123810 secs]
[GC 4147151K->3891483K(4650752K), 0.1036960 secs]
[GC 4147531K->3928608K(4650752K), 0.1163840 secs]
[GC 4184672K->3947281K(4650752K), 0.1091960 secs]
 INFO  [hz._hzInstance_1_FenixFrameworkGroup.HealthMonitor] {com.hazelcast.util.HealthMonitor} [127.0.0.1]:5709 [FenixFrameworkGroup] 
memory used=3.9G, free=540.7M, total=4.4G, max=4.7G, used/total=88.10% used/max=83.50%
cpu process-load=2.00%, system-load=17.00%, system-loadaverage=223.00%
[GC 4203345K->3971205K(4650752K), 0.1092020 secs]
[GC 4227269K->3960080K(4650752K), 0.0997780 secs]
[GC 4216144K->4010516K(4650752K), 0.1047240 secs]
[GC 4266580K->3989702K(4650752K), 0.0994500 secs]
 INFO  [hz._hzInstance_1_FenixFrameworkGroup.HealthMonitor] {com.hazelcast.util.HealthMonitor} [127.0.0.1]:5709 [FenixFrameworkGroup] 
memory used=3.9G, free=598.6M, total=4.4G, max=4.7G, used/total=86.82% used/max=82.29%
cpu process-load=2.00%, system-load=16.00%, system-loadaverage=354.00%
[GC 4245766K->4064436K(4650752K), 0.1082820 secs]
[GC 4064571K(4650752K), 0.0377780 secs]
[GC 4320500K->4050550K(4650752K), 0.1107820 secs]
[GC 4306614K->4102086K(4650752K), 0.0982340 secs]
[GC 4235658K(4650752K), 0.0805480 secs]
[GC 4127238K->3847165K(4650752K), 0.1123040 secs]
 INFO  [hz._hzInstance_1_FenixFrameworkGroup.HealthMonitor] {com.hazelcast.util.HealthMonitor} [127.0.0.1]:5709 [FenixFrameworkGroup] 
memory used=3.6G, free=841.0M, total=4.4G, max=4.7G, used/total=81.48% used/max=77.23%
cpu process-load=4.00%, system-load=19.00%, system-loadaverage=464.00%
[GC 3921090K->3717534K(4650752K), 0.1024770 secs]
 INFO  [hz._hzInstance_1_FenixFrameworkGroup.HealthMonitor] {com.hazelcast.util.HealthMonitor} [127.0.0.1]:5709 [FenixFrameworkGroup] 
memory used=3.7G, free=755.7M, total=4.4G, max=4.7G, used/total=83.36% used/max=79.01%
cpu process-load=1.00%, system-load=9.00%, system-loadaverage=423.00%
[GC 3972153K->3705152K(4650752K), 0.1240590 secs]
 INFO  [hz._hzInstance_1_FenixFrameworkGroup.HealthMonitor] {com.hazelcast.util.HealthMonitor} [127.0.0.1]:5709 [FenixFrameworkGroup] 
memory used=3.7G, free=726.8M, total=4.4G, max=4.7G, used/total=84.00% used/max=79.62%
cpu process-load=1.00%, system-load=7.00%, system-loadaverage=454.00%
[GC 3961216K->3746113K(4650752K), 0.1034150 secs]
 INFO  [hz._hzInstance_1_FenixFrameworkGroup.HealthMonitor] {com.hazelcast.util.HealthMonitor} [127.0.0.1]:5709 [FenixFrameworkGroup] 
memory used=3.6G, free=857.4M, total=4.4G, max=4.7G, used/total=81.12% used/max=76.89%
cpu process-load=1.00%, system-load=9.00%, system-loadaverage=391.00%
 INFO  [hz._hzInstance_1_FenixFrameworkGroup.HealthMonitor] {com.hazelcast.util.HealthMonitor} [127.0.0.1]:5709 [FenixFrameworkGroup] 
memory used=3.7G, free=778.0M, total=4.4G, max=4.7G, used/total=82.87% used/max=78.55%
cpu process-load=1.00%, system-load=11.00%, system-loadaverage=331.00%
 INFO  [hz._hzInstance_1_FenixFrameworkGroup.HealthMonitor] {com.hazelcast.util.HealthMonitor} [127.0.0.1]:5709 [FenixFrameworkGroup] 
memory used=3.8G, free=689.6M, total=4.4G, max=4.7G, used/total=84.82% used/max=80.39%
cpu process-load=1.00%, system-load=10.00%, system-loadaverage=280.00%
[GC 4002177K->3726191K(4650752K), 0.0809390 secs]
 INFO  [hz._hzInstance_1_FenixFrameworkGroup.HealthMonitor] {com.hazelcast.util.HealthMonitor} [127.0.0.1]:5709 [FenixFrameworkGroup] 
memory used=3.6G, free=864.7M, total=4.4G, max=4.7G, used/total=80.96% used/max=76.74%
cpu process-load=1.00%, system-load=10.00%, system-loadaverage=237.00%
[GC 3982255K->3787243K(4650752K), 0.1185250 secs]
[GC 4040913K->3776823K(4650752K), 0.1206950 secs]
 INFO  [hz._hzInstance_1_FenixFrameworkGroup.HealthMonitor] {com.hazelcast.util.HealthMonitor} [127.0.0.1]:5709 [FenixFrameworkGroup] 
memory used=3.7G, free=710.5M, total=4.4G, max=4.7G, used/total=84.36% used/max=79.96%
cpu process-load=1.00%, system-load=12.00%, system-loadaverage=304.00%
[GC 4032887K->3828397K(4650752K), 0.1133420 secs]
[GC 4084461K->3817075K(4650752K), 0.1134190 secs]
[GC 4073139K->3840458K(4650752K), 0.1075300 secs]
[GC 4096522K->3877959K(4650752K), 0.1090430 secs]
 INFO  [hz._hzInstance_1_FenixFrameworkGroup.HealthMonitor] {com.hazelcast.util.HealthMonitor} [127.0.0.1]:5709 [FenixFrameworkGroup] 
memory used=3.8G, free=657.4M, total=4.4G, max=4.7G, used/total=85.53% used/max=81.06%
cpu process-load=1.00%, system-load=19.00%, system-loadaverage=312.00%
[GC 4133990K->3872981K(4650752K), 0.1061310 secs]
[GC 4129045K->3914470K(4650752K), 0.1069280 secs]
[GC 4170534K->3896000K(4650752K), 0.1069520 secs]
[GC 4152064K->3968162K(4650752K), 0.1064160 secs]
 INFO  [hz._hzInstance_1_FenixFrameworkGroup.HealthMonitor] {com.hazelcast.util.HealthMonitor} [127.0.0.1]:5709 [FenixFrameworkGroup] 
memory used=3.9G, free=579.9M, total=4.4G, max=4.7G, used/total=87.23% used/max=82.68%
cpu process-load=1.00%, system-load=19.00%, system-loadaverage=339.00%
[GC 4224212K->3954048K(4650752K), 0.1049750 secs]
[GC 4210112K->4008077K(4650752K), 0.1063120 secs]
[GC 4264090K->3993046K(4650752K), 0.1017760 secs]
[GC 4249110K->4047516K(4650752K), 0.1037690 secs]
 INFO  [hz._hzInstance_1_FenixFrameworkGroup.HealthMonitor] {com.hazelcast.util.HealthMonitor} [127.0.0.1]:5709 [FenixFrameworkGroup] 
memory used=4.0G, free=483.7M, total=4.4G, max=4.7G, used/total=89.35% used/max=84.69%
cpu process-load=1.00%, system-load=15.00%, system-loadaverage=331.00%
[GC 4303550K->4035132K(4650752K), 0.1056760 secs]
[GC 4035563K(4650752K), 0.0402960 secs]
[GC 4291196K->4075297K(4650752K), 0.1052930 secs]
[GC 4328174K->4108303K(4650752K), 0.1094550 secs]
[GC 4364367K->4092980K(4650752K), 0.1035610 secs]
 INFO  [hz._hzInstance_1_FenixFrameworkGroup.HealthMonitor] {com.hazelcast.util.HealthMonitor} [127.0.0.1]:5709 [FenixFrameworkGroup] 
memory used=4.0G, free=416.3M, total=4.4G, max=4.7G, used/total=90.83% used/max=86.10%
cpu process-load=3.00%, system-load=18.00%, system-loadaverage=335.00%
[GC 4263103K(4650752K), 0.0865510 secs]
[GC 4315154K->4092984K(4650752K), 0.1137920 secs]
[GC 4283259K->4067480K(4650752K), 0.1084070 secs]
[GC 4068543K(4650752K), 0.0498630 secs]
[GC 4323512K->4040166K(4650752K), 0.1036680 secs]
[GC 4296230K->4101954K(4650752K), 0.1092550 secs]
 INFO  [hz._hzInstance_1_FenixFrameworkGroup.HealthMonitor] {com.hazelcast.util.HealthMonitor} [127.0.0.1]:5709 [FenixFrameworkGroup] 
memory used=4.0G, free=476.4M, total=4.4G, max=4.7G, used/total=89.51% used/max=84.84%
cpu process-load=3.00%, system-load=23.00%, system-loadaverage=377.00%
[GC 4247308K(4650752K), 0.0600370 secs]
[GC 4351503K->4094578K(4650752K), 0.1333610 secs]
 INFO  [pool-1-thread-1] {org.radargun.Slave} Executing stage: ClearClusterStage {ClearCluster {exitBenchmarkOnSlaveFailure=false, runOnAllSlaves=false, slaves=[ 0 ], useSmartClassLoading=true }
 INFO  [pool-1-thread-1] {org.radargun.stages.ClearClusterStage} Before executing clear, memory looks like this: Memory - free: 365,078 kb - max:4,906,688 kb- total:4,650,752 kb
[Full GC 4285673K->4051855K(4650752K), 12.3178880 secs]
[GC 4051859K(4906688K), 0.0021140 secs]
 INFO  [pool-1-thread-1] {org.radargun.stages.ClearClusterStage} After executing cleanup, memory looks like this: Memory - free: 853,507 kb - max:4,906,688 kb- total:4,906,688 kb
 INFO  [hz._hzInstance_1_FenixFrameworkGroup.HealthMonitor] {com.hazelcast.util.HealthMonitor} [127.0.0.1]:5709 [FenixFrameworkGroup] 
memory used=3.9G, free=832.8M, total=4.7G, max=4.7G, used/total=82.62% used/max=82.62%
cpu process-load=2.00%, system-load=25.00%, system-loadaverage=545.00%
 INFO  [pool-1-thread-1] {org.radargun.Slave} Finished stage: ClearClusterStage {ClearCluster {exitBenchmarkOnSlaveFailure=false, runOnAllSlaves=false, slaves=[ 0 ], useSmartClassLoading=true }
 INFO  [main] {org.radargun.Slave} Ack successfully sent to the master
 INFO  [pool-1-thread-1] {org.radargun.Slave} Executing stage: StressTest {bulkSize=1, cacheSpecificKeyGenerator=false, commitTransactions=true, duration=1 mins 0 secs, entrySize=1000, exitBenchmarkOnSlaveFailure=false, fixedKeys=true, generateHistogramRange=false, keyGeneratorClass=org.radargun.stressors.StringKeyGenerator, keyGeneratorParam=null, loadAllKeys=false, numEntries=10000, numOfThreads=4, numRequests=10000000, numThreads=4, numberOfAttributes=10000, numberOfRequests=10000000, opsCountStatusLog=500000, poolKeys=true, preferAsyncOperations=false, removePercentage=0, replaceInvalidPercentage=40, runOnAllSlaves=false, sharedKeys=false, sizeOfAnAttribute=1000, slaves=null, transactionSize=10000, useAtomics=false, useHistogramStatistics=false, useSimpleStatistics=true, useSmartClassLoading=true, useTransactions=true, writePercentage=10, writeTxPercentage=100 }
 INFO  [pool-1-thread-1] {org.radargun.stages.StressTestStage} Starting StressTestStage: StressTest {bulkSize=1, cacheSpecificKeyGenerator=false, commitTransactions=true, duration=1 mins 0 secs, entrySize=1000, exitBenchmarkOnSlaveFailure=false, fixedKeys=true, generateHistogramRange=false, keyGeneratorClass=org.radargun.stressors.StringKeyGenerator, keyGeneratorParam=null, loadAllKeys=false, numEntries=10000, numOfThreads=4, numRequests=10000000, numThreads=4, numberOfAttributes=10000, numberOfRequests=10000000, opsCountStatusLog=500000, poolKeys=true, preferAsyncOperations=false, removePercentage=0, replaceInvalidPercentage=40, runOnAllSlaves=false, sharedKeys=false, sizeOfAnAttribute=1000, slaves=null, transactionSize=10000, useAtomics=false, useHistogramStatistics=false, useSimpleStatistics=true, useSmartClassLoading=true, useTransactions=true, writePercentage=10, writeTxPercentage=100 }
 INFO  [pool-1-thread-1] {org.radargun.stressors.StressTestStressor} Using key generator org.radargun.stressors.StringKeyGenerator, param null
 INFO  [pool-1-thread-1] {org.radargun.stressors.StressTestStressor} Executing: StressTestStressor{opsCountStatusLog=500000, numRequests=10000000, numEntries=10000, entrySize=1000, writePercentage=10, numThreads=4, cacheWrapper=org.radargun.cachewrappers.FFWrapper@1623e7c4, nodeIndex=8, useTransactions=true, transactionSize=10000, commitTransactions=true, durationMillis=60000}
 INFO  [pool-1-thread-1] {org.radargun.stressors.StressTestStressor} Cache wrapper info is: FFWrapper using infinispan52
[GC 4478543K->4132564K(4906688K), 0.6163170 secs]
 INFO  [hz._hzInstance_1_FenixFrameworkGroup.HealthMonitor] {com.hazelcast.util.HealthMonitor} [127.0.0.1]:5709 [FenixFrameworkGroup] 
memory used=4.2G, free=517.1M, total=4.7G, max=4.7G, used/total=89.21% used/max=89.21%
cpu process-load=7.00%, system-load=32.00%, system-loadaverage=563.00%
[GC 4378866K(4906688K), 0.1298860 secs]
[GC 4517976K->4055911K(4906688K), 0.5228540 secs]
[GC 4055995K(4906688K), 0.0655580 secs]
 INFO  [hz._hzInstance_1_FenixFrameworkGroup.HealthMonitor] {com.hazelcast.util.HealthMonitor} [127.0.0.1]:5709 [FenixFrameworkGroup] 
memory used=4.3G, free=426.7M, total=4.7G, max=4.7G, used/total=91.10% used/max=91.10%
cpu process-load=9.00%, system-load=43.00%, system-loadaverage=576.00%
[GC 4482599K->4058773K(4906688K), 0.5570850 secs]
[GC 4269578K(4906688K), 0.1357140 secs]
[GC 4293292K->3849686K(4906688K), 0.0373160 secs]
 INFO  [hz._hzInstance_1_FenixFrameworkGroup.HealthMonitor] {com.hazelcast.util.HealthMonitor} [127.0.0.1]:5709 [FenixFrameworkGroup] 
memory used=3.8G, free=900.8M, total=4.7G, max=4.7G, used/total=81.20% used/max=81.20%
cpu process-load=8.00%, system-load=36.00%, system-loadaverage=579.00%
[GC 4276374K->3834334K(4906688K), 0.0401830 secs]
 INFO  [hz._hzInstance_1_FenixFrameworkGroup.HealthMonitor] {com.hazelcast.util.HealthMonitor} [127.0.0.1]:5709 [FenixFrameworkGroup] 
memory used=4.0G, free=661.2M, total=4.7G, max=4.7G, used/total=86.20% used/max=86.20%
cpu process-load=8.00%, system-load=39.00%, system-loadaverage=567.00%
[GC 4261022K->3841038K(4906688K), 0.0407170 secs]
[GC 4267726K->3846411K(4906688K), 0.0476240 secs]
 INFO  [hz._hzInstance_1_FenixFrameworkGroup.HealthMonitor] {com.hazelcast.util.HealthMonitor} [127.0.0.1]:5709 [FenixFrameworkGroup] 
memory used=3.8G, free=849.5M, total=4.7G, max=4.7G, used/total=82.27% used/max=82.27%
cpu process-load=7.00%, system-load=37.00%, system-loadaverage=541.00%
[GC 4273099K->3851875K(4906688K), 0.0484150 secs]
[GC 4278563K->3852485K(4906688K), 0.0466010 secs]
 INFO  [hz._hzInstance_1_FenixFrameworkGroup.HealthMonitor] {com.hazelcast.util.HealthMonitor} [127.0.0.1]:5709 [FenixFrameworkGroup] 
memory used=3.7G, free=1004.0M, total=4.7G, max=4.7G, used/total=79.05% used/max=79.05%
cpu process-load=8.00%, system-load=37.00%, system-loadaverage=535.00%
[GC 4279173K->3860875K(4906688K), 0.0514710 secs]
 INFO  [hz._hzInstance_1_FenixFrameworkGroup.HealthMonitor] {com.hazelcast.util.HealthMonitor} [127.0.0.1]:5709 [FenixFrameworkGroup] 
memory used=3.9G, free=790.9M, total=4.7G, max=4.7G, used/total=83.49% used/max=83.49%
cpu process-load=7.00%, system-load=33.00%, system-loadaverage=483.00%
[GC 4287563K->3867609K(4906688K), 0.0533890 secs]
[GC 4294297K->3866822K(4906688K), 0.0557980 secs]
 INFO  [hz._hzInstance_1_FenixFrameworkGroup.HealthMonitor] {com.hazelcast.util.HealthMonitor} [127.0.0.1]:5709 [FenixFrameworkGroup] 
memory used=3.7G, free=965.5M, total=4.7G, max=4.7G, used/total=79.85% used/max=79.85%
cpu process-load=8.00%, system-load=32.00%, system-loadaverage=448.00%
[GC 4293510K->3873554K(4906688K), 0.0533850 secs]
 INFO  [hz._hzInstance_1_FenixFrameworkGroup.HealthMonitor] {com.hazelcast.util.HealthMonitor} [127.0.0.1]:5709 [FenixFrameworkGroup] 
memory used=3.9G, free=761.3M, total=4.7G, max=4.7G, used/total=84.11% used/max=84.11%
cpu process-load=7.00%, system-load=30.00%, system-loadaverage=409.00%
[GC 4300242K->3876061K(4906688K), 0.0548830 secs]
[GC 4302749K->3891845K(4906688K), 0.0567640 secs]
 INFO  [hz._hzInstance_1_FenixFrameworkGroup.HealthMonitor] {com.hazelcast.util.HealthMonitor} [127.0.0.1]:5709 [FenixFrameworkGroup] 
memory used=3.8G, free=923.6M, total=4.7G, max=4.7G, used/total=80.72% used/max=80.72%
cpu process-load=8.00%, system-load=31.00%, system-loadaverage=346.00%
[GC 4318533K->3901424K(4906688K), 0.0641340 secs]
 INFO  [hz._hzInstance_1_FenixFrameworkGroup.HealthMonitor] {com.hazelcast.util.HealthMonitor} [127.0.0.1]:5709 [FenixFrameworkGroup] 
memory used=4.0G, free=731.5M, total=4.7G, max=4.7G, used/total=84.73% used/max=84.73%
cpu process-load=7.00%, system-load=29.00%, system-loadaverage=309.00%
[GC 4328112K->3881421K(4906688K), 0.0663380 secs]
[GC 4308109K->3903314K(4906688K), 0.0650290 secs]
 INFO  [hz._hzInstance_1_FenixFrameworkGroup.HealthMonitor] {com.hazelcast.util.HealthMonitor} [127.0.0.1]:5709 [FenixFrameworkGroup] 
memory used=3.8G, free=885.4M, total=4.7G, max=4.7G, used/total=81.52% used/max=81.52%
cpu process-load=8.00%, system-load=32.00%, system-loadaverage=261.00%
[GC 4330002K->3915925K(4906688K), 0.0686070 secs]
 INFO  [hz._hzInstance_1_FenixFrameworkGroup.HealthMonitor] {com.hazelcast.util.HealthMonitor} [127.0.0.1]:5709 [FenixFrameworkGroup] 
memory used=4.1G, free=617.4M, total=4.7G, max=4.7G, used/total=87.11% used/max=87.11%
cpu process-load=8.00%, system-load=33.00%, system-loadaverage=236.00%
[GC 4342613K->3923682K(4906688K), 0.0691980 secs]
[GC 4350370K->3899770K(4906688K), 0.0711550 secs]
 INFO  [hz._hzInstance_1_FenixFrameworkGroup.HealthMonitor] {com.hazelcast.util.HealthMonitor} [127.0.0.1]:5709 [FenixFrameworkGroup] 
memory used=3.9G, free=791.6M, total=4.7G, max=4.7G, used/total=83.48% used/max=83.48%
cpu process-load=8.00%, system-load=33.00%, system-loadaverage=224.00%
[GC 4326458K->3923453K(4906688K), 0.0690730 secs]
[GC 4350141K->3936457K(4906688K), 0.0748290 secs]
 INFO  [hz._hzInstance_1_FenixFrameworkGroup.IO.thread-in-0] {com.hazelcast.nio.TcpIpConnection} [127.0.0.1]:5709 [FenixFrameworkGroup] Connection [Address[127.0.0.1]:5711] lost. Reason: java.io.EOFException[Remote socket closed!]
 INFO  [hz._hzInstance_1_FenixFrameworkGroup.IO.thread-in-2] {com.hazelcast.nio.TcpIpConnection} [127.0.0.1]:5709 [FenixFrameworkGroup] Connection [Address[127.0.0.1]:5712] lost. Reason: java.io.EOFException[Remote socket closed!]
 INFO  [hz._hzInstance_1_FenixFrameworkGroup.IO.thread-in-1] {com.hazelcast.nio.TcpIpConnection} [127.0.0.1]:5709 [FenixFrameworkGroup] Connection [Address[127.0.0.1]:5708] lost. Reason: java.io.EOFException[Remote socket closed!]
 INFO  [hz._hzInstance_1_FenixFrameworkGroup.IO.thread-out-2] {com.hazelcast.nio.TcpIpConnection} [127.0.0.1]:5709 [FenixFrameworkGroup] Connection [Address[127.0.0.1]:5702] lost. Reason: java.io.IOException[Broken pipe]
 WARN  [hz._hzInstance_1_FenixFrameworkGroup.IO.thread-in-0] {com.hazelcast.nio.ReadHandler} [127.0.0.1]:5709 [FenixFrameworkGroup] hz._hzInstance_1_FenixFrameworkGroup.IO.thread-in-0 Closing socket to endpoint Address[127.0.0.1]:5711, Cause:java.io.EOFException: Remote socket closed!
 WARN  [Thread-0] {org.radargun.ShutDownHook} Slave process: unexpected shutdown!
 INFO  [hz._hzInstance_1_FenixFrameworkGroup.IO.thread-in-0] {com.hazelcast.nio.TcpIpConnection} [127.0.0.1]:5709 [FenixFrameworkGroup] Connection [Address[127.0.0.1]:5705] lost. Reason: java.io.EOFException[Remote socket closed!]
 INFO  [hz._hzInstance_1_FenixFrameworkGroup.IO.thread-in-1] {com.hazelcast.nio.TcpIpConnection} [127.0.0.1]:5709 [FenixFrameworkGroup] Connection [Address[127.0.0.1]:5708] lost. Reason: java.io.EOFException[Remote socket closed!]
 INFO  [hz._hzInstance_1_FenixFrameworkGroup.IO.thread-in-2] {com.hazelcast.nio.TcpIpConnection} [127.0.0.1]:5709 [FenixFrameworkGroup] Connection [Address[127.0.0.1]:5712] lost. Reason: java.io.EOFException[Remote socket closed!]
 INFO  [hz._hzInstance_1_FenixFrameworkGroup.IO.thread-in-1] {com.hazelcast.nio.TcpIpConnection} [127.0.0.1]:5709 [FenixFrameworkGroup] Connection [Address[127.0.0.1]:5701] lost. Reason: java.io.EOFException[Remote socket closed!]
 INFO  [hz._hzInstance_1_FenixFrameworkGroup.IO.thread-in-0] {com.hazelcast.nio.TcpIpConnection} [127.0.0.1]:5709 [FenixFrameworkGroup] Connection [Address[127.0.0.1]:5710] lost. Reason: java.io.EOFException[Remote socket closed!]
 INFO  [hz._hzInstance_1_FenixFrameworkGroup.cached.thread-12] {com.hazelcast.nio.SocketConnector} [127.0.0.1]:5709 [FenixFrameworkGroup] Connecting to /127.0.0.1:5702, timeout: 0, bind-any: true
 INFO  [hz._hzInstance_1_FenixFrameworkGroup.IO.thread-in-2] {com.hazelcast.nio.TcpIpConnection} [127.0.0.1]:5709 [FenixFrameworkGroup] Connection [Address[127.0.0.1]:5711] lost. Reason: java.io.EOFException[Remote socket closed!]
 INFO  [hz._hzInstance_1_FenixFrameworkGroup.IO.thread-in-1] {com.hazelcast.nio.TcpIpConnection} [127.0.0.1]:5709 [FenixFrameworkGroup] Connection [Address[127.0.0.1]:5710] lost. Reason: java.io.EOFException[Remote socket closed!]
 INFO  [hz._hzInstance_1_FenixFrameworkGroup.IO.thread-in-2] {com.hazelcast.nio.TcpIpConnection} [127.0.0.1]:5709 [FenixFrameworkGroup] Connection [Address[127.0.0.1]:5705] lost. Reason: java.io.EOFException[Remote socket closed!]
 INFO  [hz._hzInstance_1_FenixFrameworkGroup.IO.thread-in-0] {com.hazelcast.nio.TcpIpConnection} [127.0.0.1]:5709 [FenixFrameworkGroup] Connection [Address[127.0.0.1]:5707] lost. Reason: java.io.EOFException[Remote socket closed!]
 INFO  [hz._hzInstance_1_FenixFrameworkGroup.IO.thread-in-2] {com.hazelcast.nio.TcpIpConnection} [127.0.0.1]:5709 [FenixFrameworkGroup] Connection [Address[127.0.0.1]:5704] lost. Reason: java.io.EOFException[Remote socket closed!]
 INFO  [hz._hzInstance_1_FenixFrameworkGroup.IO.thread-in-1] {com.hazelcast.nio.TcpIpConnection} [127.0.0.1]:5709 [FenixFrameworkGroup] Connection [Address[127.0.0.1]:5707] lost. Reason: java.io.EOFException[Remote socket closed!]
 INFO  [hz._hzInstance_1_FenixFrameworkGroup.IO.thread-in-0] {com.hazelcast.nio.TcpIpConnection} [127.0.0.1]:5709 [FenixFrameworkGroup] Connection [Address[127.0.0.1]:5706] lost. Reason: java.io.EOFException[Remote socket closed!]
 INFO  [hz._hzInstance_1_FenixFrameworkGroup.cached.thread-12] {com.hazelcast.nio.SocketConnector} [127.0.0.1]:5709 [FenixFrameworkGroup] Could not connect to: /127.0.0.1:5702. Reason: SocketException[Connection refused to address /127.0.0.1:5702]
 INFO  [hz._hzInstance_1_FenixFrameworkGroup.IO.thread-in-0] {com.hazelcast.nio.TcpIpConnection} [127.0.0.1]:5709 [FenixFrameworkGroup] Connection [Address[127.0.0.1]:5703] lost. Reason: java.io.EOFException[Remote socket closed!]
 INFO  [hz._hzInstance_1_FenixFrameworkGroup.IO.thread-in-1] {com.hazelcast.nio.TcpIpConnection} [127.0.0.1]:5709 [FenixFrameworkGroup] Connection [Address[127.0.0.1]:5704] lost. Reason: java.io.EOFException[Remote socket closed!]
 INFO  [hz.ShutdownThread] {com.hazelcast.initializer} [127.0.0.1]:5709 [FenixFrameworkGroup] Destroying node initializer.
 INFO  [hz.ShutdownThread] {com.hazelcast.instance.Node} [127.0.0.1]:5709 [FenixFrameworkGroup] Hazelcast Shutdown is completed in 57 ms.
