/usr/java/jdk1.7.0_21/bin/java -server -Xmx1024M -Xms1024M -Dresolve.dns=false -Djgroups.timer.num_threads=4 -verbose:gc -Xmx5000M -Xms3000M -server -XX:+UseConcMarkSweepGC -XX:+AggressiveOpts -verbose:gc -XX:ParallelGCThreads=4 -XX:NewRatio=5 -XX:SurvivorRatio=2 -Dhazelcast.operation.thread.count=4 -Djava.net.preferIPv4Stack=true -Dlog4j.file.prefix=deimos-esw-13093 -Dbind.address= -Djgroups.bind_addr= -classpath /home/smf/github/radargun/target/distribution/RadarGun-1.1.0-SNAPSHOT/lib/activation-1.1.jar:/home/smf/github/radargun/target/distribution/RadarGun-1.1.0-SNAPSHOT/lib/commons-beanutils-1.8.0.jar:/home/smf/github/radargun/target/distribution/RadarGun-1.1.0-SNAPSHOT/lib/commons-digester-2.0.jar:/home/smf/github/radargun/target/distribution/RadarGun-1.1.0-SNAPSHOT/lib/commons-logging-1.1.1.jar:/home/smf/github/radargun/target/distribution/RadarGun-1.1.0-SNAPSHOT/lib/commons-math-1.2.jar:/home/smf/github/radargun/target/distribution/RadarGun-1.1.0-SNAPSHOT/lib/jboss-transaction-api-1.0.1.GA.jar:/home/smf/github/radargun/target/distribution/RadarGun-1.1.0-SNAPSHOT/lib/jcommon-1.0.15.jar:/home/smf/github/radargun/target/distribution/RadarGun-1.1.0-SNAPSHOT/lib/jfreechart-1.0.12.jar:/home/smf/github/radargun/target/distribution/RadarGun-1.1.0-SNAPSHOT/lib/log4j-1.2.14.jar:/home/smf/github/radargun/target/distribution/RadarGun-1.1.0-SNAPSHOT/lib/mail-1.4.2.jar:/home/smf/github/radargun/target/distribution/RadarGun-1.1.0-SNAPSHOT/lib/radargun-framework-1.1.0-SNAPSHOT.jar:/home/smf/github/radargun/target/distribution/RadarGun-1.1.0-SNAPSHOT/conf org.radargun.Slave -master 127.0.0.1:2103
--------------------------------------------------------------------------------
PerNodeRollingFileAppender::Using file prefix:deimos-esw-13093
 INFO  [main] {org.radargun.Slave} Attempting to connect to master 127.0.0.1:2103
 INFO  [main] {org.radargun.Slave} Successfully established connection with master at: 127.0.0.1:2103
Loading JARS from /home/smf/github/radargun/target/distribution/RadarGun-1.1.0-SNAPSHOT/lib/radargun-framework-1.1.0-SNAPSHOT.jar
 INFO  [pool-1-thread-1] {org.radargun.config.AnnotatedHelper} Loading JARS from /home/smf/github/radargun/target/distribution/RadarGun-1.1.0-SNAPSHOT/lib/radargun-framework-1.1.0-SNAPSHOT.jar
 INFO  [pool-1-thread-1] {org.radargun.config.AnnotatedHelper} Loading JARS from /home/smf/github/radargun/target/distribution/RadarGun-1.1.0-SNAPSHOT/lib/radargun-framework-1.1.0-SNAPSHOT.jar
 INFO  [pool-1-thread-1] {org.radargun.Slave} Executing stage: DestroyWrapper {enforceMemoryThrashHold=true, exitBenchmarkOnSlaveFailure=false, heapDumpDir=null, memoryThreshold=95, runOnAllSlaves=true, slaves=null, useSmartClassLoading=true }
 INFO  [pool-1-thread-1] {org.radargun.stages.DestroyWrapperStage} Received destroy cache wrapper request from master...
 INFO  [pool-1-thread-1] {org.radargun.stages.DestroyWrapperStage} No cache wrapper deployed on this slave, nothing to do.
 INFO  [pool-1-thread-1] {org.radargun.stages.DestroyWrapperStage} Before executing clear, memory looks like this: Memory - free: 2,928,638 kb - max:4,906,688 kb- total:2,944,000 kb
[Full GC 15361K->3631K(2944000K), 0.0661580 secs]
 INFO  [pool-1-thread-1] {org.radargun.stages.DestroyWrapperStage} After executing cleanup, memory looks like this: Memory - free: 2,935,311 kb - max:4,906,688 kb- total:2,944,064 kb
 INFO  [pool-1-thread-1] {org.radargun.Slave} Finished stage: DestroyWrapper {enforceMemoryThrashHold=true, exitBenchmarkOnSlaveFailure=false, heapDumpDir=null, memoryThreshold=95, runOnAllSlaves=true, slaves=null, useSmartClassLoading=true }
 INFO  [main] {org.radargun.Slave} Ack successfully sent to the master
 INFO  [pool-1-thread-1] {org.radargun.Slave} Executing stage: StartCluster {config=hzl3-repl-sync.xml, delayAfterFirstSlaveStarts=5.000 secs, delayBetweenStartingSlaves=0.500 secs, exitBenchmarkOnSlaveFailure=true, expectNumSlaves=null, mayFailOn=null, reachable=null, runOnAllSlaves=false, slaves=null, staggerSlaveStartup=true, useSmartClassLoading=true, validateCluster=true }
 INFO  [pool-1-thread-1] {org.radargun.stages.StartClusterStage}  Startup staggering, starting 12 slaves. This is the slave with index 7. Sleeping for 8500 millis.
 INFO  [pool-1-thread-1] {org.radargun.stages.StartClusterStage} Ack master's StartCluster stage. Local address is: /127.0.0.1. This slave's index is: 7
 INFO  [pool-1-thread-1] {org.radargun.utils.ClassLoadHelper} Creating newInstance org.radargun.cachewrappers.FFWrapper with classloader java.net.URLClassLoader@3bbce0d6
 INFO  [pool-1-thread-1] {org.radargun.cachewrappers.FFWrapper} config=hzl3-repl-sync.xml, isLocal=false, nodeIndex=7, confAttributes={name=hzl3-repl-sync.xml, decorate=hazelcast3}
 INFO  [pool-1-thread-1] {org.radargun.cachewrappers.FFWrapper} Found fenix framework config options in 'rg-fenix-framework-config-options.properties'.
 INFO  [pool-1-thread-1] {org.radargun.cachewrappers.FFWrapper} Setting extra config properties for Fenix Framework.
 INFO  [pool-1-thread-1] {org.radargun.cachewrappers.FFWrapper} Will initialize Fenix Framework with RadarGunDataGridConfig
 TRACE [pool-1-thread-1] {pt.ist.fenixframework.FenixFramework} Static initializer block for FenixFramework class [BEGIN]
 INFO  [pool-1-thread-1] {pt.ist.fenixframework.FenixFramework} Trying auto-initialization with configuration by convention
 INFO  [pool-1-thread-1] {pt.ist.fenixframework.FenixFramework} Resource 'fenix-framework.properties' not found
 DEBUG [pool-1-thread-1] {pt.ist.fenixframework.FenixFramework} Fenix Framework properties after reading default config file:{}
 DEBUG [pool-1-thread-1] {pt.ist.fenixframework.FenixFramework} CurrentBackEndName = jvstm-datagrid
 INFO  [pool-1-thread-1] {pt.ist.fenixframework.FenixFramework} Resource 'fenix-framework-jvstm-datagrid.properties' not found
 DEBUG [pool-1-thread-1] {pt.ist.fenixframework.FenixFramework} Fenix Framework properties after reading backend config file:{}
 DEBUG [pool-1-thread-1] {pt.ist.fenixframework.FenixFramework} Fenix Framework properties after enforcing system properties:{}
 INFO  [pool-1-thread-1] {pt.ist.fenixframework.FenixFramework} Skipping configuration by convention.
 TRACE [pool-1-thread-1] {pt.ist.fenixframework.FenixFramework} Static initializer block for FenixFramework class [END]
 INFO  [pool-1-thread-1] {pt.ist.fenixframework.FenixFramework} Initializing Fenix Framework with config.class=pt.ist.fenixframework.backend.jvstm.datagrid.radargun.RadarGunDataGridConfig
 INFO  [pool-1-thread-1] {pt.ist.fenixframework.backend.jvstm.cluster.JvstmClusterBackEnd} initializeGroupCommunication()
 INFO  [pool-1-thread-1] {com.hazelcast.config.ClasspathXmlConfig} Configuring Hazelcast from 'hazelcast-ff.xml'.
 INFO  [pool-1-thread-1] {com.hazelcast.instance.DefaultAddressPicker} Interfaces is disabled, trying to pick one address from TCP-IP config addresses: [127.0.0.1]
 INFO  [pool-1-thread-1] {com.hazelcast.instance.DefaultAddressPicker} Picked Address[127.0.0.1]:5709, using socket ServerSocket[addr=/0.0.0.0,localport=5709], bind any local is true
 INFO  [pool-1-thread-1] {com.hazelcast.system} [127.0.0.1]:5709 [FenixFrameworkGroup] Hazelcast Community Edition 3.0.2 (20130906) starting at Address[127.0.0.1]:5709
 INFO  [pool-1-thread-1] {com.hazelcast.system} [127.0.0.1]:5709 [FenixFrameworkGroup] Copyright (C) 2008-2013 Hazelcast.com
 INFO  [pool-1-thread-1] {com.hazelcast.instance.Node} [127.0.0.1]:5709 [FenixFrameworkGroup] Creating MulticastJoiner
 INFO  [pool-1-thread-1] {com.hazelcast.core.LifecycleService} [127.0.0.1]:5709 [FenixFrameworkGroup] Address[127.0.0.1]:5709 is STARTING
 INFO  [pool-1-thread-1] {com.hazelcast.cluster.TcpIpJoiner} [127.0.0.1]:5709 [FenixFrameworkGroup] Connecting to possible member: Address[127.0.0.1]:5703
 INFO  [pool-1-thread-1] {com.hazelcast.cluster.TcpIpJoiner} [127.0.0.1]:5709 [FenixFrameworkGroup] Connecting to possible member: Address[127.0.0.1]:5702
 INFO  [pool-1-thread-1] {com.hazelcast.cluster.TcpIpJoiner} [127.0.0.1]:5709 [FenixFrameworkGroup] Connecting to possible member: Address[127.0.0.1]:5701
 INFO  [hz._hzInstance_1_FenixFrameworkGroup.cached.thread-2] {com.hazelcast.nio.SocketConnector} [127.0.0.1]:5709 [FenixFrameworkGroup] Connecting to /127.0.0.1:5703, timeout: 0, bind-any: true
 INFO  [hz._hzInstance_1_FenixFrameworkGroup.cached.thread-1] {com.hazelcast.nio.SocketConnector} [127.0.0.1]:5709 [FenixFrameworkGroup] Connecting to /127.0.0.1:5701, timeout: 0, bind-any: true
 INFO  [hz._hzInstance_1_FenixFrameworkGroup.cached.thread-3] {com.hazelcast.nio.SocketConnector} [127.0.0.1]:5709 [FenixFrameworkGroup] Connecting to /127.0.0.1:5702, timeout: 0, bind-any: true
 INFO  [hz._hzInstance_1_FenixFrameworkGroup.cached.thread-2] {com.hazelcast.nio.TcpIpConnectionManager} [127.0.0.1]:5709 [FenixFrameworkGroup] 37360 accepted socket connection from /127.0.0.1:5703
 INFO  [hz._hzInstance_1_FenixFrameworkGroup.cached.thread-3] {com.hazelcast.nio.TcpIpConnectionManager} [127.0.0.1]:5709 [FenixFrameworkGroup] 53917 accepted socket connection from /127.0.0.1:5702
 INFO  [hz._hzInstance_1_FenixFrameworkGroup.cached.thread-1] {com.hazelcast.nio.TcpIpConnectionManager} [127.0.0.1]:5709 [FenixFrameworkGroup] 52564 accepted socket connection from /127.0.0.1:5701
 INFO  [hz._hzInstance_1_FenixFrameworkGroup.IO.thread-in-1] {com.hazelcast.nio.TcpIpConnection} [127.0.0.1]:5709 [FenixFrameworkGroup] Connection [Address[127.0.0.1]:5702] lost. Reason: java.io.EOFException[Remote socket closed!]
 WARN  [hz._hzInstance_1_FenixFrameworkGroup.IO.thread-in-1] {com.hazelcast.nio.ReadHandler} [127.0.0.1]:5709 [FenixFrameworkGroup] hz._hzInstance_1_FenixFrameworkGroup.IO.thread-in-1 Closing socket to endpoint Address[127.0.0.1]:5702, Cause:java.io.EOFException: Remote socket closed!
 INFO  [hz._hzInstance_1_FenixFrameworkGroup.cached.thread-3] {com.hazelcast.cluster.ClusterService} [127.0.0.1]:5709 [FenixFrameworkGroup] 

Members [12] {
	Member [127.0.0.1]:5701
	Member [127.0.0.1]:5703
	Member [127.0.0.1]:5704
	Member [127.0.0.1]:5705
	Member [127.0.0.1]:5706
	Member [127.0.0.1]:5707
	Member [127.0.0.1]:5708
	Member [127.0.0.1]:5709 this
	Member [127.0.0.1]:5710
	Member [127.0.0.1]:5711
	Member [127.0.0.1]:5712
	Member [127.0.0.1]:5713
}

 INFO  [hz._hzInstance_1_FenixFrameworkGroup.IO.thread-Acceptor] {com.hazelcast.nio.SocketAcceptor} [127.0.0.1]:5709 [FenixFrameworkGroup] Accepting socket connection from /127.0.0.1:54948
 INFO  [hz._hzInstance_1_FenixFrameworkGroup.IO.thread-Acceptor] {com.hazelcast.nio.TcpIpConnectionManager} [127.0.0.1]:5709 [FenixFrameworkGroup] 5709 accepted socket connection from /127.0.0.1:54948
 INFO  [hz._hzInstance_1_FenixFrameworkGroup.IO.thread-Acceptor] {com.hazelcast.nio.SocketAcceptor} [127.0.0.1]:5709 [FenixFrameworkGroup] Accepting socket connection from /127.0.0.1:48911
 INFO  [hz._hzInstance_1_FenixFrameworkGroup.IO.thread-Acceptor] {com.hazelcast.nio.TcpIpConnectionManager} [127.0.0.1]:5709 [FenixFrameworkGroup] 5709 accepted socket connection from /127.0.0.1:48911
 INFO  [hz._hzInstance_1_FenixFrameworkGroup.cached.thread-10] {com.hazelcast.nio.SocketConnector} [127.0.0.1]:5709 [FenixFrameworkGroup] Connecting to /127.0.0.1:5705, timeout: 0, bind-any: true
 INFO  [hz._hzInstance_1_FenixFrameworkGroup.cached.thread-2] {com.hazelcast.nio.SocketConnector} [127.0.0.1]:5709 [FenixFrameworkGroup] Connecting to /127.0.0.1:5707, timeout: 0, bind-any: true
 INFO  [hz._hzInstance_1_FenixFrameworkGroup.cached.thread-10] {com.hazelcast.nio.TcpIpConnectionManager} [127.0.0.1]:5709 [FenixFrameworkGroup] 56149 accepted socket connection from /127.0.0.1:5705
 INFO  [hz._hzInstance_1_FenixFrameworkGroup.cached.thread-6] {com.hazelcast.nio.SocketConnector} [127.0.0.1]:5709 [FenixFrameworkGroup] Connecting to /127.0.0.1:5706, timeout: 0, bind-any: true
 INFO  [hz._hzInstance_1_FenixFrameworkGroup.cached.thread-8] {com.hazelcast.nio.SocketConnector} [127.0.0.1]:5709 [FenixFrameworkGroup] Connecting to /127.0.0.1:5708, timeout: 0, bind-any: true
 INFO  [hz._hzInstance_1_FenixFrameworkGroup.cached.thread-1] {com.hazelcast.nio.SocketConnector} [127.0.0.1]:5709 [FenixFrameworkGroup] Connecting to /127.0.0.1:5711, timeout: 0, bind-any: true
 INFO  [hz._hzInstance_1_FenixFrameworkGroup.cached.thread-2] {com.hazelcast.nio.TcpIpConnectionManager} [127.0.0.1]:5709 [FenixFrameworkGroup] 36368 accepted socket connection from /127.0.0.1:5707
 INFO  [hz._hzInstance_1_FenixFrameworkGroup.cached.thread-6] {com.hazelcast.nio.TcpIpConnectionManager} [127.0.0.1]:5709 [FenixFrameworkGroup] 46838 accepted socket connection from /127.0.0.1:5706
 INFO  [hz._hzInstance_1_FenixFrameworkGroup.cached.thread-10] {com.hazelcast.nio.SocketConnector} [127.0.0.1]:5709 [FenixFrameworkGroup] Connecting to /127.0.0.1:5712, timeout: 0, bind-any: true
 INFO  [hz._hzInstance_1_FenixFrameworkGroup.IO.thread-Acceptor] {com.hazelcast.nio.SocketAcceptor} [127.0.0.1]:5709 [FenixFrameworkGroup] Accepting socket connection from /127.0.0.1:47110
 INFO  [hz._hzInstance_1_FenixFrameworkGroup.cached.thread-1] {com.hazelcast.nio.TcpIpConnectionManager} [127.0.0.1]:5709 [FenixFrameworkGroup] 56354 accepted socket connection from /127.0.0.1:5711
 INFO  [hz._hzInstance_1_FenixFrameworkGroup.cached.thread-10] {com.hazelcast.nio.TcpIpConnectionManager} [127.0.0.1]:5709 [FenixFrameworkGroup] 42256 accepted socket connection from /127.0.0.1:5712
 INFO  [hz._hzInstance_1_FenixFrameworkGroup.IO.thread-Acceptor] {com.hazelcast.nio.TcpIpConnectionManager} [127.0.0.1]:5709 [FenixFrameworkGroup] 5709 accepted socket connection from /127.0.0.1:47110
 INFO  [hz._hzInstance_1_FenixFrameworkGroup.cached.thread-4] {com.hazelcast.nio.SocketConnector} [127.0.0.1]:5709 [FenixFrameworkGroup] Connecting to /127.0.0.1:5710, timeout: 0, bind-any: true
 INFO  [hz._hzInstance_1_FenixFrameworkGroup.cached.thread-4] {com.hazelcast.nio.TcpIpConnectionManager} [127.0.0.1]:5709 [FenixFrameworkGroup] 33799 accepted socket connection from /127.0.0.1:5710
 INFO  [hz._hzInstance_1_FenixFrameworkGroup.IO.thread-Acceptor] {com.hazelcast.nio.SocketAcceptor} [127.0.0.1]:5709 [FenixFrameworkGroup] Accepting socket connection from /127.0.0.1:41924
 INFO  [hz._hzInstance_1_FenixFrameworkGroup.cached.thread-8] {com.hazelcast.nio.TcpIpConnectionManager} [127.0.0.1]:5709 [FenixFrameworkGroup] 34120 accepted socket connection from /127.0.0.1:5708
 INFO  [hz._hzInstance_1_FenixFrameworkGroup.cached.thread-7] {com.hazelcast.nio.SocketConnector} [127.0.0.1]:5709 [FenixFrameworkGroup] Connecting to /127.0.0.1:5713, timeout: 0, bind-any: true
 INFO  [hz._hzInstance_1_FenixFrameworkGroup.IO.thread-Acceptor] {com.hazelcast.nio.TcpIpConnectionManager} [127.0.0.1]:5709 [FenixFrameworkGroup] 5709 accepted socket connection from /127.0.0.1:41924
 INFO  [hz._hzInstance_1_FenixFrameworkGroup.cached.thread-7] {com.hazelcast.nio.TcpIpConnectionManager} [127.0.0.1]:5709 [FenixFrameworkGroup] 39833 accepted socket connection from /127.0.0.1:5713
 INFO  [hz._hzInstance_1_FenixFrameworkGroup.IO.thread-Acceptor] {com.hazelcast.nio.SocketAcceptor} [127.0.0.1]:5709 [FenixFrameworkGroup] Accepting socket connection from /127.0.0.1:58717
 INFO  [hz._hzInstance_1_FenixFrameworkGroup.IO.thread-Acceptor] {com.hazelcast.nio.TcpIpConnectionManager} [127.0.0.1]:5709 [FenixFrameworkGroup] 5709 accepted socket connection from /127.0.0.1:58717
 INFO  [hz._hzInstance_1_FenixFrameworkGroup.IO.thread-Acceptor] {com.hazelcast.nio.SocketAcceptor} [127.0.0.1]:5709 [FenixFrameworkGroup] Accepting socket connection from /127.0.0.1:52385
 INFO  [hz._hzInstance_1_FenixFrameworkGroup.IO.thread-Acceptor] {com.hazelcast.nio.TcpIpConnectionManager} [127.0.0.1]:5709 [FenixFrameworkGroup] 5709 accepted socket connection from /127.0.0.1:52385
 INFO  [hz._hzInstance_1_FenixFrameworkGroup.IO.thread-Acceptor] {com.hazelcast.nio.SocketAcceptor} [127.0.0.1]:5709 [FenixFrameworkGroup] Accepting socket connection from /127.0.0.1:53526
 INFO  [hz._hzInstance_1_FenixFrameworkGroup.IO.thread-Acceptor] {com.hazelcast.nio.TcpIpConnectionManager} [127.0.0.1]:5709 [FenixFrameworkGroup] 5709 accepted socket connection from /127.0.0.1:53526
 INFO  [pool-1-thread-1] {com.hazelcast.core.LifecycleService} [127.0.0.1]:5709 [FenixFrameworkGroup] Address[127.0.0.1]:5709 is STARTED
 INFO  [pool-1-thread-1] {pt.ist.fenixframework.backend.jvstm.cluster.ClusterUtils} Got (long) serverId: 6
 INFO  [pool-1-thread-1] {pt.ist.fenixframework.backend.jvstm.cluster.JvstmClusterBackEnd} This is NOT the first node.
 INFO  [pool-1-thread-1] {pt.ist.fenixframework.backend.jvstm.cluster.ClusterUtils} Waiting for startup from first node
 INFO  [pool-1-thread-1] {pt.ist.fenixframework.backend.jvstm.JVSTMBackEnd} initializeRepository()
 INFO  [pool-1-thread-1] {pt.ist.fenixframework.backend.jvstm.datagrid.radargun.DataGridDecorator} config=hzl3-repl-sync.xml, isLocal=false, nodeIndex=7, confAttributes={name=hzl3-repl-sync.xml}
 INFO  [pool-1-thread-1] {org.radargun.cachewrappers.Hazelcast3Wrapper} Creating cache with the following configuration: hzl3-repl-sync.xml
 INFO  [pool-1-thread-1] {com.hazelcast.instance.DefaultAddressPicker} Interfaces is disabled, trying to pick one address from TCP-IP config addresses: [127.0.0.1]
 INFO  [pool-1-thread-1] {com.hazelcast.instance.DefaultAddressPicker} Picked Address[127.0.0.1]:5719, using socket ServerSocket[addr=/0.0.0.0,localport=5719], bind any local is true
 INFO  [pool-1-thread-1] {com.hazelcast.system} [127.0.0.1]:5719 [dev] Hazelcast Community Edition 3.0.2 (20130906) starting at Address[127.0.0.1]:5719
 INFO  [pool-1-thread-1] {com.hazelcast.system} [127.0.0.1]:5719 [dev] Copyright (C) 2008-2013 Hazelcast.com
 INFO  [pool-1-thread-1] {com.hazelcast.instance.Node} [127.0.0.1]:5719 [dev] Creating MulticastJoiner
 INFO  [pool-1-thread-1] {com.hazelcast.core.LifecycleService} [127.0.0.1]:5719 [dev] Address[127.0.0.1]:5719 is STARTING
 INFO  [pool-1-thread-1] {com.hazelcast.cluster.TcpIpJoiner} [127.0.0.1]:5719 [dev] Connecting to possible member: Address[127.0.0.1]:5703
 INFO  [pool-1-thread-1] {com.hazelcast.cluster.TcpIpJoiner} [127.0.0.1]:5719 [dev] Connecting to possible member: Address[127.0.0.1]:5702
 INFO  [pool-1-thread-1] {com.hazelcast.cluster.TcpIpJoiner} [127.0.0.1]:5719 [dev] Connecting to possible member: Address[127.0.0.1]:5701
 INFO  [hz._hzInstance_2_dev.cached.thread-3] {com.hazelcast.nio.SocketConnector} [127.0.0.1]:5719 [dev] Connecting to /127.0.0.1:5703, timeout: 0, bind-any: true
 INFO  [hz._hzInstance_2_dev.cached.thread-3] {com.hazelcast.nio.TcpIpConnectionManager} [127.0.0.1]:5719 [dev] 45675 accepted socket connection from /127.0.0.1:5703
 INFO  [hz._hzInstance_2_dev.cached.thread-2] {com.hazelcast.nio.SocketConnector} [127.0.0.1]:5719 [dev] Connecting to /127.0.0.1:5702, timeout: 0, bind-any: true
 INFO  [hz._hzInstance_2_dev.cached.thread-1] {com.hazelcast.nio.SocketConnector} [127.0.0.1]:5719 [dev] Connecting to /127.0.0.1:5701, timeout: 0, bind-any: true
 INFO  [hz._hzInstance_2_dev.cached.thread-2] {com.hazelcast.nio.TcpIpConnectionManager} [127.0.0.1]:5719 [dev] 34191 accepted socket connection from /127.0.0.1:5702
 INFO  [hz._hzInstance_2_dev.cached.thread-1] {com.hazelcast.nio.TcpIpConnectionManager} [127.0.0.1]:5719 [dev] 48556 accepted socket connection from /127.0.0.1:5701
[GC 259695K->11262K(2944064K), 0.0397290 secs]
 INFO  [hz._hzInstance_2_dev.IO.thread-in-0] {com.hazelcast.nio.TcpIpConnection} [127.0.0.1]:5719 [dev] Connection [Address[127.0.0.1]:5703] lost. Reason: java.io.EOFException[Remote socket closed!]
 INFO  [hz._hzInstance_2_dev.IO.thread-in-2] {com.hazelcast.nio.TcpIpConnection} [127.0.0.1]:5719 [dev] Connection [Address[127.0.0.1]:5701] lost. Reason: java.io.EOFException[Remote socket closed!]
 WARN  [hz._hzInstance_2_dev.IO.thread-in-0] {com.hazelcast.nio.ReadHandler} [127.0.0.1]:5719 [dev] hz._hzInstance_2_dev.IO.thread-in-0 Closing socket to endpoint Address[127.0.0.1]:5703, Cause:java.io.EOFException: Remote socket closed!
 WARN  [hz._hzInstance_2_dev.IO.thread-in-2] {com.hazelcast.nio.ReadHandler} [127.0.0.1]:5719 [dev] hz._hzInstance_2_dev.IO.thread-in-2 Closing socket to endpoint Address[127.0.0.1]:5701, Cause:java.io.EOFException: Remote socket closed!
 INFO  [hz._hzInstance_2_dev.cached.thread-3] {com.hazelcast.cluster.ClusterService} [127.0.0.1]:5719 [dev] 

Members [12] {
	Member [127.0.0.1]:5702
	Member [127.0.0.1]:5714
	Member [127.0.0.1]:5715
	Member [127.0.0.1]:5716
	Member [127.0.0.1]:5717
	Member [127.0.0.1]:5718
	Member [127.0.0.1]:5719 this
	Member [127.0.0.1]:5720
	Member [127.0.0.1]:5721
	Member [127.0.0.1]:5722
	Member [127.0.0.1]:5723
	Member [127.0.0.1]:5724
}

 INFO  [hz._hzInstance_2_dev.cached.thread-9] {com.hazelcast.nio.SocketConnector} [127.0.0.1]:5719 [dev] Connecting to /127.0.0.1:5714, timeout: 0, bind-any: true
 INFO  [hz._hzInstance_2_dev.cached.thread-10] {com.hazelcast.nio.SocketConnector} [127.0.0.1]:5719 [dev] Connecting to /127.0.0.1:5715, timeout: 0, bind-any: true
 INFO  [hz._hzInstance_2_dev.cached.thread-9] {com.hazelcast.nio.TcpIpConnectionManager} [127.0.0.1]:5719 [dev] 34339 accepted socket connection from /127.0.0.1:5714
 INFO  [hz._hzInstance_2_dev.cached.thread-7] {com.hazelcast.nio.SocketConnector} [127.0.0.1]:5719 [dev] Connecting to /127.0.0.1:5717, timeout: 0, bind-any: true
 INFO  [hz._hzInstance_2_dev.cached.thread-10] {com.hazelcast.nio.TcpIpConnectionManager} [127.0.0.1]:5719 [dev] 34680 accepted socket connection from /127.0.0.1:5715
 INFO  [hz._hzInstance_2_dev.cached.thread-11] {com.hazelcast.nio.SocketConnector} [127.0.0.1]:5719 [dev] Connecting to /127.0.0.1:5721, timeout: 0, bind-any: true
 INFO  [hz._hzInstance_2_dev.cached.thread-9] {com.hazelcast.nio.SocketConnector} [127.0.0.1]:5719 [dev] Connecting to /127.0.0.1:5720, timeout: 0, bind-any: true
 INFO  [hz._hzInstance_2_dev.cached.thread-6] {com.hazelcast.nio.SocketConnector} [127.0.0.1]:5719 [dev] Connecting to /127.0.0.1:5718, timeout: 0, bind-any: true
 INFO  [hz._hzInstance_2_dev.cached.thread-7] {com.hazelcast.nio.TcpIpConnectionManager} [127.0.0.1]:5719 [dev] 41816 accepted socket connection from /127.0.0.1:5717
 INFO  [hz._hzInstance_2_dev.cached.thread-6] {com.hazelcast.nio.TcpIpConnectionManager} [127.0.0.1]:5719 [dev] 53240 accepted socket connection from /127.0.0.1:5718
 INFO  [hz._hzInstance_2_dev.cached.thread-10] {com.hazelcast.nio.SocketConnector} [127.0.0.1]:5719 [dev] Connecting to /127.0.0.1:5722, timeout: 0, bind-any: true
 INFO  [hz._hzInstance_2_dev.cached.thread-11] {com.hazelcast.nio.TcpIpConnectionManager} [127.0.0.1]:5719 [dev] 49413 accepted socket connection from /127.0.0.1:5721
 INFO  [hz._hzInstance_2_dev.cached.thread-8] {com.hazelcast.nio.SocketConnector} [127.0.0.1]:5719 [dev] Connecting to /127.0.0.1:5716, timeout: 0, bind-any: true
 INFO  [hz._hzInstance_2_dev.IO.thread-Acceptor] {com.hazelcast.nio.SocketAcceptor} [127.0.0.1]:5719 [dev] Accepting socket connection from /127.0.0.1:53314
 INFO  [hz._hzInstance_2_dev.cached.thread-4] {com.hazelcast.nio.SocketConnector} [127.0.0.1]:5719 [dev] Connecting to /127.0.0.1:5724, timeout: 0, bind-any: true
 INFO  [hz._hzInstance_2_dev.cached.thread-9] {com.hazelcast.nio.TcpIpConnectionManager} [127.0.0.1]:5719 [dev] 40899 accepted socket connection from /127.0.0.1:5720
 INFO  [hz._hzInstance_2_dev.cached.thread-2] {com.hazelcast.nio.SocketConnector} [127.0.0.1]:5719 [dev] Connecting to /127.0.0.1:5723, timeout: 0, bind-any: true
 INFO  [hz._hzInstance_2_dev.cached.thread-4] {com.hazelcast.nio.TcpIpConnectionManager} [127.0.0.1]:5719 [dev] 54430 accepted socket connection from /127.0.0.1:5724
 INFO  [hz._hzInstance_2_dev.IO.thread-Acceptor] {com.hazelcast.nio.TcpIpConnectionManager} [127.0.0.1]:5719 [dev] 5719 accepted socket connection from /127.0.0.1:53314
 INFO  [hz._hzInstance_2_dev.cached.thread-8] {com.hazelcast.nio.TcpIpConnectionManager} [127.0.0.1]:5719 [dev] 49516 accepted socket connection from /127.0.0.1:5716
 INFO  [hz._hzInstance_2_dev.cached.thread-10] {com.hazelcast.nio.TcpIpConnectionManager} [127.0.0.1]:5719 [dev] 44148 accepted socket connection from /127.0.0.1:5722
 INFO  [hz._hzInstance_2_dev.IO.thread-Acceptor] {com.hazelcast.nio.SocketAcceptor} [127.0.0.1]:5719 [dev] Accepting socket connection from /127.0.0.1:42571
 INFO  [hz._hzInstance_2_dev.IO.thread-Acceptor] {com.hazelcast.nio.TcpIpConnectionManager} [127.0.0.1]:5719 [dev] 5719 accepted socket connection from /127.0.0.1:42571
 INFO  [hz._hzInstance_2_dev.cached.thread-2] {com.hazelcast.nio.TcpIpConnectionManager} [127.0.0.1]:5719 [dev] 46680 accepted socket connection from /127.0.0.1:5723
 INFO  [hz._hzInstance_2_dev.IO.thread-Acceptor] {com.hazelcast.nio.SocketAcceptor} [127.0.0.1]:5719 [dev] Accepting socket connection from /127.0.0.1:35346
 INFO  [hz._hzInstance_2_dev.IO.thread-Acceptor] {com.hazelcast.nio.TcpIpConnectionManager} [127.0.0.1]:5719 [dev] 5719 accepted socket connection from /127.0.0.1:35346
 INFO  [hz._hzInstance_2_dev.IO.thread-Acceptor] {com.hazelcast.nio.SocketAcceptor} [127.0.0.1]:5719 [dev] Accepting socket connection from /127.0.0.1:45635
 INFO  [hz._hzInstance_2_dev.IO.thread-Acceptor] {com.hazelcast.nio.TcpIpConnectionManager} [127.0.0.1]:5719 [dev] 5719 accepted socket connection from /127.0.0.1:45635
 INFO  [hz._hzInstance_2_dev.IO.thread-Acceptor] {com.hazelcast.nio.SocketAcceptor} [127.0.0.1]:5719 [dev] Accepting socket connection from /127.0.0.1:33943
 INFO  [hz._hzInstance_2_dev.IO.thread-Acceptor] {com.hazelcast.nio.TcpIpConnectionManager} [127.0.0.1]:5719 [dev] 5719 accepted socket connection from /127.0.0.1:33943
 INFO  [hz._hzInstance_2_dev.IO.thread-Acceptor] {com.hazelcast.nio.SocketAcceptor} [127.0.0.1]:5719 [dev] Accepting socket connection from /127.0.0.1:54333
 INFO  [hz._hzInstance_2_dev.IO.thread-Acceptor] {com.hazelcast.nio.TcpIpConnectionManager} [127.0.0.1]:5719 [dev] 5719 accepted socket connection from /127.0.0.1:54333
 INFO  [hz._hzInstance_2_dev.IO.thread-Acceptor] {com.hazelcast.nio.SocketAcceptor} [127.0.0.1]:5719 [dev] Accepting socket connection from /127.0.0.1:44634
 INFO  [hz._hzInstance_2_dev.IO.thread-Acceptor] {com.hazelcast.nio.TcpIpConnectionManager} [127.0.0.1]:5719 [dev] 5719 accepted socket connection from /127.0.0.1:44634
 INFO  [hz._hzInstance_2_dev.IO.thread-Acceptor] {com.hazelcast.nio.SocketAcceptor} [127.0.0.1]:5719 [dev] Accepting socket connection from /127.0.0.1:47503
 INFO  [hz._hzInstance_2_dev.IO.thread-Acceptor] {com.hazelcast.nio.TcpIpConnectionManager} [127.0.0.1]:5719 [dev] 5719 accepted socket connection from /127.0.0.1:47503
 INFO  [hz._hzInstance_2_dev.IO.thread-Acceptor] {com.hazelcast.nio.SocketAcceptor} [127.0.0.1]:5719 [dev] Accepting socket connection from /127.0.0.1:37093
 INFO  [hz._hzInstance_2_dev.IO.thread-Acceptor] {com.hazelcast.nio.TcpIpConnectionManager} [127.0.0.1]:5719 [dev] 5719 accepted socket connection from /127.0.0.1:37093
 INFO  [hz._hzInstance_2_dev.IO.thread-Acceptor] {com.hazelcast.nio.SocketAcceptor} [127.0.0.1]:5719 [dev] Accepting socket connection from /127.0.0.1:35053
 INFO  [hz._hzInstance_2_dev.IO.thread-Acceptor] {com.hazelcast.nio.TcpIpConnectionManager} [127.0.0.1]:5719 [dev] 5719 accepted socket connection from /127.0.0.1:35053
 WARN  [pool-1-thread-1] {com.hazelcast.instance.Node} [127.0.0.1]:5719 [dev] Config seed port is 5701 and cluster size is 12. Some of the ports seem occupied!
 INFO  [pool-1-thread-1] {com.hazelcast.core.LifecycleService} [127.0.0.1]:5719 [dev] Address[127.0.0.1]:5719 is STARTED
 INFO  [pool-1-thread-1] {org.radargun.cachewrappers.Hazelcast3Wrapper} Hazelcast configuration:Config{groupConfig=GroupConfig [name=dev, password=********], properties={hazelcast.logging.type=log4j}, networkConfig=NetworkConfig {publicAddress='null', port=5701, portCount=100, portAutoIncrement=true, join=JoinConfig{multicastConfig=MulticastConfig [enabled=true, multicastGroup=224.0.2.128, multicastPort=54327, multicastTimeToLive=32, multicastTimeoutSeconds=2, trustedInterfaces=[]], tcpIpConfig=TcpIpConfig [enabled=true, connectionTimeoutSeconds=5, members=[127.0.0.1], requiredMember=null], awsConfig=AwsConfig{enabled=false, region='us-east-1', securityGroupName='null', tagKey='null', tagValue='null', hostHeader='ec2.amazonaws.com', connectionTimeoutSeconds=5}}, interfaces=InterfacesConfig{enabled=false, interfaces=[]}, sslConfig=null, socketInterceptorConfig=null, symmetricEncryptionConfig=null}, mapConfigs={default=MapConfig{name='default', inMemoryFormat=BINARY', backupCount=5, asyncBackupCount=0, timeToLiveSeconds=0, maxIdleSeconds=0, evictionPolicy='NONE', evictionPercentage=0, maxSizeConfig=MaxSizeConfig{maxSizePolicy='PER_PARTITION', size=2147483647}, readBackupData=true, nearCacheConfig=null, mapStoreConfig=null, mergePolicyConfig='hz.ADD_NEW_ENTRY', wanReplicationRef=null, listenerConfigs=[], mapIndexConfigs=[], storageType=null}}, topicConfigs={}, queueConfigs={}, multiMapConfigs={}, executorConfigs={default=ExecutorConfig{name='default', poolSize=8, queueCapacity=2147483647}}, semaphoreConfigs={}, wanReplicationConfigs={}, listenerConfigs=[], partitionGroupConfig=PartitionGroupConfig{enabled=false, groupType=PER_MEMBER, memberGroupConfigs=[]}, managementCenterConfig=ManagementCenterConfig{enabled=false, url='null', updateInterval=5}, securityConfig=SecurityConfig{enabled=false, memberCredentialsConfig=CredentialsFactoryConfig{className='null', implementation=null, properties={}}, memberLoginModuleConfigs=[], clientLoginModuleConfigs=[], clientPolicyConfig=PermissionPolicyConfig{className='null', implementation=null, properties={}}, clientPermissionConfigs=[]}}
 INFO  [pool-1-thread-1] {pt.ist.fenixframework.backend.jvstm.datagrid.DataGridRepository} Initialization marker is present. Data Grid already existed.
 INFO  [pool-1-thread-1] {pt.ist.fenixframework.backend.jvstm.JVSTMBackEnd} initializeDomainClassInfos
 INFO  [pool-1-thread-1] {pt.ist.fenixframework.backend.jvstm.pstm.DomainClassInfo} serverId: 6, serverOidBase: 6000000000000
 INFO  [pool-1-thread-1] {pt.ist.fenixframework.backend.jvstm.pstm.DomainClassInfo} Existing domain class 'pt.ist.fenixframework.backend.jvstm.pstm.FenixFrameworkData' with id 'd'
 INFO  [pool-1-thread-1] {pt.ist.fenixframework.backend.jvstm.pstm.DomainClassInfo} Existing domain class 'pt.ist.fenixframework.adt.bplustree.AbstractNode' with id 'f'
 INFO  [pool-1-thread-1] {pt.ist.fenixframework.backend.jvstm.pstm.DomainClassInfo} Existing domain class 'pt.ist.fenixframework.adt.bplustree.DomainLeafNode' with id '1'
 INFO  [pool-1-thread-1] {pt.ist.fenixframework.backend.jvstm.pstm.DomainClassInfo} Existing domain class 'pt.ist.fenixframework.adt.bplustree.BPlusTreeArray' with id '2'
 INFO  [pool-1-thread-1] {pt.ist.fenixframework.backend.jvstm.pstm.DomainClassInfo} Existing domain class 'pt.ist.fenixframework.adt.bplustree.LeafNode' with id '4'
 INFO  [pool-1-thread-1] {pt.ist.fenixframework.backend.jvstm.pstm.DomainClassInfo} Existing domain class 'pt.ist.fenixframework.adt.bplustree.BPlusTree' with id '7'
 INFO  [pool-1-thread-1] {pt.ist.fenixframework.backend.jvstm.pstm.DomainClassInfo} Existing domain class 'pt.ist.fenixframework.adt.bplustree.InnerNodeArray' with id 'b'
 INFO  [pool-1-thread-1] {pt.ist.fenixframework.backend.jvstm.pstm.DomainClassInfo} Existing domain class 'pt.ist.fenixframework.adt.bplustree.DomainBPlusTree' with id 'e'
 INFO  [pool-1-thread-1] {pt.ist.fenixframework.backend.jvstm.pstm.DomainClassInfo} Existing domain class 'pt.ist.fenixframework.adt.linkedlist.LinkedList' with id '9'
 INFO  [pool-1-thread-1] {pt.ist.fenixframework.backend.jvstm.pstm.DomainClassInfo} Existing domain class 'pt.ist.fenixframework.backend.jvstm.pstm.TransactionStatisticsEntry' with id '5'
 INFO  [pool-1-thread-1] {pt.ist.fenixframework.backend.jvstm.pstm.DomainClassInfo} Existing domain class 'pt.ist.fenixframework.DomainRoot' with id '0'
 INFO  [pool-1-thread-1] {pt.ist.fenixframework.backend.jvstm.pstm.DomainClassInfo} Existing domain class 'pt.ist.fenixframework.adt.bplustree.LeafNodeArray' with id 'c'
 INFO  [pool-1-thread-1] {pt.ist.fenixframework.backend.jvstm.pstm.DomainClassInfo} Existing domain class 'pt.ist.fenixframework.adt.bplustree.DomainInnerNode' with id '3'
 INFO  [pool-1-thread-1] {pt.ist.fenixframework.backend.jvstm.pstm.DomainClassInfo} Existing domain class 'pt.ist.fenixframework.adt.linkedlist.ListNode' with id '6'
 INFO  [pool-1-thread-1] {pt.ist.fenixframework.backend.jvstm.pstm.DomainClassInfo} Existing domain class 'pt.ist.fenixframework.adt.bplustree.InnerNode' with id '8'
 INFO  [pool-1-thread-1] {pt.ist.fenixframework.backend.jvstm.pstm.DomainClassInfo} Existing domain class 'pt.ist.fenixframework.adt.bplustree.AbstractNodeArray' with id 'a'
 INFO  [pool-1-thread-1] {pt.ist.fenixframework.backend.jvstm.JVSTMBackEnd} setupJVSTM
 INFO  [pool-1-thread-1] {pt.ist.fenixframework.backend.jvstm.JVSTMBackEnd} Setting the last committed TX number to 2
 INFO  [pool-1-thread-1] {pt.ist.fenixframework.backend.jvstm.JVSTMBackEnd} createDomainRootIfNeeded
 INFO  [pool-1-thread-1] {pt.ist.fenixframework.backend.jvstm.JVSTMBackEnd} ensureFenixFrameworkDataExists
 INFO  [pool-1-thread-1] {pt.ist.fenixframework.hibernatesearch.HibernateSearchConfig} Resource 'fenix-framework-hibernate-search.properties' not found. Hibernate Search disabled
 INFO  [pool-1-thread-1] {pt.ist.fenixframework.FenixFramework} Initialization of Fenix Framework is now complete.
 INFO  [pool-1-thread-1] {org.radargun.cachewrappers.FFWrapper} FF STARTED=true
 INFO  [pool-1-thread-1] {org.radargun.stages.helpers.StartHelper} Number of members is the one expected: 12
 INFO  [pool-1-thread-1] {org.radargun.stages.StartClusterStage} Successfully started cache wrapper on slave 7: org.radargun.cachewrappers.FFWrapper@63e6ed16
 INFO  [pool-1-thread-1] {org.radargun.Slave} Finished stage: StartCluster {config=hzl3-repl-sync.xml, delayAfterFirstSlaveStarts=5.000 secs, delayBetweenStartingSlaves=0.500 secs, exitBenchmarkOnSlaveFailure=true, expectNumSlaves=null, mayFailOn=null, reachable=null, runOnAllSlaves=false, slaves=null, staggerSlaveStartup=true, useSmartClassLoading=true, validateCluster=true }
 INFO  [main] {org.radargun.Slave} Ack successfully sent to the master
 INFO  [pool-1-thread-1] {org.radargun.Slave} Executing stage: ClusterValidation {exitBenchmarkOnSlaveFailure=false, partialReplication=false, replicationTimeSleep=2000, replicationTryCount=60, runOnAllSlaves=false, slaves=null, useSmartClassLoading=true }
 INFO  [pool-1-thread-1] {org.radargun.stages.ClusterValidationStage} Number of caches that replicated here is 1
 WARN  [hz._hzInstance_2_dev.cached.thread-3] {com.hazelcast.transaction.TransactionManagerService} [127.0.0.1]:5719 [dev] No tx backup log is found, tx -> a9f6fff9-d3fd-4b6a-9bfd-73a74d16d9f9
 WARN  [hz._hzInstance_2_dev.cached.thread-3] {com.hazelcast.transaction.TransactionManagerService} [127.0.0.1]:5719 [dev] No tx backup log is found, tx -> be304d56-4b68-4cdf-a367-62437feed83b
 WARN  [hz._hzInstance_2_dev.cached.thread-3] {com.hazelcast.transaction.TransactionManagerService} [127.0.0.1]:5719 [dev] No tx backup log is found, tx -> 56c207b7-b12b-41c7-8962-a5dd0499349f
 WARN  [hz._hzInstance_2_dev.cached.thread-8] {com.hazelcast.transaction.TransactionManagerService} [127.0.0.1]:5719 [dev] No tx backup log is found, tx -> a4dd2642-98ce-4601-96ae-b207e6eefea5
 WARN  [hz._hzInstance_2_dev.cached.thread-3] {com.hazelcast.transaction.TransactionManagerService} [127.0.0.1]:5719 [dev] No tx backup log is found, tx -> 3edf0c26-707d-46b2-9345-0db6ad82e163
 WARN  [hz._hzInstance_2_dev.cached.thread-8] {com.hazelcast.transaction.TransactionManagerService} [127.0.0.1]:5719 [dev] No tx backup log is found, tx -> 3aac9dca-bd99-44db-a162-04076a89bba5
 INFO  [pool-1-thread-1] {org.radargun.stages.ClusterValidationStage} Replication test failed, 1 tries so far. Sleeping for 2 seconds and trying again.
 INFO  [pool-1-thread-1] {org.radargun.stages.ClusterValidationStage} Number of caches that replicated here is 11
 INFO  [pool-1-thread-1] {org.radargun.stages.ClusterValidationStage} Replication test successfully passed. partialReplication? false, replicationCount = 11
 INFO  [pool-1-thread-1] {org.radargun.stages.ClusterValidationStage} Confirm phase successful.
 INFO  [pool-1-thread-1] {org.radargun.Slave} Finished stage: ClusterValidation {exitBenchmarkOnSlaveFailure=false, partialReplication=false, replicationTimeSleep=2000, replicationTryCount=60, runOnAllSlaves=false, slaves=[ 0, 1, 2, 3, 4, 5, 6, 7, 8, 9, 10, 11 ], useSmartClassLoading=true }
 INFO  [main] {org.radargun.Slave} Ack successfully sent to the master
 INFO  [pool-1-thread-1] {org.radargun.Slave} Executing stage: StressTestWarmup {bulkSize=1, cacheSpecificKeyGenerator=false, commitTransactions=true, duration=1 mins 0 secs, entrySize=1000, exitBenchmarkOnSlaveFailure=false, fixedKeys=true, generateHistogramRange=false, keyGeneratorClass=org.radargun.stressors.StringKeyGenerator, keyGeneratorParam=null, loadAllKeys=false, numEntries=10000, numOfThreads=4, numRequests=10000, numThreads=4, numberOfAttributes=10000, numberOfRequests=10000, opsCountStatusLog=100000, poolKeys=true, preferAsyncOperations=false, removePercentage=0, replaceInvalidPercentage=40, runOnAllSlaves=false, sharedKeys=false, sizeOfAnAttribute=1000, slaves=null, transactionSize=10000, useAtomics=false, useHistogramStatistics=false, useSimpleStatistics=true, useSmartClassLoading=true, useTransactions=null, writePercentage=20, writeTxPercentage=20 }
 INFO  [pool-1-thread-1] {org.radargun.stages.StressTestWarmupStage} Starting StressTestWarmupStage: StressTestWarmup {bulkSize=1, cacheSpecificKeyGenerator=false, commitTransactions=true, duration=1 mins 0 secs, entrySize=1000, exitBenchmarkOnSlaveFailure=false, fixedKeys=true, generateHistogramRange=false, keyGeneratorClass=org.radargun.stressors.StringKeyGenerator, keyGeneratorParam=null, loadAllKeys=false, numEntries=10000, numOfThreads=4, numRequests=10000, numThreads=4, numberOfAttributes=10000, numberOfRequests=10000, opsCountStatusLog=100000, poolKeys=true, preferAsyncOperations=false, removePercentage=0, replaceInvalidPercentage=40, runOnAllSlaves=false, sharedKeys=false, sizeOfAnAttribute=1000, slaves=null, transactionSize=10000, useAtomics=false, useHistogramStatistics=false, useSimpleStatistics=true, useSmartClassLoading=true, useTransactions=null, writePercentage=20, writeTxPercentage=20 }
 INFO  [pool-1-thread-1] {org.radargun.stressors.StressTestStressor} Using key generator org.radargun.stressors.StringKeyGenerator, param null
 INFO  [pool-1-thread-1] {org.radargun.stressors.StressTestStressor} Executing: StressTestStressor{opsCountStatusLog=100000, numRequests=10000, numEntries=10000, entrySize=1000, writePercentage=20, numThreads=4, cacheWrapper=org.radargun.cachewrappers.FFWrapper@63e6ed16, nodeIndex=7, useTransactions=true, transactionSize=10000, commitTransactions=true, durationMillis=60000}
 INFO  [pool-1-thread-1] {org.radargun.stressors.StressTestStressor} Cache wrapper info is: FFWrapper using hazelcast3
[GC 267326K->12115K(2944064K), 0.0346250 secs]
[GC 268179K->14204K(2944064K), 0.0275290 secs]
[GC 270268K->14928K(2944064K), 0.0321470 secs]
[GC 270992K->16154K(2944064K), 0.0276680 secs]
[GC 272218K->17149K(2944064K), 0.0315800 secs]
[GC 273213K->18034K(2944064K), 0.0321630 secs]
[GC 274098K->19029K(2944064K), 0.0295780 secs]
[GC 275093K->17711K(2944064K), 0.0306110 secs]
[GC 273775K->16063K(2944064K), 0.0332690 secs]
[GC 272127K->16787K(2944064K), 0.0339250 secs]
[GC 272851K->17509K(2944064K), 0.0310330 secs]
[GC 273573K->21121K(2944064K), 0.0328180 secs]
[GC 277185K->21989K(2944064K), 0.0351830 secs]
[GC 278053K->22822K(2944064K), 0.0342320 secs]
[GC 278886K->24464K(2944064K), 0.0469770 secs]
[GC 280528K->21315K(2944064K), 0.0344570 secs]
[GC 277379K->22316K(2944064K), 0.0291210 secs]
[GC 278380K->24355K(2944064K), 0.0313340 secs]
[GC 280419K->22584K(2944064K), 0.0286060 secs]
[GC 278648K->23101K(2944064K), 0.0291560 secs]
[GC 279165K->25971K(2944064K), 0.0278370 secs]
[GC 282035K->26598K(2944064K), 0.0276990 secs]
[GC 282662K->24993K(2944064K), 0.0304780 secs]
[GC 281057K->25706K(2944064K), 0.0315670 secs]
[GC 281770K->28559K(2944064K), 0.0304170 secs]
[GC 284623K->31361K(2944064K), 0.0278010 secs]
[GC 287425K->27569K(2944064K), 0.0319860 secs]
[GC 283633K->29083K(2944064K), 0.0287580 secs]
[GC 285147K->30703K(2944064K), 0.0319690 secs]
[GC 286767K->29312K(2944064K), 0.0272780 secs]
[GC 285376K->30023K(2944064K), 0.0287070 secs]
[GC 286087K->30650K(2944064K), 0.0305810 secs]
[GC 286714K->31285K(2944064K), 0.0310190 secs]
[GC 287349K->31938K(2944064K), 0.0305310 secs]
[GC 288002K->32548K(2944064K), 0.0280250 secs]
[GC 288612K->33151K(2944064K), 0.0284780 secs]
[GC 289215K->33813K(2944064K), 0.0282700 secs]
[GC 289877K->34463K(2944064K), 0.0295420 secs]
[GC 290527K->34986K(2944064K), 0.0283380 secs]
[GC 291050K->35561K(2944064K), 0.0300890 secs]
[GC 291625K->38460K(2944064K), 0.0267760 secs]
[GC 294524K->38927K(2944064K), 0.0307130 secs]
[GC 294991K->39662K(2944064K), 0.0289950 secs]
[GC 295726K->40249K(2944064K), 0.0262100 secs]
[GC 296313K->40813K(2944064K), 0.0303930 secs]
[GC 296877K->41367K(2944064K), 0.0282270 secs]
[GC 297431K->41938K(2944064K), 0.0291290 secs]
[GC 298002K->42541K(2944064K), 0.0258570 secs]
[GC 298605K->43107K(2944064K), 0.0288390 secs]
[GC 299171K->43735K(2944064K), 0.0299850 secs]
[GC 299799K->44279K(2944064K), 0.0269750 secs]
[GC 300343K->47049K(2944064K), 0.0279010 secs]
[GC 303113K->43235K(2944064K), 0.0288600 secs]
[GC 299299K->46914K(2944064K), 0.0292270 secs]
[GC 302978K->46475K(2944064K), 0.0284530 secs]
[GC 302539K->45146K(2944064K), 0.0254300 secs]
[GC 301210K->45874K(2944064K), 0.0263900 secs]
[GC 301938K->46510K(2944064K), 0.0275290 secs]
[GC 302574K->47095K(2944064K), 0.0280240 secs]
[GC 303159K->47702K(2944064K), 0.0302100 secs]
[GC 303766K->48326K(2944064K), 0.0258770 secs]
[GC 304390K->49013K(2944064K), 0.0308060 secs]
[GC 305077K->49661K(2944064K), 0.0276820 secs]
[GC 305725K->50275K(2944064K), 0.0270170 secs]
[GC 306339K->50835K(2944064K), 0.0282100 secs]
[GC 306899K->51505K(2944064K), 0.0599850 secs]
[GC 307569K->52187K(2944064K), 0.0268040 secs]
[GC 308251K->55198K(2944064K), 0.0287170 secs]
[GC 311262K->53473K(2944064K), 0.0308300 secs]
[GC 309537K->56409K(2944064K), 0.0260210 secs]
[GC 312473K->59217K(2944064K), 0.0285750 secs]
[GC 315281K->55192K(2944064K), 0.0351770 secs]
[GC 311256K->58945K(2944064K), 0.0290940 secs]
[GC 315009K->60689K(2944064K), 0.0274030 secs]
[GC 316753K->56935K(2944064K), 0.0291950 secs]
[GC 312999K->60843K(2944064K), 0.0290080 secs]
[GC 316907K->62593K(2944064K), 0.0298840 secs]
[GC 318657K->58777K(2944064K), 0.0298880 secs]
[GC 314841K->62555K(2944064K), 0.0324620 secs]
[GC 318619K->64375K(2944064K), 0.0265740 secs]
[GC 320439K->60669K(2944064K), 0.0267510 secs]
[GC 316733K->64376K(2944064K), 0.0284110 secs]
[GC 320440K->63856K(2944064K), 0.0268900 secs]
[GC 319920K->64640K(2944064K), 0.0267770 secs]
[GC 320704K->67645K(2944064K), 0.0315060 secs]
[GC 323709K->63774K(2944064K), 0.0272930 secs]
[GC 319838K->67480K(2944064K), 0.0273350 secs]
[GC 323544K->69306K(2944064K), 0.0289850 secs]
[GC 325370K->65516K(2944064K), 0.0292640 secs]
[GC 321580K->69340K(2944064K), 0.0280120 secs]
[GC 325404K->71947K(2944064K), 0.0282810 secs]
[GC 328011K->74092K(2944064K), 0.0280180 secs]
[GC 330156K->79119K(2944064K), 0.0293780 secs]
[GC 335183K->72301K(2944064K), 0.0291690 secs]
[GC 328365K->81850K(2944064K), 0.0283080 secs]
[GC 337914K->86345K(2944064K), 0.0410680 secs]
[GC 342409K->77641K(2944064K), 0.0330580 secs]
[GC 333705K->89287K(2944064K), 0.0323430 secs]
[GC 345351K->80680K(2944064K), 0.0309240 secs]
[GC 336744K->94162K(2944064K), 0.0333330 secs]
[GC 350226K->84284K(2944064K), 0.0314440 secs]
[GC 340348K->98892K(2944064K), 0.0367330 secs]
[GC 354956K->87763K(2944064K), 0.0345180 secs]
[GC 343827K->103624K(2944064K), 0.0368750 secs]
[GC 359688K->92048K(2944064K), 0.0340100 secs]
[GC 348112K->108941K(2944064K), 0.0392680 secs]
[GC 365005K->95846K(2944064K), 0.0354580 secs]
[GC 351910K->112424K(2944064K), 0.0329770 secs]
[GC 368488K->98650K(2944064K), 0.0371840 secs]
[GC 354714K->108907K(2944064K), 0.0360630 secs]
[GC 364971K->113031K(2944064K), 0.0344730 secs]
[GC 369095K->102959K(2944064K), 0.0334970 secs]
[GC 359023K->112036K(2944064K), 0.0372510 secs]
[GC 368100K->104658K(2944064K), 0.0371950 secs]
[GC 360722K->111670K(2944064K), 0.0362640 secs]
[GC 367734K->107319K(2944064K), 0.0377140 secs]
[GC 363383K->108441K(2944064K), 0.0371240 secs]
[GC 364505K->109653K(2944064K), 0.0356890 secs]
[GC 365717K->115779K(2944064K), 0.0384610 secs]
[GC 371843K->111842K(2944064K), 0.0385090 secs]
[GC 367906K->112914K(2944064K), 0.0406930 secs]
[GC 368978K->113880K(2944064K), 0.0402090 secs]
[GC 369944K->114274K(2944064K), 0.0364740 secs]
[GC 370338K->115417K(2944064K), 0.0398220 secs]
[GC 371481K->116719K(2944064K), 0.0372390 secs]
[GC 372783K->118030K(2944064K), 0.0361320 secs]
[GC 374094K->119327K(2944064K), 0.0397110 secs]
[GC 375391K->125189K(2944064K), 0.0378000 secs]
[GC 381253K->126349K(2944064K), 0.0335960 secs]
[GC 382413K->127600K(2944064K), 0.0380180 secs]
[GC 383664K->129059K(2944064K), 0.0402640 secs]
[GC 385123K->135005K(2944064K), 0.0370190 secs]
[GC 391069K->126952K(2944064K), 0.0384470 secs]
[GC 383016K->130343K(2944064K), 0.0386320 secs]
[GC 386407K->138354K(2944064K), 0.0376550 secs]
[GC 394418K->130913K(2944064K), 0.0342240 secs]
[GC 386977K->139185K(2944064K), 0.0386240 secs]
[GC 395249K->138475K(2944064K), 0.0395720 secs]
[GC 394539K->140571K(2944064K), 0.0401070 secs]
[GC 396635K->137139K(2944064K), 0.0378870 secs]
[GC 393203K->138551K(2944064K), 0.0409890 secs]
[GC 394615K->139982K(2944064K), 0.0394810 secs]
[GC 396046K->141182K(2944064K), 0.0384970 secs]
[GC 397246K->147559K(2944064K), 0.0365820 secs]
[GC 403623K->143871K(2944064K), 0.0399400 secs]
[GC 399935K->150138K(2944064K), 0.0358320 secs]
[GC 406202K->146574K(2944064K), 0.0395680 secs]
[GC 402638K->147934K(2944064K), 0.0391600 secs]
[GC 403998K->149342K(2944064K), 0.0366270 secs]
[GC 405406K->150773K(2944064K), 0.0414080 secs]
[GC 406837K->162289K(2944064K), 0.0342020 secs]
[GC 418353K->153424K(2944064K), 0.0378770 secs]
[GC 409488K->156796K(2944064K), 0.0404080 secs]
[GC 412860K->160148K(2944064K), 0.0345160 secs]
[GC 416212K->161897K(2944064K), 0.0396790 secs]
[GC 417961K->163309K(2944064K), 0.0339460 secs]
[GC 419373K->164584K(2944064K), 0.0372440 secs]
[GC 420648K->170956K(2944064K), 0.0408400 secs]
[GC 427020K->165530K(2944064K), 0.0369670 secs]
 INFO  [pool-1-thread-1] {org.radargun.stressors.StressTestStressor} Started 4 stressor threads.
 INFO  [Stressor-3] {org.radargun.stressors.StressTestStressor} Number of ops executed so far: 1. Elapsed time: 0.001 secs. Remaining: 59.999 secs. Total: 1 mins 0 secs
[GC 421594K->175015K(2944064K), 0.0386820 secs]
[GC 431079K->179078K(2944064K), 0.0411440 secs]
[GC 435142K->189976K(2944064K), 0.0380100 secs]
[GC 446040K->179924K(2944064K), 0.0373950 secs]
[GC 435988K->204733K(2944064K), 0.0376720 secs]
 INFO  [Stressor-2] {org.radargun.stressors.StressTestStressor} Number of ops executed so far: 90000. Elapsed time: 20.894 secs. Remaining: 39.106 secs. Total: 1 mins 0 secs
[GC 460797K->184930K(2944064K), 0.0404540 secs]
[GC 440994K->200149K(2944064K), 0.0413890 secs]
[GC 456213K->206318K(2944064K), 0.0414120 secs]
[GC 462382K->191578K(2944064K), 0.0409030 secs]
[GC 447642K->215047K(2944064K), 0.0394790 secs]
[GC 471111K->194849K(2944064K), 0.0432750 secs]
 INFO  [Stressor-2] {org.radargun.stressors.StressTestStressor} Number of ops executed so far: 120000. Elapsed time: 44.711 secs. Remaining: 15.289 secs. Total: 1 mins 0 secs
[GC 450913K->220770K(2944064K), 0.0413840 secs]
[GC 476834K->222731K(2944064K), 0.0404060 secs]
[GC 478795K->216241K(2944064K), 0.0456290 secs]
[GC 472305K->228005K(2944064K), 0.0424950 secs]
[GC 484069K->216547K(2944064K), 0.0492450 secs]
[GC 472611K->222668K(2944064K), 0.0397680 secs]
 INFO  [Stressor-3] {org.radargun.stressors.StressTestStressor} Number of ops executed so far: 190000. Elapsed time: 1 mins 8 secs. Remaining: 0.000 secs. Total: 1 mins 0 secs
[GC 478732K->214136K(2944064K), 0.0666200 secs]
[GC 470200K->212301K(2944064K), 0.0385250 secs]
 INFO  [pool-1-thread-1] {org.radargun.stressors.StressTestStressor} Finished generating report. Test duration is: 12 mins 33 secs
 INFO  [pool-1-thread-1] {org.radargun.stages.StressTestWarmupStage} The warmup took: 753 seconds.
 INFO  [pool-1-thread-1] {org.radargun.Slave} Finished stage: StressTestWarmup {bulkSize=1, cacheSpecificKeyGenerator=false, commitTransactions=true, duration=1 mins 0 secs, entrySize=1000, exitBenchmarkOnSlaveFailure=false, fixedKeys=true, generateHistogramRange=false, keyGeneratorClass=org.radargun.stressors.StringKeyGenerator, keyGeneratorParam=null, loadAllKeys=false, numEntries=10000, numOfThreads=4, numRequests=10000, numThreads=4, numberOfAttributes=10000, numberOfRequests=10000, opsCountStatusLog=100000, poolKeys=true, preferAsyncOperations=false, removePercentage=0, replaceInvalidPercentage=40, runOnAllSlaves=false, sharedKeys=false, sizeOfAnAttribute=1000, slaves=null, transactionSize=10000, useAtomics=false, useHistogramStatistics=false, useSimpleStatistics=true, useSmartClassLoading=true, useTransactions=null, writePercentage=20, writeTxPercentage=20 }
 INFO  [main] {org.radargun.Slave} Ack successfully sent to the master
[GC 468365K->205309K(2944064K), 0.0403930 secs]
[GC 461373K->205996K(2944064K), 0.0388890 secs]
[GC 462060K->205236K(2944064K), 0.0356210 secs]
[GC 461300K->205528K(2944064K), 0.0373820 secs]
[GC 461592K->207837K(2944064K), 0.0390720 secs]
[GC 463901K->206934K(2944064K), 0.0389830 secs]
[GC 462998K->208673K(2944064K), 0.0394210 secs]
[GC 464737K->211741K(2944064K), 0.0387040 secs]
[GC 467805K->209532K(2944064K), 0.0331180 secs]
[GC 465596K->213945K(2944064K), 0.0364320 secs]
[GC 470009K->211640K(2944064K), 0.0352200 secs]
[GC 467704K->214482K(2944064K), 0.0366700 secs]
[GC 470546K->214531K(2944064K), 0.0333290 secs]
[GC 470595K->214790K(2944064K), 0.0350620 secs]
[GC 470854K->215028K(2944064K), 0.0589160 secs]
[GC 471092K->214711K(2944064K), 0.0334710 secs]
[GC 470775K->214683K(2944064K), 0.0515930 secs]
[GC 470747K->215114K(2944064K), 0.0535220 secs]
[GC 471178K->215702K(2944064K), 0.0296850 secs]
[GC 471766K->216311K(2944064K), 0.0313220 secs]
[GC 472375K->216970K(2944064K), 0.0329450 secs]
[GC 473034K->217622K(2944064K), 0.0313980 secs]
[GC 473686K->218246K(2944064K), 0.0343720 secs]
[GC 474310K->223518K(2944064K), 0.0316650 secs]
[GC 479582K->220965K(2944064K), 0.0435600 secs]
[GC 477029K->221189K(2944064K), 0.0652750 secs]
[GC 477253K->220501K(2944064K), 0.0364280 secs]
[GC 476565K->221389K(2944064K), 0.0376880 secs]
[GC 477453K->222061K(2944064K), 0.0334340 secs]
[GC 478125K->225067K(2944064K), 0.0333120 secs]
[GC 481131K->223329K(2944064K), 0.0332630 secs]
[GC 479393K->223999K(2944064K), 0.0296410 secs]
[GC 480063K->224601K(2944064K), 0.0334440 secs]
[GC 480665K->225217K(2944064K), 0.0285770 secs]
[GC 481281K->228155K(2944064K), 0.0370820 secs]
[GC 484219K->226474K(2944064K), 0.0336040 secs]
[GC 482538K->229448K(2944064K), 0.0324650 secs]
[GC 485512K->227755K(2944064K), 0.0333380 secs]
[GC 483819K->228342K(2944064K), 0.0331800 secs]
[GC 484406K->231349K(2944064K), 0.0361620 secs]
[GC 487413K->229605K(2944064K), 0.0351500 secs]
[GC 485669K->232694K(2944064K), 0.0306850 secs]
[GC 488758K->233297K(2944064K), 0.0360850 secs]
[GC 489361K->231597K(2944064K), 0.0506920 secs]
[GC 487661K->234558K(2944064K), 0.0326640 secs]
[GC 490622K->232863K(2944064K), 0.0545480 secs]
[GC 488927K->233472K(2944064K), 0.0345930 secs]
[GC 489536K->234117K(2944064K), 0.0308830 secs]
[GC 490181K->234753K(2944064K), 0.0328200 secs]
[GC 490817K->237882K(2944064K), 0.0332990 secs]
[GC 493946K->236109K(2944064K), 0.0662420 secs]
[GC 492173K->236770K(2944064K), 0.0370210 secs]
[GC 492834K->237420K(2944064K), 0.0340890 secs]
[GC 493484K->238117K(2944064K), 0.0318510 secs]
[GC 494181K->238773K(2944064K), 0.0313730 secs]
[GC 494837K->239472K(2944064K), 0.0321580 secs]
[GC 495536K->240092K(2944064K), 0.0369840 secs]
[GC 496156K->243226K(2944064K), 0.0326240 secs]
[GC 499290K->241410K(2944064K), 0.0372390 secs]
[GC 497474K->242117K(2944064K), 0.0318760 secs]
[GC 498181K->242771K(2944064K), 0.0327030 secs]
[GC 498835K->243446K(2944064K), 0.0342340 secs]
[GC 499510K->244042K(2944064K), 0.0330490 secs]
[GC 500106K->244732K(2944064K), 0.0344480 secs]
[GC 500796K->245389K(2944064K), 0.0370330 secs]
[GC 501453K->248620K(2944064K), 0.0330760 secs]
[GC 504684K->246811K(2944064K), 0.0344490 secs]
[GC 502875K->247492K(2944064K), 0.0335390 secs]
[GC 503556K->248142K(2944064K), 0.0345940 secs]
[GC 504206K->248766K(2944064K), 0.0328520 secs]
[GC 504830K->249472K(2944064K), 0.0313270 secs]
[GC 505536K->250163K(2944064K), 0.0586330 secs]
[GC 506227K->253277K(2944064K), 0.0654460 secs]
[GC 509341K->251436K(2944064K), 0.0362540 secs]
[GC 507500K->257107K(2944064K), 0.0614410 secs]
[GC 513171K->254354K(2944064K), 0.0352390 secs]
[GC 510418K->256839K(2944064K), 0.0318130 secs]
[GC 512903K->253848K(2944064K), 0.0376220 secs]
[GC 509912K->254784K(2944064K), 0.0358610 secs]
[GC 510848K->255548K(2944064K), 0.0737030 secs]
[GC 511612K->258726K(2944064K), 0.0310500 secs]
[GC 514790K->259416K(2944064K), 0.0360070 secs]
[GC 515480K->260071K(2944064K), 0.0339800 secs]
[GC 516135K->260808K(2944064K), 0.0366010 secs]
[GC 516872K->259017K(2944064K), 0.0368030 secs]
[GC 515081K->259662K(2944064K), 0.0295540 secs]
[GC 515726K->260350K(2944064K), 0.0338810 secs]
[GC 516414K->261048K(2944064K), 0.0333760 secs]
[GC 517112K->264308K(2944064K), 0.0290710 secs]
[GC 520372K->262444K(2944064K), 0.0311600 secs]
[GC 518508K->265701K(2944064K), 0.0321080 secs]
[GC 521765K->263787K(2944064K), 0.0367480 secs]
[GC 519851K->264486K(2944064K), 0.0336830 secs]
[GC 520550K->265186K(2944064K), 0.0365400 secs]
[GC 521250K->265915K(2944064K), 0.0361600 secs]
[GC 521979K->266654K(2944064K), 0.0359240 secs]
[GC 522718K->270010K(2944064K), 0.0323840 secs]
[GC 526074K->270764K(2944064K), 0.0372630 secs]
[GC 526828K->268818K(2944064K), 0.0587070 secs]
[GC 524882K->269483K(2944064K), 0.0406360 secs]
[GC 525547K->272769K(2944064K), 0.0340850 secs]
[GC 528833K->270865K(2944064K), 0.0326220 secs]
[GC 526929K->271599K(2944064K), 0.0346750 secs]
[GC 527663K->272349K(2944064K), 0.0395120 secs]
[GC 528413K->275649K(2944064K), 0.0372470 secs]
[GC 531713K->273719K(2944064K), 0.0365110 secs]
[GC 529783K->277084K(2944064K), 0.0328900 secs]
[GC 533148K->275167K(2944064K), 0.0452960 secs]
[GC 531231K->278578K(2944064K), 0.0322470 secs]
[GC 534642K->276632K(2944064K), 0.0377220 secs]
[GC 532696K->277354K(2944064K), 0.0376610 secs]
[GC 533418K->278015K(2944064K), 0.0444950 secs]
[GC 534079K->281349K(2944064K), 0.0333160 secs]
[GC 537413K->279420K(2944064K), 0.0356250 secs]
[GC 535484K->280135K(2944064K), 0.0346680 secs]
[GC 536199K->283449K(2944064K), 0.0358850 secs]
[GC 539513K->281511K(2944064K), 0.0369860 secs]
[GC 537575K->282191K(2944064K), 0.0547510 secs]
[GC 538255K->285527K(2944064K), 0.0367860 secs]
[GC 541591K->286256K(2944064K), 0.0339110 secs]
[GC 542320K->284344K(2944064K), 0.0326130 secs]
[GC 540408K->287746K(2944064K), 0.0344670 secs]
[GC 543810K->285787K(2944064K), 0.0343320 secs]
[GC 541851K->286438K(2944064K), 0.0338460 secs]
[GC 542502K->289778K(2944064K), 0.0523180 secs]
[GC 545842K->287873K(2944064K), 0.0399400 secs]
[GC 543937K->291241K(2944064K), 0.0388990 secs]
[GC 547305K->291931K(2944064K), 0.0348890 secs]
[GC 547995K->295320K(2944064K), 0.0320550 secs]
[GC 551384K->292335K(2944064K), 0.0353730 secs]
[GC 548399K->292555K(2944064K), 0.0372720 secs]
[GC 548619K->294378K(2944064K), 0.0336560 secs]
[GC 550442K->295432K(2944064K), 0.0336850 secs]
[GC 551496K->293585K(2944064K), 0.0331210 secs]
[GC 549649K->296976K(2944064K), 0.0423800 secs]
[GC 553040K->295057K(2944064K), 0.0334550 secs]
[GC 551121K->295739K(2944064K), 0.0346210 secs]
[GC 551803K->296479K(2944064K), 0.0361760 secs]
[GC 552543K->299834K(2944064K), 0.0334510 secs]
[GC 555898K->297874K(2944064K), 0.0361140 secs]
[GC 553938K->298577K(2944064K), 0.0342780 secs]
[GC 554641K->299287K(2944064K), 0.0313130 secs]
[GC 555351K->300038K(2944064K), 0.0479800 secs]
[GC 556102K->303395K(2944064K), 0.0342110 secs]
[GC 559459K->301403K(2944064K), 0.0339320 secs]
[GC 557467K->302123K(2944064K), 0.0389570 secs]
[GC 558187K->305548K(2944064K), 0.0388890 secs]
[GC 561612K->303546K(2944064K), 0.0348780 secs]
[GC 559610K->304235K(2944064K), 0.0345360 secs]
[GC 560299K->304954K(2944064K), 0.0353800 secs]
[GC 561018K->308285K(2944064K), 0.0332040 secs]
[GC 564349K->306318K(2944064K), 0.0368640 secs]
[GC 562382K->307006K(2944064K), 0.0371210 secs]
[GC 563070K->310426K(2944064K), 0.0677590 secs]
[GC 566490K->308435K(2944064K), 0.0320680 secs]
[GC 564499K->309160K(2944064K), 0.0353950 secs]
[GC 565224K->309823K(2944064K), 0.0338110 secs]
[GC 565887K->313128K(2944064K), 0.0391170 secs]
[GC 569192K->311238K(2944064K), 0.0381070 secs]
[GC 567302K->311947K(2944064K), 0.0352360 secs]
[GC 568011K->315310K(2944064K), 0.0354680 secs]
[GC 571374K->313364K(2944064K), 0.0348910 secs]
[GC 569428K->314115K(2944064K), 0.0346110 secs]
[GC 570179K->317528K(2944064K), 0.0332580 secs]
[GC 573592K->315586K(2944064K), 0.0368710 secs]
[GC 571650K->316290K(2944064K), 0.0336690 secs]
[GC 572354K->319676K(2944064K), 0.0330250 secs]
[GC 575740K->323066K(2944064K), 0.0319310 secs]
[GC 579130K->318374K(2944064K), 0.0364180 secs]
[GC 574438K->317867K(2944064K), 0.0335740 secs]
[GC 573931K->324730K(2944064K), 0.0358780 secs]
[GC 580794K->320402K(2944064K), 0.0353040 secs]
[GC 575428K->319989K(2944064K), 0.0334540 secs]
[GC 576053K->324265K(2944064K), 0.0334600 secs]
[GC 580329K->325224K(2944064K), 0.0336770 secs]
[GC 581288K->325932K(2944064K), 0.0351010 secs]
[GC 581996K->326649K(2944064K), 0.0334410 secs]
[GC 582713K->327364K(2944064K), 0.0322540 secs]
[GC 583428K->327985K(2944064K), 0.0354380 secs]
[GC 584049K->328668K(2944064K), 0.0495350 secs]
[GC 584732K->329355K(2944064K), 0.0331510 secs]
[GC 585419K->330072K(2944064K), 0.0351050 secs]
[GC 586136K->328209K(2944064K), 0.0357700 secs]
[GC 584273K->328913K(2944064K), 0.0965680 secs]
[GC 584977K->332205K(2944064K), 0.0334030 secs]
[GC 588269K->332889K(2944064K), 0.0355400 secs]
[GC 588953K->333613K(2944064K), 0.0328600 secs]
[GC 589677K->334346K(2944064K), 0.0377200 secs]
[GC 590410K->335067K(2944064K), 0.0350550 secs]
[GC 591131K->333124K(2944064K), 0.0624270 secs]
[GC 589188K->333811K(2944064K), 0.0360750 secs]
[GC 589875K->334588K(2944064K), 0.0344550 secs]
[GC 590652K->335238K(2944064K), 0.0463080 secs]
[GC 591302K->335989K(2944064K), 0.0378180 secs]
[GC 592053K->336721K(2944064K), 0.0348590 secs]
[GC 592785K->340156K(2944064K), 0.0459300 secs]
[GC 596220K->340930K(2944064K), 0.0345400 secs]
[GC 596994K->338945K(2944064K), 0.0357860 secs]
[GC 595009K->339657K(2944064K), 0.0356940 secs]
[GC 595721K->343058K(2944064K), 0.0347190 secs]
[GC 599122K->341093K(2944064K), 0.0605760 secs]
[GC 597157K->341848K(2944064K), 0.0354820 secs]
[GC 597912K->345192K(2944064K), 0.0361830 secs]
[GC 601256K->343169K(2944064K), 0.0369030 secs]
[GC 599233K->343867K(2944064K), 0.0385320 secs]
[GC 599931K->344556K(2944064K), 0.0329730 secs]
[GC 600620K->345250K(2944064K), 0.0366680 secs]
[GC 601314K->345989K(2944064K), 0.0370330 secs]
[GC 602053K->349301K(2944064K), 0.0350390 secs]
[GC 605365K->350072K(2944064K), 0.0329290 secs]
[GC 606136K->350695K(2944064K), 0.0372170 secs]
[GC 606759K->352370K(2944064K), 0.0322840 secs]
[GC 608434K->357986K(2944064K), 0.0338060 secs]
[GC 614050K->361178K(2944064K), 0.0362700 secs]
[GC 617242K->364646K(2944064K), 0.0385420 secs]
[GC 620710K->368065K(2944064K), 0.0366130 secs]
[GC 624129K->371360K(2944064K), 0.0378390 secs]
[GC 627424K->379643K(2944064K), 0.0375660 secs]
[GC 635707K->366677K(2944064K), 0.0377520 secs]
[GC 622741K->377250K(2944064K), 0.0383220 secs]
[GC 633314K->383274K(2944064K), 0.0382530 secs]
[GC 639338K->387211K(2944064K), 0.0390520 secs]
[GC 643275K->383786K(2944064K), 0.0388380 secs]
[GC 639850K->386511K(2944064K), 0.0393240 secs]
[GC 642575K->389185K(2944064K), 0.0426850 secs]
[GC 645249K->392008K(2944064K), 0.0399810 secs]
[GC 648072K->393401K(2944064K), 0.0421060 secs]
[GC 649465K->394019K(2944064K), 0.0455160 secs]
[GC 650083K->387245K(2944064K), 0.0399870 secs]
[GC 643309K->387780K(2944064K), 0.0393040 secs]
[GC 643844K->381707K(2944064K), 0.0438940 secs]
[GC 637771K->388940K(2944064K), 0.0388490 secs]
[GC 645004K->389212K(2944064K), 0.0387810 secs]
[GC 645276K->389854K(2944064K), 0.0389330 secs]
[GC 645918K->390282K(2944064K), 0.0407590 secs]
[GC 646346K->390947K(2944064K), 0.0383850 secs]
[GC 647011K->391374K(2944064K), 0.0378370 secs]
[GC 647438K->391766K(2944064K), 0.0360180 secs]
[GC 647830K->392088K(2944064K), 0.0408860 secs]
[GC 648152K->391605K(2944064K), 0.0379010 secs]
[GC 647669K->391088K(2944064K), 0.0365070 secs]
[GC 647152K->394541K(2944064K), 0.0346150 secs]
[GC 650605K->395215K(2944064K), 0.0372750 secs]
[GC 651279K->396030K(2944064K), 0.0357000 secs]
[GC 652094K->396772K(2944064K), 0.0331860 secs]
[GC 652836K->394629K(2944064K), 0.0360110 secs]
[GC 650693K->398351K(2944064K), 0.0341680 secs]
[GC 654415K->399151K(2944064K), 0.0373110 secs]
[GC 655215K->397026K(2944064K), 0.0351910 secs]
[GC 653090K->397810K(2944064K), 0.0372300 secs]
[GC 653874K->401515K(2944064K), 0.0349350 secs]
[GC 657579K->402336K(2944064K), 0.0394570 secs]
[GC 658400K->400134K(2944064K), 0.0383670 secs]
[GC 656198K->403861K(2944064K), 0.0327650 secs]
[GC 659925K->404639K(2944064K), 0.0363830 secs]
[GC 660703K->402469K(2944064K), 0.0345870 secs]
[GC 658533K->406230K(2944064K), 0.0348360 secs]
[GC 662294K->404060K(2944064K), 0.0380820 secs]
[GC 660124K->404870K(2944064K), 0.0377030 secs]
[GC 660934K->408662K(2944064K), 0.0376290 secs]
[GC 664726K->409491K(2944064K), 0.0354470 secs]
[GC 665555K->407319K(2944064K), 0.0380160 secs]
[GC 663383K->408139K(2944064K), 0.0304460 secs]
[GC 664203K->411907K(2944064K), 0.0354240 secs]
[GC 667971K->412707K(2944064K), 0.0355750 secs]
[GC 668771K->413525K(2944064K), 0.0333210 secs]
[GC 669589K->411289K(2944064K), 0.0398130 secs]
[GC 667353K->412109K(2944064K), 0.0384700 secs]
[GC 668173K->412914K(2944064K), 0.0397580 secs]
[GC 668978K->413658K(2944064K), 0.0358710 secs]
[GC 669722K->417464K(2944064K), 0.0366120 secs]
[GC 673528K->415232K(2944064K), 0.0349820 secs]
[GC 671296K->416065K(2944064K), 0.0357190 secs]
[GC 672129K->419827K(2944064K), 0.0373560 secs]
[GC 675891K->417630K(2944064K), 0.0380450 secs]
[GC 673694K->421366K(2944064K), 0.0327140 secs]
[GC 677430K->422152K(2944064K), 0.0883750 secs]
[GC 678216K->422918K(2944064K), 0.0356860 secs]
[GC 678982K->423720K(2944064K), 0.0361020 secs]
[GC 679784K->421540K(2944064K), 0.0387060 secs]
[GC 677604K->422351K(2944064K), 0.0377970 secs]
[GC 678415K->423157K(2944064K), 0.0375280 secs]
[GC 679221K->423911K(2944064K), 0.0375420 secs]
[GC 679975K->427665K(2944064K), 0.0346250 secs]
[GC 683729K->425553K(2944064K), 0.0388180 secs]
[GC 681617K->429337K(2944064K), 0.0400700 secs]
[GC 685401K->430153K(2944064K), 0.0389620 secs]
[GC 686217K->433960K(2944064K), 0.0360140 secs]
[GC 690024K->430696K(2944064K), 0.0359170 secs]
[GC 686760K->433643K(2944064K), 0.0383690 secs]
[GC 689707K->430131K(2944064K), 0.0404430 secs]
[GC 686195K->437224K(2944064K), 0.0389440 secs]
[GC 693288K->439494K(2944064K), 0.0393290 secs]
[GC 695558K->446193K(2944064K), 0.0424550 secs]
[GC 702257K->440325K(2944064K), 0.0403320 secs]
[GC 696389K->451510K(2944064K), 0.0413260 secs]
[GC 707574K->453208K(2944064K), 0.0414230 secs]
[GC 709272K->457282K(2944064K), 0.0453450 secs]
[GC 713346K->461183K(2944064K), 0.0423200 secs]
[GC 717247K->465156K(2944064K), 0.0417570 secs]
[GC 721220K->468700K(2944064K), 0.0399830 secs]
[GC 724764K->465321K(2944064K), 0.0420540 secs]
[GC 721385K->475704K(2944064K), 0.0424180 secs]
[GC 731768K->479227K(2944064K), 0.0426680 secs]
[GC 735291K->465412K(2944064K), 0.0433600 secs]
[GC 721476K->477347K(2944064K), 0.0442270 secs]
[GC 733411K->483202K(2944064K), 0.0478060 secs]
[GC 739266K->469754K(2944064K), 0.0458160 secs]
[GC 725818K->480997K(2944064K), 0.0415060 secs]
[GC 737061K->470574K(2944064K), 0.0431750 secs]
[GC 726638K->481328K(2944064K), 0.0414230 secs]
[GC 737392K->471937K(2944064K), 0.0413400 secs]
[GC 728001K->476136K(2944064K), 0.0459360 secs]
[GC 732200K->473654K(2944064K), 0.0408950 secs]
[GC 729718K->469404K(2944064K), 0.0411390 secs]
[GC 725468K->470554K(2944064K), 0.0416620 secs]
[GC 726618K->475986K(2944064K), 0.0370320 secs]
[GC 732050K->476527K(2944064K), 0.0391790 secs]
[GC 732591K->475621K(2944064K), 0.0396340 secs]
[GC 731685K->475652K(2944064K), 0.0390550 secs]
[GC 731716K->479797K(2944064K), 0.0340150 secs]
[GC 735861K->477255K(2944064K), 0.0372490 secs]
[GC 733319K->478168K(2944064K), 0.0381360 secs]
[GC 734232K->478928K(2944064K), 0.0393330 secs]
[GC 734992K->479946K(2944064K), 0.0431110 secs]
[GC 736010K->480825K(2944064K), 0.0409480 secs]
[GC 736889K->481699K(2944064K), 0.0366390 secs]
[GC 737763K->482680K(2944064K), 0.0416300 secs]
[GC 738744K->486984K(2944064K), 0.0373850 secs]
[GC 743048K->487876K(2944064K), 0.0378300 secs]
[GC 743940K->488805K(2944064K), 0.0415190 secs]
[GC 744869K->486400K(2944064K), 0.0422960 secs]
[GC 742464K->487373K(2944064K), 0.0389830 secs]
[GC 743437K->488373K(2944064K), 0.0403310 secs]
[GC 744437K->492712K(2944064K), 0.0419470 secs]
[GC 748776K->490131K(2944064K), 0.0428940 secs]
[GC 746195K->491006K(2944064K), 0.0386000 secs]
[GC 747070K->495339K(2944064K), 0.0366620 secs]
[GC 751403K->492785K(2944064K), 0.0396620 secs]
[GC 748849K->500570K(2944064K), 0.0342260 secs]
[GC 756634K->496739K(2944064K), 0.0407840 secs]
[GC 752803K->497048K(2944064K), 0.0427350 secs]
[GC 753112K->496047K(2944064K), 0.0403000 secs]
[GC 752111K->497226K(2944064K), 0.0399740 secs]
[GC 753290K->498282K(2944064K), 0.0395900 secs]
[GC 754346K->499187K(2944064K), 0.0377350 secs]
[GC 755251K->504236K(2944064K), 0.0364460 secs]
[GC 760300K->514718K(2944064K), 0.0391180 secs]
[GC 770782K->508366K(2944064K), 0.0446660 secs]
[GC 764430K->520314K(2944064K), 0.0382860 secs]
[GC 776378K->522410K(2944064K), 0.0412510 secs]
[GC 778474K->527331K(2944064K), 0.0447850 secs]
[GC 783395K->537813K(2944064K), 0.0428560 secs]
[GC 793877K->526058K(2944064K), 0.0468670 secs]
[GC 782122K->541642K(2944064K), 0.0462110 secs]
[GC 797706K->531318K(2944064K), 0.0439290 secs]
[GC 787382K->549279K(2944064K), 0.0498950 secs]
[GC 805343K->532378K(2944064K), 0.0458540 secs]
[GC 788442K->546921K(2944064K), 0.0489770 secs]
[GC 802985K->544324K(2944064K), 0.0482470 secs]
[GC 800388K->546963K(2944064K), 0.0426360 secs]
[GC 803027K->540412K(2944064K), 0.0427060 secs]
[GC 795971K->541735K(2944064K), 0.0460180 secs]
[GC 797799K->542708K(2944064K), 0.0459930 secs]
[GC 798772K->543680K(2944064K), 0.0437750 secs]
[GC 799744K->551948K(2944064K), 0.0465180 secs]
[GC 808012K->538245K(2944064K), 0.0413430 secs]
[GC 794309K->545725K(2944064K), 0.0428110 secs]
[GC 801789K->546395K(2944064K), 0.0449860 secs]
[GC 802459K->547226K(2944064K), 0.0445110 secs]
[GC 803290K->547739K(2944064K), 0.0421960 secs]
[GC 803803K->548254K(2944064K), 0.0383110 secs]
[GC 804318K->546871K(2944064K), 0.0440840 secs]
[GC 802935K->551267K(2944064K), 0.0348520 secs]
[GC 807331K->548221K(2944064K), 0.0431730 secs]
[GC 804285K->553083K(2944064K), 0.0385110 secs]
[GC 809147K->550266K(2944064K), 0.0378490 secs]
[GC 806330K->551273K(2944064K), 0.0335670 secs]
[GC 807337K->560024K(2944064K), 0.0360300 secs]
[GC 816088K->555757K(2944064K), 0.0409450 secs]
[GC 811821K->559555K(2944064K), 0.0362620 secs]
[GC 815619K->566350K(2944064K), 0.0384240 secs]
[GC 822414K->559621K(2944064K), 0.0408630 secs]
[GC 815685K->570995K(2944064K), 0.0369640 secs]
[GC 827059K->578698K(2944064K), 0.0435020 secs]
[GC 834762K->570605K(2944064K), 0.0432710 secs]
[GC 826669K->585604K(2944064K), 0.0416980 secs]
[GC 841668K->587679K(2944064K), 0.0432530 secs]
[GC 843743K->600037K(2944064K), 0.0475820 secs]
[GC 856101K->581898K(2944064K), 0.0438850 secs]
[GC 837962K->604634K(2944064K), 0.0513150 secs]
[GC 860698K->591772K(2944064K), 0.0499790 secs]
[GC 847836K->609058K(2944064K), 0.0461860 secs]
[GC 865122K->589604K(2944064K), 0.0475900 secs]
[GC 845668K->604051K(2944064K), 0.0463770 secs]
[GC 860115K->610008K(2944064K), 0.0471150 secs]
[GC 866072K->595583K(2944064K), 0.0464870 secs]
[GC 851647K->609579K(2944064K), 0.0504100 secs]
[GC 865643K->606882K(2944064K), 0.0456770 secs]
[GC 862946K->600295K(2944064K), 0.0433550 secs]
[GC 856359K->593822K(2944064K), 0.0430290 secs]
[GC 849886K->595384K(2944064K), 0.0482370 secs]
[GC 851448K->603344K(2944064K), 0.0474420 secs]
[GC 859408K->598133K(2944064K), 0.0443060 secs]
[GC 854197K->599167K(2944064K), 0.0367290 secs]
[GC 855231K->604139K(2944064K), 0.0472360 secs]
[GC 860203K->608316K(2944064K), 0.0428730 secs]
[GC 864380K->604472K(2944064K), 0.0472860 secs]
[GC 860536K->605579K(2944064K), 0.0355820 secs]
[GC 861643K->611189K(2944064K), 0.0451330 secs]
[GC 867253K->623808K(2944064K), 0.0388520 secs]
[GC 879872K->619159K(2944064K), 0.0474360 secs]
[GC 875223K->625802K(2944064K), 0.0444680 secs]
[GC 881866K->633741K(2944064K), 0.0509240 secs]
[GC 889805K->646757K(2944064K), 0.0483320 secs]
[GC 902821K->633945K(2944064K), 0.0498840 secs]
[GC 890009K->653192K(2944064K), 0.0489480 secs]
[GC 909256K->641232K(2944064K), 0.0454130 secs]
[GC 897296K->653691K(2944064K), 0.0525520 secs]
[GC 909755K->660812K(2944064K), 0.0471070 secs]
[GC 916876K->644365K(2944064K), 0.0490890 secs]
[GC 900429K->668397K(2944064K), 0.0477450 secs]
[GC 924461K->646551K(2944064K), 0.0516560 secs]
[GC 902615K->677106K(2944064K), 0.0505940 secs]
[GC 933170K->692433K(2944064K), 0.0548390 secs]
[GC 948497K->664900K(2944064K), 0.0543920 secs]
[GC 920964K->699656K(2944064K), 0.0546960 secs]
[GC 955720K->673520K(2944064K), 0.0545630 secs]
[GC 929584K->709855K(2944064K), 0.0539100 secs]
[GC 965919K->681947K(2944064K), 0.0547970 secs]
[GC 938011K->691105K(2944064K), 0.0534260 secs]
[GC 947169K->697702K(2944064K), 0.0547880 secs]
[GC 953766K->698970K(2944064K), 0.0547400 secs]
[GC 955034K->709165K(2944064K), 0.0519460 secs]
[GC 965229K->688675K(2944064K), 0.0485850 secs]
[GC 944739K->705384K(2944064K), 0.0491530 secs]
[GC 961448K->702480K(2944064K), 0.0508210 secs]
[GC 958544K->707704K(2944064K), 0.0575780 secs]
[GC 963768K->699115K(2944064K), 0.0537330 secs]
[GC 955179K->690565K(2944064K), 0.0482140 secs]
 WARN  [Thread-0] {org.radargun.ShutDownHook} Slave process: unexpected shutdown!
 INFO  [hz._hzInstance_1_FenixFrameworkGroup.IO.thread-in-2] {com.hazelcast.nio.TcpIpConnection} [127.0.0.1]:5709 [FenixFrameworkGroup] Connection [Address[127.0.0.1]:5701] lost. Reason: java.io.EOFException[Remote socket closed!]
 INFO  [hz._hzInstance_1_FenixFrameworkGroup.IO.thread-in-0] {com.hazelcast.nio.TcpIpConnection} [127.0.0.1]:5709 [FenixFrameworkGroup] Connection [Address[127.0.0.1]:5703] lost. Reason: java.io.EOFException[Remote socket closed!]
 INFO  [hz.ShutdownThread] {com.hazelcast.nio.TcpIpConnection} [127.0.0.1]:5709 [FenixFrameworkGroup] Connection [Address[127.0.0.1]:5707] lost. Reason: Socket explicitly closed
 INFO  [hz._hzInstance_1_FenixFrameworkGroup.IO.thread-in-0] {com.hazelcast.nio.TcpIpConnection} [127.0.0.1]:5709 [FenixFrameworkGroup] Connection [Address[127.0.0.1]:5710] lost. Reason: java.io.EOFException[Remote socket closed!]
 INFO  [hz.ShutdownThread] {com.hazelcast.nio.TcpIpConnection} [127.0.0.1]:5709 [FenixFrameworkGroup] Connection [Address[127.0.0.1]:5708] lost. Reason: Socket explicitly closed
 INFO  [hz.ShutdownThread] {com.hazelcast.nio.TcpIpConnection} [127.0.0.1]:5709 [FenixFrameworkGroup] Connection [Address[127.0.0.1]:5706] lost. Reason: Socket explicitly closed
 INFO  [hz._hzInstance_1_FenixFrameworkGroup.IO.thread-in-1] {com.hazelcast.nio.TcpIpConnection} [127.0.0.1]:5709 [FenixFrameworkGroup] Connection [Address[127.0.0.1]:5710] lost. Reason: java.io.EOFException[Remote socket closed!]
 INFO  [hz.ShutdownThread] {com.hazelcast.nio.TcpIpConnection} [127.0.0.1]:5709 [FenixFrameworkGroup] Connection [Address[127.0.0.1]:5705] lost. Reason: Socket explicitly closed
 INFO  [hz.ShutdownThread] {com.hazelcast.nio.TcpIpConnection} [127.0.0.1]:5709 [FenixFrameworkGroup] Connection [Address[127.0.0.1]:5711] lost. Reason: Socket explicitly closed
 INFO  [hz.ShutdownThread] {com.hazelcast.nio.TcpIpConnection} [127.0.0.1]:5709 [FenixFrameworkGroup] Connection [Address[127.0.0.1]:5712] lost. Reason: Socket explicitly closed
 INFO  [hz._hzInstance_1_FenixFrameworkGroup.IO.thread-in-0] {com.hazelcast.nio.TcpIpConnection} [127.0.0.1]:5709 [FenixFrameworkGroup] Connection [Address[127.0.0.1]:5704] lost. Reason: java.io.EOFException[Remote socket closed!]
 INFO  [hz.ShutdownThread] {com.hazelcast.nio.TcpIpConnection} [127.0.0.1]:5709 [FenixFrameworkGroup] Connection [Address[127.0.0.1]:5713] lost. Reason: Socket explicitly closed
 INFO  [hz.ShutdownThread] {com.hazelcast.nio.TcpIpConnection} [127.0.0.1]:5709 [FenixFrameworkGroup] Connection [Address[127.0.0.1]:5705] lost. Reason: Socket explicitly closed
 INFO  [hz.ShutdownThread] {com.hazelcast.nio.TcpIpConnection} [127.0.0.1]:5709 [FenixFrameworkGroup] Connection [Address[127.0.0.1]:5713] lost. Reason: Socket explicitly closed
 INFO  [hz.ShutdownThread] {com.hazelcast.nio.TcpIpConnection} [127.0.0.1]:5709 [FenixFrameworkGroup] Connection [Address[127.0.0.1]:5707] lost. Reason: Socket explicitly closed
 INFO  [hz.ShutdownThread] {com.hazelcast.nio.TcpIpConnection} [127.0.0.1]:5709 [FenixFrameworkGroup] Connection [Address[127.0.0.1]:5706] lost. Reason: Socket explicitly closed
 INFO  [hz.ShutdownThread] {com.hazelcast.nio.TcpIpConnection} [127.0.0.1]:5709 [FenixFrameworkGroup] Connection [Address[127.0.0.1]:5708] lost. Reason: Socket explicitly closed
 INFO  [hz.ShutdownThread] {com.hazelcast.initializer} [127.0.0.1]:5709 [FenixFrameworkGroup] Destroying node initializer.
 INFO  [hz.ShutdownThread] {com.hazelcast.instance.Node} [127.0.0.1]:5709 [FenixFrameworkGroup] Hazelcast Shutdown is completed in 76 ms.
 INFO  [hz._hzInstance_2_dev.IO.thread-in-2] {com.hazelcast.nio.TcpIpConnection} [127.0.0.1]:5719 [dev] Connection [Address[127.0.0.1]:5721] lost. Reason: java.io.EOFException[Remote socket closed!]
 INFO  [hz._hzInstance_2_dev.IO.thread-in-1] {com.hazelcast.nio.TcpIpConnection} [127.0.0.1]:5719 [dev] Connection [Address[127.0.0.1]:5720] lost. Reason: java.io.EOFException[Remote socket closed!]
 INFO  [hz._hzInstance_2_dev.IO.thread-in-1] {com.hazelcast.nio.TcpIpConnection} [127.0.0.1]:5719 [dev] Connection [Address[127.0.0.1]:5702] lost. Reason: java.io.EOFException[Remote socket closed!]
 INFO  [hz._hzInstance_2_dev.IO.thread-in-2] {com.hazelcast.nio.TcpIpConnection} [127.0.0.1]:5719 [dev] Connection [Address[127.0.0.1]:5720] lost. Reason: java.io.EOFException[Remote socket closed!]
 INFO  [hz._hzInstance_2_dev.IO.thread-in-1] {com.hazelcast.nio.TcpIpConnection} [127.0.0.1]:5719 [dev] Connection [Address[127.0.0.1]:5721] lost. Reason: java.io.EOFException[Remote socket closed!]
 INFO  [hz._hzInstance_2_dev.IO.thread-in-1] {com.hazelcast.nio.TcpIpConnection} [127.0.0.1]:5719 [dev] Connection [Address[127.0.0.1]:5723] lost. Reason: java.io.EOFException[Remote socket closed!]
 INFO  [hz._hzInstance_2_dev.IO.thread-in-0] {com.hazelcast.nio.TcpIpConnection} [127.0.0.1]:5719 [dev] Connection [Address[127.0.0.1]:5724] lost. Reason: java.io.EOFException[Remote socket closed!]
 INFO  [hz._hzInstance_2_dev.IO.thread-in-0] {com.hazelcast.nio.TcpIpConnection} [127.0.0.1]:5719 [dev] Connection [Address[127.0.0.1]:5723] lost. Reason: java.io.EOFException[Remote socket closed!]
 INFO  [hz._hzInstance_2_dev.IO.thread-in-0] {com.hazelcast.nio.TcpIpConnection} [127.0.0.1]:5719 [dev] Connection [Address[127.0.0.1]:5714] lost. Reason: java.io.EOFException[Remote socket closed!]
 INFO  [hz._hzInstance_2_dev.IO.thread-in-2] {com.hazelcast.nio.TcpIpConnection} [127.0.0.1]:5719 [dev] Connection [Address[127.0.0.1]:5724] lost. Reason: java.io.EOFException[Remote socket closed!]
 INFO  [hz._hzInstance_2_dev.IO.thread-in-1] {com.hazelcast.nio.TcpIpConnection} [127.0.0.1]:5719 [dev] Connection [Address[127.0.0.1]:5715] lost. Reason: java.io.EOFException[Remote socket closed!]
 INFO  [hz._hzInstance_2_dev.IO.thread-in-2] {com.hazelcast.nio.TcpIpConnection} [127.0.0.1]:5719 [dev] Connection [Address[127.0.0.1]:5714] lost. Reason: java.io.EOFException[Remote socket closed!]
 INFO  [hz._hzInstance_2_dev.IO.thread-in-1] {com.hazelcast.nio.TcpIpConnection} [127.0.0.1]:5719 [dev] Connection [Address[127.0.0.1]:5716] lost. Reason: java.io.EOFException[Remote socket closed!]
 INFO  [hz._hzInstance_2_dev.IO.thread-in-2] {com.hazelcast.nio.TcpIpConnection} [127.0.0.1]:5719 [dev] Connection [Address[127.0.0.1]:5717] lost. Reason: java.io.EOFException[Remote socket closed!]
 INFO  [hz.ShutdownThread] {com.hazelcast.nio.TcpIpConnection} [127.0.0.1]:5719 [dev] Connection [Address[127.0.0.1]:5718] lost. Reason: Socket explicitly closed
 INFO  [hz.ShutdownThread] {com.hazelcast.nio.TcpIpConnection} [127.0.0.1]:5719 [dev] Connection [Address[127.0.0.1]:5716] lost. Reason: Socket explicitly closed
 INFO  [hz.ShutdownThread] {com.hazelcast.nio.TcpIpConnection} [127.0.0.1]:5719 [dev] Connection [Address[127.0.0.1]:5722] lost. Reason: Socket explicitly closed
 INFO  [hz.ShutdownThread] {com.hazelcast.nio.TcpIpConnection} [127.0.0.1]:5719 [dev] Connection [Address[127.0.0.1]:5718] lost. Reason: Socket explicitly closed
 INFO  [hz.ShutdownThread] {com.hazelcast.nio.TcpIpConnection} [127.0.0.1]:5719 [dev] Connection [Address[127.0.0.1]:5715] lost. Reason: Socket explicitly closed
 INFO  [hz.ShutdownThread] {com.hazelcast.nio.TcpIpConnection} [127.0.0.1]:5719 [dev] Connection [Address[127.0.0.1]:5717] lost. Reason: Socket explicitly closed
 INFO  [hz.ShutdownThread] {com.hazelcast.nio.TcpIpConnection} [127.0.0.1]:5719 [dev] Connection [Address[127.0.0.1]:5722] lost. Reason: Socket explicitly closed
 INFO  [hz.ShutdownThread] {com.hazelcast.initializer} [127.0.0.1]:5719 [dev] Destroying node initializer.
 INFO  [hz.ShutdownThread] {com.hazelcast.instance.Node} [127.0.0.1]:5719 [dev] Hazelcast Shutdown is completed in 320 ms.
