/usr/java/jdk1.7.0_21/bin/java -server -Xmx1024M -Xms1024M -Dresolve.dns=false -Djgroups.timer.num_threads=4 -verbose:gc -Xmx5000M -Xms3000M -server -XX:+UseConcMarkSweepGC -XX:+AggressiveOpts -verbose:gc -XX:ParallelGCThreads=4 -XX:NewRatio=5 -XX:SurvivorRatio=2 -Dhazelcast.operation.thread.count=4 -Djava.net.preferIPv4Stack=true -Dlog4j.file.prefix=deimos-esw-10945 -Dbind.address= -Djgroups.bind_addr= -classpath /home/smf/github/radargun/target/distribution/RadarGun-1.1.0-SNAPSHOT/lib/activation-1.1.jar:/home/smf/github/radargun/target/distribution/RadarGun-1.1.0-SNAPSHOT/lib/commons-beanutils-1.8.0.jar:/home/smf/github/radargun/target/distribution/RadarGun-1.1.0-SNAPSHOT/lib/commons-digester-2.0.jar:/home/smf/github/radargun/target/distribution/RadarGun-1.1.0-SNAPSHOT/lib/commons-logging-1.1.1.jar:/home/smf/github/radargun/target/distribution/RadarGun-1.1.0-SNAPSHOT/lib/commons-math-1.2.jar:/home/smf/github/radargun/target/distribution/RadarGun-1.1.0-SNAPSHOT/lib/jboss-transaction-api-1.0.1.GA.jar:/home/smf/github/radargun/target/distribution/RadarGun-1.1.0-SNAPSHOT/lib/jcommon-1.0.15.jar:/home/smf/github/radargun/target/distribution/RadarGun-1.1.0-SNAPSHOT/lib/jfreechart-1.0.12.jar:/home/smf/github/radargun/target/distribution/RadarGun-1.1.0-SNAPSHOT/lib/log4j-1.2.14.jar:/home/smf/github/radargun/target/distribution/RadarGun-1.1.0-SNAPSHOT/lib/mail-1.4.2.jar:/home/smf/github/radargun/target/distribution/RadarGun-1.1.0-SNAPSHOT/lib/radargun-framework-1.1.0-SNAPSHOT.jar:/home/smf/github/radargun/target/distribution/RadarGun-1.1.0-SNAPSHOT/conf org.radargun.Slave -master 127.0.0.1:2103
--------------------------------------------------------------------------------
PerNodeRollingFileAppender::Using file prefix:deimos-esw-10945
 INFO  [main] {org.radargun.Slave} Attempting to connect to master 127.0.0.1:2103
 INFO  [main] {org.radargun.Slave} Successfully established connection with master at: 127.0.0.1:2103
Loading JARS from /home/smf/github/radargun/target/distribution/RadarGun-1.1.0-SNAPSHOT/lib/radargun-framework-1.1.0-SNAPSHOT.jar
 INFO  [pool-1-thread-1] {org.radargun.config.AnnotatedHelper} Loading JARS from /home/smf/github/radargun/target/distribution/RadarGun-1.1.0-SNAPSHOT/lib/radargun-framework-1.1.0-SNAPSHOT.jar
 INFO  [pool-1-thread-1] {org.radargun.config.AnnotatedHelper} Loading JARS from /home/smf/github/radargun/target/distribution/RadarGun-1.1.0-SNAPSHOT/lib/radargun-framework-1.1.0-SNAPSHOT.jar
 INFO  [pool-1-thread-1] {org.radargun.Slave} Executing stage: DestroyWrapper {enforceMemoryThrashHold=true, exitBenchmarkOnSlaveFailure=false, heapDumpDir=null, memoryThreshold=95, runOnAllSlaves=true, slaves=null, useSmartClassLoading=true }
 INFO  [pool-1-thread-1] {org.radargun.stages.DestroyWrapperStage} Received destroy cache wrapper request from master...
 INFO  [pool-1-thread-1] {org.radargun.stages.DestroyWrapperStage} No cache wrapper deployed on this slave, nothing to do.
 INFO  [pool-1-thread-1] {org.radargun.stages.DestroyWrapperStage} Before executing clear, memory looks like this: Memory - free: 2,928,638 kb - max:4,906,688 kb- total:2,944,000 kb
[Full GC 15361K->3631K(2944000K), 0.0766890 secs]
 INFO  [pool-1-thread-1] {org.radargun.stages.DestroyWrapperStage} After executing cleanup, memory looks like this: Memory - free: 2,935,311 kb - max:4,906,688 kb- total:2,944,064 kb
 INFO  [pool-1-thread-1] {org.radargun.Slave} Finished stage: DestroyWrapper {enforceMemoryThrashHold=true, exitBenchmarkOnSlaveFailure=false, heapDumpDir=null, memoryThreshold=95, runOnAllSlaves=true, slaves=null, useSmartClassLoading=true }
 INFO  [main] {org.radargun.Slave} Ack successfully sent to the master
 INFO  [pool-1-thread-1] {org.radargun.Slave} Executing stage: StartCluster {config=ispn52-repl-sync-rc.xml, delayAfterFirstSlaveStarts=5.000 secs, delayBetweenStartingSlaves=0.500 secs, exitBenchmarkOnSlaveFailure=true, expectNumSlaves=null, mayFailOn=null, reachable=null, runOnAllSlaves=false, slaves=null, staggerSlaveStartup=true, useSmartClassLoading=true, validateCluster=true }
 INFO  [pool-1-thread-1] {org.radargun.stages.StartClusterStage}  Startup staggering, starting 12 slaves. This is the slave with index 1. Sleeping for 5500 millis.
 INFO  [pool-1-thread-1] {org.radargun.stages.StartClusterStage} Ack master's StartCluster stage. Local address is: /127.0.0.1. This slave's index is: 1
 INFO  [pool-1-thread-1] {org.radargun.utils.ClassLoadHelper} Creating newInstance org.radargun.cachewrappers.FFWrapper with classloader java.net.URLClassLoader@3fbefe6e
 INFO  [pool-1-thread-1] {org.radargun.cachewrappers.FFWrapper} config=ispn52-repl-sync-rc.xml, isLocal=false, nodeIndex=1, confAttributes={name=ispn52-repl-sync-rc.xml, decorate=infinispan52}
 INFO  [pool-1-thread-1] {org.radargun.cachewrappers.FFWrapper} Found fenix framework config options in 'rg-fenix-framework-config-options.properties'.
 INFO  [pool-1-thread-1] {org.radargun.cachewrappers.FFWrapper} Setting extra config properties for Fenix Framework.
 INFO  [pool-1-thread-1] {org.radargun.cachewrappers.FFWrapper} Will initialize Fenix Framework with RadarGunDataGridConfig
 TRACE [pool-1-thread-1] {pt.ist.fenixframework.FenixFramework} Static initializer block for FenixFramework class [BEGIN]
 INFO  [pool-1-thread-1] {pt.ist.fenixframework.FenixFramework} Trying auto-initialization with configuration by convention
 INFO  [pool-1-thread-1] {pt.ist.fenixframework.FenixFramework} Resource 'fenix-framework.properties' not found
 DEBUG [pool-1-thread-1] {pt.ist.fenixframework.FenixFramework} Fenix Framework properties after reading default config file:{}
 DEBUG [pool-1-thread-1] {pt.ist.fenixframework.FenixFramework} CurrentBackEndName = jvstm-datagrid
 INFO  [pool-1-thread-1] {pt.ist.fenixframework.FenixFramework} Resource 'fenix-framework-jvstm-datagrid.properties' not found
 DEBUG [pool-1-thread-1] {pt.ist.fenixframework.FenixFramework} Fenix Framework properties after reading backend config file:{}
 DEBUG [pool-1-thread-1] {pt.ist.fenixframework.FenixFramework} Fenix Framework properties after enforcing system properties:{}
 INFO  [pool-1-thread-1] {pt.ist.fenixframework.FenixFramework} Skipping configuration by convention.
 TRACE [pool-1-thread-1] {pt.ist.fenixframework.FenixFramework} Static initializer block for FenixFramework class [END]
 INFO  [pool-1-thread-1] {pt.ist.fenixframework.FenixFramework} Initializing Fenix Framework with config.class=pt.ist.fenixframework.backend.jvstm.datagrid.radargun.RadarGunDataGridConfig
 INFO  [pool-1-thread-1] {pt.ist.fenixframework.backend.jvstm.cluster.JvstmClusterBackEnd} initializeGroupCommunication()
 INFO  [pool-1-thread-1] {com.hazelcast.config.ClasspathXmlConfig} Configuring Hazelcast from 'hazelcast-ff.xml'.
 INFO  [pool-1-thread-1] {com.hazelcast.instance.DefaultAddressPicker} Interfaces is disabled, trying to pick one address from TCP-IP config addresses: [127.0.0.1]
 INFO  [pool-1-thread-1] {com.hazelcast.instance.DefaultAddressPicker} Picked Address[127.0.0.1]:5702, using socket ServerSocket[addr=/0.0.0.0,localport=5702], bind any local is true
 INFO  [pool-1-thread-1] {com.hazelcast.system} [127.0.0.1]:5702 [FenixFrameworkGroup] Hazelcast Community Edition 3.0.2 (20130906) starting at Address[127.0.0.1]:5702
 INFO  [pool-1-thread-1] {com.hazelcast.system} [127.0.0.1]:5702 [FenixFrameworkGroup] Copyright (C) 2008-2013 Hazelcast.com
 INFO  [pool-1-thread-1] {com.hazelcast.instance.Node} [127.0.0.1]:5702 [FenixFrameworkGroup] Creating MulticastJoiner
 INFO  [pool-1-thread-1] {com.hazelcast.core.LifecycleService} [127.0.0.1]:5702 [FenixFrameworkGroup] Address[127.0.0.1]:5702 is STARTING
 INFO  [pool-1-thread-1] {com.hazelcast.cluster.TcpIpJoiner} [127.0.0.1]:5702 [FenixFrameworkGroup] Connecting to possible member: Address[127.0.0.1]:5703
 INFO  [pool-1-thread-1] {com.hazelcast.cluster.TcpIpJoiner} [127.0.0.1]:5702 [FenixFrameworkGroup] Connecting to possible member: Address[127.0.0.1]:5701
 INFO  [hz._hzInstance_1_FenixFrameworkGroup.cached.thread-3] {com.hazelcast.nio.SocketConnector} [127.0.0.1]:5702 [FenixFrameworkGroup] Connecting to /127.0.0.1:5701, timeout: 0, bind-any: true
 INFO  [hz._hzInstance_1_FenixFrameworkGroup.cached.thread-2] {com.hazelcast.nio.SocketConnector} [127.0.0.1]:5702 [FenixFrameworkGroup] Connecting to /127.0.0.1:5703, timeout: 0, bind-any: true
 INFO  [hz._hzInstance_1_FenixFrameworkGroup.cached.thread-3] {com.hazelcast.nio.TcpIpConnectionManager} [127.0.0.1]:5702 [FenixFrameworkGroup] 51956 accepted socket connection from /127.0.0.1:5701
 INFO  [hz._hzInstance_1_FenixFrameworkGroup.cached.thread-2] {com.hazelcast.nio.TcpIpConnectionManager} [127.0.0.1]:5702 [FenixFrameworkGroup] 40476 accepted socket connection from /127.0.0.1:5703
 INFO  [hz._hzInstance_1_FenixFrameworkGroup.IO.thread-Acceptor] {com.hazelcast.nio.SocketAcceptor} [127.0.0.1]:5702 [FenixFrameworkGroup] Accepting socket connection from /127.0.0.1:58873
 INFO  [hz._hzInstance_1_FenixFrameworkGroup.IO.thread-Acceptor] {com.hazelcast.nio.TcpIpConnectionManager} [127.0.0.1]:5702 [FenixFrameworkGroup] 5702 accepted socket connection from /127.0.0.1:58873
 INFO  [hz._hzInstance_1_FenixFrameworkGroup.IO.thread-Acceptor] {com.hazelcast.nio.SocketAcceptor} [127.0.0.1]:5702 [FenixFrameworkGroup] Accepting socket connection from /127.0.0.1:49296
 INFO  [hz._hzInstance_1_FenixFrameworkGroup.IO.thread-Acceptor] {com.hazelcast.nio.TcpIpConnectionManager} [127.0.0.1]:5702 [FenixFrameworkGroup] 5702 accepted socket connection from /127.0.0.1:49296
 INFO  [hz._hzInstance_1_FenixFrameworkGroup.IO.thread-Acceptor] {com.hazelcast.nio.SocketAcceptor} [127.0.0.1]:5702 [FenixFrameworkGroup] Accepting socket connection from /127.0.0.1:58269
 INFO  [hz._hzInstance_1_FenixFrameworkGroup.IO.thread-Acceptor] {com.hazelcast.nio.TcpIpConnectionManager} [127.0.0.1]:5702 [FenixFrameworkGroup] 5702 accepted socket connection from /127.0.0.1:58269
 INFO  [hz._hzInstance_1_FenixFrameworkGroup.IO.thread-Acceptor] {com.hazelcast.nio.SocketAcceptor} [127.0.0.1]:5702 [FenixFrameworkGroup] Accepting socket connection from /127.0.0.1:53003
 INFO  [hz._hzInstance_1_FenixFrameworkGroup.IO.thread-Acceptor] {com.hazelcast.nio.TcpIpConnectionManager} [127.0.0.1]:5702 [FenixFrameworkGroup] 5702 accepted socket connection from /127.0.0.1:53003
 INFO  [hz._hzInstance_1_FenixFrameworkGroup.IO.thread-Acceptor] {com.hazelcast.nio.SocketAcceptor} [127.0.0.1]:5702 [FenixFrameworkGroup] Accepting socket connection from /127.0.0.1:42738
 INFO  [hz._hzInstance_1_FenixFrameworkGroup.IO.thread-Acceptor] {com.hazelcast.nio.TcpIpConnectionManager} [127.0.0.1]:5702 [FenixFrameworkGroup] 5702 accepted socket connection from /127.0.0.1:42738
 INFO  [hz._hzInstance_1_FenixFrameworkGroup.IO.thread-Acceptor] {com.hazelcast.nio.SocketAcceptor} [127.0.0.1]:5702 [FenixFrameworkGroup] Accepting socket connection from /127.0.0.1:34644
 INFO  [hz._hzInstance_1_FenixFrameworkGroup.IO.thread-Acceptor] {com.hazelcast.nio.TcpIpConnectionManager} [127.0.0.1]:5702 [FenixFrameworkGroup] 5702 accepted socket connection from /127.0.0.1:34644
 INFO  [hz._hzInstance_1_FenixFrameworkGroup.IO.thread-Acceptor] {com.hazelcast.nio.SocketAcceptor} [127.0.0.1]:5702 [FenixFrameworkGroup] Accepting socket connection from /127.0.0.1:53958
 INFO  [hz._hzInstance_1_FenixFrameworkGroup.IO.thread-Acceptor] {com.hazelcast.nio.TcpIpConnectionManager} [127.0.0.1]:5702 [FenixFrameworkGroup] 5702 accepted socket connection from /127.0.0.1:53958
 INFO  [hz._hzInstance_1_FenixFrameworkGroup.IO.thread-Acceptor] {com.hazelcast.nio.SocketAcceptor} [127.0.0.1]:5702 [FenixFrameworkGroup] Accepting socket connection from /127.0.0.1:51771
 INFO  [hz._hzInstance_1_FenixFrameworkGroup.IO.thread-Acceptor] {com.hazelcast.nio.TcpIpConnectionManager} [127.0.0.1]:5702 [FenixFrameworkGroup] 5702 accepted socket connection from /127.0.0.1:51771
 INFO  [hz._hzInstance_1_FenixFrameworkGroup.IO.thread-Acceptor] {com.hazelcast.nio.SocketAcceptor} [127.0.0.1]:5702 [FenixFrameworkGroup] Accepting socket connection from /127.0.0.1:32895
 INFO  [hz._hzInstance_1_FenixFrameworkGroup.IO.thread-Acceptor] {com.hazelcast.nio.TcpIpConnectionManager} [127.0.0.1]:5702 [FenixFrameworkGroup] 5702 accepted socket connection from /127.0.0.1:32895
 INFO  [hz._hzInstance_1_FenixFrameworkGroup.cached.thread-3] {com.hazelcast.cluster.ClusterService} [127.0.0.1]:5702 [FenixFrameworkGroup] 

Members [12] {
	Member [127.0.0.1]:5701
	Member [127.0.0.1]:5702 this
	Member [127.0.0.1]:5704
	Member [127.0.0.1]:5705
	Member [127.0.0.1]:5706
	Member [127.0.0.1]:5703
	Member [127.0.0.1]:5707
	Member [127.0.0.1]:5708
	Member [127.0.0.1]:5709
	Member [127.0.0.1]:5710
	Member [127.0.0.1]:5711
	Member [127.0.0.1]:5712
}

 INFO  [pool-1-thread-1] {com.hazelcast.core.LifecycleService} [127.0.0.1]:5702 [FenixFrameworkGroup] Address[127.0.0.1]:5702 is STARTED
 INFO  [pool-1-thread-1] {pt.ist.fenixframework.backend.jvstm.cluster.ClusterUtils} Got (long) serverId: 10
 INFO  [pool-1-thread-1] {pt.ist.fenixframework.backend.jvstm.cluster.JvstmClusterBackEnd} This is NOT the first node.
 INFO  [pool-1-thread-1] {pt.ist.fenixframework.backend.jvstm.cluster.ClusterUtils} Waiting for startup from first node
 INFO  [pool-1-thread-1] {pt.ist.fenixframework.backend.jvstm.JVSTMBackEnd} initializeRepository()
 INFO  [pool-1-thread-1] {pt.ist.fenixframework.backend.jvstm.datagrid.radargun.DataGridDecorator} config=ispn52-repl-sync-rc.xml, isLocal=false, nodeIndex=1, confAttributes={name=ispn52-repl-sync-rc.xml}
 INFO  [pool-1-thread-1] {org.radargun.cachewrappers.InfinispanXSWrapper} Cannot find any site for slave index 1
[GC 259695K->12901K(2944064K), 0.0453530 secs]
 INFO  [pool-1-thread-1] {org.infinispan.remoting.transport.jgroups.JGroupsTransport} ISPN000078: Starting JGroups Channel
 WARN  [pool-1-thread-1] {org.jgroups.protocols.UDP} [JGRP00014] the send buffer of socket DatagramSocket was set to 640KB, but the OS only allocated 229.38KB. This might lead to performance problems. Please set your max send buffer in the OS correctly (e.g. net.core.wmem_max on Linux)
 WARN  [pool-1-thread-1] {org.jgroups.protocols.UDP} [JGRP00014] the receive buffer of socket DatagramSocket was set to 20MB, but the OS only allocated 229.38KB. This might lead to performance problems. Please set your max receive buffer in the OS correctly (e.g. net.core.rmem_max on Linux)
 WARN  [pool-1-thread-1] {org.jgroups.protocols.UDP} [JGRP00014] the send buffer of socket MulticastSocket was set to 640KB, but the OS only allocated 229.38KB. This might lead to performance problems. Please set your max send buffer in the OS correctly (e.g. net.core.wmem_max on Linux)
 WARN  [pool-1-thread-1] {org.jgroups.protocols.UDP} [JGRP00014] the receive buffer of socket MulticastSocket was set to 25MB, but the OS only allocated 229.38KB. This might lead to performance problems. Please set your max receive buffer in the OS correctly (e.g. net.core.rmem_max on Linux)
 INFO  [pool-1-thread-1] {org.infinispan.remoting.transport.jgroups.JGroupsTransport} ISPN000094: Received new cluster view: [deimos-esw-25001|7] [deimos-esw-25001, deimos-esw-59234, deimos-esw-54821, deimos-esw-19432, deimos-esw-52096, deimos-esw-36490, deimos-esw-27773, deimos-esw-39184, deimos-esw-27189, deimos-esw-56798, deimos-esw-10448, deimos-esw-2421]
 INFO  [pool-1-thread-1] {org.infinispan.remoting.transport.jgroups.JGroupsTransport} ISPN000079: Cache local address is deimos-esw-2421, physical addresses are [127.0.0.1:52011]
 INFO  [pool-1-thread-1] {org.infinispan.factories.GlobalComponentRegistry} ISPN000128: Infinispan version: Infinispan 'Delirium' 5.2.6.Final
 INFO  [pool-1-thread-1] {org.infinispan.transaction.lookup.JBossStandaloneJTAManagerLookup} ISPN000107: Retrieving transaction manager Transaction: unknown
 INFO  [pool-1-thread-1] {org.infinispan.jmx.CacheJmxRegistration} ISPN000031: MBeans were successfully registered to the platform MBean server.
 INFO  [pool-1-thread-1] {org.radargun.cachewrappers.InfinispanXSWrapper} Using transaction manager: Transaction: unknown
 INFO  [pool-1-thread-1] {org.radargun.cachewrappers.InfinispanXSWrapper} No RELAY2 protocol in XS wrapper
 INFO  [pool-1-thread-1] {org.radargun.cachewrappers.InfinispanXSWrapper} JGroups version: JGroups 3.2.7.Final
 INFO  [pool-1-thread-1] {org.radargun.cachewrappers.InfinispanXSWrapper} Using config attributes: {name=ispn52-repl-sync-rc.xml}
 INFO  [pool-1-thread-1] {pt.ist.fenixframework.backend.jvstm.datagrid.DataGridRepository} Initialization marker is present. Data Grid already existed.
 INFO  [pool-1-thread-1] {pt.ist.fenixframework.backend.jvstm.JVSTMBackEnd} initializeDomainClassInfos
 INFO  [pool-1-thread-1] {pt.ist.fenixframework.backend.jvstm.pstm.DomainClassInfo} serverId: 10, serverOidBase: a000000000000
 INFO  [pool-1-thread-1] {pt.ist.fenixframework.backend.jvstm.pstm.DomainClassInfo} Existing domain class 'pt.ist.fenixframework.adt.bplustree.BPlusTree' with id '7'
 INFO  [pool-1-thread-1] {pt.ist.fenixframework.backend.jvstm.pstm.DomainClassInfo} Existing domain class 'pt.ist.fenixframework.adt.bplustree.InnerNode' with id '8'
 INFO  [pool-1-thread-1] {pt.ist.fenixframework.backend.jvstm.pstm.DomainClassInfo} Existing domain class 'pt.ist.fenixframework.adt.bplustree.DomainLeafNode' with id '1'
 INFO  [pool-1-thread-1] {pt.ist.fenixframework.backend.jvstm.pstm.DomainClassInfo} Existing domain class 'pt.ist.fenixframework.adt.bplustree.InnerNodeArray' with id 'b'
 INFO  [pool-1-thread-1] {pt.ist.fenixframework.backend.jvstm.pstm.DomainClassInfo} Existing domain class 'pt.ist.fenixframework.adt.bplustree.LeafNode' with id '4'
 INFO  [pool-1-thread-1] {pt.ist.fenixframework.backend.jvstm.pstm.DomainClassInfo} Existing domain class 'pt.ist.fenixframework.adt.bplustree.AbstractNodeArray' with id 'a'
 INFO  [pool-1-thread-1] {pt.ist.fenixframework.backend.jvstm.pstm.DomainClassInfo} Existing domain class 'pt.ist.fenixframework.adt.bplustree.BPlusTreeArray' with id '2'
 INFO  [pool-1-thread-1] {pt.ist.fenixframework.backend.jvstm.pstm.DomainClassInfo} Existing domain class 'pt.ist.fenixframework.DomainRoot' with id '0'
 INFO  [pool-1-thread-1] {pt.ist.fenixframework.backend.jvstm.pstm.DomainClassInfo} Existing domain class 'pt.ist.fenixframework.adt.bplustree.DomainInnerNode' with id '3'
 INFO  [pool-1-thread-1] {pt.ist.fenixframework.backend.jvstm.pstm.DomainClassInfo} Existing domain class 'pt.ist.fenixframework.adt.linkedlist.ListNode' with id '6'
 INFO  [pool-1-thread-1] {pt.ist.fenixframework.backend.jvstm.pstm.DomainClassInfo} Existing domain class 'pt.ist.fenixframework.adt.bplustree.LeafNodeArray' with id 'c'
 INFO  [pool-1-thread-1] {pt.ist.fenixframework.backend.jvstm.pstm.DomainClassInfo} Existing domain class 'pt.ist.fenixframework.backend.jvstm.pstm.TransactionStatisticsEntry' with id '5'
 INFO  [pool-1-thread-1] {pt.ist.fenixframework.backend.jvstm.pstm.DomainClassInfo} Existing domain class 'pt.ist.fenixframework.adt.linkedlist.LinkedList' with id '9'
 INFO  [pool-1-thread-1] {pt.ist.fenixframework.backend.jvstm.pstm.DomainClassInfo} Existing domain class 'pt.ist.fenixframework.backend.jvstm.pstm.FenixFrameworkData' with id 'd'
 INFO  [pool-1-thread-1] {pt.ist.fenixframework.backend.jvstm.pstm.DomainClassInfo} Existing domain class 'pt.ist.fenixframework.adt.bplustree.DomainBPlusTree' with id 'e'
 INFO  [pool-1-thread-1] {pt.ist.fenixframework.backend.jvstm.pstm.DomainClassInfo} Existing domain class 'pt.ist.fenixframework.adt.bplustree.AbstractNode' with id 'f'
 INFO  [pool-1-thread-1] {pt.ist.fenixframework.backend.jvstm.JVSTMBackEnd} setupJVSTM
 INFO  [pool-1-thread-1] {pt.ist.fenixframework.backend.jvstm.JVSTMBackEnd} Setting the last committed TX number to 2
 INFO  [pool-1-thread-1] {pt.ist.fenixframework.backend.jvstm.JVSTMBackEnd} createDomainRootIfNeeded
 INFO  [pool-1-thread-1] {pt.ist.fenixframework.backend.jvstm.JVSTMBackEnd} ensureFenixFrameworkDataExists
 INFO  [pool-1-thread-1] {pt.ist.fenixframework.hibernatesearch.HibernateSearchConfig} Resource 'fenix-framework-hibernate-search.properties' not found. Hibernate Search disabled
 INFO  [pool-1-thread-1] {pt.ist.fenixframework.FenixFramework} Initialization of Fenix Framework is now complete.
 INFO  [pool-1-thread-1] {org.radargun.cachewrappers.FFWrapper} FF STARTED=true
 INFO  [pool-1-thread-1] {org.radargun.stages.helpers.StartHelper} Number of members is the one expected: 12
 INFO  [pool-1-thread-1] {org.radargun.stages.StartClusterStage} Successfully started cache wrapper on slave 1: org.radargun.cachewrappers.FFWrapper@2e883c86
 INFO  [pool-1-thread-1] {org.radargun.Slave} Finished stage: StartCluster {config=ispn52-repl-sync-rc.xml, delayAfterFirstSlaveStarts=5.000 secs, delayBetweenStartingSlaves=0.500 secs, exitBenchmarkOnSlaveFailure=true, expectNumSlaves=null, mayFailOn=null, reachable=null, runOnAllSlaves=false, slaves=null, staggerSlaveStartup=true, useSmartClassLoading=true, validateCluster=true }
 INFO  [main] {org.radargun.Slave} Ack successfully sent to the master
 INFO  [pool-1-thread-1] {org.radargun.Slave} Executing stage: ClusterValidation {exitBenchmarkOnSlaveFailure=false, partialReplication=false, replicationTimeSleep=2000, replicationTryCount=60, runOnAllSlaves=false, slaves=null, useSmartClassLoading=true }
 INFO  [pool-1-thread-1] {org.radargun.stages.ClusterValidationStage} Number of caches that replicated here is 0
 INFO  [pool-1-thread-1] {org.radargun.stages.ClusterValidationStage} Replication test failed, 1 tries so far. Sleeping for 2 seconds and trying again.
 INFO  [pool-1-thread-1] {org.radargun.stages.ClusterValidationStage} Number of caches that replicated here is 11
 INFO  [pool-1-thread-1] {org.radargun.stages.ClusterValidationStage} Replication test successfully passed. partialReplication? false, replicationCount = 11
 INFO  [pool-1-thread-1] {org.radargun.stages.ClusterValidationStage} Confirm phase successful.
 INFO  [pool-1-thread-1] {org.radargun.Slave} Finished stage: ClusterValidation {exitBenchmarkOnSlaveFailure=false, partialReplication=false, replicationTimeSleep=2000, replicationTryCount=60, runOnAllSlaves=false, slaves=[ 0, 1, 2, 3, 4, 5, 6, 7, 8, 9, 10, 11 ], useSmartClassLoading=true }
 INFO  [main] {org.radargun.Slave} Ack successfully sent to the master
 INFO  [pool-1-thread-1] {org.radargun.Slave} Executing stage: StressTestWarmup {bulkSize=1, cacheSpecificKeyGenerator=false, commitTransactions=true, duration=1 mins 0 secs, entrySize=1000, exitBenchmarkOnSlaveFailure=false, fixedKeys=true, generateHistogramRange=false, keyGeneratorClass=org.radargun.stressors.StringKeyGenerator, keyGeneratorParam=null, loadAllKeys=false, numEntries=10000, numOfThreads=4, numRequests=10000, numThreads=4, numberOfAttributes=10000, numberOfRequests=10000, opsCountStatusLog=100000, poolKeys=true, preferAsyncOperations=false, removePercentage=0, replaceInvalidPercentage=40, runOnAllSlaves=false, sharedKeys=false, sizeOfAnAttribute=1000, slaves=null, transactionSize=10000, useAtomics=false, useHistogramStatistics=false, useSimpleStatistics=true, useSmartClassLoading=true, useTransactions=null, writePercentage=20, writeTxPercentage=20 }
 INFO  [pool-1-thread-1] {org.radargun.stages.StressTestWarmupStage} Starting StressTestWarmupStage: StressTestWarmup {bulkSize=1, cacheSpecificKeyGenerator=false, commitTransactions=true, duration=1 mins 0 secs, entrySize=1000, exitBenchmarkOnSlaveFailure=false, fixedKeys=true, generateHistogramRange=false, keyGeneratorClass=org.radargun.stressors.StringKeyGenerator, keyGeneratorParam=null, loadAllKeys=false, numEntries=10000, numOfThreads=4, numRequests=10000, numThreads=4, numberOfAttributes=10000, numberOfRequests=10000, opsCountStatusLog=100000, poolKeys=true, preferAsyncOperations=false, removePercentage=0, replaceInvalidPercentage=40, runOnAllSlaves=false, sharedKeys=false, sizeOfAnAttribute=1000, slaves=null, transactionSize=10000, useAtomics=false, useHistogramStatistics=false, useSimpleStatistics=true, useSmartClassLoading=true, useTransactions=null, writePercentage=20, writeTxPercentage=20 }
 INFO  [pool-1-thread-1] {org.radargun.stressors.StressTestStressor} Using key generator org.radargun.stressors.StringKeyGenerator, param null
 INFO  [pool-1-thread-1] {org.radargun.stressors.StressTestStressor} Executing: StressTestStressor{opsCountStatusLog=100000, numRequests=10000, numEntries=10000, entrySize=1000, writePercentage=20, numThreads=4, cacheWrapper=org.radargun.cachewrappers.FFWrapper@2e883c86, nodeIndex=1, useTransactions=true, transactionSize=10000, commitTransactions=true, durationMillis=60000}
 INFO  [pool-1-thread-1] {org.radargun.stressors.StressTestStressor} Cache wrapper info is: FFWrapper using infinispan52
[GC 268965K->20289K(2944064K), 0.0522360 secs]
[GC 276353K->18441K(2944064K), 0.0369040 secs]
[GC 274505K->22618K(2944064K), 0.0380690 secs]
[GC 278682K->20171K(2944064K), 0.0359950 secs]
[GC 276235K->22610K(2944064K), 0.0371150 secs]
[GC 278674K->25668K(2944064K), 0.0374730 secs]
[GC 281732K->28031K(2944064K), 0.0396720 secs]
[GC 284095K->30126K(2944064K), 0.0385740 secs]
[GC 286190K->32057K(2944064K), 0.0398350 secs]
[GC 288121K->34044K(2944064K), 0.0395420 secs]
[GC 290108K->36093K(2944064K), 0.0363980 secs]
[GC 292157K->33128K(2944064K), 0.0392240 secs]
[GC 289192K->40277K(2944064K), 0.0430800 secs]
[GC 296341K->37124K(2944064K), 0.0418490 secs]
[GC 293188K->42805K(2944064K), 0.0567650 secs]
[GC 298869K->46978K(2944064K), 0.0530000 secs]
[GC 303042K->39253K(2944064K), 0.0369500 secs]
[GC 295317K->41063K(2944064K), 0.0368500 secs]
[GC 297127K->44522K(2944064K), 0.0369630 secs]
[GC 300586K->47076K(2944064K), 0.0376170 secs]
[GC 303140K->49794K(2944064K), 0.0377340 secs]
[GC 305858K->52146K(2944064K), 0.0379330 secs]
[GC 308210K->54660K(2944064K), 0.0384890 secs]
[GC 310724K->57160K(2944064K), 0.0380330 secs]
[GC 313224K->59666K(2944064K), 0.0383770 secs]
[GC 315730K->61960K(2944064K), 0.0397380 secs]
[GC 318024K->64999K(2944064K), 0.0410460 secs]
[GC 321063K->61009K(2944064K), 0.0414800 secs]
[GC 317073K->63458K(2944064K), 0.0398400 secs]
[GC 319522K->80741K(2944064K), 0.0442010 secs]
[GC 336805K->68394K(2944064K), 0.0407910 secs]
[GC 324458K->81849K(2944064K), 0.0398490 secs]
[GC 337913K->80199K(2944064K), 0.0399040 secs]
[GC 336263K->81246K(2944064K), 0.0396220 secs]
[GC 337310K->84502K(2944064K), 0.0423810 secs]
[GC 340566K->88542K(2944064K), 0.0437510 secs]
[GC 344606K->91939K(2944064K), 0.0450910 secs]
[GC 348003K->94793K(2944064K), 0.0426210 secs]
[GC 350857K->97650K(2944064K), 0.0448350 secs]
[GC 353714K->100677K(2944064K), 0.0457190 secs]
[GC 356741K->95076K(2944064K), 0.0458570 secs]
[GC 351140K->98338K(2944064K), 0.0447550 secs]
[GC 354402K->101443K(2944064K), 0.0544890 secs]
[GC 357507K->103973K(2944064K), 0.0415960 secs]
[GC 360037K->112217K(2944064K), 0.0426700 secs]
[GC 368281K->114568K(2944064K), 0.0432570 secs]
[GC 370632K->107947K(2944064K), 0.0473250 secs]
[GC 364011K->111155K(2944064K), 0.0450480 secs]
[GC 367219K->115866K(2944064K), 0.0485940 secs]
[GC 371930K->129536K(2944064K), 0.0591670 secs]
[GC 385600K->132428K(2944064K), 0.0569660 secs]
[GC 388492K->135785K(2944064K), 0.0553280 secs]
[GC 391849K->139341K(2944064K), 0.0507180 secs]
[GC 395405K->142630K(2944064K), 0.0542910 secs]
[GC 398694K->134488K(2944064K), 0.0519540 secs]
[GC 390552K->152149K(2944064K), 0.0491780 secs]
[GC 408213K->139862K(2944064K), 0.0493410 secs]
[GC 395926K->151048K(2944064K), 0.0485820 secs]
[GC 407112K->159690K(2944064K), 0.0478910 secs]
[GC 415754K->154679K(2944064K), 0.0497510 secs]
[GC 410743K->169678K(2944064K), 0.0489840 secs]
[GC 425742K->150817K(2944064K), 0.0555840 secs]
[GC 406881K->169216K(2944064K), 0.0529740 secs]
[GC 425280K->166950K(2944064K), 0.0528240 secs]
[GC 423014K->171502K(2944064K), 0.0491950 secs]
[GC 427566K->171878K(2944064K), 0.0476640 secs]
[GC 427942K->174719K(2944064K), 0.0469090 secs]
[GC 430783K->175897K(2944064K), 0.0508760 secs]
[GC 431961K->168135K(2944064K), 0.0512920 secs]
[GC 424199K->184042K(2944064K), 0.0525370 secs]
[GC 440106K->188228K(2944064K), 0.0507160 secs]
[GC 444292K->180092K(2944064K), 0.0491400 secs]
[GC 436156K->183459K(2944064K), 0.0528950 secs]
[GC 439523K->186423K(2944064K), 0.0560730 secs]
[GC 442487K->201424K(2944064K), 0.0541660 secs]
[GC 457488K->203225K(2944064K), 0.0497750 secs]
[GC 459289K->193893K(2944064K), 0.0524420 secs]
[GC 449957K->219407K(2944064K), 0.0486660 secs]
[GC 475471K->199544K(2944064K), 0.0507060 secs]
[GC 455608K->207587K(2944064K), 0.0495080 secs]
[GC 463651K->228033K(2944064K), 0.0500020 secs]
[GC 484097K->209037K(2944064K), 0.0496180 secs]
[GC 465101K->227528K(2944064K), 0.0503870 secs]
[GC 483592K->224683K(2944064K), 0.0702800 secs]
[GC 480747K->215952K(2944064K), 0.0490210 secs]
[GC 472016K->231888K(2944064K), 0.0496250 secs]
 INFO  [pool-1-thread-1] {org.radargun.stressors.StressTestStressor} Started 4 stressor threads.
 INFO  [Stressor-1] {org.radargun.stressors.StressTestStressor} Number of ops executed so far: 1. Elapsed time: 0.001 secs. Remaining: 59.999 secs. Total: 1 mins 0 secs
[GC 487952K->240000K(2944064K), 0.0582140 secs]
[GC 490424K->269408K(2944064K), 0.0671290 secs]
[GC 525472K->282552K(2944064K), 0.0862190 secs]
[GC 538616K->301699K(2944064K), 0.0811450 secs]
[GC 554978K->320686K(2944064K), 0.0779380 secs]
[GC 576750K->337481K(2944064K), 0.1133650 secs]
[GC 593534K->344209K(2944064K), 0.0625780 secs]
[GC 600224K->352372K(2944064K), 0.0596160 secs]
[GC 607844K->355868K(2944064K), 0.0634760 secs]
[GC 611932K->353603K(2944064K), 0.0532520 secs]
[GC 609667K->420218K(2944064K), 0.0743590 secs]
[GC 676282K->404037K(2944064K), 0.0792270 secs]
[GC 660094K->441041K(2944064K), 0.0675160 secs]
[GC 697105K->415244K(2944064K), 0.0709240 secs]
[GC 671308K->431276K(2944064K), 0.0679930 secs]
[GC 682061K->439842K(2944064K), 0.0489900 secs]
[GC 694909K->482789K(2944064K), 0.0685110 secs]
[GC 738853K->480689K(2944064K), 0.0716140 secs]
 INFO  [Stressor-1] {org.radargun.stressors.StressTestStressor} Number of ops executed so far: 560000. Elapsed time: 20.235 secs. Remaining: 39.765 secs. Total: 1 mins 0 secs
[GC 736753K->489386K(2944064K), 0.0615170 secs]
[GC 745450K->490504K(2944064K), 0.0631320 secs]
[GC 746568K->504391K(2944064K), 0.0590260 secs]
[GC 760455K->525520K(2944064K), 0.0609600 secs]
[GC 781584K->520775K(2944064K), 0.0588560 secs]
[GC 776839K->533112K(2944064K), 0.0591760 secs]
[GC 789176K->572239K(2944064K), 0.0653730 secs]
[GC 828303K->615485K(2944064K), 0.0913860 secs]
[GC 866023K->593968K(2944064K), 0.0815780 secs]
[GC 850032K->616752K(2944064K), 0.0487950 secs]
[GC 872816K->634947K(2944064K), 0.0612480 secs]
[GC 891011K->641239K(2944064K), 0.0524190 secs]
[GC 897288K->693214K(2944064K), 0.0885050 secs]
[GC 949278K->700363K(2944064K), 0.0664860 secs]
[GC 956383K->717803K(2944064K), 0.0701580 secs]
[GC 973450K->722796K(2944064K), 0.0624550 secs]
[GC 978860K->742518K(2944064K), 0.0673480 secs]
[GC 998545K->737178K(2944064K), 0.0655220 secs]
[GC 993242K->750949K(2944064K), 0.0594800 secs]
 INFO  [Stressor-1] {org.radargun.stressors.StressTestStressor} Number of ops executed so far: 1640000. Elapsed time: 40.576 secs. Remaining: 19.424 secs. Total: 1 mins 0 secs
[GC 1007013K->781698K(2944064K), 0.0561420 secs]
[GC 1037762K->772859K(2944064K), 0.0671190 secs]
[GC 1028923K->790886K(2944064K), 0.0591920 secs]
[GC 1044801K->830112K(2944064K), 0.0759830 secs]
[GC 1086176K->854796K(2944064K), 0.0739640 secs]
[GC 1110860K->860793K(2944064K), 0.0639750 secs]
[GC 1116857K->864720K(2944064K), 0.0597860 secs]
[GC 1120784K->864069K(2944064K), 0.0653730 secs]
[GC 1120133K->869423K(2944064K), 0.0525510 secs]
[GC 1125487K->890775K(2944064K), 0.0572030 secs]
[GC 1146802K->931277K(2944064K), 0.0698100 secs]
[GC 1186607K->947328K(2944064K), 0.0889030 secs]
[GC 1203358K->952681K(2944064K), 0.0764930 secs]
[GC 1207602K->964443K(2944064K), 0.0650000 secs]
[GC 1220507K->976121K(2944064K), 0.0635090 secs]
[GC 1232185K->1013530K(2944064K), 0.0666440 secs]
[GC 1268846K->1027348K(2944064K), 0.0762280 secs]
[GC 1283412K->1035105K(2944064K), 0.0641870 secs]
 INFO  [Stressor-0] {org.radargun.stressors.StressTestStressor} Number of ops executed so far: 1830000. Elapsed time: 1 mins 0 secs. Remaining: 0.000 secs. Total: 1 mins 0 secs
[GC 1291113K->1085670K(2944064K), 0.0692780 secs]
 INFO  [pool-1-thread-1] {org.radargun.stressors.StressTestStressor} Finished generating report. Test duration is: 6 mins 45 secs
 INFO  [pool-1-thread-1] {org.radargun.stages.StressTestWarmupStage} The warmup took: 405 seconds.
 INFO  [pool-1-thread-1] {org.radargun.Slave} Finished stage: StressTestWarmup {bulkSize=1, cacheSpecificKeyGenerator=false, commitTransactions=true, duration=1 mins 0 secs, entrySize=1000, exitBenchmarkOnSlaveFailure=false, fixedKeys=true, generateHistogramRange=false, keyGeneratorClass=org.radargun.stressors.StringKeyGenerator, keyGeneratorParam=null, loadAllKeys=false, numEntries=10000, numOfThreads=4, numRequests=10000, numThreads=4, numberOfAttributes=10000, numberOfRequests=10000, opsCountStatusLog=100000, poolKeys=true, preferAsyncOperations=false, removePercentage=0, replaceInvalidPercentage=40, runOnAllSlaves=false, sharedKeys=false, sizeOfAnAttribute=1000, slaves=null, transactionSize=10000, useAtomics=false, useHistogramStatistics=false, useSimpleStatistics=true, useSmartClassLoading=true, useTransactions=null, writePercentage=20, writeTxPercentage=20 }
 INFO  [main] {org.radargun.Slave} Ack successfully sent to the master
[GC 1341734K->1049406K(2944064K), 0.0701210 secs]
[GC 1305470K->1035060K(2944064K), 0.0260140 secs]
[GC 1291124K->1035301K(2944064K), 0.0272160 secs]
[GC 1291365K->1037727K(2944064K), 0.0288210 secs]
[GC 1293791K->1040548K(2944064K), 0.0317730 secs]
[GC 1296612K->1043394K(2944064K), 0.0330560 secs]
[GC 1299458K->1046247K(2944064K), 0.0336190 secs]
[GC 1302311K->1048982K(2944064K), 0.0334990 secs]
[GC 1305046K->1044823K(2944064K), 0.0689090 secs]
[GC 1300887K->1051988K(2944064K), 0.0392790 secs]
[GC 1308052K->1056228K(2944064K), 0.0355810 secs]
[GC 1312292K->1050217K(2944064K), 0.0400010 secs]
[GC 1306281K->1059604K(2944064K), 0.0421330 secs]
[GC 1315668K->1060426K(2944064K), 0.0411900 secs]
[GC 1316490K->1068259K(2944064K), 0.0417560 secs]
[GC 1324323K->1056770K(2944064K), 0.0468730 secs]
[GC 1312834K->1071015K(2944064K), 0.0398610 secs]
[GC 1327079K->1059628K(2944064K), 0.0422750 secs]
[GC 1315692K->1069398K(2944064K), 0.0405330 secs]
[GC 1325462K->1068631K(2944064K), 0.0426520 secs]
[GC 1324695K->1070912K(2944064K), 0.0395160 secs]
[GC 1326976K->1078235K(2944064K), 0.0398710 secs]
[GC 1334299K->1068695K(2944064K), 0.0404470 secs]
[GC 1324759K->1082959K(2944064K), 0.0398530 secs]
[GC 1339023K->1074304K(2944064K), 0.0560340 secs]
[GC 1330368K->1081347K(2944064K), 0.0423460 secs]
[GC 1337411K->1086184K(2944064K), 0.0401030 secs]
[GC 1342248K->1076754K(2944064K), 0.0394830 secs]
[GC 1332818K->1092009K(2944064K), 0.0453650 secs]
[GC 1348073K->1079242K(2944064K), 0.0460370 secs]
[GC 1335306K->1095631K(2944064K), 0.0426430 secs]
[GC 1351695K->1082504K(2944064K), 0.0430020 secs]
[GC 1338568K->1098449K(2944064K), 0.0418610 secs]
[GC 1354513K->1085565K(2944064K), 0.0416550 secs]
[GC 1341629K->1106003K(2944064K), 0.0519030 secs]
[GC 1362067K->1135896K(2944064K), 0.0763690 secs]
[GC 1391960K->1158900K(2944064K), 0.0711420 secs]
[GC 1412548K->1186549K(2944064K), 0.0863570 secs]
[GC 1442566K->1191925K(2944064K), 0.1055590 secs]
[GC 1447989K->1209438K(2944064K), 0.0844070 secs]
[GC 1462248K->1221815K(2944064K), 0.0840300 secs]
[GC 1477879K->1235295K(2944064K), 0.0784690 secs]
[GC 1491359K->1254618K(2944064K), 0.0874730 secs]
[GC 1510682K->1271183K(2944064K), 0.0809570 secs]
[GC 1525413K->1283270K(2944064K), 0.0739050 secs]
[GC 1539334K->1275662K(2944064K), 0.0759500 secs]
[GC 1531726K->1311408K(2944064K), 0.0817120 secs]
[GC 1567472K->1328910K(2944064K), 0.0742840 secs]
[GC 1584974K->1342336K(2944064K), 0.0772620 secs]
[GC 1598400K->1340814K(2944064K), 0.0905500 secs]
[GC 1593521K->1387932K(2944064K), 0.0715970 secs]
[GC 1643996K->1364646K(2944064K), 0.0728170 secs]
[GC 1620710K->1404957K(2944064K), 0.0705260 secs]
[GC 1406717K(2944064K), 0.0348370 secs]
[GC 1661021K->1429657K(2944064K), 0.0821040 secs]
[GC 1563846K(2944064K), 0.0736220 secs]
[GC 1069260K->819591K(2944064K), 0.0944540 secs]
[GC 1074052K->837011K(2944064K), 0.0860080 secs]
[GC 1093063K->829020K(2944064K), 0.0763290 secs]
[GC 1085084K->844854K(2944064K), 0.0759810 secs]
[GC 1099948K->872039K(2944064K), 0.0974280 secs]
[GC 1128085K->871160K(2944064K), 0.0814490 secs]
[GC 1127224K->886443K(2944064K), 0.0747670 secs]
[GC 1139723K->923240K(2944064K), 0.0804600 secs]
[GC 1179304K->913793K(2944064K), 0.0775520 secs]
[GC 1169857K->945660K(2944064K), 0.0809050 secs]
[GC 1201724K->965640K(2944064K), 0.0822910 secs]
[GC 1221704K->974742K(2944064K), 0.0818530 secs]
[GC 1230806K->978376K(2944064K), 0.0823300 secs]
[GC 1234440K->969783K(2944064K), 0.0669500 secs]
[GC 1225847K->972479K(2944064K), 0.0479180 secs]
[GC 1228543K->983889K(2944064K), 0.0550260 secs]
[GC 1239953K->984299K(2944064K), 0.0563210 secs]
[GC 1240363K->985677K(2944064K), 0.0562400 secs]
[GC 1241741K->987195K(2944064K), 0.0588640 secs]
[GC 1243259K->988860K(2944064K), 0.0578940 secs]
[GC 1244924K->990160K(2944064K), 0.0598270 secs]
[GC 1246224K->991761K(2944064K), 0.0577570 secs]
[GC 1247825K->993456K(2944064K), 0.0600750 secs]
[GC 1249520K->980416K(2944064K), 0.0717020 secs]
[GC 1236480K->968283K(2944064K), 0.0586460 secs]
[GC 1224347K->991025K(2944064K), 0.0552320 secs]
[GC 1247089K->985291K(2944064K), 0.0656420 secs]
[GC 1241355K->989262K(2944064K), 0.0536920 secs]
[GC 1245326K->980098K(2944064K), 0.0400050 secs]
[GC 1236162K->982425K(2944064K), 0.0401860 secs]
[GC 1238489K->975667K(2944064K), 0.0404320 secs]
[GC 1231731K->985658K(2944064K), 0.0382140 secs]
[GC 1241722K->976872K(2944064K), 0.0409630 secs]
[GC 1232936K->984012K(2944064K), 0.0401510 secs]
[GC 1240076K->987329K(2944064K), 0.0402350 secs]
[GC 1243393K->980872K(2944064K), 0.0370510 secs]
[GC 1236936K->987746K(2944064K), 0.0388070 secs]
[GC 1243810K->986611K(2944064K), 0.0404280 secs]
[GC 1242675K->988009K(2944064K), 0.0387170 secs]
[GC 1244073K->989319K(2944064K), 0.0425190 secs]
[GC 1245383K->986392K(2944064K), 0.0387110 secs]
[GC 1242456K->991672K(2944064K), 0.0685760 secs]
[GC 1247736K->992929K(2944064K), 0.0411060 secs]
[GC 1248993K->993995K(2944064K), 0.0405360 secs]
[GC 1250059K->994971K(2944064K), 0.0393290 secs]
[GC 1251035K->1000376K(2944064K), 0.0395350 secs]
[GC 1256440K->993186K(2944064K), 0.0402010 secs]
[GC 1249250K->1003889K(2944064K), 0.0420190 secs]
[GC 1259953K->994889K(2944064K), 0.0394360 secs]
[GC 1250953K->1006236K(2944064K), 0.0379110 secs]
[GC 1262300K->997096K(2944064K), 0.0410480 secs]
[GC 1253160K->1008499K(2944064K), 0.0407030 secs]
[GC 1264563K->999384K(2944064K), 0.1034410 secs]
[GC 1255448K->1011033K(2944064K), 0.0382630 secs]
[GC 1267097K->1001915K(2944064K), 0.0419240 secs]
[GC 1257979K->1013735K(2944064K), 0.0430120 secs]
[GC 1269799K->1004176K(2944064K), 0.0378810 secs]
[GC 1260240K->1015975K(2944064K), 0.0388070 secs]
[GC 1272039K->1006626K(2944064K), 0.0375590 secs]
[GC 1262690K->1018670K(2944064K), 0.0425080 secs]
[GC 1274734K->1009183K(2944064K), 0.0380570 secs]
[GC 1265247K->1021166K(2944064K), 0.0402050 secs]
[GC 1277230K->1011460K(2944064K), 0.0418740 secs]
[GC 1267524K->1019468K(2944064K), 0.0397000 secs]
[GC 1275532K->1014270K(2944064K), 0.0411810 secs]
[GC 1270334K->1025045K(2944064K), 0.0395820 secs]
[GC 1281109K->1017352K(2944064K), 0.0406220 secs]
[GC 1273416K->1029003K(2944064K), 0.0407260 secs]
[GC 1285067K->1018923K(2944064K), 0.0435560 secs]
[GC 1274987K->1031025K(2944064K), 0.0394660 secs]
[GC 1287089K->1021229K(2944064K), 0.0381820 secs]
[GC 1277293K->1033706K(2944064K), 0.0407820 secs]
[GC 1289770K->1023811K(2944064K), 0.0409660 secs]
[GC 1279875K->1036388K(2944064K), 0.0424820 secs]
[GC 1292452K->1026304K(2944064K), 0.0382470 secs]
[GC 1282368K->1034428K(2944064K), 0.0462320 secs]
[GC 1290492K->1038385K(2944064K), 0.0394910 secs]
[GC 1294449K->1030794K(2944064K), 0.0430850 secs]
[GC 1286858K->1042874K(2944064K), 0.0404890 secs]
[GC 1298938K->1032722K(2944064K), 0.0438580 secs]
[GC 1288786K->1045222K(2944064K), 0.0399540 secs]
[GC 1301286K->1034874K(2944064K), 0.0420760 secs]
[GC 1290938K->1043249K(2944064K), 0.0408810 secs]
[GC 1299313K->1047015K(2944064K), 0.0387490 secs]
[GC 1303079K->1042539K(2944064K), 0.0419090 secs]
[GC 1298603K->1052021K(2944064K), 0.0407970 secs]
[GC 1308085K->1041690K(2944064K), 0.0454330 secs]
[GC 1297754K->1054556K(2944064K), 0.0434830 secs]
[GC 1310620K->1044130K(2944064K), 0.0425900 secs]
[GC 1300194K->1052554K(2944064K), 0.0415890 secs]
[GC 1308618K->1047126K(2944064K), 0.0452090 secs]
[GC 1303190K->1053588K(2944064K), 0.0432640 secs]
[GC 1309652K->1055088K(2944064K), 0.0469640 secs]
[GC 1311152K->1056564K(2944064K), 0.0395980 secs]
[GC 1312628K->1057638K(2944064K), 0.0418250 secs]
[GC 1313702K->1058872K(2944064K), 0.0400340 secs]
[GC 1314936K->1060288K(2944064K), 0.0432330 secs]
[GC 1316352K->1056773K(2944064K), 0.0431140 secs]
[GC 1312837K->1068157K(2944064K), 0.0417980 secs]
[GC 1324221K->1059584K(2944064K), 0.0476020 secs]
[GC 1315648K->1067636K(2944064K), 0.0533220 secs]
[GC 1323700K->1066321K(2944064K), 0.0457180 secs]
[GC 1322385K->1072813K(2944064K), 0.0419360 secs]
[GC 1328877K->1064450K(2944064K), 0.0447530 secs]
[GC 1320514K->1077201K(2944064K), 0.0406120 secs]
[GC 1333265K->1066263K(2944064K), 0.0402750 secs]
[GC 1322327K->1079745K(2944064K), 0.0414400 secs]
[GC 1335809K->1069106K(2944064K), 0.0814910 secs]
[GC 1325170K->1077840K(2944064K), 0.0409610 secs]
[GC 1333904K->1076953K(2944064K), 0.0449430 secs]
[GC 1333017K->1079096K(2944064K), 0.0412120 secs]
[GC 1335160K->1085836K(2944064K), 0.0403740 secs]
[GC 1341900K->1077059K(2944064K), 0.0409560 secs]
[GC 1333123K->1090174K(2944064K), 0.0435560 secs]
[GC 1346238K->1078987K(2944064K), 0.0421090 secs]
[GC 1335051K->1092788K(2944064K), 0.0460460 secs]
[GC 1348852K->1081563K(2944064K), 0.0451700 secs]
[GC 1337627K->1090903K(2944064K), 0.0477050 secs]
[GC 1346967K->1095106K(2944064K), 0.0423830 secs]
[GC 1351170K->1086705K(2944064K), 0.0474530 secs]
[GC 1342769K->1095742K(2944064K), 0.0480760 secs]
[GC 1351806K->1099596K(2944064K), 0.0437030 secs]
[GC 1355660K->1090953K(2944064K), 0.0411170 secs]
[GC 1347017K->1099973K(2944064K), 0.0472350 secs]
[GC 1356037K->1104370K(2944064K), 0.0442460 secs]
[GC 1360434K->1095674K(2944064K), 0.0423560 secs]
[GC 1351738K->1109279K(2944064K), 0.0426090 secs]
[GC 1365343K->1097480K(2944064K), 0.0447580 secs]
[GC 1353544K->1107130K(2944064K), 0.0446380 secs]
[GC 1363194K->1106147K(2944064K), 0.0438130 secs]
[GC 1362211K->1108140K(2944064K), 0.0472610 secs]
[GC 1364204K->1104535K(2944064K), 0.0453210 secs]
[GC 1360599K->1111259K(2944064K), 0.0658130 secs]
[GC 1367323K->1107295K(2944064K), 0.0449890 secs]
[GC 1363359K->1120000K(2944064K), 0.0429750 secs]
[GC 1376064K->1110327K(2944064K), 0.0459500 secs]
[GC 1366391K->1124430K(2944064K), 0.0443770 secs]
[GC 1380494K->1112321K(2944064K), 0.0432810 secs]
[GC 1368385K->1127047K(2944064K), 0.0423690 secs]
[GC 1383111K->1115317K(2944064K), 0.0464040 secs]
[GC 1371381K->1125163K(2944064K), 0.0475040 secs]
[GC 1381227K->1124415K(2944064K), 0.0483160 secs]
[GC 1380479K->1132155K(2944064K), 0.0433710 secs]
[GC 1388219K->1122663K(2944064K), 0.0438520 secs]
[GC 1378727K->1131713K(2944064K), 0.0456020 secs]
[GC 1387777K->1136153K(2944064K), 0.0439090 secs]
[GC 1392217K->1126873K(2944064K), 0.0433170 secs]
[GC 1382937K->1136345K(2944064K), 0.0435960 secs]
[GC 1392409K->1135324K(2944064K), 0.0461350 secs]
[GC 1391388K->1137418K(2944064K), 0.0454600 secs]
[GC 1393482K->1138814K(2944064K), 0.0471630 secs]
[GC 1394878K->1146080K(2944064K), 0.0464670 secs]
[GC 1402144K->1136179K(2944064K), 0.0432880 secs]
[GC 1392243K->1150631K(2944064K), 0.0450980 secs]
[GC 1406695K->1138189K(2944064K), 0.0439930 secs]
[GC 1394253K->1148277K(2944064K), 0.0436470 secs]
[GC 1404341K->1141176K(2944064K), 0.0480670 secs]
[GC 1397240K->1149085K(2944064K), 0.0486320 secs]
[GC 1405149K->1156507K(2944064K), 0.0422360 secs]
[GC 1412571K->1146783K(2944064K), 0.0445090 secs]
[GC 1402847K->1156193K(2944064K), 0.0441000 secs]
[GC 1412257K->1160210K(2944064K), 0.0460570 secs]
[GC 1416274K->1151013K(2944064K), 0.0498370 secs]
[GC 1407077K->1165876K(2944064K), 0.0475320 secs]
[GC 1421940K->1153436K(2944064K), 0.0431070 secs]
[GC 1409500K->1163793K(2944064K), 0.0487420 secs]
[GC 1419857K->1168519K(2944064K), 0.0462280 secs]
[GC 1424583K->1158796K(2944064K), 0.0465480 secs]
[GC 1414860K->1168573K(2944064K), 0.0426770 secs]
[GC 1424637K->1167492K(2944064K), 0.0443070 secs]
[GC 1423556K->1169682K(2944064K), 0.0508690 secs]
[GC 1425746K->1177248K(2944064K), 0.0458600 secs]
[GC 1433312K->1167086K(2944064K), 0.0460150 secs]
[GC 1423150K->1176148K(2944064K), 0.0470020 secs]
[GC 1432212K->1180398K(2944064K), 0.0457550 secs]
[GC 1436462K->1170965K(2944064K), 0.0430960 secs]
[GC 1427029K->1180838K(2944064K), 0.0526010 secs]
[GC 1436902K->1185332K(2944064K), 0.0461040 secs]
[GC 1441396K->1175744K(2944064K), 0.0437940 secs]
[GC 1431808K->1184825K(2944064K), 0.0452830 secs]
[GC 1440889K->1183611K(2944064K), 0.0455630 secs]
[GC 1439675K->1185846K(2944064K), 0.0446360 secs]
[GC 1441910K->1193260K(2944064K), 0.0429750 secs]
[GC 1449324K->1183353K(2944064K), 0.0442980 secs]
[GC 1439417K->1192314K(2944064K), 0.0463700 secs]
[GC 1448378K->1196338K(2944064K), 0.0444420 secs]
[GC 1452402K->1187088K(2944064K), 0.0437120 secs]
[GC 1443152K->1196558K(2944064K), 0.0437290 secs]
[GC 1452622K->1195488K(2944064K), 0.0468850 secs]
[GC 1451552K->1197744K(2944064K), 0.0437690 secs]
[GC 1453808K->1199419K(2944064K), 0.0469460 secs]
[GC 1455483K->1195079K(2944064K), 0.0446600 secs]
[GC 1451143K->1208089K(2944064K), 0.0471430 secs]
[GC 1464153K->1198143K(2944064K), 0.0447750 secs]
[GC 1454207K->1207489K(2944064K), 0.0449840 secs]
[GC 1463553K->1206218K(2944064K), 0.0475240 secs]
[GC 1462282K->1213915K(2944064K), 0.0451080 secs]
[GC 1469979K->1203926K(2944064K), 0.0464560 secs]
[GC 1459990K->1218363K(2944064K), 0.0443780 secs]
[GC 1474427K->1205892K(2944064K), 0.0422410 secs]
[GC 1461956K->1221226K(2944064K), 0.0413660 secs]
[GC 1477290K->1208914K(2944064K), 0.0510090 secs]
[GC 1464978K->1224389K(2944064K), 0.0442510 secs]
[GC 1480453K->1211815K(2944064K), 0.0486940 secs]
[GC 1467879K->1221851K(2944064K), 0.0482900 secs]
[GC 1477915K->1221117K(2944064K), 0.0481370 secs]
[GC 1477181K->1223180K(2944064K), 0.0479700 secs]
[GC 1479244K->1224941K(2944064K), 0.0479540 secs]
[GC 1481005K->1220611K(2944064K), 0.0450960 secs]
[GC 1476675K->1227418K(2944064K), 0.0412520 secs]
[GC 1483482K->1228989K(2944064K), 0.0432120 secs]
[GC 1485053K->1230524K(2944064K), 0.0468080 secs]
[GC 1486588K->1232189K(2944064K), 0.0459640 secs]
[GC 1488253K->1227993K(2944064K), 0.0416790 secs]
[GC 1484057K->1229330K(2944064K), 0.0431850 secs]
[GC 1485394K->1230597K(2944064K), 0.0403120 secs]
[GC 1486661K->1232109K(2944064K), 0.0459210 secs]
[GC 1488173K->1239318K(2944064K), 0.0477370 secs]
[GC 1495382K->1234999K(2944064K), 0.0413210 secs]
[GC 1491063K->1248064K(2944064K), 0.0411370 secs]
[GC 1504128K->1238110K(2944064K), 0.0438270 secs]
[GC 1494174K->1251805K(2944064K), 0.0474370 secs]
[GC 1507869K->1239610K(2944064K), 0.0436880 secs]
[GC 1495674K->1254317K(2944064K), 0.0416630 secs]
[GC 1510381K->1242549K(2944064K), 0.0467710 secs]
[GC 1498613K->1252459K(2944064K), 0.0472510 secs]
[GC 1508523K->1256877K(2944064K), 0.0453520 secs]
[GC 1512941K->1247877K(2944064K), 0.0408010 secs]
[GC 1503941K->1261788K(2944064K), 0.0418830 secs]
[GC 1517852K->1249630K(2944064K), 0.0442710 secs]
[GC 1505694K->1259325K(2944064K), 0.0462640 secs]
[GC 1515389K->1258337K(2944064K), 0.0489810 secs]
[GC 1514401K->1260551K(2944064K), 0.0468230 secs]
[GC 1516615K->1262168K(2944064K), 0.0477340 secs]
[GC 1518232K->1263711K(2944064K), 0.0423160 secs]
[GC 1519775K->1265105K(2944064K), 0.0399900 secs]
[GC 1521169K->1266611K(2944064K), 0.0592300 secs]
[GC 1522675K->1262646K(2944064K), 0.0433180 secs]
[GC 1518710K->1264101K(2944064K), 0.0452170 secs]
[GC 1520165K->1271287K(2944064K), 0.0437750 secs]
[GC 1527351K->1267147K(2944064K), 0.0407900 secs]
[GC 1523211K->1268386K(2944064K), 0.0477390 secs]
[GC 1524450K->1281066K(2944064K), 0.0422190 secs]
[GC 1537130K->1271273K(2944064K), 0.0409050 secs]
[GC 1527337K->1285586K(2944064K), 0.0474390 secs]
[GC 1541650K->1273316K(2944064K), 0.0467250 secs]
[GC 1529380K->1288532K(2944064K), 0.1021020 secs]
[GC 1544596K->1276287K(2944064K), 0.0442220 secs]
[GC 1532351K->1291064K(2944064K), 0.0455170 secs]
[GC 1547128K->1279221K(2944064K), 0.0423290 secs]
[GC 1535285K->1294195K(2944064K), 0.0396530 secs]
[GC 1550259K->1282173K(2944064K), 0.0487290 secs]
[GC 1538237K->1297299K(2944064K), 0.0422030 secs]
[GC 1553363K->1285237K(2944064K), 0.0444740 secs]
[GC 1541301K->1299875K(2944064K), 0.0465430 secs]
[GC 1555939K->1287800K(2944064K), 0.0426120 secs]
[GC 1543864K->1302994K(2944064K), 0.0412530 secs]
[GC 1559058K->1294334K(2944064K), 0.0459560 secs]
[GC 1550398K->1301178K(2944064K), 0.0442310 secs]
[GC 1557242K->1305785K(2944064K), 0.0433420 secs]
[GC 1561849K->1296462K(2944064K), 0.0452110 secs]
[GC 1552526K->1305672K(2944064K), 0.0454710 secs]
[GC 1561736K->1304437K(2944064K), 0.0446070 secs]
[GC 1560501K->1306708K(2944064K), 0.0471430 secs]
[GC 1562772K->1314079K(2944064K), 0.0427490 secs]
[GC 1570143K->1304211K(2944064K), 0.0495900 secs]
[GC 1560275K->1313337K(2944064K), 0.0486850 secs]
[GC 1569401K->1311887K(2944064K), 0.0455460 secs]
[GC 1567951K->1308253K(2944064K), 0.0468870 secs]
[GC 1564317K->1315598K(2944064K), 0.0421970 secs]
[GC 1571662K->1317419K(2944064K), 0.0462220 secs]
[GC 1573483K->1319024K(2944064K), 0.0438570 secs]
[GC 1575088K->1314764K(2944064K), 0.0481370 secs]
[GC 1570828K->1321728K(2944064K), 0.0424140 secs]
[GC 1577792K->1317338K(2944064K), 0.0402670 secs]
[GC 1573402K->1330151K(2944064K), 0.0455220 secs]
[GC 1586215K->1320281K(2944064K), 0.0455780 secs]
[GC 1576345K->1334829K(2944064K), 0.0459810 secs]
[GC 1590893K->1325817K(2944064K), 0.0456350 secs]
[GC 1581881K->1337209K(2944064K), 0.0451080 secs]
[GC 1593273K->1325045K(2944064K), 0.0397960 secs]
[GC 1581109K->1339990K(2944064K), 0.0430300 secs]
[GC 1596054K->1327979K(2944064K), 0.0465840 secs]
[GC 1584043K->1338155K(2944064K), 0.0474190 secs]
[GC 1594219K->1331679K(2944064K), 0.0471360 secs]
[GC 1587743K->1333466K(2944064K), 0.0484930 secs]
[GC 1589530K->1340514K(2944064K), 0.0474770 secs]
[GC 1596578K->1342085K(2944064K), 0.0423320 secs]
[GC 1598149K->1337897K(2944064K), 0.0399290 secs]
[GC 1593961K->1339439K(2944064K), 0.0456790 secs]
[GC 1595503K->1341003K(2944064K), 0.0451370 secs]
[GC 1597067K->1342544K(2944064K), 0.0484230 secs]
[GC 1598608K->1360735K(2944064K), 0.0483910 secs]
[GC 1616573K->1371412K(2944064K), 0.0622110 secs]
[GC 1627425K->1394621K(2944064K), 0.0669190 secs]
[GC 1650685K->1422099K(2944064K), 0.0777860 secs]
[GC 1678163K->1424885K(2944064K), 0.0877550 secs]
[GC 1680873K->1440228K(2944064K), 0.0926440 secs]
[GC 1696292K->1485887K(2944064K), 0.0807320 secs]
[GC 1741951K->1466766K(2944064K), 0.0795160 secs]
[GC 1722830K->1477156K(2944064K), 0.0767910 secs]
[GC 1729985K->1507587K(2944064K), 0.0875600 secs]
[GC 1759860K->1509693K(2944064K), 0.0818390 secs]
[GC 1765757K->1545409K(2944064K), 0.0814160 secs]
[GC 1801473K->1551544K(2944064K), 0.0803210 secs]
[GC 1807608K->1553488K(2944064K), 0.0803550 secs]
[GC 1808936K->1586218K(2944064K), 0.0853600 secs]
[GC 1842282K->1590130K(2944064K), 0.0837400 secs]
[GC 1846194K->1592509K(2944064K), 0.0908810 secs]
[GC 1847915K->1642047K(2944064K), 0.0681710 secs]
[GC 1898111K->1617295K(2944064K), 0.0764200 secs]
[GC 1873359K->1672720K(2944064K), 0.0739280 secs]
[GC 1928784K->1651118K(2944064K), 0.0769680 secs]
[GC 1907182K->1698734K(2944064K), 0.0718920 secs]
[GC 1951065K->1674039K(2944064K), 0.0765650 secs]
[GC 1930103K->1713592K(2944064K), 0.0748260 secs]
[GC 1967139K->1736426K(2944064K), 0.0764430 secs]
[GC 1992490K->1719464K(2944064K), 0.0743220 secs]
[GC 1975528K->1769724K(2944064K), 0.0820690 secs]
[GC 2025788K->1750939K(2944064K), 0.0786390 secs]
[GC 2007003K->1731244K(2944064K), 0.0505050 secs]
[GC 1987308K->1752881K(2944064K), 0.0535690 secs]
[GC 2008945K->1753512K(2944064K), 0.0515090 secs]
[GC 2009576K->1768850K(2944064K), 0.0563280 secs]
[GC 2024914K->1769459K(2944064K), 0.0636450 secs]
[GC 2025523K->1822308K(2944064K), 0.0933270 secs]
[GC 2078372K->1802854K(2944064K), 0.0820970 secs]
[GC 2058918K->1848397K(2944064K), 0.0819520 secs]
[GC 2104461K->1835374K(2944064K), 0.0887850 secs]
[GC 2091424K->1860503K(2944064K), 0.0761470 secs]
[GC 2116567K->1894276K(2944064K), 0.0836300 secs]
[GC 2146877K->1873032K(2944064K), 0.0923420 secs]
[GC 2129096K->1925277K(2944064K), 0.0762200 secs]
[GC 2181341K->1906664K(2944064K), 0.0804560 secs]
[GC 2162728K->1930091K(2944064K), 0.0838510 secs]
[GC 2186155K->1949909K(2944064K), 0.0821240 secs]
[GC 2205973K->1958533K(2944064K), 0.0832960 secs]
[GC 2214597K->1957280K(2944064K), 0.0921230 secs]
[GC 2213344K->1988972K(2944064K), 0.0714700 secs]
[GC 2245036K->1991690K(2944064K), 0.0833740 secs]
[GC 2247754K->2041344K(2944064K), 0.0924940 secs]
[GC 2297364K->2018208K(2944064K), 0.0765740 secs]
[GC 2274272K->2070658K(2944064K), 0.0813310 secs]
[GC 2326722K->2045555K(2944064K), 0.0834590 secs]
[GC 2301619K->2085673K(2944064K), 0.0862000 secs]
[GC 2341735K->2076984K(2944064K), 0.0768960 secs]
[GC 2333048K->2095760K(2944064K), 0.0835670 secs]
[GC 2351824K->2127277K(2944064K), 0.0930780 secs]
[GC 2383341K->2147992K(2944064K), 0.0936240 secs]
[GC 2401060K->2169027K(2944064K), 0.1020700 secs]
[GC 2425060K->2197272K(2944064K), 0.0680600 secs]
[GC 2453310K->2175265K(2944064K), 0.0846950 secs]
[GC 2431329K->2229300K(2944064K), 0.0870110 secs]
[GC 2485364K->2234471K(2944064K), 0.0864660 secs]
[GC 2489122K->2231993K(2944064K), 0.0906060 secs]
[GC 2488057K->2246143K(2944064K), 0.0826860 secs]
[GC 2502197K->2275890K(2944064K), 0.0873900 secs]
[GC 2531954K->2310425K(2944064K), 0.0944050 secs]
[GC 2566489K->2298171K(2944064K), 0.0972950 secs]
[GC 2554235K->2317771K(2944064K), 0.0847710 secs]
[GC 2573820K->2316771K(2944064K), 0.0898270 secs]
[GC 2572835K->2332724K(2944064K), 0.0891170 secs]
[GC 2588788K->2375107K(2951744K), 0.1017170 secs]
[GC 2631171K->2399167K(2964992K), 0.0935650 secs]
[GC 2655221K->2399182K(2980544K), 0.0918690 secs]
[GC 2655235K->2429849K(2995712K), 0.0934720 secs]
[GC 2685913K->2413730K(3011456K), 0.0997010 secs]
[GC 2669794K->2461675K(3027776K), 0.0996440 secs]
[GC 2716333K->2440241K(3058112K), 0.1165280 secs]
[GC 2696277K->2492175K(3058112K), 0.0792120 secs]
[GC 2748239K->2469063K(3074624K), 0.1014290 secs]
[GC 2725127K->2524443K(3090752K), 0.1033460 secs]
[GC 2780507K->2504499K(3123008K), 0.1152940 secs]
[GC 2760563K->2490605K(3123008K), 0.0697060 secs]
[GC 2746669K->2519149K(3123008K), 0.0694670 secs]
[GC 2775213K->2536640K(3123008K), 0.0700640 secs]
[GC 2792704K->2512670K(3142976K), 0.0875550 secs]
[GC 2768734K->2512874K(3142976K), 0.0630570 secs]
[GC 2768938K->2523471K(3142976K), 0.0678480 secs]
[GC 2779535K->2525897K(3142976K), 0.0718600 secs]
[GC 2781961K->2529087K(3142976K), 0.0729810 secs]
[GC 2785151K->2546412K(3142976K), 0.0764390 secs]
[GC 2802476K->2536142K(3142976K), 0.0782920 secs]
[GC 2792206K->2539528K(3142976K), 0.0804640 secs]
[GC 2795592K->2542844K(3142976K), 0.0822770 secs]
[GC 2798908K->2535326K(3164672K), 0.1012670 secs]
[GC 2791390K->2534319K(3164672K), 0.0634990 secs]
[GC 2790383K->2535247K(3180224K), 0.0751680 secs]
[GC 2791311K->2527327K(3182336K), 0.0567840 secs]
[GC 2783391K->2536285K(3184448K), 0.0606660 secs]
[GC 2792349K->2537768K(3186944K), 0.0591960 secs]
[GC 2793832K->2548942K(3189440K), 0.0696630 secs]
[GC 2805006K->2551186K(3191744K), 0.0609330 secs]
[GC 2807250K->2553218K(3194048K), 0.0777290 secs]
[GC 2809282K->2546713K(3196736K), 0.0595690 secs]
[GC 2802777K->2557893K(3199040K), 0.0596360 secs]
[GC 2813957K->2560257K(3201344K), 0.0669160 secs]
[GC 2816321K->2571276K(3203456K), 0.1014430 secs]
[GC 2827340K->2556063K(3205952K), 0.0589410 secs]
[GC 2812127K->2577894K(3208256K), 0.0571720 secs]
[GC 2833958K->2558986K(3210368K), 0.0683900 secs]
[GC 2815050K->2582227K(3212672K), 0.0575770 secs]
[GC 2838291K->2563252K(3215168K), 0.0608580 secs]
[GC 2819316K->2594538K(3217280K), 0.0725200 secs]
[GC 2850602K->2629529K(3219584K), 0.0982270 secs]
[GC 2885593K->2662140K(3228224K), 0.1000110 secs]
[GC 2918204K->2679672K(3245888K), 0.1143310 secs]
[GC 2935736K->2670278K(3281984K), 0.1252290 secs]
[GC 2926342K->2681414K(3299264K), 0.0961960 secs]
[GC 2937478K->2705989K(3316352K), 0.0904150 secs]
[GC 2962053K->2697976K(3333056K), 0.0915460 secs]
[GC 2954006K->2751223K(3333056K), 0.1520230 secs]
[GC 3007229K->2777457K(3348032K), 0.0961780 secs]
[GC 3032087K->2771557K(3363968K), 0.1086870 secs]
[GC 3027563K->2811177K(3377984K), 0.0974300 secs]
[GC 3065488K->2810668K(3392960K), 0.1091780 secs]
[GC 3066699K->2810044K(3408512K), 0.1136830 secs]
[GC 3066108K->2824213K(3423872K), 0.1014440 secs]
[GC 3080277K->2837456K(3439232K), 0.0984640 secs]
[GC 3093520K->2854191K(3454400K), 0.1010340 secs]
[GC 3107730K->2873764K(3470336K), 0.1011230 secs]
[GC 3127757K->2885844K(3486080K), 0.1010100 secs]
[GC 3141908K->2918626K(3501248K), 0.1090200 secs]
[GC 3171291K->2919799K(3516800K), 0.1057930 secs]
[GC 3175849K->2949010K(3530048K), 0.0948320 secs]
[GC 3205074K->2945826K(3545216K), 0.0949930 secs]
[GC 3201890K->2962472K(3577088K), 0.1079540 secs]
[GC 3218536K->2977148K(3577088K), 0.0648770 secs]
[GC 3233212K->2989043K(3577088K), 0.0684550 secs]
[GC 3245107K->2959850K(3577088K), 0.0688800 secs]
[GC 3215914K->2958379K(3595136K), 0.0805360 secs]
[GC 3214395K->3004281K(3595136K), 0.0634340 secs]
[GC 3256844K->2997257K(3595136K), 0.0812240 secs]
[GC 3250527K->3046911K(3613952K), 0.1032080 secs]
[GC 3302975K->3043775K(3634880K), 0.1055220 secs]
[GC 3299802K->3044249K(3665024K), 0.1142960 secs]
[GC 3297354K->3096252K(3665024K), 0.0748510 secs]
[GC 3352316K->3101102K(3680576K), 0.1138560 secs]
[GC 3357166K->3115986K(3712640K), 0.1105650 secs]
[GC 3372050K->3124302K(3728768K), 0.0915600 secs]
[GC 3380366K->3135914K(3746816K), 0.0887720 secs]
[GC 3391978K->3151388K(3765440K), 0.0867110 secs]
[GC 3407452K->3189350K(3765440K), 0.0760290 secs]
[GC 3445362K->3208333K(3780416K), 0.0975580 secs]
[GC 3464397K->3228683K(3796160K), 0.1055400 secs]
[GC 3484747K->3213884K(3827840K), 0.1142980 secs]
[GC 3469948K->3231232K(3844544K), 0.0939560 secs]
[GC 3487296K->3237675K(3863360K), 0.0965050 secs]
 INFO  [hz._hzInstance_1_FenixFrameworkGroup.HealthMonitor] {com.hazelcast.util.HealthMonitor} [127.0.0.1]:5702 [FenixFrameworkGroup] 
memory used=3.3G, free=364.6M, total=3.7G, max=4.7G, used/total=90.33% used/max=71.13%
cpu process-load=3.00%, system-load=25.00%, system-loadaverage=383.00%
[GC 3493727K->3289683K(3863360K), 0.0791330 secs]
[GC 3545702K->3308179K(3878720K), 0.1004110 secs]
[GC 3564243K->3311996K(3893888K), 0.0976590 secs]
[GC 3568039K->3312004K(3926528K), 0.1068840 secs]
[GC 3568068K->3358968K(3926528K), 0.0766580 secs]
[GC 3612152K->3334638K(3942272K), 0.0985300 secs]
 INFO  [hz._hzInstance_1_FenixFrameworkGroup.HealthMonitor] {com.hazelcast.util.HealthMonitor} [127.0.0.1]:5702 [FenixFrameworkGroup] 
memory used=3.3G, free=432.6M, total=3.8G, max=4.7G, used/total=88.76% used/max=71.32%
cpu process-load=3.00%, system-load=21.00%, system-loadaverage=302.00%
[GC 3590702K->3331901K(3958592K), 0.0846670 secs]
 INFO  [hz._hzInstance_1_FenixFrameworkGroup.HealthMonitor] {com.hazelcast.util.HealthMonitor} [127.0.0.1]:5702 [FenixFrameworkGroup] 
memory used=3.3G, free=482.3M, total=3.8G, max=4.7G, used/total=87.52% used/max=70.61%
cpu process-load=3.00%, system-load=18.00%, system-loadaverage=256.00%
[GC 3587965K->3359993K(3958592K), 0.0649520 secs]
 INFO  [hz._hzInstance_1_FenixFrameworkGroup.HealthMonitor] {com.hazelcast.util.HealthMonitor} [127.0.0.1]:5702 [FenixFrameworkGroup] 
memory used=3.3G, free=484.0M, total=3.8G, max=4.7G, used/total=87.48% used/max=70.58%
cpu process-load=3.00%, system-load=17.00%, system-loadaverage=216.00%
[GC 3616057K->3346184K(3976256K), 0.0777090 secs]
[GC 3602248K->3363047K(3976256K), 0.0619890 secs]
[GC 3619111K->3375980K(3976256K), 0.0625930 secs]
 INFO  [hz._hzInstance_1_FenixFrameworkGroup.HealthMonitor] {com.hazelcast.util.HealthMonitor} [127.0.0.1]:5702 [FenixFrameworkGroup] 
memory used=3.5G, free=347.0M, total=3.8G, max=4.7G, used/total=91.06% used/max=73.80%
cpu process-load=3.00%, system-load=17.00%, system-loadaverage=122.00%
[GC 3632044K->3393812K(3976256K), 0.0677320 secs]
 INFO  [hz._hzInstance_1_FenixFrameworkGroup.HealthMonitor] {com.hazelcast.util.HealthMonitor} [127.0.0.1]:5702 [FenixFrameworkGroup] 
memory used=3.4G, free=357.4M, total=3.8G, max=4.7G, used/total=90.80% used/max=73.58%
cpu process-load=3.00%, system-load=18.00%, system-loadaverage=103.00%
[GC 3649876K->3353960K(3976256K), 0.0688290 secs]
[GC 3607126K->3393282K(3976256K), 0.0820860 secs]
[GC 3649346K->3427091K(3994880K), 0.1112600 secs]
[GC 3683155K->3428405K(4021760K), 0.1291270 secs]
[GC 3684469K->3431297K(4046912K), 0.1119110 secs]
[GC 3687361K->3459038K(4065728K), 0.0937540 secs]
[GC 3715102K->3470377K(4083584K), 0.0981020 secs]
 INFO  [hz._hzInstance_1_FenixFrameworkGroup.HealthMonitor] {com.hazelcast.util.HealthMonitor} [127.0.0.1]:5702 [FenixFrameworkGroup] 
memory used=3.3G, free=565.4M, total=3.9G, max=4.7G, used/total=85.82% used/max=71.43%
cpu process-load=3.00%, system-load=21.00%, system-loadaverage=142.00%
[GC 3726441K->3508621K(4101632K), 0.0982460 secs]
[GC 3761733K->3509624K(4120640K), 0.0985400 secs]
[GC 3765688K->3552884K(4136768K), 0.0957450 secs]
[GC 3806421K->3527319K(4155200K), 0.0956850 secs]
 INFO  [hz._hzInstance_1_FenixFrameworkGroup.HealthMonitor] {com.hazelcast.util.HealthMonitor} [127.0.0.1]:5702 [FenixFrameworkGroup] 
memory used=3.4G, free=542.2M, total=4.0G, max=4.7G, used/total=86.64% used/max=73.37%
cpu process-load=3.00%, system-load=24.00%, system-loadaverage=247.00%
[GC 3783380K->3598915K(4171712K), 0.0977230 secs]
[GC 3854979K->3587213K(4171712K), 0.0880960 secs]
[GC 3843259K->3599874K(4205120K), 0.1177820 secs]
[GC 3855938K->3617529K(4224320K), 0.0968900 secs]
 INFO  [hz._hzInstance_1_FenixFrameworkGroup.HealthMonitor] {com.hazelcast.util.HealthMonitor} [127.0.0.1]:5702 [FenixFrameworkGroup] 
memory used=3.6G, free=447.3M, total=4.0G, max=4.7G, used/total=89.16% used/max=76.76%
cpu process-load=3.00%, system-load=24.00%, system-loadaverage=225.00%
[GC 3872334K->3628872K(4242752K), 0.1002160 secs]
[GC 3884936K->3664958K(4259648K), 0.0936600 secs]
[GC 3921022K->3679350K(4278272K), 0.1002100 secs]
[GC 3935414K->3701257K(4294592K), 0.0965110 secs]
[GC 3702936K(4294592K), 0.0346330 secs]
 INFO  [hz._hzInstance_1_FenixFrameworkGroup.HealthMonitor] {com.hazelcast.util.HealthMonitor} [127.0.0.1]:5702 [FenixFrameworkGroup] 
memory used=3.7G, free=422.3M, total=4.1G, max=4.7G, used/total=89.93% used/max=78.71%
cpu process-load=3.00%, system-load=23.00%, system-loadaverage=261.00%
[GC 3957321K->3702779K(4313408K), 0.1009370 secs]
[GC 3958830K->3734110K(4329728K), 0.0998730 secs]
[GC 3871306K(4329728K), 0.0561510 secs]
[GC 3650818K->3415323K(4329728K), 0.1021030 secs]
[GC 3338555K->3103440K(4650752K), 0.1127650 secs]
[GC 3359458K->3111341K(4650752K), 0.1055950 secs]
[GC 3367405K->3134187K(4650752K), 0.1061960 secs]
[GC 3390251K->3132445K(4650752K), 0.1118470 secs]
[GC 3388509K->3151040K(4650752K), 0.0941880 secs]
[GC 3407104K->3156803K(4650752K), 0.0890360 secs]
[GC 3412867K->3154588K(4650752K), 0.0654950 secs]
[GC 3410652K->3166073K(4650752K), 0.0812220 secs]
[GC 3422137K->3196209K(4650752K), 0.0685000 secs]
[GC 3452273K->3159103K(4650752K), 0.0690430 secs]
[GC 3415167K->3184861K(4650752K), 0.0743810 secs]
[GC 3440925K->3220944K(4650752K), 0.1035050 secs]
 INFO  [hz._hzInstance_1_FenixFrameworkGroup.HealthMonitor] {com.hazelcast.util.HealthMonitor} [127.0.0.1]:5702 [FenixFrameworkGroup] 
memory used=3.3G, free=1.1G, total=4.4G, max=4.7G, used/total=74.65% used/max=70.76%
cpu process-load=3.00%, system-load=19.00%, system-loadaverage=142.00%
[GC 3477008K->3199307K(4650752K), 0.1018200 secs]
[GC 3455371K->3235027K(4650752K), 0.0793290 secs]
[GC 3491091K->3260186K(4650752K), 0.1059360 secs]
[GC 3516024K->3244831K(4650752K), 0.1158440 secs]
[GC 3500895K->3295035K(4650752K), 0.0987220 secs]
 INFO  [hz._hzInstance_1_FenixFrameworkGroup.HealthMonitor] {com.hazelcast.util.HealthMonitor} [127.0.0.1]:5702 [FenixFrameworkGroup] 
memory used=3.4G, free=1.1G, total=4.4G, max=4.7G, used/total=75.91% used/max=71.95%
cpu process-load=3.00%, system-load=19.00%, system-loadaverage=234.00%
[GC 3551099K->3289456K(4650752K), 0.1101950 secs]
[GC 3545496K->3331756K(4650752K), 0.0971240 secs]
[GC 3587748K->3336124K(4650752K), 0.0968470 secs]
[GC 3592188K->3368885K(4650752K), 0.0941480 secs]
 INFO  [hz._hzInstance_1_FenixFrameworkGroup.HealthMonitor] {com.hazelcast.util.HealthMonitor} [127.0.0.1]:5702 [FenixFrameworkGroup] 
memory used=3.4G, free=1.0G, total=4.4G, max=4.7G, used/total=76.60% used/max=72.60%
cpu process-load=3.00%, system-load=19.00%, system-loadaverage=243.00%
[GC 3624949K->3369042K(4650752K), 0.1084910 secs]
[GC 3621987K->3414171K(4650752K), 0.1094270 secs]
[GC 3670235K->3420595K(4650752K), 0.1041220 secs]
[GC 3676659K->3459378K(4650752K), 0.1111480 secs]
 INFO  [hz._hzInstance_1_FenixFrameworkGroup.HealthMonitor] {com.hazelcast.util.HealthMonitor} [127.0.0.1]:5702 [FenixFrameworkGroup] 
memory used=3.5G, free=931.1M, total=4.4G, max=4.7G, used/total=79.50% used/max=75.35%
cpu process-load=3.00%, system-load=20.00%, system-loadaverage=228.00%
[GC 3715442K->3468525K(4650752K), 0.1152540 secs]
[GC 3724548K->3497626K(4650752K), 0.1003360 secs]
[GC 3753690K->3503795K(4650752K), 0.1045360 secs]
[GC 3759859K->3537295K(4650752K), 0.0969120 secs]
 INFO  [hz._hzInstance_1_FenixFrameworkGroup.HealthMonitor] {com.hazelcast.util.HealthMonitor} [127.0.0.1]:5702 [FenixFrameworkGroup] 
memory used=3.6G, free=858.3M, total=4.4G, max=4.7G, used/total=81.10% used/max=76.87%
cpu process-load=3.00%, system-load=20.00%, system-loadaverage=332.00%
[GC 3793359K->3562241K(4650752K), 0.1077240 secs]
[GC 3818305K->3570049K(4650752K), 0.1086520 secs]
[GC 3823638K->3577465K(4650752K), 0.0993770 secs]
[GC 3833479K->3608678K(4650752K), 0.1050250 secs]
 INFO  [hz._hzInstance_1_FenixFrameworkGroup.HealthMonitor] {com.hazelcast.util.HealthMonitor} [127.0.0.1]:5702 [FenixFrameworkGroup] 
memory used=3.5G, free=936.0M, total=4.4G, max=4.7G, used/total=79.39% used/max=75.25%
cpu process-load=2.00%, system-load=17.00%, system-loadaverage=281.00%
[GC 3864742K->3628927K(4650752K), 0.1002130 secs]
[GC 3884991K->3668547K(4650752K), 0.1011480 secs]
[GC 3924220K->3692440K(4650752K), 0.1049670 secs]
 INFO  [hz._hzInstance_1_FenixFrameworkGroup.HealthMonitor] {com.hazelcast.util.HealthMonitor} [127.0.0.1]:5702 [FenixFrameworkGroup] 
memory used=3.6G, free=888.5M, total=4.4G, max=4.7G, used/total=80.44% used/max=76.24%
cpu process-load=2.00%, system-load=16.00%, system-loadaverage=277.00%
[GC 3948446K->3680806K(4650752K), 0.0914710 secs]
[GC 3936870K->3733043K(4650752K), 0.0964390 secs]
 INFO  [hz._hzInstance_1_FenixFrameworkGroup.HealthMonitor] {com.hazelcast.util.HealthMonitor} [127.0.0.1]:5702 [FenixFrameworkGroup] 
memory used=3.8G, free=691.3M, total=4.4G, max=4.7G, used/total=84.78% used/max=80.36%
cpu process-load=2.00%, system-load=15.00%, system-loadaverage=264.00%
[GC 3989107K->3718384K(4650752K), 0.0990390 secs]
 INFO  [hz._hzInstance_1_FenixFrameworkGroup.HealthMonitor] {com.hazelcast.util.HealthMonitor} [127.0.0.1]:5702 [FenixFrameworkGroup] 
memory used=3.6G, free=845.3M, total=4.4G, max=4.7G, used/total=81.39% used/max=77.14%
cpu process-load=2.00%, system-load=12.00%, system-loadaverage=223.00%
[GC 3974448K->3759975K(4650752K), 0.0849950 secs]
 INFO  [hz._hzInstance_1_FenixFrameworkGroup.HealthMonitor] {com.hazelcast.util.HealthMonitor} [127.0.0.1]:5702 [FenixFrameworkGroup] 
memory used=3.6G, free=811.4M, total=4.4G, max=4.7G, used/total=82.13% used/max=77.85%
cpu process-load=2.00%, system-load=13.00%, system-loadaverage=205.00%
[GC 4016039K->3775019K(4650752K), 0.1133540 secs]
[GC 4031083K->3778046K(4650752K), 0.1090650 secs]
[GC 4034110K->3813106K(4650752K), 0.1065400 secs]
 INFO  [hz._hzInstance_1_FenixFrameworkGroup.HealthMonitor] {com.hazelcast.util.HealthMonitor} [127.0.0.1]:5702 [FenixFrameworkGroup] 
memory used=3.8G, free=675.5M, total=4.4G, max=4.7G, used/total=85.13% used/max=80.69%
cpu process-load=2.00%, system-load=14.00%, system-loadaverage=245.00%
[GC 4069135K->3824015K(4650752K), 0.1099780 secs]
[GC 4076591K->3819928K(4650752K), 0.1008250 secs]
[GC 4075992K->3890026K(4650752K), 0.1070400 secs]
[GC 4146090K->3866888K(4650752K), 0.1007580 secs]
 INFO  [hz._hzInstance_1_FenixFrameworkGroup.HealthMonitor] {com.hazelcast.util.HealthMonitor} [127.0.0.1]:5702 [FenixFrameworkGroup] 
memory used=3.7G, free=708.6M, total=4.4G, max=4.7G, used/total=84.40% used/max=80.00%
cpu process-load=2.00%, system-load=16.00%, system-loadaverage=223.00%
[GC 4122952K->3918648K(4650752K), 0.1006490 secs]
[GC 4174687K->3911016K(4650752K), 0.0990360 secs]
[GC 4164955K->3928625K(4650752K), 0.1109790 secs]
 INFO  [hz._hzInstance_1_FenixFrameworkGroup.HealthMonitor] {com.hazelcast.util.HealthMonitor} [127.0.0.1]:5702 [FenixFrameworkGroup] 
memory used=3.9G, free=507.3M, total=4.4G, max=4.7G, used/total=88.83% used/max=84.20%
cpu process-load=2.00%, system-load=16.00%, system-loadaverage=354.00%
[GC 4184689K->3965113K(4650752K), 0.1008400 secs]
[GC 4221177K->3974202K(4650752K), 0.1048680 secs]
[GC 4230266K->3985511K(4650752K), 0.1009820 secs]
[GC 4238484K->3997002K(4650752K), 0.1003950 secs]
 INFO  [hz._hzInstance_1_FenixFrameworkGroup.HealthMonitor] {com.hazelcast.util.HealthMonitor} [127.0.0.1]:5702 [FenixFrameworkGroup] 
memory used=4.0G, free=491.5M, total=4.4G, max=4.7G, used/total=89.18% used/max=84.53%
cpu process-load=2.00%, system-load=20.00%, system-loadaverage=464.00%
[GC 4253066K->4041480K(4650752K), 0.1026420 secs]
[GC 4042545K(4650752K), 0.0295260 secs]
[GC 4297544K->4315974K(4650752K), 0.2549820 secs]
[Full GC 4315974K->3694099K(4650752K), 10.1069630 secs]
 INFO  [hz._hzInstance_1_FenixFrameworkGroup.HealthMonitor] {com.hazelcast.util.HealthMonitor} [127.0.0.1]:5702 [FenixFrameworkGroup] 
memory used=3.5G, free=1.2G, total=4.7G, max=4.7G, used/total=75.29% used/max=75.29%
cpu process-load=2.00%, system-load=6.00%, system-loadaverage=397.00%
 ERROR [OOB-61,deimos-esw-2421] {org.infinispan.interceptors.InvocationContextInterceptor} ISPN000136: Execution error
org.infinispan.transaction.xa.InvalidTransactionException: This remote transaction DldGlobalTransaction{coinToss=6008653902580203380, lockIntention=null, affectedKeys=[], locksAtOrigin=[key_0000000000046A1D:471268, key_000000000004653E:471973, key_0000000000045B42:471928, key_0000000000046120:471835, key_00000000000450AA, key_0000000000045C42:471866, key_00000000000456C0:471785, key_00000000000450A6, key_00000000000445C9:471923, key_0000000000046100:471973, key_00000000000460C8:472007, key_0000000000045B6A:471894, key_00000000000458A5, key_00000000000458A7, key_0000000000046781:471923, key_00000000000458A1, key_0000000000045D94:471959, key_000000000004634F:471959, key_0000000000045DA4, key_00000000000460B2:471928, key_0000000000044D5A:471866, key_00000000000458B6, key_0000000000044E1B:471785, key_00000000000458B3, key_0000000000045501:471866, key_00000000000461B9:472007, key_000000000004659E, key_0000000000044D2A:471928, key_0000000000046598, key_00000000000465A4, key_00000000000460AA:471894, key_0000000000044A0A:471959, key_00000000000465A1, key_0000000000044AA1:471973, key_00000000000460E5:471785, key_0000000000046C94:471959, key_0000000000046C3D:471548, key_0000000000046367:471801, key_0000000000046C6D:471835, key_00000000000446B1:471801, key_0000000000046796:471959, key_0000000000045471:472007, key_000000000004657A:471894, key_00000000000446A5:471973, key_000000000004518A:472007, key_000000000004664A:471973, key_000000000004536B:472007, key_0000000000044955:471611, key_000000000004464F:472007, key_0000000000044F7D:470986, key_00000000000457A7:471928, key_0000000000044792:472007, key_000000000004500B:471835, key_000000000004509D, key_00000000000448C2:471973, key_0000000000045781:471923, key_00000000000465DE, key_0000000000044BD0:471785, key_00000000000466B2:471973, key_0000000000045864, key_0000000000045863, key_0000000000045A03:472007, key_0000000000045285:471928, key_0000000000044B75:471098, key_00000000000465E7, key_000000000004586C, key_0000000000044F3B:471959, key_000000000004604F:471973, key_000000000004621A:471463, key_000000000004586A, key_0000000000044A04:471959, key_00000000000465E4, key_00000000000465D0, key_00000000000450DF:471959, key_0000000000045875, key_0000000000045D6A:471928, key_0000000000046321:471894, key_00000000000456C1:471928, key_0000000000045DF6, key_0000000000044E03:471928, key_0000000000045096, key_0000000000046158:471928, key_000000000004468A:471894, key_0000000000045DDC:471835, key_0000000000045090, key_0000000000045091, key_0000000000045DFC, key_0000000000044F57:471959, key_000000000004644C:471757, key_000000000004507C, key_000000000004507E, key_0000000000045884, key_0000000000046753:471801, key_0000000000045882, key_00000000000466F2:471959, key_00000000000465BB, key_0000000000045078, key_0000000000045F88:471695, key_0000000000045891, key_0000000000045085, key_000000000004588D, key_000000000004588F, key_0000000000045685:471928, key_00000000000469B3:471959, key_0000000000044FBF:471835, key_0000000000045068, key_0000000000045067, key_0000000000045894, key_0000000000044D3A:471959, key_0000000000045898, key_0000000000045070, key_0000000000045D63:471866, key_00000000000465B8, key_0000000000045AEF:472007, key_000000000004571F:471611, key_0000000000045074, key_000000000004589B, key_00000000000465B2, key_0000000000044834:471785, key_00000000000467C6:471959, key_0000000000044F2C:471923, key_00000000000459FD:471928, key_0000000000045D3A:471894, key_0000000000045822, key_0000000000044DE8:471866, key_0000000000045056, key_000000000004505D, key_0000000000046452:471251, key_000000000004505B, key_00000000000457AB:471642, key_0000000000044DD4:472007, key_0000000000045DCD, key_000000000004582A, key_0000000000046896:472007, key_0000000000045066, key_0000000000045DD0, key_000000000004582F, key_000000000004582E, key_000000000004697C:471611, key_000000000004582C, key_0000000000045831, key_0000000000045DB4, key_0000000000044FE3:471923, key_0000000000044CF2:471928, key_0000000000045DBF, key_0000000000046B7F:471801, key_0000000000045DBC, key_0000000000045DBA, key_0000000000044E20:471923, key_000000000004583F, key_0000000000045DE2, key_0000000000044E0E:472007, key_00000000000465FE, key_0000000000045D71:471959, key_0000000000045038, key_0000000000045847, key_0000000000044B14:471973, key_000000000004646E:471866, key_0000000000045846, key_0000000000045DEB, key_000000000004503E, key_000000000004597C:471894, key_00000000000458DB:471801, key_000000000004584E, key_0000000000045014:471611, key_0000000000045DF0, key_0000000000046BAD:471695, key_0000000000045032:471894, key_0000000000045023, key_0000000000045DD1, key_0000000000045852, key_0000000000045857, key_00000000000464AB:471928, key_0000000000045DDC, key_00000000000461AD:471923, key_00000000000465F3, key_0000000000044663:62289, key_000000000004585F, key_0000000000045686:471866, key_0000000000045DE0, key_000000000004617D:471866, key_0000000000045032, key_0000000000046715:471866, key_000000000004591C, key_000000000004570A:471251, key_0000000000045010, key_000000000004500C, key_000000000004500D, key_000000000004500B, key_000000000004603A:471973, key_0000000000045FF6:471973, key_0000000000045476:471923, key_0000000000045242:471923, key_0000000000045002, key_00000000000469BC:472007, key_0000000000045008, key_00000000000455F8:471928, key_0000000000045007, key_0000000000045006, key_000000000004590B, key_000000000004590D, key_0000000000045020, key_000000000004501B, key_0000000000045909, key_00000000000453BE:471569, key_0000000000045900, key_0000000000045902, key_0000000000045906, key_0000000000045012, key_0000000000045014, key_000000000004623A:471894, key_0000000000045D08, key_000000000004593A, key_00000000000468DC:471959, key_00000000000452C6:471959, key_0000000000045C4D:471973, key_0000000000044F74:472007, key_0000000000046BFC:471328, key_0000000000045502:471959, key_0000000000045936, key_0000000000045CAB:471923, key_00000000000448DC:471928, key_0000000000045932, key_0000000000045930, key_0000000000046085:471928, key_0000000000045182:471785, key_000000000004592D, key_0000000000044FAD:471923, key_00000000000462F3:471928, key_0000000000045D12, key_0000000000045D10, key_0000000000046CC3:471642, key_0000000000045929, key_0000000000044C95:471973, key_0000000000046626:470986, key_00000000000452A5:471611, key_0000000000046261:471973, key_000000000004630F:471959, key_0000000000044DA9:471973, key_0000000000046A4F:471973, key_0000000000044924:472007, key_0000000000046115:471866, key_0000000000046768:472007, key_00000000000456BE:471973, key_00000000000462CD:471835, key_0000000000044790:471894, key_0000000000044BE8:471923, key_0000000000045450:472007, key_0000000000046504, key_0000000000045CAA:472007, key_00000000000468B7:471973, key_0000000000045472:471835, key_0000000000046B5A:471569, key_00000000000465FE:471894, key_000000000004660D:472007, key_0000000000045126:471973, key_00000000000454C3:471959, key_0000000000045C9A:472007, key_00000000000451A9:471894, key_000000000004645B:471801, key_00000000000453DA:471973, key_0000000000045D5C:471695, key_0000000000044B9C:471928, key_0000000000044998:471928, key_0000000000046439:471973, key_0000000000045F11:401858, key_0000000000045605:471959, key_0000000000046980:471866, key_00000000000454BA:471973, key_00000000000462A9:471923, key_000000000004672E:471785, key_0000000000045D9B:471611, key_0000000000046047:471959, key_0000000000044AFF:471959, key_0000000000046BAC:472007, key_0000000000046204:471959, key_0000000000044F1C:471928, key_0000000000046533, key_00000000000467A0:471866, key_00000000000466D8:471973, key_0000000000045D5C, key_0000000000044AAE:471959, key_0000000000044BB0:471928, key_0000000000045D6A, key_0000000000045488:471928, key_0000000000045166:471973, key_0000000000045F13:471801, key_000000000004653C, key_000000000004653B, key_0000000000045D63, key_000000000004653F, key_000000000004653E, key_0000000000045D68, key_0000000000046107:471866, key_0000000000044BFB:471923, key_0000000000045D71, key_00000000000456C5:471695, key_0000000000045D6D, key_0000000000045D6C, key_000000000004627B:471973, key_0000000000046544, key_0000000000045D7A, key_0000000000045D75, key_0000000000045D76, key_0000000000045D77, key_000000000004654F, key_0000000000045FBB:471923, key_0000000000046ABE:472007, key_0000000000045D83, key_0000000000046513, key_0000000000045FA1:471973, key_0000000000045D8A, key_000000000004582A:471835, key_0000000000044A36:471928, key_000000000004699E:471973, key_0000000000045D94, key_0000000000046529, key_0000000000046166:472007, key_00000000000446BE:471928, key_0000000000044BDC:471757, key_0000000000046520, key_0000000000046A14:471973, key_0000000000045D9B, key_0000000000045F4F:472007, key_000000000004652A, key_000000000004534D:471894, key_0000000000045D1E, key_0000000000045D1B, key_0000000000045C82:471801, key_00000000000458CD, key_000000000004657A, key_0000000000044709:471785, key_0000000000045D21, key_0000000000045D20, key_00000000000458D1, key_00000000000451EF:471801, key_00000000000458D3, key_0000000000044CBA:471959, key_0000000000046C4B:471923, key_00000000000458D8, key_0000000000046583, key_00000000000447D1:471463, key_0000000000046582, key_000000000004526A:471491, key_00000000000458BF, key_000000000004658B, key_000000000004658D, key_0000000000045D33, key_0000000000045D32, key_00000000000458C2, key_0000000000044C2A:471959, key_00000000000458C1, key_0000000000044CD3:472007, key_0000000000045D39, key_00000000000463BD:471894, key_00000000000461F8:472007, key_0000000000046594, key_00000000000459A3:471757, key_000000000004582E:471695, key_0000000000045D3E, key_0000000000046556, key_0000000000045D3A, key_00000000000458EA, key_000000000004653F:471928, key_0000000000045636:471757, key_00000000000455AB:471973, key_0000000000044B93:471923, key_0000000000045D42, key_000000000004655C, key_0000000000045F1F:471928, key_0000000000045900:471866, key_0000000000044E88:471923, key_000000000004495F:472007, key_00000000000458F7, key_000000000004544B:471959, key_000000000004472C:471923, key_00000000000458DC, key_00000000000458DB, key_0000000000046565, key_0000000000044DCC:471973, key_0000000000045D4D, key_0000000000045284:471959, key_00000000000446FA:472007, key_000000000004505D:471928, key_0000000000045D56, key_00000000000453FC:471959, key_0000000000044984:471959, key_000000000004656F, key_0000000000046693:472007, key_00000000000451B4, key_00000000000459C3, key_000000000004653B:471959, key_0000000000046BC5:471866, key_00000000000451AD, key_0000000000044F8E, key_000000000004480F:471866, key_00000000000457E1:472007, key_0000000000046945:471973, key_000000000004564C:471923, key_000000000004534C:471757, key_0000000000046AB2:471866, key_00000000000451A9, key_0000000000045747:471973, key_00000000000459D8, key_000000000004695A:471928, key_0000000000044DC3:471973, key_0000000000044B97:471894, key_00000000000446FD:472007, key_0000000000046355:472007, key_000000000004500C:472007, key_000000000004603F:471928, key_0000000000046B49:471959, key_0000000000045B80:472007, key_00000000000459A3, key_00000000000447F4:471928, key_0000000000044BB8:471973, key_00000000000451CF, key_0000000000045B54:471642, key_00000000000451D3, key_0000000000044A9A:471973, key_00000000000451D2, key_00000000000459B1, key_0000000000046B7C:471894, key_00000000000451C7, key_0000000000046BEE:471757, key_00000000000451C4, key_00000000000459B7, key_0000000000045684:471251, key_00000000000445EF:472007, key_0000000000044DEB:471894, key_00000000000451BE, key_00000000000451BD, key_0000000000045F53:471973, key_00000000000451C1, key_0000000000044E61:471894, key_00000000000466A8, key_0000000000044F12:471611, key_0000000000045748:471928, key_00000000000466A3, key_0000000000045956:471894, key_0000000000044A64:472007, key_0000000000044C14:471894, key_00000000000464A0:471973, key_0000000000046C06:469783, key_0000000000045FF2:471923, key_0000000000046053:471569, key_0000000000045BCB:471835, key_0000000000046B4E:471973, key_00000000000469B2:471928, key_000000000004654F:472007, key_0000000000045C9F, key_0000000000045C9D, key_0000000000045C9A, key_0000000000046867:471928, key_00000000000466C0, key_0000000000044BCA:471928, key_0000000000044C1B:471251, key_000000000004595E:471973, key_0000000000045C90, key_00000000000466BE, key_000000000004535C:472007, key_00000000000466BB, key_00000000000465D0:471959, key_000000000004623E:471785, key_00000000000466B8, key_0000000000045C8A, key_00000000000466B2, key_00000000000454A2:471973, key_00000000000464CA:471268, key_0000000000045C82, key_0000000000045C84, key_000000000004513D:472007, key_00000000000452BB:471866, key_00000000000466AB, key_0000000000045C7F, key_0000000000045C36:472007, key_0000000000045593:472007, key_00000000000466DA, key_00000000000466DC, key_0000000000044F0D, key_000000000004461F:471695, key_000000000004519B, key_0000000000045300:471463, key_00000000000466E2, key_00000000000466E3, key_00000000000466E6, key_0000000000044F12, key_00000000000452CB:471894, key_0000000000046102:471973, key_0000000000046709:471959, key_0000000000044F17, key_0000000000045906:471894, key_0000000000046565:471866, key_0000000000044F1C, key_000000000004518A, key_0000000000045F6D:471959, key_0000000000044996:471801, key_0000000000045CFF, key_00000000000466D2, key_00000000000466D6, key_0000000000044F25, key_00000000000466D9, key_0000000000046B6C:471928, key_00000000000466D8, key_0000000000044F26, key_0000000000045196, key_0000000000045C0F:471835, key_0000000000045198, key_0000000000044C9A:471894, key_00000000000466FF, key_0000000000044F2C, key_0000000000045983, key_00000000000466FB, key_0000000000045982, key_0000000000045CE3, key_0000000000045334:471569, key_0000000000045CEB, key_0000000000045989, key_0000000000045BF3:471973, key_0000000000044C65:472007, key_000000000004598D, key_0000000000045DBC:471959, key_000000000004598B, key_000000000004486F:472007, key_0000000000045CEC, key_000000000004598C, key_0000000000045CF2, key_0000000000044F3B, key_0000000000044F3C, key_00000000000466EE, key_0000000000044F3D, key_0000000000045CD6, key_000000000004685A:472007, key_0000000000045999, key_0000000000045806:471098, key_0000000000045CDF, key_0000000000044F45, key_0000000000044F4B:471894, key_0000000000045134:471866, key_0000000000045CDD, key_0000000000045AAB:471894, key_0000000000045CDB, key_00000000000466F2, key_00000000000447AA:471894, key_0000000000046583:471923, key_0000000000044F47, key_000000000004503E:471866, key_0000000000045966, key_00000000000454DD:471695, key_0000000000046490:471959, key_0000000000045CC1, key_0000000000045D08:471928, key_0000000000045158, key_0000000000045155, key_0000000000045CC4, key_0000000000044DAB:471695, key_0000000000045002:471973, key_0000000000044F4E, key_0000000000045965, key_000000000004605C:471757, key_0000000000045159, key_0000000000044F4B, key_0000000000044F57, key_0000000000045CCB, key_0000000000045F00:471973, key_0000000000044C8C:471973, key_0000000000044F55, key_000000000004596E, key_0000000000046468:471928, key_000000000004564F:471923, key_000000000004596B, key_000000000004514C, key_0000000000045145, key_0000000000045146, key_0000000000045972, key_0000000000045148, key_0000000000045974, key_0000000000045CB7, key_0000000000046C04:471928, key_0000000000045975, key_0000000000044F5F, key_0000000000045735:471928, key_0000000000045CB5, key_00000000000454F3:471923, key_0000000000046785:471894, key_0000000000044ACE:472007, key_000000000004514D, key_00000000000447A6:471923, key_0000000000044E25:471835, key_000000000004597A, key_000000000004573B:471959, key_0000000000044F65, key_0000000000045CBF, key_000000000004597C, key_0000000000044F66, key_0000000000045CBD, key_0000000000045C07:471894, key_000000000004517E, key_0000000000045A37:471959, key_0000000000044D18:471785, key_0000000000045943, key_0000000000045940, key_0000000000045CA2, key_0000000000045CBF:472007, key_0000000000045183, key_0000000000045182, key_0000000000044F77, key_0000000000046533:471611, key_0000000000045CAF, key_0000000000044F73, key_0000000000044F74, key_0000000000045CAB, key_0000000000044B77:471928, key_0000000000045CAA, key_0000000000046A89:471959, key_0000000000046C8D:471695, key_000000000004516E, key_0000000000045956, key_0000000000045957, key_0000000000044F7F, key_0000000000045953, key_0000000000045999:471866, key_0000000000045954, key_00000000000463ED:471801, key_0000000000045166, key_0000000000044F7A, key_0000000000044F7D, key_0000000000044F7C, key_00000000000467FE:471785, key_0000000000045173, key_00000000000454ED:471866, key_0000000000045176, key_0000000000045170, key_000000000004595E, key_0000000000045D3E:471463, key_0000000000044F86, key_00000000000449B8:471959, key_0000000000044F89, key_0000000000044C94:471973, key_000000000004516F, key_0000000000046A6D:471785, key_000000000004510F, key_0000000000045E89:471785, key_0000000000046664:471894, key_0000000000046C48:472007, key_000000000004572A:471894, key_0000000000045F59:471959, key_0000000000044941:471016, key_0000000000045102, key_0000000000045108, key_000000000004511E, key_0000000000046003:471785, key_000000000004511F, key_000000000004645E:471866, key_0000000000044E1F:471923, key_000000000004511B, key_00000000000462FD:471959, key_000000000004576C:471928, key_0000000000046A94:471959, key_00000000000451CF:471923, key_0000000000045118, key_0000000000045DA4:471959, key_0000000000044D1D:472007, key_0000000000045A1F:471973, key_0000000000046497:472007, key_0000000000044EC6:471973, key_0000000000045AE6:471923, key_00000000000463A2:471928, key_0000000000044D8A:471928, key_00000000000468C3:471928, key_0000000000045936:471973, key_0000000000045131, key_0000000000044D4C:471923, key_000000000004672A:471928, key_0000000000045130, key_000000000004479D:471923, key_0000000000044A78:471801, key_0000000000045126, key_00000000000462F8:471973, key_000000000004471B:471928, key_0000000000045957:471959, key_000000000004513D, key_0000000000044D69:471973, key_0000000000045902:472007, key_0000000000044B53:472007, key_00000000000455BC:471642, key_0000000000045140, key_0000000000044ECE:471835, key_0000000000045142, key_0000000000045143, key_0000000000045134, key_00000000000457EB:471569, key_0000000000045618:471959, key_0000000000045A6E:472007, key_00000000000450E6:471928, key_00000000000464A9:472007, key_0000000000045380:471923, key_000000000004545B:471923, key_000000000004522F:471973, key_0000000000044D86:471894, key_0000000000045444:471928, key_000000000004507C:471928, key_0000000000045F58:471928, key_000000000004660D, key_0000000000046AEC:471959, key_000000000004531F:471642, key_000000000004511E:472007, key_000000000004596B:471328, key_0000000000045E90:471928, key_00000000000468EA:471959, key_00000000000460FF:471959, key_0000000000045F3B:471973, key_0000000000046602, key_0000000000045007:471894, key_00000000000454D6:471928, key_00000000000449FC:471695, key_0000000000046A35:471928, key_0000000000045BFE, key_000000000004661C, key_0000000000045FDE:471894, key_0000000000044604:472007, key_0000000000045EF1:471973, key_0000000000045411:471866, key_0000000000045BFD, key_00000000000451FE:471959, key_0000000000046610, key_00000000000453FD:471695, key_0000000000045BF9, key_0000000000045E3A:471835, key_00000000000464D8:471894, key_00000000000466E2:471928, key_000000000004662A, key_00000000000453AA:471959, key_00000000000458F7:471923, key_0000000000046628, key_0000000000046626, key_0000000000045198:471801, key_0000000000045FCF:471801, key_0000000000045AA8:471695, key_00000000000453DD:471923, key_0000000000045C5E, key_00000000000456B5:471959, key_0000000000046630, key_0000000000045A00:472007, key_000000000004563D:471611, key_000000000004516E:471959, key_000000000004592D:471785, key_0000000000045C66, key_0000000000046891:471959, key_0000000000044FBF, key_00000000000454D4:471785, key_000000000004489B:472007, key_0000000000045C72, key_0000000000044FA4, key_0000000000044FAA, key_000000000004664F, key_0000000000045C75, key_000000000004664A, key_000000000004664C, key_0000000000045C77, key_00000000000463F2:471928, key_00000000000448F4:471973, key_0000000000045C78, key_0000000000044DEE:471866, key_0000000000045C7B, key_0000000000045C7C, key_000000000004581D:471973, key_0000000000044FAD, key_0000000000046AB0:471973, key_0000000000044DA1:471973, key_0000000000044FAC, key_0000000000045C3C, key_0000000000046652, key_0000000000045C3A, key_0000000000045C7F:471959, key_00000000000466D9:471973, key_0000000000045C3F, key_00000000000464BD:471928, key_0000000000045C44, key_0000000000045C42, key_0000000000045C49, key_000000000004665F, key_0000000000046A0D:472007, key_0000000000044FC0, key_0000000000046664, key_0000000000045C4E, key_0000000000045C4D, key_00000000000463F9:471569, key_0000000000046667, key_000000000004517E:471928, key_0000000000044FC6, key_0000000000046743:471973, key_0000000000046ADC:472007, key_0000000000044FC9, key_0000000000045C51, key_000000000004666A, key_000000000004666E, key_0000000000045C57, key_0000000000044FCB, key_000000000004465D:471973, key_0000000000046B6D:471959, key_0000000000044FC6:471894, key_0000000000044FF8, key_0000000000045C1E, key_0000000000045D21:472007, key_00000000000464C3:471098, key_0000000000046675, key_000000000004581A:471153, key_00000000000465A4:471973, key_00000000000457A9:471866, key_0000000000044BBE:471973, key_0000000000046178:471894, key_000000000004667E, key_000000000004667F, key_0000000000045C21, key_0000000000045C20, key_00000000000459FD, key_00000000000459FE, key_0000000000045C2E, key_0000000000045E18:471866, key_00000000000454EF:472007, key_0000000000044FE3, key_0000000000044FE2, key_00000000000450CF, key_0000000000044FE0, key_0000000000045C2B, key_0000000000046693, key_00000000000462C6:471928, key_0000000000046628:471928, key_0000000000045C36, key_0000000000044FEF, key_0000000000044FED, key_0000000000045C37, key_000000000004668E, key_000000000004668F, key_0000000000045C34, key_00000000000450D5, key_0000000000045C33, key_00000000000459EE, key_0000000000044D4F:471923, key_000000000004669D, key_0000000000044D43:471959, key_00000000000450DF, key_0000000000046697, key_0000000000044EBD:471548, key_00000000000459ED, key_0000000000045891:471973, key_0000000000045C07, key_00000000000450E6, key_0000000000045C05, key_00000000000453D2:471642, key_0000000000045C0F, key_00000000000450F2, key_00000000000450F5, key_00000000000457DE:471894, key_00000000000459DC, key_0000000000045C0D, key_0000000000044789:471923, key_00000000000459E5, key_00000000000450FF, key_000000000004463E:471973, key_00000000000450FD, key_0000000000045B6E, key_0000000000045B75, key_0000000000045884:471959, key_00000000000452B8, key_00000000000446B5:471973, key_0000000000044629:471923, key_00000000000455AE:471463, key_00000000000464DB:471757, key_0000000000044AC6, key_0000000000045B5D, key_0000000000045C90:472007, key_0000000000044AC3, key_0000000000044FE0:471894, key_0000000000046746:471923, key_0000000000045B69, key_0000000000044ACF, key_0000000000045231:472007, key_00000000000459D8:471801, key_00000000000452A5, key_0000000000046BD3:471785, key_0000000000044ACE, key_0000000000045B68, key_000000000004485D:471928, key_0000000000045B6A, key_0000000000045B6D, key_00000000000468C0:471959, key_00000000000452A9, key_0000000000044AF6, key_00000000000448B6:471835, key_0000000000044DB6:472007, key_0000000000044D17:472007, key_0000000000045B91, key_0000000000044AFB, key_0000000000045B96, key_00000000000460B4:471959, key_0000000000046772:472007, key_0000000000044AFE, key_0000000000044AFF, key_000000000004639A:471923, key_0000000000044D09:472007, key_0000000000044639:472007, key_0000000000046489:471835, key_0000000000044AE6, key_0000000000044AE5, key_00000000000466B8:471973, key_000000000004639A, key_0000000000045B80, key_0000000000044D2F:471973, key_000000000004639B, key_0000000000044AEA, key_00000000000461C9:471695, key_0000000000046137:471923, key_0000000000045B87, key_0000000000045B89, key_0000000000046871:470986, key_000000000004479E:471973, key_0000000000044AF3, key_0000000000045B8C, key_0000000000044B5C:471928, key_0000000000045F81:471928, key_0000000000045309:471237, key_000000000004631E:471928, key_00000000000452F3, key_00000000000453F1:471923, key_000000000004509D:471928, key_0000000000046387, key_0000000000046AF4:471835, key_00000000000452FB, key_000000000004666E:472007, key_0000000000046390, key_00000000000448D4:471695, key_00000000000452F7, key_00000000000452F8, key_0000000000044E6C:472007, key_000000000004637E, key_0000000000046AE7:471973, key_0000000000044B9A:471923, key_00000000000452EB, key_0000000000046386, key_0000000000044B35:471695, key_0000000000045A6F:472007, key_0000000000045148:471923, key_000000000004637F, key_00000000000452E7, key_00000000000455CC:471548, key_00000000000452E5, key_0000000000045EBD:472007, key_00000000000452D1, key_0000000000044849:471569, key_0000000000046367, key_0000000000045AF8:471785, key_00000000000452CB, key_0000000000045370:472007, key_0000000000046AB7:472007, key_0000000000045CEC:471548, key_00000000000452CF, key_0000000000044D12:471801, key_000000000004661C:472007, key_0000000000044AC0, key_00000000000452DB, key_0000000000044ABA, key_0000000000044ABE, key_00000000000452D9, key_00000000000459B1:471959, key_000000000004558C:471894, key_00000000000452C1, key_0000000000045C66:471695, key_0000000000046355, key_00000000000452BB, key_0000000000044AA0, key_00000000000449DF:471866, key_000000000004665F:471866, key_0000000000046357, key_0000000000044AA1, key_0000000000044AA6, key_0000000000046889:471894, key_0000000000046359, key_00000000000451BD:471894, key_00000000000452BE, key_00000000000452CA, key_00000000000452C4, key_00000000000452C2, key_00000000000452C6, key_0000000000044AAE, key_000000000004550C:471548, key_00000000000463E5, key_00000000000458D3:471894, key_000000000004597A:471959, key_00000000000455CE:471835, key_0000000000045B03:471923, key_0000000000044BD2:471928, key_00000000000463DC, key_00000000000454CC:472007, key_00000000000463E2, key_000000000004558F:471642, key_00000000000463D9, key_000000000004531A:471894, key_0000000000045634:471928, key_0000000000045297, key_00000000000469C3:471973, key_0000000000044DDE:471642, key_000000000004580B:471973, key_0000000000044E71:471923, key_0000000000044E43:471785, key_0000000000046C2B:472007, key_0000000000045BAD, key_0000000000044F7C:471894, key_00000000000463C9, key_0000000000045285, key_0000000000045284, key_0000000000045278, key_0000000000046328:471959, key_00000000000463BD, key_0000000000044C72:471801, key_0000000000045277, key_0000000000046B6B:471237, key_00000000000463BF, key_0000000000045BA7, key_0000000000044F47:471959, key_000000000004527D, key_000000000004527B, key_00000000000446D1:472007, key_00000000000463B4, key_0000000000046B69:471642, key_000000000004526E, key_0000000000044A69:471928, key_00000000000463B2, key_000000000004531D:471695, key_0000000000045269, key_000000000004526A, key_00000000000469A2:471785, key_0000000000046892:471611, key_000000000004658D:471894, key_0000000000045538:472007, key_0000000000045BCF, key_0000000000045BCB, key_00000000000463A1, key_000000000004540C:471491, key_00000000000463A2, key_000000000004673B:472007, key_00000000000445C7:471894, key_0000000000045C84:471695, key_000000000004639B:471894, key_0000000000044A7D, key_0000000000046A33:471959, key_0000000000044A78, key_0000000000044AFE:471923, key_0000000000046969:471894, key_0000000000044D1C:471973, key_0000000000044A71, key_0000000000045BB6, key_0000000000045343:471973, key_0000000000045BF3, key_00000000000452E5:471928, key_0000000000045BED, key_0000000000045E3D:471959, key_0000000000045BEA, key_0000000000044FC0:472007, key_00000000000469CF:471894, key_0000000000045CAF:471695, key_0000000000044797:472007, key_0000000000044A9A, key_0000000000044A9C, key_0000000000044A9E, key_0000000000045AF2:471801, key_0000000000045BE1, key_00000000000452D9:472007, key_0000000000045BDC, key_000000000004623B:471959, key_0000000000044FCB:471642, key_00000000000448DA:471491, key_0000000000045221:471757, key_0000000000044A93, key_00000000000454AB:471959, key_0000000000045542:471923, key_00000000000452F8:471973, key_0000000000045BD5, key_0000000000044A2A:472007, key_00000000000449DA, key_0000000000045AD5, key_0000000000044711:471894, key_0000000000046CBC:471959, key_0000000000045200, key_0000000000044A2A, key_0000000000045C37:471959, key_0000000000045D77:471973, key_000000000004666A:471923, key_0000000000045203, key_0000000000045204, key_0000000000044A2E, key_00000000000449DF, key_00000000000452F3:472007, key_0000000000044A36, key_00000000000447BE:471928, key_0000000000044A3A, key_0000000000045AE7, key_0000000000045AE6, key_0000000000045AE9, key_00000000000455B0:471973, key_0000000000045217, key_0000000000045C21:471642, key_0000000000045218, key_0000000000046598:471923, key_0000000000045AEC, key_00000000000449CE, key_0000000000045CB7:471835, key_000000000004630E:471959, key_0000000000044A43, key_0000000000044A44, key_0000000000045AEF, key_00000000000453AC:471928, key_0000000000044EED:471973, key_0000000000045AF0, key_00000000000449D5, key_0000000000044A4A, key_000000000004547E:472007, key_0000000000045AF2, key_00000000000449FD, key_00000000000449FC, key_0000000000045AF8, key_0000000000044A53, key_00000000000449FF, key_0000000000045E80:471928, key_0000000000044A50, key_0000000000045AFF, key_0000000000046386:471835, key_0000000000044A5A, key_00000000000456FA:471611, key_0000000000044A4A:471801, key_0000000000045909:471757, key_0000000000044A62, key_0000000000044A64, key_0000000000044A69, key_0000000000044A67, key_0000000000044A2E:471923, key_0000000000046AA9:471959, key_0000000000044A6B, key_0000000000046481:471959, key_0000000000046630:471928, key_0000000000044680:471959, key_00000000000462F2, key_000000000004524B, key_00000000000462F3, key_00000000000449AA:471801, key_00000000000462F5, key_00000000000462EE, key_0000000000044654:471548, key_0000000000045249, key_00000000000464DC:471785, key_00000000000449A4, key_00000000000462F2:471959, key_00000000000449A3, key_00000000000449A2, key_00000000000462FD, key_00000000000462F8, key_00000000000447E3:471923, key_0000000000045255, key_0000000000045DBA:471835, key_000000000004608A:472007, key_0000000000044759:471923, key_0000000000044A01, key_0000000000044A04, key_00000000000463F7:472007, key_0000000000045143:472007, key_0000000000044A05, key_0000000000045CC1:471959, key_00000000000462D3, key_00000000000468BF:471328, key_0000000000044AF6:471894, key_0000000000045229, key_000000000004565B:472007, key_0000000000044D9A:471835, key_0000000000044A0E, key_000000000004554E:472007, key_0000000000044A0F, key_0000000000045CF2:471923, key_00000000000449B9, key_0000000000044A0C, key_0000000000045B91:471757, key_00000000000462CC, key_0000000000044A0A, key_00000000000460FC:471928, key_0000000000045F67:471973, key_0000000000044A0B, key_00000000000462CD, key_0000000000045221, key_0000000000045CD6:471923, key_0000000000045231, key_000000000004549C:471973, key_000000000004522F, key_0000000000044A12, key_00000000000449A2:471785, key_00000000000449AA, key_0000000000044A20, key_00000000000449AE, key_00000000000450F2:471757, key_00000000000449A9, key_0000000000045239, key_00000000000457C1:471695, key_00000000000449B1, key_0000000000045242, key_00000000000449B3, key_000000000004668F:472007, key_0000000000044A29, key_00000000000449B8, key_0000000000045C78:471928, key_0000000000044A27, key_0000000000044A21, key_0000000000044A23, key_00000000000462E5, key_00000000000464C2:471894, key_000000000004637E:472007, key_0000000000044D6C:471959, key_0000000000045068:472007, key_0000000000046339, key_000000000004464E:472007, key_0000000000046337, key_000000000004634D, key_000000000004634E, key_000000000004634F, key_0000000000044A0C:471973, key_0000000000046351, key_0000000000046344, key_0000000000044E56:471894, key_0000000000044D4B:471835, key_000000000004695E:471866, key_00000000000454F1:471973, key_00000000000451D2:471928, key_00000000000452A9:471973, key_000000000004641D:471153, key_0000000000046449:471866, key_0000000000045B03, key_000000000004631E, key_0000000000044A3A:472007, key_0000000000045B00, key_0000000000046320, key_00000000000446DD:471959, key_0000000000046316, key_0000000000044677:471973, key_00000000000449FD:471866, key_0000000000046171:471923, key_0000000000044F4E:472007, key_00000000000466AB:472007, key_0000000000045F5A:471923, key_00000000000451FE, key_0000000000046A8F:467245, key_0000000000046ACD:471973, key_0000000000046328, key_0000000000045B0E, key_0000000000046321, key_00000000000451EF, key_0000000000045751:471894, key_0000000000044E35:471959, key_000000000004576B:471959, key_0000000000046329, key_000000000004546B:471973, key_00000000000456E8:472007, key_0000000000045B22, key_0000000000045B25, key_0000000000045B26, key_0000000000044A01:471835, key_0000000000044984, key_0000000000045B1A, key_0000000000044981, key_0000000000045B1D, key_000000000004497F, key_0000000000045B32, key_0000000000046255:471928, key_000000000004630F, key_0000000000045B39, key_000000000004630E, key_0000000000044FA4:471785, key_0000000000046307, key_000000000004582C:471463, key_00000000000455E5:471959, key_0000000000046302, key_000000000004626F:471835, key_0000000000046966:471959, key_0000000000045646:471695, key_0000000000045B42, key_00000000000457BB:471611, key_0000000000044724:471757, key_0000000000045E74:471866, key_0000000000046B31:471928, key_000000000004499C, key_0000000000045B54, key_0000000000046464:471959, key_00000000000458A5:471959, key_0000000000044998, key_0000000000045130:471973, key_0000000000044996, key_0000000000045B4C, key_0000000000045B4E, key_0000000000045A75, key_0000000000045A6F, key_00000000000453AA, key_00000000000453AB, key_0000000000045EDB:471928, key_00000000000453AC, key_0000000000046BB5:471928, key_000000000004552C:471611, key_0000000000045A7B, key_00000000000453B8, key_00000000000453B1, key_0000000000046AD7:471491, key_0000000000044B78:471928, key_00000000000453B0, key_00000000000466DA:471016, key_0000000000045F73:471695, key_00000000000460CA:471973, key_0000000000045140:471642, key_0000000000044DAD:471973, key_0000000000045020:471491, key_000000000004501B:471959, key_0000000000045A63, key_0000000000045A64, key_000000000004550E:471928, key_00000000000466C0:472007, key_0000000000046B26:471866, key_0000000000044D3F:471757, key_0000000000045B6D:472007, key_0000000000045A6E, key_0000000000044EBE:471153, key_00000000000453A1, key_00000000000447E6:471569, key_00000000000448C3:471611, key_00000000000453A4:471757, key_00000000000453A4, key_0000000000045A53, key_0000000000045FDD:471959, key_0000000000044E48:472007, key_0000000000046C23:471959, key_00000000000464C4:471923, key_0000000000044671:471928, key_0000000000045A5D, key_00000000000453DA, key_00000000000450FD:471866, key_0000000000045C57:471973, key_0000000000046091:471923, key_0000000000045F16:471757, key_00000000000453D6, key_00000000000453D2, key_0000000000045A56, key_00000000000453D5, key_0000000000045470:471757, key_00000000000469AF:471923, key_00000000000453BE, key_0000000000045217:472007, key_000000000004679E:471098, key_0000000000044C7F:169003, key_00000000000453C9, key_00000000000453C2, key_0000000000046489, key_0000000000044D13:471894, key_0000000000046486, key_0000000000044E9F:472007, key_00000000000453EE, key_00000000000453F1, key_00000000000453F4, key_0000000000045FEB:471959, key_0000000000044928:472007, key_0000000000045FA7:472007, key_0000000000046048:471785, key_0000000000046490, key_00000000000465BB:471894, key_0000000000045DF0:471959, key_00000000000453FC, key_00000000000453DD, key_00000000000453DB, key_0000000000045CDD:472007, key_00000000000458B3:471973, key_0000000000046697:471973, key_0000000000045312:471973, key_0000000000046CCD:471973, key_00000000000453E5, key_000000000004647F, key_0000000000044CDB:471959, key_00000000000453E7, key_0000000000045038:471973, key_0000000000046481, key_0000000000046124:471785, key_000000000004612A:471642, key_00000000000453B0:471785, key_00000000000453F4:471973, key_0000000000045389:472007, key_0000000000045A9F, key_0000000000046497, key_0000000000045601:471835, key_0000000000046498, key_00000000000453FD, key_00000000000450FF:471959, key_0000000000045A86, key_00000000000466DC:472007, key_0000000000045F3E:471959, key_0000000000045D10:471866, key_0000000000044D5D:471569, key_000000000004614D:471866, key_000000000004545F:471866, key_0000000000046A3A:471959, key_00000000000464E4, key_000000000004546A:471894, key_0000000000044EAC:472007, key_00000000000462EE:471098, key_00000000000464E2, key_0000000000045A7B:471973, key_00000000000464DC, key_00000000000464DB, key_000000000004547C:472007, key_0000000000044770:471569, key_0000000000046006:471959, key_0000000000046B8A:471866, key_00000000000461E0:471928, key_00000000000464D3, key_00000000000464D8, key_0000000000044EA5:471835, key_0000000000046513:446574, key_0000000000045C4E:471923, key_000000000004664C:471959, key_000000000004538E, key_00000000000464CD, key_0000000000045387, key_0000000000045196:471928, key_00000000000464CA, key_0000000000045389, key_0000000000045131:471928, key_0000000000045754:471973, key_0000000000045430:472007, key_0000000000045C72:471923, key_0000000000044E34:471973, key_0000000000044A5A:471928, key_00000000000458BF:471894, key_0000000000045E81:471569, key_0000000000046034:471835, key_0000000000045381:472007, key_0000000000045A5D:471866, key_00000000000469EA:472007, key_00000000000448D1:472007, key_00000000000464F9, key_0000000000045B22:471237, key_0000000000046BEF:471491, key_00000000000464A0, key_0000000000046413:471973, key_00000000000445DB:471923, key_0000000000044B8E:471894, key_00000000000465F3:472007, key_00000000000464A5, key_00000000000464A9, key_0000000000045AC5, key_0000000000045AC9, key_00000000000452EB:471928, key_0000000000044F25:471959, key_00000000000463E2:472007, key_0000000000046BCA:471928, key_000000000004464C:472007, key_0000000000045AAE, key_00000000000464C6, key_00000000000464C2, key_0000000000045AAB, key_00000000000464C4, key_00000000000464C3, key_0000000000046B96:471548, key_0000000000045158:472007, key_00000000000464BD, key_0000000000045AA8, key_0000000000045C51:471801, key_0000000000044EA8:471973, key_0000000000046B63:471153, key_0000000000046544:472007, key_00000000000447A2:471959, key_00000000000464B6, key_00000000000460C2:471928, key_00000000000464B0, key_0000000000044DE9:471866, key_0000000000045521:471923, key_00000000000464B9, key_00000000000469C1:472007, key_00000000000464AB, key_0000000000045BA7:471642, key_0000000000045F3C:471928, key_0000000000046176:471894, key_0000000000045309, key_000000000004610F:471973, key_0000000000045300, key_0000000000046990:471973, key_0000000000044A6B:472007, key_0000000000045F05:471928, key_000000000004530D, key_0000000000046C13:472007, key_0000000000045882:472007, key_00000000000462C7:472007, key_0000000000045318, key_0000000000045312, key_000000000004531D, key_000000000004531F, key_00000000000451C4:472007, key_0000000000045078:471923, key_000000000004531A, key_0000000000046A71:471923, key_0000000000045C20:471894, key_00000000000457F8:472007, key_0000000000045B1A:471928, key_0000000000046504:472007, key_00000000000447E8:471973, key_0000000000046AD0:471835, key_0000000000046790:472007, key_0000000000044F0D:471959, key_00000000000460D2:471801, key_000000000004582F:471973, key_0000000000044A23:471801, key_0000000000045334, key_0000000000044BBA:472007, key_000000000004526E:471923, key_000000000004533A, key_0000000000044A0F:471923, key_0000000000045B96:471959, key_00000000000463ED, key_0000000000045343, key_0000000000046A16:471959, key_00000000000463F2, key_0000000000046C8C:471923, key_000000000004536E:471835, key_00000000000463F0, key_00000000000463F9, key_0000000000045F9E:471928, key_0000000000044F77:472007, key_000000000004534D, key_00000000000463F7, key_000000000004534C, key_0000000000045358, key_0000000000044906:471835, key_0000000000045358:471894, key_00000000000453D5:472007, key_000000000004535C, key_000000000004535E, key_0000000000045360, key_00000000000448F0:471973, key_0000000000044B95:472007, key_0000000000045364, key_0000000000045641:471923, key_0000000000044B9D:471835, key_0000000000045CDF:471894, key_000000000004536C, key_0000000000046427:471928, key_000000000004536B, key_0000000000045249:472007, key_000000000004536E, key_00000000000453A1:471801, key_000000000004580D:471923, key_0000000000045370, key_0000000000045176:471923, key_0000000000044710:471463, key_000000000004537E, key_0000000000046B78:471757, key_0000000000045380, key_0000000000045381, key_0000000000045F40:471923, key_0000000000045B89:471785, key_0000000000046873:471959, key_0000000000044649:471928, key_0000000000045318:471973, key_0000000000045E17:471928, key_0000000000045F06:472007, key_000000000004484B:471928, key_000000000004589B:471959, key_0000000000046439, key_0000000000046438, key_0000000000045F20:471835, key_0000000000046436, key_000000000004476D:472007, key_0000000000046431, key_0000000000046452, key_0000000000044E41:471973, key_0000000000045E58:471894, key_000000000004644C, key_0000000000046AEE:471928, key_000000000004584E:472007, key_0000000000044E54:471328, key_0000000000046011:471973, key_00000000000460CF:472007, key_0000000000044AF3:471973, key_0000000000046449, key_0000000000045AF0:471785, key_0000000000046444, key_0000000000046B74:471894, key_0000000000046461, key_00000000000459E5:472007, key_00000000000455D3:471757, key_000000000004645E, key_00000000000464CD:471973, key_000000000004629D:472007, key_00000000000454FC:472007, key_0000000000045AC9:472007, key_00000000000446F1:471973, key_000000000004645B, key_000000000004645A, key_0000000000044A0B:472007, key_0000000000045C3C:471923, key_0000000000045AFF:471928, key_0000000000044713:471959, key_0000000000046470, key_0000000000046472, key_000000000004646E, key_0000000000046747:471757, key_000000000004646F, key_0000000000046464, key_0000000000044CA4:471866, key_0000000000045FB0:471959, key_0000000000046468, key_0000000000045A26, key_00000000000464C6:471894, key_000000000004471F:471923, key_0000000000044A29:471973, key_00000000000448A2:472007, key_0000000000044D9C:471801, key_0000000000045A1F, key_0000000000045A1C, key_0000000000045A53:471894, key_000000000004695F:472007, key_00000000000468CD:472007, key_0000000000045A37, key_0000000000045E7D:471894, key_0000000000045C0D:472007, key_0000000000046112:471959, key_0000000000044FED:471973, key_0000000000044DCE:472007, key_00000000000466BB:471894, key_0000000000046CC9:471785, key_0000000000044E55:471463, key_0000000000044E8D:471928, key_0000000000045A03, key_0000000000045A00, key_0000000000046079:471959, key_000000000004641D, key_0000000000045A08, key_0000000000045BF9:471928, key_00000000000469A3:471866, key_0000000000044CD7:471569, key_0000000000046667:472007, key_0000000000045067:471801, key_0000000000046413, key_0000000000044EDD:471928, key_00000000000463D9:471695, key_0000000000044DBC:471973, key_0000000000044CD5:471894, key_0000000000044F17:471973, key_00000000000457A5:472007, key_000000000004476F:471959, key_00000000000454A6:471959, key_0000000000044E68:471959, key_0000000000045D32:471959, key_0000000000046427, key_00000000000449A4:472007, key_0000000000045758:471328, key_00000000000462D3:472007, key_0000000000044AC6:471785, key_0000000000045142:471923, key_0000000000045822:471866, key_0000000000044DD3:471785, key_0000000000045E49:471866, key_00000000000447E6, key_0000000000045A86:471757, key_0000000000046231, key_0000000000044899:471923, key_0000000000046357:471959, key_000000000004652A:471866, key_00000000000447E8, key_00000000000454A6, key_00000000000454A2, key_00000000000447E2, key_000000000004622E, key_00000000000453EE:471928, key_00000000000447E3, key_0000000000045C44:471785, key_00000000000447CF, key_00000000000447CD, key_000000000004567A:472007, key_00000000000454AB, key_0000000000046212, key_0000000000046213, key_00000000000455CF:471801, key_0000000000046296:471959, key_0000000000046701:472007, key_0000000000045D12:471923, key_00000000000454B9, key_000000000004621F, key_00000000000447D0, key_00000000000447D3, key_0000000000044F26:471642, key_000000000004621A, key_00000000000447D4, key_00000000000447D1, key_0000000000044A9E:471801, key_0000000000046200, key_0000000000046204, key_00000000000458A1:472007, key_00000000000461B1:471973, key_000000000004620E, key_0000000000046A4E:471959, key_0000000000045255:471866, key_0000000000045975:471695, key_000000000004600A:472007, key_0000000000044C71:471801, key_0000000000046AEF:471835, key_00000000000447F8, key_00000000000447F4, key_00000000000456D8:471959, key_0000000000045929:471757, key_0000000000044981:471959, key_0000000000045278:471866, key_0000000000045BCF:471923, key_0000000000044637:471866, key_0000000000044C0A:472007, key_000000000004511F:471959, key_0000000000046B04, key_0000000000046B02, key_000000000004540F:471785, key_0000000000045A26:472007, key_0000000000044B45:472007, key_0000000000045551:471928, key_00000000000463F0:471959, key_000000000004537E:471928, key_0000000000044888:471923, key_0000000000045B4C:471973, key_0000000000046291:471491, key_0000000000045B5D:471973, key_0000000000045D1E:471973, key_0000000000045239:471959, key_0000000000044DBD:472007, key_0000000000046A2B:471894, key_0000000000044806:471928, key_0000000000046C67:471959, key_000000000004466F:471959, key_0000000000046B02:471973, key_0000000000044F86:471973, key_000000000004692F:471973, key_0000000000044CA2, key_0000000000044DD1:471866, key_0000000000044CA4, key_0000000000044B67:471973, key_0000000000044CA7, key_0000000000044CA8, key_0000000000045FF5:472007, key_00000000000467D2:471785, key_0000000000046351:471973, key_0000000000045E88:471973, key_00000000000449B9:471695, key_0000000000044CAD, key_0000000000046B26, key_0000000000044BC2:471959, key_0000000000044CAF, key_0000000000044AEA:471959, key_0000000000045146:471959, key_0000000000044C59:471973, key_0000000000044CBA, key_0000000000045972:471866, key_0000000000044CBF, key_0000000000046B15, key_00000000000458CD:471928, key_00000000000447A4:471973, key_000000000004486A:471548, key_0000000000046444:472007, key_000000000004596E:471928, key_0000000000045600:472007, key_00000000000469D1, key_0000000000046ABE, key_000000000004682A:471268, key_00000000000469CE, key_000000000004468D:471928, key_00000000000469CF, key_00000000000459EE:471959, key_0000000000046AB7, key_0000000000046AB4, key_0000000000044CC1, key_0000000000046AB2, key_0000000000044E70:471959, key_0000000000046AB0, key_000000000004689B:471491, key_0000000000044CDA, key_0000000000045277:471611, key_0000000000044CDB, key_00000000000468A6:471973, key_0000000000046AAE, key_0000000000046339:472007, key_00000000000466FF:471801, key_0000000000046AA9, key_0000000000044CD5, key_0000000000044CD7, key_0000000000044CD3, key_000000000004480F, key_00000000000469B3, key_00000000000469B6, key_0000000000044CF2, key_0000000000044A0E:471894, key_00000000000447CD:471959, key_0000000000046913:472007, key_0000000000044ABA:471959, key_000000000004634E:471866, key_0000000000046762:471801, key_0000000000044808, key_00000000000469B2, key_0000000000044806, key_0000000000045401:471959, key_0000000000045108:471973, key_0000000000044803, key_0000000000044802, key_00000000000469AF, key_00000000000458C2:471928, key_0000000000046ADC, key_00000000000448FE:471928, key_000000000004530D:471959, key_00000000000454FC, key_0000000000046AD7, key_0000000000044CE7, key_00000000000460B7:471959, key_0000000000045F5F:471548, key_0000000000046AD0, key_0000000000044E63:471973, key_000000000004674A:471973, key_0000000000045F54:472007, key_00000000000461F9, key_0000000000046ACD, key_00000000000461F8, key_00000000000469C3, key_00000000000469C1, key_00000000000469BC, key_0000000000046AC4, key_00000000000469BB, key_0000000000044CF7, key_00000000000454E8, key_00000000000454E7, key_00000000000461E8, key_00000000000459C3:471959, key_000000000004482B, key_000000000004620E:472007, key_0000000000046099:471923, key_00000000000452D1:471973, key_0000000000045C75:471894, key_00000000000462AB:471695, key_00000000000454DD, key_00000000000454DC, key_00000000000456EA:471959, key_00000000000461E1, key_00000000000461E0, key_0000000000045815:471959, key_0000000000044965:471894, key_00000000000454F3, key_00000000000461D8, key_00000000000454F4, key_0000000000046AEF, key_000000000004481A, key_0000000000046AF4, key_0000000000045511:472007, key_0000000000044EA2:471928, key_0000000000045677:471757, key_0000000000044F3C:472007, key_00000000000454EF, key_0000000000046AE9, key_0000000000044854:471835, key_0000000000046AE7, key_00000000000454ED, key_0000000000046AEE, key_00000000000461D2, key_0000000000046AEC, key_00000000000454F1, key_0000000000045461:471894, key_000000000004484B, key_00000000000454C3, key_00000000000459B7:471923, key_00000000000454C6, key_000000000004576E:471866, key_00000000000454C7, key_00000000000461C9, key_0000000000046390:471801, key_0000000000046520:471928, key_00000000000451B4:471894, key_0000000000044802:471866, key_00000000000454BA, key_00000000000461BE, key_00000000000469EA, key_000000000004586A:471923, key_00000000000469EE, key_0000000000044849, key_0000000000044847, key_000000000004516F:471757, key_0000000000046196:471973, key_00000000000454D4, key_0000000000046799:471928, key_0000000000045269:472007, key_00000000000461B9, key_00000000000454D6, key_0000000000045AD5:471835, key_0000000000046470:471959, key_0000000000045364:471894, key_00000000000461BA, key_0000000000045857:471973, key_00000000000469FB, key_00000000000461AD, key_00000000000454CC, key_0000000000045B8C:471801, key_00000000000461AC, key_0000000000044832, key_0000000000046149:471959, key_0000000000045155:471923, key_0000000000044833:472007, key_0000000000044837, key_00000000000464B9:471973, key_0000000000044833, key_00000000000461B1, key_00000000000457C9:471973, key_0000000000044834, key_0000000000044835, key_0000000000045BD5:471894, key_0000000000044736, key_0000000000046C42:471866, key_0000000000045411, key_00000000000462AB, key_0000000000045E82:471928, key_00000000000462AE, key_0000000000045415, key_000000000004541F, key_00000000000453C9:471801, key_0000000000046924:471894, key_000000000004466E:471835, key_00000000000462B3, key_000000000004482B:471328, key_000000000004541B, key_0000000000045940:471923, key_0000000000045407, key_000000000004495B:471785, key_0000000000045401, key_0000000000045B26:471866, key_0000000000045403, key_000000000004540F, key_000000000004685D:472007, key_00000000000445FA:471973, key_00000000000462C6, key_00000000000457CE:471959, key_0000000000044E31:472007, key_00000000000462C7, key_000000000004540C, key_0000000000044759, key_0000000000045F7D:471153, key_0000000000045BDC:471835, key_0000000000045091:471894, key_0000000000045690:471695, key_00000000000447E2:471894, key_00000000000460D5:471923, key_000000000004475F, key_0000000000046A4C:471923, key_000000000004475B, key_0000000000044C34:471973, key_0000000000044A67:471928, key_0000000000046756:471973, key_0000000000044767, key_0000000000044DD0:471973, key_00000000000463B2:471695, key_0000000000045145:471973, key_0000000000045651:471923, key_0000000000044703:471959, key_0000000000045D20:471928, key_00000000000462A9, key_000000000004699E, key_000000000004476D, key_000000000004476F, key_0000000000044775, key_0000000000044770, key_0000000000046859:472007, key_00000000000469A0, key_00000000000469A3, key_00000000000469A2, key_0000000000044ACF:471923, key_000000000004541B:471959, key_0000000000044A44:471928, key_00000000000469A8, key_0000000000044E53:471695, key_0000000000045726:472007, key_0000000000044789, key_0000000000045A1C:471785, key_0000000000045DE0:472007, key_0000000000046231:472007, key_0000000000046200:471894, key_00000000000467AC:471695, key_0000000000044790, key_0000000000046BF6:471894, key_00000000000457CF:471959, key_0000000000044792, key_0000000000044C1B, key_0000000000046A58:471923, key_00000000000464E2:471463, key_0000000000044797, key_000000000004479E, key_000000000004479D, key_0000000000044C24, key_0000000000046BAD, key_00000000000446CE:471928, key_0000000000046BAC, key_00000000000446E8:472007, key_0000000000044C0A, key_0000000000046BB7, key_0000000000046BB5, key_000000000004510F:472007, key_00000000000448F1:472007, key_0000000000044C43:472007, key_0000000000044C14, key_0000000000044C11, key_00000000000459ED:471642, key_0000000000046BC1, key_0000000000045DD0:471785, key_0000000000044C49, key_0000000000045360:471973, key_00000000000466E6:471973, key_000000000004549F, key_0000000000044C43, key_0000000000046BB7:471928, key_00000000000453E5:471959, key_000000000004629D, key_0000000000046945, key_00000000000445F1:472007, key_000000000004549C, key_0000000000046B31, key_0000000000046761:471894, key_0000000000046943, key_0000000000044EC3:471611, key_0000000000044C33, key_0000000000046B46, key_0000000000046B49, key_0000000000044C34, key_0000000000045C3A:472007, key_000000000004548D, key_0000000000045488, key_0000000000044C2A, key_00000000000449B3:472007, key_0000000000046AE9:471928, key_0000000000045486, key_00000000000468FA:471866, key_00000000000454E8:471801, key_0000000000046B5A, key_0000000000046285, key_0000000000046284, key_0000000000046282, key_000000000004692F, key_0000000000045480, key_0000000000045B32:471959, key_000000000004547E, key_0000000000044C64, key_0000000000044C65, key_0000000000046B53, key_0000000000045480:471973, key_0000000000046B52, key_000000000004547C, key_000000000004627B, key_0000000000044B2E:471928, key_0000000000046924, key_0000000000046923, key_0000000000045476, key_0000000000046B4E, key_0000000000046B6B, key_0000000000046296, key_0000000000046B6C, key_0000000000045472, key_0000000000046B6D, key_0000000000045471, key_0000000000045470, key_0000000000046026:471973, key_0000000000046291, key_00000000000467FC:471757, key_0000000000044C59, key_0000000000044C56, key_0000000000045966:471866, key_00000000000467EA:471928, key_0000000000046B69, key_000000000004546A, key_0000000000046B63, key_0000000000046905:471959, key_000000000004628E, key_000000000004546B, key_0000000000046913, key_0000000000046213:472007, key_0000000000045F42:471757, key_0000000000045465, key_0000000000045466, key_0000000000046289, key_000000000004545B, key_0000000000046B78, key_0000000000045FF1:471928, key_000000000004545F, key_0000000000046793:471928, key_0000000000046177:472007, key_000000000004698E, key_0000000000046261, key_00000000000467CC:471923, key_0000000000046B7F, key_0000000000046990, key_0000000000046B7D, key_0000000000045461, key_0000000000044C8C, key_0000000000046B7C, key_0000000000045455, key_0000000000044C7F, key_0000000000046255, key_0000000000045AAE:472007, key_0000000000046989, key_0000000000044C81, key_000000000004598C:471973, key_0000000000046B74, key_000000000004544C, key_000000000004626F, key_0000000000045FCE:471923, key_000000000004669D:471928, key_000000000004697C, key_000000000004544B, key_0000000000045159:471894, key_00000000000448FC:471959, key_0000000000045E26:472007, key_0000000000046B8A, key_00000000000447A8, key_0000000000044FF8:471928, key_00000000000447A6, key_0000000000045450, key_00000000000447A4, key_0000000000045982:472007, key_0000000000046A34:471923, key_0000000000046980, key_00000000000447A2, key_0000000000045444, key_0000000000046B80, key_0000000000045668:471611, key_0000000000044C72, key_000000000004626E, key_0000000000044C71, key_0000000000045D4D:471959, key_00000000000450D5:471973, key_000000000004623E, key_000000000004696A, key_0000000000045CFF:471695, key_0000000000045932:471973, key_000000000004615B:472007, key_0000000000046966, key_0000000000045436, key_0000000000046964, key_0000000000045430, key_00000000000447AA, key_00000000000446D8:471785, key_000000000004623B, key_00000000000469A8:471973, key_000000000004623A, key_00000000000447AC, key_0000000000046B96, key_0000000000046969, key_000000000004695E, key_000000000004549F:471894, key_0000000000044C99, key_000000000004695A, key_00000000000447C7, key_0000000000044E87:471894, key_0000000000046253, key_00000000000447C5, key_00000000000447C4, key_0000000000044C9A, key_0000000000046C16:471695, key_000000000004695F, key_0000000000046244, key_0000000000046247, key_0000000000044C94, key_00000000000447BE, key_0000000000044C95, key_0000000000045831:471835, key_0000000000045ED2:471959, key_0000000000044B4A:472007, key_00000000000462AE:472007, key_000000000004598B:472007, key_0000000000044621:472007, key_0000000000046C06, key_0000000000045D6D:472007, key_0000000000046C04, key_0000000000046556:471328, key_00000000000455AB, key_00000000000455AE, key_0000000000045012:471801, key_00000000000467F9:471973, key_00000000000455B1, key_00000000000455B0, key_0000000000044F55:472007, key_00000000000455B5, key_0000000000045415:471866, key_0000000000046107, key_00000000000454E7:471973, key_00000000000455BC, key_0000000000045B75:471928, key_00000000000448FC, key_00000000000448FE, key_0000000000046102, key_0000000000044B93, key_0000000000044B95, key_0000000000044B90, key_00000000000469A0:471973, key_0000000000044F73:471923, key_00000000000446D4:471923, key_000000000004610F, key_0000000000044E7F:471973, key_000000000004610D, key_0000000000044B97, key_0000000000044BEF:471835, key_000000000004610C, key_000000000004610A, key_0000000000044B9C, key_0000000000044B9D, key_0000000000045074:471959, key_0000000000045DEB:472007, key_0000000000044B9A, key_0000000000046077:471973, key_00000000000455CE, key_00000000000455CF, key_00000000000455CC, key_00000000000448ED, key_00000000000455CB, key_000000000004485F:471973, key_0000000000045C9F:471973, key_0000000000046BF0:471959, key_00000000000448F0, key_00000000000448F1, key_00000000000455D5, key_0000000000044C81:471785, key_00000000000448F4, key_00000000000455D3, key_0000000000044ED3:472007, key_00000000000448F9, key_00000000000448F6, key_0000000000046100, key_000000000004619C:472007, key_000000000004671A:472007, key_0000000000045752:471973, key_0000000000046C42, key_0000000000046C3D, key_0000000000045070:471894, key_0000000000046C4B, key_0000000000046C48, key_00000000000452FB:471894, key_0000000000046C2B, key_0000000000046A88:471959, key_000000000004637F:472007, key_0000000000045864:471894, key_00000000000455B5:471959, key_00000000000461BA:471866, key_0000000000044BA9:472007, key_00000000000462E5:471923, key_0000000000046C1B, key_00000000000457BA:471973, key_000000000004572C:472007, key_0000000000045D6C:471866, key_0000000000046C23, key_0000000000045C34:471757, key_00000000000461AC:471153, key_00000000000448F9:471959, key_0000000000045E57:471928, key_0000000000044A50:472007, key_0000000000046CCE:471611, key_0000000000045CCB:471973, key_0000000000044686:471894, key_0000000000046C16, key_0000000000046C13, key_0000000000044BCA, key_0000000000044D88:471973, key_0000000000044B20:472007, key_0000000000044BD0, key_0000000000044A71:471923, key_0000000000046359:471695, key_0000000000046BF6, key_0000000000044BC2, key_000000000004678D:471923, key_00000000000458C1:471835, key_0000000000045EA0:471973, key_0000000000045006:472007, key_0000000000044928, key_0000000000044924, key_0000000000046BFC, key_00000000000460E5, key_0000000000044BDC, key_0000000000045436:471835, key_0000000000046BEE, key_0000000000046BEF, key_0000000000044919, key_0000000000046BF0, key_0000000000046247:472007, key_0000000000046187:472007, key_00000000000460DC, key_00000000000460DB, key_0000000000044BE2, key_0000000000044BD2, key_00000000000460CF, key_0000000000046A7F:471959, key_0000000000045407:471923, key_0000000000044910, key_00000000000460D5, key_00000000000460D2, key_0000000000045DD1:471866, key_000000000004490A, key_00000000000460DC:471959, key_00000000000468BA:471695, key_00000000000452C1:471928, key_000000000004524B:471959, key_0000000000045DE2:471959, key_0000000000046BD5, key_0000000000044BA0, key_000000000004573D:471642, key_0000000000044906, key_0000000000044BA9, key_0000000000045B4E:471548, key_0000000000044BBD, key_00000000000461E1:471642, key_0000000000044BBE, key_0000000000044BBA, key_00000000000453C2:472007, key_0000000000046BD3, key_00000000000460FF, key_00000000000460FC, key_0000000000045EC2:471959, key_0000000000044D1A:471785, key_0000000000046BC7, key_0000000000044BB6, key_0000000000044BB0, key_0000000000046BC5, key_0000000000046610:472007, key_000000000004578C:472007, key_0000000000046BCA, key_0000000000044BB8, key_000000000004586C:471695, key_0000000000044F66:471491, key_00000000000460AA, key_00000000000448ED:472007, key_00000000000455E1, key_0000000000044CA8:471835, key_00000000000455E8, key_00000000000455E5, key_00000000000455E6, key_0000000000046751:471866, key_0000000000044965, key_0000000000045BAD:471928, key_00000000000455DE, key_0000000000046C1B:471866, key_0000000000046498:472007, key_0000000000044AE5:471894, key_000000000004495F, key_0000000000045D76:471866, key_0000000000045965:471973, key_0000000000046B80:471959, key_000000000004495B, key_00000000000455F8, key_0000000000044958, key_0000000000046741:471866, key_0000000000044955, key_0000000000044956, key_00000000000455F0, key_00000000000451C1:471866, key_00000000000455EE, key_00000000000460CA, key_00000000000460CB, key_0000000000046582:471835, key_0000000000045A56:471894, key_00000000000446BF:471973, key_0000000000046289:471801, key_0000000000044BEF, key_00000000000460C8, key_00000000000460C2, key_0000000000045CBD:471923, key_00000000000465DE:471973, key_0000000000045EDF:471959, key_0000000000045875:472007, key_0000000000044BE8, key_0000000000045B68:471959, key_0000000000046344:471928, key_0000000000044941, key_00000000000455FD, key_0000000000045CB5:471894, key_0000000000044D90:471785, key_00000000000460B7, key_00000000000460B4, key_0000000000046594:471785, key_0000000000045B69:471959, key_00000000000460B2, key_0000000000044BFB, key_0000000000044939, key_000000000004672C:472007, key_00000000000466BE:472007, key_0000000000045511, key_0000000000046B53:471959, key_000000000004541F:471928, key_0000000000045519, key_0000000000045518, key_00000000000461BE:471835, key_0000000000044B54:471785, key_0000000000044B8A:471973, key_0000000000046316:472007, key_000000000004591C:471548, key_0000000000045501, key_0000000000045502, key_0000000000044883, key_000000000004679D:472007, key_00000000000453DB:471642, key_0000000000044888, key_0000000000045504, key_000000000004550C, key_00000000000462F5:471785, key_0000000000044B2A:472007, key_0000000000045CA2:471785, key_000000000004550E, key_0000000000044854, key_000000000004469A:471973, key_0000000000045538, key_0000000000044F3D:471973, key_00000000000466E3:472007, key_0000000000045D33:471973, key_000000000004485D, key_000000000004553A, key_00000000000455FD:471757, key_0000000000045DFC:471757, key_000000000004680F:471866, key_00000000000463B4:471866, key_000000000004485F, key_0000000000044B02:471894, key_0000000000045521, key_000000000004514C:236689, key_0000000000044861, key_000000000004486B, key_00000000000454C7:471785, key_00000000000461D2:471251, key_00000000000461A3, key_000000000004552C, key_000000000004486A, key_000000000004486F, key_0000000000045BEA:471959, key_00000000000457B1:472007, key_000000000004619C, key_00000000000448A3:471611, key_00000000000452B8:471642, key_0000000000046CC9, key_0000000000046CC3, key_000000000004562B:471923, key_000000000004481A:471695, key_0000000000046044:471237, key_00000000000449B1:471611, key_00000000000450CF:471923, key_0000000000044A62:471928, key_0000000000044B02, key_0000000000044B01, key_0000000000046CCE, key_00000000000455E8:471548, key_0000000000045771:471237, key_0000000000046CCD, key_0000000000044D59:471866, key_00000000000457DF:471959, key_00000000000461F9:471268, key_00000000000466A8:471801, key_00000000000448DF:472007, key_0000000000046140:471973, key_0000000000046486:472007, key_0000000000044899, key_0000000000046B7D:471835, key_00000000000458EA:471801, key_00000000000468BD:471491, key_0000000000044894, key_0000000000044DAE:471801, key_000000000004698E:471973, key_00000000000462B3:472007, key_000000000004489B, key_0000000000046CAF, key_0000000000046BC1:471928, key_000000000004670D:472007, key_0000000000046851:471959, key_00000000000464B6:471959, key_0000000000046CBC, key_00000000000468ED:472007, key_000000000004544C:472007, key_00000000000449AE:471801, key_00000000000446F8:471973, key_0000000000046C77, key_0000000000044B45, key_0000000000046166, key_0000000000046163, key_0000000000044B4A, key_00000000000455EE:471959, key_0000000000045B25:472007, key_0000000000046A24:472007, key_0000000000046158, key_0000000000044B3D, key_000000000004615B, key_0000000000044B38, key_0000000000045387:472007, key_0000000000044B35, key_00000000000447F8:472007, key_000000000004558F, key_0000000000046A73:471973, key_0000000000046C8C, key_00000000000448A3, key_000000000004609E:471973, key_0000000000045593, key_0000000000046C8D, key_0000000000046177, key_0000000000046176, key_00000000000448A2, key_0000000000045204:471973, key_0000000000046171, key_0000000000044832:471642, key_00000000000448A6, key_0000000000045066:471973, key_0000000000044614:472007, key_00000000000458B6:472007, key_0000000000046436:471491, key_000000000004500D:471757, key_0000000000045096:471801, key_0000000000044B2E, key_0000000000045954:471923, key_0000000000044B2A, key_000000000004558C, key_0000000000046C85, key_0000000000045953:471785, key_0000000000044B20, key_0000000000046771:471801, key_00000000000460CB:471866, key_0000000000046C54, key_0000000000044B24, key_0000000000046A1F:472007, key_0000000000044F65:472007, key_0000000000046A8A:472007, key_00000000000447D3:472007, key_0000000000046187, key_0000000000045D39:472007, key_0000000000044DC7:471923, key_0000000000046178, key_0000000000045F15:471835, key_0000000000046329:471973, key_000000000004585F:472007, key_000000000004617D, key_0000000000044D11:471959, key_0000000000046C67, key_0000000000046461:471866, key_000000000004601A:471835, key_0000000000044B14, key_000000000004659E:471928, key_000000000004535E:471611, key_0000000000046196, key_0000000000046C6D, key_000000000004486B:471928, key_0000000000045B6E:471928, key_000000000004618A, key_000000000004618F, key_0000000000044B69:471928, key_0000000000045102:471785, key_00000000000448D4, key_0000000000044B8E, key_00000000000446C3:471785, key_0000000000046120, key_0000000000044B8A, key_000000000004611F, key_00000000000448D1, key_0000000000045EBA:471835, key_000000000004519B:471959, key_0000000000046B04:471928, key_00000000000457F9:471835, key_0000000000046116, key_0000000000046115, key_0000000000045551, key_0000000000044DC9:472007, key_00000000000448CA, key_0000000000046112, key_0000000000046031:471923, key_00000000000468E9:471642, key_000000000004554E, key_0000000000046A90:471928, key_0000000000044B78, key_0000000000044B77, key_0000000000044B75, key_000000000004612F, key_00000000000448DF, key_0000000000044B73, key_0000000000044B71, key_000000000004612A, key_00000000000455B1:471923, key_0000000000046124, key_00000000000448DC, key_0000000000045542, key_00000000000448DA, key_00000000000448B6, key_0000000000046140, key_0000000000044C99:471973, key_0000000000046144, key_0000000000044B6C, key_0000000000045BE1:471835, key_0000000000044B67, key_0000000000046431:471928, key_000000000004613E, key_0000000000044B69, key_0000000000044B68, key_000000000004686F:471928, key_0000000000046C94, key_0000000000045574, key_0000000000044B5C, key_0000000000046137, key_0000000000046136, key_0000000000045203:472007, key_0000000000045F6C:471973, key_0000000000045F97:471928, key_00000000000455D5:471959, key_00000000000448C3, key_00000000000457C4:472007, key_00000000000448C2, key_0000000000044B54, key_0000000000044B53, key_0000000000044DEA:472007, key_00000000000448BF, key_0000000000044DFA:471835, key_00000000000453B8:471894, key_000000000004614D, key_00000000000447AC:472007, key_0000000000045564, key_00000000000448BA, key_0000000000044837:471548, key_0000000000046149, key_00000000000466A3:472007, key_0000000000045567, key_00000000000456A0, key_00000000000449D5:472007, key_0000000000044ECE, key_000000000004588F:471973, key_0000000000044ECD, key_0000000000045FFF, key_000000000004678A:471866, key_00000000000467DA:472007, key_000000000004462D:471923, key_0000000000044EC3, key_0000000000045FF6, key_00000000000445DB, key_0000000000045FF5, key_0000000000046387:471801, key_0000000000045FF2, key_0000000000045FF1, key_0000000000045C33:471894, key_0000000000044EC6, key_0000000000045FF9, key_000000000004497F:471923, key_0000000000044EDD, key_000000000004553A:471491, key_0000000000045F26:471695, key_0000000000045846:471894, key_0000000000046B52:471866, key_00000000000445D8, key_0000000000045455:471928, key_00000000000456B5, key_00000000000458D1:471894, key_0000000000044E6E:472007, key_00000000000456AC, key_0000000000044ED6, key_0000000000044A12:471785, key_0000000000044ED3, maxTxId, key_0000000000044775:471973, key_0000000000045819:471866, key_00000000000447A8:471757, key_00000000000451C7:471928, key_00000000000467E8:471463, key_0000000000044EED, key_0000000000044847:471959, key_0000000000044D02:471785, key_000000000004465C:472007, key_0000000000045898:471959, key_0000000000045465:472007, key_00000000000445FA, key_00000000000452DB:471959, key_0000000000046244:471959, key_000000000004655C:471959, key_0000000000045008:471866, key_000000000004561C:471928, key_00000000000445F1, key_00000000000455E6:471928, key_00000000000465E7:471959, key_00000000000452C2:471973, key_00000000000445EF, key_0000000000044F5F:472007, key_00000000000461A3:472007, key_00000000000458D8:471973, key_000000000004527D:471973, key_00000000000461D8:471835, key_0000000000046675:471801, key_0000000000044A05:471801, key_00000000000456E8, key_0000000000046849:471928, key_0000000000045BFE:471569, key_0000000000045A9F:471973, key_000000000004475F:471923, key_00000000000445D8:471866, key_0000000000044AC3:472007, key_0000000000044736:471835, key_0000000000046923:471928, key_0000000000046C85:471973, key_0000000000046285:471923, key_000000000004507E:471928, key_00000000000452F7:471923, key_00000000000456EA, key_0000000000045847:471959, key_0000000000044EAE, key_0000000000044EAF, key_00000000000467F9, key_00000000000468E4:471785, key_00000000000445C7, key_00000000000445C9, key_0000000000045B00:471785, key_00000000000456C1, key_000000000004590D:471251, key_00000000000456C0, key_0000000000045E5D:471928, key_00000000000467F5, key_00000000000456C5, key_0000000000044EAC, key_00000000000456BE, key_0000000000044EA5, key_0000000000044E90:472007, key_0000000000044EA8, key_00000000000467EA, key_00000000000467EE, key_0000000000044EA2, key_00000000000446AD:471973, key_0000000000044EBE, key_00000000000456D8, key_0000000000045D56:471959, key_000000000004598D:471959, key_000000000004583F:471866, key_0000000000044BE2:471959, key_0000000000044AC0:471973, key_0000000000044EBD, key_000000000004658B:471695, key_0000000000044EB7, key_00000000000467FC, key_00000000000467FE, key_000000000004688E:471611, key_000000000004600F:471923, key_00000000000467CC, key_00000000000453AB:471801, key_0000000000044894:471973, key_00000000000448F6:471959, key_00000000000459DC:471928, key_00000000000467D2, key_0000000000045D68:471959, key_0000000000045403:471894, key_0000000000046A6C:471866, key_00000000000467DA, key_0000000000044D93:471928, key_00000000000453B1:471463, key_0000000000045C8A:471959, key_00000000000467E6, key_000000000004621F:471923, key_00000000000455F0:471894, key_00000000000455DE:471928, key_00000000000446F3:471894, key_00000000000467E8, key_0000000000044CBF:471959, key_0000000000045739:471642, key_00000000000456FA, key_00000000000467AC, key_000000000004538E:471923, key_0000000000044B90:471928, key_0000000000044604, key_00000000000447C7:471835, key_0000000000045FA3, key_0000000000045FA1, key_0000000000045FA7, key_0000000000045010:220675, key_000000000004668E:471973, key_00000000000456AC:471973, key_0000000000045FAC, key_00000000000467C6, key_0000000000045687:471923, key_0000000000045FB9, key_00000000000461E8:471959, key_0000000000045930:471973, key_000000000004628E:471973, key_0000000000045FB7, key_0000000000044A9C:471923, key_0000000000045FAC:471973, key_000000000004463C:471928, key_0000000000046065:471835, key_0000000000045FB0, key_0000000000045FBB, key_0000000000045FBA, key_0000000000045567:471973, key_000000000004466A:471894, key_0000000000045B39:372924, key_0000000000045FC4, key_0000000000045FC2, key_000000000004618A:471923, key_00000000000447D0:471959, key_0000000000045486:471928, key_00000000000467A5, key_0000000000045FCF, key_00000000000457EC:471785, key_0000000000045FCE, key_00000000000467A0, key_0000000000045FD7, key_0000000000045D42:472007, key_0000000000044644:471923, key_00000000000457A6:471928, key_0000000000045FC4:472007, key_0000000000045716:471923, key_0000000000045805:471801, key_0000000000045FDD, key_0000000000045FDE, key_00000000000453E7:471923, key_0000000000044B6C:471973, key_0000000000046BC7:471959, key_0000000000045FE6, key_000000000004562F:471959, key_0000000000046116:471959, key_000000000004610A:472007, key_0000000000046529:471959, key_000000000004499C:471959, key_0000000000045FEB, key_000000000004684E:471835, key_0000000000045BED:472007, key_00000000000450F5:471928, key_0000000000045F73, key_0000000000044E41, key_0000000000045C2B:471923, key_000000000004561C, key_0000000000045AE9:472007, key_00000000000457AE:471801, key_0000000000044E43, key_0000000000044E48, key_0000000000045DF6:471894, key_0000000000045DB4:471695, key_0000000000045F6D, key_0000000000045F6C, key_000000000004609E, key_000000000004647F:471569, key_0000000000045618, key_0000000000045F61, key_0000000000044E31, key_0000000000044883:472007, key_0000000000045F67, key_0000000000044E35, key_0000000000044E34, key_0000000000045F5C, key_0000000000045F5A, key_0000000000045600, key_0000000000045CDB:471923, key_0000000000046750:471328, key_0000000000044E2B, key_0000000000045F5F, key_0000000000044A20:471928, key_0000000000044AE6:471973, key_0000000000045601, key_0000000000044E2E, key_0000000000045605, key_00000000000452C4:471757, key_0000000000044E68, key_00000000000452BE:471548, key_0000000000046081, key_0000000000044E63, key_0000000000045297:471928, key_0000000000045F97, key_0000000000044E61, key_0000000000046085, key_0000000000046079, key_0000000000045F8C, key_0000000000044E07:471757, key_00000000000455CB:471973, key_0000000000044B01:472007, key_000000000004607D, key_0000000000045639:471959, key_0000000000046091, key_0000000000044E55, key_0000000000044E54, key_0000000000044E56, key_0000000000045F88, key_000000000004679E, key_0000000000044E53, key_000000000004679D, key_0000000000046099, key_0000000000044835:471695, key_0000000000046095, key_0000000000045CC4:471835, key_0000000000046096, key_000000000004608A, key_0000000000046799, key_0000000000046796, key_0000000000045F7D, key_0000000000045F7B, key_0000000000045F81, key_0000000000045EFF:472007, key_0000000000044F7A:471959, key_00000000000448A6:471923, key_0000000000045504:471959, key_0000000000044F45:471959, key_0000000000044E03, key_0000000000046790, key_0000000000044E07, key_0000000000046793, key_000000000004565C, key_000000000004678D, key_000000000004565B, key_000000000004678A, key_00000000000452E7:471785, key_0000000000045651, key_0000000000046785, key_0000000000046788, key_00000000000465B8:472007, key_0000000000046781, key_0000000000046782, key_0000000000045FC2:471973, key_00000000000449CE:471785, key_0000000000045974:471973, key_00000000000446C5:471757, key_0000000000046989:472007, key_000000000004564C, key_000000000004564F, key_0000000000046774, key_0000000000045641, key_0000000000046752:471251, key_0000000000045F9E, key_0000000000046772, key_0000000000045646, key_0000000000046771, key_0000000000044E25, key_00000000000452CA:471757, key_000000000004563D, key_000000000004563B, key_0000000000046837:471928, key_0000000000044E20, key_000000000004590B:471973, key_0000000000046A50:471866, key_0000000000046C54:471835, key_0000000000045C2E:471973, key_0000000000045639, key_0000000000044E1F, key_0000000000045636, key_0000000000044BBD:471959, key_0000000000044956:471785, key_00000000000450A6:471959, key_0000000000045634, key_0000000000045C7C:471973, key_0000000000044E1B, key_0000000000046768, key_0000000000046762, key_0000000000045630, key_0000000000046832:471923, key_0000000000046761, key_00000000000465B2:471973, key_0000000000044CAF:471695, key_000000000004562F, key_0000000000046C77:471923, key_000000000004562B, key_00000000000454B9:471894, key_0000000000045A64:471973, key_000000000004527B:471928, key_0000000000045759:471237, key_0000000000046652:471866, key_00000000000446BC:471866, key_0000000000045628, key_0000000000044E0E, key_0000000000046756, key_0000000000046753, key_0000000000045AC5:471928, key_0000000000046752, key_0000000000046751, key_00000000000446DF:471923, key_0000000000044ABE:471923, key_0000000000046750, key_0000000000046741, key_0000000000045699, key_0000000000046746, key_0000000000046018, key_0000000000046743, key_0000000000044CE7:471801, key_000000000004593A:471835, key_0000000000046747, key_000000000004601B, key_000000000004601A, key_000000000004569C, key_000000000004569B, key_000000000004674A, key_000000000004601B:471973, key_0000000000045686, key_0000000000045685, key_0000000000045684, key_0000000000046026, key_0000000000046943:472007, key_0000000000045687, key_0000000000044FEF:472007, key_0000000000044F89:471959, key_00000000000456A0:471973, key_0000000000044FAA:471928, key_000000000004673B, key_000000000004470E:472007, key_0000000000046031, key_0000000000046032, key_0000000000045690, key_0000000000046034, key_00000000000458DC:471491, key_0000000000045677, key_0000000000045A75:472007, key_0000000000045C7B:471959, key_00000000000469EE:471928, key_000000000004567A, key_000000000004611F:471973, key_0000000000044E2B:471959, key_0000000000044CA7:472007, key_000000000004672C, key_0000000000045F13, key_000000000004672A, key_0000000000045F11, key_0000000000045F16, key_000000000004672E, key_0000000000045C9D:472007, key_0000000000045F15, key_0000000000045668, key_0000000000046006, key_0000000000046003, key_0000000000046A39:471923, key_000000000004600A, key_0000000000046212:471928, key_0000000000044B3D:471928, key_0000000000046715, key_000000000004600F, key_000000000004671A, key_0000000000045F00, key_00000000000465A1:471959, key_00000000000464F9:471959, key_0000000000046011, key_0000000000044A7D:471785, key_0000000000045F05, key_0000000000045F06, key_0000000000046709, key_000000000004605C, key_0000000000045DBF:471894, key_0000000000044E7F, key_0000000000046701, key_0000000000045FB9:471835, key_000000000004569B:471973, key_0000000000044B24:471928, key_000000000004670D, key_0000000000046065, key_0000000000045E7E:471959, key_0000000000044E87, key_0000000000044E88, key_0000000000045F1F, key_0000000000044E71, key_0000000000044E70, key_0000000000045F8C:471695, key_0000000000044E6C, key_0000000000045D7A:472007, key_0000000000046144:471923, key_0000000000044E6E, key_0000000000045F26, key_0000000000046077, key_0000000000045ED4:471928, key_0000000000045F20, key_00000000000469BB:471923, key_0000000000044CC1:471611, key_0000000000045F21, key_000000000004612F:471801, key_00000000000448CA:471959, key_0000000000045722:472007, key_000000000004603A, key_00000000000464A5:471757, key_0000000000045F4F, key_0000000000044E9F, key_000000000004578D:472007, key_0000000000045628:471801, key_0000000000046044, key_000000000004505B:471923, key_0000000000044613:471973, key_0000000000045F59, key_0000000000045F58, key_00000000000469CE:471923, key_0000000000045F55, key_0000000000045F54, key_0000000000045A63:471866, key_00000000000467EE:471973, key_0000000000046163:471928, key_0000000000045F53, key_000000000004603F, key_000000000004581B:471894, key_0000000000045090:472007, key_00000000000457DC:471268, key_0000000000044E90, key_0000000000045CE3:471959, key_0000000000045F3B, key_0000000000045F3C, key_0000000000045F3E, key_0000000000046047, key_0000000000046048, key_0000000000044E8D, key_0000000000045F3A, key_0000000000046053, key_0000000000045F48, key_0000000000045F40, key_000000000004604F, key_0000000000045F42, key_00000000000457A5, key_00000000000457A6, key_00000000000457A7, key_000000000004618F:471757, key_00000000000457A9, key_0000000000044C49:471973, key_0000000000046096:471835, key_0000000000045EFB, key_0000000000044DCC, key_0000000000045EFF, key_0000000000046A51:471695, key_0000000000045EEF:471928, key_0000000000044DCE, key_0000000000044DC7, key_0000000000044DC9, key_000000000004469B:472007, key_000000000004610C:471866, key_0000000000045FBA:472007, key_0000000000044CF7:471959, key_0000000000044DC3, key_0000000000044A21:472007, key_0000000000044CA2:472007, key_0000000000045C3F:471928, key_0000000000044626:471785, key_0000000000044DDE, key_00000000000447C4:471548, key_00000000000454DC:471785, key_00000000000457B1, key_00000000000457AE, key_000000000004472A:471973, key_0000000000044FAC:471894, key_0000000000044DD3, key_0000000000044DD0, key_0000000000044DD1, key_00000000000457AB, key_0000000000044DD4, key_00000000000457C9, key_0000000000046307:471959, key_0000000000044DAE, key_0000000000045699:471548, key_0000000000045EDF, key_0000000000044DAB, key_00000000000457C1, key_0000000000044DAD, key_00000000000457C4, key_0000000000045EDB, key_0000000000044DA9, key_00000000000458A7:471928, key_0000000000045894:471973, key_00000000000457BA, key_0000000000044DA1, key_00000000000446FA, key_0000000000045ED4, key_00000000000457BB, key_00000000000446FD, key_0000000000045ED2, key_0000000000045ED1, key_00000000000447CF:471894, key_0000000000045EF1, key_00000000000446F8, key_000000000004690C, key_00000000000446F3, key_0000000000044DBD, key_0000000000045EEF, key_00000000000446F1, key_0000000000044DBC, key_0000000000045D75:471959, key_0000000000044D74:472007, key_0000000000045C77:471785, key_0000000000046905, key_0000000000046906, key_000000000004565C:471928, key_0000000000044DB6, key_00000000000457CF, key_00000000000457CE, key_00000000000469FB:471923, key_00000000000446E4, key_00000000000467E6:471923, key_00000000000457E1, key_0000000000045118:471928, key_00000000000446E8, key_00000000000466EE:471973, key_00000000000446DD, key_00000000000457DC, key_0000000000045CEB:471491, key_00000000000457DE, key_00000000000457DF, key_0000000000046032:471491, key_00000000000446DF, key_00000000000451D3:471695, key_00000000000451AD:472007, key_00000000000446D4, key_0000000000044B73:471923, key_00000000000446D1, key_0000000000044F7F:471894, key_000000000004490A:471928, key_00000000000457F9, key_00000000000457F8, key_00000000000446D8, key_00000000000446CD, key_00000000000457EB, key_0000000000045056:471923, key_00000000000457EC, key_0000000000046282:471866, key_0000000000045B0E:471959, key_00000000000446CE, key_0000000000044CAD:471923, key_00000000000446C3, key_00000000000467A5:471973, key_0000000000044B68:471237, key_00000000000446C5, key_0000000000046A38:471973, key_0000000000046788:471923, key_0000000000044697:471894, key_00000000000449A9:471923, key_00000000000449A3:471959, key_00000000000446BC, key_00000000000446BE, key_0000000000045EFB:471785, key_0000000000045518:471153, key_00000000000446BF, key_0000000000045FFF:471801, key_0000000000045F7B:471973, key_00000000000446B1, key_00000000000446B5, key_0000000000046337:471923, key_0000000000046284:471973, key_0000000000045983:471569, key_00000000000446AD, key_000000000004613E:471923, key_00000000000453D6:471923, key_0000000000044724, key_0000000000044EB7:471785, key_00000000000468CD, key_0000000000044B38:471959, key_0000000000045AEC:471894, key_00000000000464E4:471894, key_000000000004472C, key_000000000004607D:471973, key_000000000004472B, key_000000000004472A, key_0000000000045C5E:471866, key_0000000000045F48:471757, key_0000000000046AB4:471757, key_0000000000044767:471491, key_0000000000044713, key_0000000000044C56:471923, key_000000000004511B:471959, key_0000000000046B15:471959, key_0000000000044710, key_0000000000044711, key_00000000000468DC, key_000000000004471F, key_00000000000468E9, key_000000000004471C, key_000000000004471B, key_0000000000044A27:471328, key_00000000000468E4, key_0000000000044703, key_0000000000046964:471973, key_0000000000046438:471923, key_00000000000468ED, key_0000000000044BB6:471548, key_00000000000468EA, key_0000000000045200:471785, key_00000000000464D3:471973, key_000000000004470E, key_000000000004462C:471973, key_0000000000044709, key_00000000000455E1:471973, key_000000000004536C:471801, key_00000000000468FE, key_00000000000468FA, key_0000000000046A8C:471894, key_00000000000448BA:471959, key_000000000004548D:471894, key_00000000000446E4:471894, key_0000000000044AA0:471757, key_00000000000449FF:471959, key_0000000000046AC4:471959, key_0000000000046136:471928, key_00000000000469D1:472007, key_00000000000463A1:471928, key_0000000000045EBA, key_0000000000045AE7:471695, key_0000000000045EBD, key_0000000000045EC2, key_0000000000044803:471894, key_0000000000044ECD:471973, key_00000000000463E5:471923, key_00000000000462CC:471959, key_0000000000045229:471928, key_00000000000463C9:471328, key_0000000000045FF9:471785, key_0000000000046081:471973, key_0000000000045B1D:471894, key_000000000004563B:471894, key_00000000000468A6, key_0000000000044DE8, key_0000000000044D31:471928, key_0000000000046472:471928, key_0000000000044FE2:471973, key_0000000000045808, key_0000000000045805, key_0000000000045806, key_0000000000044DE9, key_0000000000044DEE, key_0000000000045808:471801, key_0000000000044DEA, key_0000000000044DEB, key_00000000000465E4:471928, key_000000000004475B:471835, key_000000000004580D, key_000000000004580B, key_0000000000045173:471835, key_00000000000468B7, key_00000000000468BA, key_0000000000045EA0, key_0000000000044DFA, key_0000000000045819, key_00000000000468BF, key_00000000000468BD, key_0000000000045815, key_0000000000045EAD, key_00000000000468C3, key_0000000000045EAC, key_000000000004581A, key_00000000000446CD:472007, key_00000000000468C0, key_0000000000046253:471959, key_000000000004581C, key_000000000004581B, key_0000000000044A53:472007, key_0000000000045466:472007, key_000000000004581D, key_000000000004634D:472007, key_000000000004571F, key_0000000000044680, key_0000000000044D64:472007, key_0000000000045D8A:471928, key_0000000000044D43, key_0000000000045023:471866, key_00000000000452CF:472007, key_0000000000045E74, key_00000000000466FB:471785, key_0000000000045FB7:471928, key_0000000000045716, key_0000000000045713, key_0000000000044CDA:471801, key_0000000000044D3F, key_0000000000044671, key_0000000000044D3A, key_0000000000045943:471928, key_0000000000044677, key_0000000000045E6A, key_0000000000044A43:471923, key_0000000000044FC9:471928, key_000000000004570A, key_000000000004468D, key_0000000000045E63, key_0000000000044D31, key_0000000000045EAD:471923, key_0000000000044D2F, key_0000000000045F21:471801, key_0000000000046018:472007, key_0000000000046BD5:471866, key_000000000004468A, key_0000000000046AAE:471642, key_000000000004581C:471959, key_0000000000045E5D, key_0000000000045519:471973, key_0000000000044686, key_0000000000045713:471757, key_0000000000044D2A, key_000000000004626E:472007, key_0000000000045085:471973, key_00000000000466D2:472007, key_000000000004465D, key_0000000000044635:471923, key_000000000004465C, key_00000000000468FE:471973, key_000000000004573D, key_0000000000045E57, key_000000000004573B, key_0000000000045E58, key_0000000000045735, key_0000000000045739, key_0000000000044654, key_0000000000044D1C, key_000000000004533A:472007, key_0000000000045733, key_0000000000044D1D, key_000000000004656F:471928, key_0000000000044D1A, key_0000000000045755:472007, key_0000000000044D18, key_0000000000044D17, key_0000000000045E49, key_000000000004466E, key_000000000004466F, key_0000000000044D12, key_000000000004466A, key_0000000000044D11, key_000000000004572A, key_0000000000044D13, key_000000000004572C, key_0000000000044939:471973, key_000000000004667F:471923, key_0000000000045726, key_0000000000045218:471491, key_000000000004690C:471642, key_0000000000045E3A, key_000000000004622E:471923, key_0000000000045E3D, key_00000000000466D6:471866, key_0000000000045722, key_0000000000044663, key_0000000000044D02, key_00000000000463BF:471928, key_000000000004463C, key_000000000004688E, key_000000000004463E, key_0000000000046891, key_0000000000044D09, key_0000000000046892, key_0000000000045C49:471894, key_00000000000460DB:471569, key_0000000000045755, key_0000000000046889, key_0000000000045754, key_0000000000045751, key_00000000000464B0:471928, key_0000000000045752, key_000000000004461C:472007, key_000000000004664F:471923, key_0000000000044BA0:471959, key_000000000004667E:471894, key_0000000000044637, key_0000000000044635, key_0000000000045759, key_0000000000044639, key_0000000000045758, key_00000000000450AA:471642, key_0000000000045D83:472007, key_000000000004464C, key_000000000004464E, key_0000000000045DCD:472007, key_000000000004464F, key_000000000004662A:471866, key_0000000000046B46:471928, key_000000000004472B:471928, key_0000000000044808:471642, key_0000000000046873, key_0000000000046871, key_0000000000044644, key_00000000000467F5:472007, key_0000000000044649, key_0000000000044E2E:471928, key_0000000000044ED6:471959, key_0000000000045747, key_00000000000447D4:471923, key_0000000000045748, key_0000000000046602:471642, key_0000000000045D1B:472007, key_0000000000045FA3:471973, key_0000000000044C33:471642, key_0000000000045781, key_000000000004461F, key_000000000004461C, key_00000000000463DC:472007, key_0000000000045771, key_0000000000045BB6:471894, key_0000000000044F8E:471973, key_0000000000046A91, key_0000000000046A90, key_000000000004569C:471973, key_0000000000046A94, key_0000000000045E90, key_000000000004696A:471959, key_0000000000044614, key_0000000000044613, key_0000000000045E6A:471928, key_000000000004576C, key_000000000004462C, key_000000000004576B, key_0000000000045170:471923, key_000000000004576E, key_0000000000045E89, key_0000000000045733:471894, key_0000000000044C11:471928, key_0000000000045E88, key_0000000000045E63:471928, key_0000000000044B71:472007, key_000000000004462D, key_0000000000046896, key_0000000000044621, key_0000000000045E7E, key_0000000000045E7D, key_0000000000044910:471923, key_0000000000044958:471923, key_0000000000044629, key_0000000000045E82, key_000000000004689B, key_0000000000045E80, key_0000000000046320:471928, key_0000000000046A45:471695, key_0000000000044626, key_0000000000045E81, key_0000000000046A73, key_0000000000046849, key_0000000000045574:471695, key_0000000000046A71, key_0000000000046847, key_00000000000449DA:471928, key_0000000000045989:471098, key_0000000000046A7F, key_00000000000451BE:471866, key_0000000000046095:471928, key_0000000000045630:471959, key_0000000000045A08:472007, key_000000000004684E, key_0000000000045FE6:472007, key_000000000004681C:471785, key_0000000000046A88, key_0000000000046837, key_0000000000046832, key_0000000000044D85:472007, key_0000000000046A8F, key_0000000000045C05:471642, key_00000000000446A5, key_0000000000046812:471959, key_0000000000046A8A, key_0000000000046A8C, key_00000000000454F4:471894, key_000000000004578D, key_0000000000046A89, key_000000000004578C, key_0000000000046A50, key_0000000000046A51, key_0000000000046A4E, key_0000000000046A4F, key_00000000000447C5:471973, key_0000000000046867, key_0000000000045F5C:471548, key_0000000000045C1E:471923, key_0000000000045F55:471923, key_00000000000454C6:471491, key_0000000000045ED1:471835, key_0000000000046A58, key_0000000000045B87:472007, key_0000000000044AFB:471923, key_000000000004686F, key_0000000000045FD7:471894, key_0000000000044919:471973, key_0000000000044D90, key_0000000000046859, key_0000000000044D93, key_0000000000044694:472007, key_0000000000045BFD:471973, key_0000000000045183:471959, key_0000000000046851, key_00000000000469B6:471695, key_00000000000459FE:471923, key_0000000000046A6D, key_0000000000046A6C, key_0000000000044D9C, key_0000000000044D9A, key_0000000000046774:471928, key_000000000004685A, key_000000000004685D, key_0000000000044A93:472007, key_0000000000044AA6:471757, key_0000000000045863:472007, key_0000000000046A33, key_0000000000044C64:471866, key_000000000004610D:471923, key_0000000000044D88, key_000000000004471C:471866, key_0000000000044861:471959, key_0000000000046A38, key_0000000000045852:471959, key_0000000000046A39, key_0000000000045EAC:471959, key_0000000000044D85, key_0000000000044D86, key_0000000000046A34, key_0000000000046A35, key_0000000000044D8A, key_000000000004653C:471757, key_000000000004680F, key_0000000000046A3A, key_0000000000046A91:471973, key_0000000000046847:471894, key_0000000000044D6C, key_0000000000044EAF:471959, key_0000000000046782:471757, key_0000000000046A45, key_0000000000044D74, key_0000000000046A4C, key_0000000000045F3A:471642, key_0000000000045F61:471959, key_0000000000045E26, key_000000000004588D:471923, key_0000000000046A0D, key_0000000000044D5A, key_0000000000044697, key_0000000000044D5D, key_0000000000044694, key_000000000004469B, key_000000000004469A, key_0000000000046A14, key_0000000000044D64, key_000000000004645A:471959, key_0000000000046A16, key_000000000004682A, key_0000000000044D69, key_0000000000045E18, key_0000000000045E17, key_0000000000046906:472007, key_0000000000044C24:471959, key_0000000000044EAE:471928, key_0000000000045564:471928, key_0000000000044D4C, key_0000000000044D4B, key_0000000000046A1D, key_0000000000046302:471973, key_0000000000046A1F, key_0000000000044D4F, key_0000000000046812, key_000000000004646F:471569, key_00000000000448BF:472007, key_0000000000046CAF:471928, key_0000000000046A24, key_000000000004681C, key_0000000000044D59, key_000000000004514D:471973, key_0000000000046A2B]} GlobalTransaction:<deimos-esw-27773>:40519:remote is already rolled back
	at org.infinispan.transaction.RemoteTransaction.checkIfRolledBack(RemoteTransaction.java:138)
	at org.infinispan.transaction.RemoteTransaction.putLookedUpEntry(RemoteTransaction.java:73)
	at org.infinispan.context.impl.RemoteTxInvocationContext.putLookedUpEntry(RemoteTxInvocationContext.java:99)
	at org.infinispan.container.EntryFactoryImpl.wrapInternalCacheEntryForPut(EntryFactoryImpl.java:242)
	at org.infinispan.container.EntryFactoryImpl.wrapEntryForPut(EntryFactoryImpl.java:166)
	at org.infinispan.interceptors.EntryWrappingInterceptor$EntryWrappingVisitor.visitPutKeyValueCommand(EntryWrappingInterceptor.java:330)
	at org.infinispan.commands.write.PutKeyValueCommand.acceptVisitor(PutKeyValueCommand.java:80)
	at org.infinispan.interceptors.EntryWrappingInterceptor.visitPrepareCommand(EntryWrappingInterceptor.java:103)
	at org.infinispan.commands.tx.PrepareCommand.acceptVisitor(PrepareCommand.java:124)
	at org.infinispan.interceptors.base.CommandInterceptor.invokeNextInterceptor(CommandInterceptor.java:118)
	at org.infinispan.interceptors.locking.AbstractTxLockingInterceptor.invokeNextAndCommitIf1Pc(AbstractTxLockingInterceptor.java:108)
	at org.infinispan.interceptors.locking.OptimisticLockingInterceptor.visitPrepareCommand(OptimisticLockingInterceptor.java:135)
	at org.infinispan.commands.tx.PrepareCommand.acceptVisitor(PrepareCommand.java:124)
	at org.infinispan.interceptors.base.CommandInterceptor.invokeNextInterceptor(CommandInterceptor.java:118)
	at org.infinispan.interceptors.NotificationInterceptor.visitPrepareCommand(NotificationInterceptor.java:58)
	at org.infinispan.commands.tx.PrepareCommand.acceptVisitor(PrepareCommand.java:124)
	at org.infinispan.interceptors.base.CommandInterceptor.invokeNextInterceptor(CommandInterceptor.java:118)
	at org.infinispan.interceptors.TxInterceptor.invokeNextInterceptorAndVerifyTransaction(TxInterceptor.java:128)
	at org.infinispan.interceptors.TxInterceptor.visitPrepareCommand(TxInterceptor.java:115)
	at org.infinispan.commands.tx.PrepareCommand.acceptVisitor(PrepareCommand.java:124)
	at org.infinispan.interceptors.base.CommandInterceptor.invokeNextInterceptor(CommandInterceptor.java:118)
	at org.infinispan.interceptors.base.CommandInterceptor.handleDefault(CommandInterceptor.java:132)
	at org.infinispan.commands.AbstractVisitor.visitPrepareCommand(AbstractVisitor.java:126)
	at org.infinispan.statetransfer.TransactionSynchronizerInterceptor.visitPrepareCommand(TransactionSynchronizerInterceptor.java:58)
	at org.infinispan.commands.tx.PrepareCommand.acceptVisitor(PrepareCommand.java:124)
	at org.infinispan.interceptors.base.CommandInterceptor.invokeNextInterceptor(CommandInterceptor.java:118)
	at org.infinispan.statetransfer.StateTransferInterceptor.handleTopologyAffectedCommand(StateTransferInterceptor.java:216)
	at org.infinispan.statetransfer.StateTransferInterceptor.handleTxCommand(StateTransferInterceptor.java:189)
	at org.infinispan.statetransfer.StateTransferInterceptor.visitPrepareCommand(StateTransferInterceptor.java:93)
	at org.infinispan.commands.tx.PrepareCommand.acceptVisitor(PrepareCommand.java:124)
	at org.infinispan.interceptors.base.CommandInterceptor.invokeNextInterceptor(CommandInterceptor.java:118)
	at org.infinispan.interceptors.base.CommandInterceptor.handleDefault(CommandInterceptor.java:132)
	at org.infinispan.commands.AbstractVisitor.visitPrepareCommand(AbstractVisitor.java:126)
	at org.infinispan.commands.tx.PrepareCommand.acceptVisitor(PrepareCommand.java:124)
	at org.infinispan.interceptors.base.CommandInterceptor.invokeNextInterceptor(CommandInterceptor.java:118)
	at org.infinispan.interceptors.InvocationContextInterceptor.handleAll(InvocationContextInterceptor.java:128)
	at org.infinispan.interceptors.InvocationContextInterceptor.handleDefault(InvocationContextInterceptor.java:92)
	at org.infinispan.commands.AbstractVisitor.visitPrepareCommand(AbstractVisitor.java:126)
	at org.infinispan.commands.tx.PrepareCommand.acceptVisitor(PrepareCommand.java:124)
	at org.infinispan.interceptors.InterceptorChain.invoke(InterceptorChain.java:343)
	at org.infinispan.commands.tx.PrepareCommand.perform(PrepareCommand.java:119)
	at org.infinispan.remoting.InboundInvocationHandlerImpl.handleInternal(InboundInvocationHandlerImpl.java:101)
	at org.infinispan.remoting.InboundInvocationHandlerImpl.handleWithWaitForBlocks(InboundInvocationHandlerImpl.java:122)
	at org.infinispan.remoting.InboundInvocationHandlerImpl.handle(InboundInvocationHandlerImpl.java:86)
	at org.infinispan.remoting.transport.jgroups.CommandAwareRpcDispatcher.executeCommandFromLocalCluster(CommandAwareRpcDispatcher.java:247)
	at org.infinispan.remoting.transport.jgroups.CommandAwareRpcDispatcher.handle(CommandAwareRpcDispatcher.java:220)
	at org.jgroups.blocks.RequestCorrelator.handleRequest(RequestCorrelator.java:484)
	at org.jgroups.blocks.RequestCorrelator.receiveMessage(RequestCorrelator.java:391)
	at org.jgroups.blocks.RequestCorrelator.receive(RequestCorrelator.java:249)
	at org.jgroups.blocks.MessageDispatcher$ProtocolAdapter.up(MessageDispatcher.java:598)
	at org.jgroups.JChannel.up(JChannel.java:707)
	at org.jgroups.stack.ProtocolStack.up(ProtocolStack.java:1020)
	at org.jgroups.protocols.RSVP.up(RSVP.java:188)
	at org.jgroups.protocols.FRAG2.unfragment(FRAG2.java:302)
	at org.jgroups.protocols.FRAG2.up(FRAG2.java:162)
	at org.jgroups.protocols.FlowControl.up(FlowControl.java:400)
	at org.jgroups.protocols.FlowControl.up(FlowControl.java:418)
	at org.jgroups.protocols.pbcast.GMS.up(GMS.java:896)
	at org.jgroups.protocols.pbcast.STABLE.up(STABLE.java:245)
	at org.jgroups.protocols.UNICAST2.up(UNICAST2.java:453)
	at org.jgroups.protocols.pbcast.NAKACK2.handleMessage(NAKACK2.java:721)
	at org.jgroups.protocols.pbcast.NAKACK2.up(NAKACK2.java:574)
	at org.jgroups.protocols.VERIFY_SUSPECT.up(VERIFY_SUSPECT.java:143)
	at org.jgroups.protocols.FD_ALL.up(FD_ALL.java:187)
	at org.jgroups.protocols.FD_SOCK.up(FD_SOCK.java:288)
	at org.jgroups.protocols.MERGE2.up(MERGE2.java:205)
	at org.jgroups.protocols.Discovery.up(Discovery.java:359)
	at org.jgroups.protocols.TP.passMessageUp(TP.java:1263)
	at org.jgroups.protocols.TP$IncomingPacket.handleMyMessage(TP.java:1825)
	at org.jgroups.protocols.TP$IncomingPacket.run(TP.java:1798)
	at java.util.concurrent.ThreadPoolExecutor.runWorker(ThreadPoolExecutor.java:1145)
	at java.util.concurrent.ThreadPoolExecutor$Worker.run(ThreadPoolExecutor.java:615)
	at java.lang.Thread.run(Thread.java:722)
 ERROR [OOB-61,deimos-esw-2421] {org.infinispan.remoting.InboundInvocationHandlerImpl} Exception executing command
org.infinispan.transaction.xa.InvalidTransactionException: This remote transaction DldGlobalTransaction{coinToss=6008653902580203380, lockIntention=null, affectedKeys=[], locksAtOrigin=[key_0000000000046A1D:471268, key_000000000004653E:471973, key_0000000000045B42:471928, key_0000000000046120:471835, key_00000000000450AA, key_0000000000045C42:471866, key_00000000000456C0:471785, key_00000000000450A6, key_00000000000445C9:471923, key_0000000000046100:471973, key_00000000000460C8:472007, key_0000000000045B6A:471894, key_00000000000458A5, key_00000000000458A7, key_0000000000046781:471923, key_00000000000458A1, key_0000000000045D94:471959, key_000000000004634F:471959, key_0000000000045DA4, key_00000000000460B2:471928, key_0000000000044D5A:471866, key_00000000000458B6, key_0000000000044E1B:471785, key_00000000000458B3, key_0000000000045501:471866, key_00000000000461B9:472007, key_000000000004659E, key_0000000000044D2A:471928, key_0000000000046598, key_00000000000465A4, key_00000000000460AA:471894, key_0000000000044A0A:471959, key_00000000000465A1, key_0000000000044AA1:471973, key_00000000000460E5:471785, key_0000000000046C94:471959, key_0000000000046C3D:471548, key_0000000000046367:471801, key_0000000000046C6D:471835, key_00000000000446B1:471801, key_0000000000046796:471959, key_0000000000045471:472007, key_000000000004657A:471894, key_00000000000446A5:471973, key_000000000004518A:472007, key_000000000004664A:471973, key_000000000004536B:472007, key_0000000000044955:471611, key_000000000004464F:472007, key_0000000000044F7D:470986, key_00000000000457A7:471928, key_0000000000044792:472007, key_000000000004500B:471835, key_000000000004509D, key_00000000000448C2:471973, key_0000000000045781:471923, key_00000000000465DE, key_0000000000044BD0:471785, key_00000000000466B2:471973, key_0000000000045864, key_0000000000045863, key_0000000000045A03:472007, key_0000000000045285:471928, key_0000000000044B75:471098, key_00000000000465E7, key_000000000004586C, key_0000000000044F3B:471959, key_000000000004604F:471973, key_000000000004621A:471463, key_000000000004586A, key_0000000000044A04:471959, key_00000000000465E4, key_00000000000465D0, key_00000000000450DF:471959, key_0000000000045875, key_0000000000045D6A:471928, key_0000000000046321:471894, key_00000000000456C1:471928, key_0000000000045DF6, key_0000000000044E03:471928, key_0000000000045096, key_0000000000046158:471928, key_000000000004468A:471894, key_0000000000045DDC:471835, key_0000000000045090, key_0000000000045091, key_0000000000045DFC, key_0000000000044F57:471959, key_000000000004644C:471757, key_000000000004507C, key_000000000004507E, key_0000000000045884, key_0000000000046753:471801, key_0000000000045882, key_00000000000466F2:471959, key_00000000000465BB, key_0000000000045078, key_0000000000045F88:471695, key_0000000000045891, key_0000000000045085, key_000000000004588D, key_000000000004588F, key_0000000000045685:471928, key_00000000000469B3:471959, key_0000000000044FBF:471835, key_0000000000045068, key_0000000000045067, key_0000000000045894, key_0000000000044D3A:471959, key_0000000000045898, key_0000000000045070, key_0000000000045D63:471866, key_00000000000465B8, key_0000000000045AEF:472007, key_000000000004571F:471611, key_0000000000045074, key_000000000004589B, key_00000000000465B2, key_0000000000044834:471785, key_00000000000467C6:471959, key_0000000000044F2C:471923, key_00000000000459FD:471928, key_0000000000045D3A:471894, key_0000000000045822, key_0000000000044DE8:471866, key_0000000000045056, key_000000000004505D, key_0000000000046452:471251, key_000000000004505B, key_00000000000457AB:471642, key_0000000000044DD4:472007, key_0000000000045DCD, key_000000000004582A, key_0000000000046896:472007, key_0000000000045066, key_0000000000045DD0, key_000000000004582F, key_000000000004582E, key_000000000004697C:471611, key_000000000004582C, key_0000000000045831, key_0000000000045DB4, key_0000000000044FE3:471923, key_0000000000044CF2:471928, key_0000000000045DBF, key_0000000000046B7F:471801, key_0000000000045DBC, key_0000000000045DBA, key_0000000000044E20:471923, key_000000000004583F, key_0000000000045DE2, key_0000000000044E0E:472007, key_00000000000465FE, key_0000000000045D71:471959, key_0000000000045038, key_0000000000045847, key_0000000000044B14:471973, key_000000000004646E:471866, key_0000000000045846, key_0000000000045DEB, key_000000000004503E, key_000000000004597C:471894, key_00000000000458DB:471801, key_000000000004584E, key_0000000000045014:471611, key_0000000000045DF0, key_0000000000046BAD:471695, key_0000000000045032:471894, key_0000000000045023, key_0000000000045DD1, key_0000000000045852, key_0000000000045857, key_00000000000464AB:471928, key_0000000000045DDC, key_00000000000461AD:471923, key_00000000000465F3, key_0000000000044663:62289, key_000000000004585F, key_0000000000045686:471866, key_0000000000045DE0, key_000000000004617D:471866, key_0000000000045032, key_0000000000046715:471866, key_000000000004591C, key_000000000004570A:471251, key_0000000000045010, key_000000000004500C, key_000000000004500D, key_000000000004500B, key_000000000004603A:471973, key_0000000000045FF6:471973, key_0000000000045476:471923, key_0000000000045242:471923, key_0000000000045002, key_00000000000469BC:472007, key_0000000000045008, key_00000000000455F8:471928, key_0000000000045007, key_0000000000045006, key_000000000004590B, key_000000000004590D, key_0000000000045020, key_000000000004501B, key_0000000000045909, key_00000000000453BE:471569, key_0000000000045900, key_0000000000045902, key_0000000000045906, key_0000000000045012, key_0000000000045014, key_000000000004623A:471894, key_0000000000045D08, key_000000000004593A, key_00000000000468DC:471959, key_00000000000452C6:471959, key_0000000000045C4D:471973, key_0000000000044F74:472007, key_0000000000046BFC:471328, key_0000000000045502:471959, key_0000000000045936, key_0000000000045CAB:471923, key_00000000000448DC:471928, key_0000000000045932, key_0000000000045930, key_0000000000046085:471928, key_0000000000045182:471785, key_000000000004592D, key_0000000000044FAD:471923, key_00000000000462F3:471928, key_0000000000045D12, key_0000000000045D10, key_0000000000046CC3:471642, key_0000000000045929, key_0000000000044C95:471973, key_0000000000046626:470986, key_00000000000452A5:471611, key_0000000000046261:471973, key_000000000004630F:471959, key_0000000000044DA9:471973, key_0000000000046A4F:471973, key_0000000000044924:472007, key_0000000000046115:471866, key_0000000000046768:472007, key_00000000000456BE:471973, key_00000000000462CD:471835, key_0000000000044790:471894, key_0000000000044BE8:471923, key_0000000000045450:472007, key_0000000000046504, key_0000000000045CAA:472007, key_00000000000468B7:471973, key_0000000000045472:471835, key_0000000000046B5A:471569, key_00000000000465FE:471894, key_000000000004660D:472007, key_0000000000045126:471973, key_00000000000454C3:471959, key_0000000000045C9A:472007, key_00000000000451A9:471894, key_000000000004645B:471801, key_00000000000453DA:471973, key_0000000000045D5C:471695, key_0000000000044B9C:471928, key_0000000000044998:471928, key_0000000000046439:471973, key_0000000000045F11:401858, key_0000000000045605:471959, key_0000000000046980:471866, key_00000000000454BA:471973, key_00000000000462A9:471923, key_000000000004672E:471785, key_0000000000045D9B:471611, key_0000000000046047:471959, key_0000000000044AFF:471959, key_0000000000046BAC:472007, key_0000000000046204:471959, key_0000000000044F1C:471928, key_0000000000046533, key_00000000000467A0:471866, key_00000000000466D8:471973, key_0000000000045D5C, key_0000000000044AAE:471959, key_0000000000044BB0:471928, key_0000000000045D6A, key_0000000000045488:471928, key_0000000000045166:471973, key_0000000000045F13:471801, key_000000000004653C, key_000000000004653B, key_0000000000045D63, key_000000000004653F, key_000000000004653E, key_0000000000045D68, key_0000000000046107:471866, key_0000000000044BFB:471923, key_0000000000045D71, key_00000000000456C5:471695, key_0000000000045D6D, key_0000000000045D6C, key_000000000004627B:471973, key_0000000000046544, key_0000000000045D7A, key_0000000000045D75, key_0000000000045D76, key_0000000000045D77, key_000000000004654F, key_0000000000045FBB:471923, key_0000000000046ABE:472007, key_0000000000045D83, key_0000000000046513, key_0000000000045FA1:471973, key_0000000000045D8A, key_000000000004582A:471835, key_0000000000044A36:471928, key_000000000004699E:471973, key_0000000000045D94, key_0000000000046529, key_0000000000046166:472007, key_00000000000446BE:471928, key_0000000000044BDC:471757, key_0000000000046520, key_0000000000046A14:471973, key_0000000000045D9B, key_0000000000045F4F:472007, key_000000000004652A, key_000000000004534D:471894, key_0000000000045D1E, key_0000000000045D1B, key_0000000000045C82:471801, key_00000000000458CD, key_000000000004657A, key_0000000000044709:471785, key_0000000000045D21, key_0000000000045D20, key_00000000000458D1, key_00000000000451EF:471801, key_00000000000458D3, key_0000000000044CBA:471959, key_0000000000046C4B:471923, key_00000000000458D8, key_0000000000046583, key_00000000000447D1:471463, key_0000000000046582, key_000000000004526A:471491, key_00000000000458BF, key_000000000004658B, key_000000000004658D, key_0000000000045D33, key_0000000000045D32, key_00000000000458C2, key_0000000000044C2A:471959, key_00000000000458C1, key_0000000000044CD3:472007, key_0000000000045D39, key_00000000000463BD:471894, key_00000000000461F8:472007, key_0000000000046594, key_00000000000459A3:471757, key_000000000004582E:471695, key_0000000000045D3E, key_0000000000046556, key_0000000000045D3A, key_00000000000458EA, key_000000000004653F:471928, key_0000000000045636:471757, key_00000000000455AB:471973, key_0000000000044B93:471923, key_0000000000045D42, key_000000000004655C, key_0000000000045F1F:471928, key_0000000000045900:471866, key_0000000000044E88:471923, key_000000000004495F:472007, key_00000000000458F7, key_000000000004544B:471959, key_000000000004472C:471923, key_00000000000458DC, key_00000000000458DB, key_0000000000046565, key_0000000000044DCC:471973, key_0000000000045D4D, key_0000000000045284:471959, key_00000000000446FA:472007, key_000000000004505D:471928, key_0000000000045D56, key_00000000000453FC:471959, key_0000000000044984:471959, key_000000000004656F, key_0000000000046693:472007, key_00000000000451B4, key_00000000000459C3, key_000000000004653B:471959, key_0000000000046BC5:471866, key_00000000000451AD, key_0000000000044F8E, key_000000000004480F:471866, key_00000000000457E1:472007, key_0000000000046945:471973, key_000000000004564C:471923, key_000000000004534C:471757, key_0000000000046AB2:471866, key_00000000000451A9, key_0000000000045747:471973, key_00000000000459D8, key_000000000004695A:471928, key_0000000000044DC3:471973, key_0000000000044B97:471894, key_00000000000446FD:472007, key_0000000000046355:472007, key_000000000004500C:472007, key_000000000004603F:471928, key_0000000000046B49:471959, key_0000000000045B80:472007, key_00000000000459A3, key_00000000000447F4:471928, key_0000000000044BB8:471973, key_00000000000451CF, key_0000000000045B54:471642, key_00000000000451D3, key_0000000000044A9A:471973, key_00000000000451D2, key_00000000000459B1, key_0000000000046B7C:471894, key_00000000000451C7, key_0000000000046BEE:471757, key_00000000000451C4, key_00000000000459B7, key_0000000000045684:471251, key_00000000000445EF:472007, key_0000000000044DEB:471894, key_00000000000451BE, key_00000000000451BD, key_0000000000045F53:471973, key_00000000000451C1, key_0000000000044E61:471894, key_00000000000466A8, key_0000000000044F12:471611, key_0000000000045748:471928, key_00000000000466A3, key_0000000000045956:471894, key_0000000000044A64:472007, key_0000000000044C14:471894, key_00000000000464A0:471973, key_0000000000046C06:469783, key_0000000000045FF2:471923, key_0000000000046053:471569, key_0000000000045BCB:471835, key_0000000000046B4E:471973, key_00000000000469B2:471928, key_000000000004654F:472007, key_0000000000045C9F, key_0000000000045C9D, key_0000000000045C9A, key_0000000000046867:471928, key_00000000000466C0, key_0000000000044BCA:471928, key_0000000000044C1B:471251, key_000000000004595E:471973, key_0000000000045C90, key_00000000000466BE, key_000000000004535C:472007, key_00000000000466BB, key_00000000000465D0:471959, key_000000000004623E:471785, key_00000000000466B8, key_0000000000045C8A, key_00000000000466B2, key_00000000000454A2:471973, key_00000000000464CA:471268, key_0000000000045C82, key_0000000000045C84, key_000000000004513D:472007, key_00000000000452BB:471866, key_00000000000466AB, key_0000000000045C7F, key_0000000000045C36:472007, key_0000000000045593:472007, key_00000000000466DA, key_00000000000466DC, key_0000000000044F0D, key_000000000004461F:471695, key_000000000004519B, key_0000000000045300:471463, key_00000000000466E2, key_00000000000466E3, key_00000000000466E6, key_0000000000044F12, key_00000000000452CB:471894, key_0000000000046102:471973, key_0000000000046709:471959, key_0000000000044F17, key_0000000000045906:471894, key_0000000000046565:471866, key_0000000000044F1C, key_000000000004518A, key_0000000000045F6D:471959, key_0000000000044996:471801, key_0000000000045CFF, key_00000000000466D2, key_00000000000466D6, key_0000000000044F25, key_00000000000466D9, key_0000000000046B6C:471928, key_00000000000466D8, key_0000000000044F26, key_0000000000045196, key_0000000000045C0F:471835, key_0000000000045198, key_0000000000044C9A:471894, key_00000000000466FF, key_0000000000044F2C, key_0000000000045983, key_00000000000466FB, key_0000000000045982, key_0000000000045CE3, key_0000000000045334:471569, key_0000000000045CEB, key_0000000000045989, key_0000000000045BF3:471973, key_0000000000044C65:472007, key_000000000004598D, key_0000000000045DBC:471959, key_000000000004598B, key_000000000004486F:472007, key_0000000000045CEC, key_000000000004598C, key_0000000000045CF2, key_0000000000044F3B, key_0000000000044F3C, key_00000000000466EE, key_0000000000044F3D, key_0000000000045CD6, key_000000000004685A:472007, key_0000000000045999, key_0000000000045806:471098, key_0000000000045CDF, key_0000000000044F45, key_0000000000044F4B:471894, key_0000000000045134:471866, key_0000000000045CDD, key_0000000000045AAB:471894, key_0000000000045CDB, key_00000000000466F2, key_00000000000447AA:471894, key_0000000000046583:471923, key_0000000000044F47, key_000000000004503E:471866, key_0000000000045966, key_00000000000454DD:471695, key_0000000000046490:471959, key_0000000000045CC1, key_0000000000045D08:471928, key_0000000000045158, key_0000000000045155, key_0000000000045CC4, key_0000000000044DAB:471695, key_0000000000045002:471973, key_0000000000044F4E, key_0000000000045965, key_000000000004605C:471757, key_0000000000045159, key_0000000000044F4B, key_0000000000044F57, key_0000000000045CCB, key_0000000000045F00:471973, key_0000000000044C8C:471973, key_0000000000044F55, key_000000000004596E, key_0000000000046468:471928, key_000000000004564F:471923, key_000000000004596B, key_000000000004514C, key_0000000000045145, key_0000000000045146, key_0000000000045972, key_0000000000045148, key_0000000000045974, key_0000000000045CB7, key_0000000000046C04:471928, key_0000000000045975, key_0000000000044F5F, key_0000000000045735:471928, key_0000000000045CB5, key_00000000000454F3:471923, key_0000000000046785:471894, key_0000000000044ACE:472007, key_000000000004514D, key_00000000000447A6:471923, key_0000000000044E25:471835, key_000000000004597A, key_000000000004573B:471959, key_0000000000044F65, key_0000000000045CBF, key_000000000004597C, key_0000000000044F66, key_0000000000045CBD, key_0000000000045C07:471894, key_000000000004517E, key_0000000000045A37:471959, key_0000000000044D18:471785, key_0000000000045943, key_0000000000045940, key_0000000000045CA2, key_0000000000045CBF:472007, key_0000000000045183, key_0000000000045182, key_0000000000044F77, key_0000000000046533:471611, key_0000000000045CAF, key_0000000000044F73, key_0000000000044F74, key_0000000000045CAB, key_0000000000044B77:471928, key_0000000000045CAA, key_0000000000046A89:471959, key_0000000000046C8D:471695, key_000000000004516E, key_0000000000045956, key_0000000000045957, key_0000000000044F7F, key_0000000000045953, key_0000000000045999:471866, key_0000000000045954, key_00000000000463ED:471801, key_0000000000045166, key_0000000000044F7A, key_0000000000044F7D, key_0000000000044F7C, key_00000000000467FE:471785, key_0000000000045173, key_00000000000454ED:471866, key_0000000000045176, key_0000000000045170, key_000000000004595E, key_0000000000045D3E:471463, key_0000000000044F86, key_00000000000449B8:471959, key_0000000000044F89, key_0000000000044C94:471973, key_000000000004516F, key_0000000000046A6D:471785, key_000000000004510F, key_0000000000045E89:471785, key_0000000000046664:471894, key_0000000000046C48:472007, key_000000000004572A:471894, key_0000000000045F59:471959, key_0000000000044941:471016, key_0000000000045102, key_0000000000045108, key_000000000004511E, key_0000000000046003:471785, key_000000000004511F, key_000000000004645E:471866, key_0000000000044E1F:471923, key_000000000004511B, key_00000000000462FD:471959, key_000000000004576C:471928, key_0000000000046A94:471959, key_00000000000451CF:471923, key_0000000000045118, key_0000000000045DA4:471959, key_0000000000044D1D:472007, key_0000000000045A1F:471973, key_0000000000046497:472007, key_0000000000044EC6:471973, key_0000000000045AE6:471923, key_00000000000463A2:471928, key_0000000000044D8A:471928, key_00000000000468C3:471928, key_0000000000045936:471973, key_0000000000045131, key_0000000000044D4C:471923, key_000000000004672A:471928, key_0000000000045130, key_000000000004479D:471923, key_0000000000044A78:471801, key_0000000000045126, key_00000000000462F8:471973, key_000000000004471B:471928, key_0000000000045957:471959, key_000000000004513D, key_0000000000044D69:471973, key_0000000000045902:472007, key_0000000000044B53:472007, key_00000000000455BC:471642, key_0000000000045140, key_0000000000044ECE:471835, key_0000000000045142, key_0000000000045143, key_0000000000045134, key_00000000000457EB:471569, key_0000000000045618:471959, key_0000000000045A6E:472007, key_00000000000450E6:471928, key_00000000000464A9:472007, key_0000000000045380:471923, key_000000000004545B:471923, key_000000000004522F:471973, key_0000000000044D86:471894, key_0000000000045444:471928, key_000000000004507C:471928, key_0000000000045F58:471928, key_000000000004660D, key_0000000000046AEC:471959, key_000000000004531F:471642, key_000000000004511E:472007, key_000000000004596B:471328, key_0000000000045E90:471928, key_00000000000468EA:471959, key_00000000000460FF:471959, key_0000000000045F3B:471973, key_0000000000046602, key_0000000000045007:471894, key_00000000000454D6:471928, key_00000000000449FC:471695, key_0000000000046A35:471928, key_0000000000045BFE, key_000000000004661C, key_0000000000045FDE:471894, key_0000000000044604:472007, key_0000000000045EF1:471973, key_0000000000045411:471866, key_0000000000045BFD, key_00000000000451FE:471959, key_0000000000046610, key_00000000000453FD:471695, key_0000000000045BF9, key_0000000000045E3A:471835, key_00000000000464D8:471894, key_00000000000466E2:471928, key_000000000004662A, key_00000000000453AA:471959, key_00000000000458F7:471923, key_0000000000046628, key_0000000000046626, key_0000000000045198:471801, key_0000000000045FCF:471801, key_0000000000045AA8:471695, key_00000000000453DD:471923, key_0000000000045C5E, key_00000000000456B5:471959, key_0000000000046630, key_0000000000045A00:472007, key_000000000004563D:471611, key_000000000004516E:471959, key_000000000004592D:471785, key_0000000000045C66, key_0000000000046891:471959, key_0000000000044FBF, key_00000000000454D4:471785, key_000000000004489B:472007, key_0000000000045C72, key_0000000000044FA4, key_0000000000044FAA, key_000000000004664F, key_0000000000045C75, key_000000000004664A, key_000000000004664C, key_0000000000045C77, key_00000000000463F2:471928, key_00000000000448F4:471973, key_0000000000045C78, key_0000000000044DEE:471866, key_0000000000045C7B, key_0000000000045C7C, key_000000000004581D:471973, key_0000000000044FAD, key_0000000000046AB0:471973, key_0000000000044DA1:471973, key_0000000000044FAC, key_0000000000045C3C, key_0000000000046652, key_0000000000045C3A, key_0000000000045C7F:471959, key_00000000000466D9:471973, key_0000000000045C3F, key_00000000000464BD:471928, key_0000000000045C44, key_0000000000045C42, key_0000000000045C49, key_000000000004665F, key_0000000000046A0D:472007, key_0000000000044FC0, key_0000000000046664, key_0000000000045C4E, key_0000000000045C4D, key_00000000000463F9:471569, key_0000000000046667, key_000000000004517E:471928, key_0000000000044FC6, key_0000000000046743:471973, key_0000000000046ADC:472007, key_0000000000044FC9, key_0000000000045C51, key_000000000004666A, key_000000000004666E, key_0000000000045C57, key_0000000000044FCB, key_000000000004465D:471973, key_0000000000046B6D:471959, key_0000000000044FC6:471894, key_0000000000044FF8, key_0000000000045C1E, key_0000000000045D21:472007, key_00000000000464C3:471098, key_0000000000046675, key_000000000004581A:471153, key_00000000000465A4:471973, key_00000000000457A9:471866, key_0000000000044BBE:471973, key_0000000000046178:471894, key_000000000004667E, key_000000000004667F, key_0000000000045C21, key_0000000000045C20, key_00000000000459FD, key_00000000000459FE, key_0000000000045C2E, key_0000000000045E18:471866, key_00000000000454EF:472007, key_0000000000044FE3, key_0000000000044FE2, key_00000000000450CF, key_0000000000044FE0, key_0000000000045C2B, key_0000000000046693, key_00000000000462C6:471928, key_0000000000046628:471928, key_0000000000045C36, key_0000000000044FEF, key_0000000000044FED, key_0000000000045C37, key_000000000004668E, key_000000000004668F, key_0000000000045C34, key_00000000000450D5, key_0000000000045C33, key_00000000000459EE, key_0000000000044D4F:471923, key_000000000004669D, key_0000000000044D43:471959, key_00000000000450DF, key_0000000000046697, key_0000000000044EBD:471548, key_00000000000459ED, key_0000000000045891:471973, key_0000000000045C07, key_00000000000450E6, key_0000000000045C05, key_00000000000453D2:471642, key_0000000000045C0F, key_00000000000450F2, key_00000000000450F5, key_00000000000457DE:471894, key_00000000000459DC, key_0000000000045C0D, key_0000000000044789:471923, key_00000000000459E5, key_00000000000450FF, key_000000000004463E:471973, key_00000000000450FD, key_0000000000045B6E, key_0000000000045B75, key_0000000000045884:471959, key_00000000000452B8, key_00000000000446B5:471973, key_0000000000044629:471923, key_00000000000455AE:471463, key_00000000000464DB:471757, key_0000000000044AC6, key_0000000000045B5D, key_0000000000045C90:472007, key_0000000000044AC3, key_0000000000044FE0:471894, key_0000000000046746:471923, key_0000000000045B69, key_0000000000044ACF, key_0000000000045231:472007, key_00000000000459D8:471801, key_00000000000452A5, key_0000000000046BD3:471785, key_0000000000044ACE, key_0000000000045B68, key_000000000004485D:471928, key_0000000000045B6A, key_0000000000045B6D, key_00000000000468C0:471959, key_00000000000452A9, key_0000000000044AF6, key_00000000000448B6:471835, key_0000000000044DB6:472007, key_0000000000044D17:472007, key_0000000000045B91, key_0000000000044AFB, key_0000000000045B96, key_00000000000460B4:471959, key_0000000000046772:472007, key_0000000000044AFE, key_0000000000044AFF, key_000000000004639A:471923, key_0000000000044D09:472007, key_0000000000044639:472007, key_0000000000046489:471835, key_0000000000044AE6, key_0000000000044AE5, key_00000000000466B8:471973, key_000000000004639A, key_0000000000045B80, key_0000000000044D2F:471973, key_000000000004639B, key_0000000000044AEA, key_00000000000461C9:471695, key_0000000000046137:471923, key_0000000000045B87, key_0000000000045B89, key_0000000000046871:470986, key_000000000004479E:471973, key_0000000000044AF3, key_0000000000045B8C, key_0000000000044B5C:471928, key_0000000000045F81:471928, key_0000000000045309:471237, key_000000000004631E:471928, key_00000000000452F3, key_00000000000453F1:471923, key_000000000004509D:471928, key_0000000000046387, key_0000000000046AF4:471835, key_00000000000452FB, key_000000000004666E:472007, key_0000000000046390, key_00000000000448D4:471695, key_00000000000452F7, key_00000000000452F8, key_0000000000044E6C:472007, key_000000000004637E, key_0000000000046AE7:471973, key_0000000000044B9A:471923, key_00000000000452EB, key_0000000000046386, key_0000000000044B35:471695, key_0000000000045A6F:472007, key_0000000000045148:471923, key_000000000004637F, key_00000000000452E7, key_00000000000455CC:471548, key_00000000000452E5, key_0000000000045EBD:472007, key_00000000000452D1, key_0000000000044849:471569, key_0000000000046367, key_0000000000045AF8:471785, key_00000000000452CB, key_0000000000045370:472007, key_0000000000046AB7:472007, key_0000000000045CEC:471548, key_00000000000452CF, key_0000000000044D12:471801, key_000000000004661C:472007, key_0000000000044AC0, key_00000000000452DB, key_0000000000044ABA, key_0000000000044ABE, key_00000000000452D9, key_00000000000459B1:471959, key_000000000004558C:471894, key_00000000000452C1, key_0000000000045C66:471695, key_0000000000046355, key_00000000000452BB, key_0000000000044AA0, key_00000000000449DF:471866, key_000000000004665F:471866, key_0000000000046357, key_0000000000044AA1, key_0000000000044AA6, key_0000000000046889:471894, key_0000000000046359, key_00000000000451BD:471894, key_00000000000452BE, key_00000000000452CA, key_00000000000452C4, key_00000000000452C2, key_00000000000452C6, key_0000000000044AAE, key_000000000004550C:471548, key_00000000000463E5, key_00000000000458D3:471894, key_000000000004597A:471959, key_00000000000455CE:471835, key_0000000000045B03:471923, key_0000000000044BD2:471928, key_00000000000463DC, key_00000000000454CC:472007, key_00000000000463E2, key_000000000004558F:471642, key_00000000000463D9, key_000000000004531A:471894, key_0000000000045634:471928, key_0000000000045297, key_00000000000469C3:471973, key_0000000000044DDE:471642, key_000000000004580B:471973, key_0000000000044E71:471923, key_0000000000044E43:471785, key_0000000000046C2B:472007, key_0000000000045BAD, key_0000000000044F7C:471894, key_00000000000463C9, key_0000000000045285, key_0000000000045284, key_0000000000045278, key_0000000000046328:471959, key_00000000000463BD, key_0000000000044C72:471801, key_0000000000045277, key_0000000000046B6B:471237, key_00000000000463BF, key_0000000000045BA7, key_0000000000044F47:471959, key_000000000004527D, key_000000000004527B, key_00000000000446D1:472007, key_00000000000463B4, key_0000000000046B69:471642, key_000000000004526E, key_0000000000044A69:471928, key_00000000000463B2, key_000000000004531D:471695, key_0000000000045269, key_000000000004526A, key_00000000000469A2:471785, key_0000000000046892:471611, key_000000000004658D:471894, key_0000000000045538:472007, key_0000000000045BCF, key_0000000000045BCB, key_00000000000463A1, key_000000000004540C:471491, key_00000000000463A2, key_000000000004673B:472007, key_00000000000445C7:471894, key_0000000000045C84:471695, key_000000000004639B:471894, key_0000000000044A7D, key_0000000000046A33:471959, key_0000000000044A78, key_0000000000044AFE:471923, key_0000000000046969:471894, key_0000000000044D1C:471973, key_0000000000044A71, key_0000000000045BB6, key_0000000000045343:471973, key_0000000000045BF3, key_00000000000452E5:471928, key_0000000000045BED, key_0000000000045E3D:471959, key_0000000000045BEA, key_0000000000044FC0:472007, key_00000000000469CF:471894, key_0000000000045CAF:471695, key_0000000000044797:472007, key_0000000000044A9A, key_0000000000044A9C, key_0000000000044A9E, key_0000000000045AF2:471801, key_0000000000045BE1, key_00000000000452D9:472007, key_0000000000045BDC, key_000000000004623B:471959, key_0000000000044FCB:471642, key_00000000000448DA:471491, key_0000000000045221:471757, key_0000000000044A93, key_00000000000454AB:471959, key_0000000000045542:471923, key_00000000000452F8:471973, key_0000000000045BD5, key_0000000000044A2A:472007, key_00000000000449DA, key_0000000000045AD5, key_0000000000044711:471894, key_0000000000046CBC:471959, key_0000000000045200, key_0000000000044A2A, key_0000000000045C37:471959, key_0000000000045D77:471973, key_000000000004666A:471923, key_0000000000045203, key_0000000000045204, key_0000000000044A2E, key_00000000000449DF, key_00000000000452F3:472007, key_0000000000044A36, key_00000000000447BE:471928, key_0000000000044A3A, key_0000000000045AE7, key_0000000000045AE6, key_0000000000045AE9, key_00000000000455B0:471973, key_0000000000045217, key_0000000000045C21:471642, key_0000000000045218, key_0000000000046598:471923, key_0000000000045AEC, key_00000000000449CE, key_0000000000045CB7:471835, key_000000000004630E:471959, key_0000000000044A43, key_0000000000044A44, key_0000000000045AEF, key_00000000000453AC:471928, key_0000000000044EED:471973, key_0000000000045AF0, key_00000000000449D5, key_0000000000044A4A, key_000000000004547E:472007, key_0000000000045AF2, key_00000000000449FD, key_00000000000449FC, key_0000000000045AF8, key_0000000000044A53, key_00000000000449FF, key_0000000000045E80:471928, key_0000000000044A50, key_0000000000045AFF, key_0000000000046386:471835, key_0000000000044A5A, key_00000000000456FA:471611, key_0000000000044A4A:471801, key_0000000000045909:471757, key_0000000000044A62, key_0000000000044A64, key_0000000000044A69, key_0000000000044A67, key_0000000000044A2E:471923, key_0000000000046AA9:471959, key_0000000000044A6B, key_0000000000046481:471959, key_0000000000046630:471928, key_0000000000044680:471959, key_00000000000462F2, key_000000000004524B, key_00000000000462F3, key_00000000000449AA:471801, key_00000000000462F5, key_00000000000462EE, key_0000000000044654:471548, key_0000000000045249, key_00000000000464DC:471785, key_00000000000449A4, key_00000000000462F2:471959, key_00000000000449A3, key_00000000000449A2, key_00000000000462FD, key_00000000000462F8, key_00000000000447E3:471923, key_0000000000045255, key_0000000000045DBA:471835, key_000000000004608A:472007, key_0000000000044759:471923, key_0000000000044A01, key_0000000000044A04, key_00000000000463F7:472007, key_0000000000045143:472007, key_0000000000044A05, key_0000000000045CC1:471959, key_00000000000462D3, key_00000000000468BF:471328, key_0000000000044AF6:471894, key_0000000000045229, key_000000000004565B:472007, key_0000000000044D9A:471835, key_0000000000044A0E, key_000000000004554E:472007, key_0000000000044A0F, key_0000000000045CF2:471923, key_00000000000449B9, key_0000000000044A0C, key_0000000000045B91:471757, key_00000000000462CC, key_0000000000044A0A, key_00000000000460FC:471928, key_0000000000045F67:471973, key_0000000000044A0B, key_00000000000462CD, key_0000000000045221, key_0000000000045CD6:471923, key_0000000000045231, key_000000000004549C:471973, key_000000000004522F, key_0000000000044A12, key_00000000000449A2:471785, key_00000000000449AA, key_0000000000044A20, key_00000000000449AE, key_00000000000450F2:471757, key_00000000000449A9, key_0000000000045239, key_00000000000457C1:471695, key_00000000000449B1, key_0000000000045242, key_00000000000449B3, key_000000000004668F:472007, key_0000000000044A29, key_00000000000449B8, key_0000000000045C78:471928, key_0000000000044A27, key_0000000000044A21, key_0000000000044A23, key_00000000000462E5, key_00000000000464C2:471894, key_000000000004637E:472007, key_0000000000044D6C:471959, key_0000000000045068:472007, key_0000000000046339, key_000000000004464E:472007, key_0000000000046337, key_000000000004634D, key_000000000004634E, key_000000000004634F, key_0000000000044A0C:471973, key_0000000000046351, key_0000000000046344, key_0000000000044E56:471894, key_0000000000044D4B:471835, key_000000000004695E:471866, key_00000000000454F1:471973, key_00000000000451D2:471928, key_00000000000452A9:471973, key_000000000004641D:471153, key_0000000000046449:471866, key_0000000000045B03, key_000000000004631E, key_0000000000044A3A:472007, key_0000000000045B00, key_0000000000046320, key_00000000000446DD:471959, key_0000000000046316, key_0000000000044677:471973, key_00000000000449FD:471866, key_0000000000046171:471923, key_0000000000044F4E:472007, key_00000000000466AB:472007, key_0000000000045F5A:471923, key_00000000000451FE, key_0000000000046A8F:467245, key_0000000000046ACD:471973, key_0000000000046328, key_0000000000045B0E, key_0000000000046321, key_00000000000451EF, key_0000000000045751:471894, key_0000000000044E35:471959, key_000000000004576B:471959, key_0000000000046329, key_000000000004546B:471973, key_00000000000456E8:472007, key_0000000000045B22, key_0000000000045B25, key_0000000000045B26, key_0000000000044A01:471835, key_0000000000044984, key_0000000000045B1A, key_0000000000044981, key_0000000000045B1D, key_000000000004497F, key_0000000000045B32, key_0000000000046255:471928, key_000000000004630F, key_0000000000045B39, key_000000000004630E, key_0000000000044FA4:471785, key_0000000000046307, key_000000000004582C:471463, key_00000000000455E5:471959, key_0000000000046302, key_000000000004626F:471835, key_0000000000046966:471959, key_0000000000045646:471695, key_0000000000045B42, key_00000000000457BB:471611, key_0000000000044724:471757, key_0000000000045E74:471866, key_0000000000046B31:471928, key_000000000004499C, key_0000000000045B54, key_0000000000046464:471959, key_00000000000458A5:471959, key_0000000000044998, key_0000000000045130:471973, key_0000000000044996, key_0000000000045B4C, key_0000000000045B4E, key_0000000000045A75, key_0000000000045A6F, key_00000000000453AA, key_00000000000453AB, key_0000000000045EDB:471928, key_00000000000453AC, key_0000000000046BB5:471928, key_000000000004552C:471611, key_0000000000045A7B, key_00000000000453B8, key_00000000000453B1, key_0000000000046AD7:471491, key_0000000000044B78:471928, key_00000000000453B0, key_00000000000466DA:471016, key_0000000000045F73:471695, key_00000000000460CA:471973, key_0000000000045140:471642, key_0000000000044DAD:471973, key_0000000000045020:471491, key_000000000004501B:471959, key_0000000000045A63, key_0000000000045A64, key_000000000004550E:471928, key_00000000000466C0:472007, key_0000000000046B26:471866, key_0000000000044D3F:471757, key_0000000000045B6D:472007, key_0000000000045A6E, key_0000000000044EBE:471153, key_00000000000453A1, key_00000000000447E6:471569, key_00000000000448C3:471611, key_00000000000453A4:471757, key_00000000000453A4, key_0000000000045A53, key_0000000000045FDD:471959, key_0000000000044E48:472007, key_0000000000046C23:471959, key_00000000000464C4:471923, key_0000000000044671:471928, key_0000000000045A5D, key_00000000000453DA, key_00000000000450FD:471866, key_0000000000045C57:471973, key_0000000000046091:471923, key_0000000000045F16:471757, key_00000000000453D6, key_00000000000453D2, key_0000000000045A56, key_00000000000453D5, key_0000000000045470:471757, key_00000000000469AF:471923, key_00000000000453BE, key_0000000000045217:472007, key_000000000004679E:471098, key_0000000000044C7F:169003, key_00000000000453C9, key_00000000000453C2, key_0000000000046489, key_0000000000044D13:471894, key_0000000000046486, key_0000000000044E9F:472007, key_00000000000453EE, key_00000000000453F1, key_00000000000453F4, key_0000000000045FEB:471959, key_0000000000044928:472007, key_0000000000045FA7:472007, key_0000000000046048:471785, key_0000000000046490, key_00000000000465BB:471894, key_0000000000045DF0:471959, key_00000000000453FC, key_00000000000453DD, key_00000000000453DB, key_0000000000045CDD:472007, key_00000000000458B3:471973, key_0000000000046697:471973, key_0000000000045312:471973, key_0000000000046CCD:471973, key_00000000000453E5, key_000000000004647F, key_0000000000044CDB:471959, key_00000000000453E7, key_0000000000045038:471973, key_0000000000046481, key_0000000000046124:471785, key_000000000004612A:471642, key_00000000000453B0:471785, key_00000000000453F4:471973, key_0000000000045389:472007, key_0000000000045A9F, key_0000000000046497, key_0000000000045601:471835, key_0000000000046498, key_00000000000453FD, key_00000000000450FF:471959, key_0000000000045A86, key_00000000000466DC:472007, key_0000000000045F3E:471959, key_0000000000045D10:471866, key_0000000000044D5D:471569, key_000000000004614D:471866, key_000000000004545F:471866, key_0000000000046A3A:471959, key_00000000000464E4, key_000000000004546A:471894, key_0000000000044EAC:472007, key_00000000000462EE:471098, key_00000000000464E2, key_0000000000045A7B:471973, key_00000000000464DC, key_00000000000464DB, key_000000000004547C:472007, key_0000000000044770:471569, key_0000000000046006:471959, key_0000000000046B8A:471866, key_00000000000461E0:471928, key_00000000000464D3, key_00000000000464D8, key_0000000000044EA5:471835, key_0000000000046513:446574, key_0000000000045C4E:471923, key_000000000004664C:471959, key_000000000004538E, key_00000000000464CD, key_0000000000045387, key_0000000000045196:471928, key_00000000000464CA, key_0000000000045389, key_0000000000045131:471928, key_0000000000045754:471973, key_0000000000045430:472007, key_0000000000045C72:471923, key_0000000000044E34:471973, key_0000000000044A5A:471928, key_00000000000458BF:471894, key_0000000000045E81:471569, key_0000000000046034:471835, key_0000000000045381:472007, key_0000000000045A5D:471866, key_00000000000469EA:472007, key_00000000000448D1:472007, key_00000000000464F9, key_0000000000045B22:471237, key_0000000000046BEF:471491, key_00000000000464A0, key_0000000000046413:471973, key_00000000000445DB:471923, key_0000000000044B8E:471894, key_00000000000465F3:472007, key_00000000000464A5, key_00000000000464A9, key_0000000000045AC5, key_0000000000045AC9, key_00000000000452EB:471928, key_0000000000044F25:471959, key_00000000000463E2:472007, key_0000000000046BCA:471928, key_000000000004464C:472007, key_0000000000045AAE, key_00000000000464C6, key_00000000000464C2, key_0000000000045AAB, key_00000000000464C4, key_00000000000464C3, key_0000000000046B96:471548, key_0000000000045158:472007, key_00000000000464BD, key_0000000000045AA8, key_0000000000045C51:471801, key_0000000000044EA8:471973, key_0000000000046B63:471153, key_0000000000046544:472007, key_00000000000447A2:471959, key_00000000000464B6, key_00000000000460C2:471928, key_00000000000464B0, key_0000000000044DE9:471866, key_0000000000045521:471923, key_00000000000464B9, key_00000000000469C1:472007, key_00000000000464AB, key_0000000000045BA7:471642, key_0000000000045F3C:471928, key_0000000000046176:471894, key_0000000000045309, key_000000000004610F:471973, key_0000000000045300, key_0000000000046990:471973, key_0000000000044A6B:472007, key_0000000000045F05:471928, key_000000000004530D, key_0000000000046C13:472007, key_0000000000045882:472007, key_00000000000462C7:472007, key_0000000000045318, key_0000000000045312, key_000000000004531D, key_000000000004531F, key_00000000000451C4:472007, key_0000000000045078:471923, key_000000000004531A, key_0000000000046A71:471923, key_0000000000045C20:471894, key_00000000000457F8:472007, key_0000000000045B1A:471928, key_0000000000046504:472007, key_00000000000447E8:471973, key_0000000000046AD0:471835, key_0000000000046790:472007, key_0000000000044F0D:471959, key_00000000000460D2:471801, key_000000000004582F:471973, key_0000000000044A23:471801, key_0000000000045334, key_0000000000044BBA:472007, key_000000000004526E:471923, key_000000000004533A, key_0000000000044A0F:471923, key_0000000000045B96:471959, key_00000000000463ED, key_0000000000045343, key_0000000000046A16:471959, key_00000000000463F2, key_0000000000046C8C:471923, key_000000000004536E:471835, key_00000000000463F0, key_00000000000463F9, key_0000000000045F9E:471928, key_0000000000044F77:472007, key_000000000004534D, key_00000000000463F7, key_000000000004534C, key_0000000000045358, key_0000000000044906:471835, key_0000000000045358:471894, key_00000000000453D5:472007, key_000000000004535C, key_000000000004535E, key_0000000000045360, key_00000000000448F0:471973, key_0000000000044B95:472007, key_0000000000045364, key_0000000000045641:471923, key_0000000000044B9D:471835, key_0000000000045CDF:471894, key_000000000004536C, key_0000000000046427:471928, key_000000000004536B, key_0000000000045249:472007, key_000000000004536E, key_00000000000453A1:471801, key_000000000004580D:471923, key_0000000000045370, key_0000000000045176:471923, key_0000000000044710:471463, key_000000000004537E, key_0000000000046B78:471757, key_0000000000045380, key_0000000000045381, key_0000000000045F40:471923, key_0000000000045B89:471785, key_0000000000046873:471959, key_0000000000044649:471928, key_0000000000045318:471973, key_0000000000045E17:471928, key_0000000000045F06:472007, key_000000000004484B:471928, key_000000000004589B:471959, key_0000000000046439, key_0000000000046438, key_0000000000045F20:471835, key_0000000000046436, key_000000000004476D:472007, key_0000000000046431, key_0000000000046452, key_0000000000044E41:471973, key_0000000000045E58:471894, key_000000000004644C, key_0000000000046AEE:471928, key_000000000004584E:472007, key_0000000000044E54:471328, key_0000000000046011:471973, key_00000000000460CF:472007, key_0000000000044AF3:471973, key_0000000000046449, key_0000000000045AF0:471785, key_0000000000046444, key_0000000000046B74:471894, key_0000000000046461, key_00000000000459E5:472007, key_00000000000455D3:471757, key_000000000004645E, key_00000000000464CD:471973, key_000000000004629D:472007, key_00000000000454FC:472007, key_0000000000045AC9:472007, key_00000000000446F1:471973, key_000000000004645B, key_000000000004645A, key_0000000000044A0B:472007, key_0000000000045C3C:471923, key_0000000000045AFF:471928, key_0000000000044713:471959, key_0000000000046470, key_0000000000046472, key_000000000004646E, key_0000000000046747:471757, key_000000000004646F, key_0000000000046464, key_0000000000044CA4:471866, key_0000000000045FB0:471959, key_0000000000046468, key_0000000000045A26, key_00000000000464C6:471894, key_000000000004471F:471923, key_0000000000044A29:471973, key_00000000000448A2:472007, key_0000000000044D9C:471801, key_0000000000045A1F, key_0000000000045A1C, key_0000000000045A53:471894, key_000000000004695F:472007, key_00000000000468CD:472007, key_0000000000045A37, key_0000000000045E7D:471894, key_0000000000045C0D:472007, key_0000000000046112:471959, key_0000000000044FED:471973, key_0000000000044DCE:472007, key_00000000000466BB:471894, key_0000000000046CC9:471785, key_0000000000044E55:471463, key_0000000000044E8D:471928, key_0000000000045A03, key_0000000000045A00, key_0000000000046079:471959, key_000000000004641D, key_0000000000045A08, key_0000000000045BF9:471928, key_00000000000469A3:471866, key_0000000000044CD7:471569, key_0000000000046667:472007, key_0000000000045067:471801, key_0000000000046413, key_0000000000044EDD:471928, key_00000000000463D9:471695, key_0000000000044DBC:471973, key_0000000000044CD5:471894, key_0000000000044F17:471973, key_00000000000457A5:472007, key_000000000004476F:471959, key_00000000000454A6:471959, key_0000000000044E68:471959, key_0000000000045D32:471959, key_0000000000046427, key_00000000000449A4:472007, key_0000000000045758:471328, key_00000000000462D3:472007, key_0000000000044AC6:471785, key_0000000000045142:471923, key_0000000000045822:471866, key_0000000000044DD3:471785, key_0000000000045E49:471866, key_00000000000447E6, key_0000000000045A86:471757, key_0000000000046231, key_0000000000044899:471923, key_0000000000046357:471959, key_000000000004652A:471866, key_00000000000447E8, key_00000000000454A6, key_00000000000454A2, key_00000000000447E2, key_000000000004622E, key_00000000000453EE:471928, key_00000000000447E3, key_0000000000045C44:471785, key_00000000000447CF, key_00000000000447CD, key_000000000004567A:472007, key_00000000000454AB, key_0000000000046212, key_0000000000046213, key_00000000000455CF:471801, key_0000000000046296:471959, key_0000000000046701:472007, key_0000000000045D12:471923, key_00000000000454B9, key_000000000004621F, key_00000000000447D0, key_00000000000447D3, key_0000000000044F26:471642, key_000000000004621A, key_00000000000447D4, key_00000000000447D1, key_0000000000044A9E:471801, key_0000000000046200, key_0000000000046204, key_00000000000458A1:472007, key_00000000000461B1:471973, key_000000000004620E, key_0000000000046A4E:471959, key_0000000000045255:471866, key_0000000000045975:471695, key_000000000004600A:472007, key_0000000000044C71:471801, key_0000000000046AEF:471835, key_00000000000447F8, key_00000000000447F4, key_00000000000456D8:471959, key_0000000000045929:471757, key_0000000000044981:471959, key_0000000000045278:471866, key_0000000000045BCF:471923, key_0000000000044637:471866, key_0000000000044C0A:472007, key_000000000004511F:471959, key_0000000000046B04, key_0000000000046B02, key_000000000004540F:471785, key_0000000000045A26:472007, key_0000000000044B45:472007, key_0000000000045551:471928, key_00000000000463F0:471959, key_000000000004537E:471928, key_0000000000044888:471923, key_0000000000045B4C:471973, key_0000000000046291:471491, key_0000000000045B5D:471973, key_0000000000045D1E:471973, key_0000000000045239:471959, key_0000000000044DBD:472007, key_0000000000046A2B:471894, key_0000000000044806:471928, key_0000000000046C67:471959, key_000000000004466F:471959, key_0000000000046B02:471973, key_0000000000044F86:471973, key_000000000004692F:471973, key_0000000000044CA2, key_0000000000044DD1:471866, key_0000000000044CA4, key_0000000000044B67:471973, key_0000000000044CA7, key_0000000000044CA8, key_0000000000045FF5:472007, key_00000000000467D2:471785, key_0000000000046351:471973, key_0000000000045E88:471973, key_00000000000449B9:471695, key_0000000000044CAD, key_0000000000046B26, key_0000000000044BC2:471959, key_0000000000044CAF, key_0000000000044AEA:471959, key_0000000000045146:471959, key_0000000000044C59:471973, key_0000000000044CBA, key_0000000000045972:471866, key_0000000000044CBF, key_0000000000046B15, key_00000000000458CD:471928, key_00000000000447A4:471973, key_000000000004486A:471548, key_0000000000046444:472007, key_000000000004596E:471928, key_0000000000045600:472007, key_00000000000469D1, key_0000000000046ABE, key_000000000004682A:471268, key_00000000000469CE, key_000000000004468D:471928, key_00000000000469CF, key_00000000000459EE:471959, key_0000000000046AB7, key_0000000000046AB4, key_0000000000044CC1, key_0000000000046AB2, key_0000000000044E70:471959, key_0000000000046AB0, key_000000000004689B:471491, key_0000000000044CDA, key_0000000000045277:471611, key_0000000000044CDB, key_00000000000468A6:471973, key_0000000000046AAE, key_0000000000046339:472007, key_00000000000466FF:471801, key_0000000000046AA9, key_0000000000044CD5, key_0000000000044CD7, key_0000000000044CD3, key_000000000004480F, key_00000000000469B3, key_00000000000469B6, key_0000000000044CF2, key_0000000000044A0E:471894, key_00000000000447CD:471959, key_0000000000046913:472007, key_0000000000044ABA:471959, key_000000000004634E:471866, key_0000000000046762:471801, key_0000000000044808, key_00000000000469B2, key_0000000000044806, key_0000000000045401:471959, key_0000000000045108:471973, key_0000000000044803, key_0000000000044802, key_00000000000469AF, key_00000000000458C2:471928, key_0000000000046ADC, key_00000000000448FE:471928, key_000000000004530D:471959, key_00000000000454FC, key_0000000000046AD7, key_0000000000044CE7, key_00000000000460B7:471959, key_0000000000045F5F:471548, key_0000000000046AD0, key_0000000000044E63:471973, key_000000000004674A:471973, key_0000000000045F54:472007, key_00000000000461F9, key_0000000000046ACD, key_00000000000461F8, key_00000000000469C3, key_00000000000469C1, key_00000000000469BC, key_0000000000046AC4, key_00000000000469BB, key_0000000000044CF7, key_00000000000454E8, key_00000000000454E7, key_00000000000461E8, key_00000000000459C3:471959, key_000000000004482B, key_000000000004620E:472007, key_0000000000046099:471923, key_00000000000452D1:471973, key_0000000000045C75:471894, key_00000000000462AB:471695, key_00000000000454DD, key_00000000000454DC, key_00000000000456EA:471959, key_00000000000461E1, key_00000000000461E0, key_0000000000045815:471959, key_0000000000044965:471894, key_00000000000454F3, key_00000000000461D8, key_00000000000454F4, key_0000000000046AEF, key_000000000004481A, key_0000000000046AF4, key_0000000000045511:472007, key_0000000000044EA2:471928, key_0000000000045677:471757, key_0000000000044F3C:472007, key_00000000000454EF, key_0000000000046AE9, key_0000000000044854:471835, key_0000000000046AE7, key_00000000000454ED, key_0000000000046AEE, key_00000000000461D2, key_0000000000046AEC, key_00000000000454F1, key_0000000000045461:471894, key_000000000004484B, key_00000000000454C3, key_00000000000459B7:471923, key_00000000000454C6, key_000000000004576E:471866, key_00000000000454C7, key_00000000000461C9, key_0000000000046390:471801, key_0000000000046520:471928, key_00000000000451B4:471894, key_0000000000044802:471866, key_00000000000454BA, key_00000000000461BE, key_00000000000469EA, key_000000000004586A:471923, key_00000000000469EE, key_0000000000044849, key_0000000000044847, key_000000000004516F:471757, key_0000000000046196:471973, key_00000000000454D4, key_0000000000046799:471928, key_0000000000045269:472007, key_00000000000461B9, key_00000000000454D6, key_0000000000045AD5:471835, key_0000000000046470:471959, key_0000000000045364:471894, key_00000000000461BA, key_0000000000045857:471973, key_00000000000469FB, key_00000000000461AD, key_00000000000454CC, key_0000000000045B8C:471801, key_00000000000461AC, key_0000000000044832, key_0000000000046149:471959, key_0000000000045155:471923, key_0000000000044833:472007, key_0000000000044837, key_00000000000464B9:471973, key_0000000000044833, key_00000000000461B1, key_00000000000457C9:471973, key_0000000000044834, key_0000000000044835, key_0000000000045BD5:471894, key_0000000000044736, key_0000000000046C42:471866, key_0000000000045411, key_00000000000462AB, key_0000000000045E82:471928, key_00000000000462AE, key_0000000000045415, key_000000000004541F, key_00000000000453C9:471801, key_0000000000046924:471894, key_000000000004466E:471835, key_00000000000462B3, key_000000000004482B:471328, key_000000000004541B, key_0000000000045940:471923, key_0000000000045407, key_000000000004495B:471785, key_0000000000045401, key_0000000000045B26:471866, key_0000000000045403, key_000000000004540F, key_000000000004685D:472007, key_00000000000445FA:471973, key_00000000000462C6, key_00000000000457CE:471959, key_0000000000044E31:472007, key_00000000000462C7, key_000000000004540C, key_0000000000044759, key_0000000000045F7D:471153, key_0000000000045BDC:471835, key_0000000000045091:471894, key_0000000000045690:471695, key_00000000000447E2:471894, key_00000000000460D5:471923, key_000000000004475F, key_0000000000046A4C:471923, key_000000000004475B, key_0000000000044C34:471973, key_0000000000044A67:471928, key_0000000000046756:471973, key_0000000000044767, key_0000000000044DD0:471973, key_00000000000463B2:471695, key_0000000000045145:471973, key_0000000000045651:471923, key_0000000000044703:471959, key_0000000000045D20:471928, key_00000000000462A9, key_000000000004699E, key_000000000004476D, key_000000000004476F, key_0000000000044775, key_0000000000044770, key_0000000000046859:472007, key_00000000000469A0, key_00000000000469A3, key_00000000000469A2, key_0000000000044ACF:471923, key_000000000004541B:471959, key_0000000000044A44:471928, key_00000000000469A8, key_0000000000044E53:471695, key_0000000000045726:472007, key_0000000000044789, key_0000000000045A1C:471785, key_0000000000045DE0:472007, key_0000000000046231:472007, key_0000000000046200:471894, key_00000000000467AC:471695, key_0000000000044790, key_0000000000046BF6:471894, key_00000000000457CF:471959, key_0000000000044792, key_0000000000044C1B, key_0000000000046A58:471923, key_00000000000464E2:471463, key_0000000000044797, key_000000000004479E, key_000000000004479D, key_0000000000044C24, key_0000000000046BAD, key_00000000000446CE:471928, key_0000000000046BAC, key_00000000000446E8:472007, key_0000000000044C0A, key_0000000000046BB7, key_0000000000046BB5, key_000000000004510F:472007, key_00000000000448F1:472007, key_0000000000044C43:472007, key_0000000000044C14, key_0000000000044C11, key_00000000000459ED:471642, key_0000000000046BC1, key_0000000000045DD0:471785, key_0000000000044C49, key_0000000000045360:471973, key_00000000000466E6:471973, key_000000000004549F, key_0000000000044C43, key_0000000000046BB7:471928, key_00000000000453E5:471959, key_000000000004629D, key_0000000000046945, key_00000000000445F1:472007, key_000000000004549C, key_0000000000046B31, key_0000000000046761:471894, key_0000000000046943, key_0000000000044EC3:471611, key_0000000000044C33, key_0000000000046B46, key_0000000000046B49, key_0000000000044C34, key_0000000000045C3A:472007, key_000000000004548D, key_0000000000045488, key_0000000000044C2A, key_00000000000449B3:472007, key_0000000000046AE9:471928, key_0000000000045486, key_00000000000468FA:471866, key_00000000000454E8:471801, key_0000000000046B5A, key_0000000000046285, key_0000000000046284, key_0000000000046282, key_000000000004692F, key_0000000000045480, key_0000000000045B32:471959, key_000000000004547E, key_0000000000044C64, key_0000000000044C65, key_0000000000046B53, key_0000000000045480:471973, key_0000000000046B52, key_000000000004547C, key_000000000004627B, key_0000000000044B2E:471928, key_0000000000046924, key_0000000000046923, key_0000000000045476, key_0000000000046B4E, key_0000000000046B6B, key_0000000000046296, key_0000000000046B6C, key_0000000000045472, key_0000000000046B6D, key_0000000000045471, key_0000000000045470, key_0000000000046026:471973, key_0000000000046291, key_00000000000467FC:471757, key_0000000000044C59, key_0000000000044C56, key_0000000000045966:471866, key_00000000000467EA:471928, key_0000000000046B69, key_000000000004546A, key_0000000000046B63, key_0000000000046905:471959, key_000000000004628E, key_000000000004546B, key_0000000000046913, key_0000000000046213:472007, key_0000000000045F42:471757, key_0000000000045465, key_0000000000045466, key_0000000000046289, key_000000000004545B, key_0000000000046B78, key_0000000000045FF1:471928, key_000000000004545F, key_0000000000046793:471928, key_0000000000046177:472007, key_000000000004698E, key_0000000000046261, key_00000000000467CC:471923, key_0000000000046B7F, key_0000000000046990, key_0000000000046B7D, key_0000000000045461, key_0000000000044C8C, key_0000000000046B7C, key_0000000000045455, key_0000000000044C7F, key_0000000000046255, key_0000000000045AAE:472007, key_0000000000046989, key_0000000000044C81, key_000000000004598C:471973, key_0000000000046B74, key_000000000004544C, key_000000000004626F, key_0000000000045FCE:471923, key_000000000004669D:471928, key_000000000004697C, key_000000000004544B, key_0000000000045159:471894, key_00000000000448FC:471959, key_0000000000045E26:472007, key_0000000000046B8A, key_00000000000447A8, key_0000000000044FF8:471928, key_00000000000447A6, key_0000000000045450, key_00000000000447A4, key_0000000000045982:472007, key_0000000000046A34:471923, key_0000000000046980, key_00000000000447A2, key_0000000000045444, key_0000000000046B80, key_0000000000045668:471611, key_0000000000044C72, key_000000000004626E, key_0000000000044C71, key_0000000000045D4D:471959, key_00000000000450D5:471973, key_000000000004623E, key_000000000004696A, key_0000000000045CFF:471695, key_0000000000045932:471973, key_000000000004615B:472007, key_0000000000046966, key_0000000000045436, key_0000000000046964, key_0000000000045430, key_00000000000447AA, key_00000000000446D8:471785, key_000000000004623B, key_00000000000469A8:471973, key_000000000004623A, key_00000000000447AC, key_0000000000046B96, key_0000000000046969, key_000000000004695E, key_000000000004549F:471894, key_0000000000044C99, key_000000000004695A, key_00000000000447C7, key_0000000000044E87:471894, key_0000000000046253, key_00000000000447C5, key_00000000000447C4, key_0000000000044C9A, key_0000000000046C16:471695, key_000000000004695F, key_0000000000046244, key_0000000000046247, key_0000000000044C94, key_00000000000447BE, key_0000000000044C95, key_0000000000045831:471835, key_0000000000045ED2:471959, key_0000000000044B4A:472007, key_00000000000462AE:472007, key_000000000004598B:472007, key_0000000000044621:472007, key_0000000000046C06, key_0000000000045D6D:472007, key_0000000000046C04, key_0000000000046556:471328, key_00000000000455AB, key_00000000000455AE, key_0000000000045012:471801, key_00000000000467F9:471973, key_00000000000455B1, key_00000000000455B0, key_0000000000044F55:472007, key_00000000000455B5, key_0000000000045415:471866, key_0000000000046107, key_00000000000454E7:471973, key_00000000000455BC, key_0000000000045B75:471928, key_00000000000448FC, key_00000000000448FE, key_0000000000046102, key_0000000000044B93, key_0000000000044B95, key_0000000000044B90, key_00000000000469A0:471973, key_0000000000044F73:471923, key_00000000000446D4:471923, key_000000000004610F, key_0000000000044E7F:471973, key_000000000004610D, key_0000000000044B97, key_0000000000044BEF:471835, key_000000000004610C, key_000000000004610A, key_0000000000044B9C, key_0000000000044B9D, key_0000000000045074:471959, key_0000000000045DEB:472007, key_0000000000044B9A, key_0000000000046077:471973, key_00000000000455CE, key_00000000000455CF, key_00000000000455CC, key_00000000000448ED, key_00000000000455CB, key_000000000004485F:471973, key_0000000000045C9F:471973, key_0000000000046BF0:471959, key_00000000000448F0, key_00000000000448F1, key_00000000000455D5, key_0000000000044C81:471785, key_00000000000448F4, key_00000000000455D3, key_0000000000044ED3:472007, key_00000000000448F9, key_00000000000448F6, key_0000000000046100, key_000000000004619C:472007, key_000000000004671A:472007, key_0000000000045752:471973, key_0000000000046C42, key_0000000000046C3D, key_0000000000045070:471894, key_0000000000046C4B, key_0000000000046C48, key_00000000000452FB:471894, key_0000000000046C2B, key_0000000000046A88:471959, key_000000000004637F:472007, key_0000000000045864:471894, key_00000000000455B5:471959, key_00000000000461BA:471866, key_0000000000044BA9:472007, key_00000000000462E5:471923, key_0000000000046C1B, key_00000000000457BA:471973, key_000000000004572C:472007, key_0000000000045D6C:471866, key_0000000000046C23, key_0000000000045C34:471757, key_00000000000461AC:471153, key_00000000000448F9:471959, key_0000000000045E57:471928, key_0000000000044A50:472007, key_0000000000046CCE:471611, key_0000000000045CCB:471973, key_0000000000044686:471894, key_0000000000046C16, key_0000000000046C13, key_0000000000044BCA, key_0000000000044D88:471973, key_0000000000044B20:472007, key_0000000000044BD0, key_0000000000044A71:471923, key_0000000000046359:471695, key_0000000000046BF6, key_0000000000044BC2, key_000000000004678D:471923, key_00000000000458C1:471835, key_0000000000045EA0:471973, key_0000000000045006:472007, key_0000000000044928, key_0000000000044924, key_0000000000046BFC, key_00000000000460E5, key_0000000000044BDC, key_0000000000045436:471835, key_0000000000046BEE, key_0000000000046BEF, key_0000000000044919, key_0000000000046BF0, key_0000000000046247:472007, key_0000000000046187:472007, key_00000000000460DC, key_00000000000460DB, key_0000000000044BE2, key_0000000000044BD2, key_00000000000460CF, key_0000000000046A7F:471959, key_0000000000045407:471923, key_0000000000044910, key_00000000000460D5, key_00000000000460D2, key_0000000000045DD1:471866, key_000000000004490A, key_00000000000460DC:471959, key_00000000000468BA:471695, key_00000000000452C1:471928, key_000000000004524B:471959, key_0000000000045DE2:471959, key_0000000000046BD5, key_0000000000044BA0, key_000000000004573D:471642, key_0000000000044906, key_0000000000044BA9, key_0000000000045B4E:471548, key_0000000000044BBD, key_00000000000461E1:471642, key_0000000000044BBE, key_0000000000044BBA, key_00000000000453C2:472007, key_0000000000046BD3, key_00000000000460FF, key_00000000000460FC, key_0000000000045EC2:471959, key_0000000000044D1A:471785, key_0000000000046BC7, key_0000000000044BB6, key_0000000000044BB0, key_0000000000046BC5, key_0000000000046610:472007, key_000000000004578C:472007, key_0000000000046BCA, key_0000000000044BB8, key_000000000004586C:471695, key_0000000000044F66:471491, key_00000000000460AA, key_00000000000448ED:472007, key_00000000000455E1, key_0000000000044CA8:471835, key_00000000000455E8, key_00000000000455E5, key_00000000000455E6, key_0000000000046751:471866, key_0000000000044965, key_0000000000045BAD:471928, key_00000000000455DE, key_0000000000046C1B:471866, key_0000000000046498:472007, key_0000000000044AE5:471894, key_000000000004495F, key_0000000000045D76:471866, key_0000000000045965:471973, key_0000000000046B80:471959, key_000000000004495B, key_00000000000455F8, key_0000000000044958, key_0000000000046741:471866, key_0000000000044955, key_0000000000044956, key_00000000000455F0, key_00000000000451C1:471866, key_00000000000455EE, key_00000000000460CA, key_00000000000460CB, key_0000000000046582:471835, key_0000000000045A56:471894, key_00000000000446BF:471973, key_0000000000046289:471801, key_0000000000044BEF, key_00000000000460C8, key_00000000000460C2, key_0000000000045CBD:471923, key_00000000000465DE:471973, key_0000000000045EDF:471959, key_0000000000045875:472007, key_0000000000044BE8, key_0000000000045B68:471959, key_0000000000046344:471928, key_0000000000044941, key_00000000000455FD, key_0000000000045CB5:471894, key_0000000000044D90:471785, key_00000000000460B7, key_00000000000460B4, key_0000000000046594:471785, key_0000000000045B69:471959, key_00000000000460B2, key_0000000000044BFB, key_0000000000044939, key_000000000004672C:472007, key_00000000000466BE:472007, key_0000000000045511, key_0000000000046B53:471959, key_000000000004541F:471928, key_0000000000045519, key_0000000000045518, key_00000000000461BE:471835, key_0000000000044B54:471785, key_0000000000044B8A:471973, key_0000000000046316:472007, key_000000000004591C:471548, key_0000000000045501, key_0000000000045502, key_0000000000044883, key_000000000004679D:472007, key_00000000000453DB:471642, key_0000000000044888, key_0000000000045504, key_000000000004550C, key_00000000000462F5:471785, key_0000000000044B2A:472007, key_0000000000045CA2:471785, key_000000000004550E, key_0000000000044854, key_000000000004469A:471973, key_0000000000045538, key_0000000000044F3D:471973, key_00000000000466E3:472007, key_0000000000045D33:471973, key_000000000004485D, key_000000000004553A, key_00000000000455FD:471757, key_0000000000045DFC:471757, key_000000000004680F:471866, key_00000000000463B4:471866, key_000000000004485F, key_0000000000044B02:471894, key_0000000000045521, key_000000000004514C:236689, key_0000000000044861, key_000000000004486B, key_00000000000454C7:471785, key_00000000000461D2:471251, key_00000000000461A3, key_000000000004552C, key_000000000004486A, key_000000000004486F, key_0000000000045BEA:471959, key_00000000000457B1:472007, key_000000000004619C, key_00000000000448A3:471611, key_00000000000452B8:471642, key_0000000000046CC9, key_0000000000046CC3, key_000000000004562B:471923, key_000000000004481A:471695, key_0000000000046044:471237, key_00000000000449B1:471611, key_00000000000450CF:471923, key_0000000000044A62:471928, key_0000000000044B02, key_0000000000044B01, key_0000000000046CCE, key_00000000000455E8:471548, key_0000000000045771:471237, key_0000000000046CCD, key_0000000000044D59:471866, key_00000000000457DF:471959, key_00000000000461F9:471268, key_00000000000466A8:471801, key_00000000000448DF:472007, key_0000000000046140:471973, key_0000000000046486:472007, key_0000000000044899, key_0000000000046B7D:471835, key_00000000000458EA:471801, key_00000000000468BD:471491, key_0000000000044894, key_0000000000044DAE:471801, key_000000000004698E:471973, key_00000000000462B3:472007, key_000000000004489B, key_0000000000046CAF, key_0000000000046BC1:471928, key_000000000004670D:472007, key_0000000000046851:471959, key_00000000000464B6:471959, key_0000000000046CBC, key_00000000000468ED:472007, key_000000000004544C:472007, key_00000000000449AE:471801, key_00000000000446F8:471973, key_0000000000046C77, key_0000000000044B45, key_0000000000046166, key_0000000000046163, key_0000000000044B4A, key_00000000000455EE:471959, key_0000000000045B25:472007, key_0000000000046A24:472007, key_0000000000046158, key_0000000000044B3D, key_000000000004615B, key_0000000000044B38, key_0000000000045387:472007, key_0000000000044B35, key_00000000000447F8:472007, key_000000000004558F, key_0000000000046A73:471973, key_0000000000046C8C, key_00000000000448A3, key_000000000004609E:471973, key_0000000000045593, key_0000000000046C8D, key_0000000000046177, key_0000000000046176, key_00000000000448A2, key_0000000000045204:471973, key_0000000000046171, key_0000000000044832:471642, key_00000000000448A6, key_0000000000045066:471973, key_0000000000044614:472007, key_00000000000458B6:472007, key_0000000000046436:471491, key_000000000004500D:471757, key_0000000000045096:471801, key_0000000000044B2E, key_0000000000045954:471923, key_0000000000044B2A, key_000000000004558C, key_0000000000046C85, key_0000000000045953:471785, key_0000000000044B20, key_0000000000046771:471801, key_00000000000460CB:471866, key_0000000000046C54, key_0000000000044B24, key_0000000000046A1F:472007, key_0000000000044F65:472007, key_0000000000046A8A:472007, key_00000000000447D3:472007, key_0000000000046187, key_0000000000045D39:472007, key_0000000000044DC7:471923, key_0000000000046178, key_0000000000045F15:471835, key_0000000000046329:471973, key_000000000004585F:472007, key_000000000004617D, key_0000000000044D11:471959, key_0000000000046C67, key_0000000000046461:471866, key_000000000004601A:471835, key_0000000000044B14, key_000000000004659E:471928, key_000000000004535E:471611, key_0000000000046196, key_0000000000046C6D, key_000000000004486B:471928, key_0000000000045B6E:471928, key_000000000004618A, key_000000000004618F, key_0000000000044B69:471928, key_0000000000045102:471785, key_00000000000448D4, key_0000000000044B8E, key_00000000000446C3:471785, key_0000000000046120, key_0000000000044B8A, key_000000000004611F, key_00000000000448D1, key_0000000000045EBA:471835, key_000000000004519B:471959, key_0000000000046B04:471928, key_00000000000457F9:471835, key_0000000000046116, key_0000000000046115, key_0000000000045551, key_0000000000044DC9:472007, key_00000000000448CA, key_0000000000046112, key_0000000000046031:471923, key_00000000000468E9:471642, key_000000000004554E, key_0000000000046A90:471928, key_0000000000044B78, key_0000000000044B77, key_0000000000044B75, key_000000000004612F, key_00000000000448DF, key_0000000000044B73, key_0000000000044B71, key_000000000004612A, key_00000000000455B1:471923, key_0000000000046124, key_00000000000448DC, key_0000000000045542, key_00000000000448DA, key_00000000000448B6, key_0000000000046140, key_0000000000044C99:471973, key_0000000000046144, key_0000000000044B6C, key_0000000000045BE1:471835, key_0000000000044B67, key_0000000000046431:471928, key_000000000004613E, key_0000000000044B69, key_0000000000044B68, key_000000000004686F:471928, key_0000000000046C94, key_0000000000045574, key_0000000000044B5C, key_0000000000046137, key_0000000000046136, key_0000000000045203:472007, key_0000000000045F6C:471973, key_0000000000045F97:471928, key_00000000000455D5:471959, key_00000000000448C3, key_00000000000457C4:472007, key_00000000000448C2, key_0000000000044B54, key_0000000000044B53, key_0000000000044DEA:472007, key_00000000000448BF, key_0000000000044DFA:471835, key_00000000000453B8:471894, key_000000000004614D, key_00000000000447AC:472007, key_0000000000045564, key_00000000000448BA, key_0000000000044837:471548, key_0000000000046149, key_00000000000466A3:472007, key_0000000000045567, key_00000000000456A0, key_00000000000449D5:472007, key_0000000000044ECE, key_000000000004588F:471973, key_0000000000044ECD, key_0000000000045FFF, key_000000000004678A:471866, key_00000000000467DA:472007, key_000000000004462D:471923, key_0000000000044EC3, key_0000000000045FF6, key_00000000000445DB, key_0000000000045FF5, key_0000000000046387:471801, key_0000000000045FF2, key_0000000000045FF1, key_0000000000045C33:471894, key_0000000000044EC6, key_0000000000045FF9, key_000000000004497F:471923, key_0000000000044EDD, key_000000000004553A:471491, key_0000000000045F26:471695, key_0000000000045846:471894, key_0000000000046B52:471866, key_00000000000445D8, key_0000000000045455:471928, key_00000000000456B5, key_00000000000458D1:471894, key_0000000000044E6E:472007, key_00000000000456AC, key_0000000000044ED6, key_0000000000044A12:471785, key_0000000000044ED3, maxTxId, key_0000000000044775:471973, key_0000000000045819:471866, key_00000000000447A8:471757, key_00000000000451C7:471928, key_00000000000467E8:471463, key_0000000000044EED, key_0000000000044847:471959, key_0000000000044D02:471785, key_000000000004465C:472007, key_0000000000045898:471959, key_0000000000045465:472007, key_00000000000445FA, key_00000000000452DB:471959, key_0000000000046244:471959, key_000000000004655C:471959, key_0000000000045008:471866, key_000000000004561C:471928, key_00000000000445F1, key_00000000000455E6:471928, key_00000000000465E7:471959, key_00000000000452C2:471973, key_00000000000445EF, key_0000000000044F5F:472007, key_00000000000461A3:472007, key_00000000000458D8:471973, key_000000000004527D:471973, key_00000000000461D8:471835, key_0000000000046675:471801, key_0000000000044A05:471801, key_00000000000456E8, key_0000000000046849:471928, key_0000000000045BFE:471569, key_0000000000045A9F:471973, key_000000000004475F:471923, key_00000000000445D8:471866, key_0000000000044AC3:472007, key_0000000000044736:471835, key_0000000000046923:471928, key_0000000000046C85:471973, key_0000000000046285:471923, key_000000000004507E:471928, key_00000000000452F7:471923, key_00000000000456EA, key_0000000000045847:471959, key_0000000000044EAE, key_0000000000044EAF, key_00000000000467F9, key_00000000000468E4:471785, key_00000000000445C7, key_00000000000445C9, key_0000000000045B00:471785, key_00000000000456C1, key_000000000004590D:471251, key_00000000000456C0, key_0000000000045E5D:471928, key_00000000000467F5, key_00000000000456C5, key_0000000000044EAC, key_00000000000456BE, key_0000000000044EA5, key_0000000000044E90:472007, key_0000000000044EA8, key_00000000000467EA, key_00000000000467EE, key_0000000000044EA2, key_00000000000446AD:471973, key_0000000000044EBE, key_00000000000456D8, key_0000000000045D56:471959, key_000000000004598D:471959, key_000000000004583F:471866, key_0000000000044BE2:471959, key_0000000000044AC0:471973, key_0000000000044EBD, key_000000000004658B:471695, key_0000000000044EB7, key_00000000000467FC, key_00000000000467FE, key_000000000004688E:471611, key_000000000004600F:471923, key_00000000000467CC, key_00000000000453AB:471801, key_0000000000044894:471973, key_00000000000448F6:471959, key_00000000000459DC:471928, key_00000000000467D2, key_0000000000045D68:471959, key_0000000000045403:471894, key_0000000000046A6C:471866, key_00000000000467DA, key_0000000000044D93:471928, key_00000000000453B1:471463, key_0000000000045C8A:471959, key_00000000000467E6, key_000000000004621F:471923, key_00000000000455F0:471894, key_00000000000455DE:471928, key_00000000000446F3:471894, key_00000000000467E8, key_0000000000044CBF:471959, key_0000000000045739:471642, key_00000000000456FA, key_00000000000467AC, key_000000000004538E:471923, key_0000000000044B90:471928, key_0000000000044604, key_00000000000447C7:471835, key_0000000000045FA3, key_0000000000045FA1, key_0000000000045FA7, key_0000000000045010:220675, key_000000000004668E:471973, key_00000000000456AC:471973, key_0000000000045FAC, key_00000000000467C6, key_0000000000045687:471923, key_0000000000045FB9, key_00000000000461E8:471959, key_0000000000045930:471973, key_000000000004628E:471973, key_0000000000045FB7, key_0000000000044A9C:471923, key_0000000000045FAC:471973, key_000000000004463C:471928, key_0000000000046065:471835, key_0000000000045FB0, key_0000000000045FBB, key_0000000000045FBA, key_0000000000045567:471973, key_000000000004466A:471894, key_0000000000045B39:372924, key_0000000000045FC4, key_0000000000045FC2, key_000000000004618A:471923, key_00000000000447D0:471959, key_0000000000045486:471928, key_00000000000467A5, key_0000000000045FCF, key_00000000000457EC:471785, key_0000000000045FCE, key_00000000000467A0, key_0000000000045FD7, key_0000000000045D42:472007, key_0000000000044644:471923, key_00000000000457A6:471928, key_0000000000045FC4:472007, key_0000000000045716:471923, key_0000000000045805:471801, key_0000000000045FDD, key_0000000000045FDE, key_00000000000453E7:471923, key_0000000000044B6C:471973, key_0000000000046BC7:471959, key_0000000000045FE6, key_000000000004562F:471959, key_0000000000046116:471959, key_000000000004610A:472007, key_0000000000046529:471959, key_000000000004499C:471959, key_0000000000045FEB, key_000000000004684E:471835, key_0000000000045BED:472007, key_00000000000450F5:471928, key_0000000000045F73, key_0000000000044E41, key_0000000000045C2B:471923, key_000000000004561C, key_0000000000045AE9:472007, key_00000000000457AE:471801, key_0000000000044E43, key_0000000000044E48, key_0000000000045DF6:471894, key_0000000000045DB4:471695, key_0000000000045F6D, key_0000000000045F6C, key_000000000004609E, key_000000000004647F:471569, key_0000000000045618, key_0000000000045F61, key_0000000000044E31, key_0000000000044883:472007, key_0000000000045F67, key_0000000000044E35, key_0000000000044E34, key_0000000000045F5C, key_0000000000045F5A, key_0000000000045600, key_0000000000045CDB:471923, key_0000000000046750:471328, key_0000000000044E2B, key_0000000000045F5F, key_0000000000044A20:471928, key_0000000000044AE6:471973, key_0000000000045601, key_0000000000044E2E, key_0000000000045605, key_00000000000452C4:471757, key_0000000000044E68, key_00000000000452BE:471548, key_0000000000046081, key_0000000000044E63, key_0000000000045297:471928, key_0000000000045F97, key_0000000000044E61, key_0000000000046085, key_0000000000046079, key_0000000000045F8C, key_0000000000044E07:471757, key_00000000000455CB:471973, key_0000000000044B01:472007, key_000000000004607D, key_0000000000045639:471959, key_0000000000046091, key_0000000000044E55, key_0000000000044E54, key_0000000000044E56, key_0000000000045F88, key_000000000004679E, key_0000000000044E53, key_000000000004679D, key_0000000000046099, key_0000000000044835:471695, key_0000000000046095, key_0000000000045CC4:471835, key_0000000000046096, key_000000000004608A, key_0000000000046799, key_0000000000046796, key_0000000000045F7D, key_0000000000045F7B, key_0000000000045F81, key_0000000000045EFF:472007, key_0000000000044F7A:471959, key_00000000000448A6:471923, key_0000000000045504:471959, key_0000000000044F45:471959, key_0000000000044E03, key_0000000000046790, key_0000000000044E07, key_0000000000046793, key_000000000004565C, key_000000000004678D, key_000000000004565B, key_000000000004678A, key_00000000000452E7:471785, key_0000000000045651, key_0000000000046785, key_0000000000046788, key_00000000000465B8:472007, key_0000000000046781, key_0000000000046782, key_0000000000045FC2:471973, key_00000000000449CE:471785, key_0000000000045974:471973, key_00000000000446C5:471757, key_0000000000046989:472007, key_000000000004564C, key_000000000004564F, key_0000000000046774, key_0000000000045641, key_0000000000046752:471251, key_0000000000045F9E, key_0000000000046772, key_0000000000045646, key_0000000000046771, key_0000000000044E25, key_00000000000452CA:471757, key_000000000004563D, key_000000000004563B, key_0000000000046837:471928, key_0000000000044E20, key_000000000004590B:471973, key_0000000000046A50:471866, key_0000000000046C54:471835, key_0000000000045C2E:471973, key_0000000000045639, key_0000000000044E1F, key_0000000000045636, key_0000000000044BBD:471959, key_0000000000044956:471785, key_00000000000450A6:471959, key_0000000000045634, key_0000000000045C7C:471973, key_0000000000044E1B, key_0000000000046768, key_0000000000046762, key_0000000000045630, key_0000000000046832:471923, key_0000000000046761, key_00000000000465B2:471973, key_0000000000044CAF:471695, key_000000000004562F, key_0000000000046C77:471923, key_000000000004562B, key_00000000000454B9:471894, key_0000000000045A64:471973, key_000000000004527B:471928, key_0000000000045759:471237, key_0000000000046652:471866, key_00000000000446BC:471866, key_0000000000045628, key_0000000000044E0E, key_0000000000046756, key_0000000000046753, key_0000000000045AC5:471928, key_0000000000046752, key_0000000000046751, key_00000000000446DF:471923, key_0000000000044ABE:471923, key_0000000000046750, key_0000000000046741, key_0000000000045699, key_0000000000046746, key_0000000000046018, key_0000000000046743, key_0000000000044CE7:471801, key_000000000004593A:471835, key_0000000000046747, key_000000000004601B, key_000000000004601A, key_000000000004569C, key_000000000004569B, key_000000000004674A, key_000000000004601B:471973, key_0000000000045686, key_0000000000045685, key_0000000000045684, key_0000000000046026, key_0000000000046943:472007, key_0000000000045687, key_0000000000044FEF:472007, key_0000000000044F89:471959, key_00000000000456A0:471973, key_0000000000044FAA:471928, key_000000000004673B, key_000000000004470E:472007, key_0000000000046031, key_0000000000046032, key_0000000000045690, key_0000000000046034, key_00000000000458DC:471491, key_0000000000045677, key_0000000000045A75:472007, key_0000000000045C7B:471959, key_00000000000469EE:471928, key_000000000004567A, key_000000000004611F:471973, key_0000000000044E2B:471959, key_0000000000044CA7:472007, key_000000000004672C, key_0000000000045F13, key_000000000004672A, key_0000000000045F11, key_0000000000045F16, key_000000000004672E, key_0000000000045C9D:472007, key_0000000000045F15, key_0000000000045668, key_0000000000046006, key_0000000000046003, key_0000000000046A39:471923, key_000000000004600A, key_0000000000046212:471928, key_0000000000044B3D:471928, key_0000000000046715, key_000000000004600F, key_000000000004671A, key_0000000000045F00, key_00000000000465A1:471959, key_00000000000464F9:471959, key_0000000000046011, key_0000000000044A7D:471785, key_0000000000045F05, key_0000000000045F06, key_0000000000046709, key_000000000004605C, key_0000000000045DBF:471894, key_0000000000044E7F, key_0000000000046701, key_0000000000045FB9:471835, key_000000000004569B:471973, key_0000000000044B24:471928, key_000000000004670D, key_0000000000046065, key_0000000000045E7E:471959, key_0000000000044E87, key_0000000000044E88, key_0000000000045F1F, key_0000000000044E71, key_0000000000044E70, key_0000000000045F8C:471695, key_0000000000044E6C, key_0000000000045D7A:472007, key_0000000000046144:471923, key_0000000000044E6E, key_0000000000045F26, key_0000000000046077, key_0000000000045ED4:471928, key_0000000000045F20, key_00000000000469BB:471923, key_0000000000044CC1:471611, key_0000000000045F21, key_000000000004612F:471801, key_00000000000448CA:471959, key_0000000000045722:472007, key_000000000004603A, key_00000000000464A5:471757, key_0000000000045F4F, key_0000000000044E9F, key_000000000004578D:472007, key_0000000000045628:471801, key_0000000000046044, key_000000000004505B:471923, key_0000000000044613:471973, key_0000000000045F59, key_0000000000045F58, key_00000000000469CE:471923, key_0000000000045F55, key_0000000000045F54, key_0000000000045A63:471866, key_00000000000467EE:471973, key_0000000000046163:471928, key_0000000000045F53, key_000000000004603F, key_000000000004581B:471894, key_0000000000045090:472007, key_00000000000457DC:471268, key_0000000000044E90, key_0000000000045CE3:471959, key_0000000000045F3B, key_0000000000045F3C, key_0000000000045F3E, key_0000000000046047, key_0000000000046048, key_0000000000044E8D, key_0000000000045F3A, key_0000000000046053, key_0000000000045F48, key_0000000000045F40, key_000000000004604F, key_0000000000045F42, key_00000000000457A5, key_00000000000457A6, key_00000000000457A7, key_000000000004618F:471757, key_00000000000457A9, key_0000000000044C49:471973, key_0000000000046096:471835, key_0000000000045EFB, key_0000000000044DCC, key_0000000000045EFF, key_0000000000046A51:471695, key_0000000000045EEF:471928, key_0000000000044DCE, key_0000000000044DC7, key_0000000000044DC9, key_000000000004469B:472007, key_000000000004610C:471866, key_0000000000045FBA:472007, key_0000000000044CF7:471959, key_0000000000044DC3, key_0000000000044A21:472007, key_0000000000044CA2:472007, key_0000000000045C3F:471928, key_0000000000044626:471785, key_0000000000044DDE, key_00000000000447C4:471548, key_00000000000454DC:471785, key_00000000000457B1, key_00000000000457AE, key_000000000004472A:471973, key_0000000000044FAC:471894, key_0000000000044DD3, key_0000000000044DD0, key_0000000000044DD1, key_00000000000457AB, key_0000000000044DD4, key_00000000000457C9, key_0000000000046307:471959, key_0000000000044DAE, key_0000000000045699:471548, key_0000000000045EDF, key_0000000000044DAB, key_00000000000457C1, key_0000000000044DAD, key_00000000000457C4, key_0000000000045EDB, key_0000000000044DA9, key_00000000000458A7:471928, key_0000000000045894:471973, key_00000000000457BA, key_0000000000044DA1, key_00000000000446FA, key_0000000000045ED4, key_00000000000457BB, key_00000000000446FD, key_0000000000045ED2, key_0000000000045ED1, key_00000000000447CF:471894, key_0000000000045EF1, key_00000000000446F8, key_000000000004690C, key_00000000000446F3, key_0000000000044DBD, key_0000000000045EEF, key_00000000000446F1, key_0000000000044DBC, key_0000000000045D75:471959, key_0000000000044D74:472007, key_0000000000045C77:471785, key_0000000000046905, key_0000000000046906, key_000000000004565C:471928, key_0000000000044DB6, key_00000000000457CF, key_00000000000457CE, key_00000000000469FB:471923, key_00000000000446E4, key_00000000000467E6:471923, key_00000000000457E1, key_0000000000045118:471928, key_00000000000446E8, key_00000000000466EE:471973, key_00000000000446DD, key_00000000000457DC, key_0000000000045CEB:471491, key_00000000000457DE, key_00000000000457DF, key_0000000000046032:471491, key_00000000000446DF, key_00000000000451D3:471695, key_00000000000451AD:472007, key_00000000000446D4, key_0000000000044B73:471923, key_00000000000446D1, key_0000000000044F7F:471894, key_000000000004490A:471928, key_00000000000457F9, key_00000000000457F8, key_00000000000446D8, key_00000000000446CD, key_00000000000457EB, key_0000000000045056:471923, key_00000000000457EC, key_0000000000046282:471866, key_0000000000045B0E:471959, key_00000000000446CE, key_0000000000044CAD:471923, key_00000000000446C3, key_00000000000467A5:471973, key_0000000000044B68:471237, key_00000000000446C5, key_0000000000046A38:471973, key_0000000000046788:471923, key_0000000000044697:471894, key_00000000000449A9:471923, key_00000000000449A3:471959, key_00000000000446BC, key_00000000000446BE, key_0000000000045EFB:471785, key_0000000000045518:471153, key_00000000000446BF, key_0000000000045FFF:471801, key_0000000000045F7B:471973, key_00000000000446B1, key_00000000000446B5, key_0000000000046337:471923, key_0000000000046284:471973, key_0000000000045983:471569, key_00000000000446AD, key_000000000004613E:471923, key_00000000000453D6:471923, key_0000000000044724, key_0000000000044EB7:471785, key_00000000000468CD, key_0000000000044B38:471959, key_0000000000045AEC:471894, key_00000000000464E4:471894, key_000000000004472C, key_000000000004607D:471973, key_000000000004472B, key_000000000004472A, key_0000000000045C5E:471866, key_0000000000045F48:471757, key_0000000000046AB4:471757, key_0000000000044767:471491, key_0000000000044713, key_0000000000044C56:471923, key_000000000004511B:471959, key_0000000000046B15:471959, key_0000000000044710, key_0000000000044711, key_00000000000468DC, key_000000000004471F, key_00000000000468E9, key_000000000004471C, key_000000000004471B, key_0000000000044A27:471328, key_00000000000468E4, key_0000000000044703, key_0000000000046964:471973, key_0000000000046438:471923, key_00000000000468ED, key_0000000000044BB6:471548, key_00000000000468EA, key_0000000000045200:471785, key_00000000000464D3:471973, key_000000000004470E, key_000000000004462C:471973, key_0000000000044709, key_00000000000455E1:471973, key_000000000004536C:471801, key_00000000000468FE, key_00000000000468FA, key_0000000000046A8C:471894, key_00000000000448BA:471959, key_000000000004548D:471894, key_00000000000446E4:471894, key_0000000000044AA0:471757, key_00000000000449FF:471959, key_0000000000046AC4:471959, key_0000000000046136:471928, key_00000000000469D1:472007, key_00000000000463A1:471928, key_0000000000045EBA, key_0000000000045AE7:471695, key_0000000000045EBD, key_0000000000045EC2, key_0000000000044803:471894, key_0000000000044ECD:471973, key_00000000000463E5:471923, key_00000000000462CC:471959, key_0000000000045229:471928, key_00000000000463C9:471328, key_0000000000045FF9:471785, key_0000000000046081:471973, key_0000000000045B1D:471894, key_000000000004563B:471894, key_00000000000468A6, key_0000000000044DE8, key_0000000000044D31:471928, key_0000000000046472:471928, key_0000000000044FE2:471973, key_0000000000045808, key_0000000000045805, key_0000000000045806, key_0000000000044DE9, key_0000000000044DEE, key_0000000000045808:471801, key_0000000000044DEA, key_0000000000044DEB, key_00000000000465E4:471928, key_000000000004475B:471835, key_000000000004580D, key_000000000004580B, key_0000000000045173:471835, key_00000000000468B7, key_00000000000468BA, key_0000000000045EA0, key_0000000000044DFA, key_0000000000045819, key_00000000000468BF, key_00000000000468BD, key_0000000000045815, key_0000000000045EAD, key_00000000000468C3, key_0000000000045EAC, key_000000000004581A, key_00000000000446CD:472007, key_00000000000468C0, key_0000000000046253:471959, key_000000000004581C, key_000000000004581B, key_0000000000044A53:472007, key_0000000000045466:472007, key_000000000004581D, key_000000000004634D:472007, key_000000000004571F, key_0000000000044680, key_0000000000044D64:472007, key_0000000000045D8A:471928, key_0000000000044D43, key_0000000000045023:471866, key_00000000000452CF:472007, key_0000000000045E74, key_00000000000466FB:471785, key_0000000000045FB7:471928, key_0000000000045716, key_0000000000045713, key_0000000000044CDA:471801, key_0000000000044D3F, key_0000000000044671, key_0000000000044D3A, key_0000000000045943:471928, key_0000000000044677, key_0000000000045E6A, key_0000000000044A43:471923, key_0000000000044FC9:471928, key_000000000004570A, key_000000000004468D, key_0000000000045E63, key_0000000000044D31, key_0000000000045EAD:471923, key_0000000000044D2F, key_0000000000045F21:471801, key_0000000000046018:472007, key_0000000000046BD5:471866, key_000000000004468A, key_0000000000046AAE:471642, key_000000000004581C:471959, key_0000000000045E5D, key_0000000000045519:471973, key_0000000000044686, key_0000000000045713:471757, key_0000000000044D2A, key_000000000004626E:472007, key_0000000000045085:471973, key_00000000000466D2:472007, key_000000000004465D, key_0000000000044635:471923, key_000000000004465C, key_00000000000468FE:471973, key_000000000004573D, key_0000000000045E57, key_000000000004573B, key_0000000000045E58, key_0000000000045735, key_0000000000045739, key_0000000000044654, key_0000000000044D1C, key_000000000004533A:472007, key_0000000000045733, key_0000000000044D1D, key_000000000004656F:471928, key_0000000000044D1A, key_0000000000045755:472007, key_0000000000044D18, key_0000000000044D17, key_0000000000045E49, key_000000000004466E, key_000000000004466F, key_0000000000044D12, key_000000000004466A, key_0000000000044D11, key_000000000004572A, key_0000000000044D13, key_000000000004572C, key_0000000000044939:471973, key_000000000004667F:471923, key_0000000000045726, key_0000000000045218:471491, key_000000000004690C:471642, key_0000000000045E3A, key_000000000004622E:471923, key_0000000000045E3D, key_00000000000466D6:471866, key_0000000000045722, key_0000000000044663, key_0000000000044D02, key_00000000000463BF:471928, key_000000000004463C, key_000000000004688E, key_000000000004463E, key_0000000000046891, key_0000000000044D09, key_0000000000046892, key_0000000000045C49:471894, key_00000000000460DB:471569, key_0000000000045755, key_0000000000046889, key_0000000000045754, key_0000000000045751, key_00000000000464B0:471928, key_0000000000045752, key_000000000004461C:472007, key_000000000004664F:471923, key_0000000000044BA0:471959, key_000000000004667E:471894, key_0000000000044637, key_0000000000044635, key_0000000000045759, key_0000000000044639, key_0000000000045758, key_00000000000450AA:471642, key_0000000000045D83:472007, key_000000000004464C, key_000000000004464E, key_0000000000045DCD:472007, key_000000000004464F, key_000000000004662A:471866, key_0000000000046B46:471928, key_000000000004472B:471928, key_0000000000044808:471642, key_0000000000046873, key_0000000000046871, key_0000000000044644, key_00000000000467F5:472007, key_0000000000044649, key_0000000000044E2E:471928, key_0000000000044ED6:471959, key_0000000000045747, key_00000000000447D4:471923, key_0000000000045748, key_0000000000046602:471642, key_0000000000045D1B:472007, key_0000000000045FA3:471973, key_0000000000044C33:471642, key_0000000000045781, key_000000000004461F, key_000000000004461C, key_00000000000463DC:472007, key_0000000000045771, key_0000000000045BB6:471894, key_0000000000044F8E:471973, key_0000000000046A91, key_0000000000046A90, key_000000000004569C:471973, key_0000000000046A94, key_0000000000045E90, key_000000000004696A:471959, key_0000000000044614, key_0000000000044613, key_0000000000045E6A:471928, key_000000000004576C, key_000000000004462C, key_000000000004576B, key_0000000000045170:471923, key_000000000004576E, key_0000000000045E89, key_0000000000045733:471894, key_0000000000044C11:471928, key_0000000000045E88, key_0000000000045E63:471928, key_0000000000044B71:472007, key_000000000004462D, key_0000000000046896, key_0000000000044621, key_0000000000045E7E, key_0000000000045E7D, key_0000000000044910:471923, key_0000000000044958:471923, key_0000000000044629, key_0000000000045E82, key_000000000004689B, key_0000000000045E80, key_0000000000046320:471928, key_0000000000046A45:471695, key_0000000000044626, key_0000000000045E81, key_0000000000046A73, key_0000000000046849, key_0000000000045574:471695, key_0000000000046A71, key_0000000000046847, key_00000000000449DA:471928, key_0000000000045989:471098, key_0000000000046A7F, key_00000000000451BE:471866, key_0000000000046095:471928, key_0000000000045630:471959, key_0000000000045A08:472007, key_000000000004684E, key_0000000000045FE6:472007, key_000000000004681C:471785, key_0000000000046A88, key_0000000000046837, key_0000000000046832, key_0000000000044D85:472007, key_0000000000046A8F, key_0000000000045C05:471642, key_00000000000446A5, key_0000000000046812:471959, key_0000000000046A8A, key_0000000000046A8C, key_00000000000454F4:471894, key_000000000004578D, key_0000000000046A89, key_000000000004578C, key_0000000000046A50, key_0000000000046A51, key_0000000000046A4E, key_0000000000046A4F, key_00000000000447C5:471973, key_0000000000046867, key_0000000000045F5C:471548, key_0000000000045C1E:471923, key_0000000000045F55:471923, key_00000000000454C6:471491, key_0000000000045ED1:471835, key_0000000000046A58, key_0000000000045B87:472007, key_0000000000044AFB:471923, key_000000000004686F, key_0000000000045FD7:471894, key_0000000000044919:471973, key_0000000000044D90, key_0000000000046859, key_0000000000044D93, key_0000000000044694:472007, key_0000000000045BFD:471973, key_0000000000045183:471959, key_0000000000046851, key_00000000000469B6:471695, key_00000000000459FE:471923, key_0000000000046A6D, key_0000000000046A6C, key_0000000000044D9C, key_0000000000044D9A, key_0000000000046774:471928, key_000000000004685A, key_000000000004685D, key_0000000000044A93:472007, key_0000000000044AA6:471757, key_0000000000045863:472007, key_0000000000046A33, key_0000000000044C64:471866, key_000000000004610D:471923, key_0000000000044D88, key_000000000004471C:471866, key_0000000000044861:471959, key_0000000000046A38, key_0000000000045852:471959, key_0000000000046A39, key_0000000000045EAC:471959, key_0000000000044D85, key_0000000000044D86, key_0000000000046A34, key_0000000000046A35, key_0000000000044D8A, key_000000000004653C:471757, key_000000000004680F, key_0000000000046A3A, key_0000000000046A91:471973, key_0000000000046847:471894, key_0000000000044D6C, key_0000000000044EAF:471959, key_0000000000046782:471757, key_0000000000046A45, key_0000000000044D74, key_0000000000046A4C, key_0000000000045F3A:471642, key_0000000000045F61:471959, key_0000000000045E26, key_000000000004588D:471923, key_0000000000046A0D, key_0000000000044D5A, key_0000000000044697, key_0000000000044D5D, key_0000000000044694, key_000000000004469B, key_000000000004469A, key_0000000000046A14, key_0000000000044D64, key_000000000004645A:471959, key_0000000000046A16, key_000000000004682A, key_0000000000044D69, key_0000000000045E18, key_0000000000045E17, key_0000000000046906:472007, key_0000000000044C24:471959, key_0000000000044EAE:471928, key_0000000000045564:471928, key_0000000000044D4C, key_0000000000044D4B, key_0000000000046A1D, key_0000000000046302:471973, key_0000000000046A1F, key_0000000000044D4F, key_0000000000046812, key_000000000004646F:471569, key_00000000000448BF:472007, key_0000000000046CAF:471928, key_0000000000046A24, key_000000000004681C, key_0000000000044D59, key_000000000004514D:471973, key_0000000000046A2B]} GlobalTransaction:<deimos-esw-27773>:40519:remote is already rolled back
	at org.infinispan.transaction.RemoteTransaction.checkIfRolledBack(RemoteTransaction.java:138)
	at org.infinispan.transaction.RemoteTransaction.putLookedUpEntry(RemoteTransaction.java:73)
	at org.infinispan.context.impl.RemoteTxInvocationContext.putLookedUpEntry(RemoteTxInvocationContext.java:99)
	at org.infinispan.container.EntryFactoryImpl.wrapInternalCacheEntryForPut(EntryFactoryImpl.java:242)
	at org.infinispan.container.EntryFactoryImpl.wrapEntryForPut(EntryFactoryImpl.java:166)
	at org.infinispan.interceptors.EntryWrappingInterceptor$EntryWrappingVisitor.visitPutKeyValueCommand(EntryWrappingInterceptor.java:330)
	at org.infinispan.commands.write.PutKeyValueCommand.acceptVisitor(PutKeyValueCommand.java:80)
	at org.infinispan.interceptors.EntryWrappingInterceptor.visitPrepareCommand(EntryWrappingInterceptor.java:103)
	at org.infinispan.commands.tx.PrepareCommand.acceptVisitor(PrepareCommand.java:124)
	at org.infinispan.interceptors.base.CommandInterceptor.invokeNextInterceptor(CommandInterceptor.java:118)
	at org.infinispan.interceptors.locking.AbstractTxLockingInterceptor.invokeNextAndCommitIf1Pc(AbstractTxLockingInterceptor.java:108)
	at org.infinispan.interceptors.locking.OptimisticLockingInterceptor.visitPrepareCommand(OptimisticLockingInterceptor.java:135)
	at org.infinispan.commands.tx.PrepareCommand.acceptVisitor(PrepareCommand.java:124)
	at org.infinispan.interceptors.base.CommandInterceptor.invokeNextInterceptor(CommandInterceptor.java:118)
	at org.infinispan.interceptors.NotificationInterceptor.visitPrepareCommand(NotificationInterceptor.java:58)
	at org.infinispan.commands.tx.PrepareCommand.acceptVisitor(PrepareCommand.java:124)
	at org.infinispan.interceptors.base.CommandInterceptor.invokeNextInterceptor(CommandInterceptor.java:118)
	at org.infinispan.interceptors.TxInterceptor.invokeNextInterceptorAndVerifyTransaction(TxInterceptor.java:128)
	at org.infinispan.interceptors.TxInterceptor.visitPrepareCommand(TxInterceptor.java:115)
	at org.infinispan.commands.tx.PrepareCommand.acceptVisitor(PrepareCommand.java:124)
	at org.infinispan.interceptors.base.CommandInterceptor.invokeNextInterceptor(CommandInterceptor.java:118)
	at org.infinispan.interceptors.base.CommandInterceptor.handleDefault(CommandInterceptor.java:132)
	at org.infinispan.commands.AbstractVisitor.visitPrepareCommand(AbstractVisitor.java:126)
	at org.infinispan.statetransfer.TransactionSynchronizerInterceptor.visitPrepareCommand(TransactionSynchronizerInterceptor.java:58)
	at org.infinispan.commands.tx.PrepareCommand.acceptVisitor(PrepareCommand.java:124)
	at org.infinispan.interceptors.base.CommandInterceptor.invokeNextInterceptor(CommandInterceptor.java:118)
	at org.infinispan.statetransfer.StateTransferInterceptor.handleTopologyAffectedCommand(StateTransferInterceptor.java:216)
	at org.infinispan.statetransfer.StateTransferInterceptor.handleTxCommand(StateTransferInterceptor.java:189)
	at org.infinispan.statetransfer.StateTransferInterceptor.visitPrepareCommand(StateTransferInterceptor.java:93)
	at org.infinispan.commands.tx.PrepareCommand.acceptVisitor(PrepareCommand.java:124)
	at org.infinispan.interceptors.base.CommandInterceptor.invokeNextInterceptor(CommandInterceptor.java:118)
	at org.infinispan.interceptors.base.CommandInterceptor.handleDefault(CommandInterceptor.java:132)
	at org.infinispan.commands.AbstractVisitor.visitPrepareCommand(AbstractVisitor.java:126)
	at org.infinispan.commands.tx.PrepareCommand.acceptVisitor(PrepareCommand.java:124)
	at org.infinispan.interceptors.base.CommandInterceptor.invokeNextInterceptor(CommandInterceptor.java:118)
	at org.infinispan.interceptors.InvocationContextInterceptor.handleAll(InvocationContextInterceptor.java:128)
	at org.infinispan.interceptors.InvocationContextInterceptor.handleDefault(InvocationContextInterceptor.java:92)
	at org.infinispan.commands.AbstractVisitor.visitPrepareCommand(AbstractVisitor.java:126)
	at org.infinispan.commands.tx.PrepareCommand.acceptVisitor(PrepareCommand.java:124)
	at org.infinispan.interceptors.InterceptorChain.invoke(InterceptorChain.java:343)
	at org.infinispan.commands.tx.PrepareCommand.perform(PrepareCommand.java:119)
	at org.infinispan.remoting.InboundInvocationHandlerImpl.handleInternal(InboundInvocationHandlerImpl.java:101)
	at org.infinispan.remoting.InboundInvocationHandlerImpl.handleWithWaitForBlocks(InboundInvocationHandlerImpl.java:122)
	at org.infinispan.remoting.InboundInvocationHandlerImpl.handle(InboundInvocationHandlerImpl.java:86)
	at org.infinispan.remoting.transport.jgroups.CommandAwareRpcDispatcher.executeCommandFromLocalCluster(CommandAwareRpcDispatcher.java:247)
	at org.infinispan.remoting.transport.jgroups.CommandAwareRpcDispatcher.handle(CommandAwareRpcDispatcher.java:220)
	at org.jgroups.blocks.RequestCorrelator.handleRequest(RequestCorrelator.java:484)
	at org.jgroups.blocks.RequestCorrelator.receiveMessage(RequestCorrelator.java:391)
	at org.jgroups.blocks.RequestCorrelator.receive(RequestCorrelator.java:249)
	at org.jgroups.blocks.MessageDispatcher$ProtocolAdapter.up(MessageDispatcher.java:598)
	at org.jgroups.JChannel.up(JChannel.java:707)
	at org.jgroups.stack.ProtocolStack.up(ProtocolStack.java:1020)
	at org.jgroups.protocols.RSVP.up(RSVP.java:188)
	at org.jgroups.protocols.FRAG2.unfragment(FRAG2.java:302)
	at org.jgroups.protocols.FRAG2.up(FRAG2.java:162)
	at org.jgroups.protocols.FlowControl.up(FlowControl.java:400)
	at org.jgroups.protocols.FlowControl.up(FlowControl.java:418)
	at org.jgroups.protocols.pbcast.GMS.up(GMS.java:896)
	at org.jgroups.protocols.pbcast.STABLE.up(STABLE.java:245)
	at org.jgroups.protocols.UNICAST2.up(UNICAST2.java:453)
	at org.jgroups.protocols.pbcast.NAKACK2.handleMessage(NAKACK2.java:721)
	at org.jgroups.protocols.pbcast.NAKACK2.up(NAKACK2.java:574)
	at org.jgroups.protocols.VERIFY_SUSPECT.up(VERIFY_SUSPECT.java:143)
	at org.jgroups.protocols.FD_ALL.up(FD_ALL.java:187)
	at org.jgroups.protocols.FD_SOCK.up(FD_SOCK.java:288)
	at org.jgroups.protocols.MERGE2.up(MERGE2.java:205)
	at org.jgroups.protocols.Discovery.up(Discovery.java:359)
	at org.jgroups.protocols.TP.passMessageUp(TP.java:1263)
	at org.jgroups.protocols.TP$IncomingPacket.handleMyMessage(TP.java:1825)
	at org.jgroups.protocols.TP$IncomingPacket.run(TP.java:1798)
	at java.util.concurrent.ThreadPoolExecutor.runWorker(ThreadPoolExecutor.java:1145)
	at java.util.concurrent.ThreadPoolExecutor$Worker.run(ThreadPoolExecutor.java:615)
	at java.lang.Thread.run(Thread.java:722)
 INFO  [hz._hzInstance_1_FenixFrameworkGroup.HealthMonitor] {com.hazelcast.util.HealthMonitor} [127.0.0.1]:5702 [FenixFrameworkGroup] 
memory used=3.9G, free=822.6M, total=4.7G, max=4.7G, used/total=82.83% used/max=82.83%
cpu process-load=1.00%, system-load=11.00%, system-loadaverage=425.00%
[GC 4120787K->3768698K(4906688K), 0.0669090 secs]
 INFO  [hz._hzInstance_1_FenixFrameworkGroup.HealthMonitor] {com.hazelcast.util.HealthMonitor} [127.0.0.1]:5702 [FenixFrameworkGroup] 
memory used=3.6G, free=1.1G, total=4.7G, max=4.7G, used/total=77.04% used/max=77.04%
cpu process-load=1.00%, system-load=10.00%, system-loadaverage=360.00%
 INFO  [hz._hzInstance_1_FenixFrameworkGroup.HealthMonitor] {com.hazelcast.util.HealthMonitor} [127.0.0.1]:5702 [FenixFrameworkGroup] 
memory used=3.7G, free=1.0G, total=4.7G, max=4.7G, used/total=78.60% used/max=78.60%
cpu process-load=1.00%, system-load=10.00%, system-loadaverage=304.00%
 INFO  [hz._hzInstance_1_FenixFrameworkGroup.HealthMonitor] {com.hazelcast.util.HealthMonitor} [127.0.0.1]:5702 [FenixFrameworkGroup] 
memory used=3.8G, free=946.6M, total=4.7G, max=4.7G, used/total=80.25% used/max=80.25%
cpu process-load=1.00%, system-load=10.00%, system-loadaverage=258.00%
[GC 4195341K->3780880K(4906688K), 0.0815150 secs]
 INFO  [hz._hzInstance_1_FenixFrameworkGroup.HealthMonitor] {com.hazelcast.util.HealthMonitor} [127.0.0.1]:5702 [FenixFrameworkGroup] 
memory used=3.6G, free=1.1G, total=4.7G, max=4.7G, used/total=77.24% used/max=77.24%
cpu process-load=1.00%, system-load=11.00%, system-loadaverage=218.00%
[GC 4207547K->3806528K(4906688K), 0.1034530 secs]
[GC 4233216K->3871146K(4906688K), 0.1172110 secs]
 INFO  [hz._hzInstance_1_FenixFrameworkGroup.HealthMonitor] {com.hazelcast.util.HealthMonitor} [127.0.0.1]:5702 [FenixFrameworkGroup] 
memory used=3.8G, free=854.9M, total=4.7G, max=4.7G, used/total=82.16% used/max=82.16%
cpu process-load=1.00%, system-load=16.00%, system-loadaverage=304.00%
[GC 4297834K->3939354K(4906688K), 0.1425750 secs]
[GC 4366042K->3934979K(4906688K), 0.1515920 secs]
 INFO  [hz._hzInstance_1_FenixFrameworkGroup.HealthMonitor] {com.hazelcast.util.HealthMonitor} [127.0.0.1]:5702 [FenixFrameworkGroup] 
memory used=4.0G, free=667.4M, total=4.7G, max=4.7G, used/total=86.07% used/max=86.07%
cpu process-load=1.00%, system-load=22.00%, system-loadaverage=351.00%
[GC 4361667K->3955634K(4906688K), 0.1357010 secs]
[GC 4382322K->4002983K(4906688K), 0.1378730 secs]
[GC 4427686K->3985837K(4906688K), 0.1430630 secs]
 INFO  [hz._hzInstance_1_FenixFrameworkGroup.HealthMonitor] {com.hazelcast.util.HealthMonitor} [127.0.0.1]:5702 [FenixFrameworkGroup] 
memory used=3.9G, free=834.0M, total=4.7G, max=4.7G, used/total=82.59% used/max=82.59%
cpu process-load=1.00%, system-load=15.00%, system-loadaverage=352.00%
[GC 4412496K->4028798K(4906688K), 0.1241260 secs]
[GC 4455484K->4085814K(4906688K), 0.1190620 secs]
 INFO  [hz._hzInstance_1_FenixFrameworkGroup.HealthMonitor] {com.hazelcast.util.HealthMonitor} [127.0.0.1]:5702 [FenixFrameworkGroup] 
memory used=4.2G, free=537.9M, total=4.7G, max=4.7G, used/total=88.77% used/max=88.77%
cpu process-load=1.00%, system-load=15.00%, system-loadaverage=321.00%
[GC 4512444K->4112978K(4906688K), 0.1216990 secs]
[GC 4113482K(4906688K), 0.0556160 secs]
[GC 4539666K->4147647K(4906688K), 0.1281700 secs]
 INFO  [hz._hzInstance_1_FenixFrameworkGroup.HealthMonitor] {com.hazelcast.util.HealthMonitor} [127.0.0.1]:5702 [FenixFrameworkGroup] 
memory used=4.3G, free=350.1M, total=4.7G, max=4.7G, used/total=92.69% used/max=92.69%
cpu process-load=3.00%, system-load=22.00%, system-loadaverage=348.00%
[GC 4574335K->4205602K(4906688K), 0.1427880 secs]
[GC 4426856K(4906688K), 0.0893150 secs]
[GC 4556616K->4111484K(4906688K), 0.1545980 secs]
[GC 4115412K(4906688K), 0.0781540 secs]
 INFO  [pool-1-thread-1] {org.radargun.Slave} Executing stage: ClearClusterStage {ClearCluster {exitBenchmarkOnSlaveFailure=false, runOnAllSlaves=false, slaves=[ 0 ], useSmartClassLoading=true }
 INFO  [pool-1-thread-1] {org.radargun.stages.ClearClusterStage} Before executing clear, memory looks like this: Memory - free: 518,723 kb - max:4,906,688 kb- total:4,906,688 kb
[Full GC 4387964K->4080071K(4906688K), 11.6861210 secs]
 INFO  [pool-1-thread-1] {org.radargun.stages.ClearClusterStage} After executing cleanup, memory looks like this: Memory - free: 825,284 kb - max:4,906,688 kb- total:4,906,688 kb
 INFO  [hz._hzInstance_1_FenixFrameworkGroup.HealthMonitor] {com.hazelcast.util.HealthMonitor} [127.0.0.1]:5702 [FenixFrameworkGroup] 
memory used=3.9G, free=796.8M, total=4.7G, max=4.7G, used/total=83.37% used/max=83.37%
cpu process-load=2.00%, system-load=23.00%, system-loadaverage=534.00%
 INFO  [pool-1-thread-1] {org.radargun.Slave} Finished stage: ClearClusterStage {ClearCluster {exitBenchmarkOnSlaveFailure=false, runOnAllSlaves=false, slaves=[ 0 ], useSmartClassLoading=true }
 INFO  [main] {org.radargun.Slave} Ack successfully sent to the master
 INFO  [pool-1-thread-1] {org.radargun.Slave} Executing stage: StressTest {bulkSize=1, cacheSpecificKeyGenerator=false, commitTransactions=true, duration=1 mins 0 secs, entrySize=1000, exitBenchmarkOnSlaveFailure=false, fixedKeys=true, generateHistogramRange=false, keyGeneratorClass=org.radargun.stressors.StringKeyGenerator, keyGeneratorParam=null, loadAllKeys=false, numEntries=10000, numOfThreads=4, numRequests=10000000, numThreads=4, numberOfAttributes=10000, numberOfRequests=10000000, opsCountStatusLog=500000, poolKeys=true, preferAsyncOperations=false, removePercentage=0, replaceInvalidPercentage=40, runOnAllSlaves=false, sharedKeys=false, sizeOfAnAttribute=1000, slaves=null, transactionSize=10000, useAtomics=false, useHistogramStatistics=false, useSimpleStatistics=true, useSmartClassLoading=true, useTransactions=true, writePercentage=10, writeTxPercentage=100 }
 INFO  [pool-1-thread-1] {org.radargun.stages.StressTestStage} Starting StressTestStage: StressTest {bulkSize=1, cacheSpecificKeyGenerator=false, commitTransactions=true, duration=1 mins 0 secs, entrySize=1000, exitBenchmarkOnSlaveFailure=false, fixedKeys=true, generateHistogramRange=false, keyGeneratorClass=org.radargun.stressors.StringKeyGenerator, keyGeneratorParam=null, loadAllKeys=false, numEntries=10000, numOfThreads=4, numRequests=10000000, numThreads=4, numberOfAttributes=10000, numberOfRequests=10000000, opsCountStatusLog=500000, poolKeys=true, preferAsyncOperations=false, removePercentage=0, replaceInvalidPercentage=40, runOnAllSlaves=false, sharedKeys=false, sizeOfAnAttribute=1000, slaves=null, transactionSize=10000, useAtomics=false, useHistogramStatistics=false, useSimpleStatistics=true, useSmartClassLoading=true, useTransactions=true, writePercentage=10, writeTxPercentage=100 }
 INFO  [pool-1-thread-1] {org.radargun.stressors.StressTestStressor} Using key generator org.radargun.stressors.StringKeyGenerator, param null
 INFO  [pool-1-thread-1] {org.radargun.stressors.StressTestStressor} Executing: StressTestStressor{opsCountStatusLog=500000, numRequests=10000000, numEntries=10000, entrySize=1000, writePercentage=10, numThreads=4, cacheWrapper=org.radargun.cachewrappers.FFWrapper@2e883c86, nodeIndex=1, useTransactions=true, transactionSize=10000, commitTransactions=true, durationMillis=60000}
 INFO  [pool-1-thread-1] {org.radargun.stressors.StressTestStressor} Cache wrapper info is: FFWrapper using infinispan52
[GC 4202220K(4906688K), 0.2684010 secs]
[GC 4506759K->4200642K(4906688K), 0.6304380 secs]
 INFO  [hz._hzInstance_1_FenixFrameworkGroup.HealthMonitor] {com.hazelcast.util.HealthMonitor} [127.0.0.1]:5702 [FenixFrameworkGroup] 
memory used=4.3G, free=344.5M, total=4.7G, max=4.7G, used/total=92.81% used/max=92.81%
cpu process-load=7.00%, system-load=38.00%, system-loadaverage=574.00%
[GC 4627330K->4135797K(4906688K), 0.5857850 secs]
[GC 4178034K(4906688K), 0.0577750 secs]
[GC 4359765K->3925413K(4906688K), 0.5603630 secs]
 INFO  [hz._hzInstance_1_FenixFrameworkGroup.HealthMonitor] {com.hazelcast.util.HealthMonitor} [127.0.0.1]:5702 [FenixFrameworkGroup] 
memory used=3.7G, free=958.3M, total=4.7G, max=4.7G, used/total=80.00% used/max=80.00%
cpu process-load=7.00%, system-load=40.00%, system-loadaverage=586.00%
[GC 4352101K->3934981K(4906688K), 0.5902830 secs]
 INFO  [hz._hzInstance_1_FenixFrameworkGroup.HealthMonitor] {com.hazelcast.util.HealthMonitor} [127.0.0.1]:5702 [FenixFrameworkGroup] 
memory used=3.9G, free=773.2M, total=4.7G, max=4.7G, used/total=83.86% used/max=83.86%
cpu process-load=6.00%, system-load=38.00%, system-loadaverage=573.00%
[GC 4361669K->3954996K(4906688K), 0.4346520 secs]
 INFO  [hz._hzInstance_1_FenixFrameworkGroup.HealthMonitor] {com.hazelcast.util.HealthMonitor} [127.0.0.1]:5702 [FenixFrameworkGroup] 
memory used=4.2G, free=535.8M, total=4.7G, max=4.7G, used/total=88.82% used/max=88.82%
cpu process-load=6.00%, system-load=39.00%, system-loadaverage=553.00%
[GC 4381684K->3931030K(4906688K), 0.4378060 secs]
[GC 4357718K->3954846K(4906688K), 0.5169050 secs]
 INFO  [hz._hzInstance_1_FenixFrameworkGroup.HealthMonitor] {com.hazelcast.util.HealthMonitor} [127.0.0.1]:5702 [FenixFrameworkGroup] 
memory used=3.9G, free=749.7M, total=4.7G, max=4.7G, used/total=84.35% used/max=84.35%
cpu process-load=7.00%, system-load=38.00%, system-loadaverage=538.00%
[GC 4381534K->3956534K(4906688K), 0.5001690 secs]
[GC 4383222K->3965869K(4906688K), 0.4847620 secs]
 INFO  [hz._hzInstance_1_FenixFrameworkGroup.HealthMonitor] {com.hazelcast.util.HealthMonitor} [127.0.0.1]:5702 [FenixFrameworkGroup] 
memory used=3.8G, free=913.3M, total=4.7G, max=4.7G, used/total=80.94% used/max=80.94%
cpu process-load=7.00%, system-load=35.00%, system-loadaverage=516.00%
[GC 4392557K->3968718K(4906688K), 0.5181090 secs]
 INFO  [hz._hzInstance_1_FenixFrameworkGroup.HealthMonitor] {com.hazelcast.util.HealthMonitor} [127.0.0.1]:5702 [FenixFrameworkGroup] 
memory used=4.0G, free=672.9M, total=4.7G, max=4.7G, used/total=85.96% used/max=85.96%
cpu process-load=7.00%, system-load=33.00%, system-loadaverage=444.00%
[GC 4395406K->3993297K(4906688K), 0.4693490 secs]
[GC 4419985K->3987748K(4906688K), 0.4695570 secs]
 INFO  [hz._hzInstance_1_FenixFrameworkGroup.HealthMonitor] {com.hazelcast.util.HealthMonitor} [127.0.0.1]:5702 [FenixFrameworkGroup] 
memory used=3.8G, free=855.6M, total=4.7G, max=4.7G, used/total=82.14% used/max=82.14%
cpu process-load=7.00%, system-load=31.00%, system-loadaverage=444.00%
[GC 4414436K->3998446K(4906688K), 0.4566820 secs]
 INFO  [hz._hzInstance_1_FenixFrameworkGroup.HealthMonitor] {com.hazelcast.util.HealthMonitor} [127.0.0.1]:5702 [FenixFrameworkGroup] 
memory used=4.1G, free=611.8M, total=4.7G, max=4.7G, used/total=87.23% used/max=87.23%
cpu process-load=7.00%, system-load=31.00%, system-loadaverage=376.00%
[GC 4425134K->4023517K(4906688K), 0.4657130 secs]
[GC 4450205K->4011788K(4906688K), 0.4238290 secs]
 INFO  [hz._hzInstance_1_FenixFrameworkGroup.HealthMonitor] {com.hazelcast.util.HealthMonitor} [127.0.0.1]:5702 [FenixFrameworkGroup] 
memory used=3.9G, free=813.3M, total=4.7G, max=4.7G, used/total=83.03% used/max=83.03%
cpu process-load=8.00%, system-load=30.00%, system-loadaverage=318.00%
[GC 4438476K->4018223K(4906688K), 0.8320310 secs]
 INFO  [hz._hzInstance_1_FenixFrameworkGroup.HealthMonitor] {com.hazelcast.util.HealthMonitor} [127.0.0.1]:5702 [FenixFrameworkGroup] 
memory used=4.1G, free=575.2M, total=4.7G, max=4.7G, used/total=88.00% used/max=88.00%
cpu process-load=7.00%, system-load=30.00%, system-loadaverage=284.00%
[GC 4444911K->4035779K(4906688K), 0.0880480 secs]
[GC 4462467K->4036494K(4906688K), 0.0845640 secs]
[GC 4036550K(4906688K), 0.0716050 secs]
 INFO  [hz._hzInstance_1_FenixFrameworkGroup.HealthMonitor] {com.hazelcast.util.HealthMonitor} [127.0.0.1]:5702 [FenixFrameworkGroup] 
memory used=4.0G, free=705.5M, total=4.7G, max=4.7G, used/total=85.28% used/max=85.28%
cpu process-load=8.00%, system-load=32.00%, system-loadaverage=248.00%
[GC 4463182K->4043859K(4906688K), 0.0896040 secs]
[GC 4271315K(4906688K), 0.1232480 secs]
 INFO  [hz._hzInstance_1_FenixFrameworkGroup.HealthMonitor] {com.hazelcast.util.HealthMonitor} [127.0.0.1]:5702 [FenixFrameworkGroup] 
memory used=4.2G, free=529.3M, total=4.7G, max=4.7G, used/total=88.95% used/max=88.95%
cpu process-load=9.00%, system-load=33.00%, system-loadaverage=217.00%
[GC 4367747K->3920275K(4906688K), 0.0857080 secs]
[GC 4346963K->3939324K(4906688K), 0.0829010 secs]
 INFO  [hz._hzInstance_1_FenixFrameworkGroup.HealthMonitor] {com.hazelcast.util.HealthMonitor} [127.0.0.1]:5702 [FenixFrameworkGroup] 
memory used=4.0G, free=678.2M, total=4.7G, max=4.7G, used/total=85.85% used/max=85.85%
cpu process-load=7.00%, system-load=33.00%, system-loadaverage=206.00%
[GC 4366012K->3928463K(4906688K), 0.0875110 secs]
 WARN  [Thread-0] {org.radargun.ShutDownHook} Slave process: unexpected shutdown!
 INFO  [hz._hzInstance_1_FenixFrameworkGroup.IO.thread-in-0] {com.hazelcast.nio.TcpIpConnection} [127.0.0.1]:5702 [FenixFrameworkGroup] Connection [Address[127.0.0.1]:5701] lost. Reason: java.io.EOFException[Remote socket closed!]
 INFO  [hz._hzInstance_1_FenixFrameworkGroup.IO.thread-in-2] {com.hazelcast.nio.TcpIpConnection} [127.0.0.1]:5702 [FenixFrameworkGroup] Connection [Address[127.0.0.1]:5704] lost. Reason: java.io.EOFException[Remote socket closed!]
 INFO  [hz._hzInstance_1_FenixFrameworkGroup.IO.thread-in-2] {com.hazelcast.nio.TcpIpConnection} [127.0.0.1]:5702 [FenixFrameworkGroup] Connection [Address[127.0.0.1]:5710] lost. Reason: java.io.EOFException[Remote socket closed!]
 INFO  [hz._hzInstance_1_FenixFrameworkGroup.IO.thread-in-0] {com.hazelcast.nio.TcpIpConnection} [127.0.0.1]:5702 [FenixFrameworkGroup] Connection [Address[127.0.0.1]:5705] lost. Reason: java.io.EOFException[Remote socket closed!]
 INFO  [hz._hzInstance_1_FenixFrameworkGroup.IO.thread-in-2] {com.hazelcast.nio.TcpIpConnection} [127.0.0.1]:5702 [FenixFrameworkGroup] Connection [Address[127.0.0.1]:5707] lost. Reason: java.io.EOFException[Remote socket closed!]
 INFO  [hz.ShutdownThread] {com.hazelcast.nio.TcpIpConnection} [127.0.0.1]:5702 [FenixFrameworkGroup] Connection [Address[127.0.0.1]:5708] lost. Reason: Socket explicitly closed
 INFO  [hz._hzInstance_1_FenixFrameworkGroup.IO.thread-in-0] {com.hazelcast.nio.TcpIpConnection} [127.0.0.1]:5702 [FenixFrameworkGroup] Connection [Address[127.0.0.1]:5711] lost. Reason: java.io.EOFException[Remote socket closed!]
 ERROR [Stressor-0] {pt.ist.fenixframework.backend.jvstm.cluster.ClusterUtils} Failed to acquire global lock
 INFO  [hz._hzInstance_1_FenixFrameworkGroup.IO.thread-in-1] {com.hazelcast.nio.TcpIpConnection} [127.0.0.1]:5702 [FenixFrameworkGroup] Connection [Address[127.0.0.1]:5712] lost. Reason: java.io.EOFException[Remote socket closed!]
 INFO  [hz.ShutdownThread] {com.hazelcast.nio.TcpIpConnection} [127.0.0.1]:5702 [FenixFrameworkGroup] Connection [Address[127.0.0.1]:5706] lost. Reason: Socket explicitly closed
 ERROR [Stressor-2] {pt.ist.fenixframework.backend.jvstm.cluster.ClusterUtils} Failed to acquire global lock
 INFO  [hz.ShutdownThread] {com.hazelcast.nio.TcpIpConnection} [127.0.0.1]:5702 [FenixFrameworkGroup] Connection [Address[127.0.0.1]:5709] lost. Reason: Socket explicitly closed
 WARN  [Stressor-0] {org.radargun.stressors.StressTestStressor} Failed to insert key key_000000000000AE59
java.lang.RuntimeException: pt.ist.fenixframework.core.exception.RecoverableRollbackException: com.hazelcast.core.HazelcastInstanceNotActiveException: Hazelcast instance is not active!
	at org.radargun.cachewrappers.FFWrapper.endTransaction(FFWrapper.java:209)
	at org.radargun.cachewrappers.FFWrapper.put(FFWrapper.java:99)
	at org.radargun.stressors.StressTestStressor$FixedSetPerThreadOperationLogic.init(StressTestStressor.java:345)
	at org.radargun.stressors.StressTestStressor$Stressor.run(StressTestStressor.java:629)
Caused by: pt.ist.fenixframework.core.exception.RecoverableRollbackException: com.hazelcast.core.HazelcastInstanceNotActiveException: Hazelcast instance is not active!
	at pt.ist.fenixframework.core.AbstractTransaction.commit(AbstractTransaction.java:69)
	at pt.ist.fenixframework.backend.jvstm.JVSTMTransactionManager.backendCommit(JVSTMTransactionManager.java:81)
	at pt.ist.fenixframework.core.AbstractTransactionManager.commit(AbstractTransactionManager.java:60)
	at org.radargun.cachewrappers.FFWrapper.endTransaction(FFWrapper.java:204)
	... 3 more
Caused by: pt.ist.fenixframework.core.TransactionError: com.hazelcast.core.HazelcastInstanceNotActiveException: Hazelcast instance is not active!
	at pt.ist.fenixframework.backend.jvstm.cluster.ClusterUtils.globalLock(ClusterUtils.java:114)
	at pt.ist.fenixframework.backend.jvstm.pstm.ClusteredPersistentTransaction.performValidCommit(ClusteredPersistentTransaction.java:66)
	at jvstm.TopLevelTransaction.tryCommit(TopLevelTransaction.java:69)
	at jvstm.cps.ConsistentTopLevelTransaction.tryCommit(ConsistentTopLevelTransaction.java:75)
	at pt.ist.fenixframework.backend.jvstm.pstm.ClusteredPersistentTransaction.tryCommit(ClusteredPersistentTransaction.java:51)
	at jvstm.ReadWriteTransaction.doCommit(ReadWriteTransaction.java:73)
	at pt.ist.fenixframework.backend.jvstm.pstm.PersistentTransaction.doCommit(PersistentTransaction.java:75)
	at jvstm.Transaction.commitTx(Transaction.java:248)
	at jvstm.Transaction.commit(Transaction.java:178)
	at pt.ist.fenixframework.backend.jvstm.JVSTMTransaction.backendCommit(JVSTMTransaction.java:52)
	at pt.ist.fenixframework.core.AbstractTransaction.commit(AbstractTransaction.java:62)
	... 6 more
Caused by: com.hazelcast.core.HazelcastInstanceNotActiveException: Hazelcast instance is not active!
	at com.hazelcast.spi.impl.OperationServiceImpl.shutdown(OperationServiceImpl.java:629)
	at com.hazelcast.spi.impl.NodeEngineImpl.shutdown(NodeEngineImpl.java:346)
	at com.hazelcast.instance.Node.doShutdown(Node.java:382)
	at com.hazelcast.instance.Node.shutdown(Node.java:343)
	at com.hazelcast.instance.Node$NodeShutdownHookThread.run(Node.java:465)
	at ------ End remote and begin local stack-trace ------.(Unknown Source)
	at com.hazelcast.spi.impl.InvocationImpl$InvocationFuture.resolveResponse(InvocationImpl.java:405)
	at com.hazelcast.spi.impl.InvocationImpl$InvocationFuture.get(InvocationImpl.java:291)
	at com.hazelcast.spi.impl.InvocationImpl$InvocationFuture.get(InvocationImpl.java:283)
	at com.hazelcast.concurrent.atomiclong.proxy.AtomicLongProxySupport.getAndAddInternal(AtomicLongProxySupport.java:91)
	at com.hazelcast.concurrent.atomiclong.proxy.AtomicLongProxy.getAndAdd(AtomicLongProxy.java:55)
	at com.hazelcast.concurrent.atomiclong.proxy.AtomicLongProxy.get(AtomicLongProxy.java:51)
	at pt.ist.fenixframework.backend.jvstm.cluster.ClusterUtils.globalLock(ClusterUtils.java:99)
	... 16 more
 INFO  [hz.ShutdownThread] {com.hazelcast.nio.TcpIpConnection} [127.0.0.1]:5702 [FenixFrameworkGroup] Connection [Address[127.0.0.1]:5703] lost. Reason: Socket explicitly closed
 ERROR [Stressor-3] {pt.ist.fenixframework.backend.jvstm.cluster.ClusterUtils} Failed to acquire global lock
 WARN  [Stressor-2] {org.radargun.stressors.StressTestStressor} Failed to insert key key_000000000000FC79
java.lang.RuntimeException: pt.ist.fenixframework.core.exception.RecoverableRollbackException: com.hazelcast.core.HazelcastInstanceNotActiveException: Hazelcast instance is not active!
	at org.radargun.cachewrappers.FFWrapper.endTransaction(FFWrapper.java:209)
	at org.radargun.cachewrappers.FFWrapper.put(FFWrapper.java:99)
	at org.radargun.stressors.StressTestStressor$FixedSetPerThreadOperationLogic.init(StressTestStressor.java:345)
	at org.radargun.stressors.StressTestStressor$Stressor.run(StressTestStressor.java:629)
Caused by: pt.ist.fenixframework.core.exception.RecoverableRollbackException: com.hazelcast.core.HazelcastInstanceNotActiveException: Hazelcast instance is not active!
	at pt.ist.fenixframework.core.AbstractTransaction.commit(AbstractTransaction.java:69)
	at pt.ist.fenixframework.backend.jvstm.JVSTMTransactionManager.backendCommit(JVSTMTransactionManager.java:81)
	at pt.ist.fenixframework.core.AbstractTransactionManager.commit(AbstractTransactionManager.java:60)
	at org.radargun.cachewrappers.FFWrapper.endTransaction(FFWrapper.java:204)
	... 3 more
Caused by: pt.ist.fenixframework.core.TransactionError: com.hazelcast.core.HazelcastInstanceNotActiveException: Hazelcast instance is not active!
	at pt.ist.fenixframework.backend.jvstm.cluster.ClusterUtils.globalLock(ClusterUtils.java:114)
	at pt.ist.fenixframework.backend.jvstm.pstm.ClusteredPersistentTransaction.performValidCommit(ClusteredPersistentTransaction.java:66)
	at jvstm.TopLevelTransaction.tryCommit(TopLevelTransaction.java:69)
	at jvstm.cps.ConsistentTopLevelTransaction.tryCommit(ConsistentTopLevelTransaction.java:75)
	at pt.ist.fenixframework.backend.jvstm.pstm.ClusteredPersistentTransaction.tryCommit(ClusteredPersistentTransaction.java:51)
	at jvstm.ReadWriteTransaction.doCommit(ReadWriteTransaction.java:73)
	at pt.ist.fenixframework.backend.jvstm.pstm.PersistentTransaction.doCommit(PersistentTransaction.java:75)
	at jvstm.Transaction.commitTx(Transaction.java:248)
	at jvstm.Transaction.commit(Transaction.java:178)
	at pt.ist.fenixframework.backend.jvstm.JVSTMTransaction.backendCommit(JVSTMTransaction.java:52)
	at pt.ist.fenixframework.core.AbstractTransaction.commit(AbstractTransaction.java:62)
	... 6 more
Caused by: com.hazelcast.core.HazelcastInstanceNotActiveException: Hazelcast instance is not active!
	at com.hazelcast.spi.impl.ProxyServiceImpl$ProxyRegistry.<init>(ProxyServiceImpl.java:206)
	at com.hazelcast.spi.impl.ProxyServiceImpl$ProxyRegistry.<init>(ProxyServiceImpl.java:193)
	at com.hazelcast.spi.impl.ProxyServiceImpl$1.createNew(ProxyServiceImpl.java:69)
	at com.hazelcast.spi.impl.ProxyServiceImpl$1.createNew(ProxyServiceImpl.java:67)
	at com.hazelcast.util.ConcurrencyUtil.getOrPutIfAbsent(ConcurrencyUtil.java:47)
	at com.hazelcast.spi.impl.ProxyServiceImpl.getDistributedObject(ProxyServiceImpl.java:90)
	at com.hazelcast.instance.HazelcastInstanceImpl.getDistributedObject(HazelcastInstanceImpl.java:252)
	at com.hazelcast.instance.HazelcastInstanceImpl.getAtomicLong(HazelcastInstanceImpl.java:202)
	at com.hazelcast.instance.HazelcastInstanceProxy.getAtomicLong(HazelcastInstanceProxy.java:101)
	at pt.ist.fenixframework.backend.jvstm.cluster.ClusterUtils.globalLock(ClusterUtils.java:95)
	... 16 more
 INFO  [hz.ShutdownThread] {com.hazelcast.initializer} [127.0.0.1]:5702 [FenixFrameworkGroup] Destroying node initializer.
 ERROR [Stressor-1] {pt.ist.fenixframework.backend.jvstm.cluster.ClusterUtils} Failed to acquire global lock
 WARN  [Stressor-3] {org.radargun.stressors.StressTestStressor} Failed to insert key key_000000000001238A
java.lang.RuntimeException: pt.ist.fenixframework.core.exception.RecoverableRollbackException: com.hazelcast.core.HazelcastInstanceNotActiveException: Hazelcast instance is not active!
	at org.radargun.cachewrappers.FFWrapper.endTransaction(FFWrapper.java:209)
	at org.radargun.cachewrappers.FFWrapper.put(FFWrapper.java:99)
	at org.radargun.stressors.StressTestStressor$FixedSetPerThreadOperationLogic.init(StressTestStressor.java:345)
	at org.radargun.stressors.StressTestStressor$Stressor.run(StressTestStressor.java:629)
Caused by: pt.ist.fenixframework.core.exception.RecoverableRollbackException: com.hazelcast.core.HazelcastInstanceNotActiveException: Hazelcast instance is not active!
	at pt.ist.fenixframework.core.AbstractTransaction.commit(AbstractTransaction.java:69)
	at pt.ist.fenixframework.backend.jvstm.JVSTMTransactionManager.backendCommit(JVSTMTransactionManager.java:81)
	at pt.ist.fenixframework.core.AbstractTransactionManager.commit(AbstractTransactionManager.java:60)
	at org.radargun.cachewrappers.FFWrapper.endTransaction(FFWrapper.java:204)
	... 3 more
Caused by: pt.ist.fenixframework.core.TransactionError: com.hazelcast.core.HazelcastInstanceNotActiveException: Hazelcast instance is not active!
	at pt.ist.fenixframework.backend.jvstm.cluster.ClusterUtils.globalLock(ClusterUtils.java:114)
	at pt.ist.fenixframework.backend.jvstm.pstm.ClusteredPersistentTransaction.performValidCommit(ClusteredPersistentTransaction.java:66)
	at jvstm.TopLevelTransaction.tryCommit(TopLevelTransaction.java:69)
	at jvstm.cps.ConsistentTopLevelTransaction.tryCommit(ConsistentTopLevelTransaction.java:75)
	at pt.ist.fenixframework.backend.jvstm.pstm.ClusteredPersistentTransaction.tryCommit(ClusteredPersistentTransaction.java:51)
	at jvstm.ReadWriteTransaction.doCommit(ReadWriteTransaction.java:73)
	at pt.ist.fenixframework.backend.jvstm.pstm.PersistentTransaction.doCommit(PersistentTransaction.java:75)
	at jvstm.Transaction.commitTx(Transaction.java:248)
	at jvstm.Transaction.commit(Transaction.java:178)
	at pt.ist.fenixframework.backend.jvstm.JVSTMTransaction.backendCommit(JVSTMTransaction.java:52)
	at pt.ist.fenixframework.core.AbstractTransaction.commit(AbstractTransaction.java:62)
	... 6 more
Caused by: com.hazelcast.core.HazelcastInstanceNotActiveException: Hazelcast instance is not active!
	at com.hazelcast.spi.impl.ProxyServiceImpl$ProxyRegistry.<init>(ProxyServiceImpl.java:206)
	at com.hazelcast.spi.impl.ProxyServiceImpl$ProxyRegistry.<init>(ProxyServiceImpl.java:193)
	at com.hazelcast.spi.impl.ProxyServiceImpl$1.createNew(ProxyServiceImpl.java:69)
	at com.hazelcast.spi.impl.ProxyServiceImpl$1.createNew(ProxyServiceImpl.java:67)
	at com.hazelcast.util.ConcurrencyUtil.getOrPutIfAbsent(ConcurrencyUtil.java:47)
	at com.hazelcast.spi.impl.ProxyServiceImpl.getDistributedObject(ProxyServiceImpl.java:90)
	at com.hazelcast.instance.HazelcastInstanceImpl.getDistributedObject(HazelcastInstanceImpl.java:252)
	at com.hazelcast.instance.HazelcastInstanceImpl.getAtomicLong(HazelcastInstanceImpl.java:202)
	at com.hazelcast.instance.HazelcastInstanceProxy.getAtomicLong(HazelcastInstanceProxy.java:101)
	at pt.ist.fenixframework.backend.jvstm.cluster.ClusterUtils.globalLock(ClusterUtils.java:95)
	... 16 more
 INFO  [hz.ShutdownThread] {com.hazelcast.instance.Node} [127.0.0.1]:5702 [FenixFrameworkGroup] Hazelcast Shutdown is completed in 70 ms.
