/usr/java/jdk1.7.0_21/bin/java -server -Xmx1024M -Xms1024M -Dresolve.dns=false -Djgroups.timer.num_threads=4 -verbose:gc -Xmx5000M -Xms3000M -server -XX:+UseConcMarkSweepGC -XX:+AggressiveOpts -verbose:gc -XX:ParallelGCThreads=4 -XX:NewRatio=5 -XX:SurvivorRatio=2 -Dhazelcast.operation.thread.count=4 -Djava.net.preferIPv4Stack=true -Dlog4j.file.prefix=deimos-esw-14575 -Dbind.address= -Djgroups.bind_addr= -classpath /home/smf/github/radargun/target/distribution/RadarGun-1.1.0-SNAPSHOT/lib/activation-1.1.jar:/home/smf/github/radargun/target/distribution/RadarGun-1.1.0-SNAPSHOT/lib/commons-beanutils-1.8.0.jar:/home/smf/github/radargun/target/distribution/RadarGun-1.1.0-SNAPSHOT/lib/commons-digester-2.0.jar:/home/smf/github/radargun/target/distribution/RadarGun-1.1.0-SNAPSHOT/lib/commons-logging-1.1.1.jar:/home/smf/github/radargun/target/distribution/RadarGun-1.1.0-SNAPSHOT/lib/commons-math-1.2.jar:/home/smf/github/radargun/target/distribution/RadarGun-1.1.0-SNAPSHOT/lib/jboss-transaction-api-1.0.1.GA.jar:/home/smf/github/radargun/target/distribution/RadarGun-1.1.0-SNAPSHOT/lib/jcommon-1.0.15.jar:/home/smf/github/radargun/target/distribution/RadarGun-1.1.0-SNAPSHOT/lib/jfreechart-1.0.12.jar:/home/smf/github/radargun/target/distribution/RadarGun-1.1.0-SNAPSHOT/lib/log4j-1.2.14.jar:/home/smf/github/radargun/target/distribution/RadarGun-1.1.0-SNAPSHOT/lib/mail-1.4.2.jar:/home/smf/github/radargun/target/distribution/RadarGun-1.1.0-SNAPSHOT/lib/radargun-framework-1.1.0-SNAPSHOT.jar:/home/smf/github/radargun/target/distribution/RadarGun-1.1.0-SNAPSHOT/conf org.radargun.Slave -master 127.0.0.1:2103
--------------------------------------------------------------------------------
PerNodeRollingFileAppender::Using file prefix:deimos-esw-14575
 INFO  [main] {org.radargun.Slave} Attempting to connect to master 127.0.0.1:2103
 INFO  [main] {org.radargun.Slave} Successfully established connection with master at: 127.0.0.1:2103
Loading JARS from /home/smf/github/radargun/target/distribution/RadarGun-1.1.0-SNAPSHOT/lib/radargun-framework-1.1.0-SNAPSHOT.jar
 INFO  [pool-1-thread-1] {org.radargun.config.AnnotatedHelper} Loading JARS from /home/smf/github/radargun/target/distribution/RadarGun-1.1.0-SNAPSHOT/lib/radargun-framework-1.1.0-SNAPSHOT.jar
 INFO  [pool-1-thread-1] {org.radargun.config.AnnotatedHelper} Loading JARS from /home/smf/github/radargun/target/distribution/RadarGun-1.1.0-SNAPSHOT/lib/radargun-framework-1.1.0-SNAPSHOT.jar
 INFO  [pool-1-thread-1] {org.radargun.Slave} Executing stage: DestroyWrapper {enforceMemoryThrashHold=true, exitBenchmarkOnSlaveFailure=false, heapDumpDir=null, memoryThreshold=95, runOnAllSlaves=true, slaves=null, useSmartClassLoading=true }
 INFO  [pool-1-thread-1] {org.radargun.stages.DestroyWrapperStage} Received destroy cache wrapper request from master...
 INFO  [pool-1-thread-1] {org.radargun.stages.DestroyWrapperStage} No cache wrapper deployed on this slave, nothing to do.
 INFO  [pool-1-thread-1] {org.radargun.stages.DestroyWrapperStage} Before executing clear, memory looks like this: Memory - free: 2,928,638 kb - max:4,906,688 kb- total:2,944,000 kb
[Full GC 15361K->3631K(2944000K), 0.0848740 secs]
 INFO  [pool-1-thread-1] {org.radargun.stages.DestroyWrapperStage} After executing cleanup, memory looks like this: Memory - free: 2,935,311 kb - max:4,906,688 kb- total:2,944,064 kb
 INFO  [pool-1-thread-1] {org.radargun.Slave} Finished stage: DestroyWrapper {enforceMemoryThrashHold=true, exitBenchmarkOnSlaveFailure=false, heapDumpDir=null, memoryThreshold=95, runOnAllSlaves=true, slaves=null, useSmartClassLoading=true }
 INFO  [main] {org.radargun.Slave} Ack successfully sent to the master
 INFO  [pool-1-thread-1] {org.radargun.Slave} Executing stage: StartCluster {config=ispn52-repl-sync-rc.xml, delayAfterFirstSlaveStarts=5.000 secs, delayBetweenStartingSlaves=0.500 secs, exitBenchmarkOnSlaveFailure=true, expectNumSlaves=null, mayFailOn=null, reachable=null, runOnAllSlaves=false, slaves=null, staggerSlaveStartup=true, useSmartClassLoading=true, validateCluster=true }
 INFO  [pool-1-thread-1] {org.radargun.stages.StartClusterStage}  Startup staggering, starting 10 slaves. This is the slave with index 8. Sleeping for 9000 millis.
 INFO  [pool-1-thread-1] {org.radargun.stages.StartClusterStage} Ack master's StartCluster stage. Local address is: /127.0.0.1. This slave's index is: 8
 INFO  [pool-1-thread-1] {org.radargun.utils.ClassLoadHelper} Creating newInstance org.radargun.cachewrappers.FFWrapper with classloader java.net.URLClassLoader@a2e02b2
 INFO  [pool-1-thread-1] {org.radargun.cachewrappers.FFWrapper} config=ispn52-repl-sync-rc.xml, isLocal=false, nodeIndex=8, confAttributes={name=ispn52-repl-sync-rc.xml, decorate=infinispan52}
 INFO  [pool-1-thread-1] {org.radargun.cachewrappers.FFWrapper} Found fenix framework config options in 'rg-fenix-framework-config-options.properties'.
 INFO  [pool-1-thread-1] {org.radargun.cachewrappers.FFWrapper} Setting extra config properties for Fenix Framework.
 INFO  [pool-1-thread-1] {org.radargun.cachewrappers.FFWrapper} Will initialize Fenix Framework with RadarGunDataGridConfig
 TRACE [pool-1-thread-1] {pt.ist.fenixframework.FenixFramework} Static initializer block for FenixFramework class [BEGIN]
 INFO  [pool-1-thread-1] {pt.ist.fenixframework.FenixFramework} Trying auto-initialization with configuration by convention
 INFO  [pool-1-thread-1] {pt.ist.fenixframework.FenixFramework} Resource 'fenix-framework.properties' not found
 DEBUG [pool-1-thread-1] {pt.ist.fenixframework.FenixFramework} Fenix Framework properties after reading default config file:{}
 DEBUG [pool-1-thread-1] {pt.ist.fenixframework.FenixFramework} CurrentBackEndName = jvstm-datagrid
 INFO  [pool-1-thread-1] {pt.ist.fenixframework.FenixFramework} Resource 'fenix-framework-jvstm-datagrid.properties' not found
 DEBUG [pool-1-thread-1] {pt.ist.fenixframework.FenixFramework} Fenix Framework properties after reading backend config file:{}
 DEBUG [pool-1-thread-1] {pt.ist.fenixframework.FenixFramework} Fenix Framework properties after enforcing system properties:{}
 INFO  [pool-1-thread-1] {pt.ist.fenixframework.FenixFramework} Skipping configuration by convention.
 TRACE [pool-1-thread-1] {pt.ist.fenixframework.FenixFramework} Static initializer block for FenixFramework class [END]
 INFO  [pool-1-thread-1] {pt.ist.fenixframework.FenixFramework} Initializing Fenix Framework with config.class=pt.ist.fenixframework.backend.jvstm.datagrid.radargun.RadarGunDataGridConfig
 INFO  [pool-1-thread-1] {pt.ist.fenixframework.backend.jvstm.cluster.JvstmClusterBackEnd} initializeGroupCommunication()
 INFO  [pool-1-thread-1] {com.hazelcast.config.ClasspathXmlConfig} Configuring Hazelcast from 'hazelcast-ff.xml'.
 INFO  [pool-1-thread-1] {com.hazelcast.instance.DefaultAddressPicker} Interfaces is disabled, trying to pick one address from TCP-IP config addresses: [127.0.0.1]
 INFO  [pool-1-thread-1] {com.hazelcast.instance.DefaultAddressPicker} Picked Address[127.0.0.1]:5709, using socket ServerSocket[addr=/0.0.0.0,localport=5709], bind any local is true
 INFO  [pool-1-thread-1] {com.hazelcast.system} [127.0.0.1]:5709 [FenixFrameworkGroup] Hazelcast Community Edition 3.0.2 (20130906) starting at Address[127.0.0.1]:5709
 INFO  [pool-1-thread-1] {com.hazelcast.system} [127.0.0.1]:5709 [FenixFrameworkGroup] Copyright (C) 2008-2013 Hazelcast.com
 INFO  [pool-1-thread-1] {com.hazelcast.instance.Node} [127.0.0.1]:5709 [FenixFrameworkGroup] Creating MulticastJoiner
 INFO  [pool-1-thread-1] {com.hazelcast.core.LifecycleService} [127.0.0.1]:5709 [FenixFrameworkGroup] Address[127.0.0.1]:5709 is STARTING
 INFO  [pool-1-thread-1] {com.hazelcast.cluster.TcpIpJoiner} [127.0.0.1]:5709 [FenixFrameworkGroup] Connecting to possible member: Address[127.0.0.1]:5703
 INFO  [pool-1-thread-1] {com.hazelcast.cluster.TcpIpJoiner} [127.0.0.1]:5709 [FenixFrameworkGroup] Connecting to possible member: Address[127.0.0.1]:5702
 INFO  [pool-1-thread-1] {com.hazelcast.cluster.TcpIpJoiner} [127.0.0.1]:5709 [FenixFrameworkGroup] Connecting to possible member: Address[127.0.0.1]:5701
 INFO  [hz._hzInstance_1_FenixFrameworkGroup.cached.thread-1] {com.hazelcast.nio.SocketConnector} [127.0.0.1]:5709 [FenixFrameworkGroup] Connecting to /127.0.0.1:5701, timeout: 0, bind-any: true
 INFO  [hz._hzInstance_1_FenixFrameworkGroup.cached.thread-2] {com.hazelcast.nio.SocketConnector} [127.0.0.1]:5709 [FenixFrameworkGroup] Connecting to /127.0.0.1:5702, timeout: 0, bind-any: true
 INFO  [hz._hzInstance_1_FenixFrameworkGroup.cached.thread-3] {com.hazelcast.nio.SocketConnector} [127.0.0.1]:5709 [FenixFrameworkGroup] Connecting to /127.0.0.1:5703, timeout: 0, bind-any: true
 INFO  [hz._hzInstance_1_FenixFrameworkGroup.cached.thread-3] {com.hazelcast.nio.TcpIpConnectionManager} [127.0.0.1]:5709 [FenixFrameworkGroup] 58159 accepted socket connection from /127.0.0.1:5703
 INFO  [hz._hzInstance_1_FenixFrameworkGroup.cached.thread-2] {com.hazelcast.nio.TcpIpConnectionManager} [127.0.0.1]:5709 [FenixFrameworkGroup] 48592 accepted socket connection from /127.0.0.1:5702
 INFO  [hz._hzInstance_1_FenixFrameworkGroup.cached.thread-1] {com.hazelcast.nio.TcpIpConnectionManager} [127.0.0.1]:5709 [FenixFrameworkGroup] 53168 accepted socket connection from /127.0.0.1:5701
 INFO  [hz._hzInstance_1_FenixFrameworkGroup.cached.thread-2] {com.hazelcast.cluster.ClusterService} [127.0.0.1]:5709 [FenixFrameworkGroup] 

Members [10] {
	Member [127.0.0.1]:5701
	Member [127.0.0.1]:5702
	Member [127.0.0.1]:5704
	Member [127.0.0.1]:5705
	Member [127.0.0.1]:5706
	Member [127.0.0.1]:5703
	Member [127.0.0.1]:5707
	Member [127.0.0.1]:5708
	Member [127.0.0.1]:5709 this
	Member [127.0.0.1]:5710
}

 INFO  [hz._hzInstance_1_FenixFrameworkGroup.IO.thread-Acceptor] {com.hazelcast.nio.SocketAcceptor} [127.0.0.1]:5709 [FenixFrameworkGroup] Accepting socket connection from /127.0.0.1:53898
 INFO  [hz._hzInstance_1_FenixFrameworkGroup.IO.thread-Acceptor] {com.hazelcast.nio.TcpIpConnectionManager} [127.0.0.1]:5709 [FenixFrameworkGroup] 5709 accepted socket connection from /127.0.0.1:53898
 INFO  [hz._hzInstance_1_FenixFrameworkGroup.cached.thread-4] {com.hazelcast.nio.SocketConnector} [127.0.0.1]:5709 [FenixFrameworkGroup] Connecting to /127.0.0.1:5704, timeout: 0, bind-any: true
 INFO  [hz._hzInstance_1_FenixFrameworkGroup.cached.thread-4] {com.hazelcast.nio.TcpIpConnectionManager} [127.0.0.1]:5709 [FenixFrameworkGroup] 52579 accepted socket connection from /127.0.0.1:5704
 INFO  [hz._hzInstance_1_FenixFrameworkGroup.cached.thread-1] {com.hazelcast.nio.SocketConnector} [127.0.0.1]:5709 [FenixFrameworkGroup] Connecting to /127.0.0.1:5705, timeout: 0, bind-any: true
 INFO  [hz._hzInstance_1_FenixFrameworkGroup.cached.thread-4] {com.hazelcast.nio.SocketConnector} [127.0.0.1]:5709 [FenixFrameworkGroup] Connecting to /127.0.0.1:5707, timeout: 0, bind-any: true
 INFO  [hz._hzInstance_1_FenixFrameworkGroup.cached.thread-1] {com.hazelcast.nio.TcpIpConnectionManager} [127.0.0.1]:5709 [FenixFrameworkGroup] 42639 accepted socket connection from /127.0.0.1:5705
 INFO  [hz._hzInstance_1_FenixFrameworkGroup.cached.thread-9] {com.hazelcast.nio.SocketConnector} [127.0.0.1]:5709 [FenixFrameworkGroup] Connecting to /127.0.0.1:5706, timeout: 0, bind-any: true
 INFO  [hz._hzInstance_1_FenixFrameworkGroup.cached.thread-6] {com.hazelcast.nio.SocketConnector} [127.0.0.1]:5709 [FenixFrameworkGroup] Connecting to /127.0.0.1:5710, timeout: 0, bind-any: true
 INFO  [hz._hzInstance_1_FenixFrameworkGroup.cached.thread-9] {com.hazelcast.nio.TcpIpConnectionManager} [127.0.0.1]:5709 [FenixFrameworkGroup] 43688 accepted socket connection from /127.0.0.1:5706
 INFO  [hz._hzInstance_1_FenixFrameworkGroup.cached.thread-3] {com.hazelcast.nio.SocketConnector} [127.0.0.1]:5709 [FenixFrameworkGroup] Connecting to /127.0.0.1:5708, timeout: 0, bind-any: true
 INFO  [hz._hzInstance_1_FenixFrameworkGroup.IO.thread-Acceptor] {com.hazelcast.nio.SocketAcceptor} [127.0.0.1]:5709 [FenixFrameworkGroup] Accepting socket connection from /127.0.0.1:40540
 INFO  [hz._hzInstance_1_FenixFrameworkGroup.cached.thread-6] {com.hazelcast.nio.TcpIpConnectionManager} [127.0.0.1]:5709 [FenixFrameworkGroup] 42946 accepted socket connection from /127.0.0.1:5710
 INFO  [hz._hzInstance_1_FenixFrameworkGroup.cached.thread-4] {com.hazelcast.nio.TcpIpConnectionManager} [127.0.0.1]:5709 [FenixFrameworkGroup] 40599 accepted socket connection from /127.0.0.1:5707
 INFO  [hz._hzInstance_1_FenixFrameworkGroup.cached.thread-3] {com.hazelcast.nio.TcpIpConnectionManager} [127.0.0.1]:5709 [FenixFrameworkGroup] 54933 accepted socket connection from /127.0.0.1:5708
 INFO  [hz._hzInstance_1_FenixFrameworkGroup.IO.thread-Acceptor] {com.hazelcast.nio.TcpIpConnectionManager} [127.0.0.1]:5709 [FenixFrameworkGroup] 5709 accepted socket connection from /127.0.0.1:40540
 INFO  [hz._hzInstance_1_FenixFrameworkGroup.IO.thread-Acceptor] {com.hazelcast.nio.SocketAcceptor} [127.0.0.1]:5709 [FenixFrameworkGroup] Accepting socket connection from /127.0.0.1:51507
 INFO  [hz._hzInstance_1_FenixFrameworkGroup.IO.thread-Acceptor] {com.hazelcast.nio.TcpIpConnectionManager} [127.0.0.1]:5709 [FenixFrameworkGroup] 5709 accepted socket connection from /127.0.0.1:51507
 INFO  [hz._hzInstance_1_FenixFrameworkGroup.IO.thread-Acceptor] {com.hazelcast.nio.SocketAcceptor} [127.0.0.1]:5709 [FenixFrameworkGroup] Accepting socket connection from /127.0.0.1:49920
 INFO  [hz._hzInstance_1_FenixFrameworkGroup.IO.thread-Acceptor] {com.hazelcast.nio.TcpIpConnectionManager} [127.0.0.1]:5709 [FenixFrameworkGroup] 5709 accepted socket connection from /127.0.0.1:49920
 INFO  [hz._hzInstance_1_FenixFrameworkGroup.IO.thread-Acceptor] {com.hazelcast.nio.SocketAcceptor} [127.0.0.1]:5709 [FenixFrameworkGroup] Accepting socket connection from /127.0.0.1:33403
 INFO  [hz._hzInstance_1_FenixFrameworkGroup.IO.thread-Acceptor] {com.hazelcast.nio.TcpIpConnectionManager} [127.0.0.1]:5709 [FenixFrameworkGroup] 5709 accepted socket connection from /127.0.0.1:33403
 INFO  [pool-1-thread-1] {com.hazelcast.core.LifecycleService} [127.0.0.1]:5709 [FenixFrameworkGroup] Address[127.0.0.1]:5709 is STARTED
 INFO  [pool-1-thread-1] {pt.ist.fenixframework.backend.jvstm.cluster.ClusterUtils} Got (long) serverId: 8
 INFO  [pool-1-thread-1] {pt.ist.fenixframework.backend.jvstm.cluster.JvstmClusterBackEnd} This is NOT the first node.
 INFO  [pool-1-thread-1] {pt.ist.fenixframework.backend.jvstm.cluster.ClusterUtils} Waiting for startup from first node
 INFO  [pool-1-thread-1] {pt.ist.fenixframework.backend.jvstm.JVSTMBackEnd} initializeRepository()
 INFO  [pool-1-thread-1] {pt.ist.fenixframework.backend.jvstm.datagrid.radargun.DataGridDecorator} config=ispn52-repl-sync-rc.xml, isLocal=false, nodeIndex=8, confAttributes={name=ispn52-repl-sync-rc.xml}
 INFO  [pool-1-thread-1] {org.radargun.cachewrappers.InfinispanXSWrapper} Cannot find any site for slave index 8
[GC 259695K->13138K(2944064K), 0.0348270 secs]
 INFO  [pool-1-thread-1] {org.infinispan.remoting.transport.jgroups.JGroupsTransport} ISPN000078: Starting JGroups Channel
 WARN  [pool-1-thread-1] {org.jgroups.protocols.UDP} [JGRP00014] the send buffer of socket DatagramSocket was set to 640KB, but the OS only allocated 229.38KB. This might lead to performance problems. Please set your max send buffer in the OS correctly (e.g. net.core.wmem_max on Linux)
 WARN  [pool-1-thread-1] {org.jgroups.protocols.UDP} [JGRP00014] the receive buffer of socket DatagramSocket was set to 20MB, but the OS only allocated 229.38KB. This might lead to performance problems. Please set your max receive buffer in the OS correctly (e.g. net.core.rmem_max on Linux)
 WARN  [pool-1-thread-1] {org.jgroups.protocols.UDP} [JGRP00014] the send buffer of socket MulticastSocket was set to 640KB, but the OS only allocated 229.38KB. This might lead to performance problems. Please set your max send buffer in the OS correctly (e.g. net.core.wmem_max on Linux)
 WARN  [pool-1-thread-1] {org.jgroups.protocols.UDP} [JGRP00014] the receive buffer of socket MulticastSocket was set to 25MB, but the OS only allocated 229.38KB. This might lead to performance problems. Please set your max receive buffer in the OS correctly (e.g. net.core.rmem_max on Linux)
 INFO  [pool-1-thread-1] {org.infinispan.remoting.transport.jgroups.JGroupsTransport} ISPN000094: Received new cluster view: [deimos-esw-64000|5] [deimos-esw-64000, deimos-esw-62080, deimos-esw-15765, deimos-esw-64278, deimos-esw-51210, deimos-esw-11938, deimos-esw-47534, deimos-esw-13661, deimos-esw-32100]
 INFO  [pool-1-thread-1] {org.infinispan.remoting.transport.jgroups.JGroupsTransport} ISPN000079: Cache local address is deimos-esw-32100, physical addresses are [127.0.0.1:52008]
 INFO  [pool-1-thread-1] {org.infinispan.factories.GlobalComponentRegistry} ISPN000128: Infinispan version: Infinispan 'Delirium' 5.2.6.Final
 INFO  [Incoming-4,deimos-esw-32100] {org.infinispan.remoting.transport.jgroups.JGroupsTransport} ISPN000094: Received new cluster view: [deimos-esw-64000|6] [deimos-esw-64000, deimos-esw-62080, deimos-esw-15765, deimos-esw-64278, deimos-esw-51210, deimos-esw-11938, deimos-esw-47534, deimos-esw-13661, deimos-esw-32100, deimos-esw-35279]
 INFO  [pool-1-thread-1] {org.infinispan.transaction.lookup.JBossStandaloneJTAManagerLookup} ISPN000107: Retrieving transaction manager Transaction: unknown
 INFO  [pool-1-thread-1] {org.infinispan.jmx.CacheJmxRegistration} ISPN000031: MBeans were successfully registered to the platform MBean server.
 INFO  [pool-1-thread-1] {org.radargun.cachewrappers.InfinispanXSWrapper} Using transaction manager: Transaction: unknown
 INFO  [pool-1-thread-1] {org.radargun.cachewrappers.InfinispanXSWrapper} No RELAY2 protocol in XS wrapper
 INFO  [pool-1-thread-1] {org.radargun.cachewrappers.InfinispanXSWrapper} JGroups version: JGroups 3.2.7.Final
 INFO  [pool-1-thread-1] {org.radargun.cachewrappers.InfinispanXSWrapper} Using config attributes: {name=ispn52-repl-sync-rc.xml}
 INFO  [pool-1-thread-1] {pt.ist.fenixframework.backend.jvstm.datagrid.DataGridRepository} Initialization marker is present. Data Grid already existed.
 INFO  [pool-1-thread-1] {pt.ist.fenixframework.backend.jvstm.JVSTMBackEnd} initializeDomainClassInfos
 INFO  [pool-1-thread-1] {pt.ist.fenixframework.backend.jvstm.pstm.DomainClassInfo} serverId: 8, serverOidBase: 8000000000000
 INFO  [pool-1-thread-1] {pt.ist.fenixframework.backend.jvstm.pstm.DomainClassInfo} Existing domain class 'pt.ist.fenixframework.backend.jvstm.pstm.TransactionStatisticsEntry' with id '5'
 INFO  [pool-1-thread-1] {pt.ist.fenixframework.backend.jvstm.pstm.DomainClassInfo} Existing domain class 'pt.ist.fenixframework.adt.bplustree.InnerNodeArray' with id 'b'
 INFO  [pool-1-thread-1] {pt.ist.fenixframework.backend.jvstm.pstm.DomainClassInfo} Existing domain class 'pt.ist.fenixframework.adt.bplustree.LeafNodeArray' with id 'c'
 INFO  [pool-1-thread-1] {pt.ist.fenixframework.backend.jvstm.pstm.DomainClassInfo} Existing domain class 'pt.ist.fenixframework.adt.bplustree.DomainBPlusTree' with id 'e'
 INFO  [pool-1-thread-1] {pt.ist.fenixframework.backend.jvstm.pstm.DomainClassInfo} Existing domain class 'pt.ist.fenixframework.adt.bplustree.AbstractNode' with id 'f'
 INFO  [pool-1-thread-1] {pt.ist.fenixframework.backend.jvstm.pstm.DomainClassInfo} Existing domain class 'pt.ist.fenixframework.adt.linkedlist.ListNode' with id '6'
 INFO  [pool-1-thread-1] {pt.ist.fenixframework.backend.jvstm.pstm.DomainClassInfo} Existing domain class 'pt.ist.fenixframework.adt.linkedlist.LinkedList' with id '9'
 INFO  [pool-1-thread-1] {pt.ist.fenixframework.backend.jvstm.pstm.DomainClassInfo} Existing domain class 'pt.ist.fenixframework.DomainRoot' with id '0'
 INFO  [pool-1-thread-1] {pt.ist.fenixframework.backend.jvstm.pstm.DomainClassInfo} Existing domain class 'pt.ist.fenixframework.adt.bplustree.DomainLeafNode' with id '1'
 INFO  [pool-1-thread-1] {pt.ist.fenixframework.backend.jvstm.pstm.DomainClassInfo} Existing domain class 'pt.ist.fenixframework.adt.bplustree.AbstractNodeArray' with id 'a'
 INFO  [pool-1-thread-1] {pt.ist.fenixframework.backend.jvstm.pstm.DomainClassInfo} Existing domain class 'pt.ist.fenixframework.adt.bplustree.DomainInnerNode' with id '3'
 INFO  [pool-1-thread-1] {pt.ist.fenixframework.backend.jvstm.pstm.DomainClassInfo} Existing domain class 'pt.ist.fenixframework.adt.bplustree.InnerNode' with id '8'
 INFO  [pool-1-thread-1] {pt.ist.fenixframework.backend.jvstm.pstm.DomainClassInfo} Existing domain class 'pt.ist.fenixframework.adt.bplustree.BPlusTreeArray' with id '2'
 INFO  [pool-1-thread-1] {pt.ist.fenixframework.backend.jvstm.pstm.DomainClassInfo} Existing domain class 'pt.ist.fenixframework.adt.bplustree.BPlusTree' with id '7'
 INFO  [pool-1-thread-1] {pt.ist.fenixframework.backend.jvstm.pstm.DomainClassInfo} Existing domain class 'pt.ist.fenixframework.backend.jvstm.pstm.FenixFrameworkData' with id 'd'
 INFO  [pool-1-thread-1] {pt.ist.fenixframework.backend.jvstm.pstm.DomainClassInfo} Existing domain class 'pt.ist.fenixframework.adt.bplustree.LeafNode' with id '4'
 INFO  [pool-1-thread-1] {pt.ist.fenixframework.backend.jvstm.JVSTMBackEnd} setupJVSTM
 INFO  [pool-1-thread-1] {pt.ist.fenixframework.backend.jvstm.JVSTMBackEnd} Setting the last committed TX number to 2
 INFO  [pool-1-thread-1] {pt.ist.fenixframework.backend.jvstm.JVSTMBackEnd} createDomainRootIfNeeded
 INFO  [pool-1-thread-1] {pt.ist.fenixframework.backend.jvstm.JVSTMBackEnd} ensureFenixFrameworkDataExists
 INFO  [pool-1-thread-1] {pt.ist.fenixframework.hibernatesearch.HibernateSearchConfig} Resource 'fenix-framework-hibernate-search.properties' not found. Hibernate Search disabled
 INFO  [pool-1-thread-1] {pt.ist.fenixframework.FenixFramework} Initialization of Fenix Framework is now complete.
 INFO  [pool-1-thread-1] {org.radargun.cachewrappers.FFWrapper} FF STARTED=true
 INFO  [pool-1-thread-1] {org.radargun.stages.helpers.StartHelper} Number of members is the one expected: 10
 INFO  [pool-1-thread-1] {org.radargun.stages.StartClusterStage} Successfully started cache wrapper on slave 8: org.radargun.cachewrappers.FFWrapper@3c02b115
 INFO  [pool-1-thread-1] {org.radargun.Slave} Finished stage: StartCluster {config=ispn52-repl-sync-rc.xml, delayAfterFirstSlaveStarts=5.000 secs, delayBetweenStartingSlaves=0.500 secs, exitBenchmarkOnSlaveFailure=true, expectNumSlaves=null, mayFailOn=null, reachable=null, runOnAllSlaves=false, slaves=null, staggerSlaveStartup=true, useSmartClassLoading=true, validateCluster=true }
 INFO  [main] {org.radargun.Slave} Ack successfully sent to the master
 INFO  [pool-1-thread-1] {org.radargun.Slave} Executing stage: ClusterValidation {exitBenchmarkOnSlaveFailure=false, partialReplication=false, replicationTimeSleep=2000, replicationTryCount=60, runOnAllSlaves=false, slaves=null, useSmartClassLoading=true }
 INFO  [pool-1-thread-1] {org.radargun.stages.ClusterValidationStage} Number of caches that replicated here is 1
 INFO  [pool-1-thread-1] {org.radargun.stages.ClusterValidationStage} Replication test failed, 1 tries so far. Sleeping for 2 seconds and trying again.
 INFO  [pool-1-thread-1] {org.radargun.stages.ClusterValidationStage} Number of caches that replicated here is 9
 INFO  [pool-1-thread-1] {org.radargun.stages.ClusterValidationStage} Replication test successfully passed. partialReplication? false, replicationCount = 9
 INFO  [pool-1-thread-1] {org.radargun.stages.ClusterValidationStage} Confirm phase successful.
 INFO  [pool-1-thread-1] {org.radargun.Slave} Finished stage: ClusterValidation {exitBenchmarkOnSlaveFailure=false, partialReplication=false, replicationTimeSleep=2000, replicationTryCount=60, runOnAllSlaves=false, slaves=[ 0, 1, 2, 3, 4, 5, 6, 7, 8, 9 ], useSmartClassLoading=true }
 INFO  [main] {org.radargun.Slave} Ack successfully sent to the master
 INFO  [pool-1-thread-1] {org.radargun.Slave} Executing stage: StressTestWarmup {bulkSize=1, cacheSpecificKeyGenerator=false, commitTransactions=true, duration=1 mins 0 secs, entrySize=1000, exitBenchmarkOnSlaveFailure=false, fixedKeys=true, generateHistogramRange=false, keyGeneratorClass=org.radargun.stressors.StringKeyGenerator, keyGeneratorParam=null, loadAllKeys=false, numEntries=10000, numOfThreads=4, numRequests=10000, numThreads=4, numberOfAttributes=10000, numberOfRequests=10000, opsCountStatusLog=100000, poolKeys=true, preferAsyncOperations=false, removePercentage=0, replaceInvalidPercentage=40, runOnAllSlaves=false, sharedKeys=false, sizeOfAnAttribute=1000, slaves=null, transactionSize=10000, useAtomics=false, useHistogramStatistics=false, useSimpleStatistics=true, useSmartClassLoading=true, useTransactions=null, writePercentage=20, writeTxPercentage=20 }
 INFO  [pool-1-thread-1] {org.radargun.stages.StressTestWarmupStage} Starting StressTestWarmupStage: StressTestWarmup {bulkSize=1, cacheSpecificKeyGenerator=false, commitTransactions=true, duration=1 mins 0 secs, entrySize=1000, exitBenchmarkOnSlaveFailure=false, fixedKeys=true, generateHistogramRange=false, keyGeneratorClass=org.radargun.stressors.StringKeyGenerator, keyGeneratorParam=null, loadAllKeys=false, numEntries=10000, numOfThreads=4, numRequests=10000, numThreads=4, numberOfAttributes=10000, numberOfRequests=10000, opsCountStatusLog=100000, poolKeys=true, preferAsyncOperations=false, removePercentage=0, replaceInvalidPercentage=40, runOnAllSlaves=false, sharedKeys=false, sizeOfAnAttribute=1000, slaves=null, transactionSize=10000, useAtomics=false, useHistogramStatistics=false, useSimpleStatistics=true, useSmartClassLoading=true, useTransactions=null, writePercentage=20, writeTxPercentage=20 }
 INFO  [pool-1-thread-1] {org.radargun.stressors.StressTestStressor} Using key generator org.radargun.stressors.StringKeyGenerator, param null
 INFO  [pool-1-thread-1] {org.radargun.stressors.StressTestStressor} Executing: StressTestStressor{opsCountStatusLog=100000, numRequests=10000, numEntries=10000, entrySize=1000, writePercentage=20, numThreads=4, cacheWrapper=org.radargun.cachewrappers.FFWrapper@3c02b115, nodeIndex=8, useTransactions=true, transactionSize=10000, commitTransactions=true, durationMillis=60000}
 INFO  [pool-1-thread-1] {org.radargun.stressors.StressTestStressor} Cache wrapper info is: FFWrapper using infinispan52
[GC 269202K->20356K(2944064K), 0.0498160 secs]
[GC 276420K->18537K(2944064K), 0.0364150 secs]
[GC 274601K->22696K(2944064K), 0.0372820 secs]
[GC 278760K->22830K(2944064K), 0.0381560 secs]
[GC 278894K->24650K(2944064K), 0.0362970 secs]
[GC 280714K->23007K(2944064K), 0.0437850 secs]
[GC 279071K->27805K(2944064K), 0.0400370 secs]
[GC 283869K->25739K(2944064K), 0.0385760 secs]
[GC 281803K->30967K(2944064K), 0.0393800 secs]
[GC 287031K->32602K(2944064K), 0.0421910 secs]
[GC 288666K->30203K(2944064K), 0.0399810 secs]
[GC 286267K->36578K(2944064K), 0.0400790 secs]
[GC 292642K->38435K(2944064K), 0.0460550 secs]
[GC 294499K->35130K(2944064K), 0.0428110 secs]
[GC 291194K->40761K(2944064K), 0.0585120 secs]
[GC 296825K->38674K(2944064K), 0.0543040 secs]
[GC 294738K->38884K(2944064K), 0.0376540 secs]
[GC 294948K->39429K(2944064K), 0.0371950 secs]
[GC 295493K->40566K(2944064K), 0.0356450 secs]
[GC 296630K->41996K(2944064K), 0.0399000 secs]
[GC 298060K->39177K(2944064K), 0.0389590 secs]
[GC 295241K->40775K(2944064K), 0.0393300 secs]
[GC 296839K->46794K(2944064K), 0.0381200 secs]
[GC 302858K->48551K(2944064K), 0.0378110 secs]
[GC 304615K->45183K(2944064K), 0.0405730 secs]
[GC 301247K->49853K(2944064K), 0.0390310 secs]
[GC 305917K->51489K(2944064K), 0.0407700 secs]
[GC 307553K->53571K(2944064K), 0.0405670 secs]
[GC 309635K->55695K(2944064K), 0.0408150 secs]
[GC 311759K->57711K(2944064K), 0.0405600 secs]
[GC 313775K->65537K(2944064K), 0.0421440 secs]
[GC 321601K->55921K(2944064K), 0.0394650 secs]
[GC 311985K->62726K(2944064K), 0.0383220 secs]
[GC 318790K->66936K(2944064K), 0.0424880 secs]
[GC 323000K->63938K(2944064K), 0.0386860 secs]
[GC 320002K->65929K(2944064K), 0.0415660 secs]
[GC 321993K->73607K(2944064K), 0.0424020 secs]
[GC 329671K->63913K(2944064K), 0.0427470 secs]
[GC 319977K->67687K(2944064K), 0.0398820 secs]
[GC 323751K->78100K(2944064K), 0.0386610 secs]
[GC 334164K->68364K(2944064K), 0.0381140 secs]
[GC 324428K->73309K(2944064K), 0.0414240 secs]
[GC 329373K->77466K(2944064K), 0.0375330 secs]
[GC 333530K->79446K(2944064K), 0.0370690 secs]
[GC 335510K->85525K(2944064K), 0.0378930 secs]
[GC 341589K->75169K(2944064K), 0.0392150 secs]
[GC 331233K->90392K(2944064K), 0.0383700 secs]
[GC 346456K->77624K(2944064K), 0.0372840 secs]
[GC 333688K->94065K(2944064K), 0.0397520 secs]
[GC 350129K->81251K(2944064K), 0.0413620 secs]
[GC 337315K->96191K(2944064K), 0.0404030 secs]
[GC 352255K->83219K(2944064K), 0.0410460 secs]
[GC 339283K->99438K(2944064K), 0.0390610 secs]
[GC 355502K->86450K(2944064K), 0.0409780 secs]
[GC 342514K->97537K(2944064K), 0.0410440 secs]
[GC 353601K->96304K(2944064K), 0.0407120 secs]
[GC 352368K->92371K(2944064K), 0.0395830 secs]
[GC 348370K->110796K(2944064K), 0.0480230 secs]
[GC 366860K->128760K(2944064K), 0.0537370 secs]
[GC 383576K->154894K(2944064K), 0.0577560 secs]
[GC 410924K->183941K(2944064K), 0.0600900 secs]
[GC 439982K->190485K(2944064K), 0.0921480 secs]
[GC 446549K->210687K(2944064K), 0.0747410 secs]
[GC 466751K->222638K(2944064K), 0.0680640 secs]
[GC 478702K->253718K(2944064K), 0.0780110 secs]
[GC 509782K->241470K(2944064K), 0.0743010 secs]
[GC 497534K->255834K(2944064K), 0.0661110 secs]
[GC 511898K->273125K(2944064K), 0.0688930 secs]
[GC 529189K->275469K(2944064K), 0.0754440 secs]
[GC 527864K->289931K(2944064K), 0.0715180 secs]
[GC 545995K->302232K(2944064K), 0.0722840 secs]
[GC 558296K->333971K(2944064K), 0.0660870 secs]
[GC 590035K->369933K(2944064K), 0.0832730 secs]
[GC 625988K->359297K(2944064K), 0.0753500 secs]
[GC 615361K->375733K(2944064K), 0.0585970 secs]
[GC 631797K->391902K(2944064K), 0.0764800 secs]
[GC 644810K->395508K(2944064K), 0.0805220 secs]
[GC 651530K->440020K(2944064K), 0.0757370 secs]
[GC 696084K->415866K(2944064K), 0.0759440 secs]
[GC 671930K->468273K(2944064K), 0.0746500 secs]
[GC 723994K->444735K(2944064K), 0.0987890 secs]
[GC 700780K->476656K(2944064K), 0.0526550 secs]
[GC 732720K->491265K(2944064K), 0.0699560 secs]
[GC 747329K->520916K(2944064K), 0.0746410 secs]
[GC 776980K->539000K(2944064K), 0.0866320 secs]
[GC 792542K->539501K(2944064K), 0.0770630 secs]
[GC 795565K->550554K(2944064K), 0.0723670 secs]
[GC 806618K->548216K(2944064K), 0.0720250 secs]
[GC 804280K->592992K(2944064K), 0.0763470 secs]
[GC 849056K->572572K(2944064K), 0.0686680 secs]
[GC 828624K->625302K(2944064K), 0.0680440 secs]
[GC 881366K->595144K(2944064K), 0.0738200 secs]
[GC 851208K->622929K(2944064K), 0.0681930 secs]
[GC 878993K->607668K(2944064K), 0.0623790 secs]
[GC 863732K->627730K(2944064K), 0.0504160 secs]
[GC 883794K->627994K(2944064K), 0.0525760 secs]
[GC 884058K->647150K(2944064K), 0.0556680 secs]
[GC 903214K->621162K(2944064K), 0.0653820 secs]
[GC 877226K->639673K(2944064K), 0.0522220 secs]
[GC 895737K->654575K(2944064K), 0.0527770 secs]
[GC 910639K->645026K(2944064K), 0.0546330 secs]
[GC 901090K->665472K(2944064K), 0.0874930 secs]
[GC 921536K->657965K(2944064K), 0.0690270 secs]
[GC 914029K->644981K(2944064K), 0.0494830 secs]
[GC 901045K->673221K(2944064K), 0.0525710 secs]
[GC 929285K->650071K(2944064K), 0.0518660 secs]
[GC 906135K->663379K(2944064K), 0.0575500 secs]
[GC 919443K->684020K(2944064K), 0.0652880 secs]
[GC 940084K->670981K(2944064K), 0.0501050 secs]
[GC 927045K->668156K(2944064K), 0.0538910 secs]
[GC 924220K->678474K(2944064K), 0.0513710 secs]
[GC 934538K->685981K(2944064K), 0.0569030 secs]
[GC 942045K->676518K(2944064K), 0.0540300 secs]
[GC 932582K->675370K(2944064K), 0.0563650 secs]
[GC 931434K->698025K(2944064K), 0.0548430 secs]
[GC 954089K->705743K(2944064K), 0.0528520 secs]
[GC 961807K->698864K(2944064K), 0.0609090 secs]
[GC 954928K->705661K(2944064K), 0.0544480 secs]
[GC 961725K->693890K(2944064K), 0.0552460 secs]
[GC 949954K->692548K(2944064K), 0.0554000 secs]
[GC 948612K->716495K(2944064K), 0.0546900 secs]
[GC 972559K->710019K(2944064K), 0.0552020 secs]
[GC 966083K->716641K(2944064K), 0.0603560 secs]
[GC 972705K->722938K(2944064K), 0.0585210 secs]
[GC 979002K->731998K(2944064K), 0.0562630 secs]
[GC 988062K->705238K(2944064K), 0.0515800 secs]
[GC 961302K->713593K(2944064K), 0.0550080 secs]
[GC 969657K->724453K(2944064K), 0.0554570 secs]
[GC 980517K->746917K(2944064K), 0.0587990 secs]
[GC 1002981K->738393K(2944064K), 0.0630680 secs]
 INFO  [pool-1-thread-1] {org.radargun.stressors.StressTestStressor} Started 4 stressor threads.
 INFO  [Stressor-2] {org.radargun.stressors.StressTestStressor} Number of ops executed so far: 1. Elapsed time: 0.001 secs. Remaining: 59.999 secs. Total: 1 mins 0 secs
[GC 994457K->728456K(2944064K), 0.0652510 secs]
[GC 984520K->757821K(2944064K), 0.0676890 secs]
[GC 1013885K->774599K(2944064K), 0.0851990 secs]
[GC 1030663K->808383K(2944064K), 0.0842540 secs]
[GC 1064408K->859945K(2944064K), 0.1088290 secs]
[GC 1116009K->841412K(2944064K), 0.0734030 secs]
[GC 1096472K->831335K(2944064K), 0.0739260 secs]
[GC 1087354K->855006K(2944064K), 0.0644580 secs]
[GC 1111016K->865548K(2944064K), 0.0753730 secs]
[GC 1121612K->875796K(2944064K), 0.0604870 secs]
[GC 1131850K->888659K(2944064K), 0.0749540 secs]
[GC 1144723K->895880K(2944064K), 0.0645850 secs]
[GC 1149833K->911442K(2944064K), 0.0775890 secs]
[GC 1167506K->928476K(2944064K), 0.0634250 secs]
[GC 1184540K->952509K(2944064K), 0.0836190 secs]
[GC 1208573K->951204K(2944064K), 0.0665590 secs]
[GC 1207268K->973311K(2944064K), 0.0658580 secs]
 INFO  [Stressor-3] {org.radargun.stressors.StressTestStressor} Number of ops executed so far: 1012919. Elapsed time: 20.001 secs. Remaining: 39.999 secs. Total: 1 mins 0 secs
[GC 1229375K->984319K(2944064K), 0.0743660 secs]
[GC 1240363K->973320K(2944064K), 0.0624000 secs]
[GC 1229384K->1055793K(2944064K), 0.0987280 secs]
[GC 1311857K->1000968K(2944064K), 0.0725520 secs]
[GC 1257032K->1042677K(2944064K), 0.0591220 secs]
[GC 1298741K->1056952K(2944064K), 0.0739470 secs]
[GC 1313016K->1079493K(2944064K), 0.0734640 secs]
[GC 1335557K->1088894K(2944064K), 0.0812650 secs]
[GC 1344958K->1105031K(2944064K), 0.0680210 secs]
[GC 1361095K->1116223K(2944064K), 0.0664740 secs]
[GC 1372287K->1120259K(2944064K), 0.0671170 secs]
[GC 1376293K->1151461K(2944064K), 0.0630860 secs]
[GC 1407486K->1160269K(2944064K), 0.0795260 secs]
[GC 1416322K->1191536K(2944064K), 0.0741730 secs]
[GC 1446176K->1202745K(2944064K), 0.0724800 secs]
[GC 1458764K->1207233K(2944064K), 0.0766960 secs]
[GC 1461816K->1219117K(2944064K), 0.0853410 secs]
[GC 1469600K->1275886K(2944064K), 0.0674390 secs]
[GC 1530571K->1232598K(2944064K), 0.0705710 secs]
 INFO  [Stressor-0] {org.radargun.stressors.StressTestStressor} Number of ops executed so far: 1470000. Elapsed time: 40.179 secs. Remaining: 19.821 secs. Total: 1 mins 0 secs
[GC 1485669K->1238372K(2944064K), 0.0539230 secs]
[GC 1490749K->1263987K(2944064K), 0.0623240 secs]
[GC 1519631K->1282688K(2944064K), 0.0700380 secs]
[GC 1534211K->1305223K(2944064K), 0.0640470 secs]
[GC 1559347K->1294929K(2944064K), 0.0718050 secs]
[GC 1550993K->1328461K(2944064K), 0.0615880 secs]
[GC 1584476K->1323263K(2944064K), 0.0799130 secs]
[GC 1579309K->1337842K(2944064K), 0.0676170 secs]
[GC 1593870K->1374090K(2944064K), 0.0722260 secs]
[GC 1630109K->1382933K(2944064K), 0.0733780 secs]
[GC 1383621K(2944064K), 0.0220590 secs]
[GC 1638956K->1387169K(2944064K), 0.0699010 secs]
[GC 1568386K(2944064K), 0.0717380 secs]
[GC 1488994K->1264468K(2944064K), 0.0740310 secs]
[GC 1219662K->947377K(2944064K), 0.0750400 secs]
[GC 1200463K->959826K(2944064K), 0.0620390 secs]
[GC 1215859K->989298K(2944064K), 0.0534390 secs]
[GC 1245314K->1007279K(2944064K), 0.0699120 secs]
[GC 1263343K->1009555K(2944064K), 0.0753610 secs]
[GC 1263928K->1018315K(2944064K), 0.0689280 secs]
[GC 1274379K->1051772K(2944064K), 0.0707280 secs]
 INFO  [Stressor-1] {org.radargun.stressors.StressTestStressor} Number of ops executed so far: 2150000. Elapsed time: 1 mins 0 secs. Remaining: 0.000 secs. Total: 1 mins 0 secs
[GC 1307836K->1052608K(2944064K), 0.0680610 secs]
 INFO  [pool-1-thread-1] {org.radargun.stressors.StressTestStressor} Finished generating report. Test duration is: 9 mins 12 secs
 INFO  [pool-1-thread-1] {org.radargun.stages.StressTestWarmupStage} The warmup took: 552 seconds.
 INFO  [pool-1-thread-1] {org.radargun.Slave} Finished stage: StressTestWarmup {bulkSize=1, cacheSpecificKeyGenerator=false, commitTransactions=true, duration=1 mins 0 secs, entrySize=1000, exitBenchmarkOnSlaveFailure=false, fixedKeys=true, generateHistogramRange=false, keyGeneratorClass=org.radargun.stressors.StringKeyGenerator, keyGeneratorParam=null, loadAllKeys=false, numEntries=10000, numOfThreads=4, numRequests=10000, numThreads=4, numberOfAttributes=10000, numberOfRequests=10000, opsCountStatusLog=100000, poolKeys=true, preferAsyncOperations=false, removePercentage=0, replaceInvalidPercentage=40, runOnAllSlaves=false, sharedKeys=false, sizeOfAnAttribute=1000, slaves=null, transactionSize=10000, useAtomics=false, useHistogramStatistics=false, useSimpleStatistics=true, useSmartClassLoading=true, useTransactions=null, writePercentage=20, writeTxPercentage=20 }
 INFO  [main] {org.radargun.Slave} Ack successfully sent to the master
[GC 1308672K->1100602K(2944064K), 0.0700560 secs]
[GC 1356666K->1083786K(2944064K), 0.0646190 secs]
[GC 1339850K->1054220K(2944064K), 0.0406300 secs]
[GC 1310284K->1052176K(2944064K), 0.0357020 secs]
[GC 1308240K->1055888K(2944064K), 0.0397920 secs]
[GC 1311952K->1059108K(2944064K), 0.0414030 secs]
[GC 1315172K->1055314K(2944064K), 0.0402630 secs]
[GC 1311378K->1062109K(2944064K), 0.0428010 secs]
[GC 1318173K->1073683K(2944064K), 0.0476590 secs]
[GC 1329747K->1060221K(2944064K), 0.0434530 secs]
[GC 1316285K->1053082K(2944064K), 0.0350020 secs]
[GC 1309146K->1053350K(2944064K), 0.0376350 secs]
[GC 1309414K->1055842K(2944064K), 0.0369770 secs]
[GC 1311906K->1058002K(2944064K), 0.0378380 secs]
[GC 1314066K->1060241K(2944064K), 0.0371500 secs]
[GC 1316305K->1056276K(2944064K), 0.0444650 secs]
[GC 1312340K->1054992K(2944064K), 0.0449430 secs]
[GC 1311056K->1060083K(2944064K), 0.0366020 secs]
[GC 1316147K->1061220K(2944064K), 0.0363610 secs]
[GC 1317284K->1062330K(2944064K), 0.0379360 secs]
[GC 1318394K->1059076K(2944064K), 0.0424420 secs]
[GC 1315140K->1069604K(2944064K), 0.0375650 secs]
[GC 1325668K->1061768K(2944064K), 0.0423750 secs]
[GC 1317832K->1073622K(2944064K), 0.0446490 secs]
[GC 1329686K->1063463K(2944064K), 0.0400220 secs]
[GC 1319527K->1076143K(2944064K), 0.0413060 secs]
[GC 1332207K->1066146K(2944064K), 0.0419460 secs]
[GC 1322210K->1078993K(2944064K), 0.0421420 secs]
[GC 1335057K->1068821K(2944064K), 0.0454750 secs]
[GC 1324885K->1081986K(2944064K), 0.0433850 secs]
[GC 1338050K->1071621K(2944064K), 0.0394940 secs]
[GC 1327685K->1084649K(2944064K), 0.0436410 secs]
[GC 1340713K->1074298K(2944064K), 0.0405980 secs]
[GC 1330362K->1087733K(2944064K), 0.0400390 secs]
[GC 1343797K->1077165K(2944064K), 0.0404140 secs]
[GC 1333229K->1086214K(2944064K), 0.0397180 secs]
[GC 1342278K->1090648K(2944064K), 0.0418360 secs]
[GC 1346712K->1082363K(2944064K), 0.0419400 secs]
[GC 1338427K->1095485K(2944064K), 0.0416350 secs]
[GC 1351549K->1084354K(2944064K), 0.0408770 secs]
[GC 1340418K->1093666K(2944064K), 0.0429980 secs]
[GC 1349730K->1098105K(2944064K), 0.0440040 secs]
[GC 1354169K->1089525K(2944064K), 0.0441650 secs]
[GC 1345589K->1103370K(2944064K), 0.0445550 secs]
[GC 1359434K->1095147K(2944064K), 0.0460730 secs]
[GC 1351211K->1106629K(2944064K), 0.0434850 secs]
[GC 1362693K->1094980K(2944064K), 0.0446090 secs]
[GC 1351044K->1104728K(2944064K), 0.0411680 secs]
[GC 1360792K->1109184K(2944064K), 0.0463770 secs]
[GC 1365248K->1100382K(2944064K), 0.0435170 secs]
[GC 1356446K->1114831K(2944064K), 0.0442360 secs]
[GC 1370895K->1106161K(2944064K), 0.0453530 secs]
[GC 1362225K->1117958K(2944064K), 0.0431480 secs]
[GC 1374022K->1105864K(2944064K), 0.0476090 secs]
[GC 1361928K->1121131K(2944064K), 0.0471320 secs]
[GC 1377195K->1109001K(2944064K), 0.0430290 secs]
[GC 1365065K->1119231K(2944064K), 0.0468590 secs]
[GC 1375295K->1124131K(2944064K), 0.0464280 secs]
[GC 1380195K->1114734K(2944064K), 0.0422740 secs]
[GC 1370798K->1124294K(2944064K), 0.0438530 secs]
[GC 1380358K->1129066K(2944064K), 0.0475320 secs]
[GC 1385130K->1119577K(2944064K), 0.0437730 secs]
[GC 1375641K->1129314K(2944064K), 0.0472380 secs]
[GC 1385378K->1128069K(2944064K), 0.0436600 secs]
[GC 1384133K->1130524K(2944064K), 0.0451460 secs]
[GC 1386588K->1138225K(2944064K), 0.0437720 secs]
[GC 1394289K->1127973K(2944064K), 0.0416770 secs]
[GC 1384037K->1137431K(2944064K), 0.0451820 secs]
[GC 1393495K->1136535K(2944064K), 0.0462390 secs]
[GC 1392599K->1144984K(2944064K), 0.0437110 secs]
[GC 1401048K->1134843K(2944064K), 0.0449250 secs]
[GC 1390907K->1144665K(2944064K), 0.0482310 secs]
[GC 1400729K->1143427K(2944064K), 0.0512580 secs]
[GC 1399491K->1151913K(2944064K), 0.0468390 secs]
[GC 1407977K->1141443K(2944064K), 0.0498090 secs]
[GC 1397507K->1151608K(2944064K), 0.0488450 secs]
[GC 1407672K->1150107K(2944064K), 0.0502370 secs]
[GC 1406171K->1152552K(2944064K), 0.0451690 secs]
[GC 1408616K->1160887K(2944064K), 0.0472450 secs]
[GC 1416951K->1149899K(2944064K), 0.0454120 secs]
[GC 1405963K->1166124K(2944064K), 0.0455360 secs]
[GC 1422188K->1152267K(2944064K), 0.0469360 secs]
[GC 1408331K->1163725K(2944064K), 0.0479770 secs]
[GC 1419789K->1162745K(2944064K), 0.0468890 secs]
[GC 1418809K->1165266K(2944064K), 0.0477310 secs]
[GC 1421330K->1173506K(2944064K), 0.0448000 secs]
[GC 1429570K->1162429K(2944064K), 0.0465080 secs]
[GC 1418493K->1178929K(2944064K), 0.0488880 secs]
[GC 1434993K->1164621K(2944064K), 0.0501150 secs]
[GC 1420685K->1176106K(2944064K), 0.0467110 secs]
[GC 1432170K->1174779K(2944064K), 0.0488660 secs]
[GC 1430843K->1177499K(2944064K), 0.0467980 secs]
[GC 1433563K->1179263K(2944064K), 0.0498330 secs]
[GC 1435327K->1174454K(2944064K), 0.0461170 secs]
[GC 1430518K->1183051K(2944064K), 0.0535260 secs]
[GC 1439115K->1184857K(2944064K), 0.0486910 secs]
[GC 1440921K->1186693K(2944064K), 0.0440210 secs]
[GC 1442757K->1188410K(2944064K), 0.0497630 secs]
[GC 1444474K->1190171K(2944064K), 0.0455260 secs]
[GC 1446235K->1191713K(2944064K), 0.0500950 secs]
[GC 1447777K->1193582K(2944064K), 0.0515440 secs]
[GC 1449646K->1201660K(2944064K), 0.0466390 secs]
[GC 1457724K->1190419K(2944064K), 0.0496590 secs]
[GC 1446483K->1201102K(2944064K), 0.0498770 secs]
[GC 1457166K->1193169K(2944064K), 0.0486310 secs]
[GC 1449233K->1208652K(2944064K), 0.0446840 secs]
[GC 1464716K->1197086K(2944064K), 0.0489240 secs]
[GC 1453150K->1208068K(2944064K), 0.0538790 secs]
[GC 1464132K->1206557K(2944064K), 0.0491700 secs]
[GC 1462621K->1209192K(2944064K), 0.0461840 secs]
[GC 1465256K->1210735K(2944064K), 0.0458300 secs]
[GC 1466799K->1205817K(2944064K), 0.0536800 secs]
[GC 1461881K->1214105K(2944064K), 0.0458780 secs]
[GC 1470169K->1209213K(2944064K), 0.0445640 secs]
[GC 1465277K->1210850K(2944064K), 0.0501970 secs]
[GC 1466914K->1212702K(2944064K), 0.0553140 secs]
[GC 1468766K->1214398K(2944064K), 0.0517910 secs]
[GC 1470462K->1215797K(2944064K), 0.0516670 secs]
[GC 1471861K->1217497K(2944064K), 0.0464070 secs]
[GC 1473561K->1225743K(2944064K), 0.0476200 secs]
[GC 1481807K->1227481K(2944064K), 0.0515380 secs]
[GC 1483545K->1229371K(2944064K), 0.0489350 secs]
[GC 1485435K->1231192K(2944064K), 0.0523790 secs]
[GC 1487256K->1232808K(2944064K), 0.0525810 secs]
[GC 1488872K->1234499K(2944064K), 0.0464640 secs]
[GC 1490563K->1236065K(2944064K), 0.0482260 secs]
[GC 1492129K->1237967K(2944064K), 0.0498800 secs]
[GC 1494031K->1239642K(2944064K), 0.0453180 secs]
[GC 1495706K->1241343K(2944064K), 0.0472320 secs]
[GC 1497407K->1243120K(2944064K), 0.0501970 secs]
[GC 1499184K->1244761K(2944064K), 0.0472150 secs]
[GC 1500825K->1246533K(2944064K), 0.0462920 secs]
[GC 1502597K->1241547K(2944064K), 0.0514320 secs]
[GC 1497611K->1243282K(2944064K), 0.0494460 secs]
[GC 1499346K->1244981K(2944064K), 0.0510000 secs]
[GC 1501045K->1253197K(2944064K), 0.0471150 secs]
[GC 1509261K->1254904K(2944064K), 0.0446200 secs]
[GC 1510968K->1269079K(2944064K), 0.0504950 secs]
[GC 1524221K->1275983K(2944064K), 0.0684130 secs]
[GC 1531994K->1301617K(2944064K), 0.0657620 secs]
[GC 1557681K->1334093K(2944064K), 0.0829390 secs]
[GC 1590157K->1353820K(2944064K), 0.1004570 secs]
[GC 1609884K->1346513K(2944064K), 0.0827600 secs]
[GC 1602577K->1358165K(2944064K), 0.0787800 secs]
[GC 1613071K->1374213K(2944064K), 0.0889500 secs]
[GC 1630277K->1407829K(2944064K), 0.0822900 secs]
[GC 1663849K->1398378K(2944064K), 0.0798100 secs]
[GC 1654442K->1446794K(2944064K), 0.0820800 secs]
[GC 1702858K->1428628K(2944064K), 0.0814690 secs]
[GC 1684692K->1483410K(2944064K), 0.0797580 secs]
[GC 1739474K->1456160K(2944064K), 0.0804620 secs]
[GC 1712224K->1495483K(2944064K), 0.0734110 secs]
[GC 1751547K->1520114K(2944064K), 0.0755710 secs]
[GC 1776178K->1511126K(2944064K), 0.0867600 secs]
[GC 1767190K->1555996K(2944064K), 0.0757730 secs]
[GC 1812060K->1530156K(2944064K), 0.0802860 secs]
[GC 1786220K->1584121K(2944064K), 0.0758290 secs]
[GC 1840155K->1558582K(2944064K), 0.0797280 secs]
[GC 1814646K->1611961K(2944064K), 0.0744270 secs]
[GC 1868022K->1588598K(2944064K), 0.0814970 secs]
[GC 1844633K->1629003K(2944064K), 0.0745150 secs]
[GC 1885067K->1656493K(2944064K), 0.0750480 secs]
[GC 1912557K->1630747K(2944064K), 0.0866630 secs]
[GC 1886811K->1684759K(2944064K), 0.0811520 secs]
[GC 1940823K->1700450K(2944064K), 0.0812540 secs]
[GC 1956514K->1685933K(2944064K), 0.0838690 secs]
[GC 1941997K->1677446K(2944064K), 0.0509810 secs]
[GC 1933510K->1679418K(2944064K), 0.0536030 secs]
[GC 1935482K->1684321K(2944064K), 0.0535940 secs]
[GC 1940385K->1699913K(2944064K), 0.0539310 secs]
[GC 1955977K->1666303K(2944064K), 0.0566140 secs]
[GC 1922367K->1697830K(2944064K), 0.0543920 secs]
[GC 1953894K->1668760K(2944064K), 0.0558120 secs]
[GC 1924824K->1703930K(2944064K), 0.0578550 secs]
[GC 1959994K->1673035K(2944064K), 0.0605740 secs]
[GC 1929099K->1710461K(2944064K), 0.0601910 secs]
[GC 1966525K->1677300K(2944064K), 0.0628810 secs]
[GC 1933364K->1703393K(2944064K), 0.0621510 secs]
[GC 1959457K->1686826K(2944064K), 0.0751650 secs]
[GC 1942890K->1696419K(2944064K), 0.0699580 secs]
[GC 1952483K->1694092K(2944064K), 0.0481000 secs]
[GC 1950156K->1696263K(2944064K), 0.0499650 secs]
[GC 1952327K->1692872K(2944064K), 0.0470690 secs]
[GC 1948936K->1694783K(2944064K), 0.0516160 secs]
[GC 1950847K->1696759K(2944064K), 0.0471600 secs]
[GC 1952823K->1705897K(2944064K), 0.0487660 secs]
[GC 1961961K->1693530K(2944064K), 0.0533240 secs]
[GC 1949594K->1711098K(2944064K), 0.0514780 secs]
[GC 1967162K->1695737K(2944064K), 0.0447570 secs]
[GC 1951801K->1707900K(2944064K), 0.0485160 secs]
[GC 1963964K->1713488K(2944064K), 0.0455960 secs]
[GC 1969552K->1706378K(2944064K), 0.0546550 secs]
[GC 1962442K->1720020K(2944064K), 0.0482370 secs]
[GC 1976084K->1705078K(2944064K), 0.0475780 secs]
[GC 1961142K->1723299K(2944064K), 0.0475750 secs]
[GC 1979363K->1708578K(2944064K), 0.0536270 secs]
[GC 1964642K->1727085K(2944064K), 0.0501600 secs]
[GC 1983149K->1712102K(2944064K), 0.0469030 secs]
[GC 1968166K->1730936K(2944064K), 0.0509800 secs]
[GC 1987000K->1715777K(2944064K), 0.0467170 secs]
[GC 1971841K->1734515K(2944064K), 0.0474990 secs]
[GC 1990579K->1719614K(2944064K), 0.0531430 secs]
[GC 1975678K->1731784K(2944064K), 0.0464430 secs]
[GC 1987848K->1737679K(2944064K), 0.0442060 secs]
[GC 1993743K->1726397K(2944064K), 0.0453420 secs]
[GC 1982461K->1744325K(2944064K), 0.0531900 secs]
[GC 2000389K->1729237K(2944064K), 0.0504100 secs]
[GC 1985301K->1741738K(2944064K), 0.0490060 secs]
[GC 1997802K->1747267K(2944064K), 0.0481800 secs]
[GC 2003331K->1735990K(2944064K), 0.0560220 secs]
[GC 1992054K->1747408K(2944064K), 0.0551960 secs]
[GC 2003472K->1753102K(2944064K), 0.0468000 secs]
[GC 2009166K->1741687K(2944064K), 0.0460280 secs]
[GC 1997751K->1759783K(2944064K), 0.0479000 secs]
[GC 2015847K->1744318K(2944064K), 0.0525380 secs]
[GC 2000382K->1757040K(2944064K), 0.0541330 secs]
[GC 2013104K->1762778K(2944064K), 0.0512070 secs]
[GC 2018842K->1751330K(2944064K), 0.0507550 secs]
[GC 2007394K->1763235K(2944064K), 0.0455670 secs]
[GC 2019299K->1768834K(2944064K), 0.0477910 secs]
[GC 2024898K->1757175K(2944064K), 0.0524730 secs]
[GC 2013239K->1775308K(2944064K), 0.0497850 secs]
[GC 2031372K->1759737K(2944064K), 0.0480170 secs]
[GC 2015801K->1779466K(2944064K), 0.0537510 secs]
[GC 2035530K->1797441K(2944064K), 0.0621470 secs]
[GC 2053505K->1843109K(2944064K), 0.0734870 secs]
[GC 2099132K->1869606K(2944064K), 0.0902360 secs]
[GC 2125649K->1846119K(2944064K), 0.0896990 secs]
[GC 2102183K->1902024K(2944064K), 0.0814230 secs]
[GC 2158088K->1876884K(2944064K), 0.0817650 secs]
[GC 2132948K->1930484K(2944064K), 0.0899020 secs]
[GC 2186548K->1913869K(2944064K), 0.0843230 secs]
[GC 2169886K->1961065K(2944064K), 0.0793190 secs]
[GC 2217129K->1934319K(2944064K), 0.0816470 secs]
[GC 2190383K->1988835K(2944064K), 0.0759460 secs]
[GC 2241212K->1973924K(2944064K), 0.0884620 secs]
[GC 2229988K->2020567K(2944064K), 0.0793810 secs]
[GC 2276631K->1996085K(2944064K), 0.0844450 secs]
[GC 2252149K->2052107K(2944064K), 0.0907450 secs]
[GC 2308171K->2026449K(2944064K), 0.0848950 secs]
[GC 2282513K->2080064K(2944064K), 0.0828500 secs]
[GC 2336128K->2083919K(2944064K), 0.0841180 secs]
[GC 2339983K->2076600K(2944064K), 0.0848160 secs]
[GC 2332664K->2093871K(2944064K), 0.0843080 secs]
[GC 2349935K->2107724K(2944064K), 0.0867790 secs]
[GC 2363788K->2105308K(2944064K), 0.0825250 secs]
[GC 2361372K->2156549K(2944064K), 0.0859950 secs]
[GC 2412613K->2170843K(2944064K), 0.0898320 secs]
[GC 2426907K->2146861K(2944064K), 0.0850240 secs]
[GC 2402925K->2157089K(2944064K), 0.0741620 secs]
[GC 2413153K->2197067K(2944064K), 0.0606070 secs]
[GC 2453131K->2166052K(2944064K), 0.0626600 secs]
[GC 2422116K->2163278K(2944064K), 0.0715680 secs]
[GC 2419342K->2196374K(2944064K), 0.0552490 secs]
[GC 2452438K->2170294K(2944064K), 0.0583500 secs]
[GC 2426358K->2203436K(2944064K), 0.0600950 secs]
[GC 2459500K->2172285K(2944064K), 0.0615890 secs]
[GC 2428349K->2210353K(2944064K), 0.0624840 secs]
[GC 2466417K->2177390K(2944064K), 0.0639500 secs]
[GC 2433454K->2218432K(2944064K), 0.0647120 secs]
[GC 2474496K->2202041K(2944064K), 0.0772620 secs]
[GC 2458105K->2205548K(2944064K), 0.0594210 secs]
[GC 2461612K->2212185K(2944064K), 0.0599100 secs]
[GC 2468249K->2194356K(2944064K), 0.0702300 secs]
[GC 2450420K->2189803K(2944064K), 0.0581290 secs]
[GC 2445867K->2186439K(2944064K), 0.0598270 secs]
[GC 2442503K->2213435K(2944064K), 0.0589500 secs]
[GC 2469133K->2235939K(2944064K), 0.0700150 secs]
[GC 2491492K->2260177K(2944064K), 0.0803000 secs]
[GC 2514190K->2292653K(2944064K), 0.0990600 secs]
[GC 2548717K->2308471K(2944064K), 0.1003520 secs]
[GC 2564535K->2295982K(2944064K), 0.1187450 secs]
[GC 2552046K->2341867K(2944064K), 0.0704600 secs]
[GC 2597931K->2331204K(2944064K), 0.1011670 secs]
[GC 2587246K->2376616K(2944064K), 0.0659730 secs]
[GC 2632622K->2352340K(2944064K), 0.0819570 secs]
[GC 2605294K->2407624K(2944064K), 0.0890600 secs]
[GC 2663652K->2409388K(2944064K), 0.0834010 secs]
[GC 2665452K->2426299K(2944064K), 0.0902910 secs]
[GC 2682363K->2440559K(2944064K), 0.0898940 secs]
[GC 2696623K->2456302K(2944064K), 0.0912270 secs]
[GC 2711408K->2485988K(2944064K), 0.0949440 secs]
[GC 2490018K(2944064K), 0.0615260 secs]
[GC 2740217K->2471567K(2945600K), 0.1139730 secs]
[GC 2724285K->2495322K(2962688K), 0.0959160 secs]
[GC 2646222K(2962688K), 0.0703950 secs]
[GC 2349615K->2124570K(3728480K), 0.0965070 secs]
[GC 2380634K->2124005K(3728480K), 0.0952060 secs]
[GC 2380069K->2159108K(3728480K), 0.1041650 secs]
[GC 2415172K->2165402K(3728480K), 0.0995040 secs]
[GC 2421466K->2183875K(3728480K), 0.0983220 secs]
[GC 2439939K->2202291K(3728480K), 0.0937450 secs]
[GC 2458355K->2221299K(3728480K), 0.0989840 secs]
[GC 2475271K->2234767K(3728480K), 0.1021860 secs]
[GC 2490831K->2281245K(3728480K), 0.0776520 secs]
[GC 2537309K->2258196K(3728480K), 0.0839380 secs]
[GC 2514260K->2277604K(3728480K), 0.0661060 secs]
[GC 2533668K->2242813K(3728480K), 0.0668290 secs]
[GC 2498877K->2282150K(3728480K), 0.0677440 secs]
[GC 2538214K->2248024K(3728480K), 0.0702290 secs]
[GC 2504088K->2252378K(3728480K), 0.0814740 secs]
[GC 2508442K->2271134K(3728480K), 0.0671380 secs]
[GC 2527198K->2284394K(3728480K), 0.0678090 secs]
[GC 2540458K->2287915K(3728480K), 0.0670920 secs]
[GC 2543979K->2306435K(3728480K), 0.0782050 secs]
[GC 2562499K->2338458K(3728480K), 0.0997200 secs]
[GC 2594269K->2315206K(3728480K), 0.1033150 secs]
[GC 2567529K->2368021K(3728480K), 0.1087850 secs]
[GC 2624065K->2355291K(3728480K), 0.1022490 secs]
[GC 2608776K->2401380K(3728480K), 0.0986780 secs]
[GC 2657444K->2416810K(3728480K), 0.0965090 secs]
[GC 2672874K->2402514K(3728480K), 0.0999580 secs]
[GC 2658578K->2406822K(3728480K), 0.0890010 secs]
[GC 2662886K->2463294K(3728480K), 0.0771320 secs]
[GC 2719358K->2483435K(3728480K), 0.1045830 secs]
[GC 2739499K->2469734K(3728480K), 0.1038370 secs]
[GC 2725798K->2473442K(3728480K), 0.0884090 secs]
[GC 2729506K->2529980K(3728480K), 0.0859530 secs]
[GC 2783750K->2516953K(3728480K), 0.1119480 secs]
[GC 2773017K->2565621K(3728480K), 0.0852440 secs]
[GC 2821661K->2548390K(3728480K), 0.1073650 secs]
[GC 2804454K->2597379K(3728480K), 0.0811270 secs]
[GC 2853430K->2583585K(3728480K), 0.1061580 secs]
[GC 2839649K->2631588K(3728480K), 0.0761960 secs]
[GC 2887652K->2617819K(3728480K), 0.1110650 secs]
[GC 2873883K->2624455K(3728480K), 0.0833910 secs]
[GC 2880519K->2682271K(3728480K), 0.0885160 secs]
[GC 2938335K->2666683K(3728480K), 0.1129800 secs]
[GC 2922747K->2692242K(3728480K), 0.0852900 secs]
[GC 2948306K->2731362K(3728480K), 0.0802890 secs]
[GC 2987399K->2741209K(3728480K), 0.0996750 secs]
[GC 2997273K->2747342K(3728480K), 0.1103860 secs]
[GC 3003362K->2753663K(3728480K), 0.1015890 secs]
[GC 3009727K->2805029K(3728480K), 0.0780450 secs]
[GC 3061093K->2813946K(3728480K), 0.1062320 secs]
[GC 3068362K->2822114K(3728480K), 0.0991010 secs]
[GC 3078178K->2821609K(3728480K), 0.1006210 secs]
[GC 3077673K->2897967K(3728480K), 0.0901770 secs]
[GC 3153418K->2876101K(3728480K), 0.0949560 secs]
[GC 3132165K->2938616K(3728480K), 0.1036420 secs]
[GC 3194680K->2918890K(3728480K), 0.0891760 secs]
[GC 3172791K->2966711K(3728480K), 0.1065280 secs]
[GC 3222775K->2983366K(3728480K), 0.0981360 secs]
[GC 3239430K->3004933K(3728480K), 0.1055100 secs]
[GC 3257263K->3019074K(3728480K), 0.1024340 secs]
[GC 3275138K->3025975K(3728480K), 0.0925340 secs]
[GC 3282039K->3044255K(3728480K), 0.0999890 secs]
[GC 3300319K->3070584K(3728480K), 0.1085760 secs]
[GC 3324289K->3088579K(3728480K), 0.1019300 secs]
[GC 3344643K->3091295K(3728480K), 0.0950360 secs]
[GC 3347359K->3148853K(3728480K), 0.1060000 secs]
[GC 3401759K->3163927K(3728480K), 0.1030400 secs]
[GC 3419975K->3153218K(3728480K), 0.0968970 secs]
[GC 3153354K(3728480K), 0.0341130 secs]
[GC 3409282K->3210620K(3728480K), 0.1013260 secs]
[GC 3465558K->3208445K(3730208K), 0.1126830 secs]
[GC 3371997K(3730208K), 0.0616800 secs]
[GC 3229622K->2999784K(3730208K), 0.1175350 secs]
[GC 3151954K->2900541K(4650752K), 0.1117380 secs]
[GC 3156605K->2947380K(4650752K), 0.1077820 secs]
[GC 3203444K->2970045K(4650752K), 0.1006920 secs]
[GC 3226109K->2951099K(4650752K), 0.0935140 secs]
[GC 3207163K->2968767K(4650752K), 0.0942340 secs]
[GC 3224831K->3012164K(4650752K), 0.0693230 secs]
[GC 3268228K->2972898K(4650752K), 0.0734810 secs]
[GC 3228962K->3013480K(4650752K), 0.0771200 secs]
[GC 3269544K->3010351K(4650752K), 0.1060490 secs]
[GC 3266415K->3032609K(4650752K), 0.1103070 secs]
[GC 3288673K->3078690K(4650752K), 0.1007290 secs]
[GC 3334749K->3055325K(4650752K), 0.1203130 secs]
[GC 3308692K->3102565K(4650752K), 0.1064780 secs]
[GC 3357847K->3090654K(4650752K), 0.0997360 secs]
[GC 3346718K->3137623K(4650752K), 0.1017420 secs]
[GC 3393687K->3145492K(4650752K), 0.1053530 secs]
[GC 3401556K->3169203K(4650752K), 0.1013540 secs]
[GC 3425263K->3181125K(4650752K), 0.1019890 secs]
[GC 3437164K->3199351K(4650752K), 0.0995820 secs]
[GC 3455054K->3257904K(4650752K), 0.1056680 secs]
[GC 3513040K->3237143K(4650752K), 0.1021130 secs]
[GC 3493207K->3295843K(4650752K), 0.1009480 secs]
[GC 3551907K->3298944K(4650752K), 0.1132700 secs]
[GC 3555008K->3284404K(4650752K), 0.1105010 secs]
[GC 3540392K->3298248K(4650752K), 0.0997760 secs]
[GC 3554286K->3366956K(4650752K), 0.0974030 secs]
[GC 3619556K->3351459K(4650752K), 0.1110690 secs]
 INFO  [hz._hzInstance_1_FenixFrameworkGroup.HealthMonitor] {com.hazelcast.util.HealthMonitor} [127.0.0.1]:5709 [FenixFrameworkGroup] 
memory used=3.3G, free=1.1G, total=4.4G, max=4.7G, used/total=74.53% used/max=70.65%
cpu process-load=2.00%, system-load=14.00%, system-loadaverage=385.00%
[GC 3603991K->3410738K(4650752K), 0.1124640 secs]
[GC 3664717K->3387458K(4650752K), 0.1117340 secs]
[GC 3643522K->3448124K(4650752K), 0.1074640 secs]
[GC 3704188K->3438872K(4650752K), 0.1020240 secs]
 INFO  [hz._hzInstance_1_FenixFrameworkGroup.HealthMonitor] {com.hazelcast.util.HealthMonitor} [127.0.0.1]:5709 [FenixFrameworkGroup] 
memory used=3.3G, free=1.1G, total=4.4G, max=4.7G, used/total=75.42% used/max=71.49%
cpu process-load=2.00%, system-load=14.00%, system-loadaverage=334.00%
[GC 3694936K->3462643K(4650752K), 0.1044550 secs]
 INFO  [hz._hzInstance_1_FenixFrameworkGroup.HealthMonitor] {com.hazelcast.util.HealthMonitor} [127.0.0.1]:5709 [FenixFrameworkGroup] 
memory used=3.3G, free=1.1G, total=4.4G, max=4.7G, used/total=75.45% used/max=71.52%
cpu process-load=1.00%, system-load=8.00%, system-loadaverage=283.00%
 INFO  [hz._hzInstance_1_FenixFrameworkGroup.HealthMonitor] {com.hazelcast.util.HealthMonitor} [127.0.0.1]:5709 [FenixFrameworkGroup] 
memory used=3.4G, free=1.0G, total=4.4G, max=4.7G, used/total=77.43% used/max=73.39%
cpu process-load=1.00%, system-load=9.00%, system-loadaverage=239.00%
 INFO  [hz._hzInstance_1_FenixFrameworkGroup.HealthMonitor] {com.hazelcast.util.HealthMonitor} [127.0.0.1]:5709 [FenixFrameworkGroup] 
memory used=3.5G, free=929.2M, total=4.4G, max=4.7G, used/total=79.54% used/max=75.39%
cpu process-load=1.00%, system-load=8.00%, system-loadaverage=202.00%
[GC 3718707K->3447273K(4650752K), 0.0924290 secs]
 INFO  [hz._hzInstance_1_FenixFrameworkGroup.HealthMonitor] {com.hazelcast.util.HealthMonitor} [127.0.0.1]:5709 [FenixFrameworkGroup] 
memory used=3.4G, free=1.1G, total=4.4G, max=4.7G, used/total=75.81% used/max=71.86%
cpu process-load=1.00%, system-load=8.00%, system-loadaverage=171.00%
[GC 3703337K->3497834K(4650752K), 0.0840640 secs]
 INFO  [hz._hzInstance_1_FenixFrameworkGroup.HealthMonitor] {com.hazelcast.util.HealthMonitor} [127.0.0.1]:5709 [FenixFrameworkGroup] 
memory used=3.6G, free=894.3M, total=4.4G, max=4.7G, used/total=80.31% used/max=76.12%
cpu process-load=1.00%, system-load=10.00%, system-loadaverage=145.00%
[GC 3753898K->3512038K(4650752K), 0.1128300 secs]
[GC 3768102K->3521785K(4650752K), 0.1063910 secs]
[GC 3777849K->3569234K(4650752K), 0.1094610 secs]
[GC 3825269K->3573423K(4650752K), 0.1018650 secs]
[GC 3829487K->3608974K(4650752K), 0.1053480 secs]
 INFO  [hz._hzInstance_1_FenixFrameworkGroup.HealthMonitor] {com.hazelcast.util.HealthMonitor} [127.0.0.1]:5709 [FenixFrameworkGroup] 
memory used=3.5G, free=1002.2M, total=4.4G, max=4.7G, used/total=77.93% used/max=73.87%
cpu process-load=1.00%, system-load=11.00%, system-loadaverage=139.00%
[GC 3863960K->3595446K(4650752K), 0.1083570 secs]
[GC 3851510K->3617392K(4650752K), 0.0989520 secs]
[GC 3873447K->3635280K(4650752K), 0.1067200 secs]
[GC 3891344K->3656831K(4650752K), 0.1004820 secs]
 INFO  [hz._hzInstance_1_FenixFrameworkGroup.HealthMonitor] {com.hazelcast.util.HealthMonitor} [127.0.0.1]:5709 [FenixFrameworkGroup] 
memory used=3.5G, free=909.8M, total=4.4G, max=4.7G, used/total=79.97% used/max=75.80%
cpu process-load=1.00%, system-load=11.00%, system-loadaverage=133.00%
[GC 3912889K->3675125K(4650752K), 0.1072280 secs]
[GC 3931189K->3715028K(4650752K), 0.1069290 secs]
[GC 3971092K->3714806K(4650752K), 0.1037120 secs]
[GC 3970870K->3767864K(4650752K), 0.1045780 secs]
 INFO  [hz._hzInstance_1_FenixFrameworkGroup.HealthMonitor] {com.hazelcast.util.HealthMonitor} [127.0.0.1]:5709 [FenixFrameworkGroup] 
memory used=3.7G, free=775.3M, total=4.4G, max=4.7G, used/total=82.93% used/max=78.60%
cpu process-load=1.00%, system-load=12.00%, system-loadaverage=127.00%
[GC 4022070K->3772628K(4650752K), 0.1039900 secs]
[GC 4028692K->3795131K(4650752K), 0.0925010 secs]
[GC 4047878K->3812404K(4650752K), 0.0943350 secs]
[GC 4068468K->3816074K(4650752K), 0.1060840 secs]
 INFO  [hz._hzInstance_1_FenixFrameworkGroup.HealthMonitor] {com.hazelcast.util.HealthMonitor} [127.0.0.1]:5709 [FenixFrameworkGroup] 
memory used=3.8G, free=684.5M, total=4.4G, max=4.7G, used/total=84.93% used/max=80.50%
cpu process-load=1.00%, system-load=11.00%, system-loadaverage=123.00%
[GC 4070856K->3852454K(4650752K), 0.1087250 secs]
[GC 4108518K->3874674K(4650752K), 0.1044490 secs]
[GC 4129776K->3873338K(4650752K), 0.1066280 secs]
[GC 4129402K->3915320K(4650752K), 0.0959640 secs]
 INFO  [hz._hzInstance_1_FenixFrameworkGroup.HealthMonitor] {com.hazelcast.util.HealthMonitor} [127.0.0.1]:5709 [FenixFrameworkGroup] 
memory used=3.9G, free=538.7M, total=4.4G, max=4.7G, used/total=88.14% used/max=83.54%
cpu process-load=1.00%, system-load=11.00%, system-loadaverage=120.00%
[GC 4171331K->3932474K(4650752K), 0.1111560 secs]
[GC 4188538K->3936177K(4650752K), 0.1016850 secs]
[GC 4191710K->3953570K(4650752K), 0.1003350 secs]
 INFO  [pool-1-thread-1] {org.radargun.Slave} Executing stage: ClearClusterStage {ClearCluster {exitBenchmarkOnSlaveFailure=false, runOnAllSlaves=false, slaves=[ 0 ], useSmartClassLoading=true }
 INFO  [pool-1-thread-1] {org.radargun.stages.ClearClusterStage} Before executing clear, memory looks like this: Memory - free: 470,229 kb - max:4,906,688 kb- total:4,650,752 kb
[Full GC 4180522K->3678530K(4650752K), 11.5205760 secs]
 INFO  [pool-1-thread-1] {org.radargun.stages.ClearClusterStage} After executing cleanup, memory looks like this: Memory - free: 1,225,994 kb - max:4,906,688 kb- total:4,906,688 kb
 INFO  [pool-1-thread-1] {org.radargun.Slave} Finished stage: ClearClusterStage {ClearCluster {exitBenchmarkOnSlaveFailure=false, runOnAllSlaves=false, slaves=[ 0 ], useSmartClassLoading=true }
 INFO  [hz._hzInstance_1_FenixFrameworkGroup.HealthMonitor] {com.hazelcast.util.HealthMonitor} [127.0.0.1]:5709 [FenixFrameworkGroup] 
memory used=3.5G, free=1.2G, total=4.7G, max=4.7G, used/total=75.15% used/max=75.15%
cpu process-load=2.00%, system-load=17.00%, system-loadaverage=266.00%
 INFO  [main] {org.radargun.Slave} Ack successfully sent to the master
 INFO  [pool-1-thread-1] {org.radargun.Slave} Executing stage: StressTest {bulkSize=1, cacheSpecificKeyGenerator=false, commitTransactions=true, duration=1 mins 0 secs, entrySize=1000, exitBenchmarkOnSlaveFailure=false, fixedKeys=true, generateHistogramRange=false, keyGeneratorClass=org.radargun.stressors.StringKeyGenerator, keyGeneratorParam=null, loadAllKeys=false, numEntries=10000, numOfThreads=4, numRequests=10000000, numThreads=4, numberOfAttributes=10000, numberOfRequests=10000000, opsCountStatusLog=500000, poolKeys=true, preferAsyncOperations=false, removePercentage=0, replaceInvalidPercentage=40, runOnAllSlaves=false, sharedKeys=false, sizeOfAnAttribute=1000, slaves=null, transactionSize=10000, useAtomics=false, useHistogramStatistics=false, useSimpleStatistics=true, useSmartClassLoading=true, useTransactions=true, writePercentage=10, writeTxPercentage=100 }
 INFO  [pool-1-thread-1] {org.radargun.stages.StressTestStage} Starting StressTestStage: StressTest {bulkSize=1, cacheSpecificKeyGenerator=false, commitTransactions=true, duration=1 mins 0 secs, entrySize=1000, exitBenchmarkOnSlaveFailure=false, fixedKeys=true, generateHistogramRange=false, keyGeneratorClass=org.radargun.stressors.StringKeyGenerator, keyGeneratorParam=null, loadAllKeys=false, numEntries=10000, numOfThreads=4, numRequests=10000000, numThreads=4, numberOfAttributes=10000, numberOfRequests=10000000, opsCountStatusLog=500000, poolKeys=true, preferAsyncOperations=false, removePercentage=0, replaceInvalidPercentage=40, runOnAllSlaves=false, sharedKeys=false, sizeOfAnAttribute=1000, slaves=null, transactionSize=10000, useAtomics=false, useHistogramStatistics=false, useSimpleStatistics=true, useSmartClassLoading=true, useTransactions=true, writePercentage=10, writeTxPercentage=100 }
 INFO  [pool-1-thread-1] {org.radargun.stressors.StressTestStressor} Using key generator org.radargun.stressors.StringKeyGenerator, param null
 INFO  [pool-1-thread-1] {org.radargun.stressors.StressTestStressor} Executing: StressTestStressor{opsCountStatusLog=500000, numRequests=10000000, numEntries=10000, entrySize=1000, writePercentage=10, numThreads=4, cacheWrapper=org.radargun.cachewrappers.FFWrapper@3c02b115, nodeIndex=8, useTransactions=true, transactionSize=10000, commitTransactions=true, durationMillis=60000}
 INFO  [pool-1-thread-1] {org.radargun.stressors.StressTestStressor} Cache wrapper info is: FFWrapper using infinispan52
[GC 4105218K->3771703K(4906688K), 0.5004220 secs]
 INFO  [hz._hzInstance_1_FenixFrameworkGroup.HealthMonitor] {com.hazelcast.util.HealthMonitor} [127.0.0.1]:5709 [FenixFrameworkGroup] 
memory used=3.7G, free=955.4M, total=4.7G, max=4.7G, used/total=80.06% used/max=80.06%
cpu process-load=5.00%, system-load=18.00%, system-loadaverage=232.00%
[GC 4198391K->3720930K(4906688K), 0.3993600 secs]
 INFO  [hz._hzInstance_1_FenixFrameworkGroup.HealthMonitor] {com.hazelcast.util.HealthMonitor} [127.0.0.1]:5709 [FenixFrameworkGroup] 
memory used=3.8G, free=902.4M, total=4.7G, max=4.7G, used/total=81.17% used/max=81.17%
cpu process-load=7.00%, system-load=26.00%, system-loadaverage=197.00%
[GC 4147618K->3724823K(4906688K), 0.4189130 secs]
 INFO  [hz._hzInstance_1_FenixFrameworkGroup.HealthMonitor] {com.hazelcast.util.HealthMonitor} [127.0.0.1]:5709 [FenixFrameworkGroup] 
memory used=3.9G, free=825.6M, total=4.7G, max=4.7G, used/total=82.77% used/max=82.77%
cpu process-load=7.00%, system-load=25.00%, system-loadaverage=198.00%
[GC 4151511K->3724806K(4906688K), 0.4104730 secs]
[GC 4151494K->3740111K(4906688K), 0.4081190 secs]
 INFO  [hz._hzInstance_1_FenixFrameworkGroup.HealthMonitor] {com.hazelcast.util.HealthMonitor} [127.0.0.1]:5709 [FenixFrameworkGroup] 
memory used=3.6G, free=1.1G, total=4.7G, max=4.7G, used/total=76.23% used/max=76.23%
cpu process-load=7.00%, system-load=25.00%, system-loadaverage=197.00%
[GC 4166799K->3728680K(4906688K), 0.3754310 secs]
 INFO  [hz._hzInstance_1_FenixFrameworkGroup.HealthMonitor] {com.hazelcast.util.HealthMonitor} [127.0.0.1]:5709 [FenixFrameworkGroup] 
memory used=3.7G, free=1.0G, total=4.7G, max=4.7G, used/total=78.46% used/max=78.46%
cpu process-load=7.00%, system-load=26.00%, system-loadaverage=167.00%
[GC 4155368K->3744531K(4906688K), 0.3799450 secs]
 INFO  [hz._hzInstance_1_FenixFrameworkGroup.HealthMonitor] {com.hazelcast.util.HealthMonitor} [127.0.0.1]:5709 [FenixFrameworkGroup] 
memory used=3.8G, free=909.5M, total=4.7G, max=4.7G, used/total=81.02% used/max=81.02%
cpu process-load=7.00%, system-load=26.00%, system-loadaverage=141.00%
[GC 4171219K->3739682K(4906688K), 0.3912920 secs]
 INFO  [hz._hzInstance_1_FenixFrameworkGroup.HealthMonitor] {com.hazelcast.util.HealthMonitor} [127.0.0.1]:5709 [FenixFrameworkGroup] 
memory used=3.9G, free=837.7M, total=4.7G, max=4.7G, used/total=82.52% used/max=82.52%
cpu process-load=7.00%, system-load=25.00%, system-loadaverage=119.00%
[GC 4166370K->3756133K(4906688K), 0.3544520 secs]
 INFO  [hz._hzInstance_1_FenixFrameworkGroup.HealthMonitor] {com.hazelcast.util.HealthMonitor} [127.0.0.1]:5709 [FenixFrameworkGroup] 
memory used=4.0G, free=708.0M, total=4.7G, max=4.7G, used/total=85.22% used/max=85.22%
cpu process-load=7.00%, system-load=26.00%, system-loadaverage=101.00%
[GC 4182821K->3748226K(4906688K), 0.3654400 secs]
[GC 4174914K->3752093K(4906688K), 0.3590730 secs]
 INFO  [hz._hzInstance_1_FenixFrameworkGroup.HealthMonitor] {com.hazelcast.util.HealthMonitor} [127.0.0.1]:5709 [FenixFrameworkGroup] 
memory used=3.7G, free=1.0G, total=4.7G, max=4.7G, used/total=78.39% used/max=78.39%
cpu process-load=7.00%, system-load=25.00%, system-loadaverage=85.00%
[GC 4178781K->3773497K(4906688K), 0.3561620 secs]
 INFO  [hz._hzInstance_1_FenixFrameworkGroup.HealthMonitor] {com.hazelcast.util.HealthMonitor} [127.0.0.1]:5709 [FenixFrameworkGroup] 
memory used=3.8G, free=939.5M, total=4.7G, max=4.7G, used/total=80.39% used/max=80.39%
cpu process-load=7.00%, system-load=24.00%, system-loadaverage=104.00%
[GC 4200185K->3797339K(4906688K), 0.2889950 secs]
 INFO  [hz._hzInstance_1_FenixFrameworkGroup.HealthMonitor] {com.hazelcast.util.HealthMonitor} [127.0.0.1]:5709 [FenixFrameworkGroup] 
memory used=3.9G, free=802.1M, total=4.7G, max=4.7G, used/total=83.26% used/max=83.26%
cpu process-load=7.00%, system-load=26.00%, system-loadaverage=88.00%
[GC 4224027K->3804579K(4906688K), 0.3736320 secs]
 INFO  [hz._hzInstance_1_FenixFrameworkGroup.HealthMonitor] {com.hazelcast.util.HealthMonitor} [127.0.0.1]:5709 [FenixFrameworkGroup] 
memory used=4.0G, free=718.0M, total=4.7G, max=4.7G, used/total=85.01% used/max=85.01%
cpu process-load=7.00%, system-load=25.00%, system-loadaverage=104.00%
[GC 4231267K->3793073K(4906688K), 0.3666330 secs]
[GC 4219761K->3812606K(4906688K), 0.5999440 secs]
 INFO  [hz._hzInstance_1_FenixFrameworkGroup.HealthMonitor] {com.hazelcast.util.HealthMonitor} [127.0.0.1]:5709 [FenixFrameworkGroup] 
memory used=3.6G, free=1.0G, total=4.7G, max=4.7G, used/total=77.88% used/max=77.88%
cpu process-load=7.00%, system-load=24.00%, system-loadaverage=88.00%
[GC 4239294K->3802114K(4906688K), 0.0710600 secs]
 INFO  [hz._hzInstance_1_FenixFrameworkGroup.HealthMonitor] {com.hazelcast.util.HealthMonitor} [127.0.0.1]:5709 [FenixFrameworkGroup] 
memory used=3.8G, free=919.4M, total=4.7G, max=4.7G, used/total=80.81% used/max=80.81%
cpu process-load=7.00%, system-load=27.00%, system-loadaverage=82.00%
[GC 4228802K->3818542K(4906688K), 0.0810540 secs]
 INFO  [hz._hzInstance_1_FenixFrameworkGroup.HealthMonitor] {com.hazelcast.util.HealthMonitor} [127.0.0.1]:5709 [FenixFrameworkGroup] 
memory used=3.9G, free=751.3M, total=4.7G, max=4.7G, used/total=84.32% used/max=84.32%
cpu process-load=7.00%, system-load=28.00%, system-loadaverage=114.00%
[GC 4245230K->3822324K(4906688K), 0.0692200 secs]
[GC 4249012K->3842203K(4906688K), 0.0778720 secs]
 INFO  [hz._hzInstance_1_FenixFrameworkGroup.HealthMonitor] {com.hazelcast.util.HealthMonitor} [127.0.0.1]:5709 [FenixFrameworkGroup] 
memory used=3.7G, free=999.4M, total=4.7G, max=4.7G, used/total=79.14% used/max=79.14%
cpu process-load=7.00%, system-load=27.00%, system-loadaverage=96.00%
[GC 4268891K->3814376K(4906688K), 0.0749290 secs]
 INFO  [hz._hzInstance_1_FenixFrameworkGroup.HealthMonitor] {com.hazelcast.util.HealthMonitor} [127.0.0.1]:5709 [FenixFrameworkGroup] 
memory used=3.8G, free=889.1M, total=4.7G, max=4.7G, used/total=81.44% used/max=81.44%
cpu process-load=7.00%, system-load=27.00%, system-loadaverage=122.00%
[GC 4241064K->3854886K(4906688K), 0.1204150 secs]
 INFO  [hz._hzInstance_1_FenixFrameworkGroup.HealthMonitor] {com.hazelcast.util.HealthMonitor} [127.0.0.1]:5709 [FenixFrameworkGroup] 
memory used=4.0G, free=701.7M, total=4.7G, max=4.7G, used/total=85.36% used/max=85.36%
cpu process-load=7.00%, system-load=27.00%, system-loadaverage=103.00%
[GC 4281574K->3819693K(4906688K), 0.0700400 secs]
[GC 4246381K->3861571K(4906688K), 0.0721000 secs]
 INFO  [hz._hzInstance_1_FenixFrameworkGroup.HealthMonitor] {com.hazelcast.util.HealthMonitor} [127.0.0.1]:5709 [FenixFrameworkGroup] 
memory used=3.7G, free=970.7M, total=4.7G, max=4.7G, used/total=79.74% used/max=79.74%
cpu process-load=7.00%, system-load=27.00%, system-loadaverage=94.00%
[GC 4288259K->3827530K(4906688K), 0.0701620 secs]
 INFO  [hz._hzInstance_1_FenixFrameworkGroup.HealthMonitor] {com.hazelcast.util.HealthMonitor} [127.0.0.1]:5709 [FenixFrameworkGroup] 
memory used=3.8G, free=861.9M, total=4.7G, max=4.7G, used/total=82.01% used/max=82.01%
cpu process-load=7.00%, system-load=27.00%, system-loadaverage=80.00%
[GC 4254218K->3871367K(4906688K), 0.0713800 secs]
 INFO  [hz._hzInstance_1_FenixFrameworkGroup.HealthMonitor] {com.hazelcast.util.HealthMonitor} [127.0.0.1]:5709 [FenixFrameworkGroup] 
memory used=4.0G, free=669.2M, total=4.7G, max=4.7G, used/total=86.03% used/max=86.03%
cpu process-load=7.00%, system-load=28.00%, system-loadaverage=97.00%
[GC 4298055K->3836107K(4906688K), 0.0713370 secs]
[GC 4262795K->3879811K(4906688K), 0.0758510 secs]
[GC 4306499K->3911219K(4906688K), 0.0900530 secs]
 INFO  [hz._hzInstance_1_FenixFrameworkGroup.HealthMonitor] {com.hazelcast.util.HealthMonitor} [127.0.0.1]:5709 [FenixFrameworkGroup] 
memory used=3.8G, free=855.3M, total=4.7G, max=4.7G, used/total=82.15% used/max=82.15%
cpu process-load=7.00%, system-load=28.00%, system-loadaverage=114.00%
[GC 4337907K->3945500K(4906688K), 0.0968220 secs]
[GC 4371220K->3987108K(4906688K), 0.1027790 secs]
[GC 4413796K->3937982K(4906688K), 0.1226510 secs]
 INFO  [hz._hzInstance_1_FenixFrameworkGroup.HealthMonitor] {com.hazelcast.util.HealthMonitor} [127.0.0.1]:5709 [FenixFrameworkGroup] 
memory used=3.9G, free=772.3M, total=4.7G, max=4.7G, used/total=83.88% used/max=83.88%
cpu process-load=7.00%, system-load=28.00%, system-loadaverage=165.00%
[GC 4362863K->4029350K(4906688K), 0.1229270 secs]
[GC 4456001K->3980616K(4906688K), 0.1031030 secs]
[GC 4407304K->4067407K(4906688K), 0.1045170 secs]
 INFO  [hz._hzInstance_1_FenixFrameworkGroup.HealthMonitor] {com.hazelcast.util.HealthMonitor} [127.0.0.1]:5709 [FenixFrameworkGroup] 
memory used=4.1G, free=559.4M, total=4.7G, max=4.7G, used/total=88.33% used/max=88.33%
cpu process-load=7.00%, system-load=28.00%, system-loadaverage=147.00%
[GC 4494095K->4019095K(4906688K), 0.1060770 secs]
[GC 4445783K->4105256K(4906688K), 0.1071350 secs]
[GC 4531944K->4081312K(4906688K), 0.1151330 secs]
[GC 4082111K(4906688K), 0.0489570 secs]
 INFO  [hz._hzInstance_1_FenixFrameworkGroup.HealthMonitor] {com.hazelcast.util.HealthMonitor} [127.0.0.1]:5709 [FenixFrameworkGroup] 
memory used=4.3G, free=398.5M, total=4.7G, max=4.7G, used/total=91.68% used/max=91.68%
cpu process-load=7.00%, system-load=30.00%, system-loadaverage=178.00%
[GC 4507969K->4126807K(4906688K), 0.0873410 secs]
[GC 4553495K->4163595K(4906688K), 0.1080800 secs]
[GC 4378920K(4906688K), 0.1254310 secs]
[GC 4344979K->3876841K(4906688K), 0.1101930 secs]
[GC 4207368K->3863234K(4906688K), 0.1156180 secs]
 INFO  [hz._hzInstance_1_FenixFrameworkGroup.HealthMonitor] {com.hazelcast.util.HealthMonitor} [127.0.0.1]:5709 [FenixFrameworkGroup] 
memory used=3.8G, free=909.8M, total=4.7G, max=4.7G, used/total=81.01% used/max=81.01%
cpu process-load=8.00%, system-load=29.00%, system-loadaverage=226.00%
[GC 4289922K->3819617K(4906688K), 0.1148910 secs]
[GC 4246305K->3822974K(4906688K), 0.1251740 secs]
[GC 4249662K->3893577K(4906688K), 0.1152500 secs]
 INFO  [hz._hzInstance_1_FenixFrameworkGroup.HealthMonitor] {com.hazelcast.util.HealthMonitor} [127.0.0.1]:5709 [FenixFrameworkGroup] 
memory used=3.9G, free=780.8M, total=4.7G, max=4.7G, used/total=83.71% used/max=83.71%
cpu process-load=7.00%, system-load=32.00%, system-loadaverage=222.00%
[GC 4320261K->3913866K(4906688K), 0.1154780 secs]
[GC 4340554K->3934527K(4906688K), 0.1179000 secs]
 INFO  [hz._hzInstance_1_FenixFrameworkGroup.HealthMonitor] {com.hazelcast.util.HealthMonitor} [127.0.0.1]:5709 [FenixFrameworkGroup] 
memory used=4.1G, free=598.5M, total=4.7G, max=4.7G, used/total=87.51% used/max=87.51%
cpu process-load=7.00%, system-load=32.00%, system-loadaverage=256.00%
[GC 4361215K->3902950K(4906688K), 0.1158770 secs]
[GC 4329638K->3995398K(4906688K), 0.0915780 secs]
 INFO  [hz._hzInstance_1_FenixFrameworkGroup.HealthMonitor] {com.hazelcast.util.HealthMonitor} [127.0.0.1]:5709 [FenixFrameworkGroup] 
memory used=3.9G, free=772.9M, total=4.7G, max=4.7G, used/total=83.87% used/max=83.87%
cpu process-load=8.00%, system-load=28.00%, system-loadaverage=232.00%
[GC 4422086K->3951740K(4906688K), 0.1159290 secs]
 INFO  [hz._hzInstance_1_FenixFrameworkGroup.HealthMonitor] {com.hazelcast.util.HealthMonitor} [127.0.0.1]:5709 [FenixFrameworkGroup] 
memory used=4.1G, free=625.8M, total=4.7G, max=4.7G, used/total=86.94% used/max=86.94%
cpu process-load=8.00%, system-load=26.00%, system-loadaverage=196.00%
[GC 4378428K->3990394K(4906688K), 0.0886740 secs]
[GC 4417082K->3949967K(4906688K), 0.0945130 secs]
 INFO  [hz._hzInstance_1_FenixFrameworkGroup.HealthMonitor] {com.hazelcast.util.HealthMonitor} [127.0.0.1]:5709 [FenixFrameworkGroup] 
memory used=3.8G, free=863.0M, total=4.7G, max=4.7G, used/total=81.99% used/max=81.99%
cpu process-load=8.00%, system-load=27.00%, system-loadaverage=182.00%
[GC 4376655K->4008826K(4906688K), 0.1040840 secs]
 INFO  [hz._hzInstance_1_FenixFrameworkGroup.HealthMonitor] {com.hazelcast.util.HealthMonitor} [127.0.0.1]:5709 [FenixFrameworkGroup] 
memory used=4.1G, free=598.9M, total=4.7G, max=4.7G, used/total=87.50% used/max=87.50%
cpu process-load=8.00%, system-load=30.00%, system-loadaverage=184.00%
[GC 4435514K->3985675K(4906688K), 0.1187730 secs]
[GC 4412363K->3964111K(4906688K), 0.0956040 secs]
 INFO  [hz._hzInstance_1_FenixFrameworkGroup.HealthMonitor] {com.hazelcast.util.HealthMonitor} [127.0.0.1]:5709 [FenixFrameworkGroup] 
memory used=3.8G, free=850.6M, total=4.7G, max=4.7G, used/total=82.25% used/max=82.25%
cpu process-load=8.00%, system-load=28.00%, system-loadaverage=186.00%
[GC 4390799K->3993097K(4906688K), 0.0935830 secs]
 INFO  [hz._hzInstance_1_FenixFrameworkGroup.HealthMonitor] {com.hazelcast.util.HealthMonitor} [127.0.0.1]:5709 [FenixFrameworkGroup] 
memory used=4.1G, free=622.6M, total=4.7G, max=4.7G, used/total=87.01% used/max=87.01%
cpu process-load=8.00%, system-load=26.00%, system-loadaverage=157.00%
[GC 4419785K->3993357K(4906688K), 0.0984390 secs]
[GC 4420045K->3984454K(4906688K), 0.1151820 secs]
 INFO  [hz._hzInstance_1_FenixFrameworkGroup.HealthMonitor] {com.hazelcast.util.HealthMonitor} [127.0.0.1]:5709 [FenixFrameworkGroup] 
memory used=3.9G, free=848.5M, total=4.7G, max=4.7G, used/total=82.29% used/max=82.29%
cpu process-load=8.00%, system-load=27.00%, system-loadaverage=141.00%
[GC 4411142K->4003622K(4906688K), 0.0962360 secs]
 INFO  [hz._hzInstance_1_FenixFrameworkGroup.HealthMonitor] {com.hazelcast.util.HealthMonitor} [127.0.0.1]:5709 [FenixFrameworkGroup] 
memory used=4.1G, free=622.9M, total=4.7G, max=4.7G, used/total=87.00% used/max=87.00%
cpu process-load=8.00%, system-load=27.00%, system-loadaverage=127.00%
[GC 4430310K->4007043K(4906688K), 0.0945530 secs]
[GC 4433731K->4028065K(4906688K), 0.0940060 secs]
 INFO  [hz._hzInstance_1_FenixFrameworkGroup.HealthMonitor] {com.hazelcast.util.HealthMonitor} [127.0.0.1]:5709 [FenixFrameworkGroup] 
memory used=3.9G, free=807.5M, total=4.7G, max=4.7G, used/total=83.15% used/max=83.15%
cpu process-load=8.00%, system-load=26.00%, system-loadaverage=107.00%
[GC 4454753K->4018963K(4906688K), 0.1059370 secs]
 INFO  [hz._hzInstance_1_FenixFrameworkGroup.HealthMonitor] {com.hazelcast.util.HealthMonitor} [127.0.0.1]:5709 [FenixFrameworkGroup] 
memory used=4.1G, free=619.2M, total=4.7G, max=4.7G, used/total=87.08% used/max=87.08%
cpu process-load=8.00%, system-load=26.00%, system-loadaverage=91.00%
[GC 4445651K->4031029K(4906688K), 0.1221060 secs]
[GC 4457717K->4035258K(4906688K), 0.1043430 secs]
 INFO  [hz._hzInstance_1_FenixFrameworkGroup.HealthMonitor] {com.hazelcast.util.HealthMonitor} [127.0.0.1]:5709 [FenixFrameworkGroup] 
memory used=3.9G, free=816.1M, total=4.7G, max=4.7G, used/total=82.97% used/max=82.97%
cpu process-load=8.00%, system-load=27.00%, system-loadaverage=84.00%
[GC 4461946K->4046697K(4906688K), 0.1050710 secs]
 INFO  [hz._hzInstance_1_FenixFrameworkGroup.HealthMonitor] {com.hazelcast.util.HealthMonitor} [127.0.0.1]:5709 [FenixFrameworkGroup] 
memory used=4.1G, free=594.3M, total=4.7G, max=4.7G, used/total=87.60% used/max=87.60%
cpu process-load=8.00%, system-load=26.00%, system-loadaverage=71.00%
[GC 4473385K->4069689K(4906688K), 0.1067220 secs]
[GC 4496377K->4046224K(4906688K), 0.1061660 secs]
 INFO  [hz._hzInstance_1_FenixFrameworkGroup.HealthMonitor] {com.hazelcast.util.HealthMonitor} [127.0.0.1]:5709 [FenixFrameworkGroup] 
memory used=3.9G, free=814.6M, total=4.7G, max=4.7G, used/total=83.00% used/max=83.00%
cpu process-load=8.00%, system-load=26.00%, system-loadaverage=68.00%
[GC 4472912K->4062495K(4906688K), 0.1071890 secs]
 INFO  [hz._hzInstance_1_FenixFrameworkGroup.HealthMonitor] {com.hazelcast.util.HealthMonitor} [127.0.0.1]:5709 [FenixFrameworkGroup] 
memory used=4.1G, free=599.1M, total=4.7G, max=4.7G, used/total=87.50% used/max=87.50%
cpu process-load=8.00%, system-load=26.00%, system-loadaverage=58.00%
[GC 4489183K->4061988K(4906688K), 0.1047130 secs]
 INFO  [pool-1-thread-1] {org.radargun.stressors.StressTestStressor} Started 4 stressor threads.
 INFO  [Stressor-1] {org.radargun.stressors.StressTestStressor} Number of ops executed so far: 1. Elapsed time: 0.000 secs. Remaining: 1 mins 0 secs. Total: 1 mins 0 secs
[GC 4488676K->4091330K(4906688K), 0.1138100 secs]
[GC 4518010K->4110012K(4906688K), 0.1258480 secs]
[GC 4111110K(4906688K), 0.1013780 secs]
 INFO  [hz._hzInstance_1_FenixFrameworkGroup.HealthMonitor] {com.hazelcast.util.HealthMonitor} [127.0.0.1]:5709 [FenixFrameworkGroup] 
memory used=4.1G, free=642.4M, total=4.7G, max=4.7G, used/total=86.59% used/max=86.59%
cpu process-load=7.00%, system-load=26.00%, system-loadaverage=81.00%
[GC 4534062K->4107656K(4906688K), 0.1370720 secs]
[GC 4532879K->4142488K(4906688K), 0.1342610 secs]
[GC 4480285K(4906688K), 0.1267180 secs]
[GC 4551025K->4132805K(4906688K), 0.1332500 secs]
[GC 4518225K->4117846K(4906688K), 0.1371650 secs]
[GC 4117995K(4906688K), 0.0554030 secs]
 INFO  [hz._hzInstance_1_FenixFrameworkGroup.HealthMonitor] {com.hazelcast.util.HealthMonitor} [127.0.0.1]:5709 [FenixFrameworkGroup] 
memory used=4.2G, free=500.4M, total=4.7G, max=4.7G, used/total=89.56% used/max=89.56%
cpu process-load=8.00%, system-load=32.00%, system-loadaverage=132.00%
[GC 4544534K->4134492K(4906688K), 0.0989060 secs]
[GC 4561180K->4128425K(4906688K), 0.1208710 secs]
[GC 4346641K(4906688K), 0.1017370 secs]
[GC 4531972K->4119415K(4906688K), 0.1133450 secs]
[GC 4120205K(4906688K), 0.0586590 secs]
 INFO  [Stressor-2] {org.radargun.stressors.StressTestStressor} Number of ops executed so far: 206923. Elapsed time: 20.012 secs. Remaining: 39.988 secs. Total: 1 mins 0 secs
[GC 4544973K->4118815K(4906688K), 0.0962940 secs]
 INFO  [hz._hzInstance_1_FenixFrameworkGroup.HealthMonitor] {com.hazelcast.util.HealthMonitor} [127.0.0.1]:5709 [FenixFrameworkGroup] 
memory used=4.3G, free=408.8M, total=4.7G, max=4.7G, used/total=91.47% used/max=91.47%
cpu process-load=8.00%, system-load=40.00%, system-loadaverage=272.00%
[GC 4545503K->4161555K(4906688K), 0.1302690 secs]
[GC 4481465K(4906688K), 0.1268040 secs]
[GC 4580209K->4177887K(4906688K), 0.1265880 secs]
[GC 4597076K->4178825K(4906688K), 0.1040270 secs]
[GC 4179694K(4906688K), 0.0504440 secs]
[GC 4605484K->4185655K(4906688K), 0.1013410 secs]
[GC 4612343K->4185590K(4906688K), 0.0857400 secs]
 INFO  [hz._hzInstance_1_FenixFrameworkGroup.HealthMonitor] {com.hazelcast.util.HealthMonitor} [127.0.0.1]:5709 [FenixFrameworkGroup] 
memory used=4.1G, free=582.0M, total=4.7G, max=4.7G, used/total=87.85% used/max=87.85%
cpu process-load=8.00%, system-load=41.00%, system-loadaverage=377.00%
[GC 4432516K(4906688K), 0.1018670 secs]
[GC 4600661K->4206607K(4906688K), 0.1065380 secs]
[GC 4629834K->4226949K(4906688K), 0.1170210 secs]
[GC 4227019K(4906688K), 0.0394800 secs]
[GC 4653637K->4238162K(4906688K), 0.0988170 secs]
 INFO  [Stressor-2] {org.radargun.stressors.StressTestStressor} Number of ops executed so far: 410000. Elapsed time: 40.278 secs. Remaining: 19.722 secs. Total: 1 mins 0 secs
[GC 4664850K->4244531K(4906688K), 0.0971090 secs]
 INFO  [hz._hzInstance_1_FenixFrameworkGroup.HealthMonitor] {com.hazelcast.util.HealthMonitor} [127.0.0.1]:5709 [FenixFrameworkGroup] 
memory used=4.4G, free=287.7M, total=4.7G, max=4.7G, used/total=94.00% used/max=94.00%
cpu process-load=8.00%, system-load=45.00%, system-loadaverage=480.00%
[GC 4671219K->4244158K(4906688K), 0.0847780 secs]
[GC 4478998K(4906688K), 0.0946420 secs]
[GC 4657000K->4249313K(4906688K), 0.0975020 secs]
[GC 4668817K(4906688K), 0.3605910 secs]
[GC 4673585K->4301255K(4906688K), 0.1039580 secs]
[GC 4727943K->4308782K(4906688K), 0.1142830 secs]
[GC 4735470K->4301615K(4906688K), 0.0966520 secs]
 INFO  [hz._hzInstance_1_FenixFrameworkGroup.HealthMonitor] {com.hazelcast.util.HealthMonitor} [127.0.0.1]:5709 [FenixFrameworkGroup] 
memory used=4.2G, free=499.4M, total=4.7G, max=4.7G, used/total=89.58% used/max=89.58%
cpu process-load=8.00%, system-load=42.00%, system-loadaverage=560.00%
[GC 4708157K(4906688K), 0.2977280 secs]
[GC 4693895K(4906688K), 0.3422770 secs]
 INFO  [hz._hzInstance_1_FenixFrameworkGroup.HealthMonitor] {com.hazelcast.util.HealthMonitor} [127.0.0.1]:5709 [FenixFrameworkGroup] 
memory used=4.5G, free=207.8M, total=4.7G, max=4.7G, used/total=95.66% used/max=95.66%
cpu process-load=2.00%, system-load=22.00%, system-loadaverage=612.00%
 ERROR [Stressor-3] {org.infinispan.interceptors.InvocationContextInterceptor} ISPN000136: Execution error
org.infinispan.util.concurrent.TimeoutException: Replication timeout for deimos-esw-47534
	at org.infinispan.remoting.transport.AbstractTransport.parseResponseAndAddToResponseList(AbstractTransport.java:113)
	at org.infinispan.remoting.transport.jgroups.JGroupsTransport.invokeRemotely(JGroupsTransport.java:541)
	at org.infinispan.remoting.rpc.RpcManagerImpl.invokeRemotely(RpcManagerImpl.java:169)
	at org.infinispan.remoting.rpc.RpcManagerImpl.invokeRemotely(RpcManagerImpl.java:190)
	at org.infinispan.remoting.rpc.RpcManagerImpl.invokeRemotely(RpcManagerImpl.java:247)
	at org.infinispan.remoting.rpc.RpcManagerImpl.invokeRemotely(RpcManagerImpl.java:234)
	at org.infinispan.remoting.rpc.RpcManagerImpl.invokeRemotely(RpcManagerImpl.java:229)
	at org.infinispan.remoting.rpc.RpcManagerImpl.broadcastRpcCommand(RpcManagerImpl.java:208)
	at org.infinispan.interceptors.ReplicationInterceptor.broadcastPrepare(ReplicationInterceptor.java:109)
	at org.infinispan.interceptors.ReplicationInterceptor.visitPrepareCommand(ReplicationInterceptor.java:101)
	at org.infinispan.commands.tx.PrepareCommand.acceptVisitor(PrepareCommand.java:124)
	at org.infinispan.interceptors.base.CommandInterceptor.invokeNextInterceptor(CommandInterceptor.java:118)
	at org.infinispan.interceptors.DeadlockDetectingInterceptor.visitPrepareCommand(DeadlockDetectingInterceptor.java:107)
	at org.infinispan.commands.tx.PrepareCommand.acceptVisitor(PrepareCommand.java:124)
	at org.infinispan.interceptors.base.CommandInterceptor.invokeNextInterceptor(CommandInterceptor.java:118)
	at org.infinispan.interceptors.EntryWrappingInterceptor.visitPrepareCommand(EntryWrappingInterceptor.java:106)
	at org.infinispan.commands.tx.PrepareCommand.acceptVisitor(PrepareCommand.java:124)
	at org.infinispan.interceptors.base.CommandInterceptor.invokeNextInterceptor(CommandInterceptor.java:118)
	at org.infinispan.interceptors.locking.AbstractTxLockingInterceptor.invokeNextAndCommitIf1Pc(AbstractTxLockingInterceptor.java:108)
	at org.infinispan.interceptors.locking.OptimisticLockingInterceptor.visitPrepareCommand(OptimisticLockingInterceptor.java:135)
	at org.infinispan.commands.tx.PrepareCommand.acceptVisitor(PrepareCommand.java:124)
	at org.infinispan.interceptors.base.CommandInterceptor.invokeNextInterceptor(CommandInterceptor.java:118)
	at org.infinispan.interceptors.NotificationInterceptor.visitPrepareCommand(NotificationInterceptor.java:58)
	at org.infinispan.commands.tx.PrepareCommand.acceptVisitor(PrepareCommand.java:124)
	at org.infinispan.interceptors.base.CommandInterceptor.invokeNextInterceptor(CommandInterceptor.java:118)
	at org.infinispan.interceptors.TxInterceptor.invokeNextInterceptorAndVerifyTransaction(TxInterceptor.java:128)
	at org.infinispan.interceptors.TxInterceptor.visitPrepareCommand(TxInterceptor.java:115)
	at org.infinispan.commands.tx.PrepareCommand.acceptVisitor(PrepareCommand.java:124)
	at org.infinispan.interceptors.base.CommandInterceptor.invokeNextInterceptor(CommandInterceptor.java:118)
	at org.infinispan.interceptors.base.CommandInterceptor.handleDefault(CommandInterceptor.java:132)
	at org.infinispan.commands.AbstractVisitor.visitPrepareCommand(AbstractVisitor.java:126)
	at org.infinispan.statetransfer.TransactionSynchronizerInterceptor.visitPrepareCommand(TransactionSynchronizerInterceptor.java:61)
	at org.infinispan.commands.tx.PrepareCommand.acceptVisitor(PrepareCommand.java:124)
	at org.infinispan.interceptors.base.CommandInterceptor.invokeNextInterceptor(CommandInterceptor.java:118)
	at org.infinispan.statetransfer.StateTransferInterceptor.handleTopologyAffectedCommand(StateTransferInterceptor.java:216)
	at org.infinispan.statetransfer.StateTransferInterceptor.handleTxCommand(StateTransferInterceptor.java:189)
	at org.infinispan.statetransfer.StateTransferInterceptor.visitPrepareCommand(StateTransferInterceptor.java:93)
	at org.infinispan.commands.tx.PrepareCommand.acceptVisitor(PrepareCommand.java:124)
	at org.infinispan.interceptors.base.CommandInterceptor.invokeNextInterceptor(CommandInterceptor.java:118)
	at org.infinispan.interceptors.base.CommandInterceptor.handleDefault(CommandInterceptor.java:132)
	at org.infinispan.commands.AbstractVisitor.visitPrepareCommand(AbstractVisitor.java:126)
	at org.infinispan.commands.tx.PrepareCommand.acceptVisitor(PrepareCommand.java:124)
	at org.infinispan.interceptors.base.CommandInterceptor.invokeNextInterceptor(CommandInterceptor.java:118)
	at org.infinispan.interceptors.InvocationContextInterceptor.handleAll(InvocationContextInterceptor.java:128)
	at org.infinispan.interceptors.InvocationContextInterceptor.handleDefault(InvocationContextInterceptor.java:92)
	at org.infinispan.commands.AbstractVisitor.visitPrepareCommand(AbstractVisitor.java:126)
	at org.infinispan.commands.tx.PrepareCommand.acceptVisitor(PrepareCommand.java:124)
	at org.infinispan.interceptors.InterceptorChain.invoke(InterceptorChain.java:343)
	at org.infinispan.transaction.TransactionCoordinator.prepare(TransactionCoordinator.java:141)
	at org.infinispan.transaction.TransactionCoordinator.prepare(TransactionCoordinator.java:123)
	at org.infinispan.transaction.synchronization.SynchronizationAdapter.beforeCompletion(SynchronizationAdapter.java:68)
	at com.arjuna.ats.internal.jta.resources.arjunacore.SynchronizationImple.beforeCompletion(SynchronizationImple.java:76)
	at com.arjuna.ats.arjuna.coordinator.TwoPhaseCoordinator.beforeCompletion(TwoPhaseCoordinator.java:273)
	at com.arjuna.ats.arjuna.coordinator.TwoPhaseCoordinator.end(TwoPhaseCoordinator.java:93)
	at com.arjuna.ats.arjuna.AtomicAction.commit(AtomicAction.java:164)
	at com.arjuna.ats.internal.jta.transaction.arjunacore.TransactionImple.commitAndDisassociate(TransactionImple.java:1165)
	at com.arjuna.ats.internal.jta.transaction.arjunacore.BaseTransaction.commit(BaseTransaction.java:117)
	at org.radargun.cachewrappers.InfinispanWrapper.endTransaction(InfinispanWrapper.java:330)
	at pt.ist.fenixframework.backend.jvstm.datagrid.radargun.DataGridDecorator.commitTransaction(DataGridDecorator.java:104)
	at pt.ist.fenixframework.backend.jvstm.datagrid.DataGridRepository.doWithinBackingTransactionIfNeeded(DataGridRepository.java:237)
	at pt.ist.fenixframework.backend.jvstm.datagrid.DataGridRepository.persistChanges(DataGridRepository.java:153)
	at pt.ist.fenixframework.backend.jvstm.pstm.PersistentTransaction.doCommit(PersistentTransaction.java:83)
	at jvstm.TopLevelTransaction.performValidCommit(TopLevelTransaction.java:101)
	at pt.ist.fenixframework.backend.jvstm.pstm.PersistentTransaction.performValidCommit(PersistentTransaction.java:204)
	at pt.ist.fenixframework.backend.jvstm.pstm.ClusteredPersistentTransaction.performValidCommit(ClusteredPersistentTransaction.java:87)
	at jvstm.TopLevelTransaction.tryCommit(TopLevelTransaction.java:69)
	at jvstm.cps.ConsistentTopLevelTransaction.tryCommit(ConsistentTopLevelTransaction.java:75)
	at pt.ist.fenixframework.backend.jvstm.pstm.ClusteredPersistentTransaction.tryCommit(ClusteredPersistentTransaction.java:51)
	at jvstm.ReadWriteTransaction.doCommit(ReadWriteTransaction.java:73)
	at pt.ist.fenixframework.backend.jvstm.pstm.PersistentTransaction.doCommit(PersistentTransaction.java:75)
	at jvstm.Transaction.commitTx(Transaction.java:248)
	at jvstm.Transaction.commit(Transaction.java:178)
	at pt.ist.fenixframework.backend.jvstm.JVSTMTransaction.backendCommit(JVSTMTransaction.java:52)
	at pt.ist.fenixframework.core.AbstractTransaction.commit(AbstractTransaction.java:62)
	at pt.ist.fenixframework.backend.jvstm.JVSTMTransactionManager.backendCommit(JVSTMTransactionManager.java:81)
	at pt.ist.fenixframework.core.AbstractTransactionManager.commit(AbstractTransactionManager.java:60)
	at org.radargun.cachewrappers.FFWrapper.endTransaction(FFWrapper.java:204)
	at org.radargun.stressors.StressTestStressor$Stressor.endTransaction(StressTestStressor.java:801)
	at org.radargun.stressors.StressTestStressor$Stressor.makeRequest(StressTestStressor.java:746)
	at org.radargun.stressors.StressTestStressor$FixedSetOperationLogic.run(StressTestStressor.java:313)
	at org.radargun.stressors.StressTestStressor$Stressor.runInternal(StressTestStressor.java:651)
	at org.radargun.stressors.StressTestStressor$Stressor.run(StressTestStressor.java:635)
 ERROR [Stressor-3] {org.infinispan.transaction.TransactionCoordinator} Error while processing prepare
org.infinispan.util.concurrent.TimeoutException: Replication timeout for deimos-esw-47534
	at org.infinispan.remoting.transport.AbstractTransport.parseResponseAndAddToResponseList(AbstractTransport.java:113)
	at org.infinispan.remoting.transport.jgroups.JGroupsTransport.invokeRemotely(JGroupsTransport.java:541)
	at org.infinispan.remoting.rpc.RpcManagerImpl.invokeRemotely(RpcManagerImpl.java:169)
	at org.infinispan.remoting.rpc.RpcManagerImpl.invokeRemotely(RpcManagerImpl.java:190)
	at org.infinispan.remoting.rpc.RpcManagerImpl.invokeRemotely(RpcManagerImpl.java:247)
	at org.infinispan.remoting.rpc.RpcManagerImpl.invokeRemotely(RpcManagerImpl.java:234)
	at org.infinispan.remoting.rpc.RpcManagerImpl.invokeRemotely(RpcManagerImpl.java:229)
	at org.infinispan.remoting.rpc.RpcManagerImpl.broadcastRpcCommand(RpcManagerImpl.java:208)
	at org.infinispan.interceptors.ReplicationInterceptor.broadcastPrepare(ReplicationInterceptor.java:109)
	at org.infinispan.interceptors.ReplicationInterceptor.visitPrepareCommand(ReplicationInterceptor.java:101)
	at org.infinispan.commands.tx.PrepareCommand.acceptVisitor(PrepareCommand.java:124)
	at org.infinispan.interceptors.base.CommandInterceptor.invokeNextInterceptor(CommandInterceptor.java:118)
	at org.infinispan.interceptors.DeadlockDetectingInterceptor.visitPrepareCommand(DeadlockDetectingInterceptor.java:107)
	at org.infinispan.commands.tx.PrepareCommand.acceptVisitor(PrepareCommand.java:124)
	at org.infinispan.interceptors.base.CommandInterceptor.invokeNextInterceptor(CommandInterceptor.java:118)
	at org.infinispan.interceptors.EntryWrappingInterceptor.visitPrepareCommand(EntryWrappingInterceptor.java:106)
	at org.infinispan.commands.tx.PrepareCommand.acceptVisitor(PrepareCommand.java:124)
	at org.infinispan.interceptors.base.CommandInterceptor.invokeNextInterceptor(CommandInterceptor.java:118)
	at org.infinispan.interceptors.locking.AbstractTxLockingInterceptor.invokeNextAndCommitIf1Pc(AbstractTxLockingInterceptor.java:108)
	at org.infinispan.interceptors.locking.OptimisticLockingInterceptor.visitPrepareCommand(OptimisticLockingInterceptor.java:135)
	at org.infinispan.commands.tx.PrepareCommand.acceptVisitor(PrepareCommand.java:124)
	at org.infinispan.interceptors.base.CommandInterceptor.invokeNextInterceptor(CommandInterceptor.java:118)
	at org.infinispan.interceptors.NotificationInterceptor.visitPrepareCommand(NotificationInterceptor.java:58)
	at org.infinispan.commands.tx.PrepareCommand.acceptVisitor(PrepareCommand.java:124)
	at org.infinispan.interceptors.base.CommandInterceptor.invokeNextInterceptor(CommandInterceptor.java:118)
	at org.infinispan.interceptors.TxInterceptor.invokeNextInterceptorAndVerifyTransaction(TxInterceptor.java:128)
	at org.infinispan.interceptors.TxInterceptor.visitPrepareCommand(TxInterceptor.java:115)
	at org.infinispan.commands.tx.PrepareCommand.acceptVisitor(PrepareCommand.java:124)
	at org.infinispan.interceptors.base.CommandInterceptor.invokeNextInterceptor(CommandInterceptor.java:118)
	at org.infinispan.interceptors.base.CommandInterceptor.handleDefault(CommandInterceptor.java:132)
	at org.infinispan.commands.AbstractVisitor.visitPrepareCommand(AbstractVisitor.java:126)
	at org.infinispan.statetransfer.TransactionSynchronizerInterceptor.visitPrepareCommand(TransactionSynchronizerInterceptor.java:61)
	at org.infinispan.commands.tx.PrepareCommand.acceptVisitor(PrepareCommand.java:124)
	at org.infinispan.interceptors.base.CommandInterceptor.invokeNextInterceptor(CommandInterceptor.java:118)
	at org.infinispan.statetransfer.StateTransferInterceptor.handleTopologyAffectedCommand(StateTransferInterceptor.java:216)
	at org.infinispan.statetransfer.StateTransferInterceptor.handleTxCommand(StateTransferInterceptor.java:189)
	at org.infinispan.statetransfer.StateTransferInterceptor.visitPrepareCommand(StateTransferInterceptor.java:93)
	at org.infinispan.commands.tx.PrepareCommand.acceptVisitor(PrepareCommand.java:124)
	at org.infinispan.interceptors.base.CommandInterceptor.invokeNextInterceptor(CommandInterceptor.java:118)
	at org.infinispan.interceptors.base.CommandInterceptor.handleDefault(CommandInterceptor.java:132)
	at org.infinispan.commands.AbstractVisitor.visitPrepareCommand(AbstractVisitor.java:126)
	at org.infinispan.commands.tx.PrepareCommand.acceptVisitor(PrepareCommand.java:124)
	at org.infinispan.interceptors.base.CommandInterceptor.invokeNextInterceptor(CommandInterceptor.java:118)
	at org.infinispan.interceptors.InvocationContextInterceptor.handleAll(InvocationContextInterceptor.java:128)
	at org.infinispan.interceptors.InvocationContextInterceptor.handleDefault(InvocationContextInterceptor.java:92)
	at org.infinispan.commands.AbstractVisitor.visitPrepareCommand(AbstractVisitor.java:126)
	at org.infinispan.commands.tx.PrepareCommand.acceptVisitor(PrepareCommand.java:124)
	at org.infinispan.interceptors.InterceptorChain.invoke(InterceptorChain.java:343)
	at org.infinispan.transaction.TransactionCoordinator.prepare(TransactionCoordinator.java:141)
	at org.infinispan.transaction.TransactionCoordinator.prepare(TransactionCoordinator.java:123)
	at org.infinispan.transaction.synchronization.SynchronizationAdapter.beforeCompletion(SynchronizationAdapter.java:68)
	at com.arjuna.ats.internal.jta.resources.arjunacore.SynchronizationImple.beforeCompletion(SynchronizationImple.java:76)
	at com.arjuna.ats.arjuna.coordinator.TwoPhaseCoordinator.beforeCompletion(TwoPhaseCoordinator.java:273)
	at com.arjuna.ats.arjuna.coordinator.TwoPhaseCoordinator.end(TwoPhaseCoordinator.java:93)
	at com.arjuna.ats.arjuna.AtomicAction.commit(AtomicAction.java:164)
	at com.arjuna.ats.internal.jta.transaction.arjunacore.TransactionImple.commitAndDisassociate(TransactionImple.java:1165)
	at com.arjuna.ats.internal.jta.transaction.arjunacore.BaseTransaction.commit(BaseTransaction.java:117)
	at org.radargun.cachewrappers.InfinispanWrapper.endTransaction(InfinispanWrapper.java:330)
	at pt.ist.fenixframework.backend.jvstm.datagrid.radargun.DataGridDecorator.commitTransaction(DataGridDecorator.java:104)
	at pt.ist.fenixframework.backend.jvstm.datagrid.DataGridRepository.doWithinBackingTransactionIfNeeded(DataGridRepository.java:237)
	at pt.ist.fenixframework.backend.jvstm.datagrid.DataGridRepository.persistChanges(DataGridRepository.java:153)
	at pt.ist.fenixframework.backend.jvstm.pstm.PersistentTransaction.doCommit(PersistentTransaction.java:83)
	at jvstm.TopLevelTransaction.performValidCommit(TopLevelTransaction.java:101)
	at pt.ist.fenixframework.backend.jvstm.pstm.PersistentTransaction.performValidCommit(PersistentTransaction.java:204)
	at pt.ist.fenixframework.backend.jvstm.pstm.ClusteredPersistentTransaction.performValidCommit(ClusteredPersistentTransaction.java:87)
	at jvstm.TopLevelTransaction.tryCommit(TopLevelTransaction.java:69)
	at jvstm.cps.ConsistentTopLevelTransaction.tryCommit(ConsistentTopLevelTransaction.java:75)
	at pt.ist.fenixframework.backend.jvstm.pstm.ClusteredPersistentTransaction.tryCommit(ClusteredPersistentTransaction.java:51)
	at jvstm.ReadWriteTransaction.doCommit(ReadWriteTransaction.java:73)
	at pt.ist.fenixframework.backend.jvstm.pstm.PersistentTransaction.doCommit(PersistentTransaction.java:75)
	at jvstm.Transaction.commitTx(Transaction.java:248)
	at jvstm.Transaction.commit(Transaction.java:178)
	at pt.ist.fenixframework.backend.jvstm.JVSTMTransaction.backendCommit(JVSTMTransaction.java:52)
	at pt.ist.fenixframework.core.AbstractTransaction.commit(AbstractTransaction.java:62)
	at pt.ist.fenixframework.backend.jvstm.JVSTMTransactionManager.backendCommit(JVSTMTransactionManager.java:81)
	at pt.ist.fenixframework.core.AbstractTransactionManager.commit(AbstractTransactionManager.java:60)
	at org.radargun.cachewrappers.FFWrapper.endTransaction(FFWrapper.java:204)
	at org.radargun.stressors.StressTestStressor$Stressor.endTransaction(StressTestStressor.java:801)
	at org.radargun.stressors.StressTestStressor$Stressor.makeRequest(StressTestStressor.java:746)
	at org.radargun.stressors.StressTestStressor$FixedSetOperationLogic.run(StressTestStressor.java:313)
	at org.radargun.stressors.StressTestStressor$Stressor.runInternal(StressTestStressor.java:651)
	at org.radargun.stressors.StressTestStressor$Stressor.run(StressTestStressor.java:635)
 WARN  [Stressor-3] {com.arjuna.ats.arjuna} ARJUNA012125: TwoPhaseCoordinator.beforeCompletion - failed for SynchronizationImple< 0:ffff7f000001:cd3b:52541aa7:274c7, SynchronizationAdapter{localTransaction=LocalTransaction{remoteLockedNodes=null, isMarkedForRollback=false, lockedKeys=null, backupKeyLocks=[key_00000000000562C4:488205, key_00000000000578EA, key_00000000000557BF, key_00000000000568E3:488279, key_000000000005778D:488069, key_0000000000056E92:487870, key_0000000000057D42, key_0000000000057D43, key_00000000000557C5, key_0000000000057598:488135, key_0000000000057D45, key_0000000000056C1F, key_00000000000578F7, key_0000000000057479, key_0000000000056791:488243, key_0000000000057470, key_00000000000557CC, key_0000000000057D52, key_0000000000057D51, key_00000000000578DA, key_0000000000056C11, key_0000000000057694:488188, key_00000000000561C7:488271, key_00000000000578DC, key_00000000000566CA:487988, key_0000000000055822:488091, key_000000000005746C, key_0000000000057D55, key_00000000000564A1:488113, key_00000000000568F2:488311, key_0000000000055DAF:488082, key_0000000000056C49, key_0000000000056C42, key_000000000005745C, key_0000000000056C41, key_0000000000057BCB:488279, key_00000000000557A1, key_000000000005673F:487892, key_0000000000057A9F:488243, key_0000000000057D68, key_0000000000057D69, key_0000000000057CD2:488294, key_00000000000557A8, key_0000000000057458, key_00000000000567E9:488147, key_0000000000057747:488052, key_0000000000057456, key_00000000000564BF:488113, key_0000000000057D67, key_0000000000055DCF:488311, key_00000000000557AF, key_00000000000578FF, key_000000000005739D:488124, key_000000000005744E, key_000000000005639B:488279, key_0000000000055F6E:488101, key_00000000000565A3:488172, key_0000000000057D7D, key_0000000000056BA3:488235, key_0000000000056C2D, key_0000000000057443, key_0000000000056C2C, key_00000000000557B3, key_00000000000557B4, key_0000000000056C42:487892, key_000000000005743A, key_000000000005608A:488271, key_0000000000057B08:488172, key_00000000000569F3:488164, key_00000000000574BD:488101, key_0000000000057432, key_00000000000568BC, key_0000000000057D01, key_0000000000056C5D, key_000000000005688F:488082, key_0000000000057BAE:488164, key_000000000005770F:488135, key_0000000000057D07, key_00000000000564A1, key_0000000000055E8C, key_00000000000564A4, key_0000000000057CC2:488044, key_00000000000564A3, key_000000000005614A:488113, key_000000000005742A, key_000000000005736D:488172, key_000000000005742E, key_00000000000568FE:488257, key_00000000000564D6:488033, key_00000000000560A3, key_0000000000057628:488243, key_0000000000056B5C:487870, key_0000000000057DA5:487870, key_0000000000055E86, key_0000000000055E89, key_0000000000056C4B, key_00000000000568AD, key_0000000000056A8A:488172, key_0000000000055E82, key_00000000000566D2:487956, key_00000000000578A4, key_00000000000578A3, key_00000000000572F3:487735, key_00000000000578FF:488164, key_00000000000566CC:488294, key_0000000000055DFE:488218, key_0000000000057458:488172, key_000000000005741E, key_00000000000560BA, key_00000000000562A1:488172, key_0000000000055A93, key_00000000000558A4:488172, key_0000000000055A90, key_00000000000568A1, key_00000000000564BF, key_00000000000564BE, key_00000000000564BC, key_0000000000056C8A, key_0000000000057D25, key_000000000005576A:488218, key_0000000000057D27, key_0000000000055A9C, key_0000000000057412, key_0000000000057D21, key_0000000000057411, key_0000000000057D20, key_0000000000057D23, key_0000000000055C95:488113, key_00000000000564C3, key_00000000000579AB:488172, key_00000000000560CC, key_0000000000055A82, key_0000000000057D30, key_0000000000055FB3:487967, key_0000000000056C7C, key_000000000005708A:488218, key_0000000000055A8C, key_0000000000055A8F, key_0000000000055845:488188, key_0000000000056C6D, key_0000000000056C6E, key_00000000000571B3:488257, key_0000000000057D32, key_0000000000055DA3:450413, key_00000000000578C9, key_00000000000560BC, key_0000000000057D39, key_0000000000055E9F, key_0000000000057AA8:488294, key_0000000000055DE7:488257, key_00000000000564E6, key_0000000000055E4E, key_000000000005748B:488271, key_0000000000057CAE:488033, key_0000000000057144:488113, key_000000000005686A, key_000000000005603F, key_000000000005686D, key_000000000005686F, key_0000000000055E59, key_0000000000056FEE:488124, key_0000000000056D37:488243, key_0000000000055E58, key_00000000000577F3:488311, key_0000000000057639:488135, key_0000000000057B4A:488294, key_0000000000056047, key_0000000000055A10:488257, key_0000000000055E3A, key_00000000000575F5:488294, key_0000000000055AFF, key_000000000005745C:488218, key_0000000000057D8B:488135, key_000000000005791E:488124, key_0000000000055E3D, key_0000000000057001, key_00000000000564D6, key_0000000000056049, key_0000000000056859, key_0000000000056302:487967, key_000000000005604A, key_00000000000564CB, key_0000000000056095:488279, key_00000000000557AF:487967, key_00000000000564CD, key_0000000000057645:488205, key_0000000000055AF9, key_0000000000056681:488218, key_0000000000055AFA, key_0000000000056842, key_0000000000055E6F, key_0000000000056843, key_0000000000055AED, key_0000000000055AC2:488235, key_0000000000055E6A, key_000000000005791D, key_000000000005791E, key_0000000000055AF3, key_00000000000564CD:487929, key_0000000000056847, key_0000000000055E78, key_0000000000055AE7, key_0000000000055E3D:488271, key_0000000000056381:488205, key_0000000000056329:488218, key_0000000000055AEC, key_0000000000056066, key_0000000000055AEB, key_0000000000055EDF:488091, key_000000000005579F, key_0000000000055F64:488218, key_00000000000564F5, key_0000000000056834:488147, key_000000000005579E, key_0000000000056067, key_000000000005606F, key_0000000000055AE2, key_000000000005643A:488271, key_0000000000056838, key_000000000005606B, key_0000000000056A6A:488147, key_0000000000056834, key_0000000000055E67, key_0000000000055D67:488014, key_0000000000055E61, key_0000000000055ADA, key_0000000000055C0D:488124, key_0000000000056C2C:488257, key_0000000000056496:488147, key_000000000005576B, key_000000000005576A, key_0000000000055ACB, key_0000000000055C8E:488257, key_0000000000055C23:488243, key_0000000000057605:488271, key_0000000000055ACF, key_0000000000057CF7, key_000000000005614D:488279, key_0000000000055767, key_0000000000056047:487998, key_0000000000055ACA, key_0000000000055AC2, key_0000000000055AC3, key_0000000000056479:488311, key_0000000000056FDC:488311, key_00000000000576C5:488311, key_0000000000057CFA, key_0000000000055AC9, key_0000000000057BE2:488279, key_000000000005608A, key_0000000000057971:488271, key_0000000000055B15:487988, key_00000000000574DB:488147, key_0000000000056898, key_0000000000055C7E:488294, key_0000000000056095, key_0000000000055E03, key_0000000000055AB9, key_0000000000055774, key_00000000000571AB:488188, key_0000000000055E2F, key_000000000005574D, key_000000000005609A, key_0000000000055CEA:488235, key_00000000000568FC:488069, key_0000000000056882, key_00000000000575B1:488218, key_0000000000055746, key_000000000005688F, key_0000000000057196:487913, key_0000000000056878, key_0000000000055E1E, key_000000000005575B, key_0000000000056C6E:488311, key_0000000000056875, key_0000000000056872, key_00000000000570A6:488257, key_000000000005586B:488235, key_0000000000055E1E:488294, key_0000000000057DCC:488279, key_00000000000562F3:488235, key_000000000005687A, key_0000000000057A6D:488172, key_00000000000579BA:488218, key_000000000005707B, key_0000000000057B79:488235, key_0000000000056CAF, key_0000000000055857, key_0000000000055DF8:488205, key_0000000000057841, key_00000000000567BC:488279, key_0000000000057DE3, key_0000000000055855, key_0000000000057DF1, key_0000000000056CA7, key_0000000000056CA3, key_0000000000057DEE, key_0000000000056767:488271, key_0000000000057B14:488294, key_000000000005585F, key_0000000000056C4B:488147, key_0000000000057858, key_0000000000055845, key_0000000000057068, key_000000000005690A, key_00000000000570DD:488218, key_0000000000057646:488271, key_0000000000057E26:488188, key_0000000000056CB4, key_0000000000057588:488091, key_0000000000057277:488044, key_0000000000055B05:488205, key_0000000000056CD0, key_0000000000055835, key_0000000000057A10:488147, key_000000000005623C:488279, key_00000000000574E8, key_0000000000057864, key_00000000000574E9, key_00000000000568A1:488311, key_0000000000056305:488205, key_0000000000055FC6:488243, key_000000000005583A, key_00000000000574DB, key_00000000000567C8:488271, key_000000000005712E:488091, key_0000000000056D49:488022, key_0000000000057DFA, key_0000000000055822, key_0000000000056CDB, key_0000000000057047, key_0000000000055F18, key_0000000000055E9F:487726, key_0000000000057D25:488294, key_0000000000057CA6:488257, key_0000000000057775:488218, key_00000000000574F0, key_000000000005744E:488257, key_0000000000055F0D, key_000000000005582C, key_0000000000056CD3, key_000000000005787E, key_0000000000057375:488235, key_0000000000056CD7, key_0000000000056CD6, key_00000000000569BB:488124, key_0000000000057DA5, key_0000000000055B6B:488022, key_0000000000056CEE, key_0000000000056CF1, key_0000000000057DA9, key_000000000005600A, key_000000000005741E:488257, key_000000000005600D, key_0000000000057805, key_00000000000574BD, key_0000000000057AED:488311, key_0000000000056E51:488205, key_0000000000057B86:484543, key_0000000000057834:488113, key_0000000000057045, key_0000000000057C3D:488124, key_00000000000562D2:488235, key_0000000000057811, key_0000000000055805, key_00000000000578EA:488271, key_00000000000574D4, key_000000000005792C:488052, key_0000000000055802, key_0000000000056405, key_0000000000056CDB:488135, key_0000000000057BA2:484666, key_0000000000056401, key_0000000000056D66:488014, key_000000000005727C:487956, key_000000000005781B, key_0000000000057B37:488135, key_000000000005580D, key_0000000000056CF6, key_00000000000574CC, key_0000000000056CFC, key_0000000000056940, key_0000000000056CF1:488235, key_00000000000577CF:488218, key_0000000000055F24:488279, key_00000000000579DB:487878, key_00000000000574A1, key_0000000000057DC2, key_0000000000057018, key_0000000000057821, key_00000000000574A5, key_000000000005764C:488235, key_0000000000056411, key_0000000000057DCC, key_0000000000056912, key_00000000000559D3:488271, key_0000000000056023, key_00000000000579DD:487988, key_0000000000057004, key_0000000000056428, key_0000000000056427, key_0000000000057834, key_0000000000057006, key_0000000000057832, key_0000000000055D4A:488101, key_000000000005601E, key_00000000000568BC:488311, key_0000000000057DBC, key_0000000000056923, key_00000000000574AF, key_0000000000056926, key_000000000005642B, key_0000000000056018, key_0000000000057010, key_0000000000056C96, key_0000000000057A27:488218, key_000000000005643A, key_000000000005666B:487988, key_000000000005674C:487833, key_0000000000055C05:488235, key_0000000000055EDF, key_0000000000055AB9:488014, key_0000000000057456:488188, key_0000000000055A8F:488294, key_0000000000055E2F:488101, key_00000000000568F2, key_0000000000056C9B, key_00000000000568F0, key_00000000000558ED:488172, key_0000000000056C99, key_0000000000057010:488257, key_00000000000568FC, key_0000000000056CFC:488218, key_00000000000568FE, key_00000000000565A1:488271, key_0000000000055EE1, key_0000000000055EE2, key_000000000005757E:488172, key_0000000000057A97:488257, key_0000000000056446, key_0000000000057A63:488218, key_0000000000055A6E, key_0000000000055FCE:487967, key_0000000000055A74, key_0000000000056301:488311, key_00000000000572D1:488069, key_0000000000056DBE:488147, key_0000000000057534:488271, key_00000000000568CF, key_0000000000057045:487988, key_0000000000055B4C:488271, key_0000000000056FF1:488235, key_0000000000055A3D, key_0000000000056614:488294, key_000000000005618A:488235, key_0000000000056456, key_0000000000055EFF, key_0000000000055F3F:488279, key_00000000000568DF, key_00000000000568DE, key_0000000000056164:487786, key_0000000000057D27:488235, key_00000000000568E3, key_0000000000057D7D:488311, key_0000000000056428:488271, key_00000000000572A3:488294, key_0000000000056DDF:488124, key_0000000000055A22, key_0000000000057888, key_0000000000055BF2:488101, key_0000000000057889, key_0000000000056C7C:488135, key_0000000000055FFC:488091, key_0000000000056CD3:488069, key_00000000000572BD:488271, key_0000000000057A3F:488257, key_0000000000056479, key_0000000000055A1E, key_0000000000056477, key_0000000000055A1C, key_000000000005758B:488082, key_00000000000557A1:488147, key_0000000000056F12:487859, key_0000000000055EA9, key_0000000000057001:488218, key_0000000000055DCD:488218, key_0000000000057D8B, key_0000000000057B7F:488188, key_0000000000056C6D:488279, key_0000000000057D7E, key_0000000000057D7F, key_0000000000055A2F, key_0000000000055EAA, key_000000000005750B:488135, key_0000000000057D80, key_00000000000557F7, key_0000000000055ACB:488311, key_0000000000057BC4:488243, key_000000000005748E, key_00000000000557F3, key_000000000005748B, key_0000000000055EBE, key_0000000000055C87:488205, key_0000000000055EBF, key_000000000005709A, key_000000000005649E, key_000000000005709B, key_000000000005649D, key_000000000005631E:488257, key_0000000000056496, key_00000000000579D5:488271, key_0000000000057A06:488205, key_0000000000055BBC:488124, key_0000000000055F3D:488113, key_00000000000558F9:488257, key_000000000005754B:488243, key_00000000000557E1, key_0000000000055A10, key_0000000000056B09:488101, key_00000000000574A1:488135, key_00000000000558E0:488022, key_00000000000568CF:488271, key_0000000000056EB9:488294, key_000000000005600A:487708, key_000000000005708A, key_0000000000055E59:488044, key_0000000000055ECB, key_0000000000055ECC, key_0000000000055802:488279, key_0000000000055BFC:488101, key_0000000000057D20:488271, key_000000000005753E:488235, key_0000000000056D62:488279, key_0000000000057223:488164, key_0000000000056BEB:488022, key_000000000005757E, key_0000000000057C3D, key_00000000000570E4, key_00000000000567C5:487902, key_0000000000057D07:488164, key_0000000000057C02:488294, key_0000000000055D87:488311, key_0000000000057C45, key_0000000000055FA2, key_0000000000055B2E:488294, key_0000000000056EC9:488235, key_0000000000057663:488172, key_00000000000567D5:488164, key_0000000000056BBD:488294, key_0000000000055EFF:488257, key_0000000000057D43:488205, key_0000000000056B10, key_0000000000056B13, key_0000000000056624:488091, key_0000000000056F44:488271, key_000000000005679C, key_0000000000056923:488311, key_000000000005774D:488311, key_0000000000057C59, key_00000000000561B3:488271, key_00000000000570B9:488294, key_0000000000057958:488257, key_0000000000055B32:488235, key_0000000000056794, key_0000000000056F6F:488113, key_0000000000056B09, key_00000000000562D4:488257, key_0000000000055BA1, key_000000000005630D:488243, key_0000000000055A2F:488205, key_00000000000571AF:488205, key_0000000000057598, key_0000000000055EAA:488294, key_0000000000057C22, key_000000000005606F:488164, key_0000000000055AFA:488271, key_0000000000056FBD, key_0000000000057C27, key_0000000000057479:488147, key_0000000000056E95:488311, key_0000000000055ADA:488091, key_0000000000055BAD, key_0000000000057C2C, key_0000000000055BC0:488311, key_000000000005639A, key_0000000000057BB9:488044, key_000000000005639B, key_000000000005698C:488271, key_00000000000579FF, key_0000000000056FA4, key_0000000000057592, key_0000000000055AE7:488014, key_0000000000057D7F:488257, key_0000000000057C34, key_0000000000055AC3:488218, key_0000000000057588, key_0000000000057C37, key_0000000000057A0E:488113, key_0000000000057DA9:488135, key_000000000005758B, key_0000000000057540, key_000000000005707B:488052, key_0000000000056B6B, key_00000000000570A0, key_000000000005753E, key_0000000000056FD1, key_000000000005753C, key_0000000000056B64, key_000000000005679C:488218, key_000000000005592C:488271, key_0000000000056687:488271, key_0000000000057006:488124, key_00000000000579F9, key_0000000000057C07, key_0000000000057C04, key_0000000000057C06, key_0000000000056FDC, key_0000000000056FDD, key_0000000000057534, key_00000000000570A6, key_0000000000056405:488243, key_0000000000057C02, key_0000000000056B5E, key_0000000000057C01, key_00000000000576BE:488257, key_0000000000056B5C, key_0000000000056C99:487750, key_0000000000056FC7, key_000000000005752C, key_0000000000056FC2, key_00000000000579DB, key_00000000000579DD, key_0000000000056446:488279, key_0000000000057D32:488243, key_0000000000057D7E:488147, key_00000000000579E7, key_000000000005733B:488033, key_0000000000055A6E:488172, key_00000000000570B9, key_000000000005686F:488294, key_00000000000565DD:488311, key_0000000000056C41:488271, key_0000000000057C12, key_00000000000579CF, key_0000000000055E03:488279, key_000000000005649E:488113, key_0000000000056FF4, key_0000000000056B43, key_0000000000056805:488294, key_0000000000056FF1, key_0000000000056129:487913, key_0000000000056DF7:488082, key_0000000000056B48, key_0000000000056FF6, key_00000000000579D5, key_0000000000056B41, key_0000000000055D0A:488235, key_000000000005654D:488147, key_0000000000055CC2:487850, key_000000000005603F:488257, key_00000000000560BA:488091, key_00000000000568F0:488279, key_000000000005754B, key_00000000000579BA, key_0000000000055F9D, key_00000000000570DD, key_0000000000056B6B:488205, key_0000000000056B2C, key_0000000000056FEE, key_00000000000558EA:488294, key_00000000000573E8:488279, key_0000000000056674:488243, key_00000000000573BF:488218, key_00000000000564F5:488188, key_0000000000056BB3:488205, key_0000000000056331:488271, key_000000000005795A:488235, key_00000000000563DA, key_0000000000055CF9:488311, key_000000000005574D:488235, key_0000000000055A93:488124, key_00000000000563D7, key_0000000000055F7E, key_0000000000055E8C:487998, key_0000000000057708:488188, key_0000000000055BFE, key_00000000000577BD:488257, key_0000000000055BFC, key_000000000005579E:488082, key_0000000000055F89, key_00000000000563CA, key_0000000000055F82, key_0000000000056565:488235, key_0000000000056AF9, key_0000000000056E58:488235, key_0000000000057018:488311, key_0000000000055ECB:488279, key_0000000000056748, key_0000000000057DEE:487913, key_0000000000055BBB:488205, key_0000000000057DC2:488257, key_0000000000056743, key_0000000000055FC2:488243, key_0000000000055BB9:488294, key_0000000000055F6E, key_0000000000056AFE, key_0000000000056745, key_00000000000576ED:488164, key_0000000000057D69:488311, key_00000000000576EF:487850, key_00000000000563AD:488243, key_00000000000563BC, key_000000000005674C, key_0000000000057212:487878, key_00000000000559BB:488069, key_0000000000057504, key_0000000000057CCC:488147, key_0000000000057502, key_00000000000561CB:488235, key_0000000000056AED, key_00000000000563B7, key_00000000000563B6, key_0000000000055DBD:488311, key_000000000005673F, key_0000000000057CED:488271, key_0000000000055AF9:488243, key_000000000005750B, key_00000000000563AB, key_000000000005711A, key_0000000000055F64, key_00000000000563AD, key_0000000000056767, key_00000000000557CC:488135, key_0000000000056763, key_0000000000056693:488243, key_0000000000055F21:488279, key_0000000000056523:488279, key_0000000000055BC5, key_0000000000055F54, key_0000000000056991:488218, key_0000000000057BFA, key_000000000005690A:488147, key_00000000000569D6:488311, key_000000000005777B:488311, key_00000000000559F9:488311, key_0000000000055F3D, key_0000000000055BBD, key_0000000000055BBC, key_0000000000055BBB, key_0000000000056F68:488188, key_0000000000057047:488022, key_0000000000055BC0, key_00000000000559AE:488271, key_0000000000055F3F, key_0000000000057805:488257, key_000000000005675D, key_0000000000055A1E:488279, key_0000000000056A4D:488147, key_0000000000055BB9, key_0000000000056A37:488271, key_0000000000055A74:488257, key_0000000000055F2C, key_0000000000057BE2, key_0000000000057BDE, key_00000000000567B1:488279, key_00000000000564BE:488243, key_0000000000055BF2, key_000000000005678A, key_00000000000563FE, key_0000000000055D11:487913, key_0000000000055F32, key_0000000000057BDA, key_000000000005597E:488124, key_0000000000057152:488243, key_0000000000055A1C:488188, key_0000000000056791, key_0000000000057305:488311, key_0000000000057CCB:488113, key_0000000000055F1E, key_0000000000055F1C, key_0000000000055B28:488271, key_0000000000056DDB:488294, key_00000000000579F9:482808, key_0000000000055BFE:488218, key_0000000000055BD9, key_0000000000057BEC, key_0000000000055F21, key_0000000000057BED, key_0000000000055F24, key_0000000000057BE8, key_0000000000057B88:488188, key_0000000000055CD7:488218, key_0000000000057CE6, key_000000000005609A:488188, key_00000000000574D4:488294, key_0000000000057432:488218, key_0000000000056C49:488235, key_0000000000056BA0, key_0000000000057D21:487988, key_00000000000575FE, key_0000000000056BA3, key_0000000000057CED, key_000000000005798D, key_0000000000055863:488147, key_000000000005798F, key_0000000000056BA6, key_00000000000578A4:487850, key_000000000005791D:488052, key_0000000000057CF3, key_0000000000057BFA:488294, key_0000000000056BBD, key_00000000000567D9:488311, key_0000000000056291:488124, key_0000000000057998, key_0000000000057996, key_0000000000057C04:488243, key_00000000000565DC:488271, key_0000000000056BB3, key_0000000000056D7C:487988, key_0000000000057DF1:488279, key_000000000005678A:488294, key_000000000005698E:488257, key_000000000005579F:488271, key_0000000000057CC5, key_0000000000055BBD:488205, key_0000000000057CC2, key_000000000005746C:488188, key_0000000000055731, key_0000000000057CCF, key_0000000000055CF4:488218, key_0000000000056F12, key_0000000000057CCB, key_0000000000055B09, key_0000000000057CCC, key_0000000000057CD2, key_0000000000055B05, key_0000000000056F15, key_0000000000057322:488069, key_0000000000057CB5, key_0000000000057972, key_00000000000576B8:487956, key_0000000000057971, key_0000000000056E23:488164, key_0000000000057CB9, key_0000000000057CBE, key_0000000000056208:488091, key_0000000000057CBD, key_000000000005797A, key_0000000000055B15, key_0000000000057196, key_000000000005781B:488135, key_0000000000056F29, key_0000000000055AEC:488311, key_000000000005742E:488235, key_00000000000575BB:488279, key_0000000000056B43:488243, key_0000000000057CA6, key_0000000000057821:488188, key_0000000000057139, key_0000000000055C4B:488271, key_0000000000055E3A:488294, key_0000000000056BEB, key_0000000000057144, key_00000000000569E8:488257, key_0000000000057D80:488294, key_00000000000575BB, key_0000000000057CAE, key_0000000000056301, key_0000000000057958, key_00000000000567AD:487967, key_0000000000056809, key_0000000000055B64:488172, key_0000000000056305, key_0000000000056302, key_0000000000055B97:488257, key_0000000000057955, key_00000000000567CD:488271, key_0000000000057953, key_000000000005742A:488188, key_000000000005630D, key_000000000005795A, key_0000000000056803, key_000000000005712F, key_000000000005712E, key_0000000000056801, key_0000000000056807, key_0000000000056805, key_0000000000056F44, key_0000000000056806, key_0000000000057928, key_0000000000057953:488218, key_0000000000056D3C:488101, key_0000000000057925, key_000000000005582C:488294, key_0000000000056FF4:488218, key_0000000000056F15:488271, key_00000000000566F9:488172, key_00000000000575E3, key_000000000005681E, key_0000000000056F4A, key_000000000005792C, key_0000000000056F59, key_00000000000578DA:488279, key_0000000000056BC4, key_000000000005714D, key_00000000000577A0:488271, key_0000000000057938, key_000000000005639A:488279, key_0000000000056237:488311, key_00000000000575F5, key_00000000000563AB:488113, key_0000000000057155, key_0000000000057152, key_0000000000056F68, key_00000000000559AF:488205, key_0000000000055EBE:488052, key_0000000000056BD6, key_000000000005714E, key_00000000000563FE:488113, key_00000000000567AD, key_0000000000055B6B, key_0000000000055B64, key_0000000000056B81:488033, key_0000000000056B97, key_0000000000055ECC:487735, key_000000000005729D:488172, key_0000000000056809:488271, key_0000000000056F6F, key_00000000000577C1:488218, key_00000000000570A0:488294, key_0000000000056334, key_00000000000570E4:488124, key_0000000000056331, key_0000000000055B43:488257, key_0000000000056F71, key_00000000000567B1, key_0000000000056968:488294, key_00000000000567D3:488172, key_00000000000567BF, key_00000000000562C1:487956, key_0000000000056556:488311, key_0000000000056D32:488091, key_00000000000567BC, key_000000000005714D:488311, key_00000000000567C5, key_0000000000055E61:487929, key_00000000000567C8, key_0000000000057C07:487988, key_0000000000057411:487878, key_00000000000560F9:488205, key_00000000000579AB, key_0000000000055DB4:488101, key_0000000000057470:488279, key_00000000000571B3, key_00000000000567CD, key_0000000000057D67:488279, key_000000000005631E, key_0000000000056A3B:488218, key_00000000000573CE:488069, key_00000000000574F0:488279, key_00000000000559A4:488235, key_0000000000056C5D:488243, key_00000000000571AF, key_0000000000056334:488113, key_00000000000567D9, key_0000000000057CCF:488311, key_00000000000567D6, key_00000000000571AB, key_00000000000567D5, key_0000000000056316, key_0000000000056313, key_0000000000055FFE, key_00000000000567D3, key_000000000005590D:488271, key_0000000000055FFC, key_0000000000055FFE:488147, key_000000000005613C:488279, key_0000000000056ED3:488044, key_0000000000056B7F, key_00000000000571A5, key_0000000000057889:487878, key_0000000000056B86, key_0000000000055EE1:488235, key_0000000000055B97, key_0000000000055AE2:488164, key_0000000000056B81, key_0000000000056807:488101, key_0000000000055969:488311, key_00000000000575B0, key_00000000000567E8, key_0000000000056329, key_0000000000056B89, key_00000000000567E9, key_00000000000575B1, key_00000000000571A1, key_0000000000056BC4:488135, key_00000000000565BA:488033, key_0000000000055B21, key_0000000000055B20, key_00000000000567EE, key_0000000000057B53:488235, key_0000000000055BC5:488294, key_0000000000056381, key_0000000000056049:488257, key_0000000000055B28, key_0000000000057E3E:488294, key_000000000005709B:488113, key_00000000000567F6, key_0000000000056E17:487967, key_0000000000055B20:488243, key_00000000000561D9:488218, key_0000000000055B32, key_00000000000567FC, key_0000000000055C9B:488257, key_0000000000057D55:488257, key_0000000000055EE2:488135, key_0000000000056BD6:488205, key_000000000005575B:488235, key_0000000000055B2E, key_00000000000574AF:487913, key_0000000000055DF5:488164, key_0000000000055835:488311, key_0000000000056F71:487878, key_0000000000055FB3, key_0000000000057C7C, key_0000000000055B43, key_000000000005657E:488243, key_00000000000566D7:488164, key_0000000000055FB9, key_0000000000056361, key_00000000000579E7:488279, key_0000000000056AF9:488164, key_0000000000055FBC, key_0000000000056FC2:488311, key_0000000000055B3C, key_0000000000056CF6:487998, key_0000000000057139:488311, key_0000000000057C06:488044, key_0000000000055FC2, key_0000000000055FC0, key_0000000000055B56, key_000000000005731B:488205, key_0000000000056374, key_0000000000055FC6, key_0000000000057391:488243, key_0000000000056964:488101, key_0000000000056365, key_0000000000055B4C, key_0000000000055B51, key_00000000000557BF:488218, key_0000000000055FCE, key_000000000005585F:487998, key_0000000000057676, key_00000000000559C5, key_0000000000057504:488124, key_00000000000559C6, key_00000000000559C9, key_0000000000055C4B, key_0000000000055FA2:488311, key_000000000005670F:488257, key_0000000000055AFF:488101, key_00000000000559C1, key_000000000005767E, key_00000000000559BB, key_000000000005797A:488294, key_000000000005652F:488311, key_0000000000055857:488279, key_0000000000055F1C:488091, key_0000000000055C8F:488279, key_0000000000056B86:488294, key_00000000000574CC:488243, key_0000000000057680, key_00000000000569CB:488044, key_0000000000057663, key_00000000000559D3, key_00000000000557F7:488294, key_0000000000057669, key_0000000000055C3D, key_0000000000056E92, key_0000000000056CD7:488235, key_0000000000056E95, key_000000000005766C, key_0000000000056E98, maxTxId, key_0000000000056A6E:488311, key_0000000000057705:488205, key_00000000000571F4, key_0000000000057671, key_00000000000559A4, key_0000000000055FC0:488294, key_00000000000564A4:488113, key_0000000000055D32:488235, key_0000000000057B56:488147, key_0000000000056DC6:488271, key_0000000000056B64:488124, key_00000000000577BA:488257, key_0000000000056B89:488205, key_0000000000057864:488257, key_0000000000055C77, key_0000000000057645, key_0000000000057646, key_00000000000559B3, key_0000000000057642, key_0000000000057669:488243, key_0000000000056427:488052, key_0000000000055C5C, key_0000000000057648, key_0000000000055C5D, key_00000000000559C5:487929, key_00000000000559AF, key_00000000000559AE, key_0000000000055C6B, key_0000000000055C77:488271, key_0000000000056882:488147, key_000000000005764C, key_0000000000056838:488279, key_0000000000056E03:488205, key_0000000000055C69, key_00000000000560BC:488311, key_0000000000057CE6:488091, key_0000000000055C65, key_0000000000055EBF:488271, key_0000000000056875:488147, key_0000000000057B08, key_0000000000055C8E, key_0000000000055C8F, key_00000000000563B7:488279, key_000000000005686D:488279, key_0000000000057BE8:488271, key_0000000000056C96:488243, key_0000000000056291, key_0000000000055C95, key_0000000000055C93, key_00000000000576D1:488235, key_0000000000056294, key_0000000000055C98, key_00000000000558E6:488147, key_00000000000559FD, key_0000000000057C7C:488271, key_000000000005628E, key_0000000000055C9B, key_0000000000055C7E, key_0000000000056C11:488172, key_0000000000055F32:488052, key_0000000000055F9D:488188, key_0000000000055CCE:488294, key_0000000000057B14, key_0000000000056A1B:488311, key_0000000000056477:488311, key_0000000000057B18, key_0000000000057BEC:487913, key_0000000000055C87, key_0000000000056557:488172, key_0000000000056E51, key_00000000000575E3:487967, key_0000000000056E56, key_0000000000056D20:488218, key_0000000000056E58, key_0000000000056E98:488311, key_0000000000056688, key_00000000000560F3:488164, key_0000000000056687, key_00000000000575FE:487988, key_0000000000056E7F, key_0000000000057B44:488235, key_0000000000057B20, key_0000000000057841:488235, key_0000000000056693, key_0000000000056E87, key_0000000000056DDD:488172, key_0000000000056674, key_00000000000559F9, key_0000000000057B37, key_0000000000057694, key_0000000000056C8A:488147, key_0000000000055F18:488091, key_0000000000056E78, key_0000000000056681, key_0000000000056AD6:488243, key_0000000000057A2B:488271, key_000000000005588B:488205, key_0000000000056E23, key_000000000005666B, key_0000000000055B3C:487956, key_0000000000056E1B, key_0000000000056A18, key_00000000000567D6:488311, key_00000000000562E5, key_0000000000056664, key_0000000000057068:488205, key_0000000000056A1B, key_00000000000562D2, key_0000000000055DF2:488135, key_0000000000056E17, key_0000000000056168:488124, key_0000000000057C45:488294, key_0000000000056A7D:488311, key_000000000005620E:488279, key_0000000000057832:488205, key_000000000005665E, key_0000000000056E19, key_0000000000056F4A:488044, key_0000000000057CC5:488205, key_00000000000562D4, key_0000000000057DBC:488311, key_000000000005595F:488257, key_0000000000057ADD, key_0000000000056DC8:488257, key_000000000005642B:488135, key_0000000000056A37, key_00000000000568DE:488164, key_0000000000056E3F, key_0000000000055D5F:488279, key_0000000000056DFB:488279, key_0000000000056A35, key_0000000000055BA1:488279, key_0000000000057D23:487988, key_0000000000055805:488311, key_0000000000056A3B, key_000000000005721B:488279, key_0000000000057642:488294, key_00000000000562F3, key_00000000000562F2, key_0000000000055A9C:488279, key_0000000000056E31, key_0000000000057AED, key_0000000000056E78:488311, key_0000000000055AC9:488311, key_000000000005731E:488124, key_00000000000566DE:488294, key_0000000000056639, key_0000000000056D60:488205, key_0000000000057CFA:488271, key_0000000000057223, key_0000000000057746:488311, key_0000000000055C16, key_0000000000055D73:488014, key_00000000000562A1, key_0000000000057638, key_0000000000057639, key_0000000000056624, key_00000000000563DA:488311, key_00000000000567FC:488235, key_0000000000055B21:487967, key_0000000000055C0D, key_0000000000056626, key_0000000000056625, key_0000000000057631, key_0000000000056CEE:488279, key_000000000005600D:488257, key_0000000000056700:488257, key_0000000000057648:488172, key_0000000000055AED:488243, key_0000000000056248:488235, key_000000000005675D:488172, key_0000000000056CA7:488033, key_0000000000055C05, key_0000000000057628, key_0000000000057242, key_0000000000057D42:488172, key_000000000005723E, key_0000000000056763:488147, key_0000000000056614, key_0000000000056EAF:488014, key_00000000000573D9:488243, key_0000000000056E09, key_00000000000577E8:488014, key_00000000000567F6:488124, key_0000000000056E03, key_00000000000562C1, key_00000000000561B9:488279, key_0000000000055C2E, key_00000000000576C6:488205, key_00000000000562C4, key_0000000000056603, key_0000000000055F54:488218, key_0000000000055C23, key_00000000000562AB, key_0000000000056226:488235, key_000000000005760A, key_000000000005620D:488235, key_0000000000057998:488069, key_0000000000057212, key_00000000000558FA:488188, key_00000000000564C3:488279, key_0000000000057605, key_0000000000057BDE:488164, key_00000000000569AC:488147, key_000000000005721B, key_0000000000056CAF:487967, key_000000000005748E:488311, key_0000000000055CD7, key_0000000000057277, key_0000000000057ADD:488243, key_000000000005727C, key_0000000000057A09:488311, key_00000000000565B4:488188, key_0000000000055CEA, key_0000000000056926:488205, key_0000000000056706, key_0000000000057592:488147, key_0000000000056700, key_0000000000057CB5:488311, key_0000000000056AD7:488164, key_000000000005670F, key_0000000000056FDD:488294, key_000000000005626B:488147, key_000000000005735C:488124, key_000000000005725F, key_0000000000055C69:488279, key_00000000000561D2:488069, key_0000000000055CF4, key_0000000000056316:488311, key_0000000000056D10:488271, key_0000000000055CF8, key_0000000000056374:487998, key_0000000000055CF9, key_0000000000055C3D:488113, key_00000000000576E6, key_00000000000578C9:488294, key_0000000000057631:488033, key_00000000000576E9, key_000000000005580D:488235, key_00000000000557B3:488294, key_00000000000576ED, key_00000000000564A3:488218, key_00000000000576EF, key_0000000000056FA4:488294, key_0000000000056706:488243, key_0000000000057251, key_0000000000056967:488294, key_0000000000057540:487870, key_0000000000056A6B, key_0000000000056A6E, key_0000000000056A6A, key_0000000000057BAE, key_0000000000056EE2, key_000000000005729A:488294, key_0000000000056145:487708, key_0000000000056CD0:488235, key_0000000000055D06:488188, key_0000000000057BA2, key_00000000000563BC:488082, key_0000000000056E7F:488279, key_000000000005594F:487988, key_0000000000056B48:488147, key_0000000000056018:488243, key_0000000000057CB9:488257, key_0000000000055ACF:488113, key_0000000000056A4D, key_0000000000056A8A, key_0000000000056A89, key_0000000000056794:487650, key_000000000005729A, key_0000000000056625:488294, key_000000000005729D, key_0000000000057BCB, key_000000000005612D:488205, key_0000000000057BC4, key_000000000005686A:488243, key_0000000000057D45:488164, key_000000000005604A:488279, key_0000000000056A7D, key_0000000000056A6B:488271, key_0000000000055C98:488205, key_00000000000557C5:488271, key_0000000000055F89:488311, key_0000000000056E87:488279, key_00000000000557A8:488257, key_0000000000055B51:488279, key_00000000000571F4:488113, key_0000000000056401:488113, key_0000000000057BB9, key_0000000000057972:488271, key_00000000000576AE:488101, key_0000000000056D9F:488113, key_0000000000056AB4, key_00000000000566F9, key_0000000000056ABA, key_0000000000057C59:488279, key_000000000005681E:487929, key_0000000000057B53, key_0000000000056237, key_0000000000056EAF, key_0000000000057858:488311, key_0000000000057B56, key_0000000000056A35:488279, key_000000000005623C, key_0000000000056411:488124, key_0000000000056801:487998, key_000000000005651B:488243, key_000000000005624A, key_0000000000055746:488257, key_0000000000055E6F:488205, key_0000000000055E6A:488082, key_0000000000056248, key_0000000000056D9A:488218, key_0000000000056940:488294, key_000000000005583A:488101, key_00000000000569B7:488279, key_0000000000057A0A:488235, key_0000000000056FF6:488172, key_0000000000057B44, key_0000000000057B4A, key_0000000000056EB9, key_0000000000056AD7, key_00000000000578DC:488164, key_0000000000056AD6, key_00000000000569F7:488294, key_00000000000566D7, key_00000000000566D2, key_0000000000056AFE:488279, key_0000000000056C9B:488271, key_0000000000055F2C:488124, key_0000000000056EC0, key_0000000000057B79, key_0000000000056EC9, key_00000000000566CA, key_000000000005625D, key_000000000005658D:488257, key_0000000000057B7F, key_00000000000566CC, key_0000000000056ABA:488235, key_0000000000056191:488069, key_000000000005626B, key_0000000000055949:488069, key_0000000000057B61, key_0000000000056B41:488243, key_00000000000559FD:488294, key_0000000000056ED3, key_00000000000573EC:488218, key_000000000005612A:488082, key_0000000000056603:488294, key_0000000000056D4A:488113, key_00000000000566DE, key_0000000000057B20:488101, key_00000000000572D1, key_00000000000576C6, key_00000000000576C5, key_0000000000055F7E:488235, key_00000000000572AC:488294, key_00000000000576BE, key_0000000000055C2E:488271, key_0000000000055B09:488294, key_0000000000057B86, key_0000000000056202, key_0000000000057CF7:488311, key_00000000000576D1, key_00000000000576D0, key_0000000000056208, key_00000000000572BD, key_000000000005620D, key_000000000005620E, key_00000000000572CB, key_0000000000055D1F:488205, key_00000000000562AB:488135, key_0000000000056D70:488235, key_0000000000057B88, key_0000000000057B89, key_0000000000056AA0:488205, key_00000000000572AC, key_0000000000056DB4:488279, key_0000000000056A89:488052, key_00000000000576A4, key_00000000000576D0:488243, key_00000000000567BF:487998, key_0000000000057CBD:487812, key_0000000000056AA0, key_000000000005589E:488135, key_0000000000056688:487929, key_0000000000056970:488311, key_0000000000056BA0:488218, key_00000000000576B8, key_0000000000055CCE, key_0000000000056226, key_0000000000056361:488243, key_0000000000057BDA:488147, key_00000000000576AE, key_00000000000560FB:488311, key_0000000000056912:488113, key_00000000000576AF, key_0000000000055CC2, key_0000000000056023:487967, key_0000000000057C01:488279, key_00000000000572A3, key_0000000000056748:488243, key_0000000000057D01:488135, key_0000000000056C1F:488257, key_0000000000056555:488279, key_0000000000057775, key_0000000000056D9F, key_00000000000572E5, key_0000000000055E4E:488164, key_0000000000055E86:488113, key_0000000000055C65:488271, key_0000000000056991, key_0000000000056C2D:488243, key_000000000005777B, key_0000000000057888:488279, key_0000000000057C27:488311, key_0000000000056595, key_0000000000056593:488188, key_00000000000557E1:488188, key_0000000000057938:488205, key_00000000000572F3, key_000000000005725F:488294, key_000000000005743A:488271, key_0000000000055E78:488052, key_0000000000056D9A, key_0000000000055D87, key_0000000000057A2F:488279, key_0000000000055936:487956, key_00000000000558A4, key_0000000000057795, key_0000000000057C12:488205, key_0000000000056DCC:488082, key_0000000000056626:488311, key_0000000000055D73, key_0000000000055C5D:487623, key_0000000000055C93:488311, key_0000000000056DB1:488243, key_0000000000057412:488279, key_0000000000055D5F, key_0000000000056D70, key_0000000000056843:488235, key_0000000000057B18:488235, key_0000000000055FB9:488294, key_00000000000558B6, key_0000000000057D39:488257, key_0000000000055D67, key_0000000000056D7C, key_000000000005760A:488205, key_000000000005778D, key_0000000000056D76, key_0000000000055BD9:488069, key_0000000000057A06, key_0000000000057955:488257, key_0000000000057A01, key_0000000000056E09:488205, key_0000000000056B13:488257, key_0000000000056191, key_0000000000056D62, key_0000000000056D60, key_0000000000056565, key_0000000000057A09, key_0000000000056595:488205, key_0000000000057004:488235, key_0000000000056D66, key_000000000005618A, key_00000000000563CA:488271, key_0000000000057DE3:488218, key_0000000000055E89:488311, key_00000000000560EA:488311, key_0000000000056B2C:488164, key_0000000000057E17, key_0000000000056D48:488294, key_0000000000055A90:488243, key_0000000000056D4A, key_0000000000056556, key_0000000000056555, key_0000000000056557, key_00000000000559C6:488294, key_0000000000056E31:488082, key_000000000005714E:488311, key_0000000000057A0E, key_0000000000056967, key_0000000000055C6B:488257, key_0000000000056968, key_0000000000057A0A, key_0000000000057A10, key_0000000000056964, key_00000000000571A1:488279, key_0000000000056D3C, key_00000000000558E6, key_0000000000055D2B:487956, key_00000000000571A5:488172, key_00000000000558E0, key_0000000000055908:488271, key_0000000000056504:488091, key_0000000000056593, key_0000000000056D48, key_0000000000056168, key_000000000005658D, key_0000000000056D49, key_0000000000056970, key_0000000000056573:488235, key_00000000000568DF:488311, key_00000000000558F9, key_0000000000056DBD:488257, key_0000000000056164, key_000000000005774F:488294, key_0000000000055A8C:488311, key_0000000000056573, key_0000000000055D9F, key_0000000000056E19:488311, key_000000000005698C, key_000000000005698E, key_0000000000056743:488188, key_0000000000056D32, key_0000000000056FBD:488205, key_00000000000559C1:488257, key_0000000000056D37, key_00000000000559B3:487844, key_000000000005657E, key_0000000000056872:488091, key_00000000000558ED, key_00000000000558EA, key_0000000000055D11, key_0000000000056FC7:487833, key_000000000005723E:488218, key_0000000000055863, key_0000000000056D24, key_00000000000567EE:488235, key_0000000000056D20, key_0000000000057928:488311, key_000000000005652F, key_00000000000569AC, key_0000000000055D0A, key_0000000000056523, key_000000000005586B, key_0000000000056365:488279, key_00000000000569B7, key_00000000000567E8:488294, key_0000000000055774:487956, key_000000000005651B, key_00000000000564CB:488044, key_00000000000564E6:488188, key_00000000000561D2, key_0000000000055D06, key_000000000005606B:488235, key_0000000000056D10, key_00000000000569BB, key_00000000000572CB:488311, key_00000000000561D9, key_0000000000057E17:488218, key_0000000000056664:488205, key_0000000000057E3E, key_000000000005752C:488147, key_000000000005753C:488091, key_000000000005654D, key_00000000000569CB, key_0000000000056AED:488257, key_0000000000057300, key_0000000000057305, key_000000000005588B, key_000000000005787E:488311, key_0000000000056A18:488311, key_00000000000561C7, key_0000000000055F0D:488294, key_0000000000056DFE:488022, key_0000000000057C34:487988, key_0000000000056067:488164, key_00000000000569D6, key_0000000000057E2F, key_0000000000056F29:488311, key_000000000005628E:488164, key_00000000000561CB, key_0000000000057E2C, key_0000000000056F59:488164, key_000000000005770F, key_0000000000055F1E:488044, key_0000000000057300:488311, key_0000000000057399:487967, key_0000000000057E26, key_000000000005649D:488311, key_0000000000057705, key_00000000000561B3, key_00000000000561B9, key_000000000005589E, key_0000000000057708, key_00000000000569E8, key_000000000005731B, key_0000000000057E1B, key_0000000000056EC0:488188, key_000000000005731E, key_0000000000057638:487988, key_0000000000057743:488311, key_0000000000057322, key_0000000000057B89:488052, key_0000000000056202:488172, key_00000000000578F7:488257, key_00000000000573EF:488218, key_0000000000055D4A, key_0000000000055C5C:488052, key_0000000000057925:488205, key_00000000000579FF:488311, key_0000000000057C22:488257, key_000000000005733B, key_00000000000562E5:488271, key_000000000005775A, key_00000000000576AF:488257, key_0000000000056878:488147, key_0000000000057D52:488257, key_0000000000055D32, key_0000000000057242:488311, key_000000000005687A:488311, key_0000000000056B97:488279, key_000000000005576B:488279, key_0000000000056504, key_0000000000056313:488243, key_0000000000055F82:488188, key_0000000000057366:488147, key_0000000000057C37:487998, key_0000000000055D2B, key_0000000000055D2C, key_0000000000056CD6:488311, key_000000000005798F:488257, key_000000000005774F, key_000000000005774D, key_000000000005735C, key_00000000000574E9:488172, key_00000000000576A4:488235, key_0000000000057155:487913, key_0000000000057676:488147, key_0000000000055D1F, key_00000000000560A3:488172, key_0000000000056859:488069, key_0000000000055731:488205, key_0000000000057746, key_00000000000557F3:488147, key_0000000000057743, key_0000000000057747, key_0000000000057A20:488205, key_00000000000572E5:488164, key_0000000000057DFA:488052, key_0000000000055B56:488164, key_0000000000055AF3:488164, key_0000000000055908, key_0000000000057A42:488235, key_00000000000574A5:488279, key_0000000000057375, key_0000000000057B61:488172, key_0000000000057E2F:488271, key_0000000000055E82:488243, key_000000000005590D, key_0000000000056456:488164, key_0000000000055E67:488135, key_00000000000573F1:488124, key_000000000005736D, key_0000000000057A25:488294, key_0000000000057366, key_00000000000568AD:488294, key_0000000000055DF8, key_0000000000055DF2, key_0000000000055DF5, key_0000000000055A3D:488135, key_0000000000056D76:488091, key_0000000000055A22:488188, key_00000000000577A3:488294, key_000000000005739D, key_000000000005739F, key_000000000005665E:488271, key_0000000000055FBC:488164, key_0000000000055DFE, key_0000000000055D2C:488271, key_0000000000055936, key_00000000000575B0:488147, key_0000000000057399, key_0000000000056D24:488294, key_0000000000057391, key_0000000000055AEB:488311, key_000000000005592C, key_000000000005739F:488188, key_000000000005625D:488257, key_0000000000057680:488243, key_0000000000057BED:488205, key_000000000005712F:487902, key_0000000000056CB4:488235, key_0000000000056BA6:488279, key_000000000005595F, key_0000000000056E56:488188, key_0000000000056806:487988, key_00000000000560FB, key_00000000000560FC, key_0000000000057671:488294, key_0000000000057D68:488113, key_00000000000560F9, key_00000000000557B4:488069, key_00000000000560F3, key_0000000000057AA8, key_0000000000056847:488135, key_00000000000569F7, key_000000000005624A:488091, key_000000000005594F, key_0000000000056DF7, key_0000000000056B7F:488311, key_0000000000056DFB, key_0000000000056FD1:488135, key_00000000000569F3, key_0000000000056DFE, key_000000000005611E:488257, key_0000000000055E58:488205, key_0000000000055949, key_000000000005597B:488218, key_0000000000057996:488257, key_0000000000057443:488257, key_0000000000056DC6, key_0000000000055767:488294, key_000000000005597E, key_000000000005597B, key_0000000000056DC8, key_0000000000057502:487892, key_00000000000560FC:488164, key_000000000005767E:488311, key_0000000000056DCC, key_0000000000056066:488311, key_0000000000055DDB:488235, key_00000000000560EA, key_0000000000056B5E:488311, key_00000000000579CF:488271, key_000000000005775A:488257, key_0000000000055969, key_0000000000056DDF, key_0000000000056DDD, key_0000000000056DDB, key_0000000000057D30:488091, key_0000000000056E1B:488311, key_0000000000057A01:488243, key_0000000000056B10:488205, key_00000000000565B4, key_000000000005613C, key_0000000000057A5E, key_0000000000055D9F:488279, key_0000000000056145, key_0000000000057E2C:488279, key_00000000000558FA, key_000000000005798D:488218, key_0000000000057A42, key_0000000000057A3F, key_0000000000055DAF, key_0000000000056DBA, key_000000000005614A, key_0000000000056DBD, key_0000000000057CF3:488294, key_0000000000056DBE, key_000000000005614D, key_00000000000565BA, key_0000000000056898:488311, key_000000000005711A:488218, key_0000000000055DA3, key_0000000000056EE2:488279, key_0000000000056DB1, key_0000000000055CF8:488271, key_0000000000056DB4, key_00000000000577A3, key_00000000000577A0, key_0000000000057A2F, key_0000000000057D51:488294, key_000000000005611E, key_0000000000057C2C:488235, key_0000000000056129, key_000000000005709A:488124, key_0000000000057A20, key_000000000005612A, key_0000000000057A1E, key_0000000000056294:487833, key_0000000000055ACA:488294, key_00000000000563D7:488294, key_00000000000565DD, key_0000000000057A2B, key_0000000000057795:488235, key_0000000000055EA9:488294, key_000000000005612D, key_00000000000565DC, key_0000000000057A27, key_0000000000057A25, key_0000000000057A24, key_0000000000056E3F:488052, key_00000000000573CE, key_00000000000577C1, key_0000000000056745:487998, key_0000000000055C16:488052, key_0000000000056AB4:488294, key_0000000000055DDB, key_0000000000055855:488294, key_0000000000057A97, key_00000000000573D9, key_00000000000577BD, key_00000000000577BA, key_0000000000057A9F, key_0000000000055DD6, key_0000000000057251:488218, key_00000000000564BC:488235, key_00000000000574E8:488172, key_000000000005601E:488205, key_00000000000559C9:488257, key_00000000000573BF, key_0000000000057CBE:488271, key_0000000000057E1B:488082, key_000000000005766C:488311, key_0000000000055A82:488294, key_00000000000576E6:488294, key_00000000000563B6:488172, key_00000000000577CF, key_00000000000558B6:488188, key_0000000000057A24:488091, key_0000000000055DE7, key_00000000000573EF, key_0000000000055DBD, key_00000000000573F1, key_00000000000577E8, key_0000000000056DBA:488172, key_0000000000057811:488294, key_0000000000055DD6:488135, key_0000000000055DB4, key_0000000000056842:488235, key_00000000000576E9:488294, key_0000000000056639:488172, key_0000000000056CA3:487786, key_0000000000057A5E:488022, key_00000000000577F3, key_00000000000565A1, key_0000000000055DCD, key_00000000000562F2:488218, key_00000000000578A3:488257, key_0000000000055BAD:488311, key_0000000000055DCF, key_00000000000565A3, key_0000000000057A63, key_00000000000573E8, key_0000000000056803:488294, key_00000000000573EC, key_0000000000057A6D, key_0000000000057A1E:488279, key_00000000000560CC:488257], topologyId=6, isFromStateTransfer=false} org.infinispan.transaction.synchronization.SyncLocalTransaction@13a63} org.infinispan.transaction.synchronization.SynchronizationAdapter@13a82 >
org.infinispan.CacheException: Could not prepare. 
	at org.infinispan.transaction.synchronization.SynchronizationAdapter.beforeCompletion(SynchronizationAdapter.java:70)
	at com.arjuna.ats.internal.jta.resources.arjunacore.SynchronizationImple.beforeCompletion(SynchronizationImple.java:76)
	at com.arjuna.ats.arjuna.coordinator.TwoPhaseCoordinator.beforeCompletion(TwoPhaseCoordinator.java:273)
	at com.arjuna.ats.arjuna.coordinator.TwoPhaseCoordinator.end(TwoPhaseCoordinator.java:93)
	at com.arjuna.ats.arjuna.AtomicAction.commit(AtomicAction.java:164)
	at com.arjuna.ats.internal.jta.transaction.arjunacore.TransactionImple.commitAndDisassociate(TransactionImple.java:1165)
	at com.arjuna.ats.internal.jta.transaction.arjunacore.BaseTransaction.commit(BaseTransaction.java:117)
	at org.radargun.cachewrappers.InfinispanWrapper.endTransaction(InfinispanWrapper.java:330)
	at pt.ist.fenixframework.backend.jvstm.datagrid.radargun.DataGridDecorator.commitTransaction(DataGridDecorator.java:104)
	at pt.ist.fenixframework.backend.jvstm.datagrid.DataGridRepository.doWithinBackingTransactionIfNeeded(DataGridRepository.java:237)
	at pt.ist.fenixframework.backend.jvstm.datagrid.DataGridRepository.persistChanges(DataGridRepository.java:153)
	at pt.ist.fenixframework.backend.jvstm.pstm.PersistentTransaction.doCommit(PersistentTransaction.java:83)
	at jvstm.TopLevelTransaction.performValidCommit(TopLevelTransaction.java:101)
	at pt.ist.fenixframework.backend.jvstm.pstm.PersistentTransaction.performValidCommit(PersistentTransaction.java:204)
	at pt.ist.fenixframework.backend.jvstm.pstm.ClusteredPersistentTransaction.performValidCommit(ClusteredPersistentTransaction.java:87)
	at jvstm.TopLevelTransaction.tryCommit(TopLevelTransaction.java:69)
	at jvstm.cps.ConsistentTopLevelTransaction.tryCommit(ConsistentTopLevelTransaction.java:75)
	at pt.ist.fenixframework.backend.jvstm.pstm.ClusteredPersistentTransaction.tryCommit(ClusteredPersistentTransaction.java:51)
	at jvstm.ReadWriteTransaction.doCommit(ReadWriteTransaction.java:73)
	at pt.ist.fenixframework.backend.jvstm.pstm.PersistentTransaction.doCommit(PersistentTransaction.java:75)
	at jvstm.Transaction.commitTx(Transaction.java:248)
	at jvstm.Transaction.commit(Transaction.java:178)
	at pt.ist.fenixframework.backend.jvstm.JVSTMTransaction.backendCommit(JVSTMTransaction.java:52)
	at pt.ist.fenixframework.core.AbstractTransaction.commit(AbstractTransaction.java:62)
	at pt.ist.fenixframework.backend.jvstm.JVSTMTransactionManager.backendCommit(JVSTMTransactionManager.java:81)
	at pt.ist.fenixframework.core.AbstractTransactionManager.commit(AbstractTransactionManager.java:60)
	at org.radargun.cachewrappers.FFWrapper.endTransaction(FFWrapper.java:204)
	at org.radargun.stressors.StressTestStressor$Stressor.endTransaction(StressTestStressor.java:801)
	at org.radargun.stressors.StressTestStressor$Stressor.makeRequest(StressTestStressor.java:746)
	at org.radargun.stressors.StressTestStressor$FixedSetOperationLogic.run(StressTestStressor.java:313)
	at org.radargun.stressors.StressTestStressor$Stressor.runInternal(StressTestStressor.java:651)
	at org.radargun.stressors.StressTestStressor$Stressor.run(StressTestStressor.java:635)
Caused by: javax.transaction.xa.XAException
	at org.infinispan.transaction.TransactionCoordinator.prepare(TransactionCoordinator.java:161)
	at org.infinispan.transaction.TransactionCoordinator.prepare(TransactionCoordinator.java:123)
	at org.infinispan.transaction.synchronization.SynchronizationAdapter.beforeCompletion(SynchronizationAdapter.java:68)
	... 31 more
 ERROR [Stressor-3] {pt.ist.fenixframework.backend.jvstm.pstm.PersistentTransaction} PersistentException while committing transaction.
 ERROR [Stressor-3] {org.radargun.stressors.StressTestStressor} Failed to end transaction
java.lang.RuntimeException: pt.ist.fenixframework.core.exception.RecoverableRollbackException: pt.ist.fenixframework.backend.jvstm.repository.PersistenceException: java.lang.RuntimeException: javax.transaction.RollbackException: ARJUNA016053: Could not commit transaction.
	at org.radargun.cachewrappers.FFWrapper.endTransaction(FFWrapper.java:209)
	at org.radargun.stressors.StressTestStressor$Stressor.endTransaction(StressTestStressor.java:801)
	at org.radargun.stressors.StressTestStressor$Stressor.makeRequest(StressTestStressor.java:746)
	at org.radargun.stressors.StressTestStressor$FixedSetOperationLogic.run(StressTestStressor.java:313)
	at org.radargun.stressors.StressTestStressor$Stressor.runInternal(StressTestStressor.java:651)
	at org.radargun.stressors.StressTestStressor$Stressor.run(StressTestStressor.java:635)
Caused by: pt.ist.fenixframework.core.exception.RecoverableRollbackException: pt.ist.fenixframework.backend.jvstm.repository.PersistenceException: java.lang.RuntimeException: javax.transaction.RollbackException: ARJUNA016053: Could not commit transaction.
	at pt.ist.fenixframework.core.AbstractTransaction.commit(AbstractTransaction.java:69)
	at pt.ist.fenixframework.backend.jvstm.JVSTMTransactionManager.backendCommit(JVSTMTransactionManager.java:81)
	at pt.ist.fenixframework.core.AbstractTransactionManager.commit(AbstractTransactionManager.java:60)
	at org.radargun.cachewrappers.FFWrapper.endTransaction(FFWrapper.java:204)
	... 5 more
Caused by: pt.ist.fenixframework.core.TransactionError: pt.ist.fenixframework.backend.jvstm.repository.PersistenceException: java.lang.RuntimeException: javax.transaction.RollbackException: ARJUNA016053: Could not commit transaction.
	at pt.ist.fenixframework.backend.jvstm.pstm.PersistentTransaction.performValidCommit(PersistentTransaction.java:210)
	at pt.ist.fenixframework.backend.jvstm.pstm.ClusteredPersistentTransaction.performValidCommit(ClusteredPersistentTransaction.java:87)
	at jvstm.TopLevelTransaction.tryCommit(TopLevelTransaction.java:69)
	at jvstm.cps.ConsistentTopLevelTransaction.tryCommit(ConsistentTopLevelTransaction.java:75)
	at pt.ist.fenixframework.backend.jvstm.pstm.ClusteredPersistentTransaction.tryCommit(ClusteredPersistentTransaction.java:51)
	at jvstm.ReadWriteTransaction.doCommit(ReadWriteTransaction.java:73)
	at pt.ist.fenixframework.backend.jvstm.pstm.PersistentTransaction.doCommit(PersistentTransaction.java:75)
	at jvstm.Transaction.commitTx(Transaction.java:248)
	at jvstm.Transaction.commit(Transaction.java:178)
	at pt.ist.fenixframework.backend.jvstm.JVSTMTransaction.backendCommit(JVSTMTransaction.java:52)
	at pt.ist.fenixframework.core.AbstractTransaction.commit(AbstractTransaction.java:62)
	... 8 more
Caused by: pt.ist.fenixframework.backend.jvstm.repository.PersistenceException: java.lang.RuntimeException: javax.transaction.RollbackException: ARJUNA016053: Could not commit transaction.
	at pt.ist.fenixframework.backend.jvstm.datagrid.DataGridRepository.doWithinBackingTransactionIfNeeded(DataGridRepository.java:242)
	at pt.ist.fenixframework.backend.jvstm.datagrid.DataGridRepository.persistChanges(DataGridRepository.java:153)
	at pt.ist.fenixframework.backend.jvstm.pstm.PersistentTransaction.doCommit(PersistentTransaction.java:83)
	at jvstm.TopLevelTransaction.performValidCommit(TopLevelTransaction.java:101)
	at pt.ist.fenixframework.backend.jvstm.pstm.PersistentTransaction.performValidCommit(PersistentTransaction.java:204)
	... 18 more
Caused by: java.lang.RuntimeException: javax.transaction.RollbackException: ARJUNA016053: Could not commit transaction.
	at org.radargun.cachewrappers.InfinispanWrapper.endTransaction(InfinispanWrapper.java:335)
	at pt.ist.fenixframework.backend.jvstm.datagrid.radargun.DataGridDecorator.commitTransaction(DataGridDecorator.java:104)
	at pt.ist.fenixframework.backend.jvstm.datagrid.DataGridRepository.doWithinBackingTransactionIfNeeded(DataGridRepository.java:237)
	... 22 more
Caused by: javax.transaction.RollbackException: ARJUNA016053: Could not commit transaction.
	at com.arjuna.ats.internal.jta.transaction.arjunacore.TransactionImple.commitAndDisassociate(TransactionImple.java:1177)
	at com.arjuna.ats.internal.jta.transaction.arjunacore.BaseTransaction.commit(BaseTransaction.java:117)
	at org.radargun.cachewrappers.InfinispanWrapper.endTransaction(InfinispanWrapper.java:330)
	... 24 more
Caused by: org.infinispan.CacheException: Could not prepare. 
	at org.infinispan.transaction.synchronization.SynchronizationAdapter.beforeCompletion(SynchronizationAdapter.java:70)
	at com.arjuna.ats.internal.jta.resources.arjunacore.SynchronizationImple.beforeCompletion(SynchronizationImple.java:76)
	at com.arjuna.ats.arjuna.coordinator.TwoPhaseCoordinator.beforeCompletion(TwoPhaseCoordinator.java:273)
	at com.arjuna.ats.arjuna.coordinator.TwoPhaseCoordinator.end(TwoPhaseCoordinator.java:93)
	at com.arjuna.ats.arjuna.AtomicAction.commit(AtomicAction.java:164)
	at com.arjuna.ats.internal.jta.transaction.arjunacore.TransactionImple.commitAndDisassociate(TransactionImple.java:1165)
	... 26 more
Caused by: javax.transaction.xa.XAException
	at org.infinispan.transaction.TransactionCoordinator.prepare(TransactionCoordinator.java:161)
	at org.infinispan.transaction.TransactionCoordinator.prepare(TransactionCoordinator.java:123)
	at org.infinispan.transaction.synchronization.SynchronizationAdapter.beforeCompletion(SynchronizationAdapter.java:68)
	... 31 more
 INFO  [Stressor-3] {org.radargun.stressors.StressTestStressor} Number of ops executed so far: 570000. Elapsed time: 1 mins 5 secs. Remaining: 0.000 secs. Total: 1 mins 0 secs
 ERROR [Stressor-3] {org.radargun.stressors.StressTestStressor} Failed to end transaction
java.lang.RuntimeException: java.lang.IllegalStateException
	at org.radargun.cachewrappers.FFWrapper.endTransaction(FFWrapper.java:209)
	at org.radargun.stressors.StressTestStressor$Stressor.endTransaction(StressTestStressor.java:801)
	at org.radargun.stressors.StressTestStressor$Stressor.runInternal(StressTestStressor.java:658)
	at org.radargun.stressors.StressTestStressor$Stressor.run(StressTestStressor.java:635)
Caused by: java.lang.IllegalStateException
	at pt.ist.fenixframework.core.AbstractTransactionManager.commit(AbstractTransactionManager.java:44)
	at org.radargun.cachewrappers.FFWrapper.endTransaction(FFWrapper.java:204)
	... 3 more
[GC 4713953K->4294599K(4906688K), 0.0912820 secs]
 INFO  [pool-1-thread-1] {org.radargun.stressors.StressTestStressor} Finished generating report. Test duration is: 8 mins 11 secs
 INFO  [pool-1-thread-1] {org.radargun.stages.StressTestStage} size info: FFWrapper using infinispan52, clusterSize:10, nodeIndex:8, cacheSize: -1
 INFO  [pool-1-thread-1] {org.radargun.Slave} Finished stage: StressTest {bulkSize=1, cacheSpecificKeyGenerator=false, commitTransactions=true, duration=1 mins 0 secs, entrySize=1000, exitBenchmarkOnSlaveFailure=false, fixedKeys=true, generateHistogramRange=false, keyGeneratorClass=org.radargun.stressors.StringKeyGenerator, keyGeneratorParam=null, loadAllKeys=false, numEntries=10000, numOfThreads=4, numRequests=10000000, numThreads=4, numberOfAttributes=10000, numberOfRequests=10000000, opsCountStatusLog=500000, poolKeys=true, preferAsyncOperations=false, removePercentage=0, replaceInvalidPercentage=40, runOnAllSlaves=false, sharedKeys=false, sizeOfAnAttribute=1000, slaves=null, transactionSize=10000, useAtomics=false, useHistogramStatistics=false, useSimpleStatistics=true, useSmartClassLoading=true, useTransactions=true, writePercentage=10, writeTxPercentage=100 }
 INFO  [main] {org.radargun.Slave} Ack successfully sent to the master
[GC 4693640K(4906688K), 0.5008140 secs]
 INFO  [hz._hzInstance_1_FenixFrameworkGroup.HealthMonitor] {com.hazelcast.util.HealthMonitor} [127.0.0.1]:5709 [FenixFrameworkGroup] 
memory used=4.5G, free=208.1M, total=4.7G, max=4.7G, used/total=95.66% used/max=95.66%
cpu process-load=6.00%, system-load=33.00%, system-loadaverage=664.00%
[GC 4715389K->4289401K(4906688K), 0.0746690 secs]
[GC 4377614K(4906688K), 0.1666490 secs]
[GC 4711793K->4275536K(4906688K), 0.0729060 secs]
 INFO  [hz._hzInstance_1_FenixFrameworkGroup.HealthMonitor] {com.hazelcast.util.HealthMonitor} [127.0.0.1]:5709 [FenixFrameworkGroup] 
memory used=4.1G, free=605.5M, total=4.7G, max=4.7G, used/total=87.36% used/max=87.36%
cpu process-load=7.00%, system-load=41.00%, system-loadaverage=749.00%
[GC 4409202K(4906688K), 0.0694770 secs]
[GC 4493563K(4906688K), 0.3414570 secs]
[GC 4695646K->4269806K(4906688K), 0.0774920 secs]
 INFO  [hz._hzInstance_1_FenixFrameworkGroup.HealthMonitor] {com.hazelcast.util.HealthMonitor} [127.0.0.1]:5709 [FenixFrameworkGroup] 
memory used=4.1G, free=584.0M, total=4.7G, max=4.7G, used/total=87.81% used/max=87.81%
cpu process-load=7.00%, system-load=39.00%, system-loadaverage=811.00%
[GC 4500515K(4906688K), 0.0983070 secs]
[GC 4602025K(4906688K), 0.4987310 secs]
[GC 4694764K->4294384K(4906688K), 0.0753000 secs]
 INFO  [hz._hzInstance_1_FenixFrameworkGroup.HealthMonitor] {com.hazelcast.util.HealthMonitor} [127.0.0.1]:5709 [FenixFrameworkGroup] 
memory used=4.2G, free=486.4M, total=4.7G, max=4.7G, used/total=89.85% used/max=89.85%
cpu process-load=7.00%, system-load=41.00%, system-loadaverage=847.00%
[GC 4674968K(4906688K), 0.5332510 secs]
[GC 4719888K->4261512K(4906688K), 0.0764400 secs]
 INFO  [hz._hzInstance_1_FenixFrameworkGroup.HealthMonitor] {com.hazelcast.util.HealthMonitor} [127.0.0.1]:5709 [FenixFrameworkGroup] 
memory used=4.2G, free=493.7M, total=4.7G, max=4.7G, used/total=89.70% used/max=89.70%
cpu process-load=6.00%, system-load=39.00%, system-loadaverage=856.00%
[GC 4401744K(4906688K), 0.2344630 secs]
[GC 4687569K->4257939K(4906688K), 0.0791620 secs]
[GC 4376996K(4906688K), 0.0631000 secs]
 INFO  [hz._hzInstance_1_FenixFrameworkGroup.HealthMonitor] {com.hazelcast.util.HealthMonitor} [127.0.0.1]:5709 [FenixFrameworkGroup] 
memory used=4.2G, free=517.2M, total=4.7G, max=4.7G, used/total=89.21% used/max=89.21%
cpu process-load=6.00%, system-load=38.00%, system-loadaverage=855.00%
[GC 4537620K(4906688K), 0.4542840 secs]
[GC 4682640K->4257695K(4906688K), 0.0747890 secs]
 INFO  [hz._hzInstance_1_FenixFrameworkGroup.HealthMonitor] {com.hazelcast.util.HealthMonitor} [127.0.0.1]:5709 [FenixFrameworkGroup] 
memory used=4.1G, free=570.6M, total=4.7G, max=4.7G, used/total=88.09% used/max=88.09%
cpu process-load=6.00%, system-load=37.00%, system-loadaverage=886.00%
[GC 4493594K(4906688K), 0.1033310 secs]
[GC 4666274K(4906688K), 0.6219510 secs]
[GC 4682749K->4321211K(4906688K), 0.0783790 secs]
 INFO  [hz._hzInstance_1_FenixFrameworkGroup.HealthMonitor] {com.hazelcast.util.HealthMonitor} [127.0.0.1]:5709 [FenixFrameworkGroup] 
memory used=4.2G, free=491.7M, total=4.7G, max=4.7G, used/total=89.74% used/max=89.74%
cpu process-load=6.00%, system-load=40.00%, system-loadaverage=904.00%
[GC 4747899K->4256921K(4906688K), 0.0800440 secs]
[GC 4273915K(4906688K), 0.0303480 secs]
 INFO  [hz._hzInstance_1_FenixFrameworkGroup.HealthMonitor] {com.hazelcast.util.HealthMonitor} [127.0.0.1]:5709 [FenixFrameworkGroup] 
memory used=4.2G, free=490.6M, total=4.7G, max=4.7G, used/total=89.76% used/max=89.76%
cpu process-load=7.00%, system-load=41.00%, system-loadaverage=917.00%
[GC 4455378K(4906688K), 0.3258580 secs]
[GC 4682042K->4311540K(4906688K), 0.0821220 secs]
 INFO  [hz._hzInstance_1_FenixFrameworkGroup.HealthMonitor] {com.hazelcast.util.HealthMonitor} [127.0.0.1]:5709 [FenixFrameworkGroup] 
memory used=4.3G, free=416.0M, total=4.7G, max=4.7G, used/total=91.32% used/max=91.32%
cpu process-load=6.00%, system-load=38.00%, system-loadaverage=938.00%
[GC 4537397K(4906688K), 0.1136440 secs]
[GC 4614019K(4906688K), 0.4745180 secs]
[GC 4736307K->4255840K(4906688K), 0.0855840 secs]
 INFO  [hz._hzInstance_1_FenixFrameworkGroup.HealthMonitor] {com.hazelcast.util.HealthMonitor} [127.0.0.1]:5709 [FenixFrameworkGroup] 
memory used=4.2G, free=461.3M, total=4.7G, max=4.7G, used/total=90.37% used/max=90.37%
cpu process-load=7.00%, system-load=39.00%, system-loadaverage=931.00%
[GC 4627412K(4906688K), 0.5155600 secs]
[GC 4680952K->4265962K(4906688K), 0.1015250 secs]
[GC 4368608K(4906688K), 0.1838170 secs]
 INFO  [hz._hzInstance_1_FenixFrameworkGroup.HealthMonitor] {com.hazelcast.util.HealthMonitor} [127.0.0.1]:5709 [FenixFrameworkGroup] 
memory used=4.3G, free=435.2M, total=4.7G, max=4.7G, used/total=90.92% used/max=90.92%
cpu process-load=6.00%, system-load=40.00%, system-loadaverage=949.00%
[GC 4692650K->4259067K(4906688K), 0.0995770 secs]
[GC 4347358K(4906688K), 0.0551850 secs]
[GC 4462099K(4906688K), 0.3399680 secs]
 INFO  [hz._hzInstance_1_FenixFrameworkGroup.HealthMonitor] {com.hazelcast.util.HealthMonitor} [127.0.0.1]:5709 [FenixFrameworkGroup] 
memory used=4.3G, free=434.2M, total=4.7G, max=4.7G, used/total=90.94% used/max=90.94%
cpu process-load=6.00%, system-load=37.00%, system-loadaverage=904.00%
[GC 4683880K->4264687K(4906688K), 0.0911480 secs]
[GC 4472088K(4906688K), 0.0975230 secs]
 INFO  [hz._hzInstance_1_FenixFrameworkGroup.HealthMonitor] {com.hazelcast.util.HealthMonitor} [127.0.0.1]:5709 [FenixFrameworkGroup] 
memory used=4.3G, free=391.4M, total=4.7G, max=4.7G, used/total=91.83% used/max=91.83%
cpu process-load=7.00%, system-load=40.00%, system-loadaverage=902.00%
[GC 4577499K(4906688K), 0.4939910 secs]
[GC 4689597K->4691655K(4906688K), 0.4789230 secs]
[Full GC 4691655K->4238295K(4906688K), 11.5636450 secs]
 INFO  [hz._hzInstance_1_FenixFrameworkGroup.HealthMonitor] {com.hazelcast.util.HealthMonitor} [127.0.0.1]:5709 [FenixFrameworkGroup] 
memory used=4.0G, free=652.7M, total=4.7G, max=4.7G, used/total=86.38% used/max=86.38%
cpu process-load=3.00%, system-load=23.00%, system-loadaverage=909.00%
[GC 4350728K(4906688K), 0.1432170 secs]
[GC 4664983K->4289370K(4906688K), 0.0333840 secs]
 INFO  [hz._hzInstance_1_FenixFrameworkGroup.HealthMonitor] {com.hazelcast.util.HealthMonitor} [127.0.0.1]:5709 [FenixFrameworkGroup] 
memory used=4.1G, free=543.8M, total=4.7G, max=4.7G, used/total=88.65% used/max=88.65%
cpu process-load=6.00%, system-load=39.00%, system-loadaverage=900.00%
[GC 4420000K(4906688K), 0.0596270 secs]
[GC 4579458K(4906688K), 0.4034710 secs]
[GC 4714935K->4250559K(4906688K), 0.0366270 secs]
 INFO  [hz._hzInstance_1_FenixFrameworkGroup.HealthMonitor] {com.hazelcast.util.HealthMonitor} [127.0.0.1]:5709 [FenixFrameworkGroup] 
memory used=4.1G, free=588.2M, total=4.7G, max=4.7G, used/total=87.72% used/max=87.72%
cpu process-load=6.00%, system-load=38.00%, system-loadaverage=908.00%
[GC 4545371K(4906688K), 0.4009270 secs]
[GC 4675332K->4246590K(4906688K), 0.0371070 secs]
[GC 4247610K(4906688K), 0.0068190 secs]
 INFO  [hz._hzInstance_1_FenixFrameworkGroup.HealthMonitor] {com.hazelcast.util.HealthMonitor} [127.0.0.1]:5709 [FenixFrameworkGroup] 
memory used=4.1G, free=560.3M, total=4.7G, max=4.7G, used/total=88.31% used/max=88.31%
cpu process-load=6.00%, system-load=40.00%, system-loadaverage=907.00%
[GC 4673278K->4252082K(4906688K), 0.0382390 secs]
[GC 4276283K(4906688K), 0.0238630 secs]
 INFO  [hz._hzInstance_1_FenixFrameworkGroup.HealthMonitor] {com.hazelcast.util.HealthMonitor} [127.0.0.1]:5709 [FenixFrameworkGroup] 
memory used=4.2G, free=509.1M, total=4.7G, max=4.7G, used/total=89.37% used/max=89.37%
cpu process-load=7.00%, system-load=40.00%, system-loadaverage=923.00%
[GC 4446036K(4906688K), 0.2778650 secs]
[GC 4677085K->4256699K(4906688K), 0.0416980 secs]
 INFO  [hz._hzInstance_1_FenixFrameworkGroup.HealthMonitor] {com.hazelcast.util.HealthMonitor} [127.0.0.1]:5709 [FenixFrameworkGroup] 
memory used=4.2G, free=472.9M, total=4.7G, max=4.7G, used/total=90.13% used/max=90.13%
cpu process-load=6.00%, system-load=38.00%, system-loadaverage=905.00%
[GC 4473678K(4906688K), 0.0872920 secs]
[GC 4585952K(4906688K), 0.4695250 secs]
[GC 4681405K->4260763K(4906688K), 0.0435600 secs]
 INFO  [hz._hzInstance_1_FenixFrameworkGroup.HealthMonitor] {com.hazelcast.util.HealthMonitor} [127.0.0.1]:5709 [FenixFrameworkGroup] 
memory used=4.2G, free=454.9M, total=4.7G, max=4.7G, used/total=90.51% used/max=90.51%
cpu process-load=6.00%, system-load=38.00%, system-loadaverage=913.00%
[GC 4593904K(4906688K), 0.4357740 secs]
[GC 4685574K->4265371K(4906688K), 0.0434850 secs]
[GC 4265970K(4906688K), 0.0169540 secs]
 INFO  [hz._hzInstance_1_FenixFrameworkGroup.HealthMonitor] {com.hazelcast.util.HealthMonitor} [127.0.0.1]:5709 [FenixFrameworkGroup] 
memory used=4.3G, free=419.9M, total=4.7G, max=4.7G, used/total=91.24% used/max=91.24%
cpu process-load=7.00%, system-load=40.00%, system-loadaverage=919.00%
[GC 4692059K->4271117K(4906688K), 0.0515430 secs]
[GC 4297336K(4906688K), 0.0234570 secs]
[GC 4471388K(4906688K), 0.2915210 secs]
 INFO  [hz._hzInstance_1_FenixFrameworkGroup.HealthMonitor] {com.hazelcast.util.HealthMonitor} [127.0.0.1]:5709 [FenixFrameworkGroup] 
memory used=4.3G, free=389.4M, total=4.7G, max=4.7G, used/total=91.87% used/max=91.87%
cpu process-load=6.00%, system-load=40.00%, system-loadaverage=908.00%
[GC 4696301K->4260809K(4906688K), 0.0508370 secs]
[GC 4474867K(4906688K), 0.0916340 secs]
 INFO  [hz._hzInstance_1_FenixFrameworkGroup.HealthMonitor] {com.hazelcast.util.HealthMonitor} [127.0.0.1]:5709 [FenixFrameworkGroup] 
memory used=4.3G, free=389.5M, total=4.7G, max=4.7G, used/total=91.87% used/max=91.87%
cpu process-load=7.00%, system-load=39.00%, system-loadaverage=914.00%
[GC 4642133K(4906688K), 0.5500050 secs]
[GC 4685349K->4275036K(4906688K), 0.0522630 secs]
 INFO  [hz._hzInstance_1_FenixFrameworkGroup.HealthMonitor] {com.hazelcast.util.HealthMonitor} [127.0.0.1]:5709 [FenixFrameworkGroup] 
memory used=4.3G, free=366.0M, total=4.7G, max=4.7G, used/total=92.36% used/max=92.36%
cpu process-load=6.00%, system-load=40.00%, system-loadaverage=919.00%
[GC 4694379K(4906688K), 0.5737490 secs]
[GC 4701698K->4284670K(4906688K), 0.0515750 secs]
[GC 4443187K(4906688K), 0.2366810 secs]
 INFO  [hz._hzInstance_1_FenixFrameworkGroup.HealthMonitor] {com.hazelcast.util.HealthMonitor} [127.0.0.1]:5709 [FenixFrameworkGroup] 
memory used=4.3G, free=343.5M, total=4.7G, max=4.7G, used/total=92.83% used/max=92.83%
cpu process-load=6.00%, system-load=39.00%, system-loadaverage=923.00%
[GC 4709651K->4264422K(4906688K), 0.0579790 secs]
[GC 4460585K(4906688K), 0.0845600 secs]
 INFO  [hz._hzInstance_1_FenixFrameworkGroup.HealthMonitor] {com.hazelcast.util.HealthMonitor} [127.0.0.1]:5709 [FenixFrameworkGroup] 
memory used=4.4G, free=336.4M, total=4.7G, max=4.7G, used/total=92.98% used/max=92.98%
cpu process-load=7.00%, system-load=40.00%, system-loadaverage=927.00%
[GC 4611431K(4906688K), 0.5045560 secs]
[GC 4689225K->4287803K(4906688K), 0.0575140 secs]
 INFO  [hz._hzInstance_1_FenixFrameworkGroup.HealthMonitor] {com.hazelcast.util.HealthMonitor} [127.0.0.1]:5709 [FenixFrameworkGroup] 
memory used=4.4G, free=316.7M, total=4.7G, max=4.7G, used/total=93.39% used/max=93.39%
cpu process-load=6.00%, system-load=37.00%, system-loadaverage=959.00%
[GC 4672293K(4906688K), 0.5630550 secs]
[GC 4713295K->4297001K(4906688K), 0.0601970 secs]
[GC 4424681K(4906688K), 0.2022790 secs]
 INFO  [hz._hzInstance_1_FenixFrameworkGroup.HealthMonitor] {com.hazelcast.util.HealthMonitor} [127.0.0.1]:5709 [FenixFrameworkGroup] 
memory used=4.4G, free=295.4M, total=4.7G, max=4.7G, used/total=93.84% used/max=93.84%
cpu process-load=6.00%, system-load=38.00%, system-loadaverage=972.00%
[GC 4723100K->4278443K(4906688K), 0.0619900 secs]
[GC 4464141K(4906688K), 0.0846340 secs]
[GC 4615380K(4906688K), 0.4924900 secs]
 INFO  [hz._hzInstance_1_FenixFrameworkGroup.HealthMonitor] {com.hazelcast.util.HealthMonitor} [127.0.0.1]:5709 [FenixFrameworkGroup] 
memory used=4.4G, free=266.8M, total=4.7G, max=4.7G, used/total=94.43% used/max=94.43%
cpu process-load=6.00%, system-load=40.00%, system-loadaverage=952.00%
[GC 4703011K->4293689K(4906688K), 0.0672050 secs]
[GC 4718578K(4906688K), 0.6152280 secs]
 INFO  [hz._hzInstance_1_FenixFrameworkGroup.HealthMonitor] {com.hazelcast.util.HealthMonitor} [127.0.0.1]:5709 [FenixFrameworkGroup] 
memory used=4.5G, free=183.7M, total=4.7G, max=4.7G, used/total=96.17% used/max=96.17%
cpu process-load=7.00%, system-load=42.00%, system-loadaverage=960.00%
[GC 4720293K->4291595K(4906688K), 0.0671690 secs]
[GC 4350592K(4906688K), 0.1112960 secs]
[GC 4716428K->4283322K(4906688K), 0.0648810 secs]
 INFO  [hz._hzInstance_1_FenixFrameworkGroup.HealthMonitor] {com.hazelcast.util.HealthMonitor} [127.0.0.1]:5709 [FenixFrameworkGroup] 
memory used=4.1G, free=600.5M, total=4.7G, max=4.7G, used/total=87.47% used/max=87.47%
cpu process-load=6.00%, system-load=38.00%, system-loadaverage=951.00%
[GC 4412766K(4906688K), 0.0613800 secs]
[GC 4564692K(4906688K), 0.4187930 secs]
[GC 4708172K->4296756K(4906688K), 0.0675090 secs]
 INFO  [hz._hzInstance_1_FenixFrameworkGroup.HealthMonitor] {com.hazelcast.util.HealthMonitor} [127.0.0.1]:5709 [FenixFrameworkGroup] 
memory used=4.1G, free=564.5M, total=4.7G, max=4.7G, used/total=88.22% used/max=88.22%
cpu process-load=6.00%, system-load=38.00%, system-loadaverage=949.00%
[GC 4673789K(4906688K), 0.5079050 secs]
[GC 4721721K->4298113K(4906688K), 0.0655670 secs]
 INFO  [hz._hzInstance_1_FenixFrameworkGroup.HealthMonitor] {com.hazelcast.util.HealthMonitor} [127.0.0.1]:5709 [FenixFrameworkGroup] 
memory used=4.2G, free=521.8M, total=4.7G, max=4.7G, used/total=89.11% used/max=89.11%
cpu process-load=7.00%, system-load=40.00%, system-loadaverage=933.00%
[GC 4387937K(4906688K), 0.1585770 secs]
[GC 4724530K->4289257K(4906688K), 0.0647980 secs]
 INFO  [hz._hzInstance_1_FenixFrameworkGroup.HealthMonitor] {com.hazelcast.util.HealthMonitor} [127.0.0.1]:5709 [FenixFrameworkGroup] 
memory used=4.2G, free=459.4M, total=4.7G, max=4.7G, used/total=90.41% used/max=90.41%
cpu process-load=7.00%, system-load=40.00%, system-loadaverage=920.00%
[GC 4468757K(4906688K), 0.0819240 secs]
[GC 4594213K(4906688K), 0.4477940 secs]
[GC 4714130K->4312853K(4906688K), 0.0661570 secs]
 INFO  [hz._hzInstance_1_FenixFrameworkGroup.HealthMonitor] {com.hazelcast.util.HealthMonitor} [127.0.0.1]:5709 [FenixFrameworkGroup] 
memory used=4.2G, free=455.9M, total=4.7G, max=4.7G, used/total=90.49% used/max=90.49%
cpu process-load=6.00%, system-load=36.00%, system-loadaverage=949.00%
[GC 4684503K(4906688K), 0.5053000 secs]
[GC 4737616K->4290803K(4906688K), 0.0608480 secs]
[GC 4366786K(4906688K), 0.1255260 secs]
 INFO  [hz._hzInstance_1_FenixFrameworkGroup.HealthMonitor] {com.hazelcast.util.HealthMonitor} [127.0.0.1]:5709 [FenixFrameworkGroup] 
memory used=4.2G, free=459.9M, total=4.7G, max=4.7G, used/total=90.40% used/max=90.40%
cpu process-load=6.00%, system-load=39.00%, system-loadaverage=949.00%
[GC 4717491K->4319040K(4906688K), 0.0652150 secs]
[GC 4507159K(4906688K), 0.0833770 secs]
 INFO  [hz._hzInstance_1_FenixFrameworkGroup.HealthMonitor] {com.hazelcast.util.HealthMonitor} [127.0.0.1]:5709 [FenixFrameworkGroup] 
memory used=4.3G, free=342.5M, total=4.7G, max=4.7G, used/total=92.85% used/max=92.85%
cpu process-load=7.00%, system-load=41.00%, system-loadaverage=949.00%
[GC 4644658K(4906688K), 0.4869170 secs]
[GC 4743840K->4292759K(4906688K), 0.0601300 secs]
 INFO  [hz._hzInstance_1_FenixFrameworkGroup.HealthMonitor] {com.hazelcast.util.HealthMonitor} [127.0.0.1]:5709 [FenixFrameworkGroup] 
memory used=4.4G, free=325.6M, total=4.7G, max=4.7G, used/total=93.21% used/max=93.21%
cpu process-load=6.00%, system-load=39.00%, system-loadaverage=927.00%
[GC 4707873K(4906688K), 0.5722710 secs]
[GC 4719355K->4321889K(4906688K), 0.0657280 secs]
[GC 4404415K(4906688K), 0.1449410 secs]
 INFO  [hz._hzInstance_1_FenixFrameworkGroup.HealthMonitor] {com.hazelcast.util.HealthMonitor} [127.0.0.1]:5709 [FenixFrameworkGroup] 
memory used=4.4G, free=291.6M, total=4.7G, max=4.7G, used/total=93.91% used/max=93.91%
cpu process-load=7.00%, system-load=39.00%, system-loadaverage=936.00%
[GC 4746822K->4296021K(4906688K), 0.0634750 secs]
[GC 4434201K(4906688K), 0.0684100 secs]
[GC 4526874K(4906688K), 0.3635840 secs]
 INFO  [hz._hzInstance_1_FenixFrameworkGroup.HealthMonitor] {com.hazelcast.util.HealthMonitor} [127.0.0.1]:5709 [FenixFrameworkGroup] 
memory used=4.4G, free=329.0M, total=4.7G, max=4.7G, used/total=93.13% used/max=93.13%
cpu process-load=6.00%, system-load=38.00%, system-loadaverage=907.00%
[GC 4720855K->4314136K(4906688K), 0.0668750 secs]
[GC 4541187K(4906688K), 0.0956900 secs]
 INFO  [hz._hzInstance_1_FenixFrameworkGroup.HealthMonitor] {com.hazelcast.util.HealthMonitor} [127.0.0.1]:5709 [FenixFrameworkGroup] 
memory used=4.4G, free=275.5M, total=4.7G, max=4.7G, used/total=94.25% used/max=94.25%
cpu process-load=7.00%, system-load=41.00%, system-loadaverage=943.00%
[GC 4677804K(4906688K), 0.5274810 secs]
[GC 4738928K->4322407K(4906688K), 0.0668180 secs]
 INFO  [hz._hzInstance_1_FenixFrameworkGroup.HealthMonitor] {com.hazelcast.util.HealthMonitor} [127.0.0.1]:5709 [FenixFrameworkGroup] 
memory used=4.4G, free=248.2M, total=4.7G, max=4.7G, used/total=94.82% used/max=94.82%
cpu process-load=6.00%, system-load=39.00%, system-loadaverage=961.00%
[GC 4735484K(4906688K), 0.6048390 secs]
[GC 4749003K->4303810K(4906688K), 0.0657190 secs]
[GC 4430370K(4906688K), 0.2005850 secs]
 INFO  [hz._hzInstance_1_FenixFrameworkGroup.HealthMonitor] {com.hazelcast.util.HealthMonitor} [127.0.0.1]:5709 [FenixFrameworkGroup] 
memory used=4.4G, free=279.4M, total=4.7G, max=4.7G, used/total=94.17% used/max=94.17%
cpu process-load=6.00%, system-load=37.00%, system-loadaverage=951.00%
 WARN  [Thread-0] {org.radargun.ShutDownHook} Slave process: unexpected shutdown!
[GC 4728710K->4320202K(4906688K), 0.0636830 secs]
 INFO  [hz._hzInstance_1_FenixFrameworkGroup.IO.thread-in-0] {com.hazelcast.nio.TcpIpConnection} [127.0.0.1]:5709 [FenixFrameworkGroup] Connection [Address[127.0.0.1]:5708] lost. Reason: java.io.EOFException[Remote socket closed!]
 INFO  [hz._hzInstance_1_FenixFrameworkGroup.IO.thread-in-2] {com.hazelcast.nio.TcpIpConnection} [127.0.0.1]:5709 [FenixFrameworkGroup] Connection [Address[127.0.0.1]:5702] lost. Reason: java.io.EOFException[Remote socket closed!]
 INFO  [hz._hzInstance_1_FenixFrameworkGroup.IO.thread-in-1] {com.hazelcast.nio.TcpIpConnection} [127.0.0.1]:5709 [FenixFrameworkGroup] Connection [Address[127.0.0.1]:5704] lost. Reason: java.io.EOFException[Remote socket closed!]
 INFO  [hz._hzInstance_1_FenixFrameworkGroup.IO.thread-in-0] {com.hazelcast.nio.TcpIpConnection} [127.0.0.1]:5709 [FenixFrameworkGroup] Connection [Address[127.0.0.1]:5705] lost. Reason: java.io.EOFException[Remote socket closed!]
 INFO  [hz._hzInstance_1_FenixFrameworkGroup.IO.thread-in-1] {com.hazelcast.nio.TcpIpConnection} [127.0.0.1]:5709 [FenixFrameworkGroup] Connection [Address[127.0.0.1]:5703] lost. Reason: java.io.EOFException[Remote socket closed!]
 INFO  [hz._hzInstance_1_FenixFrameworkGroup.IO.thread-in-2] {com.hazelcast.nio.TcpIpConnection} [127.0.0.1]:5709 [FenixFrameworkGroup] Connection [Address[127.0.0.1]:5710] lost. Reason: java.io.EOFException[Remote socket closed!]
 INFO  [hz._hzInstance_1_FenixFrameworkGroup.IO.thread-in-2] {com.hazelcast.nio.TcpIpConnection} [127.0.0.1]:5709 [FenixFrameworkGroup] Connection [Address[127.0.0.1]:5705] lost. Reason: java.io.EOFException[Remote socket closed!]
 INFO  [hz._hzInstance_1_FenixFrameworkGroup.IO.thread-in-1] {com.hazelcast.nio.TcpIpConnection} [127.0.0.1]:5709 [FenixFrameworkGroup] Connection [Address[127.0.0.1]:5710] lost. Reason: java.io.EOFException[Remote socket closed!]
 INFO  [hz._hzInstance_1_FenixFrameworkGroup.IO.thread-in-1] {com.hazelcast.nio.TcpIpConnection} [127.0.0.1]:5709 [FenixFrameworkGroup] Connection [Address[127.0.0.1]:5704] lost. Reason: java.io.EOFException[Remote socket closed!]
 INFO  [hz.ShutdownThread] {com.hazelcast.nio.TcpIpConnection} [127.0.0.1]:5709 [FenixFrameworkGroup] Connection [Address[127.0.0.1]:5707] lost. Reason: Socket explicitly closed
 INFO  [hz.ShutdownThread] {com.hazelcast.nio.TcpIpConnection} [127.0.0.1]:5709 [FenixFrameworkGroup] Connection [Address[127.0.0.1]:5706] lost. Reason: Socket explicitly closed
 INFO  [hz.ShutdownThread] {com.hazelcast.nio.TcpIpConnection} [127.0.0.1]:5709 [FenixFrameworkGroup] Connection [Address[127.0.0.1]:5701] lost. Reason: Socket explicitly closed
 INFO  [hz.ShutdownThread] {com.hazelcast.nio.TcpIpConnection} [127.0.0.1]:5709 [FenixFrameworkGroup] Connection [Address[127.0.0.1]:5707] lost. Reason: Socket explicitly closed
 INFO  [hz.ShutdownThread] {com.hazelcast.nio.TcpIpConnection} [127.0.0.1]:5709 [FenixFrameworkGroup] Connection [Address[127.0.0.1]:5706] lost. Reason: Socket explicitly closed
 INFO  [hz.ShutdownThread] {com.hazelcast.initializer} [127.0.0.1]:5709 [FenixFrameworkGroup] Destroying node initializer.
 INFO  [hz.ShutdownThread] {com.hazelcast.instance.Node} [127.0.0.1]:5709 [FenixFrameworkGroup] Hazelcast Shutdown is completed in 126 ms.
