/usr/java/jdk1.7.0_21/bin/java -server -Xmx1024M -Xms1024M -Dresolve.dns=false -Djgroups.timer.num_threads=4 -verbose:gc -Xmx5000M -Xms3000M -server -XX:+UseConcMarkSweepGC -XX:+AggressiveOpts -verbose:gc -XX:ParallelGCThreads=4 -XX:NewRatio=5 -XX:SurvivorRatio=2 -Dhazelcast.operation.thread.count=4 -Djava.net.preferIPv4Stack=true -Dlog4j.file.prefix=deimos-esw-21854 -Dbind.address= -Djgroups.bind_addr= -classpath /home/smf/github/radargun/target/distribution/RadarGun-1.1.0-SNAPSHOT/lib/activation-1.1.jar:/home/smf/github/radargun/target/distribution/RadarGun-1.1.0-SNAPSHOT/lib/commons-beanutils-1.8.0.jar:/home/smf/github/radargun/target/distribution/RadarGun-1.1.0-SNAPSHOT/lib/commons-digester-2.0.jar:/home/smf/github/radargun/target/distribution/RadarGun-1.1.0-SNAPSHOT/lib/commons-logging-1.1.1.jar:/home/smf/github/radargun/target/distribution/RadarGun-1.1.0-SNAPSHOT/lib/commons-math-1.2.jar:/home/smf/github/radargun/target/distribution/RadarGun-1.1.0-SNAPSHOT/lib/jboss-transaction-api-1.0.1.GA.jar:/home/smf/github/radargun/target/distribution/RadarGun-1.1.0-SNAPSHOT/lib/jcommon-1.0.15.jar:/home/smf/github/radargun/target/distribution/RadarGun-1.1.0-SNAPSHOT/lib/jfreechart-1.0.12.jar:/home/smf/github/radargun/target/distribution/RadarGun-1.1.0-SNAPSHOT/lib/log4j-1.2.14.jar:/home/smf/github/radargun/target/distribution/RadarGun-1.1.0-SNAPSHOT/lib/mail-1.4.2.jar:/home/smf/github/radargun/target/distribution/RadarGun-1.1.0-SNAPSHOT/lib/radargun-framework-1.1.0-SNAPSHOT.jar:/home/smf/github/radargun/target/distribution/RadarGun-1.1.0-SNAPSHOT/conf org.radargun.Slave -master 127.0.0.1:2103
--------------------------------------------------------------------------------
PerNodeRollingFileAppender::Using file prefix:deimos-esw-21854
 INFO  [main] {org.radargun.Slave} Attempting to connect to master 127.0.0.1:2103
 INFO  [main] {org.radargun.Slave} Successfully established connection with master at: 127.0.0.1:2103
Loading JARS from /home/smf/github/radargun/target/distribution/RadarGun-1.1.0-SNAPSHOT/lib/radargun-framework-1.1.0-SNAPSHOT.jar
 INFO  [pool-1-thread-1] {org.radargun.config.AnnotatedHelper} Loading JARS from /home/smf/github/radargun/target/distribution/RadarGun-1.1.0-SNAPSHOT/lib/radargun-framework-1.1.0-SNAPSHOT.jar
 INFO  [pool-1-thread-1] {org.radargun.config.AnnotatedHelper} Loading JARS from /home/smf/github/radargun/target/distribution/RadarGun-1.1.0-SNAPSHOT/lib/radargun-framework-1.1.0-SNAPSHOT.jar
 INFO  [pool-1-thread-1] {org.radargun.Slave} Executing stage: DestroyWrapper {enforceMemoryThrashHold=true, exitBenchmarkOnSlaveFailure=false, heapDumpDir=null, memoryThreshold=95, runOnAllSlaves=true, slaves=null, useSmartClassLoading=true }
 INFO  [pool-1-thread-1] {org.radargun.stages.DestroyWrapperStage} Received destroy cache wrapper request from master...
 INFO  [pool-1-thread-1] {org.radargun.stages.DestroyWrapperStage} No cache wrapper deployed on this slave, nothing to do.
 INFO  [pool-1-thread-1] {org.radargun.stages.DestroyWrapperStage} Before executing clear, memory looks like this: Memory - free: 2,928,638 kb - max:4,906,688 kb- total:2,944,000 kb
[Full GC 15361K->3631K(2944000K), 0.0670140 secs]
 INFO  [pool-1-thread-1] {org.radargun.stages.DestroyWrapperStage} After executing cleanup, memory looks like this: Memory - free: 2,935,311 kb - max:4,906,688 kb- total:2,944,064 kb
 INFO  [pool-1-thread-1] {org.radargun.Slave} Finished stage: DestroyWrapper {enforceMemoryThrashHold=true, exitBenchmarkOnSlaveFailure=false, heapDumpDir=null, memoryThreshold=95, runOnAllSlaves=true, slaves=null, useSmartClassLoading=true }
 INFO  [main] {org.radargun.Slave} Ack successfully sent to the master
 INFO  [pool-1-thread-1] {org.radargun.Slave} Executing stage: StartCluster {config=ispn52-repl-sync-rc.xml, delayAfterFirstSlaveStarts=5.000 secs, delayBetweenStartingSlaves=0.500 secs, exitBenchmarkOnSlaveFailure=true, expectNumSlaves=null, mayFailOn=null, reachable=null, runOnAllSlaves=false, slaves=null, staggerSlaveStartup=true, useSmartClassLoading=true, validateCluster=true }
 INFO  [pool-1-thread-1] {org.radargun.stages.StartClusterStage} Startup staggering, number of slaves to start is 2 This is the slave with index 0, not sleeping
 INFO  [pool-1-thread-1] {org.radargun.stages.StartClusterStage} Ack master's StartCluster stage. Local address is: /127.0.0.1. This slave's index is: 0
 INFO  [pool-1-thread-1] {org.radargun.utils.ClassLoadHelper} Creating newInstance org.radargun.cachewrappers.InfinispanXSWrapper with classloader java.net.URLClassLoader@52b2f956
 INFO  [pool-1-thread-1] {org.radargun.cachewrappers.InfinispanXSWrapper} Cannot find any site for slave index 0
 INFO  [pool-1-thread-1] {org.infinispan.remoting.transport.jgroups.JGroupsTransport} ISPN000078: Starting JGroups Channel
 WARN  [pool-1-thread-1] {org.jgroups.protocols.UDP} [JGRP00014] the send buffer of socket DatagramSocket was set to 640KB, but the OS only allocated 229.38KB. This might lead to performance problems. Please set your max send buffer in the OS correctly (e.g. net.core.wmem_max on Linux)
 WARN  [pool-1-thread-1] {org.jgroups.protocols.UDP} [JGRP00014] the receive buffer of socket DatagramSocket was set to 20MB, but the OS only allocated 229.38KB. This might lead to performance problems. Please set your max receive buffer in the OS correctly (e.g. net.core.rmem_max on Linux)
 WARN  [pool-1-thread-1] {org.jgroups.protocols.UDP} [JGRP00014] the send buffer of socket MulticastSocket was set to 640KB, but the OS only allocated 229.38KB. This might lead to performance problems. Please set your max send buffer in the OS correctly (e.g. net.core.wmem_max on Linux)
 WARN  [pool-1-thread-1] {org.jgroups.protocols.UDP} [JGRP00014] the receive buffer of socket MulticastSocket was set to 25MB, but the OS only allocated 229.38KB. This might lead to performance problems. Please set your max receive buffer in the OS correctly (e.g. net.core.rmem_max on Linux)
 INFO  [pool-1-thread-1] {org.infinispan.remoting.transport.jgroups.JGroupsTransport} ISPN000094: Received new cluster view: [deimos-esw-17701|0] [deimos-esw-17701]
 INFO  [pool-1-thread-1] {org.infinispan.remoting.transport.jgroups.JGroupsTransport} ISPN000079: Cache local address is deimos-esw-17701, physical addresses are [127.0.0.1:52000]
 INFO  [pool-1-thread-1] {org.infinispan.factories.GlobalComponentRegistry} ISPN000128: Infinispan version: Infinispan 'Delirium' 5.2.6.Final
 INFO  [pool-1-thread-1] {org.infinispan.transaction.lookup.JBossStandaloneJTAManagerLookup} ISPN000107: Retrieving transaction manager Transaction: unknown
 INFO  [pool-1-thread-1] {org.infinispan.jmx.CacheJmxRegistration} ISPN000031: MBeans were successfully registered to the platform MBean server.
 INFO  [pool-1-thread-1] {org.radargun.cachewrappers.InfinispanXSWrapper} Using transaction manager: Transaction: unknown
 INFO  [pool-1-thread-1] {org.radargun.cachewrappers.InfinispanXSWrapper} No RELAY2 protocol in XS wrapper
 INFO  [pool-1-thread-1] {org.radargun.cachewrappers.InfinispanXSWrapper} JGroups version: JGroups 3.2.7.Final
 INFO  [pool-1-thread-1] {org.radargun.cachewrappers.InfinispanXSWrapper} Using config attributes: {name=ispn52-repl-sync-rc.xml}
 INFO  [pool-1-thread-1] {org.radargun.stages.helpers.StartHelper} Number of members=1 is not the one expected: 2
 INFO  [pool-1-thread-1] {org.radargun.stages.helpers.StartHelper} Number of members=1 is not the one expected: 2
 INFO  [pool-1-thread-1] {org.radargun.stages.helpers.StartHelper} Number of members=1 is not the one expected: 2
 INFO  [Incoming-1,deimos-esw-17701] {org.infinispan.remoting.transport.jgroups.JGroupsTransport} ISPN000094: Received new cluster view: [deimos-esw-17701|1] [deimos-esw-17701, deimos-esw-10853]
 INFO  [pool-1-thread-1] {org.radargun.stages.helpers.StartHelper} Number of members is the one expected: 2
 INFO  [pool-1-thread-1] {org.radargun.stages.StartClusterStage} Successfully started cache wrapper on slave 0: org.radargun.cachewrappers.InfinispanXSWrapper@3967ba17
 INFO  [pool-1-thread-1] {org.radargun.Slave} Finished stage: StartCluster {config=ispn52-repl-sync-rc.xml, delayAfterFirstSlaveStarts=5.000 secs, delayBetweenStartingSlaves=0.500 secs, exitBenchmarkOnSlaveFailure=true, expectNumSlaves=null, mayFailOn=null, reachable=null, runOnAllSlaves=false, slaves=null, staggerSlaveStartup=true, useSmartClassLoading=true, validateCluster=true }
 INFO  [main] {org.radargun.Slave} Ack successfully sent to the master
 INFO  [pool-1-thread-1] {org.radargun.Slave} Executing stage: ClusterValidation {exitBenchmarkOnSlaveFailure=false, partialReplication=false, replicationTimeSleep=2000, replicationTryCount=60, runOnAllSlaves=false, slaves=null, useSmartClassLoading=true }
 INFO  [pool-1-thread-1] {org.radargun.stages.ClusterValidationStage} Number of caches that replicated here is 1
 INFO  [pool-1-thread-1] {org.radargun.stages.ClusterValidationStage} Replication test successfully passed. partialReplication? false, replicationCount = 1
 INFO  [pool-1-thread-1] {org.radargun.stages.ClusterValidationStage} Confirm phase successful.
 INFO  [pool-1-thread-1] {org.radargun.Slave} Finished stage: ClusterValidation {exitBenchmarkOnSlaveFailure=false, partialReplication=false, replicationTimeSleep=2000, replicationTryCount=60, runOnAllSlaves=false, slaves=[ 0, 1 ], useSmartClassLoading=true }
 INFO  [main] {org.radargun.Slave} Ack successfully sent to the master
 INFO  [pool-1-thread-1] {org.radargun.Slave} Executing stage: StressTestWarmup {bulkSize=1, cacheSpecificKeyGenerator=false, commitTransactions=true, duration=1 mins 0 secs, entrySize=1000, exitBenchmarkOnSlaveFailure=false, fixedKeys=true, generateHistogramRange=false, keyGeneratorClass=org.radargun.stressors.StringKeyGenerator, keyGeneratorParam=null, loadAllKeys=false, numEntries=1000, numOfThreads=4, numRequests=10000, numThreads=4, numberOfAttributes=1000, numberOfRequests=10000, opsCountStatusLog=100000, poolKeys=true, preferAsyncOperations=false, removePercentage=0, replaceInvalidPercentage=40, runOnAllSlaves=false, sharedKeys=false, sizeOfAnAttribute=1000, slaves=null, transactionSize=1000, useAtomics=false, useHistogramStatistics=false, useSimpleStatistics=true, useSmartClassLoading=true, useTransactions=null, writePercentage=20, writeTxPercentage=20 }
 INFO  [pool-1-thread-1] {org.radargun.stages.StressTestWarmupStage} Starting StressTestWarmupStage: StressTestWarmup {bulkSize=1, cacheSpecificKeyGenerator=false, commitTransactions=true, duration=1 mins 0 secs, entrySize=1000, exitBenchmarkOnSlaveFailure=false, fixedKeys=true, generateHistogramRange=false, keyGeneratorClass=org.radargun.stressors.StringKeyGenerator, keyGeneratorParam=null, loadAllKeys=false, numEntries=1000, numOfThreads=4, numRequests=10000, numThreads=4, numberOfAttributes=1000, numberOfRequests=10000, opsCountStatusLog=100000, poolKeys=true, preferAsyncOperations=false, removePercentage=0, replaceInvalidPercentage=40, runOnAllSlaves=false, sharedKeys=false, sizeOfAnAttribute=1000, slaves=null, transactionSize=1000, useAtomics=false, useHistogramStatistics=false, useSimpleStatistics=true, useSmartClassLoading=true, useTransactions=null, writePercentage=20, writeTxPercentage=20 }
 INFO  [pool-1-thread-1] {org.radargun.stressors.StressTestStressor} Using key generator org.radargun.stressors.StringKeyGenerator, param null
 INFO  [pool-1-thread-1] {org.radargun.stressors.StressTestStressor} Executing: StressTestStressor{opsCountStatusLog=100000, numRequests=10000, numEntries=1000, entrySize=1000, writePercentage=20, numThreads=4, cacheWrapper=org.radargun.cachewrappers.InfinispanXSWrapper@3967ba17, nodeIndex=0, useTransactions=true, transactionSize=1000, commitTransactions=true, durationMillis=60000}
 INFO  [pool-1-thread-1] {org.radargun.stressors.StressTestStressor} Cache wrapper info is: Running : 5.2.6.Final, config:ispn52-repl-sync-rc.xml, cacheName:testCache
[GC 259695K->21501K(2944064K), 0.0550580 secs]
 INFO  [pool-1-thread-1] {org.radargun.stressors.StressTestStressor} Started 4 stressor threads.
 INFO  [Stressor-2] {org.radargun.stressors.StressTestStressor} Number of ops executed so far: 1. Elapsed time: 0.001 secs. Remaining: 59.999 secs. Total: 1 mins 0 secs
[GC 277565K->21797K(2944064K), 0.0404170 secs]
[GC 277798K->25001K(2944064K), 0.0319430 secs]
[GC 281065K->27613K(2944064K), 0.0367340 secs]
[GC 283677K->24931K(2944064K), 0.0342420 secs]
[GC 280995K->29296K(2944064K), 0.0340190 secs]
[GC 285360K->29542K(2944064K), 0.0317840 secs]
[GC 285606K->27832K(2944064K), 0.0369740 secs]
[GC 283896K->31042K(2944064K), 0.0366790 secs]
[GC 287037K->30985K(2944064K), 0.0314350 secs]
[GC 287049K->26053K(2944064K), 0.0308180 secs]
[GC 282115K->29377K(2944064K), 0.0329700 secs]
[GC 285441K->25325K(2944064K), 0.0343620 secs]
[GC 281389K->27628K(2944064K), 0.0319060 secs]
[GC 283692K->28199K(2944064K), 0.0351000 secs]
[GC 284263K->31378K(2944064K), 0.0751200 secs]
[GC 287442K->26118K(2944064K), 0.0345860 secs]
[GC 281920K->25847K(2944064K), 0.0448950 secs]
[GC 281911K->35805K(2944064K), 0.0298120 secs]
[GC 291532K->31408K(2944064K), 0.0316730 secs]
[GC 287367K->31638K(2944064K), 0.0278940 secs]
[GC 287702K->28013K(2944064K), 0.0287070 secs]
[GC 284077K->26863K(2944064K), 0.0281570 secs]
[GC 282927K->27609K(2944064K), 0.0307340 secs]
[GC 283673K->31586K(2944064K), 0.0306940 secs]
[GC 287614K->28601K(2944064K), 0.0290650 secs]
[GC 284665K->29088K(2944064K), 0.0316540 secs]
[GC 285152K->30548K(2944064K), 0.0320300 secs]
[GC 286612K->30796K(2944064K), 0.0339660 secs]
[GC 286836K->27073K(2944064K), 0.0250060 secs]
[GC 283078K->33151K(2944064K), 0.0320300 secs]
[GC 289215K->33032K(2944064K), 0.0299460 secs]
[GC 289096K->33167K(2944064K), 0.0296650 secs]
[GC 289231K->34302K(2944064K), 0.0296520 secs]
[GC 290283K->28973K(2944064K), 0.0281820 secs]
[GC 285037K->33106K(2944064K), 0.0276440 secs]
 INFO  [Stressor-3] {org.radargun.stressors.StressTestStressor} Number of ops executed so far: 2293452. Elapsed time: 20.003 secs. Remaining: 39.997 secs. Total: 1 mins 0 secs
[GC 289170K->33510K(2944064K), 0.0266920 secs]
[GC 289572K->37135K(2944064K), 0.0269270 secs]
[GC 293199K->38356K(2944064K), 0.0306790 secs]
[GC 294420K->37733K(2944064K), 0.0297060 secs]
[GC 293797K->37420K(2944064K), 0.0299050 secs]
[GC 293484K->36876K(2944064K), 0.0291410 secs]
[GC 292940K->34155K(2944064K), 0.0238210 secs]
[GC 290028K->36077K(2944064K), 0.0253730 secs]
[GC 292141K->35567K(2944064K), 0.0246190 secs]
[GC 291631K->37751K(2944064K), 0.0291340 secs]
[GC 293815K->41805K(2944064K), 0.0246190 secs]
[GC 297869K->35316K(2944064K), 0.0251650 secs]
[GC 291183K->41616K(2944064K), 0.0225480 secs]
[GC 297680K->41679K(2944064K), 0.0261630 secs]
[GC 297743K->39928K(2944064K), 0.0297190 secs]
[GC 295800K->37087K(2944064K), 0.0242770 secs]
[GC 293151K->37517K(2944064K), 0.0268290 secs]
[GC 293581K->39636K(2944064K), 0.0240580 secs]
[GC 295700K->40684K(2944064K), 0.0319290 secs]
[GC 296748K->44473K(2944064K), 0.0443530 secs]
[GC 300537K->44834K(2944064K), 0.0242990 secs]
[GC 300898K->44990K(2944064K), 0.0297490 secs]
[GC 301054K->46710K(2944064K), 0.0296800 secs]
[GC 302726K->49581K(2944064K), 0.0296350 secs]
[GC 305645K->46193K(2944064K), 0.0318540 secs]
[GC 302257K->41948K(2944064K), 0.0307940 secs]
[GC 297898K->45536K(2944064K), 0.0271920 secs]
[GC 301600K->50486K(2944064K), 0.0286590 secs]
[GC 306550K->45916K(2944064K), 0.0313240 secs]
[GC 301980K->44442K(2944064K), 0.0299090 secs]
[GC 300506K->48496K(2944064K), 0.0297860 secs]
[GC 304484K->52621K(2944064K), 0.0291730 secs]
[GC 308685K->43468K(2944064K), 0.0292580 secs]
[GC 299532K->48200K(2944064K), 0.0320560 secs]
[GC 304251K->44724K(2944064K), 0.0308230 secs]
[GC 300788K->45031K(2944064K), 0.0273400 secs]
[GC 301095K->52168K(2944064K), 0.0245820 secs]
 INFO  [Stressor-3] {org.radargun.stressors.StressTestStressor} Number of ops executed so far: 4599913. Elapsed time: 40.003 secs. Remaining: 19.997 secs. Total: 1 mins 0 secs
[GC 308035K->49047K(2944064K), 0.0282230 secs]
[GC 305111K->51019K(2944064K), 0.0284840 secs]
[GC 307006K->49166K(2944064K), 0.0283320 secs]
[GC 305211K->46368K(2944064K), 0.0296120 secs]
[GC 302405K->47526K(2944064K), 0.0285020 secs]
[GC 303249K->50234K(2944064K), 0.0274080 secs]
[GC 306298K->50009K(2944064K), 0.0263670 secs]
[GC 306073K->51067K(2944064K), 0.0308430 secs]
[GC 307074K->49012K(2944064K), 0.0258760 secs]
[GC 305076K->49198K(2944064K), 0.0266650 secs]
[GC 305262K->53377K(2944064K), 0.0226900 secs]
[GC 309441K->48691K(2944064K), 0.0249670 secs]
[GC 304755K->53015K(2944064K), 0.0265080 secs]
[GC 309079K->51436K(2944064K), 0.0299750 secs]
[GC 307500K->50449K(2944064K), 0.0297520 secs]
[GC 306513K->54670K(2944064K), 0.0273600 secs]
[GC 310700K->55716K(2944064K), 0.0268910 secs]
[GC 311749K->50009K(2944064K), 0.0242300 secs]
[GC 305735K->55342K(2944064K), 0.0374210 secs]
[GC 311406K->59002K(2944064K), 0.0273370 secs]
[GC 314998K->57708K(2944064K), 0.0259340 secs]
[GC 313772K->52772K(2944064K), 0.0279160 secs]
[GC 308836K->57440K(2944064K), 0.0316250 secs]
[GC 313499K->52761K(2944064K), 0.0320050 secs]
[GC 308825K->55920K(2944064K), 0.0299890 secs]
[GC 311800K->60841K(2944064K), 0.0325920 secs]
[GC 316905K->55836K(2944064K), 0.0253040 secs]
[GC 311847K->57112K(2944064K), 0.0275500 secs]
[GC 313165K->56656K(2944064K), 0.0296900 secs]
[GC 312720K->56667K(2944064K), 0.0288170 secs]
[GC 312731K->60500K(2944064K), 0.0281990 secs]
[GC 316564K->59159K(2944064K), 0.0311990 secs]
[GC 315201K->61034K(2944064K), 0.0298030 secs]
[GC 317098K->65064K(2944064K), 0.0265010 secs]
[GC 321128K->58682K(2944064K), 0.0306770 secs]
[GC 314746K->57371K(2944064K), 0.0296230 secs]
[GC 313435K->58135K(2944064K), 0.0290330 secs]
[GC 314199K->62945K(2944064K), 0.0297410 secs]
 INFO  [Stressor-1] {org.radargun.stressors.StressTestStressor} Number of ops executed so far: 7382000. Elapsed time: 1 mins 0 secs. Remaining: 0.000 secs. Total: 1 mins 0 secs
 INFO  [pool-1-thread-1] {org.radargun.stressors.StressTestStressor} Finished generating report. Test duration is: 1 mins 6 secs
 INFO  [pool-1-thread-1] {org.radargun.stages.StressTestWarmupStage} The warmup took: 66 seconds.
 INFO  [pool-1-thread-1] {org.radargun.Slave} Finished stage: StressTestWarmup {bulkSize=1, cacheSpecificKeyGenerator=false, commitTransactions=true, duration=1 mins 0 secs, entrySize=1000, exitBenchmarkOnSlaveFailure=false, fixedKeys=true, generateHistogramRange=false, keyGeneratorClass=org.radargun.stressors.StringKeyGenerator, keyGeneratorParam=null, loadAllKeys=false, numEntries=1000, numOfThreads=4, numRequests=10000, numThreads=4, numberOfAttributes=1000, numberOfRequests=10000, opsCountStatusLog=100000, poolKeys=true, preferAsyncOperations=false, removePercentage=0, replaceInvalidPercentage=40, runOnAllSlaves=false, sharedKeys=false, sizeOfAnAttribute=1000, slaves=null, transactionSize=1000, useAtomics=false, useHistogramStatistics=false, useSimpleStatistics=true, useSmartClassLoading=true, useTransactions=null, writePercentage=20, writeTxPercentage=20 }
 INFO  [main] {org.radargun.Slave} Ack successfully sent to the master
 INFO  [pool-1-thread-1] {org.radargun.Slave} Executing stage: ClearClusterStage {ClearCluster {exitBenchmarkOnSlaveFailure=false, runOnAllSlaves=false, slaves=[ 0 ], useSmartClassLoading=true }
 INFO  [pool-1-thread-1] {org.radargun.stages.ClearClusterStage} Before executing clear, memory looks like this: Memory - free: 2,723,083 kb - max:4,906,688 kb- total:2,944,064 kb
[Full GC 223309K->7691K(2944064K), 0.2328480 secs]
 INFO  [pool-1-thread-1] {org.radargun.stages.ClearClusterStage} After executing cleanup, memory looks like this: Memory - free: 2,934,874 kb - max:4,906,688 kb- total:2,944,128 kb
 INFO  [pool-1-thread-1] {org.radargun.Slave} Finished stage: ClearClusterStage {ClearCluster {exitBenchmarkOnSlaveFailure=false, runOnAllSlaves=false, slaves=[ 0 ], useSmartClassLoading=true }
 INFO  [main] {org.radargun.Slave} Ack successfully sent to the master
 INFO  [pool-1-thread-1] {org.radargun.Slave} Executing stage: StressTest {bulkSize=1, cacheSpecificKeyGenerator=false, commitTransactions=true, duration=1 mins 0 secs, entrySize=1000, exitBenchmarkOnSlaveFailure=false, fixedKeys=true, generateHistogramRange=false, keyGeneratorClass=org.radargun.stressors.StringKeyGenerator, keyGeneratorParam=null, loadAllKeys=false, numEntries=1000, numOfThreads=4, numRequests=10000000, numThreads=4, numberOfAttributes=1000, numberOfRequests=10000000, opsCountStatusLog=500000, poolKeys=true, preferAsyncOperations=false, removePercentage=0, replaceInvalidPercentage=40, runOnAllSlaves=false, sharedKeys=false, sizeOfAnAttribute=1000, slaves=null, transactionSize=1000, useAtomics=false, useHistogramStatistics=false, useSimpleStatistics=true, useSmartClassLoading=true, useTransactions=true, writePercentage=10, writeTxPercentage=100 }
 INFO  [pool-1-thread-1] {org.radargun.stages.StressTestStage} Starting StressTestStage: StressTest {bulkSize=1, cacheSpecificKeyGenerator=false, commitTransactions=true, duration=1 mins 0 secs, entrySize=1000, exitBenchmarkOnSlaveFailure=false, fixedKeys=true, generateHistogramRange=false, keyGeneratorClass=org.radargun.stressors.StringKeyGenerator, keyGeneratorParam=null, loadAllKeys=false, numEntries=1000, numOfThreads=4, numRequests=10000000, numThreads=4, numberOfAttributes=1000, numberOfRequests=10000000, opsCountStatusLog=500000, poolKeys=true, preferAsyncOperations=false, removePercentage=0, replaceInvalidPercentage=40, runOnAllSlaves=false, sharedKeys=false, sizeOfAnAttribute=1000, slaves=null, transactionSize=1000, useAtomics=false, useHistogramStatistics=false, useSimpleStatistics=true, useSmartClassLoading=true, useTransactions=true, writePercentage=10, writeTxPercentage=100 }
 INFO  [pool-1-thread-1] {org.radargun.stressors.StressTestStressor} Using key generator org.radargun.stressors.StringKeyGenerator, param null
 INFO  [pool-1-thread-1] {org.radargun.stressors.StressTestStressor} Executing: StressTestStressor{opsCountStatusLog=500000, numRequests=10000000, numEntries=1000, entrySize=1000, writePercentage=10, numThreads=4, cacheWrapper=org.radargun.cachewrappers.InfinispanXSWrapper@3967ba17, nodeIndex=0, useTransactions=true, transactionSize=1000, commitTransactions=true, durationMillis=60000}
 INFO  [pool-1-thread-1] {org.radargun.stressors.StressTestStressor} Cache wrapper info is: Running : 5.2.6.Final, config:ispn52-repl-sync-rc.xml, cacheName:testCache
 INFO  [pool-1-thread-1] {org.radargun.stressors.StressTestStressor} Started 4 stressor threads.
 INFO  [Stressor-2] {org.radargun.stressors.StressTestStressor} Number of ops executed so far: 1. Elapsed time: 0.000 secs. Remaining: 1 mins 0 secs. Total: 1 mins 0 secs
[GC 263740K->23554K(2944128K), 0.0294020 secs]
[GC 279642K->25697K(2944128K), 0.0319850 secs]
[GC 281825K->24530K(2944128K), 0.0299980 secs]
[GC 280658K->24800K(2944128K), 0.0267720 secs]
[GC 280928K->25180K(2944128K), 0.0293280 secs]
[GC 281308K->25625K(2944128K), 0.0274910 secs]
[GC 281678K->26180K(2944128K), 0.0310300 secs]
[GC 282293K->25916K(2944128K), 0.0283340 secs]
[GC 282044K->26464K(2944128K), 0.0307840 secs]
[GC 282592K->26168K(2944128K), 0.0289880 secs]
[GC 282296K->27037K(2944128K), 0.0337650 secs]
[GC 283165K->26841K(2944128K), 0.0301610 secs]
[GC 282969K->27304K(2944128K), 0.0275100 secs]
[GC 283432K->27742K(2944128K), 0.0268140 secs]
[GC 283870K->27326K(2944128K), 0.0305390 secs]
[GC 283431K->27675K(2944128K), 0.0439810 secs]
[GC 283803K->26402K(2944128K), 0.0267070 secs]
[GC 282530K->29437K(2944128K), 0.0265640 secs]
[GC 285565K->25618K(2944128K), 0.0259900 secs]
[GC 281746K->30786K(2944128K), 0.0242500 secs]
[GC 286910K->27421K(2944128K), 0.0449130 secs]
[GC 283549K->30025K(2944128K), 0.0272280 secs]
[GC 286153K->30827K(2944128K), 0.0235310 secs]
[GC 286955K->25405K(2944128K), 0.0230480 secs]
[GC 281533K->26839K(2944128K), 0.0248720 secs]
[GC 282850K->28542K(2944128K), 0.0258550 secs]
[GC 284644K->28898K(2944128K), 0.0271670 secs]
[GC 285026K->29095K(2944128K), 0.0259690 secs]
[GC 285223K->26962K(2944128K), 0.0233800 secs]
[GC 283090K->29197K(2944128K), 0.0252800 secs]
[GC 285325K->31858K(2944128K), 0.0281420 secs]
[GC 287986K->28435K(2944128K), 0.0275740 secs]
[GC 284563K->29191K(2944128K), 0.0255540 secs]
[GC 285319K->26401K(2944128K), 0.0283250 secs]
[GC 282499K->26215K(2944128K), 0.0260840 secs]
[GC 282343K->27429K(2944128K), 0.0259540 secs]
[GC 283557K->28776K(2944128K), 0.0262660 secs]
[GC 284904K->29233K(2944128K), 0.0273890 secs]
[GC 285361K->27235K(2944128K), 0.0290140 secs]
[GC 283333K->32954K(2944128K), 0.0245310 secs]
 INFO  [Stressor-2] {org.radargun.stressors.StressTestStressor} Number of ops executed so far: 1360519. Elapsed time: 20.000 secs. Remaining: 40.000 secs. Total: 1 mins 0 secs
[GC 289062K->27573K(2944128K), 0.0241250 secs]
[GC 283588K->28970K(2944128K), 0.0252410 secs]
[GC 284989K->28148K(2944128K), 0.0264040 secs]
[GC 284276K->30594K(2944128K), 0.0244830 secs]
[GC 286722K->29922K(2944128K), 0.0262710 secs]
[GC 286050K->30148K(2944128K), 0.0220380 secs]
[GC 286276K->27710K(2944128K), 0.0237000 secs]
[GC 283838K->29868K(2944128K), 0.0258120 secs]
[GC 285996K->30975K(2944128K), 0.0230250 secs]
[GC 287103K->33286K(2944128K), 0.0248930 secs]
[GC 289414K->26108K(2944128K), 0.0252530 secs]
[GC 282236K->30891K(2944128K), 0.0263590 secs]
[GC 287019K->27615K(2944128K), 0.0235290 secs]
[GC 283743K->30211K(2944128K), 0.0233250 secs]
[GC 286339K->30696K(2944128K), 0.0233760 secs]
[GC 286824K->33556K(2944128K), 0.0257580 secs]
[GC 289684K->30423K(2944128K), 0.0233500 secs]
[GC 286551K->30847K(2944128K), 0.0268770 secs]
[GC 286899K->30675K(2944128K), 0.0241130 secs]
[GC 286803K->27901K(2944128K), 0.0220470 secs]
[GC 284029K->32639K(2944128K), 0.0244810 secs]
[GC 288767K->31052K(2944128K), 0.0256160 secs]
[GC 287180K->31144K(2944128K), 0.0252540 secs]
[GC 287272K->31507K(2944128K), 0.0235140 secs]
[GC 287635K->33915K(2944128K), 0.0257080 secs]
[GC 290043K->32708K(2944128K), 0.0277810 secs]
[GC 288836K->32495K(2944128K), 0.0272890 secs]
[GC 288623K->32965K(2944128K), 0.0257680 secs]
[GC 289093K->30120K(2944128K), 0.0250000 secs]
[GC 286242K->30463K(2944128K), 0.0252310 secs]
[GC 286591K->32531K(2944128K), 0.0277790 secs]
[GC 288659K->32289K(2944128K), 0.0256440 secs]
[GC 288417K->32077K(2944128K), 0.0269670 secs]
[GC 288205K->30674K(2944128K), 0.0248680 secs]
[GC 286767K->30217K(2944128K), 0.0236090 secs]
[GC 286321K->35350K(2944128K), 0.0254410 secs]
[GC 291478K->33248K(2944128K), 0.0212890 secs]
[GC 289376K->33985K(2944128K), 0.0264400 secs]
 INFO  [Stressor-0] {org.radargun.stressors.StressTestStressor} Number of ops executed so far: 2702370. Elapsed time: 40.000 secs. Remaining: 20.000 secs. Total: 1 mins 0 secs
[GC 290113K->31053K(2944128K), 0.0266540 secs]
[GC 287181K->30511K(2944128K), 0.0266030 secs]
[GC 286639K->33892K(2944128K), 0.0256490 secs]
[GC 290020K->33606K(2944128K), 0.0240950 secs]
[GC 289734K->33160K(2944128K), 0.0268530 secs]
[GC 289250K->34758K(2944128K), 0.0256510 secs]
[GC 290886K->34234K(2944128K), 0.0275600 secs]
[GC 290362K->36655K(2944128K), 0.0241380 secs]
[GC 292738K->32008K(2944128K), 0.0225960 secs]
[GC 288136K->35541K(2944128K), 0.0262680 secs]
[GC 291669K->36335K(2944128K), 0.0238540 secs]
[GC 292463K->35234K(2944128K), 0.0254900 secs]
[GC 291350K->35831K(2944128K), 0.0412960 secs]
[GC 291959K->33318K(2944128K), 0.0276430 secs]
[GC 289415K->38471K(2944128K), 0.0263940 secs]
[GC 294599K->32904K(2944128K), 0.0242660 secs]
[GC 289002K->34911K(2944128K), 0.0242820 secs]
[GC 291039K->35175K(2944128K), 0.0226470 secs]
[GC 291207K->37280K(2944128K), 0.0261470 secs]
[GC 293408K->34311K(2944128K), 0.0266450 secs]
[GC 290439K->36576K(2944128K), 0.0278190 secs]
[GC 292704K->36890K(2944128K), 0.0269140 secs]
[GC 293018K->34268K(2944128K), 0.0251470 secs]
[GC 290396K->36812K(2944128K), 0.0258230 secs]
[GC 292940K->36909K(2944128K), 0.0255990 secs]
[GC 293037K->34614K(2944128K), 0.0279250 secs]
[GC 290716K->36461K(2944128K), 0.0241360 secs]
[GC 292589K->33933K(2944128K), 0.0254000 secs]
[GC 290061K->35886K(2944128K), 0.0282790 secs]
[GC 292014K->38321K(2944128K), 0.0233240 secs]
[GC 294449K->36682K(2944128K), 0.0263280 secs]
[GC 292734K->39568K(2944128K), 0.0227230 secs]
[GC 295696K->40730K(2944128K), 0.0365250 secs]
[GC 296858K->39153K(2944128K), 0.0246300 secs]
[GC 295281K->38726K(2944128K), 0.0248600 secs]
[GC 294854K->37590K(2944128K), 0.0262350 secs]
[GC 293718K->38060K(2944128K), 0.0207220 secs]
[GC 294188K->40856K(2944128K), 0.0252650 secs]
[GC 296965K->35656K(2944128K), 0.0274010 secs]
[GC 291760K->36399K(2944128K), 0.0249570 secs]
 INFO  [Stressor-2] {org.radargun.stressors.StressTestStressor} Number of ops executed so far: 4061000. Elapsed time: 1 mins 0 secs. Remaining: 0.000 secs. Total: 1 mins 0 secs
 INFO  [pool-1-thread-1] {org.radargun.stressors.StressTestStressor} Finished generating report. Test duration is: 1 mins 1 secs
 INFO  [pool-1-thread-1] {org.radargun.stages.StressTestStage} size info: Running : 5.2.6.Final, config:ispn52-repl-sync-rc.xml, cacheName:testCache, clusterSize:2, nodeIndex:0, cacheSize: 8000
 INFO  [pool-1-thread-1] {org.radargun.Slave} Finished stage: StressTest {bulkSize=1, cacheSpecificKeyGenerator=false, commitTransactions=true, duration=1 mins 0 secs, entrySize=1000, exitBenchmarkOnSlaveFailure=false, fixedKeys=true, generateHistogramRange=false, keyGeneratorClass=org.radargun.stressors.StringKeyGenerator, keyGeneratorParam=null, loadAllKeys=false, numEntries=1000, numOfThreads=4, numRequests=10000000, numThreads=4, numberOfAttributes=1000, numberOfRequests=10000000, opsCountStatusLog=500000, poolKeys=true, preferAsyncOperations=false, removePercentage=0, replaceInvalidPercentage=40, runOnAllSlaves=false, sharedKeys=false, sizeOfAnAttribute=1000, slaves=null, transactionSize=1000, useAtomics=false, useHistogramStatistics=false, useSimpleStatistics=true, useSmartClassLoading=true, useTransactions=true, writePercentage=10, writeTxPercentage=100 }
 INFO  [main] {org.radargun.Slave} Ack successfully sent to the master
 INFO  [main] {org.radargun.Slave} Master shutdown!
 INFO  [Thread-0] {org.radargun.ShutDownHook} Slave process is being shutdown
