/usr/java/jdk1.7.0_21/bin/java -server -Xmx1024M -Xms1024M -Dresolve.dns=false -Djgroups.timer.num_threads=4 -verbose:gc -Xmx5000M -Xms3000M -server -XX:+UseConcMarkSweepGC -XX:+AggressiveOpts -verbose:gc -XX:ParallelGCThreads=4 -XX:NewRatio=5 -XX:SurvivorRatio=2 -Dhazelcast.operation.thread.count=4 -Djava.net.preferIPv4Stack=true -Dlog4j.file.prefix=deimos-esw-16933 -Dbind.address= -Djgroups.bind_addr= -classpath /home/smf/github/radargun/target/distribution/RadarGun-1.1.0-SNAPSHOT/lib/activation-1.1.jar:/home/smf/github/radargun/target/distribution/RadarGun-1.1.0-SNAPSHOT/lib/commons-beanutils-1.8.0.jar:/home/smf/github/radargun/target/distribution/RadarGun-1.1.0-SNAPSHOT/lib/commons-digester-2.0.jar:/home/smf/github/radargun/target/distribution/RadarGun-1.1.0-SNAPSHOT/lib/commons-logging-1.1.1.jar:/home/smf/github/radargun/target/distribution/RadarGun-1.1.0-SNAPSHOT/lib/commons-math-1.2.jar:/home/smf/github/radargun/target/distribution/RadarGun-1.1.0-SNAPSHOT/lib/jboss-transaction-api-1.0.1.GA.jar:/home/smf/github/radargun/target/distribution/RadarGun-1.1.0-SNAPSHOT/lib/jcommon-1.0.15.jar:/home/smf/github/radargun/target/distribution/RadarGun-1.1.0-SNAPSHOT/lib/jfreechart-1.0.12.jar:/home/smf/github/radargun/target/distribution/RadarGun-1.1.0-SNAPSHOT/lib/log4j-1.2.14.jar:/home/smf/github/radargun/target/distribution/RadarGun-1.1.0-SNAPSHOT/lib/mail-1.4.2.jar:/home/smf/github/radargun/target/distribution/RadarGun-1.1.0-SNAPSHOT/lib/radargun-framework-1.1.0-SNAPSHOT.jar:/home/smf/github/radargun/target/distribution/RadarGun-1.1.0-SNAPSHOT/conf org.radargun.Slave -master 127.0.0.1:2103
--------------------------------------------------------------------------------
PerNodeRollingFileAppender::Using file prefix:deimos-esw-16933
 INFO  [main] {org.radargun.Slave} Attempting to connect to master 127.0.0.1:2103
 INFO  [main] {org.radargun.Slave} Successfully established connection with master at: 127.0.0.1:2103
Loading JARS from /home/smf/github/radargun/target/distribution/RadarGun-1.1.0-SNAPSHOT/lib/radargun-framework-1.1.0-SNAPSHOT.jar
 INFO  [pool-1-thread-1] {org.radargun.config.AnnotatedHelper} Loading JARS from /home/smf/github/radargun/target/distribution/RadarGun-1.1.0-SNAPSHOT/lib/radargun-framework-1.1.0-SNAPSHOT.jar
 INFO  [pool-1-thread-1] {org.radargun.config.AnnotatedHelper} Loading JARS from /home/smf/github/radargun/target/distribution/RadarGun-1.1.0-SNAPSHOT/lib/radargun-framework-1.1.0-SNAPSHOT.jar
 INFO  [pool-1-thread-1] {org.radargun.Slave} Executing stage: DestroyWrapper {enforceMemoryThrashHold=true, exitBenchmarkOnSlaveFailure=false, heapDumpDir=null, memoryThreshold=95, runOnAllSlaves=true, slaves=null, useSmartClassLoading=true }
 INFO  [pool-1-thread-1] {org.radargun.stages.DestroyWrapperStage} Received destroy cache wrapper request from master...
 INFO  [pool-1-thread-1] {org.radargun.stages.DestroyWrapperStage} No cache wrapper deployed on this slave, nothing to do.
 INFO  [pool-1-thread-1] {org.radargun.stages.DestroyWrapperStage} Before executing clear, memory looks like this: Memory - free: 2,928,638 kb - max:4,906,688 kb- total:2,944,000 kb
[Full GC 15361K->3631K(2944000K), 0.0581630 secs]
 INFO  [pool-1-thread-1] {org.radargun.stages.DestroyWrapperStage} After executing cleanup, memory looks like this: Memory - free: 2,935,311 kb - max:4,906,688 kb- total:2,944,064 kb
 INFO  [pool-1-thread-1] {org.radargun.Slave} Finished stage: DestroyWrapper {enforceMemoryThrashHold=true, exitBenchmarkOnSlaveFailure=false, heapDumpDir=null, memoryThreshold=95, runOnAllSlaves=true, slaves=null, useSmartClassLoading=true }
 INFO  [main] {org.radargun.Slave} Ack successfully sent to the master
 INFO  [pool-1-thread-1] {org.radargun.Slave} Executing stage: StartCluster {config=ispn52-repl-sync-rc.xml, delayAfterFirstSlaveStarts=5.000 secs, delayBetweenStartingSlaves=0.500 secs, exitBenchmarkOnSlaveFailure=true, expectNumSlaves=null, mayFailOn=null, reachable=null, runOnAllSlaves=false, slaves=null, staggerSlaveStartup=true, useSmartClassLoading=true, validateCluster=true }
 INFO  [pool-1-thread-1] {org.radargun.stages.StartClusterStage}  Startup staggering, starting 2 slaves. This is the slave with index 1. Sleeping for 5500 millis.
 INFO  [pool-1-thread-1] {org.radargun.stages.StartClusterStage} Ack master's StartCluster stage. Local address is: /127.0.0.1. This slave's index is: 1
 INFO  [pool-1-thread-1] {org.radargun.utils.ClassLoadHelper} Creating newInstance org.radargun.cachewrappers.InfinispanXSWrapper with classloader java.net.URLClassLoader@607c5f1a
 INFO  [pool-1-thread-1] {org.radargun.cachewrappers.InfinispanXSWrapper} Cannot find any site for slave index 1
 INFO  [pool-1-thread-1] {org.infinispan.remoting.transport.jgroups.JGroupsTransport} ISPN000078: Starting JGroups Channel
 WARN  [pool-1-thread-1] {org.jgroups.protocols.UDP} [JGRP00014] the send buffer of socket DatagramSocket was set to 640KB, but the OS only allocated 229.38KB. This might lead to performance problems. Please set your max send buffer in the OS correctly (e.g. net.core.wmem_max on Linux)
 WARN  [pool-1-thread-1] {org.jgroups.protocols.UDP} [JGRP00014] the receive buffer of socket DatagramSocket was set to 20MB, but the OS only allocated 229.38KB. This might lead to performance problems. Please set your max receive buffer in the OS correctly (e.g. net.core.rmem_max on Linux)
 WARN  [pool-1-thread-1] {org.jgroups.protocols.UDP} [JGRP00014] the send buffer of socket MulticastSocket was set to 640KB, but the OS only allocated 229.38KB. This might lead to performance problems. Please set your max send buffer in the OS correctly (e.g. net.core.wmem_max on Linux)
 WARN  [pool-1-thread-1] {org.jgroups.protocols.UDP} [JGRP00014] the receive buffer of socket MulticastSocket was set to 25MB, but the OS only allocated 229.38KB. This might lead to performance problems. Please set your max receive buffer in the OS correctly (e.g. net.core.rmem_max on Linux)
 INFO  [pool-1-thread-1] {org.infinispan.remoting.transport.jgroups.JGroupsTransport} ISPN000094: Received new cluster view: [deimos-esw-17701|1] [deimos-esw-17701, deimos-esw-10853]
 INFO  [pool-1-thread-1] {org.infinispan.remoting.transport.jgroups.JGroupsTransport} ISPN000079: Cache local address is deimos-esw-10853, physical addresses are [127.0.0.1:52001]
 INFO  [pool-1-thread-1] {org.infinispan.factories.GlobalComponentRegistry} ISPN000128: Infinispan version: Infinispan 'Delirium' 5.2.6.Final
 INFO  [pool-1-thread-1] {org.infinispan.transaction.lookup.JBossStandaloneJTAManagerLookup} ISPN000107: Retrieving transaction manager Transaction: unknown
 INFO  [pool-1-thread-1] {org.infinispan.jmx.CacheJmxRegistration} ISPN000031: MBeans were successfully registered to the platform MBean server.
 INFO  [pool-1-thread-1] {org.radargun.cachewrappers.InfinispanXSWrapper} Using transaction manager: Transaction: unknown
 INFO  [pool-1-thread-1] {org.radargun.cachewrappers.InfinispanXSWrapper} No RELAY2 protocol in XS wrapper
 INFO  [pool-1-thread-1] {org.radargun.cachewrappers.InfinispanXSWrapper} JGroups version: JGroups 3.2.7.Final
 INFO  [pool-1-thread-1] {org.radargun.cachewrappers.InfinispanXSWrapper} Using config attributes: {name=ispn52-repl-sync-rc.xml}
 INFO  [pool-1-thread-1] {org.radargun.stages.helpers.StartHelper} Number of members is the one expected: 2
 INFO  [pool-1-thread-1] {org.radargun.stages.StartClusterStage} Successfully started cache wrapper on slave 1: org.radargun.cachewrappers.InfinispanXSWrapper@2d82c06e
 INFO  [pool-1-thread-1] {org.radargun.Slave} Finished stage: StartCluster {config=ispn52-repl-sync-rc.xml, delayAfterFirstSlaveStarts=5.000 secs, delayBetweenStartingSlaves=0.500 secs, exitBenchmarkOnSlaveFailure=true, expectNumSlaves=null, mayFailOn=null, reachable=null, runOnAllSlaves=false, slaves=null, staggerSlaveStartup=true, useSmartClassLoading=true, validateCluster=true }
 INFO  [main] {org.radargun.Slave} Ack successfully sent to the master
 INFO  [pool-1-thread-1] {org.radargun.Slave} Executing stage: ClusterValidation {exitBenchmarkOnSlaveFailure=false, partialReplication=false, replicationTimeSleep=2000, replicationTryCount=60, runOnAllSlaves=false, slaves=null, useSmartClassLoading=true }
 INFO  [pool-1-thread-1] {org.radargun.stages.ClusterValidationStage} Number of caches that replicated here is 1
 INFO  [pool-1-thread-1] {org.radargun.stages.ClusterValidationStage} Replication test successfully passed. partialReplication? false, replicationCount = 1
 INFO  [pool-1-thread-1] {org.radargun.stages.ClusterValidationStage} Confirm phase successful.
 INFO  [pool-1-thread-1] {org.radargun.Slave} Finished stage: ClusterValidation {exitBenchmarkOnSlaveFailure=false, partialReplication=false, replicationTimeSleep=2000, replicationTryCount=60, runOnAllSlaves=false, slaves=[ 0, 1 ], useSmartClassLoading=true }
 INFO  [main] {org.radargun.Slave} Ack successfully sent to the master
 INFO  [pool-1-thread-1] {org.radargun.Slave} Executing stage: StressTestWarmup {bulkSize=1, cacheSpecificKeyGenerator=false, commitTransactions=true, duration=1 mins 0 secs, entrySize=1000, exitBenchmarkOnSlaveFailure=false, fixedKeys=true, generateHistogramRange=false, keyGeneratorClass=org.radargun.stressors.StringKeyGenerator, keyGeneratorParam=null, loadAllKeys=false, numEntries=1000, numOfThreads=4, numRequests=10000, numThreads=4, numberOfAttributes=1000, numberOfRequests=10000, opsCountStatusLog=100000, poolKeys=true, preferAsyncOperations=false, removePercentage=0, replaceInvalidPercentage=40, runOnAllSlaves=false, sharedKeys=false, sizeOfAnAttribute=1000, slaves=null, transactionSize=1000, useAtomics=false, useHistogramStatistics=false, useSimpleStatistics=true, useSmartClassLoading=true, useTransactions=null, writePercentage=20, writeTxPercentage=20 }
 INFO  [pool-1-thread-1] {org.radargun.stages.StressTestWarmupStage} Starting StressTestWarmupStage: StressTestWarmup {bulkSize=1, cacheSpecificKeyGenerator=false, commitTransactions=true, duration=1 mins 0 secs, entrySize=1000, exitBenchmarkOnSlaveFailure=false, fixedKeys=true, generateHistogramRange=false, keyGeneratorClass=org.radargun.stressors.StringKeyGenerator, keyGeneratorParam=null, loadAllKeys=false, numEntries=1000, numOfThreads=4, numRequests=10000, numThreads=4, numberOfAttributes=1000, numberOfRequests=10000, opsCountStatusLog=100000, poolKeys=true, preferAsyncOperations=false, removePercentage=0, replaceInvalidPercentage=40, runOnAllSlaves=false, sharedKeys=false, sizeOfAnAttribute=1000, slaves=null, transactionSize=1000, useAtomics=false, useHistogramStatistics=false, useSimpleStatistics=true, useSmartClassLoading=true, useTransactions=null, writePercentage=20, writeTxPercentage=20 }
 INFO  [pool-1-thread-1] {org.radargun.stressors.StressTestStressor} Using key generator org.radargun.stressors.StringKeyGenerator, param null
 INFO  [pool-1-thread-1] {org.radargun.stressors.StressTestStressor} Executing: StressTestStressor{opsCountStatusLog=100000, numRequests=10000, numEntries=1000, entrySize=1000, writePercentage=20, numThreads=4, cacheWrapper=org.radargun.cachewrappers.InfinispanXSWrapper@2d82c06e, nodeIndex=1, useTransactions=true, transactionSize=1000, commitTransactions=true, durationMillis=60000}
 INFO  [pool-1-thread-1] {org.radargun.stressors.StressTestStressor} Cache wrapper info is: Running : 5.2.6.Final, config:ispn52-repl-sync-rc.xml, cacheName:testCache
[GC 259695K->23666K(2944064K), 0.0571390 secs]
 INFO  [pool-1-thread-1] {org.radargun.stressors.StressTestStressor} Started 4 stressor threads.
 INFO  [Stressor-0] {org.radargun.stressors.StressTestStressor} Number of ops executed so far: 1. Elapsed time: 0.001 secs. Remaining: 59.999 secs. Total: 1 mins 0 secs
[GC 279730K->25795K(2944064K), 0.0396050 secs]
[GC 281859K->27294K(2944064K), 0.0317890 secs]
[GC 283358K->27634K(2944064K), 0.0339710 secs]
[GC 283670K->28803K(2944064K), 0.0323240 secs]
[GC 284867K->29273K(2944064K), 0.0331100 secs]
[GC 285307K->25491K(2944064K), 0.0370210 secs]
[GC 281537K->34635K(2944064K), 0.0311870 secs]
[GC 290699K->28143K(2944064K), 0.0359120 secs]
[GC 284207K->27286K(2944064K), 0.0328600 secs]
[GC 283350K->24573K(2944064K), 0.0336290 secs]
[GC 280637K->27568K(2944064K), 0.0350870 secs]
[GC 283632K->28080K(2944064K), 0.0338620 secs]
[GC 283974K->29039K(2944064K), 0.0337920 secs]
[GC 285103K->30321K(2944064K), 0.0337050 secs]
[GC 286385K->27301K(2944064K), 0.0714670 secs]
[GC 283365K->24425K(2944064K), 0.0332510 secs]
[GC 280488K->29397K(2944064K), 0.0290880 secs]
[GC 285461K->22489K(2944064K), 0.0259950 secs]
[GC 278550K->25332K(2944064K), 0.0267400 secs]
[GC 281339K->28378K(2944064K), 0.0278040 secs]
[GC 284442K->27090K(2944064K), 0.0286030 secs]
[GC 283154K->26874K(2944064K), 0.0250360 secs]
[GC 282938K->26953K(2944064K), 0.0279450 secs]
[GC 283005K->27243K(2944064K), 0.0276810 secs]
[GC 283156K->24849K(2944064K), 0.0288100 secs]
[GC 280913K->26914K(2944064K), 0.0281140 secs]
[GC 282978K->29152K(2944064K), 0.0262050 secs]
[GC 285216K->26786K(2944064K), 0.0295710 secs]
[GC 282850K->27840K(2944064K), 0.0276670 secs]
[GC 283904K->30124K(2944064K), 0.0315040 secs]
[GC 286179K->32168K(2944064K), 0.0290170 secs]
[GC 288232K->28804K(2944064K), 0.0280960 secs]
[GC 284835K->29990K(2944064K), 0.0285750 secs]
[GC 286054K->29114K(2944064K), 0.0278240 secs]
 INFO  [Stressor-1] {org.radargun.stressors.StressTestStressor} Number of ops executed so far: 2313973. Elapsed time: 20.001 secs. Remaining: 39.999 secs. Total: 1 mins 0 secs
[GC 285152K->35517K(2944064K), 0.0273940 secs]
[GC 291581K->31425K(2944064K), 0.0260210 secs]
[GC 287453K->35695K(2944064K), 0.0270180 secs]
[GC 291756K->38446K(2944064K), 0.0295920 secs]
[GC 294480K->30904K(2944064K), 0.0294700 secs]
[GC 286968K->33683K(2944064K), 0.0297870 secs]
[GC 289747K->33047K(2944064K), 0.0286550 secs]
[GC 289111K->32056K(2944064K), 0.0327930 secs]
[GC 288120K->33193K(2944064K), 0.0278020 secs]
[GC 289213K->32609K(2944064K), 0.0281990 secs]
[GC 288338K->35548K(2944064K), 0.0319120 secs]
[GC 291576K->36382K(2944064K), 0.0299940 secs]
[GC 292426K->31997K(2944064K), 0.0279460 secs]
[GC 288061K->38471K(2944064K), 0.0298270 secs]
[GC 294535K->37753K(2944064K), 0.0285520 secs]
[GC 293817K->42750K(2944064K), 0.0304100 secs]
[GC 298814K->36601K(2944064K), 0.0302610 secs]
[GC 292653K->41201K(2944064K), 0.0298250 secs]
[GC 297253K->38686K(2944064K), 0.0271700 secs]
[GC 294392K->39821K(2944064K), 0.0296480 secs]
[GC 295885K->40238K(2944064K), 0.0327690 secs]
[GC 296259K->38942K(2944064K), 0.0274560 secs]
[GC 294821K->38471K(2944064K), 0.0279590 secs]
[GC 294243K->43104K(2944064K), 0.0299660 secs]
[GC 299168K->42532K(2944064K), 0.0294130 secs]
[GC 298552K->43017K(2944064K), 0.0268980 secs]
[GC 299081K->39311K(2944064K), 0.0305340 secs]
[GC 295375K->41229K(2944064K), 0.0265770 secs]
[GC 297118K->41884K(2944064K), 0.0295000 secs]
[GC 297948K->41565K(2944064K), 0.0383470 secs]
[GC 297439K->40048K(2944064K), 0.0274450 secs]
[GC 296112K->44543K(2944064K), 0.0247210 secs]
[GC 300587K->38595K(2944064K), 0.0307060 secs]
[GC 294659K->42230K(2944064K), 0.0299560 secs]
[GC 298294K->43321K(2944064K), 0.0300850 secs]
[GC 299337K->42498K(2944064K), 0.0297570 secs]
[GC 298488K->41045K(2944064K), 0.0293600 secs]
 INFO  [Stressor-3] {org.radargun.stressors.StressTestStressor} Number of ops executed so far: 4919247. Elapsed time: 40.001 secs. Remaining: 19.999 secs. Total: 1 mins 0 secs
[GC 297109K->43323K(2944064K), 0.0284610 secs]
[GC 299387K->44222K(2944064K), 0.0243640 secs]
[GC 299904K->44018K(2944064K), 0.0309600 secs]
[GC 300082K->39187K(2944064K), 0.0260480 secs]
[GC 295251K->42577K(2944064K), 0.0275300 secs]
[GC 298641K->37591K(2944064K), 0.0263320 secs]
[GC 293501K->43243K(2944064K), 0.0276080 secs]
[GC 299128K->38039K(2944064K), 0.0283410 secs]
[GC 294103K->40778K(2944064K), 0.0269510 secs]
[GC 296842K->44154K(2944064K), 0.0276350 secs]
[GC 300218K->42699K(2944064K), 0.0270660 secs]
[GC 298746K->40627K(2944064K), 0.0287980 secs]
[GC 296691K->42525K(2944064K), 0.0260640 secs]
[GC 298589K->44648K(2944064K), 0.0259690 secs]
[GC 300712K->44615K(2944064K), 0.0268970 secs]
[GC 300679K->46581K(2944064K), 0.0273810 secs]
[GC 302645K->49449K(2944064K), 0.0261490 secs]
[GC 305513K->46515K(2944064K), 0.0336490 secs]
[GC 302473K->47784K(2944064K), 0.0274980 secs]
[GC 303848K->49171K(2944064K), 0.0276270 secs]
[GC 305235K->46941K(2944064K), 0.0271280 secs]
[GC 302987K->46789K(2944064K), 0.0286900 secs]
[GC 302802K->47286K(2944064K), 0.0280280 secs]
[GC 303350K->46369K(2944064K), 0.0311290 secs]
[GC 302391K->46941K(2944064K), 0.0272600 secs]
[GC 303005K->52868K(2944064K), 0.0303040 secs]
[GC 308882K->51569K(2944064K), 0.0285370 secs]
[GC 307633K->48378K(2944064K), 0.0293610 secs]
[GC 304442K->47738K(2944064K), 0.0290490 secs]
[GC 303802K->53105K(2944064K), 0.0281980 secs]
[GC 309169K->49488K(2944064K), 0.0292490 secs]
[GC 305552K->49961K(2944064K), 0.0254720 secs]
[GC 306025K->54492K(2944064K), 0.0253680 secs]
[GC 310556K->51985K(2944064K), 0.0287950 secs]
[GC 308049K->51596K(2944064K), 0.0282010 secs]
[GC 307660K->58987K(2944064K), 0.0298050 secs]
[GC 315051K->53171K(2944064K), 0.0274820 secs]
[GC 309119K->55161K(2944064K), 0.0305200 secs]
 INFO  [Stressor-1] {org.radargun.stressors.StressTestStressor} Number of ops executed so far: 7383210. Elapsed time: 1 mins 0 secs. Remaining: 0.000 secs. Total: 1 mins 0 secs
 INFO  [pool-1-thread-1] {org.radargun.stressors.StressTestStressor} Finished generating report. Test duration is: 1 mins 5 secs
 INFO  [pool-1-thread-1] {org.radargun.stages.StressTestWarmupStage} The warmup took: 65 seconds.
 INFO  [pool-1-thread-1] {org.radargun.Slave} Finished stage: StressTestWarmup {bulkSize=1, cacheSpecificKeyGenerator=false, commitTransactions=true, duration=1 mins 0 secs, entrySize=1000, exitBenchmarkOnSlaveFailure=false, fixedKeys=true, generateHistogramRange=false, keyGeneratorClass=org.radargun.stressors.StringKeyGenerator, keyGeneratorParam=null, loadAllKeys=false, numEntries=1000, numOfThreads=4, numRequests=10000, numThreads=4, numberOfAttributes=1000, numberOfRequests=10000, opsCountStatusLog=100000, poolKeys=true, preferAsyncOperations=false, removePercentage=0, replaceInvalidPercentage=40, runOnAllSlaves=false, sharedKeys=false, sizeOfAnAttribute=1000, slaves=null, transactionSize=1000, useAtomics=false, useHistogramStatistics=false, useSimpleStatistics=true, useSmartClassLoading=true, useTransactions=null, writePercentage=20, writeTxPercentage=20 }
 INFO  [main] {org.radargun.Slave} Ack successfully sent to the master
 INFO  [pool-1-thread-1] {org.radargun.Slave} Executing stage: ClearClusterStage {ClearCluster {exitBenchmarkOnSlaveFailure=false, runOnAllSlaves=false, slaves=[ 0 ], useSmartClassLoading=true }
 INFO  [pool-1-thread-1] {org.radargun.stages.ClearClusterStage} Before executing clear, memory looks like this: Memory - free: 2,859,583 kb - max:4,906,688 kb- total:2,944,064 kb
[Full GC 86390K->8218K(2944064K), 0.1859940 secs]
 INFO  [pool-1-thread-1] {org.radargun.stages.ClearClusterStage} After executing cleanup, memory looks like this: Memory - free: 2,933,587 kb - max:4,906,688 kb- total:2,944,128 kb
 INFO  [pool-1-thread-1] {org.radargun.Slave} Finished stage: ClearClusterStage {ClearCluster {exitBenchmarkOnSlaveFailure=false, runOnAllSlaves=false, slaves=[ 0 ], useSmartClassLoading=true }
 INFO  [main] {org.radargun.Slave} Ack successfully sent to the master
 INFO  [pool-1-thread-1] {org.radargun.Slave} Executing stage: StressTest {bulkSize=1, cacheSpecificKeyGenerator=false, commitTransactions=true, duration=1 mins 0 secs, entrySize=1000, exitBenchmarkOnSlaveFailure=false, fixedKeys=true, generateHistogramRange=false, keyGeneratorClass=org.radargun.stressors.StringKeyGenerator, keyGeneratorParam=null, loadAllKeys=false, numEntries=1000, numOfThreads=4, numRequests=10000000, numThreads=4, numberOfAttributes=1000, numberOfRequests=10000000, opsCountStatusLog=500000, poolKeys=true, preferAsyncOperations=false, removePercentage=0, replaceInvalidPercentage=40, runOnAllSlaves=false, sharedKeys=false, sizeOfAnAttribute=1000, slaves=null, transactionSize=1000, useAtomics=false, useHistogramStatistics=false, useSimpleStatistics=true, useSmartClassLoading=true, useTransactions=true, writePercentage=10, writeTxPercentage=100 }
 INFO  [pool-1-thread-1] {org.radargun.stages.StressTestStage} Starting StressTestStage: StressTest {bulkSize=1, cacheSpecificKeyGenerator=false, commitTransactions=true, duration=1 mins 0 secs, entrySize=1000, exitBenchmarkOnSlaveFailure=false, fixedKeys=true, generateHistogramRange=false, keyGeneratorClass=org.radargun.stressors.StringKeyGenerator, keyGeneratorParam=null, loadAllKeys=false, numEntries=1000, numOfThreads=4, numRequests=10000000, numThreads=4, numberOfAttributes=1000, numberOfRequests=10000000, opsCountStatusLog=500000, poolKeys=true, preferAsyncOperations=false, removePercentage=0, replaceInvalidPercentage=40, runOnAllSlaves=false, sharedKeys=false, sizeOfAnAttribute=1000, slaves=null, transactionSize=1000, useAtomics=false, useHistogramStatistics=false, useSimpleStatistics=true, useSmartClassLoading=true, useTransactions=true, writePercentage=10, writeTxPercentage=100 }
 INFO  [pool-1-thread-1] {org.radargun.stressors.StressTestStressor} Using key generator org.radargun.stressors.StringKeyGenerator, param null
 INFO  [pool-1-thread-1] {org.radargun.stressors.StressTestStressor} Executing: StressTestStressor{opsCountStatusLog=500000, numRequests=10000000, numEntries=1000, entrySize=1000, writePercentage=10, numThreads=4, cacheWrapper=org.radargun.cachewrappers.InfinispanXSWrapper@2d82c06e, nodeIndex=1, useTransactions=true, transactionSize=1000, commitTransactions=true, durationMillis=60000}
 INFO  [pool-1-thread-1] {org.radargun.stressors.StressTestStressor} Cache wrapper info is: Running : 5.2.6.Final, config:ispn52-repl-sync-rc.xml, cacheName:testCache
 INFO  [pool-1-thread-1] {org.radargun.stressors.StressTestStressor} Started 4 stressor threads.
 INFO  [Stressor-3] {org.radargun.stressors.StressTestStressor} Number of ops executed so far: 1. Elapsed time: 0.000 secs. Remaining: 1 mins 0 secs. Total: 1 mins 0 secs
[GC 264248K->25503K(2944128K), 0.0319300 secs]
[GC 281631K->24535K(2944128K), 0.0245420 secs]
[GC 280602K->27682K(2944128K), 0.0278610 secs]
[GC 283759K->27623K(2944128K), 0.0295260 secs]
[GC 283724K->28066K(2944128K), 0.0274270 secs]
[GC 284194K->29228K(2944128K), 0.0299110 secs]
[GC 285356K->28355K(2944128K), 0.0282150 secs]
[GC 284483K->25375K(2944128K), 0.0242360 secs]
[GC 281503K->27828K(2944128K), 0.0244170 secs]
[GC 283938K->31743K(2944128K), 0.0262040 secs]
[GC 287817K->29848K(2944128K), 0.0283290 secs]
[GC 285976K->29908K(2944128K), 0.0257190 secs]
[GC 286036K->26348K(2944128K), 0.0265390 secs]
[GC 282476K->31142K(2944128K), 0.0288100 secs]
[GC 287270K->30502K(2944128K), 0.0312320 secs]
[GC 286630K->26305K(2944128K), 0.0469430 secs]
[GC 282433K->27363K(2944128K), 0.0283620 secs]
[GC 283491K->26477K(2944128K), 0.0265780 secs]
[GC 282558K->29060K(2944128K), 0.0213100 secs]
[GC 285188K->29576K(2944128K), 0.0233200 secs]
[GC 285704K->30366K(2944128K), 0.0271820 secs]
[GC 286494K->30545K(2944128K), 0.0250630 secs]
[GC 286673K->30471K(2944128K), 0.0240890 secs]
[GC 286599K->33437K(2944128K), 0.0294440 secs]
[GC 289562K->32053K(2944128K), 0.0242960 secs]
[GC 288181K->31199K(2944128K), 0.0248890 secs]
[GC 287327K->31387K(2944128K), 0.0236150 secs]
[GC 287515K->29361K(2944128K), 0.0245920 secs]
[GC 285379K->28178K(2944128K), 0.0237350 secs]
[GC 284306K->32885K(2944128K), 0.0257680 secs]
[GC 289013K->28209K(2944128K), 0.0254130 secs]
[GC 284337K->31181K(2944128K), 0.0239980 secs]
[GC 287285K->31537K(2944128K), 0.0249130 secs]
[GC 287665K->29091K(2944128K), 0.0231320 secs]
[GC 285219K->31238K(2944128K), 0.0289190 secs]
[GC 287366K->29247K(2944128K), 0.0274240 secs]
[GC 285375K->29974K(2944128K), 0.0280510 secs]
[GC 286102K->29616K(2944128K), 0.0246900 secs]
 INFO  [Stressor-2] {org.radargun.stressors.StressTestStressor} Number of ops executed so far: 1277442. Elapsed time: 20.000 secs. Remaining: 40.000 secs. Total: 1 mins 0 secs
[GC 285744K->29211K(2944128K), 0.0255660 secs]
[GC 285339K->32666K(2944128K), 0.0265930 secs]
[GC 288749K->30977K(2944128K), 0.0260640 secs]
[GC 287016K->27943K(2944128K), 0.0256880 secs]
[GC 284071K->28199K(2944128K), 0.0250590 secs]
[GC 284299K->31422K(2944128K), 0.0295940 secs]
[GC 287550K->29295K(2944128K), 0.0260170 secs]
[GC 285423K->29070K(2944128K), 0.0276750 secs]
[GC 285198K->32245K(2944128K), 0.0252660 secs]
[GC 288373K->29235K(2944128K), 0.0256590 secs]
[GC 285363K->30082K(2944128K), 0.0237060 secs]
[GC 286162K->30884K(2944128K), 0.0254730 secs]
[GC 286982K->32275K(2944128K), 0.0239820 secs]
[GC 288403K->30165K(2944128K), 0.0251580 secs]
[GC 286259K->35815K(2944128K), 0.0250390 secs]
[GC 291943K->32317K(2944128K), 0.0241970 secs]
[GC 288445K->29392K(2944128K), 0.0232520 secs]
[GC 285520K->35856K(2944128K), 0.0256910 secs]
[GC 291892K->31847K(2944128K), 0.0234850 secs]
[GC 287975K->36735K(2944128K), 0.0267850 secs]
[GC 292863K->31459K(2944128K), 0.0230590 secs]
[GC 287587K->32710K(2944128K), 0.0247420 secs]
[GC 288798K->33670K(2944128K), 0.0241750 secs]
[GC 289798K->34578K(2944128K), 0.0239150 secs]
[GC 290687K->31650K(2944128K), 0.0287670 secs]
[GC 287663K->34429K(2944128K), 0.0254080 secs]
[GC 290557K->37979K(2944128K), 0.0240470 secs]
[GC 294028K->33078K(2944128K), 0.0256450 secs]
[GC 289186K->35316K(2944128K), 0.0284320 secs]
[GC 291444K->32525K(2944128K), 0.0418030 secs]
[GC 288652K->35273K(2944128K), 0.0260150 secs]
[GC 291401K->35669K(2944128K), 0.0262960 secs]
[GC 291797K->32763K(2944128K), 0.0284550 secs]
[GC 288891K->36190K(2944128K), 0.0213090 secs]
[GC 292318K->33682K(2944128K), 0.0259210 secs]
[GC 289810K->36647K(2944128K), 0.0273300 secs]
[GC 292775K->36772K(2944128K), 0.0267650 secs]
 INFO  [Stressor-0] {org.radargun.stressors.StressTestStressor} Number of ops executed so far: 2484392. Elapsed time: 40.000 secs. Remaining: 20.000 secs. Total: 1 mins 0 secs
[GC 292900K->36493K(2944128K), 0.0246070 secs]
[GC 292621K->36645K(2944128K), 0.0247900 secs]
[GC 292773K->33789K(2944128K), 0.0285860 secs]
[GC 289917K->33624K(2944128K), 0.0273450 secs]
[GC 289752K->34244K(2944128K), 0.0276160 secs]
[GC 290372K->33831K(2944128K), 0.0246560 secs]
[GC 289959K->37458K(2944128K), 0.0261670 secs]
[GC 293580K->34672K(2944128K), 0.0254000 secs]
[GC 290800K->42882K(2944128K), 0.0297290 secs]
[GC 298982K->34781K(2944128K), 0.0274070 secs]
[GC 290909K->36647K(2944128K), 0.0282120 secs]
[GC 292775K->35799K(2944128K), 0.0256540 secs]
[GC 291927K->35832K(2944128K), 0.0258910 secs]
[GC 291960K->35963K(2944128K), 0.0256330 secs]
[GC 292091K->35919K(2944128K), 0.0261720 secs]
[GC 292047K->34750K(2944128K), 0.0238050 secs]
[GC 290878K->35333K(2944128K), 0.0247630 secs]
[GC 291461K->50831K(2944128K), 0.0293990 secs]
[GC 306959K->42289K(2944128K), 0.0265230 secs]
[GC 298417K->37830K(2944128K), 0.0253270 secs]
[GC 293958K->41178K(2944128K), 0.0269740 secs]
[GC 297306K->39684K(2944128K), 0.0374810 secs]
[GC 295751K->36699K(2944128K), 0.0265130 secs]
[GC 292827K->38950K(2944128K), 0.0266970 secs]
[GC 295078K->37262K(2944128K), 0.0280000 secs]
[GC 293390K->39502K(2944128K), 0.0229170 secs]
[GC 295630K->41676K(2944128K), 0.0256440 secs]
[GC 297804K->38569K(2944128K), 0.0249480 secs]
[GC 294694K->35632K(2944128K), 0.0253800 secs]
[GC 291760K->36291K(2944128K), 0.0241870 secs]
[GC 292419K->37401K(2944128K), 0.0244720 secs]
[GC 293529K->37707K(2944128K), 0.0251190 secs]
[GC 293835K->37947K(2944128K), 0.0272370 secs]
[GC 294075K->40181K(2944128K), 0.0265130 secs]
[GC 296309K->37188K(2944128K), 0.0268120 secs]
[GC 293257K->42771K(2944128K), 0.0218160 secs]
[GC 298899K->38810K(2944128K), 0.0293750 secs]
[GC 294938K->43285K(2944128K), 0.0261730 secs]
 INFO  [Stressor-2] {org.radargun.stressors.StressTestStressor} Number of ops executed so far: 3748027. Elapsed time: 1 mins 0 secs. Remaining: 0.000 secs. Total: 1 mins 0 secs
 INFO  [pool-1-thread-1] {org.radargun.stressors.StressTestStressor} Finished generating report. Test duration is: 1 mins 1 secs
 INFO  [pool-1-thread-1] {org.radargun.stages.StressTestStage} size info: Running : 5.2.6.Final, config:ispn52-repl-sync-rc.xml, cacheName:testCache, clusterSize:2, nodeIndex:1, cacheSize: 8000
 INFO  [pool-1-thread-1] {org.radargun.Slave} Finished stage: StressTest {bulkSize=1, cacheSpecificKeyGenerator=false, commitTransactions=true, duration=1 mins 0 secs, entrySize=1000, exitBenchmarkOnSlaveFailure=false, fixedKeys=true, generateHistogramRange=false, keyGeneratorClass=org.radargun.stressors.StringKeyGenerator, keyGeneratorParam=null, loadAllKeys=false, numEntries=1000, numOfThreads=4, numRequests=10000000, numThreads=4, numberOfAttributes=1000, numberOfRequests=10000000, opsCountStatusLog=500000, poolKeys=true, preferAsyncOperations=false, removePercentage=0, replaceInvalidPercentage=40, runOnAllSlaves=false, sharedKeys=false, sizeOfAnAttribute=1000, slaves=null, transactionSize=1000, useAtomics=false, useHistogramStatistics=false, useSimpleStatistics=true, useSmartClassLoading=true, useTransactions=true, writePercentage=10, writeTxPercentage=100 }
 INFO  [main] {org.radargun.Slave} Ack successfully sent to the master
 INFO  [main] {org.radargun.Slave} Master shutdown!
 INFO  [Thread-0] {org.radargun.ShutDownHook} Slave process is being shutdown
