/usr/java/jdk1.7.0_21/bin/java -server -Xmx1024M -Xms1024M -Dresolve.dns=false -Djgroups.timer.num_threads=4 -verbose:gc -Xmx5000M -Xms3000M -server -XX:+UseConcMarkSweepGC -XX:+AggressiveOpts -verbose:gc -XX:ParallelGCThreads=4 -XX:NewRatio=5 -XX:SurvivorRatio=2 -Dhazelcast.operation.thread.count=4 -Djava.net.preferIPv4Stack=true -Dlog4j.file.prefix=deimos-esw-14154 -Dbind.address= -Djgroups.bind_addr= -classpath /home/smf/github/radargun/target/distribution/RadarGun-1.1.0-SNAPSHOT/lib/activation-1.1.jar:/home/smf/github/radargun/target/distribution/RadarGun-1.1.0-SNAPSHOT/lib/commons-beanutils-1.8.0.jar:/home/smf/github/radargun/target/distribution/RadarGun-1.1.0-SNAPSHOT/lib/commons-digester-2.0.jar:/home/smf/github/radargun/target/distribution/RadarGun-1.1.0-SNAPSHOT/lib/commons-logging-1.1.1.jar:/home/smf/github/radargun/target/distribution/RadarGun-1.1.0-SNAPSHOT/lib/commons-math-1.2.jar:/home/smf/github/radargun/target/distribution/RadarGun-1.1.0-SNAPSHOT/lib/jboss-transaction-api-1.0.1.GA.jar:/home/smf/github/radargun/target/distribution/RadarGun-1.1.0-SNAPSHOT/lib/jcommon-1.0.15.jar:/home/smf/github/radargun/target/distribution/RadarGun-1.1.0-SNAPSHOT/lib/jfreechart-1.0.12.jar:/home/smf/github/radargun/target/distribution/RadarGun-1.1.0-SNAPSHOT/lib/log4j-1.2.14.jar:/home/smf/github/radargun/target/distribution/RadarGun-1.1.0-SNAPSHOT/lib/mail-1.4.2.jar:/home/smf/github/radargun/target/distribution/RadarGun-1.1.0-SNAPSHOT/lib/radargun-framework-1.1.0-SNAPSHOT.jar:/home/smf/github/radargun/target/distribution/RadarGun-1.1.0-SNAPSHOT/conf org.radargun.Slave -master 127.0.0.1:2103
--------------------------------------------------------------------------------
PerNodeRollingFileAppender::Using file prefix:deimos-esw-14154
 INFO  [main] {org.radargun.Slave} Attempting to connect to master 127.0.0.1:2103
 INFO  [main] {org.radargun.Slave} Successfully established connection with master at: 127.0.0.1:2103
Loading JARS from /home/smf/github/radargun/target/distribution/RadarGun-1.1.0-SNAPSHOT/lib/radargun-framework-1.1.0-SNAPSHOT.jar
 INFO  [pool-1-thread-1] {org.radargun.config.AnnotatedHelper} Loading JARS from /home/smf/github/radargun/target/distribution/RadarGun-1.1.0-SNAPSHOT/lib/radargun-framework-1.1.0-SNAPSHOT.jar
 INFO  [pool-1-thread-1] {org.radargun.config.AnnotatedHelper} Loading JARS from /home/smf/github/radargun/target/distribution/RadarGun-1.1.0-SNAPSHOT/lib/radargun-framework-1.1.0-SNAPSHOT.jar
 INFO  [pool-1-thread-1] {org.radargun.Slave} Executing stage: DestroyWrapper {enforceMemoryThrashHold=true, exitBenchmarkOnSlaveFailure=false, heapDumpDir=null, memoryThreshold=95, runOnAllSlaves=true, slaves=null, useSmartClassLoading=true }
 INFO  [pool-1-thread-1] {org.radargun.stages.DestroyWrapperStage} Received destroy cache wrapper request from master...
 INFO  [pool-1-thread-1] {org.radargun.stages.DestroyWrapperStage} No cache wrapper deployed on this slave, nothing to do.
 INFO  [pool-1-thread-1] {org.radargun.stages.DestroyWrapperStage} Before executing clear, memory looks like this: Memory - free: 2,928,638 kb - max:4,906,688 kb- total:2,944,000 kb
[Full GC 15361K->3631K(2944000K), 0.0574790 secs]
 INFO  [pool-1-thread-1] {org.radargun.stages.DestroyWrapperStage} After executing cleanup, memory looks like this: Memory - free: 2,935,311 kb - max:4,906,688 kb- total:2,944,064 kb
 INFO  [pool-1-thread-1] {org.radargun.Slave} Finished stage: DestroyWrapper {enforceMemoryThrashHold=true, exitBenchmarkOnSlaveFailure=false, heapDumpDir=null, memoryThreshold=95, runOnAllSlaves=true, slaves=null, useSmartClassLoading=true }
 INFO  [main] {org.radargun.Slave} Ack successfully sent to the master
 INFO  [pool-1-thread-1] {org.radargun.Slave} Executing stage: StartCluster {config=mvcc/mvcc-repl-sync.xml, delayAfterFirstSlaveStarts=5.000 secs, delayBetweenStartingSlaves=0.500 secs, exitBenchmarkOnSlaveFailure=true, expectNumSlaves=null, mayFailOn=null, reachable=null, runOnAllSlaves=false, slaves=null, staggerSlaveStartup=true, useSmartClassLoading=true, validateCluster=true }
 INFO  [pool-1-thread-1] {org.radargun.stages.StartClusterStage} Startup staggering, number of slaves to start is 12 This is the slave with index 0, not sleeping
 INFO  [pool-1-thread-1] {org.radargun.stages.StartClusterStage} Ack master's StartCluster stage. Local address is: /127.0.0.1. This slave's index is: 0
 INFO  [pool-1-thread-1] {org.radargun.utils.ClassLoadHelper} Creating newInstance org.radargun.cachewrappers.JBossCache3Wrapper with classloader java.net.URLClassLoader@a2e02b2
 INFO  [pool-1-thread-1] {org.radargun.cachewrappers.JBossCache3Wrapper} Creating cache with the following configuration: mvcc/mvcc-repl-sync.xml
 WARN  [pool-1-thread-1] {org.jboss.cache.transaction.GenericTransactionManagerLookup} Falling back to JBoss Cache's internal DummyTransactionManager
 WARN  [pool-1-thread-1] {org.jgroups.protocols.pbcast.STREAMING_STATE_TRANSFER} use_reading_thread has been deprecated and its value will be ignored

---------------------------------------------------------
GMS: address is 127.0.0.1:37174 (cluster=JBossCache-Cluster)
---------------------------------------------------------
 INFO  [pool-1-thread-1] {org.radargun.cachewrappers.JBossCache3Wrapper} Running cache with following config: org.jboss.cache.config.Configuration@f265ff5a
 INFO  [pool-1-thread-1] {org.radargun.cachewrappers.JBossCache3Wrapper} Running following JBossCacheVersion: 3.2.1.GA
 INFO  [pool-1-thread-1] {org.radargun.cachewrappers.JBossCache3Wrapper} Running following JBossCacheCodeName: Malagueta
 INFO  [pool-1-thread-1] {org.radargun.cachewrappers.JBossCache3Wrapper} JGroups version: 2.6.13.GA
 INFO  [pool-1-thread-1] {org.radargun.stages.helpers.StartHelper} Number of members=1 is not the one expected: 12
 INFO  [pool-1-thread-1] {org.radargun.stages.helpers.StartHelper} Number of members=1 is not the one expected: 12
 INFO  [pool-1-thread-1] {org.radargun.stages.helpers.StartHelper} Number of members=4 is not the one expected: 12
 INFO  [pool-1-thread-1] {org.radargun.stages.helpers.StartHelper} Number of members=6 is not the one expected: 12
 INFO  [pool-1-thread-1] {org.radargun.stages.helpers.StartHelper} Number of members=8 is not the one expected: 12
 INFO  [pool-1-thread-1] {org.radargun.stages.helpers.StartHelper} Number of members=9 is not the one expected: 12
 INFO  [pool-1-thread-1] {org.radargun.stages.helpers.StartHelper} Number of members is the one expected: 12
 INFO  [pool-1-thread-1] {org.radargun.stages.StartClusterStage} Successfully started cache wrapper on slave 0: org.radargun.cachewrappers.JBossCache3Wrapper@4349f7f4
 INFO  [pool-1-thread-1] {org.radargun.Slave} Finished stage: StartCluster {config=mvcc/mvcc-repl-sync.xml, delayAfterFirstSlaveStarts=5.000 secs, delayBetweenStartingSlaves=0.500 secs, exitBenchmarkOnSlaveFailure=true, expectNumSlaves=null, mayFailOn=null, reachable=null, runOnAllSlaves=false, slaves=null, staggerSlaveStartup=true, useSmartClassLoading=true, validateCluster=true }
 INFO  [main] {org.radargun.Slave} Ack successfully sent to the master
 INFO  [pool-1-thread-1] {org.radargun.Slave} Executing stage: ClusterValidation {exitBenchmarkOnSlaveFailure=false, partialReplication=false, replicationTimeSleep=2000, replicationTryCount=60, runOnAllSlaves=false, slaves=null, useSmartClassLoading=true }
 INFO  [pool-1-thread-1] {org.radargun.stages.ClusterValidationStage} Number of caches that replicated here is 11
 INFO  [pool-1-thread-1] {org.radargun.stages.ClusterValidationStage} Replication test successfully passed. partialReplication? false, replicationCount = 11
 INFO  [pool-1-thread-1] {org.radargun.stages.ClusterValidationStage} Confirm phase successful.
 INFO  [pool-1-thread-1] {org.radargun.Slave} Finished stage: ClusterValidation {exitBenchmarkOnSlaveFailure=false, partialReplication=false, replicationTimeSleep=2000, replicationTryCount=60, runOnAllSlaves=false, slaves=[ 0, 1, 2, 3, 4, 5, 6, 7, 8, 9, 10, 11 ], useSmartClassLoading=true }
 INFO  [main] {org.radargun.Slave} Ack successfully sent to the master
 INFO  [pool-1-thread-1] {org.radargun.Slave} Executing stage: StressTestWarmup {bulkSize=1, cacheSpecificKeyGenerator=false, commitTransactions=true, duration=1 mins 0 secs, entrySize=1000, exitBenchmarkOnSlaveFailure=false, fixedKeys=true, generateHistogramRange=false, keyGeneratorClass=org.radargun.stressors.StringKeyGenerator, keyGeneratorParam=null, loadAllKeys=false, numEntries=100, numOfThreads=4, numRequests=10000, numThreads=4, numberOfAttributes=100, numberOfRequests=10000, opsCountStatusLog=100000, poolKeys=true, preferAsyncOperations=false, removePercentage=0, replaceInvalidPercentage=40, runOnAllSlaves=false, sharedKeys=false, sizeOfAnAttribute=1000, slaves=null, transactionSize=50, useAtomics=false, useHistogramStatistics=false, useSimpleStatistics=true, useSmartClassLoading=true, useTransactions=null, writePercentage=20, writeTxPercentage=20 }
 INFO  [pool-1-thread-1] {org.radargun.stages.StressTestWarmupStage} Starting StressTestWarmupStage: StressTestWarmup {bulkSize=1, cacheSpecificKeyGenerator=false, commitTransactions=true, duration=1 mins 0 secs, entrySize=1000, exitBenchmarkOnSlaveFailure=false, fixedKeys=true, generateHistogramRange=false, keyGeneratorClass=org.radargun.stressors.StringKeyGenerator, keyGeneratorParam=null, loadAllKeys=false, numEntries=100, numOfThreads=4, numRequests=10000, numThreads=4, numberOfAttributes=100, numberOfRequests=10000, opsCountStatusLog=100000, poolKeys=true, preferAsyncOperations=false, removePercentage=0, replaceInvalidPercentage=40, runOnAllSlaves=false, sharedKeys=false, sizeOfAnAttribute=1000, slaves=null, transactionSize=50, useAtomics=false, useHistogramStatistics=false, useSimpleStatistics=true, useSmartClassLoading=true, useTransactions=null, writePercentage=20, writeTxPercentage=20 }
 INFO  [pool-1-thread-1] {org.radargun.stressors.StressTestStressor} Using key generator org.radargun.stressors.StringKeyGenerator, param null
 INFO  [pool-1-thread-1] {org.radargun.stressors.StressTestStressor} Executing: StressTestStressor{opsCountStatusLog=100000, numRequests=10000, numEntries=100, entrySize=1000, writePercentage=20, numThreads=4, cacheWrapper=org.radargun.cachewrappers.JBossCache3Wrapper@4349f7f4, nodeIndex=0, useTransactions=true, transactionSize=50, commitTransactions=true, durationMillis=60000}
 INFO  [pool-1-thread-1] {org.radargun.stressors.StressTestStressor} Cache wrapper info is: Num direct children: 12
[GC 259695K->10829K(2944064K), 0.0449010 secs]
 INFO  [pool-1-thread-1] {org.radargun.stressors.StressTestStressor} Started 4 stressor threads.
 INFO  [Stressor-2] {org.radargun.stressors.StressTestStressor} Number of ops executed so far: 1. Elapsed time: 0.016 secs. Remaining: 59.984 secs. Total: 1 mins 0 secs
[GC 266893K->13578K(2944064K), 0.0353630 secs]
[GC 269642K->16589K(2944064K), 0.0349140 secs]
[GC 272653K->18505K(2944064K), 0.0265380 secs]
[GC 274569K->17639K(2944064K), 0.0296270 secs]
[GC 273703K->18002K(2944064K), 0.0349380 secs]
[GC 274066K->17163K(2944064K), 0.0354610 secs]
[GC 273227K->19189K(2944064K), 0.0342920 secs]
 INFO  [Stressor-2] {org.radargun.stressors.StressTestStressor} Number of ops executed so far: 71950. Elapsed time: 20.022 secs. Remaining: 39.978 secs. Total: 1 mins 0 secs
[GC 275253K->19889K(2944064K), 0.0319370 secs]
[GC 275953K->16338K(2944064K), 0.0338080 secs]
[GC 272402K->19998K(2944064K), 0.0327620 secs]
[GC 276062K->19955K(2944064K), 0.0329340 secs]
[GC 276019K->17339K(2944064K), 0.0329000 secs]
[GC 273403K->17118K(2944064K), 0.0296470 secs]
[GC 273182K->17170K(2944064K), 0.0328990 secs]
[GC 273234K->21048K(2944064K), 0.0508290 secs]
[GC 277112K->15477K(2944064K), 0.0309760 secs]
[GC 271541K->14471K(2944064K), 0.0263080 secs]
 INFO  [Stressor-3] {org.radargun.stressors.StressTestStressor} Number of ops executed so far: 251850. Elapsed time: 40.114 secs. Remaining: 19.886 secs. Total: 1 mins 0 secs
[GC 270535K->19074K(2944064K), 0.0289760 secs]
[GC 275138K->16735K(2944064K), 0.0267210 secs]
[GC 272799K->15198K(2944064K), 0.0271510 secs]
[GC 271262K->14641K(2944064K), 0.0271290 secs]
[GC 270705K->14588K(2944064K), 0.0261570 secs]
[GC 270652K->19028K(2944064K), 0.0279680 secs]
[GC 275092K->18823K(2944064K), 0.0232210 secs]
[GC 274887K->17326K(2944064K), 0.0284760 secs]
 INFO  [pool-1-thread-1] {org.radargun.stressors.StressTestStressor} Finished generating report. Test duration is: 1 mins 3 secs
 INFO  [pool-1-thread-1] {org.radargun.stages.StressTestWarmupStage} The warmup took: 63 seconds.
 INFO  [pool-1-thread-1] {org.radargun.Slave} Finished stage: StressTestWarmup {bulkSize=1, cacheSpecificKeyGenerator=false, commitTransactions=true, duration=1 mins 0 secs, entrySize=1000, exitBenchmarkOnSlaveFailure=false, fixedKeys=true, generateHistogramRange=false, keyGeneratorClass=org.radargun.stressors.StringKeyGenerator, keyGeneratorParam=null, loadAllKeys=false, numEntries=100, numOfThreads=4, numRequests=10000, numThreads=4, numberOfAttributes=100, numberOfRequests=10000, opsCountStatusLog=100000, poolKeys=true, preferAsyncOperations=false, removePercentage=0, replaceInvalidPercentage=40, runOnAllSlaves=false, sharedKeys=false, sizeOfAnAttribute=1000, slaves=null, transactionSize=50, useAtomics=false, useHistogramStatistics=false, useSimpleStatistics=true, useSmartClassLoading=true, useTransactions=null, writePercentage=20, writeTxPercentage=20 }
 INFO  [main] {org.radargun.Slave} Ack successfully sent to the master
 INFO  [pool-1-thread-1] {org.radargun.Slave} Executing stage: ClearClusterStage {ClearCluster {exitBenchmarkOnSlaveFailure=false, runOnAllSlaves=false, slaves=[ 0 ], useSmartClassLoading=true }
 INFO  [pool-1-thread-1] {org.radargun.stages.ClearClusterStage} Before executing clear, memory looks like this: Memory - free: 2,855,366 kb - max:4,906,688 kb- total:2,944,064 kb
[Full GC 88844K->9893K(2944064K), 0.1289050 secs]
 INFO  [pool-1-thread-1] {org.radargun.stages.ClearClusterStage} After executing cleanup, memory looks like this: Memory - free: 2,932,537 kb - max:4,906,688 kb- total:2,944,320 kb
 INFO  [pool-1-thread-1] {org.radargun.Slave} Finished stage: ClearClusterStage {ClearCluster {exitBenchmarkOnSlaveFailure=false, runOnAllSlaves=false, slaves=[ 0 ], useSmartClassLoading=true }
 INFO  [main] {org.radargun.Slave} Ack successfully sent to the master
 INFO  [pool-1-thread-1] {org.radargun.Slave} Executing stage: StressTest {bulkSize=1, cacheSpecificKeyGenerator=false, commitTransactions=true, duration=1 mins 0 secs, entrySize=1000, exitBenchmarkOnSlaveFailure=false, fixedKeys=true, generateHistogramRange=false, keyGeneratorClass=org.radargun.stressors.StringKeyGenerator, keyGeneratorParam=null, loadAllKeys=false, numEntries=10000, numOfThreads=4, numRequests=10000000, numThreads=4, numberOfAttributes=10000, numberOfRequests=10000000, opsCountStatusLog=500000, poolKeys=true, preferAsyncOperations=false, removePercentage=0, replaceInvalidPercentage=40, runOnAllSlaves=false, sharedKeys=false, sizeOfAnAttribute=1000, slaves=null, transactionSize=10000, useAtomics=false, useHistogramStatistics=false, useSimpleStatistics=true, useSmartClassLoading=true, useTransactions=true, writePercentage=10, writeTxPercentage=5 }
 INFO  [pool-1-thread-1] {org.radargun.stages.StressTestStage} Starting StressTestStage: StressTest {bulkSize=1, cacheSpecificKeyGenerator=false, commitTransactions=true, duration=1 mins 0 secs, entrySize=1000, exitBenchmarkOnSlaveFailure=false, fixedKeys=true, generateHistogramRange=false, keyGeneratorClass=org.radargun.stressors.StringKeyGenerator, keyGeneratorParam=null, loadAllKeys=false, numEntries=10000, numOfThreads=4, numRequests=10000000, numThreads=4, numberOfAttributes=10000, numberOfRequests=10000000, opsCountStatusLog=500000, poolKeys=true, preferAsyncOperations=false, removePercentage=0, replaceInvalidPercentage=40, runOnAllSlaves=false, sharedKeys=false, sizeOfAnAttribute=1000, slaves=null, transactionSize=10000, useAtomics=false, useHistogramStatistics=false, useSimpleStatistics=true, useSmartClassLoading=true, useTransactions=true, writePercentage=10, writeTxPercentage=5 }
 INFO  [pool-1-thread-1] {org.radargun.stressors.StressTestStressor} Using key generator org.radargun.stressors.StringKeyGenerator, param null
 INFO  [pool-1-thread-1] {org.radargun.stressors.StressTestStressor} Executing: StressTestStressor{opsCountStatusLog=500000, numRequests=10000000, numEntries=10000, entrySize=1000, writePercentage=10, numThreads=4, cacheWrapper=org.radargun.cachewrappers.JBossCache3Wrapper@4349f7f4, nodeIndex=0, useTransactions=true, transactionSize=10000, commitTransactions=true, durationMillis=60000}
 INFO  [pool-1-thread-1] {org.radargun.stressors.StressTestStressor} Cache wrapper info is: Num direct children: 60
[GC 266149K->26460K(2944320K), 0.0248490 secs]
[GC 282716K->34327K(2944320K), 0.0350660 secs]
[GC 290583K->46978K(2944320K), 0.0330380 secs]
[GC 303234K->65035K(2944320K), 0.0377790 secs]
[GC 321291K->82859K(2944320K), 0.0407780 secs]
[GC 339115K->99375K(2944320K), 0.0425200 secs]
[GC 355631K->116015K(2944320K), 0.0431930 secs]
[GC 372271K->113257K(2944320K), 0.0644110 secs]
[GC 369513K->127936K(2944320K), 0.0504790 secs]
[GC 384192K->129730K(2944320K), 0.0592250 secs]
[GC 385986K->121381K(2944320K), 0.0544400 secs]
[GC 377634K->166201K(2944320K), 0.0544500 secs]
[GC 422457K->131753K(2944320K), 0.0556290 secs]
[GC 388009K->147706K(2944320K), 0.0531990 secs]
[GC 403962K->145114K(2944320K), 0.0491730 secs]
[GC 401370K->153346K(2944320K), 0.0546510 secs]
[GC 409602K->183002K(2944320K), 0.0492970 secs]
[GC 439258K->198462K(2944320K), 0.0504500 secs]
[GC 454718K->161494K(2944320K), 0.0478700 secs]
[GC 417750K->201273K(2944320K), 0.0532700 secs]
[GC 457529K->213907K(2944320K), 0.0511720 secs]
[GC 470163K->187788K(2944320K), 0.0485350 secs]
[GC 444037K->220805K(2944320K), 0.0507060 secs]
[GC 477061K->192423K(2944320K), 0.0469910 secs]
[GC 448679K->238323K(2944320K), 0.0491360 secs]
[GC 494579K->207280K(2944320K), 0.0428700 secs]
[GC 463536K->249298K(2944320K), 0.0473520 secs]
[GC 505554K->214254K(2944320K), 0.0510280 secs]
[GC 470510K->228645K(2944320K), 0.0483410 secs]
[GC 484901K->248541K(2944320K), 0.0517380 secs]
[GC 504797K->230080K(2944320K), 0.0562190 secs]
[GC 486336K->251881K(2944320K), 0.0522350 secs]
[GC 508137K->255912K(2944320K), 0.0537130 secs]
[GC 512168K->276809K(2944320K), 0.0534500 secs]
[GC 533035K->248926K(2944320K), 0.0457920 secs]
[GC 505182K->275431K(2944320K), 0.0473760 secs]
[GC 531687K->272346K(2944320K), 0.0506140 secs]
[GC 528602K->262756K(2944320K), 0.0481770 secs]
[GC 519012K->284223K(2944320K), 0.0506860 secs]
[GC 540479K->289297K(2944320K), 0.0589070 secs]
[GC 545553K->294255K(2944320K), 0.0515910 secs]
[GC 550511K->298984K(2944320K), 0.0532000 secs]
[GC 555240K->303747K(2944320K), 0.0500930 secs]
[GC 559987K->308481K(2944320K), 0.0464330 secs]
[GC 564737K->329762K(2944320K), 0.0478020 secs]
[GC 586004K->312069K(2944320K), 0.0497940 secs]
[GC 568325K->343178K(2944320K), 0.0446870 secs]
[GC 599434K->308564K(2944320K), 0.0433270 secs]
[GC 564783K->352562K(2944320K), 0.0479360 secs]
[GC 608807K->317954K(2944320K), 0.0557800 secs]
[GC 574210K->340310K(2944320K), 0.0499910 secs]
[GC 596536K->341040K(2944320K), 0.0499930 secs]
[GC 597296K->346463K(2944320K), 0.0527580 secs]
[GC 602719K->344794K(2944320K), 0.0494380 secs]
[GC 600988K->352897K(2944320K), 0.0559490 secs]
[GC 609153K->356359K(2944320K), 0.0510340 secs]
[GC 612615K->343244K(2944320K), 0.0565490 secs]
[GC 599446K->361346K(2944320K), 0.0520010 secs]
[GC 617592K->363635K(2944320K), 0.0496600 secs]
[GC 619891K->365935K(2944320K), 0.0553700 secs]
[GC 622191K->354071K(2944320K), 0.0521460 secs]
[GC 610318K->370435K(2944320K), 0.0542420 secs]
[GC 626639K->359196K(2944320K), 0.0503200 secs]
[GC 615450K->373826K(2944320K), 0.0490760 secs]
[GC 630082K->375936K(2944320K), 0.0487900 secs]
[GC 632139K->391346K(2944320K), 0.0434920 secs]
[GC 647602K->369043K(2944320K), 0.0464600 secs]
[GC 625299K->389241K(2944320K), 0.0465870 secs]
[GC 645497K->386233K(2944320K), 0.0429470 secs]
[GC 642441K->390650K(2944320K), 0.0465600 secs]
[GC 646850K->381536K(2944320K), 0.0437410 secs]
[GC 637779K->384699K(2944320K), 0.0419980 secs]
[GC 640910K->387714K(2944320K), 0.0438400 secs]
[GC 643970K->390871K(2944320K), 0.0465120 secs]
[GC 647064K->406642K(2944320K), 0.0461300 secs]
[GC 662879K->422479K(2944320K), 0.0453890 secs]
[GC 678735K->400268K(2944320K), 0.0453180 secs]
[GC 656524K->431823K(2944320K), 0.0494840 secs]
[GC 688079K->404049K(2944320K), 0.0424800 secs]
[GC 660303K->437292K(2944320K), 0.0449170 secs]
[GC 693533K->410218K(2944320K), 0.0461900 secs]
[GC 666474K->432214K(2944320K), 0.0403770 secs]
[GC 688470K->417318K(2944320K), 0.0425040 secs]
[GC 673574K->434258K(2944320K), 0.0465220 secs]
[GC 690514K->425160K(2944320K), 0.0485470 secs]
[GC 681416K->441043K(2944320K), 0.0404540 secs]
[GC 697240K->431510K(2944320K), 0.0476450 secs]
[GC 687766K->447289K(2944320K), 0.0447810 secs]
[GC 703503K->450351K(2944320K), 0.0488920 secs]
[GC 706607K->440844K(2944320K), 0.0463400 secs]
[GC 697100K->443933K(2944320K), 0.0415640 secs]
[GC 700189K->459866K(2944320K), 0.0483080 secs]
[GC 716110K->462958K(2944320K), 0.0460450 secs]
[GC 719214K->453236K(2944320K), 0.0461590 secs]
[GC 709450K->456523K(2944320K), 0.0455420 secs]
[GC 712779K->472134K(2944320K), 0.0441290 secs]
[GC 728369K->475341K(2944320K), 0.0456000 secs]
[GC 731597K->465783K(2944320K), 0.0441210 secs]
[GC 722022K->481656K(2944320K), 0.0421750 secs]
[GC 737912K->497449K(2944320K), 0.0448890 secs]
[GC 753676K->475179K(2944320K), 0.0451710 secs]
[GC 731435K->495206K(2944320K), 0.0421870 secs]
[GC 751462K->492237K(2944320K), 0.0422260 secs]
[GC 748493K->484142K(2944320K), 0.0407090 secs]
[GC 740380K->512994K(2944320K), 0.0451900 secs]
[GC 769248K->498790K(2944320K), 0.0412220 secs]
[GC 755046K->510851K(2944320K), 0.0431300 secs]
[GC 767107K->520045K(2944320K), 0.0456300 secs]
[GC 776277K->499479K(2944320K), 0.0476020 secs]
[GC 755715K->520150K(2944320K), 0.0492210 secs]
[GC 776406K->504759K(2944320K), 0.0472050 secs]
[GC 760986K->521513K(2944320K), 0.0525620 secs]
[GC 777769K->525024K(2944320K), 0.0455740 secs]
[GC 781266K->528078K(2944320K), 0.0450980 secs]
[GC 784334K->531405K(2944320K), 0.0456740 secs]
[GC 787613K->534513K(2944320K), 0.0406260 secs]
[GC 790769K->550397K(2944320K), 0.0403680 secs]
[GC 806640K->528119K(2944320K), 0.0406940 secs]
[GC 784327K->548019K(2944320K), 0.0444180 secs]
[GC 804275K->557785K(2944320K), 0.0410990 secs]
[GC 814020K->544867K(2944320K), 0.0382660 secs]
[GC 801070K->557226K(2944320K), 0.0452200 secs]
[GC 813482K->554572K(2944320K), 0.0405250 secs]
[GC 810828K->546464K(2944320K), 0.0411800 secs]
 INFO  [pool-1-thread-1] {org.radargun.stressors.StressTestStressor} Started 4 stressor threads.
 INFO  [Stressor-0] {org.radargun.stressors.StressTestStressor} Number of ops executed so far: 1. Elapsed time: 0.000 secs. Remaining: 1 mins 0 secs. Total: 1 mins 0 secs
[GC 802720K->562418K(2944320K), 0.0371960 secs]
[GC 818674K->589856K(2944320K), 0.0472340 secs]
[GC 846112K->579842K(2944320K), 0.0578250 secs]
[GC 836082K->619648K(2944320K), 0.0679070 secs]
[GC 875904K->612945K(2944320K), 0.0630160 secs]
[GC 869201K->610702K(2944320K), 0.0742680 secs]
[GC 866907K->641242K(2944320K), 0.0700620 secs]
[GC 897467K->679408K(2944320K), 0.0808500 secs]
[GC 935664K->703662K(2944320K), 0.0934370 secs]
[GC 959918K->742535K(2944320K), 0.1036010 secs]
[GC 998791K->757841K(2944320K), 0.1130510 secs]
[GC 1014097K->785560K(2944320K), 0.0936090 secs]
[GC 1041794K->812869K(2944320K), 0.0667900 secs]
[GC 1069125K->855734K(2944320K), 0.0905370 secs]
 INFO  [Stressor-2] {org.radargun.stressors.StressTestStressor} Number of ops executed so far: 1180000. Elapsed time: 21.241 secs. Remaining: 38.759 secs. Total: 1 mins 0 secs
[GC 1111985K->890024K(2944320K), 0.0816070 secs]
[GC 1146280K->910740K(2944320K), 0.0844270 secs]
[GC 1166996K->942355K(2944320K), 0.0924560 secs]
[GC 1198611K->941936K(2944320K), 0.0718720 secs]
[GC 1198188K->967292K(2944320K), 0.0918860 secs]
[GC 1223548K->978041K(2944320K), 0.0649860 secs]
[GC 1234275K->1029317K(2944320K), 0.0717210 secs]
[GC 1284662K->1064381K(2944320K), 0.0963120 secs]
[GC 1320618K->1094600K(2944320K), 0.0969020 secs]
[GC 1350856K->1129694K(2944320K), 0.1078790 secs]
 INFO  [Stressor-1] {org.radargun.stressors.StressTestStressor} Number of ops executed so far: 2660000. Elapsed time: 45.138 secs. Remaining: 14.862 secs. Total: 1 mins 0 secs
[GC 1385950K->1172290K(2944320K), 0.1069450 secs]
[GC 1427597K->1221681K(2944320K), 0.1130270 secs]
[GC 1477937K->1221450K(2944320K), 0.1097560 secs]
[GC 1477653K->1282995K(2944320K), 0.1016950 secs]
[GC 1539236K->1310675K(2944320K), 0.0915680 secs]
[GC 1566931K->1352360K(2944320K), 0.1018430 secs]
 INFO  [pool-1-thread-1] {org.radargun.stressors.StressTestStressor} Finished generating report. Test duration is: 2 mins 47 secs
 INFO  [pool-1-thread-1] {org.radargun.stages.StressTestStage} size info: Num direct children: 60, clusterSize:12, nodeIndex:0, cacheSize: -1
 INFO  [pool-1-thread-1] {org.radargun.Slave} Finished stage: StressTest {bulkSize=1, cacheSpecificKeyGenerator=false, commitTransactions=true, duration=1 mins 0 secs, entrySize=1000, exitBenchmarkOnSlaveFailure=false, fixedKeys=true, generateHistogramRange=false, keyGeneratorClass=org.radargun.stressors.StringKeyGenerator, keyGeneratorParam=null, loadAllKeys=false, numEntries=10000, numOfThreads=4, numRequests=10000000, numThreads=4, numberOfAttributes=10000, numberOfRequests=10000000, opsCountStatusLog=500000, poolKeys=true, preferAsyncOperations=false, removePercentage=0, replaceInvalidPercentage=40, runOnAllSlaves=false, sharedKeys=false, sizeOfAnAttribute=1000, slaves=null, transactionSize=10000, useAtomics=false, useHistogramStatistics=false, useSimpleStatistics=true, useSmartClassLoading=true, useTransactions=true, writePercentage=10, writeTxPercentage=5 }
 INFO  [main] {org.radargun.Slave} Ack successfully sent to the master
[GC 1608616K->1379689K(2944320K), 0.0842520 secs]
[GC 1635939K->1412155K(2944320K), 0.0939420 secs]
[GC 1412234K(2944320K), 0.0526780 secs]
[GC 1493414K(2944320K), 0.0322200 secs]
[GC 855539K->605602K(2944320K), 0.0695470 secs]
 INFO  [main] {org.radargun.Slave} Master shutdown!
 INFO  [Thread-0] {org.radargun.ShutDownHook} Slave process is being shutdown
