/usr/java/jdk1.7.0_21/bin/java -server -Xmx1024M -Xms1024M -Dresolve.dns=false -Djgroups.timer.num_threads=4 -verbose:gc -Xmx5000M -Xms3000M -server -XX:+UseConcMarkSweepGC -XX:+AggressiveOpts -verbose:gc -XX:ParallelGCThreads=4 -XX:NewRatio=5 -XX:SurvivorRatio=2 -Dhazelcast.operation.thread.count=4 -Djava.net.preferIPv4Stack=true -Dlog4j.file.prefix=deimos-esw-23559 -Dbind.address= -Djgroups.bind_addr= -classpath /home/smf/github/radargun/target/distribution/RadarGun-1.1.0-SNAPSHOT/lib/activation-1.1.jar:/home/smf/github/radargun/target/distribution/RadarGun-1.1.0-SNAPSHOT/lib/commons-beanutils-1.8.0.jar:/home/smf/github/radargun/target/distribution/RadarGun-1.1.0-SNAPSHOT/lib/commons-digester-2.0.jar:/home/smf/github/radargun/target/distribution/RadarGun-1.1.0-SNAPSHOT/lib/commons-logging-1.1.1.jar:/home/smf/github/radargun/target/distribution/RadarGun-1.1.0-SNAPSHOT/lib/commons-math-1.2.jar:/home/smf/github/radargun/target/distribution/RadarGun-1.1.0-SNAPSHOT/lib/jboss-transaction-api-1.0.1.GA.jar:/home/smf/github/radargun/target/distribution/RadarGun-1.1.0-SNAPSHOT/lib/jcommon-1.0.15.jar:/home/smf/github/radargun/target/distribution/RadarGun-1.1.0-SNAPSHOT/lib/jfreechart-1.0.12.jar:/home/smf/github/radargun/target/distribution/RadarGun-1.1.0-SNAPSHOT/lib/log4j-1.2.14.jar:/home/smf/github/radargun/target/distribution/RadarGun-1.1.0-SNAPSHOT/lib/mail-1.4.2.jar:/home/smf/github/radargun/target/distribution/RadarGun-1.1.0-SNAPSHOT/lib/radargun-framework-1.1.0-SNAPSHOT.jar:/home/smf/github/radargun/target/distribution/RadarGun-1.1.0-SNAPSHOT/conf org.radargun.Slave -master 127.0.0.1:2103
--------------------------------------------------------------------------------
PerNodeRollingFileAppender::Using file prefix:deimos-esw-23559
 INFO  [main] {org.radargun.Slave} Attempting to connect to master 127.0.0.1:2103
 INFO  [main] {org.radargun.Slave} Successfully established connection with master at: 127.0.0.1:2103
Loading JARS from /home/smf/github/radargun/target/distribution/RadarGun-1.1.0-SNAPSHOT/lib/radargun-framework-1.1.0-SNAPSHOT.jar
 INFO  [pool-1-thread-1] {org.radargun.config.AnnotatedHelper} Loading JARS from /home/smf/github/radargun/target/distribution/RadarGun-1.1.0-SNAPSHOT/lib/radargun-framework-1.1.0-SNAPSHOT.jar
 INFO  [pool-1-thread-1] {org.radargun.config.AnnotatedHelper} Loading JARS from /home/smf/github/radargun/target/distribution/RadarGun-1.1.0-SNAPSHOT/lib/radargun-framework-1.1.0-SNAPSHOT.jar
 INFO  [pool-1-thread-1] {org.radargun.Slave} Executing stage: DestroyWrapper {enforceMemoryThrashHold=true, exitBenchmarkOnSlaveFailure=false, heapDumpDir=null, memoryThreshold=95, runOnAllSlaves=true, slaves=null, useSmartClassLoading=true }
 INFO  [pool-1-thread-1] {org.radargun.stages.DestroyWrapperStage} Received destroy cache wrapper request from master...
 INFO  [pool-1-thread-1] {org.radargun.stages.DestroyWrapperStage} No cache wrapper deployed on this slave, nothing to do.
 INFO  [pool-1-thread-1] {org.radargun.stages.DestroyWrapperStage} Before executing clear, memory looks like this: Memory - free: 2,928,638 kb - max:4,906,688 kb- total:2,944,000 kb
[Full GC 15361K->3631K(2944000K), 0.1029380 secs]
 INFO  [pool-1-thread-1] {org.radargun.stages.DestroyWrapperStage} After executing cleanup, memory looks like this: Memory - free: 2,935,311 kb - max:4,906,688 kb- total:2,944,064 kb
 INFO  [pool-1-thread-1] {org.radargun.Slave} Finished stage: DestroyWrapper {enforceMemoryThrashHold=true, exitBenchmarkOnSlaveFailure=false, heapDumpDir=null, memoryThreshold=95, runOnAllSlaves=true, slaves=null, useSmartClassLoading=true }
 INFO  [main] {org.radargun.Slave} Ack successfully sent to the master
 INFO  [pool-1-thread-1] {org.radargun.Slave} Executing stage: StartCluster {config=mvcc/mvcc-repl-sync.xml, delayAfterFirstSlaveStarts=5.000 secs, delayBetweenStartingSlaves=0.500 secs, exitBenchmarkOnSlaveFailure=true, expectNumSlaves=null, mayFailOn=null, reachable=null, runOnAllSlaves=false, slaves=null, staggerSlaveStartup=true, useSmartClassLoading=true, validateCluster=true }
 INFO  [pool-1-thread-1] {org.radargun.stages.StartClusterStage}  Startup staggering, starting 6 slaves. This is the slave with index 1. Sleeping for 5500 millis.
 INFO  [pool-1-thread-1] {org.radargun.stages.StartClusterStage} Ack master's StartCluster stage. Local address is: /127.0.0.1. This slave's index is: 1
 INFO  [pool-1-thread-1] {org.radargun.utils.ClassLoadHelper} Creating newInstance org.radargun.cachewrappers.JBossCache3Wrapper with classloader java.net.URLClassLoader@627fbcda
 INFO  [pool-1-thread-1] {org.radargun.cachewrappers.JBossCache3Wrapper} Creating cache with the following configuration: mvcc/mvcc-repl-sync.xml
 WARN  [pool-1-thread-1] {org.jboss.cache.transaction.GenericTransactionManagerLookup} Falling back to JBoss Cache's internal DummyTransactionManager
 WARN  [pool-1-thread-1] {org.jgroups.protocols.pbcast.STREAMING_STATE_TRANSFER} use_reading_thread has been deprecated and its value will be ignored

---------------------------------------------------------
GMS: address is 127.0.0.1:36017 (cluster=JBossCache-Cluster)
---------------------------------------------------------
 INFO  [pool-1-thread-1] {org.radargun.cachewrappers.JBossCache3Wrapper} Running cache with following config: org.jboss.cache.config.Configuration@8d1eab0e
 INFO  [pool-1-thread-1] {org.radargun.cachewrappers.JBossCache3Wrapper} Running following JBossCacheVersion: 3.2.1.GA
 INFO  [pool-1-thread-1] {org.radargun.cachewrappers.JBossCache3Wrapper} Running following JBossCacheCodeName: Malagueta
 INFO  [pool-1-thread-1] {org.radargun.cachewrappers.JBossCache3Wrapper} JGroups version: 2.6.13.GA
 INFO  [pool-1-thread-1] {org.radargun.stages.helpers.StartHelper} Number of members=2 is not the one expected: 6
 INFO  [pool-1-thread-1] {org.radargun.stages.helpers.StartHelper} Number of members=4 is not the one expected: 6
 INFO  [pool-1-thread-1] {org.radargun.stages.helpers.StartHelper} Number of members is the one expected: 6
 INFO  [pool-1-thread-1] {org.radargun.stages.StartClusterStage} Successfully started cache wrapper on slave 1: org.radargun.cachewrappers.JBossCache3Wrapper@60833f5e
 INFO  [pool-1-thread-1] {org.radargun.Slave} Finished stage: StartCluster {config=mvcc/mvcc-repl-sync.xml, delayAfterFirstSlaveStarts=5.000 secs, delayBetweenStartingSlaves=0.500 secs, exitBenchmarkOnSlaveFailure=true, expectNumSlaves=null, mayFailOn=null, reachable=null, runOnAllSlaves=false, slaves=null, staggerSlaveStartup=true, useSmartClassLoading=true, validateCluster=true }
 INFO  [main] {org.radargun.Slave} Ack successfully sent to the master
 INFO  [pool-1-thread-1] {org.radargun.Slave} Executing stage: ClusterValidation {exitBenchmarkOnSlaveFailure=false, partialReplication=false, replicationTimeSleep=2000, replicationTryCount=60, runOnAllSlaves=false, slaves=null, useSmartClassLoading=true }
 INFO  [pool-1-thread-1] {org.radargun.stages.ClusterValidationStage} Number of caches that replicated here is 5
 INFO  [pool-1-thread-1] {org.radargun.stages.ClusterValidationStage} Replication test successfully passed. partialReplication? false, replicationCount = 5
 INFO  [pool-1-thread-1] {org.radargun.stages.ClusterValidationStage} Confirm phase successful.
 INFO  [pool-1-thread-1] {org.radargun.Slave} Finished stage: ClusterValidation {exitBenchmarkOnSlaveFailure=false, partialReplication=false, replicationTimeSleep=2000, replicationTryCount=60, runOnAllSlaves=false, slaves=[ 0, 1, 2, 3, 4, 5 ], useSmartClassLoading=true }
 INFO  [main] {org.radargun.Slave} Ack successfully sent to the master
 INFO  [pool-1-thread-1] {org.radargun.Slave} Executing stage: StressTestWarmup {bulkSize=1, cacheSpecificKeyGenerator=false, commitTransactions=true, duration=1 mins 0 secs, entrySize=1000, exitBenchmarkOnSlaveFailure=false, fixedKeys=true, generateHistogramRange=false, keyGeneratorClass=org.radargun.stressors.StringKeyGenerator, keyGeneratorParam=null, loadAllKeys=false, numEntries=100, numOfThreads=4, numRequests=10000, numThreads=4, numberOfAttributes=100, numberOfRequests=10000, opsCountStatusLog=100000, poolKeys=true, preferAsyncOperations=false, removePercentage=0, replaceInvalidPercentage=40, runOnAllSlaves=false, sharedKeys=false, sizeOfAnAttribute=1000, slaves=null, transactionSize=50, useAtomics=false, useHistogramStatistics=false, useSimpleStatistics=true, useSmartClassLoading=true, useTransactions=null, writePercentage=20, writeTxPercentage=20 }
 INFO  [pool-1-thread-1] {org.radargun.stages.StressTestWarmupStage} Starting StressTestWarmupStage: StressTestWarmup {bulkSize=1, cacheSpecificKeyGenerator=false, commitTransactions=true, duration=1 mins 0 secs, entrySize=1000, exitBenchmarkOnSlaveFailure=false, fixedKeys=true, generateHistogramRange=false, keyGeneratorClass=org.radargun.stressors.StringKeyGenerator, keyGeneratorParam=null, loadAllKeys=false, numEntries=100, numOfThreads=4, numRequests=10000, numThreads=4, numberOfAttributes=100, numberOfRequests=10000, opsCountStatusLog=100000, poolKeys=true, preferAsyncOperations=false, removePercentage=0, replaceInvalidPercentage=40, runOnAllSlaves=false, sharedKeys=false, sizeOfAnAttribute=1000, slaves=null, transactionSize=50, useAtomics=false, useHistogramStatistics=false, useSimpleStatistics=true, useSmartClassLoading=true, useTransactions=null, writePercentage=20, writeTxPercentage=20 }
 INFO  [pool-1-thread-1] {org.radargun.stressors.StressTestStressor} Using key generator org.radargun.stressors.StringKeyGenerator, param null
 INFO  [pool-1-thread-1] {org.radargun.stressors.StressTestStressor} Executing: StressTestStressor{opsCountStatusLog=100000, numRequests=10000, numEntries=100, entrySize=1000, writePercentage=20, numThreads=4, cacheWrapper=org.radargun.cachewrappers.JBossCache3Wrapper@60833f5e, nodeIndex=1, useTransactions=true, transactionSize=50, commitTransactions=true, durationMillis=60000}
 INFO  [pool-1-thread-1] {org.radargun.stressors.StressTestStressor} Cache wrapper info is: Num direct children: 6
[GC 259695K->11608K(2944064K), 0.0358900 secs]
 INFO  [pool-1-thread-1] {org.radargun.stressors.StressTestStressor} Started 4 stressor threads.
 INFO  [Stressor-0] {org.radargun.stressors.StressTestStressor} Number of ops executed so far: 1. Elapsed time: 0.037 secs. Remaining: 59.963 secs. Total: 1 mins 0 secs
[GC 267672K->11768K(2944064K), 0.0259100 secs]
[GC 267832K->13964K(2944064K), 0.0255380 secs]
[GC 270028K->18322K(2944064K), 0.0303100 secs]
[GC 274386K->21675K(2944064K), 0.0315190 secs]
[GC 277739K->19851K(2944064K), 0.0318490 secs]
[GC 275915K->21654K(2944064K), 0.0282060 secs]
[GC 277718K->16651K(2944064K), 0.0306410 secs]
[GC 272715K->14315K(2944064K), 0.0312210 secs]
[GC 270379K->14340K(2944064K), 0.0314730 secs]
[GC 270404K->15801K(2944064K), 0.0325020 secs]
[GC 271865K->17980K(2944064K), 0.0295030 secs]
[GC 274044K->18190K(2944064K), 0.0302300 secs]
[GC 274254K->13737K(2944064K), 0.0336810 secs]
[GC 269801K->13416K(2944064K), 0.0315570 secs]
[GC 269480K->16529K(2944064K), 0.0506530 secs]
[GC 272593K->13272K(2944064K), 0.0275930 secs]
[GC 269336K->13879K(2944064K), 0.0287510 secs]
[GC 269943K->13317K(2944064K), 0.0254420 secs]
[GC 269381K->17909K(2944064K), 0.0304860 secs]
[GC 273973K->16265K(2944064K), 0.0273980 secs]
[GC 272329K->15384K(2944064K), 0.0292450 secs]
[GC 271448K->18045K(2944064K), 0.0254420 secs]
[GC 274109K->15202K(2944064K), 0.0256430 secs]
[GC 271266K->14027K(2944064K), 0.0259570 secs]
 INFO  [Stressor-1] {org.radargun.stressors.StressTestStressor} Number of ops executed so far: 708986. Elapsed time: 20.037 secs. Remaining: 39.963 secs. Total: 1 mins 0 secs
[GC 270091K->17892K(2944064K), 0.0281870 secs]
[GC 273956K->21171K(2944064K), 0.0283770 secs]
[GC 277235K->16119K(2944064K), 0.0255210 secs]
[GC 272183K->12811K(2944064K), 0.0277260 secs]
[GC 268875K->13397K(2944064K), 0.0291280 secs]
[GC 269461K->17375K(2944064K), 0.0278960 secs]
[GC 273439K->17684K(2944064K), 0.0277150 secs]
[GC 273748K->15857K(2944064K), 0.0293830 secs]
[GC 271921K->20210K(2944064K), 0.0380490 secs]
[GC 276274K->18189K(2944064K), 0.0276010 secs]
[GC 274253K->16224K(2944064K), 0.0298400 secs]
[GC 272288K->17995K(2944064K), 0.0288550 secs]
[GC 274059K->16201K(2944064K), 0.0267230 secs]
[GC 272265K->13382K(2944064K), 0.0281090 secs]
[GC 269446K->12561K(2944064K), 0.0267450 secs]
[GC 268625K->14090K(2944064K), 0.0271690 secs]
[GC 270154K->18546K(2944064K), 0.0289210 secs]
[GC 274610K->17098K(2944064K), 0.0295110 secs]
[GC 273162K->22101K(2944064K), 0.0300430 secs]
[GC 278165K->16617K(2944064K), 0.0282250 secs]
[GC 272681K->13835K(2944064K), 0.0261990 secs]
[GC 269899K->12615K(2944064K), 0.0273200 secs]
[GC 268679K->13437K(2944064K), 0.0286550 secs]
[GC 269501K->18051K(2944064K), 0.0278830 secs]
[GC 274115K->14868K(2944064K), 0.0293930 secs]
[GC 270932K->14090K(2944064K), 0.0259740 secs]
[GC 270154K->14526K(2944064K), 0.0234730 secs]
[GC 270590K->18334K(2944064K), 0.0274130 secs]
[GC 274398K->16253K(2944064K), 0.0262240 secs]
 INFO  [Stressor-3] {org.radargun.stressors.StressTestStressor} Number of ops executed so far: 1514205. Elapsed time: 40.037 secs. Remaining: 19.963 secs. Total: 1 mins 0 secs
[GC 272317K->17712K(2944064K), 0.0275250 secs]
[GC 273776K->16035K(2944064K), 0.0244390 secs]
[GC 272099K->15520K(2944064K), 0.0258410 secs]
[GC 271584K->17914K(2944064K), 0.0268790 secs]
[GC 273978K->22443K(2944064K), 0.0291880 secs]
[GC 278507K->17092K(2944064K), 0.0281340 secs]
[GC 273156K->13705K(2944064K), 0.0252720 secs]
[GC 269769K->16758K(2944064K), 0.0248390 secs]
[GC 272822K->16966K(2944064K), 0.0279700 secs]
[GC 273030K->17730K(2944064K), 0.0275110 secs]
[GC 273794K->16455K(2944064K), 0.0266930 secs]
[GC 272519K->15024K(2944064K), 0.0271060 secs]
[GC 271088K->15036K(2944064K), 0.0288130 secs]
[GC 271100K->15395K(2944064K), 0.0255970 secs]
[GC 271459K->17370K(2944064K), 0.0257310 secs]
[GC 273434K->13672K(2944064K), 0.0261540 secs]
[GC 269736K->16409K(2944064K), 0.0286210 secs]
[GC 272473K->15222K(2944064K), 0.0273700 secs]
[GC 271286K->13193K(2944064K), 0.0288290 secs]
[GC 269257K->15418K(2944064K), 0.0290470 secs]
[GC 271482K->17572K(2944064K), 0.0275210 secs]
[GC 273636K->15747K(2944064K), 0.0291610 secs]
[GC 271811K->16579K(2944064K), 0.0292500 secs]
[GC 272643K->21047K(2944064K), 0.0285340 secs]
[GC 277111K->23607K(2944064K), 0.0294350 secs]
[GC 279661K->20057K(2944064K), 0.0273550 secs]
[GC 276121K->14175K(2944064K), 0.0267800 secs]
[GC 270239K->16478K(2944064K), 0.0276010 secs]
 INFO  [pool-1-thread-1] {org.radargun.stressors.StressTestStressor} Finished generating report. Test duration is: 1 mins 0 secs
 INFO  [pool-1-thread-1] {org.radargun.stages.StressTestWarmupStage} The warmup took: 60 seconds.
 INFO  [pool-1-thread-1] {org.radargun.Slave} Finished stage: StressTestWarmup {bulkSize=1, cacheSpecificKeyGenerator=false, commitTransactions=true, duration=1 mins 0 secs, entrySize=1000, exitBenchmarkOnSlaveFailure=false, fixedKeys=true, generateHistogramRange=false, keyGeneratorClass=org.radargun.stressors.StringKeyGenerator, keyGeneratorParam=null, loadAllKeys=false, numEntries=100, numOfThreads=4, numRequests=10000, numThreads=4, numberOfAttributes=100, numberOfRequests=10000, opsCountStatusLog=100000, poolKeys=true, preferAsyncOperations=false, removePercentage=0, replaceInvalidPercentage=40, runOnAllSlaves=false, sharedKeys=false, sizeOfAnAttribute=1000, slaves=null, transactionSize=50, useAtomics=false, useHistogramStatistics=false, useSimpleStatistics=true, useSmartClassLoading=true, useTransactions=null, writePercentage=20, writeTxPercentage=20 }
 INFO  [main] {org.radargun.Slave} Ack successfully sent to the master
 INFO  [pool-1-thread-1] {org.radargun.Slave} Executing stage: ClearClusterStage {ClearCluster {exitBenchmarkOnSlaveFailure=false, runOnAllSlaves=false, slaves=[ 0 ], useSmartClassLoading=true }
 INFO  [pool-1-thread-1] {org.radargun.stages.ClearClusterStage} Before executing clear, memory looks like this: Memory - free: 2,882,201 kb - max:4,906,688 kb- total:2,944,064 kb
[Full GC 61862K->7298K(2944064K), 0.1515610 secs]
 INFO  [pool-1-thread-1] {org.radargun.stages.ClearClusterStage} After executing cleanup, memory looks like this: Memory - free: 2,935,110 kb - max:4,906,688 kb- total:2,944,320 kb
 INFO  [pool-1-thread-1] {org.radargun.Slave} Finished stage: ClearClusterStage {ClearCluster {exitBenchmarkOnSlaveFailure=false, runOnAllSlaves=false, slaves=[ 0 ], useSmartClassLoading=true }
 INFO  [main] {org.radargun.Slave} Ack successfully sent to the master
 INFO  [pool-1-thread-1] {org.radargun.Slave} Executing stage: StressTest {bulkSize=1, cacheSpecificKeyGenerator=false, commitTransactions=true, duration=1 mins 0 secs, entrySize=1000, exitBenchmarkOnSlaveFailure=false, fixedKeys=true, generateHistogramRange=false, keyGeneratorClass=org.radargun.stressors.StringKeyGenerator, keyGeneratorParam=null, loadAllKeys=false, numEntries=10000, numOfThreads=4, numRequests=10000000, numThreads=4, numberOfAttributes=10000, numberOfRequests=10000000, opsCountStatusLog=500000, poolKeys=true, preferAsyncOperations=false, removePercentage=0, replaceInvalidPercentage=40, runOnAllSlaves=false, sharedKeys=false, sizeOfAnAttribute=1000, slaves=null, transactionSize=10000, useAtomics=false, useHistogramStatistics=false, useSimpleStatistics=true, useSmartClassLoading=true, useTransactions=true, writePercentage=10, writeTxPercentage=5 }
 INFO  [pool-1-thread-1] {org.radargun.stages.StressTestStage} Starting StressTestStage: StressTest {bulkSize=1, cacheSpecificKeyGenerator=false, commitTransactions=true, duration=1 mins 0 secs, entrySize=1000, exitBenchmarkOnSlaveFailure=false, fixedKeys=true, generateHistogramRange=false, keyGeneratorClass=org.radargun.stressors.StringKeyGenerator, keyGeneratorParam=null, loadAllKeys=false, numEntries=10000, numOfThreads=4, numRequests=10000000, numThreads=4, numberOfAttributes=10000, numberOfRequests=10000000, opsCountStatusLog=500000, poolKeys=true, preferAsyncOperations=false, removePercentage=0, replaceInvalidPercentage=40, runOnAllSlaves=false, sharedKeys=false, sizeOfAnAttribute=1000, slaves=null, transactionSize=10000, useAtomics=false, useHistogramStatistics=false, useSimpleStatistics=true, useSmartClassLoading=true, useTransactions=true, writePercentage=10, writeTxPercentage=5 }
 INFO  [pool-1-thread-1] {org.radargun.stressors.StressTestStressor} Using key generator org.radargun.stressors.StringKeyGenerator, param null
 INFO  [pool-1-thread-1] {org.radargun.stressors.StressTestStressor} Executing: StressTestStressor{opsCountStatusLog=500000, numRequests=10000000, numEntries=10000, entrySize=1000, writePercentage=10, numThreads=4, cacheWrapper=org.radargun.cachewrappers.JBossCache3Wrapper@60833f5e, nodeIndex=1, useTransactions=true, transactionSize=10000, commitTransactions=true, durationMillis=60000}
 INFO  [pool-1-thread-1] {org.radargun.stressors.StressTestStressor} Cache wrapper info is: Num direct children: 30
[GC 263554K->21321K(2944320K), 0.0316870 secs]
[GC 277577K->35192K(2944320K), 0.0338730 secs]
[GC 291448K->50385K(2944320K), 0.0397590 secs]
[GC 306641K->56454K(2944320K), 0.0458310 secs]
[GC 312710K->79812K(2944320K), 0.0410280 secs]
[GC 336068K->84481K(2944320K), 0.0419700 secs]
[GC 340737K->95622K(2944320K), 0.0456580 secs]
[GC 351878K->107566K(2944320K), 0.0466980 secs]
[GC 363822K->115554K(2944320K), 0.0630340 secs]
[GC 371810K->124925K(2944320K), 0.0537570 secs]
[GC 381181K->118054K(2944320K), 0.0434340 secs]
[GC 374310K->122513K(2944320K), 0.0453490 secs]
[GC 378752K->137295K(2944320K), 0.0518260 secs]
[GC 393551K->142760K(2944320K), 0.0533200 secs]
[GC 399016K->139077K(2944320K), 0.0458530 secs]
[GC 395333K->166392K(2944320K), 0.0498680 secs]
[GC 422648K->140207K(2944320K), 0.0496690 secs]
[GC 396463K->173779K(2944320K), 0.0433560 secs]
[GC 430035K->155289K(2944320K), 0.0498620 secs]
[GC 411545K->176471K(2944320K), 0.0475470 secs]
[GC 432708K->182048K(2944320K), 0.0462530 secs]
[GC 438304K->179856K(2944320K), 0.0502640 secs]
[GC 436112K->185116K(2944320K), 0.0524210 secs]
[GC 441372K->189707K(2944320K), 0.0494570 secs]
[GC 445942K->177351K(2944320K), 0.0472980 secs]
[GC 433603K->207229K(2944320K), 0.0454750 secs]
[GC 463485K->181876K(2944320K), 0.0497570 secs]
[GC 438132K->193438K(2944320K), 0.0470550 secs]
[GC 449694K->214151K(2944320K), 0.0476590 secs]
[GC 470407K->191843K(2944320K), 0.0509870 secs]
[GC 448099K->228146K(2944320K), 0.0451930 secs]
[GC 484371K->199223K(2944320K), 0.0441130 secs]
[GC 455479K->222668K(2944320K), 0.0452120 secs]
[GC 478924K->217100K(2944320K), 0.0517820 secs]
[GC 473353K->236122K(2944320K), 0.0469500 secs]
[GC 492378K->201663K(2944320K), 0.0471400 secs]
[GC 457919K->218781K(2944320K), 0.0406680 secs]
[GC 475037K->226822K(2944320K), 0.0428050 secs]
[GC 483068K->228943K(2944320K), 0.0405790 secs]
[GC 485199K->243574K(2944320K), 0.0434120 secs]
[GC 499771K->221798K(2944320K), 0.0409840 secs]
[GC 478054K->230564K(2944320K), 0.0420710 secs]
[GC 486820K->238927K(2944320K), 0.0458650 secs]
[GC 495181K->231687K(2944320K), 0.0453700 secs]
[GC 487943K->234740K(2944320K), 0.0428710 secs]
[GC 490990K->250411K(2944320K), 0.0406050 secs]
[GC 506667K->253616K(2944320K), 0.0437420 secs]
[GC 509825K->256940K(2944320K), 0.0423680 secs]
[GC 513180K->271982K(2944320K), 0.0462300 secs]
[GC 528238K->250560K(2944320K), 0.0426100 secs]
[GC 506816K->270326K(2944320K), 0.0428240 secs]
[GC 526537K->280212K(2944320K), 0.0432320 secs]
[GC 536468K->259341K(2944320K), 0.0413050 secs]
[GC 515565K->280186K(2944320K), 0.0419940 secs]
[GC 536442K->277012K(2944320K), 0.0409970 secs]
[GC 533268K->293940K(2944320K), 0.0416310 secs]
[GC 550196K->272297K(2944320K), 0.0432210 secs]
[GC 528553K->281695K(2944320K), 0.0427470 secs]
[GC 537951K->290020K(2944320K), 0.0409620 secs]
[GC 546247K->294067K(2944320K), 0.0455790 secs]
[GC 550300K->310803K(2944320K), 0.0469930 secs]
 INFO  [pool-1-thread-1] {org.radargun.stressors.StressTestStressor} Started 4 stressor threads.
 INFO  [Stressor-2] {org.radargun.stressors.StressTestStressor} Number of ops executed so far: 1. Elapsed time: 0.000 secs. Remaining: 1 mins 0 secs. Total: 1 mins 0 secs
[GC 567059K->297255K(2944320K), 0.0451640 secs]
[GC 553511K->331976K(2944320K), 0.0591990 secs]
[GC 588232K->362276K(2944320K), 0.0618350 secs]
[GC 618502K->385990K(2944320K), 0.0688090 secs]
[GC 642246K->415952K(2944320K), 0.0763660 secs]
[GC 672208K->395286K(2944320K), 0.0521800 secs]
[GC 651519K->424297K(2944320K), 0.0635980 secs]
[GC 680531K->452606K(2944320K), 0.0572890 secs]
[GC 708809K->453723K(2944320K), 0.0678880 secs]
[GC 709979K->460869K(2944320K), 0.0467430 secs]
[GC 717125K->476816K(2944320K), 0.0649500 secs]
[GC 733072K->467465K(2944320K), 0.0456650 secs]
[GC 723676K->515167K(2944320K), 0.0572900 secs]
[GC 771374K->517502K(2944320K), 0.0692410 secs]
 INFO  [Stressor-0] {org.radargun.stressors.StressTestStressor} Number of ops executed so far: 1750000. Elapsed time: 20.754 secs. Remaining: 39.246 secs. Total: 1 mins 0 secs
[GC 773758K->505855K(2944320K), 0.0583320 secs]
[GC 762111K->532487K(2944320K), 0.0561620 secs]
[GC 788743K->580095K(2944320K), 0.0646660 secs]
[GC 836351K->598065K(2944320K), 0.0541830 secs]
[GC 854321K->585155K(2944320K), 0.0590190 secs]
[GC 841411K->592271K(2944320K), 0.0660560 secs]
[GC 848481K->625214K(2944320K), 0.0447920 secs]
[GC 881470K->645325K(2944320K), 0.0531750 secs]
[GC 901581K->641062K(2944320K), 0.0751040 secs]
[GC 897318K->671252K(2944320K), 0.0683320 secs]
 INFO  [Stressor-0] {org.radargun.stressors.StressTestStressor} Number of ops executed so far: 3200000. Elapsed time: 41.432 secs. Remaining: 18.568 secs. Total: 1 mins 0 secs
[GC 927508K->707544K(2944320K), 0.0551940 secs]
[GC 963800K->732193K(2944320K), 0.0646570 secs]
[GC 988449K->735600K(2944320K), 0.0568180 secs]
[GC 991856K->736414K(2944320K), 0.0686330 secs]
[GC 992670K->759460K(2944320K), 0.0560310 secs]
[GC 1015714K->800627K(2944320K), 0.0573140 secs]
[GC 1056883K->782791K(2944320K), 0.0557160 secs]
[GC 1039047K->813917K(2944320K), 0.0599820 secs]
[GC 1070173K->806438K(2944320K), 0.0668280 secs]
[GC 1062694K->812742K(2944320K), 0.0424490 secs]
[GC 1068957K->836564K(2944320K), 0.0400570 secs]
 INFO  [pool-1-thread-1] {org.radargun.stressors.StressTestStressor} Finished generating report. Test duration is: 1 mins 35 secs
 INFO  [pool-1-thread-1] {org.radargun.stages.StressTestStage} size info: Num direct children: 30, clusterSize:6, nodeIndex:1, cacheSize: -1
 INFO  [pool-1-thread-1] {org.radargun.Slave} Finished stage: StressTest {bulkSize=1, cacheSpecificKeyGenerator=false, commitTransactions=true, duration=1 mins 0 secs, entrySize=1000, exitBenchmarkOnSlaveFailure=false, fixedKeys=true, generateHistogramRange=false, keyGeneratorClass=org.radargun.stressors.StringKeyGenerator, keyGeneratorParam=null, loadAllKeys=false, numEntries=10000, numOfThreads=4, numRequests=10000000, numThreads=4, numberOfAttributes=10000, numberOfRequests=10000000, opsCountStatusLog=500000, poolKeys=true, preferAsyncOperations=false, removePercentage=0, replaceInvalidPercentage=40, runOnAllSlaves=false, sharedKeys=false, sizeOfAnAttribute=1000, slaves=null, transactionSize=10000, useAtomics=false, useHistogramStatistics=false, useSimpleStatistics=true, useSmartClassLoading=true, useTransactions=true, writePercentage=10, writeTxPercentage=5 }
 INFO  [main] {org.radargun.Slave} Ack successfully sent to the master
 INFO  [main] {org.radargun.Slave} Master shutdown!
 INFO  [Thread-0] {org.radargun.ShutDownHook} Slave process is being shutdown
