/usr/java/jdk1.7.0_21/bin/java -server -Xmx1024M -Xms1024M -Dresolve.dns=false -Djgroups.timer.num_threads=4 -verbose:gc -Xmx5000M -Xms3000M -server -XX:+UseConcMarkSweepGC -XX:+AggressiveOpts -verbose:gc -XX:ParallelGCThreads=4 -XX:NewRatio=5 -XX:SurvivorRatio=2 -Dhazelcast.operation.thread.count=4 -Djava.net.preferIPv4Stack=true -Dlog4j.file.prefix=deimos-esw-12386 -Dbind.address= -Djgroups.bind_addr= -classpath /home/smf/github/radargun/target/distribution/RadarGun-1.1.0-SNAPSHOT/lib/activation-1.1.jar:/home/smf/github/radargun/target/distribution/RadarGun-1.1.0-SNAPSHOT/lib/commons-beanutils-1.8.0.jar:/home/smf/github/radargun/target/distribution/RadarGun-1.1.0-SNAPSHOT/lib/commons-digester-2.0.jar:/home/smf/github/radargun/target/distribution/RadarGun-1.1.0-SNAPSHOT/lib/commons-logging-1.1.1.jar:/home/smf/github/radargun/target/distribution/RadarGun-1.1.0-SNAPSHOT/lib/commons-math-1.2.jar:/home/smf/github/radargun/target/distribution/RadarGun-1.1.0-SNAPSHOT/lib/jboss-transaction-api-1.0.1.GA.jar:/home/smf/github/radargun/target/distribution/RadarGun-1.1.0-SNAPSHOT/lib/jcommon-1.0.15.jar:/home/smf/github/radargun/target/distribution/RadarGun-1.1.0-SNAPSHOT/lib/jfreechart-1.0.12.jar:/home/smf/github/radargun/target/distribution/RadarGun-1.1.0-SNAPSHOT/lib/log4j-1.2.14.jar:/home/smf/github/radargun/target/distribution/RadarGun-1.1.0-SNAPSHOT/lib/mail-1.4.2.jar:/home/smf/github/radargun/target/distribution/RadarGun-1.1.0-SNAPSHOT/lib/radargun-framework-1.1.0-SNAPSHOT.jar:/home/smf/github/radargun/target/distribution/RadarGun-1.1.0-SNAPSHOT/conf org.radargun.Slave -master 127.0.0.1:2103
--------------------------------------------------------------------------------
PerNodeRollingFileAppender::Using file prefix:deimos-esw-12386
 INFO  [main] {org.radargun.Slave} Attempting to connect to master 127.0.0.1:2103
 INFO  [main] {org.radargun.Slave} Successfully established connection with master at: 127.0.0.1:2103
Loading JARS from /home/smf/github/radargun/target/distribution/RadarGun-1.1.0-SNAPSHOT/lib/radargun-framework-1.1.0-SNAPSHOT.jar
 INFO  [pool-1-thread-1] {org.radargun.config.AnnotatedHelper} Loading JARS from /home/smf/github/radargun/target/distribution/RadarGun-1.1.0-SNAPSHOT/lib/radargun-framework-1.1.0-SNAPSHOT.jar
 INFO  [pool-1-thread-1] {org.radargun.config.AnnotatedHelper} Loading JARS from /home/smf/github/radargun/target/distribution/RadarGun-1.1.0-SNAPSHOT/lib/radargun-framework-1.1.0-SNAPSHOT.jar
 INFO  [pool-1-thread-1] {org.radargun.Slave} Executing stage: DestroyWrapper {enforceMemoryThrashHold=true, exitBenchmarkOnSlaveFailure=false, heapDumpDir=null, memoryThreshold=95, runOnAllSlaves=true, slaves=null, useSmartClassLoading=true }
 INFO  [pool-1-thread-1] {org.radargun.stages.DestroyWrapperStage} Received destroy cache wrapper request from master...
 INFO  [pool-1-thread-1] {org.radargun.stages.DestroyWrapperStage} No cache wrapper deployed on this slave, nothing to do.
 INFO  [pool-1-thread-1] {org.radargun.stages.DestroyWrapperStage} Before executing clear, memory looks like this: Memory - free: 2,928,638 kb - max:4,906,688 kb- total:2,944,000 kb
[Full GC 15361K->3631K(2944000K), 0.0780070 secs]
 INFO  [pool-1-thread-1] {org.radargun.stages.DestroyWrapperStage} After executing cleanup, memory looks like this: Memory - free: 2,935,311 kb - max:4,906,688 kb- total:2,944,064 kb
 INFO  [pool-1-thread-1] {org.radargun.Slave} Finished stage: DestroyWrapper {enforceMemoryThrashHold=true, exitBenchmarkOnSlaveFailure=false, heapDumpDir=null, memoryThreshold=95, runOnAllSlaves=true, slaves=null, useSmartClassLoading=true }
 INFO  [main] {org.radargun.Slave} Ack successfully sent to the master
 INFO  [pool-1-thread-1] {org.radargun.Slave} Executing stage: StartCluster {config=mvcc/mvcc-repl-sync.xml, delayAfterFirstSlaveStarts=5.000 secs, delayBetweenStartingSlaves=0.500 secs, exitBenchmarkOnSlaveFailure=true, expectNumSlaves=null, mayFailOn=null, reachable=null, runOnAllSlaves=false, slaves=null, staggerSlaveStartup=true, useSmartClassLoading=true, validateCluster=true }
 INFO  [pool-1-thread-1] {org.radargun.stages.StartClusterStage}  Startup staggering, starting 8 slaves. This is the slave with index 2. Sleeping for 6000 millis.
 INFO  [pool-1-thread-1] {org.radargun.stages.StartClusterStage} Ack master's StartCluster stage. Local address is: /127.0.0.1. This slave's index is: 2
 INFO  [pool-1-thread-1] {org.radargun.utils.ClassLoadHelper} Creating newInstance org.radargun.cachewrappers.JBossCache3Wrapper with classloader java.net.URLClassLoader@640fa784
 INFO  [pool-1-thread-1] {org.radargun.cachewrappers.JBossCache3Wrapper} Creating cache with the following configuration: mvcc/mvcc-repl-sync.xml
 WARN  [pool-1-thread-1] {org.jboss.cache.transaction.GenericTransactionManagerLookup} Falling back to JBoss Cache's internal DummyTransactionManager
 WARN  [pool-1-thread-1] {org.jgroups.protocols.pbcast.STREAMING_STATE_TRANSFER} use_reading_thread has been deprecated and its value will be ignored

---------------------------------------------------------
GMS: address is 127.0.0.1:38482 (cluster=JBossCache-Cluster)
---------------------------------------------------------
 INFO  [pool-1-thread-1] {org.radargun.cachewrappers.JBossCache3Wrapper} Running cache with following config: org.jboss.cache.config.Configuration@9b410e9d
 INFO  [pool-1-thread-1] {org.radargun.cachewrappers.JBossCache3Wrapper} Running following JBossCacheVersion: 3.2.1.GA
 INFO  [pool-1-thread-1] {org.radargun.cachewrappers.JBossCache3Wrapper} Running following JBossCacheCodeName: Malagueta
 INFO  [pool-1-thread-1] {org.radargun.cachewrappers.JBossCache3Wrapper} JGroups version: 2.6.13.GA
 INFO  [pool-1-thread-1] {org.radargun.stages.helpers.StartHelper} Number of members=4 is not the one expected: 8
 INFO  [pool-1-thread-1] {org.radargun.stages.helpers.StartHelper} Number of members=5 is not the one expected: 8
 INFO  [pool-1-thread-1] {org.radargun.stages.helpers.StartHelper} Number of members=7 is not the one expected: 8
 INFO  [pool-1-thread-1] {org.radargun.stages.helpers.StartHelper} Number of members is the one expected: 8
 INFO  [pool-1-thread-1] {org.radargun.stages.StartClusterStage} Successfully started cache wrapper on slave 2: org.radargun.cachewrappers.JBossCache3Wrapper@1d1446b2
 INFO  [pool-1-thread-1] {org.radargun.Slave} Finished stage: StartCluster {config=mvcc/mvcc-repl-sync.xml, delayAfterFirstSlaveStarts=5.000 secs, delayBetweenStartingSlaves=0.500 secs, exitBenchmarkOnSlaveFailure=true, expectNumSlaves=null, mayFailOn=null, reachable=null, runOnAllSlaves=false, slaves=null, staggerSlaveStartup=true, useSmartClassLoading=true, validateCluster=true }
 INFO  [main] {org.radargun.Slave} Ack successfully sent to the master
 INFO  [pool-1-thread-1] {org.radargun.Slave} Executing stage: ClusterValidation {exitBenchmarkOnSlaveFailure=false, partialReplication=false, replicationTimeSleep=2000, replicationTryCount=60, runOnAllSlaves=false, slaves=null, useSmartClassLoading=true }
 INFO  [pool-1-thread-1] {org.radargun.stages.ClusterValidationStage} Number of caches that replicated here is 7
 INFO  [pool-1-thread-1] {org.radargun.stages.ClusterValidationStage} Replication test successfully passed. partialReplication? false, replicationCount = 7
 INFO  [pool-1-thread-1] {org.radargun.stages.ClusterValidationStage} Confirm phase successful.
 INFO  [pool-1-thread-1] {org.radargun.Slave} Finished stage: ClusterValidation {exitBenchmarkOnSlaveFailure=false, partialReplication=false, replicationTimeSleep=2000, replicationTryCount=60, runOnAllSlaves=false, slaves=[ 0, 1, 2, 3, 4, 5, 6, 7 ], useSmartClassLoading=true }
 INFO  [main] {org.radargun.Slave} Ack successfully sent to the master
 INFO  [pool-1-thread-1] {org.radargun.Slave} Executing stage: StressTestWarmup {bulkSize=1, cacheSpecificKeyGenerator=false, commitTransactions=true, duration=1 mins 0 secs, entrySize=1000, exitBenchmarkOnSlaveFailure=false, fixedKeys=true, generateHistogramRange=false, keyGeneratorClass=org.radargun.stressors.StringKeyGenerator, keyGeneratorParam=null, loadAllKeys=false, numEntries=100, numOfThreads=4, numRequests=10000, numThreads=4, numberOfAttributes=100, numberOfRequests=10000, opsCountStatusLog=100000, poolKeys=true, preferAsyncOperations=false, removePercentage=0, replaceInvalidPercentage=40, runOnAllSlaves=false, sharedKeys=false, sizeOfAnAttribute=1000, slaves=null, transactionSize=50, useAtomics=false, useHistogramStatistics=false, useSimpleStatistics=true, useSmartClassLoading=true, useTransactions=null, writePercentage=20, writeTxPercentage=20 }
 INFO  [pool-1-thread-1] {org.radargun.stages.StressTestWarmupStage} Starting StressTestWarmupStage: StressTestWarmup {bulkSize=1, cacheSpecificKeyGenerator=false, commitTransactions=true, duration=1 mins 0 secs, entrySize=1000, exitBenchmarkOnSlaveFailure=false, fixedKeys=true, generateHistogramRange=false, keyGeneratorClass=org.radargun.stressors.StringKeyGenerator, keyGeneratorParam=null, loadAllKeys=false, numEntries=100, numOfThreads=4, numRequests=10000, numThreads=4, numberOfAttributes=100, numberOfRequests=10000, opsCountStatusLog=100000, poolKeys=true, preferAsyncOperations=false, removePercentage=0, replaceInvalidPercentage=40, runOnAllSlaves=false, sharedKeys=false, sizeOfAnAttribute=1000, slaves=null, transactionSize=50, useAtomics=false, useHistogramStatistics=false, useSimpleStatistics=true, useSmartClassLoading=true, useTransactions=null, writePercentage=20, writeTxPercentage=20 }
 INFO  [pool-1-thread-1] {org.radargun.stressors.StressTestStressor} Using key generator org.radargun.stressors.StringKeyGenerator, param null
 INFO  [pool-1-thread-1] {org.radargun.stressors.StressTestStressor} Executing: StressTestStressor{opsCountStatusLog=100000, numRequests=10000, numEntries=100, entrySize=1000, writePercentage=20, numThreads=4, cacheWrapper=org.radargun.cachewrappers.JBossCache3Wrapper@1d1446b2, nodeIndex=2, useTransactions=true, transactionSize=50, commitTransactions=true, durationMillis=60000}
 INFO  [pool-1-thread-1] {org.radargun.stressors.StressTestStressor} Cache wrapper info is: Num direct children: 8
 INFO  [pool-1-thread-1] {org.radargun.stressors.StressTestStressor} Started 4 stressor threads.
 INFO  [Stressor-1] {org.radargun.stressors.StressTestStressor} Number of ops executed so far: 1. Elapsed time: 0.007 secs. Remaining: 59.993 secs. Total: 1 mins 0 secs
[GC 259695K->12841K(2944064K), 0.0410940 secs]
[GC 268905K->12830K(2944064K), 0.0263280 secs]
[GC 268894K->14848K(2944064K), 0.0257610 secs]
[GC 270912K->15879K(2944064K), 0.0250540 secs]
[GC 271943K->16716K(2944064K), 0.0274000 secs]
[GC 272780K->16113K(2944064K), 0.0329160 secs]
[GC 272177K->15984K(2944064K), 0.0315030 secs]
[GC 272048K->14534K(2944064K), 0.0353980 secs]
[GC 270598K->19427K(2944064K), 0.0312630 secs]
[GC 275491K->16249K(2944064K), 0.0283880 secs]
[GC 272313K->12829K(2944064K), 0.0306360 secs]
[GC 268893K->13355K(2944064K), 0.0333220 secs]
[GC 269415K->13813K(2944064K), 0.0279420 secs]
[GC 269877K->16810K(2944064K), 0.0305970 secs]
[GC 272874K->15241K(2944064K), 0.0341500 secs]
[GC 271305K->19384K(2944064K), 0.0531070 secs]
[GC 275448K->16005K(2944064K), 0.0289410 secs]
[GC 272069K->14553K(2944064K), 0.0272620 secs]
[GC 270617K->15000K(2944064K), 0.0240620 secs]
[GC 271063K->17748K(2944064K), 0.0308560 secs]
[GC 273812K->15767K(2944064K), 0.0279960 secs]
 INFO  [Stressor-1] {org.radargun.stressors.StressTestStressor} Number of ops executed so far: 397800. Elapsed time: 20.577 secs. Remaining: 39.423 secs. Total: 1 mins 0 secs
[GC 271831K->15987K(2944064K), 0.0272460 secs]
[GC 272049K->13942K(2944064K), 0.0298610 secs]
[GC 270006K->15362K(2944064K), 0.0244770 secs]
[GC 271426K->17431K(2944064K), 0.0267720 secs]
[GC 273495K->14842K(2944064K), 0.0261120 secs]
[GC 270906K->16345K(2944064K), 0.0266610 secs]
[GC 272409K->13762K(2944064K), 0.0266460 secs]
[GC 269826K->17118K(2944064K), 0.0273210 secs]
[GC 273176K->17907K(2944064K), 0.0270580 secs]
[GC 273971K->15346K(2944064K), 0.0247420 secs]
[GC 271410K->14990K(2944064K), 0.0282930 secs]
[GC 271054K->17183K(2944064K), 0.0292490 secs]
[GC 273247K->17699K(2944064K), 0.0279950 secs]
[GC 273763K->13844K(2944064K), 0.0244140 secs]
[GC 269908K->13896K(2944064K), 0.0271970 secs]
[GC 269960K->16018K(2944064K), 0.0294900 secs]
[GC 272082K->14250K(2944064K), 0.0272330 secs]
[GC 270314K->16407K(2944064K), 0.0297190 secs]
[GC 272471K->16573K(2944064K), 0.0268780 secs]
[GC 272637K->13162K(2944064K), 0.0263780 secs]
[GC 269226K->14049K(2944064K), 0.0278290 secs]
[GC 270113K->16976K(2944064K), 0.0287750 secs]
[GC 273040K->15975K(2944064K), 0.0259860 secs]
[GC 272039K->19221K(2944064K), 0.0288230 secs]
[GC 275285K->22562K(2944064K), 0.0300410 secs]
 INFO  [Stressor-3] {org.radargun.stressors.StressTestStressor} Number of ops executed so far: 993305. Elapsed time: 40.577 secs. Remaining: 19.423 secs. Total: 1 mins 0 secs
[GC 278626K->16931K(2944064K), 0.0280170 secs]
[GC 272995K->14248K(2944064K), 0.0293190 secs]
[GC 270312K->16004K(2944064K), 0.0249150 secs]
[GC 272068K->17960K(2944064K), 0.0283870 secs]
[GC 274024K->14592K(2944064K), 0.0284580 secs]
[GC 270656K->17856K(2944064K), 0.0313750 secs]
[GC 273920K->18421K(2944064K), 0.0294200 secs]
[GC 274485K->15042K(2944064K), 0.0300580 secs]
[GC 271106K->13762K(2944064K), 0.0280770 secs]
[GC 269826K->15866K(2944064K), 0.0221070 secs]
[GC 271930K->14117K(2944064K), 0.0263210 secs]
[GC 270181K->16350K(2944064K), 0.0298560 secs]
[GC 272414K->15721K(2944064K), 0.0285750 secs]
[GC 271785K->14923K(2944064K), 0.0275510 secs]
[GC 270987K->14357K(2944064K), 0.0276160 secs]
[GC 270421K->14704K(2944064K), 0.0287350 secs]
[GC 270768K->15212K(2944064K), 0.0288600 secs]
[GC 271276K->17317K(2944064K), 0.0252880 secs]
[GC 273381K->15221K(2944064K), 0.0288160 secs]
[GC 271281K->16651K(2944064K), 0.0259700 secs]
[GC 272715K->14795K(2944064K), 0.0274570 secs]
[GC 270859K->15679K(2944064K), 0.0271670 secs]
[GC 271743K->15165K(2944064K), 0.0305030 secs]
[GC 271229K->20904K(2944064K), 0.0306440 secs]
 INFO  [pool-1-thread-1] {org.radargun.stressors.StressTestStressor} Finished generating report. Test duration is: 1 mins 1 secs
 INFO  [pool-1-thread-1] {org.radargun.stages.StressTestWarmupStage} The warmup took: 61 seconds.
 INFO  [pool-1-thread-1] {org.radargun.Slave} Finished stage: StressTestWarmup {bulkSize=1, cacheSpecificKeyGenerator=false, commitTransactions=true, duration=1 mins 0 secs, entrySize=1000, exitBenchmarkOnSlaveFailure=false, fixedKeys=true, generateHistogramRange=false, keyGeneratorClass=org.radargun.stressors.StringKeyGenerator, keyGeneratorParam=null, loadAllKeys=false, numEntries=100, numOfThreads=4, numRequests=10000, numThreads=4, numberOfAttributes=100, numberOfRequests=10000, opsCountStatusLog=100000, poolKeys=true, preferAsyncOperations=false, removePercentage=0, replaceInvalidPercentage=40, runOnAllSlaves=false, sharedKeys=false, sizeOfAnAttribute=1000, slaves=null, transactionSize=50, useAtomics=false, useHistogramStatistics=false, useSimpleStatistics=true, useSmartClassLoading=true, useTransactions=null, writePercentage=20, writeTxPercentage=20 }
 INFO  [main] {org.radargun.Slave} Ack successfully sent to the master
 INFO  [pool-1-thread-1] {org.radargun.Slave} Executing stage: ClearClusterStage {ClearCluster {exitBenchmarkOnSlaveFailure=false, runOnAllSlaves=false, slaves=[ 0 ], useSmartClassLoading=true }
 INFO  [pool-1-thread-1] {org.radargun.stages.ClearClusterStage} Before executing clear, memory looks like this: Memory - free: 2,877,938 kb - max:4,906,688 kb- total:2,944,064 kb
[Full GC 66125K->8091K(2944064K), 0.1608210 secs]
 INFO  [pool-1-thread-1] {org.radargun.stages.ClearClusterStage} After executing cleanup, memory looks like this: Memory - free: 2,933,357 kb - max:4,906,688 kb- total:2,944,320 kb
 INFO  [pool-1-thread-1] {org.radargun.Slave} Finished stage: ClearClusterStage {ClearCluster {exitBenchmarkOnSlaveFailure=false, runOnAllSlaves=false, slaves=[ 0 ], useSmartClassLoading=true }
 INFO  [main] {org.radargun.Slave} Ack successfully sent to the master
 INFO  [pool-1-thread-1] {org.radargun.Slave} Executing stage: StressTest {bulkSize=1, cacheSpecificKeyGenerator=false, commitTransactions=true, duration=1 mins 0 secs, entrySize=1000, exitBenchmarkOnSlaveFailure=false, fixedKeys=true, generateHistogramRange=false, keyGeneratorClass=org.radargun.stressors.StringKeyGenerator, keyGeneratorParam=null, loadAllKeys=false, numEntries=10000, numOfThreads=4, numRequests=10000000, numThreads=4, numberOfAttributes=10000, numberOfRequests=10000000, opsCountStatusLog=500000, poolKeys=true, preferAsyncOperations=false, removePercentage=0, replaceInvalidPercentage=40, runOnAllSlaves=false, sharedKeys=false, sizeOfAnAttribute=1000, slaves=null, transactionSize=10000, useAtomics=false, useHistogramStatistics=false, useSimpleStatistics=true, useSmartClassLoading=true, useTransactions=true, writePercentage=10, writeTxPercentage=5 }
 INFO  [pool-1-thread-1] {org.radargun.stages.StressTestStage} Starting StressTestStage: StressTest {bulkSize=1, cacheSpecificKeyGenerator=false, commitTransactions=true, duration=1 mins 0 secs, entrySize=1000, exitBenchmarkOnSlaveFailure=false, fixedKeys=true, generateHistogramRange=false, keyGeneratorClass=org.radargun.stressors.StringKeyGenerator, keyGeneratorParam=null, loadAllKeys=false, numEntries=10000, numOfThreads=4, numRequests=10000000, numThreads=4, numberOfAttributes=10000, numberOfRequests=10000000, opsCountStatusLog=500000, poolKeys=true, preferAsyncOperations=false, removePercentage=0, replaceInvalidPercentage=40, runOnAllSlaves=false, sharedKeys=false, sizeOfAnAttribute=1000, slaves=null, transactionSize=10000, useAtomics=false, useHistogramStatistics=false, useSimpleStatistics=true, useSmartClassLoading=true, useTransactions=true, writePercentage=10, writeTxPercentage=5 }
 INFO  [pool-1-thread-1] {org.radargun.stressors.StressTestStressor} Using key generator org.radargun.stressors.StringKeyGenerator, param null
 INFO  [pool-1-thread-1] {org.radargun.stressors.StressTestStressor} Executing: StressTestStressor{opsCountStatusLog=500000, numRequests=10000000, numEntries=10000, entrySize=1000, writePercentage=10, numThreads=4, cacheWrapper=org.radargun.cachewrappers.JBossCache3Wrapper@1d1446b2, nodeIndex=2, useTransactions=true, transactionSize=10000, commitTransactions=true, durationMillis=60000}
 INFO  [pool-1-thread-1] {org.radargun.stressors.StressTestStressor} Cache wrapper info is: Num direct children: 40
[GC 264347K->24251K(2944320K), 0.0351530 secs]
[GC 280507K->36812K(2944320K), 0.0310780 secs]
[GC 293068K->52600K(2944320K), 0.0385030 secs]
[GC 308856K->64198K(2944320K), 0.0389960 secs]
[GC 320454K->80796K(2944320K), 0.0418760 secs]
[GC 337052K->97453K(2944320K), 0.0486120 secs]
[GC 353709K->113245K(2944320K), 0.0439990 secs]
[GC 369501K->89704K(2944320K), 0.0473230 secs]
[GC 345960K->110324K(2944320K), 0.0702530 secs]
[GC 366580K->124180K(2944320K), 0.0550210 secs]
[GC 380436K->121799K(2944320K), 0.0463830 secs]
[GC 378055K->137238K(2944320K), 0.0543190 secs]
[GC 393494K->145576K(2944320K), 0.0508790 secs]
[GC 401832K->157533K(2944320K), 0.0460960 secs]
[GC 413789K->154548K(2944320K), 0.0460270 secs]
[GC 410804K->158858K(2944320K), 0.0452760 secs]
[GC 415114K->156232K(2944320K), 0.0410290 secs]
[GC 412488K->151105K(2944320K), 0.0497160 secs]
[GC 407361K->173743K(2944320K), 0.0490650 secs]
[GC 429999K->171834K(2944320K), 0.0459500 secs]
[GC 428090K->183335K(2944320K), 0.0522500 secs]
[GC 439591K->172724K(2944320K), 0.0454080 secs]
[GC 428980K->193247K(2944320K), 0.0527240 secs]
[GC 449503K->190873K(2944320K), 0.0463220 secs]
[GC 447129K->202747K(2944320K), 0.0509540 secs]
[GC 459003K->223476K(2944320K), 0.0498430 secs]
[GC 479732K->194743K(2944320K), 0.0507340 secs]
[GC 450999K->222461K(2944320K), 0.0548760 secs]
[GC 478717K->218994K(2944320K), 0.0506560 secs]
[GC 475250K->225483K(2944320K), 0.0513600 secs]
[GC 481739K->231125K(2944320K), 0.0544050 secs]
[GC 487381K->236030K(2944320K), 0.0540670 secs]
[GC 492286K->240082K(2944320K), 0.0475650 secs]
[GC 496338K->238496K(2944320K), 0.0479890 secs]
[GC 494723K->229986K(2944320K), 0.0470650 secs]
[GC 486236K->233788K(2944320K), 0.0437880 secs]
[GC 490044K->247848K(2944320K), 0.0427960 secs]
[GC 504104K->255757K(2944320K), 0.0431160 secs]
[GC 511993K->259461K(2944320K), 0.0469790 secs]
[GC 515717K->262478K(2944320K), 0.0424900 secs]
[GC 518718K->264598K(2944320K), 0.0432830 secs]
[GC 520854K->251776K(2944320K), 0.0388500 secs]
[GC 508032K->268672K(2944320K), 0.0423260 secs]
[GC 524928K->257029K(2944320K), 0.0389220 secs]
[GC 513285K->259741K(2944320K), 0.0441200 secs]
[GC 515952K->275966K(2944320K), 0.0437260 secs]
[GC 532222K->264115K(2944320K), 0.0506900 secs]
[GC 520371K->278799K(2944320K), 0.0429750 secs]
[GC 535055K->281542K(2944320K), 0.0466580 secs]
[GC 537798K->284774K(2944320K), 0.0501040 secs]
[GC 540999K->287809K(2944320K), 0.0498930 secs]
[GC 544065K->303823K(2944320K), 0.0432950 secs]
[GC 560079K->281877K(2944320K), 0.0472030 secs]
[GC 538133K->301575K(2944320K), 0.0496500 secs]
[GC 557826K->310825K(2944320K), 0.0468090 secs]
[GC 567081K->298373K(2944320K), 0.0439830 secs]
[GC 554598K->310649K(2944320K), 0.0426010 secs]
[GC 566888K->307961K(2944320K), 0.0436010 secs]
[GC 564214K->325101K(2944320K), 0.0410050 secs]
[GC 581357K->303392K(2944320K), 0.0394560 secs]
[GC 559648K->312241K(2944320K), 0.0435800 secs]
[GC 568497K->320955K(2944320K), 0.0464720 secs]
[GC 577211K->312958K(2944320K), 0.0396370 secs]
[GC 569214K->328688K(2944320K), 0.0399100 secs]
[GC 584889K->319284K(2944320K), 0.0385070 secs]
[GC 575540K->334968K(2944320K), 0.0449170 secs]
[GC 591224K->338453K(2944320K), 0.0385270 secs]
[GC 594709K->341348K(2944320K), 0.0378200 secs]
[GC 597604K->344666K(2944320K), 0.0385880 secs]
[GC 600861K->335067K(2944320K), 0.0376530 secs]
[GC 591292K->350825K(2944320K), 0.0371270 secs]
[GC 607081K->354156K(2944320K), 0.0369560 secs]
[GC 610412K->357162K(2944320K), 0.0384900 secs]
[GC 613418K->347882K(2944320K), 0.0434830 secs]
[GC 604138K->363324K(2944320K), 0.0468280 secs]
[GC 619580K->366468K(2944320K), 0.0402660 secs]
[GC 622724K->369582K(2944320K), 0.0416510 secs]
[GC 625817K->360401K(2944320K), 0.0423350 secs]
[GC 616633K->376344K(2944320K), 0.0403060 secs]
[GC 632600K->391531K(2944320K), 0.0364940 secs]
[GC 647786K->370077K(2944320K), 0.0396610 secs]
[GC 626286K->401175K(2944320K), 0.0458290 secs]
[GC 656626K->434920K(2944320K), 0.0647510 secs]
 INFO  [pool-1-thread-1] {org.radargun.stressors.StressTestStressor} Started 4 stressor threads.
 INFO  [Stressor-2] {org.radargun.stressors.StressTestStressor} Number of ops executed so far: 1. Elapsed time: 0.001 secs. Remaining: 59.999 secs. Total: 1 mins 0 secs
[GC 691176K->467429K(2944320K), 0.0899080 secs]
[GC 723685K->476894K(2944320K), 0.0887420 secs]
[GC 733150K->473826K(2944320K), 0.0537990 secs]
[GC 730082K->505454K(2944320K), 0.0753490 secs]
[GC 761710K->533227K(2944320K), 0.0662540 secs]
[GC 789483K->574714K(2944320K), 0.0821440 secs]
[GC 830970K->557705K(2944320K), 0.0742270 secs]
[GC 813906K->609783K(2944320K), 0.0670630 secs]
[GC 864977K->597092K(2944320K), 0.0763260 secs]
[GC 853269K->626306K(2944320K), 0.0854470 secs]
[GC 882509K->663892K(2944320K), 0.0617550 secs]
[GC 920148K->656182K(2944320K), 0.0714630 secs]
[GC 912409K->691318K(2944320K), 0.0543560 secs]
 INFO  [Stressor-2] {org.radargun.stressors.StressTestStressor} Number of ops executed so far: 1660000. Elapsed time: 23.022 secs. Remaining: 36.978 secs. Total: 1 mins 0 secs
[GC 947564K->720438K(2944320K), 0.0745090 secs]
[GC 976653K->738169K(2944320K), 0.0745670 secs]
[GC 994425K->775835K(2944320K), 0.0835210 secs]
[GC 1032091K->791457K(2944320K), 0.0719040 secs]
[GC 1047713K->781810K(2944320K), 0.0738580 secs]
[GC 1038066K->801997K(2944320K), 0.0562430 secs]
[GC 1058253K->845587K(2944320K), 0.0687230 secs]
[GC 1101843K->852121K(2944320K), 0.0742630 secs]
[GC 1108377K->870163K(2944320K), 0.0662400 secs]
[GC 1126419K->890438K(2944320K), 0.0451510 secs]
[GC 1146694K->927317K(2944320K), 0.0713160 secs]
 INFO  [Stressor-0] {org.radargun.stressors.StressTestStressor} Number of ops executed so far: 3134257. Elapsed time: 43.022 secs. Remaining: 16.978 secs. Total: 1 mins 0 secs
[GC 1183573K->936645K(2944320K), 0.0667930 secs]
[GC 1192901K->955961K(2944320K), 0.0778220 secs]
[GC 1212217K->984950K(2944320K), 0.0657520 secs]
[GC 1241206K->1000792K(2944320K), 0.0830730 secs]
[GC 1257048K->1014918K(2944320K), 0.0745950 secs]
[GC 1271174K->1031402K(2944320K), 0.0574690 secs]
[GC 1287658K->1024481K(2944320K), 0.0443900 secs]
[GC 1280737K->1034801K(2944320K), 0.0479800 secs]
[GC 1291057K->1045518K(2944320K), 0.0385690 secs]
[GC 1301774K->1027248K(2944320K), 0.0420120 secs]
 INFO  [Stressor-2] {org.radargun.stressors.StressTestStressor} Number of ops executed so far: 4380000. Elapsed time: 1 mins 8 secs. Remaining: 0.000 secs. Total: 1 mins 0 secs
 INFO  [pool-1-thread-1] {org.radargun.stressors.StressTestStressor} Finished generating report. Test duration is: 2 mins 6 secs
 INFO  [pool-1-thread-1] {org.radargun.stages.StressTestStage} size info: Num direct children: 40, clusterSize:8, nodeIndex:2, cacheSize: -1
 INFO  [pool-1-thread-1] {org.radargun.Slave} Finished stage: StressTest {bulkSize=1, cacheSpecificKeyGenerator=false, commitTransactions=true, duration=1 mins 0 secs, entrySize=1000, exitBenchmarkOnSlaveFailure=false, fixedKeys=true, generateHistogramRange=false, keyGeneratorClass=org.radargun.stressors.StringKeyGenerator, keyGeneratorParam=null, loadAllKeys=false, numEntries=10000, numOfThreads=4, numRequests=10000000, numThreads=4, numberOfAttributes=10000, numberOfRequests=10000000, opsCountStatusLog=500000, poolKeys=true, preferAsyncOperations=false, removePercentage=0, replaceInvalidPercentage=40, runOnAllSlaves=false, sharedKeys=false, sizeOfAnAttribute=1000, slaves=null, transactionSize=10000, useAtomics=false, useHistogramStatistics=false, useSimpleStatistics=true, useSmartClassLoading=true, useTransactions=true, writePercentage=10, writeTxPercentage=5 }
 INFO  [main] {org.radargun.Slave} Ack successfully sent to the master
 INFO  [main] {org.radargun.Slave} Master shutdown!
 INFO  [Thread-0] {org.radargun.ShutDownHook} Slave process is being shutdown
