/usr/java/jdk1.7.0_21/bin/java -server -Xmx1024M -Xms1024M -Dresolve.dns=false -Djgroups.timer.num_threads=4 -verbose:gc -Xmx5000M -Xms3000M -server -XX:+UseConcMarkSweepGC -XX:+AggressiveOpts -verbose:gc -XX:ParallelGCThreads=4 -XX:NewRatio=5 -XX:SurvivorRatio=2 -Dhazelcast.operation.thread.count=4 -Djava.net.preferIPv4Stack=true -Dlog4j.file.prefix=deimos-esw-4054 -Dbind.address= -Djgroups.bind_addr= -classpath /home/smf/github/radargun/target/distribution/RadarGun-1.1.0-SNAPSHOT/lib/activation-1.1.jar:/home/smf/github/radargun/target/distribution/RadarGun-1.1.0-SNAPSHOT/lib/commons-beanutils-1.8.0.jar:/home/smf/github/radargun/target/distribution/RadarGun-1.1.0-SNAPSHOT/lib/commons-digester-2.0.jar:/home/smf/github/radargun/target/distribution/RadarGun-1.1.0-SNAPSHOT/lib/commons-logging-1.1.1.jar:/home/smf/github/radargun/target/distribution/RadarGun-1.1.0-SNAPSHOT/lib/commons-math-1.2.jar:/home/smf/github/radargun/target/distribution/RadarGun-1.1.0-SNAPSHOT/lib/jboss-transaction-api-1.0.1.GA.jar:/home/smf/github/radargun/target/distribution/RadarGun-1.1.0-SNAPSHOT/lib/jcommon-1.0.15.jar:/home/smf/github/radargun/target/distribution/RadarGun-1.1.0-SNAPSHOT/lib/jfreechart-1.0.12.jar:/home/smf/github/radargun/target/distribution/RadarGun-1.1.0-SNAPSHOT/lib/log4j-1.2.14.jar:/home/smf/github/radargun/target/distribution/RadarGun-1.1.0-SNAPSHOT/lib/mail-1.4.2.jar:/home/smf/github/radargun/target/distribution/RadarGun-1.1.0-SNAPSHOT/lib/radargun-framework-1.1.0-SNAPSHOT.jar:/home/smf/github/radargun/target/distribution/RadarGun-1.1.0-SNAPSHOT/conf org.radargun.Slave -master 127.0.0.1:2103
--------------------------------------------------------------------------------
PerNodeRollingFileAppender::Using file prefix:deimos-esw-4054
 INFO  [main] {org.radargun.Slave} Attempting to connect to master 127.0.0.1:2103
 INFO  [main] {org.radargun.Slave} Successfully established connection with master at: 127.0.0.1:2103
Loading JARS from /home/smf/github/radargun/target/distribution/RadarGun-1.1.0-SNAPSHOT/lib/radargun-framework-1.1.0-SNAPSHOT.jar
 INFO  [pool-1-thread-1] {org.radargun.config.AnnotatedHelper} Loading JARS from /home/smf/github/radargun/target/distribution/RadarGun-1.1.0-SNAPSHOT/lib/radargun-framework-1.1.0-SNAPSHOT.jar
 INFO  [pool-1-thread-1] {org.radargun.config.AnnotatedHelper} Loading JARS from /home/smf/github/radargun/target/distribution/RadarGun-1.1.0-SNAPSHOT/lib/radargun-framework-1.1.0-SNAPSHOT.jar
 INFO  [pool-1-thread-1] {org.radargun.Slave} Executing stage: DestroyWrapper {enforceMemoryThrashHold=true, exitBenchmarkOnSlaveFailure=false, heapDumpDir=null, memoryThreshold=95, runOnAllSlaves=true, slaves=null, useSmartClassLoading=true }
 INFO  [pool-1-thread-1] {org.radargun.stages.DestroyWrapperStage} Received destroy cache wrapper request from master...
 INFO  [pool-1-thread-1] {org.radargun.stages.DestroyWrapperStage} No cache wrapper deployed on this slave, nothing to do.
 INFO  [pool-1-thread-1] {org.radargun.stages.DestroyWrapperStage} Before executing clear, memory looks like this: Memory - free: 2,928,638 kb - max:4,906,688 kb- total:2,944,000 kb
[Full GC 15361K->3631K(2944000K), 0.0913560 secs]
 INFO  [pool-1-thread-1] {org.radargun.stages.DestroyWrapperStage} After executing cleanup, memory looks like this: Memory - free: 2,935,311 kb - max:4,906,688 kb- total:2,944,064 kb
 INFO  [pool-1-thread-1] {org.radargun.Slave} Finished stage: DestroyWrapper {enforceMemoryThrashHold=true, exitBenchmarkOnSlaveFailure=false, heapDumpDir=null, memoryThreshold=95, runOnAllSlaves=true, slaves=null, useSmartClassLoading=true }
 INFO  [main] {org.radargun.Slave} Ack successfully sent to the master
 INFO  [pool-1-thread-1] {org.radargun.Slave} Executing stage: StartCluster {config=mvcc/mvcc-repl-sync.xml, delayAfterFirstSlaveStarts=5.000 secs, delayBetweenStartingSlaves=0.500 secs, exitBenchmarkOnSlaveFailure=true, expectNumSlaves=null, mayFailOn=null, reachable=null, runOnAllSlaves=false, slaves=null, staggerSlaveStartup=true, useSmartClassLoading=true, validateCluster=true }
 INFO  [pool-1-thread-1] {org.radargun.stages.StartClusterStage} Startup staggering, number of slaves to start is 8 This is the slave with index 0, not sleeping
 INFO  [pool-1-thread-1] {org.radargun.stages.StartClusterStage} Ack master's StartCluster stage. Local address is: /127.0.0.1. This slave's index is: 0
 INFO  [pool-1-thread-1] {org.radargun.utils.ClassLoadHelper} Creating newInstance org.radargun.cachewrappers.JBossCache3Wrapper with classloader java.net.URLClassLoader@a2e02b2
 INFO  [pool-1-thread-1] {org.radargun.cachewrappers.JBossCache3Wrapper} Creating cache with the following configuration: mvcc/mvcc-repl-sync.xml
 WARN  [pool-1-thread-1] {org.jboss.cache.transaction.GenericTransactionManagerLookup} Falling back to JBoss Cache's internal DummyTransactionManager
 WARN  [pool-1-thread-1] {org.jgroups.protocols.pbcast.STREAMING_STATE_TRANSFER} use_reading_thread has been deprecated and its value will be ignored

---------------------------------------------------------
GMS: address is 127.0.0.1:53364 (cluster=JBossCache-Cluster)
---------------------------------------------------------
 INFO  [pool-1-thread-1] {org.radargun.cachewrappers.JBossCache3Wrapper} Running cache with following config: org.jboss.cache.config.Configuration@6b9d149b
 INFO  [pool-1-thread-1] {org.radargun.cachewrappers.JBossCache3Wrapper} Running following JBossCacheVersion: 3.2.1.GA
 INFO  [pool-1-thread-1] {org.radargun.cachewrappers.JBossCache3Wrapper} Running following JBossCacheCodeName: Malagueta
 INFO  [pool-1-thread-1] {org.radargun.cachewrappers.JBossCache3Wrapper} JGroups version: 2.6.13.GA
 INFO  [pool-1-thread-1] {org.radargun.stages.helpers.StartHelper} Number of members=1 is not the one expected: 8
 INFO  [pool-1-thread-1] {org.radargun.stages.helpers.StartHelper} Number of members=1 is not the one expected: 8
 INFO  [pool-1-thread-1] {org.radargun.stages.helpers.StartHelper} Number of members=4 is not the one expected: 8
 INFO  [pool-1-thread-1] {org.radargun.stages.helpers.StartHelper} Number of members=6 is not the one expected: 8
 INFO  [pool-1-thread-1] {org.radargun.stages.helpers.StartHelper} Number of members is the one expected: 8
 INFO  [pool-1-thread-1] {org.radargun.stages.StartClusterStage} Successfully started cache wrapper on slave 0: org.radargun.cachewrappers.JBossCache3Wrapper@47165281
 INFO  [pool-1-thread-1] {org.radargun.Slave} Finished stage: StartCluster {config=mvcc/mvcc-repl-sync.xml, delayAfterFirstSlaveStarts=5.000 secs, delayBetweenStartingSlaves=0.500 secs, exitBenchmarkOnSlaveFailure=true, expectNumSlaves=null, mayFailOn=null, reachable=null, runOnAllSlaves=false, slaves=null, staggerSlaveStartup=true, useSmartClassLoading=true, validateCluster=true }
 INFO  [main] {org.radargun.Slave} Ack successfully sent to the master
 INFO  [pool-1-thread-1] {org.radargun.Slave} Executing stage: ClusterValidation {exitBenchmarkOnSlaveFailure=false, partialReplication=false, replicationTimeSleep=2000, replicationTryCount=60, runOnAllSlaves=false, slaves=null, useSmartClassLoading=true }
 INFO  [pool-1-thread-1] {org.radargun.stages.ClusterValidationStage} Number of caches that replicated here is 7
 INFO  [pool-1-thread-1] {org.radargun.stages.ClusterValidationStage} Replication test successfully passed. partialReplication? false, replicationCount = 7
 INFO  [pool-1-thread-1] {org.radargun.stages.ClusterValidationStage} Confirm phase successful.
 INFO  [pool-1-thread-1] {org.radargun.Slave} Finished stage: ClusterValidation {exitBenchmarkOnSlaveFailure=false, partialReplication=false, replicationTimeSleep=2000, replicationTryCount=60, runOnAllSlaves=false, slaves=[ 0, 1, 2, 3, 4, 5, 6, 7 ], useSmartClassLoading=true }
 INFO  [main] {org.radargun.Slave} Ack successfully sent to the master
 INFO  [pool-1-thread-1] {org.radargun.Slave} Executing stage: StressTestWarmup {bulkSize=1, cacheSpecificKeyGenerator=false, commitTransactions=true, duration=1 mins 0 secs, entrySize=1000, exitBenchmarkOnSlaveFailure=false, fixedKeys=true, generateHistogramRange=false, keyGeneratorClass=org.radargun.stressors.StringKeyGenerator, keyGeneratorParam=null, loadAllKeys=false, numEntries=100, numOfThreads=4, numRequests=10000, numThreads=4, numberOfAttributes=100, numberOfRequests=10000, opsCountStatusLog=100000, poolKeys=true, preferAsyncOperations=false, removePercentage=0, replaceInvalidPercentage=40, runOnAllSlaves=false, sharedKeys=false, sizeOfAnAttribute=1000, slaves=null, transactionSize=50, useAtomics=false, useHistogramStatistics=false, useSimpleStatistics=true, useSmartClassLoading=true, useTransactions=null, writePercentage=20, writeTxPercentage=20 }
 INFO  [pool-1-thread-1] {org.radargun.stages.StressTestWarmupStage} Starting StressTestWarmupStage: StressTestWarmup {bulkSize=1, cacheSpecificKeyGenerator=false, commitTransactions=true, duration=1 mins 0 secs, entrySize=1000, exitBenchmarkOnSlaveFailure=false, fixedKeys=true, generateHistogramRange=false, keyGeneratorClass=org.radargun.stressors.StringKeyGenerator, keyGeneratorParam=null, loadAllKeys=false, numEntries=100, numOfThreads=4, numRequests=10000, numThreads=4, numberOfAttributes=100, numberOfRequests=10000, opsCountStatusLog=100000, poolKeys=true, preferAsyncOperations=false, removePercentage=0, replaceInvalidPercentage=40, runOnAllSlaves=false, sharedKeys=false, sizeOfAnAttribute=1000, slaves=null, transactionSize=50, useAtomics=false, useHistogramStatistics=false, useSimpleStatistics=true, useSmartClassLoading=true, useTransactions=null, writePercentage=20, writeTxPercentage=20 }
 INFO  [pool-1-thread-1] {org.radargun.stressors.StressTestStressor} Using key generator org.radargun.stressors.StringKeyGenerator, param null
 INFO  [pool-1-thread-1] {org.radargun.stressors.StressTestStressor} Executing: StressTestStressor{opsCountStatusLog=100000, numRequests=10000, numEntries=100, entrySize=1000, writePercentage=20, numThreads=4, cacheWrapper=org.radargun.cachewrappers.JBossCache3Wrapper@47165281, nodeIndex=0, useTransactions=true, transactionSize=50, commitTransactions=true, durationMillis=60000}
 INFO  [pool-1-thread-1] {org.radargun.stressors.StressTestStressor} Cache wrapper info is: Num direct children: 8
[GC 259695K->11153K(2944064K), 0.0365150 secs]
 INFO  [pool-1-thread-1] {org.radargun.stressors.StressTestStressor} Started 4 stressor threads.
 INFO  [Stressor-3] {org.radargun.stressors.StressTestStressor} Number of ops executed so far: 1. Elapsed time: 0.008 secs. Remaining: 59.992 secs. Total: 1 mins 0 secs
[GC 267217K->13955K(2944064K), 0.0298360 secs]
[GC 270019K->14308K(2944064K), 0.0263590 secs]
[GC 270372K->13048K(2944064K), 0.0293810 secs]
[GC 269112K->17855K(2944064K), 0.0313320 secs]
[GC 273919K->16274K(2944064K), 0.0263130 secs]
[GC 272338K->14361K(2944064K), 0.0290580 secs]
[GC 270425K->14619K(2944064K), 0.0344180 secs]
[GC 270683K->15950K(2944064K), 0.0279730 secs]
[GC 272014K->14256K(2944064K), 0.0315020 secs]
[GC 270320K->15170K(2944064K), 0.0286160 secs]
[GC 271234K->15947K(2944064K), 0.0241700 secs]
[GC 272011K->13910K(2944064K), 0.0273270 secs]
[GC 269974K->16413K(2944064K), 0.0309280 secs]
[GC 272477K->15493K(2944064K), 0.0329970 secs]
[GC 271557K->15800K(2944064K), 0.0521890 secs]
[GC 271864K->16147K(2944064K), 0.0284130 secs]
[GC 272195K->16662K(2944064K), 0.0283030 secs]
[GC 272726K->13976K(2944064K), 0.0236540 secs]
[GC 270040K->16885K(2944064K), 0.0263990 secs]
[GC 272949K->15286K(2944064K), 0.0267730 secs]
 INFO  [Stressor-2] {org.radargun.stressors.StressTestStressor} Number of ops executed so far: 449357. Elapsed time: 20.008 secs. Remaining: 39.992 secs. Total: 1 mins 0 secs
[GC 271350K->16646K(2944064K), 0.0309730 secs]
[GC 272710K->16720K(2944064K), 0.0275980 secs]
[GC 272784K->16344K(2944064K), 0.0234050 secs]
[GC 272408K->13550K(2944064K), 0.0282290 secs]
[GC 269614K->19051K(2944064K), 0.0298240 secs]
[GC 275115K->16954K(2944064K), 0.0270530 secs]
[GC 273018K->14259K(2944064K), 0.0239260 secs]
[GC 270323K->14744K(2944064K), 0.0250940 secs]
[GC 270808K->15670K(2944064K), 0.0231570 secs]
[GC 271734K->16349K(2944064K), 0.0273310 secs]
[GC 272413K->15677K(2944064K), 0.0235290 secs]
[GC 271741K->17098K(2944064K), 0.0272120 secs]
[GC 273162K->13837K(2944064K), 0.0254610 secs]
[GC 269901K->14452K(2944064K), 0.0221360 secs]
[GC 270516K->15685K(2944064K), 0.0256190 secs]
[GC 271749K->14776K(2944064K), 0.0251070 secs]
[GC 270840K->13552K(2944064K), 0.0239940 secs]
[GC 269616K->15750K(2944064K), 0.0253600 secs]
[GC 271814K->18198K(2944064K), 0.0272820 secs]
[GC 274262K->16678K(2944064K), 0.0236570 secs]
[GC 272742K->15835K(2944064K), 0.0271420 secs]
[GC 271899K->16414K(2944064K), 0.0278910 secs]
[GC 272478K->15099K(2944064K), 0.0288060 secs]
[GC 271163K->16148K(2944064K), 0.0260090 secs]
[GC 272212K->20357K(2944064K), 0.0307330 secs]
 INFO  [Stressor-2] {org.radargun.stressors.StressTestStressor} Number of ops executed so far: 1040012. Elapsed time: 40.008 secs. Remaining: 19.992 secs. Total: 1 mins 0 secs
[GC 276421K->22440K(2944064K), 0.0286570 secs]
[GC 278504K->19126K(2944064K), 0.0271660 secs]
[GC 275190K->13292K(2944064K), 0.0244690 secs]
[GC 269351K->15340K(2944064K), 0.0264300 secs]
[GC 270679K->16702K(2944064K), 0.0266710 secs]
[GC 272766K->14754K(2944064K), 0.0236080 secs]
[GC 270818K->14895K(2944064K), 0.0290560 secs]
[GC 270959K->16500K(2944064K), 0.0263310 secs]
[GC 272564K->14204K(2944064K), 0.0231120 secs]
[GC 270268K->13009K(2944064K), 0.0273370 secs]
[GC 269073K->14914K(2944064K), 0.0241050 secs]
[GC 270978K->15310K(2944064K), 0.0265290 secs]
[GC 271374K->14925K(2944064K), 0.0289830 secs]
[GC 270989K->13469K(2944064K), 0.0263690 secs]
[GC 269533K->13580K(2944064K), 0.0272480 secs]
[GC 269644K->16338K(2944064K), 0.0328370 secs]
[GC 272402K->15537K(2944064K), 0.0259550 secs]
[GC 271601K->14925K(2944064K), 0.0270010 secs]
[GC 270989K->13980K(2944064K), 0.0245330 secs]
[GC 270044K->15415K(2944064K), 0.0265180 secs]
[GC 271479K->15504K(2944064K), 0.0227200 secs]
[GC 271568K->13618K(2944064K), 0.0264230 secs]
[GC 269677K->15181K(2944064K), 0.0219000 secs]
[GC 271245K->18226K(2944064K), 0.0315580 secs]
 INFO  [pool-1-thread-1] {org.radargun.stressors.StressTestStressor} Finished generating report. Test duration is: 1 mins 1 secs
 INFO  [pool-1-thread-1] {org.radargun.stages.StressTestWarmupStage} The warmup took: 61 seconds.
 INFO  [pool-1-thread-1] {org.radargun.Slave} Finished stage: StressTestWarmup {bulkSize=1, cacheSpecificKeyGenerator=false, commitTransactions=true, duration=1 mins 0 secs, entrySize=1000, exitBenchmarkOnSlaveFailure=false, fixedKeys=true, generateHistogramRange=false, keyGeneratorClass=org.radargun.stressors.StringKeyGenerator, keyGeneratorParam=null, loadAllKeys=false, numEntries=100, numOfThreads=4, numRequests=10000, numThreads=4, numberOfAttributes=100, numberOfRequests=10000, opsCountStatusLog=100000, poolKeys=true, preferAsyncOperations=false, removePercentage=0, replaceInvalidPercentage=40, runOnAllSlaves=false, sharedKeys=false, sizeOfAnAttribute=1000, slaves=null, transactionSize=50, useAtomics=false, useHistogramStatistics=false, useSimpleStatistics=true, useSmartClassLoading=true, useTransactions=null, writePercentage=20, writeTxPercentage=20 }
 INFO  [main] {org.radargun.Slave} Ack successfully sent to the master
 INFO  [pool-1-thread-1] {org.radargun.Slave} Executing stage: ClearClusterStage {ClearCluster {exitBenchmarkOnSlaveFailure=false, runOnAllSlaves=false, slaves=[ 0 ], useSmartClassLoading=true }
 INFO  [pool-1-thread-1] {org.radargun.stages.ClearClusterStage} Before executing clear, memory looks like this: Memory - free: 2,870,644 kb - max:4,906,688 kb- total:2,944,064 kb
[Full GC 73660K->8089K(2944064K), 0.1393310 secs]
 INFO  [pool-1-thread-1] {org.radargun.stages.ClearClusterStage} After executing cleanup, memory looks like this: Memory - free: 2,934,342 kb - max:4,906,688 kb- total:2,944,320 kb
 INFO  [pool-1-thread-1] {org.radargun.Slave} Finished stage: ClearClusterStage {ClearCluster {exitBenchmarkOnSlaveFailure=false, runOnAllSlaves=false, slaves=[ 0 ], useSmartClassLoading=true }
 INFO  [main] {org.radargun.Slave} Ack successfully sent to the master
 INFO  [pool-1-thread-1] {org.radargun.Slave} Executing stage: StressTest {bulkSize=1, cacheSpecificKeyGenerator=false, commitTransactions=true, duration=1 mins 0 secs, entrySize=1000, exitBenchmarkOnSlaveFailure=false, fixedKeys=true, generateHistogramRange=false, keyGeneratorClass=org.radargun.stressors.StringKeyGenerator, keyGeneratorParam=null, loadAllKeys=false, numEntries=10000, numOfThreads=4, numRequests=10000000, numThreads=4, numberOfAttributes=10000, numberOfRequests=10000000, opsCountStatusLog=500000, poolKeys=true, preferAsyncOperations=false, removePercentage=0, replaceInvalidPercentage=40, runOnAllSlaves=false, sharedKeys=false, sizeOfAnAttribute=1000, slaves=null, transactionSize=10000, useAtomics=false, useHistogramStatistics=false, useSimpleStatistics=true, useSmartClassLoading=true, useTransactions=true, writePercentage=10, writeTxPercentage=5 }
 INFO  [pool-1-thread-1] {org.radargun.stages.StressTestStage} Starting StressTestStage: StressTest {bulkSize=1, cacheSpecificKeyGenerator=false, commitTransactions=true, duration=1 mins 0 secs, entrySize=1000, exitBenchmarkOnSlaveFailure=false, fixedKeys=true, generateHistogramRange=false, keyGeneratorClass=org.radargun.stressors.StringKeyGenerator, keyGeneratorParam=null, loadAllKeys=false, numEntries=10000, numOfThreads=4, numRequests=10000000, numThreads=4, numberOfAttributes=10000, numberOfRequests=10000000, opsCountStatusLog=500000, poolKeys=true, preferAsyncOperations=false, removePercentage=0, replaceInvalidPercentage=40, runOnAllSlaves=false, sharedKeys=false, sizeOfAnAttribute=1000, slaves=null, transactionSize=10000, useAtomics=false, useHistogramStatistics=false, useSimpleStatistics=true, useSmartClassLoading=true, useTransactions=true, writePercentage=10, writeTxPercentage=5 }
 INFO  [pool-1-thread-1] {org.radargun.stressors.StressTestStressor} Using key generator org.radargun.stressors.StringKeyGenerator, param null
 INFO  [pool-1-thread-1] {org.radargun.stressors.StressTestStressor} Executing: StressTestStressor{opsCountStatusLog=500000, numRequests=10000000, numEntries=10000, entrySize=1000, writePercentage=10, numThreads=4, cacheWrapper=org.radargun.cachewrappers.JBossCache3Wrapper@47165281, nodeIndex=0, useTransactions=true, transactionSize=10000, commitTransactions=true, durationMillis=60000}
 INFO  [pool-1-thread-1] {org.radargun.stressors.StressTestStressor} Cache wrapper info is: Num direct children: 40
[GC 264345K->25155K(2944320K), 0.0389120 secs]
[GC 281411K->37218K(2944320K), 0.0374020 secs]
[GC 293474K->51557K(2944320K), 0.0425230 secs]
[GC 307813K->63697K(2944320K), 0.0400620 secs]
[GC 319953K->80830K(2944320K), 0.0429110 secs]
[GC 337086K->97384K(2944320K), 0.0457930 secs]
[GC 353640K->100112K(2944320K), 0.0518330 secs]
[GC 356368K->111978K(2944320K), 0.0541590 secs]
[GC 368234K->102189K(2944320K), 0.0753650 secs]
[GC 358445K->126483K(2944320K), 0.0464770 secs]
[GC 382739K->122244K(2944320K), 0.0451590 secs]
[GC 378500K->137256K(2944320K), 0.0495900 secs]
[GC 393512K->145600K(2944320K), 0.0513160 secs]
[GC 401856K->141581K(2944320K), 0.0463240 secs]
[GC 397837K->138071K(2944320K), 0.0636860 secs]
[GC 394327K->158852K(2944320K), 0.0552900 secs]
[GC 415085K->156061K(2944320K), 0.0470920 secs]
[GC 412317K->167528K(2944320K), 0.0601260 secs]
[GC 423784K->157249K(2944320K), 0.0666210 secs]
[GC 413505K->187802K(2944320K), 0.0554760 secs]
[GC 444058K->166417K(2944320K), 0.0528600 secs]
[GC 422673K->172775K(2944320K), 0.0500400 secs]
[GC 429022K->177473K(2944320K), 0.0477700 secs]
[GC 433729K->206465K(2944320K), 0.0468960 secs]
[GC 462721K->185760K(2944320K), 0.0470170 secs]
[GC 442016K->190124K(2944320K), 0.0500590 secs]
[GC 446380K->227665K(2944320K), 0.0495730 secs]
[GC 483921K->210235K(2944320K), 0.0507720 secs]
[GC 466491K->226606K(2944320K), 0.0466270 secs]
[GC 482862K->207533K(2944320K), 0.0452310 secs]
[GC 463789K->247091K(2944320K), 0.0467260 secs]
[GC 503315K->219371K(2944320K), 0.0524420 secs]
[GC 475627K->230547K(2944320K), 0.0459630 secs]
[GC 486743K->235906K(2944320K), 0.0458620 secs]
[GC 492162K->245820K(2944320K), 0.0503400 secs]
[GC 502064K->249989K(2944320K), 0.0499780 secs]
[GC 506215K->263651K(2944320K), 0.0470920 secs]
[GC 519828K->238496K(2944320K), 0.0509100 secs]
[GC 494752K->235261K(2944320K), 0.0488840 secs]
[GC 491517K->259845K(2944320K), 0.0525990 secs]
[GC 516101K->263808K(2944320K), 0.0527290 secs]
[GC 520064K->251405K(2944320K), 0.0480810 secs]
[GC 507606K->253944K(2944320K), 0.0450270 secs]
[GC 510190K->271105K(2944320K), 0.0432770 secs]
[GC 527311K->273344K(2944320K), 0.0445780 secs]
[GC 529600K->275591K(2944320K), 0.0487400 secs]
[GC 531847K->263839K(2944320K), 0.0444430 secs]
[GC 520042K->265964K(2944320K), 0.0400090 secs]
[GC 522220K->281149K(2944320K), 0.0469350 secs]
[GC 537352K->296891K(2944320K), 0.0439890 secs]
[GC 553147K->282779K(2944320K), 0.0444680 secs]
[GC 539035K->295183K(2944320K), 0.0428220 secs]
[GC 551425K->292205K(2944320K), 0.0426210 secs]
[GC 548461K->296374K(2944320K), 0.0413620 secs]
[GC 552630K->312245K(2944320K), 0.0450990 secs]
[GC 568501K->298607K(2944320K), 0.0508190 secs]
[GC 554816K->310695K(2944320K), 0.0489320 secs]
[GC 566943K->307746K(2944320K), 0.0500930 secs]
[GC 563988K->324800K(2944320K), 0.0518570 secs]
[GC 581056K->303163K(2944320K), 0.0415480 secs]
[GC 559416K->300577K(2944320K), 0.0442540 secs]
[GC 556833K->320561K(2944320K), 0.0394170 secs]
[GC 576817K->312547K(2944320K), 0.0413880 secs]
[GC 568802K->328384K(2944320K), 0.0419210 secs]
[GC 584621K->331480K(2944320K), 0.0422110 secs]
[GC 587736K->322151K(2944320K), 0.0427000 secs]
[GC 578388K->325504K(2944320K), 0.0446000 secs]
[GC 581760K->341059K(2944320K), 0.0431510 secs]
[GC 597285K->344280K(2944320K), 0.0429530 secs]
[GC 600536K->334934K(2944320K), 0.0400340 secs]
[GC 591190K->337952K(2944320K), 0.0409520 secs]
[GC 594207K->353803K(2944320K), 0.0380330 secs]
[GC 610059K->356747K(2944320K), 0.0407980 secs]
[GC 613003K->347571K(2944320K), 0.0426620 secs]
[GC 603827K->375507K(2944320K), 0.0430050 secs]
[GC 631763K->361599K(2944320K), 0.0406630 secs]
[GC 617855K->362359K(2944320K), 0.0393300 secs]
[GC 618615K->370915K(2944320K), 0.0412930 secs]
[GC 627171K->375792K(2944320K), 0.0478120 secs]
[GC 632048K->379254K(2944320K), 0.0407480 secs]
[GC 635475K->382473K(2944320K), 0.0389770 secs]
[GC 638705K->385272K(2944320K), 0.0498600 secs]
 INFO  [pool-1-thread-1] {org.radargun.stressors.StressTestStressor} Started 4 stressor threads.
 INFO  [Stressor-0] {org.radargun.stressors.StressTestStressor} Number of ops executed so far: 1. Elapsed time: 0.001 secs. Remaining: 59.999 secs. Total: 1 mins 0 secs
[GC 641528K->416176K(2944320K), 0.0541690 secs]
[GC 671979K->450881K(2944320K), 0.0701640 secs]
[GC 706161K->439699K(2944320K), 0.0692800 secs]
[GC 695955K->480998K(2944320K), 0.0640910 secs]
[GC 737254K->477295K(2944320K), 0.0720710 secs]
[GC 732606K->516408K(2944320K), 0.0668110 secs]
[GC 772642K->520073K(2944320K), 0.0688440 secs]
[GC 776329K->553525K(2944320K), 0.0716370 secs]
[GC 809781K->549674K(2944320K), 0.0685980 secs]
[GC 805608K->574155K(2944320K), 0.0518230 secs]
[GC 830378K->605034K(2944320K), 0.0719270 secs]
[GC 861290K->627169K(2944320K), 0.0786840 secs]
 INFO  [Stressor-3] {org.radargun.stressors.StressTestStressor} Number of ops executed so far: 1833541. Elapsed time: 20.001 secs. Remaining: 39.999 secs. Total: 1 mins 0 secs
[GC 883425K->621210K(2944320K), 0.0845860 secs]
[GC 877466K->653279K(2944320K), 0.0789230 secs]
[GC 909535K->666085K(2944320K), 0.0664280 secs]
[GC 922341K->708349K(2944320K), 0.0756670 secs]
[GC 963882K->736372K(2944320K), 0.0767950 secs]
[GC 992626K->760178K(2944320K), 0.0784870 secs]
[GC 1016434K->781439K(2944320K), 0.0716120 secs]
[GC 1037695K->809843K(2944320K), 0.0745720 secs]
[GC 1066060K->808433K(2944320K), 0.0617010 secs]
 INFO  [Stressor-2] {org.radargun.stressors.StressTestStressor} Number of ops executed so far: 2070000. Elapsed time: 40.013 secs. Remaining: 19.987 secs. Total: 1 mins 0 secs
[GC 1064689K->825485K(2944320K), 0.0705440 secs]
[GC 1081741K->833155K(2944320K), 0.0493350 secs]
[GC 1088418K->860045K(2944320K), 0.0570070 secs]
[GC 1116033K->886303K(2944320K), 0.0658610 secs]
[GC 1142559K->859698K(2944320K), 0.0511390 secs]
[GC 1115954K->916844K(2944320K), 0.0581780 secs]
[GC 1173100K->929385K(2944320K), 0.0795560 secs]
[GC 1185641K->929816K(2944320K), 0.0506840 secs]
[GC 1186072K->966174K(2944320K), 0.0575090 secs]
[GC 1222430K->992464K(2944320K), 0.0960740 secs]
[GC 1248670K->993590K(2944320K), 0.0609490 secs]
[GC 1249846K->1021499K(2944320K), 0.0746680 secs]
 INFO  [Stressor-1] {org.radargun.stressors.StressTestStressor} Number of ops executed so far: 3770000. Elapsed time: 1 mins 1 secs. Remaining: 0.000 secs. Total: 1 mins 0 secs
[GC 1277755K->1012187K(2944320K), 0.0569090 secs]
 INFO  [pool-1-thread-1] {org.radargun.stressors.StressTestStressor} Finished generating report. Test duration is: 1 mins 54 secs
 INFO  [pool-1-thread-1] {org.radargun.stages.StressTestStage} size info: Num direct children: 40, clusterSize:8, nodeIndex:0, cacheSize: -1
 INFO  [pool-1-thread-1] {org.radargun.Slave} Finished stage: StressTest {bulkSize=1, cacheSpecificKeyGenerator=false, commitTransactions=true, duration=1 mins 0 secs, entrySize=1000, exitBenchmarkOnSlaveFailure=false, fixedKeys=true, generateHistogramRange=false, keyGeneratorClass=org.radargun.stressors.StringKeyGenerator, keyGeneratorParam=null, loadAllKeys=false, numEntries=10000, numOfThreads=4, numRequests=10000000, numThreads=4, numberOfAttributes=10000, numberOfRequests=10000000, opsCountStatusLog=500000, poolKeys=true, preferAsyncOperations=false, removePercentage=0, replaceInvalidPercentage=40, runOnAllSlaves=false, sharedKeys=false, sizeOfAnAttribute=1000, slaves=null, transactionSize=10000, useAtomics=false, useHistogramStatistics=false, useSimpleStatistics=true, useSmartClassLoading=true, useTransactions=true, writePercentage=10, writeTxPercentage=5 }
 INFO  [main] {org.radargun.Slave} Ack successfully sent to the master
 INFO  [main] {org.radargun.Slave} Master shutdown!
 INFO  [Thread-0] {org.radargun.ShutDownHook} Slave process is being shutdown
