/usr/java/jdk1.7.0_21/bin/java -server -Xmx1024M -Xms1024M -Dresolve.dns=false -Djgroups.timer.num_threads=4 -verbose:gc -Xmx5000M -Xms3000M -server -XX:+UseConcMarkSweepGC -XX:+AggressiveOpts -verbose:gc -XX:ParallelGCThreads=4 -XX:NewRatio=5 -XX:SurvivorRatio=2 -Dhazelcast.operation.thread.count=4 -Djava.net.preferIPv4Stack=true -Dlog4j.file.prefix=deimos-esw-27206 -Dbind.address= -Djgroups.bind_addr= -classpath /home/smf/github/radargun/target/distribution/RadarGun-1.1.0-SNAPSHOT/lib/activation-1.1.jar:/home/smf/github/radargun/target/distribution/RadarGun-1.1.0-SNAPSHOT/lib/commons-beanutils-1.8.0.jar:/home/smf/github/radargun/target/distribution/RadarGun-1.1.0-SNAPSHOT/lib/commons-digester-2.0.jar:/home/smf/github/radargun/target/distribution/RadarGun-1.1.0-SNAPSHOT/lib/commons-logging-1.1.1.jar:/home/smf/github/radargun/target/distribution/RadarGun-1.1.0-SNAPSHOT/lib/commons-math-1.2.jar:/home/smf/github/radargun/target/distribution/RadarGun-1.1.0-SNAPSHOT/lib/jboss-transaction-api-1.0.1.GA.jar:/home/smf/github/radargun/target/distribution/RadarGun-1.1.0-SNAPSHOT/lib/jcommon-1.0.15.jar:/home/smf/github/radargun/target/distribution/RadarGun-1.1.0-SNAPSHOT/lib/jfreechart-1.0.12.jar:/home/smf/github/radargun/target/distribution/RadarGun-1.1.0-SNAPSHOT/lib/log4j-1.2.14.jar:/home/smf/github/radargun/target/distribution/RadarGun-1.1.0-SNAPSHOT/lib/mail-1.4.2.jar:/home/smf/github/radargun/target/distribution/RadarGun-1.1.0-SNAPSHOT/lib/radargun-framework-1.1.0-SNAPSHOT.jar:/home/smf/github/radargun/target/distribution/RadarGun-1.1.0-SNAPSHOT/conf org.radargun.Slave -master 127.0.0.1:2103
--------------------------------------------------------------------------------
PerNodeRollingFileAppender::Using file prefix:deimos-esw-27206
 INFO  [main] {org.radargun.Slave} Attempting to connect to master 127.0.0.1:2103
 INFO  [main] {org.radargun.Slave} Successfully established connection with master at: 127.0.0.1:2103
Loading JARS from /home/smf/github/radargun/target/distribution/RadarGun-1.1.0-SNAPSHOT/lib/radargun-framework-1.1.0-SNAPSHOT.jar
 INFO  [pool-1-thread-1] {org.radargun.config.AnnotatedHelper} Loading JARS from /home/smf/github/radargun/target/distribution/RadarGun-1.1.0-SNAPSHOT/lib/radargun-framework-1.1.0-SNAPSHOT.jar
 INFO  [pool-1-thread-1] {org.radargun.config.AnnotatedHelper} Loading JARS from /home/smf/github/radargun/target/distribution/RadarGun-1.1.0-SNAPSHOT/lib/radargun-framework-1.1.0-SNAPSHOT.jar
 INFO  [pool-1-thread-1] {org.radargun.Slave} Executing stage: DestroyWrapper {enforceMemoryThrashHold=true, exitBenchmarkOnSlaveFailure=false, heapDumpDir=null, memoryThreshold=95, runOnAllSlaves=true, slaves=null, useSmartClassLoading=true }
 INFO  [pool-1-thread-1] {org.radargun.stages.DestroyWrapperStage} Received destroy cache wrapper request from master...
 INFO  [pool-1-thread-1] {org.radargun.stages.DestroyWrapperStage} No cache wrapper deployed on this slave, nothing to do.
 INFO  [pool-1-thread-1] {org.radargun.stages.DestroyWrapperStage} Before executing clear, memory looks like this: Memory - free: 2,928,638 kb - max:4,906,688 kb- total:2,944,000 kb
[Full GC 15361K->3631K(2944000K), 0.0597230 secs]
 INFO  [pool-1-thread-1] {org.radargun.stages.DestroyWrapperStage} After executing cleanup, memory looks like this: Memory - free: 2,935,311 kb - max:4,906,688 kb- total:2,944,064 kb
 INFO  [pool-1-thread-1] {org.radargun.Slave} Finished stage: DestroyWrapper {enforceMemoryThrashHold=true, exitBenchmarkOnSlaveFailure=false, heapDumpDir=null, memoryThreshold=95, runOnAllSlaves=true, slaves=null, useSmartClassLoading=true }
 INFO  [main] {org.radargun.Slave} Ack successfully sent to the master
 INFO  [pool-1-thread-1] {org.radargun.Slave} Executing stage: StartCluster {config=mvcc/mvcc-repl-sync.xml, delayAfterFirstSlaveStarts=5.000 secs, delayBetweenStartingSlaves=0.500 secs, exitBenchmarkOnSlaveFailure=true, expectNumSlaves=null, mayFailOn=null, reachable=null, runOnAllSlaves=false, slaves=null, staggerSlaveStartup=true, useSmartClassLoading=true, validateCluster=true }
 INFO  [pool-1-thread-1] {org.radargun.stages.StartClusterStage} Startup staggering, number of slaves to start is 10 This is the slave with index 0, not sleeping
 INFO  [pool-1-thread-1] {org.radargun.stages.StartClusterStage} Ack master's StartCluster stage. Local address is: /127.0.0.1. This slave's index is: 0
 INFO  [pool-1-thread-1] {org.radargun.utils.ClassLoadHelper} Creating newInstance org.radargun.cachewrappers.JBossCache3Wrapper with classloader java.net.URLClassLoader@3fbefe6e
 INFO  [pool-1-thread-1] {org.radargun.cachewrappers.JBossCache3Wrapper} Creating cache with the following configuration: mvcc/mvcc-repl-sync.xml
 WARN  [pool-1-thread-1] {org.jboss.cache.transaction.GenericTransactionManagerLookup} Falling back to JBoss Cache's internal DummyTransactionManager
 WARN  [pool-1-thread-1] {org.jgroups.protocols.pbcast.STREAMING_STATE_TRANSFER} use_reading_thread has been deprecated and its value will be ignored

---------------------------------------------------------
GMS: address is 127.0.0.1:38276 (cluster=JBossCache-Cluster)
---------------------------------------------------------
 INFO  [pool-1-thread-1] {org.radargun.cachewrappers.JBossCache3Wrapper} Running cache with following config: org.jboss.cache.config.Configuration@f265ff5a
 INFO  [pool-1-thread-1] {org.radargun.cachewrappers.JBossCache3Wrapper} Running following JBossCacheVersion: 3.2.1.GA
 INFO  [pool-1-thread-1] {org.radargun.cachewrappers.JBossCache3Wrapper} Running following JBossCacheCodeName: Malagueta
 INFO  [pool-1-thread-1] {org.radargun.cachewrappers.JBossCache3Wrapper} JGroups version: 2.6.13.GA
 INFO  [pool-1-thread-1] {org.radargun.stages.helpers.StartHelper} Number of members=1 is not the one expected: 10
 INFO  [pool-1-thread-1] {org.radargun.stages.helpers.StartHelper} Number of members=1 is not the one expected: 10
 INFO  [pool-1-thread-1] {org.radargun.stages.helpers.StartHelper} Number of members=4 is not the one expected: 10
 INFO  [pool-1-thread-1] {org.radargun.stages.helpers.StartHelper} Number of members=6 is not the one expected: 10
 INFO  [pool-1-thread-1] {org.radargun.stages.helpers.StartHelper} Number of members=8 is not the one expected: 10
 INFO  [pool-1-thread-1] {org.radargun.stages.helpers.StartHelper} Number of members=9 is not the one expected: 10
 INFO  [pool-1-thread-1] {org.radargun.stages.helpers.StartHelper} Number of members is the one expected: 10
 INFO  [pool-1-thread-1] {org.radargun.stages.StartClusterStage} Successfully started cache wrapper on slave 0: org.radargun.cachewrappers.JBossCache3Wrapper@5126db0
 INFO  [pool-1-thread-1] {org.radargun.Slave} Finished stage: StartCluster {config=mvcc/mvcc-repl-sync.xml, delayAfterFirstSlaveStarts=5.000 secs, delayBetweenStartingSlaves=0.500 secs, exitBenchmarkOnSlaveFailure=true, expectNumSlaves=null, mayFailOn=null, reachable=null, runOnAllSlaves=false, slaves=null, staggerSlaveStartup=true, useSmartClassLoading=true, validateCluster=true }
 INFO  [main] {org.radargun.Slave} Ack successfully sent to the master
 INFO  [pool-1-thread-1] {org.radargun.Slave} Executing stage: ClusterValidation {exitBenchmarkOnSlaveFailure=false, partialReplication=false, replicationTimeSleep=2000, replicationTryCount=60, runOnAllSlaves=false, slaves=null, useSmartClassLoading=true }
 INFO  [pool-1-thread-1] {org.radargun.stages.ClusterValidationStage} Number of caches that replicated here is 9
 INFO  [pool-1-thread-1] {org.radargun.stages.ClusterValidationStage} Replication test successfully passed. partialReplication? false, replicationCount = 9
 INFO  [pool-1-thread-1] {org.radargun.stages.ClusterValidationStage} Confirm phase successful.
 INFO  [pool-1-thread-1] {org.radargun.Slave} Finished stage: ClusterValidation {exitBenchmarkOnSlaveFailure=false, partialReplication=false, replicationTimeSleep=2000, replicationTryCount=60, runOnAllSlaves=false, slaves=[ 0, 1, 2, 3, 4, 5, 6, 7, 8, 9 ], useSmartClassLoading=true }
 INFO  [main] {org.radargun.Slave} Ack successfully sent to the master
 INFO  [pool-1-thread-1] {org.radargun.Slave} Executing stage: StressTestWarmup {bulkSize=1, cacheSpecificKeyGenerator=false, commitTransactions=true, duration=1 mins 0 secs, entrySize=1000, exitBenchmarkOnSlaveFailure=false, fixedKeys=true, generateHistogramRange=false, keyGeneratorClass=org.radargun.stressors.StringKeyGenerator, keyGeneratorParam=null, loadAllKeys=false, numEntries=100, numOfThreads=4, numRequests=10000, numThreads=4, numberOfAttributes=100, numberOfRequests=10000, opsCountStatusLog=100000, poolKeys=true, preferAsyncOperations=false, removePercentage=0, replaceInvalidPercentage=40, runOnAllSlaves=false, sharedKeys=false, sizeOfAnAttribute=1000, slaves=null, transactionSize=50, useAtomics=false, useHistogramStatistics=false, useSimpleStatistics=true, useSmartClassLoading=true, useTransactions=null, writePercentage=20, writeTxPercentage=20 }
 INFO  [pool-1-thread-1] {org.radargun.stages.StressTestWarmupStage} Starting StressTestWarmupStage: StressTestWarmup {bulkSize=1, cacheSpecificKeyGenerator=false, commitTransactions=true, duration=1 mins 0 secs, entrySize=1000, exitBenchmarkOnSlaveFailure=false, fixedKeys=true, generateHistogramRange=false, keyGeneratorClass=org.radargun.stressors.StringKeyGenerator, keyGeneratorParam=null, loadAllKeys=false, numEntries=100, numOfThreads=4, numRequests=10000, numThreads=4, numberOfAttributes=100, numberOfRequests=10000, opsCountStatusLog=100000, poolKeys=true, preferAsyncOperations=false, removePercentage=0, replaceInvalidPercentage=40, runOnAllSlaves=false, sharedKeys=false, sizeOfAnAttribute=1000, slaves=null, transactionSize=50, useAtomics=false, useHistogramStatistics=false, useSimpleStatistics=true, useSmartClassLoading=true, useTransactions=null, writePercentage=20, writeTxPercentage=20 }
 INFO  [pool-1-thread-1] {org.radargun.stressors.StressTestStressor} Using key generator org.radargun.stressors.StringKeyGenerator, param null
 INFO  [pool-1-thread-1] {org.radargun.stressors.StressTestStressor} Executing: StressTestStressor{opsCountStatusLog=100000, numRequests=10000, numEntries=100, entrySize=1000, writePercentage=20, numThreads=4, cacheWrapper=org.radargun.cachewrappers.JBossCache3Wrapper@5126db0, nodeIndex=0, useTransactions=true, transactionSize=50, commitTransactions=true, durationMillis=60000}
 INFO  [pool-1-thread-1] {org.radargun.stressors.StressTestStressor} Cache wrapper info is: Num direct children: 10
[GC 259695K->10955K(2944064K), 0.0372640 secs]
 INFO  [pool-1-thread-1] {org.radargun.stressors.StressTestStressor} Started 4 stressor threads.
 INFO  [Stressor-3] {org.radargun.stressors.StressTestStressor} Number of ops executed so far: 1. Elapsed time: 0.019 secs. Remaining: 59.981 secs. Total: 1 mins 0 secs
[GC 267019K->12803K(2944064K), 0.0296270 secs]
[GC 268867K->15998K(2944064K), 0.0285460 secs]
[GC 272062K->17114K(2944064K), 0.0312160 secs]
[GC 273178K->15789K(2944064K), 0.0265320 secs]
[GC 271853K->17232K(2944064K), 0.0277340 secs]
[GC 273296K->15991K(2944064K), 0.0295540 secs]
[GC 272055K->17793K(2944064K), 0.0291540 secs]
[GC 273857K->19863K(2944064K), 0.0331180 secs]
[GC 275927K->20552K(2944064K), 0.0282810 secs]
[GC 276616K->19374K(2944064K), 0.0324310 secs]
[GC 275438K->19954K(2944064K), 0.0375270 secs]
[GC 276018K->18742K(2944064K), 0.0313620 secs]
[GC 274806K->18694K(2944064K), 0.0352680 secs]
[GC 274758K->13761K(2944064K), 0.0336400 secs]
[GC 269825K->17855K(2944064K), 0.0500390 secs]
[GC 273919K->16785K(2944064K), 0.0351890 secs]
 INFO  [Stressor-1] {org.radargun.stressors.StressTestStressor} Number of ops executed so far: 357900. Elapsed time: 20.037 secs. Remaining: 39.963 secs. Total: 1 mins 0 secs
[GC 272849K->17520K(2944064K), 0.0276780 secs]
[GC 273584K->15993K(2944064K), 0.0267120 secs]
[GC 272057K->15593K(2944064K), 0.0243990 secs]
[GC 271657K->15408K(2944064K), 0.0217690 secs]
[GC 271472K->16844K(2944064K), 0.0272820 secs]
[GC 272908K->16231K(2944064K), 0.0248280 secs]
[GC 272295K->16130K(2944064K), 0.0209330 secs]
[GC 272194K->15855K(2944064K), 0.0235470 secs]
[GC 271919K->15860K(2944064K), 0.0286850 secs]
[GC 271924K->16519K(2944064K), 0.0266680 secs]
[GC 272583K->18144K(2944064K), 0.0276250 secs]
[GC 274208K->16372K(2944064K), 0.0264430 secs]
[GC 272436K->14881K(2944064K), 0.0278990 secs]
[GC 270945K->14568K(2944064K), 0.0278240 secs]
[GC 270632K->14889K(2944064K), 0.0303310 secs]
[GC 270953K->16102K(2944064K), 0.0263690 secs]
[GC 272166K->15288K(2944064K), 0.0274090 secs]
[GC 271352K->16564K(2944064K), 0.0248830 secs]
 INFO  [Stressor-3] {org.radargun.stressors.StressTestStressor} Number of ops executed so far: 745000. Elapsed time: 40.255 secs. Remaining: 19.745 secs. Total: 1 mins 0 secs
[GC 272628K->16081K(2944064K), 0.0199130 secs]
[GC 272145K->16185K(2944064K), 0.0270760 secs]
[GC 272249K->15895K(2944064K), 0.0260960 secs]
[GC 271959K->19591K(2944064K), 0.0314940 secs]
[GC 275655K->19505K(2944064K), 0.0263340 secs]
[GC 275569K->17274K(2944064K), 0.0259230 secs]
[GC 273338K->16565K(2944064K), 0.0278100 secs]
[GC 272629K->15575K(2944064K), 0.0227150 secs]
[GC 271639K->17030K(2944064K), 0.0269560 secs]
[GC 273094K->17761K(2944064K), 0.0254370 secs]
[GC 273825K->18917K(2944064K), 0.0273560 secs]
[GC 274981K->20116K(2944064K), 0.0224920 secs]
[GC 276180K->17578K(2944064K), 0.0283820 secs]
[GC 273642K->17877K(2944064K), 0.0243510 secs]
[GC 273941K->16348K(2944064K), 0.0292060 secs]
[GC 272412K->15653K(2944064K), 0.0252730 secs]
[GC 271717K->20202K(2944064K), 0.0270030 secs]
[GC 276266K->22068K(2944064K), 0.0270230 secs]
[GC 278132K->16943K(2944064K), 0.0259570 secs]
 INFO  [pool-1-thread-1] {org.radargun.stressors.StressTestStressor} Finished generating report. Test duration is: 1 mins 2 secs
 INFO  [pool-1-thread-1] {org.radargun.stages.StressTestWarmupStage} The warmup took: 62 seconds.
 INFO  [pool-1-thread-1] {org.radargun.Slave} Finished stage: StressTestWarmup {bulkSize=1, cacheSpecificKeyGenerator=false, commitTransactions=true, duration=1 mins 0 secs, entrySize=1000, exitBenchmarkOnSlaveFailure=false, fixedKeys=true, generateHistogramRange=false, keyGeneratorClass=org.radargun.stressors.StringKeyGenerator, keyGeneratorParam=null, loadAllKeys=false, numEntries=100, numOfThreads=4, numRequests=10000, numThreads=4, numberOfAttributes=100, numberOfRequests=10000, opsCountStatusLog=100000, poolKeys=true, preferAsyncOperations=false, removePercentage=0, replaceInvalidPercentage=40, runOnAllSlaves=false, sharedKeys=false, sizeOfAnAttribute=1000, slaves=null, transactionSize=50, useAtomics=false, useHistogramStatistics=false, useSimpleStatistics=true, useSmartClassLoading=true, useTransactions=null, writePercentage=20, writeTxPercentage=20 }
 INFO  [main] {org.radargun.Slave} Ack successfully sent to the master
 INFO  [pool-1-thread-1] {org.radargun.Slave} Executing stage: ClearClusterStage {ClearCluster {exitBenchmarkOnSlaveFailure=false, runOnAllSlaves=false, slaves=[ 0 ], useSmartClassLoading=true }
 INFO  [pool-1-thread-1] {org.radargun.stages.ClearClusterStage} Before executing clear, memory looks like this: Memory - free: 2,697,444 kb - max:4,906,688 kb- total:2,944,064 kb
[Full GC 246757K->9026K(2944064K), 0.1982500 secs]
 INFO  [pool-1-thread-1] {org.radargun.stages.ClearClusterStage} After executing cleanup, memory looks like this: Memory - free: 2,934,052 kb - max:4,906,688 kb- total:2,944,320 kb
 INFO  [pool-1-thread-1] {org.radargun.Slave} Finished stage: ClearClusterStage {ClearCluster {exitBenchmarkOnSlaveFailure=false, runOnAllSlaves=false, slaves=[ 0 ], useSmartClassLoading=true }
 INFO  [main] {org.radargun.Slave} Ack successfully sent to the master
 INFO  [pool-1-thread-1] {org.radargun.Slave} Executing stage: StressTest {bulkSize=1, cacheSpecificKeyGenerator=false, commitTransactions=true, duration=1 mins 0 secs, entrySize=1000, exitBenchmarkOnSlaveFailure=false, fixedKeys=true, generateHistogramRange=false, keyGeneratorClass=org.radargun.stressors.StringKeyGenerator, keyGeneratorParam=null, loadAllKeys=false, numEntries=10000, numOfThreads=4, numRequests=10000000, numThreads=4, numberOfAttributes=10000, numberOfRequests=10000000, opsCountStatusLog=500000, poolKeys=true, preferAsyncOperations=false, removePercentage=0, replaceInvalidPercentage=40, runOnAllSlaves=false, sharedKeys=false, sizeOfAnAttribute=1000, slaves=null, transactionSize=10000, useAtomics=false, useHistogramStatistics=false, useSimpleStatistics=true, useSmartClassLoading=true, useTransactions=true, writePercentage=10, writeTxPercentage=5 }
 INFO  [pool-1-thread-1] {org.radargun.stages.StressTestStage} Starting StressTestStage: StressTest {bulkSize=1, cacheSpecificKeyGenerator=false, commitTransactions=true, duration=1 mins 0 secs, entrySize=1000, exitBenchmarkOnSlaveFailure=false, fixedKeys=true, generateHistogramRange=false, keyGeneratorClass=org.radargun.stressors.StringKeyGenerator, keyGeneratorParam=null, loadAllKeys=false, numEntries=10000, numOfThreads=4, numRequests=10000000, numThreads=4, numberOfAttributes=10000, numberOfRequests=10000000, opsCountStatusLog=500000, poolKeys=true, preferAsyncOperations=false, removePercentage=0, replaceInvalidPercentage=40, runOnAllSlaves=false, sharedKeys=false, sizeOfAnAttribute=1000, slaves=null, transactionSize=10000, useAtomics=false, useHistogramStatistics=false, useSimpleStatistics=true, useSmartClassLoading=true, useTransactions=true, writePercentage=10, writeTxPercentage=5 }
 INFO  [pool-1-thread-1] {org.radargun.stressors.StressTestStressor} Using key generator org.radargun.stressors.StringKeyGenerator, param null
 INFO  [pool-1-thread-1] {org.radargun.stressors.StressTestStressor} Executing: StressTestStressor{opsCountStatusLog=500000, numRequests=10000000, numEntries=10000, entrySize=1000, writePercentage=10, numThreads=4, cacheWrapper=org.radargun.cachewrappers.JBossCache3Wrapper@5126db0, nodeIndex=0, useTransactions=true, transactionSize=10000, commitTransactions=true, durationMillis=60000}
 INFO  [pool-1-thread-1] {org.radargun.stressors.StressTestStressor} Cache wrapper info is: Num direct children: 50
[GC 265282K->24086K(2944320K), 0.0305330 secs]
[GC 280339K->35216K(2944320K), 0.0377370 secs]
[GC 291472K->51480K(2944320K), 0.0375640 secs]
[GC 307736K->64695K(2944320K), 0.0402810 secs]
[GC 320951K->82227K(2944320K), 0.0423980 secs]
[GC 338483K->98955K(2944320K), 0.0473370 secs]
[GC 355211K->102346K(2944320K), 0.0528670 secs]
[GC 358602K->130822K(2944320K), 0.0478890 secs]
[GC 387078K->103441K(2944320K), 0.0646950 secs]
[GC 359697K->134462K(2944320K), 0.0490360 secs]
[GC 390718K->139018K(2944320K), 0.0482570 secs]
[GC 395274K->141731K(2944320K), 0.0498260 secs]
[GC 397987K->132591K(2944320K), 0.0527260 secs]
[GC 388847K->139051K(2944320K), 0.0473130 secs]
[GC 395295K->161816K(2944320K), 0.0516140 secs]
[GC 418072K->175215K(2944320K), 0.0475450 secs]
[GC 431455K->171891K(2944320K), 0.0506530 secs]
[GC 428147K->177560K(2944320K), 0.0473950 secs]
[GC 433813K->175204K(2944320K), 0.0464850 secs]
[GC 431460K->169897K(2944320K), 0.0514070 secs]
[GC 426153K->175919K(2944320K), 0.0538480 secs]
[GC 432175K->180742K(2944320K), 0.0538920 secs]
[GC 436998K->210472K(2944320K), 0.0444420 secs]
[GC 466728K->206049K(2944320K), 0.0562600 secs]
[GC 462305K->195234K(2944320K), 0.0518640 secs]
[GC 451490K->200013K(2944320K), 0.0501600 secs]
[GC 456269K->245222K(2944320K), 0.0451110 secs]
[GC 501478K->207565K(2944320K), 0.0469480 secs]
[GC 463821K->234888K(2944320K), 0.0430200 secs]
[GC 491144K->231591K(2944320K), 0.0469570 secs]
[GC 487847K->238052K(2944320K), 0.0438160 secs]
[GC 494308K->243397K(2944320K), 0.0457480 secs]
[GC 499653K->248480K(2944320K), 0.0459910 secs]
[GC 504736K->253458K(2944320K), 0.0493510 secs]
[GC 509714K->258315K(2944320K), 0.0433850 secs]
[GC 514571K->263090K(2944320K), 0.0426400 secs]
[GC 519346K->251658K(2944320K), 0.0466940 secs]
[GC 507914K->272825K(2944320K), 0.0509150 secs]
[GC 529081K->277630K(2944320K), 0.0481100 secs]
[GC 533886K->282671K(2944320K), 0.0455350 secs]
[GC 538927K->270984K(2944320K), 0.0468010 secs]
[GC 527240K->285722K(2944320K), 0.0545770 secs]
[GC 541978K->293835K(2944320K), 0.0570040 secs]
[GC 550090K->297559K(2944320K), 0.0501370 secs]
[GC 553815K->311384K(2944320K), 0.0474950 secs]
[GC 567628K->286195K(2944320K), 0.0539620 secs]
[GC 542421K->326818K(2944320K), 0.0508050 secs]
[GC 583074K->290759K(2944320K), 0.0458490 secs]
[GC 546987K->316237K(2944320K), 0.0471650 secs]
[GC 572475K->311808K(2944320K), 0.0479240 secs]
[GC 568013K->301258K(2944320K), 0.0499860 secs]
[GC 557514K->318588K(2944320K), 0.0502570 secs]
[GC 574844K->307232K(2944320K), 0.0423140 secs]
[GC 563488K->309688K(2944320K), 0.0432710 secs]
[GC 565916K->324514K(2944320K), 0.0423480 secs]
[GC 580759K->339095K(2944320K), 0.0381150 secs]
[GC 595351K->316444K(2944320K), 0.0408220 secs]
[GC 572668K->336090K(2944320K), 0.0398630 secs]
[GC 592346K->333123K(2944320K), 0.0388240 secs]
[GC 589379K->337425K(2944320K), 0.0402940 secs]
[GC 593619K->340969K(2944320K), 0.0443180 secs]
[GC 597225K->344226K(2944320K), 0.0391350 secs]
[GC 600482K->359816K(2944320K), 0.0390230 secs]
[GC 616049K->345999K(2944320K), 0.0394580 secs]
[GC 602255K->369096K(2944320K), 0.0364700 secs]
[GC 625352K->341806K(2944320K), 0.0356790 secs]
[GC 598062K->363629K(2944320K), 0.0403390 secs]
[GC 619885K->361389K(2944320K), 0.0381440 secs]
[GC 617645K->365630K(2944320K), 0.0379030 secs]
[GC 621834K->381702K(2944320K), 0.0379770 secs]
[GC 637910K->367676K(2944320K), 0.0388340 secs]
[GC 623896K->391441K(2944320K), 0.0369080 secs]
[GC 647666K->363777K(2944320K), 0.0360620 secs]
[GC 620033K->385635K(2944320K), 0.0398190 secs]
[GC 641891K->407421K(2944320K), 0.0366820 secs]
[GC 663625K->374973K(2944320K), 0.0387490 secs]
[GC 631229K->395580K(2944320K), 0.0417130 secs]
[GC 651836K->404922K(2944320K), 0.0398790 secs]
[GC 661178K->392281K(2944320K), 0.0409040 secs]
[GC 648512K->404813K(2944320K), 0.0386460 secs]
[GC 661069K->401983K(2944320K), 0.0484190 secs]
[GC 658218K->419153K(2944320K), 0.0399500 secs]
[GC 675409K->397596K(2944320K), 0.0376900 secs]
[GC 653852K->428918K(2944320K), 0.0398230 secs]
[GC 685174K->401492K(2944320K), 0.0408100 secs]
[GC 657719K->412337K(2944320K), 0.0424750 secs]
[GC 668593K->420939K(2944320K), 0.0409380 secs]
[GC 677195K->437926K(2944320K), 0.0442650 secs]
[GC 694180K->416237K(2944320K), 0.0415930 secs]
[GC 672449K->447773K(2944320K), 0.0383420 secs]
[GC 704029K->420357K(2944320K), 0.0384640 secs]
[GC 676613K->442473K(2944320K), 0.0416170 secs]
[GC 698717K->451914K(2944320K), 0.0388170 secs]
[GC 708133K->431577K(2944320K), 0.0409570 secs]
[GC 687833K->452029K(2944320K), 0.0403080 secs]
[GC 708285K->461373K(2944320K), 0.0375640 secs]
[GC 717629K->440869K(2944320K), 0.0409460 secs]
[GC 697125K->472678K(2944320K), 0.0381670 secs]
[GC 728873K->445497K(2944320K), 0.0391070 secs]
[GC 701753K->467418K(2944320K), 0.0413260 secs]
[GC 723632K->477048K(2944320K), 0.0426560 secs]
[GC 733304K->464387K(2944320K), 0.0496030 secs]
[GC 720642K->488402K(2944320K), 0.0419590 secs]
[GC 744658K->491253K(2944320K), 0.0646150 secs]
[GC 747507K->542898K(2944320K), 0.0894630 secs]
 INFO  [pool-1-thread-1] {org.radargun.stressors.StressTestStressor} Started 4 stressor threads.
 INFO  [Stressor-1] {org.radargun.stressors.StressTestStressor} Number of ops executed so far: 1. Elapsed time: 0.000 secs. Remaining: 1 mins 0 secs. Total: 1 mins 0 secs
[GC 799154K->570387K(2944320K), 0.0959000 secs]
[GC 826546K->625734K(2944320K), 0.0895790 secs]
[GC 881981K->651216K(2944320K), 0.0836190 secs]
[GC 907451K->682126K(2944320K), 0.0911410 secs]
[GC 937611K->699092K(2944320K), 0.1220570 secs]
[GC 955316K->739691K(2944320K), 0.0946850 secs]
[GC 995947K->778778K(2944320K), 0.0982850 secs]
[GC 1035034K->805166K(2944320K), 0.0866760 secs]
 INFO  [Stressor-3] {org.radargun.stressors.StressTestStressor} Number of ops executed so far: 220000. Elapsed time: 20.544 secs. Remaining: 39.456 secs. Total: 1 mins 0 secs
[GC 1061422K->848653K(2944320K), 0.1046020 secs]
[GC 1104909K->838305K(2944320K), 0.0787130 secs]
[GC 1094509K->901996K(2944320K), 0.0921640 secs]
[GC 1158233K->929049K(2944320K), 0.0696580 secs]
[GC 1185277K->958921K(2944320K), 0.0969580 secs]
[GC 1215177K->987501K(2944320K), 0.0925670 secs]
[GC 1243724K->1041169K(2944320K), 0.1409820 secs]
[GC 1297425K->1070134K(2944320K), 0.0705950 secs]
[GC 1326390K->1065256K(2944320K), 0.0814720 secs]
 INFO  [Stressor-0] {org.radargun.stressors.StressTestStressor} Number of ops executed so far: 1511802. Elapsed time: 40.544 secs. Remaining: 19.456 secs. Total: 1 mins 0 secs
[GC 1321512K->1079431K(2944320K), 0.0762070 secs]
[GC 1335687K->1131760K(2944320K), 0.0716520 secs]
[GC 1387523K->1134882K(2944320K), 0.0853440 secs]
[GC 1391032K->1159498K(2944320K), 0.0819270 secs]
[GC 1415551K->1210892K(2944320K), 0.0652420 secs]
[GC 1467134K->1228083K(2944320K), 0.0919600 secs]
[GC 1484302K->1243221K(2944320K), 0.0579620 secs]
[GC 1499477K->1245606K(2944320K), 0.0708990 secs]
 INFO  [pool-1-thread-1] {org.radargun.stressors.StressTestStressor} Finished generating report. Test duration is: 2 mins 26 secs
 INFO  [pool-1-thread-1] {org.radargun.stages.StressTestStage} size info: Num direct children: 50, clusterSize:10, nodeIndex:0, cacheSize: -1
 INFO  [pool-1-thread-1] {org.radargun.Slave} Finished stage: StressTest {bulkSize=1, cacheSpecificKeyGenerator=false, commitTransactions=true, duration=1 mins 0 secs, entrySize=1000, exitBenchmarkOnSlaveFailure=false, fixedKeys=true, generateHistogramRange=false, keyGeneratorClass=org.radargun.stressors.StringKeyGenerator, keyGeneratorParam=null, loadAllKeys=false, numEntries=10000, numOfThreads=4, numRequests=10000000, numThreads=4, numberOfAttributes=10000, numberOfRequests=10000000, opsCountStatusLog=500000, poolKeys=true, preferAsyncOperations=false, removePercentage=0, replaceInvalidPercentage=40, runOnAllSlaves=false, sharedKeys=false, sizeOfAnAttribute=1000, slaves=null, transactionSize=10000, useAtomics=false, useHistogramStatistics=false, useSimpleStatistics=true, useSmartClassLoading=true, useTransactions=true, writePercentage=10, writeTxPercentage=5 }
 INFO  [main] {org.radargun.Slave} Ack successfully sent to the master
 INFO  [main] {org.radargun.Slave} Master shutdown!
 INFO  [Thread-0] {org.radargun.ShutDownHook} Slave process is being shutdown
