/usr/java/jdk1.7.0_21/bin/java -server -Xmx1024M -Xms1024M -Dresolve.dns=false -Djgroups.timer.num_threads=4 -verbose:gc -Xmx5000M -Xms3000M -server -XX:+UseConcMarkSweepGC -XX:+AggressiveOpts -verbose:gc -XX:ParallelGCThreads=4 -XX:NewRatio=5 -XX:SurvivorRatio=2 -Dhazelcast.operation.thread.count=4 -Djava.net.preferIPv4Stack=true -Dlog4j.file.prefix=deimos-esw-21379 -Dbind.address= -Djgroups.bind_addr= -classpath /home/smf/github/radargun/target/distribution/RadarGun-1.1.0-SNAPSHOT/lib/activation-1.1.jar:/home/smf/github/radargun/target/distribution/RadarGun-1.1.0-SNAPSHOT/lib/commons-beanutils-1.8.0.jar:/home/smf/github/radargun/target/distribution/RadarGun-1.1.0-SNAPSHOT/lib/commons-digester-2.0.jar:/home/smf/github/radargun/target/distribution/RadarGun-1.1.0-SNAPSHOT/lib/commons-logging-1.1.1.jar:/home/smf/github/radargun/target/distribution/RadarGun-1.1.0-SNAPSHOT/lib/commons-math-1.2.jar:/home/smf/github/radargun/target/distribution/RadarGun-1.1.0-SNAPSHOT/lib/jboss-transaction-api-1.0.1.GA.jar:/home/smf/github/radargun/target/distribution/RadarGun-1.1.0-SNAPSHOT/lib/jcommon-1.0.15.jar:/home/smf/github/radargun/target/distribution/RadarGun-1.1.0-SNAPSHOT/lib/jfreechart-1.0.12.jar:/home/smf/github/radargun/target/distribution/RadarGun-1.1.0-SNAPSHOT/lib/log4j-1.2.14.jar:/home/smf/github/radargun/target/distribution/RadarGun-1.1.0-SNAPSHOT/lib/mail-1.4.2.jar:/home/smf/github/radargun/target/distribution/RadarGun-1.1.0-SNAPSHOT/lib/radargun-framework-1.1.0-SNAPSHOT.jar:/home/smf/github/radargun/target/distribution/RadarGun-1.1.0-SNAPSHOT/conf org.radargun.Slave -master 127.0.0.1:2103
--------------------------------------------------------------------------------
PerNodeRollingFileAppender::Using file prefix:deimos-esw-21379
 INFO  [main] {org.radargun.Slave} Attempting to connect to master 127.0.0.1:2103
 INFO  [main] {org.radargun.Slave} Successfully established connection with master at: 127.0.0.1:2103
Loading JARS from /home/smf/github/radargun/target/distribution/RadarGun-1.1.0-SNAPSHOT/lib/radargun-framework-1.1.0-SNAPSHOT.jar
 INFO  [pool-1-thread-1] {org.radargun.config.AnnotatedHelper} Loading JARS from /home/smf/github/radargun/target/distribution/RadarGun-1.1.0-SNAPSHOT/lib/radargun-framework-1.1.0-SNAPSHOT.jar
 INFO  [pool-1-thread-1] {org.radargun.config.AnnotatedHelper} Loading JARS from /home/smf/github/radargun/target/distribution/RadarGun-1.1.0-SNAPSHOT/lib/radargun-framework-1.1.0-SNAPSHOT.jar
 INFO  [pool-1-thread-1] {org.radargun.Slave} Executing stage: DestroyWrapper {enforceMemoryThrashHold=true, exitBenchmarkOnSlaveFailure=false, heapDumpDir=null, memoryThreshold=95, runOnAllSlaves=true, slaves=null, useSmartClassLoading=true }
 INFO  [pool-1-thread-1] {org.radargun.stages.DestroyWrapperStage} Received destroy cache wrapper request from master...
 INFO  [pool-1-thread-1] {org.radargun.stages.DestroyWrapperStage} No cache wrapper deployed on this slave, nothing to do.
 INFO  [pool-1-thread-1] {org.radargun.stages.DestroyWrapperStage} Before executing clear, memory looks like this: Memory - free: 2,928,638 kb - max:4,906,688 kb- total:2,944,000 kb
[Full GC 15361K->3631K(2944000K), 0.0697160 secs]
 INFO  [pool-1-thread-1] {org.radargun.stages.DestroyWrapperStage} After executing cleanup, memory looks like this: Memory - free: 2,935,311 kb - max:4,906,688 kb- total:2,944,064 kb
 INFO  [pool-1-thread-1] {org.radargun.Slave} Finished stage: DestroyWrapper {enforceMemoryThrashHold=true, exitBenchmarkOnSlaveFailure=false, heapDumpDir=null, memoryThreshold=95, runOnAllSlaves=true, slaves=null, useSmartClassLoading=true }
 INFO  [main] {org.radargun.Slave} Ack successfully sent to the master
 INFO  [pool-1-thread-1] {org.radargun.Slave} Executing stage: StartCluster {config=ispn52-repl-sync-rc.xml, delayAfterFirstSlaveStarts=5.000 secs, delayBetweenStartingSlaves=0.500 secs, exitBenchmarkOnSlaveFailure=true, expectNumSlaves=null, mayFailOn=null, reachable=null, runOnAllSlaves=false, slaves=null, staggerSlaveStartup=true, useSmartClassLoading=true, validateCluster=true }
 INFO  [pool-1-thread-1] {org.radargun.stages.StartClusterStage}  Startup staggering, starting 12 slaves. This is the slave with index 10. Sleeping for 10000 millis.
 INFO  [pool-1-thread-1] {org.radargun.stages.StartClusterStage} Ack master's StartCluster stage. Local address is: /127.0.0.1. This slave's index is: 10
 INFO  [pool-1-thread-1] {org.radargun.utils.ClassLoadHelper} Creating newInstance org.radargun.cachewrappers.FFWrapper with classloader java.net.URLClassLoader@6d4d203d
 INFO  [pool-1-thread-1] {org.radargun.cachewrappers.FFWrapper} config=ispn52-repl-sync-rc.xml, isLocal=false, nodeIndex=10, confAttributes={name=ispn52-repl-sync-rc.xml, decorate=infinispan52}
 INFO  [pool-1-thread-1] {org.radargun.cachewrappers.FFWrapper} Found fenix framework config options in 'rg-fenix-framework-config-options.properties'.
 INFO  [pool-1-thread-1] {org.radargun.cachewrappers.FFWrapper} Setting extra config properties for Fenix Framework.
 INFO  [pool-1-thread-1] {org.radargun.cachewrappers.FFWrapper} Will initialize Fenix Framework with RadarGunDataGridConfig
 TRACE [pool-1-thread-1] {pt.ist.fenixframework.FenixFramework} Static initializer block for FenixFramework class [BEGIN]
 INFO  [pool-1-thread-1] {pt.ist.fenixframework.FenixFramework} Trying auto-initialization with configuration by convention
 INFO  [pool-1-thread-1] {pt.ist.fenixframework.FenixFramework} Resource 'fenix-framework.properties' not found
 DEBUG [pool-1-thread-1] {pt.ist.fenixframework.FenixFramework} Fenix Framework properties after reading default config file:{}
 DEBUG [pool-1-thread-1] {pt.ist.fenixframework.FenixFramework} CurrentBackEndName = jvstm-datagrid
 INFO  [pool-1-thread-1] {pt.ist.fenixframework.FenixFramework} Resource 'fenix-framework-jvstm-datagrid.properties' not found
 DEBUG [pool-1-thread-1] {pt.ist.fenixframework.FenixFramework} Fenix Framework properties after reading backend config file:{}
 DEBUG [pool-1-thread-1] {pt.ist.fenixframework.FenixFramework} Fenix Framework properties after enforcing system properties:{}
 INFO  [pool-1-thread-1] {pt.ist.fenixframework.FenixFramework} Skipping configuration by convention.
 TRACE [pool-1-thread-1] {pt.ist.fenixframework.FenixFramework} Static initializer block for FenixFramework class [END]
 INFO  [pool-1-thread-1] {pt.ist.fenixframework.FenixFramework} Initializing Fenix Framework with config.class=pt.ist.fenixframework.backend.jvstm.datagrid.radargun.RadarGunDataGridConfig
 INFO  [pool-1-thread-1] {pt.ist.fenixframework.backend.jvstm.cluster.JvstmClusterBackEnd} initializeGroupCommunication()
 INFO  [pool-1-thread-1] {com.hazelcast.config.ClasspathXmlConfig} Configuring Hazelcast from 'hazelcast-ff.xml'.
 INFO  [pool-1-thread-1] {com.hazelcast.instance.DefaultAddressPicker} Interfaces is disabled, trying to pick one address from TCP-IP config addresses: [127.0.0.1]
 INFO  [pool-1-thread-1] {com.hazelcast.instance.DefaultAddressPicker} Picked Address[127.0.0.1]:5711, using socket ServerSocket[addr=/0.0.0.0,localport=5711], bind any local is true
 INFO  [pool-1-thread-1] {com.hazelcast.system} [127.0.0.1]:5711 [FenixFrameworkGroup] Hazelcast Community Edition 3.0.2 (20130906) starting at Address[127.0.0.1]:5711
 INFO  [pool-1-thread-1] {com.hazelcast.system} [127.0.0.1]:5711 [FenixFrameworkGroup] Copyright (C) 2008-2013 Hazelcast.com
 INFO  [pool-1-thread-1] {com.hazelcast.instance.Node} [127.0.0.1]:5711 [FenixFrameworkGroup] Creating MulticastJoiner
 INFO  [pool-1-thread-1] {com.hazelcast.core.LifecycleService} [127.0.0.1]:5711 [FenixFrameworkGroup] Address[127.0.0.1]:5711 is STARTING
 INFO  [pool-1-thread-1] {com.hazelcast.cluster.TcpIpJoiner} [127.0.0.1]:5711 [FenixFrameworkGroup] Connecting to possible member: Address[127.0.0.1]:5703
 INFO  [pool-1-thread-1] {com.hazelcast.cluster.TcpIpJoiner} [127.0.0.1]:5711 [FenixFrameworkGroup] Connecting to possible member: Address[127.0.0.1]:5702
 INFO  [pool-1-thread-1] {com.hazelcast.cluster.TcpIpJoiner} [127.0.0.1]:5711 [FenixFrameworkGroup] Connecting to possible member: Address[127.0.0.1]:5701
 INFO  [hz._hzInstance_1_FenixFrameworkGroup.cached.thread-1] {com.hazelcast.nio.SocketConnector} [127.0.0.1]:5711 [FenixFrameworkGroup] Connecting to /127.0.0.1:5701, timeout: 0, bind-any: true
 INFO  [hz._hzInstance_1_FenixFrameworkGroup.cached.thread-2] {com.hazelcast.nio.SocketConnector} [127.0.0.1]:5711 [FenixFrameworkGroup] Connecting to /127.0.0.1:5702, timeout: 0, bind-any: true
 INFO  [hz._hzInstance_1_FenixFrameworkGroup.cached.thread-3] {com.hazelcast.nio.SocketConnector} [127.0.0.1]:5711 [FenixFrameworkGroup] Connecting to /127.0.0.1:5703, timeout: 0, bind-any: true
 INFO  [hz._hzInstance_1_FenixFrameworkGroup.cached.thread-2] {com.hazelcast.nio.TcpIpConnectionManager} [127.0.0.1]:5711 [FenixFrameworkGroup] 53200 accepted socket connection from /127.0.0.1:5702
 INFO  [hz._hzInstance_1_FenixFrameworkGroup.cached.thread-3] {com.hazelcast.nio.TcpIpConnectionManager} [127.0.0.1]:5711 [FenixFrameworkGroup] 42133 accepted socket connection from /127.0.0.1:5703
 INFO  [hz._hzInstance_1_FenixFrameworkGroup.cached.thread-1] {com.hazelcast.nio.TcpIpConnectionManager} [127.0.0.1]:5711 [FenixFrameworkGroup] 52190 accepted socket connection from /127.0.0.1:5701
 INFO  [hz._hzInstance_1_FenixFrameworkGroup.cached.thread-1] {com.hazelcast.cluster.ClusterService} [127.0.0.1]:5711 [FenixFrameworkGroup] 

Members [12] {
	Member [127.0.0.1]:5701
	Member [127.0.0.1]:5702
	Member [127.0.0.1]:5704
	Member [127.0.0.1]:5705
	Member [127.0.0.1]:5706
	Member [127.0.0.1]:5703
	Member [127.0.0.1]:5707
	Member [127.0.0.1]:5708
	Member [127.0.0.1]:5709
	Member [127.0.0.1]:5710
	Member [127.0.0.1]:5711 this
	Member [127.0.0.1]:5712
}

 INFO  [hz._hzInstance_1_FenixFrameworkGroup.IO.thread-Acceptor] {com.hazelcast.nio.SocketAcceptor} [127.0.0.1]:5711 [FenixFrameworkGroup] Accepting socket connection from /127.0.0.1:38850
 INFO  [hz._hzInstance_1_FenixFrameworkGroup.IO.thread-Acceptor] {com.hazelcast.nio.TcpIpConnectionManager} [127.0.0.1]:5711 [FenixFrameworkGroup] 5711 accepted socket connection from /127.0.0.1:38850
 INFO  [hz._hzInstance_1_FenixFrameworkGroup.IO.thread-Acceptor] {com.hazelcast.nio.SocketAcceptor} [127.0.0.1]:5711 [FenixFrameworkGroup] Accepting socket connection from /127.0.0.1:52183
 INFO  [hz._hzInstance_1_FenixFrameworkGroup.IO.thread-Acceptor] {com.hazelcast.nio.TcpIpConnectionManager} [127.0.0.1]:5711 [FenixFrameworkGroup] 5711 accepted socket connection from /127.0.0.1:52183
 INFO  [hz._hzInstance_1_FenixFrameworkGroup.cached.thread-7] {com.hazelcast.nio.SocketConnector} [127.0.0.1]:5711 [FenixFrameworkGroup] Connecting to /127.0.0.1:5704, timeout: 0, bind-any: true
 INFO  [hz._hzInstance_1_FenixFrameworkGroup.cached.thread-7] {com.hazelcast.nio.TcpIpConnectionManager} [127.0.0.1]:5711 [FenixFrameworkGroup] 35899 accepted socket connection from /127.0.0.1:5704
 INFO  [hz._hzInstance_1_FenixFrameworkGroup.IO.thread-Acceptor] {com.hazelcast.nio.SocketAcceptor} [127.0.0.1]:5711 [FenixFrameworkGroup] Accepting socket connection from /127.0.0.1:34420
 INFO  [hz._hzInstance_1_FenixFrameworkGroup.IO.thread-Acceptor] {com.hazelcast.nio.TcpIpConnectionManager} [127.0.0.1]:5711 [FenixFrameworkGroup] 5711 accepted socket connection from /127.0.0.1:34420
 INFO  [hz._hzInstance_1_FenixFrameworkGroup.IO.thread-Acceptor] {com.hazelcast.nio.SocketAcceptor} [127.0.0.1]:5711 [FenixFrameworkGroup] Accepting socket connection from /127.0.0.1:42467
 INFO  [hz._hzInstance_1_FenixFrameworkGroup.IO.thread-Acceptor] {com.hazelcast.nio.TcpIpConnectionManager} [127.0.0.1]:5711 [FenixFrameworkGroup] 5711 accepted socket connection from /127.0.0.1:42467
 INFO  [hz._hzInstance_1_FenixFrameworkGroup.cached.thread-7] {com.hazelcast.nio.SocketConnector} [127.0.0.1]:5711 [FenixFrameworkGroup] Connecting to /127.0.0.1:5707, timeout: 0, bind-any: true
 INFO  [hz._hzInstance_1_FenixFrameworkGroup.cached.thread-9] {com.hazelcast.nio.SocketConnector} [127.0.0.1]:5711 [FenixFrameworkGroup] Connecting to /127.0.0.1:5708, timeout: 0, bind-any: true
 INFO  [hz._hzInstance_1_FenixFrameworkGroup.IO.thread-Acceptor] {com.hazelcast.nio.SocketAcceptor} [127.0.0.1]:5711 [FenixFrameworkGroup] Accepting socket connection from /127.0.0.1:36234
 INFO  [hz._hzInstance_1_FenixFrameworkGroup.cached.thread-10] {com.hazelcast.nio.SocketConnector} [127.0.0.1]:5711 [FenixFrameworkGroup] Connecting to /127.0.0.1:5709, timeout: 0, bind-any: true
 INFO  [hz._hzInstance_1_FenixFrameworkGroup.cached.thread-9] {com.hazelcast.nio.TcpIpConnectionManager} [127.0.0.1]:5711 [FenixFrameworkGroup] 45727 accepted socket connection from /127.0.0.1:5708
 INFO  [hz._hzInstance_1_FenixFrameworkGroup.cached.thread-7] {com.hazelcast.nio.TcpIpConnectionManager} [127.0.0.1]:5711 [FenixFrameworkGroup] 58173 accepted socket connection from /127.0.0.1:5707
 INFO  [hz._hzInstance_1_FenixFrameworkGroup.IO.thread-Acceptor] {com.hazelcast.nio.TcpIpConnectionManager} [127.0.0.1]:5711 [FenixFrameworkGroup] 5711 accepted socket connection from /127.0.0.1:36234
 INFO  [hz._hzInstance_1_FenixFrameworkGroup.cached.thread-10] {com.hazelcast.nio.TcpIpConnectionManager} [127.0.0.1]:5711 [FenixFrameworkGroup] 36177 accepted socket connection from /127.0.0.1:5709
 INFO  [hz._hzInstance_1_FenixFrameworkGroup.IO.thread-Acceptor] {com.hazelcast.nio.SocketAcceptor} [127.0.0.1]:5711 [FenixFrameworkGroup] Accepting socket connection from /127.0.0.1:40645
 INFO  [hz._hzInstance_1_FenixFrameworkGroup.cached.thread-4] {com.hazelcast.nio.SocketConnector} [127.0.0.1]:5711 [FenixFrameworkGroup] Connecting to /127.0.0.1:5712, timeout: 0, bind-any: true
 INFO  [hz._hzInstance_1_FenixFrameworkGroup.IO.thread-Acceptor] {com.hazelcast.nio.TcpIpConnectionManager} [127.0.0.1]:5711 [FenixFrameworkGroup] 5711 accepted socket connection from /127.0.0.1:40645
 INFO  [hz._hzInstance_1_FenixFrameworkGroup.cached.thread-4] {com.hazelcast.nio.TcpIpConnectionManager} [127.0.0.1]:5711 [FenixFrameworkGroup] 55222 accepted socket connection from /127.0.0.1:5712
 INFO  [hz._hzInstance_1_FenixFrameworkGroup.IO.thread-Acceptor] {com.hazelcast.nio.SocketAcceptor} [127.0.0.1]:5711 [FenixFrameworkGroup] Accepting socket connection from /127.0.0.1:35416
 INFO  [hz._hzInstance_1_FenixFrameworkGroup.IO.thread-Acceptor] {com.hazelcast.nio.TcpIpConnectionManager} [127.0.0.1]:5711 [FenixFrameworkGroup] 5711 accepted socket connection from /127.0.0.1:35416
 INFO  [pool-1-thread-1] {com.hazelcast.core.LifecycleService} [127.0.0.1]:5711 [FenixFrameworkGroup] Address[127.0.0.1]:5711 is STARTED
 INFO  [pool-1-thread-1] {pt.ist.fenixframework.backend.jvstm.cluster.ClusterUtils} Got (long) serverId: 9
 INFO  [pool-1-thread-1] {pt.ist.fenixframework.backend.jvstm.cluster.JvstmClusterBackEnd} This is NOT the first node.
 INFO  [pool-1-thread-1] {pt.ist.fenixframework.backend.jvstm.cluster.ClusterUtils} Waiting for startup from first node
 INFO  [pool-1-thread-1] {pt.ist.fenixframework.backend.jvstm.JVSTMBackEnd} initializeRepository()
 INFO  [pool-1-thread-1] {pt.ist.fenixframework.backend.jvstm.datagrid.radargun.DataGridDecorator} config=ispn52-repl-sync-rc.xml, isLocal=false, nodeIndex=10, confAttributes={name=ispn52-repl-sync-rc.xml}
 INFO  [pool-1-thread-1] {org.radargun.cachewrappers.InfinispanXSWrapper} Cannot find any site for slave index 10
[GC 259695K->12711K(2944064K), 0.0410740 secs]
 INFO  [pool-1-thread-1] {org.infinispan.remoting.transport.jgroups.JGroupsTransport} ISPN000078: Starting JGroups Channel
 WARN  [pool-1-thread-1] {org.jgroups.protocols.UDP} [JGRP00014] the send buffer of socket DatagramSocket was set to 640KB, but the OS only allocated 229.38KB. This might lead to performance problems. Please set your max send buffer in the OS correctly (e.g. net.core.wmem_max on Linux)
 WARN  [pool-1-thread-1] {org.jgroups.protocols.UDP} [JGRP00014] the receive buffer of socket DatagramSocket was set to 20MB, but the OS only allocated 229.38KB. This might lead to performance problems. Please set your max receive buffer in the OS correctly (e.g. net.core.rmem_max on Linux)
 WARN  [pool-1-thread-1] {org.jgroups.protocols.UDP} [JGRP00014] the send buffer of socket MulticastSocket was set to 640KB, but the OS only allocated 229.38KB. This might lead to performance problems. Please set your max send buffer in the OS correctly (e.g. net.core.wmem_max on Linux)
 WARN  [pool-1-thread-1] {org.jgroups.protocols.UDP} [JGRP00014] the receive buffer of socket MulticastSocket was set to 25MB, but the OS only allocated 229.38KB. This might lead to performance problems. Please set your max receive buffer in the OS correctly (e.g. net.core.rmem_max on Linux)
 INFO  [pool-1-thread-1] {org.infinispan.remoting.transport.jgroups.JGroupsTransport} ISPN000094: Received new cluster view: [deimos-esw-57427|7] [deimos-esw-57427, deimos-esw-57840, deimos-esw-60507, deimos-esw-34819, deimos-esw-15591, deimos-esw-58608, deimos-esw-20626, deimos-esw-57197, deimos-esw-13058, deimos-esw-21979, deimos-esw-52809, deimos-esw-13191]
 INFO  [pool-1-thread-1] {org.infinispan.remoting.transport.jgroups.JGroupsTransport} ISPN000079: Cache local address is deimos-esw-52809, physical addresses are [127.0.0.1:52010]
 INFO  [pool-1-thread-1] {org.infinispan.factories.GlobalComponentRegistry} ISPN000128: Infinispan version: Infinispan 'Delirium' 5.2.6.Final
 INFO  [pool-1-thread-1] {org.infinispan.transaction.lookup.JBossStandaloneJTAManagerLookup} ISPN000107: Retrieving transaction manager Transaction: unknown
 INFO  [pool-1-thread-1] {org.infinispan.jmx.CacheJmxRegistration} ISPN000031: MBeans were successfully registered to the platform MBean server.
 INFO  [pool-1-thread-1] {org.radargun.cachewrappers.InfinispanXSWrapper} Using transaction manager: Transaction: unknown
 INFO  [pool-1-thread-1] {org.radargun.cachewrappers.InfinispanXSWrapper} No RELAY2 protocol in XS wrapper
 INFO  [pool-1-thread-1] {org.radargun.cachewrappers.InfinispanXSWrapper} JGroups version: JGroups 3.2.7.Final
 INFO  [pool-1-thread-1] {org.radargun.cachewrappers.InfinispanXSWrapper} Using config attributes: {name=ispn52-repl-sync-rc.xml}
 INFO  [pool-1-thread-1] {pt.ist.fenixframework.backend.jvstm.datagrid.DataGridRepository} Initialization marker is present. Data Grid already existed.
 INFO  [pool-1-thread-1] {pt.ist.fenixframework.backend.jvstm.JVSTMBackEnd} initializeDomainClassInfos
 INFO  [pool-1-thread-1] {pt.ist.fenixframework.backend.jvstm.pstm.DomainClassInfo} serverId: 9, serverOidBase: 9000000000000
 INFO  [pool-1-thread-1] {pt.ist.fenixframework.backend.jvstm.pstm.DomainClassInfo} Existing domain class 'pt.ist.fenixframework.adt.bplustree.AbstractNode' with id 'f'
 INFO  [pool-1-thread-1] {pt.ist.fenixframework.backend.jvstm.pstm.DomainClassInfo} Existing domain class 'pt.ist.fenixframework.adt.bplustree.DomainInnerNode' with id '3'
 INFO  [pool-1-thread-1] {pt.ist.fenixframework.backend.jvstm.pstm.DomainClassInfo} Existing domain class 'pt.ist.fenixframework.adt.bplustree.LeafNodeArray' with id 'c'
 INFO  [pool-1-thread-1] {pt.ist.fenixframework.backend.jvstm.pstm.DomainClassInfo} Existing domain class 'pt.ist.fenixframework.adt.bplustree.InnerNode' with id '8'
 INFO  [pool-1-thread-1] {pt.ist.fenixframework.backend.jvstm.pstm.DomainClassInfo} Existing domain class 'pt.ist.fenixframework.adt.bplustree.LeafNode' with id '4'
 INFO  [pool-1-thread-1] {pt.ist.fenixframework.backend.jvstm.pstm.DomainClassInfo} Existing domain class 'pt.ist.fenixframework.adt.bplustree.BPlusTreeArray' with id '2'
 INFO  [pool-1-thread-1] {pt.ist.fenixframework.backend.jvstm.pstm.DomainClassInfo} Existing domain class 'pt.ist.fenixframework.adt.linkedlist.ListNode' with id '6'
 INFO  [pool-1-thread-1] {pt.ist.fenixframework.backend.jvstm.pstm.DomainClassInfo} Existing domain class 'pt.ist.fenixframework.adt.linkedlist.LinkedList' with id '9'
 INFO  [pool-1-thread-1] {pt.ist.fenixframework.backend.jvstm.pstm.DomainClassInfo} Existing domain class 'pt.ist.fenixframework.backend.jvstm.pstm.FenixFrameworkData' with id 'd'
 INFO  [pool-1-thread-1] {pt.ist.fenixframework.backend.jvstm.pstm.DomainClassInfo} Existing domain class 'pt.ist.fenixframework.adt.bplustree.DomainBPlusTree' with id 'e'
 INFO  [pool-1-thread-1] {pt.ist.fenixframework.backend.jvstm.pstm.DomainClassInfo} Existing domain class 'pt.ist.fenixframework.DomainRoot' with id '0'
 INFO  [pool-1-thread-1] {pt.ist.fenixframework.backend.jvstm.pstm.DomainClassInfo} Existing domain class 'pt.ist.fenixframework.adt.bplustree.DomainLeafNode' with id '1'
 INFO  [pool-1-thread-1] {pt.ist.fenixframework.backend.jvstm.pstm.DomainClassInfo} Existing domain class 'pt.ist.fenixframework.adt.bplustree.BPlusTree' with id '7'
 INFO  [pool-1-thread-1] {pt.ist.fenixframework.backend.jvstm.pstm.DomainClassInfo} Existing domain class 'pt.ist.fenixframework.adt.bplustree.AbstractNodeArray' with id 'a'
 INFO  [pool-1-thread-1] {pt.ist.fenixframework.backend.jvstm.pstm.DomainClassInfo} Existing domain class 'pt.ist.fenixframework.adt.bplustree.InnerNodeArray' with id 'b'
 INFO  [pool-1-thread-1] {pt.ist.fenixframework.backend.jvstm.pstm.DomainClassInfo} Existing domain class 'pt.ist.fenixframework.backend.jvstm.pstm.TransactionStatisticsEntry' with id '5'
 INFO  [pool-1-thread-1] {pt.ist.fenixframework.backend.jvstm.JVSTMBackEnd} setupJVSTM
 INFO  [pool-1-thread-1] {pt.ist.fenixframework.backend.jvstm.JVSTMBackEnd} Setting the last committed TX number to 2
 INFO  [pool-1-thread-1] {pt.ist.fenixframework.backend.jvstm.JVSTMBackEnd} createDomainRootIfNeeded
 INFO  [pool-1-thread-1] {pt.ist.fenixframework.backend.jvstm.JVSTMBackEnd} ensureFenixFrameworkDataExists
 INFO  [pool-1-thread-1] {pt.ist.fenixframework.hibernatesearch.HibernateSearchConfig} Resource 'fenix-framework-hibernate-search.properties' not found. Hibernate Search disabled
 INFO  [pool-1-thread-1] {pt.ist.fenixframework.FenixFramework} Initialization of Fenix Framework is now complete.
 INFO  [pool-1-thread-1] {org.radargun.cachewrappers.FFWrapper} FF STARTED=true
 INFO  [pool-1-thread-1] {org.radargun.stages.helpers.StartHelper} Number of members is the one expected: 12
 INFO  [pool-1-thread-1] {org.radargun.stages.StartClusterStage} Successfully started cache wrapper on slave 10: org.radargun.cachewrappers.FFWrapper@6cb433ce
 INFO  [pool-1-thread-1] {org.radargun.Slave} Finished stage: StartCluster {config=ispn52-repl-sync-rc.xml, delayAfterFirstSlaveStarts=5.000 secs, delayBetweenStartingSlaves=0.500 secs, exitBenchmarkOnSlaveFailure=true, expectNumSlaves=null, mayFailOn=null, reachable=null, runOnAllSlaves=false, slaves=null, staggerSlaveStartup=true, useSmartClassLoading=true, validateCluster=true }
 INFO  [main] {org.radargun.Slave} Ack successfully sent to the master
 INFO  [pool-1-thread-1] {org.radargun.Slave} Executing stage: ClusterValidation {exitBenchmarkOnSlaveFailure=false, partialReplication=false, replicationTimeSleep=2000, replicationTryCount=60, runOnAllSlaves=false, slaves=null, useSmartClassLoading=true }
 INFO  [pool-1-thread-1] {org.radargun.stages.ClusterValidationStage} Number of caches that replicated here is 1
 INFO  [pool-1-thread-1] {org.radargun.stages.ClusterValidationStage} Replication test failed, 1 tries so far. Sleeping for 2 seconds and trying again.
 INFO  [pool-1-thread-1] {org.radargun.stages.ClusterValidationStage} Number of caches that replicated here is 11
 INFO  [pool-1-thread-1] {org.radargun.stages.ClusterValidationStage} Replication test successfully passed. partialReplication? false, replicationCount = 11
 INFO  [pool-1-thread-1] {org.radargun.stages.ClusterValidationStage} Confirm phase successful.
 INFO  [pool-1-thread-1] {org.radargun.Slave} Finished stage: ClusterValidation {exitBenchmarkOnSlaveFailure=false, partialReplication=false, replicationTimeSleep=2000, replicationTryCount=60, runOnAllSlaves=false, slaves=[ 0, 1, 2, 3, 4, 5, 6, 7, 8, 9, 10, 11 ], useSmartClassLoading=true }
 INFO  [main] {org.radargun.Slave} Ack successfully sent to the master
 INFO  [pool-1-thread-1] {org.radargun.Slave} Executing stage: StressTestWarmup {bulkSize=1, cacheSpecificKeyGenerator=false, commitTransactions=true, duration=1 mins 0 secs, entrySize=1000, exitBenchmarkOnSlaveFailure=false, fixedKeys=true, generateHistogramRange=false, keyGeneratorClass=org.radargun.stressors.StringKeyGenerator, keyGeneratorParam=null, loadAllKeys=false, numEntries=100, numOfThreads=4, numRequests=10000, numThreads=4, numberOfAttributes=100, numberOfRequests=10000, opsCountStatusLog=100000, poolKeys=true, preferAsyncOperations=false, removePercentage=0, replaceInvalidPercentage=40, runOnAllSlaves=false, sharedKeys=false, sizeOfAnAttribute=1000, slaves=null, transactionSize=50, useAtomics=false, useHistogramStatistics=false, useSimpleStatistics=true, useSmartClassLoading=true, useTransactions=null, writePercentage=20, writeTxPercentage=20 }
 INFO  [pool-1-thread-1] {org.radargun.stages.StressTestWarmupStage} Starting StressTestWarmupStage: StressTestWarmup {bulkSize=1, cacheSpecificKeyGenerator=false, commitTransactions=true, duration=1 mins 0 secs, entrySize=1000, exitBenchmarkOnSlaveFailure=false, fixedKeys=true, generateHistogramRange=false, keyGeneratorClass=org.radargun.stressors.StringKeyGenerator, keyGeneratorParam=null, loadAllKeys=false, numEntries=100, numOfThreads=4, numRequests=10000, numThreads=4, numberOfAttributes=100, numberOfRequests=10000, opsCountStatusLog=100000, poolKeys=true, preferAsyncOperations=false, removePercentage=0, replaceInvalidPercentage=40, runOnAllSlaves=false, sharedKeys=false, sizeOfAnAttribute=1000, slaves=null, transactionSize=50, useAtomics=false, useHistogramStatistics=false, useSimpleStatistics=true, useSmartClassLoading=true, useTransactions=null, writePercentage=20, writeTxPercentage=20 }
 INFO  [pool-1-thread-1] {org.radargun.stressors.StressTestStressor} Using key generator org.radargun.stressors.StringKeyGenerator, param null
 INFO  [pool-1-thread-1] {org.radargun.stressors.StressTestStressor} Executing: StressTestStressor{opsCountStatusLog=100000, numRequests=10000, numEntries=100, entrySize=1000, writePercentage=20, numThreads=4, cacheWrapper=org.radargun.cachewrappers.FFWrapper@6cb433ce, nodeIndex=10, useTransactions=true, transactionSize=50, commitTransactions=true, durationMillis=60000}
 INFO  [pool-1-thread-1] {org.radargun.stressors.StressTestStressor} Cache wrapper info is: FFWrapper using infinispan52
[GC 268775K->20567K(2944064K), 0.0522850 secs]
[GC 276631K->18659K(2944064K), 0.0342220 secs]
 INFO  [pool-1-thread-1] {org.radargun.stressors.StressTestStressor} Started 4 stressor threads.
 INFO  [Stressor-1] {org.radargun.stressors.StressTestStressor} Number of ops executed so far: 1. Elapsed time: 0.000 secs. Remaining: 1 mins 0 secs. Total: 1 mins 0 secs
[GC 274723K->20366K(2944064K), 0.0372720 secs]
[GC 276430K->23933K(2944064K), 0.0379370 secs]
[GC 279997K->28405K(2944064K), 0.0394110 secs]
[GC 284469K->34640K(2944064K), 0.0391910 secs]
[GC 290704K->41636K(2944064K), 0.0407330 secs]
 INFO  [Stressor-2] {org.radargun.stressors.StressTestStressor} Number of ops executed so far: 19700. Elapsed time: 20.001 secs. Remaining: 39.999 secs. Total: 1 mins 0 secs
[GC 297700K->49271K(2944064K), 0.0438840 secs]
[GC 305335K->65997K(2944064K), 0.0445390 secs]
[GC 322061K->60385K(2944064K), 0.0475350 secs]
[GC 316449K->68881K(2944064K), 0.0475860 secs]
[GC 324945K->78617K(2944064K), 0.0520000 secs]
[GC 334681K->78723K(2944064K), 0.0530410 secs]
 INFO  [Stressor-3] {org.radargun.stressors.StressTestStressor} Number of ops executed so far: 76700. Elapsed time: 40.016 secs. Remaining: 19.984 secs. Total: 1 mins 0 secs
[GC 334787K->102636K(2944064K), 0.0541850 secs]
[GC 358700K->84634K(2944064K), 0.0674690 secs]
[GC 340698K->93281K(2944064K), 0.0573640 secs]
[GC 349345K->104736K(2944064K), 0.0500940 secs]
[GC 360800K->106133K(2944064K), 0.0487250 secs]
[GC 362176K->105341K(2944064K), 0.0511780 secs]
 INFO  [Stressor-3] {org.radargun.stressors.StressTestStressor} Number of ops executed so far: 156800. Elapsed time: 1 mins 0 secs. Remaining: 0.000 secs. Total: 1 mins 0 secs
 INFO  [pool-1-thread-1] {org.radargun.stressors.StressTestStressor} Finished generating report. Test duration is: 1 mins 13 secs
 INFO  [pool-1-thread-1] {org.radargun.stages.StressTestWarmupStage} The warmup took: 73 seconds.
 INFO  [pool-1-thread-1] {org.radargun.Slave} Finished stage: StressTestWarmup {bulkSize=1, cacheSpecificKeyGenerator=false, commitTransactions=true, duration=1 mins 0 secs, entrySize=1000, exitBenchmarkOnSlaveFailure=false, fixedKeys=true, generateHistogramRange=false, keyGeneratorClass=org.radargun.stressors.StringKeyGenerator, keyGeneratorParam=null, loadAllKeys=false, numEntries=100, numOfThreads=4, numRequests=10000, numThreads=4, numberOfAttributes=100, numberOfRequests=10000, opsCountStatusLog=100000, poolKeys=true, preferAsyncOperations=false, removePercentage=0, replaceInvalidPercentage=40, runOnAllSlaves=false, sharedKeys=false, sizeOfAnAttribute=1000, slaves=null, transactionSize=50, useAtomics=false, useHistogramStatistics=false, useSimpleStatistics=true, useSmartClassLoading=true, useTransactions=null, writePercentage=20, writeTxPercentage=20 }
 INFO  [main] {org.radargun.Slave} Ack successfully sent to the master
[GC 361405K->106043K(2944064K), 0.0544970 secs]
[GC 362107K->92451K(2944064K), 0.0440280 secs]
[GC 348515K->89966K(2944064K), 0.0447830 secs]
[GC 346030K->90231K(2944064K), 0.0447810 secs]
[GC 346295K->107226K(2944064K), 0.0494600 secs]
[GC 363290K->95565K(2944064K), 0.0462900 secs]
[GC 351629K->86327K(2944064K), 0.0503040 secs]
[GC 342391K->87605K(2944064K), 0.0834660 secs]
[GC 343669K->82777K(2944064K), 0.0499100 secs]
[GC 338841K->87034K(2944064K), 0.0504570 secs]
[GC 343098K->101845K(2944064K), 0.0513350 secs]
[GC 357909K->106669K(2944064K), 0.0520120 secs]
[GC 362733K->122935K(2944064K), 0.0524260 secs]
[GC 378999K->112448K(2944064K), 0.0529120 secs]
[GC 368512K->125608K(2944064K), 0.0546930 secs]
[GC 381672K->137292K(2944064K), 0.0558720 secs]
[GC 393351K->129055K(2944064K), 0.0536180 secs]
[GC 385119K->149921K(2944064K), 0.0608370 secs]
[GC 405985K->178381K(2944064K), 0.0672310 secs]
 INFO  [pool-1-thread-1] {org.radargun.Slave} Executing stage: ClearClusterStage {ClearCluster {exitBenchmarkOnSlaveFailure=false, runOnAllSlaves=false, slaves=[ 0 ], useSmartClassLoading=true }
 INFO  [pool-1-thread-1] {org.radargun.stages.ClearClusterStage} Before executing clear, memory looks like this: Memory - free: 2,755,196 kb - max:4,906,688 kb- total:2,944,064 kb
[Full GC 188867K->131572K(2944064K), 0.6542150 secs]
 INFO  [pool-1-thread-1] {org.radargun.stages.ClearClusterStage} After executing cleanup, memory looks like this: Memory - free: 2,811,409 kb - max:4,906,688 kb- total:2,944,192 kb
 INFO  [pool-1-thread-1] {org.radargun.Slave} Finished stage: ClearClusterStage {ClearCluster {exitBenchmarkOnSlaveFailure=false, runOnAllSlaves=false, slaves=[ 0 ], useSmartClassLoading=true }
 INFO  [main] {org.radargun.Slave} Ack successfully sent to the master
 INFO  [pool-1-thread-1] {org.radargun.Slave} Executing stage: StressTest {bulkSize=1, cacheSpecificKeyGenerator=false, commitTransactions=true, duration=1 mins 0 secs, entrySize=1000, exitBenchmarkOnSlaveFailure=false, fixedKeys=true, generateHistogramRange=false, keyGeneratorClass=org.radargun.stressors.StringKeyGenerator, keyGeneratorParam=null, loadAllKeys=false, numEntries=10000, numOfThreads=4, numRequests=10000000, numThreads=4, numberOfAttributes=10000, numberOfRequests=10000000, opsCountStatusLog=500000, poolKeys=true, preferAsyncOperations=false, removePercentage=0, replaceInvalidPercentage=40, runOnAllSlaves=false, sharedKeys=false, sizeOfAnAttribute=1000, slaves=null, transactionSize=10000, useAtomics=false, useHistogramStatistics=false, useSimpleStatistics=true, useSmartClassLoading=true, useTransactions=true, writePercentage=10, writeTxPercentage=5 }
 INFO  [pool-1-thread-1] {org.radargun.stages.StressTestStage} Starting StressTestStage: StressTest {bulkSize=1, cacheSpecificKeyGenerator=false, commitTransactions=true, duration=1 mins 0 secs, entrySize=1000, exitBenchmarkOnSlaveFailure=false, fixedKeys=true, generateHistogramRange=false, keyGeneratorClass=org.radargun.stressors.StringKeyGenerator, keyGeneratorParam=null, loadAllKeys=false, numEntries=10000, numOfThreads=4, numRequests=10000000, numThreads=4, numberOfAttributes=10000, numberOfRequests=10000000, opsCountStatusLog=500000, poolKeys=true, preferAsyncOperations=false, removePercentage=0, replaceInvalidPercentage=40, runOnAllSlaves=false, sharedKeys=false, sizeOfAnAttribute=1000, slaves=null, transactionSize=10000, useAtomics=false, useHistogramStatistics=false, useSimpleStatistics=true, useSmartClassLoading=true, useTransactions=true, writePercentage=10, writeTxPercentage=5 }
 INFO  [pool-1-thread-1] {org.radargun.stressors.StressTestStressor} Using key generator org.radargun.stressors.StringKeyGenerator, param null
 INFO  [pool-1-thread-1] {org.radargun.stressors.StressTestStressor} Executing: StressTestStressor{opsCountStatusLog=500000, numRequests=10000000, numEntries=10000, entrySize=1000, writePercentage=10, numThreads=4, cacheWrapper=org.radargun.cachewrappers.FFWrapper@6cb433ce, nodeIndex=10, useTransactions=true, transactionSize=10000, commitTransactions=true, durationMillis=60000}
 INFO  [pool-1-thread-1] {org.radargun.stressors.StressTestStressor} Cache wrapper info is: FFWrapper using infinispan52
[GC 387700K->204444K(2944192K), 0.0402450 secs]
[GC 460572K->150401K(2944192K), 0.0355870 secs]
[GC 406529K->142293K(2944192K), 0.0454800 secs]
[GC 398421K->147067K(2944192K), 0.0379210 secs]
[GC 403195K->149774K(2944192K), 0.0472230 secs]
[GC 405902K->154549K(2944192K), 0.0413550 secs]
[GC 410677K->155447K(2944192K), 0.0446610 secs]
[GC 411575K->159667K(2944192K), 0.0386350 secs]
[GC 415795K->169311K(2944192K), 0.0406730 secs]
[GC 425439K->174183K(2944192K), 0.0452910 secs]
[GC 430311K->179157K(2944192K), 0.0419770 secs]
[GC 435285K->184063K(2944192K), 0.0475380 secs]
[GC 440191K->172532K(2944192K), 0.0467390 secs]
[GC 428660K->185252K(2944192K), 0.0438810 secs]
[GC 441380K->189771K(2944192K), 0.0517200 secs]
[GC 445899K->186995K(2944192K), 0.0582560 secs]
[GC 443123K->201170K(2944192K), 0.0535280 secs]
[GC 457298K->204765K(2944192K), 0.0501660 secs]
[GC 460893K->208750K(2944192K), 0.0480780 secs]
[GC 464878K->212101K(2944192K), 0.0506070 secs]
[GC 468229K->215639K(2944192K), 0.0480150 secs]
[GC 471767K->208358K(2944192K), 0.0541310 secs]
[GC 464486K->210713K(2944192K), 0.0474310 secs]
[GC 466841K->218412K(2944192K), 0.0486860 secs]
[GC 474540K->209789K(2944192K), 0.0503600 secs]
[GC 465917K->235052K(2944192K), 0.0504650 secs]
[GC 491180K->223267K(2944192K), 0.0490090 secs]
[GC 479395K->227193K(2944192K), 0.0524530 secs]
[GC 483321K->235967K(2944192K), 0.0534660 secs]
[GC 492095K->241210K(2944192K), 0.0543470 secs]
[GC 497338K->245235K(2944192K), 0.0526640 secs]
[GC 501363K->248667K(2944192K), 0.0537460 secs]
[GC 504795K->252164K(2944192K), 0.0543480 secs]
[GC 508292K->254615K(2944192K), 0.0474850 secs]
[GC 510743K->247096K(2944192K), 0.0517680 secs]
[GC 503224K->257019K(2944192K), 0.0519470 secs]
[GC 513147K->254831K(2944192K), 0.0504630 secs]
[GC 510959K->259673K(2944192K), 0.0544120 secs]
[GC 515801K->265333K(2944192K), 0.0528180 secs]
[GC 521461K->269313K(2944192K), 0.0523240 secs]
[GC 525441K->285242K(2944192K), 0.0577750 secs]
[GC 541370K->263855K(2944192K), 0.0558870 secs]
[GC 519983K->272672K(2944192K), 0.0530500 secs]
[GC 528800K->281433K(2944192K), 0.0530350 secs]
[GC 537561K->289191K(2944192K), 0.0515000 secs]
[GC 545319K->268466K(2944192K), 0.0490270 secs]
[GC 524594K->277023K(2944192K), 0.0515870 secs]
[GC 533151K->285771K(2944192K), 0.0521730 secs]
[GC 541899K->279774K(2944192K), 0.0544790 secs]
[GC 535902K->284286K(2944192K), 0.0621530 secs]
[GC 540414K->300743K(2944192K), 0.0549490 secs]
[GC 556871K->316079K(2944192K), 0.0556920 secs]
[GC 572207K->294889K(2944192K), 0.0556040 secs]
[GC 551017K->303919K(2944192K), 0.0498130 secs]
[GC 560047K->303842K(2944192K), 0.0497230 secs]
[GC 559970K->306906K(2944192K), 0.0524230 secs]
[GC 563034K->309956K(2944192K), 0.0507800 secs]
[GC 566084K->325171K(2944192K), 0.0497540 secs]
[GC 581299K->306276K(2944192K), 0.0544340 secs]
[GC 562404K->327736K(2944192K), 0.0530670 secs]
[GC 583864K->325433K(2944192K), 0.0576690 secs]
[GC 581561K->329901K(2944192K), 0.0547050 secs]
[GC 586029K->321086K(2944192K), 0.0512780 secs]
[GC 577214K->324524K(2944192K), 0.0543750 secs]
 INFO  [pool-1-thread-1] {org.radargun.stressors.StressTestStressor} Started 4 stressor threads.
 INFO  [Stressor-1] {org.radargun.stressors.StressTestStressor} Number of ops executed so far: 1. Elapsed time: 0.000 secs. Remaining: 1 mins 0 secs. Total: 1 mins 0 secs
[GC 580652K->354125K(2944192K), 0.0548720 secs]
[GC 610237K->352762K(2944192K), 0.0604030 secs]
[GC 607460K->396533K(2944192K), 0.0720820 secs]
[GC 652661K->385927K(2944192K), 0.1006390 secs]
[GC 642055K->386109K(2944192K), 0.0602590 secs]
[GC 642234K->473753K(2944192K), 0.0903860 secs]
[GC 729881K->479677K(2944192K), 0.0714880 secs]
[GC 735452K->447705K(2944192K), 0.0696290 secs]
[GC 702501K->470095K(2944192K), 0.0515530 secs]
[GC 723238K->515985K(2944192K), 0.0665810 secs]
[GC 772113K->497033K(2944192K), 0.0626130 secs]
[GC 753161K->566463K(2944192K), 0.0807420 secs]
[GC 822560K->537517K(2944192K), 0.0691250 secs]
[GC 793645K->592852K(2944192K), 0.0705960 secs]
[GC 848924K->566384K(2944192K), 0.0674190 secs]
[GC 822512K->576908K(2944192K), 0.0830340 secs]
[GC 833036K->617008K(2944192K), 0.0692770 secs]
[GC 873132K->633091K(2944192K), 0.0564050 secs]
[GC 889219K->616233K(2944192K), 0.0565470 secs]
[GC 872361K->649175K(2944192K), 0.0462780 secs]
 INFO  [Stressor-3] {org.radargun.stressors.StressTestStressor} Number of ops executed so far: 3501940. Elapsed time: 20.000 secs. Remaining: 40.000 secs. Total: 1 mins 0 secs
[GC 901620K->657691K(2944192K), 0.0609680 secs]
[GC 913782K->659452K(2944192K), 0.0569510 secs]
[GC 915580K->661930K(2944192K), 0.0604950 secs]
[GC 918058K->689383K(2944192K), 0.0528810 secs]
[GC 943805K->678306K(2944192K), 0.0718490 secs]
[GC 933605K->687861K(2944192K), 0.0593660 secs]
[GC 943989K->693817K(2944192K), 0.0564520 secs]
[GC 949944K->727047K(2944192K), 0.0578260 secs]
[GC 983175K->712164K(2944192K), 0.0623620 secs]
[GC 968292K->714787K(2944192K), 0.0552100 secs]
[GC 970532K->755460K(2944192K), 0.0534490 secs]
[GC 1010699K->744727K(2944192K), 0.0611580 secs]
[GC 1000855K->755352K(2944192K), 0.0580380 secs]
[GC 1011480K->747868K(2944192K), 0.0540550 secs]
[GC 1003996K->782744K(2944192K), 0.0648370 secs]
[GC 1038872K->788034K(2944192K), 0.0646170 secs]
[GC 1044111K->770583K(2944192K), 0.0591540 secs]
[GC 1026711K->795064K(2944192K), 0.0540390 secs]
[GC 1051150K->816536K(2944192K), 0.0623950 secs]
[GC 1072613K->816812K(2944192K), 0.0678220 secs]
 INFO  [Stressor-0] {org.radargun.stressors.StressTestStressor} Number of ops executed so far: 7903421. Elapsed time: 40.000 secs. Remaining: 20.000 secs. Total: 1 mins 0 secs
[GC 1072940K->813633K(2944192K), 0.0591900 secs]
[GC 1067865K->847256K(2944192K), 0.0547280 secs]
[GC 1101814K->825656K(2944192K), 0.0633120 secs]
[GC 1081657K->833020K(2944192K), 0.0593000 secs]
[GC 1088651K->865790K(2944192K), 0.0529660 secs]
[GC 1121918K->849517K(2944192K), 0.0605310 secs]
[GC 1104906K->859121K(2944192K), 0.0531840 secs]
[GC 1115249K->864922K(2944192K), 0.0520560 secs]
[GC 1120987K->886206K(2944192K), 0.0551380 secs]
[GC 1142334K->892069K(2944192K), 0.0739050 secs]
[GC 1148197K->888756K(2944192K), 0.0576140 secs]
[GC 1143595K->919591K(2944192K), 0.0555630 secs]
[GC 1174656K->910451K(2944192K), 0.0708070 secs]
[GC 1166579K->903889K(2944192K), 0.0604720 secs]
[GC 1156372K->940019K(2944192K), 0.0522870 secs]
[GC 1196108K->942815K(2944192K), 0.0670740 secs]
[GC 1198929K->950605K(2944192K), 0.0569320 secs]
[GC 1206733K->941840K(2944192K), 0.0576010 secs]
[GC 1197968K->988453K(2944192K), 0.0558350 secs]
[GC 1244581K->983263K(2944192K), 0.0645730 secs]
[GC 1239391K->987764K(2944192K), 0.0634560 secs]
 INFO  [Stressor-2] {org.radargun.stressors.StressTestStressor} Number of ops executed so far: 12350000. Elapsed time: 1 mins 0 secs. Remaining: 0.000 secs. Total: 1 mins 0 secs
 INFO  [pool-1-thread-1] {org.radargun.stressors.StressTestStressor} Finished generating report. Test duration is: 5 mins 2 secs
 INFO  [pool-1-thread-1] {org.radargun.stages.StressTestStage} size info: FFWrapper using infinispan52, clusterSize:12, nodeIndex:10, cacheSize: -1
 INFO  [pool-1-thread-1] {org.radargun.Slave} Finished stage: StressTest {bulkSize=1, cacheSpecificKeyGenerator=false, commitTransactions=true, duration=1 mins 0 secs, entrySize=1000, exitBenchmarkOnSlaveFailure=false, fixedKeys=true, generateHistogramRange=false, keyGeneratorClass=org.radargun.stressors.StringKeyGenerator, keyGeneratorParam=null, loadAllKeys=false, numEntries=10000, numOfThreads=4, numRequests=10000000, numThreads=4, numberOfAttributes=10000, numberOfRequests=10000000, opsCountStatusLog=500000, poolKeys=true, preferAsyncOperations=false, removePercentage=0, replaceInvalidPercentage=40, runOnAllSlaves=false, sharedKeys=false, sizeOfAnAttribute=1000, slaves=null, transactionSize=10000, useAtomics=false, useHistogramStatistics=false, useSimpleStatistics=true, useSmartClassLoading=true, useTransactions=true, writePercentage=10, writeTxPercentage=5 }
 INFO  [main] {org.radargun.Slave} Ack successfully sent to the master
[GC 1243892K->995251K(2944192K), 0.0702490 secs]
[GC 1251379K->985937K(2944192K), 0.0470820 secs]
[GC 1242065K->975095K(2944192K), 0.0458980 secs]
[GC 1231223K->988341K(2944192K), 0.0433260 secs]
[GC 1244469K->979983K(2944192K), 0.0413880 secs]
[GC 1236111K->988059K(2944192K), 0.0490810 secs]
[GC 1244187K->995937K(2944192K), 0.0522320 secs]
[GC 1252065K->962388K(2944192K), 0.0499150 secs]
[GC 1218516K->965913K(2944192K), 0.0505960 secs]
[GC 1222041K->959778K(2944192K), 0.0500460 secs]
[GC 1215906K->970704K(2944192K), 0.0494200 secs]
[GC 1226832K->972937K(2944192K), 0.0453320 secs]
[GC 1229065K->975202K(2944192K), 0.0507240 secs]
[GC 1231330K->977543K(2944192K), 0.0508120 secs]
[GC 1233671K->981132K(2944192K), 0.0583770 secs]
[GC 1237260K->970097K(2944192K), 0.0542000 secs]
[GC 1226225K->962564K(2944192K), 0.0413280 secs]
[GC 1218692K->967914K(2944192K), 0.0428220 secs]
[GC 1224042K->975192K(2944192K), 0.0468640 secs]
[GC 1231320K->976471K(2944192K), 0.0429580 secs]
[GC 1232599K->977522K(2944192K), 0.0443820 secs]
[GC 1233650K->979094K(2944192K), 0.0452320 secs]
[GC 1235222K->980616K(2944192K), 0.0407880 secs]
[GC 1236744K->982340K(2944192K), 0.0467310 secs]
[GC 1238468K->990196K(2944192K), 0.0495450 secs]
[GC 1246324K->979877K(2944192K), 0.0433590 secs]
[GC 1236005K->994990K(2944192K), 0.0454670 secs]
[GC 1251118K->982046K(2944192K), 0.0415850 secs]
[GC 1238174K->992793K(2944192K), 0.0490570 secs]
[GC 1248921K->997784K(2944192K), 0.0434320 secs]
[GC 1253912K->987954K(2944192K), 0.0476050 secs]
[GC 1244082K->998096K(2944192K), 0.0492580 secs]
[GC 1254224K->990708K(2944192K), 0.0453660 secs]
[GC 1246836K->998907K(2944192K), 0.0427410 secs]
[GC 1255035K->994510K(2944192K), 0.0473830 secs]
[GC 1250638K->1002363K(2944192K), 0.0464380 secs]
[GC 1258491K->997673K(2944192K), 0.0450410 secs]
[GC 1253801K->1005227K(2944192K), 0.0474610 secs]
[GC 1261355K->1012739K(2944192K), 0.0414710 secs]
[GC 1268867K->1002248K(2944192K), 0.0481080 secs]
[GC 1258376K->1017472K(2944192K), 0.0419380 secs]
[GC 1273600K->1020393K(2944192K), 0.0582250 secs]
[GC 1276521K->1044207K(2944192K), 0.0562660 secs]
[GC 1300335K->1073529K(2944192K), 0.0724600 secs]
[GC 1329657K->1104725K(2944192K), 0.0920100 secs]
[GC 1360850K->1099149K(2944192K), 0.0997170 secs]
[GC 1355277K->1105804K(2944192K), 0.0806040 secs]
[GC 1361932K->1118726K(2944192K), 0.0885620 secs]
[GC 1374854K->1135735K(2944192K), 0.0786100 secs]
[GC 1391863K->1151721K(2944192K), 0.0757250 secs]
[GC 1407849K->1177656K(2944192K), 0.0782250 secs]
[GC 1433784K->1192354K(2944192K), 0.0792060 secs]
[GC 1448482K->1191823K(2944192K), 0.0758160 secs]
[GC 1447951K->1202180K(2944192K), 0.0747720 secs]
[GC 1458308K->1216003K(2944192K), 0.0736180 secs]
[GC 1472131K->1231157K(2944192K), 0.0733930 secs]
[GC 1487285K->1260757K(2944192K), 0.0733280 secs]
[GC 1516883K->1278096K(2944192K), 0.0768980 secs]
[GC 1534224K->1292292K(2944192K), 0.0804050 secs]
[GC 1548420K->1291400K(2944192K), 0.0761460 secs]
[GC 1547528K->1322702K(2944192K), 0.0761350 secs]
[GC 1578830K->1351610K(2944192K), 0.0887940 secs]
[GC 1607738K->1333140K(2944192K), 0.0790500 secs]
[GC 1589268K->1368713K(2944192K), 0.0757860 secs]
[GC 1624841K->1378297K(2944192K), 0.0733510 secs]
[GC 1634425K->1378823K(2944192K), 0.0763050 secs]
[GC 1379577K(2944192K), 0.0348830 secs]
[GC 1634950K->1394577K(2944192K), 0.0771400 secs]
[GC 1527301K(2944192K), 0.0689050 secs]
[GC 1174589K->930266K(2944192K), 0.0774890 secs]
[GC 1186394K->942955K(2944192K), 0.0796230 secs]
[GC 1199083K->958505K(2944192K), 0.0800240 secs]
[GC 1214633K->954772K(2944192K), 0.0707520 secs]
[GC 1210900K->974148K(2944192K), 0.0521630 secs]
[GC 1230276K->971895K(2944192K), 0.0557190 secs]
[GC 1228023K->972744K(2944192K), 0.0580890 secs]
[GC 1228872K->974304K(2944192K), 0.0565650 secs]
[GC 1230432K->975769K(2944192K), 0.0572750 secs]
[GC 1231897K->962358K(2944192K), 0.0590350 secs]
[GC 1218486K->994832K(2944192K), 0.0578450 secs]
[GC 1250960K->965097K(2944192K), 0.0602380 secs]
[GC 1221225K->961456K(2944192K), 0.1031040 secs]
[GC 1217584K->967451K(2944192K), 0.0500430 secs]
[GC 1223579K->979220K(2944192K), 0.0542720 secs]
[GC 1235348K->980303K(2944192K), 0.0553950 secs]
[GC 1236431K->973519K(2944192K), 0.0667370 secs]
[GC 1229647K->978858K(2944192K), 0.0592130 secs]
[GC 1234986K->972539K(2944192K), 0.0381810 secs]
[GC 1228667K->965033K(2944192K), 0.0367950 secs]
[GC 1221161K->976687K(2944192K), 0.0383250 secs]
[GC 1232815K->966882K(2944192K), 0.0396900 secs]
[GC 1223010K->975176K(2944192K), 0.0391130 secs]
[GC 1231304K->974318K(2944192K), 0.0409680 secs]
[GC 1230446K->975781K(2944192K), 0.0385410 secs]
[GC 1231909K->981844K(2944192K), 0.0365170 secs]
[GC 1237972K->973956K(2944192K), 0.0419410 secs]
[GC 1230084K->985754K(2944192K), 0.0391890 secs]
[GC 1241882K->975759K(2944192K), 0.0398000 secs]
[GC 1230010K->983728K(2944192K), 0.0378460 secs]
[GC 1239856K->987357K(2944192K), 0.0379360 secs]
[GC 1243485K->979877K(2944192K), 0.0418280 secs]
[GC 1236005K->992062K(2944192K), 0.0388390 secs]
[GC 1248190K->981982K(2944192K), 0.0385240 secs]
[GC 1238110K->986118K(2944192K), 0.0420920 secs]
[GC 1242246K->993968K(2944192K), 0.0386520 secs]
[GC 1250096K->986371K(2944192K), 0.0387130 secs]
[GC 1242499K->989973K(2944192K), 0.0412470 secs]
[GC 1246101K->998086K(2944192K), 0.0393240 secs]
[GC 1254214K->990457K(2944192K), 0.0418800 secs]
[GC 1246585K->998558K(2944192K), 0.0395380 secs]
[GC 1254686K->1002134K(2944192K), 0.0392360 secs]
[GC 1258262K->994364K(2944192K), 0.0413320 secs]
[GC 1250492K->1007038K(2944192K), 0.0396190 secs]
[GC 1263166K->996540K(2944192K), 0.0412680 secs]
[GC 1252668K->1009830K(2944192K), 0.0396110 secs]
[GC 1265958K->998998K(2944192K), 0.0398710 secs]
[GC 1255126K->1012186K(2944192K), 0.0414240 secs]
[GC 1268314K->1004567K(2944192K), 0.0413600 secs]
[GC 1260695K->1015118K(2944192K), 0.0414010 secs]
[GC 1271246K->1004297K(2944192K), 0.0411100 secs]
[GC 1260425K->1017726K(2944192K), 0.0383430 secs]
[GC 1273854K->1006888K(2944192K), 0.0416340 secs]
[GC 1263016K->1020280K(2944192K), 0.0406490 secs]
[GC 1276408K->1009690K(2944192K), 0.0384600 secs]
[GC 1265818K->1018636K(2944192K), 0.0415940 secs]
[GC 1274764K->1022658K(2944192K), 0.0420930 secs]
[GC 1278786K->1014455K(2944192K), 0.0420590 secs]
[GC 1270583K->1027155K(2944192K), 0.0408460 secs]
[GC 1283283K->1016313K(2944192K), 0.0387750 secs]
[GC 1272441K->1029881K(2944192K), 0.0414560 secs]
[GC 1286009K->1019083K(2944192K), 0.0415730 secs]
[GC 1275211K->1033024K(2944192K), 0.0422150 secs]
[GC 1289152K->1021931K(2944192K), 0.0389700 secs]
[GC 1278059K->1030775K(2944192K), 0.0404440 secs]
[GC 1286903K->1034887K(2944192K), 0.0397480 secs]
[GC 1291015K->1026735K(2944192K), 0.0392370 secs]
[GC 1282863K->1035447K(2944192K), 0.0429160 secs]
[GC 1291575K->1039535K(2944192K), 0.0383680 secs]
[GC 1295663K->1030953K(2944192K), 0.0435830 secs]
[GC 1287081K->1044168K(2944192K), 0.0407680 secs]
[GC 1300296K->1032980K(2944192K), 0.0399100 secs]
[GC 1289108K->1047314K(2944192K), 0.0408250 secs]
[GC 1303442K->1036089K(2944192K), 0.0411000 secs]
[GC 1292217K->1045343K(2944192K), 0.0419950 secs]
[GC 1301471K->1049319K(2944192K), 0.0454260 secs]
[GC 1305447K->1040911K(2944192K), 0.0406150 secs]
[GC 1297039K->1054537K(2944192K), 0.0415550 secs]
[GC 1310665K->1043058K(2944192K), 0.0430980 secs]
[GC 1299186K->1057345K(2944192K), 0.0406230 secs]
[GC 1313473K->1045911K(2944192K), 0.0405350 secs]
[GC 1302039K->1060205K(2944192K), 0.0419280 secs]
[GC 1316333K->1048738K(2944192K), 0.0411060 secs]
[GC 1304866K->1063384K(2944192K), 0.0392390 secs]
[GC 1319512K->1051802K(2944192K), 0.0407480 secs]
[GC 1307930K->1066568K(2944192K), 0.0436900 secs]
[GC 1322696K->1054926K(2944192K), 0.0554010 secs]
[GC 1311054K->1069518K(2944192K), 0.0404560 secs]
[GC 1325646K->1057528K(2944192K), 0.0411930 secs]
[GC 1313656K->1072171K(2944192K), 0.0408230 secs]
[GC 1328299K->1060503K(2944192K), 0.0420500 secs]
[GC 1316631K->1075574K(2944192K), 0.0451550 secs]
[GC 1331702K->1063771K(2944192K), 0.0439270 secs]
[GC 1319899K->1078611K(2944192K), 0.0405000 secs]
[GC 1334739K->1066589K(2944192K), 0.0427270 secs]
[GC 1322717K->1076624K(2944192K), 0.0436070 secs]
[GC 1332752K->1070171K(2944192K), 0.0398190 secs]
[GC 1326299K->1083530K(2944192K), 0.0408010 secs]
[GC 1339658K->1073882K(2944192K), 0.0432760 secs]
[GC 1330010K->1083131K(2944192K), 0.0408220 secs]
[GC 1339259K->1087516K(2944192K), 0.0440680 secs]
[GC 1343644K->1078302K(2944192K), 0.0395770 secs]
[GC 1334430K->1087891K(2944192K), 0.0446390 secs]
[GC 1344019K->1092380K(2944192K), 0.0426580 secs]
[GC 1348508K->1083114K(2944192K), 0.0427820 secs]
[GC 1339242K->1098223K(2944192K), 0.0491690 secs]
[GC 1354351K->1085432K(2944192K), 0.0480840 secs]
[GC 1341560K->1100814K(2944192K), 0.0463050 secs]
[GC 1356942K->1088437K(2944192K), 0.0480170 secs]
[GC 1344565K->1098913K(2944192K), 0.0475330 secs]
[GC 1355041K->1097963K(2944192K), 0.0458310 secs]
[GC 1354091K->1100179K(2944192K), 0.0460650 secs]
[GC 1356307K->1101719K(2944192K), 0.0433690 secs]
[GC 1357847K->1103426K(2944192K), 0.0488670 secs]
[GC 1359554K->1105328K(2944192K), 0.0465080 secs]
[GC 1361456K->1106992K(2944192K), 0.0507840 secs]
[GC 1363120K->1114756K(2944192K), 0.0444890 secs]
[GC 1370884K->1104120K(2944192K), 0.0451870 secs]
[GC 1360248K->1113593K(2944192K), 0.0431420 secs]
[GC 1369721K->1118211K(2944192K), 0.0478820 secs]
[GC 1374339K->1108585K(2944192K), 0.0529050 secs]
[GC 1364713K->1123939K(2944192K), 0.0508640 secs]
[GC 1380067K->1110976K(2944192K), 0.0436140 secs]
[GC 1367104K->1126968K(2944192K), 0.0466260 secs]
[GC 1383096K->1113927K(2944192K), 0.0465130 secs]
[GC 1370055K->1130406K(2944192K), 0.0433020 secs]
[GC 1386534K->1117414K(2944192K), 0.0472770 secs]
[GC 1373542K->1133829K(2944192K), 0.0440540 secs]
[GC 1389957K->1120849K(2944192K), 0.0486960 secs]
[GC 1376977K->1131606K(2944192K), 0.0432910 secs]
[GC 1387734K->1130252K(2944192K), 0.0487340 secs]
[GC 1386380K->1132322K(2944192K), 0.0457800 secs]
[GC 1388450K->1128259K(2944192K), 0.0431190 secs]
[GC 1384387K->1135943K(2944192K), 0.0412780 secs]
[GC 1392071K->1137672K(2944192K), 0.0414730 secs]
[GC 1393800K->1133200K(2944192K), 0.0472890 secs]
[GC 1389328K->1140551K(2944192K), 0.0409600 secs]
[GC 1396679K->1141945K(2944192K), 0.0457340 secs]
[GC 1398073K->1143498K(2944192K), 0.0447310 secs]
[GC 1399626K->1145263K(2944192K), 0.0470970 secs]
[GC 1401391K->1146931K(2944192K), 0.0446000 secs]
[GC 1403059K->1148267K(2944192K), 0.0419000 secs]
[GC 1404395K->1143779K(2944192K), 0.0859670 secs]
[GC 1399907K->1150921K(2944192K), 0.0421570 secs]
[GC 1407049K->1152562K(2944192K), 0.0441260 secs]
[GC 1408690K->1154111K(2944192K), 0.0415860 secs]
[GC 1410239K->1155620K(2944192K), 0.0426500 secs]
[GC 1411748K->1157328K(2944192K), 0.0441340 secs]
[GC 1413456K->1152891K(2944192K), 0.0424200 secs]
[GC 1409019K->1160226K(2944192K), 0.0412810 secs]
[GC 1416354K->1155756K(2944192K), 0.0448080 secs]
[GC 1411884K->1169029K(2944192K), 0.0466390 secs]
[GC 1425157K->1158801K(2944192K), 0.0432850 secs]
[GC 1414929K->1162976K(2944192K), 0.0453520 secs]
[GC 1419104K->1167070K(2944192K), 0.0456110 secs]
[GC 1423198K->1163014K(2944192K), 0.0433000 secs]
[GC 1419142K->1164410K(2944192K), 0.0469850 secs]
[GC 1420538K->1171601K(2944192K), 0.0476090 secs]
[GC 1427729K->1173133K(2944192K), 0.0440390 secs]
[GC 1429261K->1169085K(2944192K), 0.0416790 secs]
[GC 1425213K->1170632K(2944192K), 0.0442270 secs]
[GC 1426760K->1166293K(2944192K), 0.0414180 secs]
[GC 1422421K->1173184K(2944192K), 0.0469500 secs]
[GC 1429312K->1185877K(2944192K), 0.0477110 secs]
[GC 1442005K->1176002K(2944192K), 0.0440520 secs]
[GC 1432130K->1190084K(2944192K), 0.0442100 secs]
[GC 1446212K->1177951K(2944192K), 0.0490730 secs]
[GC 1434079K->1192791K(2944192K), 0.0467200 secs]
[GC 1448919K->1180561K(2944192K), 0.0448120 secs]
[GC 1436689K->1195282K(2944192K), 0.0419400 secs]
[GC 1451410K->1183476K(2944192K), 0.0430330 secs]
[GC 1439604K->1198479K(2944192K), 0.0404300 secs]
[GC 1454607K->1186455K(2944192K), 0.0426480 secs]
[GC 1442583K->1196529K(2944192K), 0.0492270 secs]
[GC 1452657K->1195166K(2944192K), 0.0487910 secs]
[GC 1451294K->1197013K(2944192K), 0.0423830 secs]
[GC 1453141K->1204084K(2944192K), 0.0449580 secs]
[GC 1460212K->1194440K(2944192K), 0.0434570 secs]
[GC 1450568K->1208498K(2944192K), 0.0490910 secs]
[GC 1464626K->1196428K(2944192K), 0.0457540 secs]
[GC 1452556K->1211041K(2944192K), 0.0430120 secs]
[GC 1467169K->1198951K(2944192K), 0.0415880 secs]
[GC 1455079K->1213354K(2944192K), 0.0422300 secs]
[GC 1469482K->1201789K(2944192K), 0.0418680 secs]
[GC 1457917K->1211632K(2944192K), 0.0404630 secs]
[GC 1467760K->1205239K(2944192K), 0.0458200 secs]
[GC 1461367K->1212574K(2944192K), 0.0454020 secs]
[GC 1468702K->1213905K(2944192K), 0.0404200 secs]
[GC 1470033K->1215246K(2944192K), 0.0718880 secs]
[GC 1471374K->1216746K(2944192K), 0.0432440 secs]
[GC 1472874K->1218136K(2944192K), 0.0454980 secs]
[GC 1474264K->1214217K(2944192K), 0.0448820 secs]
[GC 1470345K->1221071K(2944192K), 0.0426540 secs]
[GC 1477199K->1222233K(2944192K), 0.0456090 secs]
[GC 1478361K->1218225K(2944192K), 0.0457120 secs]
[GC 1474353K->1225017K(2944192K), 0.0413790 secs]
[GC 1481145K->1221056K(2944192K), 0.0442240 secs]
[GC 1477184K->1222526K(2944192K), 0.0427660 secs]
[GC 1478654K->1229596K(2944192K), 0.0455670 secs]
[GC 1485724K->1225442K(2944192K), 0.0454370 secs]
[GC 1481570K->1231946K(2944192K), 0.0432440 secs]
[GC 1488074K->1233432K(2944192K), 0.0414040 secs]
[GC 1489560K->1240264K(2944192K), 0.0413990 secs]
[GC 1496392K->1230961K(2944192K), 0.0459970 secs]
[GC 1487089K->1239837K(2944192K), 0.0460670 secs]
[GC 1495965K->1238533K(2944192K), 0.0420430 secs]
[GC 1494661K->1234874K(2944192K), 0.0475790 secs]
[GC 1491002K->1236328K(2944192K), 0.0440830 secs]
[GC 1492456K->1237858K(2944192K), 0.0413740 secs]
[GC 1493986K->1239332K(2944192K), 0.0440770 secs]
[GC 1495460K->1246142K(2944192K), 0.0475690 secs]
[GC 1502270K->1247653K(2944192K), 0.0411990 secs]
[GC 1503781K->1249119K(2944192K), 0.0441630 secs]
[GC 1505247K->1250500K(2944192K), 0.0588060 secs]
[GC 1506628K->1246162K(2944192K), 0.0421220 secs]
[GC 1502290K->1247567K(2944192K), 0.0430970 secs]
[GC 1503695K->1254498K(2944192K), 0.0477310 secs]
[GC 1510626K->1250495K(2944192K), 0.0471170 secs]
[GC 1506623K->1257422K(2944192K), 0.0473930 secs]
[GC 1513550K->1253537K(2944192K), 0.0413040 secs]
[GC 1509665K->1254860K(2944192K), 0.0461630 secs]
[GC 1510988K->1256130K(2944192K), 0.0486160 secs]
[GC 1512258K->1257530K(2944192K), 0.0404230 secs]
[GC 1513658K->1264459K(2944192K), 0.0409450 secs]
[GC 1520587K->1265836K(2944192K), 0.0439110 secs]
[GC 1521964K->1267431K(2944192K), 0.0478870 secs]
[GC 1523559K->1263570K(2944192K), 0.0455970 secs]
[GC 1519698K->1270318K(2944192K), 0.0401480 secs]
[GC 1526446K->1266034K(2944192K), 0.0468340 secs]
[GC 1522162K->1267474K(2944192K), 0.0460410 secs]
[GC 1523602K->1280015K(2944192K), 0.0430150 secs]
[GC 1536143K->1270469K(2944192K), 0.0658480 secs]
[GC 1526597K->1279391K(2944192K), 0.0469120 secs]
[GC 1535519K->1283467K(2944192K), 0.0445000 secs]
[GC 1539595K->1274365K(2944192K), 0.0433170 secs]
[GC 1530493K->1283383K(2944192K), 0.0447650 secs]
[GC 1539511K->1276821K(2944192K), 0.0441960 secs]
[GC 1532949K->1278860K(2944192K), 0.0435440 secs]
[GC 1534988K->1285979K(2944192K), 0.0432320 secs]
[GC 1542107K->1281988K(2944192K), 0.0460300 secs]
[GC 1538116K->1283217K(2944192K), 0.0466560 secs]
[GC 1539345K->1295409K(2944192K), 0.0417040 secs]
[GC 1551537K->1286025K(2944192K), 0.0440990 secs]
[GC 1542153K->1299704K(2944192K), 0.0469450 secs]
[GC 1555832K->1291328K(2944192K), 0.0455130 secs]
[GC 1547456K->1297898K(2944192K), 0.0465290 secs]
[GC 1554026K->1302176K(2944192K), 0.0445350 secs]
[GC 1558304K->1293078K(2944192K), 0.0428800 secs]
[GC 1549206K->1307049K(2944192K), 0.0446700 secs]
[GC 1563177K->1295182K(2944192K), 0.0463570 secs]
[GC 1551310K->1305125K(2944192K), 0.0460460 secs]
[GC 1561253K->1315063K(2944192K), 0.0438590 secs]
[GC 1571191K->1300602K(2944192K), 0.0442940 secs]
[GC 1556730K->1314393K(2944192K), 0.0419670 secs]
[GC 1570521K->1302486K(2944192K), 0.0429150 secs]
[GC 1558614K->1317357K(2944192K), 0.0470640 secs]
[GC 1573485K->1305471K(2944192K), 0.0437370 secs]
[GC 1561599K->1315331K(2944192K), 0.0461720 secs]
[GC 1571459K->1314425K(2944192K), 0.0447390 secs]
[GC 1570553K->1316253K(2944192K), 0.0423150 secs]
[GC 1572381K->1317886K(2944192K), 0.0428120 secs]
[GC 1573617K->1330641K(2944192K), 0.0571070 secs]
[GC 1586769K->1352837K(2944192K), 0.0618010 secs]
[GC 1608965K->1378470K(2944192K), 0.0725440 secs]
[GC 1634598K->1403961K(2944192K), 0.0802110 secs]
[GC 1660089K->1423037K(2944192K), 0.0829630 secs]
[GC 1679165K->1406234K(2944192K), 0.1049360 secs]
[GC 1662362K->1445656K(2944192K), 0.0724300 secs]
[GC 1701784K->1455148K(2944192K), 0.0810630 secs]
[GC 1711276K->1463447K(2944192K), 0.0799170 secs]
[GC 1719539K->1479486K(2944192K), 0.0886850 secs]
[GC 1735614K->1507093K(2944192K), 0.0917080 secs]
[GC 1763221K->1495211K(2944192K), 0.0778150 secs]
[GC 1751339K->1523120K(2944192K), 0.0738200 secs]
[GC 1778936K->1526859K(2944192K), 0.0902760 secs]
[GC 1782987K->1542629K(2944192K), 0.0970240 secs]
[GC 1798757K->1561276K(2944192K), 0.0744650 secs]
[GC 1816787K->1570078K(2944192K), 0.0887630 secs]
[GC 1826206K->1568384K(2944192K), 0.0840900 secs]
[GC 1824512K->1597759K(2944192K), 0.0901630 secs]
[GC 1853853K->1596289K(2944192K), 0.0955610 secs]
[GC 1852417K->1641994K(2944192K), 0.0776230 secs]
[GC 1898122K->1626206K(2944192K), 0.0918960 secs]
[GC 1882334K->1623313K(2944192K), 0.0969760 secs]
[GC 1879441K->1633006K(2944192K), 0.0745730 secs]
[GC 1889134K->1647991K(2944192K), 0.1169830 secs]
[GC 1904119K->1638742K(2944192K), 0.0669620 secs]
[GC 1894870K->1637765K(2944192K), 0.0695880 secs]
[GC 1893893K->1639015K(2944192K), 0.0706640 secs]
[GC 1895143K->1655925K(2944192K), 0.0677770 secs]
[GC 1912053K->1642731K(2944192K), 0.0686580 secs]
[GC 1898859K->1644642K(2944192K), 0.0702190 secs]
[GC 1900770K->1645468K(2944192K), 0.0760620 secs]
[GC 1901596K->1649792K(2944192K), 0.0621740 secs]
[GC 1905920K->1648119K(2944192K), 0.0655320 secs]
[GC 1904247K->1649260K(2944192K), 0.0668100 secs]
[GC 1905388K->1651157K(2944192K), 0.0679270 secs]
[GC 1907285K->1654123K(2944192K), 0.0774290 secs]
[GC 1910251K->1661366K(2944192K), 0.0676670 secs]
[GC 1917494K->1653319K(2944192K), 0.0532040 secs]
[GC 1909447K->1650975K(2944192K), 0.0477050 secs]
[GC 1907103K->1658836K(2944192K), 0.0449970 secs]
[GC 1914964K->1660478K(2944192K), 0.0424120 secs]
[GC 1916606K->1656264K(2944192K), 0.0439720 secs]
[GC 1912392K->1657605K(2944192K), 0.0446390 secs]
[GC 1913733K->1665342K(2944192K), 0.0423400 secs]
[GC 1921470K->1660978K(2944192K), 0.0427930 secs]
[GC 1917106K->1668581K(2944192K), 0.0487450 secs]
[GC 1924709K->1663944K(2944192K), 0.0490930 secs]
[GC 1920072K->1671544K(2944192K), 0.0420370 secs]
[GC 1927672K->1667296K(2944192K), 0.0439310 secs]
[GC 1923424K->1668582K(2944192K), 0.0424450 secs]
[GC 1924710K->1676221K(2944192K), 0.0473830 secs]
[GC 1932349K->1678050K(2944192K), 0.0408600 secs]
[GC 1934178K->1679730K(2944192K), 0.0580230 secs]
[GC 1935858K->1681338K(2944192K), 0.0456490 secs]
[GC 1937466K->1683049K(2944192K), 0.0435150 secs]
[GC 1939177K->1678706K(2944192K), 0.0408690 secs]
[GC 1934834K->1692332K(2944192K), 0.0441290 secs]
[GC 1948460K->1681740K(2944192K), 0.0426080 secs]
[GC 1937170K->1697263K(2944192K), 0.0616450 secs]
[GC 1953391K->1725741K(2944192K), 0.0668170 secs]
[GC 1981869K->1759665K(2944192K), 0.0709850 secs]
[GC 2015793K->1786808K(2944192K), 0.0749180 secs]
[GC 2042936K->1763191K(2944192K), 0.1036100 secs]
[GC 2019319K->1786377K(2944192K), 0.0826800 secs]
[GC 2042495K->1829230K(2944192K), 0.0803560 secs]
[GC 2085358K->1817637K(2944192K), 0.1032000 secs]
[GC 2073765K->1824920K(2944192K), 0.0884910 secs]
[GC 2081014K->1866490K(2944192K), 0.0735900 secs]
[GC 2122618K->1852940K(2944192K), 0.0916150 secs]
[GC 2108780K->1865586K(2944192K), 0.1110750 secs]
[GC 2121697K->1908063K(2944192K), 0.0679360 secs]
[GC 2162913K->1902338K(2944192K), 0.0960400 secs]
[GC 2158466K->1923272K(2944192K), 0.0971190 secs]
[GC 2179400K->1916259K(2944192K), 0.0791280 secs]
[GC 2171748K->1946472K(2944192K), 0.0836520 secs]
[GC 2202600K->1958321K(2944192K), 0.0792430 secs]
[GC 2214399K->1972169K(2944192K), 0.0795060 secs]
[GC 2228297K->1986666K(2944192K), 0.0824410 secs]
[GC 2242761K->1997223K(2944192K), 0.0789000 secs]
[GC 2253351K->1980627K(2944192K), 0.0705350 secs]
[GC 2236755K->1996250K(2944192K), 0.0543700 secs]
[GC 2252378K->1994441K(2944192K), 0.0547530 secs]
[GC 2250569K->1995691K(2944192K), 0.0541660 secs]
[GC 2251819K->1998159K(2944192K), 0.0547190 secs]
[GC 2254287K->2000686K(2944192K), 0.0591230 secs]
[GC 2256814K->2003294K(2944192K), 0.0582210 secs]
[GC 2259422K->2005959K(2944192K), 0.0582690 secs]
[GC 2262087K->2008563K(2944192K), 0.0611590 secs]
[GC 2264691K->1993308K(2944192K), 0.0707100 secs]
[GC 2249436K->1998540K(2944192K), 0.0569810 secs]
[GC 2254668K->1997756K(2944192K), 0.0567800 secs]
[GC 2253884K->2012853K(2944192K), 0.0564030 secs]
[GC 2268981K->2003181K(2944192K), 0.0694730 secs]
[GC 2259309K->2008311K(2944192K), 0.0730910 secs]
[GC 2264439K->2032644K(2944192K), 0.0583500 secs]
[GC 2288769K->2048538K(2944192K), 0.0690300 secs]
[GC 2304666K->2073366K(2944192K), 0.0778930 secs]
[GC 2329494K->2090179K(2944192K), 0.0830490 secs]
[GC 2346260K->2076866K(2944192K), 0.0966320 secs]
[GC 2332994K->2121265K(2944192K), 0.0834640 secs]
[GC 2377393K->2152581K(2944192K), 0.0827430 secs]
[GC 2408709K->2130774K(2944192K), 0.0768230 secs]
[GC 2386235K->2180076K(2944192K), 0.0811960 secs]
[GC 2436204K->2155350K(2944192K), 0.0788360 secs]
[GC 2411478K->2182493K(2944192K), 0.0821350 secs]
[GC 2438621K->2216516K(2944192K), 0.0858710 secs]
[GC 2471722K->2196255K(2944192K), 0.0761100 secs]
[GC 2452383K->2233256K(2944192K), 0.0755910 secs]
[GC 2489384K->2254638K(2944192K), 0.0741150 secs]
[GC 2510766K->2237334K(2944192K), 0.0770160 secs]
[GC 2493462K->2291773K(2944192K), 0.0738460 secs]
[GC 2547901K->2265062K(2944192K), 0.0746070 secs]
[GC 2521190K->2307474K(2944192K), 0.0748980 secs]
[GC 2563602K->2330113K(2944192K), 0.0890430 secs]
[GC 2586241K->2332348K(2944192K), 0.0819130 secs]
[GC 2588476K->2363321K(2944192K), 0.0759600 secs]
[GC 2619449K->2371616K(2944192K), 0.0899970 secs]
[GC 2627744K->2404821K(2944192K), 0.0885820 secs]
[GC 2660949K->2386992K(2944192K), 0.0869480 secs]
[GC 2643103K->2436992K(2944192K), 0.0822480 secs]
[GC 2693091K->2414641K(2944192K), 0.0848050 secs]
[GC 2670769K->2461774K(2954176K), 0.0900970 secs]
[GC 2717902K->2485206K(2970688K), 0.0922620 secs]
[GC 2741334K->2470861K(3004480K), 0.1084090 secs]
[GC 2726989K->2494036K(3021952K), 0.0863940 secs]
[GC 2750164K->2510789K(3040576K), 0.0838620 secs]
[GC 2766917K->2551745K(3040576K), 0.0734560 secs]
[GC 2807873K->2560356K(3057664K), 0.0923390 secs]
[GC 2814994K->2557793K(3074752K), 0.0978250 secs]
[GC 2812820K->2605221K(3091072K), 0.0950960 secs]
[GC 2861349K->2610178K(3107584K), 0.0920140 secs]
[GC 2866194K->2627900K(3123904K), 0.0880070 secs]
[GC 2884028K->2640934K(3140032K), 0.0873920 secs]
[GC 2897050K->2638173K(3155968K), 0.0862470 secs]
[GC 2894301K->2670784K(3172864K), 0.0889500 secs]
[GC 2926912K->2685868K(3186688K), 0.0851120 secs]
[GC 2941996K->2665761K(3203776K), 0.0804920 secs]
[GC 2921889K->2674006K(3220480K), 0.0728310 secs]
[GC 2930134K->2689093K(3220480K), 0.0663470 secs]
[GC 2945221K->2687077K(3220480K), 0.0549320 secs]
[GC 2943205K->2689292K(3220480K), 0.0604450 secs]
[GC 2944235K->2706851K(3220480K), 0.0706180 secs]
[GC 2962979K->2727639K(3239296K), 0.0907340 secs]
[GC 2983767K->2752970K(3258304K), 0.0924920 secs]
[GC 3008406K->2780040K(3268480K), 0.1029560 secs]
[GC 2782066K(3268480K), 0.0493990 secs]
[GC 3036168K->2787599K(3286336K), 0.1075990 secs]
[GC 2932114K(3286336K), 0.0728740 secs]
[GC 2642389K->2387775K(4168988K), 0.1091640 secs]
[GC 2643903K->2417236K(4168988K), 0.1041310 secs]
[GC 2672104K->2416207K(4168988K), 0.1315660 secs]
[GC 2672335K->2450548K(4168988K), 0.1095090 secs]
[GC 2706676K->2467657K(4168988K), 0.1155860 secs]
[GC 2723785K->2467559K(4168988K), 0.1116320 secs]
[GC 2723687K->2476865K(4168988K), 0.1127990 secs]
[GC 2732993K->2495137K(4168988K), 0.1093290 secs]
[GC 2751262K->2507793K(4168988K), 0.1084160 secs]
[GC 2763883K->2522663K(4168988K), 0.1073270 secs]
[GC 2778791K->2538409K(4168988K), 0.1097030 secs]
[GC 2794537K->2551766K(4168988K), 0.1099910 secs]
[GC 2807894K->2588562K(4168988K), 0.1148710 secs]
[GC 2844690K->2607695K(4168988K), 0.1043340 secs]
[GC 2863823K->2602406K(4168988K), 0.1044070 secs]
[GC 2858534K->2617368K(4168988K), 0.1052700 secs]
[GC 2873496K->2610233K(4168988K), 0.0881310 secs]
[GC 2866361K->2612611K(4168988K), 0.0728560 secs]
[GC 2868739K->2625741K(4168988K), 0.0760130 secs]
[GC 2881869K->2643289K(4168988K), 0.0777640 secs]
[GC 2899417K->2647559K(4168988K), 0.0778380 secs]
[GC 2903687K->2621866K(4168988K), 0.0920860 secs]
[GC 2877994K->2652480K(4168988K), 0.0764710 secs]
[GC 2908608K->2652738K(4168988K), 0.0932130 secs]
[GC 2908866K->2696110K(4168988K), 0.1138700 secs]
[GC 2952238K->2720398K(4168988K), 0.1149950 secs]
[GC 2976507K->2727014K(4168988K), 0.1147940 secs]
[GC 2983142K->2722399K(4168988K), 0.1006860 secs]
[GC 2978527K->2756379K(4168988K), 0.1043610 secs]
[GC 3012507K->2755534K(4168988K), 0.1056130 secs]
[GC 3011662K->2801419K(4168988K), 0.1083450 secs]
[GC 3057547K->2807274K(4168988K), 0.1174300 secs]
[GC 3063366K->2799918K(4168988K), 0.1019660 secs]
[GC 3056046K->2851564K(4168988K), 0.1014820 secs]
[GC 3106690K->2869014K(4168988K), 0.1061060 secs]
[GC 3125142K->2888558K(4168988K), 0.1011370 secs]
[GC 3143906K->2893203K(4168988K), 0.1020960 secs]
[GC 3149331K->2931192K(4168988K), 0.1047580 secs]
[GC 3186982K->2933527K(4168988K), 0.1024680 secs]
[GC 3189655K->2969128K(4168988K), 0.0992720 secs]
[GC 3225234K->2990992K(4168988K), 0.0993250 secs]
[GC 3247120K->3009761K(4168988K), 0.1074170 secs]
[GC 3264717K->3016485K(4168988K), 0.1031720 secs]
[GC 3272613K->3051678K(4168988K), 0.0960140 secs]
[GC 3307806K->3068770K(4168988K), 0.0980530 secs]
[GC 3324898K->3074292K(4168988K), 0.1005320 secs]
[GC 3330420K->3105987K(4168988K), 0.0974240 secs]
[GC 3360621K->3124453K(4168988K), 0.0924990 secs]
[GC 3380559K->3155343K(4168988K), 0.0965920 secs]
[GC 3411471K->3142275K(4168988K), 0.0955290 secs]
[GC 3398403K->3151733K(4168988K), 0.0877490 secs]
[GC 3407861K->3179615K(4168988K), 0.0718260 secs]
[GC 3435743K->3184914K(4168988K), 0.0771580 secs]
[GC 3441042K->3164460K(4168988K), 0.0883620 secs]
[GC 3420588K->3180388K(4168988K), 0.0708360 secs]
[GC 3436516K->3209104K(4168988K), 0.0749460 secs]
[GC 3465203K->3180908K(4168988K), 0.0818330 secs]
[GC 3435635K->3244566K(4168988K), 0.1272970 secs]
 INFO  [hz._hzInstance_1_FenixFrameworkGroup.HealthMonitor] {com.hazelcast.util.HealthMonitor} [127.0.0.1]:5711 [FenixFrameworkGroup] 
memory used=3.3G, free=683.5M, total=4.0G, max=4.7G, used/total=83.21% used/max=70.70%
cpu process-load=2.00%, system-load=17.00%, system-loadaverage=140.00%
[GC 3500694K->3238245K(4168988K), 0.1117780 secs]
[GC 3494373K->3271493K(4168988K), 0.1175240 secs]
[GC 3527621K->3276985K(4168988K), 0.1202020 secs]
 INFO  [hz._hzInstance_1_FenixFrameworkGroup.HealthMonitor] {com.hazelcast.util.HealthMonitor} [127.0.0.1]:5711 [FenixFrameworkGroup] 
memory used=3.3G, free=685.6M, total=4.0G, max=4.7G, used/total=83.16% used/max=70.66%
cpu process-load=2.00%, system-load=22.00%, system-loadaverage=182.00%
[GC 3533113K->3289238K(4168988K), 0.1042510 secs]
[GC 3543517K->3304301K(4168988K), 0.1066040 secs]
[GC 3560429K->3337848K(4168988K), 0.1004580 secs]
 INFO  [hz._hzInstance_1_FenixFrameworkGroup.HealthMonitor] {com.hazelcast.util.HealthMonitor} [127.0.0.1]:5711 [FenixFrameworkGroup] 
memory used=3.4G, free=566.4M, total=4.0G, max=4.7G, used/total=86.09% used/max=73.14%
cpu process-load=2.00%, system-load=22.00%, system-loadaverage=199.00%
[GC 3593631K->3357791K(4168988K), 0.1049070 secs]
[GC 3613895K->3392967K(4168988K), 0.1037820 secs]
[GC 3649095K->3377174K(4168988K), 0.1048010 secs]
[GC 3633291K->3436043K(4168988K), 0.1019740 secs]
 INFO  [hz._hzInstance_1_FenixFrameworkGroup.HealthMonitor] {com.hazelcast.util.HealthMonitor} [127.0.0.1]:5711 [FenixFrameworkGroup] 
memory used=3.3G, free=692.6M, total=4.0G, max=4.7G, used/total=82.99% used/max=70.51%
cpu process-load=2.00%, system-load=19.00%, system-loadaverage=267.00%
[GC 3691596K->3412706K(4168988K), 0.1059660 secs]
[GC 3668834K->3454009K(4168988K), 0.1051300 secs]
[GC 3710136K->3467916K(4168988K), 0.1050390 secs]
 INFO  [hz._hzInstance_1_FenixFrameworkGroup.HealthMonitor] {com.hazelcast.util.HealthMonitor} [127.0.0.1]:5711 [FenixFrameworkGroup] 
memory used=3.4G, free=639.7M, total=4.0G, max=4.7G, used/total=84.29% used/max=71.61%
cpu process-load=2.00%, system-load=21.00%, system-loadaverage=293.00%
[GC 3724044K->3504426K(4168988K), 0.1063820 secs]
[GC 3760554K->3489620K(4168988K), 0.1011210 secs]
 INFO  [hz._hzInstance_1_FenixFrameworkGroup.HealthMonitor] {com.hazelcast.util.HealthMonitor} [127.0.0.1]:5711 [FenixFrameworkGroup] 
memory used=3.5G, free=451.2M, total=4.0G, max=4.7G, used/total=88.92% used/max=75.55%
cpu process-load=2.00%, system-load=17.00%, system-loadaverage=343.00%
[GC 3745748K->3547322K(4168988K), 0.1044370 secs]
[GC 3803450K->3525098K(4168988K), 0.0972220 secs]
 INFO  [hz._hzInstance_1_FenixFrameworkGroup.HealthMonitor] {com.hazelcast.util.HealthMonitor} [127.0.0.1]:5711 [FenixFrameworkGroup] 
memory used=3.4G, free=617.3M, total=4.0G, max=4.7G, used/total=84.84% used/max=72.08%
cpu process-load=2.00%, system-load=13.00%, system-loadaverage=290.00%
 INFO  [hz._hzInstance_1_FenixFrameworkGroup.HealthMonitor] {com.hazelcast.util.HealthMonitor} [127.0.0.1]:5711 [FenixFrameworkGroup] 
memory used=3.5G, free=499.7M, total=4.0G, max=4.7G, used/total=87.73% used/max=74.54%
cpu process-load=2.00%, system-load=13.00%, system-loadaverage=286.00%
[GC 3781226K->3556753K(4168988K), 0.0880400 secs]
 INFO  [hz._hzInstance_1_FenixFrameworkGroup.HealthMonitor] {com.hazelcast.util.HealthMonitor} [127.0.0.1]:5711 [FenixFrameworkGroup] 
memory used=3.5G, free=507.3M, total=4.0G, max=4.7G, used/total=87.54% used/max=74.38%
cpu process-load=2.00%, system-load=14.00%, system-loadaverage=281.00%
[GC 3812881K->3590883K(4168988K), 0.1147750 secs]
[GC 3847011K->3612956K(4168988K), 0.1177840 secs]
[GC 3613520K(4168988K), 0.0410560 secs]
[GC 3867619K->3624094K(4168988K), 0.1145390 secs]
 INFO  [hz._hzInstance_1_FenixFrameworkGroup.HealthMonitor] {com.hazelcast.util.HealthMonitor} [127.0.0.1]:5711 [FenixFrameworkGroup] 
memory used=3.5G, free=514.8M, total=4.0G, max=4.7G, used/total=87.35% used/max=74.22%
cpu process-load=2.00%, system-load=16.00%, system-loadaverage=321.00%
[GC 3768473K(4168988K), 0.0644830 secs]
[GC 3505701K->3256608K(4650880K), 0.1322710 secs]
[GC 3512684K->3269035K(4650880K), 0.1174590 secs]
[GC 3525163K->3304027K(4650880K), 0.1219150 secs]
[GC 3560155K->3304257K(4650880K), 0.1199330 secs]
[GC 3560350K->3342183K(4650880K), 0.1089150 secs]
[GC 3597934K->3383241K(4650880K), 0.1140600 secs]
 INFO  [hz._hzInstance_1_FenixFrameworkGroup.HealthMonitor] {com.hazelcast.util.HealthMonitor} [127.0.0.1]:5711 [FenixFrameworkGroup] 
memory used=3.3G, free=1.1G, total=4.4G, max=4.7G, used/total=74.87% used/max=70.96%
cpu process-load=2.00%, system-load=17.00%, system-loadaverage=347.00%
[GC 3639369K->3374750K(4650880K), 0.1300310 secs]
[GC 3630878K->3428321K(4650880K), 0.1235810 secs]
[GC 3682766K->3450659K(4650880K), 0.1279110 secs]
[GC 3706787K->3463689K(4650880K), 0.1194010 secs]
 INFO  [hz._hzInstance_1_FenixFrameworkGroup.HealthMonitor] {com.hazelcast.util.HealthMonitor} [127.0.0.1]:5711 [FenixFrameworkGroup] 
memory used=3.3G, free=1.1G, total=4.4G, max=4.7G, used/total=75.01% used/max=71.10%
cpu process-load=2.00%, system-load=17.00%, system-loadaverage=309.00%
[GC 3719526K->3467414K(4650880K), 0.1242870 secs]
[GC 3723542K->3519388K(4650880K), 0.1192700 secs]
[GC 3775516K->3512984K(4650880K), 0.1135690 secs]
 INFO  [hz._hzInstance_1_FenixFrameworkGroup.HealthMonitor] {com.hazelcast.util.HealthMonitor} [127.0.0.1]:5711 [FenixFrameworkGroup] 
memory used=3.5G, free=926.5M, total=4.4G, max=4.7G, used/total=79.60% used/max=75.45%
cpu process-load=2.00%, system-load=18.00%, system-loadaverage=384.00%
[GC 3768195K->3536101K(4650880K), 0.1204920 secs]
[GC 3792229K->3561679K(4650880K), 0.1163930 secs]
[GC 3817690K->3599498K(4650880K), 0.1209460 secs]
[GC 3855626K->3622939K(4650880K), 0.1189670 secs]
 INFO  [hz._hzInstance_1_FenixFrameworkGroup.HealthMonitor] {com.hazelcast.util.HealthMonitor} [127.0.0.1]:5711 [FenixFrameworkGroup] 
memory used=3.5G, free=967.6M, total=4.4G, max=4.7G, used/total=78.70% used/max=74.59%
cpu process-load=1.00%, system-load=15.00%, system-loadaverage=387.00%
[GC 3879067K->3646755K(4650880K), 0.1162400 secs]
[GC 3902883K->3646353K(4650880K), 0.1151800 secs]
[GC 3902481K->3667575K(4650880K), 0.1183240 secs]
 INFO  [hz._hzInstance_1_FenixFrameworkGroup.HealthMonitor] {com.hazelcast.util.HealthMonitor} [127.0.0.1]:5711 [FenixFrameworkGroup] 
memory used=3.7G, free=795.7M, total=4.4G, max=4.7G, used/total=82.48% used/max=78.18%
cpu process-load=1.00%, system-load=14.00%, system-loadaverage=381.00%
[GC 3923703K->3709339K(4650880K), 0.1153740 secs]
[GC 3965467K->3708399K(4650880K), 0.1147560 secs]
[GC 3963760K->3726549K(4650880K), 0.1157010 secs]
[GC 3982653K->3779842K(4650880K), 0.1169780 secs]
 INFO  [hz._hzInstance_1_FenixFrameworkGroup.HealthMonitor] {com.hazelcast.util.HealthMonitor} [127.0.0.1]:5711 [FenixFrameworkGroup] 
memory used=3.7G, free=798.3M, total=4.4G, max=4.7G, used/total=82.42% used/max=78.13%
cpu process-load=1.00%, system-load=14.00%, system-loadaverage=436.00%
[GC 4035962K->3766739K(4650880K), 0.1148530 secs]
 INFO  [main] {org.radargun.Slave} Master shutdown!
 INFO  [Thread-0] {org.radargun.ShutDownHook} Slave process is being shutdown
 INFO  [hz._hzInstance_1_FenixFrameworkGroup.IO.thread-in-0] {com.hazelcast.nio.TcpIpConnection} [127.0.0.1]:5711 [FenixFrameworkGroup] Connection [Address[127.0.0.1]:5701] lost. Reason: java.io.EOFException[Remote socket closed!]
 INFO  [hz._hzInstance_1_FenixFrameworkGroup.IO.thread-in-1] {com.hazelcast.nio.TcpIpConnection} [127.0.0.1]:5711 [FenixFrameworkGroup] Connection [Address[127.0.0.1]:5707] lost. Reason: java.io.EOFException[Remote socket closed!]
 INFO  [hz._hzInstance_1_FenixFrameworkGroup.IO.thread-in-2] {com.hazelcast.nio.TcpIpConnection} [127.0.0.1]:5711 [FenixFrameworkGroup] Connection [Address[127.0.0.1]:5708] lost. Reason: java.io.EOFException[Remote socket closed!]
 INFO  [hz._hzInstance_1_FenixFrameworkGroup.IO.thread-in-0] {com.hazelcast.nio.TcpIpConnection} [127.0.0.1]:5711 [FenixFrameworkGroup] Connection [Address[127.0.0.1]:5705] lost. Reason: java.io.EOFException[Remote socket closed!]
 INFO  [hz._hzInstance_1_FenixFrameworkGroup.IO.thread-in-2] {com.hazelcast.nio.TcpIpConnection} [127.0.0.1]:5711 [FenixFrameworkGroup] Connection [Address[127.0.0.1]:5707] lost. Reason: java.io.EOFException[Remote socket closed!]
 INFO  [hz._hzInstance_1_FenixFrameworkGroup.IO.thread-in-2] {com.hazelcast.nio.TcpIpConnection} [127.0.0.1]:5711 [FenixFrameworkGroup] Connection [Address[127.0.0.1]:5703] lost. Reason: java.io.EOFException[Remote socket closed!]
 INFO  [hz._hzInstance_1_FenixFrameworkGroup.IO.thread-in-0] {com.hazelcast.nio.TcpIpConnection} [127.0.0.1]:5711 [FenixFrameworkGroup] Connection [Address[127.0.0.1]:5708] lost. Reason: java.io.EOFException[Remote socket closed!]
 INFO  [hz._hzInstance_1_FenixFrameworkGroup.IO.thread-in-2] {com.hazelcast.nio.TcpIpConnection} [127.0.0.1]:5711 [FenixFrameworkGroup] Connection [Address[127.0.0.1]:5704] lost. Reason: java.io.EOFException[Remote socket closed!]
 INFO  [hz._hzInstance_1_FenixFrameworkGroup.IO.thread-in-0] {com.hazelcast.nio.TcpIpConnection} [127.0.0.1]:5711 [FenixFrameworkGroup] Connection [Address[127.0.0.1]:5706] lost. Reason: java.io.EOFException[Remote socket closed!]
 INFO  [hz._hzInstance_1_FenixFrameworkGroup.IO.thread-in-1] {com.hazelcast.nio.TcpIpConnection} [127.0.0.1]:5711 [FenixFrameworkGroup] Connection [Address[127.0.0.1]:5712] lost. Reason: java.io.EOFException[Remote socket closed!]
 INFO  [hz._hzInstance_1_FenixFrameworkGroup.IO.thread-in-0] {com.hazelcast.nio.TcpIpConnection} [127.0.0.1]:5711 [FenixFrameworkGroup] Connection [Address[127.0.0.1]:5712] lost. Reason: java.io.EOFException[Remote socket closed!]
 INFO  [hz._hzInstance_1_FenixFrameworkGroup.IO.thread-in-2] {com.hazelcast.nio.TcpIpConnection} [127.0.0.1]:5711 [FenixFrameworkGroup] Connection [Address[127.0.0.1]:5709] lost. Reason: java.io.EOFException[Remote socket closed!]
 INFO  [hz._hzInstance_1_FenixFrameworkGroup.IO.thread-in-1] {com.hazelcast.nio.TcpIpConnection} [127.0.0.1]:5711 [FenixFrameworkGroup] Connection [Address[127.0.0.1]:5709] lost. Reason: java.io.EOFException[Remote socket closed!]
 INFO  [hz._hzInstance_1_FenixFrameworkGroup.IO.thread-in-1] {com.hazelcast.nio.TcpIpConnection} [127.0.0.1]:5711 [FenixFrameworkGroup] Connection [Address[127.0.0.1]:5710] lost. Reason: java.io.EOFException[Remote socket closed!]
 INFO  [hz._hzInstance_1_FenixFrameworkGroup.IO.thread-in-1] {com.hazelcast.nio.TcpIpConnection} [127.0.0.1]:5711 [FenixFrameworkGroup] Connection [Address[127.0.0.1]:5702] lost. Reason: java.io.EOFException[Remote socket closed!]
 INFO  [hz.ShutdownThread] {com.hazelcast.initializer} [127.0.0.1]:5711 [FenixFrameworkGroup] Destroying node initializer.
 INFO  [hz.ShutdownThread] {com.hazelcast.instance.Node} [127.0.0.1]:5711 [FenixFrameworkGroup] Hazelcast Shutdown is completed in 63 ms.
