/usr/java/jdk1.7.0_21/bin/java -server -Xmx1024M -Xms1024M -Dresolve.dns=false -Djgroups.timer.num_threads=4 -verbose:gc -Xmx5000M -Xms3000M -server -XX:+UseConcMarkSweepGC -XX:+AggressiveOpts -verbose:gc -XX:ParallelGCThreads=4 -XX:NewRatio=5 -XX:SurvivorRatio=2 -Dhazelcast.operation.thread.count=4 -Djava.net.preferIPv4Stack=true -Dlog4j.file.prefix=deimos-esw-29307 -Dbind.address= -Djgroups.bind_addr= -classpath /home/smf/github/radargun/target/distribution/RadarGun-1.1.0-SNAPSHOT/lib/activation-1.1.jar:/home/smf/github/radargun/target/distribution/RadarGun-1.1.0-SNAPSHOT/lib/commons-beanutils-1.8.0.jar:/home/smf/github/radargun/target/distribution/RadarGun-1.1.0-SNAPSHOT/lib/commons-digester-2.0.jar:/home/smf/github/radargun/target/distribution/RadarGun-1.1.0-SNAPSHOT/lib/commons-logging-1.1.1.jar:/home/smf/github/radargun/target/distribution/RadarGun-1.1.0-SNAPSHOT/lib/commons-math-1.2.jar:/home/smf/github/radargun/target/distribution/RadarGun-1.1.0-SNAPSHOT/lib/jboss-transaction-api-1.0.1.GA.jar:/home/smf/github/radargun/target/distribution/RadarGun-1.1.0-SNAPSHOT/lib/jcommon-1.0.15.jar:/home/smf/github/radargun/target/distribution/RadarGun-1.1.0-SNAPSHOT/lib/jfreechart-1.0.12.jar:/home/smf/github/radargun/target/distribution/RadarGun-1.1.0-SNAPSHOT/lib/log4j-1.2.14.jar:/home/smf/github/radargun/target/distribution/RadarGun-1.1.0-SNAPSHOT/lib/mail-1.4.2.jar:/home/smf/github/radargun/target/distribution/RadarGun-1.1.0-SNAPSHOT/lib/radargun-framework-1.1.0-SNAPSHOT.jar:/home/smf/github/radargun/target/distribution/RadarGun-1.1.0-SNAPSHOT/conf org.radargun.Slave -master 127.0.0.1:2103
--------------------------------------------------------------------------------
PerNodeRollingFileAppender::Using file prefix:deimos-esw-29307
 INFO  [main] {org.radargun.Slave} Attempting to connect to master 127.0.0.1:2103
 INFO  [main] {org.radargun.Slave} Successfully established connection with master at: 127.0.0.1:2103
Loading JARS from /home/smf/github/radargun/target/distribution/RadarGun-1.1.0-SNAPSHOT/lib/radargun-framework-1.1.0-SNAPSHOT.jar
 INFO  [pool-1-thread-1] {org.radargun.config.AnnotatedHelper} Loading JARS from /home/smf/github/radargun/target/distribution/RadarGun-1.1.0-SNAPSHOT/lib/radargun-framework-1.1.0-SNAPSHOT.jar
 INFO  [pool-1-thread-1] {org.radargun.config.AnnotatedHelper} Loading JARS from /home/smf/github/radargun/target/distribution/RadarGun-1.1.0-SNAPSHOT/lib/radargun-framework-1.1.0-SNAPSHOT.jar
 INFO  [pool-1-thread-1] {org.radargun.Slave} Executing stage: DestroyWrapper {enforceMemoryThrashHold=true, exitBenchmarkOnSlaveFailure=false, heapDumpDir=null, memoryThreshold=95, runOnAllSlaves=true, slaves=null, useSmartClassLoading=true }
 INFO  [pool-1-thread-1] {org.radargun.stages.DestroyWrapperStage} Received destroy cache wrapper request from master...
 INFO  [pool-1-thread-1] {org.radargun.stages.DestroyWrapperStage} No cache wrapper deployed on this slave, nothing to do.
 INFO  [pool-1-thread-1] {org.radargun.stages.DestroyWrapperStage} Before executing clear, memory looks like this: Memory - free: 2,928,638 kb - max:4,906,688 kb- total:2,944,000 kb
[Full GC 15361K->3631K(2944000K), 0.0842380 secs]
 INFO  [pool-1-thread-1] {org.radargun.stages.DestroyWrapperStage} After executing cleanup, memory looks like this: Memory - free: 2,935,311 kb - max:4,906,688 kb- total:2,944,064 kb
 INFO  [pool-1-thread-1] {org.radargun.Slave} Finished stage: DestroyWrapper {enforceMemoryThrashHold=true, exitBenchmarkOnSlaveFailure=false, heapDumpDir=null, memoryThreshold=95, runOnAllSlaves=true, slaves=null, useSmartClassLoading=true }
 INFO  [main] {org.radargun.Slave} Ack successfully sent to the master
 INFO  [pool-1-thread-1] {org.radargun.Slave} Executing stage: StartCluster {config=mvcc/mvcc-repl-sync.xml, delayAfterFirstSlaveStarts=5.000 secs, delayBetweenStartingSlaves=0.500 secs, exitBenchmarkOnSlaveFailure=true, expectNumSlaves=null, mayFailOn=null, reachable=null, runOnAllSlaves=false, slaves=null, staggerSlaveStartup=true, useSmartClassLoading=true, validateCluster=true }
 INFO  [pool-1-thread-1] {org.radargun.stages.StartClusterStage}  Startup staggering, starting 8 slaves. This is the slave with index 4. Sleeping for 7000 millis.
 INFO  [pool-1-thread-1] {org.radargun.stages.StartClusterStage} Ack master's StartCluster stage. Local address is: /127.0.0.1. This slave's index is: 4
 INFO  [pool-1-thread-1] {org.radargun.utils.ClassLoadHelper} Creating newInstance org.radargun.cachewrappers.JBossCache3Wrapper with classloader java.net.URLClassLoader@a2e02b2
 INFO  [pool-1-thread-1] {org.radargun.cachewrappers.JBossCache3Wrapper} Creating cache with the following configuration: mvcc/mvcc-repl-sync.xml
 WARN  [pool-1-thread-1] {org.jboss.cache.transaction.GenericTransactionManagerLookup} Falling back to JBoss Cache's internal DummyTransactionManager
 WARN  [pool-1-thread-1] {org.jgroups.protocols.pbcast.STREAMING_STATE_TRANSFER} use_reading_thread has been deprecated and its value will be ignored

---------------------------------------------------------
GMS: address is 127.0.0.1:42195 (cluster=JBossCache-Cluster)
---------------------------------------------------------
 INFO  [pool-1-thread-1] {org.radargun.cachewrappers.JBossCache3Wrapper} Running cache with following config: org.jboss.cache.config.Configuration@db97fff1
 INFO  [pool-1-thread-1] {org.radargun.cachewrappers.JBossCache3Wrapper} Running following JBossCacheVersion: 3.2.1.GA
 INFO  [pool-1-thread-1] {org.radargun.cachewrappers.JBossCache3Wrapper} Running following JBossCacheCodeName: Malagueta
 INFO  [pool-1-thread-1] {org.radargun.cachewrappers.JBossCache3Wrapper} JGroups version: 2.6.13.GA
 INFO  [pool-1-thread-1] {org.radargun.stages.helpers.StartHelper} Number of members=5 is not the one expected: 8
 INFO  [pool-1-thread-1] {org.radargun.stages.helpers.StartHelper} Number of members=6 is not the one expected: 8
 INFO  [pool-1-thread-1] {org.radargun.stages.helpers.StartHelper} Number of members is the one expected: 8
 INFO  [pool-1-thread-1] {org.radargun.stages.StartClusterStage} Successfully started cache wrapper on slave 4: org.radargun.cachewrappers.JBossCache3Wrapper@50a4b7af
 INFO  [pool-1-thread-1] {org.radargun.Slave} Finished stage: StartCluster {config=mvcc/mvcc-repl-sync.xml, delayAfterFirstSlaveStarts=5.000 secs, delayBetweenStartingSlaves=0.500 secs, exitBenchmarkOnSlaveFailure=true, expectNumSlaves=null, mayFailOn=null, reachable=null, runOnAllSlaves=false, slaves=null, staggerSlaveStartup=true, useSmartClassLoading=true, validateCluster=true }
 INFO  [main] {org.radargun.Slave} Ack successfully sent to the master
 INFO  [pool-1-thread-1] {org.radargun.Slave} Executing stage: ClusterValidation {exitBenchmarkOnSlaveFailure=false, partialReplication=false, replicationTimeSleep=2000, replicationTryCount=60, runOnAllSlaves=false, slaves=null, useSmartClassLoading=true }
 INFO  [pool-1-thread-1] {org.radargun.stages.ClusterValidationStage} Number of caches that replicated here is 7
 INFO  [pool-1-thread-1] {org.radargun.stages.ClusterValidationStage} Replication test successfully passed. partialReplication? false, replicationCount = 7
 INFO  [pool-1-thread-1] {org.radargun.stages.ClusterValidationStage} Confirm phase successful.
 INFO  [pool-1-thread-1] {org.radargun.Slave} Finished stage: ClusterValidation {exitBenchmarkOnSlaveFailure=false, partialReplication=false, replicationTimeSleep=2000, replicationTryCount=60, runOnAllSlaves=false, slaves=[ 0, 1, 2, 3, 4, 5, 6, 7 ], useSmartClassLoading=true }
 INFO  [main] {org.radargun.Slave} Ack successfully sent to the master
 INFO  [pool-1-thread-1] {org.radargun.Slave} Executing stage: StressTestWarmup {bulkSize=1, cacheSpecificKeyGenerator=false, commitTransactions=true, duration=1 mins 0 secs, entrySize=1000, exitBenchmarkOnSlaveFailure=false, fixedKeys=true, generateHistogramRange=false, keyGeneratorClass=org.radargun.stressors.StringKeyGenerator, keyGeneratorParam=null, loadAllKeys=false, numEntries=100, numOfThreads=4, numRequests=10000, numThreads=4, numberOfAttributes=100, numberOfRequests=10000, opsCountStatusLog=100000, poolKeys=true, preferAsyncOperations=false, removePercentage=0, replaceInvalidPercentage=40, runOnAllSlaves=false, sharedKeys=false, sizeOfAnAttribute=1000, slaves=null, transactionSize=50, useAtomics=false, useHistogramStatistics=false, useSimpleStatistics=true, useSmartClassLoading=true, useTransactions=null, writePercentage=20, writeTxPercentage=20 }
 INFO  [pool-1-thread-1] {org.radargun.stages.StressTestWarmupStage} Starting StressTestWarmupStage: StressTestWarmup {bulkSize=1, cacheSpecificKeyGenerator=false, commitTransactions=true, duration=1 mins 0 secs, entrySize=1000, exitBenchmarkOnSlaveFailure=false, fixedKeys=true, generateHistogramRange=false, keyGeneratorClass=org.radargun.stressors.StringKeyGenerator, keyGeneratorParam=null, loadAllKeys=false, numEntries=100, numOfThreads=4, numRequests=10000, numThreads=4, numberOfAttributes=100, numberOfRequests=10000, opsCountStatusLog=100000, poolKeys=true, preferAsyncOperations=false, removePercentage=0, replaceInvalidPercentage=40, runOnAllSlaves=false, sharedKeys=false, sizeOfAnAttribute=1000, slaves=null, transactionSize=50, useAtomics=false, useHistogramStatistics=false, useSimpleStatistics=true, useSmartClassLoading=true, useTransactions=null, writePercentage=20, writeTxPercentage=20 }
 INFO  [pool-1-thread-1] {org.radargun.stressors.StressTestStressor} Using key generator org.radargun.stressors.StringKeyGenerator, param null
 INFO  [pool-1-thread-1] {org.radargun.stressors.StressTestStressor} Executing: StressTestStressor{opsCountStatusLog=100000, numRequests=10000, numEntries=100, entrySize=1000, writePercentage=20, numThreads=4, cacheWrapper=org.radargun.cachewrappers.JBossCache3Wrapper@50a4b7af, nodeIndex=4, useTransactions=true, transactionSize=50, commitTransactions=true, durationMillis=60000}
 INFO  [pool-1-thread-1] {org.radargun.stressors.StressTestStressor} Cache wrapper info is: Num direct children: 8
 INFO  [pool-1-thread-1] {org.radargun.stressors.StressTestStressor} Started 4 stressor threads.
 INFO  [Stressor-2] {org.radargun.stressors.StressTestStressor} Number of ops executed so far: 1. Elapsed time: 0.009 secs. Remaining: 59.991 secs. Total: 1 mins 0 secs
[GC 259695K->12801K(2944064K), 0.0412580 secs]
[GC 268865K->12839K(2944064K), 0.0268200 secs]
[GC 268903K->14618K(2944064K), 0.0234740 secs]
[GC 270682K->17029K(2944064K), 0.0254350 secs]
[GC 273093K->15792K(2944064K), 0.0307990 secs]
[GC 271856K->14202K(2944064K), 0.0295750 secs]
[GC 270266K->19074K(2944064K), 0.0358410 secs]
[GC 275138K->17228K(2944064K), 0.0274240 secs]
[GC 273292K->16258K(2944064K), 0.0337570 secs]
[GC 272322K->14336K(2944064K), 0.0270290 secs]
[GC 270400K->15047K(2944064K), 0.0274340 secs]
[GC 271111K->20307K(2944064K), 0.0284310 secs]
[GC 276371K->16680K(2944064K), 0.0304580 secs]
[GC 272744K->14957K(2944064K), 0.0269980 secs]
[GC 271021K->16431K(2944064K), 0.0233160 secs]
[GC 272495K->17260K(2944064K), 0.0388830 secs]
[GC 273324K->13157K(2944064K), 0.0203610 secs]
[GC 269221K->16331K(2944064K), 0.0229560 secs]
[GC 272395K->16341K(2944064K), 0.0264690 secs]
[GC 272401K->13883K(2944064K), 0.0208710 secs]
[GC 269947K->15438K(2944064K), 0.0219120 secs]
[GC 271502K->15561K(2944064K), 0.0256890 secs]
[GC 271625K->17223K(2944064K), 0.0237090 secs]
 INFO  [Stressor-2] {org.radargun.stressors.StressTestStressor} Number of ops executed so far: 590594. Elapsed time: 20.009 secs. Remaining: 39.991 secs. Total: 1 mins 0 secs
[GC 273287K->15722K(2944064K), 0.0250670 secs]
[GC 271786K->16024K(2944064K), 0.0301480 secs]
[GC 272088K->15358K(2944064K), 0.0213960 secs]
[GC 271422K->15854K(2944064K), 0.0268510 secs]
[GC 271918K->17648K(2944064K), 0.0219320 secs]
[GC 273712K->18471K(2944064K), 0.0255420 secs]
[GC 274535K->17386K(2944064K), 0.0225320 secs]
[GC 273450K->15959K(2944064K), 0.0231360 secs]
[GC 272023K->16865K(2944064K), 0.0237830 secs]
[GC 272929K->19275K(2944064K), 0.0224850 secs]
[GC 275339K->15372K(2944064K), 0.0273600 secs]
[GC 271436K->15289K(2944064K), 0.0277320 secs]
[GC 271353K->17038K(2944064K), 0.0253720 secs]
[GC 273102K->18410K(2944064K), 0.0239600 secs]
[GC 274474K->15895K(2944064K), 0.0224380 secs]
[GC 271959K->16189K(2944064K), 0.0261010 secs]
[GC 272253K->14812K(2944064K), 0.0226740 secs]
[GC 270872K->15122K(2944064K), 0.0274450 secs]
[GC 271186K->18157K(2944064K), 0.0268310 secs]
[GC 274221K->17857K(2944064K), 0.0320370 secs]
[GC 273921K->15607K(2944064K), 0.0250360 secs]
[GC 271671K->16428K(2944064K), 0.0248150 secs]
[GC 272492K->15808K(2944064K), 0.0270640 secs]
[GC 271872K->17889K(2944064K), 0.0244830 secs]
[GC 273953K->18331K(2944064K), 0.0294530 secs]
 INFO  [Stressor-3] {org.radargun.stressors.StressTestStressor} Number of ops executed so far: 1209270. Elapsed time: 40.009 secs. Remaining: 19.991 secs. Total: 1 mins 0 secs
[GC 274395K->19865K(2944064K), 0.0293230 secs]
[GC 275929K->18689K(2944064K), 0.0294650 secs]
[GC 274753K->17056K(2944064K), 0.0239050 secs]
[GC 273120K->17379K(2944064K), 0.0260030 secs]
[GC 273443K->19046K(2944064K), 0.0269300 secs]
[GC 275110K->14235K(2944064K), 0.0235850 secs]
[GC 270299K->13841K(2944064K), 0.0253000 secs]
[GC 269905K->15673K(2944064K), 0.0321130 secs]
[GC 271737K->16884K(2944064K), 0.0282430 secs]
[GC 272948K->15578K(2944064K), 0.0283970 secs]
[GC 271642K->16390K(2944064K), 0.0266660 secs]
[GC 272454K->16340K(2944064K), 0.0277540 secs]
[GC 272404K->17253K(2944064K), 0.0270620 secs]
[GC 273317K->16599K(2944064K), 0.0225580 secs]
[GC 272663K->16537K(2944064K), 0.0271940 secs]
[GC 272601K->14654K(2944064K), 0.0270510 secs]
[GC 270718K->17887K(2944064K), 0.0296730 secs]
[GC 273951K->16426K(2944064K), 0.0268710 secs]
[GC 272490K->13056K(2944064K), 0.0257340 secs]
[GC 269120K->15029K(2944064K), 0.0244110 secs]
[GC 271093K->15337K(2944064K), 0.0276260 secs]
[GC 271401K->17547K(2944064K), 0.0278500 secs]
[GC 273611K->16905K(2944064K), 0.0271660 secs]
[GC 272969K->13958K(2944064K), 0.0285570 secs]
[GC 270022K->18597K(2944064K), 0.0253630 secs]
 INFO  [Stressor-0] {org.radargun.stressors.StressTestStressor} Number of ops executed so far: 1778450. Elapsed time: 1 mins 0 secs. Remaining: 0.000 secs. Total: 1 mins 0 secs
 INFO  [pool-1-thread-1] {org.radargun.stressors.StressTestStressor} Finished generating report. Test duration is: 1 mins 1 secs
 INFO  [pool-1-thread-1] {org.radargun.stages.StressTestWarmupStage} The warmup took: 61 seconds.
 INFO  [pool-1-thread-1] {org.radargun.Slave} Finished stage: StressTestWarmup {bulkSize=1, cacheSpecificKeyGenerator=false, commitTransactions=true, duration=1 mins 0 secs, entrySize=1000, exitBenchmarkOnSlaveFailure=false, fixedKeys=true, generateHistogramRange=false, keyGeneratorClass=org.radargun.stressors.StringKeyGenerator, keyGeneratorParam=null, loadAllKeys=false, numEntries=100, numOfThreads=4, numRequests=10000, numThreads=4, numberOfAttributes=100, numberOfRequests=10000, opsCountStatusLog=100000, poolKeys=true, preferAsyncOperations=false, removePercentage=0, replaceInvalidPercentage=40, runOnAllSlaves=false, sharedKeys=false, sizeOfAnAttribute=1000, slaves=null, transactionSize=50, useAtomics=false, useHistogramStatistics=false, useSimpleStatistics=true, useSmartClassLoading=true, useTransactions=null, writePercentage=20, writeTxPercentage=20 }
 INFO  [main] {org.radargun.Slave} Ack successfully sent to the master
 INFO  [pool-1-thread-1] {org.radargun.Slave} Executing stage: ClearClusterStage {ClearCluster {exitBenchmarkOnSlaveFailure=false, runOnAllSlaves=false, slaves=[ 0 ], useSmartClassLoading=true }
 INFO  [pool-1-thread-1] {org.radargun.stages.ClearClusterStage} Before executing clear, memory looks like this: Memory - free: 2,874,844 kb - max:4,906,688 kb- total:2,944,064 kb
[Full GC 69219K->8095K(2944064K), 0.1521440 secs]
 INFO  [pool-1-thread-1] {org.radargun.stages.ClearClusterStage} After executing cleanup, memory looks like this: Memory - free: 2,932,685 kb - max:4,906,688 kb- total:2,944,320 kb
 INFO  [pool-1-thread-1] {org.radargun.Slave} Finished stage: ClearClusterStage {ClearCluster {exitBenchmarkOnSlaveFailure=false, runOnAllSlaves=false, slaves=[ 0 ], useSmartClassLoading=true }
 INFO  [main] {org.radargun.Slave} Ack successfully sent to the master
 INFO  [pool-1-thread-1] {org.radargun.Slave} Executing stage: StressTest {bulkSize=1, cacheSpecificKeyGenerator=false, commitTransactions=true, duration=1 mins 0 secs, entrySize=1000, exitBenchmarkOnSlaveFailure=false, fixedKeys=true, generateHistogramRange=false, keyGeneratorClass=org.radargun.stressors.StringKeyGenerator, keyGeneratorParam=null, loadAllKeys=false, numEntries=10000, numOfThreads=4, numRequests=10000000, numThreads=4, numberOfAttributes=10000, numberOfRequests=10000000, opsCountStatusLog=500000, poolKeys=true, preferAsyncOperations=false, removePercentage=0, replaceInvalidPercentage=40, runOnAllSlaves=false, sharedKeys=false, sizeOfAnAttribute=1000, slaves=null, transactionSize=10000, useAtomics=false, useHistogramStatistics=false, useSimpleStatistics=true, useSmartClassLoading=true, useTransactions=true, writePercentage=10, writeTxPercentage=5 }
 INFO  [pool-1-thread-1] {org.radargun.stages.StressTestStage} Starting StressTestStage: StressTest {bulkSize=1, cacheSpecificKeyGenerator=false, commitTransactions=true, duration=1 mins 0 secs, entrySize=1000, exitBenchmarkOnSlaveFailure=false, fixedKeys=true, generateHistogramRange=false, keyGeneratorClass=org.radargun.stressors.StringKeyGenerator, keyGeneratorParam=null, loadAllKeys=false, numEntries=10000, numOfThreads=4, numRequests=10000000, numThreads=4, numberOfAttributes=10000, numberOfRequests=10000000, opsCountStatusLog=500000, poolKeys=true, preferAsyncOperations=false, removePercentage=0, replaceInvalidPercentage=40, runOnAllSlaves=false, sharedKeys=false, sizeOfAnAttribute=1000, slaves=null, transactionSize=10000, useAtomics=false, useHistogramStatistics=false, useSimpleStatistics=true, useSmartClassLoading=true, useTransactions=true, writePercentage=10, writeTxPercentage=5 }
 INFO  [pool-1-thread-1] {org.radargun.stressors.StressTestStressor} Using key generator org.radargun.stressors.StringKeyGenerator, param null
 INFO  [pool-1-thread-1] {org.radargun.stressors.StressTestStressor} Executing: StressTestStressor{opsCountStatusLog=500000, numRequests=10000000, numEntries=10000, entrySize=1000, writePercentage=10, numThreads=4, cacheWrapper=org.radargun.cachewrappers.JBossCache3Wrapper@50a4b7af, nodeIndex=4, useTransactions=true, transactionSize=10000, commitTransactions=true, durationMillis=60000}
 INFO  [pool-1-thread-1] {org.radargun.stressors.StressTestStressor} Cache wrapper info is: Num direct children: 40
[GC 264351K->25808K(2944320K), 0.0316650 secs]
[GC 282064K->36622K(2944320K), 0.0311770 secs]
[GC 292878K->46628K(2944320K), 0.0359370 secs]
[GC 302884K->63638K(2944320K), 0.0354690 secs]
[GC 319894K->80436K(2944320K), 0.0345860 secs]
[GC 336692K->86388K(2944320K), 0.0408810 secs]
[GC 342644K->112784K(2944320K), 0.0456970 secs]
[GC 369040K->98587K(2944320K), 0.0576820 secs]
[GC 354843K->125348K(2944320K), 0.0772040 secs]
[GC 381604K->108342K(2944320K), 0.0552310 secs]
[GC 364598K->137235K(2944320K), 0.0456400 secs]
[GC 393491K->137639K(2944320K), 0.0537710 secs]
[GC 393895K->129557K(2944320K), 0.0528480 secs]
[GC 385813K->158462K(2944320K), 0.0485950 secs]
[GC 414718K->138585K(2944320K), 0.0543910 secs]
[GC 394841K->168218K(2944320K), 0.0515690 secs]
[GC 424474K->163699K(2944320K), 0.0583060 secs]
[GC 419955K->152524K(2944320K), 0.0536280 secs]
[GC 408766K->173912K(2944320K), 0.0497740 secs]
[GC 430168K->171789K(2944320K), 0.0503780 secs]
[GC 428045K->166382K(2944320K), 0.0510250 secs]
[GC 422638K->155797K(2944320K), 0.0528890 secs]
[GC 412053K->177447K(2944320K), 0.0514890 secs]
[GC 433703K->190784K(2944320K), 0.0454260 secs]
[GC 447040K->202536K(2944320K), 0.0517060 secs]
[GC 458792K->206670K(2944320K), 0.0520320 secs]
[GC 462884K->194591K(2944320K), 0.0473330 secs]
[GC 450847K->199808K(2944320K), 0.0487150 secs]
[GC 456064K->237202K(2944320K), 0.0472200 secs]
[GC 493458K->209331K(2944320K), 0.0466880 secs]
[GC 465587K->221756K(2944320K), 0.0459100 secs]
[GC 478012K->249745K(2944320K), 0.0470880 secs]
[GC 505937K->222819K(2944320K), 0.0480530 secs]
[GC 479075K->248574K(2944320K), 0.0480810 secs]
[GC 504830K->253848K(2944320K), 0.0440620 secs]
[GC 510104K->248184K(2944320K), 0.0468630 secs]
[GC 504440K->247238K(2944320K), 0.0461270 secs]
[GC 503467K->255429K(2944320K), 0.0480570 secs]
[GC 511685K->242994K(2944320K), 0.0429350 secs]
[GC 499250K->246058K(2944320K), 0.0467750 secs]
[GC 502314K->248875K(2944320K), 0.0465560 secs]
[GC 505089K->251547K(2944320K), 0.0454090 secs]
[GC 507803K->269105K(2944320K), 0.0459040 secs]
[GC 525361K->271306K(2944320K), 0.0426490 secs]
[GC 527562K->259740K(2944320K), 0.0428660 secs]
[GC 515996K->262508K(2944320K), 0.0415870 secs]
[GC 518764K->263922K(2944320K), 0.0418470 secs]
[GC 520178K->278509K(2944320K), 0.0431970 secs]
[GC 534737K->281123K(2944320K), 0.0441290 secs]
[GC 537379K->284454K(2944320K), 0.0472580 secs]
[GC 540710K->287416K(2944320K), 0.1083500 secs]
[GC 543672K->278332K(2944320K), 0.0427580 secs]
[GC 534588K->281524K(2944320K), 0.0403000 secs]
[GC 537780K->296882K(2944320K), 0.0408030 secs]
[GC 553138K->300185K(2944320K), 0.0442040 secs]
[GC 556403K->303472K(2944320K), 0.0422850 secs]
[GC 559728K->293901K(2944320K), 0.0467510 secs]
[GC 550124K->309385K(2944320K), 0.0476850 secs]
[GC 565641K->300171K(2944320K), 0.0488990 secs]
[GC 556424K->316273K(2944320K), 0.0433690 secs]
[GC 572529K->306604K(2944320K), 0.0541390 secs]
[GC 562860K->322431K(2944320K), 0.0459270 secs]
[GC 578633K->325530K(2944320K), 0.0425320 secs]
[GC 581786K->328488K(2944320K), 0.0386500 secs]
[GC 584744K->331510K(2944320K), 0.0408540 secs]
[GC 587766K->334616K(2944320K), 0.0457100 secs]
[GC 590872K->338288K(2944320K), 0.0451420 secs]
[GC 594544K->328535K(2944320K), 0.0499610 secs]
[GC 584728K->344274K(2944320K), 0.0424170 secs]
[GC 600469K->334978K(2944320K), 0.0440460 secs]
[GC 591234K->350443K(2944320K), 0.0465410 secs]
[GC 606699K->353805K(2944320K), 0.0450180 secs]
[GC 610030K->344276K(2944320K), 0.0468080 secs]
[GC 600504K->347494K(2944320K), 0.0482160 secs]
[GC 603742K->362951K(2944320K), 0.0483200 secs]
[GC 619207K->353794K(2944320K), 0.0456710 secs]
[GC 610050K->369360K(2944320K), 0.0406910 secs]
[GC 625616K->372907K(2944320K), 0.0425210 secs]
[GC 629143K->388800K(2944320K), 0.0398770 secs]
[GC 645056K->366732K(2944320K), 0.0392470 secs]
[GC 622932K->386896K(2944320K), 0.0409130 secs]
[GC 643152K->383577K(2944320K), 0.0422620 secs]
 INFO  [pool-1-thread-1] {org.radargun.stressors.StressTestStressor} Started 4 stressor threads.
 INFO  [Stressor-3] {org.radargun.stressors.StressTestStressor} Number of ops executed so far: 1. Elapsed time: 0.000 secs. Remaining: 1 mins 0 secs. Total: 1 mins 0 secs
[GC 639833K->415141K(2944320K), 0.0620120 secs]
[GC 671397K->462013K(2944320K), 0.0721230 secs]
[GC 718269K->475568K(2944320K), 0.0721090 secs]
[GC 731824K->502175K(2944320K), 0.0686320 secs]
[GC 758431K->520526K(2944320K), 0.0798740 secs]
[GC 776782K->562157K(2944320K), 0.0885530 secs]
[GC 818413K->592576K(2944320K), 0.0776800 secs]
[GC 848832K->603935K(2944320K), 0.0794940 secs]
[GC 860155K->630365K(2944320K), 0.0650210 secs]
 INFO  [Stressor-0] {org.radargun.stressors.StressTestStressor} Number of ops executed so far: 886919. Elapsed time: 20.000 secs. Remaining: 40.000 secs. Total: 1 mins 0 secs
[GC 886621K->640840K(2944320K), 0.0664350 secs]
[GC 896705K->682274K(2944320K), 0.0634490 secs]
[GC 938530K->681804K(2944320K), 0.0681740 secs]
[GC 938060K->699180K(2944320K), 0.0541410 secs]
[GC 954353K->702821K(2944320K), 0.0615120 secs]
[GC 958997K->738975K(2944320K), 0.0482800 secs]
[GC 995231K->747739K(2944320K), 0.0591740 secs]
[GC 1003971K->780010K(2944320K), 0.0695240 secs]
[GC 1036222K->806381K(2944320K), 0.0785490 secs]
[GC 1062625K->795232K(2944320K), 0.0615640 secs]
 INFO  [Stressor-1] {org.radargun.stressors.StressTestStressor} Number of ops executed so far: 1798718. Elapsed time: 40.000 secs. Remaining: 20.000 secs. Total: 1 mins 0 secs
[GC 1051488K->827346K(2944320K), 0.0758230 secs]
[GC 1083567K->837879K(2944320K), 0.0509060 secs]
[GC 1094135K->849215K(2944320K), 0.0626490 secs]
[GC 1105471K->891449K(2944320K), 0.1171730 secs]
[GC 1147705K->880274K(2944320K), 0.0627530 secs]
[GC 1136481K->894683K(2944320K), 0.0612850 secs]
[GC 1150939K->888885K(2944320K), 0.0594350 secs]
[GC 1145141K->913326K(2944320K), 0.0465290 secs]
[GC 1169563K->947007K(2944320K), 0.0575260 secs]
[GC 1203263K->975090K(2944320K), 0.0664470 secs]
[GC 1231346K->985976K(2944320K), 0.0689260 secs]
[GC 1242232K->995280K(2944320K), 0.0767640 secs]
[GC 1251498K->1013622K(2944320K), 0.0635630 secs]
[GC 1269878K->1015459K(2944320K), 0.0466530 secs]
 INFO  [Stressor-2] {org.radargun.stressors.StressTestStressor} Number of ops executed so far: 5186215. Elapsed time: 1 mins 0 secs. Remaining: 0.000 secs. Total: 1 mins 0 secs
 INFO  [pool-1-thread-1] {org.radargun.stressors.StressTestStressor} Finished generating report. Test duration is: 1 mins 55 secs
 INFO  [pool-1-thread-1] {org.radargun.stages.StressTestStage} size info: Num direct children: 40, clusterSize:8, nodeIndex:4, cacheSize: -1
 INFO  [pool-1-thread-1] {org.radargun.Slave} Finished stage: StressTest {bulkSize=1, cacheSpecificKeyGenerator=false, commitTransactions=true, duration=1 mins 0 secs, entrySize=1000, exitBenchmarkOnSlaveFailure=false, fixedKeys=true, generateHistogramRange=false, keyGeneratorClass=org.radargun.stressors.StringKeyGenerator, keyGeneratorParam=null, loadAllKeys=false, numEntries=10000, numOfThreads=4, numRequests=10000000, numThreads=4, numberOfAttributes=10000, numberOfRequests=10000000, opsCountStatusLog=500000, poolKeys=true, preferAsyncOperations=false, removePercentage=0, replaceInvalidPercentage=40, runOnAllSlaves=false, sharedKeys=false, sizeOfAnAttribute=1000, slaves=null, transactionSize=10000, useAtomics=false, useHistogramStatistics=false, useSimpleStatistics=true, useSmartClassLoading=true, useTransactions=true, writePercentage=10, writeTxPercentage=5 }
 INFO  [main] {org.radargun.Slave} Ack successfully sent to the master
[GC 1271715K->1010564K(2944320K), 0.0547200 secs]
 INFO  [main] {org.radargun.Slave} Master shutdown!
 INFO  [Thread-0] {org.radargun.ShutDownHook} Slave process is being shutdown
