/usr/java/jdk1.7.0_21/bin/java -server -Xmx1024M -Xms1024M -Dresolve.dns=false -Djgroups.timer.num_threads=4 -verbose:gc -Xmx5000M -Xms3000M -server -XX:+UseConcMarkSweepGC -XX:+AggressiveOpts -verbose:gc -XX:ParallelGCThreads=4 -XX:NewRatio=5 -XX:SurvivorRatio=2 -Dhazelcast.operation.thread.count=4 -Djava.net.preferIPv4Stack=true -Dlog4j.file.prefix=deimos-esw-18504 -Dbind.address= -Djgroups.bind_addr= -classpath /home/smf/github/radargun/target/distribution/RadarGun-1.1.0-SNAPSHOT/lib/activation-1.1.jar:/home/smf/github/radargun/target/distribution/RadarGun-1.1.0-SNAPSHOT/lib/commons-beanutils-1.8.0.jar:/home/smf/github/radargun/target/distribution/RadarGun-1.1.0-SNAPSHOT/lib/commons-digester-2.0.jar:/home/smf/github/radargun/target/distribution/RadarGun-1.1.0-SNAPSHOT/lib/commons-logging-1.1.1.jar:/home/smf/github/radargun/target/distribution/RadarGun-1.1.0-SNAPSHOT/lib/commons-math-1.2.jar:/home/smf/github/radargun/target/distribution/RadarGun-1.1.0-SNAPSHOT/lib/jboss-transaction-api-1.0.1.GA.jar:/home/smf/github/radargun/target/distribution/RadarGun-1.1.0-SNAPSHOT/lib/jcommon-1.0.15.jar:/home/smf/github/radargun/target/distribution/RadarGun-1.1.0-SNAPSHOT/lib/jfreechart-1.0.12.jar:/home/smf/github/radargun/target/distribution/RadarGun-1.1.0-SNAPSHOT/lib/log4j-1.2.14.jar:/home/smf/github/radargun/target/distribution/RadarGun-1.1.0-SNAPSHOT/lib/mail-1.4.2.jar:/home/smf/github/radargun/target/distribution/RadarGun-1.1.0-SNAPSHOT/lib/radargun-framework-1.1.0-SNAPSHOT.jar:/home/smf/github/radargun/target/distribution/RadarGun-1.1.0-SNAPSHOT/conf org.radargun.Slave -master 127.0.0.1:2103
--------------------------------------------------------------------------------
PerNodeRollingFileAppender::Using file prefix:deimos-esw-18504
 INFO  [main] {org.radargun.Slave} Attempting to connect to master 127.0.0.1:2103
 INFO  [main] {org.radargun.Slave} Successfully established connection with master at: 127.0.0.1:2103
Loading JARS from /home/smf/github/radargun/target/distribution/RadarGun-1.1.0-SNAPSHOT/lib/radargun-framework-1.1.0-SNAPSHOT.jar
 INFO  [pool-1-thread-1] {org.radargun.config.AnnotatedHelper} Loading JARS from /home/smf/github/radargun/target/distribution/RadarGun-1.1.0-SNAPSHOT/lib/radargun-framework-1.1.0-SNAPSHOT.jar
 INFO  [pool-1-thread-1] {org.radargun.config.AnnotatedHelper} Loading JARS from /home/smf/github/radargun/target/distribution/RadarGun-1.1.0-SNAPSHOT/lib/radargun-framework-1.1.0-SNAPSHOT.jar
 INFO  [pool-1-thread-1] {org.radargun.Slave} Executing stage: DestroyWrapper {enforceMemoryThrashHold=true, exitBenchmarkOnSlaveFailure=false, heapDumpDir=null, memoryThreshold=95, runOnAllSlaves=true, slaves=null, useSmartClassLoading=true }
 INFO  [pool-1-thread-1] {org.radargun.stages.DestroyWrapperStage} Received destroy cache wrapper request from master...
 INFO  [pool-1-thread-1] {org.radargun.stages.DestroyWrapperStage} No cache wrapper deployed on this slave, nothing to do.
 INFO  [pool-1-thread-1] {org.radargun.stages.DestroyWrapperStage} Before executing clear, memory looks like this: Memory - free: 2,928,638 kb - max:4,906,688 kb- total:2,944,000 kb
[Full GC 15361K->3631K(2944000K), 0.1191330 secs]
 INFO  [pool-1-thread-1] {org.radargun.stages.DestroyWrapperStage} After executing cleanup, memory looks like this: Memory - free: 2,935,311 kb - max:4,906,688 kb- total:2,944,064 kb
 INFO  [pool-1-thread-1] {org.radargun.Slave} Finished stage: DestroyWrapper {enforceMemoryThrashHold=true, exitBenchmarkOnSlaveFailure=false, heapDumpDir=null, memoryThreshold=95, runOnAllSlaves=true, slaves=null, useSmartClassLoading=true }
 INFO  [main] {org.radargun.Slave} Ack successfully sent to the master
 INFO  [pool-1-thread-1] {org.radargun.Slave} Executing stage: StartCluster {config=mvcc/mvcc-repl-sync.xml, delayAfterFirstSlaveStarts=5.000 secs, delayBetweenStartingSlaves=0.500 secs, exitBenchmarkOnSlaveFailure=true, expectNumSlaves=null, mayFailOn=null, reachable=null, runOnAllSlaves=false, slaves=null, staggerSlaveStartup=true, useSmartClassLoading=true, validateCluster=true }
 INFO  [pool-1-thread-1] {org.radargun.stages.StartClusterStage}  Startup staggering, starting 12 slaves. This is the slave with index 8. Sleeping for 9000 millis.
 INFO  [pool-1-thread-1] {org.radargun.stages.StartClusterStage} Ack master's StartCluster stage. Local address is: /127.0.0.1. This slave's index is: 8
 INFO  [pool-1-thread-1] {org.radargun.utils.ClassLoadHelper} Creating newInstance org.radargun.cachewrappers.JBossCache3Wrapper with classloader java.net.URLClassLoader@54266750
 INFO  [pool-1-thread-1] {org.radargun.cachewrappers.JBossCache3Wrapper} Creating cache with the following configuration: mvcc/mvcc-repl-sync.xml
 WARN  [pool-1-thread-1] {org.jboss.cache.transaction.GenericTransactionManagerLookup} Falling back to JBoss Cache's internal DummyTransactionManager
 WARN  [pool-1-thread-1] {org.jgroups.protocols.pbcast.STREAMING_STATE_TRANSFER} use_reading_thread has been deprecated and its value will be ignored

---------------------------------------------------------
GMS: address is 127.0.0.1:55025 (cluster=JBossCache-Cluster)
---------------------------------------------------------
 INFO  [pool-1-thread-1] {org.radargun.cachewrappers.JBossCache3Wrapper} Running cache with following config: org.jboss.cache.config.Configuration@2fe5bf9f
 INFO  [pool-1-thread-1] {org.radargun.cachewrappers.JBossCache3Wrapper} Running following JBossCacheVersion: 3.2.1.GA
 INFO  [pool-1-thread-1] {org.radargun.cachewrappers.JBossCache3Wrapper} Running following JBossCacheCodeName: Malagueta
 INFO  [pool-1-thread-1] {org.radargun.cachewrappers.JBossCache3Wrapper} JGroups version: 2.6.13.GA
 INFO  [pool-1-thread-1] {org.radargun.stages.helpers.StartHelper} Number of members=9 is not the one expected: 12
 INFO  [pool-1-thread-1] {org.radargun.stages.helpers.StartHelper} Number of members=11 is not the one expected: 12
 INFO  [pool-1-thread-1] {org.radargun.stages.helpers.StartHelper} Number of members is the one expected: 12
 INFO  [pool-1-thread-1] {org.radargun.stages.StartClusterStage} Successfully started cache wrapper on slave 8: org.radargun.cachewrappers.JBossCache3Wrapper@5afda4f2
 INFO  [pool-1-thread-1] {org.radargun.Slave} Finished stage: StartCluster {config=mvcc/mvcc-repl-sync.xml, delayAfterFirstSlaveStarts=5.000 secs, delayBetweenStartingSlaves=0.500 secs, exitBenchmarkOnSlaveFailure=true, expectNumSlaves=null, mayFailOn=null, reachable=null, runOnAllSlaves=false, slaves=null, staggerSlaveStartup=true, useSmartClassLoading=true, validateCluster=true }
 INFO  [main] {org.radargun.Slave} Ack successfully sent to the master
 INFO  [pool-1-thread-1] {org.radargun.Slave} Executing stage: ClusterValidation {exitBenchmarkOnSlaveFailure=false, partialReplication=false, replicationTimeSleep=2000, replicationTryCount=60, runOnAllSlaves=false, slaves=null, useSmartClassLoading=true }
 INFO  [pool-1-thread-1] {org.radargun.stages.ClusterValidationStage} Number of caches that replicated here is 11
 INFO  [pool-1-thread-1] {org.radargun.stages.ClusterValidationStage} Replication test successfully passed. partialReplication? false, replicationCount = 11
 INFO  [pool-1-thread-1] {org.radargun.stages.ClusterValidationStage} Confirm phase successful.
 INFO  [pool-1-thread-1] {org.radargun.Slave} Finished stage: ClusterValidation {exitBenchmarkOnSlaveFailure=false, partialReplication=false, replicationTimeSleep=2000, replicationTryCount=60, runOnAllSlaves=false, slaves=[ 0, 1, 2, 3, 4, 5, 6, 7, 8, 9, 10, 11 ], useSmartClassLoading=true }
 INFO  [main] {org.radargun.Slave} Ack successfully sent to the master
 INFO  [pool-1-thread-1] {org.radargun.Slave} Executing stage: StressTestWarmup {bulkSize=1, cacheSpecificKeyGenerator=false, commitTransactions=true, duration=1 mins 0 secs, entrySize=1000, exitBenchmarkOnSlaveFailure=false, fixedKeys=true, generateHistogramRange=false, keyGeneratorClass=org.radargun.stressors.StringKeyGenerator, keyGeneratorParam=null, loadAllKeys=false, numEntries=100, numOfThreads=4, numRequests=10000, numThreads=4, numberOfAttributes=100, numberOfRequests=10000, opsCountStatusLog=100000, poolKeys=true, preferAsyncOperations=false, removePercentage=0, replaceInvalidPercentage=40, runOnAllSlaves=false, sharedKeys=false, sizeOfAnAttribute=1000, slaves=null, transactionSize=50, useAtomics=false, useHistogramStatistics=false, useSimpleStatistics=true, useSmartClassLoading=true, useTransactions=null, writePercentage=20, writeTxPercentage=20 }
 INFO  [pool-1-thread-1] {org.radargun.stages.StressTestWarmupStage} Starting StressTestWarmupStage: StressTestWarmup {bulkSize=1, cacheSpecificKeyGenerator=false, commitTransactions=true, duration=1 mins 0 secs, entrySize=1000, exitBenchmarkOnSlaveFailure=false, fixedKeys=true, generateHistogramRange=false, keyGeneratorClass=org.radargun.stressors.StringKeyGenerator, keyGeneratorParam=null, loadAllKeys=false, numEntries=100, numOfThreads=4, numRequests=10000, numThreads=4, numberOfAttributes=100, numberOfRequests=10000, opsCountStatusLog=100000, poolKeys=true, preferAsyncOperations=false, removePercentage=0, replaceInvalidPercentage=40, runOnAllSlaves=false, sharedKeys=false, sizeOfAnAttribute=1000, slaves=null, transactionSize=50, useAtomics=false, useHistogramStatistics=false, useSimpleStatistics=true, useSmartClassLoading=true, useTransactions=null, writePercentage=20, writeTxPercentage=20 }
 INFO  [pool-1-thread-1] {org.radargun.stressors.StressTestStressor} Using key generator org.radargun.stressors.StringKeyGenerator, param null
 INFO  [pool-1-thread-1] {org.radargun.stressors.StressTestStressor} Executing: StressTestStressor{opsCountStatusLog=100000, numRequests=10000, numEntries=100, entrySize=1000, writePercentage=20, numThreads=4, cacheWrapper=org.radargun.cachewrappers.JBossCache3Wrapper@5afda4f2, nodeIndex=8, useTransactions=true, transactionSize=50, commitTransactions=true, durationMillis=60000}
 INFO  [pool-1-thread-1] {org.radargun.stressors.StressTestStressor} Cache wrapper info is: Num direct children: 12
[GC 259695K->12676K(2944064K), 0.0450620 secs]
 INFO  [pool-1-thread-1] {org.radargun.stressors.StressTestStressor} Started 4 stressor threads.
 INFO  [Stressor-0] {org.radargun.stressors.StressTestStressor} Number of ops executed so far: 1. Elapsed time: 0.013 secs. Remaining: 59.987 secs. Total: 1 mins 0 secs
[GC 268740K->15190K(2944064K), 0.0331560 secs]
[GC 271254K->15110K(2944064K), 0.0252510 secs]
[GC 271174K->18890K(2944064K), 0.0363720 secs]
[GC 274954K->18506K(2944064K), 0.0314920 secs]
[GC 274570K->17891K(2944064K), 0.0332300 secs]
[GC 273944K->16954K(2944064K), 0.0290130 secs]
[GC 273018K->17079K(2944064K), 0.0262330 secs]
 INFO  [Stressor-0] {org.radargun.stressors.StressTestStressor} Number of ops executed so far: 64600. Elapsed time: 20.263 secs. Remaining: 39.737 secs. Total: 1 mins 0 secs
[GC 273143K->16863K(2944064K), 0.0297010 secs]
[GC 272927K->19141K(2944064K), 0.0306340 secs]
[GC 275205K->19892K(2944064K), 0.0320010 secs]
[GC 275956K->19603K(2944064K), 0.0321350 secs]
[GC 275667K->16077K(2944064K), 0.0331750 secs]
[GC 272141K->17408K(2944064K), 0.0292460 secs]
[GC 273472K->17183K(2944064K), 0.0326990 secs]
[GC 273247K->21103K(2944064K), 0.0546350 secs]
[GC 277167K->16429K(2944064K), 0.0326740 secs]
[GC 272493K->17110K(2944064K), 0.0243090 secs]
 INFO  [Stressor-3] {org.radargun.stressors.StressTestStressor} Number of ops executed so far: 223700. Elapsed time: 40.356 secs. Remaining: 19.644 secs. Total: 1 mins 0 secs
[GC 273174K->16424K(2944064K), 0.0296570 secs]
[GC 272488K->16540K(2944064K), 0.0238730 secs]
[GC 272604K->19257K(2944064K), 0.0304190 secs]
[GC 275321K->15541K(2944064K), 0.0286170 secs]
[GC 271605K->15796K(2944064K), 0.0256940 secs]
[GC 271860K->16427K(2944064K), 0.0263480 secs]
[GC 272491K->19044K(2944064K), 0.0278030 secs]
 INFO  [pool-1-thread-1] {org.radargun.stressors.StressTestStressor} Finished generating report. Test duration is: 1 mins 3 secs
 INFO  [pool-1-thread-1] {org.radargun.stages.StressTestWarmupStage} The warmup took: 63 seconds.
 INFO  [pool-1-thread-1] {org.radargun.Slave} Finished stage: StressTestWarmup {bulkSize=1, cacheSpecificKeyGenerator=false, commitTransactions=true, duration=1 mins 0 secs, entrySize=1000, exitBenchmarkOnSlaveFailure=false, fixedKeys=true, generateHistogramRange=false, keyGeneratorClass=org.radargun.stressors.StringKeyGenerator, keyGeneratorParam=null, loadAllKeys=false, numEntries=100, numOfThreads=4, numRequests=10000, numThreads=4, numberOfAttributes=100, numberOfRequests=10000, opsCountStatusLog=100000, poolKeys=true, preferAsyncOperations=false, removePercentage=0, replaceInvalidPercentage=40, runOnAllSlaves=false, sharedKeys=false, sizeOfAnAttribute=1000, slaves=null, transactionSize=50, useAtomics=false, useHistogramStatistics=false, useSimpleStatistics=true, useSmartClassLoading=true, useTransactions=null, writePercentage=20, writeTxPercentage=20 }
 INFO  [main] {org.radargun.Slave} Ack successfully sent to the master
 INFO  [pool-1-thread-1] {org.radargun.Slave} Executing stage: ClearClusterStage {ClearCluster {exitBenchmarkOnSlaveFailure=false, runOnAllSlaves=false, slaves=[ 0 ], useSmartClassLoading=true }
 INFO  [pool-1-thread-1] {org.radargun.stages.ClearClusterStage} Before executing clear, memory looks like this: Memory - free: 2,895,692 kb - max:4,906,688 kb- total:2,944,064 kb
[Full GC 48371K->9824K(2944064K), 0.1555350 secs]
 INFO  [pool-1-thread-1] {org.radargun.stages.ClearClusterStage} After executing cleanup, memory looks like this: Memory - free: 2,931,885 kb - max:4,906,688 kb- total:2,944,320 kb
 INFO  [pool-1-thread-1] {org.radargun.Slave} Finished stage: ClearClusterStage {ClearCluster {exitBenchmarkOnSlaveFailure=false, runOnAllSlaves=false, slaves=[ 0 ], useSmartClassLoading=true }
 INFO  [main] {org.radargun.Slave} Ack successfully sent to the master
 INFO  [pool-1-thread-1] {org.radargun.Slave} Executing stage: StressTest {bulkSize=1, cacheSpecificKeyGenerator=false, commitTransactions=true, duration=1 mins 0 secs, entrySize=1000, exitBenchmarkOnSlaveFailure=false, fixedKeys=true, generateHistogramRange=false, keyGeneratorClass=org.radargun.stressors.StringKeyGenerator, keyGeneratorParam=null, loadAllKeys=false, numEntries=10000, numOfThreads=4, numRequests=10000000, numThreads=4, numberOfAttributes=10000, numberOfRequests=10000000, opsCountStatusLog=500000, poolKeys=true, preferAsyncOperations=false, removePercentage=0, replaceInvalidPercentage=40, runOnAllSlaves=false, sharedKeys=false, sizeOfAnAttribute=1000, slaves=null, transactionSize=10000, useAtomics=false, useHistogramStatistics=false, useSimpleStatistics=true, useSmartClassLoading=true, useTransactions=true, writePercentage=10, writeTxPercentage=5 }
 INFO  [pool-1-thread-1] {org.radargun.stages.StressTestStage} Starting StressTestStage: StressTest {bulkSize=1, cacheSpecificKeyGenerator=false, commitTransactions=true, duration=1 mins 0 secs, entrySize=1000, exitBenchmarkOnSlaveFailure=false, fixedKeys=true, generateHistogramRange=false, keyGeneratorClass=org.radargun.stressors.StringKeyGenerator, keyGeneratorParam=null, loadAllKeys=false, numEntries=10000, numOfThreads=4, numRequests=10000000, numThreads=4, numberOfAttributes=10000, numberOfRequests=10000000, opsCountStatusLog=500000, poolKeys=true, preferAsyncOperations=false, removePercentage=0, replaceInvalidPercentage=40, runOnAllSlaves=false, sharedKeys=false, sizeOfAnAttribute=1000, slaves=null, transactionSize=10000, useAtomics=false, useHistogramStatistics=false, useSimpleStatistics=true, useSmartClassLoading=true, useTransactions=true, writePercentage=10, writeTxPercentage=5 }
 INFO  [pool-1-thread-1] {org.radargun.stressors.StressTestStressor} Using key generator org.radargun.stressors.StringKeyGenerator, param null
 INFO  [pool-1-thread-1] {org.radargun.stressors.StressTestStressor} Executing: StressTestStressor{opsCountStatusLog=500000, numRequests=10000000, numEntries=10000, entrySize=1000, writePercentage=10, numThreads=4, cacheWrapper=org.radargun.cachewrappers.JBossCache3Wrapper@5afda4f2, nodeIndex=8, useTransactions=true, transactionSize=10000, commitTransactions=true, durationMillis=60000}
 INFO  [pool-1-thread-1] {org.radargun.stressors.StressTestStressor} Cache wrapper info is: Num direct children: 60
[GC 266080K->25642K(2944320K), 0.0295900 secs]
[GC 281898K->33833K(2944320K), 0.0322630 secs]
[GC 290089K->51586K(2944320K), 0.0345070 secs]
[GC 307842K->64968K(2944320K), 0.0402710 secs]
[GC 321224K->82889K(2944320K), 0.0380870 secs]
[GC 339145K->76964K(2944320K), 0.0428050 secs]
[GC 333220K->102643K(2944320K), 0.0482550 secs]
[GC 358899K->128744K(2944320K), 0.0573520 secs]
[GC 385000K->97385K(2944320K), 0.0462700 secs]
[GC 353641K->150993K(2944320K), 0.0551750 secs]
[GC 407249K->118720K(2944320K), 0.0459260 secs]
[GC 374975K->124587K(2944320K), 0.0472630 secs]
[GC 380843K->147057K(2944320K), 0.0467940 secs]
[GC 403313K->156802K(2944320K), 0.0503000 secs]
[GC 413058K->147288K(2944320K), 0.0551880 secs]
[GC 403544K->153771K(2944320K), 0.0566540 secs]
[GC 410027K->199574K(2944320K), 0.0551390 secs]
[GC 455830K->164237K(2944320K), 0.0542530 secs]
[GC 420493K->195845K(2944320K), 0.0496780 secs]
[GC 452101K->210332K(2944320K), 0.0472970 secs]
[GC 466588K->183471K(2944320K), 0.0480770 secs]
[GC 439727K->209702K(2944320K), 0.0490220 secs]
[GC 465957K->229898K(2944320K), 0.0467310 secs]
[GC 486154K->195291K(2944320K), 0.0516930 secs]
[GC 451547K->238818K(2944320K), 0.0548990 secs]
[GC 495074K->197904K(2944320K), 0.0476470 secs]
[GC 454160K->234113K(2944320K), 0.0487520 secs]
[GC 490369K->215422K(2944320K), 0.0456410 secs]
[GC 471678K->221878K(2944320K), 0.0480870 secs]
[GC 478134K->251194K(2944320K), 0.0462920 secs]
[GC 507419K->263180K(2944320K), 0.0588460 secs]
[GC 519432K->235458K(2944320K), 0.0565170 secs]
[GC 491714K->276021K(2944320K), 0.0515110 secs]
[GC 532277K->241110K(2944320K), 0.0488870 secs]
[GC 497366K->255225K(2944320K), 0.0471090 secs]
[GC 511481K->267396K(2944320K), 0.0512280 secs]
[GC 523628K->257947K(2944320K), 0.0541110 secs]
[GC 514203K->279357K(2944320K), 0.0616190 secs]
[GC 535613K->284346K(2944320K), 0.0594630 secs]
[GC 540602K->289066K(2944320K), 0.0500740 secs]
[GC 545322K->277938K(2944320K), 0.0494870 secs]
[GC 534194K->298986K(2944320K), 0.0576720 secs]
[GC 555242K->303710K(2944320K), 0.0583060 secs]
[GC 559966K->292213K(2944320K), 0.0678610 secs]
[GC 548469K->313285K(2944320K), 0.0600150 secs]
[GC 569541K->318139K(2944320K), 0.0551310 secs]
[GC 574395K->306602K(2944320K), 0.0584070 secs]
[GC 562858K->327687K(2944320K), 0.0523150 secs]
[GC 583943K->349089K(2944320K), 0.0579580 secs]
[GC 605321K->321027K(2944320K), 0.0489270 secs]
[GC 577283K->340920K(2944320K), 0.0482440 secs]
[GC 597112K->325132K(2944320K), 0.0486170 secs]
[GC 581388K->346384K(2944320K), 0.0563600 secs]
[GC 602640K->344667K(2944320K), 0.0609040 secs]
[GC 600923K->369137K(2944320K), 0.0588310 secs]
[GC 625393K->340304K(2944320K), 0.0522520 secs]
[GC 596560K->349971K(2944320K), 0.0619190 secs]
[GC 606214K->358967K(2944320K), 0.0644160 secs]
[GC 615223K->348171K(2944320K), 0.0571260 secs]
[GC 604384K->351098K(2944320K), 0.0561380 secs]
[GC 607354K->367775K(2944320K), 0.0570550 secs]
[GC 624031K->356516K(2944320K), 0.0510160 secs]
[GC 612772K->372177K(2944320K), 0.0454020 secs]
[GC 628415K->373526K(2944320K), 0.0499920 secs]
[GC 629782K->375757K(2944320K), 0.0476550 secs]
[GC 632013K->378380K(2944320K), 0.0514020 secs]
[GC 634623K->381405K(2944320K), 0.0396550 secs]
[GC 637616K->384617K(2944320K), 0.0529260 secs]
[GC 640829K->387702K(2944320K), 0.0490920 secs]
[GC 643958K->390822K(2944320K), 0.0420230 secs]
[GC 647078K->394043K(2944320K), 0.0453510 secs]
[GC 650296K->397207K(2944320K), 0.0456410 secs]
[GC 653463K->400266K(2944320K), 0.0436570 secs]
[GC 656522K->415973K(2944320K), 0.0413410 secs]
[GC 672228K->394031K(2944320K), 0.0438140 secs]
[GC 650287K->414043K(2944320K), 0.0414450 secs]
[GC 670298K->423367K(2944320K), 0.0433330 secs]
[GC 679622K->402845K(2944320K), 0.0525360 secs]
[GC 659101K->423316K(2944320K), 0.0425080 secs]
[GC 679572K->408084K(2944320K), 0.0433030 secs]
[GC 664340K->437366K(2944320K), 0.0418920 secs]
[GC 693596K->423515K(2944320K), 0.0425890 secs]
[GC 679766K->435895K(2944320K), 0.0484320 secs]
[GC 692151K->445153K(2944320K), 0.0465780 secs]
[GC 701392K->432413K(2944320K), 0.0466490 secs]
[GC 688646K->445253K(2944320K), 0.0479490 secs]
[GC 701509K->454626K(2944320K), 0.0464280 secs]
[GC 710882K->434101K(2944320K), 0.0437110 secs]
[GC 690356K->443270K(2944320K), 0.0422810 secs]
[GC 699526K->463945K(2944320K), 0.0435110 secs]
[GC 720187K->451198K(2944320K), 0.0413920 secs]
[GC 707421K->464154K(2944320K), 0.0539950 secs]
[GC 720410K->473361K(2944320K), 0.0542260 secs]
[GC 729585K->452741K(2944320K), 0.0513130 secs]
[GC 708997K->485397K(2944320K), 0.0529800 secs]
[GC 741638K->465066K(2944320K), 0.0480910 secs]
[GC 721322K->490531K(2944320K), 0.0457130 secs]
[GC 746787K->463391K(2944320K), 0.0367160 secs]
[GC 719641K->485282K(2944320K), 0.0383290 secs]
[GC 741494K->494939K(2944320K), 0.0390300 secs]
[GC 751195K->474471K(2944320K), 0.0377100 secs]
[GC 730727K->483666K(2944320K), 0.0387930 secs]
[GC 739922K->504482K(2944320K), 0.0363100 secs]
[GC 760702K->483971K(2944320K), 0.0399450 secs]
[GC 740180K->515920K(2944320K), 0.0359980 secs]
[GC 772173K->488428K(2944320K), 0.0386580 secs]
[GC 744638K->510307K(2944320K), 0.0386860 secs]
[GC 766511K->507740K(2944320K), 0.0406540 secs]
[GC 763974K->512400K(2944320K), 0.0410740 secs]
[GC 768656K->516028K(2944320K), 0.0418220 secs]
[GC 772284K->519108K(2944320K), 0.0469200 secs]
[GC 775364K->522299K(2944320K), 0.0482380 secs]
[GC 778496K->525576K(2944320K), 0.0418290 secs]
[GC 781820K->541148K(2944320K), 0.0461720 secs]
[GC 797403K->519058K(2944320K), 0.0451180 secs]
[GC 775314K->539101K(2944320K), 0.0476810 secs]
[GC 795357K->548605K(2944320K), 0.0466040 secs]
[GC 804850K->527878K(2944320K), 0.0445410 secs]
[GC 784105K->548454K(2944320K), 0.0389290 secs]
[GC 804710K->557753K(2944320K), 0.0380750 secs]
[GC 814009K->537328K(2944320K), 0.0415180 secs]
[GC 793584K->557778K(2944320K), 0.0512440 secs]
[GC 814034K->554926K(2944320K), 0.0457130 secs]
[GC 811182K->571706K(2944320K), 0.0486110 secs]
[GC 827962K->565736K(2944320K), 0.0535340 secs]
[GC 821992K->600952K(2944320K), 0.0695420 secs]
 INFO  [pool-1-thread-1] {org.radargun.stressors.StressTestStressor} Started 4 stressor threads.
 INFO  [Stressor-2] {org.radargun.stressors.StressTestStressor} Number of ops executed so far: 1. Elapsed time: 0.000 secs. Remaining: 1 mins 0 secs. Total: 1 mins 0 secs
[GC 857208K->634344K(2944320K), 0.0840770 secs]
[GC 890600K->676948K(2944320K), 0.0960920 secs]
[GC 933161K->716670K(2944320K), 0.0936150 secs]
[GC 972921K->768554K(2944320K), 0.1217910 secs]
[GC 1024810K->753862K(2944320K), 0.0588820 secs]
[GC 1010118K->820590K(2944320K), 0.0827230 secs]
[GC 1076846K->803658K(2944320K), 0.0826510 secs]
[GC 1059895K->826458K(2944320K), 0.0794510 secs]
[GC 1082685K->874281K(2944320K), 0.0629010 secs]
[GC 1130513K->922743K(2944320K), 0.0994470 secs]
 INFO  [Stressor-0] {org.radargun.stressors.StressTestStressor} Number of ops executed so far: 910000. Elapsed time: 21.347 secs. Remaining: 38.653 secs. Total: 1 mins 0 secs
[GC 1178999K->953591K(2944320K), 0.1032630 secs]
[GC 1209847K->990131K(2944320K), 0.1073790 secs]
[GC 1246387K->1008181K(2944320K), 0.0850520 secs]
[GC 1264437K->1012378K(2944320K), 0.0709560 secs]
[GC 1268634K->1038150K(2944320K), 0.0923810 secs]
[GC 1294406K->1095199K(2944320K), 0.0658280 secs]
[GC 1351404K->1099991K(2944320K), 0.0803000 secs]
[GC 1356247K->1121574K(2944320K), 0.0754030 secs]
[GC 1377830K->1154928K(2944320K), 0.0784060 secs]
[GC 1411184K->1171800K(2944320K), 0.0812590 secs]
[GC 1428056K->1196616K(2944320K), 0.0674960 secs]
[GC 1452872K->1190544K(2944320K), 0.0812530 secs]
[GC 1446255K->1230788K(2944320K), 0.0587340 secs]
 INFO  [Stressor-0] {org.radargun.stressors.StressTestStressor} Number of ops executed so far: 3240000. Elapsed time: 41.429 secs. Remaining: 18.571 secs. Total: 1 mins 0 secs
[GC 1487044K->1264445K(2944320K), 0.0899270 secs]
[GC 1520701K->1294525K(2944320K), 0.0844860 secs]
[GC 1550781K->1293502K(2944320K), 0.0798100 secs]
[GC 1549758K->1353615K(2944320K), 0.0823200 secs]
[GC 1609860K->1385415K(2944320K), 0.0956630 secs]
[GC 1641671K->1428104K(2944320K), 0.1072730 secs]
[GC 1428852K(2944320K), 0.0162990 secs]
[GC 1684360K->1400978K(2944320K), 0.0427910 secs]
[GC 1561474K(2944320K), 0.1018720 secs]
[GC 863927K->625469K(2944320K), 0.0491280 secs]
 INFO  [Stressor-1] {org.radargun.stressors.StressTestStressor} Number of ops executed so far: 3800000. Elapsed time: 1 mins 5 secs. Remaining: 0.000 secs. Total: 1 mins 0 secs
 INFO  [pool-1-thread-1] {org.radargun.stressors.StressTestStressor} Finished generating report. Test duration is: 2 mins 57 secs
 INFO  [pool-1-thread-1] {org.radargun.stages.StressTestStage} size info: Num direct children: 60, clusterSize:12, nodeIndex:8, cacheSize: -1
 INFO  [pool-1-thread-1] {org.radargun.Slave} Finished stage: StressTest {bulkSize=1, cacheSpecificKeyGenerator=false, commitTransactions=true, duration=1 mins 0 secs, entrySize=1000, exitBenchmarkOnSlaveFailure=false, fixedKeys=true, generateHistogramRange=false, keyGeneratorClass=org.radargun.stressors.StringKeyGenerator, keyGeneratorParam=null, loadAllKeys=false, numEntries=10000, numOfThreads=4, numRequests=10000000, numThreads=4, numberOfAttributes=10000, numberOfRequests=10000000, opsCountStatusLog=500000, poolKeys=true, preferAsyncOperations=false, removePercentage=0, replaceInvalidPercentage=40, runOnAllSlaves=false, sharedKeys=false, sizeOfAnAttribute=1000, slaves=null, transactionSize=10000, useAtomics=false, useHistogramStatistics=false, useSimpleStatistics=true, useSmartClassLoading=true, useTransactions=true, writePercentage=10, writeTxPercentage=5 }
 INFO  [main] {org.radargun.Slave} Ack successfully sent to the master
[GC 881710K->644496K(2944320K), 0.0448020 secs]
[GC 900326K->660353K(2944320K), 0.0576370 secs]
 INFO  [main] {org.radargun.Slave} Master shutdown!
 INFO  [Thread-0] {org.radargun.ShutDownHook} Slave process is being shutdown
