/usr/java/jdk1.7.0_21/bin/java -server -Xmx1024M -Xms1024M -Dresolve.dns=false -Djgroups.timer.num_threads=4 -verbose:gc -Xmx5000M -Xms3000M -server -XX:+UseConcMarkSweepGC -XX:+AggressiveOpts -verbose:gc -XX:ParallelGCThreads=4 -XX:NewRatio=5 -XX:SurvivorRatio=2 -Dhazelcast.operation.thread.count=4 -Djava.net.preferIPv4Stack=true -Dlog4j.file.prefix=deimos-esw-3822 -Dbind.address= -Djgroups.bind_addr= -classpath /home/smf/github/radargun/target/distribution/RadarGun-1.1.0-SNAPSHOT/lib/activation-1.1.jar:/home/smf/github/radargun/target/distribution/RadarGun-1.1.0-SNAPSHOT/lib/commons-beanutils-1.8.0.jar:/home/smf/github/radargun/target/distribution/RadarGun-1.1.0-SNAPSHOT/lib/commons-digester-2.0.jar:/home/smf/github/radargun/target/distribution/RadarGun-1.1.0-SNAPSHOT/lib/commons-logging-1.1.1.jar:/home/smf/github/radargun/target/distribution/RadarGun-1.1.0-SNAPSHOT/lib/commons-math-1.2.jar:/home/smf/github/radargun/target/distribution/RadarGun-1.1.0-SNAPSHOT/lib/jboss-transaction-api-1.0.1.GA.jar:/home/smf/github/radargun/target/distribution/RadarGun-1.1.0-SNAPSHOT/lib/jcommon-1.0.15.jar:/home/smf/github/radargun/target/distribution/RadarGun-1.1.0-SNAPSHOT/lib/jfreechart-1.0.12.jar:/home/smf/github/radargun/target/distribution/RadarGun-1.1.0-SNAPSHOT/lib/log4j-1.2.14.jar:/home/smf/github/radargun/target/distribution/RadarGun-1.1.0-SNAPSHOT/lib/mail-1.4.2.jar:/home/smf/github/radargun/target/distribution/RadarGun-1.1.0-SNAPSHOT/lib/radargun-framework-1.1.0-SNAPSHOT.jar:/home/smf/github/radargun/target/distribution/RadarGun-1.1.0-SNAPSHOT/conf org.radargun.Slave -master 127.0.0.1:2103
--------------------------------------------------------------------------------
PerNodeRollingFileAppender::Using file prefix:deimos-esw-3822
 INFO  [main] {org.radargun.Slave} Attempting to connect to master 127.0.0.1:2103
 INFO  [main] {org.radargun.Slave} Successfully established connection with master at: 127.0.0.1:2103
Loading JARS from /home/smf/github/radargun/target/distribution/RadarGun-1.1.0-SNAPSHOT/lib/radargun-framework-1.1.0-SNAPSHOT.jar
 INFO  [pool-1-thread-1] {org.radargun.config.AnnotatedHelper} Loading JARS from /home/smf/github/radargun/target/distribution/RadarGun-1.1.0-SNAPSHOT/lib/radargun-framework-1.1.0-SNAPSHOT.jar
 INFO  [pool-1-thread-1] {org.radargun.config.AnnotatedHelper} Loading JARS from /home/smf/github/radargun/target/distribution/RadarGun-1.1.0-SNAPSHOT/lib/radargun-framework-1.1.0-SNAPSHOT.jar
 INFO  [pool-1-thread-1] {org.radargun.Slave} Executing stage: DestroyWrapper {enforceMemoryThrashHold=true, exitBenchmarkOnSlaveFailure=false, heapDumpDir=null, memoryThreshold=95, runOnAllSlaves=true, slaves=null, useSmartClassLoading=true }
 INFO  [pool-1-thread-1] {org.radargun.stages.DestroyWrapperStage} Received destroy cache wrapper request from master...
 INFO  [pool-1-thread-1] {org.radargun.stages.DestroyWrapperStage} No cache wrapper deployed on this slave, nothing to do.
 INFO  [pool-1-thread-1] {org.radargun.stages.DestroyWrapperStage} Before executing clear, memory looks like this: Memory - free: 2,928,638 kb - max:4,906,688 kb- total:2,944,000 kb
[Full GC 15361K->3631K(2944000K), 0.0696440 secs]
 INFO  [pool-1-thread-1] {org.radargun.stages.DestroyWrapperStage} After executing cleanup, memory looks like this: Memory - free: 2,935,311 kb - max:4,906,688 kb- total:2,944,064 kb
 INFO  [pool-1-thread-1] {org.radargun.Slave} Finished stage: DestroyWrapper {enforceMemoryThrashHold=true, exitBenchmarkOnSlaveFailure=false, heapDumpDir=null, memoryThreshold=95, runOnAllSlaves=true, slaves=null, useSmartClassLoading=true }
 INFO  [main] {org.radargun.Slave} Ack successfully sent to the master
 INFO  [pool-1-thread-1] {org.radargun.Slave} Executing stage: StartCluster {config=ispn52-repl-sync-rc.xml, delayAfterFirstSlaveStarts=5.000 secs, delayBetweenStartingSlaves=0.500 secs, exitBenchmarkOnSlaveFailure=true, expectNumSlaves=null, mayFailOn=null, reachable=null, runOnAllSlaves=false, slaves=null, staggerSlaveStartup=true, useSmartClassLoading=true, validateCluster=true }
 INFO  [pool-1-thread-1] {org.radargun.stages.StartClusterStage}  Startup staggering, starting 12 slaves. This is the slave with index 8. Sleeping for 9000 millis.
 INFO  [pool-1-thread-1] {org.radargun.stages.StartClusterStage} Ack master's StartCluster stage. Local address is: /127.0.0.1. This slave's index is: 8
 INFO  [pool-1-thread-1] {org.radargun.utils.ClassLoadHelper} Creating newInstance org.radargun.cachewrappers.FFWrapper with classloader java.net.URLClassLoader@3096f94
 INFO  [pool-1-thread-1] {org.radargun.cachewrappers.FFWrapper} config=ispn52-repl-sync-rc.xml, isLocal=false, nodeIndex=8, confAttributes={name=ispn52-repl-sync-rc.xml, decorate=infinispan52}
 INFO  [pool-1-thread-1] {org.radargun.cachewrappers.FFWrapper} Found fenix framework config options in 'rg-fenix-framework-config-options.properties'.
 INFO  [pool-1-thread-1] {org.radargun.cachewrappers.FFWrapper} Setting extra config properties for Fenix Framework.
 INFO  [pool-1-thread-1] {org.radargun.cachewrappers.FFWrapper} Will initialize Fenix Framework with RadarGunDataGridConfig
 TRACE [pool-1-thread-1] {pt.ist.fenixframework.FenixFramework} Static initializer block for FenixFramework class [BEGIN]
 INFO  [pool-1-thread-1] {pt.ist.fenixframework.FenixFramework} Trying auto-initialization with configuration by convention
 INFO  [pool-1-thread-1] {pt.ist.fenixframework.FenixFramework} Resource 'fenix-framework.properties' not found
 DEBUG [pool-1-thread-1] {pt.ist.fenixframework.FenixFramework} Fenix Framework properties after reading default config file:{}
 DEBUG [pool-1-thread-1] {pt.ist.fenixframework.FenixFramework} CurrentBackEndName = jvstm-datagrid
 INFO  [pool-1-thread-1] {pt.ist.fenixframework.FenixFramework} Resource 'fenix-framework-jvstm-datagrid.properties' not found
 DEBUG [pool-1-thread-1] {pt.ist.fenixframework.FenixFramework} Fenix Framework properties after reading backend config file:{}
 DEBUG [pool-1-thread-1] {pt.ist.fenixframework.FenixFramework} Fenix Framework properties after enforcing system properties:{}
 INFO  [pool-1-thread-1] {pt.ist.fenixframework.FenixFramework} Skipping configuration by convention.
 TRACE [pool-1-thread-1] {pt.ist.fenixframework.FenixFramework} Static initializer block for FenixFramework class [END]
 INFO  [pool-1-thread-1] {pt.ist.fenixframework.FenixFramework} Initializing Fenix Framework with config.class=pt.ist.fenixframework.backend.jvstm.datagrid.radargun.RadarGunDataGridConfig
 INFO  [pool-1-thread-1] {pt.ist.fenixframework.backend.jvstm.cluster.JvstmClusterBackEnd} initializeGroupCommunication()
 INFO  [pool-1-thread-1] {com.hazelcast.config.ClasspathXmlConfig} Configuring Hazelcast from 'hazelcast-ff.xml'.
 INFO  [pool-1-thread-1] {com.hazelcast.instance.DefaultAddressPicker} Interfaces is disabled, trying to pick one address from TCP-IP config addresses: [127.0.0.1]
 INFO  [pool-1-thread-1] {com.hazelcast.instance.DefaultAddressPicker} Picked Address[127.0.0.1]:5709, using socket ServerSocket[addr=/0.0.0.0,localport=5709], bind any local is true
 INFO  [pool-1-thread-1] {com.hazelcast.system} [127.0.0.1]:5709 [FenixFrameworkGroup] Hazelcast Community Edition 3.0.2 (20130906) starting at Address[127.0.0.1]:5709
 INFO  [pool-1-thread-1] {com.hazelcast.system} [127.0.0.1]:5709 [FenixFrameworkGroup] Copyright (C) 2008-2013 Hazelcast.com
 INFO  [pool-1-thread-1] {com.hazelcast.instance.Node} [127.0.0.1]:5709 [FenixFrameworkGroup] Creating MulticastJoiner
 INFO  [pool-1-thread-1] {com.hazelcast.core.LifecycleService} [127.0.0.1]:5709 [FenixFrameworkGroup] Address[127.0.0.1]:5709 is STARTING
 INFO  [pool-1-thread-1] {com.hazelcast.cluster.TcpIpJoiner} [127.0.0.1]:5709 [FenixFrameworkGroup] Connecting to possible member: Address[127.0.0.1]:5703
 INFO  [pool-1-thread-1] {com.hazelcast.cluster.TcpIpJoiner} [127.0.0.1]:5709 [FenixFrameworkGroup] Connecting to possible member: Address[127.0.0.1]:5702
 INFO  [pool-1-thread-1] {com.hazelcast.cluster.TcpIpJoiner} [127.0.0.1]:5709 [FenixFrameworkGroup] Connecting to possible member: Address[127.0.0.1]:5701
 INFO  [hz._hzInstance_1_FenixFrameworkGroup.cached.thread-3] {com.hazelcast.nio.SocketConnector} [127.0.0.1]:5709 [FenixFrameworkGroup] Connecting to /127.0.0.1:5703, timeout: 0, bind-any: true
 INFO  [hz._hzInstance_1_FenixFrameworkGroup.cached.thread-2] {com.hazelcast.nio.SocketConnector} [127.0.0.1]:5709 [FenixFrameworkGroup] Connecting to /127.0.0.1:5702, timeout: 0, bind-any: true
 INFO  [hz._hzInstance_1_FenixFrameworkGroup.cached.thread-1] {com.hazelcast.nio.SocketConnector} [127.0.0.1]:5709 [FenixFrameworkGroup] Connecting to /127.0.0.1:5701, timeout: 0, bind-any: true
 INFO  [hz._hzInstance_1_FenixFrameworkGroup.cached.thread-1] {com.hazelcast.nio.TcpIpConnectionManager} [127.0.0.1]:5709 [FenixFrameworkGroup] 39734 accepted socket connection from /127.0.0.1:5701
 INFO  [hz._hzInstance_1_FenixFrameworkGroup.cached.thread-2] {com.hazelcast.nio.TcpIpConnectionManager} [127.0.0.1]:5709 [FenixFrameworkGroup] 40912 accepted socket connection from /127.0.0.1:5702
 INFO  [hz._hzInstance_1_FenixFrameworkGroup.cached.thread-3] {com.hazelcast.nio.TcpIpConnectionManager} [127.0.0.1]:5709 [FenixFrameworkGroup] 38499 accepted socket connection from /127.0.0.1:5703
 INFO  [hz._hzInstance_1_FenixFrameworkGroup.cached.thread-1] {com.hazelcast.cluster.ClusterService} [127.0.0.1]:5709 [FenixFrameworkGroup] 

Members [12] {
	Member [127.0.0.1]:5701
	Member [127.0.0.1]:5702
	Member [127.0.0.1]:5704
	Member [127.0.0.1]:5705
	Member [127.0.0.1]:5706
	Member [127.0.0.1]:5703
	Member [127.0.0.1]:5707
	Member [127.0.0.1]:5708
	Member [127.0.0.1]:5709 this
	Member [127.0.0.1]:5710
	Member [127.0.0.1]:5711
	Member [127.0.0.1]:5712
}

 INFO  [hz._hzInstance_1_FenixFrameworkGroup.cached.thread-6] {com.hazelcast.nio.SocketConnector} [127.0.0.1]:5709 [FenixFrameworkGroup] Connecting to /127.0.0.1:5704, timeout: 0, bind-any: true
 INFO  [hz._hzInstance_1_FenixFrameworkGroup.cached.thread-6] {com.hazelcast.nio.TcpIpConnectionManager} [127.0.0.1]:5709 [FenixFrameworkGroup] 49471 accepted socket connection from /127.0.0.1:5704
 INFO  [hz._hzInstance_1_FenixFrameworkGroup.cached.thread-6] {com.hazelcast.nio.SocketConnector} [127.0.0.1]:5709 [FenixFrameworkGroup] Connecting to /127.0.0.1:5705, timeout: 0, bind-any: true
 INFO  [hz._hzInstance_1_FenixFrameworkGroup.cached.thread-7] {com.hazelcast.nio.SocketConnector} [127.0.0.1]:5709 [FenixFrameworkGroup] Connecting to /127.0.0.1:5706, timeout: 0, bind-any: true
 INFO  [hz._hzInstance_1_FenixFrameworkGroup.cached.thread-6] {com.hazelcast.nio.TcpIpConnectionManager} [127.0.0.1]:5709 [FenixFrameworkGroup] 49089 accepted socket connection from /127.0.0.1:5705
 INFO  [hz._hzInstance_1_FenixFrameworkGroup.cached.thread-3] {com.hazelcast.nio.SocketConnector} [127.0.0.1]:5709 [FenixFrameworkGroup] Connecting to /127.0.0.1:5707, timeout: 0, bind-any: true
 INFO  [hz._hzInstance_1_FenixFrameworkGroup.IO.thread-Acceptor] {com.hazelcast.nio.SocketAcceptor} [127.0.0.1]:5709 [FenixFrameworkGroup] Accepting socket connection from /127.0.0.1:44337
 INFO  [hz._hzInstance_1_FenixFrameworkGroup.cached.thread-6] {com.hazelcast.nio.SocketConnector} [127.0.0.1]:5709 [FenixFrameworkGroup] Connecting to /127.0.0.1:5708, timeout: 0, bind-any: true
 INFO  [hz._hzInstance_1_FenixFrameworkGroup.IO.thread-Acceptor] {com.hazelcast.nio.TcpIpConnectionManager} [127.0.0.1]:5709 [FenixFrameworkGroup] 5709 accepted socket connection from /127.0.0.1:44337
 INFO  [hz._hzInstance_1_FenixFrameworkGroup.cached.thread-7] {com.hazelcast.nio.TcpIpConnectionManager} [127.0.0.1]:5709 [FenixFrameworkGroup] 36557 accepted socket connection from /127.0.0.1:5706
 INFO  [hz._hzInstance_1_FenixFrameworkGroup.cached.thread-3] {com.hazelcast.nio.TcpIpConnectionManager} [127.0.0.1]:5709 [FenixFrameworkGroup] 40421 accepted socket connection from /127.0.0.1:5707
 INFO  [hz._hzInstance_1_FenixFrameworkGroup.IO.thread-Acceptor] {com.hazelcast.nio.SocketAcceptor} [127.0.0.1]:5709 [FenixFrameworkGroup] Accepting socket connection from /127.0.0.1:47518
 INFO  [hz._hzInstance_1_FenixFrameworkGroup.cached.thread-7] {com.hazelcast.nio.SocketConnector} [127.0.0.1]:5709 [FenixFrameworkGroup] Connecting to /127.0.0.1:5710, timeout: 0, bind-any: true
 INFO  [hz._hzInstance_1_FenixFrameworkGroup.IO.thread-Acceptor] {com.hazelcast.nio.TcpIpConnectionManager} [127.0.0.1]:5709 [FenixFrameworkGroup] 5709 accepted socket connection from /127.0.0.1:47518
 INFO  [hz._hzInstance_1_FenixFrameworkGroup.cached.thread-7] {com.hazelcast.nio.TcpIpConnectionManager} [127.0.0.1]:5709 [FenixFrameworkGroup] 57505 accepted socket connection from /127.0.0.1:5710
 INFO  [hz._hzInstance_1_FenixFrameworkGroup.cached.thread-6] {com.hazelcast.nio.TcpIpConnectionManager} [127.0.0.1]:5709 [FenixFrameworkGroup] 37488 accepted socket connection from /127.0.0.1:5708
 INFO  [hz._hzInstance_1_FenixFrameworkGroup.IO.thread-Acceptor] {com.hazelcast.nio.SocketAcceptor} [127.0.0.1]:5709 [FenixFrameworkGroup] Accepting socket connection from /127.0.0.1:48063
 INFO  [hz._hzInstance_1_FenixFrameworkGroup.cached.thread-3] {com.hazelcast.nio.SocketConnector} [127.0.0.1]:5709 [FenixFrameworkGroup] Connecting to /127.0.0.1:5712, timeout: 0, bind-any: true
 INFO  [hz._hzInstance_1_FenixFrameworkGroup.cached.thread-4] {com.hazelcast.nio.SocketConnector} [127.0.0.1]:5709 [FenixFrameworkGroup] Connecting to /127.0.0.1:5711, timeout: 0, bind-any: true
 INFO  [hz._hzInstance_1_FenixFrameworkGroup.cached.thread-3] {com.hazelcast.nio.TcpIpConnectionManager} [127.0.0.1]:5709 [FenixFrameworkGroup] 36092 accepted socket connection from /127.0.0.1:5712
 INFO  [hz._hzInstance_1_FenixFrameworkGroup.IO.thread-Acceptor] {com.hazelcast.nio.TcpIpConnectionManager} [127.0.0.1]:5709 [FenixFrameworkGroup] 5709 accepted socket connection from /127.0.0.1:48063
 INFO  [hz._hzInstance_1_FenixFrameworkGroup.cached.thread-4] {com.hazelcast.nio.TcpIpConnectionManager} [127.0.0.1]:5709 [FenixFrameworkGroup] 42467 accepted socket connection from /127.0.0.1:5711
 INFO  [hz._hzInstance_1_FenixFrameworkGroup.IO.thread-Acceptor] {com.hazelcast.nio.SocketAcceptor} [127.0.0.1]:5709 [FenixFrameworkGroup] Accepting socket connection from /127.0.0.1:34070
 INFO  [hz._hzInstance_1_FenixFrameworkGroup.IO.thread-Acceptor] {com.hazelcast.nio.TcpIpConnectionManager} [127.0.0.1]:5709 [FenixFrameworkGroup] 5709 accepted socket connection from /127.0.0.1:34070
 INFO  [hz._hzInstance_1_FenixFrameworkGroup.IO.thread-Acceptor] {com.hazelcast.nio.SocketAcceptor} [127.0.0.1]:5709 [FenixFrameworkGroup] Accepting socket connection from /127.0.0.1:33659
 INFO  [hz._hzInstance_1_FenixFrameworkGroup.IO.thread-Acceptor] {com.hazelcast.nio.TcpIpConnectionManager} [127.0.0.1]:5709 [FenixFrameworkGroup] 5709 accepted socket connection from /127.0.0.1:33659
 INFO  [hz._hzInstance_1_FenixFrameworkGroup.IO.thread-Acceptor] {com.hazelcast.nio.SocketAcceptor} [127.0.0.1]:5709 [FenixFrameworkGroup] Accepting socket connection from /127.0.0.1:45832
 INFO  [hz._hzInstance_1_FenixFrameworkGroup.IO.thread-Acceptor] {com.hazelcast.nio.TcpIpConnectionManager} [127.0.0.1]:5709 [FenixFrameworkGroup] 5709 accepted socket connection from /127.0.0.1:45832
 INFO  [hz._hzInstance_1_FenixFrameworkGroup.IO.thread-Acceptor] {com.hazelcast.nio.SocketAcceptor} [127.0.0.1]:5709 [FenixFrameworkGroup] Accepting socket connection from /127.0.0.1:36177
 INFO  [hz._hzInstance_1_FenixFrameworkGroup.IO.thread-Acceptor] {com.hazelcast.nio.TcpIpConnectionManager} [127.0.0.1]:5709 [FenixFrameworkGroup] 5709 accepted socket connection from /127.0.0.1:36177
 INFO  [pool-1-thread-1] {com.hazelcast.core.LifecycleService} [127.0.0.1]:5709 [FenixFrameworkGroup] Address[127.0.0.1]:5709 is STARTED
 INFO  [pool-1-thread-1] {pt.ist.fenixframework.backend.jvstm.cluster.ClusterUtils} Got (long) serverId: 7
 INFO  [pool-1-thread-1] {pt.ist.fenixframework.backend.jvstm.cluster.JvstmClusterBackEnd} This is NOT the first node.
 INFO  [pool-1-thread-1] {pt.ist.fenixframework.backend.jvstm.cluster.ClusterUtils} Waiting for startup from first node
 INFO  [pool-1-thread-1] {pt.ist.fenixframework.backend.jvstm.JVSTMBackEnd} initializeRepository()
 INFO  [pool-1-thread-1] {pt.ist.fenixframework.backend.jvstm.datagrid.radargun.DataGridDecorator} config=ispn52-repl-sync-rc.xml, isLocal=false, nodeIndex=8, confAttributes={name=ispn52-repl-sync-rc.xml}
 INFO  [pool-1-thread-1] {org.radargun.cachewrappers.InfinispanXSWrapper} Cannot find any site for slave index 8
[GC 259695K->13145K(2944064K), 0.0405860 secs]
 INFO  [pool-1-thread-1] {org.infinispan.remoting.transport.jgroups.JGroupsTransport} ISPN000078: Starting JGroups Channel
 WARN  [pool-1-thread-1] {org.jgroups.protocols.UDP} [JGRP00014] the send buffer of socket DatagramSocket was set to 640KB, but the OS only allocated 229.38KB. This might lead to performance problems. Please set your max send buffer in the OS correctly (e.g. net.core.wmem_max on Linux)
 WARN  [pool-1-thread-1] {org.jgroups.protocols.UDP} [JGRP00014] the receive buffer of socket DatagramSocket was set to 20MB, but the OS only allocated 229.38KB. This might lead to performance problems. Please set your max receive buffer in the OS correctly (e.g. net.core.rmem_max on Linux)
 WARN  [pool-1-thread-1] {org.jgroups.protocols.UDP} [JGRP00014] the send buffer of socket MulticastSocket was set to 640KB, but the OS only allocated 229.38KB. This might lead to performance problems. Please set your max send buffer in the OS correctly (e.g. net.core.wmem_max on Linux)
 WARN  [pool-1-thread-1] {org.jgroups.protocols.UDP} [JGRP00014] the receive buffer of socket MulticastSocket was set to 25MB, but the OS only allocated 229.38KB. This might lead to performance problems. Please set your max receive buffer in the OS correctly (e.g. net.core.rmem_max on Linux)
 INFO  [pool-1-thread-1] {org.infinispan.remoting.transport.jgroups.JGroupsTransport} ISPN000094: Received new cluster view: [deimos-esw-57427|5] [deimos-esw-57427, deimos-esw-57840, deimos-esw-60507, deimos-esw-34819, deimos-esw-15591, deimos-esw-58608, deimos-esw-20626, deimos-esw-57197]
 INFO  [pool-1-thread-1] {org.infinispan.remoting.transport.jgroups.JGroupsTransport} ISPN000079: Cache local address is deimos-esw-57197, physical addresses are [127.0.0.1:52007]
 INFO  [pool-1-thread-1] {org.infinispan.factories.GlobalComponentRegistry} ISPN000128: Infinispan version: Infinispan 'Delirium' 5.2.6.Final
 INFO  [Incoming-4,deimos-esw-57197] {org.infinispan.remoting.transport.jgroups.JGroupsTransport} ISPN000094: Received new cluster view: [deimos-esw-57427|6] [deimos-esw-57427, deimos-esw-57840, deimos-esw-60507, deimos-esw-34819, deimos-esw-15591, deimos-esw-58608, deimos-esw-20626, deimos-esw-57197, deimos-esw-13058, deimos-esw-21979]
 INFO  [pool-1-thread-1] {org.infinispan.transaction.lookup.JBossStandaloneJTAManagerLookup} ISPN000107: Retrieving transaction manager Transaction: unknown
 INFO  [Incoming-4,deimos-esw-57197] {org.infinispan.remoting.transport.jgroups.JGroupsTransport} ISPN000094: Received new cluster view: [deimos-esw-57427|7] [deimos-esw-57427, deimos-esw-57840, deimos-esw-60507, deimos-esw-34819, deimos-esw-15591, deimos-esw-58608, deimos-esw-20626, deimos-esw-57197, deimos-esw-13058, deimos-esw-21979, deimos-esw-52809, deimos-esw-13191]
 INFO  [pool-1-thread-1] {org.infinispan.jmx.CacheJmxRegistration} ISPN000031: MBeans were successfully registered to the platform MBean server.
 INFO  [pool-1-thread-1] {org.radargun.cachewrappers.InfinispanXSWrapper} Using transaction manager: Transaction: unknown
 INFO  [pool-1-thread-1] {org.radargun.cachewrappers.InfinispanXSWrapper} No RELAY2 protocol in XS wrapper
 INFO  [pool-1-thread-1] {org.radargun.cachewrappers.InfinispanXSWrapper} JGroups version: JGroups 3.2.7.Final
 INFO  [pool-1-thread-1] {org.radargun.cachewrappers.InfinispanXSWrapper} Using config attributes: {name=ispn52-repl-sync-rc.xml}
 INFO  [pool-1-thread-1] {pt.ist.fenixframework.backend.jvstm.datagrid.DataGridRepository} Initialization marker is present. Data Grid already existed.
 INFO  [pool-1-thread-1] {pt.ist.fenixframework.backend.jvstm.JVSTMBackEnd} initializeDomainClassInfos
 INFO  [pool-1-thread-1] {pt.ist.fenixframework.backend.jvstm.pstm.DomainClassInfo} serverId: 7, serverOidBase: 7000000000000
 INFO  [pool-1-thread-1] {pt.ist.fenixframework.backend.jvstm.pstm.DomainClassInfo} Existing domain class 'pt.ist.fenixframework.adt.bplustree.LeafNode' with id '4'
 INFO  [pool-1-thread-1] {pt.ist.fenixframework.backend.jvstm.pstm.DomainClassInfo} Existing domain class 'pt.ist.fenixframework.adt.bplustree.AbstractNodeArray' with id 'a'
 INFO  [pool-1-thread-1] {pt.ist.fenixframework.backend.jvstm.pstm.DomainClassInfo} Existing domain class 'pt.ist.fenixframework.adt.bplustree.LeafNodeArray' with id 'c'
 INFO  [pool-1-thread-1] {pt.ist.fenixframework.backend.jvstm.pstm.DomainClassInfo} Existing domain class 'pt.ist.fenixframework.backend.jvstm.pstm.FenixFrameworkData' with id 'd'
 INFO  [pool-1-thread-1] {pt.ist.fenixframework.backend.jvstm.pstm.DomainClassInfo} Existing domain class 'pt.ist.fenixframework.DomainRoot' with id '0'
 INFO  [pool-1-thread-1] {pt.ist.fenixframework.backend.jvstm.pstm.DomainClassInfo} Existing domain class 'pt.ist.fenixframework.adt.bplustree.BPlusTree' with id '7'
 INFO  [pool-1-thread-1] {pt.ist.fenixframework.backend.jvstm.pstm.DomainClassInfo} Existing domain class 'pt.ist.fenixframework.backend.jvstm.pstm.TransactionStatisticsEntry' with id '5'
 INFO  [pool-1-thread-1] {pt.ist.fenixframework.backend.jvstm.pstm.DomainClassInfo} Existing domain class 'pt.ist.fenixframework.adt.bplustree.BPlusTreeArray' with id '2'
 INFO  [pool-1-thread-1] {pt.ist.fenixframework.backend.jvstm.pstm.DomainClassInfo} Existing domain class 'pt.ist.fenixframework.adt.bplustree.DomainInnerNode' with id '3'
 INFO  [pool-1-thread-1] {pt.ist.fenixframework.backend.jvstm.pstm.DomainClassInfo} Existing domain class 'pt.ist.fenixframework.adt.bplustree.AbstractNode' with id 'f'
 INFO  [pool-1-thread-1] {pt.ist.fenixframework.backend.jvstm.pstm.DomainClassInfo} Existing domain class 'pt.ist.fenixframework.adt.bplustree.DomainLeafNode' with id '1'
 INFO  [pool-1-thread-1] {pt.ist.fenixframework.backend.jvstm.pstm.DomainClassInfo} Existing domain class 'pt.ist.fenixframework.adt.bplustree.DomainBPlusTree' with id 'e'
 INFO  [pool-1-thread-1] {pt.ist.fenixframework.backend.jvstm.pstm.DomainClassInfo} Existing domain class 'pt.ist.fenixframework.adt.bplustree.InnerNode' with id '8'
 INFO  [pool-1-thread-1] {pt.ist.fenixframework.backend.jvstm.pstm.DomainClassInfo} Existing domain class 'pt.ist.fenixframework.adt.linkedlist.LinkedList' with id '9'
 INFO  [pool-1-thread-1] {pt.ist.fenixframework.backend.jvstm.pstm.DomainClassInfo} Existing domain class 'pt.ist.fenixframework.adt.bplustree.InnerNodeArray' with id 'b'
 INFO  [pool-1-thread-1] {pt.ist.fenixframework.backend.jvstm.pstm.DomainClassInfo} Existing domain class 'pt.ist.fenixframework.adt.linkedlist.ListNode' with id '6'
 INFO  [pool-1-thread-1] {pt.ist.fenixframework.backend.jvstm.JVSTMBackEnd} setupJVSTM
 INFO  [pool-1-thread-1] {pt.ist.fenixframework.backend.jvstm.JVSTMBackEnd} Setting the last committed TX number to 2
 INFO  [pool-1-thread-1] {pt.ist.fenixframework.backend.jvstm.JVSTMBackEnd} createDomainRootIfNeeded
 INFO  [pool-1-thread-1] {pt.ist.fenixframework.backend.jvstm.JVSTMBackEnd} ensureFenixFrameworkDataExists
 INFO  [pool-1-thread-1] {pt.ist.fenixframework.hibernatesearch.HibernateSearchConfig} Resource 'fenix-framework-hibernate-search.properties' not found. Hibernate Search disabled
 INFO  [pool-1-thread-1] {pt.ist.fenixframework.FenixFramework} Initialization of Fenix Framework is now complete.
 INFO  [pool-1-thread-1] {org.radargun.cachewrappers.FFWrapper} FF STARTED=true
 INFO  [pool-1-thread-1] {org.radargun.stages.helpers.StartHelper} Number of members is the one expected: 12
 INFO  [pool-1-thread-1] {org.radargun.stages.StartClusterStage} Successfully started cache wrapper on slave 8: org.radargun.cachewrappers.FFWrapper@3a183786
 INFO  [pool-1-thread-1] {org.radargun.Slave} Finished stage: StartCluster {config=ispn52-repl-sync-rc.xml, delayAfterFirstSlaveStarts=5.000 secs, delayBetweenStartingSlaves=0.500 secs, exitBenchmarkOnSlaveFailure=true, expectNumSlaves=null, mayFailOn=null, reachable=null, runOnAllSlaves=false, slaves=null, staggerSlaveStartup=true, useSmartClassLoading=true, validateCluster=true }
 INFO  [main] {org.radargun.Slave} Ack successfully sent to the master
 INFO  [pool-1-thread-1] {org.radargun.Slave} Executing stage: ClusterValidation {exitBenchmarkOnSlaveFailure=false, partialReplication=false, replicationTimeSleep=2000, replicationTryCount=60, runOnAllSlaves=false, slaves=null, useSmartClassLoading=true }
 INFO  [pool-1-thread-1] {org.radargun.stages.ClusterValidationStage} Number of caches that replicated here is 6
 INFO  [pool-1-thread-1] {org.radargun.stages.ClusterValidationStage} Replication test failed, 1 tries so far. Sleeping for 2 seconds and trying again.
 INFO  [pool-1-thread-1] {org.radargun.stages.ClusterValidationStage} Number of caches that replicated here is 11
 INFO  [pool-1-thread-1] {org.radargun.stages.ClusterValidationStage} Replication test successfully passed. partialReplication? false, replicationCount = 11
 INFO  [pool-1-thread-1] {org.radargun.stages.ClusterValidationStage} Confirm phase successful.
 INFO  [pool-1-thread-1] {org.radargun.Slave} Finished stage: ClusterValidation {exitBenchmarkOnSlaveFailure=false, partialReplication=false, replicationTimeSleep=2000, replicationTryCount=60, runOnAllSlaves=false, slaves=[ 0, 1, 2, 3, 4, 5, 6, 7, 8, 9, 10, 11 ], useSmartClassLoading=true }
 INFO  [main] {org.radargun.Slave} Ack successfully sent to the master
 INFO  [pool-1-thread-1] {org.radargun.Slave} Executing stage: StressTestWarmup {bulkSize=1, cacheSpecificKeyGenerator=false, commitTransactions=true, duration=1 mins 0 secs, entrySize=1000, exitBenchmarkOnSlaveFailure=false, fixedKeys=true, generateHistogramRange=false, keyGeneratorClass=org.radargun.stressors.StringKeyGenerator, keyGeneratorParam=null, loadAllKeys=false, numEntries=100, numOfThreads=4, numRequests=10000, numThreads=4, numberOfAttributes=100, numberOfRequests=10000, opsCountStatusLog=100000, poolKeys=true, preferAsyncOperations=false, removePercentage=0, replaceInvalidPercentage=40, runOnAllSlaves=false, sharedKeys=false, sizeOfAnAttribute=1000, slaves=null, transactionSize=50, useAtomics=false, useHistogramStatistics=false, useSimpleStatistics=true, useSmartClassLoading=true, useTransactions=null, writePercentage=20, writeTxPercentage=20 }
 INFO  [pool-1-thread-1] {org.radargun.stages.StressTestWarmupStage} Starting StressTestWarmupStage: StressTestWarmup {bulkSize=1, cacheSpecificKeyGenerator=false, commitTransactions=true, duration=1 mins 0 secs, entrySize=1000, exitBenchmarkOnSlaveFailure=false, fixedKeys=true, generateHistogramRange=false, keyGeneratorClass=org.radargun.stressors.StringKeyGenerator, keyGeneratorParam=null, loadAllKeys=false, numEntries=100, numOfThreads=4, numRequests=10000, numThreads=4, numberOfAttributes=100, numberOfRequests=10000, opsCountStatusLog=100000, poolKeys=true, preferAsyncOperations=false, removePercentage=0, replaceInvalidPercentage=40, runOnAllSlaves=false, sharedKeys=false, sizeOfAnAttribute=1000, slaves=null, transactionSize=50, useAtomics=false, useHistogramStatistics=false, useSimpleStatistics=true, useSmartClassLoading=true, useTransactions=null, writePercentage=20, writeTxPercentage=20 }
 INFO  [pool-1-thread-1] {org.radargun.stressors.StressTestStressor} Using key generator org.radargun.stressors.StringKeyGenerator, param null
 INFO  [pool-1-thread-1] {org.radargun.stressors.StressTestStressor} Executing: StressTestStressor{opsCountStatusLog=100000, numRequests=10000, numEntries=100, entrySize=1000, writePercentage=20, numThreads=4, cacheWrapper=org.radargun.cachewrappers.FFWrapper@3a183786, nodeIndex=8, useTransactions=true, transactionSize=50, commitTransactions=true, durationMillis=60000}
 INFO  [pool-1-thread-1] {org.radargun.stressors.StressTestStressor} Cache wrapper info is: FFWrapper using infinispan52
[GC 269209K->21756K(2944064K), 0.0536430 secs]
[GC 277820K->18914K(2944064K), 0.0351980 secs]
[GC 274978K->22877K(2944064K), 0.0333450 secs]
 INFO  [pool-1-thread-1] {org.radargun.stressors.StressTestStressor} Started 4 stressor threads.
 INFO  [Stressor-2] {org.radargun.stressors.StressTestStressor} Number of ops executed so far: 1. Elapsed time: 0.001 secs. Remaining: 59.999 secs. Total: 1 mins 0 secs
[GC 278941K->20283K(2944064K), 0.0384350 secs]
[GC 276347K->24150K(2944064K), 0.0374400 secs]
[GC 280214K->30113K(2944064K), 0.0393850 secs]
[GC 286177K->35799K(2944064K), 0.0393140 secs]
[GC 291863K->47533K(2944064K), 0.0871570 secs]
 INFO  [Stressor-1] {org.radargun.stressors.StressTestStressor} Number of ops executed so far: 20950. Elapsed time: 20.002 secs. Remaining: 39.998 secs. Total: 1 mins 0 secs
[GC 303597K->48966K(2944064K), 0.0427110 secs]
[GC 305030K->56010K(2944064K), 0.0444930 secs]
[GC 312074K->55102K(2944064K), 0.0427570 secs]
[GC 311166K->60403K(2944064K), 0.0434620 secs]
[GC 316467K->64367K(2944064K), 0.0484530 secs]
[GC 320431K->61616K(2944064K), 0.0479940 secs]
 INFO  [Stressor-1] {org.radargun.stressors.StressTestStressor} Number of ops executed so far: 36850. Elapsed time: 40.050 secs. Remaining: 19.950 secs. Total: 1 mins 0 secs
[GC 317675K->65017K(2944064K), 0.0566920 secs]
[GC 321081K->70845K(2944064K), 0.0504370 secs]
[GC 326909K->69215K(2944064K), 0.0457530 secs]
[GC 325277K->65471K(2944064K), 0.0440110 secs]
[GC 321535K->81786K(2944064K), 0.0442540 secs]
[GC 337850K->90031K(2944064K), 0.0431280 secs]
 INFO  [pool-1-thread-1] {org.radargun.stressors.StressTestStressor} Finished generating report. Test duration is: 1 mins 16 secs
 INFO  [pool-1-thread-1] {org.radargun.stages.StressTestWarmupStage} The warmup took: 76 seconds.
 INFO  [pool-1-thread-1] {org.radargun.Slave} Finished stage: StressTestWarmup {bulkSize=1, cacheSpecificKeyGenerator=false, commitTransactions=true, duration=1 mins 0 secs, entrySize=1000, exitBenchmarkOnSlaveFailure=false, fixedKeys=true, generateHistogramRange=false, keyGeneratorClass=org.radargun.stressors.StringKeyGenerator, keyGeneratorParam=null, loadAllKeys=false, numEntries=100, numOfThreads=4, numRequests=10000, numThreads=4, numberOfAttributes=100, numberOfRequests=10000, opsCountStatusLog=100000, poolKeys=true, preferAsyncOperations=false, removePercentage=0, replaceInvalidPercentage=40, runOnAllSlaves=false, sharedKeys=false, sizeOfAnAttribute=1000, slaves=null, transactionSize=50, useAtomics=false, useHistogramStatistics=false, useSimpleStatistics=true, useSmartClassLoading=true, useTransactions=null, writePercentage=20, writeTxPercentage=20 }
 INFO  [main] {org.radargun.Slave} Ack successfully sent to the master
[GC 346095K->84065K(2944064K), 0.0426570 secs]
[GC 340129K->89242K(2944064K), 0.0435900 secs]
[GC 345306K->90999K(2944064K), 0.0432860 secs]
[GC 347063K->91773K(2944064K), 0.0439970 secs]
[GC 347837K->92410K(2944064K), 0.0424530 secs]
[GC 348474K->82109K(2944064K), 0.0422240 secs]
[GC 338173K->101649K(2944064K), 0.0439150 secs]
[GC 357713K->83022K(2944064K), 0.0440820 secs]
[GC 339086K->90695K(2944064K), 0.0449550 secs]
[GC 346759K->101508K(2944064K), 0.0429030 secs]
[GC 357572K->86501K(2944064K), 0.0444270 secs]
[GC 342565K->102643K(2944064K), 0.0443880 secs]
[GC 358707K->111088K(2944064K), 0.0451200 secs]
[GC 367152K->97500K(2944064K), 0.0462390 secs]
[GC 353564K->114694K(2944064K), 0.0480510 secs]
[GC 370758K->120964K(2944064K), 0.0437780 secs]
[GC 377028K->125149K(2944064K), 0.0461290 secs]
[GC 381213K->131558K(2944064K), 0.0456530 secs]
[GC 387622K->150550K(2944064K), 0.0497040 secs]
[GC 406614K->128592K(2944064K), 0.0544270 secs]
[GC 384656K->163698K(2944064K), 0.0574720 secs]
 INFO  [pool-1-thread-1] {org.radargun.Slave} Executing stage: ClearClusterStage {ClearCluster {exitBenchmarkOnSlaveFailure=false, runOnAllSlaves=false, slaves=[ 0 ], useSmartClassLoading=true }
 INFO  [pool-1-thread-1] {org.radargun.stages.ClearClusterStage} Before executing clear, memory looks like this: Memory - free: 2,649,130 kb - max:4,906,688 kb- total:2,944,064 kb
[Full GC 294933K->131464K(2944064K), 0.6097790 secs]
 INFO  [pool-1-thread-1] {org.radargun.stages.ClearClusterStage} After executing cleanup, memory looks like this: Memory - free: 2,811,927 kb - max:4,906,688 kb- total:2,944,192 kb
 INFO  [pool-1-thread-1] {org.radargun.Slave} Finished stage: ClearClusterStage {ClearCluster {exitBenchmarkOnSlaveFailure=false, runOnAllSlaves=false, slaves=[ 0 ], useSmartClassLoading=true }
 INFO  [main] {org.radargun.Slave} Ack successfully sent to the master
 INFO  [pool-1-thread-1] {org.radargun.Slave} Executing stage: StressTest {bulkSize=1, cacheSpecificKeyGenerator=false, commitTransactions=true, duration=1 mins 0 secs, entrySize=1000, exitBenchmarkOnSlaveFailure=false, fixedKeys=true, generateHistogramRange=false, keyGeneratorClass=org.radargun.stressors.StringKeyGenerator, keyGeneratorParam=null, loadAllKeys=false, numEntries=10000, numOfThreads=4, numRequests=10000000, numThreads=4, numberOfAttributes=10000, numberOfRequests=10000000, opsCountStatusLog=500000, poolKeys=true, preferAsyncOperations=false, removePercentage=0, replaceInvalidPercentage=40, runOnAllSlaves=false, sharedKeys=false, sizeOfAnAttribute=1000, slaves=null, transactionSize=10000, useAtomics=false, useHistogramStatistics=false, useSimpleStatistics=true, useSmartClassLoading=true, useTransactions=true, writePercentage=10, writeTxPercentage=5 }
 INFO  [pool-1-thread-1] {org.radargun.stages.StressTestStage} Starting StressTestStage: StressTest {bulkSize=1, cacheSpecificKeyGenerator=false, commitTransactions=true, duration=1 mins 0 secs, entrySize=1000, exitBenchmarkOnSlaveFailure=false, fixedKeys=true, generateHistogramRange=false, keyGeneratorClass=org.radargun.stressors.StringKeyGenerator, keyGeneratorParam=null, loadAllKeys=false, numEntries=10000, numOfThreads=4, numRequests=10000000, numThreads=4, numberOfAttributes=10000, numberOfRequests=10000000, opsCountStatusLog=500000, poolKeys=true, preferAsyncOperations=false, removePercentage=0, replaceInvalidPercentage=40, runOnAllSlaves=false, sharedKeys=false, sizeOfAnAttribute=1000, slaves=null, transactionSize=10000, useAtomics=false, useHistogramStatistics=false, useSimpleStatistics=true, useSmartClassLoading=true, useTransactions=true, writePercentage=10, writeTxPercentage=5 }
 INFO  [pool-1-thread-1] {org.radargun.stressors.StressTestStressor} Using key generator org.radargun.stressors.StringKeyGenerator, param null
 INFO  [pool-1-thread-1] {org.radargun.stressors.StressTestStressor} Executing: StressTestStressor{opsCountStatusLog=500000, numRequests=10000000, numEntries=10000, entrySize=1000, writePercentage=10, numThreads=4, cacheWrapper=org.radargun.cachewrappers.FFWrapper@3a183786, nodeIndex=8, useTransactions=true, transactionSize=10000, commitTransactions=true, durationMillis=60000}
 INFO  [pool-1-thread-1] {org.radargun.stressors.StressTestStressor} Cache wrapper info is: FFWrapper using infinispan52
[GC 387592K->194068K(2944192K), 0.0315100 secs]
[GC 450196K->147533K(2944192K), 0.0283440 secs]
[GC 403661K->138747K(2944192K), 0.0284910 secs]
[GC 394875K->140674K(2944192K), 0.0288190 secs]
[GC 396802K->142834K(2944192K), 0.0289180 secs]
[GC 398962K->143472K(2944192K), 0.0277190 secs]
[GC 399600K->145529K(2944192K), 0.0294590 secs]
[GC 401657K->145373K(2944192K), 0.0300350 secs]
[GC 401501K->147131K(2944192K), 0.0318040 secs]
[GC 403259K->149213K(2944192K), 0.0319420 secs]
[GC 405341K->154370K(2944192K), 0.0332400 secs]
[GC 410498K->152885K(2944192K), 0.0339670 secs]
[GC 409013K->154679K(2944192K), 0.0352570 secs]
[GC 410807K->156863K(2944192K), 0.0347620 secs]
[GC 412991K->158700K(2944192K), 0.0339720 secs]
[GC 414828K->162863K(2944192K), 0.0401050 secs]
[GC 418991K->163656K(2944192K), 0.0364730 secs]
[GC 419784K->160066K(2944192K), 0.0374740 secs]
[GC 416194K->161732K(2944192K), 0.0386970 secs]
[GC 417860K->163055K(2944192K), 0.0374420 secs]
[GC 419183K->164557K(2944192K), 0.0414360 secs]
[GC 420685K->170953K(2944192K), 0.0396740 secs]
[GC 427081K->172583K(2944192K), 0.0383820 secs]
[GC 428711K->167930K(2944192K), 0.0390540 secs]
[GC 424058K->174008K(2944192K), 0.0417360 secs]
[GC 430136K->170428K(2944192K), 0.0385290 secs]
[GC 426556K->182533K(2944192K), 0.0408860 secs]
[GC 438661K->177082K(2944192K), 0.0478290 secs]
[GC 433210K->182537K(2944192K), 0.0410960 secs]
[GC 438665K->176250K(2944192K), 0.0385940 secs]
[GC 432378K->177916K(2944192K), 0.0361800 secs]
[GC 434044K->179594K(2944192K), 0.0404160 secs]
[GC 435722K->181151K(2944192K), 0.0366040 secs]
[GC 437279K->181938K(2944192K), 0.0373210 secs]
[GC 438066K->183216K(2944192K), 0.0382360 secs]
[GC 439344K->184731K(2944192K), 0.0455300 secs]
[GC 440859K->186059K(2944192K), 0.0388390 secs]
[GC 442187K->187385K(2944192K), 0.0374770 secs]
[GC 443513K->189107K(2944192K), 0.0408580 secs]
[GC 445235K->190884K(2944192K), 0.0368280 secs]
[GC 447012K->197626K(2944192K), 0.0408690 secs]
[GC 453754K->193528K(2944192K), 0.0396720 secs]
[GC 449656K->194580K(2944192K), 0.0409490 secs]
[GC 450708K->194993K(2944192K), 0.0382080 secs]
[GC 451121K->201611K(2944192K), 0.0408660 secs]
[GC 457739K->202765K(2944192K), 0.0423360 secs]
[GC 458893K->198663K(2944192K), 0.0473210 secs]
[GC 454791K->200085K(2944192K), 0.0374510 secs]
[GC 456213K->207301K(2944192K), 0.0355600 secs]
[GC 463429K->203399K(2944192K), 0.0393860 secs]
[GC 459527K->204784K(2944192K), 0.0378110 secs]
[GC 460912K->211047K(2944192K), 0.0392410 secs]
[GC 467175K->206695K(2944192K), 0.0399130 secs]
[GC 462823K->207258K(2944192K), 0.0411980 secs]
[GC 463386K->208532K(2944192K), 0.0370550 secs]
[GC 464660K->215136K(2944192K), 0.0371050 secs]
[GC 471264K->217058K(2944192K), 0.0470360 secs]
[GC 473186K->213518K(2944192K), 0.0478360 secs]
[GC 469646K->214831K(2944192K), 0.0417610 secs]
[GC 470959K->216081K(2944192K), 0.0368850 secs]
[GC 472209K->217292K(2944192K), 0.0387640 secs]
[GC 473420K->218738K(2944192K), 0.0368550 secs]
[GC 474866K->229549K(2944192K), 0.0395230 secs]
[GC 485621K->243060K(2944192K), 0.0475690 secs]
[GC 499188K->262979K(2944192K), 0.0531690 secs]
[GC 519093K->293357K(2944192K), 0.0571860 secs]
[GC 549485K->314067K(2944192K), 0.0701370 secs]
[GC 570195K->335761K(2944192K), 0.0850920 secs]
[GC 591889K->336839K(2944192K), 0.0707560 secs]
[GC 592967K->328230K(2944192K), 0.0757700 secs]
[GC 584358K->357128K(2944192K), 0.0707740 secs]
[GC 613256K->349262K(2944192K), 0.0832130 secs]
[GC 605390K->400178K(2944192K), 0.0632410 secs]
[GC 656306K->390647K(2944192K), 0.0859860 secs]
[GC 646046K->379099K(2944192K), 0.0671000 secs]
[GC 635227K->423014K(2944192K), 0.0590370 secs]
[GC 679142K->450961K(2944192K), 0.0737470 secs]
[GC 707089K->428740K(2944192K), 0.0680670 secs]
[GC 684868K->465506K(2944192K), 0.0735120 secs]
[GC 721634K->485264K(2944192K), 0.0693220 secs]
[GC 741392K->465438K(2944192K), 0.0942890 secs]
[GC 721544K->506299K(2944192K), 0.0707630 secs]
[GC 762427K->525993K(2944192K), 0.0719060 secs]
[GC 782066K->498584K(2944192K), 0.0796650 secs]
[GC 754712K->536488K(2944192K), 0.0588960 secs]
[GC 792572K->543613K(2944192K), 0.0730370 secs]
[GC 799741K->575430K(2944192K), 0.0686890 secs]
[GC 831558K->562928K(2944192K), 0.0693760 secs]
[GC 819056K->590548K(2944192K), 0.0689900 secs]
[GC 846676K->609713K(2944192K), 0.0729910 secs]
[GC 865841K->582802K(2944192K), 0.0805680 secs]
[GC 838930K->625056K(2944192K), 0.0575940 secs]
[GC 881184K->645523K(2944192K), 0.0656500 secs]
[GC 901413K->622379K(2944192K), 0.0809530 secs]
[GC 878507K->674742K(2944192K), 0.0606810 secs]
[GC 930870K->646456K(2944192K), 0.0828560 secs]
[GC 902584K->653421K(2944192K), 0.0617430 secs]
[GC 909549K->669560K(2944192K), 0.0496300 secs]
[GC 925688K->681814K(2944192K), 0.0522920 secs]
[GC 937942K->656010K(2944192K), 0.0526730 secs]
[GC 912138K->692819K(2944192K), 0.0527740 secs]
[GC 948947K->668951K(2944192K), 0.0534660 secs]
[GC 925079K->671906K(2944192K), 0.0659930 secs]
[GC 928034K->697209K(2944192K), 0.0572150 secs]
[GC 953337K->670731K(2944192K), 0.0596430 secs]
[GC 926859K->708419K(2944192K), 0.0622940 secs]
[GC 964547K->683513K(2944192K), 0.0601030 secs]
[GC 939641K->705512K(2944192K), 0.0717000 secs]
[GC 961640K->685162K(2944192K), 0.0554080 secs]
[GC 941290K->715681K(2944192K), 0.0548590 secs]
[GC 971809K->694924K(2944192K), 0.0705280 secs]
[GC 951052K->698077K(2944192K), 0.0522580 secs]
[GC 954205K->703383K(2944192K), 0.0501670 secs]
[GC 959511K->696379K(2944192K), 0.0627530 secs]
[GC 952507K->710953K(2944192K), 0.0603990 secs]
[GC 967081K->714777K(2944192K), 0.0555920 secs]
[GC 970905K->705487K(2944192K), 0.0470380 secs]
[GC 961615K->714384K(2944192K), 0.0591110 secs]
[GC 970512K->716968K(2944192K), 0.0583940 secs]
[GC 973096K->721147K(2944192K), 0.0513530 secs]
[GC 977275K->725799K(2944192K), 0.0545800 secs]
[GC 981927K->730179K(2944192K), 0.0522910 secs]
[GC 986307K->734225K(2944192K), 0.0582400 secs]
[GC 990353K->725903K(2944192K), 0.0612090 secs]
[GC 982031K->729886K(2944192K), 0.0594470 secs]
[GC 986014K->733192K(2944192K), 0.0578840 secs]
[GC 989320K->737377K(2944192K), 0.0537720 secs]
[GC 993505K->749530K(2944192K), 0.0524140 secs]
[GC 1005658K->751173K(2944192K), 0.0528880 secs]
[GC 1007301K->754389K(2944192K), 0.0582930 secs]
[GC 1010517K->758379K(2944192K), 0.0572390 secs]
[GC 1014507K->763778K(2944192K), 0.0738120 secs]
[GC 1019906K->781427K(2944192K), 0.0537320 secs]
[GC 1037555K->751280K(2944192K), 0.0574180 secs]
[GC 1007408K->769129K(2944192K), 0.0596880 secs]
[GC 1025257K->778217K(2944192K), 0.0560700 secs]
[GC 1034345K->766618K(2944192K), 0.0565340 secs]
[GC 1022746K->782124K(2944192K), 0.0579950 secs]
[GC 1038252K->784945K(2944192K), 0.0539270 secs]
[GC 1041073K->787047K(2944192K), 0.0549530 secs]
[GC 1043175K->790956K(2944192K), 0.0660250 secs]
[GC 1047084K->796453K(2944192K), 0.0694890 secs]
[GC 1052581K->800531K(2944192K), 0.0564250 secs]
[GC 1056659K->790921K(2944192K), 0.0590000 secs]
[GC 1047049K->793538K(2944192K), 0.0686440 secs]
[GC 1049666K->796617K(2944192K), 0.0717170 secs]
[GC 1052745K->796605K(2944192K), 0.0591150 secs]
[GC 1052733K->799027K(2944192K), 0.0587440 secs]
[GC 1055155K->814079K(2944192K), 0.0551850 secs]
[GC 1070207K->804665K(2944192K), 0.0537980 secs]
[GC 1060793K->820619K(2944192K), 0.0637390 secs]
 INFO  [pool-1-thread-1] {org.radargun.stressors.StressTestStressor} Started 4 stressor threads.
 INFO  [Stressor-3] {org.radargun.stressors.StressTestStressor} Number of ops executed so far: 1. Elapsed time: 0.001 secs. Remaining: 59.999 secs. Total: 1 mins 0 secs
[GC 1074557K->838550K(2944192K), 0.0567460 secs]
[GC 1094678K->862298K(2944192K), 0.0746880 secs]
[GC 1118426K->873298K(2944192K), 0.0693010 secs]
[GC 1129426K->876081K(2944192K), 0.0770150 secs]
[GC 1132167K->890564K(2944192K), 0.1046400 secs]
[GC 1146692K->890365K(2944192K), 0.0615140 secs]
[GC 1146493K->888250K(2944192K), 0.0560760 secs]
[GC 1144378K->894917K(2944192K), 0.0501640 secs]
[GC 1151045K->903419K(2944192K), 0.0602670 secs]
[GC 1159547K->921674K(2944192K), 0.0670430 secs]
[GC 1174963K->903340K(2944192K), 0.0581910 secs]
[GC 1159450K->940777K(2944192K), 0.0481540 secs]
[GC 1196881K->936200K(2944192K), 0.0561820 secs]
[GC 1192328K->949692K(2944192K), 0.0573870 secs]
[GC 1205275K->981086K(2944192K), 0.0472290 secs]
[GC 1236813K->979539K(2944192K), 0.0638680 secs]
[GC 1235667K->964738K(2944192K), 0.0572870 secs]
[GC 1220123K->987575K(2944192K), 0.0535380 secs]
[GC 1243703K->991841K(2944192K), 0.0648530 secs]
 INFO  [Stressor-1] {org.radargun.stressors.StressTestStressor} Number of ops executed so far: 4483076. Elapsed time: 20.001 secs. Remaining: 39.999 secs. Total: 1 mins 0 secs
[GC 1247969K->986998K(2944192K), 0.0544220 secs]
[GC 1242337K->993347K(2944192K), 0.0505830 secs]
[GC 1249475K->1025741K(2944192K), 0.0556770 secs]
[GC 1281834K->1031676K(2944192K), 0.0787110 secs]
[GC 1287804K->1010506K(2944192K), 0.0566340 secs]
[GC 1266634K->1047790K(2944192K), 0.0558920 secs]
[GC 1303918K->1039381K(2944192K), 0.0684410 secs]
[GC 1295509K->1053085K(2944192K), 0.0522520 secs]
[GC 1309174K->1053052K(2944192K), 0.0521260 secs]
[GC 1309180K->1079521K(2944192K), 0.0649050 secs]
[GC 1335649K->1075831K(2944192K), 0.0679230 secs]
[GC 1331959K->1071863K(2944192K), 0.0577340 secs]
[GC 1327991K->1111249K(2944192K), 0.0538160 secs]
[GC 1367377K->1092689K(2944192K), 0.0691550 secs]
[GC 1348817K->1108216K(2944192K), 0.0603370 secs]
[GC 1364344K->1131468K(2944192K), 0.0573310 secs]
[GC 1387596K->1123435K(2944192K), 0.0677730 secs]
[GC 1379563K->1139454K(2944192K), 0.0453870 secs]
[GC 1394522K->1194981K(2944192K), 0.0802790 secs]
[GC 1451109K->1167449K(2944192K), 0.0724960 secs]
[GC 1423577K->1171459K(2944192K), 0.0453270 secs]
 INFO  [Stressor-1] {org.radargun.stressors.StressTestStressor} Number of ops executed so far: 8582678. Elapsed time: 40.001 secs. Remaining: 19.999 secs. Total: 1 mins 0 secs
[GC 1427587K->1178302K(2944192K), 0.0472740 secs]
[GC 1434430K->1204329K(2944192K), 0.0550840 secs]
[GC 1460128K->1195587K(2944192K), 0.0689380 secs]
[GC 1451715K->1220324K(2944192K), 0.0498340 secs]
[GC 1476452K->1202050K(2944192K), 0.0551460 secs]
[GC 1458178K->1248636K(2944192K), 0.0669190 secs]
[GC 1504764K->1245760K(2944192K), 0.0746750 secs]
[GC 1498373K->1254218K(2944192K), 0.0556390 secs]
[GC 1510346K->1342074K(2944192K), 0.0941740 secs]
[GC 1598202K->1313936K(2944192K), 0.0596800 secs]
[GC 1570064K->1302273K(2944192K), 0.0514130 secs]
[GC 1558401K->1342522K(2944192K), 0.0588730 secs]
[GC 1598650K->1348275K(2944192K), 0.0952020 secs]
[GC 1348298K(2944192K), 0.0107290 secs]
[GC 1604403K->1405988K(2944192K), 0.0633880 secs]
[GC 1662116K->1425225K(2944192K), 0.0608910 secs]
[GC 1558067K(2944192K), 0.0413600 secs]
[GC 1244491K->973145K(2944192K), 0.0510630 secs]
[GC 1229273K->1009309K(2944192K), 0.0468020 secs]
[GC 1265437K->1047560K(2944192K), 0.0612220 secs]
[GC 1303688K->1010853K(2944192K), 0.0498760 secs]
[GC 1266981K->1084005K(2944192K), 0.0640920 secs]
 INFO  [Stressor-1] {org.radargun.stressors.StressTestStressor} Number of ops executed so far: 13521320. Elapsed time: 1 mins 0 secs. Remaining: 0.000 secs. Total: 1 mins 0 secs
 INFO  [pool-1-thread-1] {org.radargun.stressors.StressTestStressor} Finished generating report. Test duration is: 9 mins 26 secs
 INFO  [pool-1-thread-1] {org.radargun.stages.StressTestStage} size info: FFWrapper using infinispan52, clusterSize:12, nodeIndex:8, cacheSize: -1
 INFO  [pool-1-thread-1] {org.radargun.Slave} Finished stage: StressTest {bulkSize=1, cacheSpecificKeyGenerator=false, commitTransactions=true, duration=1 mins 0 secs, entrySize=1000, exitBenchmarkOnSlaveFailure=false, fixedKeys=true, generateHistogramRange=false, keyGeneratorClass=org.radargun.stressors.StringKeyGenerator, keyGeneratorParam=null, loadAllKeys=false, numEntries=10000, numOfThreads=4, numRequests=10000000, numThreads=4, numberOfAttributes=10000, numberOfRequests=10000000, opsCountStatusLog=500000, poolKeys=true, preferAsyncOperations=false, removePercentage=0, replaceInvalidPercentage=40, runOnAllSlaves=false, sharedKeys=false, sizeOfAnAttribute=1000, slaves=null, transactionSize=10000, useAtomics=false, useHistogramStatistics=false, useSimpleStatistics=true, useSmartClassLoading=true, useTransactions=true, writePercentage=10, writeTxPercentage=5 }
 INFO  [main] {org.radargun.Slave} Ack successfully sent to the master
[GC 1340133K->1030563K(2944192K), 0.0563800 secs]
[GC 1286691K->1015095K(2944192K), 0.0376450 secs]
[GC 1271223K->1017956K(2944192K), 0.0365810 secs]
[GC 1274084K->1011755K(2944192K), 0.0354440 secs]
[GC 1267883K->1020173K(2944192K), 0.0378800 secs]
[GC 1276301K->1028500K(2944192K), 0.0393540 secs]
[GC 1284628K->1022661K(2944192K), 0.0377040 secs]
[GC 1278789K->1036484K(2944192K), 0.0409990 secs]
[GC 1292612K->1026263K(2944192K), 0.0367730 secs]
[GC 1282391K->1023730K(2944192K), 0.0434770 secs]
[GC 1279858K->1029696K(2944192K), 0.0403020 secs]
[GC 1285824K->1018904K(2944192K), 0.0379210 secs]
[GC 1275032K->1020622K(2944192K), 0.0409060 secs]
[GC 1276750K->1022413K(2944192K), 0.0389210 secs]
[GC 1278541K->1013818K(2944192K), 0.0446930 secs]
[GC 1269946K->1017715K(2944192K), 0.0445780 secs]
[GC 1273843K->1019814K(2944192K), 0.0400420 secs]
[GC 1275942K->1019917K(2944192K), 0.0369460 secs]
[GC 1276045K->1020711K(2944192K), 0.0370880 secs]
[GC 1276839K->1025500K(2944192K), 0.0383040 secs]
[GC 1281628K->1018893K(2944192K), 0.0370270 secs]
[GC 1275021K->1025169K(2944192K), 0.0406260 secs]
[GC 1281297K->1027997K(2944192K), 0.0380340 secs]
[GC 1284125K->1021775K(2944192K), 0.0363280 secs]
[GC 1277903K->1031715K(2944192K), 0.0359920 secs]
[GC 1287843K->1023281K(2944192K), 0.0366110 secs]
[GC 1279409K->1030155K(2944192K), 0.0374560 secs]
[GC 1286283K->1033288K(2944192K), 0.0386590 secs]
[GC 1289416K->1029368K(2944192K), 0.0359060 secs]
[GC 1285496K->1033427K(2944192K), 0.0381640 secs]
[GC 1289555K->1036444K(2944192K), 0.0374730 secs]
[GC 1292572K->1030030K(2944192K), 0.0345460 secs]
[GC 1286158K->1036520K(2944192K), 0.0344770 secs]
[GC 1292648K->1035700K(2944192K), 0.0375440 secs]
[GC 1291828K->1041192K(2944192K), 0.0443520 secs]
[GC 1297320K->1034389K(2944192K), 0.0404140 secs]
[GC 1290517K->1040930K(2944192K), 0.0393780 secs]
[GC 1297058K->1043961K(2944192K), 0.0378110 secs]
[GC 1300089K->1037484K(2944192K), 0.0375270 secs]
[GC 1293612K->1044035K(2944192K), 0.0396080 secs]
[GC 1300163K->1047170K(2944192K), 0.0355300 secs]
[GC 1303298K->1040703K(2944192K), 0.0402480 secs]
[GC 1296831K->1047383K(2944192K), 0.0382120 secs]
[GC 1303511K->1050563K(2944192K), 0.0391320 secs]
[GC 1306691K->1043984K(2944192K), 0.0383370 secs]
[GC 1300112K->1054499K(2944192K), 0.0388490 secs]
[GC 1310627K->1045671K(2944192K), 0.0350490 secs]
[GC 1301799K->1056777K(2944192K), 0.0386790 secs]
[GC 1312905K->1047896K(2944192K), 0.0586950 secs]
[GC 1304024K->1059079K(2944192K), 0.0388960 secs]
[GC 1315207K->1050150K(2944192K), 0.0373190 secs]
[GC 1306278K->1057403K(2944192K), 0.0344970 secs]
[GC 1313531K->1056647K(2944192K), 0.0409090 secs]
[GC 1312775K->1058153K(2944192K), 0.0383700 secs]
[GC 1314281K->1059494K(2944192K), 0.0403000 secs]
[GC 1315622K->1060689K(2944192K), 0.0358760 secs]
[GC 1316817K->1066050K(2944192K), 0.0413400 secs]
[GC 1322178K->1058629K(2944192K), 0.0375890 secs]
[GC 1314757K->1065435K(2944192K), 0.0375280 secs]
[GC 1321563K->1068676K(2944192K), 0.0392500 secs]
[GC 1324804K->1061779K(2944192K), 0.0424130 secs]
[GC 1317907K->1068732K(2944192K), 0.0370880 secs]
[GC 1324860K->1067844K(2944192K), 0.0428030 secs]
[GC 1323972K->1069323K(2944192K), 0.0376570 secs]
[GC 1325451K->1070526K(2944192K), 0.0386900 secs]
[GC 1326654K->1071612K(2944192K), 0.0400780 secs]
[GC 1327740K->1072802K(2944192K), 0.0417220 secs]
[GC 1328930K->1074073K(2944192K), 0.0402240 secs]
[GC 1330201K->1079552K(2944192K), 0.0403830 secs]
[GC 1335680K->1072038K(2944192K), 0.0393290 secs]
[GC 1328166K->1079003K(2944192K), 0.0388420 secs]
[GC 1335131K->1082253K(2944192K), 0.0388360 secs]
[GC 1338381K->1075291K(2944192K), 0.0375360 secs]
[GC 1331419K->1082493K(2944192K), 0.0440880 secs]
[GC 1338621K->1081506K(2944192K), 0.0377580 secs]
[GC 1337634K->1087314K(2944192K), 0.0407080 secs]
[GC 1343442K->1080012K(2944192K), 0.0386440 secs]
[GC 1336140K->1087032K(2944192K), 0.0444490 secs]
[GC 1343160K->1086143K(2944192K), 0.0405600 secs]
[GC 1342271K->1092156K(2944192K), 0.0389750 secs]
[GC 1348284K->1084901K(2944192K), 0.0382550 secs]
[GC 1341029K->1092240K(2944192K), 0.0409930 secs]
[GC 1348368K->1095729K(2944192K), 0.0372450 secs]
[GC 1351857K->1088455K(2944192K), 0.0419530 secs]
[GC 1344583K->1096064K(2944192K), 0.0370450 secs]
[GC 1352192K->1099275K(2944192K), 0.0377390 secs]
[GC 1355403K->1091993K(2944192K), 0.0415820 secs]
[GC 1348121K->1099597K(2944192K), 0.0401220 secs]
[GC 1355725K->1098600K(2944192K), 0.0422880 secs]
[GC 1354728K->1104818K(2944192K), 0.0380340 secs]
[GC 1360946K->1099996K(2944192K), 0.0450040 secs]
[GC 1356124K->1104511K(2944192K), 0.0410600 secs]
[GC 1360639K->1103576K(2944192K), 0.0402700 secs]
[GC 1359704K->1105372K(2944192K), 0.0379030 secs]
[GC 1361500K->1106828K(2944192K), 0.0399730 secs]
[GC 1362956K->1112729K(2944192K), 0.0408010 secs]
[GC 1368857K->1104758K(2944192K), 0.0409330 secs]
[GC 1360886K->1112084K(2944192K), 0.0432810 secs]
[GC 1368212K->1111094K(2944192K), 0.0409320 secs]
[GC 1367222K->1117315K(2944192K), 0.0405070 secs]
[GC 1373443K->1109426K(2944192K), 0.0404880 secs]
[GC 1365554K->1121304K(2944192K), 0.0383840 secs]
[GC 1377432K->1111088K(2944192K), 0.0390490 secs]
[GC 1367216K->1119124K(2944192K), 0.0413010 secs]
[GC 1375252K->1118224K(2944192K), 0.0539860 secs]
[GC 1374352K->1124707K(2944192K), 0.0413250 secs]
[GC 1380835K->1116870K(2944192K), 0.0435080 secs]
[GC 1372998K->1128834K(2944192K), 0.0421530 secs]
[GC 1384962K->1121489K(2944192K), 0.0448830 secs]
[GC 1377617K->1126843K(2944192K), 0.0403660 secs]
[GC 1382971K->1130589K(2944192K), 0.0431410 secs]
[GC 1386717K->1122841K(2944192K), 0.0423530 secs]
[GC 1378969K->1126435K(2944192K), 0.0435280 secs]
[GC 1382563K->1134499K(2944192K), 0.0413950 secs]
[GC 1390627K->1126732K(2944192K), 0.0398380 secs]
[GC 1382860K->1139069K(2944192K), 0.0409300 secs]
[GC 1395197K->1128733K(2944192K), 0.0410010 secs]
[GC 1384861K->1141549K(2944192K), 0.0392130 secs]
[GC 1397677K->1131317K(2944192K), 0.0417970 secs]
[GC 1387445K->1144428K(2944192K), 0.0413790 secs]
[GC 1400556K->1133947K(2944192K), 0.0413970 secs]
[GC 1390075K->1146800K(2944192K), 0.0421590 secs]
[GC 1402928K->1136540K(2944192K), 0.0403540 secs]
[GC 1392668K->1145183K(2944192K), 0.0406240 secs]
[GC 1401311K->1149063K(2944192K), 0.0410890 secs]
[GC 1405191K->1141231K(2944192K), 0.0393050 secs]
[GC 1397359K->1149512K(2944192K), 0.0388970 secs]
[GC 1405640K->1153417K(2944192K), 0.0407170 secs]
[GC 1409545K->1145242K(2944192K), 0.0407450 secs]
[GC 1401370K->1158259K(2944192K), 0.0430570 secs]
[GC 1414387K->1147464K(2944192K), 0.0426500 secs]
[GC 1403592K->1156154K(2944192K), 0.0406550 secs]
[GC 1412282K->1155326K(2944192K), 0.0616790 secs]
[GC 1411454K->1157284K(2944192K), 0.0450340 secs]
[GC 1413412K->1163961K(2944192K), 0.0424550 secs]
[GC 1420089K->1155184K(2944192K), 0.0408380 secs]
[GC 1411312K->1167954K(2944192K), 0.0433110 secs]
[GC 1424082K->1156862K(2944192K), 0.0422450 secs]
[GC 1412990K->1165689K(2944192K), 0.0459180 secs]
[GC 1421817K->1164734K(2944192K), 0.0407920 secs]
[GC 1420862K->1166564K(2944192K), 0.0420530 secs]
[GC 1422692K->1168097K(2944192K), 0.0418410 secs]
[GC 1424225K->1169405K(2944192K), 0.0437520 secs]
[GC 1425533K->1170903K(2944192K), 0.0406470 secs]
[GC 1427031K->1172263K(2944192K), 0.0420090 secs]
[GC 1428391K->1173469K(2944192K), 0.0426980 secs]
[GC 1429597K->1169977K(2944192K), 0.0457620 secs]
[GC 1426105K->1171397K(2944192K), 0.0428940 secs]
[GC 1427525K->1177772K(2944192K), 0.0441070 secs]
[GC 1433900K->1179125K(2944192K), 0.0425250 secs]
[GC 1435253K->1185355K(2944192K), 0.0386090 secs]
[GC 1441483K->1176573K(2944192K), 0.0449550 secs]
[GC 1432701K->1184816K(2944192K), 0.0439090 secs]
[GC 1440944K->1183713K(2944192K), 0.0397830 secs]
[GC 1439841K->1180353K(2944192K), 0.0442160 secs]
[GC 1436481K->1181808K(2944192K), 0.0407550 secs]
[GC 1437936K->1188246K(2944192K), 0.0411950 secs]
[GC 1444374K->1189630K(2944192K), 0.0397320 secs]
[GC 1445758K->1190969K(2944192K), 0.0390770 secs]
[GC 1447097K->1192146K(2944192K), 0.0401520 secs]
[GC 1448274K->1193421K(2944192K), 0.0435100 secs]
[GC 1449549K->1194544K(2944192K), 0.0422140 secs]
[GC 1450672K->1190678K(2944192K), 0.0397870 secs]
[GC 1446806K->1192008K(2944192K), 0.0439350 secs]
[GC 1448136K->1198400K(2944192K), 0.0403490 secs]
[GC 1454528K->1199944K(2944192K), 0.0410690 secs]
[GC 1456072K->1196235K(2944192K), 0.0418950 secs]
[GC 1452363K->1197411K(2944192K), 0.0419690 secs]
[GC 1453539K->1198584K(2944192K), 0.0431150 secs]
[GC 1454712K->1199961K(2944192K), 0.0420720 secs]
[GC 1456089K->1201318K(2944192K), 0.0436210 secs]
[GC 1457446K->1207619K(2944192K), 0.0424580 secs]
[GC 1463747K->1209000K(2944192K), 0.0399890 secs]
[GC 1465128K->1210319K(2944192K), 0.0390410 secs]
[GC 1466447K->1206678K(2944192K), 0.0417730 secs]
[GC 1462806K->1208062K(2944192K), 0.0439790 secs]
[GC 1464190K->1214386K(2944192K), 0.0455510 secs]
[GC 1470514K->1210562K(2944192K), 0.0440660 secs]
[GC 1466690K->1211733K(2944192K), 0.0436040 secs]
[GC 1467861K->1217858K(2944192K), 0.0426220 secs]
[GC 1473986K->1214008K(2944192K), 0.0449560 secs]
[GC 1470136K->1220127K(2944192K), 0.0420770 secs]
[GC 1476255K->1221422K(2944192K), 0.0431570 secs]
[GC 1477550K->1222636K(2944192K), 0.0433430 secs]
[GC 1478764K->1223828K(2944192K), 0.0439250 secs]
[GC 1479956K->1224956K(2944192K), 0.0409460 secs]
[GC 1481084K->1231118K(2944192K), 0.0448900 secs]
[GC 1487246K->1222579K(2944192K), 0.0410500 secs]
[GC 1478707K->1234756K(2944192K), 0.0405170 secs]
[GC 1490884K->1224123K(2944192K), 0.0439620 secs]
[GC 1480251K->1232194K(2944192K), 0.0703990 secs]
[GC 1488322K->1226528K(2944192K), 0.0428560 secs]
[GC 1482656K->1232824K(2944192K), 0.0382190 secs]
[GC 1488952K->1234155K(2944192K), 0.0440730 secs]
[GC 1490283K->1235546K(2944192K), 0.0403840 secs]
[GC 1491674K->1236705K(2944192K), 0.0392800 secs]
[GC 1492833K->1233193K(2944192K), 0.0406960 secs]
[GC 1489321K->1239031K(2944192K), 0.0416360 secs]
[GC 1495159K->1245067K(2944192K), 0.0406110 secs]
[GC 1501195K->1239785K(2944192K), 0.0454020 secs]
[GC 1495913K->1244534K(2944192K), 0.0459070 secs]
[GC 1500662K->1238731K(2944192K), 0.0441110 secs]
[GC 1494859K->1244904K(2944192K), 0.0407840 secs]
[GC 1501032K->1241529K(2944192K), 0.0440090 secs]
[GC 1497657K->1242698K(2944192K), 0.0431190 secs]
[GC 1498826K->1244109K(2944192K), 0.0432790 secs]
[GC 1500237K->1245443K(2944192K), 0.0448540 secs]
[GC 1501571K->1251394K(2944192K), 0.0421050 secs]
[GC 1507522K->1247811K(2944192K), 0.0434520 secs]
[GC 1503939K->1258221K(2944192K), 0.0437750 secs]
[GC 1514349K->1250079K(2944192K), 0.0378020 secs]
[GC 1506207K->1261916K(2944192K), 0.0395920 secs]
[GC 1518044K->1251706K(2944192K), 0.0382320 secs]
[GC 1507834K->1264090K(2944192K), 0.0454530 secs]
[GC 1520218K->1253951K(2944192K), 0.0424180 secs]
[GC 1510079K->1266255K(2944192K), 0.0421150 secs]
[GC 1522383K->1259102K(2944192K), 0.0417390 secs]
[GC 1515230K->1268769K(2944192K), 0.0429610 secs]
[GC 1524897K->1258795K(2944192K), 0.0404230 secs]
[GC 1514923K->1262830K(2944192K), 0.0446210 secs]
[GC 1518958K->1261352K(2944192K), 0.0445620 secs]
[GC 1517480K->1262943K(2944192K), 0.0430030 secs]
[GC 1519071K->1264096K(2944192K), 0.0451000 secs]
[GC 1520224K->1265394K(2944192K), 0.0433510 secs]
[GC 1521522K->1271283K(2944192K), 0.0406160 secs]
[GC 1527411K->1267893K(2944192K), 0.0431560 secs]
[GC 1524021K->1278133K(2944192K), 0.0417360 secs]
[GC 1534261K->1270150K(2944192K), 0.0386720 secs]
[GC 1526278K->1281635K(2944192K), 0.0413070 secs]
[GC 1537763K->1271610K(2944192K), 0.0388200 secs]
[GC 1527738K->1283733K(2944192K), 0.0396140 secs]
[GC 1539861K->1273923K(2944192K), 0.1665120 secs]
[GC 1530051K->1281788K(2944192K), 0.1103190 secs]
[GC 1537916K->1281081K(2944192K), 0.0408610 secs]
[GC 1537209K->1278129K(2944192K), 0.0384850 secs]
[GC 1534257K->1288525K(2944192K), 0.0373530 secs]
[GC 1544653K->1280644K(2944192K), 0.0429400 secs]
[GC 1536772K->1288051K(2944192K), 0.0763640 secs]
[GC 1544179K->1286993K(2944192K), 0.0432740 secs]
[GC 1543121K->1288667K(2944192K), 0.0385080 secs]
[GC 1544795K->1294383K(2944192K), 0.0389900 secs]
[GC 1550511K->1286529K(2944192K), 0.0384370 secs]
[GC 1542657K->1293834K(2944192K), 0.0434480 secs]
[GC 1549962K->1292669K(2944192K), 0.0439810 secs]
[GC 1548797K->1294369K(2944192K), 0.0391730 secs]
[GC 1550497K->1295860K(2944192K), 0.0439780 secs]
[GC 1551988K->1292568K(2944192K), 0.0369520 secs]
[GC 1548696K->1302998K(2944192K), 0.0380820 secs]
[GC 1559126K->1295143K(2944192K), 0.0401550 secs]
[GC 1551271K->1302364K(2944192K), 0.0427510 secs]
[GC 1558492K->1305915K(2944192K), 0.0396250 secs]
[GC 1562043K->1298323K(2944192K), 0.0461170 secs]
[GC 1554451K->1305644K(2944192K), 0.0409850 secs]
[GC 1561772K->1300231K(2944192K), 0.0753600 secs]
[GC 1556359K->1306418K(2944192K), 0.0445550 secs]
[GC 1562546K->1312183K(2944192K), 0.0391540 secs]
[GC 1568311K->1304306K(2944192K), 0.0422830 secs]
[GC 1560434K->1311591K(2944192K), 0.0402300 secs]
[GC 1567719K->1315133K(2944192K), 0.0381780 secs]
[GC 1571261K->1307700K(2944192K), 0.0398120 secs]
[GC 1563828K->1311160K(2944192K), 0.0380150 secs]
[GC 1567288K->1314178K(2944192K), 0.0394060 secs]
[GC 1570306K->1311305K(2944192K), 0.0414630 secs]
[GC 1567433K->1321697K(2944192K), 0.0393170 secs]
[GC 1577825K->1313742K(2944192K), 0.0423540 secs]
[GC 1569870K->1325255K(2944192K), 0.0395840 secs]
[GC 1581383K->1315346K(2944192K), 0.0380660 secs]
[GC 1571474K->1323464K(2944192K), 0.0399660 secs]
[GC 1579592K->1322589K(2944192K), 0.0377570 secs]
[GC 1578717K->1324083K(2944192K), 0.0420680 secs]
[GC 1580211K->1329996K(2944192K), 0.0414390 secs]
[GC 1586124K->1322197K(2944192K), 0.0419380 secs]
[GC 1578325K->1329730K(2944192K), 0.0416470 secs]
[GC 1585858K->1328698K(2944192K), 0.0419080 secs]
[GC 1584826K->1330444K(2944192K), 0.0424170 secs]
[GC 1586572K->1336360K(2944192K), 0.0394270 secs]
[GC 1592488K->1328422K(2944192K), 0.0430270 secs]
[GC 1584550K->1335958K(2944192K), 0.0395000 secs]
[GC 1592086K->1339444K(2944192K), 0.0402230 secs]
[GC 1595572K->1332009K(2944192K), 0.0394510 secs]
[GC 1588137K->1339577K(2944192K), 0.0391220 secs]
[GC 1595705K->1338505K(2944192K), 0.0414840 secs]
[GC 1594633K->1344863K(2944192K), 0.0383490 secs]
[GC 1600991K->1336815K(2944192K), 0.0425740 secs]
[GC 1592943K->1348606K(2944192K), 0.0388480 secs]
[GC 1604734K->1338413K(2944192K), 0.0445930 secs]
[GC 1594541K->1350670K(2944192K), 0.0393520 secs]
[GC 1606798K->1340699K(2944192K), 0.0441970 secs]
[GC 1596827K->1349033K(2944192K), 0.0397870 secs]
[GC 1605161K->1348140K(2944192K), 0.0429030 secs]
[GC 1604268K->1345233K(2944192K), 0.0431690 secs]
[GC 1601361K->1351189K(2944192K), 0.0405500 secs]
[GC 1607317K->1357076K(2944192K), 0.0409980 secs]
[GC 1613204K->1348917K(2944192K), 0.0406070 secs]
[GC 1605045K->1356568K(2944192K), 0.0410990 secs]
[GC 1612696K->1359986K(2944192K), 0.0383520 secs]
[GC 1616114K->1352427K(2944192K), 0.0421860 secs]
[GC 1608555K->1360155K(2944192K), 0.0408510 secs]
[GC 1616283K->1363772K(2944192K), 0.0389290 secs]
[GC 1619900K->1356073K(2944192K), 0.0397400 secs]
[GC 1612201K->1363809K(2944192K), 0.0445410 secs]
[GC 1619937K->1362871K(2944192K), 0.0438860 secs]
[GC 1618999K->1364470K(2944192K), 0.0439620 secs]
[GC 1620598K->1365776K(2944192K), 0.0432550 secs]
[GC 1621904K->1367018K(2944192K), 0.0443730 secs]
[GC 1623146K->1373044K(2944192K), 0.0414130 secs]
[GC 1629172K->1364852K(2944192K), 0.0429560 secs]
[GC 1620980K->1376780K(2944192K), 0.0478220 secs]
[GC 1632908K->1396068K(2944192K), 0.0552580 secs]
[GC 1652196K->1421587K(2944192K), 0.0676180 secs]
[GC 1677220K->1452597K(2944192K), 0.0735430 secs]
[GC 1708672K->1476145K(2944192K), 0.0797430 secs]
[GC 1732273K->1453837K(2944192K), 0.0937210 secs]
[GC 1709357K->1475680K(2944192K), 0.0829880 secs]
[GC 1731808K->1504938K(2944192K), 0.0780300 secs]
[GC 1761066K->1496091K(2944192K), 0.0781830 secs]
[GC 1751453K->1530397K(2944192K), 0.0833860 secs]
[GC 1786525K->1528855K(2944192K), 0.0850970 secs]
[GC 1784983K->1559611K(2944192K), 0.0815130 secs]
[GC 1815739K->1558835K(2944192K), 0.0767470 secs]
[GC 1814933K->1571271K(2944192K), 0.0889790 secs]
[GC 1827399K->1599423K(2944192K), 0.0875750 secs]
[GC 1855551K->1587933K(2944192K), 0.0833260 secs]
[GC 1844061K->1626751K(2944192K), 0.0896650 secs]
[GC 1882879K->1611685K(2944192K), 0.0910100 secs]
[GC 1867813K->1636070K(2944192K), 0.0711960 secs]
[GC 1890446K->1638965K(2944192K), 0.0925740 secs]
[GC 1895093K->1675522K(2944192K), 0.0682710 secs]
[GC 1931650K->1649102K(2944192K), 0.0809420 secs]
[GC 1905230K->1685148K(2944192K), 0.0859030 secs]
[GC 1941229K->1706668K(2944192K), 0.0783850 secs]
[GC 1962796K->1683114K(2944192K), 0.0779800 secs]
[GC 1939242K->1675518K(2944192K), 0.0777190 secs]
[GC 1931646K->1705667K(2944192K), 0.0624580 secs]
[GC 1961795K->1687989K(2944192K), 0.0714200 secs]
[GC 1944117K->1692798K(2944192K), 0.0570370 secs]
[GC 1948926K->1704946K(2944192K), 0.0590340 secs]
[GC 1961074K->1719750K(2944192K), 0.0616130 secs]
[GC 1975878K->1693235K(2944192K), 0.0620980 secs]
[GC 1949363K->1727874K(2944192K), 0.0710410 secs]
[GC 1984002K->1693776K(2944192K), 0.0643310 secs]
[GC 1949904K->1731731K(2944192K), 0.0620900 secs]
[GC 1987859K->1696556K(2944192K), 0.0627800 secs]
[GC 1952684K->1736321K(2944192K), 0.0665630 secs]
[GC 1992449K->1713014K(2944192K), 0.0751640 secs]
[GC 1969142K->1699308K(2944192K), 0.0642600 secs]
[GC 1955436K->1709681K(2944192K), 0.0763640 secs]
[GC 1965809K->1702476K(2944192K), 0.0490550 secs]
[GC 1958604K->1709573K(2944192K), 0.0404480 secs]
[GC 1965701K->1700819K(2944192K), 0.0401010 secs]
[GC 1956947K->1713747K(2944192K), 0.0458790 secs]
[GC 1969875K->1702555K(2944192K), 0.0433640 secs]
[GC 1958683K->1716023K(2944192K), 0.0394600 secs]
[GC 1972151K->1705040K(2944192K), 0.0414710 secs]
[GC 1961168K->1713868K(2944192K), 0.0376680 secs]
[GC 1969996K->1717829K(2944192K), 0.0454250 secs]
[GC 1973957K->1709671K(2944192K), 0.0428400 secs]
[GC 1965799K->1722674K(2944192K), 0.0428280 secs]
[GC 1978802K->1711693K(2944192K), 0.0574370 secs]
[GC 1967821K->1725082K(2944192K), 0.0404460 secs]
[GC 1981210K->1714259K(2944192K), 0.0396040 secs]
[GC 1970387K->1723282K(2944192K), 0.0417640 secs]
[GC 1979410K->1727292K(2944192K), 0.0438540 secs]
[GC 1983420K->1719103K(2944192K), 0.0430440 secs]
[GC 1975231K->1732066K(2944192K), 0.0444190 secs]
[GC 1988194K->1720923K(2944192K), 0.0415710 secs]
[GC 1977051K->1734265K(2944192K), 0.0425720 secs]
[GC 1990393K->1723581K(2944192K), 0.0488050 secs]
[GC 1979709K->1737216K(2944192K), 0.0445000 secs]
[GC 1993344K->1726352K(2944192K), 0.0399980 secs]
[GC 1982480K->1735470K(2944192K), 0.0390730 secs]
[GC 1991598K->1739571K(2944192K), 0.0442820 secs]
[GC 1995699K->1731326K(2944192K), 0.0432890 secs]
[GC 1987454K->1739870K(2944192K), 0.0398020 secs]
[GC 1995998K->1743920K(2944192K), 0.0399690 secs]
[GC 1999660K->1751590K(2944192K), 0.0594830 secs]
[GC 2007691K->1772536K(2944192K), 0.0697370 secs]
[GC 2028664K->1803792K(2944192K), 0.0727550 secs]
[GC 2059920K->1832545K(2944192K), 0.0812390 secs]
[GC 2088659K->1851769K(2944192K), 0.0928980 secs]
[GC 2107833K->1830995K(2944192K), 0.0941610 secs]
[GC 2087123K->1869733K(2944192K), 0.0889020 secs]
[GC 2125861K->1853304K(2944192K), 0.0802720 secs]
[GC 2109432K->1903484K(2944192K), 0.0881740 secs]
[GC 2159612K->1882179K(2944192K), 0.0824990 secs]
[GC 2137147K->1928468K(2944192K), 0.0908070 secs]
[GC 2184596K->1899104K(2944192K), 0.0780880 secs]
[GC 2155232K->1951061K(2944192K), 0.0821920 secs]
[GC 2207189K->1922973K(2944192K), 0.0836800 secs]
[GC 2179101K->1976854K(2944192K), 0.0950540 secs]
[GC 2232982K->1962024K(2944192K), 0.0904220 secs]
[GC 2218152K->1988460K(2944192K), 0.0734360 secs]
[GC 2244588K->2013256K(2944192K), 0.0867750 secs]
[GC 2269384K->1987462K(2944192K), 0.0961060 secs]
[GC 2243590K->2039389K(2944192K), 0.0704850 secs]
[GC 2295484K->2011386K(2944192K), 0.0830580 secs]
[GC 2267514K->2064163K(2944192K), 0.0838820 secs]
[GC 2320291K->2036674K(2944192K), 0.0822310 secs]
[GC 2292802K->2024251K(2944192K), 0.0720580 secs]
[GC 2280379K->2060937K(2944192K), 0.0594800 secs]
[GC 2317065K->2033124K(2944192K), 0.0603420 secs]
[GC 2289252K->2053462K(2944192K), 0.0615730 secs]
[GC 2309590K->2076726K(2944192K), 0.0636630 secs]
[GC 2332854K->2036743K(2944192K), 0.0675650 secs]
[GC 2292871K->2074049K(2944192K), 0.0656850 secs]
[GC 2330177K->2038346K(2944192K), 0.0680890 secs]
[GC 2294474K->2048616K(2944192K), 0.0756100 secs]
[GC 2304744K->2057543K(2944192K), 0.0658480 secs]
[GC 2313671K->2071539K(2944192K), 0.0631110 secs]
[GC 2327667K->2045704K(2944192K), 0.0622860 secs]
[GC 2301832K->2040351K(2944192K), 0.0698530 secs]
[GC 2296479K->2053923K(2944192K), 0.0681540 secs]
[GC 2310051K->2050774K(2944192K), 0.0551810 secs]
[GC 2306902K->2043125K(2944192K), 0.0478990 secs]
[GC 2299253K->2048252K(2944192K), 0.0435270 secs]
[GC 2304369K->2066090K(2944192K), 0.0461810 secs]
[GC 2322218K->2076832K(2944192K), 0.0669140 secs]
[GC 2332960K->2109159K(2944192K), 0.0757040 secs]
[GC 2365287K->2135185K(2944192K), 0.0818810 secs]
[GC 2391275K->2160736K(2944192K), 0.1033330 secs]
[GC 2416864K->2136776K(2944192K), 0.1094150 secs]
[GC 2392904K->2188182K(2944192K), 0.0892550 secs]
[GC 2444310K->2181664K(2944192K), 0.1198780 secs]
[GC 2437792K->2190296K(2944192K), 0.0887920 secs]
[GC 2446410K->2214651K(2944192K), 0.0901790 secs]
[GC 2470779K->2193557K(2944192K), 0.0904180 secs]
[GC 2449685K->2208344K(2944192K), 0.0852960 secs]
[GC 2464472K->2249879K(2944192K), 0.0887310 secs]
[GC 2506007K->2277522K(2944192K), 0.0790510 secs]
[GC 2533650K->2253478K(2944192K), 0.0943930 secs]
[GC 2509606K->2309952K(2944192K), 0.1016830 secs]
[GC 2566080K->2293891K(2944192K), 0.1000980 secs]
[GC 2549721K->2320611K(2944192K), 0.0817340 secs]
[GC 2576739K->2302384K(2944192K), 0.1126080 secs]
[GC 2558512K->2344770K(2944192K), 0.0889100 secs]
[GC 2600898K->2374967K(2944192K), 0.0879610 secs]
[GC 2631095K->2352517K(2944192K), 0.0914370 secs]
[GC 2608645K->2389513K(2944192K), 0.0907280 secs]
[GC 2645641K->2409484K(2944192K), 0.0892070 secs]
[GC 2665612K->2396762K(2944192K), 0.1054760 secs]
[GC 2652890K->2438937K(2944192K), 0.0972860 secs]
[GC 2695065K->2473310K(2944192K), 0.1033630 secs]
[GC 2729438K->2455422K(2944192K), 0.0943550 secs]
[GC 2455542K(2944192K), 0.0592980 secs]
[GC 2711550K->2505786K(2944192K), 0.0974780 secs]
[GC 2639762K(2944192K), 0.0795650 secs]
[GC 2378471K->2098969K(3708044K), 0.1147270 secs]
[GC 2355097K->2154862K(3708044K), 0.1201180 secs]
[GC 2410990K->2130292K(3708044K), 0.1162720 secs]
[GC 2386420K->2185754K(3708044K), 0.1142560 secs]
[GC 2441843K->2164007K(3708044K), 0.1162420 secs]
[GC 2420135K->2218553K(3708044K), 0.1131810 secs]
[GC 2474681K->2196006K(3708044K), 0.1091640 secs]
[GC 2452134K->2250329K(3708044K), 0.1265000 secs]
[GC 2506457K->2227712K(3708044K), 0.1101380 secs]
[GC 2483784K->2281582K(3708044K), 0.1077060 secs]
[GC 2537710K->2259544K(3708044K), 0.1152660 secs]
[GC 2515672K->2313573K(3708044K), 0.1244440 secs]
[GC 2569701K->2289978K(3708044K), 0.0931350 secs]
[GC 2546106K->2342354K(3708044K), 0.0896040 secs]
[GC 2598482K->2316178K(3708044K), 0.0929890 secs]
[GC 2572306K->2372199K(3708044K), 0.1029350 secs]
[GC 2628327K->2346391K(3708044K), 0.0856700 secs]
[GC 2602519K->2374247K(3708044K), 0.0689780 secs]
[GC 2630375K->2336879K(3708044K), 0.0770990 secs]
[GC 2593007K->2336386K(3708044K), 0.0823980 secs]
[GC 2592514K->2357172K(3708044K), 0.0672420 secs]
[GC 2613300K->2370675K(3708044K), 0.0674310 secs]
[GC 2626803K->2375310K(3708044K), 0.0839870 secs]
[GC 2631438K->2417188K(3708044K), 0.1002690 secs]
[GC 2673316K->2418268K(3708044K), 0.1088220 secs]
[GC 2674396K->2450112K(3708044K), 0.1135170 secs]
[GC 2706240K->2470755K(3708044K), 0.1142950 secs]
[GC 2725276K->2450074K(3708044K), 0.1040710 secs]
[GC 2706202K->2500949K(3708044K), 0.1272750 secs]
[GC 2757077K->2477311K(3708044K), 0.0941960 secs]
[GC 2732353K->2530435K(3708044K), 0.0969200 secs]
[GC 2786563K->2517083K(3708044K), 0.1101090 secs]
[GC 2773211K->2556100K(3708044K), 0.1005190 secs]
[GC 2812181K->2557750K(3708044K), 0.0965020 secs]
[GC 2812704K->2591613K(3708044K), 0.0947570 secs]
[GC 2847714K->2570159K(3708044K), 0.1035130 secs]
[GC 2826287K->2622594K(3708044K), 0.1004400 secs]
[GC 2878722K->2596500K(3708044K), 0.1046710 secs]
[GC 2852590K->2652731K(3708044K), 0.0980190 secs]
[GC 2908859K->2625873K(3708044K), 0.0939130 secs]
[GC 2882001K->2682936K(3708044K), 0.1007050 secs]
[GC 2938973K->2657497K(3708044K), 0.1052050 secs]
[GC 2912313K->2701329K(3708044K), 0.0966540 secs]
[GC 2957457K->2670147K(3708044K), 0.0943750 secs]
[GC 2926275K->2696786K(3708044K), 0.0687970 secs]
[GC 2952914K->2682014K(3708044K), 0.0819610 secs]
[GC 2938142K->2684951K(3708044K), 0.0652890 secs]
[GC 2941079K->2710300K(3708044K), 0.0651240 secs]
[GC 2966428K->2685523K(3708044K), 0.0652630 secs]
[GC 2941651K->2721026K(3708044K), 0.0676800 secs]
[GC 2977154K->2688565K(3708044K), 0.0682990 secs]
[GC 2944693K->2729180K(3708044K), 0.0719520 secs]
[GC 2985252K->2710285K(3708044K), 0.0940720 secs]
[GC 2966413K->2773503K(3708044K), 0.1070040 secs]
[GC 3028626K->2755101K(3708044K), 0.1021870 secs]
[GC 3011213K->2801270K(3708044K), 0.1042820 secs]
[GC 3057398K->2806451K(3708044K), 0.1137580 secs]
[GC 3062579K->2827680K(3708044K), 0.1046460 secs]
[GC 3083808K->2821773K(3708044K), 0.0992980 secs]
[GC 3077901K->2851766K(3708044K), 0.0949760 secs]
[GC 3107894K->2883563K(3708044K), 0.0971100 secs]
[GC 3139280K->2899281K(3708044K), 0.1190880 secs]
[GC 3153473K->2912919K(3708044K), 0.1133750 secs]
[GC 3169047K->2909043K(3708044K), 0.1132540 secs]
[GC 3165171K->2934813K(3708044K), 0.1015790 secs]
[GC 3190941K->2950617K(3708044K), 0.0903370 secs]
[GC 3206745K->2968262K(3708044K), 0.0961820 secs]
[GC 3224390K->2987401K(3708044K), 0.0913120 secs]
[GC 3242371K->3032820K(3708044K), 0.0893940 secs]
[GC 3288948K->3022216K(3708044K), 0.1254080 secs]
[GC 3277311K->3052771K(3708044K), 0.1023500 secs]
[GC 3308853K->3048977K(3708044K), 0.0965090 secs]
[GC 3305105K->3086013K(3708044K), 0.0996640 secs]
[GC 3342087K->3118149K(3708044K), 0.1008890 secs]
[GC 3374088K->3106553K(3708044K), 0.1010990 secs]
[GC 3362681K->3156538K(3708044K), 0.1010390 secs]
[GC 3156914K(3708044K), 0.0317750 secs]
[GC 3412666K->3188469K(3708044K), 0.0798390 secs]
[GC 3444595K->3205024K(3708044K), 0.1009200 secs]
[GC 3365411K(3708044K), 0.0763510 secs]
[GC 3211260K->2972953K(3708044K), 0.1230000 secs]
[GC 3175446K->2929821K(4650880K), 0.1368300 secs]
[GC 3185949K->2921541K(4650880K), 0.1302770 secs]
[GC 3177669K->2922345K(4650880K), 0.0755220 secs]
[GC 3178473K->2969078K(4650880K), 0.0804750 secs]
[GC 3225206K->2942689K(4650880K), 0.0969540 secs]
[GC 3198817K->2959828K(4650880K), 0.0756540 secs]
[GC 3215956K->2927578K(4650880K), 0.0762700 secs]
[GC 3183706K->2967772K(4650880K), 0.0834030 secs]
[GC 3223900K->2944045K(4650880K), 0.0972010 secs]
[GC 3200173K->2983586K(4650880K), 0.0868770 secs]
[GC 3239714K->3013031K(4650880K), 0.1110190 secs]
[GC 3268662K->3025463K(4650880K), 0.1099950 secs]
[GC 3281591K->3052911K(4650880K), 0.1281910 secs]
[GC 3308995K->3034517K(4650880K), 0.1166870 secs]
[GC 3289750K->3059119K(4650880K), 0.1094730 secs]
[GC 3314878K->3078123K(4650880K), 0.1122530 secs]
[GC 3334251K->3111828K(4650880K), 0.1089070 secs]
[GC 3367956K->3127525K(4650880K), 0.1055070 secs]
[GC 3382139K->3132125K(4650880K), 0.1079020 secs]
[GC 3388253K->3165826K(4650880K), 0.1036590 secs]
[GC 3421954K->3172819K(4650880K), 0.1211840 secs]
[GC 3428947K->3201249K(4650880K), 0.0979430 secs]
[GC 3457321K->3220965K(4650880K), 0.1016510 secs]
 INFO  [hz._hzInstance_1_FenixFrameworkGroup.HealthMonitor] {com.hazelcast.util.HealthMonitor} [127.0.0.1]:5709 [FenixFrameworkGroup] 
memory used=3.3G, free=1.1G, total=4.4G, max=4.7G, used/total=74.23% used/max=70.36%
cpu process-load=2.00%, system-load=21.00%, system-loadaverage=293.00%
[GC 3477093K->3222781K(4650880K), 0.0987770 secs]
[GC 3478909K->3256492K(4650880K), 0.1018430 secs]
[GC 3512590K->3274849K(4650880K), 0.1064640 secs]
 INFO  [hz._hzInstance_1_FenixFrameworkGroup.HealthMonitor] {com.hazelcast.util.HealthMonitor} [127.0.0.1]:5709 [FenixFrameworkGroup] 
memory used=3.3G, free=1.1G, total=4.4G, max=4.7G, used/total=74.34% used/max=70.47%
cpu process-load=3.00%, system-load=17.00%, system-loadaverage=343.00%
[GC 3530949K->3276830K(4650880K), 0.0966430 secs]
[GC 3532958K->3277013K(4650880K), 0.0989840 secs]
[GC 3533141K->3320121K(4650880K), 0.0837150 secs]
[GC 3576249K->3350023K(4650880K), 0.1103510 secs]
[GC 3606151K->3362759K(4650880K), 0.1148600 secs]
[GC 3618887K->3399964K(4650880K), 0.1075630 secs]
 INFO  [hz._hzInstance_1_FenixFrameworkGroup.HealthMonitor] {com.hazelcast.util.HealthMonitor} [127.0.0.1]:5709 [FenixFrameworkGroup] 
memory used=3.3G, free=1.1G, total=4.4G, max=4.7G, used/total=74.21% used/max=70.34%
cpu process-load=2.00%, system-load=17.00%, system-loadaverage=321.00%
[GC 3656092K->3392152K(4650880K), 0.1194490 secs]
[GC 3646689K->3404940K(4650880K), 0.1093430 secs]
[GC 3661068K->3423687K(4650880K), 0.1100070 secs]
 INFO  [hz._hzInstance_1_FenixFrameworkGroup.HealthMonitor] {com.hazelcast.util.HealthMonitor} [127.0.0.1]:5709 [FenixFrameworkGroup] 
memory used=3.3G, free=1.1G, total=4.4G, max=4.7G, used/total=74.80% used/max=70.90%
cpu process-load=2.00%, system-load=16.00%, system-loadaverage=309.00%
[GC 3679815K->3441441K(4650880K), 0.1174740 secs]
[GC 3697569K->3461930K(4650880K), 0.1127750 secs]
[GC 3718058K->3487445K(4650880K), 0.1116210 secs]
 INFO  [hz._hzInstance_1_FenixFrameworkGroup.HealthMonitor] {com.hazelcast.util.HealthMonitor} [127.0.0.1]:5709 [FenixFrameworkGroup] 
memory used=3.4G, free=1010.4M, total=4.4G, max=4.7G, used/total=77.75% used/max=73.70%
cpu process-load=2.00%, system-load=17.00%, system-loadaverage=347.00%
[GC 3743573K->3525873K(4650880K), 0.1172670 secs]
[GC 3781993K->3530881K(4650880K), 0.1116230 secs]
[GC 3785370K->3554489K(4650880K), 0.1253970 secs]
[GC 3810617K->3610278K(4650880K), 0.1186500 secs]
 INFO  [hz._hzInstance_1_FenixFrameworkGroup.HealthMonitor] {com.hazelcast.util.HealthMonitor} [127.0.0.1]:5709 [FenixFrameworkGroup] 
memory used=3.5G, free=952.5M, total=4.4G, max=4.7G, used/total=79.03% used/max=74.91%
cpu process-load=2.00%, system-load=17.00%, system-loadaverage=309.00%
[GC 3866391K->3619667K(4650880K), 0.1245040 secs]
[GC 3875743K->3654555K(4650880K), 0.1429550 secs]
[GC 3910683K->3649785K(4650880K), 0.1271790 secs]
 INFO  [hz._hzInstance_1_FenixFrameworkGroup.HealthMonitor] {com.hazelcast.util.HealthMonitor} [127.0.0.1]:5709 [FenixFrameworkGroup] 
memory used=3.7G, free=765.7M, total=4.4G, max=4.7G, used/total=83.14% used/max=78.81%
cpu process-load=2.00%, system-load=17.00%, system-loadaverage=384.00%
[GC 3905913K->3690506K(4650880K), 0.1226180 secs]
[GC 3946399K->3710327K(4650880K), 0.1217390 secs]
[GC 3966455K->3735563K(4650880K), 0.1192460 secs]
[GC 3991691K->3742285K(4650880K), 0.1266930 secs]
 INFO  [hz._hzInstance_1_FenixFrameworkGroup.HealthMonitor] {com.hazelcast.util.HealthMonitor} [127.0.0.1]:5709 [FenixFrameworkGroup] 
memory used=3.6G, free=816.3M, total=4.4G, max=4.7G, used/total=82.03% used/max=77.75%
cpu process-load=1.00%, system-load=16.00%, system-loadaverage=387.00%
[GC 3997490K->3760614K(4650880K), 0.1190660 secs]
[GC 4016694K->3782714K(4650880K), 0.1166540 secs]
[GC 4038842K->3803554K(4650880K), 0.1119250 secs]
 INFO  [hz._hzInstance_1_FenixFrameworkGroup.HealthMonitor] {com.hazelcast.util.HealthMonitor} [127.0.0.1]:5709 [FenixFrameworkGroup] 
memory used=3.8G, free=614.0M, total=4.4G, max=4.7G, used/total=86.48% used/max=81.97%
cpu process-load=1.00%, system-load=14.00%, system-loadaverage=381.00%
[GC 4059682K->3819538K(4650880K), 0.1198380 secs]
[GC 4075666K->3858394K(4650880K), 0.1115810 secs]
[GC 4114522K->3865017K(4650880K), 0.1205560 secs]
[GC 4121145K->3902964K(4650880K), 0.1154190 secs]
 INFO  [hz._hzInstance_1_FenixFrameworkGroup.HealthMonitor] {com.hazelcast.util.HealthMonitor} [127.0.0.1]:5709 [FenixFrameworkGroup] 
memory used=3.8G, free=649.4M, total=4.4G, max=4.7G, used/total=85.70% used/max=81.23%
cpu process-load=1.00%, system-load=14.00%, system-loadaverage=436.00%
[GC 4159092K->3904107K(4650880K), 0.1197040 secs]
 INFO  [main] {org.radargun.Slave} Master shutdown!
 INFO  [Thread-0] {org.radargun.ShutDownHook} Slave process is being shutdown
 INFO  [hz._hzInstance_1_FenixFrameworkGroup.IO.thread-in-2] {com.hazelcast.nio.TcpIpConnection} [127.0.0.1]:5709 [FenixFrameworkGroup] Connection [Address[127.0.0.1]:5701] lost. Reason: java.io.EOFException[Remote socket closed!]
 INFO  [hz._hzInstance_1_FenixFrameworkGroup.IO.thread-in-0] {com.hazelcast.nio.TcpIpConnection} [127.0.0.1]:5709 [FenixFrameworkGroup] Connection [Address[127.0.0.1]:5707] lost. Reason: java.io.EOFException[Remote socket closed!]
 INFO  [hz._hzInstance_1_FenixFrameworkGroup.IO.thread-in-1] {com.hazelcast.nio.TcpIpConnection} [127.0.0.1]:5709 [FenixFrameworkGroup] Connection [Address[127.0.0.1]:5705] lost. Reason: java.io.EOFException[Remote socket closed!]
 INFO  [hz._hzInstance_1_FenixFrameworkGroup.IO.thread-in-0] {com.hazelcast.nio.TcpIpConnection} [127.0.0.1]:5709 [FenixFrameworkGroup] Connection [Address[127.0.0.1]:5703] lost. Reason: java.io.EOFException[Remote socket closed!]
 INFO  [hz._hzInstance_1_FenixFrameworkGroup.IO.thread-in-2] {com.hazelcast.nio.TcpIpConnection} [127.0.0.1]:5709 [FenixFrameworkGroup] Connection [Address[127.0.0.1]:5707] lost. Reason: java.io.EOFException[Remote socket closed!]
 INFO  [hz.ShutdownThread] {com.hazelcast.nio.TcpIpConnection} [127.0.0.1]:5709 [FenixFrameworkGroup] Connection [Address[127.0.0.1]:5706] lost. Reason: Socket explicitly closed
 INFO  [hz._hzInstance_1_FenixFrameworkGroup.IO.thread-in-1] {com.hazelcast.nio.TcpIpConnection} [127.0.0.1]:5709 [FenixFrameworkGroup] Connection [Address[127.0.0.1]:5705] lost. Reason: java.io.EOFException[Remote socket closed!]
 INFO  [hz._hzInstance_1_FenixFrameworkGroup.IO.thread-in-0] {com.hazelcast.nio.TcpIpConnection} [127.0.0.1]:5709 [FenixFrameworkGroup] Connection [Address[127.0.0.1]:5708] lost. Reason: java.io.EOFException[Remote socket closed!]
 INFO  [hz.ShutdownThread] {com.hazelcast.nio.TcpIpConnection} [127.0.0.1]:5709 [FenixFrameworkGroup] Connection [Address[127.0.0.1]:5711] lost. Reason: Socket explicitly closed
 INFO  [hz._hzInstance_1_FenixFrameworkGroup.IO.thread-in-2] {com.hazelcast.nio.TcpIpConnection} [127.0.0.1]:5709 [FenixFrameworkGroup] Connection [Address[127.0.0.1]:5708] lost. Reason: java.io.EOFException[Remote socket closed!]
 INFO  [hz._hzInstance_1_FenixFrameworkGroup.IO.thread-in-1] {com.hazelcast.nio.TcpIpConnection} [127.0.0.1]:5709 [FenixFrameworkGroup] Connection [Address[127.0.0.1]:5702] lost. Reason: java.io.EOFException[Remote socket closed!]
 INFO  [hz._hzInstance_1_FenixFrameworkGroup.IO.thread-in-0] {com.hazelcast.nio.TcpIpConnection} [127.0.0.1]:5709 [FenixFrameworkGroup] Connection [Address[127.0.0.1]:5712] lost. Reason: java.io.EOFException[Remote socket closed!]
 INFO  [hz._hzInstance_1_FenixFrameworkGroup.IO.thread-in-2] {com.hazelcast.nio.TcpIpConnection} [127.0.0.1]:5709 [FenixFrameworkGroup] Connection [Address[127.0.0.1]:5706] lost. Reason: java.io.EOFException[Remote socket closed!]
 INFO  [hz.ShutdownThread] {com.hazelcast.nio.TcpIpConnection} [127.0.0.1]:5709 [FenixFrameworkGroup] Connection [Address[127.0.0.1]:5704] lost. Reason: Socket explicitly closed
 INFO  [hz._hzInstance_1_FenixFrameworkGroup.IO.thread-in-1] {com.hazelcast.nio.TcpIpConnection} [127.0.0.1]:5709 [FenixFrameworkGroup] Connection [Address[127.0.0.1]:5712] lost. Reason: java.io.EOFException[Remote socket closed!]
 INFO  [hz._hzInstance_1_FenixFrameworkGroup.IO.thread-in-0] {com.hazelcast.nio.TcpIpConnection} [127.0.0.1]:5709 [FenixFrameworkGroup] Connection [Address[127.0.0.1]:5710] lost. Reason: java.io.EOFException[Remote socket closed!]
 INFO  [hz.ShutdownThread] {com.hazelcast.nio.TcpIpConnection} [127.0.0.1]:5709 [FenixFrameworkGroup] Connection [Address[127.0.0.1]:5711] lost. Reason: Socket explicitly closed
 INFO  [hz._hzInstance_1_FenixFrameworkGroup.IO.thread-in-1] {com.hazelcast.nio.TcpIpConnection} [127.0.0.1]:5709 [FenixFrameworkGroup] Connection [Address[127.0.0.1]:5710] lost. Reason: java.io.EOFException[Remote socket closed!]
 INFO  [hz.ShutdownThread] {com.hazelcast.initializer} [127.0.0.1]:5709 [FenixFrameworkGroup] Destroying node initializer.
 INFO  [hz.ShutdownThread] {com.hazelcast.instance.Node} [127.0.0.1]:5709 [FenixFrameworkGroup] Hazelcast Shutdown is completed in 59 ms.
