/usr/java/jdk1.7.0_21/bin/java -server -Xmx1024M -Xms1024M -Dresolve.dns=false -Djgroups.timer.num_threads=4 -verbose:gc -Xmx5000M -Xms3000M -server -XX:+UseConcMarkSweepGC -XX:+AggressiveOpts -verbose:gc -XX:ParallelGCThreads=4 -XX:NewRatio=5 -XX:SurvivorRatio=2 -Dhazelcast.operation.thread.count=4 -Djava.net.preferIPv4Stack=true -Dlog4j.file.prefix=deimos-esw-32293 -Dbind.address= -Djgroups.bind_addr= -classpath /home/smf/github/radargun/target/distribution/RadarGun-1.1.0-SNAPSHOT/lib/activation-1.1.jar:/home/smf/github/radargun/target/distribution/RadarGun-1.1.0-SNAPSHOT/lib/commons-beanutils-1.8.0.jar:/home/smf/github/radargun/target/distribution/RadarGun-1.1.0-SNAPSHOT/lib/commons-digester-2.0.jar:/home/smf/github/radargun/target/distribution/RadarGun-1.1.0-SNAPSHOT/lib/commons-logging-1.1.1.jar:/home/smf/github/radargun/target/distribution/RadarGun-1.1.0-SNAPSHOT/lib/commons-math-1.2.jar:/home/smf/github/radargun/target/distribution/RadarGun-1.1.0-SNAPSHOT/lib/jboss-transaction-api-1.0.1.GA.jar:/home/smf/github/radargun/target/distribution/RadarGun-1.1.0-SNAPSHOT/lib/jcommon-1.0.15.jar:/home/smf/github/radargun/target/distribution/RadarGun-1.1.0-SNAPSHOT/lib/jfreechart-1.0.12.jar:/home/smf/github/radargun/target/distribution/RadarGun-1.1.0-SNAPSHOT/lib/log4j-1.2.14.jar:/home/smf/github/radargun/target/distribution/RadarGun-1.1.0-SNAPSHOT/lib/mail-1.4.2.jar:/home/smf/github/radargun/target/distribution/RadarGun-1.1.0-SNAPSHOT/lib/radargun-framework-1.1.0-SNAPSHOT.jar:/home/smf/github/radargun/target/distribution/RadarGun-1.1.0-SNAPSHOT/conf org.radargun.Slave -master 127.0.0.1:2103
--------------------------------------------------------------------------------
PerNodeRollingFileAppender::Using file prefix:deimos-esw-32293
 INFO  [main] {org.radargun.Slave} Attempting to connect to master 127.0.0.1:2103
 INFO  [main] {org.radargun.Slave} Successfully established connection with master at: 127.0.0.1:2103
Loading JARS from /home/smf/github/radargun/target/distribution/RadarGun-1.1.0-SNAPSHOT/lib/radargun-framework-1.1.0-SNAPSHOT.jar
 INFO  [pool-1-thread-1] {org.radargun.config.AnnotatedHelper} Loading JARS from /home/smf/github/radargun/target/distribution/RadarGun-1.1.0-SNAPSHOT/lib/radargun-framework-1.1.0-SNAPSHOT.jar
 INFO  [pool-1-thread-1] {org.radargun.config.AnnotatedHelper} Loading JARS from /home/smf/github/radargun/target/distribution/RadarGun-1.1.0-SNAPSHOT/lib/radargun-framework-1.1.0-SNAPSHOT.jar
 INFO  [pool-1-thread-1] {org.radargun.Slave} Executing stage: DestroyWrapper {enforceMemoryThrashHold=true, exitBenchmarkOnSlaveFailure=false, heapDumpDir=null, memoryThreshold=95, runOnAllSlaves=true, slaves=null, useSmartClassLoading=true }
 INFO  [pool-1-thread-1] {org.radargun.stages.DestroyWrapperStage} Received destroy cache wrapper request from master...
 INFO  [pool-1-thread-1] {org.radargun.stages.DestroyWrapperStage} No cache wrapper deployed on this slave, nothing to do.
 INFO  [pool-1-thread-1] {org.radargun.stages.DestroyWrapperStage} Before executing clear, memory looks like this: Memory - free: 2,928,638 kb - max:4,906,688 kb- total:2,944,000 kb
[Full GC 15361K->3631K(2944000K), 0.0786580 secs]
 INFO  [pool-1-thread-1] {org.radargun.stages.DestroyWrapperStage} After executing cleanup, memory looks like this: Memory - free: 2,935,311 kb - max:4,906,688 kb- total:2,944,064 kb
 INFO  [pool-1-thread-1] {org.radargun.Slave} Finished stage: DestroyWrapper {enforceMemoryThrashHold=true, exitBenchmarkOnSlaveFailure=false, heapDumpDir=null, memoryThreshold=95, runOnAllSlaves=true, slaves=null, useSmartClassLoading=true }
 INFO  [main] {org.radargun.Slave} Ack successfully sent to the master
 INFO  [pool-1-thread-1] {org.radargun.Slave} Executing stage: StartCluster {config=mvcc/mvcc-repl-sync.xml, delayAfterFirstSlaveStarts=5.000 secs, delayBetweenStartingSlaves=0.500 secs, exitBenchmarkOnSlaveFailure=true, expectNumSlaves=null, mayFailOn=null, reachable=null, runOnAllSlaves=false, slaves=null, staggerSlaveStartup=true, useSmartClassLoading=true, validateCluster=true }
 INFO  [pool-1-thread-1] {org.radargun.stages.StartClusterStage}  Startup staggering, starting 8 slaves. This is the slave with index 1. Sleeping for 5500 millis.
 INFO  [pool-1-thread-1] {org.radargun.stages.StartClusterStage} Ack master's StartCluster stage. Local address is: /127.0.0.1. This slave's index is: 1
 INFO  [pool-1-thread-1] {org.radargun.utils.ClassLoadHelper} Creating newInstance org.radargun.cachewrappers.JBossCache3Wrapper with classloader java.net.URLClassLoader@6e7bdb1c
 INFO  [pool-1-thread-1] {org.radargun.cachewrappers.JBossCache3Wrapper} Creating cache with the following configuration: mvcc/mvcc-repl-sync.xml
 WARN  [pool-1-thread-1] {org.jboss.cache.transaction.GenericTransactionManagerLookup} Falling back to JBoss Cache's internal DummyTransactionManager
 WARN  [pool-1-thread-1] {org.jgroups.protocols.pbcast.STREAMING_STATE_TRANSFER} use_reading_thread has been deprecated and its value will be ignored

---------------------------------------------------------
GMS: address is 127.0.0.1:42503 (cluster=JBossCache-Cluster)
---------------------------------------------------------
 INFO  [pool-1-thread-1] {org.radargun.cachewrappers.JBossCache3Wrapper} Running cache with following config: org.jboss.cache.config.Configuration@734ef755
 INFO  [pool-1-thread-1] {org.radargun.cachewrappers.JBossCache3Wrapper} Running following JBossCacheVersion: 3.2.1.GA
 INFO  [pool-1-thread-1] {org.radargun.cachewrappers.JBossCache3Wrapper} Running following JBossCacheCodeName: Malagueta
 INFO  [pool-1-thread-1] {org.radargun.cachewrappers.JBossCache3Wrapper} JGroups version: 2.6.13.GA
 INFO  [pool-1-thread-1] {org.radargun.stages.helpers.StartHelper} Number of members=2 is not the one expected: 8
 INFO  [pool-1-thread-1] {org.radargun.stages.helpers.StartHelper} Number of members=4 is not the one expected: 8
 INFO  [pool-1-thread-1] {org.radargun.stages.helpers.StartHelper} Number of members=6 is not the one expected: 8
 INFO  [pool-1-thread-1] {org.radargun.stages.helpers.StartHelper} Number of members is the one expected: 8
 INFO  [pool-1-thread-1] {org.radargun.stages.StartClusterStage} Successfully started cache wrapper on slave 1: org.radargun.cachewrappers.JBossCache3Wrapper@36ccf41c
 INFO  [pool-1-thread-1] {org.radargun.Slave} Finished stage: StartCluster {config=mvcc/mvcc-repl-sync.xml, delayAfterFirstSlaveStarts=5.000 secs, delayBetweenStartingSlaves=0.500 secs, exitBenchmarkOnSlaveFailure=true, expectNumSlaves=null, mayFailOn=null, reachable=null, runOnAllSlaves=false, slaves=null, staggerSlaveStartup=true, useSmartClassLoading=true, validateCluster=true }
 INFO  [main] {org.radargun.Slave} Ack successfully sent to the master
 INFO  [pool-1-thread-1] {org.radargun.Slave} Executing stage: ClusterValidation {exitBenchmarkOnSlaveFailure=false, partialReplication=false, replicationTimeSleep=2000, replicationTryCount=60, runOnAllSlaves=false, slaves=null, useSmartClassLoading=true }
 INFO  [pool-1-thread-1] {org.radargun.stages.ClusterValidationStage} Number of caches that replicated here is 6
 INFO  [pool-1-thread-1] {org.radargun.stages.ClusterValidationStage} Replication test failed, 1 tries so far. Sleeping for 2 seconds and trying again.
 INFO  [pool-1-thread-1] {org.radargun.stages.ClusterValidationStage} Number of caches that replicated here is 7
 INFO  [pool-1-thread-1] {org.radargun.stages.ClusterValidationStage} Replication test successfully passed. partialReplication? false, replicationCount = 7
 INFO  [pool-1-thread-1] {org.radargun.stages.ClusterValidationStage} Confirm phase successful.
 INFO  [pool-1-thread-1] {org.radargun.Slave} Finished stage: ClusterValidation {exitBenchmarkOnSlaveFailure=false, partialReplication=false, replicationTimeSleep=2000, replicationTryCount=60, runOnAllSlaves=false, slaves=[ 0, 1, 2, 3, 4, 5, 6, 7 ], useSmartClassLoading=true }
 INFO  [main] {org.radargun.Slave} Ack successfully sent to the master
 INFO  [pool-1-thread-1] {org.radargun.Slave} Executing stage: StressTestWarmup {bulkSize=1, cacheSpecificKeyGenerator=false, commitTransactions=true, duration=1 mins 0 secs, entrySize=1000, exitBenchmarkOnSlaveFailure=false, fixedKeys=true, generateHistogramRange=false, keyGeneratorClass=org.radargun.stressors.StringKeyGenerator, keyGeneratorParam=null, loadAllKeys=false, numEntries=100, numOfThreads=4, numRequests=10000, numThreads=4, numberOfAttributes=100, numberOfRequests=10000, opsCountStatusLog=100000, poolKeys=true, preferAsyncOperations=false, removePercentage=0, replaceInvalidPercentage=40, runOnAllSlaves=false, sharedKeys=false, sizeOfAnAttribute=1000, slaves=null, transactionSize=50, useAtomics=false, useHistogramStatistics=false, useSimpleStatistics=true, useSmartClassLoading=true, useTransactions=null, writePercentage=20, writeTxPercentage=20 }
 INFO  [pool-1-thread-1] {org.radargun.stages.StressTestWarmupStage} Starting StressTestWarmupStage: StressTestWarmup {bulkSize=1, cacheSpecificKeyGenerator=false, commitTransactions=true, duration=1 mins 0 secs, entrySize=1000, exitBenchmarkOnSlaveFailure=false, fixedKeys=true, generateHistogramRange=false, keyGeneratorClass=org.radargun.stressors.StringKeyGenerator, keyGeneratorParam=null, loadAllKeys=false, numEntries=100, numOfThreads=4, numRequests=10000, numThreads=4, numberOfAttributes=100, numberOfRequests=10000, opsCountStatusLog=100000, poolKeys=true, preferAsyncOperations=false, removePercentage=0, replaceInvalidPercentage=40, runOnAllSlaves=false, sharedKeys=false, sizeOfAnAttribute=1000, slaves=null, transactionSize=50, useAtomics=false, useHistogramStatistics=false, useSimpleStatistics=true, useSmartClassLoading=true, useTransactions=null, writePercentage=20, writeTxPercentage=20 }
 INFO  [pool-1-thread-1] {org.radargun.stressors.StressTestStressor} Using key generator org.radargun.stressors.StringKeyGenerator, param null
 INFO  [pool-1-thread-1] {org.radargun.stressors.StressTestStressor} Executing: StressTestStressor{opsCountStatusLog=100000, numRequests=10000, numEntries=100, entrySize=1000, writePercentage=20, numThreads=4, cacheWrapper=org.radargun.cachewrappers.JBossCache3Wrapper@36ccf41c, nodeIndex=1, useTransactions=true, transactionSize=50, commitTransactions=true, durationMillis=60000}
 INFO  [pool-1-thread-1] {org.radargun.stressors.StressTestStressor} Cache wrapper info is: Num direct children: 8
[GC 259695K->11974K(2944064K), 0.0331390 secs]
 INFO  [pool-1-thread-1] {org.radargun.stressors.StressTestStressor} Started 4 stressor threads.
 INFO  [Stressor-0] {org.radargun.stressors.StressTestStressor} Number of ops executed so far: 1. Elapsed time: 0.011 secs. Remaining: 59.989 secs. Total: 1 mins 0 secs
[GC 268038K->14109K(2944064K), 0.0275920 secs]
[GC 270173K->17204K(2944064K), 0.0285340 secs]
[GC 273268K->15382K(2944064K), 0.0293870 secs]
[GC 271446K->21459K(2944064K), 0.0332130 secs]
[GC 277523K->17833K(2944064K), 0.0297980 secs]
[GC 273897K->18106K(2944064K), 0.0285340 secs]
[GC 274170K->16419K(2944064K), 0.0319240 secs]
[GC 272483K->12702K(2944064K), 0.0288340 secs]
[GC 268766K->15140K(2944064K), 0.0300780 secs]
[GC 271204K->15091K(2944064K), 0.0328470 secs]
[GC 271155K->15940K(2944064K), 0.0250200 secs]
[GC 272004K->15416K(2944064K), 0.0296450 secs]
[GC 271480K->14844K(2944064K), 0.0295810 secs]
[GC 270908K->19379K(2944064K), 0.0294720 secs]
[GC 275443K->18618K(2944064K), 0.0515680 secs]
[GC 274682K->13593K(2944064K), 0.0265680 secs]
[GC 269657K->12536K(2944064K), 0.0263570 secs]
[GC 268600K->13104K(2944064K), 0.0233980 secs]
[GC 269168K->16771K(2944064K), 0.0270910 secs]
[GC 272835K->17575K(2944064K), 0.0249580 secs]
 INFO  [Stressor-2] {org.radargun.stressors.StressTestStressor} Number of ops executed so far: 432050. Elapsed time: 20.022 secs. Remaining: 39.978 secs. Total: 1 mins 0 secs
[GC 273639K->15713K(2944064K), 0.0249730 secs]
[GC 271777K->16852K(2944064K), 0.0272570 secs]
[GC 272916K->19933K(2944064K), 0.0270070 secs]
[GC 275997K->16877K(2944064K), 0.0311030 secs]
[GC 272941K->18208K(2944064K), 0.0292380 secs]
[GC 274272K->16114K(2944064K), 0.0271670 secs]
[GC 272178K->15128K(2944064K), 0.0234190 secs]
[GC 271192K->15694K(2944064K), 0.0286340 secs]
[GC 271758K->15404K(2944064K), 0.0245190 secs]
[GC 271468K->18543K(2944064K), 0.0226000 secs]
[GC 274607K->16966K(2944064K), 0.0280770 secs]
[GC 273030K->14575K(2944064K), 0.0275890 secs]
[GC 270639K->14511K(2944064K), 0.0273360 secs]
[GC 270575K->15194K(2944064K), 0.0234340 secs]
[GC 271258K->19622K(2944064K), 0.0250370 secs]
[GC 275686K->17029K(2944064K), 0.0282240 secs]
[GC 273093K->14483K(2944064K), 0.0277190 secs]
[GC 270547K->15701K(2944064K), 0.0231410 secs]
[GC 271765K->17281K(2944064K), 0.0229340 secs]
[GC 273341K->16125K(2944064K), 0.0294360 secs]
[GC 272189K->16865K(2944064K), 0.0273750 secs]
[GC 272929K->16587K(2944064K), 0.0259120 secs]
[GC 272651K->17271K(2944064K), 0.0226040 secs]
[GC 273335K->15584K(2944064K), 0.0256510 secs]
[GC 271648K->13743K(2944064K), 0.0257740 secs]
[GC 269807K->14063K(2944064K), 0.0270180 secs]
 INFO  [Stressor-0] {org.radargun.stressors.StressTestStressor} Number of ops executed so far: 1098104. Elapsed time: 40.022 secs. Remaining: 19.978 secs. Total: 1 mins 0 secs
[GC 270127K->13894K(2944064K), 0.0236400 secs]
[GC 269958K->13804K(2944064K), 0.0235510 secs]
[GC 269868K->14760K(2944064K), 0.0225990 secs]
[GC 270824K->14846K(2944064K), 0.0249480 secs]
[GC 270910K->15938K(2944064K), 0.0301270 secs]
[GC 272002K->16213K(2944064K), 0.0290950 secs]
[GC 272277K->17173K(2944064K), 0.0302870 secs]
[GC 273237K->18989K(2944064K), 0.0293210 secs]
[GC 275053K->18225K(2944064K), 0.0243610 secs]
[GC 274289K->16023K(2944064K), 0.0248720 secs]
[GC 272087K->14916K(2944064K), 0.0283240 secs]
[GC 270980K->17971K(2944064K), 0.0218820 secs]
[GC 274035K->16048K(2944064K), 0.0252460 secs]
[GC 272112K->14446K(2944064K), 0.0301960 secs]
[GC 270510K->14886K(2944064K), 0.0247390 secs]
[GC 270950K->13388K(2944064K), 0.0272060 secs]
[GC 269452K->15163K(2944064K), 0.0249080 secs]
[GC 271227K->17042K(2944064K), 0.0263330 secs]
[GC 273106K->16596K(2944064K), 0.0261390 secs]
[GC 272660K->16099K(2944064K), 0.0301550 secs]
[GC 272163K->14895K(2944064K), 0.0281550 secs]
[GC 270959K->15145K(2944064K), 0.0272560 secs]
[GC 271209K->16795K(2944064K), 0.0273800 secs]
[GC 272859K->14986K(2944064K), 0.0313960 secs]
 INFO  [pool-1-thread-1] {org.radargun.stressors.StressTestStressor} Finished generating report. Test duration is: 1 mins 1 secs
 INFO  [pool-1-thread-1] {org.radargun.stages.StressTestWarmupStage} The warmup took: 61 seconds.
 INFO  [pool-1-thread-1] {org.radargun.Slave} Finished stage: StressTestWarmup {bulkSize=1, cacheSpecificKeyGenerator=false, commitTransactions=true, duration=1 mins 0 secs, entrySize=1000, exitBenchmarkOnSlaveFailure=false, fixedKeys=true, generateHistogramRange=false, keyGeneratorClass=org.radargun.stressors.StringKeyGenerator, keyGeneratorParam=null, loadAllKeys=false, numEntries=100, numOfThreads=4, numRequests=10000, numThreads=4, numberOfAttributes=100, numberOfRequests=10000, opsCountStatusLog=100000, poolKeys=true, preferAsyncOperations=false, removePercentage=0, replaceInvalidPercentage=40, runOnAllSlaves=false, sharedKeys=false, sizeOfAnAttribute=1000, slaves=null, transactionSize=50, useAtomics=false, useHistogramStatistics=false, useSimpleStatistics=true, useSmartClassLoading=true, useTransactions=null, writePercentage=20, writeTxPercentage=20 }
 INFO  [main] {org.radargun.Slave} Ack successfully sent to the master
 INFO  [pool-1-thread-1] {org.radargun.Slave} Executing stage: ClearClusterStage {ClearCluster {exitBenchmarkOnSlaveFailure=false, runOnAllSlaves=false, slaves=[ 0 ], useSmartClassLoading=true }
 INFO  [pool-1-thread-1] {org.radargun.stages.ClearClusterStage} Before executing clear, memory looks like this: Memory - free: 2,897,247 kb - max:4,906,688 kb- total:2,944,064 kb
[Full GC 46816K->12061K(2944064K), 0.1290330 secs]
 INFO  [pool-1-thread-1] {org.radargun.stages.ClearClusterStage} After executing cleanup, memory looks like this: Memory - free: 2,929,727 kb - max:4,906,688 kb- total:2,944,320 kb
 INFO  [pool-1-thread-1] {org.radargun.Slave} Finished stage: ClearClusterStage {ClearCluster {exitBenchmarkOnSlaveFailure=false, runOnAllSlaves=false, slaves=[ 0 ], useSmartClassLoading=true }
 INFO  [main] {org.radargun.Slave} Ack successfully sent to the master
 INFO  [pool-1-thread-1] {org.radargun.Slave} Executing stage: StressTest {bulkSize=1, cacheSpecificKeyGenerator=false, commitTransactions=true, duration=1 mins 0 secs, entrySize=1000, exitBenchmarkOnSlaveFailure=false, fixedKeys=true, generateHistogramRange=false, keyGeneratorClass=org.radargun.stressors.StringKeyGenerator, keyGeneratorParam=null, loadAllKeys=false, numEntries=10000, numOfThreads=4, numRequests=10000000, numThreads=4, numberOfAttributes=10000, numberOfRequests=10000000, opsCountStatusLog=500000, poolKeys=true, preferAsyncOperations=false, removePercentage=0, replaceInvalidPercentage=40, runOnAllSlaves=false, sharedKeys=false, sizeOfAnAttribute=1000, slaves=null, transactionSize=10000, useAtomics=false, useHistogramStatistics=false, useSimpleStatistics=true, useSmartClassLoading=true, useTransactions=true, writePercentage=10, writeTxPercentage=5 }
 INFO  [pool-1-thread-1] {org.radargun.stages.StressTestStage} Starting StressTestStage: StressTest {bulkSize=1, cacheSpecificKeyGenerator=false, commitTransactions=true, duration=1 mins 0 secs, entrySize=1000, exitBenchmarkOnSlaveFailure=false, fixedKeys=true, generateHistogramRange=false, keyGeneratorClass=org.radargun.stressors.StringKeyGenerator, keyGeneratorParam=null, loadAllKeys=false, numEntries=10000, numOfThreads=4, numRequests=10000000, numThreads=4, numberOfAttributes=10000, numberOfRequests=10000000, opsCountStatusLog=500000, poolKeys=true, preferAsyncOperations=false, removePercentage=0, replaceInvalidPercentage=40, runOnAllSlaves=false, sharedKeys=false, sizeOfAnAttribute=1000, slaves=null, transactionSize=10000, useAtomics=false, useHistogramStatistics=false, useSimpleStatistics=true, useSmartClassLoading=true, useTransactions=true, writePercentage=10, writeTxPercentage=5 }
 INFO  [pool-1-thread-1] {org.radargun.stressors.StressTestStressor} Using key generator org.radargun.stressors.StringKeyGenerator, param null
 INFO  [pool-1-thread-1] {org.radargun.stressors.StressTestStressor} Executing: StressTestStressor{opsCountStatusLog=500000, numRequests=10000000, numEntries=10000, entrySize=1000, writePercentage=10, numThreads=4, cacheWrapper=org.radargun.cachewrappers.JBossCache3Wrapper@36ccf41c, nodeIndex=1, useTransactions=true, transactionSize=10000, commitTransactions=true, durationMillis=60000}
 INFO  [pool-1-thread-1] {org.radargun.stressors.StressTestStressor} Cache wrapper info is: Num direct children: 40
[GC 268317K->26485K(2944320K), 0.0315850 secs]
[GC 282741K->39036K(2944320K), 0.0340010 secs]
[GC 295292K->50282K(2944320K), 0.0379390 secs]
[GC 306538K->60573K(2944320K), 0.0357960 secs]
[GC 316829K->75435K(2944320K), 0.0402120 secs]
[GC 331691K->90191K(2944320K), 0.0399350 secs]
[GC 346447K->103498K(2944320K), 0.0457710 secs]
[GC 359754K->130546K(2944320K), 0.0521080 secs]
[GC 386802K->104356K(2944320K), 0.0731240 secs]
[GC 360612K->135499K(2944320K), 0.0487300 secs]
[GC 391755K->108296K(2944320K), 0.0433050 secs]
[GC 364552K->132004K(2944320K), 0.0511180 secs]
[GC 388260K->147637K(2944320K), 0.0506430 secs]
[GC 403893K->145003K(2944320K), 0.0434430 secs]
[GC 401259K->158604K(2944320K), 0.0496120 secs]
[GC 414860K->155715K(2944320K), 0.0464850 secs]
[GC 411967K->167602K(2944320K), 0.0514140 secs]
[GC 423858K->173653K(2944320K), 0.0473450 secs]
[GC 429909K->161661K(2944320K), 0.0493750 secs]
[GC 417917K->166968K(2944320K), 0.0600810 secs]
[GC 423224K->195123K(2944320K), 0.0445570 secs]
[GC 451379K->174957K(2944320K), 0.0498980 secs]
[GC 431213K->213757K(2944320K), 0.0475560 secs]
[GC 470013K->179305K(2944320K), 0.0463530 secs]
[GC 435561K->212869K(2944320K), 0.0508020 secs]
[GC 469125K->208388K(2944320K), 0.0496100 secs]
[GC 464644K->214413K(2944320K), 0.0444480 secs]
[GC 470669K->220228K(2944320K), 0.0454190 secs]
[GC 476484K->224934K(2944320K), 0.0461310 secs]
[GC 481190K->229677K(2944320K), 0.0508900 secs]
[GC 485933K->235026K(2944320K), 0.0526960 secs]
[GC 491267K->223326K(2944320K), 0.0492240 secs]
[GC 479582K->244227K(2944320K), 0.0495730 secs]
[GC 500483K->247296K(2944320K), 0.0492260 secs]
[GC 503492K->229235K(2944320K), 0.0456640 secs]
[GC 485491K->236520K(2944320K), 0.0499400 secs]
[GC 492773K->251320K(2944320K), 0.0519910 secs]
[GC 507576K->275926K(2944320K), 0.0484930 secs]
[GC 532152K->267601K(2944320K), 0.0559820 secs]
[GC 523857K->256943K(2944320K), 0.0492680 secs]
[GC 513199K->266070K(2944320K), 0.0476110 secs]
[GC 522316K->254899K(2944320K), 0.0482850 secs]
[GC 511155K->258209K(2944320K), 0.0434640 secs]
[GC 514465K->261007K(2944320K), 0.0441480 secs]
[GC 517263K->263642K(2944320K), 0.0465990 secs]
[GC 519880K->266415K(2944320K), 0.0411060 secs]
[GC 522671K->280745K(2944320K), 0.0434190 secs]
[GC 536977K->282913K(2944320K), 0.0416790 secs]
[GC 539138K->285449K(2944320K), 0.0440530 secs]
[GC 541705K->301079K(2944320K), 0.0405770 secs]
[GC 557335K->286770K(2944320K), 0.0401100 secs]
[GC 543019K->288017K(2944320K), 0.0409900 secs]
[GC 544273K->308589K(2944320K), 0.0451210 secs]
[GC 564845K->295529K(2944320K), 0.0482600 secs]
[GC 551785K->297016K(2944320K), 0.0442710 secs]
[GC 553272K->317920K(2944320K), 0.0441820 secs]
[GC 574137K->305035K(2944320K), 0.0449140 secs]
[GC 561291K->317554K(2944320K), 0.0468840 secs]
[GC 573810K->327206K(2944320K), 0.0443780 secs]
[GC 583462K->306976K(2944320K), 0.0461300 secs]
[GC 563232K->315899K(2944320K), 0.0440900 secs]
[GC 572155K->324618K(2944320K), 0.0437690 secs]
[GC 580870K->329068K(2944320K), 0.0384870 secs]
[GC 585324K->332371K(2944320K), 0.0425480 secs]
[GC 588627K->322939K(2944320K), 0.0405100 secs]
[GC 579195K->325988K(2944320K), 0.0397160 secs]
[GC 582244K->342099K(2944320K), 0.0398930 secs]
[GC 598355K->344996K(2944320K), 0.0460820 secs]
[GC 601252K->335685K(2944320K), 0.0408170 secs]
[GC 591931K->351360K(2944320K), 0.0439540 secs]
[GC 607616K->366855K(2944320K), 0.0427570 secs]
[GC 623092K->345132K(2944320K), 0.0395290 secs]
[GC 601388K->364980K(2944320K), 0.0403550 secs]
[GC 621236K->362143K(2944320K), 0.0391130 secs]
[GC 618399K->354092K(2944320K), 0.0394620 secs]
[GC 610348K->370107K(2944320K), 0.0385990 secs]
[GC 626354K->373260K(2944320K), 0.0404300 secs]
[GC 629463K->376864K(2944320K), 0.0393320 secs]
[GC 633120K->367598K(2944320K), 0.0406780 secs]
[GC 623854K->383785K(2944320K), 0.0419290 secs]
[GC 640041K->399198K(2944320K), 0.0393790 secs]
 INFO  [pool-1-thread-1] {org.radargun.stressors.StressTestStressor} Started 4 stressor threads.
 INFO  [Stressor-0] {org.radargun.stressors.StressTestStressor} Number of ops executed so far: 1. Elapsed time: 0.000 secs. Remaining: 1 mins 0 secs. Total: 1 mins 0 secs
[GC 655439K->376773K(2944320K), 0.0427070 secs]
[GC 633029K->409736K(2944320K), 0.0490690 secs]
[GC 665988K->454114K(2944320K), 0.0700380 secs]
[GC 710370K->459240K(2944320K), 0.0814020 secs]
[GC 715496K->470941K(2944320K), 0.0638180 secs]
[GC 727166K->519960K(2944320K), 0.0568960 secs]
[GC 776216K->532528K(2944320K), 0.0743080 secs]
[GC 788767K->563385K(2944320K), 0.0686030 secs]
[GC 819599K->579446K(2944320K), 0.0655030 secs]
[GC 835702K->615400K(2944320K), 0.0623400 secs]
[GC 871656K->614581K(2944320K), 0.0910510 secs]
 INFO  [Stressor-2] {org.radargun.stressors.StressTestStressor} Number of ops executed so far: 817116. Elapsed time: 20.000 secs. Remaining: 40.000 secs. Total: 1 mins 0 secs
[GC 870837K->656882K(2944320K), 0.0573110 secs]
[GC 913138K->677885K(2944320K), 0.0788150 secs]
[GC 934102K->668416K(2944320K), 0.0739190 secs]
[GC 924672K->718394K(2944320K), 0.0614080 secs]
[GC 974650K->700560K(2944320K), 0.0552300 secs]
[GC 956816K->725023K(2944320K), 0.0461530 secs]
[GC 981279K->758384K(2944320K), 0.0601800 secs]
[GC 1014640K->794171K(2944320K), 0.0652630 secs]
[GC 1050356K->775388K(2944320K), 0.0665050 secs]
[GC 1031644K->816422K(2944320K), 0.0496200 secs]
[GC 1072669K->805989K(2944320K), 0.0789600 secs]
 INFO  [Stressor-3] {org.radargun.stressors.StressTestStressor} Number of ops executed so far: 2237356. Elapsed time: 40.000 secs. Remaining: 20.000 secs. Total: 1 mins 0 secs
[GC 1062213K->827413K(2944320K), 0.0545960 secs]
[GC 1083669K->835722K(2944320K), 0.0471570 secs]
[GC 1091953K->863059K(2944320K), 0.0546440 secs]
[GC 1119315K->899725K(2944320K), 0.0676200 secs]
[GC 1155981K->902984K(2944320K), 0.0721360 secs]
[GC 1159240K->909415K(2944320K), 0.0549200 secs]
[GC 1165671K->950303K(2944320K), 0.0676150 secs]
[GC 1206559K->940106K(2944320K), 0.0627810 secs]
[GC 1195490K->972137K(2944320K), 0.0622410 secs]
[GC 1228393K->996233K(2944320K), 0.0747000 secs]
[GC 1252489K->1002701K(2944320K), 0.0713300 secs]
[GC 1258957K->1029592K(2944320K), 0.0679220 secs]
[GC 1285848K->1019365K(2944320K), 0.0635970 secs]
 INFO  [Stressor-0] {org.radargun.stressors.StressTestStressor} Number of ops executed so far: 4140000. Elapsed time: 1 mins 0 secs. Remaining: 0.000 secs. Total: 1 mins 0 secs
 INFO  [pool-1-thread-1] {org.radargun.stressors.StressTestStressor} Finished generating report. Test duration is: 1 mins 53 secs
 INFO  [pool-1-thread-1] {org.radargun.stages.StressTestStage} size info: Num direct children: 40, clusterSize:8, nodeIndex:1, cacheSize: -1
 INFO  [pool-1-thread-1] {org.radargun.Slave} Finished stage: StressTest {bulkSize=1, cacheSpecificKeyGenerator=false, commitTransactions=true, duration=1 mins 0 secs, entrySize=1000, exitBenchmarkOnSlaveFailure=false, fixedKeys=true, generateHistogramRange=false, keyGeneratorClass=org.radargun.stressors.StringKeyGenerator, keyGeneratorParam=null, loadAllKeys=false, numEntries=10000, numOfThreads=4, numRequests=10000000, numThreads=4, numberOfAttributes=10000, numberOfRequests=10000000, opsCountStatusLog=500000, poolKeys=true, preferAsyncOperations=false, removePercentage=0, replaceInvalidPercentage=40, runOnAllSlaves=false, sharedKeys=false, sizeOfAnAttribute=1000, slaves=null, transactionSize=10000, useAtomics=false, useHistogramStatistics=false, useSimpleStatistics=true, useSmartClassLoading=true, useTransactions=true, writePercentage=10, writeTxPercentage=5 }
 INFO  [main] {org.radargun.Slave} Ack successfully sent to the master
[GC 1275621K->1052282K(2944320K), 0.0439760 secs]
 INFO  [main] {org.radargun.Slave} Master shutdown!
 INFO  [Thread-0] {org.radargun.ShutDownHook} Slave process is being shutdown
