/usr/java/jdk1.7.0_21/bin/java -server -Xmx1024M -Xms1024M -Dresolve.dns=false -Djgroups.timer.num_threads=4 -verbose:gc -Xmx5000M -Xms3000M -server -XX:+UseConcMarkSweepGC -XX:+AggressiveOpts -verbose:gc -XX:ParallelGCThreads=4 -XX:NewRatio=5 -XX:SurvivorRatio=2 -Dhazelcast.operation.thread.count=4 -Djava.net.preferIPv4Stack=true -Dlog4j.file.prefix=deimos-esw-29672 -Dbind.address= -Djgroups.bind_addr= -classpath /home/smf/github/radargun/target/distribution/RadarGun-1.1.0-SNAPSHOT/lib/activation-1.1.jar:/home/smf/github/radargun/target/distribution/RadarGun-1.1.0-SNAPSHOT/lib/commons-beanutils-1.8.0.jar:/home/smf/github/radargun/target/distribution/RadarGun-1.1.0-SNAPSHOT/lib/commons-digester-2.0.jar:/home/smf/github/radargun/target/distribution/RadarGun-1.1.0-SNAPSHOT/lib/commons-logging-1.1.1.jar:/home/smf/github/radargun/target/distribution/RadarGun-1.1.0-SNAPSHOT/lib/commons-math-1.2.jar:/home/smf/github/radargun/target/distribution/RadarGun-1.1.0-SNAPSHOT/lib/jboss-transaction-api-1.0.1.GA.jar:/home/smf/github/radargun/target/distribution/RadarGun-1.1.0-SNAPSHOT/lib/jcommon-1.0.15.jar:/home/smf/github/radargun/target/distribution/RadarGun-1.1.0-SNAPSHOT/lib/jfreechart-1.0.12.jar:/home/smf/github/radargun/target/distribution/RadarGun-1.1.0-SNAPSHOT/lib/log4j-1.2.14.jar:/home/smf/github/radargun/target/distribution/RadarGun-1.1.0-SNAPSHOT/lib/mail-1.4.2.jar:/home/smf/github/radargun/target/distribution/RadarGun-1.1.0-SNAPSHOT/lib/radargun-framework-1.1.0-SNAPSHOT.jar:/home/smf/github/radargun/target/distribution/RadarGun-1.1.0-SNAPSHOT/conf org.radargun.Slave -master 127.0.0.1:2103
--------------------------------------------------------------------------------
PerNodeRollingFileAppender::Using file prefix:deimos-esw-29672
 INFO  [main] {org.radargun.Slave} Attempting to connect to master 127.0.0.1:2103
 INFO  [main] {org.radargun.Slave} Successfully established connection with master at: 127.0.0.1:2103
Loading JARS from /home/smf/github/radargun/target/distribution/RadarGun-1.1.0-SNAPSHOT/lib/radargun-framework-1.1.0-SNAPSHOT.jar
 INFO  [pool-1-thread-1] {org.radargun.config.AnnotatedHelper} Loading JARS from /home/smf/github/radargun/target/distribution/RadarGun-1.1.0-SNAPSHOT/lib/radargun-framework-1.1.0-SNAPSHOT.jar
 INFO  [pool-1-thread-1] {org.radargun.config.AnnotatedHelper} Loading JARS from /home/smf/github/radargun/target/distribution/RadarGun-1.1.0-SNAPSHOT/lib/radargun-framework-1.1.0-SNAPSHOT.jar
 INFO  [pool-1-thread-1] {org.radargun.Slave} Executing stage: DestroyWrapper {enforceMemoryThrashHold=true, exitBenchmarkOnSlaveFailure=false, heapDumpDir=null, memoryThreshold=95, runOnAllSlaves=true, slaves=null, useSmartClassLoading=true }
 INFO  [pool-1-thread-1] {org.radargun.stages.DestroyWrapperStage} Received destroy cache wrapper request from master...
 INFO  [pool-1-thread-1] {org.radargun.stages.DestroyWrapperStage} No cache wrapper deployed on this slave, nothing to do.
 INFO  [pool-1-thread-1] {org.radargun.stages.DestroyWrapperStage} Before executing clear, memory looks like this: Memory - free: 2,928,638 kb - max:4,906,688 kb- total:2,944,000 kb
[Full GC 15361K->3631K(2944000K), 0.1087280 secs]
 INFO  [pool-1-thread-1] {org.radargun.stages.DestroyWrapperStage} After executing cleanup, memory looks like this: Memory - free: 2,935,311 kb - max:4,906,688 kb- total:2,944,064 kb
 INFO  [pool-1-thread-1] {org.radargun.Slave} Finished stage: DestroyWrapper {enforceMemoryThrashHold=true, exitBenchmarkOnSlaveFailure=false, heapDumpDir=null, memoryThreshold=95, runOnAllSlaves=true, slaves=null, useSmartClassLoading=true }
 INFO  [main] {org.radargun.Slave} Ack successfully sent to the master
 INFO  [pool-1-thread-1] {org.radargun.Slave} Executing stage: StartCluster {config=mvcc/mvcc-repl-sync.xml, delayAfterFirstSlaveStarts=5.000 secs, delayBetweenStartingSlaves=0.500 secs, exitBenchmarkOnSlaveFailure=true, expectNumSlaves=null, mayFailOn=null, reachable=null, runOnAllSlaves=false, slaves=null, staggerSlaveStartup=true, useSmartClassLoading=true, validateCluster=true }
 INFO  [pool-1-thread-1] {org.radargun.stages.StartClusterStage}  Startup staggering, starting 6 slaves. This is the slave with index 2. Sleeping for 6000 millis.
 INFO  [pool-1-thread-1] {org.radargun.stages.StartClusterStage} Ack master's StartCluster stage. Local address is: /127.0.0.1. This slave's index is: 2
 INFO  [pool-1-thread-1] {org.radargun.utils.ClassLoadHelper} Creating newInstance org.radargun.cachewrappers.JBossCache3Wrapper with classloader java.net.URLClassLoader@2527bdee
 INFO  [pool-1-thread-1] {org.radargun.cachewrappers.JBossCache3Wrapper} Creating cache with the following configuration: mvcc/mvcc-repl-sync.xml
 WARN  [pool-1-thread-1] {org.jboss.cache.transaction.GenericTransactionManagerLookup} Falling back to JBoss Cache's internal DummyTransactionManager
 WARN  [pool-1-thread-1] {org.jgroups.protocols.pbcast.STREAMING_STATE_TRANSFER} use_reading_thread has been deprecated and its value will be ignored

---------------------------------------------------------
GMS: address is 127.0.0.1:53242 (cluster=JBossCache-Cluster)
---------------------------------------------------------
 INFO  [pool-1-thread-1] {org.radargun.cachewrappers.JBossCache3Wrapper} Running cache with following config: org.jboss.cache.config.Configuration@35e16a11
 INFO  [pool-1-thread-1] {org.radargun.cachewrappers.JBossCache3Wrapper} Running following JBossCacheVersion: 3.2.1.GA
 INFO  [pool-1-thread-1] {org.radargun.cachewrappers.JBossCache3Wrapper} Running following JBossCacheCodeName: Malagueta
 INFO  [pool-1-thread-1] {org.radargun.cachewrappers.JBossCache3Wrapper} JGroups version: 2.6.13.GA
 INFO  [pool-1-thread-1] {org.radargun.stages.helpers.StartHelper} Number of members=4 is not the one expected: 6
 INFO  [pool-1-thread-1] {org.radargun.stages.helpers.StartHelper} Number of members=5 is not the one expected: 6
 INFO  [pool-1-thread-1] {org.radargun.stages.helpers.StartHelper} Number of members is the one expected: 6
 INFO  [pool-1-thread-1] {org.radargun.stages.StartClusterStage} Successfully started cache wrapper on slave 2: org.radargun.cachewrappers.JBossCache3Wrapper@2b95fdf3
 INFO  [pool-1-thread-1] {org.radargun.Slave} Finished stage: StartCluster {config=mvcc/mvcc-repl-sync.xml, delayAfterFirstSlaveStarts=5.000 secs, delayBetweenStartingSlaves=0.500 secs, exitBenchmarkOnSlaveFailure=true, expectNumSlaves=null, mayFailOn=null, reachable=null, runOnAllSlaves=false, slaves=null, staggerSlaveStartup=true, useSmartClassLoading=true, validateCluster=true }
 INFO  [main] {org.radargun.Slave} Ack successfully sent to the master
 INFO  [pool-1-thread-1] {org.radargun.Slave} Executing stage: ClusterValidation {exitBenchmarkOnSlaveFailure=false, partialReplication=false, replicationTimeSleep=2000, replicationTryCount=60, runOnAllSlaves=false, slaves=null, useSmartClassLoading=true }
 INFO  [pool-1-thread-1] {org.radargun.stages.ClusterValidationStage} Number of caches that replicated here is 5
 INFO  [pool-1-thread-1] {org.radargun.stages.ClusterValidationStage} Replication test successfully passed. partialReplication? false, replicationCount = 5
 INFO  [pool-1-thread-1] {org.radargun.stages.ClusterValidationStage} Confirm phase successful.
 INFO  [pool-1-thread-1] {org.radargun.Slave} Finished stage: ClusterValidation {exitBenchmarkOnSlaveFailure=false, partialReplication=false, replicationTimeSleep=2000, replicationTryCount=60, runOnAllSlaves=false, slaves=[ 0, 1, 2, 3, 4, 5 ], useSmartClassLoading=true }
 INFO  [main] {org.radargun.Slave} Ack successfully sent to the master
 INFO  [pool-1-thread-1] {org.radargun.Slave} Executing stage: StressTestWarmup {bulkSize=1, cacheSpecificKeyGenerator=false, commitTransactions=true, duration=1 mins 0 secs, entrySize=1000, exitBenchmarkOnSlaveFailure=false, fixedKeys=true, generateHistogramRange=false, keyGeneratorClass=org.radargun.stressors.StringKeyGenerator, keyGeneratorParam=null, loadAllKeys=false, numEntries=100, numOfThreads=4, numRequests=10000, numThreads=4, numberOfAttributes=100, numberOfRequests=10000, opsCountStatusLog=100000, poolKeys=true, preferAsyncOperations=false, removePercentage=0, replaceInvalidPercentage=40, runOnAllSlaves=false, sharedKeys=false, sizeOfAnAttribute=1000, slaves=null, transactionSize=50, useAtomics=false, useHistogramStatistics=false, useSimpleStatistics=true, useSmartClassLoading=true, useTransactions=null, writePercentage=20, writeTxPercentage=20 }
 INFO  [pool-1-thread-1] {org.radargun.stages.StressTestWarmupStage} Starting StressTestWarmupStage: StressTestWarmup {bulkSize=1, cacheSpecificKeyGenerator=false, commitTransactions=true, duration=1 mins 0 secs, entrySize=1000, exitBenchmarkOnSlaveFailure=false, fixedKeys=true, generateHistogramRange=false, keyGeneratorClass=org.radargun.stressors.StringKeyGenerator, keyGeneratorParam=null, loadAllKeys=false, numEntries=100, numOfThreads=4, numRequests=10000, numThreads=4, numberOfAttributes=100, numberOfRequests=10000, opsCountStatusLog=100000, poolKeys=true, preferAsyncOperations=false, removePercentage=0, replaceInvalidPercentage=40, runOnAllSlaves=false, sharedKeys=false, sizeOfAnAttribute=1000, slaves=null, transactionSize=50, useAtomics=false, useHistogramStatistics=false, useSimpleStatistics=true, useSmartClassLoading=true, useTransactions=null, writePercentage=20, writeTxPercentage=20 }
 INFO  [pool-1-thread-1] {org.radargun.stressors.StressTestStressor} Using key generator org.radargun.stressors.StringKeyGenerator, param null
 INFO  [pool-1-thread-1] {org.radargun.stressors.StressTestStressor} Executing: StressTestStressor{opsCountStatusLog=100000, numRequests=10000, numEntries=100, entrySize=1000, writePercentage=20, numThreads=4, cacheWrapper=org.radargun.cachewrappers.JBossCache3Wrapper@2b95fdf3, nodeIndex=2, useTransactions=true, transactionSize=50, commitTransactions=true, durationMillis=60000}
 INFO  [pool-1-thread-1] {org.radargun.stressors.StressTestStressor} Cache wrapper info is: Num direct children: 6
 INFO  [pool-1-thread-1] {org.radargun.stressors.StressTestStressor} Started 4 stressor threads.
 INFO  [Stressor-2] {org.radargun.stressors.StressTestStressor} Number of ops executed so far: 1. Elapsed time: 0.006 secs. Remaining: 59.994 secs. Total: 1 mins 0 secs
[GC 259695K->11927K(2944064K), 0.0392550 secs]
[GC 267991K->12442K(2944064K), 0.0320450 secs]
[GC 268506K->14524K(2944064K), 0.0299990 secs]
[GC 270588K->21041K(2944064K), 0.0298900 secs]
[GC 277105K->22416K(2944064K), 0.0327200 secs]
[GC 278480K->23162K(2944064K), 0.0331120 secs]
[GC 279226K->19232K(2944064K), 0.0276200 secs]
[GC 275296K->15205K(2944064K), 0.0316920 secs]
[GC 271269K->16646K(2944064K), 0.0329020 secs]
[GC 272710K->16349K(2944064K), 0.0351750 secs]
[GC 272390K->13067K(2944064K), 0.0303950 secs]
[GC 269131K->17267K(2944064K), 0.0313620 secs]
[GC 273331K->15211K(2944064K), 0.0303030 secs]
[GC 271275K->18128K(2944064K), 0.0330010 secs]
[GC 274192K->15658K(2944064K), 0.0323410 secs]
[GC 271722K->18839K(2944064K), 0.0522400 secs]
[GC 274903K->14766K(2944064K), 0.0281140 secs]
[GC 270830K->18661K(2944064K), 0.0303360 secs]
[GC 274725K->20992K(2944064K), 0.0254660 secs]
[GC 277056K->15686K(2944064K), 0.0269200 secs]
[GC 271750K->16867K(2944064K), 0.0277780 secs]
[GC 272931K->12883K(2944064K), 0.0262060 secs]
[GC 268947K->15152K(2944064K), 0.0292920 secs]
[GC 271216K->17431K(2944064K), 0.0295060 secs]
[GC 273495K->16787K(2944064K), 0.0277820 secs]
 INFO  [Stressor-3] {org.radargun.stressors.StressTestStressor} Number of ops executed so far: 736370. Elapsed time: 20.006 secs. Remaining: 39.994 secs. Total: 1 mins 0 secs
[GC 272851K->19399K(2944064K), 0.0268490 secs]
[GC 275463K->21915K(2944064K), 0.0269600 secs]
[GC 277979K->15791K(2944064K), 0.0260370 secs]
[GC 271855K->21826K(2944064K), 0.0291910 secs]
[GC 277742K->18887K(2944064K), 0.0298800 secs]
[GC 274951K->17022K(2944064K), 0.0275750 secs]
[GC 273086K->20051K(2944064K), 0.0315040 secs]
[GC 276115K->16270K(2944064K), 0.0238170 secs]
[GC 272334K->18303K(2944064K), 0.0319390 secs]
[GC 274367K->16729K(2944064K), 0.0281130 secs]
[GC 272793K->14380K(2944064K), 0.0305740 secs]
[GC 270444K->17467K(2944064K), 0.0276140 secs]
[GC 273531K->14986K(2944064K), 0.0286840 secs]
[GC 271050K->16316K(2944064K), 0.0302290 secs]
[GC 272380K->20047K(2944064K), 0.0270940 secs]
[GC 276111K->17133K(2944064K), 0.0285020 secs]
[GC 273197K->16882K(2944064K), 0.0340510 secs]
[GC 272946K->19270K(2944064K), 0.0271490 secs]
[GC 275334K->18482K(2944064K), 0.0285350 secs]
[GC 274546K->14763K(2944064K), 0.0278050 secs]
[GC 270827K->15915K(2944064K), 0.0270670 secs]
[GC 271979K->15110K(2944064K), 0.0261110 secs]
[GC 271174K->17329K(2944064K), 0.0269920 secs]
[GC 273393K->17996K(2944064K), 0.0285650 secs]
[GC 274060K->16176K(2944064K), 0.0290960 secs]
[GC 272240K->18017K(2944064K), 0.0289480 secs]
[GC 274081K->16128K(2944064K), 0.0270100 secs]
[GC 272192K->15617K(2944064K), 0.0280780 secs]
[GC 271681K->17918K(2944064K), 0.0273140 secs]
 INFO  [Stressor-1] {org.radargun.stressors.StressTestStressor} Number of ops executed so far: 1562204. Elapsed time: 40.006 secs. Remaining: 19.994 secs. Total: 1 mins 0 secs
[GC 273982K->14950K(2944064K), 0.0274860 secs]
[GC 271014K->14318K(2944064K), 0.0264630 secs]
[GC 270382K->14132K(2944064K), 0.0284950 secs]
[GC 270196K->15662K(2944064K), 0.0308070 secs]
[GC 271726K->18036K(2944064K), 0.0276040 secs]
[GC 274100K->21039K(2944064K), 0.0273890 secs]
[GC 277103K->15838K(2944064K), 0.0266450 secs]
[GC 271902K->14422K(2944064K), 0.0257300 secs]
[GC 270486K->13441K(2944064K), 0.0254640 secs]
[GC 269505K->17833K(2944064K), 0.0329150 secs]
[GC 273897K->17472K(2944064K), 0.0295960 secs]
[GC 273536K->15085K(2944064K), 0.0322650 secs]
[GC 271149K->13946K(2944064K), 0.0307910 secs]
[GC 270010K->12062K(2944064K), 0.0274640 secs]
[GC 268126K->13312K(2944064K), 0.0281090 secs]
[GC 269376K->14213K(2944064K), 0.0276970 secs]
[GC 270277K->14253K(2944064K), 0.0274080 secs]
[GC 270317K->15570K(2944064K), 0.0274280 secs]
[GC 271634K->13461K(2944064K), 0.0286250 secs]
[GC 269525K->16942K(2944064K), 0.0302460 secs]
[GC 273006K->14503K(2944064K), 0.0291120 secs]
[GC 270567K->14428K(2944064K), 0.0292730 secs]
[GC 270492K->13675K(2944064K), 0.0302170 secs]
[GC 269739K->19877K(2944064K), 0.0313770 secs]
[GC 275941K->22090K(2944064K), 0.0290460 secs]
[GC 278154K->19780K(2944064K), 0.0300040 secs]
[GC 275844K->12926K(2944064K), 0.0293550 secs]
[GC 268990K->15620K(2944064K), 0.0276640 secs]
 INFO  [pool-1-thread-1] {org.radargun.stressors.StressTestStressor} Finished generating report. Test duration is: 1 mins 0 secs
 INFO  [pool-1-thread-1] {org.radargun.stages.StressTestWarmupStage} The warmup took: 60 seconds.
 INFO  [pool-1-thread-1] {org.radargun.Slave} Finished stage: StressTestWarmup {bulkSize=1, cacheSpecificKeyGenerator=false, commitTransactions=true, duration=1 mins 0 secs, entrySize=1000, exitBenchmarkOnSlaveFailure=false, fixedKeys=true, generateHistogramRange=false, keyGeneratorClass=org.radargun.stressors.StringKeyGenerator, keyGeneratorParam=null, loadAllKeys=false, numEntries=100, numOfThreads=4, numRequests=10000, numThreads=4, numberOfAttributes=100, numberOfRequests=10000, opsCountStatusLog=100000, poolKeys=true, preferAsyncOperations=false, removePercentage=0, replaceInvalidPercentage=40, runOnAllSlaves=false, sharedKeys=false, sizeOfAnAttribute=1000, slaves=null, transactionSize=50, useAtomics=false, useHistogramStatistics=false, useSimpleStatistics=true, useSmartClassLoading=true, useTransactions=null, writePercentage=20, writeTxPercentage=20 }
 INFO  [main] {org.radargun.Slave} Ack successfully sent to the master
 INFO  [pool-1-thread-1] {org.radargun.Slave} Executing stage: ClearClusterStage {ClearCluster {exitBenchmarkOnSlaveFailure=false, runOnAllSlaves=false, slaves=[ 0 ], useSmartClassLoading=true }
 INFO  [pool-1-thread-1] {org.radargun.stages.ClearClusterStage} Before executing clear, memory looks like this: Memory - free: 2,904,510 kb - max:4,906,688 kb- total:2,944,064 kb
[Full GC 39553K->8398K(2944064K), 0.1302410 secs]
 INFO  [pool-1-thread-1] {org.radargun.stages.ClearClusterStage} After executing cleanup, memory looks like this: Memory - free: 2,932,413 kb - max:4,906,688 kb- total:2,944,320 kb
 INFO  [pool-1-thread-1] {org.radargun.Slave} Finished stage: ClearClusterStage {ClearCluster {exitBenchmarkOnSlaveFailure=false, runOnAllSlaves=false, slaves=[ 0 ], useSmartClassLoading=true }
 INFO  [main] {org.radargun.Slave} Ack successfully sent to the master
 INFO  [pool-1-thread-1] {org.radargun.Slave} Executing stage: StressTest {bulkSize=1, cacheSpecificKeyGenerator=false, commitTransactions=true, duration=1 mins 0 secs, entrySize=1000, exitBenchmarkOnSlaveFailure=false, fixedKeys=true, generateHistogramRange=false, keyGeneratorClass=org.radargun.stressors.StringKeyGenerator, keyGeneratorParam=null, loadAllKeys=false, numEntries=10000, numOfThreads=4, numRequests=10000000, numThreads=4, numberOfAttributes=10000, numberOfRequests=10000000, opsCountStatusLog=500000, poolKeys=true, preferAsyncOperations=false, removePercentage=0, replaceInvalidPercentage=40, runOnAllSlaves=false, sharedKeys=false, sizeOfAnAttribute=1000, slaves=null, transactionSize=10000, useAtomics=false, useHistogramStatistics=false, useSimpleStatistics=true, useSmartClassLoading=true, useTransactions=true, writePercentage=10, writeTxPercentage=5 }
 INFO  [pool-1-thread-1] {org.radargun.stages.StressTestStage} Starting StressTestStage: StressTest {bulkSize=1, cacheSpecificKeyGenerator=false, commitTransactions=true, duration=1 mins 0 secs, entrySize=1000, exitBenchmarkOnSlaveFailure=false, fixedKeys=true, generateHistogramRange=false, keyGeneratorClass=org.radargun.stressors.StringKeyGenerator, keyGeneratorParam=null, loadAllKeys=false, numEntries=10000, numOfThreads=4, numRequests=10000000, numThreads=4, numberOfAttributes=10000, numberOfRequests=10000000, opsCountStatusLog=500000, poolKeys=true, preferAsyncOperations=false, removePercentage=0, replaceInvalidPercentage=40, runOnAllSlaves=false, sharedKeys=false, sizeOfAnAttribute=1000, slaves=null, transactionSize=10000, useAtomics=false, useHistogramStatistics=false, useSimpleStatistics=true, useSmartClassLoading=true, useTransactions=true, writePercentage=10, writeTxPercentage=5 }
 INFO  [pool-1-thread-1] {org.radargun.stressors.StressTestStressor} Using key generator org.radargun.stressors.StringKeyGenerator, param null
 INFO  [pool-1-thread-1] {org.radargun.stressors.StressTestStressor} Executing: StressTestStressor{opsCountStatusLog=500000, numRequests=10000000, numEntries=10000, entrySize=1000, writePercentage=10, numThreads=4, cacheWrapper=org.radargun.cachewrappers.JBossCache3Wrapper@2b95fdf3, nodeIndex=2, useTransactions=true, transactionSize=10000, commitTransactions=true, durationMillis=60000}
 INFO  [pool-1-thread-1] {org.radargun.stressors.StressTestStressor} Cache wrapper info is: Num direct children: 30
[GC 264654K->23954K(2944320K), 0.0289220 secs]
[GC 280210K->38418K(2944320K), 0.0347670 secs]
[GC 294674K->46683K(2944320K), 0.0364730 secs]
[GC 302939K->64565K(2944320K), 0.0405610 secs]
[GC 320821K->71884K(2944320K), 0.0395800 secs]
[GC 328140K->85662K(2944320K), 0.0418230 secs]
[GC 341918K->96787K(2944320K), 0.0441070 secs]
[GC 353043K->108795K(2944320K), 0.0440890 secs]
[GC 365051K->116822K(2944320K), 0.0613480 secs]
[GC 373078K->110151K(2944320K), 0.0521500 secs]
[GC 366407K->135285K(2944320K), 0.0466350 secs]
[GC 391541K->133492K(2944320K), 0.0500640 secs]
[GC 389748K->145187K(2944320K), 0.0452350 secs]
[GC 401443K->158743K(2944320K), 0.0504290 secs]
[GC 414999K->125221K(2944320K), 0.0499650 secs]
[GC 381477K->158380K(2944320K), 0.0486880 secs]
[GC 414636K->156456K(2944320K), 0.0484340 secs]
[GC 412712K->139922K(2944320K), 0.0449420 secs]
[GC 396178K->151222K(2944320K), 0.0468390 secs]
[GC 407478K->174398K(2944320K), 0.0506140 secs]
[GC 430654K->178669K(2944320K), 0.0519030 secs]
[GC 434925K->175230K(2944320K), 0.0448740 secs]
[GC 431486K->185570K(2944320K), 0.0510060 secs]
[GC 441826K->207977K(2944320K), 0.0483970 secs]
[GC 464222K->179341K(2944320K), 0.0481170 secs]
[GC 435597K->198468K(2944320K), 0.0478800 secs]
[GC 454679K->182428K(2944320K), 0.0518790 secs]
[GC 438684K->204334K(2944320K), 0.0515490 secs]
[GC 460590K->218716K(2944320K), 0.0485740 secs]
[GC 474972K->193791K(2944320K), 0.0466140 secs]
[GC 450047K->204704K(2944320K), 0.0519600 secs]
[GC 460960K->214414K(2944320K), 0.0500980 secs]
[GC 470670K->218801K(2944320K), 0.0452040 secs]
[GC 475057K->236042K(2944320K), 0.0494730 secs]
[GC 492298K->209667K(2944320K), 0.0470640 secs]
[GC 465880K->230662K(2944320K), 0.0456310 secs]
[GC 486902K->226172K(2944320K), 0.0452150 secs]
[GC 482378K->230209K(2944320K), 0.0446530 secs]
[GC 486418K->218534K(2944320K), 0.0407160 secs]
[GC 474790K->220611K(2944320K), 0.0419740 secs]
[GC 476867K->236243K(2944320K), 0.0424320 secs]
[GC 492499K->239587K(2944320K), 0.0398490 secs]
[GC 495843K->242707K(2944320K), 0.0411770 secs]
[GC 498963K->258748K(2944320K), 0.0454780 secs]
[GC 514984K->236571K(2944320K), 0.0401520 secs]
[GC 492804K->245230K(2944320K), 0.0462350 secs]
[GC 501486K->253825K(2944320K), 0.0418240 secs]
[GC 510081K->258183K(2944320K), 0.0424910 secs]
[GC 514439K->261104K(2944320K), 0.0415180 secs]
[GC 517347K->252454K(2944320K), 0.0413010 secs]
[GC 508710K->267849K(2944320K), 0.0412340 secs]
[GC 524085K->283914K(2944320K), 0.0400950 secs]
[GC 540170K->269579K(2944320K), 0.0405360 secs]
[GC 525777K->281533K(2944320K), 0.0410640 secs]
[GC 537728K->290871K(2944320K), 0.0412590 secs]
[GC 547127K->270641K(2944320K), 0.0447060 secs]
[GC 526897K->279672K(2944320K), 0.0427580 secs]
[GC 535928K->276583K(2944320K), 0.0401470 secs]
[GC 532839K->292670K(2944320K), 0.0408630 secs]
[GC 548926K->296081K(2944320K), 0.0406930 secs]
[GC 552337K->299855K(2944320K), 0.0417930 secs]
 INFO  [pool-1-thread-1] {org.radargun.stressors.StressTestStressor} Started 4 stressor threads.
 INFO  [Stressor-1] {org.radargun.stressors.StressTestStressor} Number of ops executed so far: 1. Elapsed time: 0.000 secs. Remaining: 1 mins 0 secs. Total: 1 mins 0 secs
[GC 556111K->315706K(2944320K), 0.0527480 secs]
[GC 571962K->351411K(2944320K), 0.0629070 secs]
[GC 607267K->333779K(2944320K), 0.0664400 secs]
[GC 590035K->390260K(2944320K), 0.0587620 secs]
[GC 645717K->418482K(2944320K), 0.0777330 secs]
[GC 674738K->400593K(2944320K), 0.0654230 secs]
[GC 656849K->436717K(2944320K), 0.0541030 secs]
[GC 692293K->421894K(2944320K), 0.0661600 secs]
[GC 678145K->475381K(2944320K), 0.0568700 secs]
[GC 731637K->453350K(2944320K), 0.0701540 secs]
[GC 709606K->512478K(2944320K), 0.0636460 secs]
 INFO  [Stressor-1] {org.radargun.stressors.StressTestStressor} Number of ops executed so far: 1610000. Elapsed time: 20.567 secs. Remaining: 39.433 secs. Total: 1 mins 0 secs
[GC 768734K->514924K(2944320K), 0.0755960 secs]
[GC 770946K->517358K(2944320K), 0.0571060 secs]
[GC 773614K->545872K(2944320K), 0.0573880 secs]
[GC 802128K->534387K(2944320K), 0.0587230 secs]
[GC 790643K->583029K(2944320K), 0.0621510 secs]
[GC 839285K->581932K(2944320K), 0.0713640 secs]
[GC 838188K->601411K(2944320K), 0.0688260 secs]
[GC 857667K->616363K(2944320K), 0.0500620 secs]
[GC 872619K->615952K(2944320K), 0.0498700 secs]
[GC 872208K->635769K(2944320K), 0.0467790 secs]
[GC 891997K->667346K(2944320K), 0.0661410 secs]
 INFO  [Stressor-1] {org.radargun.stressors.StressTestStressor} Number of ops executed so far: 3698843. Elapsed time: 40.567 secs. Remaining: 19.433 secs. Total: 1 mins 0 secs
[GC 923602K->695503K(2944320K), 0.0607560 secs]
[GC 951759K->682933K(2944320K), 0.0588350 secs]
[GC 938501K->727799K(2944320K), 0.0631810 secs]
[GC 983034K->705682K(2944320K), 0.0684120 secs]
[GC 961938K->753167K(2944320K), 0.0569680 secs]
[GC 1009423K->745911K(2944320K), 0.0568530 secs]
[GC 1002125K->761001K(2944320K), 0.0511340 secs]
[GC 1017257K->770049K(2944320K), 0.0569510 secs]
[GC 1026305K->782695K(2944320K), 0.0598220 secs]
[GC 1038951K->821407K(2944320K), 0.0546640 secs]
[GC 1077663K->804821K(2944320K), 0.0673450 secs]
 INFO  [Stressor-2] {org.radargun.stressors.StressTestStressor} Number of ops executed so far: 4360000. Elapsed time: 1 mins 3 secs. Remaining: 0.000 secs. Total: 1 mins 0 secs
 INFO  [pool-1-thread-1] {org.radargun.stressors.StressTestStressor} Finished generating report. Test duration is: 1 mins 38 secs
 INFO  [pool-1-thread-1] {org.radargun.stages.StressTestStage} size info: Num direct children: 30, clusterSize:6, nodeIndex:2, cacheSize: -1
 INFO  [pool-1-thread-1] {org.radargun.Slave} Finished stage: StressTest {bulkSize=1, cacheSpecificKeyGenerator=false, commitTransactions=true, duration=1 mins 0 secs, entrySize=1000, exitBenchmarkOnSlaveFailure=false, fixedKeys=true, generateHistogramRange=false, keyGeneratorClass=org.radargun.stressors.StringKeyGenerator, keyGeneratorParam=null, loadAllKeys=false, numEntries=10000, numOfThreads=4, numRequests=10000000, numThreads=4, numberOfAttributes=10000, numberOfRequests=10000000, opsCountStatusLog=500000, poolKeys=true, preferAsyncOperations=false, removePercentage=0, replaceInvalidPercentage=40, runOnAllSlaves=false, sharedKeys=false, sizeOfAnAttribute=1000, slaves=null, transactionSize=10000, useAtomics=false, useHistogramStatistics=false, useSimpleStatistics=true, useSmartClassLoading=true, useTransactions=true, writePercentage=10, writeTxPercentage=5 }
 INFO  [main] {org.radargun.Slave} Ack successfully sent to the master
 INFO  [main] {org.radargun.Slave} Master shutdown!
 INFO  [Thread-0] {org.radargun.ShutDownHook} Slave process is being shutdown
