/usr/java/jdk1.7.0_21/bin/java -server -Xmx1024M -Xms1024M -Dresolve.dns=false -Djgroups.timer.num_threads=4 -verbose:gc -Xmx5000M -Xms3000M -server -XX:+UseConcMarkSweepGC -XX:+AggressiveOpts -verbose:gc -XX:ParallelGCThreads=4 -XX:NewRatio=5 -XX:SurvivorRatio=2 -Dhazelcast.operation.thread.count=4 -Djava.net.preferIPv4Stack=true -Dlog4j.file.prefix=deimos-esw-3466 -Dbind.address= -Djgroups.bind_addr= -classpath /home/smf/github/radargun/target/distribution/RadarGun-1.1.0-SNAPSHOT/lib/activation-1.1.jar:/home/smf/github/radargun/target/distribution/RadarGun-1.1.0-SNAPSHOT/lib/commons-beanutils-1.8.0.jar:/home/smf/github/radargun/target/distribution/RadarGun-1.1.0-SNAPSHOT/lib/commons-digester-2.0.jar:/home/smf/github/radargun/target/distribution/RadarGun-1.1.0-SNAPSHOT/lib/commons-logging-1.1.1.jar:/home/smf/github/radargun/target/distribution/RadarGun-1.1.0-SNAPSHOT/lib/commons-math-1.2.jar:/home/smf/github/radargun/target/distribution/RadarGun-1.1.0-SNAPSHOT/lib/jboss-transaction-api-1.0.1.GA.jar:/home/smf/github/radargun/target/distribution/RadarGun-1.1.0-SNAPSHOT/lib/jcommon-1.0.15.jar:/home/smf/github/radargun/target/distribution/RadarGun-1.1.0-SNAPSHOT/lib/jfreechart-1.0.12.jar:/home/smf/github/radargun/target/distribution/RadarGun-1.1.0-SNAPSHOT/lib/log4j-1.2.14.jar:/home/smf/github/radargun/target/distribution/RadarGun-1.1.0-SNAPSHOT/lib/mail-1.4.2.jar:/home/smf/github/radargun/target/distribution/RadarGun-1.1.0-SNAPSHOT/lib/radargun-framework-1.1.0-SNAPSHOT.jar:/home/smf/github/radargun/target/distribution/RadarGun-1.1.0-SNAPSHOT/conf org.radargun.Slave -master 127.0.0.1:2103
--------------------------------------------------------------------------------
PerNodeRollingFileAppender::Using file prefix:deimos-esw-3466
 INFO  [main] {org.radargun.Slave} Attempting to connect to master 127.0.0.1:2103
 INFO  [main] {org.radargun.Slave} Successfully established connection with master at: 127.0.0.1:2103
Loading JARS from /home/smf/github/radargun/target/distribution/RadarGun-1.1.0-SNAPSHOT/lib/radargun-framework-1.1.0-SNAPSHOT.jar
 INFO  [pool-1-thread-1] {org.radargun.config.AnnotatedHelper} Loading JARS from /home/smf/github/radargun/target/distribution/RadarGun-1.1.0-SNAPSHOT/lib/radargun-framework-1.1.0-SNAPSHOT.jar
 INFO  [pool-1-thread-1] {org.radargun.config.AnnotatedHelper} Loading JARS from /home/smf/github/radargun/target/distribution/RadarGun-1.1.0-SNAPSHOT/lib/radargun-framework-1.1.0-SNAPSHOT.jar
 INFO  [pool-1-thread-1] {org.radargun.Slave} Executing stage: DestroyWrapper {enforceMemoryThrashHold=true, exitBenchmarkOnSlaveFailure=false, heapDumpDir=null, memoryThreshold=95, runOnAllSlaves=true, slaves=null, useSmartClassLoading=true }
 INFO  [pool-1-thread-1] {org.radargun.stages.DestroyWrapperStage} Received destroy cache wrapper request from master...
 INFO  [pool-1-thread-1] {org.radargun.stages.DestroyWrapperStage} No cache wrapper deployed on this slave, nothing to do.
 INFO  [pool-1-thread-1] {org.radargun.stages.DestroyWrapperStage} Before executing clear, memory looks like this: Memory - free: 2,928,638 kb - max:4,906,688 kb- total:2,944,000 kb
[Full GC 15361K->3631K(2944000K), 0.0623490 secs]
 INFO  [pool-1-thread-1] {org.radargun.stages.DestroyWrapperStage} After executing cleanup, memory looks like this: Memory - free: 2,935,311 kb - max:4,906,688 kb- total:2,944,064 kb
 INFO  [pool-1-thread-1] {org.radargun.Slave} Finished stage: DestroyWrapper {enforceMemoryThrashHold=true, exitBenchmarkOnSlaveFailure=false, heapDumpDir=null, memoryThreshold=95, runOnAllSlaves=true, slaves=null, useSmartClassLoading=true }
 INFO  [main] {org.radargun.Slave} Ack successfully sent to the master
 INFO  [pool-1-thread-1] {org.radargun.Slave} Executing stage: StartCluster {config=mvcc/mvcc-repl-sync.xml, delayAfterFirstSlaveStarts=5.000 secs, delayBetweenStartingSlaves=0.500 secs, exitBenchmarkOnSlaveFailure=true, expectNumSlaves=null, mayFailOn=null, reachable=null, runOnAllSlaves=false, slaves=null, staggerSlaveStartup=true, useSmartClassLoading=true, validateCluster=true }
 INFO  [pool-1-thread-1] {org.radargun.stages.StartClusterStage} Startup staggering, number of slaves to start is 6 This is the slave with index 0, not sleeping
 INFO  [pool-1-thread-1] {org.radargun.stages.StartClusterStage} Ack master's StartCluster stage. Local address is: /127.0.0.1. This slave's index is: 0
 INFO  [pool-1-thread-1] {org.radargun.utils.ClassLoadHelper} Creating newInstance org.radargun.cachewrappers.JBossCache3Wrapper with classloader java.net.URLClassLoader@6e7bdb1c
 INFO  [pool-1-thread-1] {org.radargun.cachewrappers.JBossCache3Wrapper} Creating cache with the following configuration: mvcc/mvcc-repl-sync.xml
 WARN  [pool-1-thread-1] {org.jboss.cache.transaction.GenericTransactionManagerLookup} Falling back to JBoss Cache's internal DummyTransactionManager
 WARN  [pool-1-thread-1] {org.jgroups.protocols.pbcast.STREAMING_STATE_TRANSFER} use_reading_thread has been deprecated and its value will be ignored

---------------------------------------------------------
GMS: address is 127.0.0.1:40452 (cluster=JBossCache-Cluster)
---------------------------------------------------------
 INFO  [pool-1-thread-1] {org.radargun.cachewrappers.JBossCache3Wrapper} Running cache with following config: org.jboss.cache.config.Configuration@5772bac6
 INFO  [pool-1-thread-1] {org.radargun.cachewrappers.JBossCache3Wrapper} Running following JBossCacheVersion: 3.2.1.GA
 INFO  [pool-1-thread-1] {org.radargun.cachewrappers.JBossCache3Wrapper} Running following JBossCacheCodeName: Malagueta
 INFO  [pool-1-thread-1] {org.radargun.cachewrappers.JBossCache3Wrapper} JGroups version: 2.6.13.GA
 INFO  [pool-1-thread-1] {org.radargun.stages.helpers.StartHelper} Number of members=1 is not the one expected: 6
 INFO  [pool-1-thread-1] {org.radargun.stages.helpers.StartHelper} Number of members=1 is not the one expected: 6
 INFO  [pool-1-thread-1] {org.radargun.stages.helpers.StartHelper} Number of members=4 is not the one expected: 6
 INFO  [pool-1-thread-1] {org.radargun.stages.helpers.StartHelper} Number of members is the one expected: 6
 INFO  [pool-1-thread-1] {org.radargun.stages.StartClusterStage} Successfully started cache wrapper on slave 0: org.radargun.cachewrappers.JBossCache3Wrapper@7e938520
 INFO  [pool-1-thread-1] {org.radargun.Slave} Finished stage: StartCluster {config=mvcc/mvcc-repl-sync.xml, delayAfterFirstSlaveStarts=5.000 secs, delayBetweenStartingSlaves=0.500 secs, exitBenchmarkOnSlaveFailure=true, expectNumSlaves=null, mayFailOn=null, reachable=null, runOnAllSlaves=false, slaves=null, staggerSlaveStartup=true, useSmartClassLoading=true, validateCluster=true }
 INFO  [main] {org.radargun.Slave} Ack successfully sent to the master
 INFO  [pool-1-thread-1] {org.radargun.Slave} Executing stage: ClusterValidation {exitBenchmarkOnSlaveFailure=false, partialReplication=false, replicationTimeSleep=2000, replicationTryCount=60, runOnAllSlaves=false, slaves=null, useSmartClassLoading=true }
 INFO  [pool-1-thread-1] {org.radargun.stages.ClusterValidationStage} Number of caches that replicated here is 5
 INFO  [pool-1-thread-1] {org.radargun.stages.ClusterValidationStage} Replication test successfully passed. partialReplication? false, replicationCount = 5
 INFO  [pool-1-thread-1] {org.radargun.stages.ClusterValidationStage} Confirm phase successful.
 INFO  [pool-1-thread-1] {org.radargun.Slave} Finished stage: ClusterValidation {exitBenchmarkOnSlaveFailure=false, partialReplication=false, replicationTimeSleep=2000, replicationTryCount=60, runOnAllSlaves=false, slaves=[ 0, 1, 2, 3, 4, 5 ], useSmartClassLoading=true }
 INFO  [main] {org.radargun.Slave} Ack successfully sent to the master
 INFO  [pool-1-thread-1] {org.radargun.Slave} Executing stage: StressTestWarmup {bulkSize=1, cacheSpecificKeyGenerator=false, commitTransactions=true, duration=1 mins 0 secs, entrySize=1000, exitBenchmarkOnSlaveFailure=false, fixedKeys=true, generateHistogramRange=false, keyGeneratorClass=org.radargun.stressors.StringKeyGenerator, keyGeneratorParam=null, loadAllKeys=false, numEntries=100, numOfThreads=4, numRequests=10000, numThreads=4, numberOfAttributes=100, numberOfRequests=10000, opsCountStatusLog=100000, poolKeys=true, preferAsyncOperations=false, removePercentage=0, replaceInvalidPercentage=40, runOnAllSlaves=false, sharedKeys=false, sizeOfAnAttribute=1000, slaves=null, transactionSize=50, useAtomics=false, useHistogramStatistics=false, useSimpleStatistics=true, useSmartClassLoading=true, useTransactions=null, writePercentage=20, writeTxPercentage=20 }
 INFO  [pool-1-thread-1] {org.radargun.stages.StressTestWarmupStage} Starting StressTestWarmupStage: StressTestWarmup {bulkSize=1, cacheSpecificKeyGenerator=false, commitTransactions=true, duration=1 mins 0 secs, entrySize=1000, exitBenchmarkOnSlaveFailure=false, fixedKeys=true, generateHistogramRange=false, keyGeneratorClass=org.radargun.stressors.StringKeyGenerator, keyGeneratorParam=null, loadAllKeys=false, numEntries=100, numOfThreads=4, numRequests=10000, numThreads=4, numberOfAttributes=100, numberOfRequests=10000, opsCountStatusLog=100000, poolKeys=true, preferAsyncOperations=false, removePercentage=0, replaceInvalidPercentage=40, runOnAllSlaves=false, sharedKeys=false, sizeOfAnAttribute=1000, slaves=null, transactionSize=50, useAtomics=false, useHistogramStatistics=false, useSimpleStatistics=true, useSmartClassLoading=true, useTransactions=null, writePercentage=20, writeTxPercentage=20 }
 INFO  [pool-1-thread-1] {org.radargun.stressors.StressTestStressor} Using key generator org.radargun.stressors.StringKeyGenerator, param null
 INFO  [pool-1-thread-1] {org.radargun.stressors.StressTestStressor} Executing: StressTestStressor{opsCountStatusLog=100000, numRequests=10000, numEntries=100, entrySize=1000, writePercentage=20, numThreads=4, cacheWrapper=org.radargun.cachewrappers.JBossCache3Wrapper@7e938520, nodeIndex=0, useTransactions=true, transactionSize=50, commitTransactions=true, durationMillis=60000}
 INFO  [pool-1-thread-1] {org.radargun.stressors.StressTestStressor} Cache wrapper info is: Num direct children: 6
[GC 259695K->11686K(2944064K), 0.0323060 secs]
 INFO  [pool-1-thread-1] {org.radargun.stressors.StressTestStressor} Started 4 stressor threads.
 INFO  [Stressor-1] {org.radargun.stressors.StressTestStressor} Number of ops executed so far: 1. Elapsed time: 0.011 secs. Remaining: 59.989 secs. Total: 1 mins 0 secs
[GC 267750K->11865K(2944064K), 0.0267630 secs]
[GC 267929K->15442K(2944064K), 0.0289580 secs]
[GC 271506K->19053K(2944064K), 0.0356250 secs]
[GC 275117K->22232K(2944064K), 0.0307420 secs]
[GC 278296K->20621K(2944064K), 0.0341820 secs]
[GC 276685K->20689K(2944064K), 0.0276770 secs]
[GC 276753K->16507K(2944064K), 0.0263090 secs]
[GC 272571K->18806K(2944064K), 0.0321530 secs]
[GC 274870K->16358K(2944064K), 0.0283400 secs]
[GC 272422K->12602K(2944064K), 0.0310440 secs]
[GC 268559K->17584K(2944064K), 0.0319490 secs]
[GC 273648K->15185K(2944064K), 0.0300370 secs]
[GC 271249K->16605K(2944064K), 0.0331340 secs]
[GC 272669K->15534K(2944064K), 0.0331430 secs]
[GC 271598K->18344K(2944064K), 0.0536010 secs]
[GC 274408K->14409K(2944064K), 0.0300390 secs]
[GC 270473K->17381K(2944064K), 0.0285110 secs]
[GC 273445K->20153K(2944064K), 0.0296630 secs]
[GC 276217K->15805K(2944064K), 0.0261060 secs]
[GC 271869K->14000K(2944064K), 0.0247890 secs]
[GC 270064K->15027K(2944064K), 0.0278180 secs]
[GC 271091K->13143K(2944064K), 0.0268740 secs]
[GC 269207K->16052K(2944064K), 0.0273210 secs]
[GC 272116K->16331K(2944064K), 0.0265380 secs]
 INFO  [Stressor-3] {org.radargun.stressors.StressTestStressor} Number of ops executed so far: 710398. Elapsed time: 20.011 secs. Remaining: 39.989 secs. Total: 1 mins 0 secs
[GC 272395K->19215K(2944064K), 0.0266180 secs]
[GC 275279K->20072K(2944064K), 0.0258500 secs]
[GC 276136K->15732K(2944064K), 0.0282770 secs]
[GC 271796K->19546K(2944064K), 0.0295550 secs]
[GC 275610K->18362K(2944064K), 0.0296260 secs]
[GC 274426K->14965K(2944064K), 0.0282100 secs]
[GC 271029K->22791K(2944064K), 0.0302670 secs]
[GC 278855K->22254K(2944064K), 0.0298200 secs]
[GC 278318K->19922K(2944064K), 0.0279660 secs]
[GC 275986K->15578K(2944064K), 0.0281080 secs]
[GC 271642K->16266K(2944064K), 0.0291750 secs]
[GC 272330K->17902K(2944064K), 0.0254490 secs]
[GC 273966K->14694K(2944064K), 0.0248490 secs]
[GC 270758K->18630K(2944064K), 0.0296330 secs]
[GC 274694K->19634K(2944064K), 0.0278320 secs]
[GC 275698K->17499K(2944064K), 0.0260300 secs]
[GC 273563K->17600K(2944064K), 0.0286170 secs]
[GC 273664K->16306K(2944064K), 0.0286560 secs]
[GC 272370K->17544K(2944064K), 0.0288350 secs]
[GC 273608K->15894K(2944064K), 0.0294730 secs]
[GC 271958K->16656K(2944064K), 0.0286280 secs]
[GC 272720K->15264K(2944064K), 0.0266030 secs]
[GC 271328K->18328K(2944064K), 0.0282370 secs]
[GC 274392K->17008K(2944064K), 0.0272520 secs]
[GC 273072K->14920K(2944064K), 0.0253500 secs]
[GC 270984K->18113K(2944064K), 0.0333120 secs]
[GC 274177K->15356K(2944064K), 0.0272610 secs]
[GC 271420K->16434K(2944064K), 0.0256000 secs]
[GC 272498K->14946K(2944064K), 0.0243670 secs]
 INFO  [Stressor-1] {org.radargun.stressors.StressTestStressor} Number of ops executed so far: 1585550. Elapsed time: 40.011 secs. Remaining: 19.989 secs. Total: 1 mins 0 secs
[GC 271010K->15666K(2944064K), 0.0296870 secs]
[GC 271730K->13263K(2944064K), 0.0270190 secs]
[GC 269327K->15126K(2944064K), 0.0279220 secs]
[GC 271190K->15694K(2944064K), 0.0256900 secs]
[GC 271758K->19046K(2944064K), 0.0372240 secs]
[GC 275110K->20236K(2944064K), 0.0266560 secs]
[GC 276300K->16688K(2944064K), 0.0250590 secs]
[GC 272752K->16995K(2944064K), 0.0282270 secs]
[GC 273059K->14832K(2944064K), 0.0258280 secs]
[GC 270896K->18058K(2944064K), 0.0254740 secs]
[GC 274122K->17458K(2944064K), 0.0283660 secs]
[GC 273522K->16187K(2944064K), 0.0242590 secs]
[GC 272251K->15379K(2944064K), 0.0253280 secs]
[GC 271443K->14780K(2944064K), 0.0275590 secs]
[GC 270844K->16150K(2944064K), 0.0301570 secs]
[GC 272209K->14998K(2944064K), 0.0293160 secs]
[GC 271062K->15442K(2944064K), 0.0298140 secs]
[GC 271506K->15081K(2944064K), 0.0270000 secs]
[GC 271145K->14856K(2944064K), 0.0309980 secs]
[GC 270920K->16279K(2944064K), 0.0285130 secs]
[GC 272343K->17348K(2944064K), 0.0276920 secs]
[GC 273412K->20000K(2944064K), 0.0297060 secs]
[GC 276064K->24483K(2944064K), 0.0283880 secs]
[GC 280547K->23436K(2944064K), 0.0258810 secs]
[GC 279500K->21382K(2944064K), 0.0309930 secs]
[GC 277446K->19026K(2944064K), 0.0268500 secs]
[GC 275090K->13912K(2944064K), 0.0264420 secs]
[GC 269976K->15490K(2944064K), 0.0294980 secs]
 INFO  [pool-1-thread-1] {org.radargun.stressors.StressTestStressor} Finished generating report. Test duration is: 1 mins 0 secs
 INFO  [pool-1-thread-1] {org.radargun.stages.StressTestWarmupStage} The warmup took: 60 seconds.
 INFO  [pool-1-thread-1] {org.radargun.Slave} Finished stage: StressTestWarmup {bulkSize=1, cacheSpecificKeyGenerator=false, commitTransactions=true, duration=1 mins 0 secs, entrySize=1000, exitBenchmarkOnSlaveFailure=false, fixedKeys=true, generateHistogramRange=false, keyGeneratorClass=org.radargun.stressors.StringKeyGenerator, keyGeneratorParam=null, loadAllKeys=false, numEntries=100, numOfThreads=4, numRequests=10000, numThreads=4, numberOfAttributes=100, numberOfRequests=10000, opsCountStatusLog=100000, poolKeys=true, preferAsyncOperations=false, removePercentage=0, replaceInvalidPercentage=40, runOnAllSlaves=false, sharedKeys=false, sizeOfAnAttribute=1000, slaves=null, transactionSize=50, useAtomics=false, useHistogramStatistics=false, useSimpleStatistics=true, useSmartClassLoading=true, useTransactions=null, writePercentage=20, writeTxPercentage=20 }
 INFO  [main] {org.radargun.Slave} Ack successfully sent to the master
 INFO  [pool-1-thread-1] {org.radargun.Slave} Executing stage: ClearClusterStage {ClearCluster {exitBenchmarkOnSlaveFailure=false, runOnAllSlaves=false, slaves=[ 0 ], useSmartClassLoading=true }
 INFO  [pool-1-thread-1] {org.radargun.stages.ClearClusterStage} Before executing clear, memory looks like this: Memory - free: 2,852,375 kb - max:4,906,688 kb- total:2,944,064 kb
[Full GC 91787K->7654K(2944064K), 0.1587500 secs]
 INFO  [pool-1-thread-1] {org.radargun.stages.ClearClusterStage} After executing cleanup, memory looks like this: Memory - free: 2,934,755 kb - max:4,906,688 kb- total:2,944,320 kb
 INFO  [pool-1-thread-1] {org.radargun.Slave} Finished stage: ClearClusterStage {ClearCluster {exitBenchmarkOnSlaveFailure=false, runOnAllSlaves=false, slaves=[ 0 ], useSmartClassLoading=true }
 INFO  [main] {org.radargun.Slave} Ack successfully sent to the master
 INFO  [pool-1-thread-1] {org.radargun.Slave} Executing stage: StressTest {bulkSize=1, cacheSpecificKeyGenerator=false, commitTransactions=true, duration=1 mins 0 secs, entrySize=1000, exitBenchmarkOnSlaveFailure=false, fixedKeys=true, generateHistogramRange=false, keyGeneratorClass=org.radargun.stressors.StringKeyGenerator, keyGeneratorParam=null, loadAllKeys=false, numEntries=10000, numOfThreads=4, numRequests=10000000, numThreads=4, numberOfAttributes=10000, numberOfRequests=10000000, opsCountStatusLog=500000, poolKeys=true, preferAsyncOperations=false, removePercentage=0, replaceInvalidPercentage=40, runOnAllSlaves=false, sharedKeys=false, sizeOfAnAttribute=1000, slaves=null, transactionSize=10000, useAtomics=false, useHistogramStatistics=false, useSimpleStatistics=true, useSmartClassLoading=true, useTransactions=true, writePercentage=10, writeTxPercentage=5 }
 INFO  [pool-1-thread-1] {org.radargun.stages.StressTestStage} Starting StressTestStage: StressTest {bulkSize=1, cacheSpecificKeyGenerator=false, commitTransactions=true, duration=1 mins 0 secs, entrySize=1000, exitBenchmarkOnSlaveFailure=false, fixedKeys=true, generateHistogramRange=false, keyGeneratorClass=org.radargun.stressors.StringKeyGenerator, keyGeneratorParam=null, loadAllKeys=false, numEntries=10000, numOfThreads=4, numRequests=10000000, numThreads=4, numberOfAttributes=10000, numberOfRequests=10000000, opsCountStatusLog=500000, poolKeys=true, preferAsyncOperations=false, removePercentage=0, replaceInvalidPercentage=40, runOnAllSlaves=false, sharedKeys=false, sizeOfAnAttribute=1000, slaves=null, transactionSize=10000, useAtomics=false, useHistogramStatistics=false, useSimpleStatistics=true, useSmartClassLoading=true, useTransactions=true, writePercentage=10, writeTxPercentage=5 }
 INFO  [pool-1-thread-1] {org.radargun.stressors.StressTestStressor} Using key generator org.radargun.stressors.StringKeyGenerator, param null
 INFO  [pool-1-thread-1] {org.radargun.stressors.StressTestStressor} Executing: StressTestStressor{opsCountStatusLog=500000, numRequests=10000000, numEntries=10000, entrySize=1000, writePercentage=10, numThreads=4, cacheWrapper=org.radargun.cachewrappers.JBossCache3Wrapper@7e938520, nodeIndex=0, useTransactions=true, transactionSize=10000, commitTransactions=true, durationMillis=60000}
 INFO  [pool-1-thread-1] {org.radargun.stressors.StressTestStressor} Cache wrapper info is: Num direct children: 30
[GC 263910K->22411K(2944320K), 0.0306970 secs]
[GC 278667K->32566K(2944320K), 0.0355960 secs]
[GC 288822K->50585K(2944320K), 0.0379800 secs]
[GC 306841K->56662K(2944320K), 0.0383970 secs]
[GC 312918K->70962K(2944320K), 0.0471540 secs]
[GC 327218K->84780K(2944320K), 0.0444080 secs]
[GC 341036K->95832K(2944320K), 0.0440140 secs]
[GC 352088K->93582K(2944320K), 0.0456930 secs]
[GC 349838K->115921K(2944320K), 0.0684450 secs]
[GC 372177K->125286K(2944320K), 0.0584650 secs]
[GC 381542K->118555K(2944320K), 0.0416140 secs]
[GC 374811K->138742K(2944320K), 0.0483400 secs]
[GC 394998K->121119K(2944320K), 0.0472160 secs]
[GC 377375K->143238K(2944320K), 0.0498710 secs]
[GC 399494K->139309K(2944320K), 0.0502080 secs]
[GC 395565K->150497K(2944320K), 0.0492960 secs]
[GC 406753K->157003K(2944320K), 0.0527970 secs]
[GC 413257K->170546K(2944320K), 0.0454920 secs]
[GC 426802K->166404K(2944320K), 0.0466150 secs]
[GC 422660K->172285K(2944320K), 0.0492140 secs]
[GC 428541K->169474K(2944320K), 0.0469680 secs]
[GC 425728K->181031K(2944320K), 0.0517980 secs]
[GC 437287K->185704K(2944320K), 0.0488490 secs]
[GC 441960K->190229K(2944320K), 0.0517210 secs]
[GC 446485K->194402K(2944320K), 0.0457440 secs]
[GC 450650K->207622K(2944320K), 0.0466250 secs]
[GC 463878K->182372K(2944320K), 0.0471400 secs]
[GC 438628K->193666K(2944320K), 0.0489290 secs]
[GC 449913K->198875K(2944320K), 0.0487460 secs]
[GC 455131K->208715K(2944320K), 0.0499840 secs]
[GC 464971K->212335K(2944320K), 0.0542870 secs]
[GC 468570K->199338K(2944320K), 0.0478320 secs]
[GC 455538K->202437K(2944320K), 0.0473170 secs]
[GC 458666K->219749K(2944320K), 0.0503490 secs]
[GC 476005K->222486K(2944320K), 0.0497430 secs]
[GC 478742K->210467K(2944320K), 0.0465430 secs]
[GC 466723K->213072K(2944320K), 0.0449340 secs]
[GC 469317K->216032K(2944320K), 0.0434840 secs]
[GC 472288K->217116K(2944320K), 0.0410980 secs]
[GC 473372K->244135K(2944320K), 0.0409130 secs]
[GC 500391K->222341K(2944320K), 0.0416100 secs]
[GC 478597K->231122K(2944320K), 0.0418060 secs]
[GC 487378K->251736K(2944320K), 0.0424780 secs]
[GC 507992K->231519K(2944320K), 0.0418480 secs]
[GC 487775K->251716K(2944320K), 0.0425310 secs]
[GC 507972K->249009K(2944320K), 0.0443230 secs]
[GC 505265K->241160K(2944320K), 0.0442520 secs]
[GC 497369K->244555K(2944320K), 0.0436690 secs]
[GC 500811K->259906K(2944320K), 0.0420530 secs]
[GC 516162K->251100K(2944320K), 0.0416290 secs]
[GC 507316K->278983K(2944320K), 0.0386360 secs]
[GC 535239K->257375K(2944320K), 0.0441220 secs]
[GC 513631K->276967K(2944320K), 0.0413310 secs]
[GC 533223K->286216K(2944320K), 0.0405960 secs]
[GC 542472K->265977K(2944320K), 0.0433920 secs]
[GC 522233K->297807K(2944320K), 0.0476450 secs]
[GC 554003K->278043K(2944320K), 0.0452410 secs]
[GC 534299K->281811K(2944320K), 0.0409860 secs]
[GC 538062K->290411K(2944320K), 0.0381440 secs]
[GC 546612K->294481K(2944320K), 0.0377300 secs]
[GC 550678K->285892K(2944320K), 0.0421830 secs]
 INFO  [pool-1-thread-1] {org.radargun.stressors.StressTestStressor} Started 4 stressor threads.
 INFO  [Stressor-2] {org.radargun.stressors.StressTestStressor} Number of ops executed so far: 1. Elapsed time: 0.001 secs. Remaining: 59.999 secs. Total: 1 mins 0 secs
[GC 542148K->315229K(2944320K), 0.0404940 secs]
[GC 571049K->343922K(2944320K), 0.0542400 secs]
[GC 599699K->373723K(2944320K), 0.0674150 secs]
[GC 629577K->400185K(2944320K), 0.0713960 secs]
[GC 656420K->382992K(2944320K), 0.0583560 secs]
[GC 639209K->406566K(2944320K), 0.0601600 secs]
[GC 662822K->406768K(2944320K), 0.0525130 secs]
[GC 662996K->450489K(2944320K), 0.0499000 secs]
[GC 706745K->411491K(2944320K), 0.0497700 secs]
[GC 667747K->435511K(2944320K), 0.0565580 secs]
[GC 691767K->475628K(2944320K), 0.0552300 secs]
[GC 731884K->503637K(2944320K), 0.0594350 secs]
[GC 759893K->477596K(2944320K), 0.0551250 secs]
[GC 733852K->485326K(2944320K), 0.0415030 secs]
[GC 741582K->517533K(2944320K), 0.0578530 secs]
 INFO  [Stressor-3] {org.radargun.stressors.StressTestStressor} Number of ops executed so far: 1770000. Elapsed time: 20.050 secs. Remaining: 39.950 secs. Total: 1 mins 0 secs
[GC 773789K->519251K(2944320K), 0.0679780 secs]
[GC 775167K->534179K(2944320K), 0.0583940 secs]
[GC 790435K->529193K(2944320K), 0.0662610 secs]
[GC 785412K->554866K(2944320K), 0.0616940 secs]
[GC 810281K->604863K(2944320K), 0.0645040 secs]
[GC 861119K->632677K(2944320K), 0.0625860 secs]
[GC 888933K->617782K(2944320K), 0.0703260 secs]
[GC 874038K->615083K(2944320K), 0.0383420 secs]
[GC 871339K->644180K(2944320K), 0.0450970 secs]
[GC 900412K->635292K(2944320K), 0.0519360 secs]
[GC 891548K->678592K(2944320K), 0.0553350 secs]
[GC 934848K->669861K(2944320K), 0.0637640 secs]
 INFO  [Stressor-0] {org.radargun.stressors.StressTestStressor} Number of ops executed so far: 5309041. Elapsed time: 40.050 secs. Remaining: 19.950 secs. Total: 1 mins 0 secs
[GC 926117K->670266K(2944320K), 0.0450660 secs]
[GC 926522K->713309K(2944320K), 0.0570890 secs]
[GC 969565K->699366K(2944320K), 0.0540930 secs]
[GC 955622K->730829K(2944320K), 0.0453630 secs]
[GC 987047K->729547K(2944320K), 0.0651260 secs]
[GC 985803K->734449K(2944320K), 0.0543760 secs]
[GC 990653K->747546K(2944320K), 0.0457880 secs]
[GC 1003802K->783354K(2944320K), 0.0584170 secs]
[GC 1039589K->765968K(2944320K), 0.0562670 secs]
[GC 1022224K->807878K(2944320K), 0.0628610 secs]
[GC 1064134K->807433K(2944320K), 0.0526680 secs]
[GC 1063689K->845844K(2944320K), 0.0671390 secs]
 INFO  [Stressor-1] {org.radargun.stressors.StressTestStressor} Number of ops executed so far: 6660000. Elapsed time: 1 mins 0 secs. Remaining: 0.000 secs. Total: 1 mins 0 secs
 INFO  [pool-1-thread-1] {org.radargun.stressors.StressTestStressor} Finished generating report. Test duration is: 1 mins 35 secs
 INFO  [pool-1-thread-1] {org.radargun.stages.StressTestStage} size info: Num direct children: 30, clusterSize:6, nodeIndex:0, cacheSize: -1
 INFO  [pool-1-thread-1] {org.radargun.Slave} Finished stage: StressTest {bulkSize=1, cacheSpecificKeyGenerator=false, commitTransactions=true, duration=1 mins 0 secs, entrySize=1000, exitBenchmarkOnSlaveFailure=false, fixedKeys=true, generateHistogramRange=false, keyGeneratorClass=org.radargun.stressors.StringKeyGenerator, keyGeneratorParam=null, loadAllKeys=false, numEntries=10000, numOfThreads=4, numRequests=10000000, numThreads=4, numberOfAttributes=10000, numberOfRequests=10000000, opsCountStatusLog=500000, poolKeys=true, preferAsyncOperations=false, removePercentage=0, replaceInvalidPercentage=40, runOnAllSlaves=false, sharedKeys=false, sizeOfAnAttribute=1000, slaves=null, transactionSize=10000, useAtomics=false, useHistogramStatistics=false, useSimpleStatistics=true, useSmartClassLoading=true, useTransactions=true, writePercentage=10, writeTxPercentage=5 }
 INFO  [main] {org.radargun.Slave} Ack successfully sent to the master
 INFO  [main] {org.radargun.Slave} Master shutdown!
 INFO  [Thread-0] {org.radargun.ShutDownHook} Slave process is being shutdown
