/usr/java/jdk1.7.0_21/bin/java -server -Xmx1024M -Xms1024M -Dresolve.dns=false -Djgroups.timer.num_threads=4 -verbose:gc -Xmx5000M -Xms3000M -server -XX:+UseConcMarkSweepGC -XX:+AggressiveOpts -verbose:gc -XX:ParallelGCThreads=4 -XX:NewRatio=5 -XX:SurvivorRatio=2 -Dhazelcast.operation.thread.count=4 -Djava.net.preferIPv4Stack=true -Dlog4j.file.prefix=deimos-esw-10887 -Dbind.address= -Djgroups.bind_addr= -classpath /home/smf/github/radargun/target/distribution/RadarGun-1.1.0-SNAPSHOT/lib/activation-1.1.jar:/home/smf/github/radargun/target/distribution/RadarGun-1.1.0-SNAPSHOT/lib/commons-beanutils-1.8.0.jar:/home/smf/github/radargun/target/distribution/RadarGun-1.1.0-SNAPSHOT/lib/commons-digester-2.0.jar:/home/smf/github/radargun/target/distribution/RadarGun-1.1.0-SNAPSHOT/lib/commons-logging-1.1.1.jar:/home/smf/github/radargun/target/distribution/RadarGun-1.1.0-SNAPSHOT/lib/commons-math-1.2.jar:/home/smf/github/radargun/target/distribution/RadarGun-1.1.0-SNAPSHOT/lib/jboss-transaction-api-1.0.1.GA.jar:/home/smf/github/radargun/target/distribution/RadarGun-1.1.0-SNAPSHOT/lib/jcommon-1.0.15.jar:/home/smf/github/radargun/target/distribution/RadarGun-1.1.0-SNAPSHOT/lib/jfreechart-1.0.12.jar:/home/smf/github/radargun/target/distribution/RadarGun-1.1.0-SNAPSHOT/lib/log4j-1.2.14.jar:/home/smf/github/radargun/target/distribution/RadarGun-1.1.0-SNAPSHOT/lib/mail-1.4.2.jar:/home/smf/github/radargun/target/distribution/RadarGun-1.1.0-SNAPSHOT/lib/radargun-framework-1.1.0-SNAPSHOT.jar:/home/smf/github/radargun/target/distribution/RadarGun-1.1.0-SNAPSHOT/conf org.radargun.Slave -master 127.0.0.1:2103
--------------------------------------------------------------------------------
PerNodeRollingFileAppender::Using file prefix:deimos-esw-10887
 INFO  [main] {org.radargun.Slave} Attempting to connect to master 127.0.0.1:2103
 INFO  [main] {org.radargun.Slave} Successfully established connection with master at: 127.0.0.1:2103
Loading JARS from /home/smf/github/radargun/target/distribution/RadarGun-1.1.0-SNAPSHOT/lib/radargun-framework-1.1.0-SNAPSHOT.jar
 INFO  [pool-1-thread-1] {org.radargun.config.AnnotatedHelper} Loading JARS from /home/smf/github/radargun/target/distribution/RadarGun-1.1.0-SNAPSHOT/lib/radargun-framework-1.1.0-SNAPSHOT.jar
 INFO  [pool-1-thread-1] {org.radargun.config.AnnotatedHelper} Loading JARS from /home/smf/github/radargun/target/distribution/RadarGun-1.1.0-SNAPSHOT/lib/radargun-framework-1.1.0-SNAPSHOT.jar
 INFO  [pool-1-thread-1] {org.radargun.Slave} Executing stage: DestroyWrapper {enforceMemoryThrashHold=true, exitBenchmarkOnSlaveFailure=false, heapDumpDir=null, memoryThreshold=95, runOnAllSlaves=true, slaves=null, useSmartClassLoading=true }
 INFO  [pool-1-thread-1] {org.radargun.stages.DestroyWrapperStage} Received destroy cache wrapper request from master...
 INFO  [pool-1-thread-1] {org.radargun.stages.DestroyWrapperStage} No cache wrapper deployed on this slave, nothing to do.
 INFO  [pool-1-thread-1] {org.radargun.stages.DestroyWrapperStage} Before executing clear, memory looks like this: Memory - free: 2,928,638 kb - max:4,906,688 kb- total:2,944,000 kb
[Full GC 15361K->3631K(2944000K), 0.1240630 secs]
 INFO  [pool-1-thread-1] {org.radargun.stages.DestroyWrapperStage} After executing cleanup, memory looks like this: Memory - free: 2,935,311 kb - max:4,906,688 kb- total:2,944,064 kb
 INFO  [pool-1-thread-1] {org.radargun.Slave} Finished stage: DestroyWrapper {enforceMemoryThrashHold=true, exitBenchmarkOnSlaveFailure=false, heapDumpDir=null, memoryThreshold=95, runOnAllSlaves=true, slaves=null, useSmartClassLoading=true }
 INFO  [main] {org.radargun.Slave} Ack successfully sent to the master
 INFO  [pool-1-thread-1] {org.radargun.Slave} Executing stage: StartCluster {config=mvcc/mvcc-repl-sync.xml, delayAfterFirstSlaveStarts=5.000 secs, delayBetweenStartingSlaves=0.500 secs, exitBenchmarkOnSlaveFailure=true, expectNumSlaves=null, mayFailOn=null, reachable=null, runOnAllSlaves=false, slaves=null, staggerSlaveStartup=true, useSmartClassLoading=true, validateCluster=true }
 INFO  [pool-1-thread-1] {org.radargun.stages.StartClusterStage}  Startup staggering, starting 12 slaves. This is the slave with index 6. Sleeping for 8000 millis.
 INFO  [pool-1-thread-1] {org.radargun.stages.StartClusterStage} Ack master's StartCluster stage. Local address is: /127.0.0.1. This slave's index is: 6
 INFO  [pool-1-thread-1] {org.radargun.utils.ClassLoadHelper} Creating newInstance org.radargun.cachewrappers.JBossCache3Wrapper with classloader java.net.URLClassLoader@56e43ef
 INFO  [pool-1-thread-1] {org.radargun.cachewrappers.JBossCache3Wrapper} Creating cache with the following configuration: mvcc/mvcc-repl-sync.xml
 WARN  [pool-1-thread-1] {org.jboss.cache.transaction.GenericTransactionManagerLookup} Falling back to JBoss Cache's internal DummyTransactionManager
 WARN  [pool-1-thread-1] {org.jgroups.protocols.pbcast.STREAMING_STATE_TRANSFER} use_reading_thread has been deprecated and its value will be ignored

---------------------------------------------------------
GMS: address is 127.0.0.1:57253 (cluster=JBossCache-Cluster)
---------------------------------------------------------
 INFO  [pool-1-thread-1] {org.radargun.cachewrappers.JBossCache3Wrapper} Running cache with following config: org.jboss.cache.config.Configuration@734ef755
 INFO  [pool-1-thread-1] {org.radargun.cachewrappers.JBossCache3Wrapper} Running following JBossCacheVersion: 3.2.1.GA
 INFO  [pool-1-thread-1] {org.radargun.cachewrappers.JBossCache3Wrapper} Running following JBossCacheCodeName: Malagueta
 INFO  [pool-1-thread-1] {org.radargun.cachewrappers.JBossCache3Wrapper} JGroups version: 2.6.13.GA
 INFO  [pool-1-thread-1] {org.radargun.stages.helpers.StartHelper} Number of members=7 is not the one expected: 12
 INFO  [pool-1-thread-1] {org.radargun.stages.helpers.StartHelper} Number of members=8 is not the one expected: 12
 INFO  [pool-1-thread-1] {org.radargun.stages.helpers.StartHelper} Number of members=11 is not the one expected: 12
 INFO  [pool-1-thread-1] {org.radargun.stages.helpers.StartHelper} Number of members is the one expected: 12
 INFO  [pool-1-thread-1] {org.radargun.stages.StartClusterStage} Successfully started cache wrapper on slave 6: org.radargun.cachewrappers.JBossCache3Wrapper@572a98be
 INFO  [pool-1-thread-1] {org.radargun.Slave} Finished stage: StartCluster {config=mvcc/mvcc-repl-sync.xml, delayAfterFirstSlaveStarts=5.000 secs, delayBetweenStartingSlaves=0.500 secs, exitBenchmarkOnSlaveFailure=true, expectNumSlaves=null, mayFailOn=null, reachable=null, runOnAllSlaves=false, slaves=null, staggerSlaveStartup=true, useSmartClassLoading=true, validateCluster=true }
 INFO  [main] {org.radargun.Slave} Ack successfully sent to the master
 INFO  [pool-1-thread-1] {org.radargun.Slave} Executing stage: ClusterValidation {exitBenchmarkOnSlaveFailure=false, partialReplication=false, replicationTimeSleep=2000, replicationTryCount=60, runOnAllSlaves=false, slaves=null, useSmartClassLoading=true }
 INFO  [pool-1-thread-1] {org.radargun.stages.ClusterValidationStage} Number of caches that replicated here is 11
 INFO  [pool-1-thread-1] {org.radargun.stages.ClusterValidationStage} Replication test successfully passed. partialReplication? false, replicationCount = 11
 INFO  [pool-1-thread-1] {org.radargun.stages.ClusterValidationStage} Confirm phase successful.
 INFO  [pool-1-thread-1] {org.radargun.Slave} Finished stage: ClusterValidation {exitBenchmarkOnSlaveFailure=false, partialReplication=false, replicationTimeSleep=2000, replicationTryCount=60, runOnAllSlaves=false, slaves=[ 0, 1, 2, 3, 4, 5, 6, 7, 8, 9, 10, 11 ], useSmartClassLoading=true }
 INFO  [main] {org.radargun.Slave} Ack successfully sent to the master
 INFO  [pool-1-thread-1] {org.radargun.Slave} Executing stage: StressTestWarmup {bulkSize=1, cacheSpecificKeyGenerator=false, commitTransactions=true, duration=1 mins 0 secs, entrySize=1000, exitBenchmarkOnSlaveFailure=false, fixedKeys=true, generateHistogramRange=false, keyGeneratorClass=org.radargun.stressors.StringKeyGenerator, keyGeneratorParam=null, loadAllKeys=false, numEntries=100, numOfThreads=4, numRequests=10000, numThreads=4, numberOfAttributes=100, numberOfRequests=10000, opsCountStatusLog=100000, poolKeys=true, preferAsyncOperations=false, removePercentage=0, replaceInvalidPercentage=40, runOnAllSlaves=false, sharedKeys=false, sizeOfAnAttribute=1000, slaves=null, transactionSize=50, useAtomics=false, useHistogramStatistics=false, useSimpleStatistics=true, useSmartClassLoading=true, useTransactions=null, writePercentage=20, writeTxPercentage=20 }
 INFO  [pool-1-thread-1] {org.radargun.stages.StressTestWarmupStage} Starting StressTestWarmupStage: StressTestWarmup {bulkSize=1, cacheSpecificKeyGenerator=false, commitTransactions=true, duration=1 mins 0 secs, entrySize=1000, exitBenchmarkOnSlaveFailure=false, fixedKeys=true, generateHistogramRange=false, keyGeneratorClass=org.radargun.stressors.StringKeyGenerator, keyGeneratorParam=null, loadAllKeys=false, numEntries=100, numOfThreads=4, numRequests=10000, numThreads=4, numberOfAttributes=100, numberOfRequests=10000, opsCountStatusLog=100000, poolKeys=true, preferAsyncOperations=false, removePercentage=0, replaceInvalidPercentage=40, runOnAllSlaves=false, sharedKeys=false, sizeOfAnAttribute=1000, slaves=null, transactionSize=50, useAtomics=false, useHistogramStatistics=false, useSimpleStatistics=true, useSmartClassLoading=true, useTransactions=null, writePercentage=20, writeTxPercentage=20 }
 INFO  [pool-1-thread-1] {org.radargun.stressors.StressTestStressor} Using key generator org.radargun.stressors.StringKeyGenerator, param null
 INFO  [pool-1-thread-1] {org.radargun.stressors.StressTestStressor} Executing: StressTestStressor{opsCountStatusLog=100000, numRequests=10000, numEntries=100, entrySize=1000, writePercentage=20, numThreads=4, cacheWrapper=org.radargun.cachewrappers.JBossCache3Wrapper@572a98be, nodeIndex=6, useTransactions=true, transactionSize=50, commitTransactions=true, durationMillis=60000}
 INFO  [pool-1-thread-1] {org.radargun.stressors.StressTestStressor} Cache wrapper info is: Num direct children: 12
[GC 259695K->12226K(2944064K), 0.0387160 secs]
 INFO  [pool-1-thread-1] {org.radargun.stressors.StressTestStressor} Started 4 stressor threads.
 INFO  [Stressor-1] {org.radargun.stressors.StressTestStressor} Number of ops executed so far: 1. Elapsed time: 0.007 secs. Remaining: 59.993 secs. Total: 1 mins 0 secs
[GC 268290K->14553K(2944064K), 0.0336790 secs]
[GC 270617K->17100K(2944064K), 0.0313430 secs]
[GC 273164K->18419K(2944064K), 0.0343440 secs]
[GC 274483K->20080K(2944064K), 0.0310700 secs]
[GC 276144K->15680K(2944064K), 0.0349920 secs]
[GC 271744K->18487K(2944064K), 0.0345870 secs]
[GC 274551K->15843K(2944064K), 0.0335820 secs]
 INFO  [Stressor-3] {org.radargun.stressors.StressTestStressor} Number of ops executed so far: 85200. Elapsed time: 20.122 secs. Remaining: 39.878 secs. Total: 1 mins 0 secs
[GC 271907K->17584K(2944064K), 0.0370980 secs]
[GC 273648K->16818K(2944064K), 0.0314780 secs]
[GC 272882K->19146K(2944064K), 0.0266080 secs]
[GC 275210K->14948K(2944064K), 0.0304230 secs]
[GC 271012K->15721K(2944064K), 0.0345960 secs]
[GC 271785K->16863K(2944064K), 0.0321740 secs]
[GC 272927K->17591K(2944064K), 0.0298700 secs]
[GC 273655K->19956K(2944064K), 0.0500980 secs]
[GC 276020K->13745K(2944064K), 0.0286180 secs]
[GC 269809K->18297K(2944064K), 0.0304060 secs]
 INFO  [Stressor-0] {org.radargun.stressors.StressTestStressor} Number of ops executed so far: 276477. Elapsed time: 40.122 secs. Remaining: 19.878 secs. Total: 1 mins 0 secs
[GC 274361K->19797K(2944064K), 0.0338110 secs]
[GC 275861K->18802K(2944064K), 0.0324060 secs]
[GC 274866K->16823K(2944064K), 0.0295610 secs]
[GC 272887K->16150K(2944064K), 0.0305420 secs]
[GC 272214K->17822K(2944064K), 0.0280460 secs]
[GC 273886K->14604K(2944064K), 0.0338130 secs]
[GC 270668K->15338K(2944064K), 0.0263570 secs]
[GC 271402K->19085K(2944064K), 0.0286550 secs]
 INFO  [Stressor-3] {org.radargun.stressors.StressTestStressor} Number of ops executed so far: 409250. Elapsed time: 1 mins 0 secs. Remaining: 0.000 secs. Total: 1 mins 0 secs
 INFO  [pool-1-thread-1] {org.radargun.stressors.StressTestStressor} Finished generating report. Test duration is: 1 mins 2 secs
 INFO  [pool-1-thread-1] {org.radargun.stages.StressTestWarmupStage} The warmup took: 62 seconds.
 INFO  [pool-1-thread-1] {org.radargun.Slave} Finished stage: StressTestWarmup {bulkSize=1, cacheSpecificKeyGenerator=false, commitTransactions=true, duration=1 mins 0 secs, entrySize=1000, exitBenchmarkOnSlaveFailure=false, fixedKeys=true, generateHistogramRange=false, keyGeneratorClass=org.radargun.stressors.StringKeyGenerator, keyGeneratorParam=null, loadAllKeys=false, numEntries=100, numOfThreads=4, numRequests=10000, numThreads=4, numberOfAttributes=100, numberOfRequests=10000, opsCountStatusLog=100000, poolKeys=true, preferAsyncOperations=false, removePercentage=0, replaceInvalidPercentage=40, runOnAllSlaves=false, sharedKeys=false, sizeOfAnAttribute=1000, slaves=null, transactionSize=50, useAtomics=false, useHistogramStatistics=false, useSimpleStatistics=true, useSmartClassLoading=true, useTransactions=null, writePercentage=20, writeTxPercentage=20 }
 INFO  [main] {org.radargun.Slave} Ack successfully sent to the master
 INFO  [pool-1-thread-1] {org.radargun.Slave} Executing stage: ClearClusterStage {ClearCluster {exitBenchmarkOnSlaveFailure=false, runOnAllSlaves=false, slaves=[ 0 ], useSmartClassLoading=true }
 INFO  [pool-1-thread-1] {org.radargun.stages.ClearClusterStage} Before executing clear, memory looks like this: Memory - free: 2,731,785 kb - max:4,906,688 kb- total:2,944,064 kb
[Full GC 212278K->9832K(2944064K), 0.2361550 secs]
 INFO  [pool-1-thread-1] {org.radargun.stages.ClearClusterStage} After executing cleanup, memory looks like this: Memory - free: 2,932,527 kb - max:4,906,688 kb- total:2,944,320 kb
 INFO  [pool-1-thread-1] {org.radargun.Slave} Finished stage: ClearClusterStage {ClearCluster {exitBenchmarkOnSlaveFailure=false, runOnAllSlaves=false, slaves=[ 0 ], useSmartClassLoading=true }
 INFO  [main] {org.radargun.Slave} Ack successfully sent to the master
 INFO  [pool-1-thread-1] {org.radargun.Slave} Executing stage: StressTest {bulkSize=1, cacheSpecificKeyGenerator=false, commitTransactions=true, duration=1 mins 0 secs, entrySize=1000, exitBenchmarkOnSlaveFailure=false, fixedKeys=true, generateHistogramRange=false, keyGeneratorClass=org.radargun.stressors.StringKeyGenerator, keyGeneratorParam=null, loadAllKeys=false, numEntries=10000, numOfThreads=4, numRequests=10000000, numThreads=4, numberOfAttributes=10000, numberOfRequests=10000000, opsCountStatusLog=500000, poolKeys=true, preferAsyncOperations=false, removePercentage=0, replaceInvalidPercentage=40, runOnAllSlaves=false, sharedKeys=false, sizeOfAnAttribute=1000, slaves=null, transactionSize=10000, useAtomics=false, useHistogramStatistics=false, useSimpleStatistics=true, useSmartClassLoading=true, useTransactions=true, writePercentage=10, writeTxPercentage=5 }
 INFO  [pool-1-thread-1] {org.radargun.stages.StressTestStage} Starting StressTestStage: StressTest {bulkSize=1, cacheSpecificKeyGenerator=false, commitTransactions=true, duration=1 mins 0 secs, entrySize=1000, exitBenchmarkOnSlaveFailure=false, fixedKeys=true, generateHistogramRange=false, keyGeneratorClass=org.radargun.stressors.StringKeyGenerator, keyGeneratorParam=null, loadAllKeys=false, numEntries=10000, numOfThreads=4, numRequests=10000000, numThreads=4, numberOfAttributes=10000, numberOfRequests=10000000, opsCountStatusLog=500000, poolKeys=true, preferAsyncOperations=false, removePercentage=0, replaceInvalidPercentage=40, runOnAllSlaves=false, sharedKeys=false, sizeOfAnAttribute=1000, slaves=null, transactionSize=10000, useAtomics=false, useHistogramStatistics=false, useSimpleStatistics=true, useSmartClassLoading=true, useTransactions=true, writePercentage=10, writeTxPercentage=5 }
 INFO  [pool-1-thread-1] {org.radargun.stressors.StressTestStressor} Using key generator org.radargun.stressors.StringKeyGenerator, param null
 INFO  [pool-1-thread-1] {org.radargun.stressors.StressTestStressor} Executing: StressTestStressor{opsCountStatusLog=500000, numRequests=10000000, numEntries=10000, entrySize=1000, writePercentage=10, numThreads=4, cacheWrapper=org.radargun.cachewrappers.JBossCache3Wrapper@572a98be, nodeIndex=6, useTransactions=true, transactionSize=10000, commitTransactions=true, durationMillis=60000}
 INFO  [pool-1-thread-1] {org.radargun.stressors.StressTestStressor} Cache wrapper info is: Num direct children: 60
[GC 266088K->25340K(2944320K), 0.0312860 secs]
[GC 281596K->36292K(2944320K), 0.0365970 secs]
[GC 292548K->46883K(2944320K), 0.0392640 secs]
[GC 303139K->64770K(2944320K), 0.0399420 secs]
[GC 321026K->82339K(2944320K), 0.0362570 secs]
[GC 338595K->99161K(2944320K), 0.0456870 secs]
[GC 355417K->115961K(2944320K), 0.0473930 secs]
[GC 372217K->113373K(2944320K), 0.0629330 secs]
[GC 369629K->143535K(2944320K), 0.0414100 secs]
[GC 399791K->112030K(2944320K), 0.0515160 secs]
[GC 368286K->128242K(2944320K), 0.0548190 secs]
[GC 384498K->163111K(2944320K), 0.0440440 secs]
[GC 419367K->131005K(2944320K), 0.0478840 secs]
[GC 387261K->163193K(2944320K), 0.0532270 secs]
[GC 419449K->177556K(2944320K), 0.0540620 secs]
[GC 433812K->155045K(2944320K), 0.0669400 secs]
[GC 411301K->152132K(2944320K), 0.0577470 secs]
[GC 408388K->182015K(2944320K), 0.0531390 secs]
[GC 438248K->189587K(2944320K), 0.0631030 secs]
[GC 445843K->178682K(2944320K), 0.0544440 secs]
[GC 434926K->183768K(2944320K), 0.0555750 secs]
[GC 440024K->213538K(2944320K), 0.0482860 secs]
[GC 469794K->208852K(2944320K), 0.0486460 secs]
[GC 465103K->214574K(2944320K), 0.0519660 secs]
[GC 470830K->219093K(2944320K), 0.0488570 secs]
[GC 475349K->232617K(2944320K), 0.0485160 secs]
[GC 488864K->228272K(2944320K), 0.0469380 secs]
[GC 484528K->217291K(2944320K), 0.0501050 secs]
[GC 473547K->238263K(2944320K), 0.0604380 secs]
[GC 494519K->251354K(2944320K), 0.0492590 secs]
[GC 507610K->263497K(2944320K), 0.0501940 secs]
[GC 519753K->235360K(2944320K), 0.0521990 secs]
[GC 491616K->275893K(2944320K), 0.0564580 secs]
[GC 532149K->240992K(2944320K), 0.0560420 secs]
[GC 497248K->269860K(2944320K), 0.0551850 secs]
[GC 526116K->267107K(2944320K), 0.0522100 secs]
[GC 523352K->289938K(2944320K), 0.0608470 secs]
[GC 546194K->262992K(2944320K), 0.0584190 secs]
[GC 519248K->304273K(2944320K), 0.0453840 secs]
[GC 560529K->269685K(2944320K), 0.0439670 secs]
[GC 525941K->298776K(2944320K), 0.0476680 secs]
[GC 555024K->296345K(2944320K), 0.0509640 secs]
[GC 552601K->302869K(2944320K), 0.0512920 secs]
[GC 559125K->291822K(2944320K), 0.0465140 secs]
[GC 548078K->296774K(2944320K), 0.0473940 secs]
[GC 553030K->317738K(2944320K), 0.0494790 secs]
[GC 573994K->338668K(2944320K), 0.0520740 secs]
[GC 594924K->311256K(2944320K), 0.0476270 secs]
[GC 567452K->353068K(2944320K), 0.0523740 secs]
[GC 609322K->317872K(2944320K), 0.0664000 secs]
[GC 574128K->354558K(2944320K), 0.0613550 secs]
[GC 610814K->323432K(2944320K), 0.0495140 secs]
[GC 579688K->351859K(2944320K), 0.0481750 secs]
[GC 608073K->357864K(2944320K), 0.0489730 secs]
[GC 614120K->352354K(2944320K), 0.0563260 secs]
[GC 608610K->340002K(2944320K), 0.0516090 secs]
[GC 596208K->343158K(2944320K), 0.0539940 secs]
[GC 599301K->345805K(2944320K), 0.0482510 secs]
[GC 602029K->348628K(2944320K), 0.0479650 secs]
[GC 604854K->365924K(2944320K), 0.0471950 secs]
[GC 622121K->353902K(2944320K), 0.0461920 secs]
[GC 610150K->370466K(2944320K), 0.0480510 secs]
[GC 626722K->372315K(2944320K), 0.0489510 secs]
[GC 628518K->373847K(2944320K), 0.0419190 secs]
[GC 630090K->363084K(2944320K), 0.0449710 secs]
[GC 619340K->391316K(2944320K), 0.0432900 secs]
[GC 647572K->368945K(2944320K), 0.0440990 secs]
[GC 625155K->400608K(2944320K), 0.0463970 secs]
[GC 656836K->372750K(2944320K), 0.0450560 secs]
[GC 628975K->394780K(2944320K), 0.0519960 secs]
[GC 651036K->417157K(2944320K), 0.0463630 secs]
[GC 673413K->384080K(2944320K), 0.0418170 secs]
[GC 640314K->415878K(2944320K), 0.0412350 secs]
[GC 672130K->388414K(2944320K), 0.0459310 secs]
[GC 644662K->410451K(2944320K), 0.0449070 secs]
[GC 666707K->420408K(2944320K), 0.0503080 secs]
[GC 676624K->399657K(2944320K), 0.0464170 secs]
[GC 655857K->431588K(2944320K), 0.0424880 secs]
[GC 687829K->403931K(2944320K), 0.0405290 secs]
[GC 660187K->426036K(2944320K), 0.0429260 secs]
[GC 682292K->423657K(2944320K), 0.0431950 secs]
[GC 679911K->440570K(2944320K), 0.0418600 secs]
[GC 696826K->418774K(2944320K), 0.0383860 secs]
[GC 675001K->450507K(2944320K), 0.0419120 secs]
[GC 706760K->422785K(2944320K), 0.0386640 secs]
[GC 679004K->456544K(2944320K), 0.0446580 secs]
[GC 712756K->428933K(2944320K), 0.0398290 secs]
[GC 685141K->451338K(2944320K), 0.0435820 secs]
[GC 707589K->460878K(2944320K), 0.0412090 secs]
[GC 717104K->440244K(2944320K), 0.0403810 secs]
[GC 696500K->460752K(2944320K), 0.0416960 secs]
[GC 717008K->458141K(2944320K), 0.0437010 secs]
[GC 714339K->462489K(2944320K), 0.0433900 secs]
[GC 718744K->465886K(2944320K), 0.0459060 secs]
[GC 722107K->469169K(2944320K), 0.0410200 secs]
[GC 725423K->485091K(2944320K), 0.0410180 secs]
[GC 741347K->462709K(2944320K), 0.0409570 secs]
[GC 718940K->482801K(2944320K), 0.0460990 secs]
[GC 739048K->492192K(2944320K), 0.0427860 secs]
[GC 748448K->471378K(2944320K), 0.0409690 secs]
[GC 727634K->491987K(2944320K), 0.0424540 secs]
[GC 748243K->501401K(2944320K), 0.0394590 secs]
[GC 757620K->480714K(2944320K), 0.0415420 secs]
[GC 736970K->501290K(2944320K), 0.0420450 secs]
[GC 757513K->510784K(2944320K), 0.0432720 secs]
[GC 767040K->490221K(2944320K), 0.0413520 secs]
[GC 746437K->510589K(2944320K), 0.0408410 secs]
[GC 766796K->520023K(2944320K), 0.0400130 secs]
[GC 776271K->499440K(2944320K), 0.0436140 secs]
[GC 755696K->531523K(2944320K), 0.0405730 secs]
[GC 787777K->503872K(2944320K), 0.0410400 secs]
[GC 760119K->525929K(2944320K), 0.0430280 secs]
[GC 782185K->523314K(2944320K), 0.0432050 secs]
[GC 779570K->540308K(2944320K), 0.0403450 secs]
[GC 796536K->518647K(2944320K), 0.0395890 secs]
[GC 774903K->550220K(2944320K), 0.0427000 secs]
[GC 806476K->522746K(2944320K), 0.0416200 secs]
[GC 778992K->556063K(2944320K), 0.0436800 secs]
[GC 812291K->528761K(2944320K), 0.0433290 secs]
[GC 784994K->562685K(2944320K), 0.0463520 secs]
[GC 818941K->535233K(2944320K), 0.0447130 secs]
[GC 791489K->568633K(2944320K), 0.0426160 secs]
[GC 824860K->541463K(2944320K), 0.0394190 secs]
[GC 797713K->563450K(2944320K), 0.0445890 secs]
[GC 819649K->573309K(2944320K), 0.0482030 secs]
[GC 829529K->600697K(2944320K), 0.0724960 secs]
 INFO  [pool-1-thread-1] {org.radargun.stressors.StressTestStressor} Started 4 stressor threads.
 INFO  [Stressor-3] {org.radargun.stressors.StressTestStressor} Number of ops executed so far: 1. Elapsed time: 0.000 secs. Remaining: 1 mins 0 secs. Total: 1 mins 0 secs
[GC 856953K->648115K(2944320K), 0.1024020 secs]
[GC 904371K->660814K(2944320K), 0.0975660 secs]
[GC 917070K->696510K(2944320K), 0.0716080 secs]
[GC 952766K->700299K(2944320K), 0.0875290 secs]
[GC 956515K->713102K(2944320K), 0.0809070 secs]
[GC 968884K->759005K(2944320K), 0.0845800 secs]
[GC 1015213K->780414K(2944320K), 0.0994260 secs]
[GC 1036587K->804251K(2944320K), 0.0877380 secs]
[GC 1059878K->851988K(2944320K), 0.0888530 secs]
[GC 1108205K->846228K(2944320K), 0.0832780 secs]
[GC 1102484K->856963K(2944320K), 0.0831610 secs]
[GC 1113219K->889782K(2944320K), 0.0605430 secs]
[GC 1146038K->900944K(2944320K), 0.0733140 secs]
[GC 1157200K->922029K(2944320K), 0.0759640 secs]
[GC 1178285K->958581K(2944320K), 0.0849960 secs]
 INFO  [Stressor-1] {org.radargun.stressors.StressTestStressor} Number of ops executed so far: 1880000. Elapsed time: 22.764 secs. Remaining: 37.236 secs. Total: 1 mins 0 secs
[GC 1214837K->996360K(2944320K), 0.0970350 secs]
[GC 1252566K->984106K(2944320K), 0.0842980 secs]
[GC 1240362K->1011691K(2944320K), 0.0857110 secs]
[GC 1267736K->1017927K(2944320K), 0.0627000 secs]
[GC 1274183K->1040960K(2944320K), 0.0676650 secs]
[GC 1297181K->1077493K(2944320K), 0.0780250 secs]
[GC 1333749K->1106849K(2944320K), 0.0824730 secs]
[GC 1363105K->1143378K(2944320K), 0.1071930 secs]
[GC 1399634K->1155969K(2944320K), 0.0991310 secs]
[GC 1412225K->1187248K(2944320K), 0.0638710 secs]
[GC 1443504K->1214684K(2944320K), 0.0831540 secs]
[GC 1470504K->1249275K(2944320K), 0.0937840 secs]
 INFO  [Stressor-0] {org.radargun.stressors.StressTestStressor} Number of ops executed so far: 3060000. Elapsed time: 43.537 secs. Remaining: 16.463 secs. Total: 1 mins 0 secs
[GC 1505531K->1263969K(2944320K), 0.0860990 secs]
[GC 1520200K->1305481K(2944320K), 0.0935930 secs]
[GC 1561737K->1329362K(2944320K), 0.0942960 secs]
[GC 1585618K->1354372K(2944320K), 0.0932050 secs]
[GC 1610608K->1364222K(2944320K), 0.0837540 secs]
[GC 1620478K->1367589K(2944320K), 0.0619690 secs]
[GC 1368766K(2944320K), 0.0332580 secs]
[GC 1623845K->1410889K(2944320K), 0.0600810 secs]
[GC 1561092K(2944320K), 0.1894100 secs]
[GC 889171K->640792K(2944320K), 0.0578910 secs]
 INFO  [Stressor-3] {org.radargun.stressors.StressTestStressor} Number of ops executed so far: 4390000. Elapsed time: 1 mins 7 secs. Remaining: 0.000 secs. Total: 1 mins 0 secs
 INFO  [pool-1-thread-1] {org.radargun.stressors.StressTestStressor} Finished generating report. Test duration is: 2 mins 59 secs
 INFO  [pool-1-thread-1] {org.radargun.stages.StressTestStage} size info: Num direct children: 60, clusterSize:12, nodeIndex:6, cacheSize: -1
 INFO  [pool-1-thread-1] {org.radargun.Slave} Finished stage: StressTest {bulkSize=1, cacheSpecificKeyGenerator=false, commitTransactions=true, duration=1 mins 0 secs, entrySize=1000, exitBenchmarkOnSlaveFailure=false, fixedKeys=true, generateHistogramRange=false, keyGeneratorClass=org.radargun.stressors.StringKeyGenerator, keyGeneratorParam=null, loadAllKeys=false, numEntries=10000, numOfThreads=4, numRequests=10000000, numThreads=4, numberOfAttributes=10000, numberOfRequests=10000000, opsCountStatusLog=500000, poolKeys=true, preferAsyncOperations=false, removePercentage=0, replaceInvalidPercentage=40, runOnAllSlaves=false, sharedKeys=false, sizeOfAnAttribute=1000, slaves=null, transactionSize=10000, useAtomics=false, useHistogramStatistics=false, useSimpleStatistics=true, useSmartClassLoading=true, useTransactions=true, writePercentage=10, writeTxPercentage=5 }
 INFO  [main] {org.radargun.Slave} Ack successfully sent to the master
[GC 897048K->653979K(2944320K), 0.0580660 secs]
 INFO  [main] {org.radargun.Slave} Master shutdown!
 INFO  [Thread-0] {org.radargun.ShutDownHook} Slave process is being shutdown
