/usr/java/jdk1.7.0_21/bin/java -server -Xmx1024M -Xms1024M -Dresolve.dns=false -Djgroups.timer.num_threads=4 -verbose:gc -Xmx5000M -Xms3000M -server -XX:+UseConcMarkSweepGC -XX:+AggressiveOpts -verbose:gc -XX:ParallelGCThreads=4 -XX:NewRatio=5 -XX:SurvivorRatio=2 -Dhazelcast.operation.thread.count=4 -Djava.net.preferIPv4Stack=true -Dlog4j.file.prefix=deimos-esw-8888 -Dbind.address= -Djgroups.bind_addr= -classpath /home/smf/github/radargun/target/distribution/RadarGun-1.1.0-SNAPSHOT/lib/activation-1.1.jar:/home/smf/github/radargun/target/distribution/RadarGun-1.1.0-SNAPSHOT/lib/commons-beanutils-1.8.0.jar:/home/smf/github/radargun/target/distribution/RadarGun-1.1.0-SNAPSHOT/lib/commons-digester-2.0.jar:/home/smf/github/radargun/target/distribution/RadarGun-1.1.0-SNAPSHOT/lib/commons-logging-1.1.1.jar:/home/smf/github/radargun/target/distribution/RadarGun-1.1.0-SNAPSHOT/lib/commons-math-1.2.jar:/home/smf/github/radargun/target/distribution/RadarGun-1.1.0-SNAPSHOT/lib/jboss-transaction-api-1.0.1.GA.jar:/home/smf/github/radargun/target/distribution/RadarGun-1.1.0-SNAPSHOT/lib/jcommon-1.0.15.jar:/home/smf/github/radargun/target/distribution/RadarGun-1.1.0-SNAPSHOT/lib/jfreechart-1.0.12.jar:/home/smf/github/radargun/target/distribution/RadarGun-1.1.0-SNAPSHOT/lib/log4j-1.2.14.jar:/home/smf/github/radargun/target/distribution/RadarGun-1.1.0-SNAPSHOT/lib/mail-1.4.2.jar:/home/smf/github/radargun/target/distribution/RadarGun-1.1.0-SNAPSHOT/lib/radargun-framework-1.1.0-SNAPSHOT.jar:/home/smf/github/radargun/target/distribution/RadarGun-1.1.0-SNAPSHOT/conf org.radargun.Slave -master 127.0.0.1:2103
--------------------------------------------------------------------------------
PerNodeRollingFileAppender::Using file prefix:deimos-esw-8888
 INFO  [main] {org.radargun.Slave} Attempting to connect to master 127.0.0.1:2103
 INFO  [main] {org.radargun.Slave} Successfully established connection with master at: 127.0.0.1:2103
Loading JARS from /home/smf/github/radargun/target/distribution/RadarGun-1.1.0-SNAPSHOT/lib/radargun-framework-1.1.0-SNAPSHOT.jar
 INFO  [pool-1-thread-1] {org.radargun.config.AnnotatedHelper} Loading JARS from /home/smf/github/radargun/target/distribution/RadarGun-1.1.0-SNAPSHOT/lib/radargun-framework-1.1.0-SNAPSHOT.jar
 INFO  [pool-1-thread-1] {org.radargun.config.AnnotatedHelper} Loading JARS from /home/smf/github/radargun/target/distribution/RadarGun-1.1.0-SNAPSHOT/lib/radargun-framework-1.1.0-SNAPSHOT.jar
 INFO  [pool-1-thread-1] {org.radargun.Slave} Executing stage: DestroyWrapper {enforceMemoryThrashHold=true, exitBenchmarkOnSlaveFailure=false, heapDumpDir=null, memoryThreshold=95, runOnAllSlaves=true, slaves=null, useSmartClassLoading=true }
 INFO  [pool-1-thread-1] {org.radargun.stages.DestroyWrapperStage} Received destroy cache wrapper request from master...
 INFO  [pool-1-thread-1] {org.radargun.stages.DestroyWrapperStage} No cache wrapper deployed on this slave, nothing to do.
 INFO  [pool-1-thread-1] {org.radargun.stages.DestroyWrapperStage} Before executing clear, memory looks like this: Memory - free: 2,928,638 kb - max:4,906,688 kb- total:2,944,000 kb
[Full GC 15361K->3631K(2944000K), 0.0797290 secs]
 INFO  [pool-1-thread-1] {org.radargun.stages.DestroyWrapperStage} After executing cleanup, memory looks like this: Memory - free: 2,935,311 kb - max:4,906,688 kb- total:2,944,064 kb
 INFO  [pool-1-thread-1] {org.radargun.Slave} Finished stage: DestroyWrapper {enforceMemoryThrashHold=true, exitBenchmarkOnSlaveFailure=false, heapDumpDir=null, memoryThreshold=95, runOnAllSlaves=true, slaves=null, useSmartClassLoading=true }
 INFO  [main] {org.radargun.Slave} Ack successfully sent to the master
 INFO  [pool-1-thread-1] {org.radargun.Slave} Executing stage: StartCluster {config=mvcc/mvcc-repl-sync.xml, delayAfterFirstSlaveStarts=5.000 secs, delayBetweenStartingSlaves=0.500 secs, exitBenchmarkOnSlaveFailure=true, expectNumSlaves=null, mayFailOn=null, reachable=null, runOnAllSlaves=false, slaves=null, staggerSlaveStartup=true, useSmartClassLoading=true, validateCluster=true }
 INFO  [pool-1-thread-1] {org.radargun.stages.StartClusterStage}  Startup staggering, starting 8 slaves. This is the slave with index 6. Sleeping for 8000 millis.
 INFO  [pool-1-thread-1] {org.radargun.stages.StartClusterStage} Ack master's StartCluster stage. Local address is: /127.0.0.1. This slave's index is: 6
 INFO  [pool-1-thread-1] {org.radargun.utils.ClassLoadHelper} Creating newInstance org.radargun.cachewrappers.JBossCache3Wrapper with classloader java.net.URLClassLoader@52b2f956
 INFO  [pool-1-thread-1] {org.radargun.cachewrappers.JBossCache3Wrapper} Creating cache with the following configuration: mvcc/mvcc-repl-sync.xml
 WARN  [pool-1-thread-1] {org.jboss.cache.transaction.GenericTransactionManagerLookup} Falling back to JBoss Cache's internal DummyTransactionManager
 WARN  [pool-1-thread-1] {org.jgroups.protocols.pbcast.STREAMING_STATE_TRANSFER} use_reading_thread has been deprecated and its value will be ignored

---------------------------------------------------------
GMS: address is 127.0.0.1:44773 (cluster=JBossCache-Cluster)
---------------------------------------------------------
 INFO  [pool-1-thread-1] {org.radargun.cachewrappers.JBossCache3Wrapper} Running cache with following config: org.jboss.cache.config.Configuration@dd2900f0
 INFO  [pool-1-thread-1] {org.radargun.cachewrappers.JBossCache3Wrapper} Running following JBossCacheVersion: 3.2.1.GA
 INFO  [pool-1-thread-1] {org.radargun.cachewrappers.JBossCache3Wrapper} Running following JBossCacheCodeName: Malagueta
 INFO  [pool-1-thread-1] {org.radargun.cachewrappers.JBossCache3Wrapper} JGroups version: 2.6.13.GA
 INFO  [pool-1-thread-1] {org.radargun.stages.helpers.StartHelper} Number of members=7 is not the one expected: 8
 INFO  [pool-1-thread-1] {org.radargun.stages.helpers.StartHelper} Number of members is the one expected: 8
 INFO  [pool-1-thread-1] {org.radargun.stages.StartClusterStage} Successfully started cache wrapper on slave 6: org.radargun.cachewrappers.JBossCache3Wrapper@2b97532e
 INFO  [pool-1-thread-1] {org.radargun.Slave} Finished stage: StartCluster {config=mvcc/mvcc-repl-sync.xml, delayAfterFirstSlaveStarts=5.000 secs, delayBetweenStartingSlaves=0.500 secs, exitBenchmarkOnSlaveFailure=true, expectNumSlaves=null, mayFailOn=null, reachable=null, runOnAllSlaves=false, slaves=null, staggerSlaveStartup=true, useSmartClassLoading=true, validateCluster=true }
 INFO  [main] {org.radargun.Slave} Ack successfully sent to the master
 INFO  [pool-1-thread-1] {org.radargun.Slave} Executing stage: ClusterValidation {exitBenchmarkOnSlaveFailure=false, partialReplication=false, replicationTimeSleep=2000, replicationTryCount=60, runOnAllSlaves=false, slaves=null, useSmartClassLoading=true }
 INFO  [pool-1-thread-1] {org.radargun.stages.ClusterValidationStage} Number of caches that replicated here is 7
 INFO  [pool-1-thread-1] {org.radargun.stages.ClusterValidationStage} Replication test successfully passed. partialReplication? false, replicationCount = 7
 INFO  [pool-1-thread-1] {org.radargun.stages.ClusterValidationStage} Confirm phase successful.
 INFO  [pool-1-thread-1] {org.radargun.Slave} Finished stage: ClusterValidation {exitBenchmarkOnSlaveFailure=false, partialReplication=false, replicationTimeSleep=2000, replicationTryCount=60, runOnAllSlaves=false, slaves=[ 0, 1, 2, 3, 4, 5, 6, 7 ], useSmartClassLoading=true }
 INFO  [main] {org.radargun.Slave} Ack successfully sent to the master
 INFO  [pool-1-thread-1] {org.radargun.Slave} Executing stage: StressTestWarmup {bulkSize=1, cacheSpecificKeyGenerator=false, commitTransactions=true, duration=1 mins 0 secs, entrySize=1000, exitBenchmarkOnSlaveFailure=false, fixedKeys=true, generateHistogramRange=false, keyGeneratorClass=org.radargun.stressors.StringKeyGenerator, keyGeneratorParam=null, loadAllKeys=false, numEntries=100, numOfThreads=4, numRequests=10000, numThreads=4, numberOfAttributes=100, numberOfRequests=10000, opsCountStatusLog=100000, poolKeys=true, preferAsyncOperations=false, removePercentage=0, replaceInvalidPercentage=40, runOnAllSlaves=false, sharedKeys=false, sizeOfAnAttribute=1000, slaves=null, transactionSize=50, useAtomics=false, useHistogramStatistics=false, useSimpleStatistics=true, useSmartClassLoading=true, useTransactions=null, writePercentage=20, writeTxPercentage=20 }
 INFO  [pool-1-thread-1] {org.radargun.stages.StressTestWarmupStage} Starting StressTestWarmupStage: StressTestWarmup {bulkSize=1, cacheSpecificKeyGenerator=false, commitTransactions=true, duration=1 mins 0 secs, entrySize=1000, exitBenchmarkOnSlaveFailure=false, fixedKeys=true, generateHistogramRange=false, keyGeneratorClass=org.radargun.stressors.StringKeyGenerator, keyGeneratorParam=null, loadAllKeys=false, numEntries=100, numOfThreads=4, numRequests=10000, numThreads=4, numberOfAttributes=100, numberOfRequests=10000, opsCountStatusLog=100000, poolKeys=true, preferAsyncOperations=false, removePercentage=0, replaceInvalidPercentage=40, runOnAllSlaves=false, sharedKeys=false, sizeOfAnAttribute=1000, slaves=null, transactionSize=50, useAtomics=false, useHistogramStatistics=false, useSimpleStatistics=true, useSmartClassLoading=true, useTransactions=null, writePercentage=20, writeTxPercentage=20 }
 INFO  [pool-1-thread-1] {org.radargun.stressors.StressTestStressor} Using key generator org.radargun.stressors.StringKeyGenerator, param null
 INFO  [pool-1-thread-1] {org.radargun.stressors.StressTestStressor} Executing: StressTestStressor{opsCountStatusLog=100000, numRequests=10000, numEntries=100, entrySize=1000, writePercentage=20, numThreads=4, cacheWrapper=org.radargun.cachewrappers.JBossCache3Wrapper@2b97532e, nodeIndex=6, useTransactions=true, transactionSize=50, commitTransactions=true, durationMillis=60000}
 INFO  [pool-1-thread-1] {org.radargun.stressors.StressTestStressor} Cache wrapper info is: Num direct children: 8
 INFO  [pool-1-thread-1] {org.radargun.stressors.StressTestStressor} Started 4 stressor threads.
 INFO  [Stressor-1] {org.radargun.stressors.StressTestStressor} Number of ops executed so far: 1. Elapsed time: 0.040 secs. Remaining: 59.960 secs. Total: 1 mins 0 secs
[GC 259695K->12834K(2944064K), 0.0449580 secs]
[GC 268898K->12676K(2944064K), 0.0282570 secs]
[GC 268740K->14341K(2944064K), 0.0270360 secs]
[GC 270405K->14165K(2944064K), 0.0307590 secs]
[GC 270229K->14473K(2944064K), 0.0276200 secs]
[GC 270537K->14571K(2944064K), 0.0305560 secs]
[GC 270635K->14665K(2944064K), 0.0309030 secs]
[GC 270729K->14422K(2944064K), 0.0323570 secs]
[GC 270481K->15724K(2944064K), 0.0299400 secs]
[GC 271788K->16801K(2944064K), 0.0263810 secs]
[GC 272865K->17172K(2944064K), 0.0320020 secs]
[GC 273236K->19173K(2944064K), 0.0392910 secs]
[GC 275237K->13113K(2944064K), 0.0310920 secs]
[GC 269177K->14941K(2944064K), 0.0299790 secs]
[GC 271005K->16099K(2944064K), 0.0313560 secs]
[GC 272163K->16531K(2944064K), 0.0553830 secs]
[GC 272595K->15895K(2944064K), 0.0283530 secs]
[GC 271959K->15927K(2944064K), 0.0281870 secs]
[GC 271991K->15109K(2944064K), 0.0221980 secs]
[GC 271173K->15583K(2944064K), 0.0298090 secs]
[GC 271647K->14049K(2944064K), 0.0253840 secs]
 INFO  [Stressor-3] {org.radargun.stressors.StressTestStressor} Number of ops executed so far: 453950. Elapsed time: 20.052 secs. Remaining: 39.948 secs. Total: 1 mins 0 secs
[GC 270113K->17301K(2944064K), 0.0323810 secs]
[GC 273365K->15735K(2944064K), 0.0246690 secs]
[GC 271799K->14247K(2944064K), 0.0267250 secs]
[GC 270311K->14951K(2944064K), 0.0253000 secs]
[GC 271015K->15721K(2944064K), 0.0292590 secs]
[GC 271785K->15214K(2944064K), 0.0273690 secs]
[GC 271278K->13358K(2944064K), 0.0281080 secs]
[GC 269422K->18300K(2944064K), 0.0310200 secs]
[GC 274364K->16126K(2944064K), 0.0301710 secs]
[GC 272190K->19143K(2944064K), 0.0286720 secs]
[GC 275207K->14866K(2944064K), 0.0233140 secs]
[GC 270930K->17195K(2944064K), 0.0298900 secs]
[GC 273259K->16295K(2944064K), 0.0289890 secs]
[GC 272359K->18266K(2944064K), 0.0285020 secs]
[GC 274330K->20055K(2944064K), 0.0274870 secs]
[GC 276119K->15182K(2944064K), 0.0286490 secs]
[GC 271246K->19112K(2944064K), 0.0278970 secs]
[GC 275176K->14443K(2944064K), 0.0267020 secs]
[GC 270507K->13926K(2944064K), 0.0276140 secs]
[GC 269990K->14089K(2944064K), 0.0267780 secs]
[GC 270153K->14359K(2944064K), 0.0288480 secs]
[GC 270423K->13966K(2944064K), 0.0288700 secs]
[GC 270030K->12411K(2944064K), 0.0292390 secs]
[GC 268475K->14639K(2944064K), 0.0270350 secs]
 INFO  [Stressor-1] {org.radargun.stressors.StressTestStressor} Number of ops executed so far: 986750. Elapsed time: 40.052 secs. Remaining: 19.948 secs. Total: 1 mins 0 secs
[GC 270703K->16494K(2944064K), 0.0276150 secs]
[GC 272558K->18270K(2944064K), 0.0289500 secs]
[GC 274334K->17954K(2944064K), 0.0293140 secs]
[GC 274018K->14676K(2944064K), 0.0266090 secs]
[GC 270740K->14485K(2944064K), 0.0262730 secs]
[GC 270549K->14685K(2944064K), 0.0234700 secs]
[GC 270749K->15960K(2944064K), 0.0314070 secs]
[GC 272024K->17758K(2944064K), 0.0330150 secs]
[GC 273822K->19761K(2944064K), 0.0301070 secs]
[GC 275825K->17001K(2944064K), 0.0302110 secs]
[GC 273065K->21121K(2944064K), 0.0286960 secs]
[GC 277185K->16742K(2944064K), 0.0278450 secs]
[GC 272806K->16030K(2944064K), 0.0315370 secs]
[GC 272094K->18910K(2944064K), 0.0304040 secs]
[GC 274974K->16539K(2944064K), 0.0281000 secs]
[GC 272603K->12994K(2944064K), 0.0276500 secs]
[GC 269058K->14639K(2944064K), 0.0318750 secs]
[GC 270703K->17667K(2944064K), 0.0278080 secs]
[GC 273731K->16189K(2944064K), 0.0272760 secs]
[GC 272246K->13726K(2944064K), 0.0280170 secs]
[GC 269790K->14756K(2944064K), 0.0268620 secs]
[GC 270820K->16226K(2944064K), 0.0260920 secs]
[GC 272290K->15356K(2944064K), 0.0275880 secs]
[GC 271420K->14905K(2944064K), 0.0278020 secs]
[GC 270969K->16783K(2944064K), 0.0278700 secs]
[GC 272847K->15019K(2944064K), 0.0263640 secs]
 INFO  [Stressor-1] {org.radargun.stressors.StressTestStressor} Number of ops executed so far: 1617150. Elapsed time: 1 mins 0 secs. Remaining: 0.000 secs. Total: 1 mins 0 secs
 INFO  [pool-1-thread-1] {org.radargun.stressors.StressTestStressor} Finished generating report. Test duration is: 1 mins 1 secs
 INFO  [pool-1-thread-1] {org.radargun.stages.StressTestWarmupStage} The warmup took: 61 seconds.
 INFO  [pool-1-thread-1] {org.radargun.Slave} Finished stage: StressTestWarmup {bulkSize=1, cacheSpecificKeyGenerator=false, commitTransactions=true, duration=1 mins 0 secs, entrySize=1000, exitBenchmarkOnSlaveFailure=false, fixedKeys=true, generateHistogramRange=false, keyGeneratorClass=org.radargun.stressors.StringKeyGenerator, keyGeneratorParam=null, loadAllKeys=false, numEntries=100, numOfThreads=4, numRequests=10000, numThreads=4, numberOfAttributes=100, numberOfRequests=10000, opsCountStatusLog=100000, poolKeys=true, preferAsyncOperations=false, removePercentage=0, replaceInvalidPercentage=40, runOnAllSlaves=false, sharedKeys=false, sizeOfAnAttribute=1000, slaves=null, transactionSize=50, useAtomics=false, useHistogramStatistics=false, useSimpleStatistics=true, useSmartClassLoading=true, useTransactions=null, writePercentage=20, writeTxPercentage=20 }
 INFO  [main] {org.radargun.Slave} Ack successfully sent to the master
 INFO  [pool-1-thread-1] {org.radargun.Slave} Executing stage: ClearClusterStage {ClearCluster {exitBenchmarkOnSlaveFailure=false, runOnAllSlaves=false, slaves=[ 0 ], useSmartClassLoading=true }
 INFO  [pool-1-thread-1] {org.radargun.stages.ClearClusterStage} Before executing clear, memory looks like this: Memory - free: 2,863,469 kb - max:4,906,688 kb- total:2,944,064 kb
[Full GC 80598K->8092K(2944064K), 0.1697240 secs]
 INFO  [pool-1-thread-1] {org.radargun.stages.ClearClusterStage} After executing cleanup, memory looks like this: Memory - free: 2,933,357 kb - max:4,906,688 kb- total:2,944,320 kb
 INFO  [pool-1-thread-1] {org.radargun.Slave} Finished stage: ClearClusterStage {ClearCluster {exitBenchmarkOnSlaveFailure=false, runOnAllSlaves=false, slaves=[ 0 ], useSmartClassLoading=true }
 INFO  [main] {org.radargun.Slave} Ack successfully sent to the master
 INFO  [pool-1-thread-1] {org.radargun.Slave} Executing stage: StressTest {bulkSize=1, cacheSpecificKeyGenerator=false, commitTransactions=true, duration=1 mins 0 secs, entrySize=1000, exitBenchmarkOnSlaveFailure=false, fixedKeys=true, generateHistogramRange=false, keyGeneratorClass=org.radargun.stressors.StringKeyGenerator, keyGeneratorParam=null, loadAllKeys=false, numEntries=10000, numOfThreads=4, numRequests=10000000, numThreads=4, numberOfAttributes=10000, numberOfRequests=10000000, opsCountStatusLog=500000, poolKeys=true, preferAsyncOperations=false, removePercentage=0, replaceInvalidPercentage=40, runOnAllSlaves=false, sharedKeys=false, sizeOfAnAttribute=1000, slaves=null, transactionSize=10000, useAtomics=false, useHistogramStatistics=false, useSimpleStatistics=true, useSmartClassLoading=true, useTransactions=true, writePercentage=10, writeTxPercentage=5 }
 INFO  [pool-1-thread-1] {org.radargun.stages.StressTestStage} Starting StressTestStage: StressTest {bulkSize=1, cacheSpecificKeyGenerator=false, commitTransactions=true, duration=1 mins 0 secs, entrySize=1000, exitBenchmarkOnSlaveFailure=false, fixedKeys=true, generateHistogramRange=false, keyGeneratorClass=org.radargun.stressors.StringKeyGenerator, keyGeneratorParam=null, loadAllKeys=false, numEntries=10000, numOfThreads=4, numRequests=10000000, numThreads=4, numberOfAttributes=10000, numberOfRequests=10000000, opsCountStatusLog=500000, poolKeys=true, preferAsyncOperations=false, removePercentage=0, replaceInvalidPercentage=40, runOnAllSlaves=false, sharedKeys=false, sizeOfAnAttribute=1000, slaves=null, transactionSize=10000, useAtomics=false, useHistogramStatistics=false, useSimpleStatistics=true, useSmartClassLoading=true, useTransactions=true, writePercentage=10, writeTxPercentage=5 }
 INFO  [pool-1-thread-1] {org.radargun.stressors.StressTestStressor} Using key generator org.radargun.stressors.StringKeyGenerator, param null
 INFO  [pool-1-thread-1] {org.radargun.stressors.StressTestStressor} Executing: StressTestStressor{opsCountStatusLog=500000, numRequests=10000000, numEntries=10000, entrySize=1000, writePercentage=10, numThreads=4, cacheWrapper=org.radargun.cachewrappers.JBossCache3Wrapper@2b97532e, nodeIndex=6, useTransactions=true, transactionSize=10000, commitTransactions=true, durationMillis=60000}
 INFO  [pool-1-thread-1] {org.radargun.stressors.StressTestStressor} Cache wrapper info is: Num direct children: 40
[GC 264348K->22780K(2944320K), 0.0300250 secs]
[GC 279036K->33712K(2944320K), 0.0323840 secs]
[GC 289968K->46005K(2944320K), 0.0371230 secs]
[GC 302261K->63930K(2944320K), 0.0381100 secs]
[GC 320186K->71670K(2944320K), 0.0392350 secs]
[GC 327926K->86662K(2944320K), 0.0439250 secs]
[GC 342918K->113341K(2944320K), 0.0440830 secs]
[GC 369597K->99078K(2944320K), 0.0458870 secs]
[GC 355334K->125229K(2944320K), 0.0709040 secs]
[GC 381485K->124108K(2944320K), 0.0503770 secs]
[GC 380364K->137387K(2944320K), 0.0433280 secs]
[GC 393643K->120953K(2944320K), 0.0524470 secs]
[GC 377209K->146121K(2944320K), 0.0494320 secs]
[GC 402359K->158623K(2944320K), 0.0451820 secs]
[GC 414879K->155044K(2944320K), 0.0531100 secs]
[GC 411300K->142788K(2944320K), 0.0526830 secs]
[GC 399044K->156085K(2944320K), 0.0436070 secs]
[GC 412341K->151077K(2944320K), 0.0505880 secs]
[GC 407333K->173970K(2944320K), 0.0476900 secs]
[GC 430226K->179343K(2944320K), 0.0460670 secs]
[GC 435599K->176198K(2944320K), 0.0456040 secs]
[GC 432454K->187734K(2944320K), 0.0468090 secs]
[GC 443990K->177745K(2944320K), 0.0524170 secs]
[GC 434001K->223170K(2944320K), 0.0405710 secs]
[GC 479426K->185574K(2944320K), 0.0440040 secs]
[GC 441830K->212309K(2944320K), 0.0467560 secs]
[GC 468565K->224743K(2944320K), 0.0441610 secs]
[GC 480999K->199023K(2944320K), 0.0487890 secs]
[GC 455279K->226569K(2944320K), 0.0530500 secs]
[GC 482825K->207690K(2944320K), 0.0477420 secs]
[GC 463946K->230883K(2944320K), 0.0499130 secs]
[GC 487111K->235735K(2944320K), 0.0525870 secs]
[GC 491991K->256564K(2944320K), 0.0457850 secs]
[GC 512820K->227568K(2944320K), 0.0487750 secs]
[GC 483811K->246273K(2944320K), 0.0461090 secs]
[GC 502529K->246482K(2944320K), 0.0493310 secs]
[GC 502738K->246911K(2944320K), 0.0492440 secs]
[GC 503167K->255395K(2944320K), 0.0506690 secs]
[GC 511624K->243031K(2944320K), 0.0475430 secs]
[GC 499287K->261998K(2944320K), 0.0505120 secs]
[GC 518254K->264352K(2944320K), 0.0454070 secs]
[GC 520608K->266585K(2944320K), 0.0478090 secs]
[GC 522793K->269211K(2944320K), 0.0473660 secs]
[GC 525467K->271404K(2944320K), 0.0445590 secs]
[GC 527660K->273514K(2944320K), 0.0433370 secs]
[GC 529737K->275916K(2944320K), 0.0412560 secs]
[GC 532146K->264001K(2944320K), 0.0445750 secs]
[GC 520257K->266315K(2944320K), 0.0433060 secs]
[GC 522571K->268983K(2944320K), 0.0435520 secs]
[GC 525239K->272011K(2944320K), 0.0422940 secs]
[GC 528267K->287474K(2944320K), 0.0414720 secs]
[GC 543729K->291102K(2944320K), 0.0418230 secs]
[GC 547358K->306661K(2944320K), 0.0461040 secs]
[GC 562917K->284403K(2944320K), 0.0464180 secs]
[GC 540642K->315961K(2944320K), 0.0402160 secs]
[GC 572164K->296091K(2944320K), 0.0437140 secs]
[GC 552347K->310180K(2944320K), 0.0406490 secs]
[GC 566436K->319745K(2944320K), 0.0417180 secs]
[GC 576001K->299521K(2944320K), 0.0393200 secs]
[GC 555770K->309126K(2944320K), 0.0492260 secs]
[GC 565382K->329589K(2944320K), 0.0403080 secs]
[GC 585845K->317065K(2944320K), 0.0401160 secs]
[GC 573300K->341145K(2944320K), 0.0420890 secs]
[GC 597384K->321114K(2944320K), 0.0424200 secs]
[GC 577370K->335201K(2944320K), 0.0403580 secs]
[GC 591432K->344936K(2944320K), 0.0434660 secs]
[GC 601152K->332637K(2944320K), 0.0397690 secs]
[GC 588829K->356342K(2944320K), 0.0412190 secs]
[GC 612598K->329335K(2944320K), 0.0388920 secs]
[GC 585591K->362358K(2944320K), 0.0375790 secs]
[GC 618614K->335444K(2944320K), 0.0393240 secs]
[GC 591641K->346147K(2944320K), 0.0395340 secs]
[GC 602403K->354783K(2944320K), 0.0456040 secs]
[GC 611039K->359350K(2944320K), 0.0401960 secs]
[GC 615606K->362788K(2944320K), 0.0386620 secs]
[GC 619044K->366052K(2944320K), 0.0442510 secs]
[GC 622271K->369430K(2944320K), 0.0409130 secs]
[GC 625686K->372862K(2944320K), 0.0391930 secs]
[GC 629118K->363444K(2944320K), 0.0463950 secs]
[GC 619700K->379692K(2944320K), 0.0394380 secs]
[GC 635948K->382560K(2944320K), 0.0379560 secs]
 INFO  [pool-1-thread-1] {org.radargun.stressors.StressTestStressor} Started 4 stressor threads.
 INFO  [Stressor-2] {org.radargun.stressors.StressTestStressor} Number of ops executed so far: 1. Elapsed time: 0.000 secs. Remaining: 1 mins 0 secs. Total: 1 mins 0 secs
[GC 638816K->385235K(2944320K), 0.0442950 secs]
[GC 641491K->400627K(2944320K), 0.0471800 secs]
[GC 656860K->431706K(2944320K), 0.0544870 secs]
[GC 687962K->446459K(2944320K), 0.0579270 secs]
[GC 702715K->476511K(2944320K), 0.0718600 secs]
[GC 732736K->502490K(2944320K), 0.0730520 secs]
[GC 758746K->521302K(2944320K), 0.0790110 secs]
[GC 777558K->528703K(2944320K), 0.0812390 secs]
[GC 784959K->571470K(2944320K), 0.0566060 secs]
[GC 827726K->589937K(2944320K), 0.0572430 secs]
[GC 846193K->560501K(2944320K), 0.0591960 secs]
[GC 816716K->607695K(2944320K), 0.0620140 secs]
 INFO  [Stressor-0] {org.radargun.stressors.StressTestStressor} Number of ops executed so far: 1720000. Elapsed time: 20.226 secs. Remaining: 39.774 secs. Total: 1 mins 0 secs
[GC 863951K->644095K(2944320K), 0.0723840 secs]
[GC 900321K->664152K(2944320K), 0.0695310 secs]
[GC 919500K->686395K(2944320K), 0.0650610 secs]
[GC 942651K->671333K(2944320K), 0.0517640 secs]
[GC 927543K->689635K(2944320K), 0.0580540 secs]
[GC 945891K->717386K(2944320K), 0.0662930 secs]
[GC 973642K->730748K(2944320K), 0.0627370 secs]
[GC 987004K->745904K(2944320K), 0.0590900 secs]
[GC 1002160K->764564K(2944320K), 0.0769740 secs]
[GC 1020820K->749270K(2944320K), 0.0594940 secs]
[GC 1005472K->789531K(2944320K), 0.0491090 secs]
[GC 1045787K->795532K(2944320K), 0.0548290 secs]
 INFO  [Stressor-2] {org.radargun.stressors.StressTestStressor} Number of ops executed so far: 2330000. Elapsed time: 40.318 secs. Remaining: 19.682 secs. Total: 1 mins 0 secs
[GC 1051788K->838823K(2944320K), 0.0700850 secs]
[GC 1095079K->827075K(2944320K), 0.0640080 secs]
[GC 1083331K->879333K(2944320K), 0.0795440 secs]
[GC 1135589K->861531K(2944320K), 0.0556340 secs]
[GC 1117443K->910350K(2944320K), 0.0822310 secs]
[GC 1166606K->937043K(2944320K), 0.0645460 secs]
[GC 1193299K->935241K(2944320K), 0.0702110 secs]
[GC 1191497K->953906K(2944320K), 0.0609770 secs]
[GC 1210162K->979722K(2944320K), 0.0580930 secs]
[GC 1235978K->985539K(2944320K), 0.0571250 secs]
[GC 1241795K->998916K(2944320K), 0.0653480 secs]
[GC 1254359K->1034422K(2944320K), 0.0557490 secs]
 INFO  [Stressor-1] {org.radargun.stressors.StressTestStressor} Number of ops executed so far: 5540000. Elapsed time: 1 mins 1 secs. Remaining: 0.000 secs. Total: 1 mins 0 secs
 INFO  [pool-1-thread-1] {org.radargun.stressors.StressTestStressor} Finished generating report. Test duration is: 1 mins 54 secs
 INFO  [pool-1-thread-1] {org.radargun.stages.StressTestStage} size info: Num direct children: 40, clusterSize:8, nodeIndex:6, cacheSize: -1
 INFO  [pool-1-thread-1] {org.radargun.Slave} Finished stage: StressTest {bulkSize=1, cacheSpecificKeyGenerator=false, commitTransactions=true, duration=1 mins 0 secs, entrySize=1000, exitBenchmarkOnSlaveFailure=false, fixedKeys=true, generateHistogramRange=false, keyGeneratorClass=org.radargun.stressors.StringKeyGenerator, keyGeneratorParam=null, loadAllKeys=false, numEntries=10000, numOfThreads=4, numRequests=10000000, numThreads=4, numberOfAttributes=10000, numberOfRequests=10000000, opsCountStatusLog=500000, poolKeys=true, preferAsyncOperations=false, removePercentage=0, replaceInvalidPercentage=40, runOnAllSlaves=false, sharedKeys=false, sizeOfAnAttribute=1000, slaves=null, transactionSize=10000, useAtomics=false, useHistogramStatistics=false, useSimpleStatistics=true, useSmartClassLoading=true, useTransactions=true, writePercentage=10, writeTxPercentage=5 }
 INFO  [main] {org.radargun.Slave} Ack successfully sent to the master
[GC 1290653K->1021179K(2944320K), 0.0561420 secs]
 INFO  [main] {org.radargun.Slave} Master shutdown!
 INFO  [Thread-0] {org.radargun.ShutDownHook} Slave process is being shutdown
