/usr/java/jdk1.7.0_21/bin/java -server -Xmx1024M -Xms1024M -Dresolve.dns=false -Djgroups.timer.num_threads=4 -verbose:gc -Xmx5000M -Xms3000M -server -XX:+UseConcMarkSweepGC -XX:+AggressiveOpts -verbose:gc -XX:ParallelGCThreads=4 -XX:NewRatio=5 -XX:SurvivorRatio=2 -Dhazelcast.operation.thread.count=4 -Djava.net.preferIPv4Stack=true -Dlog4j.file.prefix=deimos-esw-3664 -Dbind.address= -Djgroups.bind_addr= -classpath /home/smf/github/radargun/target/distribution/RadarGun-1.1.0-SNAPSHOT/lib/activation-1.1.jar:/home/smf/github/radargun/target/distribution/RadarGun-1.1.0-SNAPSHOT/lib/commons-beanutils-1.8.0.jar:/home/smf/github/radargun/target/distribution/RadarGun-1.1.0-SNAPSHOT/lib/commons-digester-2.0.jar:/home/smf/github/radargun/target/distribution/RadarGun-1.1.0-SNAPSHOT/lib/commons-logging-1.1.1.jar:/home/smf/github/radargun/target/distribution/RadarGun-1.1.0-SNAPSHOT/lib/commons-math-1.2.jar:/home/smf/github/radargun/target/distribution/RadarGun-1.1.0-SNAPSHOT/lib/jboss-transaction-api-1.0.1.GA.jar:/home/smf/github/radargun/target/distribution/RadarGun-1.1.0-SNAPSHOT/lib/jcommon-1.0.15.jar:/home/smf/github/radargun/target/distribution/RadarGun-1.1.0-SNAPSHOT/lib/jfreechart-1.0.12.jar:/home/smf/github/radargun/target/distribution/RadarGun-1.1.0-SNAPSHOT/lib/log4j-1.2.14.jar:/home/smf/github/radargun/target/distribution/RadarGun-1.1.0-SNAPSHOT/lib/mail-1.4.2.jar:/home/smf/github/radargun/target/distribution/RadarGun-1.1.0-SNAPSHOT/lib/radargun-framework-1.1.0-SNAPSHOT.jar:/home/smf/github/radargun/target/distribution/RadarGun-1.1.0-SNAPSHOT/conf org.radargun.Slave -master 127.0.0.1:2103
--------------------------------------------------------------------------------
PerNodeRollingFileAppender::Using file prefix:deimos-esw-3664
 INFO  [main] {org.radargun.Slave} Attempting to connect to master 127.0.0.1:2103
 INFO  [main] {org.radargun.Slave} Successfully established connection with master at: 127.0.0.1:2103
Loading JARS from /home/smf/github/radargun/target/distribution/RadarGun-1.1.0-SNAPSHOT/lib/radargun-framework-1.1.0-SNAPSHOT.jar
 INFO  [pool-1-thread-1] {org.radargun.config.AnnotatedHelper} Loading JARS from /home/smf/github/radargun/target/distribution/RadarGun-1.1.0-SNAPSHOT/lib/radargun-framework-1.1.0-SNAPSHOT.jar
 INFO  [pool-1-thread-1] {org.radargun.config.AnnotatedHelper} Loading JARS from /home/smf/github/radargun/target/distribution/RadarGun-1.1.0-SNAPSHOT/lib/radargun-framework-1.1.0-SNAPSHOT.jar
 INFO  [pool-1-thread-1] {org.radargun.Slave} Executing stage: DestroyWrapper {enforceMemoryThrashHold=true, exitBenchmarkOnSlaveFailure=false, heapDumpDir=null, memoryThreshold=95, runOnAllSlaves=true, slaves=null, useSmartClassLoading=true }
 INFO  [pool-1-thread-1] {org.radargun.stages.DestroyWrapperStage} Received destroy cache wrapper request from master...
 INFO  [pool-1-thread-1] {org.radargun.stages.DestroyWrapperStage} No cache wrapper deployed on this slave, nothing to do.
 INFO  [pool-1-thread-1] {org.radargun.stages.DestroyWrapperStage} Before executing clear, memory looks like this: Memory - free: 2,928,638 kb - max:4,906,688 kb- total:2,944,000 kb
[Full GC 15361K->3631K(2944000K), 0.0825510 secs]
 INFO  [pool-1-thread-1] {org.radargun.stages.DestroyWrapperStage} After executing cleanup, memory looks like this: Memory - free: 2,935,311 kb - max:4,906,688 kb- total:2,944,064 kb
 INFO  [pool-1-thread-1] {org.radargun.Slave} Finished stage: DestroyWrapper {enforceMemoryThrashHold=true, exitBenchmarkOnSlaveFailure=false, heapDumpDir=null, memoryThreshold=95, runOnAllSlaves=true, slaves=null, useSmartClassLoading=true }
 INFO  [main] {org.radargun.Slave} Ack successfully sent to the master
 INFO  [pool-1-thread-1] {org.radargun.Slave} Executing stage: StartCluster {config=ispn52-repl-sync-rc.xml, delayAfterFirstSlaveStarts=5.000 secs, delayBetweenStartingSlaves=0.500 secs, exitBenchmarkOnSlaveFailure=true, expectNumSlaves=null, mayFailOn=null, reachable=null, runOnAllSlaves=false, slaves=null, staggerSlaveStartup=true, useSmartClassLoading=true, validateCluster=true }
 INFO  [pool-1-thread-1] {org.radargun.stages.StartClusterStage}  Startup staggering, starting 10 slaves. This is the slave with index 8. Sleeping for 9000 millis.
 INFO  [pool-1-thread-1] {org.radargun.stages.StartClusterStage} Ack master's StartCluster stage. Local address is: /127.0.0.1. This slave's index is: 8
 INFO  [pool-1-thread-1] {org.radargun.utils.ClassLoadHelper} Creating newInstance org.radargun.cachewrappers.FFWrapper with classloader java.net.URLClassLoader@14320874
 INFO  [pool-1-thread-1] {org.radargun.cachewrappers.FFWrapper} config=ispn52-repl-sync-rc.xml, isLocal=false, nodeIndex=8, confAttributes={name=ispn52-repl-sync-rc.xml, decorate=infinispan52}
 INFO  [pool-1-thread-1] {org.radargun.cachewrappers.FFWrapper} Found fenix framework config options in 'rg-fenix-framework-config-options.properties'.
 INFO  [pool-1-thread-1] {org.radargun.cachewrappers.FFWrapper} Setting extra config properties for Fenix Framework.
 INFO  [pool-1-thread-1] {org.radargun.cachewrappers.FFWrapper} Will initialize Fenix Framework with RadarGunDataGridConfig
 TRACE [pool-1-thread-1] {pt.ist.fenixframework.FenixFramework} Static initializer block for FenixFramework class [BEGIN]
 INFO  [pool-1-thread-1] {pt.ist.fenixframework.FenixFramework} Trying auto-initialization with configuration by convention
 INFO  [pool-1-thread-1] {pt.ist.fenixframework.FenixFramework} Resource 'fenix-framework.properties' not found
 DEBUG [pool-1-thread-1] {pt.ist.fenixframework.FenixFramework} Fenix Framework properties after reading default config file:{}
 DEBUG [pool-1-thread-1] {pt.ist.fenixframework.FenixFramework} CurrentBackEndName = jvstm-datagrid
 INFO  [pool-1-thread-1] {pt.ist.fenixframework.FenixFramework} Resource 'fenix-framework-jvstm-datagrid.properties' not found
 DEBUG [pool-1-thread-1] {pt.ist.fenixframework.FenixFramework} Fenix Framework properties after reading backend config file:{}
 DEBUG [pool-1-thread-1] {pt.ist.fenixframework.FenixFramework} Fenix Framework properties after enforcing system properties:{}
 INFO  [pool-1-thread-1] {pt.ist.fenixframework.FenixFramework} Skipping configuration by convention.
 TRACE [pool-1-thread-1] {pt.ist.fenixframework.FenixFramework} Static initializer block for FenixFramework class [END]
 INFO  [pool-1-thread-1] {pt.ist.fenixframework.FenixFramework} Initializing Fenix Framework with config.class=pt.ist.fenixframework.backend.jvstm.datagrid.radargun.RadarGunDataGridConfig
 INFO  [pool-1-thread-1] {pt.ist.fenixframework.backend.jvstm.cluster.JvstmClusterBackEnd} initializeGroupCommunication()
 INFO  [pool-1-thread-1] {com.hazelcast.config.ClasspathXmlConfig} Configuring Hazelcast from 'hazelcast-ff.xml'.
 INFO  [pool-1-thread-1] {com.hazelcast.instance.DefaultAddressPicker} Interfaces is disabled, trying to pick one address from TCP-IP config addresses: [127.0.0.1]
 INFO  [pool-1-thread-1] {com.hazelcast.instance.DefaultAddressPicker} Picked Address[127.0.0.1]:5709, using socket ServerSocket[addr=/0.0.0.0,localport=5709], bind any local is true
 INFO  [pool-1-thread-1] {com.hazelcast.system} [127.0.0.1]:5709 [FenixFrameworkGroup] Hazelcast Community Edition 3.0.2 (20130906) starting at Address[127.0.0.1]:5709
 INFO  [pool-1-thread-1] {com.hazelcast.system} [127.0.0.1]:5709 [FenixFrameworkGroup] Copyright (C) 2008-2013 Hazelcast.com
 INFO  [pool-1-thread-1] {com.hazelcast.instance.Node} [127.0.0.1]:5709 [FenixFrameworkGroup] Creating MulticastJoiner
 INFO  [pool-1-thread-1] {com.hazelcast.core.LifecycleService} [127.0.0.1]:5709 [FenixFrameworkGroup] Address[127.0.0.1]:5709 is STARTING
 INFO  [pool-1-thread-1] {com.hazelcast.cluster.TcpIpJoiner} [127.0.0.1]:5709 [FenixFrameworkGroup] Connecting to possible member: Address[127.0.0.1]:5703
 INFO  [pool-1-thread-1] {com.hazelcast.cluster.TcpIpJoiner} [127.0.0.1]:5709 [FenixFrameworkGroup] Connecting to possible member: Address[127.0.0.1]:5702
 INFO  [pool-1-thread-1] {com.hazelcast.cluster.TcpIpJoiner} [127.0.0.1]:5709 [FenixFrameworkGroup] Connecting to possible member: Address[127.0.0.1]:5701
 INFO  [hz._hzInstance_1_FenixFrameworkGroup.cached.thread-1] {com.hazelcast.nio.SocketConnector} [127.0.0.1]:5709 [FenixFrameworkGroup] Connecting to /127.0.0.1:5701, timeout: 0, bind-any: true
 INFO  [hz._hzInstance_1_FenixFrameworkGroup.cached.thread-2] {com.hazelcast.nio.SocketConnector} [127.0.0.1]:5709 [FenixFrameworkGroup] Connecting to /127.0.0.1:5703, timeout: 0, bind-any: true
 INFO  [hz._hzInstance_1_FenixFrameworkGroup.cached.thread-3] {com.hazelcast.nio.SocketConnector} [127.0.0.1]:5709 [FenixFrameworkGroup] Connecting to /127.0.0.1:5702, timeout: 0, bind-any: true
 INFO  [hz._hzInstance_1_FenixFrameworkGroup.cached.thread-2] {com.hazelcast.nio.TcpIpConnectionManager} [127.0.0.1]:5709 [FenixFrameworkGroup] 36966 accepted socket connection from /127.0.0.1:5703
 INFO  [hz._hzInstance_1_FenixFrameworkGroup.cached.thread-1] {com.hazelcast.nio.TcpIpConnectionManager} [127.0.0.1]:5709 [FenixFrameworkGroup] 58445 accepted socket connection from /127.0.0.1:5701
 INFO  [hz._hzInstance_1_FenixFrameworkGroup.cached.thread-3] {com.hazelcast.nio.TcpIpConnectionManager} [127.0.0.1]:5709 [FenixFrameworkGroup] 36180 accepted socket connection from /127.0.0.1:5702
 INFO  [hz._hzInstance_1_FenixFrameworkGroup.cached.thread-2] {com.hazelcast.cluster.ClusterService} [127.0.0.1]:5709 [FenixFrameworkGroup] 

Members [10] {
	Member [127.0.0.1]:5701
	Member [127.0.0.1]:5702
	Member [127.0.0.1]:5704
	Member [127.0.0.1]:5705
	Member [127.0.0.1]:5706
	Member [127.0.0.1]:5703
	Member [127.0.0.1]:5707
	Member [127.0.0.1]:5708
	Member [127.0.0.1]:5709 this
	Member [127.0.0.1]:5710
}

 INFO  [hz._hzInstance_1_FenixFrameworkGroup.IO.thread-Acceptor] {com.hazelcast.nio.SocketAcceptor} [127.0.0.1]:5709 [FenixFrameworkGroup] Accepting socket connection from /127.0.0.1:44035
 INFO  [hz._hzInstance_1_FenixFrameworkGroup.IO.thread-Acceptor] {com.hazelcast.nio.TcpIpConnectionManager} [127.0.0.1]:5709 [FenixFrameworkGroup] 5709 accepted socket connection from /127.0.0.1:44035
 INFO  [hz._hzInstance_1_FenixFrameworkGroup.IO.thread-Acceptor] {com.hazelcast.nio.SocketAcceptor} [127.0.0.1]:5709 [FenixFrameworkGroup] Accepting socket connection from /127.0.0.1:57544
 INFO  [hz._hzInstance_1_FenixFrameworkGroup.IO.thread-Acceptor] {com.hazelcast.nio.TcpIpConnectionManager} [127.0.0.1]:5709 [FenixFrameworkGroup] 5709 accepted socket connection from /127.0.0.1:57544
 INFO  [hz._hzInstance_1_FenixFrameworkGroup.cached.thread-3] {com.hazelcast.nio.SocketConnector} [127.0.0.1]:5709 [FenixFrameworkGroup] Connecting to /127.0.0.1:5706, timeout: 0, bind-any: true
 INFO  [hz._hzInstance_1_FenixFrameworkGroup.IO.thread-Acceptor] {com.hazelcast.nio.SocketAcceptor} [127.0.0.1]:5709 [FenixFrameworkGroup] Accepting socket connection from /127.0.0.1:36806
 INFO  [hz._hzInstance_1_FenixFrameworkGroup.IO.thread-Acceptor] {com.hazelcast.nio.TcpIpConnectionManager} [127.0.0.1]:5709 [FenixFrameworkGroup] 5709 accepted socket connection from /127.0.0.1:36806
 INFO  [hz._hzInstance_1_FenixFrameworkGroup.cached.thread-3] {com.hazelcast.nio.TcpIpConnectionManager} [127.0.0.1]:5709 [FenixFrameworkGroup] 33202 accepted socket connection from /127.0.0.1:5706
 INFO  [hz._hzInstance_1_FenixFrameworkGroup.cached.thread-8] {com.hazelcast.nio.SocketConnector} [127.0.0.1]:5709 [FenixFrameworkGroup] Connecting to /127.0.0.1:5708, timeout: 0, bind-any: true
 INFO  [hz._hzInstance_1_FenixFrameworkGroup.cached.thread-4] {com.hazelcast.nio.SocketConnector} [127.0.0.1]:5709 [FenixFrameworkGroup] Connecting to /127.0.0.1:5707, timeout: 0, bind-any: true
 INFO  [hz._hzInstance_1_FenixFrameworkGroup.cached.thread-10] {com.hazelcast.nio.SocketConnector} [127.0.0.1]:5709 [FenixFrameworkGroup] Connecting to /127.0.0.1:5710, timeout: 0, bind-any: true
 INFO  [hz._hzInstance_1_FenixFrameworkGroup.cached.thread-8] {com.hazelcast.nio.TcpIpConnectionManager} [127.0.0.1]:5709 [FenixFrameworkGroup] 39883 accepted socket connection from /127.0.0.1:5708
 INFO  [hz._hzInstance_1_FenixFrameworkGroup.cached.thread-10] {com.hazelcast.nio.TcpIpConnectionManager} [127.0.0.1]:5709 [FenixFrameworkGroup] 49920 accepted socket connection from /127.0.0.1:5710
 INFO  [hz._hzInstance_1_FenixFrameworkGroup.IO.thread-Acceptor] {com.hazelcast.nio.SocketAcceptor} [127.0.0.1]:5709 [FenixFrameworkGroup] Accepting socket connection from /127.0.0.1:40940
 INFO  [hz._hzInstance_1_FenixFrameworkGroup.cached.thread-4] {com.hazelcast.nio.TcpIpConnectionManager} [127.0.0.1]:5709 [FenixFrameworkGroup] 37959 accepted socket connection from /127.0.0.1:5707
 INFO  [hz._hzInstance_1_FenixFrameworkGroup.IO.thread-Acceptor] {com.hazelcast.nio.TcpIpConnectionManager} [127.0.0.1]:5709 [FenixFrameworkGroup] 5709 accepted socket connection from /127.0.0.1:40940
 INFO  [hz._hzInstance_1_FenixFrameworkGroup.IO.thread-Acceptor] {com.hazelcast.nio.SocketAcceptor} [127.0.0.1]:5709 [FenixFrameworkGroup] Accepting socket connection from /127.0.0.1:53505
 INFO  [hz._hzInstance_1_FenixFrameworkGroup.IO.thread-Acceptor] {com.hazelcast.nio.TcpIpConnectionManager} [127.0.0.1]:5709 [FenixFrameworkGroup] 5709 accepted socket connection from /127.0.0.1:53505
 INFO  [hz._hzInstance_1_FenixFrameworkGroup.IO.thread-Acceptor] {com.hazelcast.nio.SocketAcceptor} [127.0.0.1]:5709 [FenixFrameworkGroup] Accepting socket connection from /127.0.0.1:33246
 INFO  [hz._hzInstance_1_FenixFrameworkGroup.IO.thread-Acceptor] {com.hazelcast.nio.TcpIpConnectionManager} [127.0.0.1]:5709 [FenixFrameworkGroup] 5709 accepted socket connection from /127.0.0.1:33246
 INFO  [pool-1-thread-1] {com.hazelcast.core.LifecycleService} [127.0.0.1]:5709 [FenixFrameworkGroup] Address[127.0.0.1]:5709 is STARTED
 INFO  [pool-1-thread-1] {pt.ist.fenixframework.backend.jvstm.cluster.ClusterUtils} Got (long) serverId: 8
 INFO  [pool-1-thread-1] {pt.ist.fenixframework.backend.jvstm.cluster.JvstmClusterBackEnd} This is NOT the first node.
 INFO  [pool-1-thread-1] {pt.ist.fenixframework.backend.jvstm.cluster.ClusterUtils} Waiting for startup from first node
 INFO  [pool-1-thread-1] {pt.ist.fenixframework.backend.jvstm.JVSTMBackEnd} initializeRepository()
 INFO  [pool-1-thread-1] {pt.ist.fenixframework.backend.jvstm.datagrid.radargun.DataGridDecorator} config=ispn52-repl-sync-rc.xml, isLocal=false, nodeIndex=8, confAttributes={name=ispn52-repl-sync-rc.xml}
 INFO  [pool-1-thread-1] {org.radargun.cachewrappers.InfinispanXSWrapper} Cannot find any site for slave index 8
[GC 259695K->13080K(2944064K), 0.0431360 secs]
 INFO  [pool-1-thread-1] {org.infinispan.remoting.transport.jgroups.JGroupsTransport} ISPN000078: Starting JGroups Channel
 WARN  [pool-1-thread-1] {org.jgroups.protocols.UDP} [JGRP00014] the send buffer of socket DatagramSocket was set to 640KB, but the OS only allocated 229.38KB. This might lead to performance problems. Please set your max send buffer in the OS correctly (e.g. net.core.wmem_max on Linux)
 WARN  [pool-1-thread-1] {org.jgroups.protocols.UDP} [JGRP00014] the receive buffer of socket DatagramSocket was set to 20MB, but the OS only allocated 229.38KB. This might lead to performance problems. Please set your max receive buffer in the OS correctly (e.g. net.core.rmem_max on Linux)
 WARN  [pool-1-thread-1] {org.jgroups.protocols.UDP} [JGRP00014] the send buffer of socket MulticastSocket was set to 640KB, but the OS only allocated 229.38KB. This might lead to performance problems. Please set your max send buffer in the OS correctly (e.g. net.core.wmem_max on Linux)
 WARN  [pool-1-thread-1] {org.jgroups.protocols.UDP} [JGRP00014] the receive buffer of socket MulticastSocket was set to 25MB, but the OS only allocated 229.38KB. This might lead to performance problems. Please set your max receive buffer in the OS correctly (e.g. net.core.rmem_max on Linux)
 INFO  [pool-1-thread-1] {org.infinispan.remoting.transport.jgroups.JGroupsTransport} ISPN000094: Received new cluster view: [deimos-esw-54793|6] [deimos-esw-54793, deimos-esw-29119, deimos-esw-20477, deimos-esw-3537, deimos-esw-28090, deimos-esw-52660, deimos-esw-47278, deimos-esw-57185, deimos-esw-33880, deimos-esw-45371]
 INFO  [pool-1-thread-1] {org.infinispan.remoting.transport.jgroups.JGroupsTransport} ISPN000079: Cache local address is deimos-esw-33880, physical addresses are [127.0.0.1:52008]
 INFO  [pool-1-thread-1] {org.infinispan.factories.GlobalComponentRegistry} ISPN000128: Infinispan version: Infinispan 'Delirium' 5.2.6.Final
 INFO  [pool-1-thread-1] {org.infinispan.transaction.lookup.JBossStandaloneJTAManagerLookup} ISPN000107: Retrieving transaction manager Transaction: unknown
 INFO  [pool-1-thread-1] {org.infinispan.jmx.CacheJmxRegistration} ISPN000031: MBeans were successfully registered to the platform MBean server.
 INFO  [pool-1-thread-1] {org.radargun.cachewrappers.InfinispanXSWrapper} Using transaction manager: Transaction: unknown
 INFO  [pool-1-thread-1] {org.radargun.cachewrappers.InfinispanXSWrapper} No RELAY2 protocol in XS wrapper
 INFO  [pool-1-thread-1] {org.radargun.cachewrappers.InfinispanXSWrapper} JGroups version: JGroups 3.2.7.Final
 INFO  [pool-1-thread-1] {org.radargun.cachewrappers.InfinispanXSWrapper} Using config attributes: {name=ispn52-repl-sync-rc.xml}
 INFO  [pool-1-thread-1] {pt.ist.fenixframework.backend.jvstm.datagrid.DataGridRepository} Initialization marker is present. Data Grid already existed.
 INFO  [pool-1-thread-1] {pt.ist.fenixframework.backend.jvstm.JVSTMBackEnd} initializeDomainClassInfos
 INFO  [pool-1-thread-1] {pt.ist.fenixframework.backend.jvstm.pstm.DomainClassInfo} serverId: 8, serverOidBase: 8000000000000
 INFO  [pool-1-thread-1] {pt.ist.fenixframework.backend.jvstm.pstm.DomainClassInfo} Existing domain class 'pt.ist.fenixframework.adt.bplustree.InnerNode' with id '8'
 INFO  [pool-1-thread-1] {pt.ist.fenixframework.backend.jvstm.pstm.DomainClassInfo} Existing domain class 'pt.ist.fenixframework.adt.bplustree.AbstractNode' with id 'f'
 INFO  [pool-1-thread-1] {pt.ist.fenixframework.backend.jvstm.pstm.DomainClassInfo} Existing domain class 'pt.ist.fenixframework.adt.bplustree.DomainInnerNode' with id '3'
 INFO  [pool-1-thread-1] {pt.ist.fenixframework.backend.jvstm.pstm.DomainClassInfo} Existing domain class 'pt.ist.fenixframework.adt.bplustree.AbstractNodeArray' with id 'a'
 INFO  [pool-1-thread-1] {pt.ist.fenixframework.backend.jvstm.pstm.DomainClassInfo} Existing domain class 'pt.ist.fenixframework.adt.bplustree.LeafNode' with id '4'
 INFO  [pool-1-thread-1] {pt.ist.fenixframework.backend.jvstm.pstm.DomainClassInfo} Existing domain class 'pt.ist.fenixframework.backend.jvstm.pstm.FenixFrameworkData' with id 'd'
 INFO  [pool-1-thread-1] {pt.ist.fenixframework.backend.jvstm.pstm.DomainClassInfo} Existing domain class 'pt.ist.fenixframework.adt.linkedlist.LinkedList' with id '9'
 INFO  [pool-1-thread-1] {pt.ist.fenixframework.backend.jvstm.pstm.DomainClassInfo} Existing domain class 'pt.ist.fenixframework.adt.bplustree.BPlusTreeArray' with id '2'
 INFO  [pool-1-thread-1] {pt.ist.fenixframework.backend.jvstm.pstm.DomainClassInfo} Existing domain class 'pt.ist.fenixframework.adt.bplustree.DomainLeafNode' with id '1'
 INFO  [pool-1-thread-1] {pt.ist.fenixframework.backend.jvstm.pstm.DomainClassInfo} Existing domain class 'pt.ist.fenixframework.backend.jvstm.pstm.TransactionStatisticsEntry' with id '5'
 INFO  [pool-1-thread-1] {pt.ist.fenixframework.backend.jvstm.pstm.DomainClassInfo} Existing domain class 'pt.ist.fenixframework.adt.bplustree.DomainBPlusTree' with id 'e'
 INFO  [pool-1-thread-1] {pt.ist.fenixframework.backend.jvstm.pstm.DomainClassInfo} Existing domain class 'pt.ist.fenixframework.adt.linkedlist.ListNode' with id '6'
 INFO  [pool-1-thread-1] {pt.ist.fenixframework.backend.jvstm.pstm.DomainClassInfo} Existing domain class 'pt.ist.fenixframework.adt.bplustree.LeafNodeArray' with id 'c'
 INFO  [pool-1-thread-1] {pt.ist.fenixframework.backend.jvstm.pstm.DomainClassInfo} Existing domain class 'pt.ist.fenixframework.DomainRoot' with id '0'
 INFO  [pool-1-thread-1] {pt.ist.fenixframework.backend.jvstm.pstm.DomainClassInfo} Existing domain class 'pt.ist.fenixframework.adt.bplustree.InnerNodeArray' with id 'b'
 INFO  [pool-1-thread-1] {pt.ist.fenixframework.backend.jvstm.pstm.DomainClassInfo} Existing domain class 'pt.ist.fenixframework.adt.bplustree.BPlusTree' with id '7'
 INFO  [pool-1-thread-1] {pt.ist.fenixframework.backend.jvstm.JVSTMBackEnd} setupJVSTM
 INFO  [pool-1-thread-1] {pt.ist.fenixframework.backend.jvstm.JVSTMBackEnd} Setting the last committed TX number to 2
 INFO  [pool-1-thread-1] {pt.ist.fenixframework.backend.jvstm.JVSTMBackEnd} createDomainRootIfNeeded
 INFO  [pool-1-thread-1] {pt.ist.fenixframework.backend.jvstm.JVSTMBackEnd} ensureFenixFrameworkDataExists
 INFO  [pool-1-thread-1] {pt.ist.fenixframework.hibernatesearch.HibernateSearchConfig} Resource 'fenix-framework-hibernate-search.properties' not found. Hibernate Search disabled
 INFO  [pool-1-thread-1] {pt.ist.fenixframework.FenixFramework} Initialization of Fenix Framework is now complete.
 INFO  [pool-1-thread-1] {org.radargun.cachewrappers.FFWrapper} FF STARTED=true
 INFO  [pool-1-thread-1] {org.radargun.stages.helpers.StartHelper} Number of members is the one expected: 10
 INFO  [pool-1-thread-1] {org.radargun.stages.StartClusterStage} Successfully started cache wrapper on slave 8: org.radargun.cachewrappers.FFWrapper@78bcf8b5
 INFO  [pool-1-thread-1] {org.radargun.Slave} Finished stage: StartCluster {config=ispn52-repl-sync-rc.xml, delayAfterFirstSlaveStarts=5.000 secs, delayBetweenStartingSlaves=0.500 secs, exitBenchmarkOnSlaveFailure=true, expectNumSlaves=null, mayFailOn=null, reachable=null, runOnAllSlaves=false, slaves=null, staggerSlaveStartup=true, useSmartClassLoading=true, validateCluster=true }
 INFO  [main] {org.radargun.Slave} Ack successfully sent to the master
 INFO  [pool-1-thread-1] {org.radargun.Slave} Executing stage: ClusterValidation {exitBenchmarkOnSlaveFailure=false, partialReplication=false, replicationTimeSleep=2000, replicationTryCount=60, runOnAllSlaves=false, slaves=null, useSmartClassLoading=true }
 INFO  [pool-1-thread-1] {org.radargun.stages.ClusterValidationStage} Number of caches that replicated here is 1
 INFO  [pool-1-thread-1] {org.radargun.stages.ClusterValidationStage} Replication test failed, 1 tries so far. Sleeping for 2 seconds and trying again.
 INFO  [pool-1-thread-1] {org.radargun.stages.ClusterValidationStage} Number of caches that replicated here is 9
 INFO  [pool-1-thread-1] {org.radargun.stages.ClusterValidationStage} Replication test successfully passed. partialReplication? false, replicationCount = 9
 INFO  [pool-1-thread-1] {org.radargun.stages.ClusterValidationStage} Confirm phase successful.
 INFO  [pool-1-thread-1] {org.radargun.Slave} Finished stage: ClusterValidation {exitBenchmarkOnSlaveFailure=false, partialReplication=false, replicationTimeSleep=2000, replicationTryCount=60, runOnAllSlaves=false, slaves=[ 0, 1, 2, 3, 4, 5, 6, 7, 8, 9 ], useSmartClassLoading=true }
 INFO  [main] {org.radargun.Slave} Ack successfully sent to the master
 INFO  [pool-1-thread-1] {org.radargun.Slave} Executing stage: StressTestWarmup {bulkSize=1, cacheSpecificKeyGenerator=false, commitTransactions=true, duration=1 mins 0 secs, entrySize=1000, exitBenchmarkOnSlaveFailure=false, fixedKeys=true, generateHistogramRange=false, keyGeneratorClass=org.radargun.stressors.StringKeyGenerator, keyGeneratorParam=null, loadAllKeys=false, numEntries=100, numOfThreads=4, numRequests=10000, numThreads=4, numberOfAttributes=100, numberOfRequests=10000, opsCountStatusLog=100000, poolKeys=true, preferAsyncOperations=false, removePercentage=0, replaceInvalidPercentage=40, runOnAllSlaves=false, sharedKeys=false, sizeOfAnAttribute=1000, slaves=null, transactionSize=50, useAtomics=false, useHistogramStatistics=false, useSimpleStatistics=true, useSmartClassLoading=true, useTransactions=null, writePercentage=20, writeTxPercentage=20 }
 INFO  [pool-1-thread-1] {org.radargun.stages.StressTestWarmupStage} Starting StressTestWarmupStage: StressTestWarmup {bulkSize=1, cacheSpecificKeyGenerator=false, commitTransactions=true, duration=1 mins 0 secs, entrySize=1000, exitBenchmarkOnSlaveFailure=false, fixedKeys=true, generateHistogramRange=false, keyGeneratorClass=org.radargun.stressors.StringKeyGenerator, keyGeneratorParam=null, loadAllKeys=false, numEntries=100, numOfThreads=4, numRequests=10000, numThreads=4, numberOfAttributes=100, numberOfRequests=10000, opsCountStatusLog=100000, poolKeys=true, preferAsyncOperations=false, removePercentage=0, replaceInvalidPercentage=40, runOnAllSlaves=false, sharedKeys=false, sizeOfAnAttribute=1000, slaves=null, transactionSize=50, useAtomics=false, useHistogramStatistics=false, useSimpleStatistics=true, useSmartClassLoading=true, useTransactions=null, writePercentage=20, writeTxPercentage=20 }
 INFO  [pool-1-thread-1] {org.radargun.stressors.StressTestStressor} Using key generator org.radargun.stressors.StringKeyGenerator, param null
 INFO  [pool-1-thread-1] {org.radargun.stressors.StressTestStressor} Executing: StressTestStressor{opsCountStatusLog=100000, numRequests=10000, numEntries=100, entrySize=1000, writePercentage=20, numThreads=4, cacheWrapper=org.radargun.cachewrappers.FFWrapper@78bcf8b5, nodeIndex=8, useTransactions=true, transactionSize=50, commitTransactions=true, durationMillis=60000}
 INFO  [pool-1-thread-1] {org.radargun.stressors.StressTestStressor} Cache wrapper info is: FFWrapper using infinispan52
[GC 269144K->20417K(2944064K), 0.0534030 secs]
[GC 276481K->18047K(2944064K), 0.0380690 secs]
 INFO  [pool-1-thread-1] {org.radargun.stressors.StressTestStressor} Started 4 stressor threads.
 INFO  [Stressor-1] {org.radargun.stressors.StressTestStressor} Number of ops executed so far: 1. Elapsed time: 0.001 secs. Remaining: 59.999 secs. Total: 1 mins 0 secs
[GC 274111K->19798K(2944064K), 0.0384410 secs]
[GC 275862K->22648K(2944064K), 0.0310910 secs]
[GC 278712K->24080K(2944064K), 0.0366980 secs]
[GC 280144K->28858K(2944064K), 0.0384710 secs]
[GC 284922K->38205K(2944064K), 0.0433040 secs]
 INFO  [Stressor-1] {org.radargun.stressors.StressTestStressor} Number of ops executed so far: 11650. Elapsed time: 20.007 secs. Remaining: 39.993 secs. Total: 1 mins 0 secs
[GC 294269K->38759K(2944064K), 0.0453960 secs]
[Full GC 43540K->26503K(2944064K), 0.2328390 secs]
[GC 282684K->50743K(2944256K), 0.0275840 secs]
[GC 306935K->39701K(2944256K), 0.0293180 secs]
[GC 295893K->48765K(2944256K), 0.0327320 secs]
[GC 304957K->52348K(2944256K), 0.0310730 secs]
 INFO  [Stressor-3] {org.radargun.stressors.StressTestStressor} Number of ops executed so far: 33300. Elapsed time: 40.203 secs. Remaining: 19.797 secs. Total: 1 mins 0 secs
[GC 308540K->60801K(2944256K), 0.0348240 secs]
[GC 316993K->64956K(2944256K), 0.0339130 secs]
[GC 321148K->68995K(2944256K), 0.0369690 secs]
[GC 325187K->73970K(2944256K), 0.0402540 secs]
[GC 330162K->75074K(2944256K), 0.0372190 secs]
[GC 331266K->89317K(2944256K), 0.0424140 secs]
 INFO  [pool-1-thread-1] {org.radargun.stressors.StressTestStressor} Finished generating report. Test duration is: 1 mins 15 secs
 INFO  [pool-1-thread-1] {org.radargun.stages.StressTestWarmupStage} The warmup took: 75 seconds.
 INFO  [pool-1-thread-1] {org.radargun.Slave} Finished stage: StressTestWarmup {bulkSize=1, cacheSpecificKeyGenerator=false, commitTransactions=true, duration=1 mins 0 secs, entrySize=1000, exitBenchmarkOnSlaveFailure=false, fixedKeys=true, generateHistogramRange=false, keyGeneratorClass=org.radargun.stressors.StringKeyGenerator, keyGeneratorParam=null, loadAllKeys=false, numEntries=100, numOfThreads=4, numRequests=10000, numThreads=4, numberOfAttributes=100, numberOfRequests=10000, opsCountStatusLog=100000, poolKeys=true, preferAsyncOperations=false, removePercentage=0, replaceInvalidPercentage=40, runOnAllSlaves=false, sharedKeys=false, sizeOfAnAttribute=1000, slaves=null, transactionSize=50, useAtomics=false, useHistogramStatistics=false, useSimpleStatistics=true, useSmartClassLoading=true, useTransactions=null, writePercentage=20, writeTxPercentage=20 }
 INFO  [main] {org.radargun.Slave} Ack successfully sent to the master
[GC 345509K->100358K(2944256K), 0.0419180 secs]
[GC 356550K->105775K(2944256K), 0.0445590 secs]
[GC 361967K->91951K(2944256K), 0.0452680 secs]
[GC 348143K->103997K(2944256K), 0.0454250 secs]
[GC 360189K->99192K(2944256K), 0.0484330 secs]
[GC 355384K->113319K(2944256K), 0.0598860 secs]
[GC 369511K->93601K(2944256K), 0.0525270 secs]
[GC 349793K->115631K(2944256K), 0.0535610 secs]
[GC 371823K->114332K(2944256K), 0.0542780 secs]
[GC 370524K->121210K(2944256K), 0.0567530 secs]
[GC 377402K->126699K(2944256K), 0.0542810 secs]
[GC 382891K->132601K(2944256K), 0.0534900 secs]
[GC 388793K->152561K(2944256K), 0.0587450 secs]
[GC 408753K->129468K(2944256K), 0.0534890 secs]
[GC 385660K->170809K(2944256K), 0.0666890 secs]
[GC 427001K->194383K(2944256K), 0.0633830 secs]
[GC 450575K->212422K(2944256K), 0.0901250 secs]
 INFO  [pool-1-thread-1] {org.radargun.Slave} Executing stage: ClearClusterStage {ClearCluster {exitBenchmarkOnSlaveFailure=false, runOnAllSlaves=false, slaves=[ 0 ], useSmartClassLoading=true }
 INFO  [pool-1-thread-1] {org.radargun.stages.ClearClusterStage} Before executing clear, memory looks like this: Memory - free: 2,579,002 kb - max:4,906,688 kb- total:2,944,256 kb
[Full GC 365253K->167419K(2944256K), 0.8054640 secs]
 INFO  [pool-1-thread-1] {org.radargun.stages.ClearClusterStage} After executing cleanup, memory looks like this: Memory - free: 2,775,807 kb - max:4,906,688 kb- total:2,944,192 kb
 INFO  [pool-1-thread-1] {org.radargun.Slave} Finished stage: ClearClusterStage {ClearCluster {exitBenchmarkOnSlaveFailure=false, runOnAllSlaves=false, slaves=[ 0 ], useSmartClassLoading=true }
 INFO  [main] {org.radargun.Slave} Ack successfully sent to the master
 INFO  [pool-1-thread-1] {org.radargun.Slave} Executing stage: StressTest {bulkSize=1, cacheSpecificKeyGenerator=false, commitTransactions=true, duration=1 mins 0 secs, entrySize=1000, exitBenchmarkOnSlaveFailure=false, fixedKeys=true, generateHistogramRange=false, keyGeneratorClass=org.radargun.stressors.StringKeyGenerator, keyGeneratorParam=null, loadAllKeys=false, numEntries=10000, numOfThreads=4, numRequests=10000000, numThreads=4, numberOfAttributes=10000, numberOfRequests=10000000, opsCountStatusLog=500000, poolKeys=true, preferAsyncOperations=false, removePercentage=0, replaceInvalidPercentage=40, runOnAllSlaves=false, sharedKeys=false, sizeOfAnAttribute=1000, slaves=null, transactionSize=10000, useAtomics=false, useHistogramStatistics=false, useSimpleStatistics=true, useSmartClassLoading=true, useTransactions=true, writePercentage=10, writeTxPercentage=5 }
 INFO  [pool-1-thread-1] {org.radargun.stages.StressTestStage} Starting StressTestStage: StressTest {bulkSize=1, cacheSpecificKeyGenerator=false, commitTransactions=true, duration=1 mins 0 secs, entrySize=1000, exitBenchmarkOnSlaveFailure=false, fixedKeys=true, generateHistogramRange=false, keyGeneratorClass=org.radargun.stressors.StringKeyGenerator, keyGeneratorParam=null, loadAllKeys=false, numEntries=10000, numOfThreads=4, numRequests=10000000, numThreads=4, numberOfAttributes=10000, numberOfRequests=10000000, opsCountStatusLog=500000, poolKeys=true, preferAsyncOperations=false, removePercentage=0, replaceInvalidPercentage=40, runOnAllSlaves=false, sharedKeys=false, sizeOfAnAttribute=1000, slaves=null, transactionSize=10000, useAtomics=false, useHistogramStatistics=false, useSimpleStatistics=true, useSmartClassLoading=true, useTransactions=true, writePercentage=10, writeTxPercentage=5 }
 INFO  [pool-1-thread-1] {org.radargun.stressors.StressTestStressor} Using key generator org.radargun.stressors.StringKeyGenerator, param null
 INFO  [pool-1-thread-1] {org.radargun.stressors.StressTestStressor} Executing: StressTestStressor{opsCountStatusLog=500000, numRequests=10000000, numEntries=10000, entrySize=1000, writePercentage=10, numThreads=4, cacheWrapper=org.radargun.cachewrappers.FFWrapper@78bcf8b5, nodeIndex=8, useTransactions=true, transactionSize=10000, commitTransactions=true, durationMillis=60000}
 INFO  [pool-1-thread-1] {org.radargun.stressors.StressTestStressor} Cache wrapper info is: FFWrapper using infinispan52
[GC 423547K->244221K(2944192K), 0.0280070 secs]
[GC 500349K->187140K(2944192K), 0.0342850 secs]
[GC 443268K->176531K(2944192K), 0.0295230 secs]
[GC 432659K->178512K(2944192K), 0.0305090 secs]
[GC 434640K->180851K(2944192K), 0.0310410 secs]
[GC 436979K->184064K(2944192K), 0.0378700 secs]
[GC 440192K->187296K(2944192K), 0.0343860 secs]
[GC 443424K->190233K(2944192K), 0.0323430 secs]
[GC 446361K->193272K(2944192K), 0.0368340 secs]
[GC 449400K->196224K(2944192K), 0.0379300 secs]
[GC 452352K->199235K(2944192K), 0.0389360 secs]
[GC 455363K->195921K(2944192K), 0.0392530 secs]
[GC 452049K->203323K(2944192K), 0.0371040 secs]
[GC 459451K->206469K(2944192K), 0.0403240 secs]
[GC 462597K->203843K(2944192K), 0.0419190 secs]
[GC 459971K->216049K(2944192K), 0.0472370 secs]
[GC 472177K->208770K(2944192K), 0.0479600 secs]
[GC 464898K->209761K(2944192K), 0.0389700 secs]
[GC 465889K->212408K(2944192K), 0.0410360 secs]
[GC 468536K->214799K(2944192K), 0.0401020 secs]
[GC 470927K->217107K(2944192K), 0.0441120 secs]
[GC 473235K->219223K(2944192K), 0.0503910 secs]
[GC 475351K->222056K(2944192K), 0.0384870 secs]
[GC 478184K->222732K(2944192K), 0.0431730 secs]
[GC 478860K->224380K(2944192K), 0.0408200 secs]
[GC 480508K->226813K(2944192K), 0.0413150 secs]
[GC 482941K->228947K(2944192K), 0.0410790 secs]
[GC 485075K->230726K(2944192K), 0.0565290 secs]
[GC 486854K->225141K(2944192K), 0.0450770 secs]
[GC 481269K->227000K(2944192K), 0.0404340 secs]
[GC 483128K->227563K(2944192K), 0.0415800 secs]
[GC 483691K->229328K(2944192K), 0.0425990 secs]
[GC 485456K->231051K(2944192K), 0.0438620 secs]
[GC 487179K->232844K(2944192K), 0.0434010 secs]
[GC 488972K->241439K(2944192K), 0.0450010 secs]
[GC 497567K->236488K(2944192K), 0.0400330 secs]
[GC 492616K->236405K(2944192K), 0.0457360 secs]
[GC 492533K->244047K(2944192K), 0.0417390 secs]
[GC 500175K->239015K(2944192K), 0.0380530 secs]
[GC 495143K->247993K(2944192K), 0.0423770 secs]
[GC 504121K->249708K(2944192K), 0.0422970 secs]
[GC 505836K->251675K(2944192K), 0.0391970 secs]
[GC 507803K->253575K(2944192K), 0.0486560 secs]
[GC 509703K->253282K(2944192K), 0.0381190 secs]
[GC 509410K->254555K(2944192K), 0.0415860 secs]
[GC 510683K->256172K(2944192K), 0.0405620 secs]
[GC 512300K->258092K(2944192K), 0.0373870 secs]
[GC 514220K->260642K(2944192K), 0.0400630 secs]
[GC 516770K->262726K(2944192K), 0.0410220 secs]
[GC 518854K->263018K(2944192K), 0.0404840 secs]
[GC 519146K->264528K(2944192K), 0.0445420 secs]
[GC 520656K->279445K(2944192K), 0.0503800 secs]
[GC 535573K->297021K(2944192K), 0.0518940 secs]
[GC 553149K->317245K(2944192K), 0.0544200 secs]
[GC 573373K->348552K(2944192K), 0.0684210 secs]
[GC 604680K->367862K(2944192K), 0.0872430 secs]
[GC 622133K->356894K(2944192K), 0.1033520 secs]
[GC 613022K->387974K(2944192K), 0.0910630 secs]
[GC 644068K->391589K(2944192K), 0.0760160 secs]
[GC 647717K->388708K(2944192K), 0.0689470 secs]
[GC 644836K->417938K(2944192K), 0.0685580 secs]
[GC 672685K->418331K(2944192K), 0.0685080 secs]
[GC 674459K->446947K(2944192K), 0.0678730 secs]
[GC 703075K->475846K(2944192K), 0.0701340 secs]
[GC 731974K->457299K(2944192K), 0.0638050 secs]
[GC 713421K->497620K(2944192K), 0.0661660 secs]
[GC 753748K->492539K(2944192K), 0.0678290 secs]
[GC 748667K->507614K(2944192K), 0.0641140 secs]
[GC 763061K->543458K(2944192K), 0.0702150 secs]
[GC 799586K->524166K(2944192K), 0.0653740 secs]
[GC 780294K->576631K(2944192K), 0.0895120 secs]
[GC 832759K->549531K(2944192K), 0.0664750 secs]
[GC 804496K->599523K(2944192K), 0.0639980 secs]
[GC 855651K->575797K(2944192K), 0.0869280 secs]
[GC 831925K->616498K(2944192K), 0.0642130 secs]
[GC 872626K->622599K(2944192K), 0.0613350 secs]
[GC 878183K->637484K(2944192K), 0.0711400 secs]
[GC 893612K->637155K(2944192K), 0.0700520 secs]
[GC 893283K->653174K(2944192K), 0.0708390 secs]
[GC 909302K->663706K(2944192K), 0.0747570 secs]
[GC 918897K->693553K(2944192K), 0.0861100 secs]
[GC 949681K->695655K(2944192K), 0.0764550 secs]
[GC 950234K->705971K(2944192K), 0.0741450 secs]
[GC 962099K->704001K(2944192K), 0.0694200 secs]
[GC 960129K->745652K(2944192K), 0.0529390 secs]
[GC 1001780K->730898K(2944192K), 0.0631610 secs]
[GC 987026K->751850K(2944192K), 0.0489020 secs]
[GC 1007978K->719388K(2944192K), 0.0556830 secs]
[GC 975516K->759680K(2944192K), 0.0536260 secs]
[GC 1015808K->744293K(2944192K), 0.0685980 secs]
[GC 1000421K->765017K(2944192K), 0.0574410 secs]
[GC 1021145K->742956K(2944192K), 0.0551870 secs]
[GC 999084K->775060K(2944192K), 0.0572390 secs]
[GC 1031188K->761850K(2944192K), 0.0721470 secs]
[GC 1017978K->766880K(2944192K), 0.0515980 secs]
[GC 1023008K->762903K(2944192K), 0.0552620 secs]
[GC 1019031K->766907K(2944192K), 0.0562550 secs]
[GC 1023035K->773437K(2944192K), 0.0602220 secs]
[GC 1029565K->792468K(2944192K), 0.0707510 secs]
[GC 1048596K->774499K(2944192K), 0.0537760 secs]
[GC 1030627K->781955K(2944192K), 0.0608030 secs]
[GC 1038083K->778050K(2944192K), 0.0552170 secs]
[GC 1034178K->788151K(2944192K), 0.0709130 secs]
[GC 1044279K->793085K(2944192K), 0.0622760 secs]
[GC 1049213K->796652K(2944192K), 0.0548310 secs]
[GC 1052780K->802296K(2944192K), 0.0578990 secs]
[GC 1058424K->807687K(2944192K), 0.0567600 secs]
[GC 1063815K->798271K(2944192K), 0.0533830 secs]
[GC 1054399K->805670K(2944192K), 0.0539050 secs]
[GC 1061798K->807943K(2944192K), 0.0618700 secs]
[GC 1064071K->812556K(2944192K), 0.0549280 secs]
[GC 1068684K->818171K(2944192K), 0.0569690 secs]
[GC 1074299K->823154K(2944192K), 0.0570990 secs]
[GC 1079282K->829076K(2944192K), 0.0534530 secs]
[GC 1085204K->799012K(2944192K), 0.0539150 secs]
[GC 1055140K->814382K(2944192K), 0.0536070 secs]
[GC 1070510K->825285K(2944192K), 0.0584590 secs]
[GC 1081413K->831924K(2944192K), 0.0615170 secs]
[GC 1088052K->837919K(2944192K), 0.0596750 secs]
 INFO  [pool-1-thread-1] {org.radargun.stressors.StressTestStressor} Started 4 stressor threads.
 INFO  [Stressor-2] {org.radargun.stressors.StressTestStressor} Number of ops executed so far: 1. Elapsed time: 0.000 secs. Remaining: 1 mins 0 secs. Total: 1 mins 0 secs
[GC 1094047K->856259K(2944192K), 0.0702910 secs]
[GC 1112387K->853263K(2944192K), 0.0665560 secs]
[GC 1109391K->858099K(2944192K), 0.0672960 secs]
[GC 1113415K->864586K(2944192K), 0.0718530 secs]
[GC 1119629K->899188K(2944192K), 0.0699230 secs]
[GC 1155316K->905405K(2944192K), 0.0672220 secs]
[GC 1159772K->899073K(2944192K), 0.0591390 secs]
[GC 1155201K->903484K(2944192K), 0.0552510 secs]
[GC 1159612K->899021K(2944192K), 0.0631240 secs]
[GC 1154625K->900639K(2944192K), 0.0567340 secs]
[GC 1156767K->932375K(2944192K), 0.0491740 secs]
[GC 1188503K->969272K(2944192K), 0.0628610 secs]
[GC 1225400K->953399K(2944192K), 0.0711360 secs]
[GC 1209527K->951081K(2944192K), 0.0722910 secs]
[GC 1207209K->970519K(2944192K), 0.0535720 secs]
[GC 1225317K->986858K(2944192K), 0.0631170 secs]
[GC 1242957K->999759K(2944192K), 0.0639880 secs]
[GC 1255887K->988436K(2944192K), 0.0670530 secs]
[GC 1244564K->1005796K(2944192K), 0.0626640 secs]
[GC 1261924K->1000700K(2944192K), 0.0572370 secs]
 INFO  [Stressor-0] {org.radargun.stressors.StressTestStressor} Number of ops executed so far: 3444535. Elapsed time: 20.000 secs. Remaining: 40.000 secs. Total: 1 mins 0 secs
[GC 1256828K->1020063K(2944192K), 0.0574940 secs]
[GC 1275033K->1010159K(2944192K), 0.0608060 secs]
[GC 1266287K->1037340K(2944192K), 0.0556410 secs]
[GC 1293454K->1043299K(2944192K), 0.0763640 secs]
[GC 1296318K->1048103K(2944192K), 0.0760840 secs]
[GC 1304231K->1058141K(2944192K), 0.0663470 secs]
[GC 1314269K->1056954K(2944192K), 0.0520370 secs]
[GC 1313061K->1085106K(2944192K), 0.0554030 secs]
[GC 1341234K->1084773K(2944192K), 0.0689270 secs]
[GC 1340901K->1072269K(2944192K), 0.0600740 secs]
[GC 1328397K->1101042K(2944192K), 0.0528850 secs]
[GC 1357170K->1109721K(2944192K), 0.0701390 secs]
[GC 1365849K->1114699K(2944192K), 0.0644180 secs]
[GC 1368435K->1161838K(2944192K), 0.0662350 secs]
[GC 1417846K->1159947K(2944192K), 0.0901350 secs]
[GC 1416075K->1168650K(2944192K), 0.0689460 secs]
[GC 1423571K->1171363K(2944192K), 0.0947470 secs]
[GC 1427491K->1206891K(2944192K), 0.0645190 secs]
[GC 1463019K->1207032K(2944192K), 0.0570790 secs]
[GC 1463160K->1263825K(2944192K), 0.0674420 secs]
 INFO  [Stressor-3] {org.radargun.stressors.StressTestStressor} Number of ops executed so far: 8983962. Elapsed time: 40.000 secs. Remaining: 20.000 secs. Total: 1 mins 0 secs
[GC 1518965K->1258582K(2944192K), 0.0758690 secs]
[GC 1513403K->1292330K(2944192K), 0.0691960 secs]
[GC 1548458K->1289585K(2944192K), 0.0614080 secs]
[GC 1545713K->1305900K(2944192K), 0.0600670 secs]
[GC 1562028K->1313794K(2944192K), 0.0784750 secs]
[GC 1568615K->1329894K(2944192K), 0.0757220 secs]
[GC 1586022K->1347093K(2944192K), 0.0673930 secs]
[GC 1347161K(2944192K), 0.0127480 secs]
[GC 1603221K->1370285K(2944192K), 0.0651390 secs]
[GC 1626413K->1342087K(2944192K), 0.0495230 secs]
[GC 1520874K(2944192K), 0.0885730 secs]
[GC 1460221K->1225504K(2944192K), 0.0489960 secs]
[GC 1222093K->1008522K(2944192K), 0.0700650 secs]
[GC 1264566K->991645K(2944192K), 0.0811420 secs]
[GC 1247773K->1018446K(2944192K), 0.0700160 secs]
[GC 1274574K->984248K(2944192K), 0.0583420 secs]
[GC 1240376K->1049677K(2944192K), 0.0668020 secs]
[GC 1305757K->1065129K(2944192K), 0.0720160 secs]
[GC 1321257K->1065726K(2944192K), 0.0708300 secs]
[GC 1321854K->1102589K(2944192K), 0.0650970 secs]
[GC 1357493K->1086940K(2944192K), 0.0722040 secs]
[GC 1343068K->1142424K(2944192K), 0.0758940 secs]
[GC 1398552K->1128005K(2944192K), 0.0731860 secs]
[GC 1380823K->1138612K(2944192K), 0.0638410 secs]
 INFO  [Stressor-1] {org.radargun.stressors.StressTestStressor} Number of ops executed so far: 13140000. Elapsed time: 1 mins 0 secs. Remaining: 0.000 secs. Total: 1 mins 0 secs
 INFO  [pool-1-thread-1] {org.radargun.stressors.StressTestStressor} Finished generating report. Test duration is: 8 mins 16 secs
 INFO  [pool-1-thread-1] {org.radargun.stages.StressTestStage} size info: FFWrapper using infinispan52, clusterSize:10, nodeIndex:8, cacheSize: -1
 INFO  [pool-1-thread-1] {org.radargun.Slave} Finished stage: StressTest {bulkSize=1, cacheSpecificKeyGenerator=false, commitTransactions=true, duration=1 mins 0 secs, entrySize=1000, exitBenchmarkOnSlaveFailure=false, fixedKeys=true, generateHistogramRange=false, keyGeneratorClass=org.radargun.stressors.StringKeyGenerator, keyGeneratorParam=null, loadAllKeys=false, numEntries=10000, numOfThreads=4, numRequests=10000000, numThreads=4, numberOfAttributes=10000, numberOfRequests=10000000, opsCountStatusLog=500000, poolKeys=true, preferAsyncOperations=false, removePercentage=0, replaceInvalidPercentage=40, runOnAllSlaves=false, sharedKeys=false, sizeOfAnAttribute=1000, slaves=null, transactionSize=10000, useAtomics=false, useHistogramStatistics=false, useSimpleStatistics=true, useSmartClassLoading=true, useTransactions=true, writePercentage=10, writeTxPercentage=5 }
 INFO  [main] {org.radargun.Slave} Ack successfully sent to the master
[GC 1394740K->1171742K(2944192K), 0.0725160 secs]
[GC 1427870K->1136367K(2944192K), 0.0513960 secs]
[GC 1392495K->1122969K(2944192K), 0.0390540 secs]
[GC 1379097K->1143617K(2944192K), 0.0497840 secs]
[GC 1399745K->1148179K(2944192K), 0.0552460 secs]
[GC 1404307K->1157674K(2944192K), 0.0617010 secs]
[GC 1413802K->1117810K(2944192K), 0.0428740 secs]
[GC 1373938K->1120500K(2944192K), 0.0300760 secs]
[GC 1376628K->1118265K(2944192K), 0.0321590 secs]
[GC 1374393K->1123743K(2944192K), 0.0337040 secs]
[GC 1379871K->1124969K(2944192K), 0.0326810 secs]
[GC 1381097K->1127307K(2944192K), 0.0473290 secs]
[GC 1383435K->1129820K(2944192K), 0.0387110 secs]
[GC 1385948K->1136628K(2944192K), 0.0374280 secs]
[GC 1392756K->1128549K(2944192K), 0.0375030 secs]
[GC 1384677K->1138774K(2944192K), 0.0384820 secs]
[GC 1394902K->1129602K(2944192K), 0.0381830 secs]
[GC 1385730K->1139614K(2944192K), 0.0399420 secs]
[GC 1395742K->1144129K(2944192K), 0.0421670 secs]
[GC 1400257K->1135620K(2944192K), 0.0393260 secs]
[GC 1391748K->1144240K(2944192K), 0.0418600 secs]
[GC 1400368K->1143289K(2944192K), 0.0394120 secs]
[GC 1399417K->1145345K(2944192K), 0.0412880 secs]
[GC 1401473K->1147210K(2944192K), 0.0408010 secs]
[GC 1403338K->1148586K(2944192K), 0.0436600 secs]
[GC 1404714K->1150013K(2944192K), 0.0386990 secs]
[GC 1406141K->1151576K(2944192K), 0.0453600 secs]
[GC 1407704K->1158966K(2944192K), 0.0400360 secs]
[GC 1415094K->1149474K(2944192K), 0.0448760 secs]
[GC 1405602K->1158454K(2944192K), 0.0504130 secs]
[GC 1414582K->1157539K(2944192K), 0.0427300 secs]
[GC 1413667K->1159893K(2944192K), 0.0422430 secs]
[GC 1416021K->1161849K(2944192K), 0.0475900 secs]
[GC 1417977K->1163594K(2944192K), 0.0417090 secs]
[GC 1419722K->1170863K(2944192K), 0.0408210 secs]
[GC 1426991K->1160820K(2944192K), 0.0442970 secs]
[GC 1416948K->1170604K(2944192K), 0.0473850 secs]
[GC 1426732K->1175302K(2944192K), 0.0436690 secs]
[GC 1431430K->1165599K(2944192K), 0.0436090 secs]
[GC 1421727K->1180893K(2944192K), 0.0396220 secs]
[GC 1437021K->1167976K(2944192K), 0.0420260 secs]
[GC 1424104K->1179103K(2944192K), 0.0522030 secs]
[GC 1435231K->1184168K(2944192K), 0.0434250 secs]
[GC 1440296K->1178187K(2944192K), 0.0462140 secs]
[GC 1434315K->1189909K(2944192K), 0.0441500 secs]
[GC 1446037K->1176657K(2944192K), 0.0478940 secs]
[GC 1432785K->1188143K(2944192K), 0.0438970 secs]
[GC 1444271K->1187048K(2944192K), 0.0448080 secs]
[GC 1443176K->1189416K(2944192K), 0.0456480 secs]
[GC 1445544K->1190973K(2944192K), 0.0466990 secs]
[GC 1447101K->1192779K(2944192K), 0.0438250 secs]
[GC 1448907K->1194669K(2944192K), 0.0436250 secs]
[GC 1450797K->1196657K(2944192K), 0.0448710 secs]
[GC 1452785K->1198294K(2944192K), 0.0491820 secs]
[GC 1454422K->1193620K(2944192K), 0.0498640 secs]
[GC 1449748K->1208180K(2944192K), 0.0498020 secs]
[GC 1464308K->1196822K(2944192K), 0.0498740 secs]
[GC 1452950K->1207426K(2944192K), 0.0453720 secs]
[GC 1463554K->1205741K(2944192K), 0.0448050 secs]
[GC 1461869K->1208195K(2944192K), 0.0504550 secs]
[GC 1464323K->1209827K(2944192K), 0.0412180 secs]
[GC 1465955K->1211430K(2944192K), 0.0416240 secs]
[GC 1467558K->1213131K(2944192K), 0.0524940 secs]
[GC 1469259K->1214762K(2944192K), 0.0457320 secs]
[GC 1470890K->1216333K(2944192K), 0.0434340 secs]
[GC 1472461K->1218193K(2944192K), 0.0465660 secs]
[GC 1474321K->1219972K(2944192K), 0.0461800 secs]
[GC 1476100K->1221831K(2944192K), 0.0489410 secs]
[GC 1477959K->1223511K(2944192K), 0.0472020 secs]
[GC 1479639K->1224877K(2944192K), 0.0424170 secs]
[GC 1481005K->1226727K(2944192K), 0.0467830 secs]
[GC 1482855K->1228720K(2944192K), 0.0421520 secs]
[GC 1484848K->1237215K(2944192K), 0.0473600 secs]
[GC 1493343K->1225535K(2944192K), 0.0457000 secs]
[GC 1481663K->1235760K(2944192K), 0.0455120 secs]
[GC 1491888K->1234623K(2944192K), 0.0442060 secs]
[GC 1490751K->1237056K(2944192K), 0.0507880 secs]
[GC 1493184K->1239171K(2944192K), 0.0428380 secs]
[GC 1495299K->1240507K(2944192K), 0.0510540 secs]
[GC 1496635K->1242047K(2944192K), 0.0456210 secs]
[GC 1498175K->1237164K(2944192K), 0.0406280 secs]
[GC 1493292K->1245470K(2944192K), 0.0450270 secs]
[GC 1501598K->1253790K(2944192K), 0.0442110 secs]
[GC 1509918K->1242339K(2944192K), 0.0427780 secs]
[GC 1498467K->1258496K(2944192K), 0.0421650 secs]
[GC 1514624K->1244506K(2944192K), 0.0453910 secs]
[GC 1500634K->1255864K(2944192K), 0.0443180 secs]
[GC 1511992K->1260798K(2944192K), 0.0460130 secs]
[GC 1516926K->1254546K(2944192K), 0.0577820 secs]
[GC 1510674K->1260718K(2944192K), 0.0439610 secs]
[GC 1516846K->1259323K(2944192K), 0.0496030 secs]
[GC 1515451K->1261768K(2944192K), 0.0449610 secs]
[GC 1517896K->1263514K(2944192K), 0.0449660 secs]
[GC 1519642K->1259013K(2944192K), 0.0496200 secs]
[GC 1515141K->1266933K(2944192K), 0.0446010 secs]
[GC 1523061K->1268405K(2944192K), 0.0503270 secs]
[GC 1524533K->1270332K(2944192K), 0.0479550 secs]
[GC 1526460K->1278332K(2944192K), 0.0482040 secs]
[GC 1534460K->1267486K(2944192K), 0.0466250 secs]
[GC 1523614K->1277767K(2944192K), 0.0436800 secs]
[GC 1533895K->1269742K(2944192K), 0.0489570 secs]
[GC 1525870K->1278055K(2944192K), 0.0454800 secs]
[GC 1534183K->1280138K(2944192K), 0.0447550 secs]
[GC 1536266K->1281993K(2944192K), 0.0485120 secs]
[GC 1538121K->1277501K(2944192K), 0.0506960 secs]
[GC 1533629K->1291888K(2944192K), 0.0495240 secs]
[GC 1548016K->1280379K(2944192K), 0.0431230 secs]
[GC 1536507K->1290520K(2944192K), 0.0442540 secs]
[GC 1546648K->1295534K(2944192K), 0.0500800 secs]
[GC 1551662K->1285335K(2944192K), 0.0421980 secs]
[GC 1541463K->1295958K(2944192K), 0.0483180 secs]
[GC 1552086K->1300163K(2944192K), 0.0460410 secs]
[GC 1556291K->1290077K(2944192K), 0.0426130 secs]
[GC 1546205K->1306205K(2944192K), 0.0426700 secs]
[GC 1562333K->1292513K(2944192K), 0.0431790 secs]
[GC 1548641K->1309371K(2944192K), 0.0495680 secs]
[GC 1565499K->1295876K(2944192K), 0.0408220 secs]
[GC 1552004K->1306735K(2944192K), 0.0420690 secs]
[GC 1562863K->1311600K(2944192K), 0.0412110 secs]
[GC 1567728K->1301438K(2944192K), 0.0454220 secs]
[GC 1557566K->1312028K(2944192K), 0.0417260 secs]
[GC 1568156K->1311013K(2944192K), 0.0482130 secs]
[GC 1567141K->1313094K(2944192K), 0.0491820 secs]
[GC 1569222K->1308383K(2944192K), 0.0469160 secs]
[GC 1564511K->1322538K(2944192K), 0.0430060 secs]
[GC 1578666K->1311702K(2944192K), 0.0418060 secs]
[GC 1567830K->1328023K(2944192K), 0.0464750 secs]
[GC 1584151K->1314143K(2944192K), 0.0429990 secs]
[GC 1570271K->1324663K(2944192K), 0.0428030 secs]
[GC 1580791K->1323266K(2944192K), 0.0399100 secs]
[GC 1579394K->1325775K(2944192K), 0.0417380 secs]
[GC 1581903K->1327736K(2944192K), 0.0484190 secs]
[GC 1583864K->1329410K(2944192K), 0.0430480 secs]
[GC 1585538K->1324785K(2944192K), 0.0438620 secs]
[GC 1580913K->1332681K(2944192K), 0.0453370 secs]
[GC 1588809K->1334186K(2944192K), 0.0431020 secs]
[GC 1590314K->1335723K(2944192K), 0.0474950 secs]
[GC 1591851K->1337627K(2944192K), 0.0445190 secs]
[GC 1593755K->1339423K(2944192K), 0.0492630 secs]
[GC 1595551K->1334935K(2944192K), 0.0439710 secs]
[GC 1591063K->1336371K(2944192K), 0.0419100 secs]
[GC 1592499K->1337897K(2944192K), 0.0473420 secs]
[GC 1594025K->1345692K(2944192K), 0.0410120 secs]
[GC 1601820K->1341263K(2944192K), 0.0507160 secs]
[GC 1597391K->1349544K(2944192K), 0.0401440 secs]
[GC 1605672K->1351343K(2944192K), 0.0402220 secs]
[GC 1607471K->1358891K(2944192K), 0.0499060 secs]
[GC 1615019K->1347787K(2944192K), 0.0414580 secs]
[GC 1603915K->1358286K(2944192K), 0.0511260 secs]
[GC 1614414K->1357107K(2944192K), 0.0454320 secs]
[GC 1613235K->1353070K(2944192K), 0.0479750 secs]
[GC 1609198K->1361335K(2944192K), 0.0396070 secs]
[GC 1617463K->1362650K(2944192K), 0.0387900 secs]
[GC 1618778K->1364408K(2944192K), 0.0420600 secs]
[GC 1620536K->1359865K(2944192K), 0.0468810 secs]
[GC 1615993K->1361597K(2944192K), 0.0439340 secs]
[GC 1617725K->1369718K(2944192K), 0.0467190 secs]
[GC 1625846K->1364807K(2944192K), 0.0406460 secs]
[GC 1620935K->1372907K(2944192K), 0.0464360 secs]
[GC 1629035K->1374555K(2944192K), 0.0408350 secs]
[GC 1630683K->1376234K(2944192K), 0.0410240 secs]
[GC 1632362K->1371539K(2944192K), 0.0421160 secs]
[GC 1627667K->1379760K(2944192K), 0.0426260 secs]
[GC 1635888K->1381299K(2944192K), 0.0437730 secs]
[GC 1637427K->1382837K(2944192K), 0.0494270 secs]
[GC 1638965K->1384689K(2944192K), 0.0407510 secs]
[GC 1640817K->1392935K(2944192K), 0.0430040 secs]
[GC 1649063K->1381854K(2944192K), 0.0711500 secs]
[GC 1637982K->1397996K(2944192K), 0.0484370 secs]
[GC 1654124K->1387477K(2944192K), 0.0472270 secs]
[GC 1643605K->1394634K(2944192K), 0.0416990 secs]
[GC 1650762K->1399930K(2944192K), 0.0443080 secs]
[GC 1656058K->1389665K(2944192K), 0.0476040 secs]
[GC 1645793K->1400206K(2944192K), 0.0438460 secs]
[GC 1656334K->1405052K(2944192K), 0.0431870 secs]
[GC 1661180K->1394548K(2944192K), 0.0485850 secs]
[GC 1650676K->1411007K(2944192K), 0.0495450 secs]
[GC 1667135K->1397216K(2944192K), 0.0484250 secs]
[GC 1653344K->1414345K(2944192K), 0.0429090 secs]
[GC 1670473K->1400669K(2944192K), 0.0403050 secs]
[GC 1656797K->1417490K(2944192K), 0.0589540 secs]
[GC 1673618K->1444462K(2944192K), 0.0606490 secs]
[GC 1700590K->1475836K(2944192K), 0.0663710 secs]
[GC 1731964K->1505588K(2944192K), 0.0798470 secs]
[GC 1761666K->1478262K(2944192K), 0.1034770 secs]
[GC 1734390K->1521992K(2944192K), 0.0838280 secs]
[GC 1778120K->1535045K(2944192K), 0.0766930 secs]
[GC 1791173K->1551838K(2944192K), 0.0754260 secs]
[GC 1807913K->1546773K(2944192K), 0.0787040 secs]
[GC 1802378K->1576350K(2944192K), 0.0848430 secs]
[GC 1832478K->1590460K(2944192K), 0.0835660 secs]
[GC 1846588K->1589964K(2944192K), 0.0867780 secs]
[GC 1846092K->1634710K(2944192K), 0.0882230 secs]
[GC 1889384K->1613961K(2944192K), 0.0888470 secs]
[GC 1868233K->1668719K(2944192K), 0.0909710 secs]
[GC 1924847K->1639917K(2944192K), 0.0899310 secs]
[GC 1894020K->1700784K(2944192K), 0.0921080 secs]
[GC 1956912K->1680305K(2944192K), 0.0901960 secs]
[GC 1936433K->1728121K(2944192K), 0.0956680 secs]
[GC 1984249K->1702037K(2944192K), 0.0905780 secs]
[GC 1958165K->1753725K(2944192K), 0.0851270 secs]
[GC 2009853K->1727191K(2944192K), 0.0901630 secs]
[GC 1982038K->1780536K(2944192K), 0.0933890 secs]
[GC 2036664K->1754010K(2944192K), 0.0832690 secs]
[GC 2010138K->1808495K(2944192K), 0.0963110 secs]
[GC 2064623K->1784433K(2944192K), 0.0876950 secs]
[GC 2040561K->1774515K(2944192K), 0.0804020 secs]
[GC 2030643K->1796628K(2944192K), 0.0642060 secs]
[GC 2052756K->1810825K(2944192K), 0.0682370 secs]
[GC 2066953K->1785157K(2944192K), 0.0681810 secs]
[GC 2041285K->1820513K(2944192K), 0.0725380 secs]
[GC 2076641K->1787275K(2944192K), 0.0711770 secs]
[GC 2043403K->1826681K(2944192K), 0.0738430 secs]
[GC 2082751K->1801004K(2944192K), 0.0815280 secs]
[GC 2057132K->1861307K(2944192K), 0.1021690 secs]
[GC 2117435K->1837363K(2944192K), 0.0956440 secs]
[GC 2093491K->1893950K(2944192K), 0.0939120 secs]
[GC 2148582K->1866758K(2944192K), 0.1001400 secs]
[GC 2122886K->1918353K(2944192K), 0.0977170 secs]
[GC 2174481K->1920787K(2944192K), 0.0919960 secs]
[GC 2176915K->1900371K(2944192K), 0.0933710 secs]
[GC 2154773K->1927808K(2944192K), 0.0894210 secs]
[GC 2183936K->1965737K(2944192K), 0.0878990 secs]
[GC 2221865K->1978265K(2944192K), 0.0871640 secs]
[GC 2234393K->1990629K(2944192K), 0.0816120 secs]
[GC 2246757K->2002345K(2944192K), 0.0832100 secs]
[GC 2258473K->2022969K(2944192K), 0.0984350 secs]
[GC 2279097K->2038953K(2944192K), 0.0897830 secs]
[GC 2295081K->2052807K(2944192K), 0.0894710 secs]
[GC 2308935K->2084315K(2944192K), 0.0921520 secs]
[GC 2338513K->2064164K(2944192K), 0.0879170 secs]
[GC 2320292K->2100798K(2944192K), 0.0836500 secs]
[GC 2356926K->2104159K(2944192K), 0.0821630 secs]
[GC 2360287K->2119585K(2944192K), 0.0847220 secs]
[GC 2375713K->2132480K(2944192K), 0.0868930 secs]
[GC 2388608K->2149225K(2944192K), 0.0841240 secs]
[GC 2405353K->2163234K(2944192K), 0.0812920 secs]
[GC 2419362K->2146309K(2944192K), 0.0783960 secs]
[GC 2402437K->2168707K(2944192K), 0.0653290 secs]
[GC 2424835K->2183517K(2944192K), 0.0647770 secs]
[GC 2439645K->2154144K(2944192K), 0.0686760 secs]
[GC 2409422K->2166318K(2944192K), 0.0886520 secs]
[GC 2422446K->2208018K(2944192K), 0.1299300 secs]
[GC 2463743K->2238423K(2944192K), 0.0946670 secs]
[GC 2494551K->2244664K(2944192K), 0.0999600 secs]
[GC 2500792K->2272719K(2944192K), 0.1013130 secs]
[GC 2528847K->2259335K(2944192K), 0.0887480 secs]
[GC 2515463K->2272761K(2944192K), 0.0866010 secs]
[GC 2528889K->2305220K(2944192K), 0.0907360 secs]
[GC 2559573K->2320009K(2944192K), 0.0987900 secs]
[GC 2576137K->2335631K(2944192K), 0.0839710 secs]
[GC 2590347K->2346841K(2944192K), 0.0867200 secs]
[GC 2602969K->2346979K(2944192K), 0.0910530 secs]
[GC 2603107K->2382327K(2944192K), 0.0938280 secs]
[GC 2638455K->2398353K(2944192K), 0.0958720 secs]
[GC 2654481K->2409788K(2944192K), 0.0892680 secs]
[GC 2665916K->2429728K(2944192K), 0.0856110 secs]
[GC 2685856K->2439433K(2944192K), 0.0947150 secs]
[GC 2695399K->2459241K(2944192K), 0.0894910 secs]
[GC 2715369K->2489288K(2944192K), 0.0881000 secs]
[GC 2489450K(2944192K), 0.0501550 secs]
[GC 2745416K->2483808K(2944192K), 0.0957800 secs]
[GC 2739936K->2482705K(2944192K), 0.1074420 secs]
[GC 2614546K(2944192K), 0.0547610 secs]
[GC 2324798K->2096921K(3709704K), 0.1045550 secs]
[GC 2353049K->2128550K(3709704K), 0.1016580 secs]
[GC 2384678K->2133924K(3709704K), 0.1077080 secs]
[GC 2390052K->2135227K(3709704K), 0.0917360 secs]
[GC 2391355K->2136677K(3709704K), 0.0646930 secs]
[GC 2392805K->2148734K(3709704K), 0.0923540 secs]
[GC 2404862K->2178942K(3709704K), 0.0643540 secs]
[GC 2435070K->2140911K(3709704K), 0.0670070 secs]
[GC 2397039K->2179242K(3709704K), 0.0680150 secs]
[GC 2435370K->2145185K(3709704K), 0.0712720 secs]
[GC 2401313K->2149028K(3709704K), 0.0927550 secs]
[GC 2405156K->2168344K(3709704K), 0.0675310 secs]
[GC 2424472K->2195266K(3709704K), 0.0703480 secs]
[GC 2451394K->2158072K(3709704K), 0.0685210 secs]
[GC 2414200K->2195280K(3709704K), 0.0761220 secs]
[GC 2451408K->2162383K(3709704K), 0.0752890 secs]
[GC 2418511K->2170814K(3709704K), 0.0887320 secs]
[GC 2426942K->2172210K(3709704K), 0.0621750 secs]
[GC 2428338K->2177175K(3709704K), 0.0690620 secs]
[GC 2433303K->2188849K(3709704K), 0.0648810 secs]
[GC 2444977K->2191410K(3709704K), 0.0724870 secs]
[GC 2447538K->2204926K(3709704K), 0.0743820 secs]
[GC 2461054K->2185534K(3709704K), 0.0628780 secs]
[GC 2441662K->2213079K(3709704K), 0.0640430 secs]
[GC 2469207K->2189626K(3709704K), 0.0626130 secs]
[GC 2445754K->2199574K(3709704K), 0.0631990 secs]
[GC 2455702K->2217826K(3709704K), 0.0659670 secs]
[GC 2473954K->2199717K(3709704K), 0.0644890 secs]
[GC 2455845K->2228035K(3709704K), 0.0795150 secs]
[GC 2484163K->2262227K(3709704K), 0.0912060 secs]
[GC 2518355K->2291863K(3709704K), 0.0998610 secs]
[GC 2547991K->2308287K(3709704K), 0.1003140 secs]
[GC 2564415K->2279704K(3709704K), 0.1026020 secs]
[GC 2535786K->2332250K(3709704K), 0.0989080 secs]
[GC 2588293K->2347327K(3709704K), 0.0945430 secs]
[GC 2603455K->2364064K(3709704K), 0.0967980 secs]
[GC 2620176K->2378127K(3709704K), 0.0985630 secs]
[GC 2634255K->2394168K(3709704K), 0.0931620 secs]
[GC 2650296K->2408486K(3709704K), 0.0894880 secs]
[GC 2663148K->2426159K(3709704K), 0.0966340 secs]
[GC 2682287K->2443033K(3709704K), 0.0945450 secs]
[GC 2698216K->2459452K(3709704K), 0.1036530 secs]
[GC 2715580K->2472224K(3709704K), 0.0966610 secs]
[GC 2727112K->2488721K(3709704K), 0.0952330 secs]
[GC 2743513K->2518244K(3709704K), 0.0911980 secs]
[GC 2774345K->2533949K(3709704K), 0.1000420 secs]
[GC 2788858K->2538055K(3709704K), 0.1029940 secs]
[GC 2794183K->2555415K(3709704K), 0.0994280 secs]
[GC 2811536K->2570683K(3709704K), 0.0914330 secs]
[GC 2826811K->2586587K(3709704K), 0.0910320 secs]
[GC 2842715K->2565047K(3709704K), 0.0909560 secs]
[GC 2821175K->2573432K(3709704K), 0.0787880 secs]
[GC 2827599K->2601382K(3709704K), 0.0717910 secs]
[GC 2857510K->2627121K(3709704K), 0.0801180 secs]
[GC 2883249K->2652603K(3709704K), 0.0995030 secs]
[GC 2908731K->2669700K(3709704K), 0.0967560 secs]
[GC 2925828K->2661879K(3709704K), 0.1209580 secs]
[GC 2918007K->2668905K(3709704K), 0.0906570 secs]
[GC 2925033K->2726856K(3709704K), 0.0812140 secs]
[GC 2982984K->2732682K(3709704K), 0.1148240 secs]
[GC 2988810K->2737664K(3709704K), 0.0849020 secs]
[GC 2993197K->2778937K(3709704K), 0.0785470 secs]
[GC 3035065K->2796529K(3709704K), 0.0959050 secs]
[GC 3052657K->2780439K(3709704K), 0.1047230 secs]
[GC 3036567K->2804487K(3709704K), 0.0863230 secs]
[GC 3060615K->2846345K(3709704K), 0.0772440 secs]
[GC 3101692K->2833181K(3709704K), 0.1100430 secs]
[GC 3089309K->2881945K(3709704K), 0.0775350 secs]
[GC 3138073K->2897960K(3709704K), 0.1084960 secs]
[GC 3154088K->2907461K(3709704K), 0.1206980 secs]
[GC 3163537K->2910049K(3709704K), 0.0935280 secs]
[GC 3166177K->2950470K(3709704K), 0.0839050 secs]
[GC 3206088K->2935909K(3709704K), 0.1141130 secs]
[GC 3192037K->2941999K(3709704K), 0.0850600 secs]
[GC 3197385K->2985821K(3709704K), 0.0774270 secs]
[GC 3241949K->3017225K(3709704K), 0.1087820 secs]
[GC 3273353K->3028567K(3709704K), 0.0997160 secs]
[GC 3284695K->3029105K(3709704K), 0.1097470 secs]
[GC 3285233K->3050195K(3709704K), 0.0967450 secs]
[GC 3305609K->3062972K(3709704K), 0.0988450 secs]
[GC 3317555K->3098484K(3709704K), 0.0970010 secs]
[GC 3354612K->3118830K(3709704K), 0.0943500 secs]
[GC 3374958K->3135005K(3709704K), 0.0924780 secs]
[GC 3389737K->3140853K(3709704K), 0.0938370 secs]
[GC 3395336K->3157266K(3709704K), 0.0888680 secs]
[GC 3159343K(3709704K), 0.0345580 secs]
[GC 3413394K->3192106K(3709704K), 0.0934110 secs]
[GC 3446493K->3206480K(3709704K), 0.0946420 secs]
[GC 3335391K(3709704K), 0.0497400 secs]
[GC 3191013K->2937742K(4650880K), 0.1037550 secs]
[GC 3193870K->2959448K(4650880K), 0.1107020 secs]
[GC 3215576K->2979758K(4650880K), 0.1073140 secs]
[GC 3235886K->2996861K(4650880K), 0.1037780 secs]
[GC 3252989K->3029584K(4650880K), 0.1032650 secs]
[GC 3284786K->3033218K(4650880K), 0.0947510 secs]
[GC 3289293K->3065465K(4650880K), 0.0977160 secs]
[GC 3321593K->3084609K(4650880K), 0.0971030 secs]
[GC 3340737K->3071306K(4650880K), 0.0923200 secs]
[GC 3327401K->3118342K(4650880K), 0.0827410 secs]
[GC 3374470K->3103322K(4650880K), 0.1046260 secs]
[GC 3359450K->3154685K(4650880K), 0.1092580 secs]
[GC 3410813K->3183697K(4650880K), 0.0995880 secs]
[GC 3439825K->3178818K(4650880K), 0.1185600 secs]
[GC 3434946K->3195853K(4650880K), 0.1069460 secs]
[GC 3450957K->3228201K(4650880K), 0.1170210 secs]
[GC 3484329K->3229038K(4650880K), 0.1104930 secs]
[GC 3485166K->3266086K(4650880K), 0.1219880 secs]
[GC 3522214K->3302278K(4650880K), 0.1120350 secs]
[GC 3558406K->3290052K(4650880K), 0.1133650 secs]
[GC 3546180K->3309774K(4650880K), 0.1148580 secs]
[GC 3564769K->3328807K(4650880K), 0.1107460 secs]
 INFO  [hz._hzInstance_1_FenixFrameworkGroup.HealthMonitor] {com.hazelcast.util.HealthMonitor} [127.0.0.1]:5709 [FenixFrameworkGroup] 
memory used=3.4G, free=1.1G, total=4.4G, max=4.7G, used/total=75.56% used/max=71.62%
cpu process-load=2.00%, system-load=16.00%, system-loadaverage=329.00%
[GC 3584929K->3364192K(4650880K), 0.1028710 secs]
[GC 3620300K->3382922K(4650880K), 0.1097620 secs]
[GC 3639050K->3382774K(4650880K), 0.1062400 secs]
[GC 3638902K->3419848K(4650880K), 0.1115850 secs]
 INFO  [hz._hzInstance_1_FenixFrameworkGroup.HealthMonitor] {com.hazelcast.util.HealthMonitor} [127.0.0.1]:5709 [FenixFrameworkGroup] 
memory used=3.3G, free=1.1G, total=4.4G, max=4.7G, used/total=74.59% used/max=70.70%
cpu process-load=2.00%, system-load=15.00%, system-loadaverage=285.00%
[GC 3675976K->3444488K(4650880K), 0.1006110 secs]
[GC 3700616K->3460710K(4650880K), 0.1119430 secs]
[GC 3716838K->3462099K(4650880K), 0.1056220 secs]
 INFO  [hz._hzInstance_1_FenixFrameworkGroup.HealthMonitor] {com.hazelcast.util.HealthMonitor} [127.0.0.1]:5709 [FenixFrameworkGroup] 
memory used=3.4G, free=1.1G, total=4.4G, max=4.7G, used/total=76.31% used/max=72.34%
cpu process-load=2.00%, system-load=14.00%, system-loadaverage=310.00%
 INFO  [hz._hzInstance_1_FenixFrameworkGroup.HealthMonitor] {com.hazelcast.util.HealthMonitor} [127.0.0.1]:5709 [FenixFrameworkGroup] 
memory used=3.5G, free=942.6M, total=4.4G, max=4.7G, used/total=79.25% used/max=75.11%
cpu process-load=1.00%, system-load=10.00%, system-loadaverage=263.00%
[GC 3718227K->3463204K(4650880K), 0.1010040 secs]
 INFO  [hz._hzInstance_1_FenixFrameworkGroup.HealthMonitor] {com.hazelcast.util.HealthMonitor} [127.0.0.1]:5709 [FenixFrameworkGroup] 
memory used=3.4G, free=1.1G, total=4.4G, max=4.7G, used/total=75.96% used/max=72.00%
cpu process-load=1.00%, system-load=9.00%, system-loadaverage=222.00%
 INFO  [hz._hzInstance_1_FenixFrameworkGroup.HealthMonitor] {com.hazelcast.util.HealthMonitor} [127.0.0.1]:5709 [FenixFrameworkGroup] 
memory used=3.5G, free=990.0M, total=4.4G, max=4.7G, used/total=78.20% used/max=74.13%
cpu process-load=1.00%, system-load=9.00%, system-loadaverage=188.00%
[GC 3719301K->3521976K(4650880K), 0.0865930 secs]
[GC 3778104K->3543648K(4650880K), 0.1140590 secs]
[GC 3799776K->3540894K(4650880K), 0.1220950 secs]
[GC 3797022K->3565950K(4650880K), 0.1261710 secs]
 INFO  [hz._hzInstance_1_FenixFrameworkGroup.HealthMonitor] {com.hazelcast.util.HealthMonitor} [127.0.0.1]:5709 [FenixFrameworkGroup] 
memory used=3.5G, free=945.3M, total=4.4G, max=4.7G, used/total=79.19% used/max=75.06%
cpu process-load=1.00%, system-load=14.00%, system-loadaverage=228.00%
[GC 3822078K->3581924K(4650880K), 0.1115480 secs]
[GC 3838052K->3602142K(4650880K), 0.1204600 secs]
[GC 3858270K->3623782K(4650880K), 0.1172140 secs]
[GC 3878900K->3644939K(4650880K), 0.1177900 secs]
 INFO  [hz._hzInstance_1_FenixFrameworkGroup.HealthMonitor] {com.hazelcast.util.HealthMonitor} [127.0.0.1]:5709 [FenixFrameworkGroup] 
memory used=3.6G, free=869.0M, total=4.4G, max=4.7G, used/total=80.87% used/max=76.65%
cpu process-load=1.00%, system-load=13.00%, system-loadaverage=240.00%
[GC 3901067K->3682608K(4650880K), 0.1167690 secs]
[GC 3938736K->3701549K(4650880K), 0.1113870 secs]
[GC 3957677K->3720446K(4650880K), 0.1139450 secs]
[GC 3976574K->3742430K(4650880K), 0.1135920 secs]
 INFO  [hz._hzInstance_1_FenixFrameworkGroup.HealthMonitor] {com.hazelcast.util.HealthMonitor} [127.0.0.1]:5709 [FenixFrameworkGroup] 
memory used=3.6G, free=876.5M, total=4.4G, max=4.7G, used/total=80.70% used/max=76.49%
cpu process-load=1.00%, system-load=14.00%, system-loadaverage=264.00%
[GC 3997518K->3760959K(4650880K), 0.1197550 secs]
[GC 4015255K->3781992K(4650880K), 0.1213040 secs]
[GC 4036993K->3783304K(4650880K), 0.1173490 secs]
 INFO  [hz._hzInstance_1_FenixFrameworkGroup.HealthMonitor] {com.hazelcast.util.HealthMonitor} [127.0.0.1]:5709 [FenixFrameworkGroup] 
memory used=3.8G, free=634.7M, total=4.4G, max=4.7G, used/total=86.03% used/max=81.54%
cpu process-load=1.00%, system-load=15.00%, system-loadaverage=279.00%
[GC 4039379K->3820633K(4650880K), 0.1162940 secs]
[GC 4076739K->3841637K(4650880K), 0.1144920 secs]
[GC 4097765K->3861186K(4650880K), 0.1143440 secs]
[GC 4117314K->3865303K(4650880K), 0.1166770 secs]
 INFO  [hz._hzInstance_1_FenixFrameworkGroup.HealthMonitor] {com.hazelcast.util.HealthMonitor} [127.0.0.1]:5709 [FenixFrameworkGroup] 
memory used=3.8G, free=606.0M, total=4.4G, max=4.7G, used/total=86.66% used/max=82.14%
cpu process-load=1.00%, system-load=16.00%, system-loadaverage=372.00%
[GC 4121431K->3905343K(4650880K), 0.1162950 secs]
[GC 4161471K->3939413K(4650880K), 0.1140700 secs]
[GC 4195541K->3925368K(4650880K), 0.1172720 secs]
[GC 4181496K->3974245K(4650880K), 0.1211790 secs]
 INFO  [hz._hzInstance_1_FenixFrameworkGroup.HealthMonitor] {com.hazelcast.util.HealthMonitor} [127.0.0.1]:5709 [FenixFrameworkGroup] 
memory used=3.8G, free=614.0M, total=4.4G, max=4.7G, used/total=86.48% used/max=81.97%
cpu process-load=1.00%, system-load=14.00%, system-loadaverage=393.00%
 INFO  [main] {org.radargun.Slave} Master shutdown!
 INFO  [Thread-0] {org.radargun.ShutDownHook} Slave process is being shutdown
 INFO  [hz._hzInstance_1_FenixFrameworkGroup.IO.thread-in-1] {com.hazelcast.nio.TcpIpConnection} [127.0.0.1]:5709 [FenixFrameworkGroup] Connection [Address[127.0.0.1]:5701] lost. Reason: java.io.EOFException[Remote socket closed!]
 INFO  [hz._hzInstance_1_FenixFrameworkGroup.IO.thread-in-0] {com.hazelcast.nio.TcpIpConnection} [127.0.0.1]:5709 [FenixFrameworkGroup] Connection [Address[127.0.0.1]:5703] lost. Reason: java.io.EOFException[Remote socket closed!]
 INFO  [hz._hzInstance_1_FenixFrameworkGroup.IO.thread-in-2] {com.hazelcast.nio.TcpIpConnection} [127.0.0.1]:5709 [FenixFrameworkGroup] Connection [Address[127.0.0.1]:5707] lost. Reason: java.io.EOFException[Remote socket closed!]
 INFO  [hz.ShutdownThread] {com.hazelcast.nio.TcpIpConnection} [127.0.0.1]:5709 [FenixFrameworkGroup] Connection [Address[127.0.0.1]:5707] lost. Reason: Socket explicitly closed
 INFO  [hz._hzInstance_1_FenixFrameworkGroup.IO.thread-in-2] {com.hazelcast.nio.TcpIpConnection} [127.0.0.1]:5709 [FenixFrameworkGroup] Connection [Address[127.0.0.1]:5706] lost. Reason: java.io.EOFException[Remote socket closed!]
 INFO  [hz._hzInstance_1_FenixFrameworkGroup.IO.thread-in-0] {com.hazelcast.nio.TcpIpConnection} [127.0.0.1]:5709 [FenixFrameworkGroup] Connection [Address[127.0.0.1]:5706] lost. Reason: java.io.EOFException[Remote socket closed!]
 INFO  [hz.ShutdownThread] {com.hazelcast.nio.TcpIpConnection} [127.0.0.1]:5709 [FenixFrameworkGroup] Connection [Address[127.0.0.1]:5708] lost. Reason: Socket explicitly closed
 INFO  [hz.ShutdownThread] {com.hazelcast.nio.TcpIpConnection} [127.0.0.1]:5709 [FenixFrameworkGroup] Connection [Address[127.0.0.1]:5705] lost. Reason: Socket explicitly closed
 INFO  [hz.ShutdownThread] {com.hazelcast.nio.TcpIpConnection} [127.0.0.1]:5709 [FenixFrameworkGroup] Connection [Address[127.0.0.1]:5702] lost. Reason: Socket explicitly closed
 INFO  [hz.ShutdownThread] {com.hazelcast.nio.TcpIpConnection} [127.0.0.1]:5709 [FenixFrameworkGroup] Connection [Address[127.0.0.1]:5704] lost. Reason: Socket explicitly closed
 INFO  [hz.ShutdownThread] {com.hazelcast.nio.TcpIpConnection} [127.0.0.1]:5709 [FenixFrameworkGroup] Connection [Address[127.0.0.1]:5710] lost. Reason: Socket explicitly closed
 INFO  [hz.ShutdownThread] {com.hazelcast.nio.TcpIpConnection} [127.0.0.1]:5709 [FenixFrameworkGroup] Connection [Address[127.0.0.1]:5708] lost. Reason: Socket explicitly closed
 INFO  [hz.ShutdownThread] {com.hazelcast.nio.TcpIpConnection} [127.0.0.1]:5709 [FenixFrameworkGroup] Connection [Address[127.0.0.1]:5710] lost. Reason: Socket explicitly closed
 INFO  [hz.ShutdownThread] {com.hazelcast.initializer} [127.0.0.1]:5709 [FenixFrameworkGroup] Destroying node initializer.
 INFO  [hz.ShutdownThread] {com.hazelcast.instance.Node} [127.0.0.1]:5709 [FenixFrameworkGroup] Hazelcast Shutdown is completed in 53 ms.
