/usr/java/jdk1.7.0_21/bin/java -server -Xmx1024M -Xms1024M -Dresolve.dns=false -Djgroups.timer.num_threads=4 -verbose:gc -Xmx5000M -Xms3000M -server -XX:+UseConcMarkSweepGC -XX:+AggressiveOpts -verbose:gc -XX:ParallelGCThreads=4 -XX:NewRatio=5 -XX:SurvivorRatio=2 -Dhazelcast.operation.thread.count=4 -Djava.net.preferIPv4Stack=true -Dlog4j.file.prefix=deimos-esw-582 -Dbind.address= -Djgroups.bind_addr= -classpath /home/smf/github/radargun/target/distribution/RadarGun-1.1.0-SNAPSHOT/lib/activation-1.1.jar:/home/smf/github/radargun/target/distribution/RadarGun-1.1.0-SNAPSHOT/lib/commons-beanutils-1.8.0.jar:/home/smf/github/radargun/target/distribution/RadarGun-1.1.0-SNAPSHOT/lib/commons-digester-2.0.jar:/home/smf/github/radargun/target/distribution/RadarGun-1.1.0-SNAPSHOT/lib/commons-logging-1.1.1.jar:/home/smf/github/radargun/target/distribution/RadarGun-1.1.0-SNAPSHOT/lib/commons-math-1.2.jar:/home/smf/github/radargun/target/distribution/RadarGun-1.1.0-SNAPSHOT/lib/jboss-transaction-api-1.0.1.GA.jar:/home/smf/github/radargun/target/distribution/RadarGun-1.1.0-SNAPSHOT/lib/jcommon-1.0.15.jar:/home/smf/github/radargun/target/distribution/RadarGun-1.1.0-SNAPSHOT/lib/jfreechart-1.0.12.jar:/home/smf/github/radargun/target/distribution/RadarGun-1.1.0-SNAPSHOT/lib/log4j-1.2.14.jar:/home/smf/github/radargun/target/distribution/RadarGun-1.1.0-SNAPSHOT/lib/mail-1.4.2.jar:/home/smf/github/radargun/target/distribution/RadarGun-1.1.0-SNAPSHOT/lib/radargun-framework-1.1.0-SNAPSHOT.jar:/home/smf/github/radargun/target/distribution/RadarGun-1.1.0-SNAPSHOT/conf org.radargun.Slave -master 127.0.0.1:2103
--------------------------------------------------------------------------------
PerNodeRollingFileAppender::Using file prefix:deimos-esw-582
 INFO  [main] {org.radargun.Slave} Attempting to connect to master 127.0.0.1:2103
 INFO  [main] {org.radargun.Slave} Successfully established connection with master at: 127.0.0.1:2103
Loading JARS from /home/smf/github/radargun/target/distribution/RadarGun-1.1.0-SNAPSHOT/lib/radargun-framework-1.1.0-SNAPSHOT.jar
 INFO  [pool-1-thread-1] {org.radargun.config.AnnotatedHelper} Loading JARS from /home/smf/github/radargun/target/distribution/RadarGun-1.1.0-SNAPSHOT/lib/radargun-framework-1.1.0-SNAPSHOT.jar
 INFO  [pool-1-thread-1] {org.radargun.config.AnnotatedHelper} Loading JARS from /home/smf/github/radargun/target/distribution/RadarGun-1.1.0-SNAPSHOT/lib/radargun-framework-1.1.0-SNAPSHOT.jar
 INFO  [pool-1-thread-1] {org.radargun.Slave} Executing stage: DestroyWrapper {enforceMemoryThrashHold=true, exitBenchmarkOnSlaveFailure=false, heapDumpDir=null, memoryThreshold=95, runOnAllSlaves=true, slaves=null, useSmartClassLoading=true }
 INFO  [pool-1-thread-1] {org.radargun.stages.DestroyWrapperStage} Received destroy cache wrapper request from master...
 INFO  [pool-1-thread-1] {org.radargun.stages.DestroyWrapperStage} No cache wrapper deployed on this slave, nothing to do.
 INFO  [pool-1-thread-1] {org.radargun.stages.DestroyWrapperStage} Before executing clear, memory looks like this: Memory - free: 2,928,638 kb - max:4,906,688 kb- total:2,944,000 kb
[Full GC 15361K->3631K(2944000K), 0.0867750 secs]
 INFO  [pool-1-thread-1] {org.radargun.stages.DestroyWrapperStage} After executing cleanup, memory looks like this: Memory - free: 2,935,311 kb - max:4,906,688 kb- total:2,944,064 kb
 INFO  [pool-1-thread-1] {org.radargun.Slave} Finished stage: DestroyWrapper {enforceMemoryThrashHold=true, exitBenchmarkOnSlaveFailure=false, heapDumpDir=null, memoryThreshold=95, runOnAllSlaves=true, slaves=null, useSmartClassLoading=true }
 INFO  [main] {org.radargun.Slave} Ack successfully sent to the master
 INFO  [pool-1-thread-1] {org.radargun.Slave} Executing stage: StartCluster {config=ispn52-repl-sync-rc.xml, delayAfterFirstSlaveStarts=5.000 secs, delayBetweenStartingSlaves=0.500 secs, exitBenchmarkOnSlaveFailure=true, expectNumSlaves=null, mayFailOn=null, reachable=null, runOnAllSlaves=false, slaves=null, staggerSlaveStartup=true, useSmartClassLoading=true, validateCluster=true }
 INFO  [pool-1-thread-1] {org.radargun.stages.StartClusterStage}  Startup staggering, starting 8 slaves. This is the slave with index 3. Sleeping for 6500 millis.
 INFO  [pool-1-thread-1] {org.radargun.stages.StartClusterStage} Ack master's StartCluster stage. Local address is: /127.0.0.1. This slave's index is: 3
 INFO  [pool-1-thread-1] {org.radargun.utils.ClassLoadHelper} Creating newInstance org.radargun.cachewrappers.FFWrapper with classloader java.net.URLClassLoader@14320874
 INFO  [pool-1-thread-1] {org.radargun.cachewrappers.FFWrapper} config=ispn52-repl-sync-rc.xml, isLocal=false, nodeIndex=3, confAttributes={name=ispn52-repl-sync-rc.xml, decorate=infinispan52}
 INFO  [pool-1-thread-1] {org.radargun.cachewrappers.FFWrapper} Found fenix framework config options in 'rg-fenix-framework-config-options.properties'.
 INFO  [pool-1-thread-1] {org.radargun.cachewrappers.FFWrapper} Setting extra config properties for Fenix Framework.
 INFO  [pool-1-thread-1] {org.radargun.cachewrappers.FFWrapper} Will initialize Fenix Framework with RadarGunDataGridConfig
 TRACE [pool-1-thread-1] {pt.ist.fenixframework.FenixFramework} Static initializer block for FenixFramework class [BEGIN]
 INFO  [pool-1-thread-1] {pt.ist.fenixframework.FenixFramework} Trying auto-initialization with configuration by convention
 INFO  [pool-1-thread-1] {pt.ist.fenixframework.FenixFramework} Resource 'fenix-framework.properties' not found
 DEBUG [pool-1-thread-1] {pt.ist.fenixframework.FenixFramework} Fenix Framework properties after reading default config file:{}
 DEBUG [pool-1-thread-1] {pt.ist.fenixframework.FenixFramework} CurrentBackEndName = jvstm-datagrid
 INFO  [pool-1-thread-1] {pt.ist.fenixframework.FenixFramework} Resource 'fenix-framework-jvstm-datagrid.properties' not found
 DEBUG [pool-1-thread-1] {pt.ist.fenixframework.FenixFramework} Fenix Framework properties after reading backend config file:{}
 DEBUG [pool-1-thread-1] {pt.ist.fenixframework.FenixFramework} Fenix Framework properties after enforcing system properties:{}
 INFO  [pool-1-thread-1] {pt.ist.fenixframework.FenixFramework} Skipping configuration by convention.
 TRACE [pool-1-thread-1] {pt.ist.fenixframework.FenixFramework} Static initializer block for FenixFramework class [END]
 INFO  [pool-1-thread-1] {pt.ist.fenixframework.FenixFramework} Initializing Fenix Framework with config.class=pt.ist.fenixframework.backend.jvstm.datagrid.radargun.RadarGunDataGridConfig
 INFO  [pool-1-thread-1] {pt.ist.fenixframework.backend.jvstm.cluster.JvstmClusterBackEnd} initializeGroupCommunication()
 INFO  [pool-1-thread-1] {com.hazelcast.config.ClasspathXmlConfig} Configuring Hazelcast from 'hazelcast-ff.xml'.
 INFO  [pool-1-thread-1] {com.hazelcast.instance.DefaultAddressPicker} Interfaces is disabled, trying to pick one address from TCP-IP config addresses: [127.0.0.1]
 INFO  [pool-1-thread-1] {com.hazelcast.instance.DefaultAddressPicker} Picked Address[127.0.0.1]:5704, using socket ServerSocket[addr=/0.0.0.0,localport=5704], bind any local is true
 INFO  [pool-1-thread-1] {com.hazelcast.system} [127.0.0.1]:5704 [FenixFrameworkGroup] Hazelcast Community Edition 3.0.2 (20130906) starting at Address[127.0.0.1]:5704
 INFO  [pool-1-thread-1] {com.hazelcast.system} [127.0.0.1]:5704 [FenixFrameworkGroup] Copyright (C) 2008-2013 Hazelcast.com
 INFO  [pool-1-thread-1] {com.hazelcast.instance.Node} [127.0.0.1]:5704 [FenixFrameworkGroup] Creating MulticastJoiner
 INFO  [pool-1-thread-1] {com.hazelcast.core.LifecycleService} [127.0.0.1]:5704 [FenixFrameworkGroup] Address[127.0.0.1]:5704 is STARTING
 INFO  [pool-1-thread-1] {com.hazelcast.cluster.TcpIpJoiner} [127.0.0.1]:5704 [FenixFrameworkGroup] Connecting to possible member: Address[127.0.0.1]:5703
 INFO  [pool-1-thread-1] {com.hazelcast.cluster.TcpIpJoiner} [127.0.0.1]:5704 [FenixFrameworkGroup] Connecting to possible member: Address[127.0.0.1]:5702
 INFO  [pool-1-thread-1] {com.hazelcast.cluster.TcpIpJoiner} [127.0.0.1]:5704 [FenixFrameworkGroup] Connecting to possible member: Address[127.0.0.1]:5701
 INFO  [hz._hzInstance_1_FenixFrameworkGroup.cached.thread-3] {com.hazelcast.nio.SocketConnector} [127.0.0.1]:5704 [FenixFrameworkGroup] Connecting to /127.0.0.1:5703, timeout: 0, bind-any: true
 INFO  [hz._hzInstance_1_FenixFrameworkGroup.cached.thread-1] {com.hazelcast.nio.SocketConnector} [127.0.0.1]:5704 [FenixFrameworkGroup] Connecting to /127.0.0.1:5701, timeout: 0, bind-any: true
 INFO  [hz._hzInstance_1_FenixFrameworkGroup.cached.thread-2] {com.hazelcast.nio.SocketConnector} [127.0.0.1]:5704 [FenixFrameworkGroup] Connecting to /127.0.0.1:5702, timeout: 0, bind-any: true
 INFO  [hz._hzInstance_1_FenixFrameworkGroup.cached.thread-2] {com.hazelcast.nio.TcpIpConnectionManager} [127.0.0.1]:5704 [FenixFrameworkGroup] 32912 accepted socket connection from /127.0.0.1:5702
 INFO  [hz._hzInstance_1_FenixFrameworkGroup.cached.thread-3] {com.hazelcast.nio.TcpIpConnectionManager} [127.0.0.1]:5704 [FenixFrameworkGroup] 46878 accepted socket connection from /127.0.0.1:5703
 INFO  [hz._hzInstance_1_FenixFrameworkGroup.cached.thread-1] {com.hazelcast.nio.TcpIpConnectionManager} [127.0.0.1]:5704 [FenixFrameworkGroup] 44739 accepted socket connection from /127.0.0.1:5701
 INFO  [hz._hzInstance_1_FenixFrameworkGroup.cached.thread-1] {com.hazelcast.cluster.ClusterService} [127.0.0.1]:5704 [FenixFrameworkGroup] 

Members [8] {
	Member [127.0.0.1]:5701
	Member [127.0.0.1]:5702
	Member [127.0.0.1]:5704 this
	Member [127.0.0.1]:5705
	Member [127.0.0.1]:5706
	Member [127.0.0.1]:5703
	Member [127.0.0.1]:5707
	Member [127.0.0.1]:5708
}

 INFO  [hz._hzInstance_1_FenixFrameworkGroup.IO.thread-Acceptor] {com.hazelcast.nio.SocketAcceptor} [127.0.0.1]:5704 [FenixFrameworkGroup] Accepting socket connection from /127.0.0.1:53672
 INFO  [hz._hzInstance_1_FenixFrameworkGroup.IO.thread-Acceptor] {com.hazelcast.nio.TcpIpConnectionManager} [127.0.0.1]:5704 [FenixFrameworkGroup] 5704 accepted socket connection from /127.0.0.1:53672
 INFO  [hz._hzInstance_1_FenixFrameworkGroup.IO.thread-Acceptor] {com.hazelcast.nio.SocketAcceptor} [127.0.0.1]:5704 [FenixFrameworkGroup] Accepting socket connection from /127.0.0.1:56815
 INFO  [hz._hzInstance_1_FenixFrameworkGroup.IO.thread-Acceptor] {com.hazelcast.nio.TcpIpConnectionManager} [127.0.0.1]:5704 [FenixFrameworkGroup] 5704 accepted socket connection from /127.0.0.1:56815
 INFO  [hz._hzInstance_1_FenixFrameworkGroup.IO.thread-Acceptor] {com.hazelcast.nio.SocketAcceptor} [127.0.0.1]:5704 [FenixFrameworkGroup] Accepting socket connection from /127.0.0.1:38728
 INFO  [hz._hzInstance_1_FenixFrameworkGroup.IO.thread-Acceptor] {com.hazelcast.nio.TcpIpConnectionManager} [127.0.0.1]:5704 [FenixFrameworkGroup] 5704 accepted socket connection from /127.0.0.1:38728
 INFO  [hz._hzInstance_1_FenixFrameworkGroup.IO.thread-Acceptor] {com.hazelcast.nio.SocketAcceptor} [127.0.0.1]:5704 [FenixFrameworkGroup] Accepting socket connection from /127.0.0.1:37062
 INFO  [hz._hzInstance_1_FenixFrameworkGroup.IO.thread-Acceptor] {com.hazelcast.nio.TcpIpConnectionManager} [127.0.0.1]:5704 [FenixFrameworkGroup] 5704 accepted socket connection from /127.0.0.1:37062
 INFO  [hz._hzInstance_1_FenixFrameworkGroup.cached.thread-7] {com.hazelcast.nio.SocketConnector} [127.0.0.1]:5704 [FenixFrameworkGroup] Connecting to /127.0.0.1:5707, timeout: 0, bind-any: true
 INFO  [hz._hzInstance_1_FenixFrameworkGroup.cached.thread-5] {com.hazelcast.nio.SocketConnector} [127.0.0.1]:5704 [FenixFrameworkGroup] Connecting to /127.0.0.1:5708, timeout: 0, bind-any: true
 INFO  [hz._hzInstance_1_FenixFrameworkGroup.cached.thread-7] {com.hazelcast.nio.TcpIpConnectionManager} [127.0.0.1]:5704 [FenixFrameworkGroup] 57815 accepted socket connection from /127.0.0.1:5707
 INFO  [hz._hzInstance_1_FenixFrameworkGroup.cached.thread-5] {com.hazelcast.nio.TcpIpConnectionManager} [127.0.0.1]:5704 [FenixFrameworkGroup] 51516 accepted socket connection from /127.0.0.1:5708
 INFO  [pool-1-thread-1] {com.hazelcast.core.LifecycleService} [127.0.0.1]:5704 [FenixFrameworkGroup] Address[127.0.0.1]:5704 is STARTED
 INFO  [pool-1-thread-1] {pt.ist.fenixframework.backend.jvstm.cluster.ClusterUtils} Got (long) serverId: 3
 INFO  [pool-1-thread-1] {pt.ist.fenixframework.backend.jvstm.cluster.JvstmClusterBackEnd} This is NOT the first node.
 INFO  [pool-1-thread-1] {pt.ist.fenixframework.backend.jvstm.cluster.ClusterUtils} Waiting for startup from first node
 INFO  [pool-1-thread-1] {pt.ist.fenixframework.backend.jvstm.JVSTMBackEnd} initializeRepository()
 INFO  [pool-1-thread-1] {pt.ist.fenixframework.backend.jvstm.datagrid.radargun.DataGridDecorator} config=ispn52-repl-sync-rc.xml, isLocal=false, nodeIndex=3, confAttributes={name=ispn52-repl-sync-rc.xml}
 INFO  [pool-1-thread-1] {org.radargun.cachewrappers.InfinispanXSWrapper} Cannot find any site for slave index 3
[GC 259695K->14498K(2944064K), 0.0444670 secs]
 INFO  [pool-1-thread-1] {org.infinispan.remoting.transport.jgroups.JGroupsTransport} ISPN000078: Starting JGroups Channel
 WARN  [pool-1-thread-1] {org.jgroups.protocols.UDP} [JGRP00014] the send buffer of socket DatagramSocket was set to 640KB, but the OS only allocated 229.38KB. This might lead to performance problems. Please set your max send buffer in the OS correctly (e.g. net.core.wmem_max on Linux)
 WARN  [pool-1-thread-1] {org.jgroups.protocols.UDP} [JGRP00014] the receive buffer of socket DatagramSocket was set to 20MB, but the OS only allocated 229.38KB. This might lead to performance problems. Please set your max receive buffer in the OS correctly (e.g. net.core.rmem_max on Linux)
 WARN  [pool-1-thread-1] {org.jgroups.protocols.UDP} [JGRP00014] the send buffer of socket MulticastSocket was set to 640KB, but the OS only allocated 229.38KB. This might lead to performance problems. Please set your max send buffer in the OS correctly (e.g. net.core.wmem_max on Linux)
 WARN  [pool-1-thread-1] {org.jgroups.protocols.UDP} [JGRP00014] the receive buffer of socket MulticastSocket was set to 25MB, but the OS only allocated 229.38KB. This might lead to performance problems. Please set your max receive buffer in the OS correctly (e.g. net.core.rmem_max on Linux)
 INFO  [pool-1-thread-1] {org.infinispan.remoting.transport.jgroups.JGroupsTransport} ISPN000094: Received new cluster view: [deimos-esw-65371|3] [deimos-esw-65371, deimos-esw-38174, deimos-esw-2506, deimos-esw-63110, deimos-esw-47022, deimos-esw-9256]
 INFO  [pool-1-thread-1] {org.infinispan.remoting.transport.jgroups.JGroupsTransport} ISPN000079: Cache local address is deimos-esw-63110, physical addresses are [127.0.0.1:52003]
 INFO  [pool-1-thread-1] {org.infinispan.factories.GlobalComponentRegistry} ISPN000128: Infinispan version: Infinispan 'Delirium' 5.2.6.Final
 INFO  [Incoming-3,deimos-esw-63110] {org.infinispan.remoting.transport.jgroups.JGroupsTransport} ISPN000094: Received new cluster view: [deimos-esw-65371|4] [deimos-esw-65371, deimos-esw-38174, deimos-esw-2506, deimos-esw-63110, deimos-esw-47022, deimos-esw-9256, deimos-esw-50321]
 INFO  [pool-1-thread-1] {org.infinispan.transaction.lookup.JBossStandaloneJTAManagerLookup} ISPN000107: Retrieving transaction manager Transaction: unknown
 INFO  [Incoming-3,deimos-esw-63110] {org.infinispan.remoting.transport.jgroups.JGroupsTransport} ISPN000094: Received new cluster view: [deimos-esw-65371|5] [deimos-esw-65371, deimos-esw-38174, deimos-esw-2506, deimos-esw-63110, deimos-esw-47022, deimos-esw-9256, deimos-esw-50321, deimos-esw-7605]
 INFO  [pool-1-thread-1] {org.infinispan.jmx.CacheJmxRegistration} ISPN000031: MBeans were successfully registered to the platform MBean server.
 INFO  [pool-1-thread-1] {org.radargun.cachewrappers.InfinispanXSWrapper} Using transaction manager: Transaction: unknown
 INFO  [pool-1-thread-1] {org.radargun.cachewrappers.InfinispanXSWrapper} No RELAY2 protocol in XS wrapper
 INFO  [pool-1-thread-1] {org.radargun.cachewrappers.InfinispanXSWrapper} JGroups version: JGroups 3.2.7.Final
 INFO  [pool-1-thread-1] {org.radargun.cachewrappers.InfinispanXSWrapper} Using config attributes: {name=ispn52-repl-sync-rc.xml}
 INFO  [pool-1-thread-1] {pt.ist.fenixframework.backend.jvstm.datagrid.DataGridRepository} Initialization marker is present. Data Grid already existed.
 INFO  [pool-1-thread-1] {pt.ist.fenixframework.backend.jvstm.JVSTMBackEnd} initializeDomainClassInfos
 INFO  [pool-1-thread-1] {pt.ist.fenixframework.backend.jvstm.pstm.DomainClassInfo} serverId: 3, serverOidBase: 3000000000000
 INFO  [pool-1-thread-1] {pt.ist.fenixframework.backend.jvstm.pstm.DomainClassInfo} Existing domain class 'pt.ist.fenixframework.adt.linkedlist.ListNode' with id '6'
 INFO  [pool-1-thread-1] {pt.ist.fenixframework.backend.jvstm.pstm.DomainClassInfo} Existing domain class 'pt.ist.fenixframework.adt.bplustree.InnerNode' with id '8'
 INFO  [pool-1-thread-1] {pt.ist.fenixframework.backend.jvstm.pstm.DomainClassInfo} Existing domain class 'pt.ist.fenixframework.adt.bplustree.DomainInnerNode' with id '3'
 INFO  [pool-1-thread-1] {pt.ist.fenixframework.backend.jvstm.pstm.DomainClassInfo} Existing domain class 'pt.ist.fenixframework.adt.bplustree.InnerNodeArray' with id 'b'
 INFO  [pool-1-thread-1] {pt.ist.fenixframework.backend.jvstm.pstm.DomainClassInfo} Existing domain class 'pt.ist.fenixframework.adt.bplustree.LeafNodeArray' with id 'c'
 INFO  [pool-1-thread-1] {pt.ist.fenixframework.backend.jvstm.pstm.DomainClassInfo} Existing domain class 'pt.ist.fenixframework.backend.jvstm.pstm.FenixFrameworkData' with id 'd'
 INFO  [pool-1-thread-1] {pt.ist.fenixframework.backend.jvstm.pstm.DomainClassInfo} Existing domain class 'pt.ist.fenixframework.adt.bplustree.DomainLeafNode' with id '1'
 INFO  [pool-1-thread-1] {pt.ist.fenixframework.backend.jvstm.pstm.DomainClassInfo} Existing domain class 'pt.ist.fenixframework.DomainRoot' with id '0'
 INFO  [pool-1-thread-1] {pt.ist.fenixframework.backend.jvstm.pstm.DomainClassInfo} Existing domain class 'pt.ist.fenixframework.adt.bplustree.AbstractNodeArray' with id 'a'
 INFO  [pool-1-thread-1] {pt.ist.fenixframework.backend.jvstm.pstm.DomainClassInfo} Existing domain class 'pt.ist.fenixframework.adt.bplustree.DomainBPlusTree' with id 'e'
 INFO  [pool-1-thread-1] {pt.ist.fenixframework.backend.jvstm.pstm.DomainClassInfo} Existing domain class 'pt.ist.fenixframework.adt.bplustree.AbstractNode' with id 'f'
 INFO  [pool-1-thread-1] {pt.ist.fenixframework.backend.jvstm.pstm.DomainClassInfo} Existing domain class 'pt.ist.fenixframework.backend.jvstm.pstm.TransactionStatisticsEntry' with id '5'
 INFO  [pool-1-thread-1] {pt.ist.fenixframework.backend.jvstm.pstm.DomainClassInfo} Existing domain class 'pt.ist.fenixframework.adt.bplustree.LeafNode' with id '4'
 INFO  [pool-1-thread-1] {pt.ist.fenixframework.backend.jvstm.pstm.DomainClassInfo} Existing domain class 'pt.ist.fenixframework.adt.bplustree.BPlusTreeArray' with id '2'
 INFO  [pool-1-thread-1] {pt.ist.fenixframework.backend.jvstm.pstm.DomainClassInfo} Existing domain class 'pt.ist.fenixframework.adt.bplustree.BPlusTree' with id '7'
 INFO  [pool-1-thread-1] {pt.ist.fenixframework.backend.jvstm.pstm.DomainClassInfo} Existing domain class 'pt.ist.fenixframework.adt.linkedlist.LinkedList' with id '9'
 INFO  [pool-1-thread-1] {pt.ist.fenixframework.backend.jvstm.JVSTMBackEnd} setupJVSTM
 INFO  [pool-1-thread-1] {pt.ist.fenixframework.backend.jvstm.JVSTMBackEnd} Setting the last committed TX number to 2
 INFO  [pool-1-thread-1] {pt.ist.fenixframework.backend.jvstm.JVSTMBackEnd} createDomainRootIfNeeded
 INFO  [pool-1-thread-1] {pt.ist.fenixframework.backend.jvstm.JVSTMBackEnd} ensureFenixFrameworkDataExists
 INFO  [pool-1-thread-1] {pt.ist.fenixframework.hibernatesearch.HibernateSearchConfig} Resource 'fenix-framework-hibernate-search.properties' not found. Hibernate Search disabled
 INFO  [pool-1-thread-1] {pt.ist.fenixframework.FenixFramework} Initialization of Fenix Framework is now complete.
 INFO  [pool-1-thread-1] {org.radargun.cachewrappers.FFWrapper} FF STARTED=true
 INFO  [pool-1-thread-1] {org.radargun.stages.helpers.StartHelper} Number of members is the one expected: 8
 INFO  [pool-1-thread-1] {org.radargun.stages.StartClusterStage} Successfully started cache wrapper on slave 3: org.radargun.cachewrappers.FFWrapper@1cc7580f
 INFO  [pool-1-thread-1] {org.radargun.Slave} Finished stage: StartCluster {config=ispn52-repl-sync-rc.xml, delayAfterFirstSlaveStarts=5.000 secs, delayBetweenStartingSlaves=0.500 secs, exitBenchmarkOnSlaveFailure=true, expectNumSlaves=null, mayFailOn=null, reachable=null, runOnAllSlaves=false, slaves=null, staggerSlaveStartup=true, useSmartClassLoading=true, validateCluster=true }
 INFO  [main] {org.radargun.Slave} Ack successfully sent to the master
 INFO  [pool-1-thread-1] {org.radargun.Slave} Executing stage: ClusterValidation {exitBenchmarkOnSlaveFailure=false, partialReplication=false, replicationTimeSleep=2000, replicationTryCount=60, runOnAllSlaves=false, slaves=null, useSmartClassLoading=true }
 INFO  [pool-1-thread-1] {org.radargun.stages.ClusterValidationStage} Number of caches that replicated here is 3
 INFO  [pool-1-thread-1] {org.radargun.stages.ClusterValidationStage} Replication test failed, 1 tries so far. Sleeping for 2 seconds and trying again.
 INFO  [pool-1-thread-1] {org.radargun.stages.ClusterValidationStage} Number of caches that replicated here is 7
 INFO  [pool-1-thread-1] {org.radargun.stages.ClusterValidationStage} Replication test successfully passed. partialReplication? false, replicationCount = 7
 INFO  [pool-1-thread-1] {org.radargun.stages.ClusterValidationStage} Confirm phase successful.
 INFO  [pool-1-thread-1] {org.radargun.Slave} Finished stage: ClusterValidation {exitBenchmarkOnSlaveFailure=false, partialReplication=false, replicationTimeSleep=2000, replicationTryCount=60, runOnAllSlaves=false, slaves=[ 0, 1, 2, 3, 4, 5, 6, 7 ], useSmartClassLoading=true }
 INFO  [main] {org.radargun.Slave} Ack successfully sent to the master
 INFO  [pool-1-thread-1] {org.radargun.Slave} Executing stage: StressTestWarmup {bulkSize=1, cacheSpecificKeyGenerator=false, commitTransactions=true, duration=1 mins 0 secs, entrySize=1000, exitBenchmarkOnSlaveFailure=false, fixedKeys=true, generateHistogramRange=false, keyGeneratorClass=org.radargun.stressors.StringKeyGenerator, keyGeneratorParam=null, loadAllKeys=false, numEntries=100, numOfThreads=4, numRequests=10000, numThreads=4, numberOfAttributes=100, numberOfRequests=10000, opsCountStatusLog=100000, poolKeys=true, preferAsyncOperations=false, removePercentage=0, replaceInvalidPercentage=40, runOnAllSlaves=false, sharedKeys=false, sizeOfAnAttribute=1000, slaves=null, transactionSize=50, useAtomics=false, useHistogramStatistics=false, useSimpleStatistics=true, useSmartClassLoading=true, useTransactions=null, writePercentage=20, writeTxPercentage=20 }
 INFO  [pool-1-thread-1] {org.radargun.stages.StressTestWarmupStage} Starting StressTestWarmupStage: StressTestWarmup {bulkSize=1, cacheSpecificKeyGenerator=false, commitTransactions=true, duration=1 mins 0 secs, entrySize=1000, exitBenchmarkOnSlaveFailure=false, fixedKeys=true, generateHistogramRange=false, keyGeneratorClass=org.radargun.stressors.StringKeyGenerator, keyGeneratorParam=null, loadAllKeys=false, numEntries=100, numOfThreads=4, numRequests=10000, numThreads=4, numberOfAttributes=100, numberOfRequests=10000, opsCountStatusLog=100000, poolKeys=true, preferAsyncOperations=false, removePercentage=0, replaceInvalidPercentage=40, runOnAllSlaves=false, sharedKeys=false, sizeOfAnAttribute=1000, slaves=null, transactionSize=50, useAtomics=false, useHistogramStatistics=false, useSimpleStatistics=true, useSmartClassLoading=true, useTransactions=null, writePercentage=20, writeTxPercentage=20 }
 INFO  [pool-1-thread-1] {org.radargun.stressors.StressTestStressor} Using key generator org.radargun.stressors.StringKeyGenerator, param null
 INFO  [pool-1-thread-1] {org.radargun.stressors.StressTestStressor} Executing: StressTestStressor{opsCountStatusLog=100000, numRequests=10000, numEntries=100, entrySize=1000, writePercentage=20, numThreads=4, cacheWrapper=org.radargun.cachewrappers.FFWrapper@1cc7580f, nodeIndex=3, useTransactions=true, transactionSize=50, commitTransactions=true, durationMillis=60000}
 INFO  [pool-1-thread-1] {org.radargun.stressors.StressTestStressor} Cache wrapper info is: FFWrapper using infinispan52
[GC 270562K->19691K(2944064K), 0.0496970 secs]
 INFO  [pool-1-thread-1] {org.radargun.stressors.StressTestStressor} Started 4 stressor threads.
 INFO  [Stressor-2] {org.radargun.stressors.StressTestStressor} Number of ops executed so far: 1. Elapsed time: 0.001 secs. Remaining: 59.999 secs. Total: 1 mins 0 secs
[GC 275755K->16578K(2944064K), 0.0402530 secs]
[GC 272642K->25796K(2944064K), 0.0367950 secs]
[GC 281860K->28967K(2944064K), 0.0414940 secs]
[GC 285031K->48955K(2944064K), 0.0441750 secs]
 INFO  [Stressor-3] {org.radargun.stressors.StressTestStressor} Number of ops executed so far: 29300. Elapsed time: 20.001 secs. Remaining: 39.999 secs. Total: 1 mins 0 secs
[GC 305019K->43909K(2944064K), 0.0446760 secs]
[GC 299973K->56390K(2944064K), 0.0454900 secs]
[GC 312454K->61359K(2944064K), 0.0488840 secs]
[GC 317423K->68420K(2944064K), 0.0509940 secs]
[GC 324484K->74582K(2944064K), 0.0550570 secs]
 INFO  [Stressor-0] {org.radargun.stressors.StressTestStressor} Number of ops executed so far: 101250. Elapsed time: 40.005 secs. Remaining: 19.995 secs. Total: 1 mins 0 secs
[GC 330646K->91223K(2944064K), 0.0523130 secs]
[GC 347287K->99217K(2944064K), 0.0529380 secs]
[GC 355281K->107774K(2944064K), 0.0560120 secs]
[GC 363838K->104444K(2944064K), 0.0797010 secs]
[GC 360508K->111590K(2944064K), 0.0606550 secs]
[GC 367654K->135651K(2944064K), 0.0653650 secs]
 INFO  [Stressor-3] {org.radargun.stressors.StressTestStressor} Number of ops executed so far: 204550. Elapsed time: 1 mins 0 secs. Remaining: 0.000 secs. Total: 1 mins 0 secs
 INFO  [pool-1-thread-1] {org.radargun.stressors.StressTestStressor} Finished generating report. Test duration is: 1 mins 13 secs
 INFO  [pool-1-thread-1] {org.radargun.stages.StressTestWarmupStage} The warmup took: 73 seconds.
 INFO  [pool-1-thread-1] {org.radargun.Slave} Finished stage: StressTestWarmup {bulkSize=1, cacheSpecificKeyGenerator=false, commitTransactions=true, duration=1 mins 0 secs, entrySize=1000, exitBenchmarkOnSlaveFailure=false, fixedKeys=true, generateHistogramRange=false, keyGeneratorClass=org.radargun.stressors.StringKeyGenerator, keyGeneratorParam=null, loadAllKeys=false, numEntries=100, numOfThreads=4, numRequests=10000, numThreads=4, numberOfAttributes=100, numberOfRequests=10000, opsCountStatusLog=100000, poolKeys=true, preferAsyncOperations=false, removePercentage=0, replaceInvalidPercentage=40, runOnAllSlaves=false, sharedKeys=false, sizeOfAnAttribute=1000, slaves=null, transactionSize=50, useAtomics=false, useHistogramStatistics=false, useSimpleStatistics=true, useSmartClassLoading=true, useTransactions=null, writePercentage=20, writeTxPercentage=20 }
 INFO  [main] {org.radargun.Slave} Ack successfully sent to the master
[GC 391715K->117227K(2944064K), 0.0644060 secs]
[GC 373291K->100573K(2944064K), 0.0509180 secs]
[GC 356637K->106525K(2944064K), 0.0516980 secs]
[GC 362589K->111101K(2944064K), 0.0545220 secs]
[GC 367165K->119905K(2944064K), 0.0556750 secs]
[GC 375969K->137714K(2944064K), 0.0695400 secs]
[GC 393778K->148209K(2944064K), 0.0667110 secs]
[GC 403469K->140181K(2944064K), 0.0675340 secs]
[GC 396245K->149012K(2944064K), 0.0655640 secs]
[GC 405076K->194071K(2944064K), 0.0746070 secs]
 INFO  [pool-1-thread-1] {org.radargun.Slave} Executing stage: ClearClusterStage {ClearCluster {exitBenchmarkOnSlaveFailure=false, runOnAllSlaves=false, slaves=[ 0 ], useSmartClassLoading=true }
 INFO  [pool-1-thread-1] {org.radargun.stages.ClearClusterStage} Before executing clear, memory looks like this: Memory - free: 2,547,393 kb - max:4,906,688 kb- total:2,944,064 kb
[Full GC 396670K->149190K(2944064K), 0.6044710 secs]
 INFO  [pool-1-thread-1] {org.radargun.stages.ClearClusterStage} After executing cleanup, memory looks like this: Memory - free: 2,794,207 kb - max:4,906,688 kb- total:2,944,192 kb
 INFO  [pool-1-thread-1] {org.radargun.Slave} Finished stage: ClearClusterStage {ClearCluster {exitBenchmarkOnSlaveFailure=false, runOnAllSlaves=false, slaves=[ 0 ], useSmartClassLoading=true }
 INFO  [main] {org.radargun.Slave} Ack successfully sent to the master
 INFO  [pool-1-thread-1] {org.radargun.Slave} Executing stage: StressTest {bulkSize=1, cacheSpecificKeyGenerator=false, commitTransactions=true, duration=1 mins 0 secs, entrySize=1000, exitBenchmarkOnSlaveFailure=false, fixedKeys=true, generateHistogramRange=false, keyGeneratorClass=org.radargun.stressors.StringKeyGenerator, keyGeneratorParam=null, loadAllKeys=false, numEntries=10000, numOfThreads=4, numRequests=10000000, numThreads=4, numberOfAttributes=10000, numberOfRequests=10000000, opsCountStatusLog=500000, poolKeys=true, preferAsyncOperations=false, removePercentage=0, replaceInvalidPercentage=40, runOnAllSlaves=false, sharedKeys=false, sizeOfAnAttribute=1000, slaves=null, transactionSize=10000, useAtomics=false, useHistogramStatistics=false, useSimpleStatistics=true, useSmartClassLoading=true, useTransactions=true, writePercentage=10, writeTxPercentage=5 }
 INFO  [pool-1-thread-1] {org.radargun.stages.StressTestStage} Starting StressTestStage: StressTest {bulkSize=1, cacheSpecificKeyGenerator=false, commitTransactions=true, duration=1 mins 0 secs, entrySize=1000, exitBenchmarkOnSlaveFailure=false, fixedKeys=true, generateHistogramRange=false, keyGeneratorClass=org.radargun.stressors.StringKeyGenerator, keyGeneratorParam=null, loadAllKeys=false, numEntries=10000, numOfThreads=4, numRequests=10000000, numThreads=4, numberOfAttributes=10000, numberOfRequests=10000000, opsCountStatusLog=500000, poolKeys=true, preferAsyncOperations=false, removePercentage=0, replaceInvalidPercentage=40, runOnAllSlaves=false, sharedKeys=false, sizeOfAnAttribute=1000, slaves=null, transactionSize=10000, useAtomics=false, useHistogramStatistics=false, useSimpleStatistics=true, useSmartClassLoading=true, useTransactions=true, writePercentage=10, writeTxPercentage=5 }
 INFO  [pool-1-thread-1] {org.radargun.stressors.StressTestStressor} Using key generator org.radargun.stressors.StringKeyGenerator, param null
 INFO  [pool-1-thread-1] {org.radargun.stressors.StressTestStressor} Executing: StressTestStressor{opsCountStatusLog=500000, numRequests=10000000, numEntries=10000, entrySize=1000, writePercentage=10, numThreads=4, cacheWrapper=org.radargun.cachewrappers.FFWrapper@1cc7580f, nodeIndex=3, useTransactions=true, transactionSize=10000, commitTransactions=true, durationMillis=60000}
 INFO  [pool-1-thread-1] {org.radargun.stressors.StressTestStressor} Cache wrapper info is: FFWrapper using infinispan52
[GC 405382K->194433K(2944192K), 0.0302410 secs]
[GC 450625K->164491K(2944192K), 0.0332420 secs]
[GC 420683K->165162K(2944192K), 0.0353940 secs]
[GC 421354K->172008K(2944192K), 0.0374620 secs]
[GC 428200K->181000K(2944192K), 0.0417840 secs]
[GC 437192K->184598K(2944192K), 0.0406890 secs]
[GC 440790K->192393K(2944192K), 0.0441170 secs]
[GC 448585K->200971K(2944192K), 0.0427110 secs]
[GC 457163K->217925K(2944192K), 0.0444950 secs]
[GC 474117K->208711K(2944192K), 0.0481670 secs]
[GC 464903K->219237K(2944192K), 0.0517730 secs]
[GC 475429K->220916K(2944192K), 0.0533360 secs]
[GC 477108K->229554K(2944192K), 0.0578950 secs]
[GC 485746K->251806K(2944192K), 0.0550630 secs]
[GC 507998K->225001K(2944192K), 0.0569990 secs]
[GC 481193K->249050K(2944192K), 0.0652910 secs]
[GC 505242K->247259K(2944192K), 0.0583070 secs]
[GC 503451K->239646K(2944192K), 0.0614510 secs]
[GC 495838K->234465K(2944192K), 0.0597820 secs]
[GC 490657K->264772K(2944192K), 0.0569330 secs]
[GC 520964K->259432K(2944192K), 0.0575660 secs]
[GC 515624K->255019K(2944192K), 0.0572310 secs]
[GC 511211K->269274K(2944192K), 0.0542040 secs]
[GC 525466K->263871K(2944192K), 0.0553360 secs]
[GC 520063K->272662K(2944192K), 0.0577710 secs]
[GC 528854K->286794K(2944192K), 0.0600200 secs]
[GC 542986K->264768K(2944192K), 0.0557060 secs]
[GC 520960K->261243K(2944192K), 0.0564280 secs]
[GC 517435K->279165K(2944192K), 0.0586990 secs]
[GC 535357K->284940K(2944192K), 0.0595610 secs]
[GC 541132K->275666K(2944192K), 0.0551700 secs]
[GC 531858K->286469K(2944192K), 0.0594080 secs]
[GC 542661K->289790K(2944192K), 0.0558100 secs]
[GC 545982K->310211K(2944192K), 0.0584310 secs]
[GC 566403K->285630K(2944192K), 0.0571720 secs]
[GC 541822K->300048K(2944192K), 0.0594280 secs]
[GC 556240K->298279K(2944192K), 0.0581870 secs]
[GC 554471K->305488K(2944192K), 0.0596570 secs]
[GC 561680K->311970K(2944192K), 0.0597000 secs]
[GC 568162K->303013K(2944192K), 0.0537280 secs]
 INFO  [pool-1-thread-1] {org.radargun.stressors.StressTestStressor} Started 4 stressor threads.
 INFO  [Stressor-0] {org.radargun.stressors.StressTestStressor} Number of ops executed so far: 1. Elapsed time: 0.000 secs. Remaining: 1 mins 0 secs. Total: 1 mins 0 secs
[GC 559028K->325697K(2944192K), 0.0801840 secs]
[GC 581889K->327019K(2944192K), 0.0763950 secs]
[GC 583211K->352123K(2944192K), 0.0825860 secs]
[GC 608315K->370634K(2944192K), 0.0818600 secs]
[GC 624991K->354570K(2944192K), 0.0716650 secs]
[GC 610762K->368264K(2944192K), 0.0701130 secs]
[GC 624456K->381748K(2944192K), 0.0931200 secs]
[GC 637940K->417778K(2944192K), 0.0511240 secs]
[GC 673970K->413971K(2944192K), 0.0535160 secs]
[GC 670163K->413130K(2944192K), 0.0609990 secs]
[GC 669322K->463886K(2944192K), 0.0582110 secs]
[GC 720078K->430329K(2944192K), 0.0792760 secs]
[GC 686521K->435294K(2944192K), 0.0460150 secs]
[GC 691486K->464374K(2944192K), 0.0538410 secs]
[GC 720122K->478668K(2944192K), 0.0604300 secs]
[GC 734860K->479434K(2944192K), 0.0634300 secs]
[GC 735626K->493056K(2944192K), 0.0628130 secs]
[GC 749248K->496630K(2944192K), 0.0635440 secs]
[GC 752822K->518002K(2944192K), 0.0682160 secs]
[GC 774163K->531234K(2944192K), 0.0767620 secs]
[GC 785155K->525094K(2944192K), 0.0520920 secs]
 INFO  [Stressor-2] {org.radargun.stressors.StressTestStressor} Number of ops executed so far: 5584798. Elapsed time: 20.000 secs. Remaining: 40.000 secs. Total: 1 mins 0 secs
[GC 780589K->528206K(2944192K), 0.0487560 secs]
[GC 784398K->559688K(2944192K), 0.0551390 secs]
[GC 811937K->544053K(2944192K), 0.0685560 secs]
[GC 800245K->595728K(2944192K), 0.0642370 secs]
[GC 851920K->576394K(2944192K), 0.0906270 secs]
[GC 832586K->606156K(2944192K), 0.0567670 secs]
[GC 862348K->604841K(2944192K), 0.0587640 secs]
[GC 861033K->608398K(2944192K), 0.0509210 secs]
[GC 864590K->625056K(2944192K), 0.0631790 secs]
[GC 881248K->663864K(2944192K), 0.0759790 secs]
[GC 920054K->647693K(2944192K), 0.0676360 secs]
[GC 903885K->670464K(2944192K), 0.0522380 secs]
[GC 926656K->684595K(2944192K), 0.0568550 secs]
[GC 940787K->700804K(2944192K), 0.0651620 secs]
[GC 956994K->706282K(2944192K), 0.0586320 secs]
[GC 962474K->713995K(2944192K), 0.0637240 secs]
[GC 970187K->707729K(2944192K), 0.0549170 secs]
[GC 963921K->713806K(2944192K), 0.0479760 secs]
[GC 969998K->716075K(2944192K), 0.0538900 secs]
[GC 972267K->748602K(2944192K), 0.0572990 secs]
[GC 1004760K->760108K(2944192K), 0.0729790 secs]
 INFO  [Stressor-1] {org.radargun.stressors.StressTestStressor} Number of ops executed so far: 8322565. Elapsed time: 40.000 secs. Remaining: 20.000 secs. Total: 1 mins 0 secs
[GC 1016300K->761521K(2944192K), 0.0735530 secs]
[GC 1017713K->755002K(2944192K), 0.0552460 secs]
[GC 1011180K->770544K(2944192K), 0.0612370 secs]
[GC 1026736K->773713K(2944192K), 0.0578830 secs]
[GC 1029905K->796485K(2944192K), 0.0523210 secs]
[GC 1051347K->825775K(2944192K), 0.0618190 secs]
[GC 1081967K->808782K(2944192K), 0.0661040 secs]
[GC 1064974K->832227K(2944192K), 0.0561000 secs]
[GC 1088419K->837290K(2944192K), 0.0749090 secs]
[GC 1093482K->847453K(2944192K), 0.0542380 secs]
[GC 1103645K->853884K(2944192K), 0.0613660 secs]
[GC 1110076K->856486K(2944192K), 0.0600470 secs]
[GC 1112678K->878354K(2944192K), 0.0650370 secs]
[GC 1134534K->905226K(2944192K), 0.0667410 secs]
[GC 1161418K->874647K(2944192K), 0.0670580 secs]
[GC 1130839K->897037K(2944192K), 0.0554900 secs]
[GC 1150910K->880496K(2944192K), 0.0698860 secs]
[GC 1136688K->916201K(2944192K), 0.0550170 secs]
[GC 1172393K->926349K(2944192K), 0.0721430 secs]
[GC 1182541K->916798K(2944192K), 0.0543310 secs]
[GC 1170117K->938992K(2944192K), 0.0687530 secs]
[GC 1192902K->936197K(2944192K), 0.0566050 secs]
 INFO  [Stressor-0] {org.radargun.stressors.StressTestStressor} Number of ops executed so far: 16792567. Elapsed time: 1 mins 0 secs. Remaining: 0.000 secs. Total: 1 mins 0 secs
 INFO  [pool-1-thread-1] {org.radargun.stressors.StressTestStressor} Finished generating report. Test duration is: 4 mins 14 secs
 INFO  [pool-1-thread-1] {org.radargun.stages.StressTestStage} size info: FFWrapper using infinispan52, clusterSize:8, nodeIndex:3, cacheSize: -1
 INFO  [pool-1-thread-1] {org.radargun.Slave} Finished stage: StressTest {bulkSize=1, cacheSpecificKeyGenerator=false, commitTransactions=true, duration=1 mins 0 secs, entrySize=1000, exitBenchmarkOnSlaveFailure=false, fixedKeys=true, generateHistogramRange=false, keyGeneratorClass=org.radargun.stressors.StringKeyGenerator, keyGeneratorParam=null, loadAllKeys=false, numEntries=10000, numOfThreads=4, numRequests=10000000, numThreads=4, numberOfAttributes=10000, numberOfRequests=10000000, opsCountStatusLog=500000, poolKeys=true, preferAsyncOperations=false, removePercentage=0, replaceInvalidPercentage=40, runOnAllSlaves=false, sharedKeys=false, sizeOfAnAttribute=1000, slaves=null, transactionSize=10000, useAtomics=false, useHistogramStatistics=false, useSimpleStatistics=true, useSmartClassLoading=true, useTransactions=true, writePercentage=10, writeTxPercentage=5 }
 INFO  [main] {org.radargun.Slave} Ack successfully sent to the master
[GC 1192389K->931465K(2944192K), 0.0572830 secs]
[GC 1187657K->920163K(2944192K), 0.0454500 secs]
[GC 1176355K->931096K(2944192K), 0.0474820 secs]
[GC 1187288K->944664K(2944192K), 0.0472600 secs]
[GC 1200856K->940952K(2944192K), 0.0451200 secs]
[GC 1197144K->918956K(2944192K), 0.0475670 secs]
[GC 1175148K->946445K(2944192K), 0.0474010 secs]
[GC 1202637K->921623K(2944192K), 0.0508200 secs]
[GC 1177815K->956534K(2944192K), 0.0528610 secs]
[GC 1212726K->928385K(2944192K), 0.0537430 secs]
[GC 1184577K->966580K(2944192K), 0.0552600 secs]
[GC 1222772K->935144K(2944192K), 0.0569910 secs]
[GC 1191336K->970301K(2944192K), 0.0646060 secs]
[GC 1226493K->951717K(2944192K), 0.0670020 secs]
[GC 1207909K->951472K(2944192K), 0.0651680 secs]
[GC 1207664K->943717K(2944192K), 0.0650670 secs]
[GC 1199909K->953752K(2944192K), 0.0544650 secs]
[GC 1209944K->956071K(2944192K), 0.0515410 secs]
[GC 1212263K->983843K(2944192K), 0.0629060 secs]
[GC 1239434K->999787K(2944192K), 0.0699390 secs]
[GC 1255979K->1023976K(2944192K), 0.0748480 secs]
[GC 1280168K->1046818K(2944192K), 0.0887460 secs]
[GC 1303010K->1028262K(2944192K), 0.1090610 secs]
[GC 1284435K->1078858K(2944192K), 0.0640750 secs]
[GC 1335050K->1095006K(2944192K), 0.0839940 secs]
[GC 1351198K->1101101K(2944192K), 0.0874490 secs]
[GC 1357293K->1097810K(2944192K), 0.0915770 secs]
[GC 1353984K->1103947K(2944192K), 0.0755160 secs]
[GC 1360139K->1162840K(2944192K), 0.0646020 secs]
[GC 1417519K->1149010K(2944192K), 0.0827060 secs]
[GC 1405202K->1186180K(2944192K), 0.0832300 secs]
[GC 1442372K->1203548K(2944192K), 0.0846140 secs]
[GC 1459740K->1228506K(2944192K), 0.0879180 secs]
[GC 1484698K->1217167K(2944192K), 0.1010340 secs]
[GC 1473359K->1240460K(2944192K), 0.0755150 secs]
[GC 1496595K->1251955K(2944192K), 0.0698480 secs]
[GC 1506120K->1295788K(2944192K), 0.0636370 secs]
[GC 1551980K->1300258K(2944192K), 0.0784020 secs]
[GC 1555767K->1304392K(2944192K), 0.0852890 secs]
[GC 1560584K->1347642K(2944192K), 0.0859500 secs]
[GC 1603834K->1335378K(2944192K), 0.0901910 secs]
[GC 1591519K->1381618K(2944192K), 0.0625500 secs]
[GC 1637810K->1397790K(2944192K), 0.0789660 secs]
[GC 1653982K->1415005K(2944192K), 0.0800200 secs]
[GC 1415862K(2944192K), 0.0411370 secs]
[GC 1671143K->1422539K(2944192K), 0.0781950 secs]
[GC 1594993K(2944192K), 0.0570070 secs]
[GC 1294233K->1061926K(2944192K), 0.0865870 secs]
[GC 1318118K->1050460K(2944192K), 0.0874880 secs]
[GC 1306652K->1086101K(2944192K), 0.0622930 secs]
[GC 1342293K->1059182K(2944192K), 0.0772570 secs]
[GC 1315374K->1065736K(2944192K), 0.0602490 secs]
[GC 1321928K->1081082K(2944192K), 0.0593960 secs]
[GC 1337274K->1070563K(2944192K), 0.0754620 secs]
[GC 1326755K->1071394K(2944192K), 0.0505100 secs]
[GC 1327586K->1108757K(2944192K), 0.0537270 secs]
[GC 1364949K->1071308K(2944192K), 0.0592230 secs]
[GC 1327500K->1093246K(2944192K), 0.0566410 secs]
[GC 1349438K->1104160K(2944192K), 0.0594760 secs]
[GC 1360352K->1110272K(2944192K), 0.0592420 secs]
[GC 1366464K->1115113K(2944192K), 0.0646810 secs]
[GC 1371305K->1092458K(2944192K), 0.0735100 secs]
[GC 1348650K->1091776K(2944192K), 0.0572660 secs]
[GC 1347968K->1115504K(2944192K), 0.0579850 secs]
[GC 1371696K->1100774K(2944192K), 0.0673290 secs]
[GC 1356966K->1102182K(2944192K), 0.0538520 secs]
[GC 1358374K->1106836K(2944192K), 0.0513680 secs]
[GC 1363028K->1110109K(2944192K), 0.0530530 secs]
[GC 1366301K->1103273K(2944192K), 0.0519590 secs]
[GC 1359465K->1116362K(2944192K), 0.0634640 secs]
[GC 1372554K->1129292K(2944192K), 0.0551360 secs]
[GC 1385484K->1118502K(2944192K), 0.0570200 secs]
[GC 1374694K->1119952K(2944192K), 0.0537930 secs]
[GC 1376144K->1116994K(2944192K), 0.0558310 secs]
[GC 1373186K->1131067K(2944192K), 0.0666210 secs]
[GC 1387259K->1134248K(2944192K), 0.0562020 secs]
[GC 1390440K->1137135K(2944192K), 0.0554780 secs]
[GC 1393327K->1151327K(2944192K), 0.0585180 secs]
[GC 1407519K->1132983K(2944192K), 0.0607370 secs]
[GC 1389175K->1140666K(2944192K), 0.0550640 secs]
[GC 1396858K->1148238K(2944192K), 0.0698220 secs]
[GC 1404430K->1152166K(2944192K), 0.0557990 secs]
[GC 1408358K->1166081K(2944192K), 0.0562890 secs]
[GC 1422273K->1147688K(2944192K), 0.0545120 secs]
[GC 1403880K->1175039K(2944192K), 0.0578250 secs]
[GC 1431231K->1151404K(2944192K), 0.0638890 secs]
[GC 1407596K->1180215K(2944192K), 0.0573640 secs]
[GC 1436407K->1156691K(2944192K), 0.0714410 secs]
[GC 1412883K->1175410K(2944192K), 0.0693760 secs]
[GC 1431602K->1173768K(2944192K), 0.0566490 secs]
[GC 1429960K->1177764K(2944192K), 0.0578440 secs]
[GC 1433956K->1180927K(2944192K), 0.0625700 secs]
[GC 1437119K->1183286K(2944192K), 0.0558040 secs]
[GC 1439478K->1185876K(2944192K), 0.0553800 secs]
[GC 1442068K->1189202K(2944192K), 0.0576810 secs]
[GC 1445394K->1181027K(2944192K), 0.0546560 secs]
[GC 1437219K->1183654K(2944192K), 0.0653420 secs]
[GC 1439846K->1196802K(2944192K), 0.0692710 secs]
[GC 1452994K->1188985K(2944192K), 0.0615930 secs]
[GC 1445177K->1202470K(2944192K), 0.0540130 secs]
[GC 1458662K->1205371K(2944192K), 0.0646290 secs]
[GC 1461563K->1207773K(2944192K), 0.0643350 secs]
[GC 1463965K->1210372K(2944192K), 0.0635270 secs]
[GC 1466564K->1212899K(2944192K), 0.0532600 secs]
[GC 1469091K->1204911K(2944192K), 0.0764830 secs]
[GC 1461103K->1218460K(2944192K), 0.0591530 secs]
[GC 1474652K->1221066K(2944192K), 0.0675790 secs]
[GC 1477258K->1223488K(2944192K), 0.0632150 secs]
[GC 1479680K->1226106K(2944192K), 0.0757800 secs]
[GC 1482298K->1228992K(2944192K), 0.0541890 secs]
[GC 1485184K->1221500K(2944192K), 0.0642630 secs]
[GC 1477692K->1224116K(2944192K), 0.0546790 secs]
[GC 1480308K->1237167K(2944192K), 0.0542770 secs]
[GC 1493359K->1239528K(2944192K), 0.0616720 secs]
[GC 1495720K->1232069K(2944192K), 0.0629820 secs]
[GC 1488261K->1234883K(2944192K), 0.0535790 secs]
[GC 1491075K->1247817K(2944192K), 0.0552420 secs]
[GC 1504009K->1240099K(2944192K), 0.0530080 secs]
[GC 1496291K->1242707K(2944192K), 0.0569900 secs]
[GC 1498899K->1256347K(2944192K), 0.0638060 secs]
[GC 1512539K->1248760K(2944192K), 0.0601530 secs]
[GC 1504952K->1261857K(2944192K), 0.0646100 secs]
[GC 1518049K->1254160K(2944192K), 0.0629570 secs]
[GC 1510352K->1267293K(2944192K), 0.0521600 secs]
[GC 1523485K->1270456K(2944192K), 0.0627070 secs]
[GC 1526648K->1262692K(2944192K), 0.0632520 secs]
[GC 1518884K->1275978K(2944192K), 0.0528580 secs]
[GC 1532170K->1268013K(2944192K), 0.0642170 secs]
[GC 1524205K->1281227K(2944192K), 0.0654970 secs]
[GC 1537419K->1305650K(2944192K), 0.0668320 secs]
[GC 1560345K->1335652K(2944192K), 0.0840170 secs]
[GC 1591837K->1358467K(2944192K), 0.0877010 secs]
[GC 1614659K->1366850K(2944192K), 0.0999700 secs]
[GC 1623042K->1371815K(2944192K), 0.1010860 secs]
[GC 1627952K->1401538K(2944192K), 0.0804200 secs]
[GC 1657730K->1419560K(2944192K), 0.0877650 secs]
[GC 1675752K->1434234K(2944192K), 0.0837550 secs]
[GC 1690149K->1449301K(2944192K), 0.0850410 secs]
[GC 1703484K->1467309K(2944192K), 0.0899510 secs]
[GC 1722817K->1483697K(2944192K), 0.0938850 secs]
[GC 1739889K->1480869K(2944192K), 0.0964570 secs]
[GC 1737061K->1517880K(2944192K), 0.0891100 secs]
[GC 1772954K->1514585K(2944192K), 0.0972560 secs]
[GC 1769932K->1528697K(2944192K), 0.0935790 secs]
[GC 1784889K->1563902K(2944192K), 0.0953280 secs]
[GC 1818628K->1562738K(2944192K), 0.0994690 secs]
[GC 1818930K->1605860K(2944192K), 0.1067850 secs]
[GC 1862052K->1591668K(2944192K), 0.1036030 secs]
[GC 1847860K->1639355K(2944192K), 0.1042910 secs]
[GC 1895547K->1622917K(2944192K), 0.1130700 secs]
[GC 1879076K->1673398K(2944192K), 0.0805290 secs]
[GC 1929590K->1689642K(2944192K), 0.1020710 secs]
[GC 1945834K->1675833K(2944192K), 0.0977390 secs]
[GC 1932025K->1671171K(2944192K), 0.0590640 secs]
[GC 1927363K->1690260K(2944192K), 0.0623850 secs]
[GC 1946452K->1659891K(2944192K), 0.0661890 secs]
[GC 1916083K->1697835K(2944192K), 0.0681600 secs]
[GC 1954027K->1695412K(2944192K), 0.0808570 secs]
[GC 1950792K->1743989K(2944192K), 0.1239080 secs]
[GC 2000181K->1723524K(2944192K), 0.1023030 secs]
[GC 1979716K->1776066K(2944192K), 0.0976000 secs]
[GC 2032210K->1753134K(2944192K), 0.1026350 secs]
[GC 2009326K->1806219K(2944192K), 0.0963510 secs]
[GC 2062411K->1795384K(2944192K), 0.0969960 secs]
[GC 2051567K->1808746K(2944192K), 0.1069790 secs]
[GC 2064938K->1857307K(2944192K), 0.0901890 secs]
[GC 2113475K->1873380K(2944192K), 0.0887220 secs]
[GC 2129572K->1890896K(2944192K), 0.0979410 secs]
[GC 2147049K->1877653K(2944192K), 0.1073420 secs]
[GC 2133845K->1883352K(2944192K), 0.0909480 secs]
[GC 2139544K->1942023K(2944192K), 0.0824090 secs]
[GC 2198215K->1928748K(2944192K), 0.1010040 secs]
[GC 2184940K->1976251K(2944192K), 0.0746110 secs]
[GC 2232443K->1983686K(2944192K), 0.0941620 secs]
[GC 2239878K->2010430K(2944192K), 0.0938540 secs]
[GC 2266622K->2026824K(2944192K), 0.0972800 secs]
[GC 2281315K->2042704K(2944192K), 0.0993450 secs]
[GC 2297777K->2033984K(2944192K), 0.0971910 secs]
[GC 2290153K->2070672K(2944192K), 0.0992340 secs]
[GC 2326864K->2065501K(2944192K), 0.0976170 secs]
[GC 2321693K->2060546K(2944192K), 0.0852100 secs]
[GC 2316738K->2069130K(2944192K), 0.0743610 secs]
[GC 2325322K->2083648K(2944192K), 0.0632960 secs]
[GC 2339840K->2097248K(2944192K), 0.0625410 secs]
[GC 2353440K->2116693K(2944192K), 0.0675490 secs]
[GC 2372885K->2076900K(2944192K), 0.0709520 secs]
[GC 2333092K->2081998K(2944192K), 0.0799320 secs]
[GC 2338190K->2112837K(2944192K), 0.0687360 secs]
[GC 2369029K->2088031K(2944192K), 0.0727400 secs]
[GC 2344223K->2126335K(2944192K), 0.0926720 secs]
[GC 2382527K->2171244K(2944192K), 0.1099360 secs]
[GC 2427436K->2161530K(2944192K), 0.1166550 secs]
[GC 2417722K->2172022K(2944192K), 0.1051350 secs]
[GC 2428214K->2186449K(2944192K), 0.0855500 secs]
[GC 2442641K->2211675K(2944192K), 0.0814220 secs]
[GC 2467867K->2261412K(2944192K), 0.0903090 secs]
[GC 2517597K->2246442K(2944192K), 0.0828790 secs]
[GC 2501029K->2304068K(2944192K), 0.0875720 secs]
[GC 2560260K->2282606K(2944192K), 0.0921880 secs]
[GC 2538798K->2325682K(2944192K), 0.0966960 secs]
[GC 2579928K->2339722K(2944192K), 0.0926790 secs]
[GC 2595914K->2376363K(2944192K), 0.0877580 secs]
[GC 2632523K->2361748K(2944192K), 0.0878990 secs]
[GC 2617940K->2419954K(2944192K), 0.1032280 secs]
[GC 2676126K->2399174K(2944192K), 0.0953470 secs]
[GC 2653724K->2463126K(2944192K), 0.1008980 secs]
[GC 2719318K->2442512K(2946688K), 0.1005920 secs]
[GC 2698704K->2503711K(2966272K), 0.1049620 secs]
[GC 2504155K(2966272K), 0.0576160 secs]
[GC 2759888K->2482711K(2987008K), 0.1083900 secs]
[GC 2645030K(2987008K), 0.0628250 secs]
[GC 2427638K->2202041K(3859188K), 0.1122040 secs]
[GC 2458233K->2193896K(3859188K), 0.1025540 secs]
[GC 2448763K->2236520K(3859188K), 0.0691010 secs]
[GC 2492068K->2237507K(3859188K), 0.0880640 secs]
[GC 2493699K->2278494K(3859188K), 0.1179870 secs]
[GC 2534204K->2279456K(3859188K), 0.1269570 secs]
[GC 2535648K->2281657K(3859188K), 0.1155660 secs]
[GC 2536986K->2312643K(3859188K), 0.1007330 secs]
[GC 2566884K->2328877K(3859188K), 0.0937380 secs]
[GC 2585069K->2349879K(3859188K), 0.0964990 secs]
[GC 2606071K->2398719K(3859188K), 0.0959110 secs]
[GC 2654911K->2406919K(3859188K), 0.0938050 secs]
[GC 2663102K->2387149K(3859188K), 0.0906610 secs]
[GC 2643341K->2422460K(3859188K), 0.1021560 secs]
[GC 2677273K->2459335K(3859188K), 0.0942610 secs]
[GC 2715527K->2479647K(3859188K), 0.0937960 secs]
[GC 2735839K->2495871K(3859188K), 0.0932800 secs]
[GC 2752063K->2535616K(3859188K), 0.0960560 secs]
[GC 2790483K->2518035K(3859188K), 0.0980950 secs]
[GC 2774227K->2575959K(3859188K), 0.1021860 secs]
[GC 2832151K->2552361K(3859188K), 0.0951330 secs]
[GC 2808553K->2612865K(3859188K), 0.0904540 secs]
[GC 2869057K->2591629K(3859188K), 0.0922180 secs]
[GC 2847791K->2645533K(3859188K), 0.0930860 secs]
[GC 2901725K->2628863K(3859188K), 0.0981010 secs]
[GC 2885055K->2692888K(3859188K), 0.1077380 secs]
[GC 2949080K->2680762K(3859188K), 0.1029150 secs]
[GC 2935657K->2707315K(3859188K), 0.1077510 secs]
[GC 2963462K->2714283K(3859188K), 0.0953360 secs]
[GC 2970422K->2733602K(3859188K), 0.0939030 secs]
[GC 2989750K->2768640K(3859188K), 0.0926760 secs]
[GC 3024354K->2789723K(3859188K), 0.0928590 secs]
[GC 3045915K->2793500K(3859188K), 0.0948530 secs]
[GC 3048689K->2835110K(3859188K), 0.0928040 secs]
[GC 3091302K->2852764K(3859188K), 0.0952410 secs]
[GC 3107092K->2887796K(3859188K), 0.1001410 secs]
[GC 3143988K->2881707K(3859188K), 0.1011750 secs]
[GC 3137844K->2917808K(3859188K), 0.0975800 secs]
[GC 3174000K->2944986K(3859188K), 0.1002430 secs]
[GC 3201178K->2929225K(3859188K), 0.1078340 secs]
[GC 3185417K->2980586K(3859188K), 0.0920360 secs]
[GC 3236775K->2986074K(3859188K), 0.0920120 secs]
[GC 3242266K->2988017K(3859188K), 0.0930610 secs]
[GC 3244209K->2990878K(3859188K), 0.0866070 secs]
[GC 3247070K->3042428K(3859188K), 0.0777220 secs]
[GC 3298620K->3035476K(3859188K), 0.0998660 secs]
[GC 3289769K->3058379K(3859188K), 0.0885190 secs]
[GC 3314517K->3095558K(3859188K), 0.1056350 secs]
[GC 3351750K->3082876K(3859188K), 0.1066330 secs]
[GC 3339068K->3121629K(3859188K), 0.1083600 secs]
[GC 3377821K->3143016K(3859188K), 0.0981540 secs]
[GC 3399208K->3163663K(3859188K), 0.0956000 secs]
[GC 3419855K->3184135K(3859188K), 0.0954980 secs]
[GC 3440327K->3185680K(3859188K), 0.0979560 secs]
[GC 3440799K->3224928K(3859188K), 0.0891700 secs]
[GC 3481087K->3224404K(3859188K), 0.0951890 secs]
[GC 3480596K->3277627K(3859188K), 0.0880900 secs]
[GC 3533819K->3275500K(3859188K), 0.1005290 secs]
[GC 3531692K->3314959K(3859188K), 0.0953700 secs]
 INFO  [hz._hzInstance_1_FenixFrameworkGroup.HealthMonitor] {com.hazelcast.util.HealthMonitor} [127.0.0.1]:5704 [FenixFrameworkGroup] 
memory used=3.4G, free=332.9M, total=3.7G, max=4.7G, used/total=91.17% used/max=71.70%
cpu process-load=1.00%, system-load=16.00%, system-loadaverage=187.00%
[GC 3571151K->3321655K(3859188K), 0.0980310 secs]
[GC 3322318K(3859188K), 0.0430590 secs]
[GC 3577847K->3327177K(3859188K), 0.0976860 secs]
[GC 3583369K->3350092K(3859188K), 0.0958760 secs]
[GC 3482063K(3859188K), 0.0575020 secs]
[GC 3330270K->3114123K(4650880K), 0.1081590 secs]
[GC 3369185K->3131359K(4650880K), 0.1073540 secs]
[GC 3386704K->3150901K(4650880K), 0.1014900 secs]
[GC 3407089K->3152294K(4650880K), 0.0945940 secs]
[GC 3407838K->3206549K(4650880K), 0.0965860 secs]
[GC 3462704K->3193236K(4650880K), 0.1021730 secs]
[GC 3449428K->3239814K(4650880K), 0.0970490 secs]
[GC 3496006K->3254351K(4650880K), 0.1002500 secs]
[GC 3510543K->3288391K(4650880K), 0.0932510 secs]
 INFO  [main] {org.radargun.Slave} Master shutdown!
 INFO  [Thread-0] {org.radargun.ShutDownHook} Slave process is being shutdown
 INFO  [hz.ShutdownThread] {com.hazelcast.nio.TcpIpConnection} [127.0.0.1]:5704 [FenixFrameworkGroup] Connection [Address[127.0.0.1]:5707] lost. Reason: Socket explicitly closed
 INFO  [hz.ShutdownThread] {com.hazelcast.nio.TcpIpConnection} [127.0.0.1]:5704 [FenixFrameworkGroup] Connection [Address[127.0.0.1]:5708] lost. Reason: Socket explicitly closed
 INFO  [hz.ShutdownThread] {com.hazelcast.nio.TcpIpConnection} [127.0.0.1]:5704 [FenixFrameworkGroup] Connection [Address[127.0.0.1]:5706] lost. Reason: Socket explicitly closed
 INFO  [hz._hzInstance_1_FenixFrameworkGroup.IO.thread-in-2] {com.hazelcast.nio.TcpIpConnection} [127.0.0.1]:5704 [FenixFrameworkGroup] Connection [Address[127.0.0.1]:5701] lost. Reason: java.io.EOFException[Remote socket closed!]
 INFO  [hz._hzInstance_1_FenixFrameworkGroup.IO.thread-in-0] {com.hazelcast.nio.TcpIpConnection} [127.0.0.1]:5704 [FenixFrameworkGroup] Connection [Address[127.0.0.1]:5703] lost. Reason: java.io.EOFException[Remote socket closed!]
 INFO  [hz.ShutdownThread] {com.hazelcast.nio.TcpIpConnection} [127.0.0.1]:5704 [FenixFrameworkGroup] Connection [Address[127.0.0.1]:5705] lost. Reason: Socket explicitly closed
 INFO  [hz.ShutdownThread] {com.hazelcast.nio.TcpIpConnection} [127.0.0.1]:5704 [FenixFrameworkGroup] Connection [Address[127.0.0.1]:5702] lost. Reason: Socket explicitly closed
 INFO  [hz.ShutdownThread] {com.hazelcast.nio.TcpIpConnection} [127.0.0.1]:5704 [FenixFrameworkGroup] Connection [Address[127.0.0.1]:5707] lost. Reason: Socket explicitly closed
 INFO  [hz.ShutdownThread] {com.hazelcast.nio.TcpIpConnection} [127.0.0.1]:5704 [FenixFrameworkGroup] Connection [Address[127.0.0.1]:5708] lost. Reason: Socket explicitly closed
 INFO  [hz.ShutdownThread] {com.hazelcast.initializer} [127.0.0.1]:5704 [FenixFrameworkGroup] Destroying node initializer.
 INFO  [hz.ShutdownThread] {com.hazelcast.instance.Node} [127.0.0.1]:5704 [FenixFrameworkGroup] Hazelcast Shutdown is completed in 53 ms.
