/usr/java/jdk1.7.0_21/bin/java -server -Xmx1024M -Xms1024M -Dresolve.dns=false -Djgroups.timer.num_threads=4 -verbose:gc -Xmx5000M -Xms3000M -server -XX:+UseConcMarkSweepGC -XX:+AggressiveOpts -verbose:gc -XX:ParallelGCThreads=4 -XX:NewRatio=5 -XX:SurvivorRatio=2 -Dhazelcast.operation.thread.count=4 -Djava.net.preferIPv4Stack=true -Dlog4j.file.prefix=deimos-esw-13547 -Dbind.address= -Djgroups.bind_addr= -classpath /home/smf/github/radargun/target/distribution/RadarGun-1.1.0-SNAPSHOT/lib/activation-1.1.jar:/home/smf/github/radargun/target/distribution/RadarGun-1.1.0-SNAPSHOT/lib/commons-beanutils-1.8.0.jar:/home/smf/github/radargun/target/distribution/RadarGun-1.1.0-SNAPSHOT/lib/commons-digester-2.0.jar:/home/smf/github/radargun/target/distribution/RadarGun-1.1.0-SNAPSHOT/lib/commons-logging-1.1.1.jar:/home/smf/github/radargun/target/distribution/RadarGun-1.1.0-SNAPSHOT/lib/commons-math-1.2.jar:/home/smf/github/radargun/target/distribution/RadarGun-1.1.0-SNAPSHOT/lib/jboss-transaction-api-1.0.1.GA.jar:/home/smf/github/radargun/target/distribution/RadarGun-1.1.0-SNAPSHOT/lib/jcommon-1.0.15.jar:/home/smf/github/radargun/target/distribution/RadarGun-1.1.0-SNAPSHOT/lib/jfreechart-1.0.12.jar:/home/smf/github/radargun/target/distribution/RadarGun-1.1.0-SNAPSHOT/lib/log4j-1.2.14.jar:/home/smf/github/radargun/target/distribution/RadarGun-1.1.0-SNAPSHOT/lib/mail-1.4.2.jar:/home/smf/github/radargun/target/distribution/RadarGun-1.1.0-SNAPSHOT/lib/radargun-framework-1.1.0-SNAPSHOT.jar:/home/smf/github/radargun/target/distribution/RadarGun-1.1.0-SNAPSHOT/conf org.radargun.Slave -master 127.0.0.1:2103
--------------------------------------------------------------------------------
PerNodeRollingFileAppender::Using file prefix:deimos-esw-13547
 INFO  [main] {org.radargun.Slave} Attempting to connect to master 127.0.0.1:2103
 INFO  [main] {org.radargun.Slave} Successfully established connection with master at: 127.0.0.1:2103
Loading JARS from /home/smf/github/radargun/target/distribution/RadarGun-1.1.0-SNAPSHOT/lib/radargun-framework-1.1.0-SNAPSHOT.jar
 INFO  [pool-1-thread-1] {org.radargun.config.AnnotatedHelper} Loading JARS from /home/smf/github/radargun/target/distribution/RadarGun-1.1.0-SNAPSHOT/lib/radargun-framework-1.1.0-SNAPSHOT.jar
 INFO  [pool-1-thread-1] {org.radargun.config.AnnotatedHelper} Loading JARS from /home/smf/github/radargun/target/distribution/RadarGun-1.1.0-SNAPSHOT/lib/radargun-framework-1.1.0-SNAPSHOT.jar
 INFO  [pool-1-thread-1] {org.radargun.Slave} Executing stage: DestroyWrapper {enforceMemoryThrashHold=true, exitBenchmarkOnSlaveFailure=false, heapDumpDir=null, memoryThreshold=95, runOnAllSlaves=true, slaves=null, useSmartClassLoading=true }
 INFO  [pool-1-thread-1] {org.radargun.stages.DestroyWrapperStage} Received destroy cache wrapper request from master...
 INFO  [pool-1-thread-1] {org.radargun.stages.DestroyWrapperStage} No cache wrapper deployed on this slave, nothing to do.
 INFO  [pool-1-thread-1] {org.radargun.stages.DestroyWrapperStage} Before executing clear, memory looks like this: Memory - free: 2,928,638 kb - max:4,906,688 kb- total:2,944,000 kb
[Full GC 15361K->3631K(2944000K), 0.1497320 secs]
 INFO  [pool-1-thread-1] {org.radargun.stages.DestroyWrapperStage} After executing cleanup, memory looks like this: Memory - free: 2,935,311 kb - max:4,906,688 kb- total:2,944,064 kb
 INFO  [pool-1-thread-1] {org.radargun.Slave} Finished stage: DestroyWrapper {enforceMemoryThrashHold=true, exitBenchmarkOnSlaveFailure=false, heapDumpDir=null, memoryThreshold=95, runOnAllSlaves=true, slaves=null, useSmartClassLoading=true }
 INFO  [main] {org.radargun.Slave} Ack successfully sent to the master
 INFO  [pool-1-thread-1] {org.radargun.Slave} Executing stage: StartCluster {config=ispn52-repl-sync-rc.xml, delayAfterFirstSlaveStarts=5.000 secs, delayBetweenStartingSlaves=0.500 secs, exitBenchmarkOnSlaveFailure=true, expectNumSlaves=null, mayFailOn=null, reachable=null, runOnAllSlaves=false, slaves=null, staggerSlaveStartup=true, useSmartClassLoading=true, validateCluster=true }
 INFO  [pool-1-thread-1] {org.radargun.stages.StartClusterStage}  Startup staggering, starting 10 slaves. This is the slave with index 8. Sleeping for 9000 millis.
 INFO  [pool-1-thread-1] {org.radargun.stages.StartClusterStage} Ack master's StartCluster stage. Local address is: /127.0.0.1. This slave's index is: 8
 INFO  [pool-1-thread-1] {org.radargun.utils.ClassLoadHelper} Creating newInstance org.radargun.cachewrappers.FFWrapper with classloader java.net.URLClassLoader@14320874
 INFO  [pool-1-thread-1] {org.radargun.cachewrappers.FFWrapper} config=ispn52-repl-sync-rc.xml, isLocal=false, nodeIndex=8, confAttributes={name=ispn52-repl-sync-rc.xml, decorate=infinispan52}
 INFO  [pool-1-thread-1] {org.radargun.cachewrappers.FFWrapper} Found fenix framework config options in 'rg-fenix-framework-config-options.properties'.
 INFO  [pool-1-thread-1] {org.radargun.cachewrappers.FFWrapper} Setting extra config properties for Fenix Framework.
 INFO  [pool-1-thread-1] {org.radargun.cachewrappers.FFWrapper} Will initialize Fenix Framework with RadarGunDataGridConfig
 TRACE [pool-1-thread-1] {pt.ist.fenixframework.FenixFramework} Static initializer block for FenixFramework class [BEGIN]
 INFO  [pool-1-thread-1] {pt.ist.fenixframework.FenixFramework} Trying auto-initialization with configuration by convention
 INFO  [pool-1-thread-1] {pt.ist.fenixframework.FenixFramework} Resource 'fenix-framework.properties' not found
 DEBUG [pool-1-thread-1] {pt.ist.fenixframework.FenixFramework} Fenix Framework properties after reading default config file:{}
 DEBUG [pool-1-thread-1] {pt.ist.fenixframework.FenixFramework} CurrentBackEndName = jvstm-datagrid
 INFO  [pool-1-thread-1] {pt.ist.fenixframework.FenixFramework} Resource 'fenix-framework-jvstm-datagrid.properties' not found
 DEBUG [pool-1-thread-1] {pt.ist.fenixframework.FenixFramework} Fenix Framework properties after reading backend config file:{}
 DEBUG [pool-1-thread-1] {pt.ist.fenixframework.FenixFramework} Fenix Framework properties after enforcing system properties:{}
 INFO  [pool-1-thread-1] {pt.ist.fenixframework.FenixFramework} Skipping configuration by convention.
 TRACE [pool-1-thread-1] {pt.ist.fenixframework.FenixFramework} Static initializer block for FenixFramework class [END]
 INFO  [pool-1-thread-1] {pt.ist.fenixframework.FenixFramework} Initializing Fenix Framework with config.class=pt.ist.fenixframework.backend.jvstm.datagrid.radargun.RadarGunDataGridConfig
 INFO  [pool-1-thread-1] {pt.ist.fenixframework.backend.jvstm.cluster.JvstmClusterBackEnd} initializeGroupCommunication()
 INFO  [pool-1-thread-1] {com.hazelcast.config.ClasspathXmlConfig} Configuring Hazelcast from 'hazelcast-ff.xml'.
 INFO  [pool-1-thread-1] {com.hazelcast.instance.DefaultAddressPicker} Interfaces is disabled, trying to pick one address from TCP-IP config addresses: [127.0.0.1]
 INFO  [pool-1-thread-1] {com.hazelcast.instance.DefaultAddressPicker} Picked Address[127.0.0.1]:5709, using socket ServerSocket[addr=/0.0.0.0,localport=5709], bind any local is true
 INFO  [pool-1-thread-1] {com.hazelcast.system} [127.0.0.1]:5709 [FenixFrameworkGroup] Hazelcast Community Edition 3.0-RC1 (20130627) starting at Address[127.0.0.1]:5709
 INFO  [pool-1-thread-1] {com.hazelcast.system} [127.0.0.1]:5709 [FenixFrameworkGroup] Copyright (C) 2008-2013 Hazelcast.com
 INFO  [pool-1-thread-1] {com.hazelcast.core.LifecycleService} [127.0.0.1]:5709 [FenixFrameworkGroup] Address[127.0.0.1]:5709 is STARTING
 INFO  [pool-1-thread-1] {com.hazelcast.cluster.TcpIpJoiner} [127.0.0.1]:5709 [FenixFrameworkGroup] Connecting to possible member: Address[127.0.0.1]:5703
 INFO  [pool-1-thread-1] {com.hazelcast.cluster.TcpIpJoiner} [127.0.0.1]:5709 [FenixFrameworkGroup] Connecting to possible member: Address[127.0.0.1]:5702
 INFO  [pool-1-thread-1] {com.hazelcast.cluster.TcpIpJoiner} [127.0.0.1]:5709 [FenixFrameworkGroup] Connecting to possible member: Address[127.0.0.1]:5701
 INFO  [hz._hzInstance_1_FenixFrameworkGroup.cached.thread-2] {com.hazelcast.nio.SocketConnector} [127.0.0.1]:5709 [FenixFrameworkGroup] Connecting to /127.0.0.1:5703, timeout: 0, bind-any: true
 INFO  [hz._hzInstance_1_FenixFrameworkGroup.cached.thread-3] {com.hazelcast.nio.SocketConnector} [127.0.0.1]:5709 [FenixFrameworkGroup] Connecting to /127.0.0.1:5702, timeout: 0, bind-any: true
 INFO  [hz._hzInstance_1_FenixFrameworkGroup.cached.thread-1] {com.hazelcast.nio.SocketConnector} [127.0.0.1]:5709 [FenixFrameworkGroup] Connecting to /127.0.0.1:5701, timeout: 0, bind-any: true
 INFO  [hz._hzInstance_1_FenixFrameworkGroup.cached.thread-2] {com.hazelcast.nio.TcpIpConnectionManager} [127.0.0.1]:5709 [FenixFrameworkGroup] 36417 accepted socket connection from /127.0.0.1:5703
 INFO  [hz._hzInstance_1_FenixFrameworkGroup.cached.thread-3] {com.hazelcast.nio.TcpIpConnectionManager} [127.0.0.1]:5709 [FenixFrameworkGroup] 57242 accepted socket connection from /127.0.0.1:5702
 INFO  [hz._hzInstance_1_FenixFrameworkGroup.cached.thread-1] {com.hazelcast.nio.TcpIpConnectionManager} [127.0.0.1]:5709 [FenixFrameworkGroup] 37002 accepted socket connection from /127.0.0.1:5701
 INFO  [hz._hzInstance_1_FenixFrameworkGroup.cached.thread-1] {com.hazelcast.cluster.ClusterService} [127.0.0.1]:5709 [FenixFrameworkGroup] 

Members [10] {
	Member [127.0.0.1]:5701
	Member [127.0.0.1]:5702
	Member [127.0.0.1]:5704
	Member [127.0.0.1]:5705
	Member [127.0.0.1]:5706
	Member [127.0.0.1]:5703
	Member [127.0.0.1]:5707
	Member [127.0.0.1]:5708
	Member [127.0.0.1]:5709 this
	Member [127.0.0.1]:5710
}

 INFO  [hz._hzInstance_1_FenixFrameworkGroup.cached.thread-8] {com.hazelcast.nio.SocketConnector} [127.0.0.1]:5709 [FenixFrameworkGroup] Connecting to /127.0.0.1:5704, timeout: 0, bind-any: true
 INFO  [hz._hzInstance_1_FenixFrameworkGroup.cached.thread-8] {com.hazelcast.nio.TcpIpConnectionManager} [127.0.0.1]:5709 [FenixFrameworkGroup] 35619 accepted socket connection from /127.0.0.1:5704
 INFO  [hz._hzInstance_1_FenixFrameworkGroup.cached.thread-8] {com.hazelcast.nio.SocketConnector} [127.0.0.1]:5709 [FenixFrameworkGroup] Connecting to /127.0.0.1:5706, timeout: 0, bind-any: true
 INFO  [hz._hzInstance_1_FenixFrameworkGroup.cached.thread-3] {com.hazelcast.nio.SocketConnector} [127.0.0.1]:5709 [FenixFrameworkGroup] Connecting to /127.0.0.1:5707, timeout: 0, bind-any: true
 INFO  [hz._hzInstance_1_FenixFrameworkGroup.cached.thread-7] {com.hazelcast.nio.SocketConnector} [127.0.0.1]:5709 [FenixFrameworkGroup] Connecting to /127.0.0.1:5705, timeout: 0, bind-any: true
 INFO  [hz._hzInstance_1_FenixFrameworkGroup.cached.thread-3] {com.hazelcast.nio.TcpIpConnectionManager} [127.0.0.1]:5709 [FenixFrameworkGroup] 53197 accepted socket connection from /127.0.0.1:5707
 INFO  [hz._hzInstance_1_FenixFrameworkGroup.cached.thread-9] {com.hazelcast.nio.SocketConnector} [127.0.0.1]:5709 [FenixFrameworkGroup] Connecting to /127.0.0.1:5708, timeout: 0, bind-any: true
 INFO  [hz._hzInstance_1_FenixFrameworkGroup.cached.thread-8] {com.hazelcast.nio.TcpIpConnectionManager} [127.0.0.1]:5709 [FenixFrameworkGroup] 50428 accepted socket connection from /127.0.0.1:5706
 INFO  [hz._hzInstance_1_FenixFrameworkGroup.cached.thread-9] {com.hazelcast.nio.TcpIpConnectionManager} [127.0.0.1]:5709 [FenixFrameworkGroup] 41719 accepted socket connection from /127.0.0.1:5708
 INFO  [hz._hzInstance_1_FenixFrameworkGroup.cached.thread-13] {com.hazelcast.nio.SocketAcceptor} [127.0.0.1]:5709 [FenixFrameworkGroup] 5709 is accepting socket connection from /127.0.0.1:50388
 INFO  [hz._hzInstance_1_FenixFrameworkGroup.cached.thread-3] {com.hazelcast.nio.SocketConnector} [127.0.0.1]:5709 [FenixFrameworkGroup] Connecting to /127.0.0.1:5710, timeout: 0, bind-any: true
 INFO  [hz._hzInstance_1_FenixFrameworkGroup.cached.thread-7] {com.hazelcast.nio.TcpIpConnectionManager} [127.0.0.1]:5709 [FenixFrameworkGroup] 35831 accepted socket connection from /127.0.0.1:5705
 INFO  [hz._hzInstance_1_FenixFrameworkGroup.cached.thread-6] {com.hazelcast.nio.SocketAcceptor} [127.0.0.1]:5709 [FenixFrameworkGroup] 5709 is accepting socket connection from /127.0.0.1:46410
 INFO  [hz._hzInstance_1_FenixFrameworkGroup.cached.thread-9] {com.hazelcast.nio.SocketAcceptor} [127.0.0.1]:5709 [FenixFrameworkGroup] 5709 is accepting socket connection from /127.0.0.1:59041
 INFO  [hz._hzInstance_1_FenixFrameworkGroup.cached.thread-3] {com.hazelcast.nio.TcpIpConnectionManager} [127.0.0.1]:5709 [FenixFrameworkGroup] 40341 accepted socket connection from /127.0.0.1:5710
 INFO  [hz._hzInstance_1_FenixFrameworkGroup.cached.thread-13] {com.hazelcast.nio.TcpIpConnectionManager} [127.0.0.1]:5709 [FenixFrameworkGroup] 5709 accepted socket connection from /127.0.0.1:50388
 INFO  [hz._hzInstance_1_FenixFrameworkGroup.cached.thread-9] {com.hazelcast.nio.TcpIpConnectionManager} [127.0.0.1]:5709 [FenixFrameworkGroup] 5709 accepted socket connection from /127.0.0.1:59041
 INFO  [hz._hzInstance_1_FenixFrameworkGroup.cached.thread-6] {com.hazelcast.nio.TcpIpConnectionManager} [127.0.0.1]:5709 [FenixFrameworkGroup] 5709 accepted socket connection from /127.0.0.1:46410
 INFO  [hz._hzInstance_1_FenixFrameworkGroup.cached.thread-13] {com.hazelcast.nio.SocketAcceptor} [127.0.0.1]:5709 [FenixFrameworkGroup] 5709 is accepting socket connection from /127.0.0.1:42197
 INFO  [hz._hzInstance_1_FenixFrameworkGroup.cached.thread-13] {com.hazelcast.nio.TcpIpConnectionManager} [127.0.0.1]:5709 [FenixFrameworkGroup] 5709 accepted socket connection from /127.0.0.1:42197
 INFO  [pool-1-thread-1] {com.hazelcast.core.LifecycleService} [127.0.0.1]:5709 [FenixFrameworkGroup] Address[127.0.0.1]:5709 is STARTED
 INFO  [pool-1-thread-1] {pt.ist.fenixframework.backend.jvstm.cluster.ClusterUtils} Got (long) serverId: 8
 INFO  [pool-1-thread-1] {pt.ist.fenixframework.backend.jvstm.cluster.JvstmClusterBackEnd} This is NOT the first node.
 INFO  [pool-1-thread-1] {pt.ist.fenixframework.backend.jvstm.cluster.ClusterUtils} Waiting for startup from first node
 INFO  [pool-1-thread-1] {pt.ist.fenixframework.backend.jvstm.JVSTMBackEnd} initializeRepository()
[GC 259695K->10751K(2944064K), 0.0408530 secs]
 INFO  [pool-1-thread-1] {pt.ist.fenixframework.backend.jvstm.datagrid.radargun.DataGridDecorator} config=ispn52-repl-sync-rc.xml, isLocal=false, nodeIndex=8, confAttributes={name=ispn52-repl-sync-rc.xml}
 INFO  [pool-1-thread-1] {org.radargun.cachewrappers.InfinispanXSWrapper} Cannot find any site for slave index 8
 INFO  [pool-1-thread-1] {org.infinispan.remoting.transport.jgroups.JGroupsTransport} ISPN000078: Starting JGroups Channel
 WARN  [pool-1-thread-1] {org.jgroups.protocols.UDP} [JGRP00014] the send buffer of socket DatagramSocket was set to 640KB, but the OS only allocated 229.38KB. This might lead to performance problems. Please set your max send buffer in the OS correctly (e.g. net.core.wmem_max on Linux)
 WARN  [pool-1-thread-1] {org.jgroups.protocols.UDP} [JGRP00014] the receive buffer of socket DatagramSocket was set to 20MB, but the OS only allocated 229.38KB. This might lead to performance problems. Please set your max receive buffer in the OS correctly (e.g. net.core.rmem_max on Linux)
 WARN  [pool-1-thread-1] {org.jgroups.protocols.UDP} [JGRP00014] the send buffer of socket MulticastSocket was set to 640KB, but the OS only allocated 229.38KB. This might lead to performance problems. Please set your max send buffer in the OS correctly (e.g. net.core.wmem_max on Linux)
 WARN  [pool-1-thread-1] {org.jgroups.protocols.UDP} [JGRP00014] the receive buffer of socket MulticastSocket was set to 25MB, but the OS only allocated 229.38KB. This might lead to performance problems. Please set your max receive buffer in the OS correctly (e.g. net.core.rmem_max on Linux)
 INFO  [pool-1-thread-1] {org.infinispan.remoting.transport.jgroups.JGroupsTransport} ISPN000094: Received new cluster view: [deimos-esw-3193|5] [deimos-esw-3193, deimos-esw-49443, deimos-esw-60932, deimos-esw-13822, deimos-esw-46174, deimos-esw-178, deimos-esw-4696, deimos-esw-42503, deimos-esw-32562]
 INFO  [pool-1-thread-1] {org.infinispan.remoting.transport.jgroups.JGroupsTransport} ISPN000079: Cache local address is deimos-esw-32562, physical addresses are [127.0.0.1:52008]
 INFO  [pool-1-thread-1] {org.infinispan.factories.GlobalComponentRegistry} ISPN000128: Infinispan version: Infinispan 'Delirium' 5.2.6.Final
 INFO  [Incoming-4,deimos-esw-32562] {org.infinispan.remoting.transport.jgroups.JGroupsTransport} ISPN000094: Received new cluster view: [deimos-esw-3193|6] [deimos-esw-3193, deimos-esw-49443, deimos-esw-60932, deimos-esw-13822, deimos-esw-46174, deimos-esw-178, deimos-esw-4696, deimos-esw-42503, deimos-esw-32562, deimos-esw-21063]
 INFO  [pool-1-thread-1] {org.infinispan.transaction.lookup.JBossStandaloneJTAManagerLookup} ISPN000107: Retrieving transaction manager Transaction: unknown
 INFO  [pool-1-thread-1] {org.infinispan.jmx.CacheJmxRegistration} ISPN000031: MBeans were successfully registered to the platform MBean server.
 INFO  [pool-1-thread-1] {org.radargun.cachewrappers.InfinispanXSWrapper} Using transaction manager: Transaction: unknown
 INFO  [pool-1-thread-1] {org.radargun.cachewrappers.InfinispanXSWrapper} No RELAY2 protocol in XS wrapper
 INFO  [pool-1-thread-1] {org.radargun.cachewrappers.InfinispanXSWrapper} JGroups version: JGroups 3.2.7.Final
 INFO  [pool-1-thread-1] {org.radargun.cachewrappers.InfinispanXSWrapper} Using config attributes: {name=ispn52-repl-sync-rc.xml}
 INFO  [pool-1-thread-1] {pt.ist.fenixframework.backend.jvstm.datagrid.DataGridRepository} Initialization marker is present. Data Grid already existed.
 INFO  [pool-1-thread-1] {pt.ist.fenixframework.backend.jvstm.JVSTMBackEnd} initializeDomainClassInfos
 INFO  [pool-1-thread-1] {pt.ist.fenixframework.backend.jvstm.pstm.DomainClassInfo} serverId: 8, serverOidBase: 8000000000000
 INFO  [pool-1-thread-1] {pt.ist.fenixframework.backend.jvstm.pstm.DomainClassInfo} Existing domain class 'pt.ist.fenixframework.adt.bplustree.DomainLeafNode' with id '1'
 INFO  [pool-1-thread-1] {pt.ist.fenixframework.backend.jvstm.pstm.DomainClassInfo} Existing domain class 'pt.ist.fenixframework.adt.bplustree.AbstractNodeArray' with id 'a'
 INFO  [pool-1-thread-1] {pt.ist.fenixframework.backend.jvstm.pstm.DomainClassInfo} Existing domain class 'pt.ist.fenixframework.backend.jvstm.pstm.TransactionStatisticsEntry' with id '5'
 INFO  [pool-1-thread-1] {pt.ist.fenixframework.backend.jvstm.pstm.DomainClassInfo} Existing domain class 'pt.ist.fenixframework.backend.jvstm.pstm.FenixFrameworkData' with id 'd'
 INFO  [pool-1-thread-1] {pt.ist.fenixframework.backend.jvstm.pstm.DomainClassInfo} Existing domain class 'pt.ist.fenixframework.DomainRoot' with id '0'
 INFO  [pool-1-thread-1] {pt.ist.fenixframework.backend.jvstm.pstm.DomainClassInfo} Existing domain class 'pt.ist.fenixframework.adt.bplustree.InnerNode' with id '8'
 INFO  [pool-1-thread-1] {pt.ist.fenixframework.backend.jvstm.pstm.DomainClassInfo} Existing domain class 'pt.ist.fenixframework.adt.bplustree.DomainInnerNode' with id '3'
 INFO  [pool-1-thread-1] {pt.ist.fenixframework.backend.jvstm.pstm.DomainClassInfo} Existing domain class 'pt.ist.fenixframework.adt.bplustree.DomainBPlusTree' with id 'e'
 INFO  [pool-1-thread-1] {pt.ist.fenixframework.backend.jvstm.pstm.DomainClassInfo} Existing domain class 'pt.ist.fenixframework.adt.bplustree.BPlusTree' with id '7'
 INFO  [pool-1-thread-1] {pt.ist.fenixframework.backend.jvstm.pstm.DomainClassInfo} Existing domain class 'pt.ist.fenixframework.adt.linkedlist.ListNode' with id '6'
 INFO  [pool-1-thread-1] {pt.ist.fenixframework.backend.jvstm.pstm.DomainClassInfo} Existing domain class 'pt.ist.fenixframework.adt.bplustree.InnerNodeArray' with id 'b'
 INFO  [pool-1-thread-1] {pt.ist.fenixframework.backend.jvstm.pstm.DomainClassInfo} Existing domain class 'pt.ist.fenixframework.adt.linkedlist.LinkedList' with id '9'
 INFO  [pool-1-thread-1] {pt.ist.fenixframework.backend.jvstm.pstm.DomainClassInfo} Existing domain class 'pt.ist.fenixframework.adt.bplustree.LeafNodeArray' with id 'c'
 INFO  [pool-1-thread-1] {pt.ist.fenixframework.backend.jvstm.pstm.DomainClassInfo} Existing domain class 'pt.ist.fenixframework.adt.bplustree.LeafNode' with id '4'
 INFO  [pool-1-thread-1] {pt.ist.fenixframework.backend.jvstm.pstm.DomainClassInfo} Existing domain class 'pt.ist.fenixframework.adt.bplustree.AbstractNode' with id 'f'
 INFO  [pool-1-thread-1] {pt.ist.fenixframework.backend.jvstm.pstm.DomainClassInfo} Existing domain class 'pt.ist.fenixframework.adt.bplustree.BPlusTreeArray' with id '2'
 INFO  [pool-1-thread-1] {pt.ist.fenixframework.backend.jvstm.JVSTMBackEnd} setupJVSTM
 INFO  [pool-1-thread-1] {pt.ist.fenixframework.backend.jvstm.JVSTMBackEnd} Setting the last committed TX number to 2
 INFO  [pool-1-thread-1] {pt.ist.fenixframework.backend.jvstm.JVSTMBackEnd} createDomainRootIfNeeded
 INFO  [pool-1-thread-1] {pt.ist.fenixframework.backend.jvstm.JVSTMBackEnd} ensureFenixFrameworkDataExists
 INFO  [pool-1-thread-1] {pt.ist.fenixframework.hibernatesearch.HibernateSearchConfig} Resource 'fenix-framework-hibernate-search.properties' not found. Hibernate Search disabled
 INFO  [pool-1-thread-1] {pt.ist.fenixframework.FenixFramework} Initialization of Fenix Framework is now complete.
 INFO  [pool-1-thread-1] {org.radargun.cachewrappers.FFWrapper} FF STARTED=true
 INFO  [pool-1-thread-1] {org.radargun.stages.helpers.StartHelper} Number of members is the one expected: 10
 INFO  [pool-1-thread-1] {org.radargun.stages.StartClusterStage} Successfully started cache wrapper on slave 8: org.radargun.cachewrappers.FFWrapper@75fd8b99
 INFO  [pool-1-thread-1] {org.radargun.Slave} Finished stage: StartCluster {config=ispn52-repl-sync-rc.xml, delayAfterFirstSlaveStarts=5.000 secs, delayBetweenStartingSlaves=0.500 secs, exitBenchmarkOnSlaveFailure=true, expectNumSlaves=null, mayFailOn=null, reachable=null, runOnAllSlaves=false, slaves=null, staggerSlaveStartup=true, useSmartClassLoading=true, validateCluster=true }
 INFO  [main] {org.radargun.Slave} Ack successfully sent to the master
 INFO  [pool-1-thread-1] {org.radargun.Slave} Executing stage: ClusterValidation {exitBenchmarkOnSlaveFailure=false, partialReplication=false, replicationTimeSleep=2000, replicationTryCount=60, runOnAllSlaves=false, slaves=null, useSmartClassLoading=true }
 INFO  [pool-1-thread-1] {org.radargun.stages.ClusterValidationStage} Number of caches that replicated here is 1
 INFO  [pool-1-thread-1] {org.radargun.stages.ClusterValidationStage} Replication test failed, 1 tries so far. Sleeping for 2 seconds and trying again.
 INFO  [pool-1-thread-1] {org.radargun.stages.ClusterValidationStage} Number of caches that replicated here is 9
 INFO  [pool-1-thread-1] {org.radargun.stages.ClusterValidationStage} Replication test successfully passed. partialReplication? false, replicationCount = 9
 INFO  [pool-1-thread-1] {org.radargun.stages.ClusterValidationStage} Confirm phase successful.
 INFO  [pool-1-thread-1] {org.radargun.Slave} Finished stage: ClusterValidation {exitBenchmarkOnSlaveFailure=false, partialReplication=false, replicationTimeSleep=2000, replicationTryCount=60, runOnAllSlaves=false, slaves=[ 0, 1, 2, 3, 4, 5, 6, 7, 8, 9 ], useSmartClassLoading=true }
 INFO  [main] {org.radargun.Slave} Ack successfully sent to the master
 INFO  [pool-1-thread-1] {org.radargun.Slave} Executing stage: StressTestWarmup {bulkSize=1, cacheSpecificKeyGenerator=false, commitTransactions=true, duration=1 mins 0 secs, entrySize=1000, exitBenchmarkOnSlaveFailure=false, fixedKeys=true, generateHistogramRange=false, keyGeneratorClass=org.radargun.stressors.StringKeyGenerator, keyGeneratorParam=null, loadAllKeys=false, numEntries=100, numOfThreads=4, numRequests=10000, numThreads=4, numberOfAttributes=100, numberOfRequests=10000, opsCountStatusLog=100000, poolKeys=true, preferAsyncOperations=false, removePercentage=0, replaceInvalidPercentage=40, runOnAllSlaves=false, sharedKeys=false, sizeOfAnAttribute=1000, slaves=null, transactionSize=50, useAtomics=false, useHistogramStatistics=false, useSimpleStatistics=true, useSmartClassLoading=true, useTransactions=null, writePercentage=20, writeTxPercentage=20 }
 INFO  [pool-1-thread-1] {org.radargun.stages.StressTestWarmupStage} Starting StressTestWarmupStage: StressTestWarmup {bulkSize=1, cacheSpecificKeyGenerator=false, commitTransactions=true, duration=1 mins 0 secs, entrySize=1000, exitBenchmarkOnSlaveFailure=false, fixedKeys=true, generateHistogramRange=false, keyGeneratorClass=org.radargun.stressors.StringKeyGenerator, keyGeneratorParam=null, loadAllKeys=false, numEntries=100, numOfThreads=4, numRequests=10000, numThreads=4, numberOfAttributes=100, numberOfRequests=10000, opsCountStatusLog=100000, poolKeys=true, preferAsyncOperations=false, removePercentage=0, replaceInvalidPercentage=40, runOnAllSlaves=false, sharedKeys=false, sizeOfAnAttribute=1000, slaves=null, transactionSize=50, useAtomics=false, useHistogramStatistics=false, useSimpleStatistics=true, useSmartClassLoading=true, useTransactions=null, writePercentage=20, writeTxPercentage=20 }
 INFO  [pool-1-thread-1] {org.radargun.stressors.StressTestStressor} Using key generator org.radargun.stressors.StringKeyGenerator, param null
 INFO  [pool-1-thread-1] {org.radargun.stressors.StressTestStressor} Executing: StressTestStressor{opsCountStatusLog=100000, numRequests=10000, numEntries=100, entrySize=1000, writePercentage=20, numThreads=4, cacheWrapper=org.radargun.cachewrappers.FFWrapper@75fd8b99, nodeIndex=8, useTransactions=true, transactionSize=50, commitTransactions=true, durationMillis=60000}
 INFO  [pool-1-thread-1] {org.radargun.stressors.StressTestStressor} Cache wrapper info is: FFWrapper using infinispan52
[GC 266815K->21129K(2944064K), 0.0560390 secs]
[GC 277193K->17507K(2944064K), 0.0365930 secs]
[GC 273571K->21503K(2944064K), 0.0396410 secs]
 INFO  [pool-1-thread-1] {org.radargun.stressors.StressTestStressor} Started 4 stressor threads.
 INFO  [Stressor-0] {org.radargun.stressors.StressTestStressor} Number of ops executed so far: 1. Elapsed time: 0.001 secs. Remaining: 59.999 secs. Total: 1 mins 0 secs
[GC 277567K->19188K(2944064K), 0.0366110 secs]
[GC 275252K->26243K(2944064K), 0.0412060 secs]
[GC 282307K->30338K(2944064K), 0.0424030 secs]
[GC 286375K->41435K(2944064K), 0.0434960 secs]
[GC 297499K->49653K(2944064K), 0.0444190 secs]
 INFO  [Stressor-0] {org.radargun.stressors.StressTestStressor} Number of ops executed so far: 18200. Elapsed time: 20.090 secs. Remaining: 39.910 secs. Total: 1 mins 0 secs
[GC 305717K->52374K(2944064K), 0.0415690 secs]
[GC 308438K->43780K(2944064K), 0.0470060 secs]
[GC 299844K->56367K(2944064K), 0.0503820 secs]
 WARN  [hz._hzInstance_1_FenixFrameworkGroup.event] {com.hazelcast.spi.EventService} [127.0.0.1]:5709 [FenixFrameworkGroup] Caution: Off-load event processing to your own thread-pool, don't use event thread!
[GC 312415K->62896K(2944064K), 0.0481730 secs]
[GC 318951K->61814K(2944064K), 0.0523870 secs]
 INFO  [Stressor-1] {org.radargun.stressors.StressTestStressor} Number of ops executed so far: 36650. Elapsed time: 40.304 secs. Remaining: 19.696 secs. Total: 1 mins 0 secs
[GC 317878K->64718K(2944064K), 0.0463780 secs]
[GC 320782K->91590K(2944064K), 0.0653410 secs]
[GC 347654K->75249K(2944064K), 0.0610340 secs]
[GC 331313K->72918K(2944064K), 0.0553250 secs]
[GC 328982K->79623K(2944064K), 0.0511740 secs]
 INFO  [pool-1-thread-1] {org.radargun.stressors.StressTestStressor} Finished generating report. Test duration is: 1 mins 16 secs
 INFO  [pool-1-thread-1] {org.radargun.stages.StressTestWarmupStage} The warmup took: 76 seconds.
 INFO  [pool-1-thread-1] {org.radargun.Slave} Finished stage: StressTestWarmup {bulkSize=1, cacheSpecificKeyGenerator=false, commitTransactions=true, duration=1 mins 0 secs, entrySize=1000, exitBenchmarkOnSlaveFailure=false, fixedKeys=true, generateHistogramRange=false, keyGeneratorClass=org.radargun.stressors.StringKeyGenerator, keyGeneratorParam=null, loadAllKeys=false, numEntries=100, numOfThreads=4, numRequests=10000, numThreads=4, numberOfAttributes=100, numberOfRequests=10000, opsCountStatusLog=100000, poolKeys=true, preferAsyncOperations=false, removePercentage=0, replaceInvalidPercentage=40, runOnAllSlaves=false, sharedKeys=false, sizeOfAnAttribute=1000, slaves=null, transactionSize=50, useAtomics=false, useHistogramStatistics=false, useSimpleStatistics=true, useSmartClassLoading=true, useTransactions=null, writePercentage=20, writeTxPercentage=20 }
 INFO  [main] {org.radargun.Slave} Ack successfully sent to the master
[GC 335687K->89612K(2944064K), 0.0516690 secs]
[GC 345676K->82118K(2944064K), 0.0468240 secs]
[GC 338182K->91718K(2944064K), 0.0447880 secs]
[GC 347782K->92475K(2944064K), 0.0465380 secs]
[GC 348539K->82549K(2944064K), 0.0495720 secs]
[GC 338613K->92221K(2944064K), 0.0476140 secs]
[GC 348285K->105894K(2944064K), 0.0519270 secs]
[GC 361958K->94867K(2944064K), 0.0506500 secs]
[GC 350931K->108870K(2944064K), 0.0496130 secs]
[GC 364934K->120925K(2944064K), 0.0523570 secs]
[GC 376989K->102929K(2944064K), 0.0501950 secs]
[GC 358993K->121364K(2944064K), 0.0528150 secs]
[GC 377428K->139994K(2944064K), 0.0536360 secs]
[GC 396058K->126984K(2944064K), 0.0549150 secs]
[GC 383048K->145336K(2944064K), 0.0600560 secs]
[GC 401400K->159598K(2944064K), 0.0631670 secs]
 INFO  [pool-1-thread-1] {org.radargun.Slave} Executing stage: ClearClusterStage {ClearCluster {exitBenchmarkOnSlaveFailure=false, runOnAllSlaves=false, slaves=[ 0 ], useSmartClassLoading=true }
 INFO  [pool-1-thread-1] {org.radargun.stages.ClearClusterStage} Before executing clear, memory looks like this: Memory - free: 2,681,805 kb - max:4,906,688 kb- total:2,944,064 kb
[Full GC 262258K->134367K(2944064K), 0.5964590 secs]
 INFO  [pool-1-thread-1] {org.radargun.stages.ClearClusterStage} After executing cleanup, memory looks like this: Memory - free: 2,808,347 kb - max:4,906,688 kb- total:2,944,192 kb
 INFO  [pool-1-thread-1] {org.radargun.Slave} Finished stage: ClearClusterStage {ClearCluster {exitBenchmarkOnSlaveFailure=false, runOnAllSlaves=false, slaves=[ 0 ], useSmartClassLoading=true }
 INFO  [main] {org.radargun.Slave} Ack successfully sent to the master
 INFO  [pool-1-thread-1] {org.radargun.Slave} Executing stage: StressTest {bulkSize=1, cacheSpecificKeyGenerator=false, commitTransactions=true, duration=1 mins 0 secs, entrySize=1000, exitBenchmarkOnSlaveFailure=false, fixedKeys=true, generateHistogramRange=false, keyGeneratorClass=org.radargun.stressors.StringKeyGenerator, keyGeneratorParam=null, loadAllKeys=false, numEntries=10000, numOfThreads=4, numRequests=10000000, numThreads=4, numberOfAttributes=10000, numberOfRequests=10000000, opsCountStatusLog=500000, poolKeys=true, preferAsyncOperations=false, removePercentage=0, replaceInvalidPercentage=40, runOnAllSlaves=false, sharedKeys=false, sizeOfAnAttribute=1000, slaves=null, transactionSize=10000, useAtomics=false, useHistogramStatistics=false, useSimpleStatistics=true, useSmartClassLoading=true, useTransactions=true, writePercentage=10, writeTxPercentage=5 }
 INFO  [pool-1-thread-1] {org.radargun.stages.StressTestStage} Starting StressTestStage: StressTest {bulkSize=1, cacheSpecificKeyGenerator=false, commitTransactions=true, duration=1 mins 0 secs, entrySize=1000, exitBenchmarkOnSlaveFailure=false, fixedKeys=true, generateHistogramRange=false, keyGeneratorClass=org.radargun.stressors.StringKeyGenerator, keyGeneratorParam=null, loadAllKeys=false, numEntries=10000, numOfThreads=4, numRequests=10000000, numThreads=4, numberOfAttributes=10000, numberOfRequests=10000000, opsCountStatusLog=500000, poolKeys=true, preferAsyncOperations=false, removePercentage=0, replaceInvalidPercentage=40, runOnAllSlaves=false, sharedKeys=false, sizeOfAnAttribute=1000, slaves=null, transactionSize=10000, useAtomics=false, useHistogramStatistics=false, useSimpleStatistics=true, useSmartClassLoading=true, useTransactions=true, writePercentage=10, writeTxPercentage=5 }
 INFO  [pool-1-thread-1] {org.radargun.stressors.StressTestStressor} Using key generator org.radargun.stressors.StringKeyGenerator, param null
 INFO  [pool-1-thread-1] {org.radargun.stressors.StressTestStressor} Executing: StressTestStressor{opsCountStatusLog=500000, numRequests=10000000, numEntries=10000, entrySize=1000, writePercentage=10, numThreads=4, cacheWrapper=org.radargun.cachewrappers.FFWrapper@75fd8b99, nodeIndex=8, useTransactions=true, transactionSize=10000, commitTransactions=true, durationMillis=60000}
 INFO  [pool-1-thread-1] {org.radargun.stressors.StressTestStressor} Cache wrapper info is: FFWrapper using infinispan52
[GC 390495K->203764K(2944192K), 0.0319960 secs]
[GC 459892K->152227K(2944192K), 0.0315960 secs]
[GC 408355K->142683K(2944192K), 0.0319490 secs]
[GC 398811K->144594K(2944192K), 0.0291700 secs]
[GC 400722K->146883K(2944192K), 0.0327370 secs]
[GC 403011K->149784K(2944192K), 0.0318500 secs]
[GC 405912K->150169K(2944192K), 0.0344470 secs]
[GC 406297K->152725K(2944192K), 0.0369190 secs]
[GC 408853K->155230K(2944192K), 0.0356020 secs]
[GC 411358K->161694K(2944192K), 0.0381950 secs]
[GC 417822K->164705K(2944192K), 0.0412280 secs]
[GC 420833K->162921K(2944192K), 0.0380200 secs]
[GC 419049K->165382K(2944192K), 0.0392130 secs]
[GC 421510K->173323K(2944192K), 0.0400660 secs]
[GC 429451K->170690K(2944192K), 0.0426390 secs]
[GC 426818K->176065K(2944192K), 0.0486610 secs]
[GC 432193K->177307K(2944192K), 0.0431940 secs]
[GC 433435K->179283K(2944192K), 0.0439060 secs]
[GC 435411K->180474K(2944192K), 0.0456270 secs]
[GC 436602K->182037K(2944192K), 0.0511580 secs]
[GC 438165K->183900K(2944192K), 0.0398780 secs]
[GC 440028K->185616K(2944192K), 0.0457860 secs]
[GC 441744K->187346K(2944192K), 0.0408320 secs]
[GC 443474K->188864K(2944192K), 0.0461160 secs]
[GC 444992K->190801K(2944192K), 0.0421140 secs]
[GC 446929K->189377K(2944192K), 0.0433860 secs]
[GC 445505K->190492K(2944192K), 0.0408380 secs]
[GC 446620K->192841K(2944192K), 0.0401630 secs]
[GC 448969K->194880K(2944192K), 0.0455830 secs]
[GC 451008K->190312K(2944192K), 0.0439200 secs]
[GC 446440K->198949K(2944192K), 0.0477880 secs]
[GC 455077K->194672K(2944192K), 0.0469750 secs]
[GC 450800K->196322K(2944192K), 0.0537200 secs]
[GC 452450K->195401K(2944192K), 0.0414430 secs]
[GC 451529K->202815K(2944192K), 0.0454810 secs]
[GC 458943K->204500K(2944192K), 0.0559930 secs]
[GC 460628K->206602K(2944192K), 0.0431470 secs]
[GC 462730K->208638K(2944192K), 0.0448940 secs]
[GC 464766K->210726K(2944192K), 0.0434830 secs]
[GC 466854K->213214K(2944192K), 0.0437370 secs]
[GC 469342K->213184K(2944192K), 0.0455420 secs]
[GC 469312K->214558K(2944192K), 0.0485570 secs]
[GC 470686K->215960K(2944192K), 0.0415080 secs]
[GC 472088K->217913K(2944192K), 0.0429340 secs]
[GC 474041K->220535K(2944192K), 0.0424950 secs]
[GC 476663K->222685K(2944192K), 0.0492940 secs]
[GC 478813K->217791K(2944192K), 0.0584460 secs]
[GC 473919K->223397K(2944192K), 0.0461740 secs]
[GC 477188K->218037K(2944192K), 0.0516160 secs]
[GC 474165K->226454K(2944192K), 0.0478290 secs]
[GC 482582K->228484K(2944192K), 0.0429300 secs]
[GC 484612K->230631K(2944192K), 0.0461460 secs]
[GC 486759K->233179K(2944192K), 0.0428670 secs]
[GC 489307K->228021K(2944192K), 0.0434590 secs]
[GC 484149K->229482K(2944192K), 0.0430010 secs]
[GC 485610K->231095K(2944192K), 0.0422300 secs]
[GC 487223K->233034K(2944192K), 0.0538350 secs]
[GC 489162K->234798K(2944192K), 0.0450070 secs]
[GC 490926K->236954K(2944192K), 0.0450010 secs]
[GC 493082K->245091K(2944192K), 0.0473890 secs]
[GC 501219K->239882K(2944192K), 0.0491930 secs]
[GC 496010K->241696K(2944192K), 0.0409300 secs]
[GC 497824K->247642K(2944192K), 0.0425270 secs]
[GC 503770K->262197K(2944192K), 0.0406070 secs]
[GC 518100K->273848K(2944192K), 0.0512810 secs]
[GC 528459K->295297K(2944192K), 0.0589390 secs]
[GC 551425K->319673K(2944192K), 0.0641500 secs]
[GC 574747K->346448K(2944192K), 0.0675490 secs]
[GC 601561K->339213K(2944192K), 0.0975700 secs]
[GC 595341K->342304K(2944192K), 0.0730040 secs]
[GC 598432K->371386K(2944192K), 0.0746500 secs]
[GC 627514K->400499K(2944192K), 0.0772460 secs]
[GC 656627K->401947K(2944192K), 0.0834130 secs]
[GC 656751K->384956K(2944192K), 0.0774510 secs]
[GC 641084K->413438K(2944192K), 0.0761280 secs]
[GC 668435K->441651K(2944192K), 0.0793610 secs]
[GC 697779K->456774K(2944192K), 0.0756320 secs]
[GC 712902K->466638K(2944192K), 0.0729240 secs]
[GC 722766K->479901K(2944192K), 0.0724220 secs]
[GC 736029K->513600K(2944192K), 0.0761800 secs]
[GC 769710K->495609K(2944192K), 0.0781270 secs]
[GC 751737K->527212K(2944192K), 0.0750140 secs]
[GC 783335K->535360K(2944192K), 0.0773200 secs]
[GC 791486K->549304K(2944192K), 0.0768780 secs]
[GC 805432K->561685K(2944192K), 0.0751610 secs]
[GC 817813K->577277K(2944192K), 0.0829670 secs]
[GC 833405K->607090K(2944192K), 0.0744950 secs]
[GC 861282K->587531K(2944192K), 0.0795080 secs]
[GC 843659K->639574K(2944192K), 0.0743590 secs]
[GC 895702K->624212K(2944192K), 0.0832420 secs]
[GC 880340K->654736K(2944192K), 0.0799010 secs]
[GC 910864K->672785K(2944192K), 0.0760670 secs]
[GC 928913K->656619K(2944192K), 0.0777940 secs]
[GC 912747K->716005K(2944192K), 0.0803650 secs]
[GC 972111K->686621K(2944192K), 0.0801180 secs]
[GC 942749K->680391K(2944192K), 0.0733810 secs]
[GC 936519K->720802K(2944192K), 0.0587710 secs]
[GC 976930K->693065K(2944192K), 0.0607480 secs]
[GC 949193K->692258K(2944192K), 0.0756380 secs]
[GC 948386K->728788K(2944192K), 0.0602010 secs]
[GC 984916K->703572K(2944192K), 0.0634140 secs]
[GC 959700K->742508K(2944192K), 0.0674740 secs]
[GC 998636K->714602K(2944192K), 0.0788340 secs]
[GC 970730K->733595K(2944192K), 0.0590710 secs]
[GC 989723K->749223K(2944192K), 0.0663470 secs]
[GC 1005351K->740441K(2944192K), 0.0696940 secs]
[GC 996569K->747898K(2944192K), 0.0804730 secs]
 WARN  [hz._hzInstance_1_FenixFrameworkGroup.event] {com.hazelcast.spi.EventService} [127.0.0.1]:5709 [FenixFrameworkGroup] Caution: Off-load event processing to your own thread-pool, don't use event thread!
[GC 1004026K->750396K(2944192K), 0.0557010 secs]
[GC 1006524K->772982K(2944192K), 0.0578460 secs]
[GC 1029110K->736773K(2944192K), 0.0595290 secs]
 WARN  [hz._hzInstance_1_FenixFrameworkGroup.event] {com.hazelcast.spi.EventService} [127.0.0.1]:5709 [FenixFrameworkGroup] Caution: Off-load event processing to your own thread-pool, don't use event thread!
[GC 992901K->768634K(2944192K), 0.0670620 secs]
[GC 1024762K->778355K(2944192K), 0.0627900 secs]
[GC 1034483K->754804K(2944192K), 0.0593210 secs]
[GC 1010932K->790999K(2944192K), 0.0645130 secs]
[GC 1047127K->759334K(2944192K), 0.0605880 secs]
[GC 1015462K->775409K(2944192K), 0.0606130 secs]
[GC 1031537K->773108K(2944192K), 0.0608230 secs]
[GC 1029236K->789479K(2944192K), 0.0573260 secs]
[GC 1045607K->766905K(2944192K), 0.0580250 secs]
[GC 1023033K->803550K(2944192K), 0.0621450 secs]
[GC 1059678K->782403K(2944192K), 0.0629410 secs]
[GC 1038531K->787858K(2944192K), 0.0567820 secs]
[GC 1043986K->791548K(2944192K), 0.0586290 secs]
[GC 1047676K->796614K(2944192K), 0.0613040 secs]
[GC 1052742K->814354K(2944192K), 0.0601350 secs]
[GC 1070482K->789368K(2944192K), 0.0603560 secs]
[GC 1045496K->825869K(2944192K), 0.0771080 secs]
 INFO  [pool-1-thread-1] {org.radargun.stressors.StressTestStressor} Started 4 stressor threads.
 INFO  [Stressor-1] {org.radargun.stressors.StressTestStressor} Number of ops executed so far: 1. Elapsed time: 0.000 secs. Remaining: 1 mins 0 secs. Total: 1 mins 0 secs
[GC 1081997K->804077K(2944192K), 0.0618060 secs]
[GC 1060205K->826941K(2944192K), 0.0670790 secs]
[GC 1083028K->829728K(2944192K), 0.0917300 secs]
[GC 1085856K->834632K(2944192K), 0.0655770 secs]
[GC 1090760K->836602K(2944192K), 0.0584590 secs]
[GC 1091629K->908142K(2944192K), 0.0910240 secs]
[GC 1164159K->872475K(2944192K), 0.0745360 secs]
[GC 1127555K->918746K(2944192K), 0.0623730 secs]
[GC 1174874K->916270K(2944192K), 0.0740700 secs]
[GC 1172398K->926256K(2944192K), 0.0621390 secs]
[GC 1182384K->923322K(2944192K), 0.0501550 secs]
[GC 1179450K->967082K(2944192K), 0.0614110 secs]
[GC 1222707K->990155K(2944192K), 0.0839080 secs]
[GC 1246283K->956663K(2944192K), 0.0573460 secs]
[GC 1212791K->1004843K(2944192K), 0.0582410 secs]
[GC 1260971K->1027052K(2944192K), 0.0688690 secs]
[GC 1283065K->1036009K(2944192K), 0.0680530 secs]
[GC 1292132K->1069098K(2944192K), 0.0579300 secs]
[GC 1325226K->1073661K(2944192K), 0.0675010 secs]
[GC 1329762K->1100944K(2944192K), 0.0694960 secs]
[GC 1357072K->1093124K(2944192K), 0.0600920 secs]
 INFO  [Stressor-2] {org.radargun.stressors.StressTestStressor} Number of ops executed so far: 5350000. Elapsed time: 20.010 secs. Remaining: 39.990 secs. Total: 1 mins 0 secs
[GC 1349252K->1101843K(2944192K), 0.0437390 secs]
[GC 1357927K->1157381K(2944192K), 0.0605660 secs]
[GC 1413509K->1192936K(2944192K), 0.0778230 secs]
[GC 1449064K->1143932K(2944192K), 0.0674430 secs]
[GC 1398378K->1170227K(2944192K), 0.0521260 secs]
[GC 1426039K->1172140K(2944192K), 0.0594580 secs]
[GC 1427717K->1170796K(2944192K), 0.0545410 secs]
[GC 1426924K->1180843K(2944192K), 0.0520340 secs]
[GC 1436971K->1187430K(2944192K), 0.0503120 secs]
[GC 1443558K->1219027K(2944192K), 0.0624170 secs]
 WARN  [hz._hzInstance_1_FenixFrameworkGroup.event] {com.hazelcast.spi.EventService} [127.0.0.1]:5709 [FenixFrameworkGroup] Caution: Off-load event processing to your own thread-pool, don't use event thread!
[GC 1475155K->1230027K(2944192K), 0.0831650 secs]
[GC 1486111K->1232155K(2944192K), 0.0530540 secs]
[GC 1488283K->1232334K(2944192K), 0.0607190 secs]
[GC 1488462K->1252537K(2944192K), 0.0512890 secs]
[GC 1508665K->1245524K(2944192K), 0.0609150 secs]
[GC 1501652K->1269241K(2944192K), 0.0608030 secs]
[GC 1525369K->1280934K(2944192K), 0.0634130 secs]
[GC 1537062K->1283983K(2944192K), 0.0653720 secs]
[GC 1539253K->1280565K(2944192K), 0.0760680 secs]
[GC 1533292K->1300203K(2944192K), 0.0569880 secs]
[GC 1556331K->1307797K(2944192K), 0.0662250 secs]
 INFO  [Stressor-3] {org.radargun.stressors.StressTestStressor} Number of ops executed so far: 10781405. Elapsed time: 40.010 secs. Remaining: 19.990 secs. Total: 1 mins 0 secs
[GC 1563925K->1323802K(2944192K), 0.0565080 secs]
[GC 1579930K->1311117K(2944192K), 0.0595580 secs]
[GC 1567245K->1341580K(2944192K), 0.0656430 secs]
[GC 1597708K->1330185K(2944192K), 0.0616600 secs]
[GC 1584728K->1345130K(2944192K), 0.0573110 secs]
[GC 1601258K->1348339K(2944192K), 0.0664470 secs]
[GC 1604467K->1347043K(2944192K), 0.0637290 secs]
[GC 1603171K->1390426K(2944192K), 0.0629100 secs]
[GC 1646554K->1388515K(2944192K), 0.0710280 secs]
[GC 1389968K(2944192K), 0.0232610 secs]
[GC 1644643K->1380210K(2944192K), 0.0630550 secs]
[GC 1636338K->1395577K(2944192K), 0.0622590 secs]
[GC 1588324K(2944192K), 0.0876730 secs]
[GC 1502712K->1244258K(2944192K), 0.0610050 secs]
[GC 1187340K->948223K(2944192K), 0.0529140 secs]
[GC 1204351K->965020K(2944192K), 0.0606950 secs]
[GC 1221122K->955689K(2944192K), 0.0589290 secs]
[GC 1211557K->988987K(2944192K), 0.0675430 secs]
[GC 1244025K->979268K(2944192K), 0.0677330 secs]
[GC 1235396K->974218K(2944192K), 0.0614170 secs]
[GC 1230346K->1015744K(2944192K), 0.0598190 secs]
[GC 1271872K->1005355K(2944192K), 0.0752450 secs]
[GC 1261483K->997968K(2944192K), 0.0630420 secs]
 INFO  [Stressor-2] {org.radargun.stressors.StressTestStressor} Number of ops executed so far: 14540000. Elapsed time: 1 mins 0 secs. Remaining: 0.000 secs. Total: 1 mins 0 secs
[GC 1254096K->1022922K(2944192K), 0.0547530 secs]
 INFO  [pool-1-thread-1] {org.radargun.stressors.StressTestStressor} Finished generating report. Test duration is: 9 mins 22 secs
 INFO  [pool-1-thread-1] {org.radargun.stages.StressTestStage} size info: FFWrapper using infinispan52, clusterSize:10, nodeIndex:8, cacheSize: -1
 INFO  [pool-1-thread-1] {org.radargun.Slave} Finished stage: StressTest {bulkSize=1, cacheSpecificKeyGenerator=false, commitTransactions=true, duration=1 mins 0 secs, entrySize=1000, exitBenchmarkOnSlaveFailure=false, fixedKeys=true, generateHistogramRange=false, keyGeneratorClass=org.radargun.stressors.StringKeyGenerator, keyGeneratorParam=null, loadAllKeys=false, numEntries=10000, numOfThreads=4, numRequests=10000000, numThreads=4, numberOfAttributes=10000, numberOfRequests=10000000, opsCountStatusLog=500000, poolKeys=true, preferAsyncOperations=false, removePercentage=0, replaceInvalidPercentage=40, runOnAllSlaves=false, sharedKeys=false, sizeOfAnAttribute=1000, slaves=null, transactionSize=10000, useAtomics=false, useHistogramStatistics=false, useSimpleStatistics=true, useSmartClassLoading=true, useTransactions=true, writePercentage=10, writeTxPercentage=5 }
 INFO  [main] {org.radargun.Slave} Ack successfully sent to the master
[GC 1279050K->1007696K(2944192K), 0.0559390 secs]
[GC 1263824K->1023255K(2944192K), 0.0574950 secs]
[GC 1279383K->1004023K(2944192K), 0.0531630 secs]
[GC 1260151K->1018353K(2944192K), 0.0535850 secs]
[GC 1274481K->1023634K(2944192K), 0.0535110 secs]
[GC 1279762K->1031367K(2944192K), 0.0575900 secs]
[GC 1287495K->992440K(2944192K), 0.0449130 secs]
[GC 1248568K->1013460K(2944192K), 0.0485150 secs]
[GC 1269588K->990769K(2944192K), 0.0489990 secs]
[GC 1246897K->1016892K(2944192K), 0.0503610 secs]
[GC 1273020K->993390K(2944192K), 0.0502930 secs]
[GC 1249518K->1021736K(2944192K), 0.0552130 secs]
[GC 1277864K->1008080K(2944192K), 0.0549420 secs]
[GC 1264208K->992213K(2944192K), 0.0503370 secs]
[GC 1248341K->996643K(2944192K), 0.0484810 secs]
[GC 1252771K->996385K(2944192K), 0.0387980 secs]
[GC 1252513K->995601K(2944192K), 0.0386380 secs]
[GC 1251729K->1001018K(2944192K), 0.0394540 secs]
[GC 1257146K->1002196K(2944192K), 0.0433420 secs]
[GC 1258324K->1003374K(2944192K), 0.0370150 secs]
[GC 1259502K->1000112K(2944192K), 0.0393250 secs]
[GC 1256240K->1005991K(2944192K), 0.0384860 secs]
[GC 1262119K->1002589K(2944192K), 0.0387690 secs]
[GC 1258717K->1013649K(2944192K), 0.0409590 secs]
[GC 1269777K->1005334K(2944192K), 0.0391510 secs]
[GC 1261462K->1017440K(2944192K), 0.0375850 secs]
[GC 1273568K->1007068K(2944192K), 0.0374530 secs]
[GC 1263196K->1020154K(2944192K), 0.0395680 secs]
[GC 1276282K->1012655K(2944192K), 0.0377250 secs]
[GC 1268783K->1022849K(2944192K), 0.0443980 secs]
[GC 1278977K->1012445K(2944192K), 0.0417960 secs]
[GC 1268573K->1026148K(2944192K), 0.0430760 secs]
[GC 1282276K->1015430K(2944192K), 0.0393560 secs]
[GC 1271558K->1028814K(2944192K), 0.0413070 secs]
[GC 1284942K->1021255K(2944192K), 0.0418840 secs]
[GC 1277383K->1027448K(2944192K), 0.0425820 secs]
[GC 1283576K->1031531K(2944192K), 0.0395390 secs]
[GC 1287659K->1023201K(2944192K), 0.0451690 secs]
[GC 1279329K->1031731K(2944192K), 0.0430230 secs]
[GC 1287859K->1036065K(2944192K), 0.0387740 secs]
[GC 1292193K->1027457K(2944192K), 0.0416360 secs]
[GC 1283585K->1036242K(2944192K), 0.0421240 secs]
[GC 1292370K->1035153K(2944192K), 0.0470160 secs]
[GC 1291281K->1042908K(2944192K), 0.0394620 secs]
[GC 1299036K->1033626K(2944192K), 0.0428550 secs]
[GC 1289754K->1047166K(2944192K), 0.0420700 secs]
[GC 1303294K->1035565K(2944192K), 0.0403500 secs]
[GC 1291693K->1040453K(2944192K), 0.0454210 secs]
[GC 1296581K->1049473K(2944192K), 0.0401580 secs]
[GC 1305601K->1040783K(2944192K), 0.0420510 secs]
[GC 1296911K->1049854K(2944192K), 0.0410960 secs]
[GC 1305982K->1048777K(2944192K), 0.0425120 secs]
[GC 1304905K->1056223K(2944192K), 0.0411880 secs]
[GC 1312351K->1046971K(2944192K), 0.0443190 secs]
[GC 1303099K->1061142K(2944192K), 0.0408230 secs]
[GC 1317270K->1049175K(2944192K), 0.0406440 secs]
[GC 1305303K->1053903K(2944192K), 0.0441080 secs]
[GC 1310031K->1058147K(2944192K), 0.0469070 secs]
[GC 1314275K->1066135K(2944192K), 0.0449380 secs]
[GC 1322263K->1056575K(2944192K), 0.0433330 secs]
[GC 1312703K->1060633K(2944192K), 0.0467410 secs]
[GC 1316761K->1064784K(2944192K), 0.0442570 secs]
[GC 1320912K->1072925K(2944192K), 0.0435670 secs]
[GC 1329053K->1063231K(2944192K), 0.0455070 secs]
[GC 1319359K->1077754K(2944192K), 0.0450720 secs]
[GC 1333882K->1065152K(2944192K), 0.0424490 secs]
[GC 1321280K->1081392K(2944192K), 0.0492260 secs]
[GC 1337520K->1068564K(2944192K), 0.0410090 secs]
[GC 1324692K->1084489K(2944192K), 0.0486850 secs]
[GC 1340617K->1071786K(2944192K), 0.0441420 secs]
[GC 1327914K->1088236K(2944192K), 0.0444630 secs]
[GC 1344364K->1075182K(2944192K), 0.0428660 secs]
[GC 1331310K->1080431K(2944192K), 0.0472840 secs]
[GC 1336559K->1090832K(2944192K), 0.0436860 secs]
[GC 1346960K->1081030K(2944192K), 0.0476200 secs]
[GC 1337158K->1097169K(2944192K), 0.0447090 secs]
[GC 1353297K->1083561K(2944192K), 0.0460260 secs]
[GC 1339689K->1100086K(2944192K), 0.0429270 secs]
[GC 1356214K->1086744K(2944192K), 0.0454800 secs]
[GC 1342872K->1097928K(2944192K), 0.0423390 secs]
[GC 1354056K->1096699K(2944192K), 0.0494180 secs]
[GC 1352827K->1098867K(2944192K), 0.0503810 secs]
[GC 1354995K->1100707K(2944192K), 0.0424840 secs]
[GC 1356835K->1102330K(2944192K), 0.0404300 secs]
[GC 1358458K->1103882K(2944192K), 0.0481430 secs]
[GC 1360010K->1105400K(2944192K), 0.0499950 secs]
[GC 1361528K->1113117K(2944192K), 0.0425900 secs]
[GC 1369245K->1102606K(2944192K), 0.0437540 secs]
[GC 1358734K->1107111K(2944192K), 0.0460150 secs]
[GC 1363239K->1111291K(2944192K), 0.0495090 secs]
[GC 1367419K->1113845K(2944192K), 0.0422550 secs]
[GC 1369973K->1121690K(2944192K), 0.0425850 secs]
[GC 1377818K->1110957K(2944192K), 0.0430860 secs]
[GC 1367085K->1126493K(2944192K), 0.0430970 secs]
[GC 1382621K->1113163K(2944192K), 0.0447130 secs]
[GC 1369291K->1129933K(2944192K), 0.0451830 secs]
[GC 1386061K->1116436K(2944192K), 0.0449440 secs]
[GC 1372564K->1133066K(2944192K), 0.0423840 secs]
[GC 1389194K->1119821K(2944192K), 0.0429620 secs]
[GC 1375949K->1136880K(2944192K), 0.0484040 secs]
[GC 1393008K->1123294K(2944192K), 0.0463440 secs]
[GC 1379422K->1140357K(2944192K), 0.0431040 secs]
[GC 1396485K->1126545K(2944192K), 0.0440190 secs]
[GC 1382673K->1143373K(2944192K), 0.0480960 secs]
[GC 1399501K->1129807K(2944192K), 0.0446280 secs]
[GC 1385935K->1146359K(2944192K), 0.0435970 secs]
[GC 1402487K->1132782K(2944192K), 0.0472710 secs]
[GC 1388910K->1149781K(2944192K), 0.0471670 secs]
[GC 1405909K->1136340K(2944192K), 0.0435690 secs]
[GC 1392468K->1147290K(2944192K), 0.0444890 secs]
[GC 1403418K->1151730K(2944192K), 0.0469370 secs]
[GC 1407858K->1141731K(2944192K), 0.0471500 secs]
[GC 1397859K->1157666K(2944192K), 0.0470900 secs]
[GC 1413794K->1144101K(2944192K), 0.0444110 secs]
[GC 1400229K->1160022K(2944192K), 0.0447340 secs]
[GC 1416150K->1146909K(2944192K), 0.0427040 secs]
[GC 1403037K->1162867K(2944192K), 0.0463460 secs]
[GC 1418995K->1150031K(2944192K), 0.0480510 secs]
[GC 1406159K->1166049K(2944192K), 0.0442020 secs]
[GC 1422177K->1153133K(2944192K), 0.0455660 secs]
[GC 1409261K->1163965K(2944192K), 0.0430950 secs]
[GC 1420093K->1162939K(2944192K), 0.0491310 secs]
[GC 1419067K->1164834K(2944192K), 0.0428050 secs]
[GC 1420962K->1166577K(2944192K), 0.0455440 secs]
[GC 1422705K->1162156K(2944192K), 0.0475790 secs]
[GC 1418284K->1169617K(2944192K), 0.0420360 secs]
[GC 1425745K->1177132K(2944192K), 0.0451070 secs]
[GC 1433260K->1166489K(2944192K), 0.0450050 secs]
[GC 1422617K->1181648K(2944192K), 0.0446660 secs]
[GC 1437776K->1168562K(2944192K), 0.0459860 secs]
[GC 1424690K->1184189K(2944192K), 0.0482110 secs]
[GC 1440317K->1171345K(2944192K), 0.0438720 secs]
[GC 1427473K->1181975K(2944192K), 0.0438340 secs]
[GC 1438103K->1175138K(2944192K), 0.0431430 secs]
[GC 1431266K->1177245K(2944192K), 0.0425760 secs]
[GC 1433373K->1178497K(2944192K), 0.0407260 secs]
[GC 1434625K->1185828K(2944192K), 0.0444080 secs]
[GC 1441956K->1181624K(2944192K), 0.0429030 secs]
[GC 1437752K->1189100K(2944192K), 0.0413890 secs]
[GC 1445228K->1184374K(2944192K), 0.0415430 secs]
[GC 1440502K->1191695K(2944192K), 0.0412400 secs]
[GC 1447823K->1193191K(2944192K), 0.0425080 secs]
[GC 1449319K->1189102K(2944192K), 0.0427760 secs]
[GC 1445230K->1196052K(2944192K), 0.0451200 secs]
[GC 1452180K->1197561K(2944192K), 0.0420500 secs]
[GC 1453689K->1199022K(2944192K), 0.0436310 secs]
[GC 1455150K->1200943K(2944192K), 0.0419020 secs]
[GC 1457071K->1202261K(2944192K), 0.0414460 secs]
[GC 1458389K->1203341K(2944192K), 0.0413210 secs]
[GC 1459469K->1205029K(2944192K), 0.0429860 secs]
[GC 1461157K->1200936K(2944192K), 0.0424730 secs]
[GC 1457064K->1208368K(2944192K), 0.0410410 secs]
[GC 1464496K->1209573K(2944192K), 0.0406740 secs]
[GC 1465701K->1205109K(2944192K), 0.0446330 secs]
[GC 1461237K->1206740K(2944192K), 0.0412850 secs]
[GC 1462868K->1214087K(2944192K), 0.0407770 secs]
[GC 1470215K->1209725K(2944192K), 0.0439950 secs]
[GC 1465853K->1216831K(2944192K), 0.0413810 secs]
[GC 1472959K->1218406K(2944192K), 0.0463230 secs]
[GC 1474534K->1220093K(2944192K), 0.0442270 secs]
[GC 1476221K->1221565K(2944192K), 0.0440540 secs]
[GC 1477693K->1223024K(2944192K), 0.0424120 secs]
[GC 1479152K->1224552K(2944192K), 0.0465600 secs]
[GC 1480680K->1226170K(2944192K), 0.0448020 secs]
[GC 1482298K->1227799K(2944192K), 0.0436690 secs]
[GC 1483927K->1223203K(2944192K), 0.0440410 secs]
[GC 1479331K->1241709K(2944192K), 0.0543820 secs]
[GC 1497837K->1264199K(2944192K), 0.0591700 secs]
[GC 1520327K->1285833K(2944192K), 0.0716270 secs]
[GC 1541961K->1317076K(2944192K), 0.0766260 secs]
[GC 1573192K->1339798K(2944192K), 0.0914410 secs]
[GC 1595926K->1317545K(2944192K), 0.0846570 secs]
[GC 1573673K->1364411K(2944192K), 0.0854600 secs]
[GC 1620539K->1339381K(2944192K), 0.0919560 secs]
[GC 1595509K->1380235K(2944192K), 0.0910060 secs]
[GC 1636363K->1408406K(2944192K), 0.0777980 secs]
[GC 1664257K->1410323K(2944192K), 0.0826370 secs]
[GC 1666451K->1404875K(2944192K), 0.0825970 secs]
[GC 1661003K->1453475K(2944192K), 0.0815200 secs]
 WARN  [hz._hzInstance_1_FenixFrameworkGroup.event] {com.hazelcast.spi.EventService} [127.0.0.1]:5709 [FenixFrameworkGroup] Caution: Off-load event processing to your own thread-pool, don't use event thread!
[GC 1709603K->1433662K(2944192K), 0.0785210 secs]
 WARN  [hz._hzInstance_1_FenixFrameworkGroup.event] {com.hazelcast.spi.EventService} [127.0.0.1]:5709 [FenixFrameworkGroup] Caution: Off-load event processing to your own thread-pool, don't use event thread!
[GC 1689790K->1468144K(2944192K), 0.0810610 secs]
[GC 1724272K->1475061K(2944192K), 0.0751800 secs]
 WARN  [hz._hzInstance_1_FenixFrameworkGroup.event] {com.hazelcast.spi.EventService} [127.0.0.1]:5709 [FenixFrameworkGroup] Caution: Off-load event processing to your own thread-pool, don't use event thread!
[GC 1731189K->1507314K(2944192K), 0.0757470 secs]
[GC 1763442K->1490218K(2944192K), 0.0754830 secs]
[GC 1744456K->1523789K(2944192K), 0.0807840 secs]
[GC 1779917K->1532817K(2944192K), 0.0823720 secs]
[GC 1788932K->1531882K(2944192K), 0.0848240 secs]
 WARN  [hz._hzInstance_1_FenixFrameworkGroup.event] {com.hazelcast.spi.EventService} [127.0.0.1]:5709 [FenixFrameworkGroup] Caution: Off-load event processing to your own thread-pool, don't use event thread!
[GC 1788010K->1577028K(2944192K), 0.0827990 secs]
[GC 1833156K->1558948K(2944192K), 0.0783460 secs]
[GC 1815076K->1596637K(2944192K), 0.0839440 secs]
[GC 1852765K->1589774K(2944192K), 0.0840010 secs]
[GC 1845902K->1586897K(2944192K), 0.0749580 secs]
[GC 1843025K->1608106K(2944192K), 0.0600030 secs]
[GC 1864234K->1607070K(2944192K), 0.0606810 secs]
[GC 1863198K->1608840K(2944192K), 0.0596590 secs]
[GC 1864968K->1610993K(2944192K), 0.0612060 secs]
[GC 1867121K->1629202K(2944192K), 0.0639470 secs]
 WARN  [hz._hzInstance_1_FenixFrameworkGroup.event] {com.hazelcast.spi.EventService} [127.0.0.1]:5709 [FenixFrameworkGroup] Caution: Off-load event processing to your own thread-pool, don't use event thread!
[GC 1885330K->1614445K(2944192K), 0.0685000 secs]
[GC 1870573K->1619732K(2944192K), 0.0601790 secs]
[GC 1875860K->1625941K(2944192K), 0.0584120 secs]
 WARN  [hz._hzInstance_1_FenixFrameworkGroup.event] {com.hazelcast.spi.EventService} [127.0.0.1]:5709 [FenixFrameworkGroup] Caution: Off-load event processing to your own thread-pool, don't use event thread!
[GC 1882069K->1629641K(2944192K), 0.0609850 secs]
[GC 1885769K->1604288K(2944192K), 0.0635020 secs]
[GC 1860416K->1639659K(2944192K), 0.0634400 secs]
[GC 1895787K->1605933K(2944192K), 0.0636390 secs]
[GC 1862061K->1605637K(2944192K), 0.0754590 secs]
[GC 1861765K->1619426K(2944192K), 0.0680800 secs]
[GC 1875554K->1610578K(2944192K), 0.0498590 secs]
[GC 1866706K->1612393K(2944192K), 0.0432840 secs]
[GC 1868521K->1612015K(2944192K), 0.0457480 secs]
[GC 1868143K->1619722K(2944192K), 0.0479470 secs]
[GC 1875850K->1621347K(2944192K), 0.0464480 secs]
[GC 1877475K->1623167K(2944192K), 0.0495550 secs]
[GC 1879295K->1624749K(2944192K), 0.0502250 secs]
[GC 1880877K->1626599K(2944192K), 0.0455380 secs]
[GC 1882727K->1628146K(2944192K), 0.0438620 secs]
[GC 1884274K->1629854K(2944192K), 0.0505020 secs]
[GC 1885982K->1625253K(2944192K), 0.0442450 secs]
[GC 1881381K->1633106K(2944192K), 0.0518580 secs]
[GC 1889234K->1634869K(2944192K), 0.0459260 secs]
[GC 1890997K->1636514K(2944192K), 0.0509440 secs]
[GC 1892642K->1638206K(2944192K), 0.0448380 secs]
[GC 1894334K->1640061K(2944192K), 0.0480020 secs]
[GC 1896189K->1641720K(2944192K), 0.0512490 secs]
[GC 1897848K->1637037K(2944192K), 0.0501380 secs]
[GC 1893165K->1645422K(2944192K), 0.0461140 secs]
[GC 1901550K->1647050K(2944192K), 0.0447260 secs]
[GC 1903178K->1648882K(2944192K), 0.0453120 secs]
[GC 1905010K->1650286K(2944192K), 0.0459120 secs]
[GC 1906414K->1652058K(2944192K), 0.0525330 secs]
[GC 1908186K->1654255K(2944192K), 0.0495890 secs]
[GC 1910383K->1655945K(2944192K), 0.0483040 secs]
[GC 1912073K->1657785K(2944192K), 0.0478520 secs]
[GC 1913913K->1659378K(2944192K), 0.0500900 secs]
 WARN  [hz._hzInstance_1_FenixFrameworkGroup.event] {com.hazelcast.spi.EventService} [127.0.0.1]:5709 [FenixFrameworkGroup] Caution: Off-load event processing to your own thread-pool, don't use event thread!
[GC 1915506K->1661307K(2944192K), 0.0449740 secs]
[GC 1917435K->1656427K(2944192K), 0.0442790 secs]
[GC 1912555K->1664666K(2944192K), 0.0495710 secs]
[GC 1920794K->1659921K(2944192K), 0.0443820 secs]
[GC 1916049K->1661575K(2944192K), 0.0445630 secs]
[GC 1917703K->1670130K(2944192K), 0.0525990 secs]
[GC 1926258K->1672066K(2944192K), 0.0470090 secs]
[GC 1928194K->1673708K(2944192K), 0.0463970 secs]
[GC 1929836K->1668766K(2944192K), 0.0466820 secs]
[GC 1924894K->1677151K(2944192K), 0.0517170 secs]
[GC 1933279K->1679054K(2944192K), 0.0542380 secs]
[GC 1935182K->1687377K(2944192K), 0.0481180 secs]
[GC 1943505K->1683827K(2944192K), 0.0566540 secs]
[GC 1939955K->1703174K(2944192K), 0.0636800 secs]
[GC 1959302K->1738382K(2944192K), 0.0692440 secs]
[GC 1993570K->1764424K(2944192K), 0.0984420 secs]
[GC 2020552K->1770601K(2944192K), 0.0969260 secs]
[GC 2025559K->1760993K(2944192K), 0.1027600 secs]
[GC 2017101K->1803142K(2944192K), 0.0913970 secs]
[GC 2059244K->1797819K(2944192K), 0.0845780 secs]
[GC 2053137K->1812450K(2944192K), 0.0842380 secs]
[GC 2067587K->1859929K(2944192K), 0.0880010 secs]
[GC 2116057K->1841046K(2944192K), 0.0865520 secs]
[GC 2097174K->1896549K(2944192K), 0.0830690 secs]
[GC 2152677K->1868879K(2944192K), 0.0931580 secs]
[GC 2125007K->1912523K(2944192K), 0.0926190 secs]
[GC 2168651K->1917026K(2944192K), 0.0901850 secs]
[GC 2173126K->1947925K(2944192K), 0.0852440 secs]
[GC 2204053K->1928573K(2944192K), 0.0813780 secs]
[GC 2184701K->1955705K(2944192K), 0.0838970 secs]
[GC 2211833K->1977225K(2944192K), 0.0925990 secs]
[GC 2233353K->1994619K(2944192K), 0.0891300 secs]
[GC 2249502K->1992322K(2944192K), 0.0909030 secs]
[GC 2248450K->2007976K(2944192K), 0.0834110 secs]
[GC 2264104K->2001540K(2944192K), 0.0836710 secs]
[GC 2257668K->2013640K(2944192K), 0.0728540 secs]
[GC 2269768K->2015799K(2944192K), 0.0576200 secs]
[GC 2271927K->2040972K(2944192K), 0.0607100 secs]
[GC 2297100K->2032455K(2944192K), 0.0621680 secs]
[GC 2288583K->2080924K(2944192K), 0.0867010 secs]
[GC 2337052K->2072291K(2944192K), 0.0927860 secs]
[GC 2328419K->2120460K(2944192K), 0.0805820 secs]
[GC 2376588K->2096107K(2944192K), 0.0800290 secs]
[GC 2352235K->2128072K(2944192K), 0.0984040 secs]
[GC 2384200K->2129038K(2944192K), 0.0868110 secs]
[GC 2385166K->2162950K(2944192K), 0.0874830 secs]
[GC 2419078K->2178458K(2944192K), 0.1103500 secs]
[GC 2434586K->2210028K(2944192K), 0.0890860 secs]
[GC 2466156K->2188845K(2944192K), 0.0910660 secs]
[GC 2444645K->2240884K(2944192K), 0.0900630 secs]
[GC 2497012K->2216951K(2944192K), 0.0831580 secs]
 WARN  [hz._hzInstance_1_FenixFrameworkGroup.event] {com.hazelcast.spi.EventService} [127.0.0.1]:5709 [FenixFrameworkGroup] Caution: Off-load event processing to your own thread-pool, don't use event thread!
[GC 2473079K->2271360K(2944192K), 0.0904920 secs]
[GC 2527488K->2245441K(2944192K), 0.0841510 secs]
[GC 2501559K->2301111K(2944192K), 0.0843830 secs]
[GC 2557239K->2283482K(2944192K), 0.0844520 secs]
[GC 2539610K->2318368K(2944192K), 0.0849360 secs]
[GC 2574339K->2305281K(2944192K), 0.0830360 secs]
[GC 2561409K->2356654K(2944192K), 0.1094520 secs]
[GC 2612782K->2345217K(2944192K), 0.0962050 secs]
[GC 2601345K->2337903K(2944192K), 0.0762860 secs]
[GC 2594031K->2362250K(2944192K), 0.0586800 secs]
[GC 2618378K->2344866K(2944192K), 0.0707120 secs]
 WARN  [hz._hzInstance_1_FenixFrameworkGroup.event] {com.hazelcast.spi.EventService} [127.0.0.1]:5709 [FenixFrameworkGroup] Caution: Off-load event processing to your own thread-pool, don't use event thread!
[GC 2600994K->2363390K(2944192K), 0.0599270 secs]
[GC 2619518K->2390663K(2944192K), 0.0589790 secs]
[GC 2646791K->2350762K(2944192K), 0.0673530 secs]
 WARN  [hz._hzInstance_1_FenixFrameworkGroup.event] {com.hazelcast.spi.EventService} [127.0.0.1]:5709 [FenixFrameworkGroup] Caution: Off-load event processing to your own thread-pool, don't use event thread!
[GC 2606890K->2388181K(2944192K), 0.0656290 secs]
[GC 2644309K->2353894K(2944192K), 0.0746910 secs]
[GC 2610022K->2357075K(2944192K), 0.0805680 secs]
[GC 2613203K->2362815K(2944192K), 0.0605520 secs]
[GC 2618943K->2402120K(2944192K), 0.0612550 secs]
[GC 2658248K->2365594K(2944192K), 0.0641450 secs]
[GC 2621722K->2401613K(2944192K), 0.0703710 secs]
[GC 2657741K->2428952K(2944192K), 0.0966770 secs]
[GC 2685058K->2454223K(2944192K), 0.0922010 secs]
[GC 2710317K->2468183K(2944192K), 0.0967830 secs]
 WARN  [hz._hzInstance_1_FenixFrameworkGroup.event] {com.hazelcast.spi.EventService} [127.0.0.1]:5709 [FenixFrameworkGroup] Caution: Off-load event processing to your own thread-pool, don't use event thread!
[GC 2724311K->2476074K(2944192K), 0.1131960 secs]
[GC 2476088K(2944192K), 0.0584110 secs]
[GC 2732202K->2465573K(2944192K), 0.0920180 secs]
[GC 2604293K(2944192K), 0.0599980 secs]
[GC 2372250K->2147708K(3792004K), 0.1079430 secs]
[GC 2403836K->2153094K(3792004K), 0.0996340 secs]
[GC 2409222K->2183600K(3792004K), 0.0998430 secs]
[GC 2439728K->2212622K(3792004K), 0.1046710 secs]
[GC 2468750K->2217307K(3792004K), 0.1134420 secs]
[GC 2472841K->2240223K(3792004K), 0.0941050 secs]
[GC 2496351K->2282861K(3792004K), 0.0760850 secs]
[GC 2538710K->2300930K(3792004K), 0.1011430 secs]
[GC 2557036K->2307915K(3792004K), 0.0931570 secs]
[GC 2563045K->2332835K(3792004K), 0.0911420 secs]
[GC 2588963K->2345453K(3792004K), 0.0929340 secs]
[GC 2601562K->2342729K(3792004K), 0.1058130 secs]
[GC 2598857K->2386659K(3792004K), 0.1042180 secs]
[GC 2642787K->2403509K(3792004K), 0.1027640 secs]
[GC 2659415K->2404388K(3792004K), 0.0957640 secs]
[GC 2660516K->2424195K(3792004K), 0.0894800 secs]
[GC 2680276K->2458698K(3792004K), 0.0904550 secs]
[GC 2714826K->2497518K(3792004K), 0.0864660 secs]
[GC 2753646K->2483464K(3792004K), 0.0900450 secs]
[GC 2739564K->2522967K(3792004K), 0.0838660 secs]
[GC 2778607K->2523099K(3792004K), 0.0861060 secs]
[GC 2779227K->2563847K(3792004K), 0.0963700 secs]
[GC 2819975K->2579843K(3792004K), 0.0973770 secs]
[GC 2835971K->2594688K(3792004K), 0.0903370 secs]
[GC 2850816K->2610551K(3792004K), 0.0931650 secs]
[GC 2866679K->2602163K(3792004K), 0.1000190 secs]
[GC 2857768K->2638461K(3792004K), 0.0781540 secs]
[GC 2894589K->2662936K(3792004K), 0.0971800 secs]
[GC 2919045K->2665958K(3792004K), 0.0884970 secs]
[GC 2922086K->2645832K(3792004K), 0.0902510 secs]
[GC 2901960K->2654124K(3792004K), 0.0793830 secs]
[GC 2910252K->2672327K(3792004K), 0.0643600 secs]
[GC 2928455K->2687411K(3792004K), 0.0675040 secs]
[GC 2943539K->2707962K(3792004K), 0.0722560 secs]
 WARN  [hz._hzInstance_1_FenixFrameworkGroup.event] {com.hazelcast.spi.EventService} [127.0.0.1]:5709 [FenixFrameworkGroup] Caution: Off-load event processing to your own thread-pool, don't use event thread!
[GC 2964090K->2686134K(3792004K), 0.0841210 secs]
[GC 2942262K->2688082K(3792004K), 0.0666880 secs]
[GC 2944210K->2709154K(3792004K), 0.0812000 secs]
[GC 2965239K->2747262K(3792004K), 0.1033180 secs]
[GC 3003390K->2732660K(3792004K), 0.0961780 secs]
[GC 2988788K->2781343K(3792004K), 0.1156930 secs]
[GC 3037471K->2765073K(3792004K), 0.1027680 secs]
[GC 3021201K->2772857K(3792004K), 0.0922900 secs]
[GC 3028985K->2832407K(3792004K), 0.0837150 secs]
[GC 3088535K->2819931K(3792004K), 0.1108860 secs]
[GC 3074886K->2868237K(3792004K), 0.0820940 secs]
[GC 3124365K->2884425K(3792004K), 0.0974770 secs]
[GC 3139230K->2875154K(3792004K), 0.1074110 secs]
[GC 3131282K->2877735K(3792004K), 0.0881330 secs]
[GC 3133863K->2943351K(3792004K), 0.0930550 secs]
[GC 3199479K->2948316K(3792004K), 0.0994700 secs]
[GC 3203415K->2968017K(3792004K), 0.0924220 secs]
[GC 3224145K->2985254K(3792004K), 0.0876800 secs]
[GC 3241382K->3014392K(3792004K), 0.0853850 secs]
[GC 3270520K->3000683K(3792004K), 0.0946620 secs]
[GC 3256811K->3000610K(3792004K), 0.0853900 secs]
[GC 3256718K->3048950K(3792004K), 0.0753500 secs]
[GC 3305078K->3087254K(3792004K), 0.0972190 secs]
[GC 3343382K->3096271K(3792004K), 0.1007910 secs]
[GC 3350438K->3082756K(3792004K), 0.1016520 secs]
[GC 3338884K->3151776K(3792004K), 0.0945390 secs]
[GC 3407904K->3134104K(3792004K), 0.0886810 secs]
 WARN  [hz._hzInstance_1_FenixFrameworkGroup.event] {com.hazelcast.spi.EventService} [127.0.0.1]:5709 [FenixFrameworkGroup] Caution: Off-load event processing to your own thread-pool, don't use event thread!
[GC 3390232K->3189086K(3792004K), 0.0942120 secs]
[GC 3445073K->3168941K(3792004K), 0.0995550 secs]
[GC 3425069K->3229228K(3792004K), 0.0921340 secs]
 WARN  [hz._hzInstance_1_FenixFrameworkGroup.event] {com.hazelcast.spi.EventService} [127.0.0.1]:5709 [FenixFrameworkGroup] Caution: Off-load event processing to your own thread-pool, don't use event thread!
[GC 3485302K->3205240K(3792004K), 0.0917300 secs]
[GC 3461368K->3264106K(3792004K), 0.1083470 secs]
[GC 3265202K(3792004K), 0.0388530 secs]
[GC 3520079K->3246008K(3792004K), 0.1057690 secs]
[GC 3502136K->3288381K(3792004K), 0.0974460 secs]
[GC 3438141K(3792004K), 0.0575800 secs]
[GC 3248642K->3020399K(4650880K), 0.1034150 secs]
[GC 3276527K->3027271K(4650880K), 0.1111320 secs]
[GC 3283399K->3044513K(4650880K), 0.1068230 secs]
[GC 3300641K->3065205K(4650880K), 0.1035540 secs]
[GC 3321333K->3065119K(4650880K), 0.0966740 secs]
[GC 3321247K->3118681K(4650880K), 0.1024170 secs]
[GC 3374809K->3127902K(4650880K), 0.1062330 secs]
[GC 3382042K->3133174K(4650880K), 0.1087270 secs]
[GC 3389302K->3174316K(4650880K), 0.1084440 secs]
[GC 3430444K->3195068K(4650880K), 0.1056980 secs]
[GC 3451196K->3215362K(4650880K), 0.1022110 secs]
[GC 3471490K->3251012K(4650880K), 0.1045730 secs]
[GC 3507140K->3236581K(4650880K), 0.1037690 secs]
[GC 3491694K->3287293K(4650880K), 0.1060590 secs]
[GC 3542990K->3294895K(4650880K), 0.1069650 secs]
[GC 3550993K->3316961K(4650880K), 0.1044620 secs]
[GC 3573082K->3336592K(4650880K), 0.1027610 secs]
[GC 3592720K->3358480K(4650880K), 0.1083490 secs]
[GC 3614608K->3379972K(4650880K), 0.1024250 secs]
[GC 3636100K->3414255K(4650880K), 0.1083700 secs]
[GC 3668727K->3423278K(4650880K), 0.1095680 secs]
[GC 3679349K->3440743K(4650880K), 0.1029050 secs]
[GC 3696848K->3475808K(4650880K), 0.1071000 secs]
[GC 3731902K->3460067K(4650880K), 0.0997190 secs]
[GC 3716195K->3515727K(4650880K), 0.1024100 secs]
[GC 3771855K->3499179K(4650880K), 0.1037700 secs]
[GC 3755307K->3549715K(4650880K), 0.1089590 secs]
 INFO  [main] {org.radargun.Slave} Master shutdown!
 INFO  [Thread-0] {org.radargun.ShutDownHook} Slave process is being shutdown
 INFO  [hz._hzInstance_1_FenixFrameworkGroup.IO.thread-in-1] {com.hazelcast.nio.TcpIpConnection} [127.0.0.1]:5709 [FenixFrameworkGroup] Connection [Address[127.0.0.1]:5701] lost. Reason: java.io.EOFException[Remote socket closed!]
 INFO  [hz._hzInstance_1_FenixFrameworkGroup.IO.thread-in-0] {com.hazelcast.nio.TcpIpConnection} [127.0.0.1]:5709 [FenixFrameworkGroup] Connection [Address[127.0.0.1]:5704] lost. Reason: java.io.EOFException[Remote socket closed!]
 INFO  [hz._hzInstance_1_FenixFrameworkGroup.IO.thread-in-1] {com.hazelcast.nio.TcpIpConnection} [127.0.0.1]:5709 [FenixFrameworkGroup] Connection [Address[127.0.0.1]:5706] lost. Reason: java.io.EOFException[Remote socket closed!]
 INFO  [hz._hzInstance_1_FenixFrameworkGroup.IO.thread-in-0] {com.hazelcast.nio.TcpIpConnection} [127.0.0.1]:5709 [FenixFrameworkGroup] Connection [Address[127.0.0.1]:5705] lost. Reason: java.io.EOFException[Remote socket closed!]
 INFO  [hz._hzInstance_1_FenixFrameworkGroup.IO.thread-in-2] {com.hazelcast.nio.TcpIpConnection} [127.0.0.1]:5709 [FenixFrameworkGroup] Connection [Address[127.0.0.1]:5702] lost. Reason: java.io.EOFException[Remote socket closed!]
 INFO  [hz._hzInstance_1_FenixFrameworkGroup.IO.thread-in-0] {com.hazelcast.nio.TcpIpConnection} [127.0.0.1]:5709 [FenixFrameworkGroup] Connection [Address[127.0.0.1]:5704] lost. Reason: java.io.EOFException[Remote socket closed!]
 INFO  [hz._hzInstance_1_FenixFrameworkGroup.IO.thread-in-1] {com.hazelcast.nio.TcpIpConnection} [127.0.0.1]:5709 [FenixFrameworkGroup] Connection [Address[127.0.0.1]:5706] lost. Reason: java.io.EOFException[Remote socket closed!]
 INFO  [hz._hzInstance_1_FenixFrameworkGroup.IO.thread-in-0] {com.hazelcast.nio.TcpIpConnection} [127.0.0.1]:5709 [FenixFrameworkGroup] Connection [Address[127.0.0.1]:5710] lost. Reason: java.io.EOFException[Remote socket closed!]
 INFO  [hz.ShutdownThread] {com.hazelcast.nio.TcpIpConnection} [127.0.0.1]:5709 [FenixFrameworkGroup] Connection [Address[127.0.0.1]:5707] lost. Reason: Explicit close
 INFO  [hz._hzInstance_1_FenixFrameworkGroup.IO.thread-in-2] {com.hazelcast.nio.TcpIpConnection} [127.0.0.1]:5709 [FenixFrameworkGroup] Connection [Address[127.0.0.1]:5710] lost. Reason: java.io.EOFException[Remote socket closed!]
 INFO  [hz.ShutdownThread] {com.hazelcast.nio.TcpIpConnection} [127.0.0.1]:5709 [FenixFrameworkGroup] Connection [Address[127.0.0.1]:5708] lost. Reason: Explicit close
 INFO  [hz.ShutdownThread] {com.hazelcast.nio.TcpIpConnection} [127.0.0.1]:5709 [FenixFrameworkGroup] Connection [Address[127.0.0.1]:5703] lost. Reason: Explicit close
 INFO  [hz.ShutdownThread] {com.hazelcast.nio.TcpIpConnection} [127.0.0.1]:5709 [FenixFrameworkGroup] Connection [Address[127.0.0.1]:5707] lost. Reason: Explicit close
 INFO  [hz.ShutdownThread] {com.hazelcast.initializer} [127.0.0.1]:5709 [FenixFrameworkGroup] Destroying node initializer.
 INFO  [hz.ShutdownThread] {com.hazelcast.instance.Node} [127.0.0.1]:5709 [FenixFrameworkGroup] Hazelcast Shutdown is completed in 61 ms.
