/usr/java/jdk1.7.0_21/bin/java -server -Xmx1024M -Xms1024M -Dresolve.dns=false -Djgroups.timer.num_threads=4 -verbose:gc -Xmx5000M -Xms3000M -server -XX:+UseConcMarkSweepGC -XX:+AggressiveOpts -verbose:gc -XX:ParallelGCThreads=4 -XX:NewRatio=5 -XX:SurvivorRatio=2 -Dhazelcast.operation.thread.count=4 -Djava.net.preferIPv4Stack=true -Dlog4j.file.prefix=deimos-esw-30867 -Dbind.address= -Djgroups.bind_addr= -classpath /home/smf/github/radargun/target/distribution/RadarGun-1.1.0-SNAPSHOT/lib/activation-1.1.jar:/home/smf/github/radargun/target/distribution/RadarGun-1.1.0-SNAPSHOT/lib/commons-beanutils-1.8.0.jar:/home/smf/github/radargun/target/distribution/RadarGun-1.1.0-SNAPSHOT/lib/commons-digester-2.0.jar:/home/smf/github/radargun/target/distribution/RadarGun-1.1.0-SNAPSHOT/lib/commons-logging-1.1.1.jar:/home/smf/github/radargun/target/distribution/RadarGun-1.1.0-SNAPSHOT/lib/commons-math-1.2.jar:/home/smf/github/radargun/target/distribution/RadarGun-1.1.0-SNAPSHOT/lib/jboss-transaction-api-1.0.1.GA.jar:/home/smf/github/radargun/target/distribution/RadarGun-1.1.0-SNAPSHOT/lib/jcommon-1.0.15.jar:/home/smf/github/radargun/target/distribution/RadarGun-1.1.0-SNAPSHOT/lib/jfreechart-1.0.12.jar:/home/smf/github/radargun/target/distribution/RadarGun-1.1.0-SNAPSHOT/lib/log4j-1.2.14.jar:/home/smf/github/radargun/target/distribution/RadarGun-1.1.0-SNAPSHOT/lib/mail-1.4.2.jar:/home/smf/github/radargun/target/distribution/RadarGun-1.1.0-SNAPSHOT/lib/radargun-framework-1.1.0-SNAPSHOT.jar:/home/smf/github/radargun/target/distribution/RadarGun-1.1.0-SNAPSHOT/conf org.radargun.Slave -master 127.0.0.1:2103
--------------------------------------------------------------------------------
PerNodeRollingFileAppender::Using file prefix:deimos-esw-30867
 INFO  [main] {org.radargun.Slave} Attempting to connect to master 127.0.0.1:2103
 INFO  [main] {org.radargun.Slave} Successfully established connection with master at: 127.0.0.1:2103
Loading JARS from /home/smf/github/radargun/target/distribution/RadarGun-1.1.0-SNAPSHOT/lib/radargun-framework-1.1.0-SNAPSHOT.jar
 INFO  [pool-1-thread-1] {org.radargun.config.AnnotatedHelper} Loading JARS from /home/smf/github/radargun/target/distribution/RadarGun-1.1.0-SNAPSHOT/lib/radargun-framework-1.1.0-SNAPSHOT.jar
 INFO  [pool-1-thread-1] {org.radargun.config.AnnotatedHelper} Loading JARS from /home/smf/github/radargun/target/distribution/RadarGun-1.1.0-SNAPSHOT/lib/radargun-framework-1.1.0-SNAPSHOT.jar
 INFO  [pool-1-thread-1] {org.radargun.Slave} Executing stage: DestroyWrapper {enforceMemoryThrashHold=true, exitBenchmarkOnSlaveFailure=false, heapDumpDir=null, memoryThreshold=95, runOnAllSlaves=true, slaves=null, useSmartClassLoading=true }
 INFO  [pool-1-thread-1] {org.radargun.stages.DestroyWrapperStage} Received destroy cache wrapper request from master...
 INFO  [pool-1-thread-1] {org.radargun.stages.DestroyWrapperStage} No cache wrapper deployed on this slave, nothing to do.
 INFO  [pool-1-thread-1] {org.radargun.stages.DestroyWrapperStage} Before executing clear, memory looks like this: Memory - free: 2,928,638 kb - max:4,906,688 kb- total:2,944,000 kb
[Full GC 15361K->3631K(2944000K), 0.0857410 secs]
 INFO  [pool-1-thread-1] {org.radargun.stages.DestroyWrapperStage} After executing cleanup, memory looks like this: Memory - free: 2,935,311 kb - max:4,906,688 kb- total:2,944,064 kb
 INFO  [pool-1-thread-1] {org.radargun.Slave} Finished stage: DestroyWrapper {enforceMemoryThrashHold=true, exitBenchmarkOnSlaveFailure=false, heapDumpDir=null, memoryThreshold=95, runOnAllSlaves=true, slaves=null, useSmartClassLoading=true }
 INFO  [main] {org.radargun.Slave} Ack successfully sent to the master
 INFO  [pool-1-thread-1] {org.radargun.Slave} Executing stage: StartCluster {config=ispn52-repl-sync-rc.xml, delayAfterFirstSlaveStarts=5.000 secs, delayBetweenStartingSlaves=0.500 secs, exitBenchmarkOnSlaveFailure=true, expectNumSlaves=null, mayFailOn=null, reachable=null, runOnAllSlaves=false, slaves=null, staggerSlaveStartup=true, useSmartClassLoading=true, validateCluster=true }
 INFO  [pool-1-thread-1] {org.radargun.stages.StartClusterStage}  Startup staggering, starting 12 slaves. This is the slave with index 8. Sleeping for 9000 millis.
 INFO  [pool-1-thread-1] {org.radargun.stages.StartClusterStage} Ack master's StartCluster stage. Local address is: /127.0.0.1. This slave's index is: 8
 INFO  [pool-1-thread-1] {org.radargun.utils.ClassLoadHelper} Creating newInstance org.radargun.cachewrappers.FFWrapper with classloader java.net.URLClassLoader@5381062e
 INFO  [pool-1-thread-1] {org.radargun.cachewrappers.FFWrapper} config=ispn52-repl-sync-rc.xml, isLocal=false, nodeIndex=8, confAttributes={name=ispn52-repl-sync-rc.xml, decorate=infinispan52}
 INFO  [pool-1-thread-1] {org.radargun.cachewrappers.FFWrapper} Found fenix framework config options in 'rg-fenix-framework-config-options.properties'.
 INFO  [pool-1-thread-1] {org.radargun.cachewrappers.FFWrapper} Setting extra config properties for Fenix Framework.
 INFO  [pool-1-thread-1] {org.radargun.cachewrappers.FFWrapper} Will initialize Fenix Framework with RadarGunDataGridConfig
 TRACE [pool-1-thread-1] {pt.ist.fenixframework.FenixFramework} Static initializer block for FenixFramework class [BEGIN]
 INFO  [pool-1-thread-1] {pt.ist.fenixframework.FenixFramework} Trying auto-initialization with configuration by convention
 INFO  [pool-1-thread-1] {pt.ist.fenixframework.FenixFramework} Resource 'fenix-framework.properties' not found
 DEBUG [pool-1-thread-1] {pt.ist.fenixframework.FenixFramework} Fenix Framework properties after reading default config file:{}
 DEBUG [pool-1-thread-1] {pt.ist.fenixframework.FenixFramework} CurrentBackEndName = jvstm-datagrid
 INFO  [pool-1-thread-1] {pt.ist.fenixframework.FenixFramework} Resource 'fenix-framework-jvstm-datagrid.properties' not found
 DEBUG [pool-1-thread-1] {pt.ist.fenixframework.FenixFramework} Fenix Framework properties after reading backend config file:{}
 DEBUG [pool-1-thread-1] {pt.ist.fenixframework.FenixFramework} Fenix Framework properties after enforcing system properties:{}
 INFO  [pool-1-thread-1] {pt.ist.fenixframework.FenixFramework} Skipping configuration by convention.
 TRACE [pool-1-thread-1] {pt.ist.fenixframework.FenixFramework} Static initializer block for FenixFramework class [END]
 INFO  [pool-1-thread-1] {pt.ist.fenixframework.FenixFramework} Initializing Fenix Framework with config.class=pt.ist.fenixframework.backend.jvstm.datagrid.radargun.RadarGunDataGridConfig
 INFO  [pool-1-thread-1] {pt.ist.fenixframework.backend.jvstm.cluster.JvstmClusterBackEnd} initializeGroupCommunication()
 INFO  [pool-1-thread-1] {com.hazelcast.config.ClasspathXmlConfig} Configuring Hazelcast from 'hazelcast-ff.xml'.
 INFO  [pool-1-thread-1] {com.hazelcast.instance.DefaultAddressPicker} Interfaces is disabled, trying to pick one address from TCP-IP config addresses: [127.0.0.1]
 INFO  [pool-1-thread-1] {com.hazelcast.instance.DefaultAddressPicker} Picked Address[127.0.0.1]:5709, using socket ServerSocket[addr=/0.0.0.0,localport=5709], bind any local is true
 INFO  [pool-1-thread-1] {com.hazelcast.system} [127.0.0.1]:5709 [FenixFrameworkGroup] Hazelcast Community Edition 3.0-RC1 (20130627) starting at Address[127.0.0.1]:5709
 INFO  [pool-1-thread-1] {com.hazelcast.system} [127.0.0.1]:5709 [FenixFrameworkGroup] Copyright (C) 2008-2013 Hazelcast.com
 INFO  [pool-1-thread-1] {com.hazelcast.core.LifecycleService} [127.0.0.1]:5709 [FenixFrameworkGroup] Address[127.0.0.1]:5709 is STARTING
 INFO  [pool-1-thread-1] {com.hazelcast.cluster.TcpIpJoiner} [127.0.0.1]:5709 [FenixFrameworkGroup] Connecting to possible member: Address[127.0.0.1]:5703
 INFO  [pool-1-thread-1] {com.hazelcast.cluster.TcpIpJoiner} [127.0.0.1]:5709 [FenixFrameworkGroup] Connecting to possible member: Address[127.0.0.1]:5702
 INFO  [pool-1-thread-1] {com.hazelcast.cluster.TcpIpJoiner} [127.0.0.1]:5709 [FenixFrameworkGroup] Connecting to possible member: Address[127.0.0.1]:5701
 INFO  [hz._hzInstance_1_FenixFrameworkGroup.cached.thread-2] {com.hazelcast.nio.SocketConnector} [127.0.0.1]:5709 [FenixFrameworkGroup] Connecting to /127.0.0.1:5703, timeout: 0, bind-any: true
 INFO  [hz._hzInstance_1_FenixFrameworkGroup.cached.thread-1] {com.hazelcast.nio.SocketConnector} [127.0.0.1]:5709 [FenixFrameworkGroup] Connecting to /127.0.0.1:5701, timeout: 0, bind-any: true
 INFO  [hz._hzInstance_1_FenixFrameworkGroup.cached.thread-3] {com.hazelcast.nio.SocketConnector} [127.0.0.1]:5709 [FenixFrameworkGroup] Connecting to /127.0.0.1:5702, timeout: 0, bind-any: true
 INFO  [hz._hzInstance_1_FenixFrameworkGroup.cached.thread-3] {com.hazelcast.nio.TcpIpConnectionManager} [127.0.0.1]:5709 [FenixFrameworkGroup] 41448 accepted socket connection from /127.0.0.1:5702
 INFO  [hz._hzInstance_1_FenixFrameworkGroup.cached.thread-2] {com.hazelcast.nio.TcpIpConnectionManager} [127.0.0.1]:5709 [FenixFrameworkGroup] 46805 accepted socket connection from /127.0.0.1:5703
 INFO  [hz._hzInstance_1_FenixFrameworkGroup.cached.thread-1] {com.hazelcast.nio.TcpIpConnectionManager} [127.0.0.1]:5709 [FenixFrameworkGroup] 59317 accepted socket connection from /127.0.0.1:5701
 INFO  [hz._hzInstance_1_FenixFrameworkGroup.cached.thread-3] {com.hazelcast.cluster.ClusterService} [127.0.0.1]:5709 [FenixFrameworkGroup] 

Members [12] {
	Member [127.0.0.1]:5701
	Member [127.0.0.1]:5702
	Member [127.0.0.1]:5704
	Member [127.0.0.1]:5705
	Member [127.0.0.1]:5706
	Member [127.0.0.1]:5703
	Member [127.0.0.1]:5707
	Member [127.0.0.1]:5708
	Member [127.0.0.1]:5709 this
	Member [127.0.0.1]:5710
	Member [127.0.0.1]:5711
	Member [127.0.0.1]:5712
}

 INFO  [hz._hzInstance_1_FenixFrameworkGroup.cached.thread-9] {com.hazelcast.nio.SocketConnector} [127.0.0.1]:5709 [FenixFrameworkGroup] Connecting to /127.0.0.1:5704, timeout: 0, bind-any: true
 INFO  [hz._hzInstance_1_FenixFrameworkGroup.cached.thread-9] {com.hazelcast.nio.TcpIpConnectionManager} [127.0.0.1]:5709 [FenixFrameworkGroup] 38398 accepted socket connection from /127.0.0.1:5704
 INFO  [hz._hzInstance_1_FenixFrameworkGroup.cached.thread-1] {com.hazelcast.nio.SocketConnector} [127.0.0.1]:5709 [FenixFrameworkGroup] Connecting to /127.0.0.1:5706, timeout: 0, bind-any: true
 INFO  [hz._hzInstance_1_FenixFrameworkGroup.cached.thread-9] {com.hazelcast.nio.SocketConnector} [127.0.0.1]:5709 [FenixFrameworkGroup] Connecting to /127.0.0.1:5707, timeout: 0, bind-any: true
 INFO  [hz._hzInstance_1_FenixFrameworkGroup.cached.thread-6] {com.hazelcast.nio.SocketAcceptor} [127.0.0.1]:5709 [FenixFrameworkGroup] 5709 is accepting socket connection from /127.0.0.1:48560
 INFO  [hz._hzInstance_1_FenixFrameworkGroup.cached.thread-1] {com.hazelcast.nio.TcpIpConnectionManager} [127.0.0.1]:5709 [FenixFrameworkGroup] 32860 accepted socket connection from /127.0.0.1:5706
 INFO  [hz._hzInstance_1_FenixFrameworkGroup.cached.thread-7] {com.hazelcast.nio.SocketConnector} [127.0.0.1]:5709 [FenixFrameworkGroup] Connecting to /127.0.0.1:5711, timeout: 0, bind-any: true
 INFO  [hz._hzInstance_1_FenixFrameworkGroup.cached.thread-9] {com.hazelcast.nio.TcpIpConnectionManager} [127.0.0.1]:5709 [FenixFrameworkGroup] 46536 accepted socket connection from /127.0.0.1:5707
 INFO  [hz._hzInstance_1_FenixFrameworkGroup.cached.thread-5] {com.hazelcast.nio.SocketConnector} [127.0.0.1]:5709 [FenixFrameworkGroup] Connecting to /127.0.0.1:5708, timeout: 0, bind-any: true
 INFO  [hz._hzInstance_1_FenixFrameworkGroup.cached.thread-8] {com.hazelcast.nio.SocketConnector} [127.0.0.1]:5709 [FenixFrameworkGroup] Connecting to /127.0.0.1:5705, timeout: 0, bind-any: true
 INFO  [hz._hzInstance_1_FenixFrameworkGroup.cached.thread-2] {com.hazelcast.nio.SocketAcceptor} [127.0.0.1]:5709 [FenixFrameworkGroup] 5709 is accepting socket connection from /127.0.0.1:39110
 INFO  [hz._hzInstance_1_FenixFrameworkGroup.cached.thread-5] {com.hazelcast.nio.TcpIpConnectionManager} [127.0.0.1]:5709 [FenixFrameworkGroup] 40053 accepted socket connection from /127.0.0.1:5708
 INFO  [hz._hzInstance_1_FenixFrameworkGroup.cached.thread-7] {com.hazelcast.nio.TcpIpConnectionManager} [127.0.0.1]:5709 [FenixFrameworkGroup] 55017 accepted socket connection from /127.0.0.1:5711
 INFO  [hz._hzInstance_1_FenixFrameworkGroup.cached.thread-5] {com.hazelcast.nio.SocketAcceptor} [127.0.0.1]:5709 [FenixFrameworkGroup] 5709 is accepting socket connection from /127.0.0.1:44762
 INFO  [hz._hzInstance_1_FenixFrameworkGroup.cached.thread-9] {com.hazelcast.nio.SocketConnector} [127.0.0.1]:5709 [FenixFrameworkGroup] Connecting to /127.0.0.1:5712, timeout: 0, bind-any: true
 INFO  [hz._hzInstance_1_FenixFrameworkGroup.cached.thread-1] {com.hazelcast.nio.SocketAcceptor} [127.0.0.1]:5709 [FenixFrameworkGroup] 5709 is accepting socket connection from /127.0.0.1:49057
 INFO  [hz._hzInstance_1_FenixFrameworkGroup.cached.thread-10] {com.hazelcast.nio.SocketConnector} [127.0.0.1]:5709 [FenixFrameworkGroup] Connecting to /127.0.0.1:5710, timeout: 0, bind-any: true
 INFO  [hz._hzInstance_1_FenixFrameworkGroup.cached.thread-6] {com.hazelcast.nio.TcpIpConnectionManager} [127.0.0.1]:5709 [FenixFrameworkGroup] 5709 accepted socket connection from /127.0.0.1:48560
 INFO  [hz._hzInstance_1_FenixFrameworkGroup.cached.thread-1] {com.hazelcast.nio.TcpIpConnectionManager} [127.0.0.1]:5709 [FenixFrameworkGroup] 5709 accepted socket connection from /127.0.0.1:49057
 INFO  [hz._hzInstance_1_FenixFrameworkGroup.cached.thread-9] {com.hazelcast.nio.TcpIpConnectionManager} [127.0.0.1]:5709 [FenixFrameworkGroup] 46175 accepted socket connection from /127.0.0.1:5712
 INFO  [hz._hzInstance_1_FenixFrameworkGroup.cached.thread-5] {com.hazelcast.nio.TcpIpConnectionManager} [127.0.0.1]:5709 [FenixFrameworkGroup] 5709 accepted socket connection from /127.0.0.1:44762
 INFO  [hz._hzInstance_1_FenixFrameworkGroup.cached.thread-7] {com.hazelcast.nio.SocketAcceptor} [127.0.0.1]:5709 [FenixFrameworkGroup] 5709 is accepting socket connection from /127.0.0.1:56483
 INFO  [hz._hzInstance_1_FenixFrameworkGroup.cached.thread-2] {com.hazelcast.nio.TcpIpConnectionManager} [127.0.0.1]:5709 [FenixFrameworkGroup] 5709 accepted socket connection from /127.0.0.1:39110
 INFO  [hz._hzInstance_1_FenixFrameworkGroup.cached.thread-8] {com.hazelcast.nio.TcpIpConnectionManager} [127.0.0.1]:5709 [FenixFrameworkGroup] 37765 accepted socket connection from /127.0.0.1:5705
 INFO  [hz._hzInstance_1_FenixFrameworkGroup.cached.thread-7] {com.hazelcast.nio.TcpIpConnectionManager} [127.0.0.1]:5709 [FenixFrameworkGroup] 5709 accepted socket connection from /127.0.0.1:56483
 INFO  [hz._hzInstance_1_FenixFrameworkGroup.cached.thread-1] {com.hazelcast.nio.SocketAcceptor} [127.0.0.1]:5709 [FenixFrameworkGroup] 5709 is accepting socket connection from /127.0.0.1:54087
 INFO  [hz._hzInstance_1_FenixFrameworkGroup.cached.thread-10] {com.hazelcast.nio.TcpIpConnectionManager} [127.0.0.1]:5709 [FenixFrameworkGroup] 49158 accepted socket connection from /127.0.0.1:5710
 INFO  [hz._hzInstance_1_FenixFrameworkGroup.cached.thread-6] {com.hazelcast.nio.SocketAcceptor} [127.0.0.1]:5709 [FenixFrameworkGroup] 5709 is accepting socket connection from /127.0.0.1:33032
 INFO  [hz._hzInstance_1_FenixFrameworkGroup.cached.thread-1] {com.hazelcast.nio.TcpIpConnectionManager} [127.0.0.1]:5709 [FenixFrameworkGroup] 5709 accepted socket connection from /127.0.0.1:54087
 INFO  [hz._hzInstance_1_FenixFrameworkGroup.cached.thread-2] {com.hazelcast.nio.SocketAcceptor} [127.0.0.1]:5709 [FenixFrameworkGroup] 5709 is accepting socket connection from /127.0.0.1:58782
 INFO  [hz._hzInstance_1_FenixFrameworkGroup.cached.thread-6] {com.hazelcast.nio.TcpIpConnectionManager} [127.0.0.1]:5709 [FenixFrameworkGroup] 5709 accepted socket connection from /127.0.0.1:33032
 INFO  [hz._hzInstance_1_FenixFrameworkGroup.cached.thread-2] {com.hazelcast.nio.TcpIpConnectionManager} [127.0.0.1]:5709 [FenixFrameworkGroup] 5709 accepted socket connection from /127.0.0.1:58782
 INFO  [pool-1-thread-1] {com.hazelcast.core.LifecycleService} [127.0.0.1]:5709 [FenixFrameworkGroup] Address[127.0.0.1]:5709 is STARTED
 INFO  [pool-1-thread-1] {pt.ist.fenixframework.backend.jvstm.cluster.ClusterUtils} Got (long) serverId: 7
 INFO  [pool-1-thread-1] {pt.ist.fenixframework.backend.jvstm.cluster.JvstmClusterBackEnd} This is NOT the first node.
 INFO  [pool-1-thread-1] {pt.ist.fenixframework.backend.jvstm.cluster.ClusterUtils} Waiting for startup from first node
 INFO  [pool-1-thread-1] {pt.ist.fenixframework.backend.jvstm.JVSTMBackEnd} initializeRepository()
 INFO  [pool-1-thread-1] {pt.ist.fenixframework.backend.jvstm.datagrid.radargun.DataGridDecorator} config=ispn52-repl-sync-rc.xml, isLocal=false, nodeIndex=8, confAttributes={name=ispn52-repl-sync-rc.xml}
 INFO  [pool-1-thread-1] {org.radargun.cachewrappers.InfinispanXSWrapper} Cannot find any site for slave index 8
[GC 259695K->12375K(2944064K), 0.0388510 secs]
 INFO  [pool-1-thread-1] {org.infinispan.remoting.transport.jgroups.JGroupsTransport} ISPN000078: Starting JGroups Channel
 WARN  [pool-1-thread-1] {org.jgroups.protocols.UDP} [JGRP00014] the send buffer of socket DatagramSocket was set to 640KB, but the OS only allocated 229.38KB. This might lead to performance problems. Please set your max send buffer in the OS correctly (e.g. net.core.wmem_max on Linux)
 WARN  [pool-1-thread-1] {org.jgroups.protocols.UDP} [JGRP00014] the receive buffer of socket DatagramSocket was set to 20MB, but the OS only allocated 229.38KB. This might lead to performance problems. Please set your max receive buffer in the OS correctly (e.g. net.core.rmem_max on Linux)
 WARN  [pool-1-thread-1] {org.jgroups.protocols.UDP} [JGRP00014] the send buffer of socket MulticastSocket was set to 640KB, but the OS only allocated 229.38KB. This might lead to performance problems. Please set your max send buffer in the OS correctly (e.g. net.core.wmem_max on Linux)
 WARN  [pool-1-thread-1] {org.jgroups.protocols.UDP} [JGRP00014] the receive buffer of socket MulticastSocket was set to 25MB, but the OS only allocated 229.38KB. This might lead to performance problems. Please set your max receive buffer in the OS correctly (e.g. net.core.rmem_max on Linux)
 INFO  [pool-1-thread-1] {org.infinispan.remoting.transport.jgroups.JGroupsTransport} ISPN000094: Received new cluster view: [deimos-esw-45070|5] [deimos-esw-45070, deimos-esw-19293, deimos-esw-40066, deimos-esw-13047, deimos-esw-13949, deimos-esw-16409, deimos-esw-29516, deimos-esw-6720, deimos-esw-15476]
 INFO  [pool-1-thread-1] {org.infinispan.remoting.transport.jgroups.JGroupsTransport} ISPN000079: Cache local address is deimos-esw-6720, physical addresses are [127.0.0.1:52007]
 INFO  [pool-1-thread-1] {org.infinispan.factories.GlobalComponentRegistry} ISPN000128: Infinispan version: Infinispan 'Delirium' 5.2.6.Final
 INFO  [Incoming-4,deimos-esw-6720] {org.infinispan.remoting.transport.jgroups.JGroupsTransport} ISPN000094: Received new cluster view: [deimos-esw-45070|6] [deimos-esw-45070, deimos-esw-19293, deimos-esw-40066, deimos-esw-13047, deimos-esw-13949, deimos-esw-16409, deimos-esw-29516, deimos-esw-6720, deimos-esw-15476, deimos-esw-14407]
 INFO  [pool-1-thread-1] {org.infinispan.transaction.lookup.JBossStandaloneJTAManagerLookup} ISPN000107: Retrieving transaction manager Transaction: unknown
 INFO  [Incoming-4,deimos-esw-6720] {org.infinispan.remoting.transport.jgroups.JGroupsTransport} ISPN000094: Received new cluster view: [deimos-esw-45070|7] [deimos-esw-45070, deimos-esw-19293, deimos-esw-40066, deimos-esw-13047, deimos-esw-13949, deimos-esw-16409, deimos-esw-29516, deimos-esw-6720, deimos-esw-15476, deimos-esw-14407, deimos-esw-26378, deimos-esw-12182]
 INFO  [pool-1-thread-1] {org.infinispan.jmx.CacheJmxRegistration} ISPN000031: MBeans were successfully registered to the platform MBean server.
 INFO  [pool-1-thread-1] {org.radargun.cachewrappers.InfinispanXSWrapper} Using transaction manager: Transaction: unknown
 INFO  [pool-1-thread-1] {org.radargun.cachewrappers.InfinispanXSWrapper} No RELAY2 protocol in XS wrapper
 INFO  [pool-1-thread-1] {org.radargun.cachewrappers.InfinispanXSWrapper} JGroups version: JGroups 3.2.7.Final
 INFO  [pool-1-thread-1] {org.radargun.cachewrappers.InfinispanXSWrapper} Using config attributes: {name=ispn52-repl-sync-rc.xml}
 INFO  [pool-1-thread-1] {pt.ist.fenixframework.backend.jvstm.datagrid.DataGridRepository} Initialization marker is present. Data Grid already existed.
 INFO  [pool-1-thread-1] {pt.ist.fenixframework.backend.jvstm.JVSTMBackEnd} initializeDomainClassInfos
 INFO  [pool-1-thread-1] {pt.ist.fenixframework.backend.jvstm.pstm.DomainClassInfo} serverId: 7, serverOidBase: 7000000000000
 INFO  [pool-1-thread-1] {pt.ist.fenixframework.backend.jvstm.pstm.DomainClassInfo} Existing domain class 'pt.ist.fenixframework.adt.linkedlist.ListNode' with id '6'
 INFO  [pool-1-thread-1] {pt.ist.fenixframework.backend.jvstm.pstm.DomainClassInfo} Existing domain class 'pt.ist.fenixframework.adt.bplustree.BPlusTreeArray' with id '2'
 INFO  [pool-1-thread-1] {pt.ist.fenixframework.backend.jvstm.pstm.DomainClassInfo} Existing domain class 'pt.ist.fenixframework.adt.bplustree.LeafNode' with id '4'
 INFO  [pool-1-thread-1] {pt.ist.fenixframework.backend.jvstm.pstm.DomainClassInfo} Existing domain class 'pt.ist.fenixframework.adt.bplustree.DomainBPlusTree' with id 'e'
 INFO  [pool-1-thread-1] {pt.ist.fenixframework.backend.jvstm.pstm.DomainClassInfo} Existing domain class 'pt.ist.fenixframework.adt.linkedlist.LinkedList' with id '9'
 INFO  [pool-1-thread-1] {pt.ist.fenixframework.backend.jvstm.pstm.DomainClassInfo} Existing domain class 'pt.ist.fenixframework.adt.bplustree.AbstractNodeArray' with id 'a'
 INFO  [pool-1-thread-1] {pt.ist.fenixframework.backend.jvstm.pstm.DomainClassInfo} Existing domain class 'pt.ist.fenixframework.DomainRoot' with id '0'
 INFO  [pool-1-thread-1] {pt.ist.fenixframework.backend.jvstm.pstm.DomainClassInfo} Existing domain class 'pt.ist.fenixframework.adt.bplustree.DomainInnerNode' with id '3'
 INFO  [pool-1-thread-1] {pt.ist.fenixframework.backend.jvstm.pstm.DomainClassInfo} Existing domain class 'pt.ist.fenixframework.backend.jvstm.pstm.TransactionStatisticsEntry' with id '5'
 INFO  [pool-1-thread-1] {pt.ist.fenixframework.backend.jvstm.pstm.DomainClassInfo} Existing domain class 'pt.ist.fenixframework.adt.bplustree.DomainLeafNode' with id '1'
 INFO  [pool-1-thread-1] {pt.ist.fenixframework.backend.jvstm.pstm.DomainClassInfo} Existing domain class 'pt.ist.fenixframework.adt.bplustree.LeafNodeArray' with id 'c'
 INFO  [pool-1-thread-1] {pt.ist.fenixframework.backend.jvstm.pstm.DomainClassInfo} Existing domain class 'pt.ist.fenixframework.backend.jvstm.pstm.FenixFrameworkData' with id 'd'
 INFO  [pool-1-thread-1] {pt.ist.fenixframework.backend.jvstm.pstm.DomainClassInfo} Existing domain class 'pt.ist.fenixframework.adt.bplustree.BPlusTree' with id '7'
 INFO  [pool-1-thread-1] {pt.ist.fenixframework.backend.jvstm.pstm.DomainClassInfo} Existing domain class 'pt.ist.fenixframework.adt.bplustree.AbstractNode' with id 'f'
 INFO  [pool-1-thread-1] {pt.ist.fenixframework.backend.jvstm.pstm.DomainClassInfo} Existing domain class 'pt.ist.fenixframework.adt.bplustree.InnerNode' with id '8'
 INFO  [pool-1-thread-1] {pt.ist.fenixframework.backend.jvstm.pstm.DomainClassInfo} Existing domain class 'pt.ist.fenixframework.adt.bplustree.InnerNodeArray' with id 'b'
 INFO  [pool-1-thread-1] {pt.ist.fenixframework.backend.jvstm.JVSTMBackEnd} setupJVSTM
 INFO  [pool-1-thread-1] {pt.ist.fenixframework.backend.jvstm.JVSTMBackEnd} Setting the last committed TX number to 2
 INFO  [pool-1-thread-1] {pt.ist.fenixframework.backend.jvstm.JVSTMBackEnd} createDomainRootIfNeeded
 INFO  [pool-1-thread-1] {pt.ist.fenixframework.backend.jvstm.JVSTMBackEnd} ensureFenixFrameworkDataExists
 INFO  [pool-1-thread-1] {pt.ist.fenixframework.hibernatesearch.HibernateSearchConfig} Resource 'fenix-framework-hibernate-search.properties' not found. Hibernate Search disabled
 INFO  [pool-1-thread-1] {pt.ist.fenixframework.FenixFramework} Initialization of Fenix Framework is now complete.
 INFO  [pool-1-thread-1] {org.radargun.cachewrappers.FFWrapper} FF STARTED=true
 INFO  [pool-1-thread-1] {org.radargun.stages.helpers.StartHelper} Number of members is the one expected: 12
 INFO  [pool-1-thread-1] {org.radargun.stages.StartClusterStage} Successfully started cache wrapper on slave 8: org.radargun.cachewrappers.FFWrapper@46a32efb
 INFO  [pool-1-thread-1] {org.radargun.Slave} Finished stage: StartCluster {config=ispn52-repl-sync-rc.xml, delayAfterFirstSlaveStarts=5.000 secs, delayBetweenStartingSlaves=0.500 secs, exitBenchmarkOnSlaveFailure=true, expectNumSlaves=null, mayFailOn=null, reachable=null, runOnAllSlaves=false, slaves=null, staggerSlaveStartup=true, useSmartClassLoading=true, validateCluster=true }
 INFO  [main] {org.radargun.Slave} Ack successfully sent to the master
 INFO  [pool-1-thread-1] {org.radargun.Slave} Executing stage: ClusterValidation {exitBenchmarkOnSlaveFailure=false, partialReplication=false, replicationTimeSleep=2000, replicationTryCount=60, runOnAllSlaves=false, slaves=null, useSmartClassLoading=true }
 INFO  [pool-1-thread-1] {org.radargun.stages.ClusterValidationStage} Number of caches that replicated here is 1
 INFO  [pool-1-thread-1] {org.radargun.stages.ClusterValidationStage} Replication test failed, 1 tries so far. Sleeping for 2 seconds and trying again.
 INFO  [pool-1-thread-1] {org.radargun.stages.ClusterValidationStage} Number of caches that replicated here is 11
 INFO  [pool-1-thread-1] {org.radargun.stages.ClusterValidationStage} Replication test successfully passed. partialReplication? false, replicationCount = 11
 INFO  [pool-1-thread-1] {org.radargun.stages.ClusterValidationStage} Confirm phase successful.
 INFO  [pool-1-thread-1] {org.radargun.Slave} Finished stage: ClusterValidation {exitBenchmarkOnSlaveFailure=false, partialReplication=false, replicationTimeSleep=2000, replicationTryCount=60, runOnAllSlaves=false, slaves=[ 0, 1, 2, 3, 4, 5, 6, 7, 8, 9, 10, 11 ], useSmartClassLoading=true }
 INFO  [main] {org.radargun.Slave} Ack successfully sent to the master
 INFO  [pool-1-thread-1] {org.radargun.Slave} Executing stage: StressTestWarmup {bulkSize=1, cacheSpecificKeyGenerator=false, commitTransactions=true, duration=1 mins 0 secs, entrySize=1000, exitBenchmarkOnSlaveFailure=false, fixedKeys=true, generateHistogramRange=false, keyGeneratorClass=org.radargun.stressors.StringKeyGenerator, keyGeneratorParam=null, loadAllKeys=false, numEntries=100, numOfThreads=4, numRequests=10000, numThreads=4, numberOfAttributes=100, numberOfRequests=10000, opsCountStatusLog=100000, poolKeys=true, preferAsyncOperations=false, removePercentage=0, replaceInvalidPercentage=40, runOnAllSlaves=false, sharedKeys=false, sizeOfAnAttribute=1000, slaves=null, transactionSize=50, useAtomics=false, useHistogramStatistics=false, useSimpleStatistics=true, useSmartClassLoading=true, useTransactions=null, writePercentage=20, writeTxPercentage=20 }
 INFO  [pool-1-thread-1] {org.radargun.stages.StressTestWarmupStage} Starting StressTestWarmupStage: StressTestWarmup {bulkSize=1, cacheSpecificKeyGenerator=false, commitTransactions=true, duration=1 mins 0 secs, entrySize=1000, exitBenchmarkOnSlaveFailure=false, fixedKeys=true, generateHistogramRange=false, keyGeneratorClass=org.radargun.stressors.StringKeyGenerator, keyGeneratorParam=null, loadAllKeys=false, numEntries=100, numOfThreads=4, numRequests=10000, numThreads=4, numberOfAttributes=100, numberOfRequests=10000, opsCountStatusLog=100000, poolKeys=true, preferAsyncOperations=false, removePercentage=0, replaceInvalidPercentage=40, runOnAllSlaves=false, sharedKeys=false, sizeOfAnAttribute=1000, slaves=null, transactionSize=50, useAtomics=false, useHistogramStatistics=false, useSimpleStatistics=true, useSmartClassLoading=true, useTransactions=null, writePercentage=20, writeTxPercentage=20 }
 INFO  [pool-1-thread-1] {org.radargun.stressors.StressTestStressor} Using key generator org.radargun.stressors.StringKeyGenerator, param null
 INFO  [pool-1-thread-1] {org.radargun.stressors.StressTestStressor} Executing: StressTestStressor{opsCountStatusLog=100000, numRequests=10000, numEntries=100, entrySize=1000, writePercentage=20, numThreads=4, cacheWrapper=org.radargun.cachewrappers.FFWrapper@46a32efb, nodeIndex=8, useTransactions=true, transactionSize=50, commitTransactions=true, durationMillis=60000}
 INFO  [pool-1-thread-1] {org.radargun.stressors.StressTestStressor} Cache wrapper info is: FFWrapper using infinispan52
[GC 268439K->21176K(2944064K), 0.0540200 secs]
[GC 277240K->18644K(2944064K), 0.0355360 secs]
[GC 274708K->17844K(2944064K), 0.0379750 secs]
[GC 273908K->24811K(2944064K), 0.0383310 secs]
 INFO  [pool-1-thread-1] {org.radargun.stressors.StressTestStressor} Started 4 stressor threads.
 INFO  [Stressor-0] {org.radargun.stressors.StressTestStressor} Number of ops executed so far: 1. Elapsed time: 0.000 secs. Remaining: 1 mins 0 secs. Total: 1 mins 0 secs
[GC 280875K->21618K(2944064K), 0.0363420 secs]
[GC 277682K->25657K(2944064K), 0.0380830 secs]
[GC 281721K->28079K(2944064K), 0.0443210 secs]
[GC 284143K->33275K(2944064K), 0.0441780 secs]
[GC 289339K->38830K(2944064K), 0.0438440 secs]
 INFO  [Stressor-1] {org.radargun.stressors.StressTestStressor} Number of ops executed so far: 16200. Elapsed time: 20.009 secs. Remaining: 39.991 secs. Total: 1 mins 0 secs
[GC 294894K->44854K(2944064K), 0.0494440 secs]
[GC 300918K->51140K(2944064K), 0.0470110 secs]
[GC 307204K->57607K(2944064K), 0.0500090 secs]
[GC 313671K->63804K(2944064K), 0.0500260 secs]
[GC 319868K->61810K(2944064K), 0.0454210 secs]
[GC 317874K->76086K(2944064K), 0.0639550 secs]
 INFO  [Stressor-1] {org.radargun.stressors.StressTestStressor} Number of ops executed so far: 43750. Elapsed time: 40.036 secs. Remaining: 19.964 secs. Total: 1 mins 0 secs
[GC 332150K->75035K(2944064K), 0.0581450 secs]
[GC 331099K->68280K(2944064K), 0.0475970 secs]
[GC 324344K->69672K(2944064K), 0.0486820 secs]
[GC 325736K->76826K(2944064K), 0.0463840 secs]
[GC 332877K->89646K(2944064K), 0.0475410 secs]
 INFO  [Stressor-1] {org.radargun.stressors.StressTestStressor} Number of ops executed so far: 79700. Elapsed time: 1 mins 0 secs. Remaining: 0.000 secs. Total: 1 mins 0 secs
 INFO  [pool-1-thread-1] {org.radargun.stressors.StressTestStressor} Finished generating report. Test duration is: 1 mins 19 secs
 INFO  [pool-1-thread-1] {org.radargun.stages.StressTestWarmupStage} The warmup took: 79 seconds.
 INFO  [pool-1-thread-1] {org.radargun.Slave} Finished stage: StressTestWarmup {bulkSize=1, cacheSpecificKeyGenerator=false, commitTransactions=true, duration=1 mins 0 secs, entrySize=1000, exitBenchmarkOnSlaveFailure=false, fixedKeys=true, generateHistogramRange=false, keyGeneratorClass=org.radargun.stressors.StringKeyGenerator, keyGeneratorParam=null, loadAllKeys=false, numEntries=100, numOfThreads=4, numRequests=10000, numThreads=4, numberOfAttributes=100, numberOfRequests=10000, opsCountStatusLog=100000, poolKeys=true, preferAsyncOperations=false, removePercentage=0, replaceInvalidPercentage=40, runOnAllSlaves=false, sharedKeys=false, sizeOfAnAttribute=1000, slaves=null, transactionSize=50, useAtomics=false, useHistogramStatistics=false, useSimpleStatistics=true, useSmartClassLoading=true, useTransactions=null, writePercentage=20, writeTxPercentage=20 }
 INFO  [main] {org.radargun.Slave} Ack successfully sent to the master
[GC 345710K->85746K(2944064K), 0.0466480 secs]
[GC 341810K->89454K(2944064K), 0.0472280 secs]
[GC 345518K->79064K(2944064K), 0.0485130 secs]
[GC 335128K->79963K(2944064K), 0.0450200 secs]
[GC 336027K->80566K(2944064K), 0.0827550 secs]
[GC 336630K->91768K(2944064K), 0.0448840 secs]
[GC 347832K->93151K(2944064K), 0.0470560 secs]
[GC 349215K->74226K(2944064K), 0.0438990 secs]
[GC 330290K->87545K(2944064K), 0.0428200 secs]
[GC 343609K->88406K(2944064K), 0.0454470 secs]
[GC 344470K->90831K(2944064K), 0.0472300 secs]
[GC 346895K->94021K(2944064K), 0.0463200 secs]
[GC 350068K->97644K(2944064K), 0.0465900 secs]
[GC 353708K->110602K(2944064K), 0.0497640 secs]
[GC 366666K->102574K(2944064K), 0.0475330 secs]
[GC 358638K->120946K(2944064K), 0.0470050 secs]
[GC 377010K->99084K(2944064K), 0.0477110 secs]
[GC 355148K->127279K(2944064K), 0.0502550 secs]
[GC 383343K->140187K(2944064K), 0.0530050 secs]
[GC 396251K->136177K(2944064K), 0.0574490 secs]
[GC 392241K->146220K(2944064K), 0.0604600 secs]
[GC 402284K->188777K(2944064K), 0.0731160 secs]
 INFO  [pool-1-thread-1] {org.radargun.Slave} Executing stage: ClearClusterStage {ClearCluster {exitBenchmarkOnSlaveFailure=false, runOnAllSlaves=false, slaves=[ 0 ], useSmartClassLoading=true }
 INFO  [pool-1-thread-1] {org.radargun.stages.ClearClusterStage} Before executing clear, memory looks like this: Memory - free: 2,548,547 kb - max:4,906,688 kb- total:2,944,064 kb
[Full GC 395516K->150744K(2944064K), 0.8429690 secs]
 INFO  [pool-1-thread-1] {org.radargun.stages.ClearClusterStage} After executing cleanup, memory looks like this: Memory - free: 2,792,610 kb - max:4,906,688 kb- total:2,944,192 kb
 INFO  [pool-1-thread-1] {org.radargun.Slave} Finished stage: ClearClusterStage {ClearCluster {exitBenchmarkOnSlaveFailure=false, runOnAllSlaves=false, slaves=[ 0 ], useSmartClassLoading=true }
 INFO  [main] {org.radargun.Slave} Ack successfully sent to the master
 INFO  [pool-1-thread-1] {org.radargun.Slave} Executing stage: StressTest {bulkSize=1, cacheSpecificKeyGenerator=false, commitTransactions=true, duration=1 mins 0 secs, entrySize=1000, exitBenchmarkOnSlaveFailure=false, fixedKeys=true, generateHistogramRange=false, keyGeneratorClass=org.radargun.stressors.StringKeyGenerator, keyGeneratorParam=null, loadAllKeys=false, numEntries=10000, numOfThreads=4, numRequests=10000000, numThreads=4, numberOfAttributes=10000, numberOfRequests=10000000, opsCountStatusLog=500000, poolKeys=true, preferAsyncOperations=false, removePercentage=0, replaceInvalidPercentage=40, runOnAllSlaves=false, sharedKeys=false, sizeOfAnAttribute=1000, slaves=null, transactionSize=10000, useAtomics=false, useHistogramStatistics=false, useSimpleStatistics=true, useSmartClassLoading=true, useTransactions=true, writePercentage=10, writeTxPercentage=5 }
 INFO  [pool-1-thread-1] {org.radargun.stages.StressTestStage} Starting StressTestStage: StressTest {bulkSize=1, cacheSpecificKeyGenerator=false, commitTransactions=true, duration=1 mins 0 secs, entrySize=1000, exitBenchmarkOnSlaveFailure=false, fixedKeys=true, generateHistogramRange=false, keyGeneratorClass=org.radargun.stressors.StringKeyGenerator, keyGeneratorParam=null, loadAllKeys=false, numEntries=10000, numOfThreads=4, numRequests=10000000, numThreads=4, numberOfAttributes=10000, numberOfRequests=10000000, opsCountStatusLog=500000, poolKeys=true, preferAsyncOperations=false, removePercentage=0, replaceInvalidPercentage=40, runOnAllSlaves=false, sharedKeys=false, sizeOfAnAttribute=1000, slaves=null, transactionSize=10000, useAtomics=false, useHistogramStatistics=false, useSimpleStatistics=true, useSmartClassLoading=true, useTransactions=true, writePercentage=10, writeTxPercentage=5 }
 INFO  [pool-1-thread-1] {org.radargun.stressors.StressTestStressor} Using key generator org.radargun.stressors.StringKeyGenerator, param null
 INFO  [pool-1-thread-1] {org.radargun.stressors.StressTestStressor} Executing: StressTestStressor{opsCountStatusLog=500000, numRequests=10000000, numEntries=10000, entrySize=1000, writePercentage=10, numThreads=4, cacheWrapper=org.radargun.cachewrappers.FFWrapper@46a32efb, nodeIndex=8, useTransactions=true, transactionSize=10000, commitTransactions=true, durationMillis=60000}
 INFO  [pool-1-thread-1] {org.radargun.stressors.StressTestStressor} Cache wrapper info is: FFWrapper using infinispan52
[GC 406872K->225813K(2944192K), 0.0311960 secs]
[GC 481941K->169948K(2944192K), 0.0308150 secs]
[GC 426076K->158982K(2944192K), 0.0299230 secs]
[GC 415110K->159663K(2944192K), 0.0316810 secs]
[GC 415791K->161270K(2944192K), 0.0345210 secs]
[GC 417398K->163572K(2944192K), 0.0302200 secs]
[GC 419700K->165678K(2944192K), 0.0345970 secs]
[GC 421806K->165681K(2944192K), 0.0357730 secs]
[GC 421809K->167641K(2944192K), 0.0323150 secs]
[GC 423769K->169537K(2944192K), 0.0392550 secs]
[GC 425665K->171795K(2944192K), 0.0356790 secs]
[GC 427923K->169999K(2944192K), 0.0402750 secs]
[GC 426127K->171602K(2944192K), 0.0401770 secs]
[GC 427730K->173228K(2944192K), 0.0409570 secs]
[GC 429356K->174829K(2944192K), 0.0399170 secs]
[GC 430957K->184402K(2944192K), 0.0446410 secs]
[GC 440530K->185276K(2944192K), 0.0418610 secs]
[GC 441404K->185953K(2944192K), 0.0414330 secs]
[GC 442081K->185972K(2944192K), 0.0446900 secs]
[GC 442100K->187173K(2944192K), 0.0447170 secs]
[GC 443301K->189113K(2944192K), 0.0460530 secs]
[GC 445241K->190536K(2944192K), 0.0394840 secs]
[GC 446664K->192155K(2944192K), 0.0384510 secs]
[GC 448283K->193521K(2944192K), 0.0379590 secs]
[GC 449649K->194929K(2944192K), 0.0398150 secs]
[GC 451057K->196704K(2944192K), 0.0394950 secs]
[GC 452832K->197956K(2944192K), 0.0402320 secs]
[GC 454084K->199316K(2944192K), 0.0377080 secs]
[GC 455444K->200508K(2944192K), 0.0395460 secs]
[GC 456636K->196405K(2944192K), 0.0389860 secs]
[GC 452533K->202143K(2944192K), 0.0449530 secs]
[GC 458271K->203592K(2944192K), 0.0389880 secs]
[GC 459720K->205164K(2944192K), 0.0406700 secs]
[GC 461292K->201698K(2944192K), 0.0435310 secs]
[GC 457826K->203229K(2944192K), 0.0400080 secs]
[GC 459357K->204830K(2944192K), 0.0405940 secs]
[GC 460958K->212272K(2944192K), 0.0418220 secs]
[GC 468400K->213194K(2944192K), 0.0438990 secs]
[GC 469322K->214469K(2944192K), 0.0391170 secs]
[GC 470597K->216654K(2944192K), 0.0440110 secs]
[GC 472782K->212018K(2944192K), 0.0423270 secs]
[GC 468146K->222818K(2944192K), 0.0391750 secs]
[GC 478946K->216599K(2944192K), 0.0430150 secs]
[GC 472727K->226699K(2944192K), 0.0396260 secs]
[GC 482827K->215545K(2944192K), 0.0422030 secs]
[GC 471673K->215732K(2944192K), 0.0529170 secs]
[GC 471860K->224539K(2944192K), 0.0380750 secs]
[GC 480667K->226591K(2944192K), 0.0422220 secs]
[GC 482719K->228276K(2944192K), 0.0385620 secs]
[GC 484404K->229939K(2944192K), 0.0430870 secs]
[GC 486067K->231440K(2944192K), 0.0452040 secs]
[GC 487568K->232401K(2944192K), 0.0361090 secs]
[GC 488529K->232328K(2944192K), 0.0496400 secs]
[GC 488456K->233419K(2944192K), 0.0418710 secs]
[GC 489547K->235387K(2944192K), 0.0462240 secs]
[GC 491515K->237629K(2944192K), 0.0447980 secs]
[GC 493757K->239387K(2944192K), 0.0495840 secs]
[GC 495515K->240912K(2944192K), 0.0376730 secs]
[GC 497040K->242399K(2944192K), 0.0466490 secs]
[GC 498527K->249787K(2944192K), 0.0444460 secs]
[GC 505915K->239897K(2944192K), 0.0411090 secs]
[GC 496025K->249050K(2944192K), 0.0452480 secs]
[GC 505178K->247234K(2944192K), 0.0383970 secs]
[GC 503362K->247959K(2944192K), 0.0399110 secs]
[GC 504087K->249325K(2944192K), 0.0411380 secs]
[GC 505453K->245148K(2944192K), 0.0489600 secs]
[GC 501276K->246731K(2944192K), 0.0395060 secs]
[GC 502859K->248183K(2944192K), 0.0381070 secs]
[GC 504311K->250300K(2944192K), 0.0380520 secs]
[GC 506428K->252014K(2944192K), 0.0384880 secs]
[GC 508142K->252915K(2944192K), 0.0406880 secs]
[GC 509043K->259706K(2944192K), 0.0404390 secs]
[GC 515834K->255577K(2944192K), 0.0524830 secs]
[GC 511705K->256864K(2944192K), 0.0471830 secs]
[GC 512992K->256876K(2944192K), 0.0438010 secs]
[GC 513004K->257970K(2944192K), 0.0424950 secs]
[GC 514098K->264662K(2944192K), 0.0550450 secs]
[GC 520790K->261185K(2944192K), 0.0448140 secs]
[GC 517313K->262938K(2944192K), 0.0450670 secs]
[GC 519066K->264432K(2944192K), 0.0502190 secs]
[GC 520560K->265695K(2944192K), 0.0437710 secs]
[GC 521823K->267163K(2944192K), 0.0435900 secs]
[GC 523291K->284734K(2944192K), 0.0424290 secs]
[GC 540862K->306760K(2944192K), 0.0593700 secs]
[GC 562888K->329863K(2944192K), 0.0573840 secs]
[GC 585991K->354169K(2944192K), 0.0650280 secs]
[GC 610297K->379812K(2944192K), 0.0788340 secs]
[GC 635940K->355962K(2944192K), 0.0884220 secs]
[GC 612090K->405549K(2944192K), 0.0783830 secs]
[GC 661677K->392493K(2944192K), 0.0871570 secs]
[GC 648621K->417350K(2944192K), 0.0634220 secs]
[GC 673478K->435279K(2944192K), 0.0767370 secs]
[GC 691407K->421144K(2944192K), 0.0748560 secs]
[GC 677272K->447517K(2944192K), 0.0730100 secs]
[GC 703645K->477517K(2944192K), 0.0766460 secs]
[GC 733645K->456179K(2944192K), 0.0683240 secs]
[GC 712306K->493479K(2944192K), 0.0716250 secs]
[GC 749607K->515572K(2944192K), 0.0713160 secs]
[GC 771700K->489567K(2944192K), 0.0688660 secs]
[GC 745695K->530556K(2944192K), 0.0697320 secs]
[GC 786684K->534111K(2944192K), 0.0743560 secs]
[GC 790239K->562007K(2944192K), 0.0698710 secs]
[GC 818135K->538463K(2944192K), 0.0685780 secs]
[GC 793578K->587679K(2944192K), 0.0754590 secs]
[GC 843807K->573355K(2944192K), 0.0724620 secs]
[GC 827624K->584123K(2944192K), 0.0778080 secs]
[GC 840251K->625037K(2944192K), 0.0579440 secs]
[GC 881165K->614790K(2944192K), 0.0782550 secs]
[GC 870918K->602215K(2944192K), 0.0636070 secs]
[GC 858343K->661371K(2944192K), 0.0613120 secs]
[GC 917499K->633937K(2944192K), 0.0717630 secs]
[GC 890065K->681530K(2944192K), 0.0776910 secs]
[GC 937658K->657109K(2944192K), 0.0782910 secs]
[GC 913237K->712692K(2944192K), 0.0633740 secs]
[GC 968820K->688176K(2944192K), 0.0863010 secs]
[GC 944304K->685025K(2944192K), 0.0547450 secs]
[GC 941153K->696141K(2944192K), 0.0558220 secs]
[GC 952269K->712732K(2944192K), 0.0547950 secs]
[GC 968860K->716881K(2944192K), 0.0595200 secs]
[GC 973009K->721509K(2944192K), 0.0547360 secs]
[GC 977637K->692349K(2944192K), 0.0691870 secs]
[GC 948477K->712199K(2944192K), 0.0543900 secs]
[GC 968327K->740408K(2944192K), 0.0575080 secs]
[GC 996536K->700054K(2944192K), 0.0556790 secs]
[GC 956182K->738832K(2944192K), 0.0603190 secs]
[GC 994960K->720680K(2944192K), 0.0692340 secs]
[GC 976808K->716987K(2944192K), 0.0572740 secs]
[GC 973115K->737908K(2944192K), 0.0596090 secs]
[GC 994036K->733187K(2944192K), 0.0729370 secs]
[GC 989315K->722947K(2944192K), 0.0536440 secs]
[GC 979075K->718638K(2944192K), 0.0506020 secs]
[GC 974766K->731000K(2944192K), 0.0560060 secs]
[GC 987128K->724394K(2944192K), 0.0837030 secs]
[GC 980522K->740472K(2944192K), 0.0527460 secs]
[GC 996600K->744310K(2944192K), 0.0646870 secs]
[GC 1000438K->748248K(2944192K), 0.0572430 secs]
[GC 1004376K->739617K(2944192K), 0.0573090 secs]
[GC 995745K->742940K(2944192K), 0.0691790 secs]
[GC 999068K->758419K(2944192K), 0.0562750 secs]
[GC 1014513K->761783K(2944192K), 0.0541890 secs]
[GC 1017911K->754406K(2944192K), 0.0544480 secs]
[GC 1010534K->753136K(2944192K), 0.0546750 secs]
[GC 1009264K->761104K(2944192K), 0.0539970 secs]
[GC 1017232K->765984K(2944192K), 0.0566750 secs]
[GC 1022112K->771649K(2944192K), 0.0545790 secs]
[GC 1027777K->775353K(2944192K), 0.0551030 secs]
[GC 1031481K->791676K(2944192K), 0.0551110 secs]
[GC 1047804K->770201K(2944192K), 0.0546180 secs]
[GC 1026329K->778932K(2944192K), 0.0550770 secs]
[GC 1035060K->775293K(2944192K), 0.0557670 secs]
[GC 1031421K->778034K(2944192K), 0.0531550 secs]
[GC 1034162K->775274K(2944192K), 0.0564510 secs]
[GC 1031402K->777246K(2944192K), 0.0578790 secs]
[GC 1033374K->780543K(2944192K), 0.0551840 secs]
[GC 1036671K->796712K(2944192K), 0.0581750 secs]
[GC 1052840K->801111K(2944192K), 0.0558810 secs]
[GC 1057239K->805351K(2944192K), 0.0577260 secs]
[GC 1061479K->808970K(2944192K), 0.0605310 secs]
 INFO  [pool-1-thread-1] {org.radargun.stressors.StressTestStressor} Started 4 stressor threads.
 INFO  [Stressor-3] {org.radargun.stressors.StressTestStressor} Number of ops executed so far: 1. Elapsed time: 0.000 secs. Remaining: 1 mins 0 secs. Total: 1 mins 0 secs
[GC 1064167K->837318K(2944192K), 0.0640150 secs]
[GC 1093446K->842338K(2944192K), 0.0740060 secs]
[GC 1098443K->852347K(2944192K), 0.0814370 secs]
[GC 1108475K->851566K(2944192K), 0.0691360 secs]
[GC 1105444K->866879K(2944192K), 0.0554260 secs]
[GC 1123007K->917220K(2944192K), 0.0823550 secs]
[GC 1173348K->891122K(2944192K), 0.0827990 secs]
[GC 1147250K->913168K(2944192K), 0.0512840 secs]
[GC 1167548K->973520K(2944192K), 0.0701040 secs]
[GC 1229640K->926592K(2944192K), 0.0654830 secs]
[GC 1181214K->952586K(2944192K), 0.0554060 secs]
[GC 1208714K->954748K(2944192K), 0.0660000 secs]
 WARN  [hz._hzInstance_1_FenixFrameworkGroup.event] {com.hazelcast.spi.EventService} [127.0.0.1]:5709 [FenixFrameworkGroup] Caution: Off-load event processing to your own thread-pool, don't use event thread!
[GC 1210876K->1029650K(2944192K), 0.0771050 secs]
[GC 1285748K->980329K(2944192K), 0.0679780 secs]
[GC 1236457K->1035459K(2944192K), 0.0582280 secs]
[GC 1291587K->1078434K(2944192K), 0.0710020 secs]
[GC 1333238K->1055157K(2944192K), 0.0749730 secs]
[GC 1311285K->1074704K(2944192K), 0.0647850 secs]
[GC 1330832K->1137023K(2944192K), 0.0641530 secs]
 INFO  [Stressor-3] {org.radargun.stressors.StressTestStressor} Number of ops executed so far: 3351542. Elapsed time: 20.000 secs. Remaining: 40.000 secs. Total: 1 mins 0 secs
[GC 1391603K->1107106K(2944192K), 0.0642280 secs]
[GC 1363199K->1122570K(2944192K), 0.0630350 secs]
[GC 1378698K->1166454K(2944192K), 0.0771150 secs]
[GC 1422582K->1190273K(2944192K), 0.0757910 secs]
[GC 1446401K->1148595K(2944192K), 0.0700580 secs]
[GC 1404723K->1184722K(2944192K), 0.0489750 secs]
[GC 1440850K->1189469K(2944192K), 0.0617050 secs]
[GC 1445597K->1188089K(2944192K), 0.0586650 secs]
[GC 1444217K->1231119K(2944192K), 0.0738720 secs]
[GC 1487235K->1206566K(2944192K), 0.0583140 secs]
[GC 1462694K->1235098K(2944192K), 0.0496880 secs]
 WARN  [hz._hzInstance_1_FenixFrameworkGroup.event] {com.hazelcast.spi.EventService} [127.0.0.1]:5709 [FenixFrameworkGroup] Caution: Off-load event processing to your own thread-pool, don't use event thread!
[GC 1490982K->1249252K(2944192K), 0.0648620 secs]
[GC 1505380K->1295201K(2944192K), 0.0737080 secs]
[GC 1551307K->1252976K(2944192K), 0.0656100 secs]
[GC 1506736K->1320770K(2944192K), 0.0673510 secs]
[GC 1576874K->1282648K(2944192K), 0.0637200 secs]
[GC 1538765K->1278640K(2944192K), 0.0546970 secs]
[GC 1534768K->1300718K(2944192K), 0.0503510 secs]
[GC 1556846K->1357678K(2944192K), 0.0742730 secs]
[GC 1613769K->1345295K(2944192K), 0.0741740 secs]
[GC 1345448K(2944192K), 0.0135730 secs]
 WARN  [hz._hzInstance_1_FenixFrameworkGroup.event] {com.hazelcast.spi.EventService} [127.0.0.1]:5709 [FenixFrameworkGroup] Caution: Off-load event processing to your own thread-pool, don't use event thread!
 INFO  [Stressor-1] {org.radargun.stressors.StressTestStressor} Number of ops executed so far: 8721497. Elapsed time: 40.000 secs. Remaining: 20.000 secs. Total: 1 mins 0 secs
[GC 1601423K->1382823K(2944192K), 0.0600930 secs]
[GC 1638951K->1410236K(2944192K), 0.0651230 secs]
[GC 1561046K(2944192K), 0.0761460 secs]
[GC 1379768K->1127710K(2944192K), 0.0567200 secs]
[GC 1170547K->942107K(2944192K), 0.0478330 secs]
[GC 1197382K->927582K(2944192K), 0.0551420 secs]
[GC 1183710K->1005605K(2944192K), 0.0672640 secs]
[GC 1261733K->953116K(2944192K), 0.0570990 secs]
[GC 1209244K->989780K(2944192K), 0.0574270 secs]
[GC 1245908K->980974K(2944192K), 0.0734600 secs]
[GC 1237102K->1035383K(2944192K), 0.0564610 secs]
[GC 1291511K->1028692K(2944192K), 0.0617740 secs]
[GC 1284820K->1025344K(2944192K), 0.0448560 secs]
[GC 1281472K->1109734K(2944192K), 0.0651850 secs]
 WARN  [hz._hzInstance_1_FenixFrameworkGroup.event] {com.hazelcast.spi.EventService} [127.0.0.1]:5709 [FenixFrameworkGroup] Caution: Off-load event processing to your own thread-pool, don't use event thread!
[GC 1365862K->1044724K(2944192K), 0.0568620 secs]
[GC 1300837K->1078475K(2944192K), 0.0516040 secs]
[GC 1334603K->1135343K(2944192K), 0.0668960 secs]
[GC 1391471K->1108624K(2944192K), 0.0710600 secs]
[GC 1364752K->1172638K(2944192K), 0.0597610 secs]
[GC 1428521K->1117284K(2944192K), 0.0546420 secs]
[GC 1373412K->1184855K(2944192K), 0.0481820 secs]
 INFO  [Stressor-3] {org.radargun.stressors.StressTestStressor} Number of ops executed so far: 11927896. Elapsed time: 1 mins 0 secs. Remaining: 0.000 secs. Total: 1 mins 0 secs
[GC 1440983K->1163076K(2944192K), 0.0575340 secs]
 INFO  [pool-1-thread-1] {org.radargun.stressors.StressTestStressor} Finished generating report. Test duration is: 10 mins 22 secs
 INFO  [pool-1-thread-1] {org.radargun.stages.StressTestStage} size info: FFWrapper using infinispan52, clusterSize:12, nodeIndex:8, cacheSize: -1
 INFO  [pool-1-thread-1] {org.radargun.Slave} Finished stage: StressTest {bulkSize=1, cacheSpecificKeyGenerator=false, commitTransactions=true, duration=1 mins 0 secs, entrySize=1000, exitBenchmarkOnSlaveFailure=false, fixedKeys=true, generateHistogramRange=false, keyGeneratorClass=org.radargun.stressors.StringKeyGenerator, keyGeneratorParam=null, loadAllKeys=false, numEntries=10000, numOfThreads=4, numRequests=10000000, numThreads=4, numberOfAttributes=10000, numberOfRequests=10000000, opsCountStatusLog=500000, poolKeys=true, preferAsyncOperations=false, removePercentage=0, replaceInvalidPercentage=40, runOnAllSlaves=false, sharedKeys=false, sizeOfAnAttribute=1000, slaves=null, transactionSize=10000, useAtomics=false, useHistogramStatistics=false, useSimpleStatistics=true, useSmartClassLoading=true, useTransactions=true, writePercentage=10, writeTxPercentage=5 }
 INFO  [main] {org.radargun.Slave} Ack successfully sent to the master
[GC 1419204K->1200401K(2944192K), 0.0459660 secs]
[GC 1456529K->1176876K(2944192K), 0.0476250 secs]
[GC 1433004K->1160021K(2944192K), 0.0284070 secs]
[GC 1416149K->1158707K(2944192K), 0.0303400 secs]
[GC 1414835K->1161401K(2944192K), 0.0288620 secs]
[GC 1417529K->1163784K(2944192K), 0.0321360 secs]
[GC 1419912K->1164024K(2944192K), 0.0318880 secs]
[GC 1420152K->1167568K(2944192K), 0.0326870 secs]
[GC 1423696K->1163991K(2944192K), 0.0331250 secs]
[GC 1420119K->1169546K(2944192K), 0.0667840 secs]
[GC 1425674K->1170021K(2944192K), 0.0343890 secs]
[GC 1426149K->1171870K(2944192K), 0.0338140 secs]
[GC 1427998K->1173593K(2944192K), 0.0369870 secs]
[GC 1429721K->1166830K(2944192K), 0.0323500 secs]
[GC 1422958K->1171947K(2944192K), 0.0369480 secs]
[GC 1428075K->1164568K(2944192K), 0.0365030 secs]
[GC 1420696K->1169425K(2944192K), 0.0675070 secs]
[GC 1425553K->1171935K(2944192K), 0.0338150 secs]
[GC 1428063K->1166208K(2944192K), 0.0360520 secs]
[GC 1422336K->1172050K(2944192K), 0.0334360 secs]
[GC 1428178K->1171278K(2944192K), 0.0338490 secs]
[GC 1427406K->1172579K(2944192K), 0.0379540 secs]
[GC 1428707K->1173727K(2944192K), 0.0359250 secs]
[GC 1429855K->1174775K(2944192K), 0.0667340 secs]
[GC 1430903K->1175661K(2944192K), 0.0369680 secs]
[GC 1431789K->1176670K(2944192K), 0.0386690 secs]
[GC 1432798K->1181267K(2944192K), 0.0349340 secs]
[GC 1437395K->1177161K(2944192K), 0.0377710 secs]
[GC 1433289K->1184025K(2944192K), 0.0349770 secs]
[GC 1440153K->1176205K(2944192K), 0.0329790 secs]
[GC 1432333K->1182648K(2944192K), 0.0340890 secs]
[GC 1438776K->1181925K(2944192K), 0.0391860 secs]
[GC 1438053K->1183250K(2944192K), 0.0341860 secs]
[GC 1439378K->1184294K(2944192K), 0.0377680 secs]
[GC 1440422K->1188876K(2944192K), 0.0373890 secs]
[GC 1445004K->1182718K(2944192K), 0.0378440 secs]
[GC 1438846K->1192003K(2944192K), 0.0333810 secs]
[GC 1448131K->1184052K(2944192K), 0.0778150 secs]
[GC 1440180K->1190493K(2944192K), 0.0369640 secs]
[GC 1446621K->1186220K(2944192K), 0.0760380 secs]
 WARN  [hz._hzInstance_1_FenixFrameworkGroup.event] {com.hazelcast.spi.EventService} [127.0.0.1]:5709 [FenixFrameworkGroup] Caution: Off-load event processing to your own thread-pool, don't use event thread!
[GC 1442348K->1191159K(2944192K), 0.0342740 secs]
[GC 1447287K->1192148K(2944192K), 0.0327990 secs]
[GC 1448276K->1193278K(2944192K), 0.0627920 secs]
 WARN  [hz._hzInstance_1_FenixFrameworkGroup.event] {com.hazelcast.spi.EventService} [127.0.0.1]:5709 [FenixFrameworkGroup] Caution: Off-load event processing to your own thread-pool, don't use event thread!
[GC 1449406K->1194272K(2944192K), 0.0760910 secs]
[GC 1450400K->1195201K(2944192K), 0.0404290 secs]
[GC 1451329K->1192357K(2944192K), 0.0383210 secs]
[GC 1448485K->1193347K(2944192K), 0.0672310 secs]
[GC 1449475K->1197984K(2944192K), 0.0360060 secs]
[GC 1454112K->1199101K(2944192K), 0.0371160 secs]
[GC 1455229K->1200209K(2944192K), 0.0360810 secs]
[GC 1456337K->1201141K(2944192K), 0.0348710 secs]
[GC 1457269K->1202201K(2944192K), 0.0364590 secs]
[GC 1458329K->1203075K(2944192K), 0.0362870 secs]
[GC 1459203K->1207884K(2944192K), 0.0376030 secs]
[GC 1464012K->1201319K(2944192K), 0.0337660 secs]
[GC 1457447K->1207424K(2944192K), 0.0591480 secs]
 WARN  [hz._hzInstance_1_FenixFrameworkGroup.event] {com.hazelcast.spi.EventService} [127.0.0.1]:5709 [FenixFrameworkGroup] Caution: Off-load event processing to your own thread-pool, don't use event thread!
[GC 1463552K->1206673K(2944192K), 0.0412640 secs]
[GC 1462801K->1211873K(2944192K), 0.0347080 secs]
[GC 1468001K->1205431K(2944192K), 0.0983660 secs]
[GC 1461559K->1211678K(2944192K), 0.0448120 secs]
[GC 1467806K->1210857K(2944192K), 0.0416140 secs]
[GC 1466985K->1212320K(2944192K), 0.0367850 secs]
[GC 1468448K->1213771K(2944192K), 0.0374910 secs]
[GC 1469899K->1218778K(2944192K), 0.0659850 secs]
[GC 1474905K->1212014K(2944192K), 0.0364010 secs]
[GC 1468142K->1214797K(2944192K), 0.0376070 secs]
[GC 1470925K->1213578K(2944192K), 0.0418530 secs]
[GC 1469706K->1218928K(2944192K), 0.0408080 secs]
[GC 1475056K->1220102K(2944192K), 0.0374360 secs]
[GC 1476230K->1217159K(2944192K), 0.0484710 secs]
[GC 1473287K->1222269K(2944192K), 0.0369730 secs]
[GC 1478397K->1219276K(2944192K), 0.0411820 secs]
[GC 1475404K->1224398K(2944192K), 0.0364780 secs]
[GC 1480526K->1225471K(2944192K), 0.0374220 secs]
[GC 1481599K->1226474K(2944192K), 0.0379340 secs]
[GC 1482602K->1227649K(2944192K), 0.0364010 secs]
[GC 1483777K->1228764K(2944192K), 0.0603870 secs]
 WARN  [hz._hzInstance_1_FenixFrameworkGroup.event] {com.hazelcast.spi.EventService} [127.0.0.1]:5709 [FenixFrameworkGroup] Caution: Off-load event processing to your own thread-pool, don't use event thread!
[GC 1484892K->1229871K(2944192K), 0.0404360 secs]
[GC 1485999K->1230901K(2944192K), 0.0595530 secs]
[GC 1487029K->1231950K(2944192K), 0.0376780 secs]
[GC 1488078K->1228880K(2944192K), 0.0464480 secs]
[GC 1485008K->1234042K(2944192K), 0.0373250 secs]
[GC 1490170K->1239244K(2944192K), 0.0381830 secs]
[GC 1495372K->1232168K(2944192K), 0.0513990 secs]
[GC 1488296K->1238777K(2944192K), 0.0657480 secs]
 WARN  [hz._hzInstance_1_FenixFrameworkGroup.event] {com.hazelcast.spi.EventService} [127.0.0.1]:5709 [FenixFrameworkGroup] Caution: Off-load event processing to your own thread-pool, don't use event thread!
[GC 1494905K->1237862K(2944192K), 0.0374660 secs]
[GC 1493990K->1239413K(2944192K), 0.0414030 secs]
[GC 1495541K->1240595K(2944192K), 0.0360030 secs]
[GC 1496723K->1245984K(2944192K), 0.0400240 secs]
[GC 1502112K->1238738K(2944192K), 0.0379150 secs]
[GC 1494866K->1245371K(2944192K), 0.0742890 secs]
 WARN  [hz._hzInstance_1_FenixFrameworkGroup.event] {com.hazelcast.spi.EventService} [127.0.0.1]:5709 [FenixFrameworkGroup] Caution: Off-load event processing to your own thread-pool, don't use event thread!
[GC 1501499K->1244420K(2944192K), 0.0415250 secs]
[GC 1500548K->1241882K(2944192K), 0.0454780 secs]
[GC 1498010K->1247066K(2944192K), 0.0372480 secs]
[GC 1503194K->1248337K(2944192K), 0.0377260 secs]
[GC 1504465K->1249460K(2944192K), 0.0356770 secs]
[GC 1505588K->1250639K(2944192K), 0.0401320 secs]
[GC 1506767K->1256062K(2944192K), 0.0478800 secs]
[GC 1512190K->1248764K(2944192K), 0.0378940 secs]
[GC 1504892K->1259383K(2944192K), 0.0428590 secs]
[GC 1515511K->1250221K(2944192K), 0.0375190 secs]
[GC 1506349K->1257653K(2944192K), 0.0370730 secs]
[GC 1513781K->1265222K(2944192K), 0.0412340 secs]
[GC 1521350K->1254098K(2944192K), 0.0369240 secs]
[GC 1510226K->1261138K(2944192K), 0.0369160 secs]
[GC 1517266K->1264350K(2944192K), 0.0384100 secs]
[GC 1520478K->1257515K(2944192K), 0.0390650 secs]
[GC 1513643K->1268628K(2944192K), 0.0365500 secs]
[GC 1524756K->1259384K(2944192K), 0.0401530 secs]
[GC 1515512K->1266888K(2944192K), 0.0430430 secs]
[GC 1523016K->1266004K(2944192K), 0.0385210 secs]
[GC 1522132K->1267740K(2944192K), 0.0372990 secs]
[GC 1523868K->1268964K(2944192K), 0.0374250 secs]
[GC 1525092K->1270085K(2944192K), 0.0378040 secs]
[GC 1526213K->1271306K(2944192K), 0.0361050 secs]
[GC 1527434K->1272658K(2944192K), 0.0356360 secs]
[GC 1528786K->1273855K(2944192K), 0.0376790 secs]
[GC 1529983K->1274864K(2944192K), 0.0356240 secs]
[GC 1530992K->1280661K(2944192K), 0.0700620 secs]
[GC 1536789K->1272937K(2944192K), 0.0384780 secs]
[GC 1529065K->1280239K(2944192K), 0.0375570 secs]
[GC 1536367K->1279347K(2944192K), 0.0368360 secs]
[GC 1535475K->1285426K(2944192K), 0.0388490 secs]
[GC 1541554K->1277698K(2944192K), 0.0402030 secs]
[GC 1533826K->1285058K(2944192K), 0.0373020 secs]
[GC 1541186K->1288515K(2944192K), 0.0372020 secs]
[GC 1544643K->1281258K(2944192K), 0.0366370 secs]
[GC 1537386K->1288667K(2944192K), 0.0389930 secs]
[GC 1544795K->1292331K(2944192K), 0.0373710 secs]
[GC 1548459K->1284993K(2944192K), 0.0690620 secs]
[GC 1541121K->1292410K(2944192K), 0.0362230 secs]
[GC 1548538K->1295854K(2944192K), 0.0401820 secs]
[GC 1551982K->1288624K(2944192K), 0.0370410 secs]
[GC 1544752K->1296051K(2944192K), 0.0436770 secs]
[GC 1552179K->1299627K(2944192K), 0.0401370 secs]
[GC 1555755K->1292235K(2944192K), 0.0382470 secs]
[GC 1548363K->1303942K(2944192K), 0.0432560 secs]
[GC 1560070K->1294027K(2944192K), 0.0401240 secs]
[GC 1550155K->1306536K(2944192K), 0.0708040 secs]
[GC 1562664K->1296583K(2944192K), 0.0413380 secs]
[GC 1552711K->1308947K(2944192K), 0.0406220 secs]
[GC 1565075K->1299083K(2944192K), 0.0399180 secs]
[GC 1555211K->1307290K(2944192K), 0.0396100 secs]
[GC 1563418K->1306486K(2944192K), 0.0394240 secs]
[GC 1562614K->1308287K(2944192K), 0.0382270 secs]
[GC 1564415K->1314365K(2944192K), 0.0662590 secs]
[GC 1570493K->1306215K(2944192K), 0.0389290 secs]
[GC 1562343K->1313800K(2944192K), 0.0731100 secs]
[GC 1569928K->1312860K(2944192K), 0.0432070 secs]
[GC 1568988K->1319246K(2944192K), 0.0422130 secs]
[GC 1575374K->1311248K(2944192K), 0.0426560 secs]
[GC 1567376K->1323321K(2944192K), 0.0410710 secs]
[GC 1579449K->1312940K(2944192K), 0.0449060 secs]
[GC 1569068K->1325545K(2944192K), 0.0385750 secs]
[GC 1581673K->1315380K(2944192K), 0.0450140 secs]
[GC 1571508K->1324021K(2944192K), 0.0569410 secs]
[GC 1580149K->1332369K(2944192K), 0.0683220 secs]
[GC 1588497K->1319992K(2944192K), 0.0741610 secs]
[GC 1576120K->1332206K(2944192K), 0.0368610 secs]
[GC 1588334K->1321651K(2944192K), 0.0398730 secs]
[GC 1577779K->1330176K(2944192K), 0.0459290 secs]
[GC 1586304K->1333967K(2944192K), 0.0375600 secs]
[GC 1590095K->1326236K(2944192K), 0.0873040 secs]
[GC 1582364K->1338410K(2944192K), 0.0679410 secs]
[GC 1594538K->1328063K(2944192K), 0.0403490 secs]
[GC 1584191K->1336426K(2944192K), 0.0478630 secs]
[GC 1592554K->1335591K(2944192K), 0.0363390 secs]
[GC 1591719K->1337393K(2944192K), 0.0402750 secs]
[GC 1593521K->1343651K(2944192K), 0.0431670 secs]
[GC 1599779K->1335260K(2944192K), 0.0415340 secs]
[GC 1591388K->1342834K(2944192K), 0.0438470 secs]
[GC 1598962K->1346326K(2944192K), 0.0414090 secs]
[GC 1602454K->1338455K(2944192K), 0.0426370 secs]
[GC 1594583K->1346275K(2944192K), 0.0441210 secs]
[GC 1602403K->1340701K(2944192K), 0.0433470 secs]
[GC 1596829K->1346895K(2944192K), 0.0420820 secs]
[GC 1603023K->1348236K(2944192K), 0.1216090 secs]
[GC 1604364K->1349419K(2944192K), 0.0420110 secs]
[GC 1605547K->1350726K(2944192K), 0.0406980 secs]
[GC 1606854K->1347095K(2944192K), 0.0387490 secs]
[GC 1603223K->1348193K(2944192K), 0.0419190 secs]
[GC 1604321K->1349392K(2944192K), 0.0392850 secs]
[GC 1605520K->1355196K(2944192K), 0.0413400 secs]
[GC 1611324K->1351661K(2944192K), 0.0360750 secs]
[GC 1607789K->1357441K(2944192K), 0.0703190 secs]
[GC 1613569K->1363093K(2944192K), 0.0457620 secs]
[GC 1619221K->1355159K(2944192K), 0.0717650 secs]
[GC 1611287K->1366759K(2944192K), 0.0394690 secs]
[GC 1622887K->1356685K(2944192K), 0.0385000 secs]
[GC 1612813K->1368639K(2944192K), 0.0405500 secs]
[GC 1624767K->1358832K(2944192K), 0.0401490 secs]
[GC 1614960K->1371191K(2944192K), 0.0397260 secs]
[GC 1627319K->1363922K(2944192K), 0.0401350 secs]
[GC 1620050K->1373130K(2944192K), 0.0401770 secs]
[GC 1629258K->1363491K(2944192K), 0.0383950 secs]
[GC 1619619K->1375579K(2944192K), 0.0388810 secs]
[GC 1631707K->1365837K(2944192K), 0.0401280 secs]
[GC 1621965K->1373690K(2944192K), 0.0395660 secs]
[GC 1629818K->1372931K(2944192K), 0.0414640 secs]
[GC 1629059K->1374670K(2944192K), 0.0397740 secs]
[GC 1630798K->1371536K(2944192K), 0.0399840 secs]
[GC 1627664K->1372787K(2944192K), 0.0418510 secs]
[GC 1628915K->1373911K(2944192K), 0.0411810 secs]
[GC 1630039K->1374904K(2944192K), 0.0453310 secs]
[GC 1631032K->1376106K(2944192K), 0.0389670 secs]
[GC 1632234K->1381887K(2944192K), 0.0412070 secs]
[GC 1638015K->1382926K(2944192K), 0.0798130 secs]
[GC 1639054K->1384193K(2944192K), 0.0934100 secs]
[GC 1640321K->1385352K(2944192K), 0.0429020 secs]
[GC 1641480K->1386404K(2944192K), 0.0427540 secs]
[GC 1642532K->1387594K(2944192K), 0.0501450 secs]
[GC 1643722K->1393287K(2944192K), 0.0398560 secs]
[GC 1649415K->1385412K(2944192K), 0.0855020 secs]
[GC 1641540K->1392634K(2944192K), 0.0386540 secs]
[GC 1648762K->1391624K(2944192K), 0.0419970 secs]
[GC 1647752K->1388660K(2944192K), 0.0733240 secs]
[GC 1644788K->1398703K(2944192K), 0.0407280 secs]
[GC 1654831K->1390847K(2944192K), 0.0420160 secs]
[GC 1646975K->1397969K(2944192K), 0.0388020 secs]
[GC 1654097K->1397010K(2944192K), 0.0428700 secs]
[GC 1653138K->1398660K(2944192K), 0.0419270 secs]
[GC 1654788K->1399919K(2944192K), 0.0393350 secs]
[GC 1656047K->1405568K(2944192K), 0.0373160 secs]
[GC 1661696K->1397741K(2944192K), 0.0380830 secs]
[GC 1653869K->1408919K(2944192K), 0.0440980 secs]
[GC 1665047K->1399153K(2944192K), 0.0409720 secs]
[GC 1655281K->1406865K(2944192K), 0.0410880 secs]
[GC 1662993K->1410300K(2944192K), 0.0386750 secs]
[GC 1666428K->1403153K(2944192K), 0.0405240 secs]
[GC 1659281K->1410349K(2944192K), 0.0417580 secs]
[GC 1666477K->1409379K(2944192K), 0.0415260 secs]
[GC 1665507K->1410919K(2944192K), 0.0423050 secs]
[GC 1667047K->1407857K(2944192K), 0.0418630 secs]
[GC 1663985K->1409046K(2944192K), 0.0425480 secs]
[GC 1665174K->1418943K(2944192K), 0.0404890 secs]
[GC 1675071K->1411332K(2944192K), 0.0434220 secs]
[GC 1667460K->1418318K(2944192K), 0.0390580 secs]
[GC 1674446K->1421602K(2944192K), 0.0388490 secs]
[GC 1677730K->1414551K(2944192K), 0.0447680 secs]
[GC 1670679K->1421606K(2944192K), 0.0390590 secs]
[GC 1677734K->1420640K(2944192K), 0.0379080 secs]
[GC 1676768K->1422364K(2944192K), 0.0382910 secs]
[GC 1678492K->1423448K(2944192K), 0.0394900 secs]
[GC 1679576K->1424655K(2944192K), 0.0371140 secs]
[GC 1680783K->1425726K(2944192K), 0.0427720 secs]
[GC 1681854K->1426981K(2944192K), 0.0409600 secs]
[GC 1683109K->1423746K(2944192K), 0.0391580 secs]
[GC 1679874K->1429242K(2944192K), 0.0435580 secs]
[GC 1685370K->1426156K(2944192K), 0.0376470 secs]
[GC 1682284K->1427168K(2944192K), 0.0378700 secs]
[GC 1683296K->1432635K(2944192K), 0.0407650 secs]
[GC 1688763K->1433730K(2944192K), 0.0397300 secs]
[GC 1689858K->1430503K(2944192K), 0.0390160 secs]
[GC 1686631K->1436020K(2944192K), 0.0379900 secs]
[GC 1692148K->1432861K(2944192K), 0.0411520 secs]
[GC 1688989K->1438397K(2944192K), 0.0420130 secs]
[GC 1694525K->1439275K(2944192K), 0.0377100 secs]
[GC 1695403K->1440415K(2944192K), 0.0375880 secs]
[GC 1696543K->1441353K(2944192K), 0.0373160 secs]
[GC 1697481K->1438349K(2944192K), 0.0386970 secs]
[GC 1694477K->1443683K(2944192K), 0.0376450 secs]
[GC 1699811K->1449164K(2944192K), 0.0392730 secs]
[GC 1705292K->1441618K(2944192K), 0.0403580 secs]
[GC 1697746K->1448320K(2944192K), 0.0394380 secs]
[GC 1704448K->1447511K(2944192K), 0.0398220 secs]
[GC 1703639K->1449183K(2944192K), 0.0403480 secs]
[GC 1705311K->1450414K(2944192K), 0.0745590 secs]
[GC 1706542K->1451598K(2944192K), 0.0391170 secs]
[GC 1707726K->1452722K(2944192K), 0.0370470 secs]
[GC 1708850K->1453797K(2944192K), 0.0375200 secs]
[GC 1709925K->1454757K(2944192K), 0.0380760 secs]
[GC 1710885K->1477219K(2944192K), 0.0514660 secs]
[GC 1733347K->1487242K(2944192K), 0.0609210 secs]
[GC 1743370K->1515415K(2944192K), 0.0634390 secs]
[GC 1771543K->1540875K(2944192K), 0.0747070 secs]
 WARN  [hz._hzInstance_1_FenixFrameworkGroup.event] {com.hazelcast.spi.EventService} [127.0.0.1]:5709 [FenixFrameworkGroup] Caution: Off-load event processing to your own thread-pool, don't use event thread!
[GC 1797003K->1557217K(2944192K), 0.0819790 secs]
[GC 1813345K->1548133K(2944192K), 0.0923480 secs]
[GC 1804261K->1596909K(2944192K), 0.0849860 secs]
[GC 1853037K->1587846K(2944192K), 0.0866840 secs]
[GC 1843974K->1610362K(2944192K), 0.0679780 secs]
[GC 1866490K->1627313K(2944192K), 0.0814460 secs]
[GC 1883441K->1608145K(2944192K), 0.0897830 secs]
 WARN  [hz._hzInstance_1_FenixFrameworkGroup.event] {com.hazelcast.spi.EventService} [127.0.0.1]:5709 [FenixFrameworkGroup] Caution: Off-load event processing to your own thread-pool, don't use event thread!
[GC 1864273K->1659775K(2944192K), 0.1053310 secs]
[GC 1915903K->1631219K(2944192K), 0.0770810 secs]
[GC 1887347K->1685149K(2944192K), 0.0817620 secs]
[GC 1941276K->1660986K(2944192K), 0.0792110 secs]
[GC 1917114K->1709649K(2944192K), 0.0755610 secs]
[GC 1965777K->1683051K(2944192K), 0.0768840 secs]
 WARN  [hz._hzInstance_1_FenixFrameworkGroup.event] {com.hazelcast.spi.EventService} [127.0.0.1]:5709 [FenixFrameworkGroup] Caution: Off-load event processing to your own thread-pool, don't use event thread!
[GC 1939179K->1733701K(2944192K), 0.0818590 secs]
[GC 1989792K->1707269K(2944192K), 0.0791610 secs]
 WARN  [hz._hzInstance_1_FenixFrameworkGroup.event] {com.hazelcast.spi.EventService} [127.0.0.1]:5709 [FenixFrameworkGroup] Caution: Off-load event processing to your own thread-pool, don't use event thread!
[GC 1963397K->1747271K(2944192K), 0.0820770 secs]
[GC 2003334K->1753880K(2944192K), 0.0789770 secs]
[GC 2010008K->1784047K(2944192K), 0.0802230 secs]
[GC 2040175K->1774771K(2944192K), 0.0877090 secs]
[GC 2030899K->1796470K(2944192K), 0.0652200 secs]
[GC 2052598K->1821904K(2944192K), 0.0787790 secs]
[GC 2077624K->1809997K(2944192K), 0.0982280 secs]
[GC 2066125K->1819909K(2944192K), 0.0590920 secs]
[GC 2076037K->1843240K(2944192K), 0.0638790 secs]
[GC 2099368K->1812932K(2944192K), 0.0714990 secs]
[GC 2069060K->1818813K(2944192K), 0.0559870 secs]
[GC 2074941K->1824517K(2944192K), 0.0563750 secs]
[GC 2080645K->1800171K(2944192K), 0.0557320 secs]
[GC 2056299K->1833510K(2944192K), 0.0598550 secs]
[GC 2089638K->1801062K(2944192K), 0.0593610 secs]
[GC 2057190K->1837639K(2944192K), 0.0591820 secs]
[GC 2093767K->1803928K(2944192K), 0.0622490 secs]
[GC 2060056K->1841637K(2944192K), 0.0618660 secs]
[GC 2097765K->1806651K(2944192K), 0.0618160 secs]
[GC 2062779K->1804774K(2944192K), 0.0722450 secs]
 WARN  [hz._hzInstance_1_FenixFrameworkGroup.event] {com.hazelcast.spi.EventService} [127.0.0.1]:5709 [FenixFrameworkGroup] Caution: Off-load event processing to your own thread-pool, don't use event thread!
[GC 2060902K->1813713K(2944192K), 0.0673410 secs]
[GC 2069841K->1817794K(2944192K), 0.0578250 secs]
[GC 2073922K->1814637K(2944192K), 0.0450620 secs]
[GC 2070765K->1807226K(2944192K), 0.0404620 secs]
[GC 2063354K->1815025K(2944192K), 0.0420030 secs]
[GC 2071153K->1818481K(2944192K), 0.0396300 secs]
[GC 2074609K->1810800K(2944192K), 0.0422050 secs]
[GC 2066928K->1823020K(2944192K), 0.0436000 secs]
[GC 2079148K->1812781K(2944192K), 0.0385910 secs]
[GC 2068909K->1825576K(2944192K), 0.0410110 secs]
[GC 2081704K->1815303K(2944192K), 0.0441970 secs]
[GC 2071431K->1819541K(2944192K), 0.0428480 secs]
[GC 2075669K->1827630K(2944192K), 0.0387380 secs]
[GC 2083758K->1819725K(2944192K), 0.0425110 secs]
[GC 2075853K->1827563K(2944192K), 0.0387630 secs]
[GC 2083691K->1831015K(2944192K), 0.0432620 secs]
[GC 2087143K->1823275K(2944192K), 0.0406730 secs]
[GC 2079403K->1835262K(2944192K), 0.0410370 secs]
[GC 2091390K->1825015K(2944192K), 0.0435250 secs]
[GC 2081143K->1833487K(2944192K), 0.0398540 secs]
[GC 2089615K->1832772K(2944192K), 0.0423710 secs]
[GC 2088900K->1839341K(2944192K), 0.0383490 secs]
[GC 2095469K->1831061K(2944192K), 0.0400600 secs]
[GC 2087189K->1843072K(2944192K), 0.0447150 secs]
[GC 2099200K->1832529K(2944192K), 0.0383530 secs]
[GC 2088657K->1845085K(2944192K), 0.0376810 secs]
[GC 2101213K->1834939K(2944192K), 0.0413780 secs]
[GC 2091067K->1847664K(2944192K), 0.0425320 secs]
[GC 2103792K->1840367K(2944192K), 0.0395790 secs]
[GC 2096495K->1845990K(2944192K), 0.0419260 secs]
[GC 2102118K->1845101K(2944192K), 0.0380690 secs]
[GC 2101229K->1851707K(2944192K), 0.0392390 secs]
[GC 2107835K->1843532K(2944192K), 0.0442350 secs]
[GC 2099660K->1851115K(2944192K), 0.0400280 secs]
[GC 2107243K->1854865K(2944192K), 0.0435340 secs]
[GC 2110993K->1847077K(2944192K), 0.0433380 secs]
[GC 2103205K->1859351K(2944192K), 0.0395500 secs]
[GC 2115479K->1848966K(2944192K), 0.0436560 secs]
[GC 2105094K->1857374K(2944192K), 0.0407600 secs]
[GC 2113502K->1877512K(2944192K), 0.0512100 secs]
[GC 2133632K->1892452K(2944192K), 0.0597400 secs]
 WARN  [hz._hzInstance_1_FenixFrameworkGroup.event] {com.hazelcast.spi.EventService} [127.0.0.1]:5709 [FenixFrameworkGroup] Caution: Off-load event processing to your own thread-pool, don't use event thread!
[GC 2148580K->1918735K(2944192K), 0.0677550 secs]
[GC 2174863K->1947789K(2944192K), 0.0754650 secs]
[GC 2203874K->1931342K(2944192K), 0.1057570 secs]
[GC 2187470K->1986431K(2944192K), 0.0660160 secs]
[GC 2242559K->1959840K(2944192K), 0.0880380 secs]
[GC 2215968K->1980191K(2944192K), 0.0791110 secs]
[GC 2236319K->2006535K(2944192K), 0.0815120 secs]
[GC 2262663K->2020777K(2944192K), 0.0785200 secs]
[GC 2276905K->2004428K(2944192K), 0.0737670 secs]
[GC 2260556K->2061120K(2944192K), 0.0807710 secs]
[GC 2317248K->2042158K(2944192K), 0.0799490 secs]
[GC 2297591K->2076691K(2944192K), 0.0678960 secs]
[GC 2331816K->2103231K(2944192K), 0.0849350 secs]
[GC 2359359K->2116576K(2944192K), 0.0826320 secs]
[GC 2372704K->2094858K(2944192K), 0.0779070 secs]
 WARN  [hz._hzInstance_1_FenixFrameworkGroup.event] {com.hazelcast.spi.EventService} [127.0.0.1]:5709 [FenixFrameworkGroup] Caution: Off-load event processing to your own thread-pool, don't use event thread!
[GC 2350986K->2140663K(2944192K), 0.0834160 secs]
[GC 2396545K->2117013K(2944192K), 0.0828210 secs]
[GC 2373141K->2166646K(2944192K), 0.0855260 secs]
[GC 2422774K->2143360K(2944192K), 0.0912080 secs]
[GC 2399488K->2147342K(2944192K), 0.0796260 secs]
[GC 2403470K->2206655K(2944192K), 0.0694830 secs]
[GC 2462783K->2178885K(2944192K), 0.0840060 secs]
[GC 2435013K->2171728K(2944192K), 0.0717590 secs]
[GC 2427856K->2197425K(2944192K), 0.0590980 secs]
[GC 2453553K->2212707K(2944192K), 0.0562390 secs]
[GC 2468835K->2182972K(2944192K), 0.0597790 secs]
[GC 2439100K->2220669K(2944192K), 0.0584520 secs]
[GC 2476797K->2197554K(2944192K), 0.0685880 secs]
[GC 2453682K->2218405K(2944192K), 0.0563180 secs]
[GC 2474533K->2184861K(2944192K), 0.0582720 secs]
[GC 2440989K->2219217K(2944192K), 0.0615600 secs]
[GC 2475345K->2187313K(2944192K), 0.0638790 secs]
[GC 2443441K->2224204K(2944192K), 0.0600150 secs]
[GC 2480332K->2190491K(2944192K), 0.0634710 secs]
[GC 2446619K->2190034K(2944192K), 0.0716580 secs]
[GC 2446162K->2199026K(2944192K), 0.0656150 secs]
[GC 2455154K->2201009K(2944192K), 0.0543910 secs]
[GC 2457137K->2199801K(2944192K), 0.0460580 secs]
[GC 2455929K->2202335K(2944192K), 0.0450470 secs]
[GC 2458463K->2199823K(2944192K), 0.0448600 secs]
[GC 2455951K->2201481K(2944192K), 0.0455410 secs]
[GC 2457609K->2197558K(2944192K), 0.0461380 secs]
[GC 2453686K->2198900K(2944192K), 0.0407480 secs]
[GC 2455028K->2205706K(2944192K), 0.0448890 secs]
[GC 2461834K->2206894K(2944192K), 0.0445240 secs]
[GC 2463022K->2213630K(2944192K), 0.0447390 secs]
[GC 2469758K->2204464K(2944192K), 0.0429130 secs]
[GC 2460592K->2213272K(2944192K), 0.0404210 secs]
[GC 2469400K->2206692K(2944192K), 0.0431900 secs]
[GC 2462820K->2213878K(2944192K), 0.0473660 secs]
[GC 2470006K->2215658K(2944192K), 0.0416250 secs]
[GC 2471786K->2211709K(2944192K), 0.0479150 secs]
[GC 2467837K->2223781K(2944192K), 0.0485250 secs]
[GC 2479909K->2227920K(2944192K), 0.0509160 secs]
[GC 2484048K->2246245K(2944192K), 0.0617870 secs]
[GC 2502373K->2276969K(2944192K), 0.0665900 secs]
[GC 2533078K->2303558K(2944192K), 0.0769030 secs]
[GC 2559686K->2331130K(2944192K), 0.0895660 secs]
[GC 2587258K->2305525K(2944192K), 0.1066800 secs]
[GC 2561653K->2357734K(2944192K), 0.0677040 secs]
[GC 2613746K->2329645K(2944192K), 0.0947200 secs]
[GC 2585773K->2382480K(2944192K), 0.0801840 secs]
[GC 2638608K->2358044K(2944192K), 0.0801830 secs]
[GC 2614172K->2406855K(2944192K), 0.0852540 secs]
[GC 2662983K->2382805K(2944192K), 0.0851990 secs]
[GC 2638933K->2432665K(2944192K), 0.0885320 secs]
[GC 2688793K->2420229K(2944192K), 0.0851690 secs]
[GC 2676357K->2414205K(2944192K), 0.0927270 secs]
[GC 2670333K->2470896K(2944192K), 0.0673170 secs]
[GC 2727024K->2447012K(2944192K), 0.0933990 secs]
[GC 2447650K(2944192K), 0.0387940 secs]
[GC 2703140K->2465550K(2944192K), 0.0789370 secs]
[GC 2635101K(2944192K), 0.0661900 secs]
[GC 2227597K->2013291K(3532896K), 0.0752470 secs]
[GC 2269419K->1990302K(3532896K), 0.1094550 secs]
[GC 2246393K->2014361K(3532896K), 0.0821040 secs]
[GC 2270489K->2006260K(3532896K), 0.0849900 secs]
[GC 2262388K->2030530K(3532896K), 0.0640740 secs]
[GC 2286658K->2060369K(3532896K), 0.0642220 secs]
[GC 2316497K->2016904K(3532896K), 0.0671110 secs]
[GC 2273032K->2055117K(3532896K), 0.0673040 secs]
[GC 2311245K->2034132K(3532896K), 0.0808370 secs]
[GC 2290260K->2052670K(3532896K), 0.0589480 secs]
[GC 2308798K->2036099K(3532896K), 0.0703140 secs]
[GC 2292227K->2085846K(3532896K), 0.0927390 secs]
[GC 2341709K->2065557K(3532896K), 0.0958100 secs]
[GC 2321685K->2119784K(3532896K), 0.0941980 secs]
[GC 2375527K->2125513K(3532896K), 0.1042430 secs]
[GC 2381641K->2159228K(3532896K), 0.0945720 secs]
[GC 2415356K->2136808K(3532896K), 0.0978550 secs]
[GC 2391315K->2189478K(3532896K), 0.1052980 secs]
[GC 2445606K->2167642K(3532896K), 0.0985580 secs]
[GC 2423770K->2221299K(3532896K), 0.0977750 secs]
[GC 2477427K->2197925K(3532896K), 0.0993530 secs]
[GC 2454017K->2251312K(3532896K), 0.0984050 secs]
 WARN  [hz._hzInstance_1_FenixFrameworkGroup.event] {com.hazelcast.spi.EventService} [127.0.0.1]:5709 [FenixFrameworkGroup] Caution: Off-load event processing to your own thread-pool, don't use event thread!
[GC 2506345K->2253088K(3532896K), 0.1010450 secs]
[GC 2509216K->2271814K(3532896K), 0.0971840 secs]
[GC 2527942K->2268248K(3532896K), 0.0939200 secs]
 WARN  [hz._hzInstance_1_FenixFrameworkGroup.event] {com.hazelcast.spi.EventService} [127.0.0.1]:5709 [FenixFrameworkGroup] Caution: Off-load event processing to your own thread-pool, don't use event thread!
[GC 2524376K->2301656K(3532896K), 0.0971800 secs]
[GC 2557784K->2317782K(3532896K), 0.0952200 secs]
[GC 2573905K->2349249K(3532896K), 0.0887020 secs]
[GC 2605377K->2329478K(3532896K), 0.0947450 secs]
[GC 2585606K->2371222K(3532896K), 0.0919200 secs]
[GC 2627350K->2374793K(3532896K), 0.0912130 secs]
[GC 2630920K->2387562K(3532896K), 0.1036340 secs]
[GC 2643690K->2369707K(3532896K), 0.0793640 secs]
[GC 2625835K->2372274K(3532896K), 0.0598990 secs]
[GC 2628402K->2399052K(3532896K), 0.0643130 secs]
[GC 2655180K->2371326K(3532896K), 0.0679180 secs]
 WARN  [hz._hzInstance_1_FenixFrameworkGroup.event] {com.hazelcast.spi.EventService} [127.0.0.1]:5709 [FenixFrameworkGroup] Caution: Off-load event processing to your own thread-pool, don't use event thread!
[GC 2627454K->2408112K(3532896K), 0.0697850 secs]
[GC 2663991K->2382225K(3532896K), 0.0734560 secs]
[GC 2638353K->2423459K(3532896K), 0.0932510 secs]
[GC 2679587K->2460654K(3532896K), 0.0995110 secs]
[GC 2716782K->2442319K(3532896K), 0.0948390 secs]
[GC 2698447K->2485280K(3532896K), 0.0948900 secs]
[GC 2739770K->2491007K(3532896K), 0.1018950 secs]
[GC 2747135K->2522643K(3532896K), 0.0998880 secs]
[GC 2778771K->2504206K(3532896K), 0.0898300 secs]
[GC 2760334K->2552653K(3532896K), 0.0862920 secs]
[GC 2808781K->2528589K(3532896K), 0.1021890 secs]
[GC 2784717K->2583688K(3532896K), 0.0900870 secs]
[GC 2839816K->2559443K(3532896K), 0.0952040 secs]
[GC 2815568K->2613532K(3532896K), 0.0901800 secs]
[GC 2869660K->2588035K(3532896K), 0.0919660 secs]
[GC 2843821K->2635911K(3532896K), 0.0943710 secs]
[GC 2892039K->2620959K(3532896K), 0.0894240 secs]
[GC 2877087K->2637573K(3532896K), 0.0910110 secs]
[GC 2893701K->2670615K(3532896K), 0.0915530 secs]
[GC 2926743K->2680363K(3532896K), 0.0838190 secs]
[GC 2936491K->2682819K(3532896K), 0.0892020 secs]
[GC 2938947K->2712499K(3532896K), 0.0910520 secs]
[GC 2968627K->2693751K(3532896K), 0.0774160 secs]
[GC 2949879K->2698835K(3532896K), 0.0603070 secs]
[GC 2954963K->2713120K(3532896K), 0.0637750 secs]
[GC 2969248K->2746802K(3532896K), 0.0632330 secs]
[GC 3002930K->2718124K(3532896K), 0.0733270 secs]
[GC 2974252K->2734892K(3532896K), 0.0626810 secs]
[GC 2991020K->2702077K(3532896K), 0.0637810 secs]
[GC 2958205K->2737588K(3532896K), 0.0686960 secs]
[GC 2993716K->2706130K(3532896K), 0.0698780 secs]
[GC 2962258K->2745478K(3532896K), 0.0685200 secs]
[GC 3001555K->2730121K(3532896K), 0.0796890 secs]
[GC 2984510K->2783551K(3532896K), 0.1050980 secs]
[GC 3039666K->2764701K(3532896K), 0.1006530 secs]
[GC 3019256K->2814953K(3532896K), 0.1062180 secs]
[GC 3070617K->2822343K(3532896K), 0.1027640 secs]
[GC 3078471K->2833476K(3532896K), 0.0907540 secs]
[GC 3089604K->2864388K(3532896K), 0.0978370 secs]
[GC 3120249K->2847677K(3532896K), 0.0996440 secs]
[GC 3103805K->2896466K(3532896K), 0.0910170 secs]
[GC 3152573K->2899848K(3532896K), 0.0976250 secs]
[GC 3155976K->2916416K(3532896K), 0.0947310 secs]
[GC 3172544K->2929277K(3532896K), 0.0893150 secs]
[GC 3185405K->2946256K(3532896K), 0.1009160 secs]
[GC 3202384K->2975530K(3532896K), 0.0970320 secs]
[GC 3231658K->2980207K(3532896K), 0.0920760 secs]
[GC 3235254K->2992710K(3532896K), 0.0971910 secs]
[GC 3248838K->2992766K(3532896K), 0.0953600 secs]
[GC 3248894K->3027153K(3532896K), 0.0961150 secs]
[GC 3027614K(3532896K), 0.0397650 secs]
[GC 3283281K->3022287K(3532896K), 0.0931970 secs]
[GC 3158378K(3532896K), 0.0684900 secs]
[GC 3009209K->2784581K(4650880K), 0.0999600 secs]
[GC 3040709K->2766123K(4650880K), 0.1038460 secs]
[GC 3022251K->2776683K(4650880K), 0.0975810 secs]
[GC 3032811K->2777688K(4650880K), 0.0703640 secs]
[GC 3033816K->2776310K(4650880K), 0.0733120 secs]
[GC 3032438K->2807325K(4650880K), 0.0751790 secs]
[GC 3063453K->2811706K(4650880K), 0.0775110 secs]
[GC 3067834K->2816811K(4650880K), 0.0764090 secs]
[GC 3072939K->2789836K(4650880K), 0.0918590 secs]
[GC 3045964K->2793589K(4650880K), 0.0713890 secs]
[GC 3049717K->2834809K(4650880K), 0.0725330 secs]
[GC 3090937K->2795311K(4650880K), 0.0765940 secs]
[GC 3051439K->2833328K(4650880K), 0.0803040 secs]
[GC 3089456K->2799510K(4650880K), 0.0822230 secs]
[GC 3055638K->2804404K(4650880K), 0.0930270 secs]
[GC 3060478K->2848491K(4650880K), 0.0875360 secs]
[GC 3103397K->2882436K(4650880K), 0.1089460 secs]
[GC 3138564K->2856553K(4650880K), 0.1115300 secs]
[GC 3112681K->2915485K(4650880K), 0.1253110 secs]
[GC 3171613K->2896013K(4650880K), 0.1125240 secs]
[GC 3152141K->2947041K(4650880K), 0.0878720 secs]
[GC 3203148K->2931683K(4650880K), 0.1152420 secs]
[GC 3187727K->2981290K(4650880K), 0.0892860 secs]
[GC 3237418K->2997201K(4650880K), 0.1045960 secs]
[GC 3253329K->2983665K(4650880K), 0.1165500 secs]
[GC 3239793K->3031650K(4650880K), 0.0863520 secs]
[GC 3287778K->3037035K(4650880K), 0.1203420 secs]
[GC 3293163K->3057601K(4650880K), 0.1023580 secs]
[GC 3313729K->3055668K(4650880K), 0.1008160 secs]
[GC 3310438K->3100002K(4650880K), 0.0955790 secs]
[GC 3356130K->3118889K(4650880K), 0.1086130 secs]
[GC 3374961K->3106169K(4650880K), 0.1198620 secs]
[GC 3361016K->3153070K(4650880K), 0.0890170 secs]
[GC 3409198K->3155694K(4650880K), 0.1040240 secs]
[GC 3411822K->3156948K(4650880K), 0.1131530 secs]
[GC 3413076K->3153811K(4650880K), 0.0756100 secs]
[GC 3409939K->3197430K(4650880K), 0.0881460 secs]
[GC 3453558K->3219961K(4650880K), 0.1112170 secs]
[GC 3476089K->3228738K(4650880K), 0.1170220 secs]
[GC 3483674K->3259546K(4650880K), 0.1110490 secs]
[GC 3514480K->3239156K(4650880K), 0.1175450 secs]
[GC 3495284K->3264704K(4650880K), 0.1023120 secs]
[GC 3520832K->3311609K(4650880K), 0.1049230 secs]
[GC 3567737K->3283363K(4650880K), 0.0942980 secs]
[GC 3539491K->3343363K(4650880K), 0.0811510 secs]
[GC 3599438K->3361208K(4650880K), 0.1074670 secs]
[GC 3617336K->3377859K(4650880K), 0.1088800 secs]
[GC 3633987K->3368743K(4650880K), 0.1213590 secs]
[GC 3624445K->3374823K(4650880K), 0.1039050 secs]
[GC 3630951K->3405731K(4650880K), 0.0943000 secs]
[GC 3661859K->3443535K(4650880K), 0.1010270 secs]
[GC 3699663K->3473255K(4650880K), 0.0913270 secs]
 WARN  [Thread-0] {org.radargun.ShutDownHook} Slave process: unexpected shutdown!
 INFO  [hz.ShutdownThread] {com.hazelcast.nio.TcpIpConnection} [127.0.0.1]:5709 [FenixFrameworkGroup] Connection [Address[127.0.0.1]:5707] lost. Reason: Explicit close
 INFO  [hz.ShutdownThread] {com.hazelcast.nio.TcpIpConnection} [127.0.0.1]:5709 [FenixFrameworkGroup] Connection [Address[127.0.0.1]:5708] lost. Reason: Explicit close
 INFO  [hz.ShutdownThread] {com.hazelcast.nio.TcpIpConnection} [127.0.0.1]:5709 [FenixFrameworkGroup] Connection [Address[127.0.0.1]:5706] lost. Reason: Explicit close
 INFO  [hz._hzInstance_1_FenixFrameworkGroup.IO.thread-in-2] {com.hazelcast.nio.TcpIpConnection} [127.0.0.1]:5709 [FenixFrameworkGroup] Connection [Address[127.0.0.1]:5705] lost. Reason: java.io.EOFException[Remote socket closed!]
 INFO  [hz._hzInstance_1_FenixFrameworkGroup.IO.thread-in-0] {com.hazelcast.nio.TcpIpConnection} [127.0.0.1]:5709 [FenixFrameworkGroup] Connection [Address[127.0.0.1]:5705] lost. Reason: java.io.EOFException[Remote socket closed!]
 INFO  [hz.ShutdownThread] {com.hazelcast.nio.TcpIpConnection} [127.0.0.1]:5709 [FenixFrameworkGroup] Connection [Address[127.0.0.1]:5711] lost. Reason: Explicit close
 INFO  [hz.ShutdownThread] {com.hazelcast.nio.TcpIpConnection} [127.0.0.1]:5709 [FenixFrameworkGroup] Connection [Address[127.0.0.1]:5702] lost. Reason: Explicit close
 INFO  [hz.ShutdownThread] {com.hazelcast.nio.TcpIpConnection} [127.0.0.1]:5709 [FenixFrameworkGroup] Connection [Address[127.0.0.1]:5712] lost. Reason: Explicit close
 INFO  [hz.ShutdownThread] {com.hazelcast.nio.TcpIpConnection} [127.0.0.1]:5709 [FenixFrameworkGroup] Connection [Address[127.0.0.1]:5701] lost. Reason: Explicit close
 INFO  [hz.ShutdownThread] {com.hazelcast.nio.TcpIpConnection} [127.0.0.1]:5709 [FenixFrameworkGroup] Connection [Address[127.0.0.1]:5704] lost. Reason: Explicit close
 INFO  [hz.ShutdownThread] {com.hazelcast.nio.TcpIpConnection} [127.0.0.1]:5709 [FenixFrameworkGroup] Connection [Address[127.0.0.1]:5710] lost. Reason: Explicit close
 INFO  [hz.ShutdownThread] {com.hazelcast.nio.TcpIpConnection} [127.0.0.1]:5709 [FenixFrameworkGroup] Connection [Address[127.0.0.1]:5703] lost. Reason: Explicit close
 INFO  [hz.ShutdownThread] {com.hazelcast.nio.TcpIpConnection} [127.0.0.1]:5709 [FenixFrameworkGroup] Connection [Address[127.0.0.1]:5712] lost. Reason: Explicit close
 INFO  [hz.ShutdownThread] {com.hazelcast.nio.TcpIpConnection} [127.0.0.1]:5709 [FenixFrameworkGroup] Connection [Address[127.0.0.1]:5708] lost. Reason: Explicit close
 INFO  [hz.ShutdownThread] {com.hazelcast.nio.TcpIpConnection} [127.0.0.1]:5709 [FenixFrameworkGroup] Connection [Address[127.0.0.1]:5706] lost. Reason: Explicit close
 INFO  [hz.ShutdownThread] {com.hazelcast.nio.TcpIpConnection} [127.0.0.1]:5709 [FenixFrameworkGroup] Connection [Address[127.0.0.1]:5704] lost. Reason: Explicit close
 INFO  [hz._hzInstance_1_FenixFrameworkGroup.IO.thread-in-1] {com.hazelcast.nio.TcpIpConnection} [127.0.0.1]:5709 [FenixFrameworkGroup] Connection [Address[127.0.0.1]:5707] lost. Reason: java.io.EOFException[Remote socket closed!]
 INFO  [hz.ShutdownThread] {com.hazelcast.nio.TcpIpConnection} [127.0.0.1]:5709 [FenixFrameworkGroup] Connection [Address[127.0.0.1]:5711] lost. Reason: Explicit close
 INFO  [hz.ShutdownThread] {com.hazelcast.nio.TcpIpConnection} [127.0.0.1]:5709 [FenixFrameworkGroup] Connection [Address[127.0.0.1]:5710] lost. Reason: Explicit close
 INFO  [hz.ShutdownThread] {com.hazelcast.initializer} [127.0.0.1]:5709 [FenixFrameworkGroup] Destroying node initializer.
 INFO  [hz.ShutdownThread] {com.hazelcast.instance.Node} [127.0.0.1]:5709 [FenixFrameworkGroup] Hazelcast Shutdown is completed in 60 ms.
