/usr/java/jdk1.7.0_21/bin/java -server -Xmx1024M -Xms1024M -Dresolve.dns=false -Djgroups.timer.num_threads=4 -verbose:gc -Xmx5000M -Xms3000M -server -XX:+UseConcMarkSweepGC -XX:+AggressiveOpts -verbose:gc -XX:ParallelGCThreads=4 -XX:NewRatio=5 -XX:SurvivorRatio=2 -Dhazelcast.operation.thread.count=4 -Djava.net.preferIPv4Stack=true -Dlog4j.file.prefix=deimos-esw-30261 -Dbind.address= -Djgroups.bind_addr= -classpath /home/smf/github/radargun/target/distribution/RadarGun-1.1.0-SNAPSHOT/lib/activation-1.1.jar:/home/smf/github/radargun/target/distribution/RadarGun-1.1.0-SNAPSHOT/lib/commons-beanutils-1.8.0.jar:/home/smf/github/radargun/target/distribution/RadarGun-1.1.0-SNAPSHOT/lib/commons-digester-2.0.jar:/home/smf/github/radargun/target/distribution/RadarGun-1.1.0-SNAPSHOT/lib/commons-logging-1.1.1.jar:/home/smf/github/radargun/target/distribution/RadarGun-1.1.0-SNAPSHOT/lib/commons-math-1.2.jar:/home/smf/github/radargun/target/distribution/RadarGun-1.1.0-SNAPSHOT/lib/jboss-transaction-api-1.0.1.GA.jar:/home/smf/github/radargun/target/distribution/RadarGun-1.1.0-SNAPSHOT/lib/jcommon-1.0.15.jar:/home/smf/github/radargun/target/distribution/RadarGun-1.1.0-SNAPSHOT/lib/jfreechart-1.0.12.jar:/home/smf/github/radargun/target/distribution/RadarGun-1.1.0-SNAPSHOT/lib/log4j-1.2.14.jar:/home/smf/github/radargun/target/distribution/RadarGun-1.1.0-SNAPSHOT/lib/mail-1.4.2.jar:/home/smf/github/radargun/target/distribution/RadarGun-1.1.0-SNAPSHOT/lib/radargun-framework-1.1.0-SNAPSHOT.jar:/home/smf/github/radargun/target/distribution/RadarGun-1.1.0-SNAPSHOT/conf org.radargun.Slave -master 127.0.0.1:2103
--------------------------------------------------------------------------------
PerNodeRollingFileAppender::Using file prefix:deimos-esw-30261
 INFO  [main] {org.radargun.Slave} Attempting to connect to master 127.0.0.1:2103
 INFO  [main] {org.radargun.Slave} Successfully established connection with master at: 127.0.0.1:2103
Loading JARS from /home/smf/github/radargun/target/distribution/RadarGun-1.1.0-SNAPSHOT/lib/radargun-framework-1.1.0-SNAPSHOT.jar
 INFO  [pool-1-thread-1] {org.radargun.config.AnnotatedHelper} Loading JARS from /home/smf/github/radargun/target/distribution/RadarGun-1.1.0-SNAPSHOT/lib/radargun-framework-1.1.0-SNAPSHOT.jar
 INFO  [pool-1-thread-1] {org.radargun.config.AnnotatedHelper} Loading JARS from /home/smf/github/radargun/target/distribution/RadarGun-1.1.0-SNAPSHOT/lib/radargun-framework-1.1.0-SNAPSHOT.jar
 INFO  [pool-1-thread-1] {org.radargun.Slave} Executing stage: DestroyWrapper {enforceMemoryThrashHold=true, exitBenchmarkOnSlaveFailure=false, heapDumpDir=null, memoryThreshold=95, runOnAllSlaves=true, slaves=null, useSmartClassLoading=true }
 INFO  [pool-1-thread-1] {org.radargun.stages.DestroyWrapperStage} Received destroy cache wrapper request from master...
 INFO  [pool-1-thread-1] {org.radargun.stages.DestroyWrapperStage} No cache wrapper deployed on this slave, nothing to do.
 INFO  [pool-1-thread-1] {org.radargun.stages.DestroyWrapperStage} Before executing clear, memory looks like this: Memory - free: 2,928,638 kb - max:4,906,688 kb- total:2,944,000 kb
[Full GC 15361K->3631K(2944000K), 0.0884730 secs]
 INFO  [pool-1-thread-1] {org.radargun.stages.DestroyWrapperStage} After executing cleanup, memory looks like this: Memory - free: 2,935,311 kb - max:4,906,688 kb- total:2,944,064 kb
 INFO  [pool-1-thread-1] {org.radargun.Slave} Finished stage: DestroyWrapper {enforceMemoryThrashHold=true, exitBenchmarkOnSlaveFailure=false, heapDumpDir=null, memoryThreshold=95, runOnAllSlaves=true, slaves=null, useSmartClassLoading=true }
 INFO  [main] {org.radargun.Slave} Ack successfully sent to the master
 INFO  [pool-1-thread-1] {org.radargun.Slave} Executing stage: StartCluster {config=mvcc/mvcc-repl-sync.xml, delayAfterFirstSlaveStarts=5.000 secs, delayBetweenStartingSlaves=0.500 secs, exitBenchmarkOnSlaveFailure=true, expectNumSlaves=null, mayFailOn=null, reachable=null, runOnAllSlaves=false, slaves=null, staggerSlaveStartup=true, useSmartClassLoading=true, validateCluster=true }
 INFO  [pool-1-thread-1] {org.radargun.stages.StartClusterStage}  Startup staggering, starting 12 slaves. This is the slave with index 5. Sleeping for 7500 millis.
 INFO  [pool-1-thread-1] {org.radargun.stages.StartClusterStage} Ack master's StartCluster stage. Local address is: /127.0.0.1. This slave's index is: 5
 INFO  [pool-1-thread-1] {org.radargun.utils.ClassLoadHelper} Creating newInstance org.radargun.cachewrappers.JBossCache3Wrapper with classloader java.net.URLClassLoader@3fbefe6e
 INFO  [pool-1-thread-1] {org.radargun.cachewrappers.JBossCache3Wrapper} Creating cache with the following configuration: mvcc/mvcc-repl-sync.xml
 WARN  [pool-1-thread-1] {org.jboss.cache.transaction.GenericTransactionManagerLookup} Falling back to JBoss Cache's internal DummyTransactionManager
 WARN  [pool-1-thread-1] {org.jgroups.protocols.pbcast.STREAMING_STATE_TRANSFER} use_reading_thread has been deprecated and its value will be ignored

---------------------------------------------------------
GMS: address is 127.0.0.1:48865 (cluster=JBossCache-Cluster)
---------------------------------------------------------
 INFO  [pool-1-thread-1] {org.radargun.cachewrappers.JBossCache3Wrapper} Running cache with following config: org.jboss.cache.config.Configuration@35e16a11
 INFO  [pool-1-thread-1] {org.radargun.cachewrappers.JBossCache3Wrapper} Running following JBossCacheVersion: 3.2.1.GA
 INFO  [pool-1-thread-1] {org.radargun.cachewrappers.JBossCache3Wrapper} Running following JBossCacheCodeName: Malagueta
 INFO  [pool-1-thread-1] {org.radargun.cachewrappers.JBossCache3Wrapper} JGroups version: 2.6.13.GA
 INFO  [pool-1-thread-1] {org.radargun.stages.helpers.StartHelper} Number of members=6 is not the one expected: 12
 INFO  [pool-1-thread-1] {org.radargun.stages.helpers.StartHelper} Number of members=7 is not the one expected: 12
 INFO  [pool-1-thread-1] {org.radargun.stages.helpers.StartHelper} Number of members=9 is not the one expected: 12
 INFO  [pool-1-thread-1] {org.radargun.stages.helpers.StartHelper} Number of members is the one expected: 12
 INFO  [pool-1-thread-1] {org.radargun.stages.StartClusterStage} Successfully started cache wrapper on slave 5: org.radargun.cachewrappers.JBossCache3Wrapper@9292ece
 INFO  [pool-1-thread-1] {org.radargun.Slave} Finished stage: StartCluster {config=mvcc/mvcc-repl-sync.xml, delayAfterFirstSlaveStarts=5.000 secs, delayBetweenStartingSlaves=0.500 secs, exitBenchmarkOnSlaveFailure=true, expectNumSlaves=null, mayFailOn=null, reachable=null, runOnAllSlaves=false, slaves=null, staggerSlaveStartup=true, useSmartClassLoading=true, validateCluster=true }
 INFO  [main] {org.radargun.Slave} Ack successfully sent to the master
 INFO  [pool-1-thread-1] {org.radargun.Slave} Executing stage: ClusterValidation {exitBenchmarkOnSlaveFailure=false, partialReplication=false, replicationTimeSleep=2000, replicationTryCount=60, runOnAllSlaves=false, slaves=null, useSmartClassLoading=true }
 INFO  [pool-1-thread-1] {org.radargun.stages.ClusterValidationStage} Number of caches that replicated here is 11
 INFO  [pool-1-thread-1] {org.radargun.stages.ClusterValidationStage} Replication test successfully passed. partialReplication? false, replicationCount = 11
 INFO  [pool-1-thread-1] {org.radargun.stages.ClusterValidationStage} Confirm phase successful.
 INFO  [pool-1-thread-1] {org.radargun.Slave} Finished stage: ClusterValidation {exitBenchmarkOnSlaveFailure=false, partialReplication=false, replicationTimeSleep=2000, replicationTryCount=60, runOnAllSlaves=false, slaves=[ 0, 1, 2, 3, 4, 5, 6, 7, 8, 9, 10, 11 ], useSmartClassLoading=true }
 INFO  [main] {org.radargun.Slave} Ack successfully sent to the master
 INFO  [pool-1-thread-1] {org.radargun.Slave} Executing stage: StressTestWarmup {bulkSize=1, cacheSpecificKeyGenerator=false, commitTransactions=true, duration=1 mins 0 secs, entrySize=1000, exitBenchmarkOnSlaveFailure=false, fixedKeys=true, generateHistogramRange=false, keyGeneratorClass=org.radargun.stressors.StringKeyGenerator, keyGeneratorParam=null, loadAllKeys=false, numEntries=100, numOfThreads=4, numRequests=10000, numThreads=4, numberOfAttributes=100, numberOfRequests=10000, opsCountStatusLog=100000, poolKeys=true, preferAsyncOperations=false, removePercentage=0, replaceInvalidPercentage=40, runOnAllSlaves=false, sharedKeys=false, sizeOfAnAttribute=1000, slaves=null, transactionSize=50, useAtomics=false, useHistogramStatistics=false, useSimpleStatistics=true, useSmartClassLoading=true, useTransactions=null, writePercentage=20, writeTxPercentage=20 }
 INFO  [pool-1-thread-1] {org.radargun.stages.StressTestWarmupStage} Starting StressTestWarmupStage: StressTestWarmup {bulkSize=1, cacheSpecificKeyGenerator=false, commitTransactions=true, duration=1 mins 0 secs, entrySize=1000, exitBenchmarkOnSlaveFailure=false, fixedKeys=true, generateHistogramRange=false, keyGeneratorClass=org.radargun.stressors.StringKeyGenerator, keyGeneratorParam=null, loadAllKeys=false, numEntries=100, numOfThreads=4, numRequests=10000, numThreads=4, numberOfAttributes=100, numberOfRequests=10000, opsCountStatusLog=100000, poolKeys=true, preferAsyncOperations=false, removePercentage=0, replaceInvalidPercentage=40, runOnAllSlaves=false, sharedKeys=false, sizeOfAnAttribute=1000, slaves=null, transactionSize=50, useAtomics=false, useHistogramStatistics=false, useSimpleStatistics=true, useSmartClassLoading=true, useTransactions=null, writePercentage=20, writeTxPercentage=20 }
 INFO  [pool-1-thread-1] {org.radargun.stressors.StressTestStressor} Using key generator org.radargun.stressors.StringKeyGenerator, param null
 INFO  [pool-1-thread-1] {org.radargun.stressors.StressTestStressor} Executing: StressTestStressor{opsCountStatusLog=100000, numRequests=10000, numEntries=100, entrySize=1000, writePercentage=20, numThreads=4, cacheWrapper=org.radargun.cachewrappers.JBossCache3Wrapper@9292ece, nodeIndex=5, useTransactions=true, transactionSize=50, commitTransactions=true, durationMillis=60000}
 INFO  [pool-1-thread-1] {org.radargun.stressors.StressTestStressor} Cache wrapper info is: Num direct children: 12
[GC 259695K->12569K(2944064K), 0.0514590 secs]
 INFO  [pool-1-thread-1] {org.radargun.stressors.StressTestStressor} Started 4 stressor threads.
 INFO  [Stressor-0] {org.radargun.stressors.StressTestStressor} Number of ops executed so far: 1. Elapsed time: 0.024 secs. Remaining: 59.976 secs. Total: 1 mins 0 secs
[GC 268633K->13926K(2944064K), 0.0337370 secs]
[GC 269990K->17322K(2944064K), 0.0335670 secs]
[GC 273386K->15475K(2944064K), 0.0256690 secs]
[GC 271539K->19135K(2944064K), 0.0295400 secs]
[GC 275199K->16453K(2944064K), 0.0344760 secs]
[GC 272517K->17696K(2944064K), 0.0332240 secs]
[GC 273760K->16921K(2944064K), 0.0324700 secs]
[GC 272985K->17776K(2944064K), 0.0350330 secs]
[GC 273840K->17194K(2944064K), 0.0319570 secs]
 INFO  [Stressor-2] {org.radargun.stressors.StressTestStressor} Number of ops executed so far: 195000. Elapsed time: 20.500 secs. Remaining: 39.500 secs. Total: 1 mins 0 secs
[GC 273258K->16880K(2944064K), 0.0277810 secs]
[GC 272944K->17117K(2944064K), 0.0287640 secs]
[GC 273181K->17038K(2944064K), 0.0315950 secs]
[GC 273102K->17406K(2944064K), 0.0346770 secs]
[GC 273470K->16879K(2944064K), 0.0317490 secs]
[GC 272943K->22174K(2944064K), 0.0556460 secs]
[GC 278238K->14817K(2944064K), 0.0330270 secs]
[GC 270881K->16803K(2944064K), 0.0293310 secs]
[GC 272867K->15932K(2944064K), 0.0286620 secs]
 INFO  [Stressor-3] {org.radargun.stressors.StressTestStressor} Number of ops executed so far: 280450. Elapsed time: 40.596 secs. Remaining: 19.404 secs. Total: 1 mins 0 secs
[GC 271996K->17357K(2944064K), 0.0285920 secs]
[GC 273421K->17746K(2944064K), 0.0255270 secs]
[GC 273810K->17163K(2944064K), 0.0311110 secs]
[GC 273227K->16025K(2944064K), 0.0314870 secs]
[GC 272089K->19025K(2944064K), 0.0291000 secs]
[GC 275089K->23795K(2944064K), 0.0317180 secs]
[GC 279859K->20089K(2944064K), 0.0265990 secs]
[GC 276153K->17202K(2944064K), 0.0291360 secs]
 INFO  [pool-1-thread-1] {org.radargun.stressors.StressTestStressor} Finished generating report. Test duration is: 1 mins 3 secs
 INFO  [pool-1-thread-1] {org.radargun.stages.StressTestWarmupStage} The warmup took: 63 seconds.
 INFO  [pool-1-thread-1] {org.radargun.Slave} Finished stage: StressTestWarmup {bulkSize=1, cacheSpecificKeyGenerator=false, commitTransactions=true, duration=1 mins 0 secs, entrySize=1000, exitBenchmarkOnSlaveFailure=false, fixedKeys=true, generateHistogramRange=false, keyGeneratorClass=org.radargun.stressors.StringKeyGenerator, keyGeneratorParam=null, loadAllKeys=false, numEntries=100, numOfThreads=4, numRequests=10000, numThreads=4, numberOfAttributes=100, numberOfRequests=10000, opsCountStatusLog=100000, poolKeys=true, preferAsyncOperations=false, removePercentage=0, replaceInvalidPercentage=40, runOnAllSlaves=false, sharedKeys=false, sizeOfAnAttribute=1000, slaves=null, transactionSize=50, useAtomics=false, useHistogramStatistics=false, useSimpleStatistics=true, useSmartClassLoading=true, useTransactions=null, writePercentage=20, writeTxPercentage=20 }
 INFO  [main] {org.radargun.Slave} Ack successfully sent to the master
 INFO  [pool-1-thread-1] {org.radargun.Slave} Executing stage: ClearClusterStage {ClearCluster {exitBenchmarkOnSlaveFailure=false, runOnAllSlaves=false, slaves=[ 0 ], useSmartClassLoading=true }
 INFO  [pool-1-thread-1] {org.radargun.stages.ClearClusterStage} Before executing clear, memory looks like this: Memory - free: 2,878,160 kb - max:4,906,688 kb- total:2,944,064 kb
[Full GC 65903K->9822K(2944064K), 0.1583290 secs]
 INFO  [pool-1-thread-1] {org.radargun.stages.ClearClusterStage} After executing cleanup, memory looks like this: Memory - free: 2,932,028 kb - max:4,906,688 kb- total:2,944,320 kb
 INFO  [pool-1-thread-1] {org.radargun.Slave} Finished stage: ClearClusterStage {ClearCluster {exitBenchmarkOnSlaveFailure=false, runOnAllSlaves=false, slaves=[ 0 ], useSmartClassLoading=true }
 INFO  [main] {org.radargun.Slave} Ack successfully sent to the master
 INFO  [pool-1-thread-1] {org.radargun.Slave} Executing stage: StressTest {bulkSize=1, cacheSpecificKeyGenerator=false, commitTransactions=true, duration=1 mins 0 secs, entrySize=1000, exitBenchmarkOnSlaveFailure=false, fixedKeys=true, generateHistogramRange=false, keyGeneratorClass=org.radargun.stressors.StringKeyGenerator, keyGeneratorParam=null, loadAllKeys=false, numEntries=10000, numOfThreads=4, numRequests=10000000, numThreads=4, numberOfAttributes=10000, numberOfRequests=10000000, opsCountStatusLog=500000, poolKeys=true, preferAsyncOperations=false, removePercentage=0, replaceInvalidPercentage=40, runOnAllSlaves=false, sharedKeys=false, sizeOfAnAttribute=1000, slaves=null, transactionSize=10000, useAtomics=false, useHistogramStatistics=false, useSimpleStatistics=true, useSmartClassLoading=true, useTransactions=true, writePercentage=10, writeTxPercentage=5 }
 INFO  [pool-1-thread-1] {org.radargun.stages.StressTestStage} Starting StressTestStage: StressTest {bulkSize=1, cacheSpecificKeyGenerator=false, commitTransactions=true, duration=1 mins 0 secs, entrySize=1000, exitBenchmarkOnSlaveFailure=false, fixedKeys=true, generateHistogramRange=false, keyGeneratorClass=org.radargun.stressors.StringKeyGenerator, keyGeneratorParam=null, loadAllKeys=false, numEntries=10000, numOfThreads=4, numRequests=10000000, numThreads=4, numberOfAttributes=10000, numberOfRequests=10000000, opsCountStatusLog=500000, poolKeys=true, preferAsyncOperations=false, removePercentage=0, replaceInvalidPercentage=40, runOnAllSlaves=false, sharedKeys=false, sizeOfAnAttribute=1000, slaves=null, transactionSize=10000, useAtomics=false, useHistogramStatistics=false, useSimpleStatistics=true, useSmartClassLoading=true, useTransactions=true, writePercentage=10, writeTxPercentage=5 }
 INFO  [pool-1-thread-1] {org.radargun.stressors.StressTestStressor} Using key generator org.radargun.stressors.StringKeyGenerator, param null
 INFO  [pool-1-thread-1] {org.radargun.stressors.StressTestStressor} Executing: StressTestStressor{opsCountStatusLog=500000, numRequests=10000000, numEntries=10000, entrySize=1000, writePercentage=10, numThreads=4, cacheWrapper=org.radargun.cachewrappers.JBossCache3Wrapper@9292ece, nodeIndex=5, useTransactions=true, transactionSize=10000, commitTransactions=true, durationMillis=60000}
 INFO  [pool-1-thread-1] {org.radargun.stressors.StressTestStressor} Cache wrapper info is: Num direct children: 60
[GC 266078K->23913K(2944320K), 0.0323980 secs]
[GC 280169K->36103K(2944320K), 0.0321520 secs]
[GC 292359K->51626K(2944320K), 0.0375470 secs]
[GC 307882K->65328K(2944320K), 0.0386920 secs]
[GC 321584K->82854K(2944320K), 0.0381080 secs]
[GC 339110K->99402K(2944320K), 0.0404060 secs]
[GC 355658K->116120K(2944320K), 0.0443900 secs]
[GC 372376K->113293K(2944320K), 0.0666170 secs]
[GC 369549K->127687K(2944320K), 0.0445920 secs]
[GC 383943K->129750K(2944320K), 0.0582670 secs]
[GC 386006K->105502K(2944320K), 0.0498420 secs]
[GC 361758K->165567K(2944320K), 0.0430250 secs]
[GC 421823K->131463K(2944320K), 0.0530980 secs]
[GC 387719K->147661K(2944320K), 0.0467920 secs]
[GC 403917K->161230K(2944320K), 0.0516730 secs]
[GC 417486K->176706K(2944320K), 0.0491540 secs]
[GC 432962K->159444K(2944320K), 0.0610660 secs]
[GC 415700K->167175K(2944320K), 0.0579470 secs]
[GC 423431K->190722K(2944320K), 0.0612900 secs]
[GC 446978K->196234K(2944320K), 0.0492420 secs]
[GC 452490K->216929K(2944320K), 0.0466300 secs]
[GC 473185K->182064K(2944320K), 0.0484580 secs]
[GC 438320K->215671K(2944320K), 0.0568920 secs]
[GC 471927K->196391K(2944320K), 0.0505620 secs]
[GC 452647K->219186K(2944320K), 0.0477540 secs]
[GC 475442K->216885K(2944320K), 0.0454920 secs]
[GC 473120K->228211K(2944320K), 0.0465110 secs]
[GC 484467K->217727K(2944320K), 0.0491990 secs]
[GC 473983K->222535K(2944320K), 0.0461820 secs]
[GC 478791K->235891K(2944320K), 0.0452540 secs]
[GC 492144K->247177K(2944320K), 0.0480720 secs]
[GC 503433K->251804K(2944320K), 0.0460860 secs]
[GC 508060K->255728K(2944320K), 0.0529530 secs]
[GC 511984K->244102K(2944320K), 0.0499150 secs]
[GC 500358K->249027K(2944320K), 0.0478680 secs]
[GC 505283K->270045K(2944320K), 0.0492390 secs]
[GC 526301K->275024K(2944320K), 0.0446360 secs]
[GC 531280K->263756K(2944320K), 0.0506430 secs]
[GC 520012K->284563K(2944320K), 0.0536970 secs]
[GC 540819K->289431K(2944320K), 0.0500070 secs]
[GC 545687K->294278K(2944320K), 0.0491620 secs]
[GC 550534K->283041K(2944320K), 0.0490270 secs]
[GC 539297K->287830K(2944320K), 0.0522940 secs]
[GC 544086K->308834K(2944320K), 0.0480540 secs]
[GC 565090K->313660K(2944320K), 0.0558730 secs]
[GC 569916K->302265K(2944320K), 0.0537980 secs]
[GC 558521K->323378K(2944320K), 0.0506840 secs]
[GC 579634K->328097K(2944320K), 0.0447740 secs]
[GC 584293K->333420K(2944320K), 0.0480250 secs]
[GC 589676K->321247K(2944320K), 0.0520660 secs]
[GC 577503K->335735K(2944320K), 0.0413090 secs]
[GC 591991K->343322K(2944320K), 0.0461130 secs]
[GC 599578K->347034K(2944320K), 0.0458660 secs]
[GC 603248K->360567K(2944320K), 0.0465360 secs]
[GC 616768K->336052K(2944320K), 0.0532150 secs]
[GC 592308K->346974K(2944320K), 0.0466870 secs]
[GC 603230K->372102K(2944320K), 0.0418960 secs]
[GC 628356K->345596K(2944320K), 0.0418560 secs]
[GC 601852K->368245K(2944320K), 0.0438530 secs]
[GC 624501K->349565K(2944320K), 0.0428310 secs]
[GC 605815K->353574K(2944320K), 0.0449110 secs]
[GC 609826K->356593K(2944320K), 0.0422230 secs]
[GC 612849K->372166K(2944320K), 0.0465410 secs]
[GC 628414K->360816K(2944320K), 0.0430200 secs]
[GC 617072K->363259K(2944320K), 0.0392430 secs]
[GC 619515K->378721K(2944320K), 0.0440750 secs]
[GC 634977K->369120K(2944320K), 0.0426530 secs]
[GC 625376K->384820K(2944320K), 0.0436060 secs]
[GC 641076K->387877K(2944320K), 0.0444690 secs]
[GC 644108K->390952K(2944320K), 0.0489780 secs]
[GC 647208K->406689K(2944320K), 0.0407240 secs]
[GC 662945K->384680K(2944320K), 0.0428470 secs]
[GC 640936K->416173K(2944320K), 0.0420930 secs]
[GC 672429K->388555K(2944320K), 0.0421160 secs]
[GC 644811K->422036K(2944320K), 0.0426860 secs]
[GC 678292K->394759K(2944320K), 0.0396650 secs]
[GC 651015K->428004K(2944320K), 0.0408600 secs]
[GC 684260K->400927K(2944320K), 0.0391880 secs]
[GC 657170K->411599K(2944320K), 0.0392990 secs]
[GC 667835K->408123K(2944320K), 0.0400080 secs]
[GC 664376K->424913K(2944320K), 0.0440780 secs]
[GC 681123K->428393K(2944320K), 0.0429530 secs]
[GC 684649K->431504K(2944320K), 0.0460220 secs]
[GC 687760K->447176K(2944320K), 0.0462300 secs]
[GC 703427K->425254K(2944320K), 0.0383670 secs]
[GC 681510K->456845K(2944320K), 0.0404920 secs]
[GC 713101K->436847K(2944320K), 0.0416560 secs]
[GC 693091K->451356K(2944320K), 0.0405690 secs]
[GC 707589K->448608K(2944320K), 0.0426820 secs]
[GC 704864K->453062K(2944320K), 0.0424580 secs]
[GC 709318K->456523K(2944320K), 0.0455550 secs]
[GC 712779K->460003K(2944320K), 0.0451070 secs]
[GC 716259K->475602K(2944320K), 0.0433340 secs]
[GC 731814K->453495K(2944320K), 0.0411480 secs]
[GC 709751K->473551K(2944320K), 0.0406160 secs]
[GC 729807K->482918K(2944320K), 0.0386790 secs]
[GC 739162K->470054K(2944320K), 0.0418830 secs]
[GC 726310K->482705K(2944320K), 0.0453480 secs]
[GC 738961K->479845K(2944320K), 0.0436230 secs]
[GC 736086K->496848K(2944320K), 0.0451800 secs]
[GC 753063K->475215K(2944320K), 0.0408250 secs]
[GC 731471K->484006K(2944320K), 0.0452130 secs]
[GC 740262K->492449K(2944320K), 0.0476100 secs]
[GC 748705K->496859K(2944320K), 0.0452190 secs]
[GC 753079K->500308K(2944320K), 0.0421320 secs]
[GC 756564K->503604K(2944320K), 0.0473170 secs]
[GC 759832K->494162K(2944320K), 0.0504390 secs]
[GC 750418K->509815K(2944320K), 0.0464330 secs]
[GC 766040K->512914K(2944320K), 0.0437190 secs]
[GC 769170K->516072K(2944320K), 0.0410910 secs]
[GC 772316K->519221K(2944320K), 0.0411190 secs]
[GC 775475K->534898K(2944320K), 0.0403160 secs]
[GC 791143K->512917K(2944320K), 0.0437220 secs]
[GC 769173K->544329K(2944320K), 0.0415130 secs]
[GC 800585K->516841K(2944320K), 0.0479180 secs]
[GC 773097K->538578K(2944320K), 0.0462690 secs]
[GC 794806K->536242K(2944320K), 0.0428200 secs]
[GC 792449K->528096K(2944320K), 0.0478430 secs]
[GC 784352K->544112K(2944320K), 0.0481510 secs]
[GC 800368K->547250K(2944320K), 0.0494050 secs]
[GC 803506K->550553K(2944320K), 0.0478090 secs]
[GC 806757K->541056K(2944320K), 0.0462440 secs]
[GC 797259K->544138K(2944320K), 0.0441750 secs]
[GC 800341K->559739K(2944320K), 0.0375710 secs]
[GC 815970K->588098K(2944320K), 0.0493260 secs]
[GC 843530K->613172K(2944320K), 0.0672990 secs]
 INFO  [pool-1-thread-1] {org.radargun.stressors.StressTestStressor} Started 4 stressor threads.
 INFO  [Stressor-0] {org.radargun.stressors.StressTestStressor} Number of ops executed so far: 1. Elapsed time: 0.000 secs. Remaining: 1 mins 0 secs. Total: 1 mins 0 secs
[GC 869428K->641389K(2944320K), 0.1025380 secs]
[GC 897645K->661412K(2944320K), 0.0949320 secs]
[GC 917668K->665871K(2944320K), 0.0506130 secs]
[GC 922080K->710665K(2944320K), 0.0804490 secs]
[GC 966921K->715774K(2944320K), 0.0844900 secs]
[GC 972030K->739225K(2944320K), 0.0831870 secs]
[GC 995481K->758086K(2944320K), 0.0800980 secs]
[GC 1013403K->801521K(2944320K), 0.0692320 secs]
[GC 1057777K->841430K(2944320K), 0.1070480 secs]
[GC 1097686K->855635K(2944320K), 0.0745400 secs]
[GC 1111891K->877050K(2944320K), 0.1019150 secs]
[GC 1133306K->865043K(2944320K), 0.0566560 secs]
[GC 1120930K->918599K(2944320K), 0.0713510 secs]
[GC 1174855K->929066K(2944320K), 0.0656940 secs]
[GC 1185322K->960730K(2944320K), 0.0845130 secs]
 INFO  [Stressor-0] {org.radargun.stressors.StressTestStressor} Number of ops executed so far: 2110000. Elapsed time: 23.102 secs. Remaining: 36.898 secs. Total: 1 mins 0 secs
[GC 1216986K->991348K(2944320K), 0.0926330 secs]
[GC 1247604K->1022019K(2944320K), 0.0892060 secs]
[GC 1278275K->1053215K(2944320K), 0.0873890 secs]
[GC 1309471K->1072725K(2944320K), 0.0955720 secs]
[GC 1328981K->1117514K(2944320K), 0.0872740 secs]
[GC 1373766K->1150245K(2944320K), 0.1032130 secs]
[GC 1405865K->1188072K(2944320K), 0.1053440 secs]
[GC 1444328K->1211572K(2944320K), 0.0877140 secs]
 INFO  [Stressor-2] {org.radargun.stressors.StressTestStressor} Number of ops executed so far: 2130000. Elapsed time: 43.372 secs. Remaining: 16.628 secs. Total: 1 mins 0 secs
[GC 1467828K->1232377K(2944320K), 0.0952640 secs]
[GC 1488633K->1283183K(2944320K), 0.0944420 secs]
[GC 1539439K->1311469K(2944320K), 0.0836570 secs]
[GC 1567725K->1312027K(2944320K), 0.0860350 secs]
[GC 1568248K->1349965K(2944320K), 0.0688010 secs]
[GC 1606221K->1357366K(2944320K), 0.0866260 secs]
[GC 1613622K->1398028K(2944320K), 0.0721410 secs]
[GC 1398648K(2944320K), 0.0508030 secs]
[GC 1654284K->1398009K(2944320K), 0.0782170 secs]
 INFO  [pool-1-thread-1] {org.radargun.stressors.StressTestStressor} Finished generating report. Test duration is: 2 mins 52 secs
 INFO  [pool-1-thread-1] {org.radargun.stages.StressTestStage} size info: Num direct children: 60, clusterSize:12, nodeIndex:5, cacheSize: -1
 INFO  [pool-1-thread-1] {org.radargun.Slave} Finished stage: StressTest {bulkSize=1, cacheSpecificKeyGenerator=false, commitTransactions=true, duration=1 mins 0 secs, entrySize=1000, exitBenchmarkOnSlaveFailure=false, fixedKeys=true, generateHistogramRange=false, keyGeneratorClass=org.radargun.stressors.StringKeyGenerator, keyGeneratorParam=null, loadAllKeys=false, numEntries=10000, numOfThreads=4, numRequests=10000000, numThreads=4, numberOfAttributes=10000, numberOfRequests=10000000, opsCountStatusLog=500000, poolKeys=true, preferAsyncOperations=false, removePercentage=0, replaceInvalidPercentage=40, runOnAllSlaves=false, sharedKeys=false, sizeOfAnAttribute=1000, slaves=null, transactionSize=10000, useAtomics=false, useHistogramStatistics=false, useSimpleStatistics=true, useSmartClassLoading=true, useTransactions=true, writePercentage=10, writeTxPercentage=5 }
 INFO  [main] {org.radargun.Slave} Ack successfully sent to the master
[GC 1534026K(2944320K), 0.0343510 secs]
[GC 874761K->646251K(2944320K), 0.0453630 secs]
 INFO  [main] {org.radargun.Slave} Master shutdown!
 INFO  [Thread-0] {org.radargun.ShutDownHook} Slave process is being shutdown
