/usr/java/jdk1.7.0_21/bin/java -server -Xmx1024M -Xms1024M -Dresolve.dns=false -Djgroups.timer.num_threads=4 -verbose:gc -Xmx5000M -Xms3000M -server -XX:+UseConcMarkSweepGC -XX:+AggressiveOpts -verbose:gc -XX:ParallelGCThreads=4 -XX:NewRatio=5 -XX:SurvivorRatio=2 -Dhazelcast.operation.thread.count=4 -Djava.net.preferIPv4Stack=true -Dlog4j.file.prefix=deimos-esw-1262 -Dbind.address= -Djgroups.bind_addr= -classpath /home/smf/github/radargun/target/distribution/RadarGun-1.1.0-SNAPSHOT/lib/activation-1.1.jar:/home/smf/github/radargun/target/distribution/RadarGun-1.1.0-SNAPSHOT/lib/commons-beanutils-1.8.0.jar:/home/smf/github/radargun/target/distribution/RadarGun-1.1.0-SNAPSHOT/lib/commons-digester-2.0.jar:/home/smf/github/radargun/target/distribution/RadarGun-1.1.0-SNAPSHOT/lib/commons-logging-1.1.1.jar:/home/smf/github/radargun/target/distribution/RadarGun-1.1.0-SNAPSHOT/lib/commons-math-1.2.jar:/home/smf/github/radargun/target/distribution/RadarGun-1.1.0-SNAPSHOT/lib/jboss-transaction-api-1.0.1.GA.jar:/home/smf/github/radargun/target/distribution/RadarGun-1.1.0-SNAPSHOT/lib/jcommon-1.0.15.jar:/home/smf/github/radargun/target/distribution/RadarGun-1.1.0-SNAPSHOT/lib/jfreechart-1.0.12.jar:/home/smf/github/radargun/target/distribution/RadarGun-1.1.0-SNAPSHOT/lib/log4j-1.2.14.jar:/home/smf/github/radargun/target/distribution/RadarGun-1.1.0-SNAPSHOT/lib/mail-1.4.2.jar:/home/smf/github/radargun/target/distribution/RadarGun-1.1.0-SNAPSHOT/lib/radargun-framework-1.1.0-SNAPSHOT.jar:/home/smf/github/radargun/target/distribution/RadarGun-1.1.0-SNAPSHOT/conf org.radargun.Slave -master 127.0.0.1:2103
--------------------------------------------------------------------------------
PerNodeRollingFileAppender::Using file prefix:deimos-esw-1262
 INFO  [main] {org.radargun.Slave} Attempting to connect to master 127.0.0.1:2103
 INFO  [main] {org.radargun.Slave} Successfully established connection with master at: 127.0.0.1:2103
Loading JARS from /home/smf/github/radargun/target/distribution/RadarGun-1.1.0-SNAPSHOT/lib/radargun-framework-1.1.0-SNAPSHOT.jar
 INFO  [pool-1-thread-1] {org.radargun.config.AnnotatedHelper} Loading JARS from /home/smf/github/radargun/target/distribution/RadarGun-1.1.0-SNAPSHOT/lib/radargun-framework-1.1.0-SNAPSHOT.jar
 INFO  [pool-1-thread-1] {org.radargun.config.AnnotatedHelper} Loading JARS from /home/smf/github/radargun/target/distribution/RadarGun-1.1.0-SNAPSHOT/lib/radargun-framework-1.1.0-SNAPSHOT.jar
 INFO  [pool-1-thread-1] {org.radargun.Slave} Executing stage: DestroyWrapper {enforceMemoryThrashHold=true, exitBenchmarkOnSlaveFailure=false, heapDumpDir=null, memoryThreshold=95, runOnAllSlaves=true, slaves=null, useSmartClassLoading=true }
 INFO  [pool-1-thread-1] {org.radargun.stages.DestroyWrapperStage} Received destroy cache wrapper request from master...
 INFO  [pool-1-thread-1] {org.radargun.stages.DestroyWrapperStage} No cache wrapper deployed on this slave, nothing to do.
 INFO  [pool-1-thread-1] {org.radargun.stages.DestroyWrapperStage} Before executing clear, memory looks like this: Memory - free: 2,928,638 kb - max:4,906,688 kb- total:2,944,000 kb
[Full GC 15361K->3631K(2944000K), 0.1115510 secs]
 INFO  [pool-1-thread-1] {org.radargun.stages.DestroyWrapperStage} After executing cleanup, memory looks like this: Memory - free: 2,935,311 kb - max:4,906,688 kb- total:2,944,064 kb
 INFO  [pool-1-thread-1] {org.radargun.Slave} Finished stage: DestroyWrapper {enforceMemoryThrashHold=true, exitBenchmarkOnSlaveFailure=false, heapDumpDir=null, memoryThreshold=95, runOnAllSlaves=true, slaves=null, useSmartClassLoading=true }
 INFO  [main] {org.radargun.Slave} Ack successfully sent to the master
 INFO  [pool-1-thread-1] {org.radargun.Slave} Executing stage: StartCluster {config=hzl3-repl-sync.xml, delayAfterFirstSlaveStarts=5.000 secs, delayBetweenStartingSlaves=0.500 secs, exitBenchmarkOnSlaveFailure=true, expectNumSlaves=null, mayFailOn=null, reachable=null, runOnAllSlaves=false, slaves=null, staggerSlaveStartup=true, useSmartClassLoading=true, validateCluster=true }
 INFO  [pool-1-thread-1] {org.radargun.stages.StartClusterStage}  Startup staggering, starting 12 slaves. This is the slave with index 7. Sleeping for 8500 millis.
 INFO  [pool-1-thread-1] {org.radargun.stages.StartClusterStage} Ack master's StartCluster stage. Local address is: /127.0.0.1. This slave's index is: 7
 INFO  [pool-1-thread-1] {org.radargun.utils.ClassLoadHelper} Creating newInstance org.radargun.cachewrappers.FFWrapper with classloader java.net.URLClassLoader@445ebf88
 INFO  [pool-1-thread-1] {org.radargun.cachewrappers.FFWrapper} config=hzl3-repl-sync.xml, isLocal=false, nodeIndex=7, confAttributes={name=hzl3-repl-sync.xml, decorate=hazelcast3}
 INFO  [pool-1-thread-1] {org.radargun.cachewrappers.FFWrapper} Found fenix framework config options in 'rg-fenix-framework-config-options.properties'.
 INFO  [pool-1-thread-1] {org.radargun.cachewrappers.FFWrapper} Setting extra config properties for Fenix Framework.
 INFO  [pool-1-thread-1] {org.radargun.cachewrappers.FFWrapper} Will initialize Fenix Framework with RadarGunDataGridConfig
 TRACE [pool-1-thread-1] {pt.ist.fenixframework.FenixFramework} Static initializer block for FenixFramework class [BEGIN]
 INFO  [pool-1-thread-1] {pt.ist.fenixframework.FenixFramework} Trying auto-initialization with configuration by convention
 INFO  [pool-1-thread-1] {pt.ist.fenixframework.FenixFramework} Resource 'fenix-framework.properties' not found
 DEBUG [pool-1-thread-1] {pt.ist.fenixframework.FenixFramework} Fenix Framework properties after reading default config file:{}
 DEBUG [pool-1-thread-1] {pt.ist.fenixframework.FenixFramework} CurrentBackEndName = jvstm-datagrid
 INFO  [pool-1-thread-1] {pt.ist.fenixframework.FenixFramework} Resource 'fenix-framework-jvstm-datagrid.properties' not found
 DEBUG [pool-1-thread-1] {pt.ist.fenixframework.FenixFramework} Fenix Framework properties after reading backend config file:{}
 DEBUG [pool-1-thread-1] {pt.ist.fenixframework.FenixFramework} Fenix Framework properties after enforcing system properties:{}
 INFO  [pool-1-thread-1] {pt.ist.fenixframework.FenixFramework} Skipping configuration by convention.
 TRACE [pool-1-thread-1] {pt.ist.fenixframework.FenixFramework} Static initializer block for FenixFramework class [END]
 INFO  [pool-1-thread-1] {pt.ist.fenixframework.FenixFramework} Initializing Fenix Framework with config.class=pt.ist.fenixframework.backend.jvstm.datagrid.radargun.RadarGunDataGridConfig
 INFO  [pool-1-thread-1] {pt.ist.fenixframework.backend.jvstm.cluster.JvstmClusterBackEnd} initializeGroupCommunication()
 INFO  [pool-1-thread-1] {com.hazelcast.config.ClasspathXmlConfig} Configuring Hazelcast from 'hazelcast-ff.xml'.
 INFO  [pool-1-thread-1] {com.hazelcast.instance.DefaultAddressPicker} Interfaces is disabled, trying to pick one address from TCP-IP config addresses: [127.0.0.1]
 INFO  [pool-1-thread-1] {com.hazelcast.instance.DefaultAddressPicker} Picked Address[127.0.0.1]:5709, using socket ServerSocket[addr=/0.0.0.0,localport=5709], bind any local is true
 INFO  [pool-1-thread-1] {com.hazelcast.system} [127.0.0.1]:5709 [FenixFrameworkGroup] Hazelcast Community Edition 3.0.2 (20130906) starting at Address[127.0.0.1]:5709
 INFO  [pool-1-thread-1] {com.hazelcast.system} [127.0.0.1]:5709 [FenixFrameworkGroup] Copyright (C) 2008-2013 Hazelcast.com
 INFO  [pool-1-thread-1] {com.hazelcast.instance.Node} [127.0.0.1]:5709 [FenixFrameworkGroup] Creating MulticastJoiner
 INFO  [pool-1-thread-1] {com.hazelcast.core.LifecycleService} [127.0.0.1]:5709 [FenixFrameworkGroup] Address[127.0.0.1]:5709 is STARTING
 INFO  [pool-1-thread-1] {com.hazelcast.cluster.TcpIpJoiner} [127.0.0.1]:5709 [FenixFrameworkGroup] Connecting to possible member: Address[127.0.0.1]:5703
 INFO  [pool-1-thread-1] {com.hazelcast.cluster.TcpIpJoiner} [127.0.0.1]:5709 [FenixFrameworkGroup] Connecting to possible member: Address[127.0.0.1]:5702
 INFO  [pool-1-thread-1] {com.hazelcast.cluster.TcpIpJoiner} [127.0.0.1]:5709 [FenixFrameworkGroup] Connecting to possible member: Address[127.0.0.1]:5701
 INFO  [hz._hzInstance_1_FenixFrameworkGroup.cached.thread-2] {com.hazelcast.nio.SocketConnector} [127.0.0.1]:5709 [FenixFrameworkGroup] Connecting to /127.0.0.1:5703, timeout: 0, bind-any: true
 INFO  [hz._hzInstance_1_FenixFrameworkGroup.cached.thread-3] {com.hazelcast.nio.SocketConnector} [127.0.0.1]:5709 [FenixFrameworkGroup] Connecting to /127.0.0.1:5702, timeout: 0, bind-any: true
 INFO  [hz._hzInstance_1_FenixFrameworkGroup.cached.thread-1] {com.hazelcast.nio.SocketConnector} [127.0.0.1]:5709 [FenixFrameworkGroup] Connecting to /127.0.0.1:5701, timeout: 0, bind-any: true
 INFO  [hz._hzInstance_1_FenixFrameworkGroup.cached.thread-2] {com.hazelcast.nio.TcpIpConnectionManager} [127.0.0.1]:5709 [FenixFrameworkGroup] 45047 accepted socket connection from /127.0.0.1:5703
 INFO  [hz._hzInstance_1_FenixFrameworkGroup.cached.thread-1] {com.hazelcast.nio.TcpIpConnectionManager} [127.0.0.1]:5709 [FenixFrameworkGroup] 41259 accepted socket connection from /127.0.0.1:5701
 INFO  [hz._hzInstance_1_FenixFrameworkGroup.cached.thread-3] {com.hazelcast.nio.TcpIpConnectionManager} [127.0.0.1]:5709 [FenixFrameworkGroup] 45719 accepted socket connection from /127.0.0.1:5702
 INFO  [hz._hzInstance_1_FenixFrameworkGroup.IO.thread-in-2] {com.hazelcast.nio.TcpIpConnection} [127.0.0.1]:5709 [FenixFrameworkGroup] Connection [Address[127.0.0.1]:5702] lost. Reason: java.io.EOFException[Remote socket closed!]
 WARN  [hz._hzInstance_1_FenixFrameworkGroup.IO.thread-in-2] {com.hazelcast.nio.ReadHandler} [127.0.0.1]:5709 [FenixFrameworkGroup] hz._hzInstance_1_FenixFrameworkGroup.IO.thread-in-2 Closing socket to endpoint Address[127.0.0.1]:5702, Cause:java.io.EOFException: Remote socket closed!
 INFO  [hz._hzInstance_1_FenixFrameworkGroup.cached.thread-2] {com.hazelcast.cluster.ClusterService} [127.0.0.1]:5709 [FenixFrameworkGroup] 

Members [12] {
	Member [127.0.0.1]:5701
	Member [127.0.0.1]:5703
	Member [127.0.0.1]:5704
	Member [127.0.0.1]:5705
	Member [127.0.0.1]:5706
	Member [127.0.0.1]:5707
	Member [127.0.0.1]:5708
	Member [127.0.0.1]:5709 this
	Member [127.0.0.1]:5710
	Member [127.0.0.1]:5711
	Member [127.0.0.1]:5712
	Member [127.0.0.1]:5713
}

 INFO  [hz._hzInstance_1_FenixFrameworkGroup.cached.thread-10] {com.hazelcast.nio.SocketConnector} [127.0.0.1]:5709 [FenixFrameworkGroup] Connecting to /127.0.0.1:5704, timeout: 0, bind-any: true
 INFO  [hz._hzInstance_1_FenixFrameworkGroup.IO.thread-Acceptor] {com.hazelcast.nio.SocketAcceptor} [127.0.0.1]:5709 [FenixFrameworkGroup] Accepting socket connection from /127.0.0.1:34834
 INFO  [hz._hzInstance_1_FenixFrameworkGroup.cached.thread-10] {com.hazelcast.nio.TcpIpConnectionManager} [127.0.0.1]:5709 [FenixFrameworkGroup] 51177 accepted socket connection from /127.0.0.1:5704
 INFO  [hz._hzInstance_1_FenixFrameworkGroup.cached.thread-3] {com.hazelcast.nio.SocketConnector} [127.0.0.1]:5709 [FenixFrameworkGroup] Connecting to /127.0.0.1:5705, timeout: 0, bind-any: true
 INFO  [hz._hzInstance_1_FenixFrameworkGroup.IO.thread-Acceptor] {com.hazelcast.nio.TcpIpConnectionManager} [127.0.0.1]:5709 [FenixFrameworkGroup] 5709 accepted socket connection from /127.0.0.1:34834
 INFO  [hz._hzInstance_1_FenixFrameworkGroup.cached.thread-8] {com.hazelcast.nio.SocketConnector} [127.0.0.1]:5709 [FenixFrameworkGroup] Connecting to /127.0.0.1:5706, timeout: 0, bind-any: true
 INFO  [hz._hzInstance_1_FenixFrameworkGroup.IO.thread-Acceptor] {com.hazelcast.nio.SocketAcceptor} [127.0.0.1]:5709 [FenixFrameworkGroup] Accepting socket connection from /127.0.0.1:59658
 INFO  [hz._hzInstance_1_FenixFrameworkGroup.cached.thread-3] {com.hazelcast.nio.TcpIpConnectionManager} [127.0.0.1]:5709 [FenixFrameworkGroup] 47238 accepted socket connection from /127.0.0.1:5705
 INFO  [hz._hzInstance_1_FenixFrameworkGroup.IO.thread-Acceptor] {com.hazelcast.nio.TcpIpConnectionManager} [127.0.0.1]:5709 [FenixFrameworkGroup] 5709 accepted socket connection from /127.0.0.1:59658
 INFO  [hz._hzInstance_1_FenixFrameworkGroup.IO.thread-Acceptor] {com.hazelcast.nio.SocketAcceptor} [127.0.0.1]:5709 [FenixFrameworkGroup] Accepting socket connection from /127.0.0.1:34249
 INFO  [hz._hzInstance_1_FenixFrameworkGroup.cached.thread-8] {com.hazelcast.nio.TcpIpConnectionManager} [127.0.0.1]:5709 [FenixFrameworkGroup] 49476 accepted socket connection from /127.0.0.1:5706
 INFO  [hz._hzInstance_1_FenixFrameworkGroup.IO.thread-Acceptor] {com.hazelcast.nio.TcpIpConnectionManager} [127.0.0.1]:5709 [FenixFrameworkGroup] 5709 accepted socket connection from /127.0.0.1:34249
 INFO  [hz._hzInstance_1_FenixFrameworkGroup.cached.thread-8] {com.hazelcast.nio.SocketConnector} [127.0.0.1]:5709 [FenixFrameworkGroup] Connecting to /127.0.0.1:5707, timeout: 0, bind-any: true
 INFO  [hz._hzInstance_1_FenixFrameworkGroup.cached.thread-1] {com.hazelcast.nio.SocketConnector} [127.0.0.1]:5709 [FenixFrameworkGroup] Connecting to /127.0.0.1:5708, timeout: 0, bind-any: true
 INFO  [hz._hzInstance_1_FenixFrameworkGroup.cached.thread-11] {com.hazelcast.nio.SocketConnector} [127.0.0.1]:5709 [FenixFrameworkGroup] Connecting to /127.0.0.1:5710, timeout: 0, bind-any: true
 INFO  [hz._hzInstance_1_FenixFrameworkGroup.cached.thread-11] {com.hazelcast.nio.TcpIpConnectionManager} [127.0.0.1]:5709 [FenixFrameworkGroup] 34677 accepted socket connection from /127.0.0.1:5710
 INFO  [hz._hzInstance_1_FenixFrameworkGroup.cached.thread-11] {com.hazelcast.nio.SocketConnector} [127.0.0.1]:5709 [FenixFrameworkGroup] Connecting to /127.0.0.1:5711, timeout: 0, bind-any: true
 INFO  [hz._hzInstance_1_FenixFrameworkGroup.cached.thread-1] {com.hazelcast.nio.TcpIpConnectionManager} [127.0.0.1]:5709 [FenixFrameworkGroup] 54917 accepted socket connection from /127.0.0.1:5708
 INFO  [hz._hzInstance_1_FenixFrameworkGroup.IO.thread-Acceptor] {com.hazelcast.nio.SocketAcceptor} [127.0.0.1]:5709 [FenixFrameworkGroup] Accepting socket connection from /127.0.0.1:60024
 INFO  [hz._hzInstance_1_FenixFrameworkGroup.IO.thread-Acceptor] {com.hazelcast.nio.TcpIpConnectionManager} [127.0.0.1]:5709 [FenixFrameworkGroup] 5709 accepted socket connection from /127.0.0.1:60024
 INFO  [hz._hzInstance_1_FenixFrameworkGroup.cached.thread-11] {com.hazelcast.nio.TcpIpConnectionManager} [127.0.0.1]:5709 [FenixFrameworkGroup] 34209 accepted socket connection from /127.0.0.1:5711
 INFO  [hz._hzInstance_1_FenixFrameworkGroup.cached.thread-8] {com.hazelcast.nio.TcpIpConnectionManager} [127.0.0.1]:5709 [FenixFrameworkGroup] 57588 accepted socket connection from /127.0.0.1:5707
 INFO  [hz._hzInstance_1_FenixFrameworkGroup.cached.thread-3] {com.hazelcast.nio.SocketConnector} [127.0.0.1]:5709 [FenixFrameworkGroup] Connecting to /127.0.0.1:5713, timeout: 0, bind-any: true
 INFO  [hz._hzInstance_1_FenixFrameworkGroup.cached.thread-6] {com.hazelcast.nio.SocketConnector} [127.0.0.1]:5709 [FenixFrameworkGroup] Connecting to /127.0.0.1:5712, timeout: 0, bind-any: true
 INFO  [hz._hzInstance_1_FenixFrameworkGroup.cached.thread-3] {com.hazelcast.nio.TcpIpConnectionManager} [127.0.0.1]:5709 [FenixFrameworkGroup] 49263 accepted socket connection from /127.0.0.1:5713
 INFO  [hz._hzInstance_1_FenixFrameworkGroup.IO.thread-Acceptor] {com.hazelcast.nio.SocketAcceptor} [127.0.0.1]:5709 [FenixFrameworkGroup] Accepting socket connection from /127.0.0.1:41455
 INFO  [hz._hzInstance_1_FenixFrameworkGroup.cached.thread-6] {com.hazelcast.nio.TcpIpConnectionManager} [127.0.0.1]:5709 [FenixFrameworkGroup] 37868 accepted socket connection from /127.0.0.1:5712
 INFO  [hz._hzInstance_1_FenixFrameworkGroup.IO.thread-Acceptor] {com.hazelcast.nio.TcpIpConnectionManager} [127.0.0.1]:5709 [FenixFrameworkGroup] 5709 accepted socket connection from /127.0.0.1:41455
 INFO  [hz._hzInstance_1_FenixFrameworkGroup.IO.thread-Acceptor] {com.hazelcast.nio.SocketAcceptor} [127.0.0.1]:5709 [FenixFrameworkGroup] Accepting socket connection from /127.0.0.1:59508
 INFO  [hz._hzInstance_1_FenixFrameworkGroup.IO.thread-Acceptor] {com.hazelcast.nio.TcpIpConnectionManager} [127.0.0.1]:5709 [FenixFrameworkGroup] 5709 accepted socket connection from /127.0.0.1:59508
 INFO  [pool-1-thread-1] {com.hazelcast.core.LifecycleService} [127.0.0.1]:5709 [FenixFrameworkGroup] Address[127.0.0.1]:5709 is STARTED
 INFO  [pool-1-thread-1] {pt.ist.fenixframework.backend.jvstm.cluster.ClusterUtils} Got (long) serverId: 6
 INFO  [pool-1-thread-1] {pt.ist.fenixframework.backend.jvstm.cluster.JvstmClusterBackEnd} This is NOT the first node.
 INFO  [pool-1-thread-1] {pt.ist.fenixframework.backend.jvstm.cluster.ClusterUtils} Waiting for startup from first node
 INFO  [pool-1-thread-1] {pt.ist.fenixframework.backend.jvstm.JVSTMBackEnd} initializeRepository()
 INFO  [pool-1-thread-1] {pt.ist.fenixframework.backend.jvstm.datagrid.radargun.DataGridDecorator} config=hzl3-repl-sync.xml, isLocal=false, nodeIndex=7, confAttributes={name=hzl3-repl-sync.xml}
 INFO  [pool-1-thread-1] {org.radargun.cachewrappers.Hazelcast3Wrapper} Creating cache with the following configuration: hzl3-repl-sync.xml
 INFO  [pool-1-thread-1] {com.hazelcast.instance.DefaultAddressPicker} Interfaces is disabled, trying to pick one address from TCP-IP config addresses: [127.0.0.1]
 INFO  [pool-1-thread-1] {com.hazelcast.instance.DefaultAddressPicker} Picked Address[127.0.0.1]:5719, using socket ServerSocket[addr=/0.0.0.0,localport=5719], bind any local is true
 INFO  [pool-1-thread-1] {com.hazelcast.system} [127.0.0.1]:5719 [dev] Hazelcast Community Edition 3.0.2 (20130906) starting at Address[127.0.0.1]:5719
 INFO  [pool-1-thread-1] {com.hazelcast.system} [127.0.0.1]:5719 [dev] Copyright (C) 2008-2013 Hazelcast.com
 INFO  [pool-1-thread-1] {com.hazelcast.instance.Node} [127.0.0.1]:5719 [dev] Creating MulticastJoiner
 INFO  [pool-1-thread-1] {com.hazelcast.core.LifecycleService} [127.0.0.1]:5719 [dev] Address[127.0.0.1]:5719 is STARTING
 INFO  [pool-1-thread-1] {com.hazelcast.cluster.TcpIpJoiner} [127.0.0.1]:5719 [dev] Connecting to possible member: Address[127.0.0.1]:5703
 INFO  [pool-1-thread-1] {com.hazelcast.cluster.TcpIpJoiner} [127.0.0.1]:5719 [dev] Connecting to possible member: Address[127.0.0.1]:5702
 INFO  [pool-1-thread-1] {com.hazelcast.cluster.TcpIpJoiner} [127.0.0.1]:5719 [dev] Connecting to possible member: Address[127.0.0.1]:5701
 INFO  [hz._hzInstance_2_dev.cached.thread-2] {com.hazelcast.nio.SocketConnector} [127.0.0.1]:5719 [dev] Connecting to /127.0.0.1:5703, timeout: 0, bind-any: true
 INFO  [hz._hzInstance_2_dev.cached.thread-3] {com.hazelcast.nio.SocketConnector} [127.0.0.1]:5719 [dev] Connecting to /127.0.0.1:5702, timeout: 0, bind-any: true
 INFO  [hz._hzInstance_2_dev.cached.thread-2] {com.hazelcast.nio.TcpIpConnectionManager} [127.0.0.1]:5719 [dev] 43055 accepted socket connection from /127.0.0.1:5703
 INFO  [hz._hzInstance_2_dev.cached.thread-3] {com.hazelcast.nio.TcpIpConnectionManager} [127.0.0.1]:5719 [dev] 54420 accepted socket connection from /127.0.0.1:5702
 INFO  [hz._hzInstance_2_dev.cached.thread-1] {com.hazelcast.nio.SocketConnector} [127.0.0.1]:5719 [dev] Connecting to /127.0.0.1:5701, timeout: 0, bind-any: true
 INFO  [hz._hzInstance_2_dev.cached.thread-1] {com.hazelcast.nio.TcpIpConnectionManager} [127.0.0.1]:5719 [dev] 55363 accepted socket connection from /127.0.0.1:5701
 INFO  [hz._hzInstance_2_dev.IO.thread-in-0] {com.hazelcast.nio.TcpIpConnection} [127.0.0.1]:5719 [dev] Connection [Address[127.0.0.1]:5703] lost. Reason: java.io.EOFException[Remote socket closed!]
 INFO  [hz._hzInstance_2_dev.IO.thread-in-2] {com.hazelcast.nio.TcpIpConnection} [127.0.0.1]:5719 [dev] Connection [Address[127.0.0.1]:5701] lost. Reason: java.io.EOFException[Remote socket closed!]
 WARN  [hz._hzInstance_2_dev.IO.thread-in-0] {com.hazelcast.nio.ReadHandler} [127.0.0.1]:5719 [dev] hz._hzInstance_2_dev.IO.thread-in-0 Closing socket to endpoint Address[127.0.0.1]:5703, Cause:java.io.EOFException: Remote socket closed!
 WARN  [hz._hzInstance_2_dev.IO.thread-in-2] {com.hazelcast.nio.ReadHandler} [127.0.0.1]:5719 [dev] hz._hzInstance_2_dev.IO.thread-in-2 Closing socket to endpoint Address[127.0.0.1]:5701, Cause:java.io.EOFException: Remote socket closed!
 INFO  [hz._hzInstance_2_dev.cached.thread-1] {com.hazelcast.cluster.ClusterService} [127.0.0.1]:5719 [dev] 

Members [12] {
	Member [127.0.0.1]:5702
	Member [127.0.0.1]:5714
	Member [127.0.0.1]:5715
	Member [127.0.0.1]:5716
	Member [127.0.0.1]:5717
	Member [127.0.0.1]:5718
	Member [127.0.0.1]:5719 this
	Member [127.0.0.1]:5720
	Member [127.0.0.1]:5721
	Member [127.0.0.1]:5722
	Member [127.0.0.1]:5723
	Member [127.0.0.1]:5724
}

[GC 259695K->11249K(2944064K), 0.0519420 secs]
 INFO  [hz._hzInstance_2_dev.IO.thread-Acceptor] {com.hazelcast.nio.SocketAcceptor} [127.0.0.1]:5719 [dev] Accepting socket connection from /127.0.0.1:59966
 INFO  [hz._hzInstance_2_dev.cached.thread-4] {com.hazelcast.nio.SocketConnector} [127.0.0.1]:5719 [dev] Connecting to /127.0.0.1:5715, timeout: 0, bind-any: true
 INFO  [hz._hzInstance_2_dev.IO.thread-Acceptor] {com.hazelcast.nio.TcpIpConnectionManager} [127.0.0.1]:5719 [dev] 5719 accepted socket connection from /127.0.0.1:59966
 INFO  [hz._hzInstance_2_dev.cached.thread-3] {com.hazelcast.nio.SocketConnector} [127.0.0.1]:5719 [dev] Connecting to /127.0.0.1:5714, timeout: 0, bind-any: true
 INFO  [hz._hzInstance_2_dev.cached.thread-4] {com.hazelcast.nio.TcpIpConnectionManager} [127.0.0.1]:5719 [dev] 51801 accepted socket connection from /127.0.0.1:5715
 INFO  [hz._hzInstance_2_dev.cached.thread-12] {com.hazelcast.nio.SocketConnector} [127.0.0.1]:5719 [dev] Connecting to /127.0.0.1:5716, timeout: 0, bind-any: true
 INFO  [hz._hzInstance_2_dev.cached.thread-4] {com.hazelcast.nio.SocketConnector} [127.0.0.1]:5719 [dev] Connecting to /127.0.0.1:5717, timeout: 0, bind-any: true
 INFO  [hz._hzInstance_2_dev.IO.thread-Acceptor] {com.hazelcast.nio.SocketAcceptor} [127.0.0.1]:5719 [dev] Accepting socket connection from /127.0.0.1:34718
 INFO  [hz._hzInstance_2_dev.cached.thread-12] {com.hazelcast.nio.TcpIpConnectionManager} [127.0.0.1]:5719 [dev] 37425 accepted socket connection from /127.0.0.1:5716
 INFO  [hz._hzInstance_2_dev.cached.thread-3] {com.hazelcast.nio.TcpIpConnectionManager} [127.0.0.1]:5719 [dev] 52546 accepted socket connection from /127.0.0.1:5714
 INFO  [hz._hzInstance_2_dev.cached.thread-4] {com.hazelcast.nio.TcpIpConnectionManager} [127.0.0.1]:5719 [dev] 55932 accepted socket connection from /127.0.0.1:5717
 INFO  [hz._hzInstance_2_dev.cached.thread-13] {com.hazelcast.nio.SocketConnector} [127.0.0.1]:5719 [dev] Connecting to /127.0.0.1:5718, timeout: 0, bind-any: true
 INFO  [hz._hzInstance_2_dev.IO.thread-Acceptor] {com.hazelcast.nio.TcpIpConnectionManager} [127.0.0.1]:5719 [dev] 5719 accepted socket connection from /127.0.0.1:34718
 INFO  [hz._hzInstance_2_dev.cached.thread-3] {com.hazelcast.nio.SocketConnector} [127.0.0.1]:5719 [dev] Connecting to /127.0.0.1:5720, timeout: 0, bind-any: true
 INFO  [hz._hzInstance_2_dev.IO.thread-Acceptor] {com.hazelcast.nio.SocketAcceptor} [127.0.0.1]:5719 [dev] Accepting socket connection from /127.0.0.1:55778
 INFO  [hz._hzInstance_2_dev.cached.thread-13] {com.hazelcast.nio.TcpIpConnectionManager} [127.0.0.1]:5719 [dev] 48131 accepted socket connection from /127.0.0.1:5718
 INFO  [hz._hzInstance_2_dev.IO.thread-Acceptor] {com.hazelcast.nio.TcpIpConnectionManager} [127.0.0.1]:5719 [dev] 5719 accepted socket connection from /127.0.0.1:55778
 INFO  [hz._hzInstance_2_dev.cached.thread-3] {com.hazelcast.nio.TcpIpConnectionManager} [127.0.0.1]:5719 [dev] 39609 accepted socket connection from /127.0.0.1:5720
 INFO  [hz._hzInstance_2_dev.IO.thread-Acceptor] {com.hazelcast.nio.SocketAcceptor} [127.0.0.1]:5719 [dev] Accepting socket connection from /127.0.0.1:44008
 INFO  [hz._hzInstance_2_dev.cached.thread-3] {com.hazelcast.nio.SocketConnector} [127.0.0.1]:5719 [dev] Connecting to /127.0.0.1:5721, timeout: 0, bind-any: true
 INFO  [hz._hzInstance_2_dev.cached.thread-3] {com.hazelcast.nio.TcpIpConnectionManager} [127.0.0.1]:5719 [dev] 44317 accepted socket connection from /127.0.0.1:5721
 INFO  [hz._hzInstance_2_dev.IO.thread-Acceptor] {com.hazelcast.nio.TcpIpConnectionManager} [127.0.0.1]:5719 [dev] 5719 accepted socket connection from /127.0.0.1:44008
 INFO  [hz._hzInstance_2_dev.IO.thread-Acceptor] {com.hazelcast.nio.SocketAcceptor} [127.0.0.1]:5719 [dev] Accepting socket connection from /127.0.0.1:40583
 INFO  [hz._hzInstance_2_dev.cached.thread-16] {com.hazelcast.nio.SocketConnector} [127.0.0.1]:5719 [dev] Connecting to /127.0.0.1:5723, timeout: 0, bind-any: true
 INFO  [hz._hzInstance_2_dev.IO.thread-Acceptor] {com.hazelcast.nio.TcpIpConnectionManager} [127.0.0.1]:5719 [dev] 5719 accepted socket connection from /127.0.0.1:40583
 INFO  [hz._hzInstance_2_dev.cached.thread-3] {com.hazelcast.nio.SocketConnector} [127.0.0.1]:5719 [dev] Connecting to /127.0.0.1:5724, timeout: 0, bind-any: true
 INFO  [hz._hzInstance_2_dev.IO.thread-Acceptor] {com.hazelcast.nio.SocketAcceptor} [127.0.0.1]:5719 [dev] Accepting socket connection from /127.0.0.1:45377
 INFO  [hz._hzInstance_2_dev.IO.thread-Acceptor] {com.hazelcast.nio.TcpIpConnectionManager} [127.0.0.1]:5719 [dev] 5719 accepted socket connection from /127.0.0.1:45377
 INFO  [hz._hzInstance_2_dev.cached.thread-3] {com.hazelcast.nio.TcpIpConnectionManager} [127.0.0.1]:5719 [dev] 46678 accepted socket connection from /127.0.0.1:5724
 INFO  [hz._hzInstance_2_dev.cached.thread-16] {com.hazelcast.nio.TcpIpConnectionManager} [127.0.0.1]:5719 [dev] 43726 accepted socket connection from /127.0.0.1:5723
 INFO  [hz._hzInstance_2_dev.IO.thread-Acceptor] {com.hazelcast.nio.SocketAcceptor} [127.0.0.1]:5719 [dev] Accepting socket connection from /127.0.0.1:36606
 INFO  [hz._hzInstance_2_dev.IO.thread-Acceptor] {com.hazelcast.nio.TcpIpConnectionManager} [127.0.0.1]:5719 [dev] 5719 accepted socket connection from /127.0.0.1:36606
 INFO  [hz._hzInstance_2_dev.IO.thread-Acceptor] {com.hazelcast.nio.SocketAcceptor} [127.0.0.1]:5719 [dev] Accepting socket connection from /127.0.0.1:41979
 INFO  [hz._hzInstance_2_dev.IO.thread-Acceptor] {com.hazelcast.nio.TcpIpConnectionManager} [127.0.0.1]:5719 [dev] 5719 accepted socket connection from /127.0.0.1:41979
 INFO  [hz._hzInstance_2_dev.IO.thread-Acceptor] {com.hazelcast.nio.SocketAcceptor} [127.0.0.1]:5719 [dev] Accepting socket connection from /127.0.0.1:44718
 INFO  [hz._hzInstance_2_dev.IO.thread-Acceptor] {com.hazelcast.nio.TcpIpConnectionManager} [127.0.0.1]:5719 [dev] 5719 accepted socket connection from /127.0.0.1:44718
 INFO  [hz._hzInstance_2_dev.IO.thread-Acceptor] {com.hazelcast.nio.SocketAcceptor} [127.0.0.1]:5719 [dev] Accepting socket connection from /127.0.0.1:44175
 INFO  [hz._hzInstance_2_dev.IO.thread-Acceptor] {com.hazelcast.nio.TcpIpConnectionManager} [127.0.0.1]:5719 [dev] 5719 accepted socket connection from /127.0.0.1:44175
 WARN  [pool-1-thread-1] {com.hazelcast.instance.Node} [127.0.0.1]:5719 [dev] Config seed port is 5701 and cluster size is 12. Some of the ports seem occupied!
 INFO  [pool-1-thread-1] {com.hazelcast.core.LifecycleService} [127.0.0.1]:5719 [dev] Address[127.0.0.1]:5719 is STARTED
 INFO  [pool-1-thread-1] {org.radargun.cachewrappers.Hazelcast3Wrapper} Hazelcast configuration:Config{groupConfig=GroupConfig [name=dev, password=********], properties={hazelcast.logging.type=log4j}, networkConfig=NetworkConfig {publicAddress='null', port=5701, portCount=100, portAutoIncrement=true, join=JoinConfig{multicastConfig=MulticastConfig [enabled=true, multicastGroup=224.0.2.128, multicastPort=54327, multicastTimeToLive=32, multicastTimeoutSeconds=2, trustedInterfaces=[]], tcpIpConfig=TcpIpConfig [enabled=true, connectionTimeoutSeconds=5, members=[127.0.0.1], requiredMember=null], awsConfig=AwsConfig{enabled=false, region='us-east-1', securityGroupName='null', tagKey='null', tagValue='null', hostHeader='ec2.amazonaws.com', connectionTimeoutSeconds=5}}, interfaces=InterfacesConfig{enabled=false, interfaces=[]}, sslConfig=null, socketInterceptorConfig=null, symmetricEncryptionConfig=null}, mapConfigs={default=MapConfig{name='default', inMemoryFormat=BINARY', backupCount=5, asyncBackupCount=0, timeToLiveSeconds=0, maxIdleSeconds=0, evictionPolicy='NONE', evictionPercentage=0, maxSizeConfig=MaxSizeConfig{maxSizePolicy='PER_PARTITION', size=2147483647}, readBackupData=true, nearCacheConfig=null, mapStoreConfig=null, mergePolicyConfig='hz.ADD_NEW_ENTRY', wanReplicationRef=null, listenerConfigs=[], mapIndexConfigs=[], storageType=null}}, topicConfigs={}, queueConfigs={}, multiMapConfigs={}, executorConfigs={default=ExecutorConfig{name='default', poolSize=8, queueCapacity=2147483647}}, semaphoreConfigs={}, wanReplicationConfigs={}, listenerConfigs=[], partitionGroupConfig=PartitionGroupConfig{enabled=false, groupType=PER_MEMBER, memberGroupConfigs=[]}, managementCenterConfig=ManagementCenterConfig{enabled=false, url='null', updateInterval=5}, securityConfig=SecurityConfig{enabled=false, memberCredentialsConfig=CredentialsFactoryConfig{className='null', implementation=null, properties={}}, memberLoginModuleConfigs=[], clientLoginModuleConfigs=[], clientPolicyConfig=PermissionPolicyConfig{className='null', implementation=null, properties={}}, clientPermissionConfigs=[]}}
 INFO  [pool-1-thread-1] {pt.ist.fenixframework.backend.jvstm.datagrid.DataGridRepository} Initialization marker is present. Data Grid already existed.
 INFO  [pool-1-thread-1] {pt.ist.fenixframework.backend.jvstm.JVSTMBackEnd} initializeDomainClassInfos
 INFO  [pool-1-thread-1] {pt.ist.fenixframework.backend.jvstm.pstm.DomainClassInfo} serverId: 6, serverOidBase: 6000000000000
 INFO  [pool-1-thread-1] {pt.ist.fenixframework.backend.jvstm.pstm.DomainClassInfo} Existing domain class 'pt.ist.fenixframework.adt.bplustree.AbstractNode' with id 'f'
 INFO  [pool-1-thread-1] {pt.ist.fenixframework.backend.jvstm.pstm.DomainClassInfo} Existing domain class 'pt.ist.fenixframework.adt.bplustree.BPlusTreeArray' with id '2'
 INFO  [pool-1-thread-1] {pt.ist.fenixframework.backend.jvstm.pstm.DomainClassInfo} Existing domain class 'pt.ist.fenixframework.adt.bplustree.InnerNode' with id '8'
 INFO  [pool-1-thread-1] {pt.ist.fenixframework.backend.jvstm.pstm.DomainClassInfo} Existing domain class 'pt.ist.fenixframework.adt.linkedlist.LinkedList' with id '9'
 INFO  [pool-1-thread-1] {pt.ist.fenixframework.backend.jvstm.pstm.DomainClassInfo} Existing domain class 'pt.ist.fenixframework.adt.bplustree.LeafNodeArray' with id 'c'
 INFO  [pool-1-thread-1] {pt.ist.fenixframework.backend.jvstm.pstm.DomainClassInfo} Existing domain class 'pt.ist.fenixframework.adt.bplustree.BPlusTree' with id '7'
 INFO  [pool-1-thread-1] {pt.ist.fenixframework.backend.jvstm.pstm.DomainClassInfo} Existing domain class 'pt.ist.fenixframework.backend.jvstm.pstm.TransactionStatisticsEntry' with id '5'
 INFO  [pool-1-thread-1] {pt.ist.fenixframework.backend.jvstm.pstm.DomainClassInfo} Existing domain class 'pt.ist.fenixframework.adt.bplustree.DomainLeafNode' with id '1'
 INFO  [pool-1-thread-1] {pt.ist.fenixframework.backend.jvstm.pstm.DomainClassInfo} Existing domain class 'pt.ist.fenixframework.adt.bplustree.AbstractNodeArray' with id 'a'
 INFO  [pool-1-thread-1] {pt.ist.fenixframework.backend.jvstm.pstm.DomainClassInfo} Existing domain class 'pt.ist.fenixframework.adt.bplustree.InnerNodeArray' with id 'b'
 INFO  [pool-1-thread-1] {pt.ist.fenixframework.backend.jvstm.pstm.DomainClassInfo} Existing domain class 'pt.ist.fenixframework.backend.jvstm.pstm.FenixFrameworkData' with id 'd'
 INFO  [pool-1-thread-1] {pt.ist.fenixframework.backend.jvstm.pstm.DomainClassInfo} Existing domain class 'pt.ist.fenixframework.adt.bplustree.LeafNode' with id '4'
 INFO  [pool-1-thread-1] {pt.ist.fenixframework.backend.jvstm.pstm.DomainClassInfo} Existing domain class 'pt.ist.fenixframework.adt.linkedlist.ListNode' with id '6'
 INFO  [pool-1-thread-1] {pt.ist.fenixframework.backend.jvstm.pstm.DomainClassInfo} Existing domain class 'pt.ist.fenixframework.adt.bplustree.DomainInnerNode' with id '3'
 INFO  [pool-1-thread-1] {pt.ist.fenixframework.backend.jvstm.pstm.DomainClassInfo} Existing domain class 'pt.ist.fenixframework.adt.bplustree.DomainBPlusTree' with id 'e'
 INFO  [pool-1-thread-1] {pt.ist.fenixframework.backend.jvstm.pstm.DomainClassInfo} Existing domain class 'pt.ist.fenixframework.DomainRoot' with id '0'
 INFO  [pool-1-thread-1] {pt.ist.fenixframework.backend.jvstm.JVSTMBackEnd} setupJVSTM
 INFO  [pool-1-thread-1] {pt.ist.fenixframework.backend.jvstm.JVSTMBackEnd} Setting the last committed TX number to 2
 INFO  [pool-1-thread-1] {pt.ist.fenixframework.backend.jvstm.JVSTMBackEnd} createDomainRootIfNeeded
 INFO  [pool-1-thread-1] {pt.ist.fenixframework.backend.jvstm.JVSTMBackEnd} ensureFenixFrameworkDataExists
 INFO  [pool-1-thread-1] {pt.ist.fenixframework.hibernatesearch.HibernateSearchConfig} Resource 'fenix-framework-hibernate-search.properties' not found. Hibernate Search disabled
 INFO  [pool-1-thread-1] {pt.ist.fenixframework.FenixFramework} Initialization of Fenix Framework is now complete.
 INFO  [pool-1-thread-1] {org.radargun.cachewrappers.FFWrapper} FF STARTED=true
 INFO  [pool-1-thread-1] {org.radargun.stages.helpers.StartHelper} Number of members is the one expected: 12
 INFO  [pool-1-thread-1] {org.radargun.stages.StartClusterStage} Successfully started cache wrapper on slave 7: org.radargun.cachewrappers.FFWrapper@15e40fe9
 INFO  [pool-1-thread-1] {org.radargun.Slave} Finished stage: StartCluster {config=hzl3-repl-sync.xml, delayAfterFirstSlaveStarts=5.000 secs, delayBetweenStartingSlaves=0.500 secs, exitBenchmarkOnSlaveFailure=true, expectNumSlaves=null, mayFailOn=null, reachable=null, runOnAllSlaves=false, slaves=null, staggerSlaveStartup=true, useSmartClassLoading=true, validateCluster=true }
 INFO  [main] {org.radargun.Slave} Ack successfully sent to the master
 INFO  [pool-1-thread-1] {org.radargun.Slave} Executing stage: ClusterValidation {exitBenchmarkOnSlaveFailure=false, partialReplication=false, replicationTimeSleep=2000, replicationTryCount=60, runOnAllSlaves=false, slaves=null, useSmartClassLoading=true }
 WARN  [hz._hzInstance_2_dev.cached.thread-13] {com.hazelcast.transaction.TransactionManagerService} [127.0.0.1]:5719 [dev] No tx backup log is found, tx -> d83d64f9-ed8a-4b97-898d-020a6965cb55
 WARN  [hz._hzInstance_2_dev.cached.thread-13] {com.hazelcast.transaction.TransactionManagerService} [127.0.0.1]:5719 [dev] No tx backup log is found, tx -> 108ed0d8-abc5-4a14-b8d0-6f994afcc3ef
 WARN  [hz._hzInstance_2_dev.cached.thread-1] {com.hazelcast.transaction.TransactionManagerService} [127.0.0.1]:5719 [dev] No tx backup log is found, tx -> 99b79c19-89cb-42f6-bf5b-4656899f0399
 INFO  [pool-1-thread-1] {org.radargun.stages.ClusterValidationStage} Number of caches that replicated here is 3
 WARN  [hz._hzInstance_2_dev.cached.thread-1] {com.hazelcast.transaction.TransactionManagerService} [127.0.0.1]:5719 [dev] No tx backup log is found, tx -> 9ef71baf-e0a5-45b5-bcb3-5fe65fedc647
 WARN  [hz._hzInstance_2_dev.cached.thread-1] {com.hazelcast.transaction.TransactionManagerService} [127.0.0.1]:5719 [dev] No tx backup log is found, tx -> 18acb209-2590-4996-83fd-58f76667c001
 WARN  [hz._hzInstance_2_dev.cached.thread-1] {com.hazelcast.transaction.TransactionManagerService} [127.0.0.1]:5719 [dev] No tx backup log is found, tx -> 45c4692d-0f0c-4554-95ae-229b518cf48a
 WARN  [hz._hzInstance_2_dev.cached.thread-16] {com.hazelcast.transaction.TransactionManagerService} [127.0.0.1]:5719 [dev] No tx backup log is found, tx -> 86d1cd45-20fa-4b45-8fdd-d0793038cad5
 INFO  [pool-1-thread-1] {org.radargun.stages.ClusterValidationStage} Replication test failed, 1 tries so far. Sleeping for 2 seconds and trying again.
 WARN  [hz._hzInstance_2_dev.cached.thread-16] {com.hazelcast.transaction.TransactionManagerService} [127.0.0.1]:5719 [dev] No tx backup log is found, tx -> 37be8291-bff3-4e72-a4e3-9606bd5f11e3
 WARN  [hz._hzInstance_2_dev.cached.thread-16] {com.hazelcast.transaction.TransactionManagerService} [127.0.0.1]:5719 [dev] No tx backup log is found, tx -> 7108ac4c-323c-41f6-a3b3-c9efd3f3c779
 INFO  [pool-1-thread-1] {org.radargun.stages.ClusterValidationStage} Number of caches that replicated here is 11
 INFO  [pool-1-thread-1] {org.radargun.stages.ClusterValidationStage} Replication test successfully passed. partialReplication? false, replicationCount = 11
 INFO  [pool-1-thread-1] {org.radargun.stages.ClusterValidationStage} Confirm phase successful.
 INFO  [pool-1-thread-1] {org.radargun.Slave} Finished stage: ClusterValidation {exitBenchmarkOnSlaveFailure=false, partialReplication=false, replicationTimeSleep=2000, replicationTryCount=60, runOnAllSlaves=false, slaves=[ 0, 1, 2, 3, 4, 5, 6, 7, 8, 9, 10, 11 ], useSmartClassLoading=true }
 INFO  [main] {org.radargun.Slave} Ack successfully sent to the master
 INFO  [pool-1-thread-1] {org.radargun.Slave} Executing stage: StressTestWarmup {bulkSize=1, cacheSpecificKeyGenerator=false, commitTransactions=true, duration=1 mins 0 secs, entrySize=1000, exitBenchmarkOnSlaveFailure=false, fixedKeys=true, generateHistogramRange=false, keyGeneratorClass=org.radargun.stressors.StringKeyGenerator, keyGeneratorParam=null, loadAllKeys=false, numEntries=100, numOfThreads=4, numRequests=10000, numThreads=4, numberOfAttributes=100, numberOfRequests=10000, opsCountStatusLog=100000, poolKeys=true, preferAsyncOperations=false, removePercentage=0, replaceInvalidPercentage=40, runOnAllSlaves=false, sharedKeys=false, sizeOfAnAttribute=1000, slaves=null, transactionSize=50, useAtomics=false, useHistogramStatistics=false, useSimpleStatistics=true, useSmartClassLoading=true, useTransactions=null, writePercentage=20, writeTxPercentage=20 }
 INFO  [pool-1-thread-1] {org.radargun.stages.StressTestWarmupStage} Starting StressTestWarmupStage: StressTestWarmup {bulkSize=1, cacheSpecificKeyGenerator=false, commitTransactions=true, duration=1 mins 0 secs, entrySize=1000, exitBenchmarkOnSlaveFailure=false, fixedKeys=true, generateHistogramRange=false, keyGeneratorClass=org.radargun.stressors.StringKeyGenerator, keyGeneratorParam=null, loadAllKeys=false, numEntries=100, numOfThreads=4, numRequests=10000, numThreads=4, numberOfAttributes=100, numberOfRequests=10000, opsCountStatusLog=100000, poolKeys=true, preferAsyncOperations=false, removePercentage=0, replaceInvalidPercentage=40, runOnAllSlaves=false, sharedKeys=false, sizeOfAnAttribute=1000, slaves=null, transactionSize=50, useAtomics=false, useHistogramStatistics=false, useSimpleStatistics=true, useSmartClassLoading=true, useTransactions=null, writePercentage=20, writeTxPercentage=20 }
 INFO  [pool-1-thread-1] {org.radargun.stressors.StressTestStressor} Using key generator org.radargun.stressors.StringKeyGenerator, param null
 INFO  [pool-1-thread-1] {org.radargun.stressors.StressTestStressor} Executing: StressTestStressor{opsCountStatusLog=100000, numRequests=10000, numEntries=100, entrySize=1000, writePercentage=20, numThreads=4, cacheWrapper=org.radargun.cachewrappers.FFWrapper@15e40fe9, nodeIndex=7, useTransactions=true, transactionSize=50, commitTransactions=true, durationMillis=60000}
 INFO  [pool-1-thread-1] {org.radargun.stressors.StressTestStressor} Cache wrapper info is: FFWrapper using hazelcast3
[GC 267313K->11737K(2944064K), 0.0340240 secs]
 INFO  [hz._hzInstance_2_dev.scheduled] {com.hazelcast.partition.PartitionService} [127.0.0.1]:5719 [dev] Re-sending sync replica request for partition: 0, replica: 2
[GC 267801K->14131K(2944064K), 0.0317220 secs]
 INFO  [pool-1-thread-1] {org.radargun.stressors.StressTestStressor} Started 4 stressor threads.
 INFO  [Stressor-3] {org.radargun.stressors.StressTestStressor} Number of ops executed so far: 1. Elapsed time: 0.001 secs. Remaining: 59.999 secs. Total: 1 mins 0 secs
[GC 270195K->14852K(2944064K), 0.0317500 secs]
[GC 270916K->16156K(2944064K), 0.0285470 secs]
[GC 272220K->15157K(2944064K), 0.0312950 secs]
[GC 271221K->15939K(2944064K), 0.0337990 secs]
[GC 272003K->16674K(2944064K), 0.0328770 secs]
 INFO  [Stressor-0] {org.radargun.stressors.StressTestStressor} Number of ops executed so far: 9850. Elapsed time: 20.076 secs. Remaining: 39.924 secs. Total: 1 mins 0 secs
[GC 272738K->17361K(2944064K), 0.0303140 secs]
[GC 273425K->20512K(2944064K), 0.0334130 secs]
[GC 276576K->18905K(2944064K), 0.0336970 secs]
[GC 274969K->19714K(2944064K), 0.0336570 secs]
[GC 275778K->20540K(2944064K), 0.0349180 secs]
 INFO  [Stressor-0] {org.radargun.stressors.StressTestStressor} Number of ops executed so far: 16550. Elapsed time: 40.098 secs. Remaining: 19.902 secs. Total: 1 mins 0 secs
[GC 276604K->21416K(2944064K), 0.0355110 secs]
[GC 277480K->22251K(2944064K), 0.0363260 secs]
[GC 278315K->27250K(2944064K), 0.0550750 secs]
[GC 283314K->22090K(2944064K), 0.0368030 secs]
[GC 278154K->22334K(2944064K), 0.0307430 secs]
 INFO  [Stressor-1] {org.radargun.stressors.StressTestStressor} Number of ops executed so far: 31850. Elapsed time: 1 mins 0 secs. Remaining: 0.000 secs. Total: 1 mins 0 secs
 INFO  [pool-1-thread-1] {org.radargun.stressors.StressTestStressor} Finished generating report. Test duration is: 1 mins 12 secs
 INFO  [pool-1-thread-1] {org.radargun.stages.StressTestWarmupStage} The warmup took: 72 seconds.
 INFO  [pool-1-thread-1] {org.radargun.Slave} Finished stage: StressTestWarmup {bulkSize=1, cacheSpecificKeyGenerator=false, commitTransactions=true, duration=1 mins 0 secs, entrySize=1000, exitBenchmarkOnSlaveFailure=false, fixedKeys=true, generateHistogramRange=false, keyGeneratorClass=org.radargun.stressors.StringKeyGenerator, keyGeneratorParam=null, loadAllKeys=false, numEntries=100, numOfThreads=4, numRequests=10000, numThreads=4, numberOfAttributes=100, numberOfRequests=10000, opsCountStatusLog=100000, poolKeys=true, preferAsyncOperations=false, removePercentage=0, replaceInvalidPercentage=40, runOnAllSlaves=false, sharedKeys=false, sizeOfAnAttribute=1000, slaves=null, transactionSize=50, useAtomics=false, useHistogramStatistics=false, useSimpleStatistics=true, useSmartClassLoading=true, useTransactions=null, writePercentage=20, writeTxPercentage=20 }
 INFO  [main] {org.radargun.Slave} Ack successfully sent to the master
[GC 278398K->23461K(2944064K), 0.0302240 secs]
[GC 279525K->24561K(2944064K), 0.0308360 secs]
[GC 280625K->25360K(2944064K), 0.0292450 secs]
[GC 281424K->28323K(2944064K), 0.0317600 secs]
[GC 284387K->24159K(2944064K), 0.0390250 secs]
[GC 280223K->28165K(2944064K), 0.0343080 secs]
[GC 284229K->27826K(2944064K), 0.0631580 secs]
[GC 283890K->28894K(2944064K), 0.0299470 secs]
[GC 284958K->32343K(2944064K), 0.0319060 secs]
[GC 288407K->29672K(2944064K), 0.0321140 secs]
[GC 285736K->34961K(2944064K), 0.0307430 secs]
[GC 291025K->29314K(2944064K), 0.0293570 secs]
[GC 285378K->36971K(2944064K), 0.0320310 secs]
[GC 293035K->31151K(2944064K), 0.0303450 secs]
[GC 287215K->36696K(2944064K), 0.0309360 secs]
[GC 292760K->36418K(2944064K), 0.0354520 secs]
[GC 292482K->37025K(2944064K), 0.0375040 secs]
[GC 293089K->38120K(2944064K), 0.0361740 secs]
[GC 294184K->39942K(2944064K), 0.0365080 secs]
[GC 296006K->43143K(2944064K), 0.0384510 secs]
[GC 299207K->55124K(2944064K), 0.0387500 secs]
 INFO  [pool-1-thread-1] {org.radargun.Slave} Executing stage: ClearClusterStage {ClearCluster {exitBenchmarkOnSlaveFailure=false, runOnAllSlaves=false, slaves=[ 0 ], useSmartClassLoading=true }
 INFO  [pool-1-thread-1] {org.radargun.stages.ClearClusterStage} Before executing clear, memory looks like this: Memory - free: 2,743,598 kb - max:4,906,688 kb- total:2,944,064 kb
[Full GC 200465K->42853K(2944064K), 0.3099000 secs]
 INFO  [pool-1-thread-1] {org.radargun.stages.ClearClusterStage} After executing cleanup, memory looks like this: Memory - free: 2,900,772 kb - max:4,906,688 kb- total:2,944,192 kb
 INFO  [pool-1-thread-1] {org.radargun.Slave} Finished stage: ClearClusterStage {ClearCluster {exitBenchmarkOnSlaveFailure=false, runOnAllSlaves=false, slaves=[ 0 ], useSmartClassLoading=true }
 INFO  [main] {org.radargun.Slave} Ack successfully sent to the master
 INFO  [pool-1-thread-1] {org.radargun.Slave} Executing stage: StressTest {bulkSize=1, cacheSpecificKeyGenerator=false, commitTransactions=true, duration=1 mins 0 secs, entrySize=1000, exitBenchmarkOnSlaveFailure=false, fixedKeys=true, generateHistogramRange=false, keyGeneratorClass=org.radargun.stressors.StringKeyGenerator, keyGeneratorParam=null, loadAllKeys=false, numEntries=10000, numOfThreads=4, numRequests=10000000, numThreads=4, numberOfAttributes=10000, numberOfRequests=10000000, opsCountStatusLog=500000, poolKeys=true, preferAsyncOperations=false, removePercentage=0, replaceInvalidPercentage=40, runOnAllSlaves=false, sharedKeys=false, sizeOfAnAttribute=1000, slaves=null, transactionSize=10000, useAtomics=false, useHistogramStatistics=false, useSimpleStatistics=true, useSmartClassLoading=true, useTransactions=true, writePercentage=10, writeTxPercentage=5 }
 INFO  [pool-1-thread-1] {org.radargun.stages.StressTestStage} Starting StressTestStage: StressTest {bulkSize=1, cacheSpecificKeyGenerator=false, commitTransactions=true, duration=1 mins 0 secs, entrySize=1000, exitBenchmarkOnSlaveFailure=false, fixedKeys=true, generateHistogramRange=false, keyGeneratorClass=org.radargun.stressors.StringKeyGenerator, keyGeneratorParam=null, loadAllKeys=false, numEntries=10000, numOfThreads=4, numRequests=10000000, numThreads=4, numberOfAttributes=10000, numberOfRequests=10000000, opsCountStatusLog=500000, poolKeys=true, preferAsyncOperations=false, removePercentage=0, replaceInvalidPercentage=40, runOnAllSlaves=false, sharedKeys=false, sizeOfAnAttribute=1000, slaves=null, transactionSize=10000, useAtomics=false, useHistogramStatistics=false, useSimpleStatistics=true, useSmartClassLoading=true, useTransactions=true, writePercentage=10, writeTxPercentage=5 }
 INFO  [pool-1-thread-1] {org.radargun.stressors.StressTestStressor} Using key generator org.radargun.stressors.StringKeyGenerator, param null
 INFO  [pool-1-thread-1] {org.radargun.stressors.StressTestStressor} Executing: StressTestStressor{opsCountStatusLog=500000, numRequests=10000000, numEntries=10000, entrySize=1000, writePercentage=10, numThreads=4, cacheWrapper=org.radargun.cachewrappers.FFWrapper@15e40fe9, nodeIndex=7, useTransactions=true, transactionSize=10000, commitTransactions=true, durationMillis=60000}
 INFO  [pool-1-thread-1] {org.radargun.stressors.StressTestStressor} Cache wrapper info is: FFWrapper using hazelcast3
[GC 298981K->62632K(2944192K), 0.0278260 secs]
[GC 318760K->48047K(2944192K), 0.0258170 secs]
[GC 304175K->46464K(2944192K), 0.0259430 secs]
[GC 302592K->47906K(2944192K), 0.0292560 secs]
[GC 304034K->47779K(2944192K), 0.0285290 secs]
[GC 303907K->48886K(2944192K), 0.0298850 secs]
[GC 305014K->50003K(2944192K), 0.0282910 secs]
[GC 306131K->51070K(2944192K), 0.0284220 secs]
[GC 307198K->52144K(2944192K), 0.0545890 secs]
[GC 308272K->53182K(2944192K), 0.0331870 secs]
[GC 309310K->54242K(2944192K), 0.0305420 secs]
[GC 310370K->55278K(2944192K), 0.0328500 secs]
[GC 311406K->56260K(2944192K), 0.0342570 secs]
[GC 312388K->57313K(2944192K), 0.0310750 secs]
[GC 313441K->58364K(2944192K), 0.0342610 secs]
[GC 314492K->58320K(2944192K), 0.0369930 secs]
[GC 314448K->58690K(2944192K), 0.0293230 secs]
[GC 314818K->59298K(2944192K), 0.0339910 secs]
[GC 315426K->60065K(2944192K), 0.0326840 secs]
[GC 316193K->60729K(2944192K), 0.0315070 secs]
[GC 316857K->61513K(2944192K), 0.0315060 secs]
[GC 317641K->62211K(2944192K), 0.0299060 secs]
[GC 318339K->62961K(2944192K), 0.0333050 secs]
[GC 319089K->63604K(2944192K), 0.0308440 secs]
[GC 319732K->64398K(2944192K), 0.0299670 secs]
[GC 320526K->65089K(2944192K), 0.0325010 secs]
[GC 321217K->65746K(2944192K), 0.0340990 secs]
[GC 321874K->66496K(2944192K), 0.0302410 secs]
[GC 322624K->69859K(2944192K), 0.0344840 secs]
[GC 325987K->70606K(2944192K), 0.0421100 secs]
[GC 326734K->71314K(2944192K), 0.0309610 secs]
[GC 327442K->71901K(2944192K), 0.0331810 secs]
[GC 328029K->75281K(2944192K), 0.0351380 secs]
[GC 331409K->70662K(2944192K), 0.0297290 secs]
[GC 326790K->72511K(2944192K), 0.0341970 secs]
[GC 328639K->74254K(2944192K), 0.0324660 secs]
[GC 330382K->72666K(2944192K), 0.0347060 secs]
[GC 328794K->75933K(2944192K), 0.0336820 secs]
[GC 332061K->76755K(2944192K), 0.0334880 secs]
[GC 332883K->74776K(2944192K), 0.0352030 secs]
[GC 330904K->75472K(2944192K), 0.0332450 secs]
[GC 331600K->78735K(2944192K), 0.0323080 secs]
[GC 334863K->76876K(2944192K), 0.0308620 secs]
[GC 333004K->80120K(2944192K), 0.0307000 secs]
[GC 336248K->80881K(2944192K), 0.0307420 secs]
[GC 337009K->78967K(2944192K), 0.0344320 secs]
[GC 335095K->79634K(2944192K), 0.0328660 secs]
[GC 335762K->82960K(2944192K), 0.0334990 secs]
[GC 339088K->83676K(2944192K), 0.0333130 secs]
[GC 339804K->84484K(2944192K), 0.0303150 secs]
[GC 340612K->85245K(2944192K), 0.0478990 secs]
[GC 341373K->83298K(2944192K), 0.0350610 secs]
[GC 339426K->83968K(2944192K), 0.0428300 secs]
[GC 340096K->84693K(2944192K), 0.0742550 secs]
[GC 340821K->88008K(2944192K), 0.0331070 secs]
[GC 344136K->88722K(2944192K), 0.0406280 secs]
[GC 344850K->89334K(2944192K), 0.0334980 secs]
[GC 345462K->92611K(2944192K), 0.0324300 secs]
[GC 348739K->88228K(2944192K), 0.0317170 secs]
[GC 344356K->92486K(2944192K), 0.0322320 secs]
[GC 348614K->91978K(2944192K), 0.0512560 secs]
[GC 348106K->93001K(2944192K), 0.0336390 secs]
[GC 349129K->96495K(2944192K), 0.0324990 secs]
[GC 352623K->93563K(2944192K), 0.0319270 secs]
[GC 349691K->96196K(2944192K), 0.0337640 secs]
[GC 352324K->98195K(2944192K), 0.0404220 secs]
[GC 354323K->95493K(2944192K), 0.0774470 secs]
[GC 351621K->95880K(2944192K), 0.0332480 secs]
[GC 352008K->97627K(2944192K), 0.0399650 secs]
[GC 353755K->98611K(2944192K), 0.0353860 secs]
[GC 354739K->99379K(2944192K), 0.0302970 secs]
[GC 355507K->100177K(2944192K), 0.0320580 secs]
[GC 356305K->103606K(2944192K), 0.0337100 secs]
[GC 359734K->99032K(2944192K), 0.0310280 secs]
[GC 355160K->100789K(2944192K), 0.0360580 secs]
[GC 356917K->102722K(2944192K), 0.0313330 secs]
[GC 358850K->106334K(2944192K), 0.0340950 secs]
[GC 362462K->103426K(2944192K), 0.0361360 secs]
[GC 359554K->106088K(2944192K), 0.0329320 secs]
[GC 362216K->107975K(2944192K), 0.0316860 secs]
[GC 364103K->103723K(2944192K), 0.0297670 secs]
[GC 359851K->105722K(2944192K), 0.0401530 secs]
[GC 361850K->110791K(2944192K), 0.0344470 secs]
[GC 366918K->116243K(2944192K), 0.0355290 secs]
[GC 372371K->113128K(2944192K), 0.0342550 secs]
[GC 369256K->115721K(2944192K), 0.0347150 secs]
[GC 371849K->119686K(2944192K), 0.0583400 secs]
[GC 375814K->122396K(2944192K), 0.0340240 secs]
[GC 378524K->124867K(2944192K), 0.0340260 secs]
[GC 380995K->127183K(2944192K), 0.0340420 secs]
[GC 383311K->129518K(2944192K), 0.0343750 secs]
[GC 385646K->131647K(2944192K), 0.0323160 secs]
[GC 387775K->134030K(2944192K), 0.0332780 secs]
[GC 390158K->136543K(2944192K), 0.0361710 secs]
[GC 392671K->138752K(2944192K), 0.0369210 secs]
[GC 394880K->140966K(2944192K), 0.0343340 secs]
[GC 397094K->143968K(2944192K), 0.0389100 secs]
[GC 400096K->133695K(2944192K), 0.0368110 secs]
[GC 389823K->143611K(2944192K), 0.0362910 secs]
[GC 399739K->142143K(2944192K), 0.0371000 secs]
[GC 398271K->138208K(2944192K), 0.0380440 secs]
[GC 394336K->139865K(2944192K), 0.0366700 secs]
[GC 395993K->141367K(2944192K), 0.0400970 secs]
[GC 397495K->142799K(2944192K), 0.0395930 secs]
[GC 398927K->144295K(2944192K), 0.0380700 secs]
[GC 400423K->145824K(2944192K), 0.0402330 secs]
[GC 401952K->147306K(2944192K), 0.0415770 secs]
[GC 403434K->148681K(2944192K), 0.0433400 secs]
[GC 404809K->150032K(2944192K), 0.0398220 secs]
[GC 406160K->151315K(2944192K), 0.0407490 secs]
[GC 407443K->152778K(2944192K), 0.0411010 secs]
[GC 408906K->153946K(2944192K), 0.0411790 secs]
[GC 410074K->154972K(2944192K), 0.0386290 secs]
[GC 411100K->156552K(2944192K), 0.0371450 secs]
[GC 412680K->163683K(2944192K), 0.0402290 secs]
[GC 419811K->165194K(2944192K), 0.0406010 secs]
[GC 421322K->166949K(2944192K), 0.0431620 secs]
[GC 423077K->168649K(2944192K), 0.0412510 secs]
[GC 424777K->170280K(2944192K), 0.0403840 secs]
[GC 426408K->171971K(2944192K), 0.0377040 secs]
[GC 428099K->173538K(2944192K), 0.0404340 secs]
[GC 429666K->169395K(2944192K), 0.0379950 secs]
[GC 425523K->170806K(2944192K), 0.0374520 secs]
[GC 426934K->172318K(2944192K), 0.0414450 secs]
[GC 428446K->179733K(2944192K), 0.0397770 secs]
[GC 435861K->181356K(2944192K), 0.0400580 secs]
[GC 437484K->188632K(2944192K), 0.0391740 secs]
[GC 444760K->182219K(2944192K), 0.0376400 secs]
[GC 438347K->187721K(2944192K), 0.0372690 secs]
[GC 443849K->186331K(2944192K), 0.0439650 secs]
[GC 442459K->194254K(2944192K), 0.0396090 secs]
[GC 450382K->184507K(2944192K), 0.0378530 secs]
[GC 440635K->188333K(2944192K), 0.0434400 secs]
[GC 444461K->192297K(2944192K), 0.0387840 secs]
[GC 448425K->194230K(2944192K), 0.0436250 secs]
[GC 450358K->195929K(2944192K), 0.0419700 secs]
[GC 452057K->197368K(2944192K), 0.0396240 secs]
[GC 453496K->198862K(2944192K), 0.0423190 secs]
[GC 454990K->194882K(2944192K), 0.0426520 secs]
 INFO  [pool-1-thread-1] {org.radargun.stressors.StressTestStressor} Started 4 stressor threads.
 INFO  [Stressor-3] {org.radargun.stressors.StressTestStressor} Number of ops executed so far: 1. Elapsed time: 0.000 secs. Remaining: 1 mins 0 secs. Total: 1 mins 0 secs
[GC 451010K->213004K(2944192K), 0.0424680 secs]
[GC 469132K->214970K(2944192K), 0.0407200 secs]
[GC 471098K->212384K(2944192K), 0.0430030 secs]
[GC 468512K->215319K(2944192K), 0.0414110 secs]
[GC 471447K->217900K(2944192K), 0.0400960 secs]
 INFO  [Stressor-3] {org.radargun.stressors.StressTestStressor} Number of ops executed so far: 263096. Elapsed time: 20.000 secs. Remaining: 40.000 secs. Total: 1 mins 0 secs
[GC 474028K->227731K(2944192K), 0.0401990 secs]
[GC 483859K->214856K(2944192K), 0.0413350 secs]
[GC 470984K->235987K(2944192K), 0.0407010 secs]
[GC 492115K->218801K(2944192K), 0.0456680 secs]
[GC 474929K->241783K(2944192K), 0.0434190 secs]
[GC 497911K->223496K(2944192K), 0.0425520 secs]
 INFO  [Stressor-3] {org.radargun.stressors.StressTestStressor} Number of ops executed so far: 580000. Elapsed time: 42.200 secs. Remaining: 17.800 secs. Total: 1 mins 0 secs
[GC 479624K->238661K(2944192K), 0.0468470 secs]
[GC 494789K->256129K(2944192K), 0.0421090 secs]
[GC 512257K->232102K(2944192K), 0.0417460 secs]
[GC 488230K->256309K(2944192K), 0.0400520 secs]
[GC 512437K->243575K(2944192K), 0.0453370 secs]
[GC 499703K->261247K(2944192K), 0.0410820 secs]
 INFO  [Stressor-2] {org.radargun.stressors.StressTestStressor} Number of ops executed so far: 750000. Elapsed time: 1 mins 3 secs. Remaining: 0.000 secs. Total: 1 mins 0 secs
[GC 517375K->239731K(2944192K), 0.0406090 secs]
[GC 495859K->262285K(2944192K), 0.0425080 secs]
 INFO  [pool-1-thread-1] {org.radargun.stressors.StressTestStressor} Finished generating report. Test duration is: 10 mins 59 secs
 INFO  [pool-1-thread-1] {org.radargun.stages.StressTestStage} size info: FFWrapper using hazelcast3, clusterSize:12, nodeIndex:7, cacheSize: -1
 INFO  [pool-1-thread-1] {org.radargun.Slave} Finished stage: StressTest {bulkSize=1, cacheSpecificKeyGenerator=false, commitTransactions=true, duration=1 mins 0 secs, entrySize=1000, exitBenchmarkOnSlaveFailure=false, fixedKeys=true, generateHistogramRange=false, keyGeneratorClass=org.radargun.stressors.StringKeyGenerator, keyGeneratorParam=null, loadAllKeys=false, numEntries=10000, numOfThreads=4, numRequests=10000000, numThreads=4, numberOfAttributes=10000, numberOfRequests=10000000, opsCountStatusLog=500000, poolKeys=true, preferAsyncOperations=false, removePercentage=0, replaceInvalidPercentage=40, runOnAllSlaves=false, sharedKeys=false, sizeOfAnAttribute=1000, slaves=null, transactionSize=10000, useAtomics=false, useHistogramStatistics=false, useSimpleStatistics=true, useSmartClassLoading=true, useTransactions=true, writePercentage=10, writeTxPercentage=5 }
 INFO  [main] {org.radargun.Slave} Ack successfully sent to the master
[GC 518413K->240975K(2944192K), 0.0417050 secs]
[GC 497103K->252964K(2944192K), 0.0380140 secs]
[GC 509092K->242355K(2944192K), 0.0421350 secs]
[GC 498483K->242889K(2944192K), 0.0392140 secs]
[GC 499017K->236142K(2944192K), 0.0359360 secs]
[GC 492270K->236720K(2944192K), 0.0355370 secs]
[GC 492848K->237508K(2944192K), 0.0359770 secs]
[GC 493636K->239054K(2944192K), 0.0382990 secs]
[GC 495182K->238944K(2944192K), 0.0348720 secs]
[GC 495072K->239544K(2944192K), 0.0352520 secs]
[GC 495672K->240403K(2944192K), 0.0397060 secs]
[GC 496531K->241101K(2944192K), 0.0359560 secs]
[GC 497229K->245457K(2944192K), 0.0579310 secs]
[GC 501585K->244710K(2944192K), 0.0341610 secs]
[GC 500838K->244849K(2944192K), 0.0333800 secs]
[GC 500977K->244609K(2944192K), 0.0440070 secs]
[GC 500737K->244589K(2944192K), 0.0370840 secs]
[GC 500717K->245061K(2944192K), 0.0349450 secs]
[GC 501189K->245654K(2944192K), 0.0345690 secs]
[GC 501782K->246294K(2944192K), 0.0344490 secs]
[GC 502422K->247009K(2944192K), 0.0569660 secs]
[GC 503137K->247625K(2944192K), 0.0507380 secs]
[GC 503753K->248301K(2944192K), 0.0368200 secs]
[GC 504429K->248954K(2944192K), 0.0365040 secs]
[GC 505082K->251953K(2944192K), 0.0354860 secs]
[GC 508081K->250206K(2944192K), 0.0350940 secs]
[GC 506334K->250884K(2944192K), 0.0351970 secs]
[GC 507012K->251540K(2944192K), 0.0339990 secs]
[GC 507668K->254661K(2944192K), 0.0377320 secs]
[GC 510789K->252944K(2944192K), 0.0338970 secs]
[GC 509072K->253621K(2944192K), 0.0322130 secs]
[GC 509749K->256754K(2944192K), 0.0551490 secs]
[GC 512882K->254946K(2944192K), 0.0331470 secs]
[GC 511074K->255701K(2944192K), 0.0326430 secs]
[GC 511829K->256369K(2944192K), 0.0368620 secs]
[GC 512497K->256973K(2944192K), 0.0347580 secs]
[GC 513101K->257737K(2944192K), 0.0342950 secs]
[GC 513865K->258437K(2944192K), 0.0642590 secs]
[GC 514565K->259065K(2944192K), 0.0341750 secs]
[GC 515193K->262316K(2944192K), 0.0360010 secs]
[GC 518444K->260528K(2944192K), 0.0382000 secs]
[GC 516656K->261257K(2944192K), 0.0347330 secs]
[GC 517385K->261933K(2944192K), 0.0350550 secs]
[GC 518061K->262625K(2944192K), 0.0339150 secs]
[GC 518753K->263297K(2944192K), 0.0348400 secs]
[GC 519425K->264002K(2944192K), 0.0326410 secs]
[GC 520130K->264681K(2944192K), 0.0318780 secs]
[GC 520809K->267936K(2944192K), 0.0345150 secs]
[GC 524064K->266005K(2944192K), 0.0348700 secs]
[GC 522133K->269278K(2944192K), 0.0327350 secs]
[GC 525406K->267450K(2944192K), 0.0331620 secs]
[GC 523578K->268179K(2944192K), 0.0302350 secs]
[GC 524307K->268873K(2944192K), 0.0461770 secs]
[GC 525001K->272134K(2944192K), 0.0336320 secs]
[GC 528262K->270314K(2944192K), 0.0551610 secs]
[GC 526442K->271028K(2944192K), 0.0578860 secs]
[GC 527156K->271622K(2944192K), 0.0320050 secs]
[GC 527750K->274867K(2944192K), 0.0316230 secs]
[GC 530995K->273056K(2944192K), 0.0441150 secs]
[GC 529184K->273794K(2944192K), 0.0359780 secs]
[GC 529922K->277058K(2944192K), 0.0347610 secs]
[GC 533186K->277800K(2944192K), 0.0368260 secs]
[GC 533928K->278542K(2944192K), 0.0775080 secs]
[GC 534670K->276674K(2944192K), 0.0321340 secs]
[GC 532802K->280018K(2944192K), 0.0363000 secs]
[GC 536146K->280761K(2944192K), 0.0380900 secs]
[GC 536889K->278768K(2944192K), 0.0307620 secs]
[GC 534896K->279520K(2944192K), 0.0361970 secs]
[GC 535648K->280202K(2944192K), 0.0316700 secs]
[GC 536330K->283523K(2944192K), 0.0373970 secs]
[GC 539651K->281537K(2944192K), 0.0378050 secs]
[GC 537665K->282298K(2944192K), 0.0431430 secs]
[GC 538426K->283040K(2944192K), 0.0332150 secs]
[GC 539168K->283723K(2944192K), 0.0360050 secs]
[GC 539851K->284395K(2944192K), 0.0379790 secs]
[GC 540523K->287860K(2944192K), 0.0342560 secs]
[GC 543988K->285916K(2944192K), 0.0345810 secs]
[GC 542044K->289224K(2944192K), 0.0804470 secs]
[GC 545352K->287266K(2944192K), 0.0359060 secs]
[GC 543394K->290601K(2944192K), 0.0296240 secs]
[GC 546729K->288670K(2944192K), 0.0349950 secs]
[GC 544798K->289360K(2944192K), 0.0318530 secs]
[GC 545488K->290045K(2944192K), 0.0328130 secs]
[GC 546173K->290750K(2944192K), 0.0351860 secs]
[GC 546878K->291513K(2944192K), 0.0369180 secs]
[GC 547641K->292278K(2944192K), 0.0366550 secs]
[GC 548406K->292912K(2944192K), 0.0539500 secs]
[GC 549040K->293638K(2944192K), 0.0375270 secs]
[GC 549766K->296984K(2944192K), 0.0347590 secs]
[GC 553112K->297707K(2944192K), 0.0544470 secs]
[GC 553835K->295708K(2944192K), 0.0354730 secs]
[GC 551836K->296427K(2944192K), 0.0351130 secs]
[GC 552555K->297097K(2944192K), 0.0554270 secs]
[GC 553225K->300476K(2944192K), 0.0813430 secs]
[GC 556604K->301249K(2944192K), 0.0376170 secs]
[GC 557377K->299264K(2944192K), 0.0627450 secs]
[GC 555392K->299980K(2944192K), 0.0335870 secs]
[GC 556108K->303391K(2944192K), 0.0407750 secs]
[GC 559519K->304130K(2944192K), 0.0632680 secs]
[GC 560258K->302141K(2944192K), 0.0371440 secs]
[GC 558269K->302860K(2944192K), 0.0357310 secs]
[GC 558988K->306232K(2944192K), 0.0357280 secs]
[GC 562360K->306972K(2944192K), 0.0333840 secs]
[GC 563100K->310391K(2944192K), 0.0351280 secs]
[GC 566519K->304082K(2944192K), 0.0603500 secs]
[GC 560210K->307662K(2944192K), 0.0359070 secs]
[GC 563790K->306958K(2944192K), 0.0370560 secs]
[GC 563086K->307890K(2944192K), 0.0364470 secs]
[GC 564018K->311348K(2944192K), 0.0362850 secs]
[GC 567476K->312075K(2944192K), 0.0337580 secs]
[GC 568203K->312812K(2944192K), 0.0334610 secs]
[GC 568940K->310856K(2944192K), 0.0384350 secs]
[GC 566984K->311585K(2944192K), 0.0372510 secs]
[GC 567713K->312277K(2944192K), 0.0341440 secs]
[GC 568405K->315689K(2944192K), 0.0315870 secs]
[GC 571817K->316425K(2944192K), 0.0322030 secs]
[GC 572553K->317076K(2944192K), 0.0344880 secs]
[GC 573204K->317786K(2944192K), 0.0346650 secs]
[GC 573914K->315855K(2944192K), 0.0342140 secs]
[GC 571983K->316573K(2944192K), 0.0354890 secs]
[GC 572701K->317340K(2944192K), 0.0377750 secs]
[GC 573468K->318052K(2944192K), 0.0437860 secs]
[GC 574180K->318770K(2944192K), 0.0359590 secs]
[GC 574898K->319501K(2944192K), 0.0678420 secs]
[GC 575629K->322863K(2944192K), 0.0339550 secs]
[GC 578991K->320912K(2944192K), 0.0376060 secs]
[GC 577040K->321617K(2944192K), 0.0356180 secs]
[GC 577745K->322407K(2944192K), 0.0375470 secs]
[GC 578535K->325881K(2944192K), 0.0340680 secs]
[GC 582009K->323908K(2944192K), 0.0357830 secs]
[GC 580036K->324518K(2944192K), 0.0347950 secs]
[GC 580646K->325193K(2944192K), 0.0354130 secs]
[GC 581321K->325891K(2944192K), 0.0388630 secs]
[GC 582019K->326578K(2944192K), 0.0362460 secs]
[GC 582706K->330041K(2944192K), 0.0365370 secs]
[GC 586169K->330786K(2944192K), 0.0352040 secs]
[GC 586914K->331458K(2944192K), 0.0333540 secs]
[GC 587586K->332153K(2944192K), 0.0322260 secs]
[GC 588281K->332797K(2944192K), 0.0376880 secs]
[GC 588925K->333575K(2944192K), 0.0393580 secs]
[GC 589703K->331565K(2944192K), 0.0362980 secs]
[GC 587693K->334988K(2944192K), 0.0312240 secs]
[GC 591116K->332920K(2944192K), 0.0376530 secs]
[GC 589048K->333634K(2944192K), 0.0386300 secs]
[GC 589762K->334288K(2944192K), 0.0369910 secs]
[GC 590416K->334940K(2944192K), 0.0358270 secs]
[GC 591068K->335627K(2944192K), 0.0361690 secs]
[GC 591755K->339056K(2944192K), 0.0342020 secs]
[GC 595184K->337153K(2944192K), 0.0390760 secs]
[GC 593281K->337820K(2944192K), 0.0358420 secs]
[GC 593948K->341111K(2944192K), 0.0380820 secs]
[GC 597239K->339217K(2944192K), 0.0366800 secs]
[GC 595345K->339913K(2944192K), 0.0326070 secs]
[GC 596041K->340689K(2944192K), 0.0363410 secs]
[GC 596817K->346606K(2944192K), 0.0338910 secs]
[GC 602734K->343703K(2944192K), 0.0356770 secs]
[GC 599831K->346374K(2944192K), 0.0338450 secs]
[GC 602502K->345801K(2944192K), 0.0505650 secs]
[GC 601929K->344139K(2944192K), 0.0342660 secs]
[GC 600267K->344870K(2944192K), 0.0355610 secs]
[GC 600998K->345557K(2944192K), 0.0385130 secs]
[GC 601685K->346346K(2944192K), 0.0353790 secs]
[GC 602474K->347044K(2944192K), 0.0334420 secs]
[GC 603172K->347713K(2944192K), 0.0346630 secs]
[GC 603841K->348485K(2944192K), 0.0384170 secs]
[GC 604613K->349316K(2944192K), 0.0353670 secs]
[GC 605444K->350038K(2944192K), 0.0593860 secs]
[GC 606166K->353340K(2944192K), 0.0350320 secs]
[GC 609468K->353978K(2944192K), 0.0362680 secs]
[GC 610106K->352106K(2944192K), 0.0393780 secs]
[GC 608234K->355518K(2944192K), 0.0340960 secs]
[GC 611646K->353529K(2944192K), 0.0367020 secs]
[GC 609657K->354182K(2944192K), 0.0371620 secs]
[GC 610310K->354908K(2944192K), 0.0373370 secs]
[GC 611036K->358306K(2944192K), 0.0368070 secs]
[GC 614434K->356353K(2944192K), 0.0347000 secs]
[GC 612481K->359710K(2944192K), 0.0356650 secs]
[GC 615838K->357791K(2944192K), 0.0383030 secs]
[GC 613919K->358547K(2944192K), 0.0349880 secs]
[GC 614675K->359243K(2944192K), 0.0348990 secs]
[GC 615371K->359934K(2944192K), 0.0353620 secs]
[GC 616062K->360606K(2944192K), 0.0373150 secs]
[GC 616734K->361334K(2944192K), 0.0376400 secs]
[GC 617462K->364760K(2944192K), 0.0378240 secs]
[GC 620888K->362770K(2944192K), 0.0344180 secs]
[GC 618898K->363544K(2944192K), 0.0343620 secs]
[GC 619672K->366953K(2944192K), 0.0355310 secs]
[GC 623081K->367725K(2944192K), 0.0389750 secs]
[GC 623853K->365680K(2944192K), 0.0397530 secs]
[GC 621808K->369115K(2944192K), 0.0356270 secs]
[GC 625243K->367053K(2944192K), 0.0366380 secs]
[GC 623181K->367869K(2944192K), 0.0462790 secs]
[GC 623997K->368575K(2944192K), 0.0400350 secs]
[GC 624703K->369336K(2944192K), 0.0339320 secs]
[GC 625464K->372704K(2944192K), 0.0346090 secs]
[GC 628832K->370787K(2944192K), 0.0399480 secs]
[GC 626915K->371521K(2944192K), 0.0372690 secs]
[GC 627649K->372203K(2944192K), 0.0349310 secs]
[GC 628331K->372982K(2944192K), 0.0364170 secs]
[GC 629110K->376530K(2944192K), 0.0323470 secs]
[GC 632658K->377212K(2944192K), 0.0376870 secs]
[GC 633340K->377929K(2944192K), 0.0344430 secs]
[GC 634057K->378519K(2944192K), 0.0574370 secs]
[GC 634647K->379334K(2944192K), 0.0340850 secs]
[GC 635462K->377294K(2944192K), 0.0361270 secs]
[GC 633422K->378056K(2944192K), 0.0343870 secs]
[GC 634184K->381502K(2944192K), 0.0346980 secs]
[GC 637630K->379501K(2944192K), 0.0383330 secs]
[GC 635629K->380139K(2944192K), 0.0362860 secs]
[GC 636267K->380871K(2944192K), 0.0376720 secs]
[GC 636999K->384365K(2944192K), 0.0322430 secs]
[GC 640493K->382347K(2944192K), 0.0786920 secs]
[GC 638475K->383128K(2944192K), 0.0388140 secs]
[GC 639256K->386479K(2944192K), 0.0333700 secs]
[GC 642607K->387190K(2944192K), 0.0340180 secs]
[GC 643318K->385258K(2944192K), 0.0373210 secs]
[GC 641386K->388599K(2944192K), 0.0363660 secs]
[GC 644727K->386644K(2944192K), 0.0788310 secs]
[GC 642772K->387392K(2944192K), 0.0369750 secs]
[GC 643520K->388078K(2944192K), 0.0394310 secs]
[GC 644206K->388799K(2944192K), 0.0388890 secs]
[GC 644927K->389476K(2944192K), 0.0320010 secs]
[GC 645604K->390182K(2944192K), 0.0344380 secs]
[GC 646310K->390908K(2944192K), 0.0345340 secs]
[GC 647036K->391694K(2944192K), 0.0346820 secs]
[GC 647822K->392417K(2944192K), 0.0378120 secs]
[GC 648545K->393109K(2944192K), 0.0379750 secs]
[GC 649237K->396424K(2944192K), 0.0336000 secs]
[GC 652552K->397147K(2944192K), 0.0452440 secs]
[GC 653275K->395263K(2944192K), 0.0395660 secs]
[GC 651391K->395901K(2944192K), 0.0332650 secs]
[GC 652029K->399387K(2944192K), 0.0356630 secs]
[GC 655515K->397440K(2944192K), 0.0356770 secs]
[GC 653568K->398123K(2944192K), 0.0332320 secs]
[GC 654251K->398862K(2944192K), 0.0335890 secs]
[GC 654990K->402452K(2944192K), 0.0373990 secs]
[GC 658580K->400518K(2944192K), 0.1074220 secs]
[GC 656646K->401236K(2944192K), 0.0525310 secs]
[GC 657364K->404805K(2944192K), 0.0321610 secs]
[GC 660933K->405498K(2944192K), 0.0362820 secs]
[GC 661626K->406246K(2944192K), 0.0642160 secs]
[GC 662374K->406942K(2944192K), 0.0351980 secs]
[GC 663070K->404975K(2944192K), 0.0347360 secs]
[GC 661103K->411299K(2944192K), 0.0318660 secs]
[GC 667427K->406475K(2944192K), 0.0329930 secs]
[GC 662603K->408442K(2944192K), 0.0351380 secs]
[GC 664570K->410316K(2944192K), 0.0333840 secs]
[GC 666444K->408557K(2944192K), 0.0360810 secs]
[GC 664685K->412227K(2944192K), 0.0391040 secs]
[GC 668355K->410123K(2944192K), 0.0979740 secs]
[GC 666251K->410881K(2944192K), 0.0347680 secs]
[GC 667009K->414267K(2944192K), 0.0512630 secs]
[GC 670395K->412246K(2944192K), 0.0362130 secs]
[GC 668374K->412927K(2944192K), 0.0358050 secs]
[GC 669055K->419172K(2944192K), 0.0323080 secs]
[GC 675300K->416191K(2944192K), 0.0352690 secs]
[GC 672319K->416324K(2944192K), 0.0380920 secs]
[GC 672452K->418241K(2944192K), 0.0383530 secs]
[GC 674369K->419268K(2944192K), 0.0333860 secs]
[GC 675396K->417296K(2944192K), 0.0347340 secs]
[GC 673424K->418086K(2944192K), 0.0341610 secs]
[GC 674214K->421559K(2944192K), 0.0336960 secs]
[GC 677687K->422316K(2944192K), 0.0397820 secs]
[GC 678444K->420214K(2944192K), 0.0382060 secs]
[GC 676342K->421059K(2944192K), 0.0360520 secs]
[GC 677187K->421777K(2944192K), 0.0332650 secs]
[GC 677905K->422484K(2944192K), 0.0378980 secs]
[GC 678612K->426020K(2944192K), 0.0467590 secs]
[GC 682148K->426797K(2944192K), 0.0355570 secs]
[GC 682925K->424821K(2944192K), 0.0341310 secs]
[GC 680949K->428205K(2944192K), 0.0371350 secs]
[GC 684333K->426161K(2944192K), 0.0357890 secs]
[GC 682289K->429676K(2944192K), 0.0545780 secs]
[GC 685804K->430477K(2944192K), 0.0363410 secs]
[GC 686605K->432930K(2944192K), 0.0360980 secs]
[GC 689058K->439282K(2944192K), 0.0699230 secs]
[GC 695410K->438896K(2944192K), 0.0403100 secs]
[GC 695024K->441951K(2944192K), 0.0435620 secs]
[GC 698079K->449204K(2944192K), 0.0396440 secs]
[GC 705332K->457359K(2944192K), 0.0427050 secs]
[GC 713487K->447984K(2944192K), 0.0396390 secs]
[GC 704112K->460315K(2944192K), 0.0414840 secs]
[GC 716443K->448591K(2944192K), 0.0384260 secs]
[GC 704719K->466393K(2944192K), 0.0430910 secs]
[GC 722521K->457258K(2944192K), 0.0433860 secs]
[GC 713386K->472634K(2944192K), 0.0418690 secs]
[GC 728762K->457822K(2944192K), 0.0451270 secs]
[GC 713950K->477035K(2944192K), 0.0416030 secs]
[GC 733163K->461352K(2944192K), 0.0425510 secs]
[GC 717480K->473242K(2944192K), 0.0423630 secs]
[GC 729370K->463672K(2944192K), 0.0441460 secs]
[GC 719800K->465026K(2944192K), 0.0405980 secs]
[GC 721154K->465561K(2944192K), 0.0433510 secs]
[GC 721689K->466196K(2944192K), 0.0417640 secs]
[GC 722324K->466786K(2944192K), 0.0411040 secs]
[GC 722914K->467300K(2944192K), 0.0414690 secs]
[GC 723428K->467873K(2944192K), 0.0409510 secs]
[GC 724001K->468506K(2944192K), 0.0366200 secs]
[GC 724634K->468962K(2944192K), 0.0386560 secs]
[GC 725090K->469387K(2944192K), 0.0388020 secs]
[GC 725515K->469699K(2944192K), 0.0377800 secs]
[GC 725827K->468737K(2944192K), 0.0395040 secs]
[GC 724865K->469118K(2944192K), 0.0388570 secs]
[GC 725246K->469822K(2944192K), 0.0361200 secs]
[GC 725950K->473647K(2944192K), 0.0379150 secs]
[GC 729775K->471497K(2944192K), 0.0358800 secs]
[GC 727625K->472341K(2944192K), 0.0368560 secs]
[GC 728469K->476226K(2944192K), 0.0412010 secs]
[GC 732354K->473960K(2944192K), 0.0365590 secs]
[GC 730088K->474886K(2944192K), 0.0343570 secs]
[GC 731014K->475735K(2944192K), 0.0371280 secs]
[GC 731863K->476578K(2944192K), 0.0404550 secs]
[GC 732706K->477360K(2944192K), 0.0396330 secs]
[GC 733488K->478218K(2944192K), 0.0329970 secs]
[GC 734346K->479020K(2944192K), 0.0394210 secs]
[GC 735148K->479881K(2944192K), 0.0341030 secs]
[GC 736009K->480735K(2944192K), 0.0355410 secs]
[GC 736863K->481556K(2944192K), 0.0365060 secs]
[GC 737684K->482332K(2944192K), 0.0359920 secs]
[GC 738460K->489352K(2944192K), 0.0346260 secs]
[GC 745480K->483991K(2944192K), 0.0400230 secs]
[GC 740119K->486152K(2944192K), 0.0353340 secs]
[GC 742280K->485236K(2944192K), 0.0364530 secs]
[GC 741364K->486337K(2944192K), 0.0367190 secs]
[GC 742465K->495070K(2944192K), 0.0394230 secs]
[GC 751198K->502198K(2944192K), 0.0343710 secs]
[GC 758326K->495870K(2944192K), 0.0397840 secs]
[GC 751998K->506768K(2944192K), 0.0411970 secs]
[GC 762896K->508589K(2944192K), 0.0431180 secs]
[GC 764717K->512844K(2944192K), 0.0442150 secs]
[GC 768972K->516458K(2944192K), 0.0430150 secs]
[GC 772586K->519790K(2944192K), 0.0441580 secs]
[GC 775918K->529790K(2944192K), 0.0448730 secs]
[GC 785918K->512656K(2944192K), 0.0432870 secs]
[GC 768784K->532158K(2944192K), 0.0452130 secs]
[GC 788286K->520405K(2944192K), 0.0438770 secs]
[GC 776533K->528343K(2944192K), 0.0429450 secs]
[GC 784471K->526036K(2944192K), 0.0466220 secs]
[GC 782164K->528993K(2944192K), 0.0438720 secs]
[GC 785121K->515624K(2944192K), 0.0445580 secs]
[GC 771752K->523728K(2944192K), 0.0423520 secs]
[GC 779856K->524461K(2944192K), 0.0414490 secs]
[GC 780589K->525447K(2944192K), 0.0405940 secs]
[GC 781575K->525996K(2944192K), 0.0414230 secs]
[GC 782124K->520787K(2944192K), 0.0384650 secs]
[GC 776915K->521619K(2944192K), 0.0408070 secs]
[GC 777747K->527677K(2944192K), 0.0401650 secs]
[GC 783805K->523703K(2944192K), 0.0396320 secs]
[GC 779831K->528813K(2944192K), 0.0421560 secs]
[GC 784941K->528013K(2944192K), 0.0362320 secs]
[GC 784141K->527960K(2944192K), 0.0402600 secs]
[GC 784088K->528613K(2944192K), 0.0329810 secs]
[GC 784741K->532892K(2944192K), 0.0333640 secs]
[GC 789020K->533683K(2944192K), 0.0393340 secs]
[GC 789811K->534539K(2944192K), 0.0409130 secs]
[GC 790667K->535415K(2944192K), 0.0403030 secs]
[GC 791543K->536385K(2944192K), 0.0336760 secs]
[GC 792513K->537279K(2944192K), 0.0383570 secs]
[GC 793407K->538149K(2944192K), 0.0335940 secs]
[GC 794277K->538982K(2944192K), 0.0420210 secs]
[GC 795110K->539875K(2944192K), 0.0360660 secs]
[GC 796003K->537388K(2944192K), 0.0335490 secs]
[GC 793516K->541638K(2944192K), 0.0422430 secs]
[GC 797766K->542583K(2944192K), 0.0405270 secs]
[GC 798711K->543409K(2944192K), 0.0423340 secs]
[GC 799537K->544314K(2944192K), 0.0416080 secs]
[GC 800442K->548642K(2944192K), 0.0366200 secs]
[GC 804770K->544858K(2944192K), 0.0350190 secs]
[GC 800986K->545102K(2944192K), 0.0408080 secs]
[GC 801230K->550779K(2944192K), 0.0393070 secs]
[GC 806907K->545330K(2944192K), 0.0402050 secs]
[GC 801458K->547896K(2944192K), 0.0394070 secs]
[GC 804024K->550210K(2944192K), 0.0373950 secs]
[GC 806338K->551503K(2944192K), 0.0397020 secs]
[GC 807631K->555792K(2944192K), 0.0386160 secs]
[GC 811920K->561636K(2944192K), 0.0420590 secs]
[GC 817764K->553403K(2944192K), 0.0375540 secs]
[GC 809531K->562909K(2944192K), 0.0452520 secs]
[GC 819037K->573853K(2944192K), 0.0424800 secs]
[GC 829981K->565781K(2944192K), 0.0454800 secs]
[GC 821909K->574197K(2944192K), 0.0481920 secs]
[GC 830325K->586968K(2944192K), 0.0418390 secs]
[GC 843096K->571854K(2944192K), 0.0482190 secs]
[GC 827982K->591811K(2944192K), 0.0429250 secs]
[GC 847939K->576851K(2944192K), 0.0435820 secs]
[GC 832979K->598499K(2944192K), 0.0430290 secs]
[GC 854627K->580746K(2944192K), 0.0457010 secs]
[GC 836874K->601194K(2944192K), 0.0464000 secs]
[GC 857322K->589121K(2944192K), 0.0463600 secs]
[GC 845249K->602135K(2944192K), 0.0473040 secs]
[GC 858263K->620925K(2944192K), 0.0477700 secs]
[GC 877053K->597766K(2944192K), 0.0507720 secs]
[GC 853894K->615321K(2944192K), 0.0507170 secs]
[GC 871449K->623960K(2944192K), 0.0491330 secs]
[GC 880088K->608577K(2944192K), 0.0511490 secs]
[GC 864705K->626603K(2944192K), 0.0544280 secs]
[GC 882731K->635407K(2944192K), 0.0755080 secs]
[GC 891535K->619234K(2944192K), 0.0523780 secs]
[GC 875362K->635282K(2944192K), 0.0513970 secs]
[GC 891410K->640272K(2944192K), 0.0490440 secs]
[GC 896400K->621699K(2944192K), 0.0504460 secs]
[GC 877827K->644973K(2944192K), 0.0495090 secs]
[GC 901101K->624231K(2944192K), 0.0678980 secs]
[GC 880359K->649344K(2944192K), 0.0505810 secs]
[GC 905472K->627974K(2944192K), 0.0512850 secs]
[GC 884102K->642515K(2944192K), 0.0493080 secs]
[GC 898643K->630567K(2944192K), 0.0478890 secs]
[GC 886695K->636467K(2944192K), 0.0543180 secs]
[GC 892595K->625848K(2944192K), 0.0487260 secs]
[GC 881976K->628045K(2944192K), 0.0488890 secs]
[GC 884173K->629818K(2944192K), 0.0469400 secs]
[GC 885946K->631308K(2944192K), 0.0520690 secs]
[GC 887436K->630933K(2944192K), 0.0501070 secs]
[GC 887061K->637128K(2944192K), 0.0503250 secs]
[GC 893256K->643797K(2944192K), 0.0383650 secs]
[GC 899925K->656020K(2944192K), 0.0473790 secs]
[GC 912148K->646539K(2944192K), 0.0527030 secs]
[GC 902667K->663065K(2944192K), 0.0443100 secs]
[GC 919193K->666264K(2944192K), 0.0570120 secs]
[GC 922392K->673381K(2944192K), 0.0547350 secs]
[GC 929509K->688230K(2944192K), 0.0540550 secs]
[GC 944358K->666403K(2944192K), 0.0504610 secs]
[GC 922531K->692050K(2944192K), 0.0579240 secs]
[GC 948178K->670386K(2944192K), 0.0553360 secs]
[GC 926514K->696595K(2944192K), 0.0550290 secs]
[GC 952723K->674234K(2944192K), 0.0530000 secs]
[GC 930362K->701287K(2944192K), 0.0538150 secs]
[GC 957415K->678175K(2944192K), 0.0522030 secs]
[GC 934303K->705629K(2944192K), 0.0542920 secs]
 WARN  [Thread-0] {org.radargun.ShutDownHook} Slave process: unexpected shutdown!
 INFO  [hz.ShutdownThread] {com.hazelcast.nio.TcpIpConnection} [127.0.0.1]:5709 [FenixFrameworkGroup] Connection [Address[127.0.0.1]:5707] lost. Reason: Socket explicitly closed
 INFO  [hz.ShutdownThread] {com.hazelcast.nio.TcpIpConnection} [127.0.0.1]:5709 [FenixFrameworkGroup] Connection [Address[127.0.0.1]:5708] lost. Reason: Socket explicitly closed
 INFO  [hz.ShutdownThread] {com.hazelcast.nio.TcpIpConnection} [127.0.0.1]:5709 [FenixFrameworkGroup] Connection [Address[127.0.0.1]:5706] lost. Reason: Socket explicitly closed
 INFO  [hz.ShutdownThread] {com.hazelcast.nio.TcpIpConnection} [127.0.0.1]:5709 [FenixFrameworkGroup] Connection [Address[127.0.0.1]:5705] lost. Reason: Socket explicitly closed
 INFO  [hz.ShutdownThread] {com.hazelcast.nio.TcpIpConnection} [127.0.0.1]:5709 [FenixFrameworkGroup] Connection [Address[127.0.0.1]:5711] lost. Reason: Socket explicitly closed
 INFO  [hz.ShutdownThread] {com.hazelcast.nio.TcpIpConnection} [127.0.0.1]:5709 [FenixFrameworkGroup] Connection [Address[127.0.0.1]:5712] lost. Reason: Socket explicitly closed
 INFO  [hz.ShutdownThread] {com.hazelcast.nio.TcpIpConnection} [127.0.0.1]:5709 [FenixFrameworkGroup] Connection [Address[127.0.0.1]:5701] lost. Reason: Socket explicitly closed
 INFO  [hz.ShutdownThread] {com.hazelcast.nio.TcpIpConnection} [127.0.0.1]:5709 [FenixFrameworkGroup] Connection [Address[127.0.0.1]:5704] lost. Reason: Socket explicitly closed
 INFO  [hz.ShutdownThread] {com.hazelcast.nio.TcpIpConnection} [127.0.0.1]:5709 [FenixFrameworkGroup] Connection [Address[127.0.0.1]:5710] lost. Reason: Socket explicitly closed
 INFO  [hz.ShutdownThread] {com.hazelcast.nio.TcpIpConnection} [127.0.0.1]:5709 [FenixFrameworkGroup] Connection [Address[127.0.0.1]:5703] lost. Reason: Socket explicitly closed
 INFO  [hz.ShutdownThread] {com.hazelcast.nio.TcpIpConnection} [127.0.0.1]:5709 [FenixFrameworkGroup] Connection [Address[127.0.0.1]:5713] lost. Reason: Socket explicitly closed
 INFO  [hz.ShutdownThread] {com.hazelcast.nio.TcpIpConnection} [127.0.0.1]:5709 [FenixFrameworkGroup] Connection [Address[127.0.0.1]:5708] lost. Reason: Socket explicitly closed
 INFO  [hz.ShutdownThread] {com.hazelcast.nio.TcpIpConnection} [127.0.0.1]:5709 [FenixFrameworkGroup] Connection [Address[127.0.0.1]:5711] lost. Reason: Socket explicitly closed
 INFO  [hz.ShutdownThread] {com.hazelcast.nio.TcpIpConnection} [127.0.0.1]:5709 [FenixFrameworkGroup] Connection [Address[127.0.0.1]:5712] lost. Reason: Socket explicitly closed
 INFO  [hz.ShutdownThread] {com.hazelcast.nio.TcpIpConnection} [127.0.0.1]:5709 [FenixFrameworkGroup] Connection [Address[127.0.0.1]:5706] lost. Reason: Socket explicitly closed
 INFO  [hz.ShutdownThread] {com.hazelcast.nio.TcpIpConnection} [127.0.0.1]:5709 [FenixFrameworkGroup] Connection [Address[127.0.0.1]:5707] lost. Reason: Socket explicitly closed
 INFO  [hz.ShutdownThread] {com.hazelcast.nio.TcpIpConnection} [127.0.0.1]:5709 [FenixFrameworkGroup] Connection [Address[127.0.0.1]:5704] lost. Reason: Socket explicitly closed
 INFO  [hz.ShutdownThread] {com.hazelcast.initializer} [127.0.0.1]:5709 [FenixFrameworkGroup] Destroying node initializer.
 INFO  [hz.ShutdownThread] {com.hazelcast.instance.Node} [127.0.0.1]:5709 [FenixFrameworkGroup] Hazelcast Shutdown is completed in 63 ms.
 INFO  [hz._hzInstance_2_dev.IO.thread-in-2] {com.hazelcast.nio.TcpIpConnection} [127.0.0.1]:5719 [dev] Connection [Address[127.0.0.1]:5724] lost. Reason: java.io.EOFException[Remote socket closed!]
 INFO  [hz._hzInstance_2_dev.IO.thread-in-2] {com.hazelcast.nio.TcpIpConnection} [127.0.0.1]:5719 [dev] Connection [Address[127.0.0.1]:5724] lost. Reason: java.io.EOFException[Remote socket closed!]
 INFO  [hz._hzInstance_2_dev.IO.thread-in-1] {com.hazelcast.nio.TcpIpConnection} [127.0.0.1]:5719 [dev] Connection [Address[127.0.0.1]:5720] lost. Reason: java.io.EOFException[Remote socket closed!]
 INFO  [hz._hzInstance_2_dev.IO.thread-in-0] {com.hazelcast.nio.TcpIpConnection} [127.0.0.1]:5719 [dev] Connection [Address[127.0.0.1]:5717] lost. Reason: java.io.EOFException[Remote socket closed!]
 INFO  [hz._hzInstance_2_dev.IO.thread-in-0] {com.hazelcast.nio.TcpIpConnection} [127.0.0.1]:5719 [dev] Connection [Address[127.0.0.1]:5714] lost. Reason: java.io.EOFException[Remote socket closed!]
 INFO  [hz._hzInstance_2_dev.IO.thread-in-2] {com.hazelcast.nio.TcpIpConnection} [127.0.0.1]:5719 [dev] Connection [Address[127.0.0.1]:5718] lost. Reason: java.io.EOFException[Remote socket closed!]
 INFO  [hz._hzInstance_2_dev.IO.thread-in-0] {com.hazelcast.nio.TcpIpConnection} [127.0.0.1]:5719 [dev] Connection [Address[127.0.0.1]:5723] lost. Reason: java.io.EOFException[Remote socket closed!]
 INFO  [hz._hzInstance_2_dev.IO.thread-in-1] {com.hazelcast.nio.TcpIpConnection} [127.0.0.1]:5719 [dev] Connection [Address[127.0.0.1]:5721] lost. Reason: java.io.EOFException[Remote socket closed!]
 INFO  [hz._hzInstance_2_dev.IO.thread-in-1] {com.hazelcast.nio.TcpIpConnection} [127.0.0.1]:5719 [dev] Connection [Address[127.0.0.1]:5717] lost. Reason: java.io.EOFException[Remote socket closed!]
 INFO  [hz._hzInstance_2_dev.IO.thread-in-0] {com.hazelcast.nio.TcpIpConnection} [127.0.0.1]:5719 [dev] Connection [Address[127.0.0.1]:5718] lost. Reason: java.io.EOFException[Remote socket closed!]
 INFO  [hz._hzInstance_2_dev.IO.thread-in-1] {com.hazelcast.nio.TcpIpConnection} [127.0.0.1]:5719 [dev] Connection [Address[127.0.0.1]:5723] lost. Reason: java.io.EOFException[Remote socket closed!]
 INFO  [hz._hzInstance_2_dev.IO.thread-in-1] {com.hazelcast.nio.TcpIpConnection} [127.0.0.1]:5719 [dev] Connection [Address[127.0.0.1]:5721] lost. Reason: java.io.EOFException[Remote socket closed!]
 INFO  [hz._hzInstance_2_dev.IO.thread-in-1] {com.hazelcast.nio.TcpIpConnection} [127.0.0.1]:5719 [dev] Connection [Address[127.0.0.1]:5715] lost. Reason: java.io.EOFException[Remote socket closed!]
 INFO  [hz.ShutdownThread] {com.hazelcast.nio.TcpIpConnection} [127.0.0.1]:5719 [dev] Connection [Address[127.0.0.1]:5716] lost. Reason: Socket explicitly closed
 INFO  [hz.ShutdownThread] {com.hazelcast.nio.TcpIpConnection} [127.0.0.1]:5719 [dev] Connection [Address[127.0.0.1]:5702] lost. Reason: Socket explicitly closed
 INFO  [hz.ShutdownThread] {com.hazelcast.nio.TcpIpConnection} [127.0.0.1]:5719 [dev] Connection [Address[127.0.0.1]:5720] lost. Reason: Socket explicitly closed
 INFO  [hz.ShutdownThread] {com.hazelcast.nio.TcpIpConnection} [127.0.0.1]:5719 [dev] Connection [Address[127.0.0.1]:5722] lost. Reason: Socket explicitly closed
 INFO  [hz.ShutdownThread] {com.hazelcast.nio.TcpIpConnection} [127.0.0.1]:5719 [dev] Connection [Address[127.0.0.1]:5714] lost. Reason: Socket explicitly closed
 INFO  [hz.ShutdownThread] {com.hazelcast.nio.TcpIpConnection} [127.0.0.1]:5719 [dev] Connection [Address[127.0.0.1]:5715] lost. Reason: Socket explicitly closed
 INFO  [hz.ShutdownThread] {com.hazelcast.nio.TcpIpConnection} [127.0.0.1]:5719 [dev] Connection [Address[127.0.0.1]:5716] lost. Reason: Socket explicitly closed
 INFO  [hz.ShutdownThread] {com.hazelcast.initializer} [127.0.0.1]:5719 [dev] Destroying node initializer.
 INFO  [hz.ShutdownThread] {com.hazelcast.instance.Node} [127.0.0.1]:5719 [dev] Hazelcast Shutdown is completed in 325 ms.
