/usr/java/jdk1.7.0_21/bin/java -server -Xmx1024M -Xms1024M -Dresolve.dns=false -Djgroups.timer.num_threads=4 -verbose:gc -Xmx5000M -Xms3000M -server -XX:+UseConcMarkSweepGC -XX:+AggressiveOpts -verbose:gc -XX:ParallelGCThreads=4 -XX:NewRatio=5 -XX:SurvivorRatio=2 -Dhazelcast.operation.thread.count=4 -Djava.net.preferIPv4Stack=true -Dlog4j.file.prefix=deimos-esw-29381 -Dbind.address= -Djgroups.bind_addr= -classpath /home/smf/github/radargun/target/distribution/RadarGun-1.1.0-SNAPSHOT/lib/activation-1.1.jar:/home/smf/github/radargun/target/distribution/RadarGun-1.1.0-SNAPSHOT/lib/commons-beanutils-1.8.0.jar:/home/smf/github/radargun/target/distribution/RadarGun-1.1.0-SNAPSHOT/lib/commons-digester-2.0.jar:/home/smf/github/radargun/target/distribution/RadarGun-1.1.0-SNAPSHOT/lib/commons-logging-1.1.1.jar:/home/smf/github/radargun/target/distribution/RadarGun-1.1.0-SNAPSHOT/lib/commons-math-1.2.jar:/home/smf/github/radargun/target/distribution/RadarGun-1.1.0-SNAPSHOT/lib/jboss-transaction-api-1.0.1.GA.jar:/home/smf/github/radargun/target/distribution/RadarGun-1.1.0-SNAPSHOT/lib/jcommon-1.0.15.jar:/home/smf/github/radargun/target/distribution/RadarGun-1.1.0-SNAPSHOT/lib/jfreechart-1.0.12.jar:/home/smf/github/radargun/target/distribution/RadarGun-1.1.0-SNAPSHOT/lib/log4j-1.2.14.jar:/home/smf/github/radargun/target/distribution/RadarGun-1.1.0-SNAPSHOT/lib/mail-1.4.2.jar:/home/smf/github/radargun/target/distribution/RadarGun-1.1.0-SNAPSHOT/lib/radargun-framework-1.1.0-SNAPSHOT.jar:/home/smf/github/radargun/target/distribution/RadarGun-1.1.0-SNAPSHOT/conf org.radargun.Slave -master 127.0.0.1:2103
--------------------------------------------------------------------------------
PerNodeRollingFileAppender::Using file prefix:deimos-esw-29381
 INFO  [main] {org.radargun.Slave} Attempting to connect to master 127.0.0.1:2103
 INFO  [main] {org.radargun.Slave} Successfully established connection with master at: 127.0.0.1:2103
Loading JARS from /home/smf/github/radargun/target/distribution/RadarGun-1.1.0-SNAPSHOT/lib/radargun-framework-1.1.0-SNAPSHOT.jar
 INFO  [pool-1-thread-1] {org.radargun.config.AnnotatedHelper} Loading JARS from /home/smf/github/radargun/target/distribution/RadarGun-1.1.0-SNAPSHOT/lib/radargun-framework-1.1.0-SNAPSHOT.jar
 INFO  [pool-1-thread-1] {org.radargun.config.AnnotatedHelper} Loading JARS from /home/smf/github/radargun/target/distribution/RadarGun-1.1.0-SNAPSHOT/lib/radargun-framework-1.1.0-SNAPSHOT.jar
 INFO  [pool-1-thread-1] {org.radargun.Slave} Executing stage: DestroyWrapper {enforceMemoryThrashHold=true, exitBenchmarkOnSlaveFailure=false, heapDumpDir=null, memoryThreshold=95, runOnAllSlaves=true, slaves=null, useSmartClassLoading=true }
 INFO  [pool-1-thread-1] {org.radargun.stages.DestroyWrapperStage} Received destroy cache wrapper request from master...
 INFO  [pool-1-thread-1] {org.radargun.stages.DestroyWrapperStage} No cache wrapper deployed on this slave, nothing to do.
 INFO  [pool-1-thread-1] {org.radargun.stages.DestroyWrapperStage} Before executing clear, memory looks like this: Memory - free: 2,928,638 kb - max:4,906,688 kb- total:2,944,000 kb
[Full GC 15361K->3631K(2944000K), 0.0722500 secs]
 INFO  [pool-1-thread-1] {org.radargun.stages.DestroyWrapperStage} After executing cleanup, memory looks like this: Memory - free: 2,935,311 kb - max:4,906,688 kb- total:2,944,064 kb
 INFO  [pool-1-thread-1] {org.radargun.Slave} Finished stage: DestroyWrapper {enforceMemoryThrashHold=true, exitBenchmarkOnSlaveFailure=false, heapDumpDir=null, memoryThreshold=95, runOnAllSlaves=true, slaves=null, useSmartClassLoading=true }
 INFO  [main] {org.radargun.Slave} Ack successfully sent to the master
 INFO  [pool-1-thread-1] {org.radargun.Slave} Executing stage: StartCluster {config=ispn52-repl-sync-rc.xml, delayAfterFirstSlaveStarts=5.000 secs, delayBetweenStartingSlaves=0.500 secs, exitBenchmarkOnSlaveFailure=true, expectNumSlaves=null, mayFailOn=null, reachable=null, runOnAllSlaves=false, slaves=null, staggerSlaveStartup=true, useSmartClassLoading=true, validateCluster=true }
 INFO  [pool-1-thread-1] {org.radargun.stages.StartClusterStage}  Startup staggering, starting 8 slaves. This is the slave with index 1. Sleeping for 5500 millis.
 INFO  [pool-1-thread-1] {org.radargun.stages.StartClusterStage} Ack master's StartCluster stage. Local address is: /127.0.0.1. This slave's index is: 1
 INFO  [pool-1-thread-1] {org.radargun.utils.ClassLoadHelper} Creating newInstance org.radargun.cachewrappers.FFWrapper with classloader java.net.URLClassLoader@2ca44b35
 INFO  [pool-1-thread-1] {org.radargun.cachewrappers.FFWrapper} config=ispn52-repl-sync-rc.xml, isLocal=false, nodeIndex=1, confAttributes={name=ispn52-repl-sync-rc.xml, decorate=infinispan52}
 INFO  [pool-1-thread-1] {org.radargun.cachewrappers.FFWrapper} Found fenix framework config options in 'rg-fenix-framework-config-options.properties'.
 INFO  [pool-1-thread-1] {org.radargun.cachewrappers.FFWrapper} Setting extra config properties for Fenix Framework.
 INFO  [pool-1-thread-1] {org.radargun.cachewrappers.FFWrapper} Will initialize Fenix Framework with RadarGunDataGridConfig
 TRACE [pool-1-thread-1] {pt.ist.fenixframework.FenixFramework} Static initializer block for FenixFramework class [BEGIN]
 INFO  [pool-1-thread-1] {pt.ist.fenixframework.FenixFramework} Trying auto-initialization with configuration by convention
 INFO  [pool-1-thread-1] {pt.ist.fenixframework.FenixFramework} Resource 'fenix-framework.properties' not found
 DEBUG [pool-1-thread-1] {pt.ist.fenixframework.FenixFramework} Fenix Framework properties after reading default config file:{}
 DEBUG [pool-1-thread-1] {pt.ist.fenixframework.FenixFramework} CurrentBackEndName = jvstm-datagrid
 INFO  [pool-1-thread-1] {pt.ist.fenixframework.FenixFramework} Resource 'fenix-framework-jvstm-datagrid.properties' not found
 DEBUG [pool-1-thread-1] {pt.ist.fenixframework.FenixFramework} Fenix Framework properties after reading backend config file:{}
 DEBUG [pool-1-thread-1] {pt.ist.fenixframework.FenixFramework} Fenix Framework properties after enforcing system properties:{}
 INFO  [pool-1-thread-1] {pt.ist.fenixframework.FenixFramework} Skipping configuration by convention.
 TRACE [pool-1-thread-1] {pt.ist.fenixframework.FenixFramework} Static initializer block for FenixFramework class [END]
 INFO  [pool-1-thread-1] {pt.ist.fenixframework.FenixFramework} Initializing Fenix Framework with config.class=pt.ist.fenixframework.backend.jvstm.datagrid.radargun.RadarGunDataGridConfig
 INFO  [pool-1-thread-1] {pt.ist.fenixframework.backend.jvstm.cluster.JvstmClusterBackEnd} initializeGroupCommunication()
 INFO  [pool-1-thread-1] {com.hazelcast.config.ClasspathXmlConfig} Configuring Hazelcast from 'hazelcast-ff.xml'.
 INFO  [pool-1-thread-1] {com.hazelcast.instance.DefaultAddressPicker} Interfaces is disabled, trying to pick one address from TCP-IP config addresses: [127.0.0.1]
 INFO  [pool-1-thread-1] {com.hazelcast.instance.DefaultAddressPicker} Picked Address[127.0.0.1]:5702, using socket ServerSocket[addr=/0.0.0.0,localport=5702], bind any local is true
 INFO  [pool-1-thread-1] {com.hazelcast.system} [127.0.0.1]:5702 [FenixFrameworkGroup] Hazelcast Community Edition 3.0-RC1 (20130627) starting at Address[127.0.0.1]:5702
 INFO  [pool-1-thread-1] {com.hazelcast.system} [127.0.0.1]:5702 [FenixFrameworkGroup] Copyright (C) 2008-2013 Hazelcast.com
 INFO  [pool-1-thread-1] {com.hazelcast.core.LifecycleService} [127.0.0.1]:5702 [FenixFrameworkGroup] Address[127.0.0.1]:5702 is STARTING
 INFO  [pool-1-thread-1] {com.hazelcast.cluster.TcpIpJoiner} [127.0.0.1]:5702 [FenixFrameworkGroup] Connecting to possible member: Address[127.0.0.1]:5703
 INFO  [pool-1-thread-1] {com.hazelcast.cluster.TcpIpJoiner} [127.0.0.1]:5702 [FenixFrameworkGroup] Connecting to possible member: Address[127.0.0.1]:5701
 INFO  [hz._hzInstance_1_FenixFrameworkGroup.cached.thread-2] {com.hazelcast.nio.SocketConnector} [127.0.0.1]:5702 [FenixFrameworkGroup] Connecting to /127.0.0.1:5703, timeout: 0, bind-any: true
 INFO  [hz._hzInstance_1_FenixFrameworkGroup.cached.thread-3] {com.hazelcast.nio.SocketConnector} [127.0.0.1]:5702 [FenixFrameworkGroup] Connecting to /127.0.0.1:5701, timeout: 0, bind-any: true
 INFO  [hz._hzInstance_1_FenixFrameworkGroup.cached.thread-3] {com.hazelcast.nio.TcpIpConnectionManager} [127.0.0.1]:5702 [FenixFrameworkGroup] 41150 accepted socket connection from /127.0.0.1:5701
 INFO  [hz._hzInstance_1_FenixFrameworkGroup.cached.thread-2] {com.hazelcast.nio.TcpIpConnectionManager} [127.0.0.1]:5702 [FenixFrameworkGroup] 39372 accepted socket connection from /127.0.0.1:5703
 INFO  [hz._hzInstance_1_FenixFrameworkGroup.cached.thread-3] {com.hazelcast.nio.SocketAcceptor} [127.0.0.1]:5702 [FenixFrameworkGroup] 5702 is accepting socket connection from /127.0.0.1:56108
 INFO  [hz._hzInstance_1_FenixFrameworkGroup.cached.thread-3] {com.hazelcast.nio.TcpIpConnectionManager} [127.0.0.1]:5702 [FenixFrameworkGroup] 5702 accepted socket connection from /127.0.0.1:56108
 INFO  [hz._hzInstance_1_FenixFrameworkGroup.cached.thread-3] {com.hazelcast.nio.SocketAcceptor} [127.0.0.1]:5702 [FenixFrameworkGroup] 5702 is accepting socket connection from /127.0.0.1:46296
 INFO  [hz._hzInstance_1_FenixFrameworkGroup.cached.thread-3] {com.hazelcast.nio.TcpIpConnectionManager} [127.0.0.1]:5702 [FenixFrameworkGroup] 5702 accepted socket connection from /127.0.0.1:46296
 INFO  [hz._hzInstance_1_FenixFrameworkGroup.cached.thread-2] {com.hazelcast.nio.SocketAcceptor} [127.0.0.1]:5702 [FenixFrameworkGroup] 5702 is accepting socket connection from /127.0.0.1:49682
 INFO  [hz._hzInstance_1_FenixFrameworkGroup.cached.thread-2] {com.hazelcast.nio.TcpIpConnectionManager} [127.0.0.1]:5702 [FenixFrameworkGroup] 5702 accepted socket connection from /127.0.0.1:49682
 INFO  [hz._hzInstance_1_FenixFrameworkGroup.cached.thread-3] {com.hazelcast.nio.SocketAcceptor} [127.0.0.1]:5702 [FenixFrameworkGroup] 5702 is accepting socket connection from /127.0.0.1:42104
 INFO  [hz._hzInstance_1_FenixFrameworkGroup.cached.thread-3] {com.hazelcast.nio.TcpIpConnectionManager} [127.0.0.1]:5702 [FenixFrameworkGroup] 5702 accepted socket connection from /127.0.0.1:42104
 INFO  [hz._hzInstance_1_FenixFrameworkGroup.cached.thread-3] {com.hazelcast.nio.SocketAcceptor} [127.0.0.1]:5702 [FenixFrameworkGroup] 5702 is accepting socket connection from /127.0.0.1:40792
 INFO  [hz._hzInstance_1_FenixFrameworkGroup.cached.thread-3] {com.hazelcast.nio.TcpIpConnectionManager} [127.0.0.1]:5702 [FenixFrameworkGroup] 5702 accepted socket connection from /127.0.0.1:40792
 INFO  [hz._hzInstance_1_FenixFrameworkGroup.cached.thread-3] {com.hazelcast.cluster.ClusterService} [127.0.0.1]:5702 [FenixFrameworkGroup] 

Members [8] {
	Member [127.0.0.1]:5701
	Member [127.0.0.1]:5702 this
	Member [127.0.0.1]:5704
	Member [127.0.0.1]:5705
	Member [127.0.0.1]:5706
	Member [127.0.0.1]:5703
	Member [127.0.0.1]:5707
	Member [127.0.0.1]:5708
}

 INFO  [pool-1-thread-1] {com.hazelcast.core.LifecycleService} [127.0.0.1]:5702 [FenixFrameworkGroup] Address[127.0.0.1]:5702 is STARTED
 INFO  [pool-1-thread-1] {pt.ist.fenixframework.backend.jvstm.cluster.ClusterUtils} Got (long) serverId: 1
 INFO  [pool-1-thread-1] {pt.ist.fenixframework.backend.jvstm.cluster.JvstmClusterBackEnd} This is NOT the first node.
 INFO  [pool-1-thread-1] {pt.ist.fenixframework.backend.jvstm.cluster.ClusterUtils} Waiting for startup from first node
 INFO  [pool-1-thread-1] {pt.ist.fenixframework.backend.jvstm.JVSTMBackEnd} initializeRepository()
 INFO  [pool-1-thread-1] {pt.ist.fenixframework.backend.jvstm.datagrid.radargun.DataGridDecorator} config=ispn52-repl-sync-rc.xml, isLocal=false, nodeIndex=1, confAttributes={name=ispn52-repl-sync-rc.xml}
 INFO  [pool-1-thread-1] {org.radargun.cachewrappers.InfinispanXSWrapper} Cannot find any site for slave index 1
[GC 259695K->11214K(2944064K), 0.0381420 secs]
 INFO  [pool-1-thread-1] {org.infinispan.remoting.transport.jgroups.JGroupsTransport} ISPN000078: Starting JGroups Channel
 WARN  [pool-1-thread-1] {org.jgroups.protocols.UDP} [JGRP00014] the send buffer of socket DatagramSocket was set to 640KB, but the OS only allocated 229.38KB. This might lead to performance problems. Please set your max send buffer in the OS correctly (e.g. net.core.wmem_max on Linux)
 WARN  [pool-1-thread-1] {org.jgroups.protocols.UDP} [JGRP00014] the receive buffer of socket DatagramSocket was set to 20MB, but the OS only allocated 229.38KB. This might lead to performance problems. Please set your max receive buffer in the OS correctly (e.g. net.core.rmem_max on Linux)
 WARN  [pool-1-thread-1] {org.jgroups.protocols.UDP} [JGRP00014] the send buffer of socket MulticastSocket was set to 640KB, but the OS only allocated 229.38KB. This might lead to performance problems. Please set your max send buffer in the OS correctly (e.g. net.core.wmem_max on Linux)
 WARN  [pool-1-thread-1] {org.jgroups.protocols.UDP} [JGRP00014] the receive buffer of socket MulticastSocket was set to 25MB, but the OS only allocated 229.38KB. This might lead to performance problems. Please set your max receive buffer in the OS correctly (e.g. net.core.rmem_max on Linux)
 INFO  [pool-1-thread-1] {org.infinispan.remoting.transport.jgroups.JGroupsTransport} ISPN000094: Received new cluster view: [deimos-esw-17944|1] [deimos-esw-17944, deimos-esw-44775, deimos-esw-43446]
 INFO  [pool-1-thread-1] {org.infinispan.remoting.transport.jgroups.JGroupsTransport} ISPN000079: Cache local address is deimos-esw-43446, physical addresses are [127.0.0.1:52002]
 INFO  [pool-1-thread-1] {org.infinispan.factories.GlobalComponentRegistry} ISPN000128: Infinispan version: Infinispan 'Delirium' 5.2.6.Final
 INFO  [Incoming-4,deimos-esw-43446] {org.infinispan.remoting.transport.jgroups.JGroupsTransport} ISPN000094: Received new cluster view: [deimos-esw-17944|2] [deimos-esw-17944, deimos-esw-44775, deimos-esw-43446, deimos-esw-1561]
 INFO  [pool-1-thread-1] {org.infinispan.transaction.lookup.JBossStandaloneJTAManagerLookup} ISPN000107: Retrieving transaction manager Transaction: unknown
 INFO  [Incoming-4,deimos-esw-43446] {org.infinispan.remoting.transport.jgroups.JGroupsTransport} ISPN000094: Received new cluster view: [deimos-esw-17944|3] [deimos-esw-17944, deimos-esw-44775, deimos-esw-43446, deimos-esw-1561, deimos-esw-46158, deimos-esw-16693]
 INFO  [Incoming-4,deimos-esw-43446] {org.infinispan.remoting.transport.jgroups.JGroupsTransport} ISPN000094: Received new cluster view: [deimos-esw-17944|4] [deimos-esw-17944, deimos-esw-44775, deimos-esw-43446, deimos-esw-1561, deimos-esw-46158, deimos-esw-16693, deimos-esw-55930]
 INFO  [pool-1-thread-1] {org.infinispan.jmx.CacheJmxRegistration} ISPN000031: MBeans were successfully registered to the platform MBean server.
 INFO  [Incoming-4,deimos-esw-43446] {org.infinispan.remoting.transport.jgroups.JGroupsTransport} ISPN000094: Received new cluster view: [deimos-esw-17944|5] [deimos-esw-17944, deimos-esw-44775, deimos-esw-43446, deimos-esw-1561, deimos-esw-46158, deimos-esw-16693, deimos-esw-55930, deimos-esw-36443]
 INFO  [pool-1-thread-1] {org.radargun.cachewrappers.InfinispanXSWrapper} Using transaction manager: Transaction: unknown
 INFO  [pool-1-thread-1] {org.radargun.cachewrappers.InfinispanXSWrapper} No RELAY2 protocol in XS wrapper
 INFO  [pool-1-thread-1] {org.radargun.cachewrappers.InfinispanXSWrapper} JGroups version: JGroups 3.2.7.Final
 INFO  [pool-1-thread-1] {org.radargun.cachewrappers.InfinispanXSWrapper} Using config attributes: {name=ispn52-repl-sync-rc.xml}
 INFO  [pool-1-thread-1] {pt.ist.fenixframework.backend.jvstm.datagrid.DataGridRepository} Initialization marker is present. Data Grid already existed.
 INFO  [pool-1-thread-1] {pt.ist.fenixframework.backend.jvstm.JVSTMBackEnd} initializeDomainClassInfos
 INFO  [pool-1-thread-1] {pt.ist.fenixframework.backend.jvstm.pstm.DomainClassInfo} serverId: 1, serverOidBase: 1000000000000
 INFO  [pool-1-thread-1] {pt.ist.fenixframework.backend.jvstm.pstm.DomainClassInfo} Existing domain class 'pt.ist.fenixframework.adt.bplustree.LeafNode' with id '4'
 INFO  [pool-1-thread-1] {pt.ist.fenixframework.backend.jvstm.pstm.DomainClassInfo} Existing domain class 'pt.ist.fenixframework.adt.linkedlist.LinkedList' with id '9'
 INFO  [pool-1-thread-1] {pt.ist.fenixframework.backend.jvstm.pstm.DomainClassInfo} Existing domain class 'pt.ist.fenixframework.backend.jvstm.pstm.FenixFrameworkData' with id 'd'
 INFO  [pool-1-thread-1] {pt.ist.fenixframework.backend.jvstm.pstm.DomainClassInfo} Existing domain class 'pt.ist.fenixframework.adt.bplustree.AbstractNode' with id 'f'
 INFO  [pool-1-thread-1] {pt.ist.fenixframework.backend.jvstm.pstm.DomainClassInfo} Existing domain class 'pt.ist.fenixframework.backend.jvstm.pstm.TransactionStatisticsEntry' with id '5'
 INFO  [pool-1-thread-1] {pt.ist.fenixframework.backend.jvstm.pstm.DomainClassInfo} Existing domain class 'pt.ist.fenixframework.adt.bplustree.DomainBPlusTree' with id 'e'
 INFO  [pool-1-thread-1] {pt.ist.fenixframework.backend.jvstm.pstm.DomainClassInfo} Existing domain class 'pt.ist.fenixframework.DomainRoot' with id '0'
 INFO  [pool-1-thread-1] {pt.ist.fenixframework.backend.jvstm.pstm.DomainClassInfo} Existing domain class 'pt.ist.fenixframework.adt.bplustree.BPlusTreeArray' with id '2'
 INFO  [pool-1-thread-1] {pt.ist.fenixframework.backend.jvstm.pstm.DomainClassInfo} Existing domain class 'pt.ist.fenixframework.adt.bplustree.InnerNodeArray' with id 'b'
 INFO  [pool-1-thread-1] {pt.ist.fenixframework.backend.jvstm.pstm.DomainClassInfo} Existing domain class 'pt.ist.fenixframework.adt.bplustree.BPlusTree' with id '7'
 INFO  [pool-1-thread-1] {pt.ist.fenixframework.backend.jvstm.pstm.DomainClassInfo} Existing domain class 'pt.ist.fenixframework.adt.bplustree.DomainLeafNode' with id '1'
 INFO  [pool-1-thread-1] {pt.ist.fenixframework.backend.jvstm.pstm.DomainClassInfo} Existing domain class 'pt.ist.fenixframework.adt.bplustree.InnerNode' with id '8'
 INFO  [pool-1-thread-1] {pt.ist.fenixframework.backend.jvstm.pstm.DomainClassInfo} Existing domain class 'pt.ist.fenixframework.adt.bplustree.AbstractNodeArray' with id 'a'
 INFO  [pool-1-thread-1] {pt.ist.fenixframework.backend.jvstm.pstm.DomainClassInfo} Existing domain class 'pt.ist.fenixframework.adt.linkedlist.ListNode' with id '6'
 INFO  [pool-1-thread-1] {pt.ist.fenixframework.backend.jvstm.pstm.DomainClassInfo} Existing domain class 'pt.ist.fenixframework.adt.bplustree.LeafNodeArray' with id 'c'
 INFO  [pool-1-thread-1] {pt.ist.fenixframework.backend.jvstm.pstm.DomainClassInfo} Existing domain class 'pt.ist.fenixframework.adt.bplustree.DomainInnerNode' with id '3'
 INFO  [pool-1-thread-1] {pt.ist.fenixframework.backend.jvstm.JVSTMBackEnd} setupJVSTM
 INFO  [pool-1-thread-1] {pt.ist.fenixframework.backend.jvstm.JVSTMBackEnd} Setting the last committed TX number to 2
 INFO  [pool-1-thread-1] {pt.ist.fenixframework.backend.jvstm.JVSTMBackEnd} createDomainRootIfNeeded
 INFO  [pool-1-thread-1] {pt.ist.fenixframework.backend.jvstm.JVSTMBackEnd} ensureFenixFrameworkDataExists
 INFO  [pool-1-thread-1] {pt.ist.fenixframework.hibernatesearch.HibernateSearchConfig} Resource 'fenix-framework-hibernate-search.properties' not found. Hibernate Search disabled
 INFO  [pool-1-thread-1] {pt.ist.fenixframework.FenixFramework} Initialization of Fenix Framework is now complete.
 INFO  [pool-1-thread-1] {org.radargun.cachewrappers.FFWrapper} FF STARTED=true
 INFO  [pool-1-thread-1] {org.radargun.stages.helpers.StartHelper} Number of members is the one expected: 8
 INFO  [pool-1-thread-1] {org.radargun.stages.StartClusterStage} Successfully started cache wrapper on slave 1: org.radargun.cachewrappers.FFWrapper@12da22e9
 INFO  [pool-1-thread-1] {org.radargun.Slave} Finished stage: StartCluster {config=ispn52-repl-sync-rc.xml, delayAfterFirstSlaveStarts=5.000 secs, delayBetweenStartingSlaves=0.500 secs, exitBenchmarkOnSlaveFailure=true, expectNumSlaves=null, mayFailOn=null, reachable=null, runOnAllSlaves=false, slaves=null, staggerSlaveStartup=true, useSmartClassLoading=true, validateCluster=true }
 INFO  [main] {org.radargun.Slave} Ack successfully sent to the master
 INFO  [pool-1-thread-1] {org.radargun.Slave} Executing stage: ClusterValidation {exitBenchmarkOnSlaveFailure=false, partialReplication=false, replicationTimeSleep=2000, replicationTryCount=60, runOnAllSlaves=false, slaves=null, useSmartClassLoading=true }
 INFO  [pool-1-thread-1] {org.radargun.stages.ClusterValidationStage} Number of caches that replicated here is 1
 INFO  [pool-1-thread-1] {org.radargun.stages.ClusterValidationStage} Replication test failed, 1 tries so far. Sleeping for 2 seconds and trying again.
 INFO  [pool-1-thread-1] {org.radargun.stages.ClusterValidationStage} Number of caches that replicated here is 7
 INFO  [pool-1-thread-1] {org.radargun.stages.ClusterValidationStage} Replication test successfully passed. partialReplication? false, replicationCount = 7
 INFO  [pool-1-thread-1] {org.radargun.stages.ClusterValidationStage} Confirm phase successful.
 INFO  [pool-1-thread-1] {org.radargun.Slave} Finished stage: ClusterValidation {exitBenchmarkOnSlaveFailure=false, partialReplication=false, replicationTimeSleep=2000, replicationTryCount=60, runOnAllSlaves=false, slaves=[ 0, 1, 2, 3, 4, 5, 6, 7 ], useSmartClassLoading=true }
 INFO  [main] {org.radargun.Slave} Ack successfully sent to the master
 INFO  [pool-1-thread-1] {org.radargun.Slave} Executing stage: StressTestWarmup {bulkSize=1, cacheSpecificKeyGenerator=false, commitTransactions=true, duration=1 mins 0 secs, entrySize=1000, exitBenchmarkOnSlaveFailure=false, fixedKeys=true, generateHistogramRange=false, keyGeneratorClass=org.radargun.stressors.StringKeyGenerator, keyGeneratorParam=null, loadAllKeys=false, numEntries=100, numOfThreads=4, numRequests=10000, numThreads=4, numberOfAttributes=100, numberOfRequests=10000, opsCountStatusLog=100000, poolKeys=true, preferAsyncOperations=false, removePercentage=0, replaceInvalidPercentage=40, runOnAllSlaves=false, sharedKeys=false, sizeOfAnAttribute=1000, slaves=null, transactionSize=50, useAtomics=false, useHistogramStatistics=false, useSimpleStatistics=true, useSmartClassLoading=true, useTransactions=null, writePercentage=20, writeTxPercentage=20 }
 INFO  [pool-1-thread-1] {org.radargun.stages.StressTestWarmupStage} Starting StressTestWarmupStage: StressTestWarmup {bulkSize=1, cacheSpecificKeyGenerator=false, commitTransactions=true, duration=1 mins 0 secs, entrySize=1000, exitBenchmarkOnSlaveFailure=false, fixedKeys=true, generateHistogramRange=false, keyGeneratorClass=org.radargun.stressors.StringKeyGenerator, keyGeneratorParam=null, loadAllKeys=false, numEntries=100, numOfThreads=4, numRequests=10000, numThreads=4, numberOfAttributes=100, numberOfRequests=10000, opsCountStatusLog=100000, poolKeys=true, preferAsyncOperations=false, removePercentage=0, replaceInvalidPercentage=40, runOnAllSlaves=false, sharedKeys=false, sizeOfAnAttribute=1000, slaves=null, transactionSize=50, useAtomics=false, useHistogramStatistics=false, useSimpleStatistics=true, useSmartClassLoading=true, useTransactions=null, writePercentage=20, writeTxPercentage=20 }
 INFO  [pool-1-thread-1] {org.radargun.stressors.StressTestStressor} Using key generator org.radargun.stressors.StringKeyGenerator, param null
 INFO  [pool-1-thread-1] {org.radargun.stressors.StressTestStressor} Executing: StressTestStressor{opsCountStatusLog=100000, numRequests=10000, numEntries=100, entrySize=1000, writePercentage=20, numThreads=4, cacheWrapper=org.radargun.cachewrappers.FFWrapper@12da22e9, nodeIndex=1, useTransactions=true, transactionSize=50, commitTransactions=true, durationMillis=60000}
 INFO  [pool-1-thread-1] {org.radargun.stressors.StressTestStressor} Cache wrapper info is: FFWrapper using infinispan52
[GC 267278K->19707K(2944064K), 0.0481320 secs]
[GC 275771K->16949K(2944064K), 0.0340040 secs]
 INFO  [pool-1-thread-1] {org.radargun.stressors.StressTestStressor} Started 4 stressor threads.
 INFO  [Stressor-2] {org.radargun.stressors.StressTestStressor} Number of ops executed so far: 1. Elapsed time: 0.001 secs. Remaining: 59.999 secs. Total: 1 mins 0 secs
[GC 273013K->21023K(2944064K), 0.0381310 secs]
[GC 277087K->22295K(2944064K), 0.0662160 secs]
[GC 278359K->31689K(2944064K), 0.0376060 secs]
[GC 287753K->40967K(2944064K), 0.0395320 secs]
 INFO  [Stressor-3] {org.radargun.stressors.StressTestStressor} Number of ops executed so far: 23150. Elapsed time: 20.041 secs. Remaining: 39.959 secs. Total: 1 mins 0 secs
[GC 297031K->46296K(2944064K), 0.0406160 secs]
[GC 302360K->52669K(2944064K), 0.0477030 secs]
[GC 308733K->49838K(2944064K), 0.0457270 secs]
[GC 305898K->60734K(2944064K), 0.0454620 secs]
[GC 316798K->56782K(2944064K), 0.0485690 secs]
 INFO  [Stressor-1] {org.radargun.stressors.StressTestStressor} Number of ops executed so far: 44250. Elapsed time: 40.083 secs. Remaining: 19.917 secs. Total: 1 mins 0 secs
[GC 312846K->72462K(2944064K), 0.0462310 secs]
[GC 328526K->69519K(2944064K), 0.0514930 secs]
[GC 325583K->88587K(2944064K), 0.0528430 secs]
[GC 344651K->86280K(2944064K), 0.0651800 secs]
 INFO  [pool-1-thread-1] {org.radargun.stressors.StressTestStressor} Finished generating report. Test duration is: 1 mins 16 secs
 INFO  [pool-1-thread-1] {org.radargun.stages.StressTestWarmupStage} The warmup took: 76 seconds.
 INFO  [pool-1-thread-1] {org.radargun.Slave} Finished stage: StressTestWarmup {bulkSize=1, cacheSpecificKeyGenerator=false, commitTransactions=true, duration=1 mins 0 secs, entrySize=1000, exitBenchmarkOnSlaveFailure=false, fixedKeys=true, generateHistogramRange=false, keyGeneratorClass=org.radargun.stressors.StringKeyGenerator, keyGeneratorParam=null, loadAllKeys=false, numEntries=100, numOfThreads=4, numRequests=10000, numThreads=4, numberOfAttributes=100, numberOfRequests=10000, opsCountStatusLog=100000, poolKeys=true, preferAsyncOperations=false, removePercentage=0, replaceInvalidPercentage=40, runOnAllSlaves=false, sharedKeys=false, sizeOfAnAttribute=1000, slaves=null, transactionSize=50, useAtomics=false, useHistogramStatistics=false, useSimpleStatistics=true, useSmartClassLoading=true, useTransactions=null, writePercentage=20, writeTxPercentage=20 }
 INFO  [main] {org.radargun.Slave} Ack successfully sent to the master
[GC 342344K->95305K(2944064K), 0.0611620 secs]
[GC 351369K->96996K(2944064K), 0.0560150 secs]
[GC 353060K->99217K(2944064K), 0.0520170 secs]
[GC 355281K->100128K(2944064K), 0.0556470 secs]
[GC 356192K->119925K(2944064K), 0.0546700 secs]
[GC 375989K->112287K(2944064K), 0.0590960 secs]
[GC 368351K->120279K(2944064K), 0.0585480 secs]
[GC 376338K->131887K(2944064K), 0.0650280 secs]
[GC 387951K->135948K(2944064K), 0.0609960 secs]
[GC 392012K->147854K(2944064K), 0.0639840 secs]
[GC 403918K->156308K(2944064K), 0.0636900 secs]
[GC 412372K->176060K(2944064K), 0.0664830 secs]
[GC 432124K->199478K(2944064K), 0.0791200 secs]
[GC 455538K->206369K(2944064K), 0.0831670 secs]
 INFO  [pool-1-thread-1] {org.radargun.Slave} Executing stage: ClearClusterStage {ClearCluster {exitBenchmarkOnSlaveFailure=false, runOnAllSlaves=false, slaves=[ 0 ], useSmartClassLoading=true }
 INFO  [pool-1-thread-1] {org.radargun.stages.ClearClusterStage} Before executing clear, memory looks like this: Memory - free: 2,607,411 kb - max:4,906,688 kb- total:2,944,064 kb
[Full GC 336652K->176963K(2944064K), 0.7407190 secs]
 INFO  [pool-1-thread-1] {org.radargun.stages.ClearClusterStage} After executing cleanup, memory looks like this: Memory - free: 2,766,338 kb - max:4,906,688 kb- total:2,944,192 kb
 INFO  [pool-1-thread-1] {org.radargun.Slave} Finished stage: ClearClusterStage {ClearCluster {exitBenchmarkOnSlaveFailure=false, runOnAllSlaves=false, slaves=[ 0 ], useSmartClassLoading=true }
 INFO  [main] {org.radargun.Slave} Ack successfully sent to the master
 INFO  [pool-1-thread-1] {org.radargun.Slave} Executing stage: StressTest {bulkSize=1, cacheSpecificKeyGenerator=false, commitTransactions=true, duration=1 mins 0 secs, entrySize=1000, exitBenchmarkOnSlaveFailure=false, fixedKeys=true, generateHistogramRange=false, keyGeneratorClass=org.radargun.stressors.StringKeyGenerator, keyGeneratorParam=null, loadAllKeys=false, numEntries=10000, numOfThreads=4, numRequests=10000000, numThreads=4, numberOfAttributes=10000, numberOfRequests=10000000, opsCountStatusLog=500000, poolKeys=true, preferAsyncOperations=false, removePercentage=0, replaceInvalidPercentage=40, runOnAllSlaves=false, sharedKeys=false, sizeOfAnAttribute=1000, slaves=null, transactionSize=10000, useAtomics=false, useHistogramStatistics=false, useSimpleStatistics=true, useSmartClassLoading=true, useTransactions=true, writePercentage=10, writeTxPercentage=5 }
 INFO  [pool-1-thread-1] {org.radargun.stages.StressTestStage} Starting StressTestStage: StressTest {bulkSize=1, cacheSpecificKeyGenerator=false, commitTransactions=true, duration=1 mins 0 secs, entrySize=1000, exitBenchmarkOnSlaveFailure=false, fixedKeys=true, generateHistogramRange=false, keyGeneratorClass=org.radargun.stressors.StringKeyGenerator, keyGeneratorParam=null, loadAllKeys=false, numEntries=10000, numOfThreads=4, numRequests=10000000, numThreads=4, numberOfAttributes=10000, numberOfRequests=10000000, opsCountStatusLog=500000, poolKeys=true, preferAsyncOperations=false, removePercentage=0, replaceInvalidPercentage=40, runOnAllSlaves=false, sharedKeys=false, sizeOfAnAttribute=1000, slaves=null, transactionSize=10000, useAtomics=false, useHistogramStatistics=false, useSimpleStatistics=true, useSmartClassLoading=true, useTransactions=true, writePercentage=10, writeTxPercentage=5 }
 INFO  [pool-1-thread-1] {org.radargun.stressors.StressTestStressor} Using key generator org.radargun.stressors.StringKeyGenerator, param null
 INFO  [pool-1-thread-1] {org.radargun.stressors.StressTestStressor} Executing: StressTestStressor{opsCountStatusLog=500000, numRequests=10000000, numEntries=10000, entrySize=1000, writePercentage=10, numThreads=4, cacheWrapper=org.radargun.cachewrappers.FFWrapper@12da22e9, nodeIndex=1, useTransactions=true, transactionSize=10000, commitTransactions=true, durationMillis=60000}
 INFO  [pool-1-thread-1] {org.radargun.stressors.StressTestStressor} Cache wrapper info is: FFWrapper using infinispan52
[GC 433155K->256879K(2944192K), 0.0301060 secs]
[GC 513071K->197499K(2944192K), 0.0304770 secs]
[GC 453691K->186620K(2944192K), 0.0293240 secs]
[GC 442812K->189224K(2944192K), 0.0287030 secs]
[GC 445416K->192062K(2944192K), 0.0363060 secs]
[GC 448254K->195515K(2944192K), 0.0317400 secs]
[GC 451707K->198861K(2944192K), 0.0321370 secs]
[GC 455053K->202444K(2944192K), 0.0334380 secs]
[GC 458636K->201892K(2944192K), 0.0334070 secs]
[GC 458084K->204541K(2944192K), 0.0357690 secs]
[GC 460733K->210013K(2944192K), 0.0358690 secs]
[GC 466205K->212603K(2944192K), 0.0384400 secs]
[GC 468795K->215921K(2944192K), 0.0359190 secs]
[GC 472113K->213317K(2944192K), 0.0402810 secs]
[GC 469509K->216291K(2944192K), 0.0406140 secs]
[GC 472483K->221313K(2944192K), 0.0437810 secs]
[GC 477505K->222846K(2944192K), 0.0513850 secs]
[GC 479038K->224678K(2944192K), 0.0481790 secs]
[GC 480870K->227405K(2944192K), 0.0427860 secs]
[GC 483597K->221594K(2944192K), 0.0404310 secs]
[GC 477786K->230603K(2944192K), 0.0434220 secs]
[GC 486795K->232976K(2944192K), 0.0435320 secs]
[GC 489168K->242073K(2944192K), 0.0429420 secs]
[GC 498265K->234129K(2944192K), 0.0421550 secs]
[GC 490321K->238845K(2944192K), 0.0454920 secs]
[GC 495037K->237246K(2944192K), 0.0428870 secs]
[GC 493438K->233304K(2944192K), 0.0490310 secs]
[GC 489496K->235637K(2944192K), 0.0460210 secs]
[GC 491829K->243736K(2944192K), 0.0406440 secs]
[GC 499928K->246021K(2944192K), 0.0526910 secs]
[GC 502213K->255476K(2944192K), 0.0391950 secs]
[GC 511668K->243186K(2944192K), 0.0426030 secs]
[GC 499378K->255120K(2944192K), 0.0555140 secs]
[GC 511312K->252038K(2944192K), 0.0384540 secs]
[GC 508230K->261626K(2944192K), 0.0569430 secs]
[GC 517818K->249804K(2944192K), 0.0407920 secs]
[GC 505996K->255287K(2944192K), 0.0613780 secs]
[GC 511479K->259777K(2944192K), 0.0434570 secs]
[GC 515969K->262623K(2944192K), 0.0412840 secs]
[GC 518815K->265282K(2944192K), 0.0578760 secs]
[GC 521474K->267218K(2944192K), 0.0401590 secs]
[GC 523410K->269467K(2944192K), 0.0576840 secs]
[GC 525659K->292124K(2944192K), 0.0589090 secs]
[GC 548316K->304198K(2944192K), 0.0537410 secs]
[GC 560390K->328255K(2944192K), 0.0605390 secs]
[GC 584447K->353423K(2944192K), 0.0633310 secs]
[GC 609615K->348310K(2944192K), 0.0929400 secs]
[GC 604502K->361272K(2944192K), 0.0745090 secs]
 WARN  [hz._hzInstance_1_FenixFrameworkGroup.event] {com.hazelcast.spi.EventService} [127.0.0.1]:5702 [FenixFrameworkGroup] Caution: Off-load event processing to your own thread-pool, don't use event thread!
[GC 616163K->389814K(2944192K), 0.0721600 secs]
[GC 646006K->370057K(2944192K), 0.0720580 secs]
[GC 626219K->417260K(2944192K), 0.0655520 secs]
[GC 673452K->448340K(2944192K), 0.0655700 secs]
[GC 704532K->429982K(2944192K), 0.0599250 secs]
[GC 686174K->467143K(2944192K), 0.0683330 secs]
[GC 723330K->461688K(2944192K), 0.0736310 secs]
[GC 717880K->490359K(2944192K), 0.0636440 secs]
 WARN  [hz._hzInstance_1_FenixFrameworkGroup.event] {com.hazelcast.spi.EventService} [127.0.0.1]:5702 [FenixFrameworkGroup] Caution: Off-load event processing to your own thread-pool, don't use event thread!
[GC 746550K->503669K(2944192K), 0.0631110 secs]
[GC 759861K->505356K(2944192K), 0.0654430 secs]
[GC 761521K->516945K(2944192K), 0.0619180 secs]
[GC 773137K->567753K(2944192K), 0.0666020 secs]
[GC 823945K->545520K(2944192K), 0.0672150 secs]
[GC 801712K->598943K(2944192K), 0.0674230 secs]
[GC 855089K->572198K(2944192K), 0.0656440 secs]
[GC 827273K->629420K(2944192K), 0.0657270 secs]
[GC 885612K->600873K(2944192K), 0.0702560 secs]
[GC 857065K->659027K(2944192K), 0.0722870 secs]
[GC 915205K->634974K(2944192K), 0.0716270 secs]
[GC 891166K->674946K(2944192K), 0.0699710 secs]
[GC 931138K->682334K(2944192K), 0.0730180 secs]
[GC 938526K->698283K(2944192K), 0.0723920 secs]
[GC 954475K->713818K(2944192K), 0.0732950 secs]
[GC 970010K->730678K(2944192K), 0.0740500 secs]
[GC 986870K->707044K(2944192K), 0.0685810 secs]
[GC 963236K->721175K(2944192K), 0.0627500 secs]
[GC 977367K->759750K(2944192K), 0.0554230 secs]
[GC 1015942K->748363K(2944192K), 0.0648930 secs]
[GC 1004555K->767337K(2944192K), 0.0514730 secs]
[GC 1023529K->745322K(2944192K), 0.0539000 secs]
[GC 1001514K->766652K(2944192K), 0.0558970 secs]
[GC 1022844K->766737K(2944192K), 0.0677710 secs]
[GC 1022929K->772511K(2944192K), 0.0556750 secs]
[GC 1028703K->776261K(2944192K), 0.0547140 secs]
[GC 1032453K->786328K(2944192K), 0.0687990 secs]
[GC 1042520K->789402K(2944192K), 0.0483640 secs]
[GC 1045594K->784797K(2944192K), 0.0540290 secs]
[GC 1040989K->777107K(2944192K), 0.0500490 secs]
[GC 1033299K->789616K(2944192K), 0.0558680 secs]
[GC 1045808K->803201K(2944192K), 0.0572920 secs]
[GC 1059393K->800299K(2944192K), 0.0553110 secs]
[GC 1056491K->794555K(2944192K), 0.0611370 secs]
[GC 1050747K->807497K(2944192K), 0.0616940 secs]
[GC 1063689K->819451K(2944192K), 0.0576070 secs]
[GC 1075643K->795289K(2944192K), 0.0683480 secs]
[GC 1051481K->806325K(2944192K), 0.0758450 secs]
[GC 1062517K->819112K(2944192K), 0.0641480 secs]
[GC 1075304K->827975K(2944192K), 0.0783410 secs]
[GC 1084167K->821564K(2944192K), 0.0602650 secs]
[GC 1077756K->826356K(2944192K), 0.0711520 secs]
[GC 1082548K->832611K(2944192K), 0.0760580 secs]
[GC 1088803K->839863K(2944192K), 0.0630430 secs]
 INFO  [pool-1-thread-1] {org.radargun.stressors.StressTestStressor} Started 4 stressor threads.
 INFO  [Stressor-1] {org.radargun.stressors.StressTestStressor} Number of ops executed so far: 1. Elapsed time: 0.000 secs. Remaining: 1 mins 0 secs. Total: 1 mins 0 secs
[GC 1096055K->854333K(2944192K), 0.0625410 secs]
[GC 1110525K->850855K(2944192K), 0.0562700 secs]
[GC 1107047K->855655K(2944192K), 0.0697100 secs]
[GC 1111824K->869064K(2944192K), 0.0719800 secs]
[GC 1122174K->878634K(2944192K), 0.0660740 secs]
[GC 1132538K->897551K(2944192K), 0.0661570 secs]
[GC 1153743K->900404K(2944192K), 0.0785380 secs]
[GC 1156596K->880408K(2944192K), 0.0392820 secs]
[GC 1136592K->903521K(2944192K), 0.0468100 secs]
[GC 1159396K->914372K(2944192K), 0.0532950 secs]
[GC 1170564K->933187K(2944192K), 0.0603090 secs]
[GC 1189350K->945693K(2944192K), 0.0629310 secs]
[GC 1201885K->941625K(2944192K), 0.0563770 secs]
[GC 1197817K->937672K(2944192K), 0.0550190 secs]
[GC 1193864K->967862K(2944192K), 0.0483870 secs]
[GC 1224054K->955809K(2944192K), 0.0725490 secs]
[GC 1211958K->993004K(2944192K), 0.0521960 secs]
[GC 1249187K->985388K(2944192K), 0.0612650 secs]
[GC 1241527K->1004659K(2944192K), 0.0548380 secs]
[GC 1260851K->996072K(2944192K), 0.0544930 secs]
[GC 1252264K->1006605K(2944192K), 0.0536000 secs]
 INFO  [Stressor-2] {org.radargun.stressors.StressTestStressor} Number of ops executed so far: 6688070. Elapsed time: 20.000 secs. Remaining: 40.000 secs. Total: 1 mins 0 secs
[GC 1259658K->1010145K(2944192K), 0.0512730 secs]
[GC 1266337K->1019156K(2944192K), 0.0531400 secs]
[GC 1275348K->1024845K(2944192K), 0.0469110 secs]
[GC 1280072K->1054367K(2944192K), 0.0543500 secs]
[GC 1310559K->1047486K(2944192K), 0.0667360 secs]
[GC 1303111K->1073999K(2944192K), 0.0696180 secs]
[GC 1330143K->1083084K(2944192K), 0.0707890 secs]
[GC 1339092K->1105885K(2944192K), 0.0551870 secs]
[GC 1362057K->1089633K(2944192K), 0.0606800 secs]
[GC 1345825K->1090561K(2944192K), 0.0471660 secs]
[GC 1346753K->1121611K(2944192K), 0.0557380 secs]
[GC 1377798K->1125070K(2944192K), 0.0774560 secs]
[GC 1381262K->1167275K(2944192K), 0.0731860 secs]
[GC 1423467K->1179528K(2944192K), 0.0570760 secs]
[GC 1432968K->1165469K(2944192K), 0.0458590 secs]
[GC 1421661K->1186240K(2944192K), 0.0456490 secs]
[GC 1441133K->1201277K(2944192K), 0.0498230 secs]
[GC 1457453K->1268130K(2944192K), 0.0725140 secs]
[GC 1524322K->1217724K(2944192K), 0.0629950 secs]
[GC 1473873K->1234358K(2944192K), 0.0508390 secs]
[GC 1490550K->1281144K(2944192K), 0.0635580 secs]
[GC 1536779K->1271548K(2944192K), 0.0748390 secs]
 INFO  [Stressor-0] {org.radargun.stressors.StressTestStressor} Number of ops executed so far: 9109252. Elapsed time: 40.000 secs. Remaining: 20.000 secs. Total: 1 mins 0 secs
[GC 1526349K->1307075K(2944192K), 0.0562250 secs]
[GC 1563255K->1290310K(2944192K), 0.0679320 secs]
[GC 1546502K->1300386K(2944192K), 0.0455680 secs]
[GC 1555848K->1321646K(2944192K), 0.0521320 secs]
[GC 1577838K->1348424K(2944192K), 0.0696310 secs]
[GC 1603555K->1344173K(2944192K), 0.0676330 secs]
[GC 1345495K(2944192K), 0.0181890 secs]
[GC 1600365K->1385528K(2944192K), 0.0618210 secs]
[GC 1641720K->1384345K(2944192K), 0.0557770 secs]
[GC 1518493K(2944192K), 0.0601010 secs]
[GC 1273831K->1041446K(2944192K), 0.0468020 secs]
[GC 1297638K->1036117K(2944192K), 0.0541000 secs]
[GC 1289181K->1044501K(2944192K), 0.0462000 secs]
[GC 1300693K->1037116K(2944192K), 0.0502800 secs]
[GC 1293308K->1057947K(2944192K), 0.0475290 secs]
[GC 1314139K->1078428K(2944192K), 0.0661070 secs]
[GC 1334620K->1062446K(2944192K), 0.0547850 secs]
[GC 1318638K->1073998K(2944192K), 0.0466170 secs]
[GC 1330190K->1097488K(2944192K), 0.0585000 secs]
[GC 1353680K->1112543K(2944192K), 0.0681190 secs]
[GC 1368723K->1124356K(2944192K), 0.0426370 secs]
[GC 1380548K->1140626K(2944192K), 0.0487920 secs]
[GC 1396818K->1154824K(2944192K), 0.0642350 secs]
[GC 1411016K->1136237K(2944192K), 0.0466840 secs]
 INFO  [Stressor-2] {org.radargun.stressors.StressTestStressor} Number of ops executed so far: 17088513. Elapsed time: 1 mins 0 secs. Remaining: 0.000 secs. Total: 1 mins 0 secs
 INFO  [pool-1-thread-1] {org.radargun.stressors.StressTestStressor} Finished generating report. Test duration is: 8 mins 30 secs
 INFO  [pool-1-thread-1] {org.radargun.stages.StressTestStage} size info: FFWrapper using infinispan52, clusterSize:8, nodeIndex:1, cacheSize: -1
 INFO  [pool-1-thread-1] {org.radargun.Slave} Finished stage: StressTest {bulkSize=1, cacheSpecificKeyGenerator=false, commitTransactions=true, duration=1 mins 0 secs, entrySize=1000, exitBenchmarkOnSlaveFailure=false, fixedKeys=true, generateHistogramRange=false, keyGeneratorClass=org.radargun.stressors.StringKeyGenerator, keyGeneratorParam=null, loadAllKeys=false, numEntries=10000, numOfThreads=4, numRequests=10000000, numThreads=4, numberOfAttributes=10000, numberOfRequests=10000000, opsCountStatusLog=500000, poolKeys=true, preferAsyncOperations=false, removePercentage=0, replaceInvalidPercentage=40, runOnAllSlaves=false, sharedKeys=false, sizeOfAnAttribute=1000, slaves=null, transactionSize=10000, useAtomics=false, useHistogramStatistics=false, useSimpleStatistics=true, useSmartClassLoading=true, useTransactions=true, writePercentage=10, writeTxPercentage=5 }
 INFO  [main] {org.radargun.Slave} Ack successfully sent to the master
[GC 1392429K->1199354K(2944192K), 0.0475680 secs]
[GC 1455546K->1165128K(2944192K), 0.0418200 secs]
[GC 1421320K->1142686K(2944192K), 0.0307630 secs]
[GC 1398878K->1146538K(2944192K), 0.0308940 secs]
[GC 1402730K->1147796K(2944192K), 0.0326680 secs]
[GC 1403988K->1154291K(2944192K), 0.0333470 secs]
[GC 1410483K->1146575K(2944192K), 0.0337310 secs]
[GC 1402767K->1153724K(2944192K), 0.0365550 secs]
[GC 1409916K->1144171K(2944192K), 0.0389290 secs]
[GC 1400363K->1158213K(2944192K), 0.0374910 secs]
[GC 1414405K->1164610K(2944192K), 0.0430860 secs]
[GC 1420802K->1151352K(2944192K), 0.0410710 secs]
[GC 1407544K->1169086K(2944192K), 0.0442450 secs]
[GC 1425278K->1169793K(2944192K), 0.0450320 secs]
[GC 1425985K->1181967K(2944192K), 0.0463160 secs]
[GC 1438159K->1166028K(2944192K), 0.0516540 secs]
[GC 1422220K->1177054K(2944192K), 0.0418150 secs]
[GC 1433246K->1175664K(2944192K), 0.0450800 secs]
[GC 1431856K->1170786K(2944192K), 0.0439680 secs]
[GC 1426978K->1181011K(2944192K), 0.0486230 secs]
[GC 1437203K->1191187K(2944192K), 0.0490250 secs]
[GC 1447379K->1177594K(2944192K), 0.0506310 secs]
[GC 1433786K->1197714K(2944192K), 0.0486620 secs]
[GC 1453906K->1180474K(2944192K), 0.0465150 secs]
[GC 1436666K->1201533K(2944192K), 0.0478580 secs]
[GC 1457725K->1184655K(2944192K), 0.0522550 secs]
[GC 1440847K->1198643K(2944192K), 0.0507580 secs]
[GC 1454835K->1205225K(2944192K), 0.0467850 secs]
[GC 1461417K->1192447K(2944192K), 0.0471810 secs]
[GC 1448639K->1212565K(2944192K), 0.0466110 secs]
[GC 1468757K->1195340K(2944192K), 0.0522660 secs]
[GC 1451532K->1209593K(2944192K), 0.0536910 secs]
[GC 1465785K->1215770K(2944192K), 0.0473550 secs]
[GC 1471962K->1203168K(2944192K), 0.0526150 secs]
[GC 1459360K->1216564K(2944192K), 0.0445560 secs]
[GC 1472756K->1222825K(2944192K), 0.0460580 secs]
[GC 1479017K->1209865K(2944192K), 0.0525100 secs]
[GC 1466057K->1230411K(2944192K), 0.0514600 secs]
[GC 1486603K->1217965K(2944192K), 0.0485920 secs]
[GC 1474157K->1234788K(2944192K), 0.0669220 secs]
[GC 1490980K->1217098K(2944192K), 0.0528400 secs]
[GC 1473290K->1239524K(2944192K), 0.0450940 secs]
[GC 1495716K->1221712K(2944192K), 0.0510760 secs]
[GC 1477904K->1243850K(2944192K), 0.0557600 secs]
[GC 1500042K->1226209K(2944192K), 0.0529360 secs]
[GC 1482401K->1248225K(2944192K), 0.0503810 secs]
[GC 1504417K->1230639K(2944192K), 0.0480500 secs]
[GC 1486831K->1245155K(2944192K), 0.0444090 secs]
[GC 1501347K->1251869K(2944192K), 0.0455830 secs]
[GC 1508061K->1238489K(2944192K), 0.0511810 secs]
[GC 1494681K->1259329K(2944192K), 0.0486790 secs]
[GC 1515521K->1241614K(2944192K), 0.0455550 secs]
[GC 1497806K->1263489K(2944192K), 0.0503850 secs]
[GC 1519681K->1245965K(2944192K), 0.0486400 secs]
[GC 1502157K->1267831K(2944192K), 0.0512400 secs]
[GC 1524023K->1250000K(2944192K), 0.0498230 secs]
[GC 1506192K->1272204K(2944192K), 0.0515330 secs]
[GC 1528396K->1254276K(2944192K), 0.0433860 secs]
[GC 1510468K->1276524K(2944192K), 0.0481430 secs]
[GC 1532716K->1258521K(2944192K), 0.0443750 secs]
[GC 1514713K->1279785K(2944192K), 0.0488520 secs]
[GC 1535977K->1262667K(2944192K), 0.0488210 secs]
[GC 1518859K->1284512K(2944192K), 0.0549670 secs]
[GC 1540704K->1267140K(2944192K), 0.0499360 secs]
[GC 1523332K->1288877K(2944192K), 0.0527920 secs]
[GC 1545069K->1271342K(2944192K), 0.0513150 secs]
[GC 1527534K->1285406K(2944192K), 0.0456670 secs]
[GC 1541598K->1299639K(2944192K), 0.0464770 secs]
[GC 1555831K->1278816K(2944192K), 0.0452450 secs]
[GC 1535008K->1299193K(2944192K), 0.0452920 secs]
[GC 1555385K->1281638K(2944192K), 0.0505280 secs]
[GC 1537830K->1303258K(2944192K), 0.0471260 secs]
[GC 1559450K->1285784K(2944192K), 0.0517930 secs]
[GC 1541976K->1299769K(2944192K), 0.0517460 secs]
[GC 1555961K->1306073K(2944192K), 0.0506550 secs]
[GC 1562265K->1293497K(2944192K), 0.0513640 secs]
 WARN  [hz._hzInstance_1_FenixFrameworkGroup.event] {com.hazelcast.spi.EventService} [127.0.0.1]:5702 [FenixFrameworkGroup] Caution: Off-load event processing to your own thread-pool, don't use event thread!
[GC 1549689K->1306589K(2944192K), 0.0510580 secs]
[GC 1562781K->1312763K(2944192K), 0.0574070 secs]
[GC 1568955K->1299762K(2944192K), 0.0465920 secs]
[GC 1555954K->1319992K(2944192K), 0.0442060 secs]
[GC 1576184K->1307577K(2944192K), 0.0439500 secs]
[GC 1563769K->1324149K(2944192K), 0.0454380 secs]
[GC 1580341K->1307015K(2944192K), 0.0451090 secs]
[GC 1563207K->1321005K(2944192K), 0.0439290 secs]
[GC 1577197K->1335215K(2944192K), 0.0450170 secs]
[GC 1591407K->1314491K(2944192K), 0.0453370 secs]
[GC 1570683K->1334676K(2944192K), 0.0533220 secs]
[GC 1590868K->1322284K(2944192K), 0.0442630 secs]
[GC 1578476K->1331729K(2944192K), 0.0943860 secs]
[GC 1587921K->1338290K(2944192K), 0.0454920 secs]
[GC 1594482K->1325173K(2944192K), 0.0477820 secs]
[GC 1581365K->1345438K(2944192K), 0.0442050 secs]
[GC 1601630K->1328195K(2944192K), 0.0522630 secs]
[GC 1584387K->1349431K(2944192K), 0.0567150 secs]
[GC 1605623K->1381980K(2944192K), 0.0660340 secs]
[GC 1638172K->1409978K(2944192K), 0.0762250 secs]
[GC 1665970K->1439399K(2944192K), 0.0992320 secs]
[GC 1695591K->1444809K(2944192K), 0.0889440 secs]
[GC 1701001K->1439863K(2944192K), 0.0788130 secs]
[GC 1695846K->1454209K(2944192K), 0.0763360 secs]
[GC 1710401K->1502528K(2944192K), 0.0745030 secs]
[GC 1758720K->1487388K(2944192K), 0.0873480 secs]
[GC 1743580K->1517414K(2944192K), 0.0784260 secs]
[GC 1773606K->1537629K(2944192K), 0.0748380 secs]
[GC 1793821K->1564984K(2944192K), 0.0793340 secs]
[GC 1821176K->1546322K(2944192K), 0.0901040 secs]
[GC 1802514K->1595521K(2944192K), 0.0654000 secs]
[GC 1851686K->1572564K(2944192K), 0.0814970 secs]
 WARN  [hz._hzInstance_1_FenixFrameworkGroup.event] {com.hazelcast.spi.EventService} [127.0.0.1]:5702 [FenixFrameworkGroup] Caution: Off-load event processing to your own thread-pool, don't use event thread!
[GC 1828747K->1628670K(2944192K), 0.0805190 secs]
[GC 1884862K->1604826K(2944192K), 0.0822550 secs]
[GC 1861018K->1659459K(2944192K), 0.0796700 secs]
[GC 1915651K->1661219K(2944192K), 0.0814250 secs]
[GC 1917411K->1675868K(2944192K), 0.0792720 secs]
[GC 1932030K->1690685K(2944192K), 0.0824870 secs]
[GC 1946446K->1687646K(2944192K), 0.0809440 secs]
[GC 1943838K->1702213K(2944192K), 0.0795320 secs]
[GC 1958405K->1699651K(2944192K), 0.0776770 secs]
[GC 1955843K->1709843K(2944192K), 0.0734470 secs]
[GC 1966035K->1726090K(2944192K), 0.0553640 secs]
 WARN  [hz._hzInstance_1_FenixFrameworkGroup.event] {com.hazelcast.spi.EventService} [127.0.0.1]:5702 [FenixFrameworkGroup] Caution: Off-load event processing to your own thread-pool, don't use event thread!
[GC 1982282K->1738110K(2944192K), 0.0539240 secs]
[GC 1994302K->1712294K(2944192K), 0.0567810 secs]
[GC 1968486K->1735316K(2944192K), 0.0615640 secs]
[GC 1991508K->1761289K(2944192K), 0.0572650 secs]
[GC 2017481K->1737794K(2944192K), 0.0748850 secs]
[GC 1993986K->1753885K(2944192K), 0.0541080 secs]
[GC 2010077K->1722405K(2944192K), 0.0578830 secs]
[GC 1978597K->1757406K(2944192K), 0.0603580 secs]
[GC 2013598K->1735363K(2944192K), 0.0610550 secs]
[GC 1991555K->1765811K(2944192K), 0.0645100 secs]
[GC 2022003K->1732662K(2944192K), 0.0681740 secs]
[GC 1988854K->1737818K(2944192K), 0.0795400 secs]
[GC 1994010K->1740268K(2944192K), 0.0691630 secs]
[GC 1996460K->1745025K(2944192K), 0.0596940 secs]
[GC 2001217K->1744909K(2944192K), 0.0524880 secs]
[GC 2001101K->1775518K(2944192K), 0.0681550 secs]
[GC 2031710K->1804854K(2944192K), 0.0692150 secs]
[GC 2060815K->1837731K(2944192K), 0.0910120 secs]
[GC 2093923K->1852835K(2944192K), 0.0912210 secs]
[GC 2109027K->1844321K(2944192K), 0.0880530 secs]
[GC 2100513K->1885636K(2944192K), 0.0768240 secs]
[GC 2140100K->1890926K(2944192K), 0.0881310 secs]
[GC 2147118K->1888027K(2944192K), 0.0848540 secs]
[GC 2142947K->1921359K(2944192K), 0.0873520 secs]
[GC 2177551K->1936269K(2944192K), 0.0836020 secs]
[GC 2192461K->1947064K(2944192K), 0.0776530 secs]
[GC 2203231K->1968845K(2944192K), 0.0800460 secs]
[GC 2225037K->1981647K(2944192K), 0.0863920 secs]
[GC 2237839K->2000932K(2944192K), 0.0848210 secs]
[GC 2255292K->1999409K(2944192K), 0.0812570 secs]
[GC 2253833K->2032899K(2944192K), 0.0905780 secs]
[GC 2289091K->2046164K(2944192K), 0.0863010 secs]
[GC 2302356K->2063840K(2944192K), 0.0786020 secs]
[GC 2320032K->2076937K(2944192K), 0.0810810 secs]
[GC 2333129K->2091576K(2944192K), 0.0816150 secs]
[GC 2347768K->2093933K(2944192K), 0.0804280 secs]
[GC 2350125K->2085130K(2944192K), 0.0724040 secs]
[GC 2341322K->2137060K(2944192K), 0.0668700 secs]
[GC 2393252K->2128809K(2944192K), 0.1027380 secs]
[GC 2385001K->2178647K(2944192K), 0.0669020 secs]
[GC 2434839K->2195294K(2944192K), 0.0902630 secs]
[GC 2451486K->2205359K(2944192K), 0.1062520 secs]
[GC 2460241K->2206564K(2944192K), 0.0816690 secs]
[GC 2462737K->2248124K(2944192K), 0.0696880 secs]
[GC 2504316K->2250767K(2944192K), 0.0885440 secs]
[GC 2506959K->2252555K(2944192K), 0.0918060 secs]
[GC 2508747K->2268174K(2944192K), 0.1065890 secs]
[GC 2524366K->2314967K(2944192K), 0.0702820 secs]
[GC 2571159K->2301376K(2944192K), 0.1003110 secs]
[GC 2557534K->2325130K(2944192K), 0.0846830 secs]
[GC 2581322K->2367221K(2944192K), 0.0698270 secs]
[GC 2623413K->2384542K(2944192K), 0.0836260 secs]
[GC 2640734K->2372383K(2944192K), 0.0950430 secs]
[GC 2628575K->2397189K(2944192K), 0.0809490 secs]
[GC 2653375K->2427617K(2944192K), 0.0848260 secs]
[GC 2683804K->2444857K(2944192K), 0.0804900 secs]
[GC 2701049K->2464018K(2944192K), 0.0875780 secs]
[GC 2464061K(2944192K), 0.0586570 secs]
[GC 2720210K->2482865K(2944192K), 0.0911610 secs]
[GC 2513818K(2944192K), 0.0326290 secs]
[GC 2348557K->2127887K(3705048K), 0.1007100 secs]
[GC 2384079K->2130053K(3705048K), 0.1015310 secs]
[GC 2386074K->2177677K(3705048K), 0.1042830 secs]
[GC 2433856K->2154610K(3705048K), 0.0999730 secs]
[GC 2409390K->2220236K(3705048K), 0.1051210 secs]
[GC 2476398K->2198998K(3705048K), 0.0998660 secs]
[GC 2455179K->2245109K(3705048K), 0.0985450 secs]
[GC 2501301K->2260821K(3705048K), 0.0990750 secs]
[GC 2517013K->2275875K(3705048K), 0.0922250 secs]
[GC 2532067K->2297404K(3705048K), 0.0929450 secs]
[GC 2553596K->2302664K(3705048K), 0.0843880 secs]
[GC 2557500K->2332760K(3705048K), 0.0883290 secs]
[GC 2588952K->2371876K(3705048K), 0.0879740 secs]
[GC 2628068K->2352604K(3705048K), 0.0875190 secs]
[GC 2608796K->2392550K(3705048K), 0.0873060 secs]
[GC 2648701K->2402914K(3705048K), 0.0863660 secs]
[GC 2659106K->2439694K(3705048K), 0.0887250 secs]
[GC 2695886K->2424375K(3705048K), 0.0883720 secs]
[GC 2680567K->2479426K(3705048K), 0.0834420 secs]
[GC 2735618K->2461851K(3705048K), 0.0848010 secs]
[GC 2718043K->2488204K(3705048K), 0.0630180 secs]
[GC 2744396K->2464230K(3705048K), 0.0732250 secs]
[GC 2720422K->2462408K(3705048K), 0.0856810 secs]
[GC 2718600K->2499014K(3705048K), 0.0664810 secs]
[GC 2755206K->2518182K(3705048K), 0.0676040 secs]
[GC 2774374K->2502190K(3705048K), 0.0853440 secs]
 WARN  [hz._hzInstance_1_FenixFrameworkGroup.event] {com.hazelcast.spi.EventService} [127.0.0.1]:5702 [FenixFrameworkGroup] Caution: Off-load event processing to your own thread-pool, don't use event thread!
[GC 2758382K->2515083K(3705048K), 0.0633340 secs]
[GC 2771275K->2494818K(3705048K), 0.0636510 secs]
[GC 2751010K->2528251K(3705048K), 0.0726030 secs]
[GC 2784392K->2565467K(3705048K), 0.0927360 secs]
[GC 2821626K->2553248K(3705048K), 0.0957580 secs]
[GC 2809440K->2597531K(3705048K), 0.0987880 secs]
[GC 2853723K->2601064K(3705048K), 0.1043980 secs]
[GC 2855935K->2630540K(3705048K), 0.0820500 secs]
[GC 2886732K->2627856K(3705048K), 0.0886480 secs]
[GC 2884011K->2663614K(3705048K), 0.0813240 secs]
[GC 2919806K->2681074K(3705048K), 0.0790200 secs]
[GC 2937266K->2704304K(3705048K), 0.0925300 secs]
[GC 2960496K->2708711K(3705048K), 0.0792010 secs]
[GC 2964903K->2744580K(3705048K), 0.0924840 secs]
[GC 3000772K->2763313K(3705048K), 0.0898240 secs]
[GC 3019505K->2782644K(3705048K), 0.0881700 secs]
[GC 3038836K->2801839K(3705048K), 0.0882190 secs]
[GC 3058031K->2837649K(3705048K), 0.0843200 secs]
[GC 3093812K->2823425K(3705048K), 0.0907160 secs]
[GC 3079617K->2881062K(3705048K), 0.0830470 secs]
[GC 3137254K->2858949K(3705048K), 0.0802540 secs]
[GC 3115141K->2905812K(3705048K), 0.0853820 secs]
[GC 3162004K->2917353K(3705048K), 0.0930750 secs]
[GC 3173545K->2905771K(3705048K), 0.0825800 secs]
[GC 3160047K->2956118K(3705048K), 0.0646700 secs]
[GC 3212227K->2941196K(3705048K), 0.0928210 secs]
[GC 3197369K->2996325K(3705048K), 0.0965200 secs]
[GC 3252517K->2980169K(3705048K), 0.0824070 secs]
[GC 3236361K->3027305K(3705048K), 0.0995180 secs]
[GC 3283497K->3050022K(3705048K), 0.0843970 secs]
[GC 3305125K->3053959K(3705048K), 0.0866180 secs]
[GC 3309128K->3089768K(3705048K), 0.0925180 secs]
[GC 3344307K->3109728K(3705048K), 0.0942790 secs]
[GC 3365891K->3144470K(3705048K), 0.0926820 secs]
[GC 3400662K->3129828K(3705048K), 0.0834790 secs]
 WARN  [hz._hzInstance_1_FenixFrameworkGroup.event] {com.hazelcast.spi.EventService} [127.0.0.1]:5702 [FenixFrameworkGroup] Caution: Off-load event processing to your own thread-pool, don't use event thread!
[GC 3386020K->3173925K(3705048K), 0.0914080 secs]
[GC 3174378K(3705048K), 0.0423610 secs]
[GC 3430117K->3191481K(3705048K), 0.0922030 secs]
[GC 3447673K->3210701K(3705048K), 0.0871750 secs]
[GC 3395293K(3705048K), 0.0540140 secs]
[GC 3426546K->3174589K(3705048K), 0.0883750 secs]
[GC 3212262K->3008608K(4650880K), 0.1079280 secs]
[GC 3264800K->2999530K(4650880K), 0.1010960 secs]
[GC 3254371K->3018186K(4650880K), 0.0918060 secs]
[GC 3273967K->3055197K(4650880K), 0.0996930 secs]
[GC 3311387K->3056288K(4650880K), 0.0936570 secs]
[GC 3312480K->3110021K(4650880K), 0.0955010 secs]
[GC 3366213K->3095706K(4650880K), 0.0956530 secs]
[GC 3351898K->3145181K(4650880K), 0.0960450 secs]
[GC 3401373K->3156758K(4650880K), 0.1041860 secs]
[GC 3412129K->3161648K(4650880K), 0.0954130 secs]
 INFO  [main] {org.radargun.Slave} Master shutdown!
 INFO  [Thread-0] {org.radargun.ShutDownHook} Slave process is being shutdown
 INFO  [hz._hzInstance_1_FenixFrameworkGroup.IO.thread-in-1] {com.hazelcast.nio.TcpIpConnection} [127.0.0.1]:5702 [FenixFrameworkGroup] Connection [Address[127.0.0.1]:5701] lost. Reason: java.io.EOFException[Remote socket closed!]
 INFO  [hz.ShutdownThread] {com.hazelcast.nio.TcpIpConnection} [127.0.0.1]:5702 [FenixFrameworkGroup] Connection [Address[127.0.0.1]:5707] lost. Reason: Explicit close
 INFO  [hz._hzInstance_1_FenixFrameworkGroup.IO.thread-in-0] {com.hazelcast.nio.TcpIpConnection} [127.0.0.1]:5702 [FenixFrameworkGroup] Connection [Address[127.0.0.1]:5708] lost. Reason: java.io.EOFException[Remote socket closed!]
 INFO  [hz.ShutdownThread] {com.hazelcast.nio.TcpIpConnection} [127.0.0.1]:5702 [FenixFrameworkGroup] Connection [Address[127.0.0.1]:5706] lost. Reason: Explicit close
 INFO  [hz._hzInstance_1_FenixFrameworkGroup.IO.thread-in-0] {com.hazelcast.nio.TcpIpConnection} [127.0.0.1]:5702 [FenixFrameworkGroup] Connection [Address[127.0.0.1]:5705] lost. Reason: java.io.EOFException[Remote socket closed!]
 INFO  [hz.ShutdownThread] {com.hazelcast.nio.TcpIpConnection} [127.0.0.1]:5702 [FenixFrameworkGroup] Connection [Address[127.0.0.1]:5705] lost. Reason: Explicit close
 INFO  [hz.ShutdownThread] {com.hazelcast.nio.TcpIpConnection} [127.0.0.1]:5702 [FenixFrameworkGroup] Connection [Address[127.0.0.1]:5704] lost. Reason: Explicit close
 INFO  [hz.ShutdownThread] {com.hazelcast.nio.TcpIpConnection} [127.0.0.1]:5702 [FenixFrameworkGroup] Connection [Address[127.0.0.1]:5703] lost. Reason: Explicit close
 INFO  [hz.ShutdownThread] {com.hazelcast.initializer} [127.0.0.1]:5702 [FenixFrameworkGroup] Destroying node initializer.
 INFO  [hz.ShutdownThread] {com.hazelcast.instance.Node} [127.0.0.1]:5702 [FenixFrameworkGroup] Hazelcast Shutdown is completed in 60 ms.
