/usr/java/jdk1.7.0_21/bin/java -server -Xmx1024M -Xms1024M -Dresolve.dns=false -Djgroups.timer.num_threads=4 -verbose:gc -Xmx5000M -Xms3000M -server -XX:+UseConcMarkSweepGC -XX:+AggressiveOpts -verbose:gc -XX:ParallelGCThreads=4 -XX:NewRatio=5 -XX:SurvivorRatio=2 -Dhazelcast.operation.thread.count=4 -Djava.net.preferIPv4Stack=true -Dlog4j.file.prefix=deimos-esw-27943 -Dbind.address= -Djgroups.bind_addr= -classpath /home/smf/github/radargun/target/distribution/RadarGun-1.1.0-SNAPSHOT/lib/activation-1.1.jar:/home/smf/github/radargun/target/distribution/RadarGun-1.1.0-SNAPSHOT/lib/commons-beanutils-1.8.0.jar:/home/smf/github/radargun/target/distribution/RadarGun-1.1.0-SNAPSHOT/lib/commons-digester-2.0.jar:/home/smf/github/radargun/target/distribution/RadarGun-1.1.0-SNAPSHOT/lib/commons-logging-1.1.1.jar:/home/smf/github/radargun/target/distribution/RadarGun-1.1.0-SNAPSHOT/lib/commons-math-1.2.jar:/home/smf/github/radargun/target/distribution/RadarGun-1.1.0-SNAPSHOT/lib/jboss-transaction-api-1.0.1.GA.jar:/home/smf/github/radargun/target/distribution/RadarGun-1.1.0-SNAPSHOT/lib/jcommon-1.0.15.jar:/home/smf/github/radargun/target/distribution/RadarGun-1.1.0-SNAPSHOT/lib/jfreechart-1.0.12.jar:/home/smf/github/radargun/target/distribution/RadarGun-1.1.0-SNAPSHOT/lib/log4j-1.2.14.jar:/home/smf/github/radargun/target/distribution/RadarGun-1.1.0-SNAPSHOT/lib/mail-1.4.2.jar:/home/smf/github/radargun/target/distribution/RadarGun-1.1.0-SNAPSHOT/lib/radargun-framework-1.1.0-SNAPSHOT.jar:/home/smf/github/radargun/target/distribution/RadarGun-1.1.0-SNAPSHOT/conf org.radargun.Slave -master 127.0.0.1:2103
--------------------------------------------------------------------------------
PerNodeRollingFileAppender::Using file prefix:deimos-esw-27943
 INFO  [main] {org.radargun.Slave} Attempting to connect to master 127.0.0.1:2103
 INFO  [main] {org.radargun.Slave} Successfully established connection with master at: 127.0.0.1:2103
Loading JARS from /home/smf/github/radargun/target/distribution/RadarGun-1.1.0-SNAPSHOT/lib/radargun-framework-1.1.0-SNAPSHOT.jar
 INFO  [pool-1-thread-1] {org.radargun.config.AnnotatedHelper} Loading JARS from /home/smf/github/radargun/target/distribution/RadarGun-1.1.0-SNAPSHOT/lib/radargun-framework-1.1.0-SNAPSHOT.jar
 INFO  [pool-1-thread-1] {org.radargun.config.AnnotatedHelper} Loading JARS from /home/smf/github/radargun/target/distribution/RadarGun-1.1.0-SNAPSHOT/lib/radargun-framework-1.1.0-SNAPSHOT.jar
 INFO  [pool-1-thread-1] {org.radargun.Slave} Executing stage: DestroyWrapper {enforceMemoryThrashHold=true, exitBenchmarkOnSlaveFailure=false, heapDumpDir=null, memoryThreshold=95, runOnAllSlaves=true, slaves=null, useSmartClassLoading=true }
 INFO  [pool-1-thread-1] {org.radargun.stages.DestroyWrapperStage} Received destroy cache wrapper request from master...
 INFO  [pool-1-thread-1] {org.radargun.stages.DestroyWrapperStage} No cache wrapper deployed on this slave, nothing to do.
 INFO  [pool-1-thread-1] {org.radargun.stages.DestroyWrapperStage} Before executing clear, memory looks like this: Memory - free: 2,928,638 kb - max:4,906,688 kb- total:2,944,000 kb
[Full GC 15361K->3631K(2944000K), 0.0834810 secs]
 INFO  [pool-1-thread-1] {org.radargun.stages.DestroyWrapperStage} After executing cleanup, memory looks like this: Memory - free: 2,935,311 kb - max:4,906,688 kb- total:2,944,064 kb
 INFO  [pool-1-thread-1] {org.radargun.Slave} Finished stage: DestroyWrapper {enforceMemoryThrashHold=true, exitBenchmarkOnSlaveFailure=false, heapDumpDir=null, memoryThreshold=95, runOnAllSlaves=true, slaves=null, useSmartClassLoading=true }
 INFO  [main] {org.radargun.Slave} Ack successfully sent to the master
 INFO  [pool-1-thread-1] {org.radargun.Slave} Executing stage: StartCluster {config=mvcc/mvcc-repl-sync.xml, delayAfterFirstSlaveStarts=5.000 secs, delayBetweenStartingSlaves=0.500 secs, exitBenchmarkOnSlaveFailure=true, expectNumSlaves=null, mayFailOn=null, reachable=null, runOnAllSlaves=false, slaves=null, staggerSlaveStartup=true, useSmartClassLoading=true, validateCluster=true }
 INFO  [pool-1-thread-1] {org.radargun.stages.StartClusterStage}  Startup staggering, starting 10 slaves. This is the slave with index 4. Sleeping for 7000 millis.
 INFO  [pool-1-thread-1] {org.radargun.stages.StartClusterStage} Ack master's StartCluster stage. Local address is: /127.0.0.1. This slave's index is: 4
 INFO  [pool-1-thread-1] {org.radargun.utils.ClassLoadHelper} Creating newInstance org.radargun.cachewrappers.JBossCache3Wrapper with classloader java.net.URLClassLoader@640fa784
 INFO  [pool-1-thread-1] {org.radargun.cachewrappers.JBossCache3Wrapper} Creating cache with the following configuration: mvcc/mvcc-repl-sync.xml
 WARN  [pool-1-thread-1] {org.jboss.cache.transaction.GenericTransactionManagerLookup} Falling back to JBoss Cache's internal DummyTransactionManager
 WARN  [pool-1-thread-1] {org.jgroups.protocols.pbcast.STREAMING_STATE_TRANSFER} use_reading_thread has been deprecated and its value will be ignored

---------------------------------------------------------
GMS: address is 127.0.0.1:48998 (cluster=JBossCache-Cluster)
---------------------------------------------------------
 INFO  [pool-1-thread-1] {org.radargun.cachewrappers.JBossCache3Wrapper} Running cache with following config: org.jboss.cache.config.Configuration@be20ca7
 INFO  [pool-1-thread-1] {org.radargun.cachewrappers.JBossCache3Wrapper} Running following JBossCacheVersion: 3.2.1.GA
 INFO  [pool-1-thread-1] {org.radargun.cachewrappers.JBossCache3Wrapper} Running following JBossCacheCodeName: Malagueta
 INFO  [pool-1-thread-1] {org.radargun.cachewrappers.JBossCache3Wrapper} JGroups version: 2.6.13.GA
 INFO  [pool-1-thread-1] {org.radargun.stages.helpers.StartHelper} Number of members=5 is not the one expected: 10
 INFO  [pool-1-thread-1] {org.radargun.stages.helpers.StartHelper} Number of members=6 is not the one expected: 10
 INFO  [pool-1-thread-1] {org.radargun.stages.helpers.StartHelper} Number of members=8 is not the one expected: 10
 INFO  [pool-1-thread-1] {org.radargun.stages.helpers.StartHelper} Number of members is the one expected: 10
 INFO  [pool-1-thread-1] {org.radargun.stages.StartClusterStage} Successfully started cache wrapper on slave 4: org.radargun.cachewrappers.JBossCache3Wrapper@9292ece
 INFO  [pool-1-thread-1] {org.radargun.Slave} Finished stage: StartCluster {config=mvcc/mvcc-repl-sync.xml, delayAfterFirstSlaveStarts=5.000 secs, delayBetweenStartingSlaves=0.500 secs, exitBenchmarkOnSlaveFailure=true, expectNumSlaves=null, mayFailOn=null, reachable=null, runOnAllSlaves=false, slaves=null, staggerSlaveStartup=true, useSmartClassLoading=true, validateCluster=true }
 INFO  [main] {org.radargun.Slave} Ack successfully sent to the master
 INFO  [pool-1-thread-1] {org.radargun.Slave} Executing stage: ClusterValidation {exitBenchmarkOnSlaveFailure=false, partialReplication=false, replicationTimeSleep=2000, replicationTryCount=60, runOnAllSlaves=false, slaves=null, useSmartClassLoading=true }
 INFO  [pool-1-thread-1] {org.radargun.stages.ClusterValidationStage} Number of caches that replicated here is 9
 INFO  [pool-1-thread-1] {org.radargun.stages.ClusterValidationStage} Replication test successfully passed. partialReplication? false, replicationCount = 9
 INFO  [pool-1-thread-1] {org.radargun.stages.ClusterValidationStage} Confirm phase successful.
 INFO  [pool-1-thread-1] {org.radargun.Slave} Finished stage: ClusterValidation {exitBenchmarkOnSlaveFailure=false, partialReplication=false, replicationTimeSleep=2000, replicationTryCount=60, runOnAllSlaves=false, slaves=[ 0, 1, 2, 3, 4, 5, 6, 7, 8, 9 ], useSmartClassLoading=true }
 INFO  [main] {org.radargun.Slave} Ack successfully sent to the master
 INFO  [pool-1-thread-1] {org.radargun.Slave} Executing stage: StressTestWarmup {bulkSize=1, cacheSpecificKeyGenerator=false, commitTransactions=true, duration=1 mins 0 secs, entrySize=1000, exitBenchmarkOnSlaveFailure=false, fixedKeys=true, generateHistogramRange=false, keyGeneratorClass=org.radargun.stressors.StringKeyGenerator, keyGeneratorParam=null, loadAllKeys=false, numEntries=100, numOfThreads=4, numRequests=10000, numThreads=4, numberOfAttributes=100, numberOfRequests=10000, opsCountStatusLog=100000, poolKeys=true, preferAsyncOperations=false, removePercentage=0, replaceInvalidPercentage=40, runOnAllSlaves=false, sharedKeys=false, sizeOfAnAttribute=1000, slaves=null, transactionSize=50, useAtomics=false, useHistogramStatistics=false, useSimpleStatistics=true, useSmartClassLoading=true, useTransactions=null, writePercentage=20, writeTxPercentage=20 }
 INFO  [pool-1-thread-1] {org.radargun.stages.StressTestWarmupStage} Starting StressTestWarmupStage: StressTestWarmup {bulkSize=1, cacheSpecificKeyGenerator=false, commitTransactions=true, duration=1 mins 0 secs, entrySize=1000, exitBenchmarkOnSlaveFailure=false, fixedKeys=true, generateHistogramRange=false, keyGeneratorClass=org.radargun.stressors.StringKeyGenerator, keyGeneratorParam=null, loadAllKeys=false, numEntries=100, numOfThreads=4, numRequests=10000, numThreads=4, numberOfAttributes=100, numberOfRequests=10000, opsCountStatusLog=100000, poolKeys=true, preferAsyncOperations=false, removePercentage=0, replaceInvalidPercentage=40, runOnAllSlaves=false, sharedKeys=false, sizeOfAnAttribute=1000, slaves=null, transactionSize=50, useAtomics=false, useHistogramStatistics=false, useSimpleStatistics=true, useSmartClassLoading=true, useTransactions=null, writePercentage=20, writeTxPercentage=20 }
 INFO  [pool-1-thread-1] {org.radargun.stressors.StressTestStressor} Using key generator org.radargun.stressors.StringKeyGenerator, param null
 INFO  [pool-1-thread-1] {org.radargun.stressors.StressTestStressor} Executing: StressTestStressor{opsCountStatusLog=100000, numRequests=10000, numEntries=100, entrySize=1000, writePercentage=20, numThreads=4, cacheWrapper=org.radargun.cachewrappers.JBossCache3Wrapper@9292ece, nodeIndex=4, useTransactions=true, transactionSize=50, commitTransactions=true, durationMillis=60000}
 INFO  [pool-1-thread-1] {org.radargun.stressors.StressTestStressor} Cache wrapper info is: Num direct children: 10
[GC 259695K->12311K(2944064K), 0.0350610 secs]
 INFO  [pool-1-thread-1] {org.radargun.stressors.StressTestStressor} Started 4 stressor threads.
 INFO  [Stressor-1] {org.radargun.stressors.StressTestStressor} Number of ops executed so far: 1. Elapsed time: 0.014 secs. Remaining: 59.986 secs. Total: 1 mins 0 secs
[GC 268375K->12573K(2944064K), 0.0300180 secs]
[GC 268637K->14072K(2944064K), 0.0303170 secs]
[GC 270136K->14960K(2944064K), 0.0321780 secs]
[GC 271024K->14486K(2944064K), 0.0313270 secs]
[GC 270550K->17414K(2944064K), 0.0316520 secs]
[GC 273478K->14048K(2944064K), 0.0280960 secs]
[GC 270112K->16644K(2944064K), 0.0347180 secs]
[GC 272708K->17469K(2944064K), 0.0257680 secs]
[GC 273533K->15717K(2944064K), 0.0340860 secs]
[GC 271781K->15876K(2944064K), 0.0342010 secs]
[GC 271940K->17050K(2944064K), 0.0286880 secs]
[GC 273114K->18158K(2944064K), 0.0336160 secs]
[GC 274222K->17005K(2944064K), 0.0313330 secs]
[GC 273069K->16233K(2944064K), 0.0300260 secs]
 INFO  [Stressor-0] {org.radargun.stressors.StressTestStressor} Number of ops executed so far: 246650. Elapsed time: 20.014 secs. Remaining: 39.986 secs. Total: 1 mins 0 secs
[GC 272297K->16967K(2944064K), 0.0526490 secs]
[GC 273031K->16332K(2944064K), 0.0268650 secs]
[GC 272396K->14122K(2944064K), 0.0271870 secs]
[GC 270186K->15812K(2944064K), 0.0261380 secs]
[GC 271876K->14351K(2944064K), 0.0269470 secs]
[GC 270415K->16335K(2944064K), 0.0254020 secs]
[GC 272399K->17853K(2944064K), 0.0276920 secs]
[GC 273917K->16825K(2944064K), 0.0305440 secs]
[GC 272889K->15571K(2944064K), 0.0251270 secs]
[GC 271635K->20109K(2944064K), 0.0286250 secs]
[GC 276173K->16686K(2944064K), 0.0270670 secs]
[GC 272750K->18626K(2944064K), 0.0269780 secs]
[GC 274690K->16989K(2944064K), 0.0294850 secs]
[GC 273053K->16963K(2944064K), 0.0275210 secs]
[GC 273027K->16260K(2944064K), 0.0277040 secs]
[GC 272289K->21464K(2944064K), 0.0295580 secs]
[GC 277528K->16458K(2944064K), 0.0263540 secs]
[GC 272522K->18959K(2944064K), 0.0305550 secs]
 INFO  [Stressor-3] {org.radargun.stressors.StressTestStressor} Number of ops executed so far: 560900. Elapsed time: 40.016 secs. Remaining: 19.984 secs. Total: 1 mins 0 secs
[GC 275023K->18446K(2944064K), 0.0299970 secs]
[GC 274510K->21208K(2944064K), 0.0253010 secs]
[GC 277272K->19551K(2944064K), 0.0273770 secs]
[GC 275615K->21561K(2944064K), 0.0278660 secs]
[GC 277625K->17999K(2944064K), 0.0295870 secs]
[GC 274063K->22063K(2944064K), 0.0302740 secs]
[GC 278127K->19700K(2944064K), 0.0232330 secs]
[GC 275764K->20924K(2944064K), 0.0310290 secs]
[GC 276988K->20829K(2944064K), 0.0265580 secs]
[GC 276893K->18977K(2944064K), 0.0286670 secs]
[GC 275041K->21051K(2944064K), 0.0254990 secs]
[GC 277115K->18819K(2944064K), 0.0264220 secs]
[GC 274883K->19948K(2944064K), 0.0302340 secs]
[GC 276012K->18989K(2944064K), 0.0234480 secs]
[GC 275053K->20425K(2944064K), 0.0302710 secs]
[GC 276489K->20223K(2944064K), 0.0280080 secs]
[GC 276287K->22051K(2944064K), 0.0277580 secs]
[GC 278115K->19664K(2944064K), 0.0278330 secs]
 INFO  [pool-1-thread-1] {org.radargun.stressors.StressTestStressor} Finished generating report. Test duration is: 1 mins 2 secs
 INFO  [pool-1-thread-1] {org.radargun.stages.StressTestWarmupStage} The warmup took: 62 seconds.
 INFO  [pool-1-thread-1] {org.radargun.Slave} Finished stage: StressTestWarmup {bulkSize=1, cacheSpecificKeyGenerator=false, commitTransactions=true, duration=1 mins 0 secs, entrySize=1000, exitBenchmarkOnSlaveFailure=false, fixedKeys=true, generateHistogramRange=false, keyGeneratorClass=org.radargun.stressors.StringKeyGenerator, keyGeneratorParam=null, loadAllKeys=false, numEntries=100, numOfThreads=4, numRequests=10000, numThreads=4, numberOfAttributes=100, numberOfRequests=10000, opsCountStatusLog=100000, poolKeys=true, preferAsyncOperations=false, removePercentage=0, replaceInvalidPercentage=40, runOnAllSlaves=false, sharedKeys=false, sizeOfAnAttribute=1000, slaves=null, transactionSize=50, useAtomics=false, useHistogramStatistics=false, useSimpleStatistics=true, useSmartClassLoading=true, useTransactions=null, writePercentage=20, writeTxPercentage=20 }
 INFO  [main] {org.radargun.Slave} Ack successfully sent to the master
 INFO  [pool-1-thread-1] {org.radargun.Slave} Executing stage: ClearClusterStage {ClearCluster {exitBenchmarkOnSlaveFailure=false, runOnAllSlaves=false, slaves=[ 0 ], useSmartClassLoading=true }
 INFO  [pool-1-thread-1] {org.radargun.stages.ClearClusterStage} Before executing clear, memory looks like this: Memory - free: 2,730,270 kb - max:4,906,688 kb- total:2,944,064 kb
[Full GC 213793K->9061K(2944064K), 0.2033420 secs]
 INFO  [pool-1-thread-1] {org.radargun.stages.ClearClusterStage} After executing cleanup, memory looks like this: Memory - free: 2,933,282 kb - max:4,906,688 kb- total:2,944,320 kb
 INFO  [pool-1-thread-1] {org.radargun.Slave} Finished stage: ClearClusterStage {ClearCluster {exitBenchmarkOnSlaveFailure=false, runOnAllSlaves=false, slaves=[ 0 ], useSmartClassLoading=true }
 INFO  [main] {org.radargun.Slave} Ack successfully sent to the master
 INFO  [pool-1-thread-1] {org.radargun.Slave} Executing stage: StressTest {bulkSize=1, cacheSpecificKeyGenerator=false, commitTransactions=true, duration=1 mins 0 secs, entrySize=1000, exitBenchmarkOnSlaveFailure=false, fixedKeys=true, generateHistogramRange=false, keyGeneratorClass=org.radargun.stressors.StringKeyGenerator, keyGeneratorParam=null, loadAllKeys=false, numEntries=10000, numOfThreads=4, numRequests=10000000, numThreads=4, numberOfAttributes=10000, numberOfRequests=10000000, opsCountStatusLog=500000, poolKeys=true, preferAsyncOperations=false, removePercentage=0, replaceInvalidPercentage=40, runOnAllSlaves=false, sharedKeys=false, sizeOfAnAttribute=1000, slaves=null, transactionSize=10000, useAtomics=false, useHistogramStatistics=false, useSimpleStatistics=true, useSmartClassLoading=true, useTransactions=true, writePercentage=10, writeTxPercentage=5 }
 INFO  [pool-1-thread-1] {org.radargun.stages.StressTestStage} Starting StressTestStage: StressTest {bulkSize=1, cacheSpecificKeyGenerator=false, commitTransactions=true, duration=1 mins 0 secs, entrySize=1000, exitBenchmarkOnSlaveFailure=false, fixedKeys=true, generateHistogramRange=false, keyGeneratorClass=org.radargun.stressors.StringKeyGenerator, keyGeneratorParam=null, loadAllKeys=false, numEntries=10000, numOfThreads=4, numRequests=10000000, numThreads=4, numberOfAttributes=10000, numberOfRequests=10000000, opsCountStatusLog=500000, poolKeys=true, preferAsyncOperations=false, removePercentage=0, replaceInvalidPercentage=40, runOnAllSlaves=false, sharedKeys=false, sizeOfAnAttribute=1000, slaves=null, transactionSize=10000, useAtomics=false, useHistogramStatistics=false, useSimpleStatistics=true, useSmartClassLoading=true, useTransactions=true, writePercentage=10, writeTxPercentage=5 }
 INFO  [pool-1-thread-1] {org.radargun.stressors.StressTestStressor} Using key generator org.radargun.stressors.StringKeyGenerator, param null
 INFO  [pool-1-thread-1] {org.radargun.stressors.StressTestStressor} Executing: StressTestStressor{opsCountStatusLog=500000, numRequests=10000000, numEntries=10000, entrySize=1000, writePercentage=10, numThreads=4, cacheWrapper=org.radargun.cachewrappers.JBossCache3Wrapper@9292ece, nodeIndex=4, useTransactions=true, transactionSize=10000, commitTransactions=true, durationMillis=60000}
 INFO  [pool-1-thread-1] {org.radargun.stressors.StressTestStressor} Cache wrapper info is: Num direct children: 50
[GC 265317K->22345K(2944320K), 0.0286280 secs]
[GC 278601K->37437K(2944320K), 0.0317290 secs]
[GC 293693K->47455K(2944320K), 0.0357900 secs]
[GC 303711K->65246K(2944320K), 0.0347540 secs]
[GC 321502K->82550K(2944320K), 0.0381220 secs]
[GC 338806K->99047K(2944320K), 0.0416310 secs]
[GC 355303K->115906K(2944320K), 0.0437180 secs]
[GC 372162K->92798K(2944320K), 0.0438100 secs]
[GC 349054K->144433K(2944320K), 0.0616610 secs]
[GC 400689K->110730K(2944320K), 0.0492370 secs]
[GC 366986K->144926K(2944320K), 0.0437200 secs]
[GC 401182K->156175K(2944320K), 0.0538590 secs]
[GC 412431K->131632K(2944320K), 0.0454620 secs]
[GC 387888K->160570K(2944320K), 0.0440710 secs]
[GC 416826K->174972K(2944320K), 0.0456580 secs]
[GC 431228K->152700K(2944320K), 0.0477890 secs]
[GC 408956K->178225K(2944320K), 0.0500370 secs]
[GC 434481K->175653K(2944320K), 0.0519650 secs]
[GC 431909K->165467K(2944320K), 0.0495440 secs]
[GC 421723K->179229K(2944320K), 0.0443810 secs]
[GC 435485K->174416K(2944320K), 0.0546570 secs]
[GC 430672K->180360K(2944320K), 0.0559990 secs]
[GC 436616K->194514K(2944320K), 0.0471890 secs]
[GC 450770K->206514K(2944320K), 0.0537760 secs]
[GC 462770K->212287K(2944320K), 0.0640400 secs]
[GC 468543K->200530K(2944320K), 0.0497170 secs]
[GC 456786K->245347K(2944320K), 0.0444450 secs]
[GC 501603K->207503K(2944320K), 0.0514500 secs]
[GC 463758K->219989K(2944320K), 0.0509940 secs]
[GC 476245K->231321K(2944320K), 0.0517520 secs]
[GC 487577K->237696K(2944320K), 0.0510390 secs]
[GC 493952K->243265K(2944320K), 0.0459900 secs]
[GC 499521K->264646K(2944320K), 0.0440000 secs]
[GC 520902K->236779K(2944320K), 0.0452030 secs]
[GC 493035K->248873K(2944320K), 0.0481270 secs]
[GC 505129K->260474K(2944320K), 0.0491840 secs]
[GC 516730K->251222K(2944320K), 0.0456780 secs]
[GC 507478K->256065K(2944320K), 0.0477510 secs]
[GC 512321K->277208K(2944320K), 0.0511720 secs]
[GC 533464K->266009K(2944320K), 0.0471300 secs]
[GC 522265K->270936K(2944320K), 0.0572070 secs]
[GC 527192K->285678K(2944320K), 0.0451800 secs]
[GC 541934K->277432K(2944320K), 0.0503540 secs]
[GC 533688K->297628K(2944320K), 0.0568450 secs]
[GC 553884K->295458K(2944320K), 0.0480970 secs]
[GC 551714K->303255K(2944320K), 0.0614920 secs]
[GC 559494K->306916K(2944320K), 0.0467600 secs]
[GC 563166K->309446K(2944320K), 0.0483770 secs]
[GC 565689K->296291K(2944320K), 0.0505450 secs]
[GC 552547K->298928K(2944320K), 0.0499130 secs]
[GC 555125K->301763K(2944320K), 0.0505660 secs]
[GC 558019K->318653K(2944320K), 0.0544850 secs]
[GC 574909K->307246K(2944320K), 0.0536420 secs]
[GC 563494K->323168K(2944320K), 0.0535580 secs]
[GC 579424K->311799K(2944320K), 0.0482250 secs]
[GC 568026K->326595K(2944320K), 0.0406710 secs]
[GC 582851K->328951K(2944320K), 0.0415880 secs]
[GC 585207K->331943K(2944320K), 0.0389390 secs]
[GC 588199K->322679K(2944320K), 0.0393190 secs]
[GC 578881K->350811K(2944320K), 0.0424330 secs]
[GC 607051K->328684K(2944320K), 0.0411980 secs]
[GC 584940K->360039K(2944320K), 0.0438950 secs]
[GC 616295K->332579K(2944320K), 0.0434870 secs]
[GC 588832K->354747K(2944320K), 0.0416300 secs]
[GC 611003K->351936K(2944320K), 0.0440530 secs]
[GC 608192K->356681K(2944320K), 0.0422060 secs]
[GC 612937K->359995K(2944320K), 0.0414450 secs]
[GC 616246K->376084K(2944320K), 0.0412760 secs]
[GC 632328K->353818K(2944320K), 0.0404520 secs]
[GC 610069K->373870K(2944320K), 0.0407440 secs]
[GC 630125K->383196K(2944320K), 0.0455360 secs]
[GC 639410K->362610K(2944320K), 0.0472120 secs]
[GC 618805K->371800K(2944320K), 0.0479140 secs]
[GC 628056K->392355K(2944320K), 0.0390310 secs]
[GC 648555K->371901K(2944320K), 0.0386390 secs]
[GC 628157K->392433K(2944320K), 0.0393440 secs]
[GC 648689K->389791K(2944320K), 0.0443470 secs]
[GC 646047K->381720K(2944320K), 0.0437870 secs]
[GC 637976K->397630K(2944320K), 0.0425590 secs]
[GC 653886K->413353K(2944320K), 0.0425730 secs]
[GC 669588K->391384K(2944320K), 0.0448120 secs]
[GC 647640K->399972K(2944320K), 0.0479830 secs]
[GC 656219K->408539K(2944320K), 0.0430470 secs]
[GC 664791K->412689K(2944320K), 0.0452980 secs]
[GC 668945K->403784K(2944320K), 0.0433670 secs]
[GC 660036K->419899K(2944320K), 0.0486100 secs]
[GC 676119K->410182K(2944320K), 0.0417110 secs]
[GC 666438K->438352K(2944320K), 0.0402240 secs]
[GC 694605K->416473K(2944320K), 0.0400850 secs]
[GC 672729K->436502K(2944320K), 0.0451980 secs]
[GC 692758K->433518K(2944320K), 0.0403740 secs]
[GC 689774K->438236K(2944320K), 0.0410600 secs]
[GC 694471K->429274K(2944320K), 0.0428640 secs]
[GC 685530K->444814K(2944320K), 0.0396480 secs]
[GC 701052K->435413K(2944320K), 0.0396100 secs]
[GC 691626K->463645K(2944320K), 0.0411100 secs]
[GC 719897K->441753K(2944320K), 0.0415650 secs]
[GC 698009K->472939K(2944320K), 0.0442270 secs]
[GC 729195K->445571K(2944320K), 0.0415460 secs]
[GC 701827K->467416K(2944320K), 0.0406870 secs]
[GC 723640K->464846K(2944320K), 0.0407190 secs]
[GC 721081K->469478K(2944320K), 0.0417850 secs]
[GC 725675K->473100K(2944320K), 0.0384240 secs]
 INFO  [pool-1-thread-1] {org.radargun.stressors.StressTestStressor} Started 4 stressor threads.
 INFO  [Stressor-2] {org.radargun.stressors.StressTestStressor} Number of ops executed so far: 1. Elapsed time: 0.000 secs. Remaining: 1 mins 0 secs. Total: 1 mins 0 secs
[GC 729356K->501466K(2944320K), 0.0619240 secs]
[GC 757722K->528235K(2944320K), 0.0636030 secs]
[GC 784491K->549990K(2944320K), 0.0697080 secs]
[GC 806195K->550980K(2944320K), 0.0649750 secs]
[GC 806722K->552232K(2944320K), 0.0675190 secs]
[GC 808488K->549368K(2944320K), 0.0643240 secs]
[GC 805607K->605598K(2944320K), 0.0571230 secs]
[GC 861807K->631016K(2944320K), 0.0797530 secs]
[GC 886662K->665262K(2944320K), 0.0797080 secs]
[GC 921518K->651549K(2944320K), 0.0753120 secs]
[GC 907805K->708303K(2944320K), 0.0718060 secs]
[GC 964559K->696039K(2944320K), 0.0753670 secs]
[GC 951659K->725650K(2944320K), 0.0727380 secs]
 INFO  [Stressor-3] {org.radargun.stressors.StressTestStressor} Number of ops executed so far: 2172968. Elapsed time: 20.000 secs. Remaining: 40.000 secs. Total: 1 mins 0 secs
[GC 981087K->773259K(2944320K), 0.1013430 secs]
[GC 1028917K->784333K(2944320K), 0.0913270 secs]
[GC 1040589K->830951K(2944320K), 0.0863610 secs]
[GC 1087207K->842569K(2944320K), 0.0866560 secs]
[GC 1098825K->854633K(2944320K), 0.0861050 secs]
[GC 1110879K->875743K(2944320K), 0.0575750 secs]
[GC 1131999K->914911K(2944320K), 0.0791890 secs]
[GC 1171167K->907776K(2944320K), 0.0891630 secs]
[GC 1164025K->949510K(2944320K), 0.0634800 secs]
[GC 1205766K->973747K(2944320K), 0.0829560 secs]
[GC 1229954K->977787K(2944320K), 0.0849680 secs]
 INFO  [Stressor-0] {org.radargun.stressors.StressTestStressor} Number of ops executed so far: 2004755. Elapsed time: 40.000 secs. Remaining: 20.000 secs. Total: 1 mins 0 secs
[GC 1234043K->1003386K(2944320K), 0.0801130 secs]
[GC 1259642K->1055091K(2944320K), 0.0846590 secs]
[GC 1311347K->1086505K(2944320K), 0.1136310 secs]
[GC 1342761K->1077023K(2944320K), 0.0494370 secs]
[GC 1333279K->1115714K(2944320K), 0.0651690 secs]
[GC 1371970K->1167436K(2944320K), 0.0873150 secs]
[GC 1423692K->1208955K(2944320K), 0.1095200 secs]
[GC 1464841K->1191656K(2944320K), 0.0519030 secs]
[GC 1447912K->1223570K(2944320K), 0.0673900 secs]
 INFO  [Stressor-3] {org.radargun.stressors.StressTestStressor} Number of ops executed so far: 4337139. Elapsed time: 1 mins 0 secs. Remaining: 0.000 secs. Total: 1 mins 0 secs
 INFO  [pool-1-thread-1] {org.radargun.stressors.StressTestStressor} Finished generating report. Test duration is: 2 mins 19 secs
 INFO  [pool-1-thread-1] {org.radargun.stages.StressTestStage} size info: Num direct children: 50, clusterSize:10, nodeIndex:4, cacheSize: -1
 INFO  [pool-1-thread-1] {org.radargun.Slave} Finished stage: StressTest {bulkSize=1, cacheSpecificKeyGenerator=false, commitTransactions=true, duration=1 mins 0 secs, entrySize=1000, exitBenchmarkOnSlaveFailure=false, fixedKeys=true, generateHistogramRange=false, keyGeneratorClass=org.radargun.stressors.StringKeyGenerator, keyGeneratorParam=null, loadAllKeys=false, numEntries=10000, numOfThreads=4, numRequests=10000000, numThreads=4, numberOfAttributes=10000, numberOfRequests=10000000, opsCountStatusLog=500000, poolKeys=true, preferAsyncOperations=false, removePercentage=0, replaceInvalidPercentage=40, runOnAllSlaves=false, sharedKeys=false, sizeOfAnAttribute=1000, slaves=null, transactionSize=10000, useAtomics=false, useHistogramStatistics=false, useSimpleStatistics=true, useSmartClassLoading=true, useTransactions=true, writePercentage=10, writeTxPercentage=5 }
 INFO  [main] {org.radargun.Slave} Ack successfully sent to the master
[GC 1479826K->1263320K(2944320K), 0.0737300 secs]
 INFO  [main] {org.radargun.Slave} Master shutdown!
 INFO  [Thread-0] {org.radargun.ShutDownHook} Slave process is being shutdown
