/usr/java/jdk1.7.0_21/bin/java -server -Xmx1024M -Xms1024M -Dresolve.dns=false -Djgroups.timer.num_threads=4 -verbose:gc -Xmx5000M -Xms3000M -server -XX:+UseConcMarkSweepGC -XX:+AggressiveOpts -verbose:gc -XX:ParallelGCThreads=4 -XX:NewRatio=5 -XX:SurvivorRatio=2 -Dhazelcast.operation.thread.count=4 -Djava.net.preferIPv4Stack=true -Dlog4j.file.prefix=deimos-esw-8994 -Dbind.address= -Djgroups.bind_addr= -classpath /home/smf/github/radargun/target/distribution/RadarGun-1.1.0-SNAPSHOT/lib/activation-1.1.jar:/home/smf/github/radargun/target/distribution/RadarGun-1.1.0-SNAPSHOT/lib/commons-beanutils-1.8.0.jar:/home/smf/github/radargun/target/distribution/RadarGun-1.1.0-SNAPSHOT/lib/commons-digester-2.0.jar:/home/smf/github/radargun/target/distribution/RadarGun-1.1.0-SNAPSHOT/lib/commons-logging-1.1.1.jar:/home/smf/github/radargun/target/distribution/RadarGun-1.1.0-SNAPSHOT/lib/commons-math-1.2.jar:/home/smf/github/radargun/target/distribution/RadarGun-1.1.0-SNAPSHOT/lib/jboss-transaction-api-1.0.1.GA.jar:/home/smf/github/radargun/target/distribution/RadarGun-1.1.0-SNAPSHOT/lib/jcommon-1.0.15.jar:/home/smf/github/radargun/target/distribution/RadarGun-1.1.0-SNAPSHOT/lib/jfreechart-1.0.12.jar:/home/smf/github/radargun/target/distribution/RadarGun-1.1.0-SNAPSHOT/lib/log4j-1.2.14.jar:/home/smf/github/radargun/target/distribution/RadarGun-1.1.0-SNAPSHOT/lib/mail-1.4.2.jar:/home/smf/github/radargun/target/distribution/RadarGun-1.1.0-SNAPSHOT/lib/radargun-framework-1.1.0-SNAPSHOT.jar:/home/smf/github/radargun/target/distribution/RadarGun-1.1.0-SNAPSHOT/conf org.radargun.Slave -master 127.0.0.1:2103
--------------------------------------------------------------------------------
PerNodeRollingFileAppender::Using file prefix:deimos-esw-8994
 INFO  [main] {org.radargun.Slave} Attempting to connect to master 127.0.0.1:2103
 INFO  [main] {org.radargun.Slave} Successfully established connection with master at: 127.0.0.1:2103
Loading JARS from /home/smf/github/radargun/target/distribution/RadarGun-1.1.0-SNAPSHOT/lib/radargun-framework-1.1.0-SNAPSHOT.jar
 INFO  [pool-1-thread-1] {org.radargun.config.AnnotatedHelper} Loading JARS from /home/smf/github/radargun/target/distribution/RadarGun-1.1.0-SNAPSHOT/lib/radargun-framework-1.1.0-SNAPSHOT.jar
 INFO  [pool-1-thread-1] {org.radargun.config.AnnotatedHelper} Loading JARS from /home/smf/github/radargun/target/distribution/RadarGun-1.1.0-SNAPSHOT/lib/radargun-framework-1.1.0-SNAPSHOT.jar
 INFO  [pool-1-thread-1] {org.radargun.Slave} Executing stage: DestroyWrapper {enforceMemoryThrashHold=true, exitBenchmarkOnSlaveFailure=false, heapDumpDir=null, memoryThreshold=95, runOnAllSlaves=true, slaves=null, useSmartClassLoading=true }
 INFO  [pool-1-thread-1] {org.radargun.stages.DestroyWrapperStage} Received destroy cache wrapper request from master...
 INFO  [pool-1-thread-1] {org.radargun.stages.DestroyWrapperStage} No cache wrapper deployed on this slave, nothing to do.
 INFO  [pool-1-thread-1] {org.radargun.stages.DestroyWrapperStage} Before executing clear, memory looks like this: Memory - free: 2,928,638 kb - max:4,906,688 kb- total:2,944,000 kb
[Full GC 15361K->3631K(2944000K), 0.0935810 secs]
 INFO  [pool-1-thread-1] {org.radargun.stages.DestroyWrapperStage} After executing cleanup, memory looks like this: Memory - free: 2,935,311 kb - max:4,906,688 kb- total:2,944,064 kb
 INFO  [pool-1-thread-1] {org.radargun.Slave} Finished stage: DestroyWrapper {enforceMemoryThrashHold=true, exitBenchmarkOnSlaveFailure=false, heapDumpDir=null, memoryThreshold=95, runOnAllSlaves=true, slaves=null, useSmartClassLoading=true }
 INFO  [main] {org.radargun.Slave} Ack successfully sent to the master
 INFO  [pool-1-thread-1] {org.radargun.Slave} Executing stage: StartCluster {config=ispn52-repl-sync-rc.xml, delayAfterFirstSlaveStarts=5.000 secs, delayBetweenStartingSlaves=0.500 secs, exitBenchmarkOnSlaveFailure=true, expectNumSlaves=null, mayFailOn=null, reachable=null, runOnAllSlaves=false, slaves=null, staggerSlaveStartup=true, useSmartClassLoading=true, validateCluster=true }
 INFO  [pool-1-thread-1] {org.radargun.stages.StartClusterStage}  Startup staggering, starting 8 slaves. This is the slave with index 1. Sleeping for 5500 millis.
 INFO  [pool-1-thread-1] {org.radargun.stages.StartClusterStage} Ack master's StartCluster stage. Local address is: /127.0.0.1. This slave's index is: 1
 INFO  [pool-1-thread-1] {org.radargun.utils.ClassLoadHelper} Creating newInstance org.radargun.cachewrappers.FFWrapper with classloader java.net.URLClassLoader@a2e02b2
 INFO  [pool-1-thread-1] {org.radargun.cachewrappers.FFWrapper} config=ispn52-repl-sync-rc.xml, isLocal=false, nodeIndex=1, confAttributes={name=ispn52-repl-sync-rc.xml, decorate=infinispan52}
 INFO  [pool-1-thread-1] {org.radargun.cachewrappers.FFWrapper} Found fenix framework config options in 'rg-fenix-framework-config-options.properties'.
 INFO  [pool-1-thread-1] {org.radargun.cachewrappers.FFWrapper} Setting extra config properties for Fenix Framework.
 INFO  [pool-1-thread-1] {org.radargun.cachewrappers.FFWrapper} Will initialize Fenix Framework with RadarGunDataGridConfig
 TRACE [pool-1-thread-1] {pt.ist.fenixframework.FenixFramework} Static initializer block for FenixFramework class [BEGIN]
 INFO  [pool-1-thread-1] {pt.ist.fenixframework.FenixFramework} Trying auto-initialization with configuration by convention
 INFO  [pool-1-thread-1] {pt.ist.fenixframework.FenixFramework} Resource 'fenix-framework.properties' not found
 DEBUG [pool-1-thread-1] {pt.ist.fenixframework.FenixFramework} Fenix Framework properties after reading default config file:{}
 DEBUG [pool-1-thread-1] {pt.ist.fenixframework.FenixFramework} CurrentBackEndName = jvstm-datagrid
 INFO  [pool-1-thread-1] {pt.ist.fenixframework.FenixFramework} Resource 'fenix-framework-jvstm-datagrid.properties' not found
 DEBUG [pool-1-thread-1] {pt.ist.fenixframework.FenixFramework} Fenix Framework properties after reading backend config file:{}
 DEBUG [pool-1-thread-1] {pt.ist.fenixframework.FenixFramework} Fenix Framework properties after enforcing system properties:{}
 INFO  [pool-1-thread-1] {pt.ist.fenixframework.FenixFramework} Skipping configuration by convention.
 TRACE [pool-1-thread-1] {pt.ist.fenixframework.FenixFramework} Static initializer block for FenixFramework class [END]
 INFO  [pool-1-thread-1] {pt.ist.fenixframework.FenixFramework} Initializing Fenix Framework with config.class=pt.ist.fenixframework.backend.jvstm.datagrid.radargun.RadarGunDataGridConfig
 INFO  [pool-1-thread-1] {pt.ist.fenixframework.backend.jvstm.cluster.JvstmClusterBackEnd} initializeGroupCommunication()
 INFO  [pool-1-thread-1] {com.hazelcast.config.ClasspathXmlConfig} Configuring Hazelcast from 'hazelcast-ff.xml'.
 INFO  [pool-1-thread-1] {com.hazelcast.instance.DefaultAddressPicker} Interfaces is disabled, trying to pick one address from TCP-IP config addresses: [127.0.0.1]
 INFO  [pool-1-thread-1] {com.hazelcast.instance.DefaultAddressPicker} Picked Address[127.0.0.1]:5702, using socket ServerSocket[addr=/0.0.0.0,localport=5702], bind any local is true
 INFO  [pool-1-thread-1] {com.hazelcast.system} [127.0.0.1]:5702 [FenixFrameworkGroup] Hazelcast Community Edition 3.0.2 (20130906) starting at Address[127.0.0.1]:5702
 INFO  [pool-1-thread-1] {com.hazelcast.system} [127.0.0.1]:5702 [FenixFrameworkGroup] Copyright (C) 2008-2013 Hazelcast.com
 INFO  [pool-1-thread-1] {com.hazelcast.instance.Node} [127.0.0.1]:5702 [FenixFrameworkGroup] Creating MulticastJoiner
 INFO  [pool-1-thread-1] {com.hazelcast.core.LifecycleService} [127.0.0.1]:5702 [FenixFrameworkGroup] Address[127.0.0.1]:5702 is STARTING
 INFO  [pool-1-thread-1] {com.hazelcast.cluster.TcpIpJoiner} [127.0.0.1]:5702 [FenixFrameworkGroup] Connecting to possible member: Address[127.0.0.1]:5703
 INFO  [pool-1-thread-1] {com.hazelcast.cluster.TcpIpJoiner} [127.0.0.1]:5702 [FenixFrameworkGroup] Connecting to possible member: Address[127.0.0.1]:5701
 INFO  [hz._hzInstance_1_FenixFrameworkGroup.cached.thread-2] {com.hazelcast.nio.SocketConnector} [127.0.0.1]:5702 [FenixFrameworkGroup] Connecting to /127.0.0.1:5703, timeout: 0, bind-any: true
 INFO  [hz._hzInstance_1_FenixFrameworkGroup.cached.thread-3] {com.hazelcast.nio.SocketConnector} [127.0.0.1]:5702 [FenixFrameworkGroup] Connecting to /127.0.0.1:5701, timeout: 0, bind-any: true
 INFO  [hz._hzInstance_1_FenixFrameworkGroup.cached.thread-3] {com.hazelcast.nio.TcpIpConnectionManager} [127.0.0.1]:5702 [FenixFrameworkGroup] 55887 accepted socket connection from /127.0.0.1:5701
 INFO  [hz._hzInstance_1_FenixFrameworkGroup.cached.thread-2] {com.hazelcast.nio.TcpIpConnectionManager} [127.0.0.1]:5702 [FenixFrameworkGroup] 42994 accepted socket connection from /127.0.0.1:5703
 INFO  [hz._hzInstance_1_FenixFrameworkGroup.IO.thread-Acceptor] {com.hazelcast.nio.SocketAcceptor} [127.0.0.1]:5702 [FenixFrameworkGroup] Accepting socket connection from /127.0.0.1:32912
 INFO  [hz._hzInstance_1_FenixFrameworkGroup.IO.thread-Acceptor] {com.hazelcast.nio.TcpIpConnectionManager} [127.0.0.1]:5702 [FenixFrameworkGroup] 5702 accepted socket connection from /127.0.0.1:32912
 INFO  [hz._hzInstance_1_FenixFrameworkGroup.IO.thread-Acceptor] {com.hazelcast.nio.SocketAcceptor} [127.0.0.1]:5702 [FenixFrameworkGroup] Accepting socket connection from /127.0.0.1:53324
 INFO  [hz._hzInstance_1_FenixFrameworkGroup.IO.thread-Acceptor] {com.hazelcast.nio.TcpIpConnectionManager} [127.0.0.1]:5702 [FenixFrameworkGroup] 5702 accepted socket connection from /127.0.0.1:53324
 INFO  [hz._hzInstance_1_FenixFrameworkGroup.IO.thread-Acceptor] {com.hazelcast.nio.SocketAcceptor} [127.0.0.1]:5702 [FenixFrameworkGroup] Accepting socket connection from /127.0.0.1:35978
 INFO  [hz._hzInstance_1_FenixFrameworkGroup.IO.thread-Acceptor] {com.hazelcast.nio.TcpIpConnectionManager} [127.0.0.1]:5702 [FenixFrameworkGroup] 5702 accepted socket connection from /127.0.0.1:35978
 INFO  [hz._hzInstance_1_FenixFrameworkGroup.IO.thread-Acceptor] {com.hazelcast.nio.SocketAcceptor} [127.0.0.1]:5702 [FenixFrameworkGroup] Accepting socket connection from /127.0.0.1:37046
 INFO  [hz._hzInstance_1_FenixFrameworkGroup.IO.thread-Acceptor] {com.hazelcast.nio.TcpIpConnectionManager} [127.0.0.1]:5702 [FenixFrameworkGroup] 5702 accepted socket connection from /127.0.0.1:37046
 INFO  [hz._hzInstance_1_FenixFrameworkGroup.IO.thread-Acceptor] {com.hazelcast.nio.SocketAcceptor} [127.0.0.1]:5702 [FenixFrameworkGroup] Accepting socket connection from /127.0.0.1:37595
 INFO  [hz._hzInstance_1_FenixFrameworkGroup.IO.thread-Acceptor] {com.hazelcast.nio.TcpIpConnectionManager} [127.0.0.1]:5702 [FenixFrameworkGroup] 5702 accepted socket connection from /127.0.0.1:37595
 INFO  [hz._hzInstance_1_FenixFrameworkGroup.cached.thread-3] {com.hazelcast.cluster.ClusterService} [127.0.0.1]:5702 [FenixFrameworkGroup] 

Members [8] {
	Member [127.0.0.1]:5701
	Member [127.0.0.1]:5702 this
	Member [127.0.0.1]:5704
	Member [127.0.0.1]:5705
	Member [127.0.0.1]:5706
	Member [127.0.0.1]:5703
	Member [127.0.0.1]:5707
	Member [127.0.0.1]:5708
}

 INFO  [pool-1-thread-1] {com.hazelcast.core.LifecycleService} [127.0.0.1]:5702 [FenixFrameworkGroup] Address[127.0.0.1]:5702 is STARTED
 INFO  [pool-1-thread-1] {pt.ist.fenixframework.backend.jvstm.cluster.ClusterUtils} Got (long) serverId: 1
 INFO  [pool-1-thread-1] {pt.ist.fenixframework.backend.jvstm.cluster.JvstmClusterBackEnd} This is NOT the first node.
 INFO  [pool-1-thread-1] {pt.ist.fenixframework.backend.jvstm.cluster.ClusterUtils} Waiting for startup from first node
 INFO  [pool-1-thread-1] {pt.ist.fenixframework.backend.jvstm.JVSTMBackEnd} initializeRepository()
 INFO  [pool-1-thread-1] {pt.ist.fenixframework.backend.jvstm.datagrid.radargun.DataGridDecorator} config=ispn52-repl-sync-rc.xml, isLocal=false, nodeIndex=1, confAttributes={name=ispn52-repl-sync-rc.xml}
 INFO  [pool-1-thread-1] {org.radargun.cachewrappers.InfinispanXSWrapper} Cannot find any site for slave index 1
[GC 259695K->14110K(2944064K), 0.0502440 secs]
 INFO  [pool-1-thread-1] {org.infinispan.remoting.transport.jgroups.JGroupsTransport} ISPN000078: Starting JGroups Channel
 WARN  [pool-1-thread-1] {org.jgroups.protocols.UDP} [JGRP00014] the send buffer of socket DatagramSocket was set to 640KB, but the OS only allocated 229.38KB. This might lead to performance problems. Please set your max send buffer in the OS correctly (e.g. net.core.wmem_max on Linux)
 WARN  [pool-1-thread-1] {org.jgroups.protocols.UDP} [JGRP00014] the receive buffer of socket DatagramSocket was set to 20MB, but the OS only allocated 229.38KB. This might lead to performance problems. Please set your max receive buffer in the OS correctly (e.g. net.core.rmem_max on Linux)
 WARN  [pool-1-thread-1] {org.jgroups.protocols.UDP} [JGRP00014] the send buffer of socket MulticastSocket was set to 640KB, but the OS only allocated 229.38KB. This might lead to performance problems. Please set your max send buffer in the OS correctly (e.g. net.core.wmem_max on Linux)
 WARN  [pool-1-thread-1] {org.jgroups.protocols.UDP} [JGRP00014] the receive buffer of socket MulticastSocket was set to 25MB, but the OS only allocated 229.38KB. This might lead to performance problems. Please set your max receive buffer in the OS correctly (e.g. net.core.rmem_max on Linux)
 INFO  [pool-1-thread-1] {org.infinispan.remoting.transport.jgroups.JGroupsTransport} ISPN000094: Received new cluster view: [deimos-esw-65371|1] [deimos-esw-65371, deimos-esw-38174]
 INFO  [pool-1-thread-1] {org.infinispan.remoting.transport.jgroups.JGroupsTransport} ISPN000079: Cache local address is deimos-esw-38174, physical addresses are [127.0.0.1:52001]
 INFO  [pool-1-thread-1] {org.infinispan.factories.GlobalComponentRegistry} ISPN000128: Infinispan version: Infinispan 'Delirium' 5.2.6.Final
 INFO  [Incoming-4,deimos-esw-38174] {org.infinispan.remoting.transport.jgroups.JGroupsTransport} ISPN000094: Received new cluster view: [deimos-esw-65371|2] [deimos-esw-65371, deimos-esw-38174, deimos-esw-2506]
 INFO  [pool-1-thread-1] {org.infinispan.transaction.lookup.JBossStandaloneJTAManagerLookup} ISPN000107: Retrieving transaction manager Transaction: unknown
 INFO  [Incoming-4,deimos-esw-38174] {org.infinispan.remoting.transport.jgroups.JGroupsTransport} ISPN000094: Received new cluster view: [deimos-esw-65371|3] [deimos-esw-65371, deimos-esw-38174, deimos-esw-2506, deimos-esw-63110, deimos-esw-47022, deimos-esw-9256]
 INFO  [Incoming-4,deimos-esw-38174] {org.infinispan.remoting.transport.jgroups.JGroupsTransport} ISPN000094: Received new cluster view: [deimos-esw-65371|4] [deimos-esw-65371, deimos-esw-38174, deimos-esw-2506, deimos-esw-63110, deimos-esw-47022, deimos-esw-9256, deimos-esw-50321]
 INFO  [pool-1-thread-1] {org.infinispan.jmx.CacheJmxRegistration} ISPN000031: MBeans were successfully registered to the platform MBean server.
 INFO  [Incoming-4,deimos-esw-38174] {org.infinispan.remoting.transport.jgroups.JGroupsTransport} ISPN000094: Received new cluster view: [deimos-esw-65371|5] [deimos-esw-65371, deimos-esw-38174, deimos-esw-2506, deimos-esw-63110, deimos-esw-47022, deimos-esw-9256, deimos-esw-50321, deimos-esw-7605]
 INFO  [pool-1-thread-1] {org.radargun.cachewrappers.InfinispanXSWrapper} Using transaction manager: Transaction: unknown
 INFO  [pool-1-thread-1] {org.radargun.cachewrappers.InfinispanXSWrapper} No RELAY2 protocol in XS wrapper
 INFO  [pool-1-thread-1] {org.radargun.cachewrappers.InfinispanXSWrapper} JGroups version: JGroups 3.2.7.Final
 INFO  [pool-1-thread-1] {org.radargun.cachewrappers.InfinispanXSWrapper} Using config attributes: {name=ispn52-repl-sync-rc.xml}
 INFO  [pool-1-thread-1] {pt.ist.fenixframework.backend.jvstm.datagrid.DataGridRepository} Initialization marker is present. Data Grid already existed.
 INFO  [pool-1-thread-1] {pt.ist.fenixframework.backend.jvstm.JVSTMBackEnd} initializeDomainClassInfos
 INFO  [pool-1-thread-1] {pt.ist.fenixframework.backend.jvstm.pstm.DomainClassInfo} serverId: 1, serverOidBase: 1000000000000
 INFO  [pool-1-thread-1] {pt.ist.fenixframework.backend.jvstm.pstm.DomainClassInfo} Existing domain class 'pt.ist.fenixframework.adt.bplustree.AbstractNodeArray' with id 'a'
 INFO  [pool-1-thread-1] {pt.ist.fenixframework.backend.jvstm.pstm.DomainClassInfo} Existing domain class 'pt.ist.fenixframework.adt.bplustree.BPlusTreeArray' with id '2'
 INFO  [pool-1-thread-1] {pt.ist.fenixframework.backend.jvstm.pstm.DomainClassInfo} Existing domain class 'pt.ist.fenixframework.adt.bplustree.LeafNode' with id '4'
 INFO  [pool-1-thread-1] {pt.ist.fenixframework.backend.jvstm.pstm.DomainClassInfo} Existing domain class 'pt.ist.fenixframework.adt.bplustree.AbstractNode' with id 'f'
 INFO  [pool-1-thread-1] {pt.ist.fenixframework.backend.jvstm.pstm.DomainClassInfo} Existing domain class 'pt.ist.fenixframework.adt.bplustree.DomainLeafNode' with id '1'
 INFO  [pool-1-thread-1] {pt.ist.fenixframework.backend.jvstm.pstm.DomainClassInfo} Existing domain class 'pt.ist.fenixframework.DomainRoot' with id '0'
 INFO  [pool-1-thread-1] {pt.ist.fenixframework.backend.jvstm.pstm.DomainClassInfo} Existing domain class 'pt.ist.fenixframework.adt.bplustree.BPlusTree' with id '7'
 INFO  [pool-1-thread-1] {pt.ist.fenixframework.backend.jvstm.pstm.DomainClassInfo} Existing domain class 'pt.ist.fenixframework.backend.jvstm.pstm.TransactionStatisticsEntry' with id '5'
 INFO  [pool-1-thread-1] {pt.ist.fenixframework.backend.jvstm.pstm.DomainClassInfo} Existing domain class 'pt.ist.fenixframework.adt.bplustree.DomainBPlusTree' with id 'e'
 INFO  [pool-1-thread-1] {pt.ist.fenixframework.backend.jvstm.pstm.DomainClassInfo} Existing domain class 'pt.ist.fenixframework.adt.bplustree.DomainInnerNode' with id '3'
 INFO  [pool-1-thread-1] {pt.ist.fenixframework.backend.jvstm.pstm.DomainClassInfo} Existing domain class 'pt.ist.fenixframework.adt.bplustree.InnerNode' with id '8'
 INFO  [pool-1-thread-1] {pt.ist.fenixframework.backend.jvstm.pstm.DomainClassInfo} Existing domain class 'pt.ist.fenixframework.adt.linkedlist.LinkedList' with id '9'
 INFO  [pool-1-thread-1] {pt.ist.fenixframework.backend.jvstm.pstm.DomainClassInfo} Existing domain class 'pt.ist.fenixframework.backend.jvstm.pstm.FenixFrameworkData' with id 'd'
 INFO  [pool-1-thread-1] {pt.ist.fenixframework.backend.jvstm.pstm.DomainClassInfo} Existing domain class 'pt.ist.fenixframework.adt.bplustree.LeafNodeArray' with id 'c'
 INFO  [pool-1-thread-1] {pt.ist.fenixframework.backend.jvstm.pstm.DomainClassInfo} Existing domain class 'pt.ist.fenixframework.adt.linkedlist.ListNode' with id '6'
 INFO  [pool-1-thread-1] {pt.ist.fenixframework.backend.jvstm.pstm.DomainClassInfo} Existing domain class 'pt.ist.fenixframework.adt.bplustree.InnerNodeArray' with id 'b'
 INFO  [pool-1-thread-1] {pt.ist.fenixframework.backend.jvstm.JVSTMBackEnd} setupJVSTM
 INFO  [pool-1-thread-1] {pt.ist.fenixframework.backend.jvstm.JVSTMBackEnd} Setting the last committed TX number to 2
 INFO  [pool-1-thread-1] {pt.ist.fenixframework.backend.jvstm.JVSTMBackEnd} createDomainRootIfNeeded
 INFO  [pool-1-thread-1] {pt.ist.fenixframework.backend.jvstm.JVSTMBackEnd} ensureFenixFrameworkDataExists
 INFO  [pool-1-thread-1] {pt.ist.fenixframework.hibernatesearch.HibernateSearchConfig} Resource 'fenix-framework-hibernate-search.properties' not found. Hibernate Search disabled
 INFO  [pool-1-thread-1] {pt.ist.fenixframework.FenixFramework} Initialization of Fenix Framework is now complete.
 INFO  [pool-1-thread-1] {org.radargun.cachewrappers.FFWrapper} FF STARTED=true
 INFO  [pool-1-thread-1] {org.radargun.stages.helpers.StartHelper} Number of members is the one expected: 8
 INFO  [pool-1-thread-1] {org.radargun.stages.StartClusterStage} Successfully started cache wrapper on slave 1: org.radargun.cachewrappers.FFWrapper@2a2f0af4
 INFO  [pool-1-thread-1] {org.radargun.Slave} Finished stage: StartCluster {config=ispn52-repl-sync-rc.xml, delayAfterFirstSlaveStarts=5.000 secs, delayBetweenStartingSlaves=0.500 secs, exitBenchmarkOnSlaveFailure=true, expectNumSlaves=null, mayFailOn=null, reachable=null, runOnAllSlaves=false, slaves=null, staggerSlaveStartup=true, useSmartClassLoading=true, validateCluster=true }
 INFO  [main] {org.radargun.Slave} Ack successfully sent to the master
 INFO  [pool-1-thread-1] {org.radargun.Slave} Executing stage: ClusterValidation {exitBenchmarkOnSlaveFailure=false, partialReplication=false, replicationTimeSleep=2000, replicationTryCount=60, runOnAllSlaves=false, slaves=null, useSmartClassLoading=true }
 INFO  [pool-1-thread-1] {org.radargun.stages.ClusterValidationStage} Number of caches that replicated here is 1
 INFO  [pool-1-thread-1] {org.radargun.stages.ClusterValidationStage} Replication test failed, 1 tries so far. Sleeping for 2 seconds and trying again.
 INFO  [pool-1-thread-1] {org.radargun.stages.ClusterValidationStage} Number of caches that replicated here is 7
 INFO  [pool-1-thread-1] {org.radargun.stages.ClusterValidationStage} Replication test successfully passed. partialReplication? false, replicationCount = 7
 INFO  [pool-1-thread-1] {org.radargun.stages.ClusterValidationStage} Confirm phase successful.
 INFO  [pool-1-thread-1] {org.radargun.Slave} Finished stage: ClusterValidation {exitBenchmarkOnSlaveFailure=false, partialReplication=false, replicationTimeSleep=2000, replicationTryCount=60, runOnAllSlaves=false, slaves=[ 0, 1, 2, 3, 4, 5, 6, 7 ], useSmartClassLoading=true }
 INFO  [main] {org.radargun.Slave} Ack successfully sent to the master
 INFO  [pool-1-thread-1] {org.radargun.Slave} Executing stage: StressTestWarmup {bulkSize=1, cacheSpecificKeyGenerator=false, commitTransactions=true, duration=1 mins 0 secs, entrySize=1000, exitBenchmarkOnSlaveFailure=false, fixedKeys=true, generateHistogramRange=false, keyGeneratorClass=org.radargun.stressors.StringKeyGenerator, keyGeneratorParam=null, loadAllKeys=false, numEntries=100, numOfThreads=4, numRequests=10000, numThreads=4, numberOfAttributes=100, numberOfRequests=10000, opsCountStatusLog=100000, poolKeys=true, preferAsyncOperations=false, removePercentage=0, replaceInvalidPercentage=40, runOnAllSlaves=false, sharedKeys=false, sizeOfAnAttribute=1000, slaves=null, transactionSize=50, useAtomics=false, useHistogramStatistics=false, useSimpleStatistics=true, useSmartClassLoading=true, useTransactions=null, writePercentage=20, writeTxPercentage=20 }
 INFO  [pool-1-thread-1] {org.radargun.stages.StressTestWarmupStage} Starting StressTestWarmupStage: StressTestWarmup {bulkSize=1, cacheSpecificKeyGenerator=false, commitTransactions=true, duration=1 mins 0 secs, entrySize=1000, exitBenchmarkOnSlaveFailure=false, fixedKeys=true, generateHistogramRange=false, keyGeneratorClass=org.radargun.stressors.StringKeyGenerator, keyGeneratorParam=null, loadAllKeys=false, numEntries=100, numOfThreads=4, numRequests=10000, numThreads=4, numberOfAttributes=100, numberOfRequests=10000, opsCountStatusLog=100000, poolKeys=true, preferAsyncOperations=false, removePercentage=0, replaceInvalidPercentage=40, runOnAllSlaves=false, sharedKeys=false, sizeOfAnAttribute=1000, slaves=null, transactionSize=50, useAtomics=false, useHistogramStatistics=false, useSimpleStatistics=true, useSmartClassLoading=true, useTransactions=null, writePercentage=20, writeTxPercentage=20 }
 INFO  [pool-1-thread-1] {org.radargun.stressors.StressTestStressor} Using key generator org.radargun.stressors.StringKeyGenerator, param null
 INFO  [pool-1-thread-1] {org.radargun.stressors.StressTestStressor} Executing: StressTestStressor{opsCountStatusLog=100000, numRequests=10000, numEntries=100, entrySize=1000, writePercentage=20, numThreads=4, cacheWrapper=org.radargun.cachewrappers.FFWrapper@2a2f0af4, nodeIndex=1, useTransactions=true, transactionSize=50, commitTransactions=true, durationMillis=60000}
 INFO  [pool-1-thread-1] {org.radargun.stressors.StressTestStressor} Cache wrapper info is: FFWrapper using infinispan52
[GC 270174K->19735K(2944064K), 0.0526240 secs]
[GC 275799K->18059K(2944064K), 0.0385110 secs]
 INFO  [pool-1-thread-1] {org.radargun.stressors.StressTestStressor} Started 4 stressor threads.
 INFO  [Stressor-2] {org.radargun.stressors.StressTestStressor} Number of ops executed so far: 1. Elapsed time: 0.001 secs. Remaining: 59.999 secs. Total: 1 mins 0 secs
[GC 274123K->20004K(2944064K), 0.0397710 secs]
[GC 276068K->32872K(2944064K), 0.0407090 secs]
[GC 288936K->34245K(2944064K), 0.0453680 secs]
[GC 290309K->31970K(2944064K), 0.0413520 secs]
 INFO  [Stressor-1] {org.radargun.stressors.StressTestStressor} Number of ops executed so far: 25900. Elapsed time: 20.003 secs. Remaining: 39.997 secs. Total: 1 mins 0 secs
[GC 288034K->46862K(2944064K), 0.0468740 secs]
[GC 302926K->50775K(2944064K), 0.0505650 secs]
[GC 306839K->61495K(2944064K), 0.0500510 secs]
[GC 317559K->57464K(2944064K), 0.0491020 secs]
 INFO  [Stressor-2] {org.radargun.stressors.StressTestStressor} Number of ops executed so far: 53550. Elapsed time: 40.254 secs. Remaining: 19.746 secs. Total: 1 mins 0 secs
[GC 313528K->61936K(2944064K), 0.0479360 secs]
[GC 318000K->67059K(2944064K), 0.0517720 secs]
[GC 323123K->74070K(2944064K), 0.0534300 secs]
[GC 330134K->68801K(2944064K), 0.0557900 secs]
[GC 324865K->104743K(2944064K), 0.0753220 secs]
 INFO  [pool-1-thread-1] {org.radargun.stressors.StressTestStressor} Finished generating report. Test duration is: 1 mins 12 secs
 INFO  [pool-1-thread-1] {org.radargun.stages.StressTestWarmupStage} The warmup took: 72 seconds.
 INFO  [pool-1-thread-1] {org.radargun.Slave} Finished stage: StressTestWarmup {bulkSize=1, cacheSpecificKeyGenerator=false, commitTransactions=true, duration=1 mins 0 secs, entrySize=1000, exitBenchmarkOnSlaveFailure=false, fixedKeys=true, generateHistogramRange=false, keyGeneratorClass=org.radargun.stressors.StringKeyGenerator, keyGeneratorParam=null, loadAllKeys=false, numEntries=100, numOfThreads=4, numRequests=10000, numThreads=4, numberOfAttributes=100, numberOfRequests=10000, opsCountStatusLog=100000, poolKeys=true, preferAsyncOperations=false, removePercentage=0, replaceInvalidPercentage=40, runOnAllSlaves=false, sharedKeys=false, sizeOfAnAttribute=1000, slaves=null, transactionSize=50, useAtomics=false, useHistogramStatistics=false, useSimpleStatistics=true, useSmartClassLoading=true, useTransactions=null, writePercentage=20, writeTxPercentage=20 }
 INFO  [main] {org.radargun.Slave} Ack successfully sent to the master
[GC 360807K->99531K(2944064K), 0.0666860 secs]
[GC 355595K->86047K(2944064K), 0.0596310 secs]
[GC 342111K->102835K(2944064K), 0.0618310 secs]
[GC 358899K->121142K(2944064K), 0.0620890 secs]
[GC 377206K->128025K(2944064K), 0.0638870 secs]
[GC 384089K->136617K(2944064K), 0.0631220 secs]
[GC 392681K->149540K(2944064K), 0.0688260 secs]
[GC 405604K->123896K(2944064K), 0.0648300 secs]
[GC 379960K->154427K(2944064K), 0.0686140 secs]
[GC 410491K->165434K(2944064K), 0.0675840 secs]
[GC 421487K->150797K(2944064K), 0.0672710 secs]
[GC 406861K->178582K(2944064K), 0.0714110 secs]
 INFO  [pool-1-thread-1] {org.radargun.Slave} Executing stage: ClearClusterStage {ClearCluster {exitBenchmarkOnSlaveFailure=false, runOnAllSlaves=false, slaves=[ 0 ], useSmartClassLoading=true }
 INFO  [pool-1-thread-1] {org.radargun.stages.ClearClusterStage} Before executing clear, memory looks like this: Memory - free: 2,604,646 kb - max:4,906,688 kb- total:2,944,064 kb
[Full GC 339417K->148808K(2944064K), 0.7235010 secs]
 INFO  [pool-1-thread-1] {org.radargun.stages.ClearClusterStage} After executing cleanup, memory looks like this: Memory - free: 2,794,579 kb - max:4,906,688 kb- total:2,944,192 kb
 INFO  [pool-1-thread-1] {org.radargun.Slave} Finished stage: ClearClusterStage {ClearCluster {exitBenchmarkOnSlaveFailure=false, runOnAllSlaves=false, slaves=[ 0 ], useSmartClassLoading=true }
 INFO  [main] {org.radargun.Slave} Ack successfully sent to the master
 INFO  [pool-1-thread-1] {org.radargun.Slave} Executing stage: StressTest {bulkSize=1, cacheSpecificKeyGenerator=false, commitTransactions=true, duration=1 mins 0 secs, entrySize=1000, exitBenchmarkOnSlaveFailure=false, fixedKeys=true, generateHistogramRange=false, keyGeneratorClass=org.radargun.stressors.StringKeyGenerator, keyGeneratorParam=null, loadAllKeys=false, numEntries=10000, numOfThreads=4, numRequests=10000000, numThreads=4, numberOfAttributes=10000, numberOfRequests=10000000, opsCountStatusLog=500000, poolKeys=true, preferAsyncOperations=false, removePercentage=0, replaceInvalidPercentage=40, runOnAllSlaves=false, sharedKeys=false, sizeOfAnAttribute=1000, slaves=null, transactionSize=10000, useAtomics=false, useHistogramStatistics=false, useSimpleStatistics=true, useSmartClassLoading=true, useTransactions=true, writePercentage=10, writeTxPercentage=5 }
 INFO  [pool-1-thread-1] {org.radargun.stages.StressTestStage} Starting StressTestStage: StressTest {bulkSize=1, cacheSpecificKeyGenerator=false, commitTransactions=true, duration=1 mins 0 secs, entrySize=1000, exitBenchmarkOnSlaveFailure=false, fixedKeys=true, generateHistogramRange=false, keyGeneratorClass=org.radargun.stressors.StringKeyGenerator, keyGeneratorParam=null, loadAllKeys=false, numEntries=10000, numOfThreads=4, numRequests=10000000, numThreads=4, numberOfAttributes=10000, numberOfRequests=10000000, opsCountStatusLog=500000, poolKeys=true, preferAsyncOperations=false, removePercentage=0, replaceInvalidPercentage=40, runOnAllSlaves=false, sharedKeys=false, sizeOfAnAttribute=1000, slaves=null, transactionSize=10000, useAtomics=false, useHistogramStatistics=false, useSimpleStatistics=true, useSmartClassLoading=true, useTransactions=true, writePercentage=10, writeTxPercentage=5 }
 INFO  [pool-1-thread-1] {org.radargun.stressors.StressTestStressor} Using key generator org.radargun.stressors.StringKeyGenerator, param null
 INFO  [pool-1-thread-1] {org.radargun.stressors.StressTestStressor} Executing: StressTestStressor{opsCountStatusLog=500000, numRequests=10000000, numEntries=10000, entrySize=1000, writePercentage=10, numThreads=4, cacheWrapper=org.radargun.cachewrappers.FFWrapper@2a2f0af4, nodeIndex=1, useTransactions=true, transactionSize=10000, commitTransactions=true, durationMillis=60000}
 INFO  [pool-1-thread-1] {org.radargun.stressors.StressTestStressor} Cache wrapper info is: FFWrapper using infinispan52
[GC 405000K->222086K(2944192K), 0.0344980 secs]
[GC 478278K->167740K(2944192K), 0.0313640 secs]
[GC 423932K->159545K(2944192K), 0.0363080 secs]
[GC 415737K->161616K(2944192K), 0.0374340 secs]
[GC 417808K->164871K(2944192K), 0.0442880 secs]
[GC 421063K->168526K(2944192K), 0.0441070 secs]
[GC 424718K->168849K(2944192K), 0.0519460 secs]
[GC 425041K->172187K(2944192K), 0.0483080 secs]
[GC 428379K->173949K(2944192K), 0.0543810 secs]
[GC 430141K->176418K(2944192K), 0.0634610 secs]
[GC 432610K->184822K(2944192K), 0.0609510 secs]
[GC 441014K->182973K(2944192K), 0.0614110 secs]
[GC 439165K->190434K(2944192K), 0.0575310 secs]
[GC 446626K->193819K(2944192K), 0.0573940 secs]
[GC 450011K->197515K(2944192K), 0.0627470 secs]
[GC 453707K->196890K(2944192K), 0.0816170 secs]
[GC 453082K->198232K(2944192K), 0.0455560 secs]
[GC 454424K->208035K(2944192K), 0.0449750 secs]
[GC 464227K->200031K(2944192K), 0.0445350 secs]
[GC 456223K->208484K(2944192K), 0.0468410 secs]
[GC 464676K->212988K(2944192K), 0.0471290 secs]
[GC 469180K->200827K(2944192K), 0.0430870 secs]
[GC 457019K->207003K(2944192K), 0.0626430 secs]
[GC 463195K->220637K(2944192K), 0.0474040 secs]
[GC 476829K->207116K(2944192K), 0.0831730 secs]
[GC 463308K->218252K(2944192K), 0.0426880 secs]
[GC 474444K->216694K(2944192K), 0.0465610 secs]
[GC 472886K->220164K(2944192K), 0.0441910 secs]
[GC 476356K->221554K(2944192K), 0.0622660 secs]
[GC 477746K->231320K(2944192K), 0.0455750 secs]
[GC 487512K->222964K(2944192K), 0.0478110 secs]
[GC 479156K->224139K(2944192K), 0.0499540 secs]
[GC 480331K->235876K(2944192K), 0.0432200 secs]
[GC 492068K->223648K(2944192K), 0.0436270 secs]
[GC 479840K->236726K(2944192K), 0.0768200 secs]
[GC 492918K->235593K(2944192K), 0.0500850 secs]
[GC 490263K->244674K(2944192K), 0.0683120 secs]
[GC 500866K->267771K(2944192K), 0.0533400 secs]
[GC 523548K->290924K(2944192K), 0.0592510 secs]
[GC 547111K->322453K(2944192K), 0.0675900 secs]
[GC 578645K->309545K(2944192K), 0.0928130 secs]
[GC 565737K->323425K(2944192K), 0.0766360 secs]
[GC 579617K->354086K(2944192K), 0.0712860 secs]
[GC 610278K->389895K(2944192K), 0.0754310 secs]
[GC 645425K->370990K(2944192K), 0.0847840 secs]
[GC 627182K->420734K(2944192K), 0.0739950 secs]
[GC 676926K->395553K(2944192K), 0.0698140 secs]
[GC 651745K->450132K(2944192K), 0.0681490 secs]
[GC 706287K->423928K(2944192K), 0.0707110 secs]
[GC 680120K->479760K(2944192K), 0.0675670 secs]
[GC 735952K->461149K(2944192K), 0.0672610 secs]
[GC 717341K->499628K(2944192K), 0.0657030 secs]
[GC 755820K->481477K(2944192K), 0.0653850 secs]
[GC 735694K->538633K(2944192K), 0.0675920 secs]
[GC 794825K->512257K(2944192K), 0.0659290 secs]
[GC 768449K->567661K(2944192K), 0.0630490 secs]
[GC 823853K->543761K(2944192K), 0.0681630 secs]
[GC 798660K->594507K(2944192K), 0.0650640 secs]
[GC 850699K->569575K(2944192K), 0.0645380 secs]
[GC 825767K->625806K(2944192K), 0.0653930 secs]
[GC 881998K->609404K(2944192K), 0.0709360 secs]
[GC 864911K->646363K(2944192K), 0.0804530 secs]
[GC 902555K->670375K(2944192K), 0.0731360 secs]
[GC 926538K->650477K(2944192K), 0.0770430 secs]
[GC 906669K->689978K(2944192K), 0.0746990 secs]
[GC 946170K->715173K(2944192K), 0.0747620 secs]
[GC 970526K->695930K(2944192K), 0.0778390 secs]
[GC 952122K->746348K(2944192K), 0.0799700 secs]
[GC 1002540K->725223K(2944192K), 0.0664950 secs]
[GC 981415K->747156K(2944192K), 0.0536320 secs]
[GC 1003348K->728557K(2944192K), 0.0684890 secs]
[GC 984749K->751330K(2944192K), 0.0485710 secs]
[GC 1007522K->721119K(2944192K), 0.0514210 secs]
[GC 977311K->726423K(2944192K), 0.0644160 secs]
[GC 982615K->760661K(2944192K), 0.0486210 secs]
[GC 1016853K->766142K(2944192K), 0.0836490 secs]
[GC 1022334K->760040K(2944192K), 0.0590110 secs]
[GC 1016232K->771657K(2944192K), 0.0678370 secs]
[GC 1027849K->765632K(2944192K), 0.0516060 secs]
[GC 1021824K->761693K(2944192K), 0.0511230 secs]
[GC 1017885K->774219K(2944192K), 0.0545050 secs]
[GC 1030411K->772544K(2944192K), 0.0565080 secs]
[GC 1028736K->781068K(2944192K), 0.0596940 secs]
[GC 1037260K->786814K(2944192K), 0.0577050 secs]
[GC 1043006K->786445K(2944192K), 0.0670190 secs]
[GC 1042637K->792737K(2944192K), 0.0592820 secs]
[GC 1048929K->813009K(2944192K), 0.0545410 secs]
[GC 1069201K->805223K(2944192K), 0.0608620 secs]
[GC 1061415K->799816K(2944192K), 0.0669830 secs]
[GC 1056008K->790794K(2944192K), 0.0597990 secs]
[GC 1046986K->827023K(2944192K), 0.0547840 secs]
[GC 1083215K->847095K(2944192K), 0.0539650 secs]
[GC 1103287K->813066K(2944192K), 0.0602000 secs]
[GC 1069258K->836786K(2944192K), 0.0535100 secs]
 INFO  [pool-1-thread-1] {org.radargun.stressors.StressTestStressor} Started 4 stressor threads.
 INFO  [Stressor-1] {org.radargun.stressors.StressTestStressor} Number of ops executed so far: 1. Elapsed time: 0.000 secs. Remaining: 1 mins 0 secs. Total: 1 mins 0 secs
[GC 1092978K->821466K(2944192K), 0.0661340 secs]
[GC 1077658K->837992K(2944192K), 0.0700310 secs]
[GC 1094128K->852423K(2944192K), 0.0776990 secs]
[GC 1108615K->872517K(2944192K), 0.0816620 secs]
[GC 1128709K->857690K(2944192K), 0.0486310 secs]
[GC 1113882K->852666K(2944192K), 0.0433000 secs]
[GC 1108850K->872306K(2944192K), 0.0419290 secs]
[GC 1128498K->889183K(2944192K), 0.0534990 secs]
[GC 1145375K->899636K(2944192K), 0.0633600 secs]
[GC 1155208K->924232K(2944192K), 0.0598940 secs]
[GC 1180424K->920111K(2944192K), 0.0587600 secs]
[GC 1174965K->919272K(2944192K), 0.0499180 secs]
[GC 1175430K->941195K(2944192K), 0.0525070 secs]
[GC 1196538K->933848K(2944192K), 0.0616420 secs]
[GC 1189569K->961889K(2944192K), 0.0606270 secs]
[GC 1218038K->963715K(2944192K), 0.0630330 secs]
[GC 1219907K->961459K(2944192K), 0.0553290 secs]
[GC 1217647K->963074K(2944192K), 0.0533010 secs]
[GC 1219266K->1005026K(2944192K), 0.0532780 secs]
[GC 1261197K->1000191K(2944192K), 0.0673240 secs]
[GC 1256247K->1007621K(2944192K), 0.0568870 secs]
[GC 1263539K->1002785K(2944192K), 0.0516530 secs]
 INFO  [Stressor-3] {org.radargun.stressors.StressTestStressor} Number of ops executed so far: 5091035. Elapsed time: 20.010 secs. Remaining: 39.990 secs. Total: 1 mins 0 secs
[GC 1258977K->1016647K(2944192K), 0.0604350 secs]
[GC 1271339K->1043791K(2944192K), 0.0561440 secs]
[GC 1299983K->1022286K(2944192K), 0.0576420 secs]
[GC 1278478K->1044742K(2944192K), 0.0488340 secs]
[GC 1300934K->1045037K(2944192K), 0.0671330 secs]
[GC 1301209K->1053734K(2944192K), 0.0558640 secs]
[GC 1309926K->1073744K(2944192K), 0.0581950 secs]
[GC 1329936K->1088684K(2944192K), 0.0573360 secs]
[GC 1344876K->1114592K(2944192K), 0.0695310 secs]
[GC 1370784K->1110572K(2944192K), 0.0705670 secs]
[GC 1366764K->1094885K(2944192K), 0.0486120 secs]
[GC 1351077K->1106295K(2944192K), 0.0519910 secs]
[GC 1362487K->1121382K(2944192K), 0.0567950 secs]
[GC 1377574K->1145385K(2944192K), 0.0846840 secs]
[GC 1401554K->1148501K(2944192K), 0.0759100 secs]
[GC 1404693K->1199276K(2944192K), 0.0496480 secs]
[GC 1455468K->1152449K(2944192K), 0.0612580 secs]
[GC 1408641K->1165150K(2944192K), 0.0461770 secs]
[GC 1421146K->1178372K(2944192K), 0.0469040 secs]
[GC 1433102K->1197155K(2944192K), 0.0565600 secs]
[GC 1453347K->1254722K(2944192K), 0.0740240 secs]
 INFO  [Stressor-3] {org.radargun.stressors.StressTestStressor} Number of ops executed so far: 10671329. Elapsed time: 40.010 secs. Remaining: 19.990 secs. Total: 1 mins 0 secs
[GC 1510914K->1233890K(2944192K), 0.0965370 secs]
[GC 1490082K->1234175K(2944192K), 0.0475800 secs]
[GC 1490367K->1235544K(2944192K), 0.0413360 secs]
[GC 1491736K->1251070K(2944192K), 0.0487690 secs]
[GC 1507262K->1286431K(2944192K), 0.0571280 secs]
[GC 1542623K->1284537K(2944192K), 0.0770650 secs]
[GC 1540729K->1280220K(2944192K), 0.0542720 secs]
[GC 1536412K->1317919K(2944192K), 0.0556130 secs]
[GC 1574111K->1315803K(2944192K), 0.0725490 secs]
[GC 1571614K->1328631K(2944192K), 0.0449430 secs]
[GC 1584823K->1342237K(2944192K), 0.0516940 secs]
[GC 1598429K->1346063K(2944192K), 0.0539020 secs]
[GC 1602255K->1400705K(2944192K), 0.0629180 secs]
[GC 1656897K->1373835K(2944192K), 0.0858970 secs]
[GC 1374641K(2944192K), 0.0150940 secs]
[GC 1628159K->1413439K(2944192K), 0.0595260 secs]
[GC 1555165K(2944192K), 0.0724730 secs]
[GC 1497844K->1261104K(2944192K), 0.0460360 secs]
[GC 1314366K->1029887K(2944192K), 0.0506420 secs]
[GC 1286079K->1043453K(2944192K), 0.0446160 secs]
[GC 1297600K->1062907K(2944192K), 0.0488320 secs]
[GC 1319099K->1080137K(2944192K), 0.0549200 secs]
[GC 1336329K->1082216K(2944192K), 0.0681490 secs]
[GC 1338408K->1092234K(2944192K), 0.0637920 secs]
 INFO  [Stressor-0] {org.radargun.stressors.StressTestStressor} Number of ops executed so far: 15750000. Elapsed time: 1 mins 0 secs. Remaining: 0.000 secs. Total: 1 mins 0 secs
 INFO  [pool-1-thread-1] {org.radargun.stressors.StressTestStressor} Finished generating report. Test duration is: 7 mins 26 secs
 INFO  [pool-1-thread-1] {org.radargun.stages.StressTestStage} size info: FFWrapper using infinispan52, clusterSize:8, nodeIndex:1, cacheSize: -1
 INFO  [pool-1-thread-1] {org.radargun.Slave} Finished stage: StressTest {bulkSize=1, cacheSpecificKeyGenerator=false, commitTransactions=true, duration=1 mins 0 secs, entrySize=1000, exitBenchmarkOnSlaveFailure=false, fixedKeys=true, generateHistogramRange=false, keyGeneratorClass=org.radargun.stressors.StringKeyGenerator, keyGeneratorParam=null, loadAllKeys=false, numEntries=10000, numOfThreads=4, numRequests=10000000, numThreads=4, numberOfAttributes=10000, numberOfRequests=10000000, opsCountStatusLog=500000, poolKeys=true, preferAsyncOperations=false, removePercentage=0, replaceInvalidPercentage=40, runOnAllSlaves=false, sharedKeys=false, sizeOfAnAttribute=1000, slaves=null, transactionSize=10000, useAtomics=false, useHistogramStatistics=false, useSimpleStatistics=true, useSmartClassLoading=true, useTransactions=true, writePercentage=10, writeTxPercentage=5 }
 INFO  [main] {org.radargun.Slave} Ack successfully sent to the master
[GC 1348426K->1131392K(2944192K), 0.0683700 secs]
[GC 1387584K->1094938K(2944192K), 0.0597440 secs]
[GC 1351130K->1073189K(2944192K), 0.0258220 secs]
[GC 1329381K->1072740K(2944192K), 0.0298300 secs]
[GC 1328932K->1077098K(2944192K), 0.0308430 secs]
[GC 1333290K->1080995K(2944192K), 0.0322790 secs]
[GC 1337187K->1085355K(2944192K), 0.0336320 secs]
[GC 1341547K->1089464K(2944192K), 0.0348780 secs]
[GC 1345656K->1093327K(2944192K), 0.0352960 secs]
[GC 1349519K->1097609K(2944192K), 0.0346530 secs]
[GC 1353801K->1090199K(2944192K), 0.0378090 secs]
[GC 1346391K->1102405K(2944192K), 0.0414900 secs]
[GC 1358597K->1103990K(2944192K), 0.0425280 secs]
[GC 1360182K->1108217K(2944192K), 0.0415680 secs]
[GC 1364409K->1112389K(2944192K), 0.0455460 secs]
[GC 1368581K->1116213K(2944192K), 0.0463340 secs]
[GC 1372405K->1122503K(2944192K), 0.0508760 secs]
[GC 1378695K->1109431K(2944192K), 0.0542440 secs]
[GC 1365623K->1123029K(2944192K), 0.0505840 secs]
[GC 1379221K->1129782K(2944192K), 0.0488280 secs]
[GC 1385974K->1116543K(2944192K), 0.0565240 secs]
[GC 1372735K->1131116K(2944192K), 0.0490410 secs]
[GC 1387308K->1129235K(2944192K), 0.0511200 secs]
[GC 1385427K->1141463K(2944192K), 0.0467790 secs]
[GC 1397655K->1126808K(2944192K), 0.0484340 secs]
[GC 1383000K->1141253K(2944192K), 0.0511240 secs]
[GC 1397445K->1148425K(2944192K), 0.0488310 secs]
[GC 1404617K->1133972K(2944192K), 0.0561550 secs]
[GC 1390164K->1157026K(2944192K), 0.0509590 secs]
[GC 1413218K->1137686K(2944192K), 0.0497530 secs]
[GC 1393878K->1153822K(2944192K), 0.0488060 secs]
[GC 1410014K->1151879K(2944192K), 0.0527850 secs]
[GC 1408071K->1164640K(2944192K), 0.0521990 secs]
[GC 1420832K->1149275K(2944192K), 0.0492190 secs]
[GC 1405467K->1164454K(2944192K), 0.0504160 secs]
[GC 1420646K->1162292K(2944192K), 0.0583960 secs]
[GC 1418484K->1165346K(2944192K), 0.0548890 secs]
[GC 1421538K->1159303K(2944192K), 0.0525420 secs]
[GC 1415495K->1170817K(2944192K), 0.0605500 secs]
[GC 1427009K->1173392K(2944192K), 0.0535590 secs]
[GC 1429584K->1184906K(2944192K), 0.0501810 secs]
[GC 1441098K->1169242K(2944192K), 0.0514520 secs]
[GC 1425434K->1183939K(2944192K), 0.0538690 secs]
[GC 1440131K->1190909K(2944192K), 0.0512690 secs]
[GC 1447101K->1175778K(2944192K), 0.0549340 secs]
[GC 1431970K->1191004K(2944192K), 0.0533400 secs]
[GC 1447196K->1197891K(2944192K), 0.0541730 secs]
[GC 1454083K->1183058K(2944192K), 0.0531960 secs]
[GC 1439250K->1197972K(2944192K), 0.0496760 secs]
[GC 1454164K->1204216K(2944192K), 0.0622630 secs]
[GC 1460408K->1189644K(2944192K), 0.0518860 secs]
[GC 1445836K->1212478K(2944192K), 0.0528160 secs]
[GC 1468670K->1193113K(2944192K), 0.0564160 secs]
[GC 1449305K->1216607K(2944192K), 0.0570300 secs]
[GC 1472799K->1197544K(2944192K), 0.0531260 secs]
[GC 1453736K->1221075K(2944192K), 0.0515170 secs]
[GC 1477267K->1202238K(2944192K), 0.0566470 secs]
[GC 1458430K->1225569K(2944192K), 0.0566210 secs]
[GC 1481761K->1206910K(2944192K), 0.0524200 secs]
[GC 1463102K->1222266K(2944192K), 0.0590020 secs]
[GC 1478458K->1229784K(2944192K), 0.0599670 secs]
[GC 1485976K->1214978K(2944192K), 0.0495180 secs]
[GC 1471170K->1237811K(2944192K), 0.0570500 secs]
[GC 1494003K->1218323K(2944192K), 0.0575600 secs]
[GC 1474515K->1241679K(2944192K), 0.0604250 secs]
[GC 1497871K->1222720K(2944192K), 0.0540880 secs]
[GC 1478912K->1238028K(2944192K), 0.0546530 secs]
[GC 1494220K->1236390K(2944192K), 0.0597430 secs]
[GC 1492582K->1248055K(2944192K), 0.0489120 secs]
[GC 1504247K->1233159K(2944192K), 0.0464440 secs]
[GC 1489351K->1255015K(2944192K), 0.0586190 secs]
[GC 1511207K->1236289K(2944192K), 0.0582830 secs]
[GC 1492481K->1251492K(2944192K), 0.0579000 secs]
[GC 1507684K->1249932K(2944192K), 0.0623610 secs]
[GC 1506124K->1253016K(2944192K), 0.0479410 secs]
[GC 1509208K->1247040K(2944192K), 0.0618420 secs]
[GC 1503232K->1257836K(2944192K), 0.0559840 secs]
[GC 1514028K->1260260K(2944192K), 0.0580180 secs]
[GC 1516452K->1262400K(2944192K), 0.0500780 secs]
[GC 1518592K->1264908K(2944192K), 0.0573610 secs]
[GC 1521100K->1267076K(2944192K), 0.0512250 secs]
[GC 1523268K->1269662K(2944192K), 0.0609490 secs]
[GC 1525854K->1271691K(2944192K), 0.0562660 secs]
[GC 1527883K->1265601K(2944192K), 0.0510840 secs]
[GC 1521793K->1276659K(2944192K), 0.0598340 secs]
[GC 1532851K->1279376K(2944192K), 0.0520070 secs]
[GC 1535568K->1281453K(2944192K), 0.0615410 secs]
[GC 1537645K->1283995K(2944192K), 0.0521380 secs]
[GC 1540187K->1286168K(2944192K), 0.0583360 secs]
[GC 1542360K->1288838K(2944192K), 0.0497350 secs]
[GC 1545030K->1290803K(2944192K), 0.0571200 secs]
[GC 1546995K->1293475K(2944192K), 0.0560910 secs]
[GC 1549667K->1295727K(2944192K), 0.0496530 secs]
[GC 1551919K->1298281K(2944192K), 0.0550430 secs]
[GC 1554473K->1300377K(2944192K), 0.0569880 secs]
[GC 1554895K->1320818K(2944192K), 0.0670110 secs]
[GC 1577010K->1345035K(2944192K), 0.0838860 secs]
[GC 1601227K->1383671K(2944192K), 0.0795290 secs]
[GC 1639863K->1400358K(2944192K), 0.0935890 secs]
[GC 1656550K->1385303K(2944192K), 0.0865970 secs]
[GC 1641495K->1428301K(2944192K), 0.0819500 secs]
[GC 1684437K->1433495K(2944192K), 0.0809320 secs]
[GC 1689687K->1450199K(2944192K), 0.0752300 secs]
[GC 1706391K->1480851K(2944192K), 0.0757030 secs]
[GC 1737014K->1482583K(2944192K), 0.0766510 secs]
[GC 1738775K->1511862K(2944192K), 0.0794470 secs]
[GC 1768017K->1493205K(2944192K), 0.0834290 secs]
[GC 1748035K->1544013K(2944192K), 0.0783470 secs]
[GC 1800205K->1520386K(2944192K), 0.0769040 secs]
[GC 1776500K->1563728K(2944192K), 0.0848190 secs]
[GC 1819920K->1570776K(2944192K), 0.0809530 secs]
[GC 1826968K->1604944K(2944192K), 0.0822890 secs]
[GC 1860343K->1608377K(2944192K), 0.0923170 secs]
[GC 1864551K->1621020K(2944192K), 0.0794990 secs]
[GC 1877212K->1652018K(2944192K), 0.0821190 secs]
[GC 1908210K->1633823K(2944192K), 0.0735830 secs]
[GC 1890015K->1672738K(2944192K), 0.0787630 secs]
[GC 1928930K->1698804K(2944192K), 0.0820580 secs]
[GC 1954996K->1681422K(2944192K), 0.0773440 secs]
[GC 1937614K->1672134K(2944192K), 0.0751150 secs]
[GC 1928326K->1716892K(2944192K), 0.0541390 secs]
[GC 1973084K->1702934K(2944192K), 0.0654410 secs]
[GC 1959126K->1706234K(2944192K), 0.0548050 secs]
[GC 1962426K->1713793K(2944192K), 0.0578040 secs]
[GC 1969985K->1719526K(2944192K), 0.0576190 secs]
[GC 1975718K->1739193K(2944192K), 0.0666990 secs]
[GC 1995376K->1762056K(2944192K), 0.0867560 secs]
[GC 2018248K->1747852K(2944192K), 0.0860180 secs]
[GC 2004044K->1788140K(2944192K), 0.0783540 secs]
[GC 2044332K->1798026K(2944192K), 0.0901510 secs]
[GC 2054218K->1828576K(2944192K), 0.0762990 secs]
[GC 2084768K->1844761K(2944192K), 0.0927300 secs]
[GC 2100953K->1852559K(2944192K), 0.0781100 secs]
[GC 2108751K->1877564K(2944192K), 0.0877930 secs]
[GC 2133756K->1885681K(2944192K), 0.0805490 secs]
[GC 2141873K->1861570K(2944192K), 0.0803940 secs]
[GC 2116241K->1925819K(2944192K), 0.0861210 secs]
[GC 2182011K->1931244K(2944192K), 0.0778890 secs]
[GC 2187392K->1951036K(2944192K), 0.0862800 secs]
[GC 2205935K->1964586K(2944192K), 0.0787260 secs]
[GC 2220778K->1941337K(2944192K), 0.0824180 secs]
[GC 2197521K->2007089K(2944192K), 0.0847740 secs]
[GC 2263281K->2011828K(2944192K), 0.0796200 secs]
[GC 2268020K->2039055K(2944192K), 0.0809600 secs]
[GC 2295247K->2026639K(2944192K), 0.0896010 secs]
[GC 2282831K->2031459K(2944192K), 0.0812720 secs]
[GC 2287651K->2090516K(2944192K), 0.0656700 secs]
[GC 2346672K->2107711K(2944192K), 0.0837000 secs]
[GC 2363903K->2091402K(2944192K), 0.0762700 secs]
[GC 2347594K->2086468K(2944192K), 0.0699700 secs]
[GC 2342660K->2107182K(2944192K), 0.0542450 secs]
[GC 2363374K->2138583K(2944192K), 0.0598440 secs]
[GC 2394775K->2112507K(2944192K), 0.0728590 secs]
[GC 2368699K->2128632K(2944192K), 0.0547440 secs]
[GC 2384824K->2096474K(2944192K), 0.0572980 secs]
[GC 2352666K->2134348K(2944192K), 0.0579620 secs]
[GC 2390540K->2102677K(2944192K), 0.0617630 secs]
[GC 2358869K->2108483K(2944192K), 0.0781000 secs]
[GC 2364675K->2138614K(2944192K), 0.0552620 secs]
[GC 2394806K->2142230K(2944192K), 0.0666580 secs]
[GC 2398422K->2181075K(2944192K), 0.0842520 secs]
[GC 2437267K->2184675K(2944192K), 0.0870970 secs]
[GC 2439880K->2221612K(2944192K), 0.0978800 secs]
[GC 2477804K->2203052K(2944192K), 0.0991900 secs]
[GC 2459244K->2253575K(2944192K), 0.0707230 secs]
[GC 2509767K->2239566K(2944192K), 0.1017910 secs]
[GC 2495736K->2266083K(2944192K), 0.0849950 secs]
[GC 2522275K->2294084K(2944192K), 0.0792870 secs]
[GC 2550276K->2323765K(2944192K), 0.0680490 secs]
[GC 2579957K->2330299K(2944192K), 0.1054960 secs]
[GC 2585526K->2339570K(2944192K), 0.0821980 secs]
[GC 2595762K->2353568K(2944192K), 0.0851020 secs]
[GC 2609114K->2384794K(2944192K), 0.0862880 secs]
[GC 2640986K->2418504K(2944192K), 0.0890970 secs]
[GC 2674696K->2417253K(2944192K), 0.0944000 secs]
[GC 2673445K->2454895K(2944192K), 0.0899450 secs]
[GC 2711087K->2466452K(2944192K), 0.0964440 secs]
[GC 2467211K(2944192K), 0.0715480 secs]
[GC 2722644K->2491775K(2944192K), 0.0944340 secs]
[GC 2624722K(2944192K), 0.0608470 secs]
[GC 2394068K->2172231K(3764104K), 0.1083650 secs]
[GC 2427759K->2156706K(3764104K), 0.1095810 secs]
[GC 2412898K->2197880K(3764104K), 0.1020250 secs]
[GC 2454072K->2189265K(3764104K), 0.0845570 secs]
[GC 2445457K->2204080K(3764104K), 0.0621140 secs]
[GC 2460272K->2206479K(3764104K), 0.0731900 secs]
[GC 2462618K->2243546K(3764104K), 0.0997160 secs]
[GC 2498973K->2263561K(3764104K), 0.0996700 secs]
[GC 2519753K->2267295K(3764104K), 0.1003110 secs]
[GC 2523487K->2284876K(3764104K), 0.0888200 secs]
[GC 2541068K->2337706K(3764104K), 0.0939100 secs]
[GC 2593898K->2319930K(3764104K), 0.0890960 secs]
[GC 2576122K->2360610K(3764104K), 0.0913120 secs]
[GC 2616802K->2369905K(3764104K), 0.0893500 secs]
[GC 2626097K->2394234K(3764104K), 0.0887230 secs]
[GC 2650426K->2411554K(3764104K), 0.0915690 secs]
[GC 2667746K->2428224K(3764104K), 0.0868070 secs]
[GC 2684255K->2460665K(3764104K), 0.0926640 secs]
[GC 2716857K->2457997K(3764104K), 0.1005440 secs]
[GC 2714142K->2507895K(3764104K), 0.1226190 secs]
[GC 2763315K->2482188K(3764104K), 0.0909520 secs]
[GC 2738380K->2526626K(3764104K), 0.0881550 secs]
[GC 2782818K->2543033K(3764104K), 0.0907950 secs]
[GC 2799225K->2575333K(3764104K), 0.0833980 secs]
[GC 2831525K->2560577K(3764104K), 0.0921820 secs]
[GC 2816769K->2598110K(3764104K), 0.0847350 secs]
[GC 2854302K->2601282K(3764104K), 0.0807310 secs]
[GC 2857443K->2610019K(3764104K), 0.1091790 secs]
[GC 2866211K->2661449K(3764104K), 0.0956790 secs]
[GC 2917641K->2693633K(3764104K), 0.0849360 secs]
[GC 2949825K->2680067K(3764104K), 0.0875270 secs]
[GC 2936259K->2701453K(3764104K), 0.0865570 secs]
[GC 2957645K->2753053K(3764104K), 0.0905610 secs]
[GC 3007431K->2758136K(3764104K), 0.1134570 secs]
[GC 3014328K->2760362K(3764104K), 0.0877910 secs]
[GC 3016554K->2794924K(3764104K), 0.0883450 secs]
[GC 3051084K->2798600K(3764104K), 0.0908150 secs]
[GC 3054730K->2817294K(3764104K), 0.0931030 secs]
[GC 3073486K->2853473K(3764104K), 0.0874660 secs]
[GC 3109647K->2887456K(3764104K), 0.0909620 secs]
[GC 3143648K->2883697K(3764104K), 0.0941540 secs]
[GC 3139889K->2932458K(3764104K), 0.0873450 secs]
[GC 3188650K->2918662K(3764104K), 0.0965870 secs]
[GC 3174737K->2971141K(3764104K), 0.0864420 secs]
[GC 3227333K->2948773K(3764104K), 0.0959910 secs]
[GC 3204965K->3010102K(3764104K), 0.0863880 secs]
[GC 3266294K->2986269K(3764104K), 0.0863450 secs]
[GC 3242461K->3012103K(3764104K), 0.0706540 secs]
[GC 3268295K->2990879K(3764104K), 0.0865330 secs]
[GC 3247071K->3036421K(3764104K), 0.0733900 secs]
[GC 3291297K->3035564K(3764104K), 0.0961150 secs]
[GC 3291728K->3084972K(3764104K), 0.0882710 secs]
[GC 3341120K->3107273K(3764104K), 0.1016410 secs]
[GC 3363437K->3092321K(3764104K), 0.0933650 secs]
[GC 3348513K->3147962K(3764104K), 0.0907020 secs]
[GC 3404154K->3152674K(3764104K), 0.0874200 secs]
[GC 3408866K->3158469K(3764104K), 0.0838050 secs]
[GC 3414661K->3194731K(3764104K), 0.0910010 secs]
[GC 3449313K->3217218K(3764104K), 0.0942170 secs]
[GC 3473410K->3235863K(3764104K), 0.0934220 secs]
[GC 3235928K(3764104K), 0.0343140 secs]
[GC 3492043K->3254114K(3764104K), 0.0845690 secs]
[GC 3510306K->3290936K(3764104K), 0.0878580 secs]
[GC 3452837K(3764104K), 0.0570550 secs]
[GC 3304490K->3034258K(3764104K), 0.0916880 secs]
[GC 3259610K->3054521K(4650880K), 0.1048430 secs]
[GC 3310713K->3079143K(4650880K), 0.0931930 secs]
[GC 3335335K->3064945K(4650880K), 0.0896760 secs]
[GC 3321137K->3120526K(4650880K), 0.0896990 secs]
[GC 3376718K->3134176K(4650880K), 0.0951970 secs]
[GC 3388696K->3146366K(4650880K), 0.0943790 secs]
[GC 3402540K->3182220K(4650880K), 0.0974050 secs]
[GC 3438412K->3168218K(4650880K), 0.0966280 secs]
[GC 3422764K->3216520K(4650880K), 0.0963780 secs]
[GC 3472657K->3242673K(4650880K), 0.0974220 secs]
[GC 3498865K->3229010K(4650880K), 0.0926620 secs]
[GC 3485202K->3276482K(4650880K), 0.0908610 secs]
 INFO  [main] {org.radargun.Slave} Master shutdown!
 INFO  [Thread-0] {org.radargun.ShutDownHook} Slave process is being shutdown
 INFO  [hz._hzInstance_1_FenixFrameworkGroup.IO.thread-in-1] {com.hazelcast.nio.TcpIpConnection} [127.0.0.1]:5702 [FenixFrameworkGroup] Connection [Address[127.0.0.1]:5701] lost. Reason: java.io.EOFException[Remote socket closed!]
 INFO  [hz._hzInstance_1_FenixFrameworkGroup.IO.thread-in-0] {com.hazelcast.nio.TcpIpConnection} [127.0.0.1]:5702 [FenixFrameworkGroup] Connection [Address[127.0.0.1]:5703] lost. Reason: java.io.EOFException[Remote socket closed!]
 INFO  [hz._hzInstance_1_FenixFrameworkGroup.IO.thread-in-2] {com.hazelcast.nio.TcpIpConnection} [127.0.0.1]:5702 [FenixFrameworkGroup] Connection [Address[127.0.0.1]:5704] lost. Reason: java.io.EOFException[Remote socket closed!]
 INFO  [hz.ShutdownThread] {com.hazelcast.nio.TcpIpConnection} [127.0.0.1]:5702 [FenixFrameworkGroup] Connection [Address[127.0.0.1]:5707] lost. Reason: Socket explicitly closed
 INFO  [hz.ShutdownThread] {com.hazelcast.nio.TcpIpConnection} [127.0.0.1]:5702 [FenixFrameworkGroup] Connection [Address[127.0.0.1]:5708] lost. Reason: Socket explicitly closed
 INFO  [hz.ShutdownThread] {com.hazelcast.nio.TcpIpConnection} [127.0.0.1]:5702 [FenixFrameworkGroup] Connection [Address[127.0.0.1]:5706] lost. Reason: Socket explicitly closed
 INFO  [hz.ShutdownThread] {com.hazelcast.nio.TcpIpConnection} [127.0.0.1]:5702 [FenixFrameworkGroup] Connection [Address[127.0.0.1]:5705] lost. Reason: Socket explicitly closed
 INFO  [hz.ShutdownThread] {com.hazelcast.initializer} [127.0.0.1]:5702 [FenixFrameworkGroup] Destroying node initializer.
 INFO  [hz.ShutdownThread] {com.hazelcast.instance.Node} [127.0.0.1]:5702 [FenixFrameworkGroup] Hazelcast Shutdown is completed in 57 ms.
