/usr/java/jdk1.7.0_21/bin/java -server -Xmx1024M -Xms1024M -Dresolve.dns=false -Djgroups.timer.num_threads=4 -verbose:gc -Xmx5000M -Xms3000M -server -XX:+UseConcMarkSweepGC -XX:+AggressiveOpts -verbose:gc -XX:ParallelGCThreads=4 -XX:NewRatio=5 -XX:SurvivorRatio=2 -Dhazelcast.operation.thread.count=4 -Djava.net.preferIPv4Stack=true -Dlog4j.file.prefix=deimos-esw-11615 -Dbind.address= -Djgroups.bind_addr= -classpath /home/smf/github/radargun/target/distribution/RadarGun-1.1.0-SNAPSHOT/lib/activation-1.1.jar:/home/smf/github/radargun/target/distribution/RadarGun-1.1.0-SNAPSHOT/lib/commons-beanutils-1.8.0.jar:/home/smf/github/radargun/target/distribution/RadarGun-1.1.0-SNAPSHOT/lib/commons-digester-2.0.jar:/home/smf/github/radargun/target/distribution/RadarGun-1.1.0-SNAPSHOT/lib/commons-logging-1.1.1.jar:/home/smf/github/radargun/target/distribution/RadarGun-1.1.0-SNAPSHOT/lib/commons-math-1.2.jar:/home/smf/github/radargun/target/distribution/RadarGun-1.1.0-SNAPSHOT/lib/jboss-transaction-api-1.0.1.GA.jar:/home/smf/github/radargun/target/distribution/RadarGun-1.1.0-SNAPSHOT/lib/jcommon-1.0.15.jar:/home/smf/github/radargun/target/distribution/RadarGun-1.1.0-SNAPSHOT/lib/jfreechart-1.0.12.jar:/home/smf/github/radargun/target/distribution/RadarGun-1.1.0-SNAPSHOT/lib/log4j-1.2.14.jar:/home/smf/github/radargun/target/distribution/RadarGun-1.1.0-SNAPSHOT/lib/mail-1.4.2.jar:/home/smf/github/radargun/target/distribution/RadarGun-1.1.0-SNAPSHOT/lib/radargun-framework-1.1.0-SNAPSHOT.jar:/home/smf/github/radargun/target/distribution/RadarGun-1.1.0-SNAPSHOT/conf org.radargun.Slave -master 127.0.0.1:2103
--------------------------------------------------------------------------------
PerNodeRollingFileAppender::Using file prefix:deimos-esw-11615
 INFO  [main] {org.radargun.Slave} Attempting to connect to master 127.0.0.1:2103
 INFO  [main] {org.radargun.Slave} Successfully established connection with master at: 127.0.0.1:2103
Loading JARS from /home/smf/github/radargun/target/distribution/RadarGun-1.1.0-SNAPSHOT/lib/radargun-framework-1.1.0-SNAPSHOT.jar
 INFO  [pool-1-thread-1] {org.radargun.config.AnnotatedHelper} Loading JARS from /home/smf/github/radargun/target/distribution/RadarGun-1.1.0-SNAPSHOT/lib/radargun-framework-1.1.0-SNAPSHOT.jar
 INFO  [pool-1-thread-1] {org.radargun.config.AnnotatedHelper} Loading JARS from /home/smf/github/radargun/target/distribution/RadarGun-1.1.0-SNAPSHOT/lib/radargun-framework-1.1.0-SNAPSHOT.jar
 INFO  [pool-1-thread-1] {org.radargun.Slave} Executing stage: DestroyWrapper {enforceMemoryThrashHold=true, exitBenchmarkOnSlaveFailure=false, heapDumpDir=null, memoryThreshold=95, runOnAllSlaves=true, slaves=null, useSmartClassLoading=true }
 INFO  [pool-1-thread-1] {org.radargun.stages.DestroyWrapperStage} Received destroy cache wrapper request from master...
 INFO  [pool-1-thread-1] {org.radargun.stages.DestroyWrapperStage} No cache wrapper deployed on this slave, nothing to do.
 INFO  [pool-1-thread-1] {org.radargun.stages.DestroyWrapperStage} Before executing clear, memory looks like this: Memory - free: 2,928,638 kb - max:4,906,688 kb- total:2,944,000 kb
[Full GC 15361K->3631K(2944000K), 0.0945060 secs]
 INFO  [pool-1-thread-1] {org.radargun.stages.DestroyWrapperStage} After executing cleanup, memory looks like this: Memory - free: 2,935,311 kb - max:4,906,688 kb- total:2,944,064 kb
 INFO  [pool-1-thread-1] {org.radargun.Slave} Finished stage: DestroyWrapper {enforceMemoryThrashHold=true, exitBenchmarkOnSlaveFailure=false, heapDumpDir=null, memoryThreshold=95, runOnAllSlaves=true, slaves=null, useSmartClassLoading=true }
 INFO  [main] {org.radargun.Slave} Ack successfully sent to the master
 INFO  [pool-1-thread-1] {org.radargun.Slave} Executing stage: StartCluster {config=mvcc/mvcc-repl-sync.xml, delayAfterFirstSlaveStarts=5.000 secs, delayBetweenStartingSlaves=0.500 secs, exitBenchmarkOnSlaveFailure=true, expectNumSlaves=null, mayFailOn=null, reachable=null, runOnAllSlaves=false, slaves=null, staggerSlaveStartup=true, useSmartClassLoading=true, validateCluster=true }
 INFO  [pool-1-thread-1] {org.radargun.stages.StartClusterStage}  Startup staggering, starting 10 slaves. This is the slave with index 3. Sleeping for 6500 millis.
 INFO  [pool-1-thread-1] {org.radargun.stages.StartClusterStage} Ack master's StartCluster stage. Local address is: /127.0.0.1. This slave's index is: 3
 INFO  [pool-1-thread-1] {org.radargun.utils.ClassLoadHelper} Creating newInstance org.radargun.cachewrappers.JBossCache3Wrapper with classloader java.net.URLClassLoader@6e7bdb1c
 INFO  [pool-1-thread-1] {org.radargun.cachewrappers.JBossCache3Wrapper} Creating cache with the following configuration: mvcc/mvcc-repl-sync.xml
 WARN  [pool-1-thread-1] {org.jboss.cache.transaction.GenericTransactionManagerLookup} Falling back to JBoss Cache's internal DummyTransactionManager
 WARN  [pool-1-thread-1] {org.jgroups.protocols.pbcast.STREAMING_STATE_TRANSFER} use_reading_thread has been deprecated and its value will be ignored

---------------------------------------------------------
GMS: address is 127.0.0.1:43809 (cluster=JBossCache-Cluster)
---------------------------------------------------------
 INFO  [pool-1-thread-1] {org.radargun.cachewrappers.JBossCache3Wrapper} Running cache with following config: org.jboss.cache.config.Configuration@1ddf9d4c
 INFO  [pool-1-thread-1] {org.radargun.cachewrappers.JBossCache3Wrapper} Running following JBossCacheVersion: 3.2.1.GA
 INFO  [pool-1-thread-1] {org.radargun.cachewrappers.JBossCache3Wrapper} Running following JBossCacheCodeName: Malagueta
 INFO  [pool-1-thread-1] {org.radargun.cachewrappers.JBossCache3Wrapper} JGroups version: 2.6.13.GA
 INFO  [pool-1-thread-1] {org.radargun.stages.helpers.StartHelper} Number of members=4 is not the one expected: 10
 INFO  [pool-1-thread-1] {org.radargun.stages.helpers.StartHelper} Number of members=5 is not the one expected: 10
 INFO  [pool-1-thread-1] {org.radargun.stages.helpers.StartHelper} Number of members=7 is not the one expected: 10
 INFO  [pool-1-thread-1] {org.radargun.stages.helpers.StartHelper} Number of members=9 is not the one expected: 10
 INFO  [pool-1-thread-1] {org.radargun.stages.helpers.StartHelper} Number of members is the one expected: 10
 INFO  [pool-1-thread-1] {org.radargun.stages.StartClusterStage} Successfully started cache wrapper on slave 3: org.radargun.cachewrappers.JBossCache3Wrapper@54f50a51
 INFO  [pool-1-thread-1] {org.radargun.Slave} Finished stage: StartCluster {config=mvcc/mvcc-repl-sync.xml, delayAfterFirstSlaveStarts=5.000 secs, delayBetweenStartingSlaves=0.500 secs, exitBenchmarkOnSlaveFailure=true, expectNumSlaves=null, mayFailOn=null, reachable=null, runOnAllSlaves=false, slaves=null, staggerSlaveStartup=true, useSmartClassLoading=true, validateCluster=true }
 INFO  [main] {org.radargun.Slave} Ack successfully sent to the master
 INFO  [pool-1-thread-1] {org.radargun.Slave} Executing stage: ClusterValidation {exitBenchmarkOnSlaveFailure=false, partialReplication=false, replicationTimeSleep=2000, replicationTryCount=60, runOnAllSlaves=false, slaves=null, useSmartClassLoading=true }
 INFO  [pool-1-thread-1] {org.radargun.stages.ClusterValidationStage} Number of caches that replicated here is 9
 INFO  [pool-1-thread-1] {org.radargun.stages.ClusterValidationStage} Replication test successfully passed. partialReplication? false, replicationCount = 9
 INFO  [pool-1-thread-1] {org.radargun.stages.ClusterValidationStage} Confirm phase successful.
 INFO  [pool-1-thread-1] {org.radargun.Slave} Finished stage: ClusterValidation {exitBenchmarkOnSlaveFailure=false, partialReplication=false, replicationTimeSleep=2000, replicationTryCount=60, runOnAllSlaves=false, slaves=[ 0, 1, 2, 3, 4, 5, 6, 7, 8, 9 ], useSmartClassLoading=true }
 INFO  [main] {org.radargun.Slave} Ack successfully sent to the master
 INFO  [pool-1-thread-1] {org.radargun.Slave} Executing stage: StressTestWarmup {bulkSize=1, cacheSpecificKeyGenerator=false, commitTransactions=true, duration=1 mins 0 secs, entrySize=1000, exitBenchmarkOnSlaveFailure=false, fixedKeys=true, generateHistogramRange=false, keyGeneratorClass=org.radargun.stressors.StringKeyGenerator, keyGeneratorParam=null, loadAllKeys=false, numEntries=100, numOfThreads=4, numRequests=10000, numThreads=4, numberOfAttributes=100, numberOfRequests=10000, opsCountStatusLog=100000, poolKeys=true, preferAsyncOperations=false, removePercentage=0, replaceInvalidPercentage=40, runOnAllSlaves=false, sharedKeys=false, sizeOfAnAttribute=1000, slaves=null, transactionSize=50, useAtomics=false, useHistogramStatistics=false, useSimpleStatistics=true, useSmartClassLoading=true, useTransactions=null, writePercentage=20, writeTxPercentage=20 }
 INFO  [pool-1-thread-1] {org.radargun.stages.StressTestWarmupStage} Starting StressTestWarmupStage: StressTestWarmup {bulkSize=1, cacheSpecificKeyGenerator=false, commitTransactions=true, duration=1 mins 0 secs, entrySize=1000, exitBenchmarkOnSlaveFailure=false, fixedKeys=true, generateHistogramRange=false, keyGeneratorClass=org.radargun.stressors.StringKeyGenerator, keyGeneratorParam=null, loadAllKeys=false, numEntries=100, numOfThreads=4, numRequests=10000, numThreads=4, numberOfAttributes=100, numberOfRequests=10000, opsCountStatusLog=100000, poolKeys=true, preferAsyncOperations=false, removePercentage=0, replaceInvalidPercentage=40, runOnAllSlaves=false, sharedKeys=false, sizeOfAnAttribute=1000, slaves=null, transactionSize=50, useAtomics=false, useHistogramStatistics=false, useSimpleStatistics=true, useSmartClassLoading=true, useTransactions=null, writePercentage=20, writeTxPercentage=20 }
 INFO  [pool-1-thread-1] {org.radargun.stressors.StressTestStressor} Using key generator org.radargun.stressors.StringKeyGenerator, param null
 INFO  [pool-1-thread-1] {org.radargun.stressors.StressTestStressor} Executing: StressTestStressor{opsCountStatusLog=100000, numRequests=10000, numEntries=100, entrySize=1000, writePercentage=20, numThreads=4, cacheWrapper=org.radargun.cachewrappers.JBossCache3Wrapper@54f50a51, nodeIndex=3, useTransactions=true, transactionSize=50, commitTransactions=true, durationMillis=60000}
 INFO  [pool-1-thread-1] {org.radargun.stressors.StressTestStressor} Cache wrapper info is: Num direct children: 10
[GC 259695K->12030K(2944064K), 0.0333500 secs]
 INFO  [pool-1-thread-1] {org.radargun.stressors.StressTestStressor} Started 4 stressor threads.
 INFO  [Stressor-3] {org.radargun.stressors.StressTestStressor} Number of ops executed so far: 1. Elapsed time: 0.008 secs. Remaining: 59.992 secs. Total: 1 mins 0 secs
[GC 268094K->14454K(2944064K), 0.0317600 secs]
[GC 270518K->17740K(2944064K), 0.0289430 secs]
[GC 273804K->16813K(2944064K), 0.0292150 secs]
[GC 272877K->13953K(2944064K), 0.0293540 secs]
[GC 270017K->14243K(2944064K), 0.0305490 secs]
[GC 270307K->17043K(2944064K), 0.0286990 secs]
[GC 273107K->15818K(2944064K), 0.0344060 secs]
[GC 271882K->16523K(2944064K), 0.0290640 secs]
[GC 272587K->17916K(2944064K), 0.0323990 secs]
[GC 273980K->16815K(2944064K), 0.0316880 secs]
[GC 272879K->16467K(2944064K), 0.0288510 secs]
[GC 272531K->16739K(2944064K), 0.0360680 secs]
[GC 272803K->20253K(2944064K), 0.0322050 secs]
[GC 276317K->13684K(2944064K), 0.0329090 secs]
 INFO  [Stressor-2] {org.radargun.stressors.StressTestStressor} Number of ops executed so far: 170000. Elapsed time: 20.338 secs. Remaining: 39.662 secs. Total: 1 mins 0 secs
[GC 269748K->17384K(2944064K), 0.0555210 secs]
[GC 273448K->16398K(2944064K), 0.0256210 secs]
[GC 272462K->16296K(2944064K), 0.0255190 secs]
[GC 272360K->15587K(2944064K), 0.0253850 secs]
[GC 271651K->14338K(2944064K), 0.0251630 secs]
[GC 270402K->14746K(2944064K), 0.0228440 secs]
[GC 270810K->14401K(2944064K), 0.0254660 secs]
[GC 270465K->16134K(2944064K), 0.0280820 secs]
[GC 272198K->16446K(2944064K), 0.0218910 secs]
[GC 272510K->15752K(2944064K), 0.0258650 secs]
[GC 271816K->17989K(2944064K), 0.0280740 secs]
[GC 274053K->21396K(2944064K), 0.0304370 secs]
[GC 277460K->21857K(2944064K), 0.0267510 secs]
[GC 277921K->22284K(2944064K), 0.0275070 secs]
[GC 278348K->27917K(2944064K), 0.0277440 secs]
[GC 283981K->25732K(2944064K), 0.0251510 secs]
[GC 281796K->20763K(2944064K), 0.0277770 secs]
 INFO  [Stressor-0] {org.radargun.stressors.StressTestStressor} Number of ops executed so far: 498050. Elapsed time: 40.564 secs. Remaining: 19.436 secs. Total: 1 mins 0 secs
[GC 276827K->21064K(2944064K), 0.0260560 secs]
[GC 277128K->21325K(2944064K), 0.0237440 secs]
[GC 277389K->21459K(2944064K), 0.0324640 secs]
[GC 277523K->21387K(2944064K), 0.0265800 secs]
[GC 277451K->21623K(2944064K), 0.0253670 secs]
[GC 277687K->25609K(2944064K), 0.0240540 secs]
[GC 281673K->25482K(2944064K), 0.0259680 secs]
[GC 281546K->19571K(2944064K), 0.0256920 secs]
[GC 275635K->21336K(2944064K), 0.0268370 secs]
[GC 277400K->23899K(2944064K), 0.0244040 secs]
[GC 279963K->20109K(2944064K), 0.0271190 secs]
[GC 276173K->20501K(2944064K), 0.0268340 secs]
[GC 276565K->19943K(2944064K), 0.0255400 secs]
[GC 276007K->20403K(2944064K), 0.0255650 secs]
[GC 276467K->20057K(2944064K), 0.0224270 secs]
[GC 276121K->20998K(2944064K), 0.0283550 secs]
[GC 277062K->20644K(2944064K), 0.0300960 secs]
 INFO  [pool-1-thread-1] {org.radargun.stressors.StressTestStressor} Finished generating report. Test duration is: 1 mins 2 secs
 INFO  [pool-1-thread-1] {org.radargun.stages.StressTestWarmupStage} The warmup took: 62 seconds.
 INFO  [pool-1-thread-1] {org.radargun.Slave} Finished stage: StressTestWarmup {bulkSize=1, cacheSpecificKeyGenerator=false, commitTransactions=true, duration=1 mins 0 secs, entrySize=1000, exitBenchmarkOnSlaveFailure=false, fixedKeys=true, generateHistogramRange=false, keyGeneratorClass=org.radargun.stressors.StringKeyGenerator, keyGeneratorParam=null, loadAllKeys=false, numEntries=100, numOfThreads=4, numRequests=10000, numThreads=4, numberOfAttributes=100, numberOfRequests=10000, opsCountStatusLog=100000, poolKeys=true, preferAsyncOperations=false, removePercentage=0, replaceInvalidPercentage=40, runOnAllSlaves=false, sharedKeys=false, sizeOfAnAttribute=1000, slaves=null, transactionSize=50, useAtomics=false, useHistogramStatistics=false, useSimpleStatistics=true, useSmartClassLoading=true, useTransactions=null, writePercentage=20, writeTxPercentage=20 }
 INFO  [main] {org.radargun.Slave} Ack successfully sent to the master
 INFO  [pool-1-thread-1] {org.radargun.Slave} Executing stage: ClearClusterStage {ClearCluster {exitBenchmarkOnSlaveFailure=false, runOnAllSlaves=false, slaves=[ 0 ], useSmartClassLoading=true }
 INFO  [pool-1-thread-1] {org.radargun.stages.ClearClusterStage} Before executing clear, memory looks like this: Memory - free: 2,885,824 kb - max:4,906,688 kb- total:2,944,064 kb
[Full GC 58239K->9437K(2944064K), 0.1586990 secs]
 INFO  [pool-1-thread-1] {org.radargun.stages.ClearClusterStage} After executing cleanup, memory looks like this: Memory - free: 2,932,967 kb - max:4,906,688 kb- total:2,944,320 kb
 INFO  [pool-1-thread-1] {org.radargun.Slave} Finished stage: ClearClusterStage {ClearCluster {exitBenchmarkOnSlaveFailure=false, runOnAllSlaves=false, slaves=[ 0 ], useSmartClassLoading=true }
 INFO  [main] {org.radargun.Slave} Ack successfully sent to the master
 INFO  [pool-1-thread-1] {org.radargun.Slave} Executing stage: StressTest {bulkSize=1, cacheSpecificKeyGenerator=false, commitTransactions=true, duration=1 mins 0 secs, entrySize=1000, exitBenchmarkOnSlaveFailure=false, fixedKeys=true, generateHistogramRange=false, keyGeneratorClass=org.radargun.stressors.StringKeyGenerator, keyGeneratorParam=null, loadAllKeys=false, numEntries=10000, numOfThreads=4, numRequests=10000000, numThreads=4, numberOfAttributes=10000, numberOfRequests=10000000, opsCountStatusLog=500000, poolKeys=true, preferAsyncOperations=false, removePercentage=0, replaceInvalidPercentage=40, runOnAllSlaves=false, sharedKeys=false, sizeOfAnAttribute=1000, slaves=null, transactionSize=10000, useAtomics=false, useHistogramStatistics=false, useSimpleStatistics=true, useSmartClassLoading=true, useTransactions=true, writePercentage=10, writeTxPercentage=5 }
 INFO  [pool-1-thread-1] {org.radargun.stages.StressTestStage} Starting StressTestStage: StressTest {bulkSize=1, cacheSpecificKeyGenerator=false, commitTransactions=true, duration=1 mins 0 secs, entrySize=1000, exitBenchmarkOnSlaveFailure=false, fixedKeys=true, generateHistogramRange=false, keyGeneratorClass=org.radargun.stressors.StringKeyGenerator, keyGeneratorParam=null, loadAllKeys=false, numEntries=10000, numOfThreads=4, numRequests=10000000, numThreads=4, numberOfAttributes=10000, numberOfRequests=10000000, opsCountStatusLog=500000, poolKeys=true, preferAsyncOperations=false, removePercentage=0, replaceInvalidPercentage=40, runOnAllSlaves=false, sharedKeys=false, sizeOfAnAttribute=1000, slaves=null, transactionSize=10000, useAtomics=false, useHistogramStatistics=false, useSimpleStatistics=true, useSmartClassLoading=true, useTransactions=true, writePercentage=10, writeTxPercentage=5 }
 INFO  [pool-1-thread-1] {org.radargun.stressors.StressTestStressor} Using key generator org.radargun.stressors.StringKeyGenerator, param null
 INFO  [pool-1-thread-1] {org.radargun.stressors.StressTestStressor} Executing: StressTestStressor{opsCountStatusLog=500000, numRequests=10000000, numEntries=10000, entrySize=1000, writePercentage=10, numThreads=4, cacheWrapper=org.radargun.cachewrappers.JBossCache3Wrapper@54f50a51, nodeIndex=3, useTransactions=true, transactionSize=10000, commitTransactions=true, durationMillis=60000}
 INFO  [pool-1-thread-1] {org.radargun.stressors.StressTestStressor} Cache wrapper info is: Num direct children: 50
[GC 265693K->24443K(2944320K), 0.0303230 secs]
[GC 280699K->38250K(2944320K), 0.0299380 secs]
[GC 294506K->52083K(2944320K), 0.0316740 secs]
[GC 308339K->64861K(2944320K), 0.0389310 secs]
[GC 321117K->73416K(2944320K), 0.0381690 secs]
[GC 329672K->98938K(2944320K), 0.0493730 secs]
[GC 355194K->115924K(2944320K), 0.0468990 secs]
[GC 372180K->92737K(2944320K), 0.0448330 secs]
[GC 348993K->113311K(2944320K), 0.0609710 secs]
[GC 369567K->127480K(2944320K), 0.0494980 secs]
[GC 383736K->125413K(2944320K), 0.0427730 secs]
[GC 381669K->125067K(2944320K), 0.0479490 secs]
[GC 381317K->149395K(2944320K), 0.0507570 secs]
[GC 405651K->139115K(2944320K), 0.0464310 secs]
[GC 395371K->169370K(2944320K), 0.0456700 secs]
[GC 425626K->151493K(2944320K), 0.0488020 secs]
[GC 407749K->157212K(2944320K), 0.0459850 secs]
[GC 413441K->161982K(2944320K), 0.0429160 secs]
[GC 418238K->182630K(2944320K), 0.0477770 secs]
[GC 438886K->179536K(2944320K), 0.0450340 secs]
[GC 435792K->191228K(2944320K), 0.0484380 secs]
[GC 447484K->196938K(2944320K), 0.0500330 secs]
[GC 453194K->194860K(2944320K), 0.0446210 secs]
[GC 451116K->189713K(2944320K), 0.0499840 secs]
[GC 445969K->195555K(2944320K), 0.0430970 secs]
[GC 451811K->200437K(2944320K), 0.0494370 secs]
[GC 456689K->213997K(2944320K), 0.0401150 secs]
[GC 470253K->208680K(2944320K), 0.0445460 secs]
[GC 464936K->229556K(2944320K), 0.0459700 secs]
[GC 485812K->250160K(2944320K), 0.0435650 secs]
[GC 506416K->222371K(2944320K), 0.0455330 secs]
[GC 478609K->249235K(2944320K), 0.0434530 secs]
[GC 505491K->246260K(2944320K), 0.0458800 secs]
[GC 502516K->252845K(2944320K), 0.0453540 secs]
[GC 509101K->274339K(2944320K), 0.0474770 secs]
[GC 530593K->256891K(2944320K), 0.0465930 secs]
[GC 513036K->273459K(2944320K), 0.0475620 secs]
[GC 529715K->286643K(2944320K), 0.0431020 secs]
[GC 542899K->260826K(2944320K), 0.0427490 secs]
[GC 517082K->288509K(2944320K), 0.0476690 secs]
[GC 544765K->285434K(2944320K), 0.0453700 secs]
[GC 541673K->301528K(2944320K), 0.0430810 secs]
[GC 557784K->276811K(2944320K), 0.0447960 secs]
[GC 533034K->303266K(2944320K), 0.0449920 secs]
[GC 559501K->309047K(2944320K), 0.0415660 secs]
[GC 565303K->302949K(2944320K), 0.0451300 secs]
[GC 559177K->307020K(2944320K), 0.0432800 secs]
[GC 563276K->293890K(2944320K), 0.0439020 secs]
[GC 550121K->296631K(2944320K), 0.0424220 secs]
[GC 552870K->284265K(2944320K), 0.0425150 secs]
[GC 540521K->302065K(2944320K), 0.0415050 secs]
[GC 558266K->319240K(2944320K), 0.0454830 secs]
[GC 575496K->307609K(2944320K), 0.0406160 secs]
[GC 563865K->310026K(2944320K), 0.0366000 secs]
[GC 566282K->324828K(2944320K), 0.0422070 secs]
[GC 581050K->339401K(2944320K), 0.0363390 secs]
[GC 595653K->316784K(2944320K), 0.0362750 secs]
[GC 573040K->347826K(2944320K), 0.0407550 secs]
[GC 604082K->320444K(2944320K), 0.0385310 secs]
[GC 576636K->342203K(2944320K), 0.0425150 secs]
[GC 598459K->339671K(2944320K), 0.0419620 secs]
[GC 595927K->344128K(2944320K), 0.0364370 secs]
[GC 600384K->347658K(2944320K), 0.0382460 secs]
[GC 603914K->351361K(2944320K), 0.0414490 secs]
[GC 607617K->354090K(2944320K), 0.0421270 secs]
[GC 610346K->357203K(2944320K), 0.0406690 secs]
[GC 613456K->360421K(2944320K), 0.0450990 secs]
[GC 616677K->375932K(2944320K), 0.0365640 secs]
[GC 632188K->354129K(2944320K), 0.0373850 secs]
[GC 610385K->374221K(2944320K), 0.0410480 secs]
[GC 630477K->371162K(2944320K), 0.0397620 secs]
[GC 627391K->388219K(2944320K), 0.0357530 secs]
[GC 644475K->366507K(2944320K), 0.0400760 secs]
[GC 622722K->386521K(2944320K), 0.0398670 secs]
[GC 642777K->395814K(2944320K), 0.0342810 secs]
[GC 652060K->375484K(2944320K), 0.0383170 secs]
[GC 631740K->396212K(2944320K), 0.0384530 secs]
[GC 652468K->393298K(2944320K), 0.0405960 secs]
[GC 649554K->385156K(2944320K), 0.0386950 secs]
[GC 641412K->401126K(2944320K), 0.0355650 secs]
[GC 657365K->416784K(2944320K), 0.0366900 secs]
[GC 673000K->394872K(2944320K), 0.0412210 secs]
[GC 651104K->415101K(2944320K), 0.0400810 secs]
[GC 671357K->424286K(2944320K), 0.0395460 secs]
[GC 680542K->403798K(2944320K), 0.0465890 secs]
[GC 660054K->424577K(2944320K), 0.0385300 secs]
[GC 680818K->421524K(2944320K), 0.0383010 secs]
[GC 677780K->438395K(2944320K), 0.0405550 secs]
[GC 694651K->416795K(2944320K), 0.0382650 secs]
[GC 673051K->437002K(2944320K), 0.0393060 secs]
[GC 693257K->434059K(2944320K), 0.0336770 secs]
[GC 690315K->438834K(2944320K), 0.0349400 secs]
[GC 695090K->429473K(2944320K), 0.0373010 secs]
[GC 685695K->445182K(2944320K), 0.0369260 secs]
[GC 701438K->448459K(2944320K), 0.0404430 secs]
[GC 704715K->464087K(2944320K), 0.0337770 secs]
[GC 720330K->442173K(2944320K), 0.0347610 secs]
[GC 698429K->462060K(2944320K), 0.0371060 secs]
[GC 718316K->459312K(2944320K), 0.0349400 secs]
[GC 715568K->463736K(2944320K), 0.0360890 secs]
[GC 719968K->467188K(2944320K), 0.0363420 secs]
[GC 723444K->470422K(2944320K), 0.0363640 secs]
[GC 726678K->460979K(2944320K), 0.0354020 secs]
[GC 717198K->501809K(2944320K), 0.0592740 secs]
[GC 758065K->548669K(2944320K), 0.0755290 secs]
[GC 804925K->591012K(2944320K), 0.1050740 secs]
[GC 847254K->627442K(2944320K), 0.0898240 secs]
 INFO  [pool-1-thread-1] {org.radargun.stressors.StressTestStressor} Started 4 stressor threads.
 INFO  [Stressor-1] {org.radargun.stressors.StressTestStressor} Number of ops executed so far: 1. Elapsed time: 0.000 secs. Remaining: 1 mins 0 secs. Total: 1 mins 0 secs
[GC 883698K->693914K(2944320K), 0.1330570 secs]
[GC 950170K->676622K(2944320K), 0.0532380 secs]
[GC 932878K->695160K(2944320K), 0.0688930 secs]
[GC 951416K->737242K(2944320K), 0.0681260 secs]
[GC 993498K->778139K(2944320K), 0.0813710 secs]
[GC 1034395K->790421K(2944320K), 0.0867260 secs]
[GC 1046677K->792143K(2944320K), 0.0751210 secs]
[GC 1048399K->817360K(2944320K), 0.0741340 secs]
[GC 1073616K->828745K(2944320K), 0.0464940 secs]
[GC 1084972K->856365K(2944320K), 0.0584290 secs]
[GC 1112621K->894132K(2944320K), 0.0944200 secs]
 INFO  [Stressor-3] {org.radargun.stressors.StressTestStressor} Number of ops executed so far: 1413313. Elapsed time: 20.000 secs. Remaining: 40.000 secs. Total: 1 mins 0 secs
[GC 1150374K->921170K(2944320K), 0.0766680 secs]
[GC 1177426K->935032K(2944320K), 0.0730950 secs]
[GC 1191288K->968998K(2944320K), 0.0617410 secs]
[GC 1225254K->969958K(2944320K), 0.0648940 secs]
[GC 1226191K->1010421K(2944320K), 0.0735540 secs]
[GC 1266276K->1017933K(2944320K), 0.0744310 secs]
[GC 1273854K->1033835K(2944320K), 0.0843230 secs]
[GC 1290071K->1067257K(2944320K), 0.0615650 secs]
[GC 1323513K->1090578K(2944320K), 0.0721410 secs]
[GC 1346833K->1117969K(2944320K), 0.0748250 secs]
[GC 1374225K->1131532K(2944320K), 0.0825230 secs]
[GC 1387757K->1183427K(2944320K), 0.0672200 secs]
 INFO  [Stressor-1] {org.radargun.stressors.StressTestStressor} Number of ops executed so far: 2120000. Elapsed time: 44.440 secs. Remaining: 15.560 secs. Total: 1 mins 0 secs
[GC 1439425K->1210858K(2944320K), 0.0785670 secs]
[GC 1467114K->1206974K(2944320K), 0.0666940 secs]
[GC 1463224K->1239502K(2944320K), 0.0607010 secs]
[GC 1495758K->1239821K(2944320K), 0.0456170 secs]
[GC 1496077K->1236633K(2944320K), 0.0549040 secs]
[GC 1492889K->1241711K(2944320K), 0.0329650 secs]
[GC 1497967K->1237662K(2944320K), 0.0310020 secs]
[GC 1493918K->1251944K(2944320K), 0.0309890 secs]
 INFO  [pool-1-thread-1] {org.radargun.stressors.StressTestStressor} Finished generating report. Test duration is: 2 mins 34 secs
 INFO  [pool-1-thread-1] {org.radargun.stages.StressTestStage} size info: Num direct children: 50, clusterSize:10, nodeIndex:3, cacheSize: -1
 INFO  [pool-1-thread-1] {org.radargun.Slave} Finished stage: StressTest {bulkSize=1, cacheSpecificKeyGenerator=false, commitTransactions=true, duration=1 mins 0 secs, entrySize=1000, exitBenchmarkOnSlaveFailure=false, fixedKeys=true, generateHistogramRange=false, keyGeneratorClass=org.radargun.stressors.StringKeyGenerator, keyGeneratorParam=null, loadAllKeys=false, numEntries=10000, numOfThreads=4, numRequests=10000000, numThreads=4, numberOfAttributes=10000, numberOfRequests=10000000, opsCountStatusLog=500000, poolKeys=true, preferAsyncOperations=false, removePercentage=0, replaceInvalidPercentage=40, runOnAllSlaves=false, sharedKeys=false, sizeOfAnAttribute=1000, slaves=null, transactionSize=10000, useAtomics=false, useHistogramStatistics=false, useSimpleStatistics=true, useSmartClassLoading=true, useTransactions=true, writePercentage=10, writeTxPercentage=5 }
 INFO  [main] {org.radargun.Slave} Ack successfully sent to the master
 INFO  [main] {org.radargun.Slave} Master shutdown!
 INFO  [Thread-0] {org.radargun.ShutDownHook} Slave process is being shutdown
