/usr/java/jdk1.7.0_21/bin/java -server -Xmx1024M -Xms1024M -Dresolve.dns=false -Djgroups.timer.num_threads=4 -verbose:gc -Xmx5000M -Xms3000M -server -XX:+UseConcMarkSweepGC -XX:+AggressiveOpts -verbose:gc -XX:ParallelGCThreads=4 -XX:NewRatio=5 -XX:SurvivorRatio=2 -Dhazelcast.operation.thread.count=4 -Djava.net.preferIPv4Stack=true -Dlog4j.file.prefix=deimos-esw-6285 -Dbind.address= -Djgroups.bind_addr= -classpath /home/smf/github/radargun/target/distribution/RadarGun-1.1.0-SNAPSHOT/lib/activation-1.1.jar:/home/smf/github/radargun/target/distribution/RadarGun-1.1.0-SNAPSHOT/lib/commons-beanutils-1.8.0.jar:/home/smf/github/radargun/target/distribution/RadarGun-1.1.0-SNAPSHOT/lib/commons-digester-2.0.jar:/home/smf/github/radargun/target/distribution/RadarGun-1.1.0-SNAPSHOT/lib/commons-logging-1.1.1.jar:/home/smf/github/radargun/target/distribution/RadarGun-1.1.0-SNAPSHOT/lib/commons-math-1.2.jar:/home/smf/github/radargun/target/distribution/RadarGun-1.1.0-SNAPSHOT/lib/jboss-transaction-api-1.0.1.GA.jar:/home/smf/github/radargun/target/distribution/RadarGun-1.1.0-SNAPSHOT/lib/jcommon-1.0.15.jar:/home/smf/github/radargun/target/distribution/RadarGun-1.1.0-SNAPSHOT/lib/jfreechart-1.0.12.jar:/home/smf/github/radargun/target/distribution/RadarGun-1.1.0-SNAPSHOT/lib/log4j-1.2.14.jar:/home/smf/github/radargun/target/distribution/RadarGun-1.1.0-SNAPSHOT/lib/mail-1.4.2.jar:/home/smf/github/radargun/target/distribution/RadarGun-1.1.0-SNAPSHOT/lib/radargun-framework-1.1.0-SNAPSHOT.jar:/home/smf/github/radargun/target/distribution/RadarGun-1.1.0-SNAPSHOT/conf org.radargun.Slave -master 127.0.0.1:2103
--------------------------------------------------------------------------------
PerNodeRollingFileAppender::Using file prefix:deimos-esw-6285
 INFO  [main] {org.radargun.Slave} Attempting to connect to master 127.0.0.1:2103
 INFO  [main] {org.radargun.Slave} Successfully established connection with master at: 127.0.0.1:2103
Loading JARS from /home/smf/github/radargun/target/distribution/RadarGun-1.1.0-SNAPSHOT/lib/radargun-framework-1.1.0-SNAPSHOT.jar
 INFO  [pool-1-thread-1] {org.radargun.config.AnnotatedHelper} Loading JARS from /home/smf/github/radargun/target/distribution/RadarGun-1.1.0-SNAPSHOT/lib/radargun-framework-1.1.0-SNAPSHOT.jar
 INFO  [pool-1-thread-1] {org.radargun.config.AnnotatedHelper} Loading JARS from /home/smf/github/radargun/target/distribution/RadarGun-1.1.0-SNAPSHOT/lib/radargun-framework-1.1.0-SNAPSHOT.jar
 INFO  [pool-1-thread-1] {org.radargun.Slave} Executing stage: DestroyWrapper {enforceMemoryThrashHold=true, exitBenchmarkOnSlaveFailure=false, heapDumpDir=null, memoryThreshold=95, runOnAllSlaves=true, slaves=null, useSmartClassLoading=true }
 INFO  [pool-1-thread-1] {org.radargun.stages.DestroyWrapperStage} Received destroy cache wrapper request from master...
 INFO  [pool-1-thread-1] {org.radargun.stages.DestroyWrapperStage} No cache wrapper deployed on this slave, nothing to do.
 INFO  [pool-1-thread-1] {org.radargun.stages.DestroyWrapperStage} Before executing clear, memory looks like this: Memory - free: 2,928,638 kb - max:4,906,688 kb- total:2,944,000 kb
[Full GC 15361K->3631K(2944000K), 0.0948210 secs]
 INFO  [pool-1-thread-1] {org.radargun.stages.DestroyWrapperStage} After executing cleanup, memory looks like this: Memory - free: 2,935,311 kb - max:4,906,688 kb- total:2,944,064 kb
 INFO  [pool-1-thread-1] {org.radargun.Slave} Finished stage: DestroyWrapper {enforceMemoryThrashHold=true, exitBenchmarkOnSlaveFailure=false, heapDumpDir=null, memoryThreshold=95, runOnAllSlaves=true, slaves=null, useSmartClassLoading=true }
 INFO  [main] {org.radargun.Slave} Ack successfully sent to the master
 INFO  [pool-1-thread-1] {org.radargun.Slave} Executing stage: StartCluster {config=mvcc/mvcc-repl-sync.xml, delayAfterFirstSlaveStarts=5.000 secs, delayBetweenStartingSlaves=0.500 secs, exitBenchmarkOnSlaveFailure=true, expectNumSlaves=null, mayFailOn=null, reachable=null, runOnAllSlaves=false, slaves=null, staggerSlaveStartup=true, useSmartClassLoading=true, validateCluster=true }
 INFO  [pool-1-thread-1] {org.radargun.stages.StartClusterStage}  Startup staggering, starting 12 slaves. This is the slave with index 2. Sleeping for 6000 millis.
 INFO  [pool-1-thread-1] {org.radargun.stages.StartClusterStage} Ack master's StartCluster stage. Local address is: /127.0.0.1. This slave's index is: 2
 INFO  [pool-1-thread-1] {org.radargun.utils.ClassLoadHelper} Creating newInstance org.radargun.cachewrappers.JBossCache3Wrapper with classloader java.net.URLClassLoader@54266750
 INFO  [pool-1-thread-1] {org.radargun.cachewrappers.JBossCache3Wrapper} Creating cache with the following configuration: mvcc/mvcc-repl-sync.xml
 WARN  [pool-1-thread-1] {org.jboss.cache.transaction.GenericTransactionManagerLookup} Falling back to JBoss Cache's internal DummyTransactionManager
 WARN  [pool-1-thread-1] {org.jgroups.protocols.pbcast.STREAMING_STATE_TRANSFER} use_reading_thread has been deprecated and its value will be ignored

---------------------------------------------------------
GMS: address is 127.0.0.1:36342 (cluster=JBossCache-Cluster)
---------------------------------------------------------
 INFO  [pool-1-thread-1] {org.radargun.cachewrappers.JBossCache3Wrapper} Running cache with following config: org.jboss.cache.config.Configuration@44316f1
 INFO  [pool-1-thread-1] {org.radargun.cachewrappers.JBossCache3Wrapper} Running following JBossCacheVersion: 3.2.1.GA
 INFO  [pool-1-thread-1] {org.radargun.cachewrappers.JBossCache3Wrapper} Running following JBossCacheCodeName: Malagueta
 INFO  [pool-1-thread-1] {org.radargun.cachewrappers.JBossCache3Wrapper} JGroups version: 2.6.13.GA
 INFO  [pool-1-thread-1] {org.radargun.stages.helpers.StartHelper} Number of members=3 is not the one expected: 12
 INFO  [pool-1-thread-1] {org.radargun.stages.helpers.StartHelper} Number of members=4 is not the one expected: 12
 INFO  [pool-1-thread-1] {org.radargun.stages.helpers.StartHelper} Number of members=6 is not the one expected: 12
 INFO  [pool-1-thread-1] {org.radargun.stages.helpers.StartHelper} Number of members=8 is not the one expected: 12
 INFO  [pool-1-thread-1] {org.radargun.stages.helpers.StartHelper} Number of members=11 is not the one expected: 12
 INFO  [pool-1-thread-1] {org.radargun.stages.helpers.StartHelper} Number of members is the one expected: 12
 INFO  [pool-1-thread-1] {org.radargun.stages.StartClusterStage} Successfully started cache wrapper on slave 2: org.radargun.cachewrappers.JBossCache3Wrapper@2ca6528c
 INFO  [pool-1-thread-1] {org.radargun.Slave} Finished stage: StartCluster {config=mvcc/mvcc-repl-sync.xml, delayAfterFirstSlaveStarts=5.000 secs, delayBetweenStartingSlaves=0.500 secs, exitBenchmarkOnSlaveFailure=true, expectNumSlaves=null, mayFailOn=null, reachable=null, runOnAllSlaves=false, slaves=null, staggerSlaveStartup=true, useSmartClassLoading=true, validateCluster=true }
 INFO  [main] {org.radargun.Slave} Ack successfully sent to the master
 INFO  [pool-1-thread-1] {org.radargun.Slave} Executing stage: ClusterValidation {exitBenchmarkOnSlaveFailure=false, partialReplication=false, replicationTimeSleep=2000, replicationTryCount=60, runOnAllSlaves=false, slaves=null, useSmartClassLoading=true }
 INFO  [pool-1-thread-1] {org.radargun.stages.ClusterValidationStage} Number of caches that replicated here is 11
 INFO  [pool-1-thread-1] {org.radargun.stages.ClusterValidationStage} Replication test successfully passed. partialReplication? false, replicationCount = 11
 INFO  [pool-1-thread-1] {org.radargun.stages.ClusterValidationStage} Confirm phase successful.
 INFO  [pool-1-thread-1] {org.radargun.Slave} Finished stage: ClusterValidation {exitBenchmarkOnSlaveFailure=false, partialReplication=false, replicationTimeSleep=2000, replicationTryCount=60, runOnAllSlaves=false, slaves=[ 0, 1, 2, 3, 4, 5, 6, 7, 8, 9, 10, 11 ], useSmartClassLoading=true }
 INFO  [main] {org.radargun.Slave} Ack successfully sent to the master
 INFO  [pool-1-thread-1] {org.radargun.Slave} Executing stage: StressTestWarmup {bulkSize=1, cacheSpecificKeyGenerator=false, commitTransactions=true, duration=1 mins 0 secs, entrySize=1000, exitBenchmarkOnSlaveFailure=false, fixedKeys=true, generateHistogramRange=false, keyGeneratorClass=org.radargun.stressors.StringKeyGenerator, keyGeneratorParam=null, loadAllKeys=false, numEntries=100, numOfThreads=4, numRequests=10000, numThreads=4, numberOfAttributes=100, numberOfRequests=10000, opsCountStatusLog=100000, poolKeys=true, preferAsyncOperations=false, removePercentage=0, replaceInvalidPercentage=40, runOnAllSlaves=false, sharedKeys=false, sizeOfAnAttribute=1000, slaves=null, transactionSize=50, useAtomics=false, useHistogramStatistics=false, useSimpleStatistics=true, useSmartClassLoading=true, useTransactions=null, writePercentage=20, writeTxPercentage=20 }
 INFO  [pool-1-thread-1] {org.radargun.stages.StressTestWarmupStage} Starting StressTestWarmupStage: StressTestWarmup {bulkSize=1, cacheSpecificKeyGenerator=false, commitTransactions=true, duration=1 mins 0 secs, entrySize=1000, exitBenchmarkOnSlaveFailure=false, fixedKeys=true, generateHistogramRange=false, keyGeneratorClass=org.radargun.stressors.StringKeyGenerator, keyGeneratorParam=null, loadAllKeys=false, numEntries=100, numOfThreads=4, numRequests=10000, numThreads=4, numberOfAttributes=100, numberOfRequests=10000, opsCountStatusLog=100000, poolKeys=true, preferAsyncOperations=false, removePercentage=0, replaceInvalidPercentage=40, runOnAllSlaves=false, sharedKeys=false, sizeOfAnAttribute=1000, slaves=null, transactionSize=50, useAtomics=false, useHistogramStatistics=false, useSimpleStatistics=true, useSmartClassLoading=true, useTransactions=null, writePercentage=20, writeTxPercentage=20 }
 INFO  [pool-1-thread-1] {org.radargun.stressors.StressTestStressor} Using key generator org.radargun.stressors.StringKeyGenerator, param null
 INFO  [pool-1-thread-1] {org.radargun.stressors.StressTestStressor} Executing: StressTestStressor{opsCountStatusLog=100000, numRequests=10000, numEntries=100, entrySize=1000, writePercentage=20, numThreads=4, cacheWrapper=org.radargun.cachewrappers.JBossCache3Wrapper@2ca6528c, nodeIndex=2, useTransactions=true, transactionSize=50, commitTransactions=true, durationMillis=60000}
 INFO  [pool-1-thread-1] {org.radargun.stressors.StressTestStressor} Cache wrapper info is: Num direct children: 30
[GC 259695K->12470K(2944064K), 0.0378880 secs]
 INFO  [pool-1-thread-1] {org.radargun.stressors.StressTestStressor} Started 4 stressor threads.
 INFO  [Stressor-2] {org.radargun.stressors.StressTestStressor} Number of ops executed so far: 1. Elapsed time: 0.010 secs. Remaining: 59.990 secs. Total: 1 mins 0 secs
[GC 268534K->13705K(2944064K), 0.0317180 secs]
[GC 269769K->16950K(2944064K), 0.0317730 secs]
[GC 273014K->18448K(2944064K), 0.0257580 secs]
[GC 274512K->16878K(2944064K), 0.0266180 secs]
[GC 272942K->18953K(2944064K), 0.0330820 secs]
[GC 275017K->17903K(2944064K), 0.0311210 secs]
[GC 273967K->20001K(2944064K), 0.0327060 secs]
[GC 276065K->15498K(2944064K), 0.0345530 secs]
 INFO  [Stressor-2] {org.radargun.stressors.StressTestStressor} Number of ops executed so far: 121316. Elapsed time: 20.010 secs. Remaining: 39.990 secs. Total: 1 mins 0 secs
[GC 271562K->19589K(2944064K), 0.0318770 secs]
[GC 275653K->22975K(2944064K), 0.0378330 secs]
[GC 279039K->19698K(2944064K), 0.0350290 secs]
[GC 275762K->15009K(2944064K), 0.0359520 secs]
[GC 271073K->20108K(2944064K), 0.0340390 secs]
[GC 276172K->18976K(2944064K), 0.0367430 secs]
[GC 275040K->21996K(2944064K), 0.0508190 secs]
[GC 278060K->16689K(2944064K), 0.0293450 secs]
[GC 272753K->14585K(2944064K), 0.0231280 secs]
 INFO  [Stressor-0] {org.radargun.stressors.StressTestStressor} Number of ops executed so far: 260100. Elapsed time: 40.459 secs. Remaining: 19.541 secs. Total: 1 mins 0 secs
[GC 270649K->16476K(2944064K), 0.0295830 secs]
[GC 272540K->16302K(2944064K), 0.0283820 secs]
[GC 272366K->16613K(2944064K), 0.0265700 secs]
[GC 272677K->15085K(2944064K), 0.0283560 secs]
[GC 271149K->17873K(2944064K), 0.0294400 secs]
[GC 273937K->15674K(2944064K), 0.0305270 secs]
[GC 271738K->18224K(2944064K), 0.0260470 secs]
 INFO  [pool-1-thread-1] {org.radargun.stressors.StressTestStressor} Finished generating report. Test duration is: 1 mins 3 secs
 INFO  [pool-1-thread-1] {org.radargun.stages.StressTestWarmupStage} The warmup took: 63 seconds.
 INFO  [pool-1-thread-1] {org.radargun.Slave} Finished stage: StressTestWarmup {bulkSize=1, cacheSpecificKeyGenerator=false, commitTransactions=true, duration=1 mins 0 secs, entrySize=1000, exitBenchmarkOnSlaveFailure=false, fixedKeys=true, generateHistogramRange=false, keyGeneratorClass=org.radargun.stressors.StringKeyGenerator, keyGeneratorParam=null, loadAllKeys=false, numEntries=100, numOfThreads=4, numRequests=10000, numThreads=4, numberOfAttributes=100, numberOfRequests=10000, opsCountStatusLog=100000, poolKeys=true, preferAsyncOperations=false, removePercentage=0, replaceInvalidPercentage=40, runOnAllSlaves=false, sharedKeys=false, sizeOfAnAttribute=1000, slaves=null, transactionSize=50, useAtomics=false, useHistogramStatistics=false, useSimpleStatistics=true, useSmartClassLoading=true, useTransactions=null, writePercentage=20, writeTxPercentage=20 }
 INFO  [main] {org.radargun.Slave} Ack successfully sent to the master
 INFO  [pool-1-thread-1] {org.radargun.Slave} Executing stage: ClearClusterStage {ClearCluster {exitBenchmarkOnSlaveFailure=false, runOnAllSlaves=false, slaves=[ 0 ], useSmartClassLoading=true }
 INFO  [pool-1-thread-1] {org.radargun.stages.ClearClusterStage} Before executing clear, memory looks like this: Memory - free: 2,759,848 kb - max:4,906,688 kb- total:2,944,064 kb
[Full GC 184215K->9829K(2944064K), 0.2109320 secs]
 INFO  [pool-1-thread-1] {org.radargun.stages.ClearClusterStage} After executing cleanup, memory looks like this: Memory - free: 2,932,588 kb - max:4,906,688 kb- total:2,944,320 kb
 INFO  [pool-1-thread-1] {org.radargun.Slave} Finished stage: ClearClusterStage {ClearCluster {exitBenchmarkOnSlaveFailure=false, runOnAllSlaves=false, slaves=[ 0 ], useSmartClassLoading=true }
 INFO  [main] {org.radargun.Slave} Ack successfully sent to the master
 INFO  [pool-1-thread-1] {org.radargun.Slave} Executing stage: StressTest {bulkSize=1, cacheSpecificKeyGenerator=false, commitTransactions=true, duration=1 mins 0 secs, entrySize=1000, exitBenchmarkOnSlaveFailure=false, fixedKeys=true, generateHistogramRange=false, keyGeneratorClass=org.radargun.stressors.StringKeyGenerator, keyGeneratorParam=null, loadAllKeys=false, numEntries=10000, numOfThreads=4, numRequests=10000000, numThreads=4, numberOfAttributes=10000, numberOfRequests=10000000, opsCountStatusLog=500000, poolKeys=true, preferAsyncOperations=false, removePercentage=0, replaceInvalidPercentage=40, runOnAllSlaves=false, sharedKeys=false, sizeOfAnAttribute=1000, slaves=null, transactionSize=10000, useAtomics=false, useHistogramStatistics=false, useSimpleStatistics=true, useSmartClassLoading=true, useTransactions=true, writePercentage=10, writeTxPercentage=5 }
 INFO  [pool-1-thread-1] {org.radargun.stages.StressTestStage} Starting StressTestStage: StressTest {bulkSize=1, cacheSpecificKeyGenerator=false, commitTransactions=true, duration=1 mins 0 secs, entrySize=1000, exitBenchmarkOnSlaveFailure=false, fixedKeys=true, generateHistogramRange=false, keyGeneratorClass=org.radargun.stressors.StringKeyGenerator, keyGeneratorParam=null, loadAllKeys=false, numEntries=10000, numOfThreads=4, numRequests=10000000, numThreads=4, numberOfAttributes=10000, numberOfRequests=10000000, opsCountStatusLog=500000, poolKeys=true, preferAsyncOperations=false, removePercentage=0, replaceInvalidPercentage=40, runOnAllSlaves=false, sharedKeys=false, sizeOfAnAttribute=1000, slaves=null, transactionSize=10000, useAtomics=false, useHistogramStatistics=false, useSimpleStatistics=true, useSmartClassLoading=true, useTransactions=true, writePercentage=10, writeTxPercentage=5 }
 INFO  [pool-1-thread-1] {org.radargun.stressors.StressTestStressor} Using key generator org.radargun.stressors.StringKeyGenerator, param null
 INFO  [pool-1-thread-1] {org.radargun.stressors.StressTestStressor} Executing: StressTestStressor{opsCountStatusLog=500000, numRequests=10000000, numEntries=10000, entrySize=1000, writePercentage=10, numThreads=4, cacheWrapper=org.radargun.cachewrappers.JBossCache3Wrapper@2ca6528c, nodeIndex=2, useTransactions=true, transactionSize=10000, commitTransactions=true, durationMillis=60000}
 INFO  [pool-1-thread-1] {org.radargun.stressors.StressTestStressor} Cache wrapper info is: Num direct children: 60
[GC 266085K->24867K(2944320K), 0.0281790 secs]
[GC 281123K->39022K(2944320K), 0.0320400 secs]
[GC 295278K->46937K(2944320K), 0.0353950 secs]
[GC 303193K->64962K(2944320K), 0.0346980 secs]
[GC 321218K->82594K(2944320K), 0.0377300 secs]
[GC 338850K->99344K(2944320K), 0.0382110 secs]
[GC 355522K->115819K(2944320K), 0.0437310 secs]
[GC 372075K->128554K(2944320K), 0.0594340 secs]
[GC 384799K->116473K(2944320K), 0.0427040 secs]
[GC 372729K->151505K(2944320K), 0.0536990 secs]
[GC 407761K->118501K(2944320K), 0.0465510 secs]
[GC 374757K->152799K(2944320K), 0.0444020 secs]
[GC 409055K->147017K(2944320K), 0.0554410 secs]
[GC 403273K->140097K(2944320K), 0.0544930 secs]
[GC 396353K->130180K(2944320K), 0.0493080 secs]
[GC 386436K->169491K(2944320K), 0.0528530 secs]
[GC 425747K->167318K(2944320K), 0.0479940 secs]
[GC 423574K->181785K(2944320K), 0.0542930 secs]
[GC 438024K->206538K(2944320K), 0.0501640 secs]
[GC 462794K->178680K(2944320K), 0.0549150 secs]
[GC 434906K->205714K(2944320K), 0.0522250 secs]
[GC 461970K->201973K(2944320K), 0.0489460 secs]
[GC 458229K->216457K(2944320K), 0.0464920 secs]
[GC 472683K->196179K(2944320K), 0.0548530 secs]
[GC 452435K->202317K(2944320K), 0.0492230 secs]
[GC 458573K->232213K(2944320K), 0.0493060 secs]
[GC 488469K->211160K(2944320K), 0.0511090 secs]
[GC 467389K->233621K(2944320K), 0.0516230 secs]
[GC 489877K->222012K(2944320K), 0.0461740 secs]
[GC 478248K->235579K(2944320K), 0.0459040 secs]
[GC 491835K->247032K(2944320K), 0.0575010 secs]
[GC 503288K->251880K(2944320K), 0.0548750 secs]
[GC 508136K->255908K(2944320K), 0.0459030 secs]
[GC 512164K->260411K(2944320K), 0.0501790 secs]
[GC 516667K->264955K(2944320K), 0.0488030 secs]
[GC 521211K->269845K(2944320K), 0.0448900 secs]
[GC 526081K->290826K(2944320K), 0.0510690 secs]
[GC 547082K->263067K(2944320K), 0.0507710 secs]
[GC 519323K->289760K(2944320K), 0.0499360 secs]
[GC 546016K->286863K(2944320K), 0.0511850 secs]
[GC 543119K->293635K(2944320K), 0.0515990 secs]
[GC 549869K->298902K(2944320K), 0.0469970 secs]
[GC 555158K->303635K(2944320K), 0.0457710 secs]
[GC 559891K->308326K(2944320K), 0.0483720 secs]
[GC 564582K->329538K(2944320K), 0.0447510 secs]
[GC 585794K->301795K(2944320K), 0.0471160 secs]
[GC 558051K->328626K(2944320K), 0.0480680 secs]
[GC 584882K->325729K(2944320K), 0.0439830 secs]
[GC 581985K->332591K(2944320K), 0.0472570 secs]
[GC 588847K->337307K(2944320K), 0.0487400 secs]
[GC 593563K->367786K(2944320K), 0.0443330 secs]
[GC 624042K->326815K(2944320K), 0.0454170 secs]
[GC 583071K->367594K(2944320K), 0.0429460 secs]
[GC 623850K->336043K(2944320K), 0.0404700 secs]
[GC 592299K->373414K(2944320K), 0.0436500 secs]
[GC 629618K->337340K(2944320K), 0.0431620 secs]
[GC 593586K->363854K(2944320K), 0.0436780 secs]
[GC 620110K->343947K(2944320K), 0.0412580 secs]
[GC 600203K->348191K(2944320K), 0.0403730 secs]
[GC 604438K->336739K(2944320K), 0.0405530 secs]
[GC 592995K->354057K(2944320K), 0.0393810 secs]
[GC 610313K->356703K(2944320K), 0.0393820 secs]
[GC 612915K->359135K(2944320K), 0.0405670 secs]
[GC 615391K->373779K(2944320K), 0.0378690 secs]
[GC 630009K->375846K(2944320K), 0.0480790 secs]
[GC 632057K->391052K(2944320K), 0.0428080 secs]
[GC 647297K->368991K(2944320K), 0.0395300 secs]
[GC 625247K->389264K(2944320K), 0.0433130 secs]
[GC 645518K->398461K(2944320K), 0.0407020 secs]
[GC 654703K->377787K(2944320K), 0.0429130 secs]
[GC 634043K->409787K(2944320K), 0.0412200 secs]
[GC 666031K->389837K(2944320K), 0.0474560 secs]
[GC 646093K->392860K(2944320K), 0.0411850 secs]
[GC 649084K->414052K(2944320K), 0.0453990 secs]
[GC 670245K->393530K(2944320K), 0.0450860 secs]
[GC 649786K->414065K(2944320K), 0.0392460 secs]
[GC 670321K->423472K(2944320K), 0.0371400 secs]
[GC 679721K->410671K(2944320K), 0.0421340 secs]
[GC 666927K->423543K(2944320K), 0.0401060 secs]
[GC 679799K->432931K(2944320K), 0.0388020 secs]
[GC 689187K->412261K(2944320K), 0.0383520 secs]
[GC 668517K->421323K(2944320K), 0.0406320 secs]
[GC 677579K->429800K(2944320K), 0.0417560 secs]
[GC 686056K->447121K(2944320K), 0.0434160 secs]
[GC 703377K->425377K(2944320K), 0.0409240 secs]
[GC 681571K->445441K(2944320K), 0.0388660 secs]
[GC 701697K->454636K(2944320K), 0.0404430 secs]
[GC 710859K->442006K(2944320K), 0.0422090 secs]
[GC 698262K->466026K(2944320K), 0.0383040 secs]
[GC 722281K->438404K(2944320K), 0.0412970 secs]
[GC 694660K->471672K(2944320K), 0.0414240 secs]
[GC 727928K->444723K(2944320K), 0.0423870 secs]
[GC 700956K->466606K(2944320K), 0.0422600 secs]
[GC 722848K->451775K(2944320K), 0.0410670 secs]
[GC 708010K->468912K(2944320K), 0.0378090 secs]
[GC 725168K->472301K(2944320K), 0.0420730 secs]
[GC 728557K->475330K(2944320K), 0.0448180 secs]
[GC 731536K->478536K(2944320K), 0.0400640 secs]
[GC 734791K->468960K(2944320K), 0.0386370 secs]
[GC 725216K->484641K(2944320K), 0.0395990 secs]
[GC 740870K->487910K(2944320K), 0.0388270 secs]
[GC 744163K->490895K(2944320K), 0.0415930 secs]
[GC 747140K->494014K(2944320K), 0.0389860 secs]
[GC 750256K->497103K(2944320K), 0.0412970 secs]
[GC 753353K->512781K(2944320K), 0.0376700 secs]
[GC 769036K->490770K(2944320K), 0.0391460 secs]
[GC 747022K->522183K(2944320K), 0.0413720 secs]
[GC 778439K->502250K(2944320K), 0.0454200 secs]
[GC 758506K->516515K(2944320K), 0.0382140 secs]
[GC 772765K->513969K(2944320K), 0.0398850 secs]
[GC 770225K->518354K(2944320K), 0.0392210 secs]
[GC 774587K->521840K(2944320K), 0.0371740 secs]
[GC 778096K->525208K(2944320K), 0.0370800 secs]
[GC 781464K->528224K(2944320K), 0.0441740 secs]
[GC 784480K->543925K(2944320K), 0.0398210 secs]
[GC 800171K->529807K(2944320K), 0.0407980 secs]
[GC 786058K->542096K(2944320K), 0.0387600 secs]
[GC 798352K->539060K(2944320K), 0.0393570 secs]
[GC 795316K->556020K(2944320K), 0.0407170 secs]
[GC 812230K->534453K(2944320K), 0.0432000 secs]
[GC 790709K->566151K(2944320K), 0.0383760 secs]
[GC 822407K->546047K(2944320K), 0.0421610 secs]
[GC 802303K->571675K(2944320K), 0.0385820 secs]
[GC 827900K->552105K(2944320K), 0.0433070 secs]
[GC 808335K->577878K(2944320K), 0.0522280 secs]
[GC 834134K->605574K(2944320K), 0.0670930 secs]
[GC 861830K->652117K(2944320K), 0.0943670 secs]
 INFO  [pool-1-thread-1] {org.radargun.stressors.StressTestStressor} Started 4 stressor threads.
 INFO  [Stressor-0] {org.radargun.stressors.StressTestStressor} Number of ops executed so far: 1. Elapsed time: 0.000 secs. Remaining: 1 mins 0 secs. Total: 1 mins 0 secs
[GC 908373K->688889K(2944320K), 0.0952700 secs]
[GC 945145K->707459K(2944320K), 0.0829880 secs]
[GC 963231K->713690K(2944320K), 0.0652650 secs]
[GC 969946K->760015K(2944320K), 0.0814870 secs]
[GC 1016271K->789066K(2944320K), 0.0903500 secs]
[GC 1044959K->822154K(2944320K), 0.0819250 secs]
[GC 1078410K->871984K(2944320K), 0.1336560 secs]
[GC 1128240K->848597K(2944320K), 0.0464480 secs]
[GC 1104813K->871874K(2944320K), 0.0555200 secs]
[GC 1128130K->913571K(2944320K), 0.0822610 secs]
[GC 1169827K->901117K(2944320K), 0.0770590 secs]
[GC 1157328K->957868K(2944320K), 0.0767480 secs]
 INFO  [Stressor-3] {org.radargun.stressors.StressTestStressor} Number of ops executed so far: 1630000. Elapsed time: 20.628 secs. Remaining: 39.372 secs. Total: 1 mins 0 secs
[GC 1214124K->979096K(2944320K), 0.0719100 secs]
[GC 1235319K->981715K(2944320K), 0.0787720 secs]
[GC 1237964K->1030044K(2944320K), 0.0658270 secs]
[GC 1286300K->1028105K(2944320K), 0.0838380 secs]
[GC 1284361K->1061784K(2944320K), 0.0744490 secs]
[GC 1317720K->1095602K(2944320K), 0.0768290 secs]
[GC 1351857K->1140344K(2944320K), 0.0735420 secs]
[GC 1396442K->1143341K(2944320K), 0.0845420 secs]
[GC 1399597K->1166102K(2944320K), 0.0885310 secs]
[GC 1422340K->1208032K(2944320K), 0.0799770 secs]
[GC 1464254K->1236917K(2944320K), 0.0902090 secs]
 INFO  [Stressor-3] {org.radargun.stressors.StressTestStressor} Number of ops executed so far: 2540000. Elapsed time: 42.833 secs. Remaining: 17.167 secs. Total: 1 mins 0 secs
[GC 1493078K->1272250K(2944320K), 0.0790710 secs]
[GC 1528460K->1305740K(2944320K), 0.0906070 secs]
[GC 1561943K->1311574K(2944320K), 0.0827510 secs]
[GC 1567790K->1350354K(2944320K), 0.0882210 secs]
[GC 1606610K->1375936K(2944320K), 0.0682100 secs]
[GC 1377713K(2944320K), 0.0417310 secs]
[GC 1632192K->1358285K(2944320K), 0.0477300 secs]
[GC 1499160K(2944320K), 0.1464610 secs]
[GC 874549K->632556K(2944320K), 0.0430680 secs]
[GC 888812K->659465K(2944320K), 0.0665370 secs]
[GC 915689K->689030K(2944320K), 0.0560960 secs]
 INFO  [pool-1-thread-1] {org.radargun.stressors.StressTestStressor} Finished generating report. Test duration is: 2 mins 53 secs
 INFO  [pool-1-thread-1] {org.radargun.stages.StressTestStage} size info: Num direct children: 60, clusterSize:12, nodeIndex:2, cacheSize: -1
 INFO  [pool-1-thread-1] {org.radargun.Slave} Finished stage: StressTest {bulkSize=1, cacheSpecificKeyGenerator=false, commitTransactions=true, duration=1 mins 0 secs, entrySize=1000, exitBenchmarkOnSlaveFailure=false, fixedKeys=true, generateHistogramRange=false, keyGeneratorClass=org.radargun.stressors.StringKeyGenerator, keyGeneratorParam=null, loadAllKeys=false, numEntries=10000, numOfThreads=4, numRequests=10000000, numThreads=4, numberOfAttributes=10000, numberOfRequests=10000000, opsCountStatusLog=500000, poolKeys=true, preferAsyncOperations=false, removePercentage=0, replaceInvalidPercentage=40, runOnAllSlaves=false, sharedKeys=false, sizeOfAnAttribute=1000, slaves=null, transactionSize=10000, useAtomics=false, useHistogramStatistics=false, useSimpleStatistics=true, useSmartClassLoading=true, useTransactions=true, writePercentage=10, writeTxPercentage=5 }
 INFO  [main] {org.radargun.Slave} Ack successfully sent to the master
[GC 944507K->700103K(2944320K), 0.0550170 secs]
 INFO  [main] {org.radargun.Slave} Master shutdown!
 INFO  [Thread-0] {org.radargun.ShutDownHook} Slave process is being shutdown
