/usr/java/jdk1.7.0_21/bin/java -server -Xmx1024M -Xms1024M -Dresolve.dns=false -Djgroups.timer.num_threads=4 -verbose:gc -Xmx5000M -Xms3000M -server -XX:+UseConcMarkSweepGC -XX:+AggressiveOpts -verbose:gc -XX:ParallelGCThreads=4 -XX:NewRatio=5 -XX:SurvivorRatio=2 -Dhazelcast.operation.thread.count=4 -Djava.net.preferIPv4Stack=true -Dlog4j.file.prefix=deimos-esw-1741 -Dbind.address= -Djgroups.bind_addr= -classpath /home/smf/github/radargun/target/distribution/RadarGun-1.1.0-SNAPSHOT/lib/activation-1.1.jar:/home/smf/github/radargun/target/distribution/RadarGun-1.1.0-SNAPSHOT/lib/commons-beanutils-1.8.0.jar:/home/smf/github/radargun/target/distribution/RadarGun-1.1.0-SNAPSHOT/lib/commons-digester-2.0.jar:/home/smf/github/radargun/target/distribution/RadarGun-1.1.0-SNAPSHOT/lib/commons-logging-1.1.1.jar:/home/smf/github/radargun/target/distribution/RadarGun-1.1.0-SNAPSHOT/lib/commons-math-1.2.jar:/home/smf/github/radargun/target/distribution/RadarGun-1.1.0-SNAPSHOT/lib/jboss-transaction-api-1.0.1.GA.jar:/home/smf/github/radargun/target/distribution/RadarGun-1.1.0-SNAPSHOT/lib/jcommon-1.0.15.jar:/home/smf/github/radargun/target/distribution/RadarGun-1.1.0-SNAPSHOT/lib/jfreechart-1.0.12.jar:/home/smf/github/radargun/target/distribution/RadarGun-1.1.0-SNAPSHOT/lib/log4j-1.2.14.jar:/home/smf/github/radargun/target/distribution/RadarGun-1.1.0-SNAPSHOT/lib/mail-1.4.2.jar:/home/smf/github/radargun/target/distribution/RadarGun-1.1.0-SNAPSHOT/lib/radargun-framework-1.1.0-SNAPSHOT.jar:/home/smf/github/radargun/target/distribution/RadarGun-1.1.0-SNAPSHOT/conf org.radargun.Slave -master 127.0.0.1:2103
--------------------------------------------------------------------------------
PerNodeRollingFileAppender::Using file prefix:deimos-esw-1741
 INFO  [main] {org.radargun.Slave} Attempting to connect to master 127.0.0.1:2103
 INFO  [main] {org.radargun.Slave} Successfully established connection with master at: 127.0.0.1:2103
Loading JARS from /home/smf/github/radargun/target/distribution/RadarGun-1.1.0-SNAPSHOT/lib/radargun-framework-1.1.0-SNAPSHOT.jar
 INFO  [pool-1-thread-1] {org.radargun.config.AnnotatedHelper} Loading JARS from /home/smf/github/radargun/target/distribution/RadarGun-1.1.0-SNAPSHOT/lib/radargun-framework-1.1.0-SNAPSHOT.jar
 INFO  [pool-1-thread-1] {org.radargun.config.AnnotatedHelper} Loading JARS from /home/smf/github/radargun/target/distribution/RadarGun-1.1.0-SNAPSHOT/lib/radargun-framework-1.1.0-SNAPSHOT.jar
 INFO  [pool-1-thread-1] {org.radargun.Slave} Executing stage: DestroyWrapper {enforceMemoryThrashHold=true, exitBenchmarkOnSlaveFailure=false, heapDumpDir=null, memoryThreshold=95, runOnAllSlaves=true, slaves=null, useSmartClassLoading=true }
 INFO  [pool-1-thread-1] {org.radargun.stages.DestroyWrapperStage} Received destroy cache wrapper request from master...
 INFO  [pool-1-thread-1] {org.radargun.stages.DestroyWrapperStage} No cache wrapper deployed on this slave, nothing to do.
 INFO  [pool-1-thread-1] {org.radargun.stages.DestroyWrapperStage} Before executing clear, memory looks like this: Memory - free: 2,928,638 kb - max:4,906,688 kb- total:2,944,000 kb
[Full GC 15361K->3631K(2944000K), 0.1117120 secs]
 INFO  [pool-1-thread-1] {org.radargun.stages.DestroyWrapperStage} After executing cleanup, memory looks like this: Memory - free: 2,935,311 kb - max:4,906,688 kb- total:2,944,064 kb
 INFO  [pool-1-thread-1] {org.radargun.Slave} Finished stage: DestroyWrapper {enforceMemoryThrashHold=true, exitBenchmarkOnSlaveFailure=false, heapDumpDir=null, memoryThreshold=95, runOnAllSlaves=true, slaves=null, useSmartClassLoading=true }
 INFO  [main] {org.radargun.Slave} Ack successfully sent to the master
 INFO  [pool-1-thread-1] {org.radargun.Slave} Executing stage: StartCluster {config=mvcc/mvcc-repl-sync.xml, delayAfterFirstSlaveStarts=5.000 secs, delayBetweenStartingSlaves=0.500 secs, exitBenchmarkOnSlaveFailure=true, expectNumSlaves=null, mayFailOn=null, reachable=null, runOnAllSlaves=false, slaves=null, staggerSlaveStartup=true, useSmartClassLoading=true, validateCluster=true }
 INFO  [pool-1-thread-1] {org.radargun.stages.StartClusterStage}  Startup staggering, starting 6 slaves. This is the slave with index 3. Sleeping for 6500 millis.
 INFO  [pool-1-thread-1] {org.radargun.stages.StartClusterStage} Ack master's StartCluster stage. Local address is: /127.0.0.1. This slave's index is: 3
 INFO  [pool-1-thread-1] {org.radargun.utils.ClassLoadHelper} Creating newInstance org.radargun.cachewrappers.JBossCache3Wrapper with classloader java.net.URLClassLoader@a2e02b2
 INFO  [pool-1-thread-1] {org.radargun.cachewrappers.JBossCache3Wrapper} Creating cache with the following configuration: mvcc/mvcc-repl-sync.xml
 WARN  [pool-1-thread-1] {org.jboss.cache.transaction.GenericTransactionManagerLookup} Falling back to JBoss Cache's internal DummyTransactionManager
 WARN  [pool-1-thread-1] {org.jgroups.protocols.pbcast.STREAMING_STATE_TRANSFER} use_reading_thread has been deprecated and its value will be ignored

---------------------------------------------------------
GMS: address is 127.0.0.1:50955 (cluster=JBossCache-Cluster)
---------------------------------------------------------
 INFO  [pool-1-thread-1] {org.radargun.cachewrappers.JBossCache3Wrapper} Running cache with following config: org.jboss.cache.config.Configuration@377abc60
 INFO  [pool-1-thread-1] {org.radargun.cachewrappers.JBossCache3Wrapper} Running following JBossCacheVersion: 3.2.1.GA
 INFO  [pool-1-thread-1] {org.radargun.cachewrappers.JBossCache3Wrapper} Running following JBossCacheCodeName: Malagueta
 INFO  [pool-1-thread-1] {org.radargun.cachewrappers.JBossCache3Wrapper} JGroups version: 2.6.13.GA
 INFO  [pool-1-thread-1] {org.radargun.stages.helpers.StartHelper} Number of members=4 is not the one expected: 6
 INFO  [pool-1-thread-1] {org.radargun.stages.helpers.StartHelper} Number of members=5 is not the one expected: 6
 INFO  [pool-1-thread-1] {org.radargun.stages.helpers.StartHelper} Number of members is the one expected: 6
 INFO  [pool-1-thread-1] {org.radargun.stages.StartClusterStage} Successfully started cache wrapper on slave 3: org.radargun.cachewrappers.JBossCache3Wrapper@610f4a16
 INFO  [pool-1-thread-1] {org.radargun.Slave} Finished stage: StartCluster {config=mvcc/mvcc-repl-sync.xml, delayAfterFirstSlaveStarts=5.000 secs, delayBetweenStartingSlaves=0.500 secs, exitBenchmarkOnSlaveFailure=true, expectNumSlaves=null, mayFailOn=null, reachable=null, runOnAllSlaves=false, slaves=null, staggerSlaveStartup=true, useSmartClassLoading=true, validateCluster=true }
 INFO  [main] {org.radargun.Slave} Ack successfully sent to the master
 INFO  [pool-1-thread-1] {org.radargun.Slave} Executing stage: ClusterValidation {exitBenchmarkOnSlaveFailure=false, partialReplication=false, replicationTimeSleep=2000, replicationTryCount=60, runOnAllSlaves=false, slaves=null, useSmartClassLoading=true }
 INFO  [pool-1-thread-1] {org.radargun.stages.ClusterValidationStage} Number of caches that replicated here is 5
 INFO  [pool-1-thread-1] {org.radargun.stages.ClusterValidationStage} Replication test successfully passed. partialReplication? false, replicationCount = 5
 INFO  [pool-1-thread-1] {org.radargun.stages.ClusterValidationStage} Confirm phase successful.
 INFO  [pool-1-thread-1] {org.radargun.Slave} Finished stage: ClusterValidation {exitBenchmarkOnSlaveFailure=false, partialReplication=false, replicationTimeSleep=2000, replicationTryCount=60, runOnAllSlaves=false, slaves=[ 0, 1, 2, 3, 4, 5 ], useSmartClassLoading=true }
 INFO  [main] {org.radargun.Slave} Ack successfully sent to the master
 INFO  [pool-1-thread-1] {org.radargun.Slave} Executing stage: StressTestWarmup {bulkSize=1, cacheSpecificKeyGenerator=false, commitTransactions=true, duration=1 mins 0 secs, entrySize=1000, exitBenchmarkOnSlaveFailure=false, fixedKeys=true, generateHistogramRange=false, keyGeneratorClass=org.radargun.stressors.StringKeyGenerator, keyGeneratorParam=null, loadAllKeys=false, numEntries=100, numOfThreads=4, numRequests=10000, numThreads=4, numberOfAttributes=100, numberOfRequests=10000, opsCountStatusLog=100000, poolKeys=true, preferAsyncOperations=false, removePercentage=0, replaceInvalidPercentage=40, runOnAllSlaves=false, sharedKeys=false, sizeOfAnAttribute=1000, slaves=null, transactionSize=50, useAtomics=false, useHistogramStatistics=false, useSimpleStatistics=true, useSmartClassLoading=true, useTransactions=null, writePercentage=20, writeTxPercentage=20 }
 INFO  [pool-1-thread-1] {org.radargun.stages.StressTestWarmupStage} Starting StressTestWarmupStage: StressTestWarmup {bulkSize=1, cacheSpecificKeyGenerator=false, commitTransactions=true, duration=1 mins 0 secs, entrySize=1000, exitBenchmarkOnSlaveFailure=false, fixedKeys=true, generateHistogramRange=false, keyGeneratorClass=org.radargun.stressors.StringKeyGenerator, keyGeneratorParam=null, loadAllKeys=false, numEntries=100, numOfThreads=4, numRequests=10000, numThreads=4, numberOfAttributes=100, numberOfRequests=10000, opsCountStatusLog=100000, poolKeys=true, preferAsyncOperations=false, removePercentage=0, replaceInvalidPercentage=40, runOnAllSlaves=false, sharedKeys=false, sizeOfAnAttribute=1000, slaves=null, transactionSize=50, useAtomics=false, useHistogramStatistics=false, useSimpleStatistics=true, useSmartClassLoading=true, useTransactions=null, writePercentage=20, writeTxPercentage=20 }
 INFO  [pool-1-thread-1] {org.radargun.stressors.StressTestStressor} Using key generator org.radargun.stressors.StringKeyGenerator, param null
 INFO  [pool-1-thread-1] {org.radargun.stressors.StressTestStressor} Executing: StressTestStressor{opsCountStatusLog=100000, numRequests=10000, numEntries=100, entrySize=1000, writePercentage=20, numThreads=4, cacheWrapper=org.radargun.cachewrappers.JBossCache3Wrapper@610f4a16, nodeIndex=3, useTransactions=true, transactionSize=50, commitTransactions=true, durationMillis=60000}
 INFO  [pool-1-thread-1] {org.radargun.stressors.StressTestStressor} Cache wrapper info is: Num direct children: 6
 INFO  [pool-1-thread-1] {org.radargun.stressors.StressTestStressor} Started 4 stressor threads.
 INFO  [Stressor-0] {org.radargun.stressors.StressTestStressor} Number of ops executed so far: 1. Elapsed time: 0.008 secs. Remaining: 59.992 secs. Total: 1 mins 0 secs
[GC 259695K->11992K(2944064K), 0.0371660 secs]
[GC 268056K->12590K(2944064K), 0.0241670 secs]
[GC 268654K->15028K(2944064K), 0.0306860 secs]
[GC 271092K->19629K(2944064K), 0.0322150 secs]
[GC 275693K->20532K(2944064K), 0.0301810 secs]
[GC 276596K->19308K(2944064K), 0.0337440 secs]
[GC 275372K->18048K(2944064K), 0.0277780 secs]
[GC 274112K->12035K(2944064K), 0.0288310 secs]
[GC 268099K->12442K(2944064K), 0.0264580 secs]
[GC 268506K->14783K(2944064K), 0.0286080 secs]
[GC 270847K->14365K(2944064K), 0.0302030 secs]
[GC 270429K->16566K(2944064K), 0.0318800 secs]
[GC 272630K->18524K(2944064K), 0.0324380 secs]
[GC 274588K->12702K(2944064K), 0.0319150 secs]
[GC 268766K->14050K(2944064K), 0.0309870 secs]
[GC 270098K->18870K(2944064K), 0.0544380 secs]
[GC 274934K->13318K(2944064K), 0.0252410 secs]
[GC 269382K->17697K(2944064K), 0.0303620 secs]
[GC 273761K->14262K(2944064K), 0.0283830 secs]
[GC 270326K->14732K(2944064K), 0.0312780 secs]
[GC 270796K->16224K(2944064K), 0.0299500 secs]
[GC 272288K->13135K(2944064K), 0.0260040 secs]
[GC 269199K->14687K(2944064K), 0.0316630 secs]
[GC 270751K->17917K(2944064K), 0.0268990 secs]
[GC 273981K->14040K(2944064K), 0.0300690 secs]
 INFO  [Stressor-1] {org.radargun.stressors.StressTestStressor} Number of ops executed so far: 718301. Elapsed time: 20.008 secs. Remaining: 39.992 secs. Total: 1 mins 0 secs
[GC 270104K->17392K(2944064K), 0.0296050 secs]
[GC 273456K->20087K(2944064K), 0.0285990 secs]
[GC 276151K->15217K(2944064K), 0.0285950 secs]
[GC 271281K->12832K(2944064K), 0.0256740 secs]
[GC 268896K->13484K(2944064K), 0.0316060 secs]
[GC 269548K->14163K(2944064K), 0.0267310 secs]
[GC 270227K->21775K(2944064K), 0.0321900 secs]
[GC 277839K->17044K(2944064K), 0.0295140 secs]
[GC 273108K->18835K(2944064K), 0.0309300 secs]
[GC 274899K->17761K(2944064K), 0.0271670 secs]
[GC 273825K->15761K(2944064K), 0.0288290 secs]
[GC 271825K->16148K(2944064K), 0.0300180 secs]
[GC 272212K->15980K(2944064K), 0.0294760 secs]
[GC 272044K->17347K(2944064K), 0.0312330 secs]
[GC 273411K->19720K(2944064K), 0.0303450 secs]
[GC 275784K->18035K(2944064K), 0.0316620 secs]
[GC 274099K->17246K(2944064K), 0.0334790 secs]
[GC 273310K->18622K(2944064K), 0.0323570 secs]
[GC 274686K->20640K(2944064K), 0.0328080 secs]
[GC 276704K->16416K(2944064K), 0.0266110 secs]
[GC 272480K->17390K(2944064K), 0.0291160 secs]
[GC 273454K->14968K(2944064K), 0.0266200 secs]
[GC 271032K->17869K(2944064K), 0.0287460 secs]
[GC 273933K->18778K(2944064K), 0.0289340 secs]
[GC 274842K->15249K(2944064K), 0.0289820 secs]
[GC 271313K->18654K(2944064K), 0.0289760 secs]
[GC 274718K->17759K(2944064K), 0.0284760 secs]
[GC 273823K->17154K(2944064K), 0.0262040 secs]
[GC 273218K->16564K(2944064K), 0.0295100 secs]
 INFO  [Stressor-3] {org.radargun.stressors.StressTestStressor} Number of ops executed so far: 1579613. Elapsed time: 40.008 secs. Remaining: 19.992 secs. Total: 1 mins 0 secs
[GC 272628K->17436K(2944064K), 0.0292200 secs]
[GC 273500K->14179K(2944064K), 0.0284300 secs]
[GC 270243K->14614K(2944064K), 0.0272310 secs]
[GC 270678K->15158K(2944064K), 0.0299220 secs]
[GC 271222K->21037K(2944064K), 0.0324240 secs]
[GC 277101K->22784K(2944064K), 0.0312880 secs]
[GC 278848K->17275K(2944064K), 0.0278080 secs]
[GC 273339K->15956K(2944064K), 0.0295420 secs]
[GC 272020K->15214K(2944064K), 0.0284240 secs]
[GC 271278K->17037K(2944064K), 0.0307900 secs]
[GC 273101K->16010K(2944064K), 0.0264350 secs]
[GC 272074K->20937K(2944064K), 0.0297480 secs]
[GC 277001K->16628K(2944064K), 0.0297160 secs]
[GC 272692K->15850K(2944064K), 0.0282740 secs]
[GC 271914K->14754K(2944064K), 0.0284750 secs]
[GC 270818K->14124K(2944064K), 0.0282380 secs]
[GC 270188K->14306K(2944064K), 0.0277220 secs]
[GC 270370K->15688K(2944064K), 0.0286390 secs]
[GC 271752K->13931K(2944064K), 0.0256700 secs]
[GC 269995K->15441K(2944064K), 0.0292270 secs]
[GC 271505K->16364K(2944064K), 0.0269020 secs]
[GC 272428K->19668K(2944064K), 0.0288240 secs]
[GC 275732K->22343K(2944064K), 0.0289920 secs]
[GC 278407K->19252K(2944064K), 0.0305430 secs]
[GC 275316K->20464K(2944064K), 0.0292330 secs]
[GC 276528K->19599K(2944064K), 0.0283820 secs]
[GC 275663K->17833K(2944064K), 0.0259930 secs]
[GC 273897K->14863K(2944064K), 0.0276040 secs]
 INFO  [pool-1-thread-1] {org.radargun.stressors.StressTestStressor} Finished generating report. Test duration is: 1 mins 0 secs
 INFO  [pool-1-thread-1] {org.radargun.stages.StressTestWarmupStage} The warmup took: 60 seconds.
 INFO  [pool-1-thread-1] {org.radargun.Slave} Finished stage: StressTestWarmup {bulkSize=1, cacheSpecificKeyGenerator=false, commitTransactions=true, duration=1 mins 0 secs, entrySize=1000, exitBenchmarkOnSlaveFailure=false, fixedKeys=true, generateHistogramRange=false, keyGeneratorClass=org.radargun.stressors.StringKeyGenerator, keyGeneratorParam=null, loadAllKeys=false, numEntries=100, numOfThreads=4, numRequests=10000, numThreads=4, numberOfAttributes=100, numberOfRequests=10000, opsCountStatusLog=100000, poolKeys=true, preferAsyncOperations=false, removePercentage=0, replaceInvalidPercentage=40, runOnAllSlaves=false, sharedKeys=false, sizeOfAnAttribute=1000, slaves=null, transactionSize=50, useAtomics=false, useHistogramStatistics=false, useSimpleStatistics=true, useSmartClassLoading=true, useTransactions=null, writePercentage=20, writeTxPercentage=20 }
 INFO  [main] {org.radargun.Slave} Ack successfully sent to the master
 INFO  [pool-1-thread-1] {org.radargun.Slave} Executing stage: ClearClusterStage {ClearCluster {exitBenchmarkOnSlaveFailure=false, runOnAllSlaves=false, slaves=[ 0 ], useSmartClassLoading=true }
 INFO  [pool-1-thread-1] {org.radargun.stages.ClearClusterStage} Before executing clear, memory looks like this: Memory - free: 2,800,801 kb - max:4,906,688 kb- total:2,944,064 kb
[Full GC 143262K->7352K(2944064K), 0.1631140 secs]
 INFO  [pool-1-thread-1] {org.radargun.stages.ClearClusterStage} After executing cleanup, memory looks like this: Memory - free: 2,935,037 kb - max:4,906,688 kb- total:2,944,320 kb
 INFO  [pool-1-thread-1] {org.radargun.Slave} Finished stage: ClearClusterStage {ClearCluster {exitBenchmarkOnSlaveFailure=false, runOnAllSlaves=false, slaves=[ 0 ], useSmartClassLoading=true }
 INFO  [main] {org.radargun.Slave} Ack successfully sent to the master
 INFO  [pool-1-thread-1] {org.radargun.Slave} Executing stage: StressTest {bulkSize=1, cacheSpecificKeyGenerator=false, commitTransactions=true, duration=1 mins 0 secs, entrySize=1000, exitBenchmarkOnSlaveFailure=false, fixedKeys=true, generateHistogramRange=false, keyGeneratorClass=org.radargun.stressors.StringKeyGenerator, keyGeneratorParam=null, loadAllKeys=false, numEntries=10000, numOfThreads=4, numRequests=10000000, numThreads=4, numberOfAttributes=10000, numberOfRequests=10000000, opsCountStatusLog=500000, poolKeys=true, preferAsyncOperations=false, removePercentage=0, replaceInvalidPercentage=40, runOnAllSlaves=false, sharedKeys=false, sizeOfAnAttribute=1000, slaves=null, transactionSize=10000, useAtomics=false, useHistogramStatistics=false, useSimpleStatistics=true, useSmartClassLoading=true, useTransactions=true, writePercentage=10, writeTxPercentage=5 }
 INFO  [pool-1-thread-1] {org.radargun.stages.StressTestStage} Starting StressTestStage: StressTest {bulkSize=1, cacheSpecificKeyGenerator=false, commitTransactions=true, duration=1 mins 0 secs, entrySize=1000, exitBenchmarkOnSlaveFailure=false, fixedKeys=true, generateHistogramRange=false, keyGeneratorClass=org.radargun.stressors.StringKeyGenerator, keyGeneratorParam=null, loadAllKeys=false, numEntries=10000, numOfThreads=4, numRequests=10000000, numThreads=4, numberOfAttributes=10000, numberOfRequests=10000000, opsCountStatusLog=500000, poolKeys=true, preferAsyncOperations=false, removePercentage=0, replaceInvalidPercentage=40, runOnAllSlaves=false, sharedKeys=false, sizeOfAnAttribute=1000, slaves=null, transactionSize=10000, useAtomics=false, useHistogramStatistics=false, useSimpleStatistics=true, useSmartClassLoading=true, useTransactions=true, writePercentage=10, writeTxPercentage=5 }
 INFO  [pool-1-thread-1] {org.radargun.stressors.StressTestStressor} Using key generator org.radargun.stressors.StringKeyGenerator, param null
 INFO  [pool-1-thread-1] {org.radargun.stressors.StressTestStressor} Executing: StressTestStressor{opsCountStatusLog=500000, numRequests=10000000, numEntries=10000, entrySize=1000, writePercentage=10, numThreads=4, cacheWrapper=org.radargun.cachewrappers.JBossCache3Wrapper@610f4a16, nodeIndex=3, useTransactions=true, transactionSize=10000, commitTransactions=true, durationMillis=60000}
 INFO  [pool-1-thread-1] {org.radargun.stressors.StressTestStressor} Cache wrapper info is: Num direct children: 30
[GC 263608K->20235K(2944320K), 0.0290440 secs]
[GC 276491K->34544K(2944320K), 0.0350430 secs]
[GC 290800K->50317K(2944320K), 0.0374800 secs]
[GC 306573K->63329K(2944320K), 0.0398650 secs]
[GC 319576K->70616K(2944320K), 0.0405620 secs]
[GC 326872K->72760K(2944320K), 0.0365380 secs]
[GC 329016K->82721K(2944320K), 0.0430600 secs]
[GC 338977K->107437K(2944320K), 0.0442530 secs]
[GC 363693K->131687K(2944320K), 0.0595120 secs]
[GC 387943K->98330K(2944320K), 0.0448050 secs]
[GC 354586K->135683K(2944320K), 0.0541140 secs]
[GC 391939K->115816K(2944320K), 0.0455550 secs]
[GC 372072K->132715K(2944320K), 0.0437460 secs]
[GC 388971K->154130K(2944320K), 0.0573050 secs]
[GC 410386K->132424K(2944320K), 0.0468640 secs]
[GC 388680K->141513K(2944320K), 0.0484870 secs]
[GC 397769K->170591K(2944320K), 0.0965430 secs]
[GC 426847K->148267K(2944320K), 0.0459440 secs]
[GC 404517K->172622K(2944320K), 0.0505020 secs]
[GC 428878K->170372K(2944320K), 0.0504420 secs]
[GC 426628K->184994K(2944320K), 0.0489690 secs]
[GC 441250K->181017K(2944320K), 0.0556040 secs]
[GC 437273K->185763K(2944320K), 0.0512370 secs]
[GC 442019K->190278K(2944320K), 0.0540190 secs]
[GC 446534K->194484K(2944320K), 0.0469790 secs]
[GC 450708K->207773K(2944320K), 0.0467440 secs]
[GC 464029K->182444K(2944320K), 0.0460120 secs]
[GC 438695K->193761K(2944320K), 0.0459320 secs]
[GC 449987K->198878K(2944320K), 0.0444540 secs]
[GC 455134K->192313K(2944320K), 0.0488570 secs]
[GC 448569K->196222K(2944320K), 0.0562320 secs]
[GC 452419K->199446K(2944320K), 0.0471910 secs]
[GC 455702K->217896K(2944320K), 0.0456410 secs]
[GC 474152K->219889K(2944320K), 0.0439330 secs]
[GC 476145K->222584K(2944320K), 0.0458280 secs]
[GC 478840K->224905K(2944320K), 0.0390100 secs]
[GC 481158K->213507K(2944320K), 0.0406480 secs]
[GC 469763K->229826K(2944320K), 0.0417380 secs]
[GC 486082K->217284K(2944320K), 0.0433820 secs]
[GC 473509K->219242K(2944320K), 0.0416320 secs]
[GC 475480K->234869K(2944320K), 0.0430170 secs]
[GC 491125K->238237K(2944320K), 0.0403630 secs]
[GC 494493K->241333K(2944320K), 0.0396440 secs]
[GC 497589K->245179K(2944320K), 0.0392490 secs]
[GC 501435K->247924K(2944320K), 0.0393460 secs]
[GC 504180K->238432K(2944320K), 0.0397960 secs]
[GC 494688K->254092K(2944320K), 0.0442380 secs]
[GC 510348K->244647K(2944320K), 0.0410520 secs]
[GC 500903K->247503K(2944320K), 0.0423390 secs]
[GC 503759K->263680K(2944320K), 0.0391700 secs]
[GC 519894K->266478K(2944320K), 0.0418560 secs]
[GC 522734K->257417K(2944320K), 0.0430510 secs]
[GC 513673K->272779K(2944320K), 0.0463310 secs]
[GC 529018K->275931K(2944320K), 0.0455980 secs]
[GC 532187K->266656K(2944320K), 0.0444850 secs]
[GC 522912K->269897K(2944320K), 0.0436400 secs]
[GC 526153K->285503K(2944320K), 0.0440810 secs]
[GC 541759K->289223K(2944320K), 0.0430520 secs]
[GC 545479K->292450K(2944320K), 0.0361520 secs]
[GC 548706K->295103K(2944320K), 0.0408320 secs]
[GC 551328K->298981K(2944320K), 0.0388250 secs]
 INFO  [pool-1-thread-1] {org.radargun.stressors.StressTestStressor} Started 4 stressor threads.
 INFO  [Stressor-2] {org.radargun.stressors.StressTestStressor} Number of ops executed so far: 1. Elapsed time: 0.001 secs. Remaining: 59.999 secs. Total: 1 mins 0 secs
[GC 555237K->315557K(2944320K), 0.0465160 secs]
[GC 571813K->337539K(2944320K), 0.0574620 secs]
[GC 593758K->378676K(2944320K), 0.0743080 secs]
[GC 634910K->401555K(2944320K), 0.0687570 secs]
[GC 657811K->398518K(2944320K), 0.0695670 secs]
[GC 654774K->413707K(2944320K), 0.0486090 secs]
[GC 669963K->431256K(2944320K), 0.0615410 secs]
[GC 687512K->413233K(2944320K), 0.0437050 secs]
[GC 669489K->446148K(2944320K), 0.0484730 secs]
[GC 702404K->473329K(2944320K), 0.0647110 secs]
[GC 729585K->492734K(2944320K), 0.0544100 secs]
[GC 748990K->525764K(2944320K), 0.0777790 secs]
 INFO  [Stressor-3] {org.radargun.stressors.StressTestStressor} Number of ops executed so far: 1900000. Elapsed time: 22.001 secs. Remaining: 37.999 secs. Total: 1 mins 0 secs
[GC 782020K->539220K(2944320K), 0.0677340 secs]
[GC 795395K->540025K(2944320K), 0.0579400 secs]
[GC 796233K->554208K(2944320K), 0.0474150 secs]
[GC 810464K->590275K(2944320K), 0.0651070 secs]
[GC 846531K->597600K(2944320K), 0.0570530 secs]
[GC 853856K->618699K(2944320K), 0.0605150 secs]
[GC 874955K->636473K(2944320K), 0.0595590 secs]
[GC 892729K->621362K(2944320K), 0.0557020 secs]
[GC 877618K->644972K(2944320K), 0.0454270 secs]
[GC 901228K->680304K(2944320K), 0.0488550 secs]
[GC 936551K->684031K(2944320K), 0.0568730 secs]
[GC 940267K->705204K(2944320K), 0.0626980 secs]
 INFO  [Stressor-3] {org.radargun.stressors.StressTestStressor} Number of ops executed so far: 3994074. Elapsed time: 42.001 secs. Remaining: 17.999 secs. Total: 1 mins 0 secs
[GC 961460K->691908K(2944320K), 0.0551110 secs]
[GC 948164K->717658K(2944320K), 0.0548280 secs]
[GC 973914K->729374K(2944320K), 0.0665990 secs]
[GC 985536K->742412K(2944320K), 0.0503120 secs]
[GC 998373K->774561K(2944320K), 0.0603770 secs]
[GC 1030817K->781822K(2944320K), 0.0584810 secs]
[GC 1038078K->777796K(2944320K), 0.0605140 secs]
[GC 1034052K->794261K(2944320K), 0.0476140 secs]
[GC 1050517K->837829K(2944320K), 0.0562650 secs]
 INFO  [pool-1-thread-1] {org.radargun.stressors.StressTestStressor} Finished generating report. Test duration is: 1 mins 34 secs
 INFO  [pool-1-thread-1] {org.radargun.stages.StressTestStage} size info: Num direct children: 30, clusterSize:6, nodeIndex:3, cacheSize: -1
 INFO  [pool-1-thread-1] {org.radargun.Slave} Finished stage: StressTest {bulkSize=1, cacheSpecificKeyGenerator=false, commitTransactions=true, duration=1 mins 0 secs, entrySize=1000, exitBenchmarkOnSlaveFailure=false, fixedKeys=true, generateHistogramRange=false, keyGeneratorClass=org.radargun.stressors.StringKeyGenerator, keyGeneratorParam=null, loadAllKeys=false, numEntries=10000, numOfThreads=4, numRequests=10000000, numThreads=4, numberOfAttributes=10000, numberOfRequests=10000000, opsCountStatusLog=500000, poolKeys=true, preferAsyncOperations=false, removePercentage=0, replaceInvalidPercentage=40, runOnAllSlaves=false, sharedKeys=false, sizeOfAnAttribute=1000, slaves=null, transactionSize=10000, useAtomics=false, useHistogramStatistics=false, useSimpleStatistics=true, useSmartClassLoading=true, useTransactions=true, writePercentage=10, writeTxPercentage=5 }
 INFO  [main] {org.radargun.Slave} Ack successfully sent to the master
 INFO  [main] {org.radargun.Slave} Master shutdown!
 INFO  [Thread-0] {org.radargun.ShutDownHook} Slave process is being shutdown
