/usr/java/jdk1.7.0_21/bin/java -server -Xmx1024M -Xms1024M -Dresolve.dns=false -Djgroups.timer.num_threads=4 -verbose:gc -Xmx5000M -Xms3000M -server -XX:+UseConcMarkSweepGC -XX:+AggressiveOpts -verbose:gc -XX:ParallelGCThreads=4 -XX:NewRatio=5 -XX:SurvivorRatio=2 -Dhazelcast.operation.thread.count=4 -Djava.net.preferIPv4Stack=true -Dlog4j.file.prefix=deimos-esw-7114 -Dbind.address= -Djgroups.bind_addr= -classpath /home/smf/github/radargun/target/distribution/RadarGun-1.1.0-SNAPSHOT/lib/activation-1.1.jar:/home/smf/github/radargun/target/distribution/RadarGun-1.1.0-SNAPSHOT/lib/commons-beanutils-1.8.0.jar:/home/smf/github/radargun/target/distribution/RadarGun-1.1.0-SNAPSHOT/lib/commons-digester-2.0.jar:/home/smf/github/radargun/target/distribution/RadarGun-1.1.0-SNAPSHOT/lib/commons-logging-1.1.1.jar:/home/smf/github/radargun/target/distribution/RadarGun-1.1.0-SNAPSHOT/lib/commons-math-1.2.jar:/home/smf/github/radargun/target/distribution/RadarGun-1.1.0-SNAPSHOT/lib/jboss-transaction-api-1.0.1.GA.jar:/home/smf/github/radargun/target/distribution/RadarGun-1.1.0-SNAPSHOT/lib/jcommon-1.0.15.jar:/home/smf/github/radargun/target/distribution/RadarGun-1.1.0-SNAPSHOT/lib/jfreechart-1.0.12.jar:/home/smf/github/radargun/target/distribution/RadarGun-1.1.0-SNAPSHOT/lib/log4j-1.2.14.jar:/home/smf/github/radargun/target/distribution/RadarGun-1.1.0-SNAPSHOT/lib/mail-1.4.2.jar:/home/smf/github/radargun/target/distribution/RadarGun-1.1.0-SNAPSHOT/lib/radargun-framework-1.1.0-SNAPSHOT.jar:/home/smf/github/radargun/target/distribution/RadarGun-1.1.0-SNAPSHOT/conf org.radargun.Slave -master 127.0.0.1:2103
--------------------------------------------------------------------------------
PerNodeRollingFileAppender::Using file prefix:deimos-esw-7114
 INFO  [main] {org.radargun.Slave} Attempting to connect to master 127.0.0.1:2103
 INFO  [main] {org.radargun.Slave} Successfully established connection with master at: 127.0.0.1:2103
Loading JARS from /home/smf/github/radargun/target/distribution/RadarGun-1.1.0-SNAPSHOT/lib/radargun-framework-1.1.0-SNAPSHOT.jar
 INFO  [pool-1-thread-1] {org.radargun.config.AnnotatedHelper} Loading JARS from /home/smf/github/radargun/target/distribution/RadarGun-1.1.0-SNAPSHOT/lib/radargun-framework-1.1.0-SNAPSHOT.jar
 INFO  [pool-1-thread-1] {org.radargun.config.AnnotatedHelper} Loading JARS from /home/smf/github/radargun/target/distribution/RadarGun-1.1.0-SNAPSHOT/lib/radargun-framework-1.1.0-SNAPSHOT.jar
 INFO  [pool-1-thread-1] {org.radargun.Slave} Executing stage: DestroyWrapper {enforceMemoryThrashHold=true, exitBenchmarkOnSlaveFailure=false, heapDumpDir=null, memoryThreshold=95, runOnAllSlaves=true, slaves=null, useSmartClassLoading=true }
 INFO  [pool-1-thread-1] {org.radargun.stages.DestroyWrapperStage} Received destroy cache wrapper request from master...
 INFO  [pool-1-thread-1] {org.radargun.stages.DestroyWrapperStage} No cache wrapper deployed on this slave, nothing to do.
 INFO  [pool-1-thread-1] {org.radargun.stages.DestroyWrapperStage} Before executing clear, memory looks like this: Memory - free: 2,928,638 kb - max:4,906,688 kb- total:2,944,000 kb
[Full GC 15361K->3631K(2944000K), 0.0806740 secs]
 INFO  [pool-1-thread-1] {org.radargun.stages.DestroyWrapperStage} After executing cleanup, memory looks like this: Memory - free: 2,935,311 kb - max:4,906,688 kb- total:2,944,064 kb
 INFO  [pool-1-thread-1] {org.radargun.Slave} Finished stage: DestroyWrapper {enforceMemoryThrashHold=true, exitBenchmarkOnSlaveFailure=false, heapDumpDir=null, memoryThreshold=95, runOnAllSlaves=true, slaves=null, useSmartClassLoading=true }
 INFO  [main] {org.radargun.Slave} Ack successfully sent to the master
 INFO  [pool-1-thread-1] {org.radargun.Slave} Executing stage: StartCluster {config=ispn52-repl-sync-rc.xml, delayAfterFirstSlaveStarts=5.000 secs, delayBetweenStartingSlaves=0.500 secs, exitBenchmarkOnSlaveFailure=true, expectNumSlaves=null, mayFailOn=null, reachable=null, runOnAllSlaves=false, slaves=null, staggerSlaveStartup=true, useSmartClassLoading=true, validateCluster=true }
 INFO  [pool-1-thread-1] {org.radargun.stages.StartClusterStage}  Startup staggering, starting 8 slaves. This is the slave with index 3. Sleeping for 6500 millis.
 INFO  [pool-1-thread-1] {org.radargun.stages.StartClusterStage} Ack master's StartCluster stage. Local address is: /127.0.0.1. This slave's index is: 3
 INFO  [pool-1-thread-1] {org.radargun.utils.ClassLoadHelper} Creating newInstance org.radargun.cachewrappers.FFWrapper with classloader java.net.URLClassLoader@6b4f7392
 INFO  [pool-1-thread-1] {org.radargun.cachewrappers.FFWrapper} config=ispn52-repl-sync-rc.xml, isLocal=false, nodeIndex=3, confAttributes={name=ispn52-repl-sync-rc.xml, decorate=infinispan52}
 INFO  [pool-1-thread-1] {org.radargun.cachewrappers.FFWrapper} Found fenix framework config options in 'rg-fenix-framework-config-options.properties'.
 INFO  [pool-1-thread-1] {org.radargun.cachewrappers.FFWrapper} Setting extra config properties for Fenix Framework.
 INFO  [pool-1-thread-1] {org.radargun.cachewrappers.FFWrapper} Will initialize Fenix Framework with RadarGunDataGridConfig
 TRACE [pool-1-thread-1] {pt.ist.fenixframework.FenixFramework} Static initializer block for FenixFramework class [BEGIN]
 INFO  [pool-1-thread-1] {pt.ist.fenixframework.FenixFramework} Trying auto-initialization with configuration by convention
 INFO  [pool-1-thread-1] {pt.ist.fenixframework.FenixFramework} Resource 'fenix-framework.properties' not found
 DEBUG [pool-1-thread-1] {pt.ist.fenixframework.FenixFramework} Fenix Framework properties after reading default config file:{}
 DEBUG [pool-1-thread-1] {pt.ist.fenixframework.FenixFramework} CurrentBackEndName = jvstm-datagrid
 INFO  [pool-1-thread-1] {pt.ist.fenixframework.FenixFramework} Resource 'fenix-framework-jvstm-datagrid.properties' not found
 DEBUG [pool-1-thread-1] {pt.ist.fenixframework.FenixFramework} Fenix Framework properties after reading backend config file:{}
 DEBUG [pool-1-thread-1] {pt.ist.fenixframework.FenixFramework} Fenix Framework properties after enforcing system properties:{}
 INFO  [pool-1-thread-1] {pt.ist.fenixframework.FenixFramework} Skipping configuration by convention.
 TRACE [pool-1-thread-1] {pt.ist.fenixframework.FenixFramework} Static initializer block for FenixFramework class [END]
 INFO  [pool-1-thread-1] {pt.ist.fenixframework.FenixFramework} Initializing Fenix Framework with config.class=pt.ist.fenixframework.backend.jvstm.datagrid.radargun.RadarGunDataGridConfig
 INFO  [pool-1-thread-1] {pt.ist.fenixframework.backend.jvstm.cluster.JvstmClusterBackEnd} initializeGroupCommunication()
 INFO  [pool-1-thread-1] {com.hazelcast.config.ClasspathXmlConfig} Configuring Hazelcast from 'hazelcast-ff.xml'.
 INFO  [pool-1-thread-1] {com.hazelcast.instance.DefaultAddressPicker} Interfaces is disabled, trying to pick one address from TCP-IP config addresses: [127.0.0.1]
 INFO  [pool-1-thread-1] {com.hazelcast.instance.DefaultAddressPicker} Picked Address[127.0.0.1]:5704, using socket ServerSocket[addr=/0.0.0.0,localport=5704], bind any local is true
 INFO  [pool-1-thread-1] {com.hazelcast.system} [127.0.0.1]:5704 [FenixFrameworkGroup] Hazelcast Community Edition 3.0-RC1 (20130627) starting at Address[127.0.0.1]:5704
 INFO  [pool-1-thread-1] {com.hazelcast.system} [127.0.0.1]:5704 [FenixFrameworkGroup] Copyright (C) 2008-2013 Hazelcast.com
 INFO  [pool-1-thread-1] {com.hazelcast.core.LifecycleService} [127.0.0.1]:5704 [FenixFrameworkGroup] Address[127.0.0.1]:5704 is STARTING
 INFO  [pool-1-thread-1] {com.hazelcast.cluster.TcpIpJoiner} [127.0.0.1]:5704 [FenixFrameworkGroup] Connecting to possible member: Address[127.0.0.1]:5703
 INFO  [pool-1-thread-1] {com.hazelcast.cluster.TcpIpJoiner} [127.0.0.1]:5704 [FenixFrameworkGroup] Connecting to possible member: Address[127.0.0.1]:5702
 INFO  [pool-1-thread-1] {com.hazelcast.cluster.TcpIpJoiner} [127.0.0.1]:5704 [FenixFrameworkGroup] Connecting to possible member: Address[127.0.0.1]:5701
 INFO  [hz._hzInstance_1_FenixFrameworkGroup.cached.thread-1] {com.hazelcast.nio.SocketConnector} [127.0.0.1]:5704 [FenixFrameworkGroup] Connecting to /127.0.0.1:5701, timeout: 0, bind-any: true
 INFO  [hz._hzInstance_1_FenixFrameworkGroup.cached.thread-2] {com.hazelcast.nio.SocketConnector} [127.0.0.1]:5704 [FenixFrameworkGroup] Connecting to /127.0.0.1:5703, timeout: 0, bind-any: true
 INFO  [hz._hzInstance_1_FenixFrameworkGroup.cached.thread-3] {com.hazelcast.nio.SocketConnector} [127.0.0.1]:5704 [FenixFrameworkGroup] Connecting to /127.0.0.1:5702, timeout: 0, bind-any: true
 INFO  [hz._hzInstance_1_FenixFrameworkGroup.cached.thread-2] {com.hazelcast.nio.TcpIpConnectionManager} [127.0.0.1]:5704 [FenixFrameworkGroup] 46104 accepted socket connection from /127.0.0.1:5703
 INFO  [hz._hzInstance_1_FenixFrameworkGroup.cached.thread-1] {com.hazelcast.nio.TcpIpConnectionManager} [127.0.0.1]:5704 [FenixFrameworkGroup] 33038 accepted socket connection from /127.0.0.1:5701
 INFO  [hz._hzInstance_1_FenixFrameworkGroup.cached.thread-3] {com.hazelcast.nio.TcpIpConnectionManager} [127.0.0.1]:5704 [FenixFrameworkGroup] 56108 accepted socket connection from /127.0.0.1:5702
 INFO  [hz._hzInstance_1_FenixFrameworkGroup.cached.thread-3] {com.hazelcast.cluster.ClusterService} [127.0.0.1]:5704 [FenixFrameworkGroup] 

Members [8] {
	Member [127.0.0.1]:5701
	Member [127.0.0.1]:5702
	Member [127.0.0.1]:5704 this
	Member [127.0.0.1]:5705
	Member [127.0.0.1]:5706
	Member [127.0.0.1]:5703
	Member [127.0.0.1]:5707
	Member [127.0.0.1]:5708
}

 INFO  [hz._hzInstance_1_FenixFrameworkGroup.cached.thread-11] {com.hazelcast.nio.SocketConnector} [127.0.0.1]:5704 [FenixFrameworkGroup] Connecting to /127.0.0.1:5705, timeout: 0, bind-any: true
 INFO  [hz._hzInstance_1_FenixFrameworkGroup.cached.thread-11] {com.hazelcast.nio.TcpIpConnectionManager} [127.0.0.1]:5704 [FenixFrameworkGroup] 40867 accepted socket connection from /127.0.0.1:5705
 INFO  [hz._hzInstance_1_FenixFrameworkGroup.cached.thread-4] {com.hazelcast.nio.SocketConnector} [127.0.0.1]:5704 [FenixFrameworkGroup] Connecting to /127.0.0.1:5706, timeout: 0, bind-any: true
 INFO  [hz._hzInstance_1_FenixFrameworkGroup.cached.thread-12] {com.hazelcast.nio.SocketConnector} [127.0.0.1]:5704 [FenixFrameworkGroup] Connecting to /127.0.0.1:5707, timeout: 0, bind-any: true
 INFO  [hz._hzInstance_1_FenixFrameworkGroup.cached.thread-11] {com.hazelcast.nio.SocketAcceptor} [127.0.0.1]:5704 [FenixFrameworkGroup] 5704 is accepting socket connection from /127.0.0.1:33594
 INFO  [hz._hzInstance_1_FenixFrameworkGroup.cached.thread-12] {com.hazelcast.nio.TcpIpConnectionManager} [127.0.0.1]:5704 [FenixFrameworkGroup] 54984 accepted socket connection from /127.0.0.1:5707
 INFO  [hz._hzInstance_1_FenixFrameworkGroup.cached.thread-9] {com.hazelcast.nio.SocketConnector} [127.0.0.1]:5704 [FenixFrameworkGroup] Connecting to /127.0.0.1:5708, timeout: 0, bind-any: true
 INFO  [hz._hzInstance_1_FenixFrameworkGroup.cached.thread-4] {com.hazelcast.nio.TcpIpConnectionManager} [127.0.0.1]:5704 [FenixFrameworkGroup] 53995 accepted socket connection from /127.0.0.1:5706
 INFO  [hz._hzInstance_1_FenixFrameworkGroup.cached.thread-10] {com.hazelcast.nio.SocketAcceptor} [127.0.0.1]:5704 [FenixFrameworkGroup] 5704 is accepting socket connection from /127.0.0.1:34040
 INFO  [hz._hzInstance_1_FenixFrameworkGroup.cached.thread-11] {com.hazelcast.nio.TcpIpConnectionManager} [127.0.0.1]:5704 [FenixFrameworkGroup] 5704 accepted socket connection from /127.0.0.1:33594
 INFO  [hz._hzInstance_1_FenixFrameworkGroup.cached.thread-9] {com.hazelcast.nio.TcpIpConnectionManager} [127.0.0.1]:5704 [FenixFrameworkGroup] 43427 accepted socket connection from /127.0.0.1:5708
 INFO  [hz._hzInstance_1_FenixFrameworkGroup.cached.thread-6] {com.hazelcast.nio.SocketAcceptor} [127.0.0.1]:5704 [FenixFrameworkGroup] 5704 is accepting socket connection from /127.0.0.1:32927
 INFO  [hz._hzInstance_1_FenixFrameworkGroup.cached.thread-10] {com.hazelcast.nio.TcpIpConnectionManager} [127.0.0.1]:5704 [FenixFrameworkGroup] 5704 accepted socket connection from /127.0.0.1:34040
 INFO  [hz._hzInstance_1_FenixFrameworkGroup.cached.thread-12] {com.hazelcast.nio.SocketAcceptor} [127.0.0.1]:5704 [FenixFrameworkGroup] 5704 is accepting socket connection from /127.0.0.1:39597
 INFO  [hz._hzInstance_1_FenixFrameworkGroup.cached.thread-6] {com.hazelcast.nio.TcpIpConnectionManager} [127.0.0.1]:5704 [FenixFrameworkGroup] 5704 accepted socket connection from /127.0.0.1:32927
 INFO  [hz._hzInstance_1_FenixFrameworkGroup.cached.thread-12] {com.hazelcast.nio.TcpIpConnectionManager} [127.0.0.1]:5704 [FenixFrameworkGroup] 5704 accepted socket connection from /127.0.0.1:39597
 INFO  [pool-1-thread-1] {com.hazelcast.core.LifecycleService} [127.0.0.1]:5704 [FenixFrameworkGroup] Address[127.0.0.1]:5704 is STARTED
 INFO  [pool-1-thread-1] {pt.ist.fenixframework.backend.jvstm.cluster.ClusterUtils} Got (long) serverId: 3
 INFO  [pool-1-thread-1] {pt.ist.fenixframework.backend.jvstm.cluster.JvstmClusterBackEnd} This is NOT the first node.
 INFO  [pool-1-thread-1] {pt.ist.fenixframework.backend.jvstm.cluster.ClusterUtils} Waiting for startup from first node
 INFO  [pool-1-thread-1] {pt.ist.fenixframework.backend.jvstm.JVSTMBackEnd} initializeRepository()
 INFO  [pool-1-thread-1] {pt.ist.fenixframework.backend.jvstm.datagrid.radargun.DataGridDecorator} config=ispn52-repl-sync-rc.xml, isLocal=false, nodeIndex=3, confAttributes={name=ispn52-repl-sync-rc.xml}
 INFO  [pool-1-thread-1] {org.radargun.cachewrappers.InfinispanXSWrapper} Cannot find any site for slave index 3
[GC 259695K->11326K(2944064K), 0.0415390 secs]
 INFO  [pool-1-thread-1] {org.infinispan.remoting.transport.jgroups.JGroupsTransport} ISPN000078: Starting JGroups Channel
 WARN  [pool-1-thread-1] {org.jgroups.protocols.UDP} [JGRP00014] the send buffer of socket DatagramSocket was set to 640KB, but the OS only allocated 229.38KB. This might lead to performance problems. Please set your max send buffer in the OS correctly (e.g. net.core.wmem_max on Linux)
 WARN  [pool-1-thread-1] {org.jgroups.protocols.UDP} [JGRP00014] the receive buffer of socket DatagramSocket was set to 20MB, but the OS only allocated 229.38KB. This might lead to performance problems. Please set your max receive buffer in the OS correctly (e.g. net.core.rmem_max on Linux)
 WARN  [pool-1-thread-1] {org.jgroups.protocols.UDP} [JGRP00014] the send buffer of socket MulticastSocket was set to 640KB, but the OS only allocated 229.38KB. This might lead to performance problems. Please set your max send buffer in the OS correctly (e.g. net.core.wmem_max on Linux)
 WARN  [pool-1-thread-1] {org.jgroups.protocols.UDP} [JGRP00014] the receive buffer of socket MulticastSocket was set to 25MB, but the OS only allocated 229.38KB. This might lead to performance problems. Please set your max receive buffer in the OS correctly (e.g. net.core.rmem_max on Linux)
 INFO  [pool-1-thread-1] {org.infinispan.remoting.transport.jgroups.JGroupsTransport} ISPN000094: Received new cluster view: [deimos-esw-17944|2] [deimos-esw-17944, deimos-esw-44775, deimos-esw-43446, deimos-esw-1561]
 INFO  [pool-1-thread-1] {org.infinispan.remoting.transport.jgroups.JGroupsTransport} ISPN000079: Cache local address is deimos-esw-1561, physical addresses are [127.0.0.1:52003]
 INFO  [pool-1-thread-1] {org.infinispan.factories.GlobalComponentRegistry} ISPN000128: Infinispan version: Infinispan 'Delirium' 5.2.6.Final
 INFO  [Incoming-4,deimos-esw-1561] {org.infinispan.remoting.transport.jgroups.JGroupsTransport} ISPN000094: Received new cluster view: [deimos-esw-17944|3] [deimos-esw-17944, deimos-esw-44775, deimos-esw-43446, deimos-esw-1561, deimos-esw-46158, deimos-esw-16693]
 INFO  [pool-1-thread-1] {org.infinispan.transaction.lookup.JBossStandaloneJTAManagerLookup} ISPN000107: Retrieving transaction manager Transaction: unknown
 INFO  [Incoming-4,deimos-esw-1561] {org.infinispan.remoting.transport.jgroups.JGroupsTransport} ISPN000094: Received new cluster view: [deimos-esw-17944|4] [deimos-esw-17944, deimos-esw-44775, deimos-esw-43446, deimos-esw-1561, deimos-esw-46158, deimos-esw-16693, deimos-esw-55930]
 INFO  [Incoming-4,deimos-esw-1561] {org.infinispan.remoting.transport.jgroups.JGroupsTransport} ISPN000094: Received new cluster view: [deimos-esw-17944|5] [deimos-esw-17944, deimos-esw-44775, deimos-esw-43446, deimos-esw-1561, deimos-esw-46158, deimos-esw-16693, deimos-esw-55930, deimos-esw-36443]
 INFO  [pool-1-thread-1] {org.infinispan.jmx.CacheJmxRegistration} ISPN000031: MBeans were successfully registered to the platform MBean server.
 INFO  [pool-1-thread-1] {org.radargun.cachewrappers.InfinispanXSWrapper} Using transaction manager: Transaction: unknown
 INFO  [pool-1-thread-1] {org.radargun.cachewrappers.InfinispanXSWrapper} No RELAY2 protocol in XS wrapper
 INFO  [pool-1-thread-1] {org.radargun.cachewrappers.InfinispanXSWrapper} JGroups version: JGroups 3.2.7.Final
 INFO  [pool-1-thread-1] {org.radargun.cachewrappers.InfinispanXSWrapper} Using config attributes: {name=ispn52-repl-sync-rc.xml}
 INFO  [pool-1-thread-1] {pt.ist.fenixframework.backend.jvstm.datagrid.DataGridRepository} Initialization marker is present. Data Grid already existed.
 INFO  [pool-1-thread-1] {pt.ist.fenixframework.backend.jvstm.JVSTMBackEnd} initializeDomainClassInfos
 INFO  [pool-1-thread-1] {pt.ist.fenixframework.backend.jvstm.pstm.DomainClassInfo} serverId: 3, serverOidBase: 3000000000000
 INFO  [pool-1-thread-1] {pt.ist.fenixframework.backend.jvstm.pstm.DomainClassInfo} Existing domain class 'pt.ist.fenixframework.adt.linkedlist.ListNode' with id '6'
 INFO  [pool-1-thread-1] {pt.ist.fenixframework.backend.jvstm.pstm.DomainClassInfo} Existing domain class 'pt.ist.fenixframework.adt.bplustree.BPlusTree' with id '7'
 INFO  [pool-1-thread-1] {pt.ist.fenixframework.backend.jvstm.pstm.DomainClassInfo} Existing domain class 'pt.ist.fenixframework.DomainRoot' with id '0'
 INFO  [pool-1-thread-1] {pt.ist.fenixframework.backend.jvstm.pstm.DomainClassInfo} Existing domain class 'pt.ist.fenixframework.adt.bplustree.LeafNode' with id '4'
 INFO  [pool-1-thread-1] {pt.ist.fenixframework.backend.jvstm.pstm.DomainClassInfo} Existing domain class 'pt.ist.fenixframework.backend.jvstm.pstm.TransactionStatisticsEntry' with id '5'
 INFO  [pool-1-thread-1] {pt.ist.fenixframework.backend.jvstm.pstm.DomainClassInfo} Existing domain class 'pt.ist.fenixframework.adt.linkedlist.LinkedList' with id '9'
 INFO  [pool-1-thread-1] {pt.ist.fenixframework.backend.jvstm.pstm.DomainClassInfo} Existing domain class 'pt.ist.fenixframework.adt.bplustree.AbstractNodeArray' with id 'a'
 INFO  [pool-1-thread-1] {pt.ist.fenixframework.backend.jvstm.pstm.DomainClassInfo} Existing domain class 'pt.ist.fenixframework.adt.bplustree.AbstractNode' with id 'f'
 INFO  [pool-1-thread-1] {pt.ist.fenixframework.backend.jvstm.pstm.DomainClassInfo} Existing domain class 'pt.ist.fenixframework.backend.jvstm.pstm.FenixFrameworkData' with id 'd'
 INFO  [pool-1-thread-1] {pt.ist.fenixframework.backend.jvstm.pstm.DomainClassInfo} Existing domain class 'pt.ist.fenixframework.adt.bplustree.LeafNodeArray' with id 'c'
 INFO  [pool-1-thread-1] {pt.ist.fenixframework.backend.jvstm.pstm.DomainClassInfo} Existing domain class 'pt.ist.fenixframework.adt.bplustree.InnerNodeArray' with id 'b'
 INFO  [pool-1-thread-1] {pt.ist.fenixframework.backend.jvstm.pstm.DomainClassInfo} Existing domain class 'pt.ist.fenixframework.adt.bplustree.DomainLeafNode' with id '1'
 INFO  [pool-1-thread-1] {pt.ist.fenixframework.backend.jvstm.pstm.DomainClassInfo} Existing domain class 'pt.ist.fenixframework.adt.bplustree.DomainBPlusTree' with id 'e'
 INFO  [pool-1-thread-1] {pt.ist.fenixframework.backend.jvstm.pstm.DomainClassInfo} Existing domain class 'pt.ist.fenixframework.adt.bplustree.BPlusTreeArray' with id '2'
 INFO  [pool-1-thread-1] {pt.ist.fenixframework.backend.jvstm.pstm.DomainClassInfo} Existing domain class 'pt.ist.fenixframework.adt.bplustree.DomainInnerNode' with id '3'
 INFO  [pool-1-thread-1] {pt.ist.fenixframework.backend.jvstm.pstm.DomainClassInfo} Existing domain class 'pt.ist.fenixframework.adt.bplustree.InnerNode' with id '8'
 INFO  [pool-1-thread-1] {pt.ist.fenixframework.backend.jvstm.JVSTMBackEnd} setupJVSTM
 INFO  [pool-1-thread-1] {pt.ist.fenixframework.backend.jvstm.JVSTMBackEnd} Setting the last committed TX number to 2
 INFO  [pool-1-thread-1] {pt.ist.fenixframework.backend.jvstm.JVSTMBackEnd} createDomainRootIfNeeded
 INFO  [pool-1-thread-1] {pt.ist.fenixframework.backend.jvstm.JVSTMBackEnd} ensureFenixFrameworkDataExists
 INFO  [pool-1-thread-1] {pt.ist.fenixframework.hibernatesearch.HibernateSearchConfig} Resource 'fenix-framework-hibernate-search.properties' not found. Hibernate Search disabled
 INFO  [pool-1-thread-1] {pt.ist.fenixframework.FenixFramework} Initialization of Fenix Framework is now complete.
 INFO  [pool-1-thread-1] {org.radargun.cachewrappers.FFWrapper} FF STARTED=true
 INFO  [pool-1-thread-1] {org.radargun.stages.helpers.StartHelper} Number of members is the one expected: 8
 INFO  [pool-1-thread-1] {org.radargun.stages.StartClusterStage} Successfully started cache wrapper on slave 3: org.radargun.cachewrappers.FFWrapper@75094c7b
 INFO  [pool-1-thread-1] {org.radargun.Slave} Finished stage: StartCluster {config=ispn52-repl-sync-rc.xml, delayAfterFirstSlaveStarts=5.000 secs, delayBetweenStartingSlaves=0.500 secs, exitBenchmarkOnSlaveFailure=true, expectNumSlaves=null, mayFailOn=null, reachable=null, runOnAllSlaves=false, slaves=null, staggerSlaveStartup=true, useSmartClassLoading=true, validateCluster=true }
 INFO  [main] {org.radargun.Slave} Ack successfully sent to the master
 INFO  [pool-1-thread-1] {org.radargun.Slave} Executing stage: ClusterValidation {exitBenchmarkOnSlaveFailure=false, partialReplication=false, replicationTimeSleep=2000, replicationTryCount=60, runOnAllSlaves=false, slaves=null, useSmartClassLoading=true }
 INFO  [pool-1-thread-1] {org.radargun.stages.ClusterValidationStage} Number of caches that replicated here is 4
 INFO  [pool-1-thread-1] {org.radargun.stages.ClusterValidationStage} Replication test failed, 1 tries so far. Sleeping for 2 seconds and trying again.
 INFO  [pool-1-thread-1] {org.radargun.stages.ClusterValidationStage} Number of caches that replicated here is 7
 INFO  [pool-1-thread-1] {org.radargun.stages.ClusterValidationStage} Replication test successfully passed. partialReplication? false, replicationCount = 7
 INFO  [pool-1-thread-1] {org.radargun.stages.ClusterValidationStage} Confirm phase successful.
 INFO  [pool-1-thread-1] {org.radargun.Slave} Finished stage: ClusterValidation {exitBenchmarkOnSlaveFailure=false, partialReplication=false, replicationTimeSleep=2000, replicationTryCount=60, runOnAllSlaves=false, slaves=[ 0, 1, 2, 3, 4, 5, 6, 7 ], useSmartClassLoading=true }
 INFO  [main] {org.radargun.Slave} Ack successfully sent to the master
 INFO  [pool-1-thread-1] {org.radargun.Slave} Executing stage: StressTestWarmup {bulkSize=1, cacheSpecificKeyGenerator=false, commitTransactions=true, duration=1 mins 0 secs, entrySize=1000, exitBenchmarkOnSlaveFailure=false, fixedKeys=true, generateHistogramRange=false, keyGeneratorClass=org.radargun.stressors.StringKeyGenerator, keyGeneratorParam=null, loadAllKeys=false, numEntries=100, numOfThreads=4, numRequests=10000, numThreads=4, numberOfAttributes=100, numberOfRequests=10000, opsCountStatusLog=100000, poolKeys=true, preferAsyncOperations=false, removePercentage=0, replaceInvalidPercentage=40, runOnAllSlaves=false, sharedKeys=false, sizeOfAnAttribute=1000, slaves=null, transactionSize=50, useAtomics=false, useHistogramStatistics=false, useSimpleStatistics=true, useSmartClassLoading=true, useTransactions=null, writePercentage=20, writeTxPercentage=20 }
 INFO  [pool-1-thread-1] {org.radargun.stages.StressTestWarmupStage} Starting StressTestWarmupStage: StressTestWarmup {bulkSize=1, cacheSpecificKeyGenerator=false, commitTransactions=true, duration=1 mins 0 secs, entrySize=1000, exitBenchmarkOnSlaveFailure=false, fixedKeys=true, generateHistogramRange=false, keyGeneratorClass=org.radargun.stressors.StringKeyGenerator, keyGeneratorParam=null, loadAllKeys=false, numEntries=100, numOfThreads=4, numRequests=10000, numThreads=4, numberOfAttributes=100, numberOfRequests=10000, opsCountStatusLog=100000, poolKeys=true, preferAsyncOperations=false, removePercentage=0, replaceInvalidPercentage=40, runOnAllSlaves=false, sharedKeys=false, sizeOfAnAttribute=1000, slaves=null, transactionSize=50, useAtomics=false, useHistogramStatistics=false, useSimpleStatistics=true, useSmartClassLoading=true, useTransactions=null, writePercentage=20, writeTxPercentage=20 }
 INFO  [pool-1-thread-1] {org.radargun.stressors.StressTestStressor} Using key generator org.radargun.stressors.StringKeyGenerator, param null
 INFO  [pool-1-thread-1] {org.radargun.stressors.StressTestStressor} Executing: StressTestStressor{opsCountStatusLog=100000, numRequests=10000, numEntries=100, entrySize=1000, writePercentage=20, numThreads=4, cacheWrapper=org.radargun.cachewrappers.FFWrapper@75094c7b, nodeIndex=3, useTransactions=true, transactionSize=50, commitTransactions=true, durationMillis=60000}
 INFO  [pool-1-thread-1] {org.radargun.stressors.StressTestStressor} Cache wrapper info is: FFWrapper using infinispan52
[GC 267390K->21528K(2944064K), 0.0531270 secs]
[GC 277592K->17380K(2944064K), 0.0368120 secs]
 INFO  [pool-1-thread-1] {org.radargun.stressors.StressTestStressor} Started 4 stressor threads.
 INFO  [Stressor-1] {org.radargun.stressors.StressTestStressor} Number of ops executed so far: 1. Elapsed time: 0.001 secs. Remaining: 59.999 secs. Total: 1 mins 0 secs
[GC 273444K->19538K(2944064K), 0.0387410 secs]
[GC 275602K->27476K(2944064K), 0.0420650 secs]
[GC 283540K->33571K(2944064K), 0.0444710 secs]
[GC 289635K->39544K(2944064K), 0.0468610 secs]
 INFO  [Stressor-2] {org.radargun.stressors.StressTestStressor} Number of ops executed so far: 32550. Elapsed time: 20.036 secs. Remaining: 39.964 secs. Total: 1 mins 0 secs
[GC 295608K->56024K(2944064K), 0.0511520 secs]
[GC 312088K->62719K(2944064K), 0.0488510 secs]
[GC 318783K->69179K(2944064K), 0.0500970 secs]
[GC 325243K->76166K(2944064K), 0.0526940 secs]
 INFO  [Stressor-1] {org.radargun.stressors.StressTestStressor} Number of ops executed so far: 100100. Elapsed time: 40.036 secs. Remaining: 19.964 secs. Total: 1 mins 0 secs
[GC 332230K->80426K(2944064K), 0.0524840 secs]
[GC 336490K->73859K(2944064K), 0.0510410 secs]
[GC 329923K->78212K(2944064K), 0.0528700 secs]
[GC 334276K->98328K(2944064K), 0.0547630 secs]
[GC 354392K->109547K(2944064K), 0.0664340 secs]
 INFO  [Stressor-2] {org.radargun.stressors.StressTestStressor} Number of ops executed so far: 173500. Elapsed time: 1 mins 0 secs. Remaining: 0.000 secs. Total: 1 mins 0 secs
 INFO  [pool-1-thread-1] {org.radargun.stressors.StressTestStressor} Finished generating report. Test duration is: 1 mins 14 secs
 INFO  [pool-1-thread-1] {org.radargun.stages.StressTestWarmupStage} The warmup took: 74 seconds.
 INFO  [pool-1-thread-1] {org.radargun.Slave} Finished stage: StressTestWarmup {bulkSize=1, cacheSpecificKeyGenerator=false, commitTransactions=true, duration=1 mins 0 secs, entrySize=1000, exitBenchmarkOnSlaveFailure=false, fixedKeys=true, generateHistogramRange=false, keyGeneratorClass=org.radargun.stressors.StringKeyGenerator, keyGeneratorParam=null, loadAllKeys=false, numEntries=100, numOfThreads=4, numRequests=10000, numThreads=4, numberOfAttributes=100, numberOfRequests=10000, opsCountStatusLog=100000, poolKeys=true, preferAsyncOperations=false, removePercentage=0, replaceInvalidPercentage=40, runOnAllSlaves=false, sharedKeys=false, sizeOfAnAttribute=1000, slaves=null, transactionSize=50, useAtomics=false, useHistogramStatistics=false, useSimpleStatistics=true, useSmartClassLoading=true, useTransactions=null, writePercentage=20, writeTxPercentage=20 }
 INFO  [main] {org.radargun.Slave} Ack successfully sent to the master
[GC 365611K->87267K(2944064K), 0.0625400 secs]
 WARN  [hz._hzInstance_1_FenixFrameworkGroup.event] {com.hazelcast.spi.EventService} [127.0.0.1]:5704 [FenixFrameworkGroup] Caution: Off-load event processing to your own thread-pool, don't use event thread!
[GC 343331K->93372K(2944064K), 0.0592740 secs]
[GC 349429K->87005K(2944064K), 0.0556530 secs]
[GC 343069K->86513K(2944064K), 0.0541340 secs]
[GC 342577K->107345K(2944064K), 0.0593890 secs]
[GC 363409K->131472K(2944064K), 0.0587930 secs]
[GC 387536K->145358K(2944064K), 0.0699640 secs]
[GC 401422K->120268K(2944064K), 0.0673550 secs]
[GC 376332K->152175K(2944064K), 0.0621930 secs]
[GC 408239K->169615K(2944064K), 0.0674850 secs]
[GC 425679K->147302K(2944064K), 0.0731320 secs]
 WARN  [hz._hzInstance_1_FenixFrameworkGroup.event] {com.hazelcast.spi.EventService} [127.0.0.1]:5704 [FenixFrameworkGroup] Caution: Off-load event processing to your own thread-pool, don't use event thread!
[GC 403355K->190427K(2944064K), 0.0817970 secs]
[GC 446491K->221952K(2944064K), 0.0857610 secs]
 INFO  [pool-1-thread-1] {org.radargun.Slave} Executing stage: ClearClusterStage {ClearCluster {exitBenchmarkOnSlaveFailure=false, runOnAllSlaves=false, slaves=[ 0 ], useSmartClassLoading=true }
 INFO  [pool-1-thread-1] {org.radargun.stages.ClearClusterStage} Before executing clear, memory looks like this: Memory - free: 2,649,720 kb - max:4,906,688 kb- total:2,944,064 kb
[Full GC 294343K->177506K(2944064K), 0.7233100 secs]
 INFO  [pool-1-thread-1] {org.radargun.stages.ClearClusterStage} After executing cleanup, memory looks like this: Memory - free: 2,765,432 kb - max:4,906,688 kb- total:2,944,192 kb
 INFO  [pool-1-thread-1] {org.radargun.Slave} Finished stage: ClearClusterStage {ClearCluster {exitBenchmarkOnSlaveFailure=false, runOnAllSlaves=false, slaves=[ 0 ], useSmartClassLoading=true }
 INFO  [main] {org.radargun.Slave} Ack successfully sent to the master
 INFO  [pool-1-thread-1] {org.radargun.Slave} Executing stage: StressTest {bulkSize=1, cacheSpecificKeyGenerator=false, commitTransactions=true, duration=1 mins 0 secs, entrySize=1000, exitBenchmarkOnSlaveFailure=false, fixedKeys=true, generateHistogramRange=false, keyGeneratorClass=org.radargun.stressors.StringKeyGenerator, keyGeneratorParam=null, loadAllKeys=false, numEntries=10000, numOfThreads=4, numRequests=10000000, numThreads=4, numberOfAttributes=10000, numberOfRequests=10000000, opsCountStatusLog=500000, poolKeys=true, preferAsyncOperations=false, removePercentage=0, replaceInvalidPercentage=40, runOnAllSlaves=false, sharedKeys=false, sizeOfAnAttribute=1000, slaves=null, transactionSize=10000, useAtomics=false, useHistogramStatistics=false, useSimpleStatistics=true, useSmartClassLoading=true, useTransactions=true, writePercentage=10, writeTxPercentage=5 }
 INFO  [pool-1-thread-1] {org.radargun.stages.StressTestStage} Starting StressTestStage: StressTest {bulkSize=1, cacheSpecificKeyGenerator=false, commitTransactions=true, duration=1 mins 0 secs, entrySize=1000, exitBenchmarkOnSlaveFailure=false, fixedKeys=true, generateHistogramRange=false, keyGeneratorClass=org.radargun.stressors.StringKeyGenerator, keyGeneratorParam=null, loadAllKeys=false, numEntries=10000, numOfThreads=4, numRequests=10000000, numThreads=4, numberOfAttributes=10000, numberOfRequests=10000000, opsCountStatusLog=500000, poolKeys=true, preferAsyncOperations=false, removePercentage=0, replaceInvalidPercentage=40, runOnAllSlaves=false, sharedKeys=false, sizeOfAnAttribute=1000, slaves=null, transactionSize=10000, useAtomics=false, useHistogramStatistics=false, useSimpleStatistics=true, useSmartClassLoading=true, useTransactions=true, writePercentage=10, writeTxPercentage=5 }
 INFO  [pool-1-thread-1] {org.radargun.stressors.StressTestStressor} Using key generator org.radargun.stressors.StringKeyGenerator, param null
 INFO  [pool-1-thread-1] {org.radargun.stressors.StressTestStressor} Executing: StressTestStressor{opsCountStatusLog=500000, numRequests=10000000, numEntries=10000, entrySize=1000, writePercentage=10, numThreads=4, cacheWrapper=org.radargun.cachewrappers.FFWrapper@75094c7b, nodeIndex=3, useTransactions=true, transactionSize=10000, commitTransactions=true, durationMillis=60000}
 INFO  [pool-1-thread-1] {org.radargun.stressors.StressTestStressor} Cache wrapper info is: FFWrapper using infinispan52
[GC 433698K->257336K(2944192K), 0.0421750 secs]
[GC 513528K->198273K(2944192K), 0.0400750 secs]
[GC 454465K->195529K(2944192K), 0.0478300 secs]
[GC 451721K->195989K(2944192K), 0.0462170 secs]
[GC 452181K->202264K(2944192K), 0.0390430 secs]
[GC 458456K->213178K(2944192K), 0.0428270 secs]
[GC 469370K->215437K(2944192K), 0.0427910 secs]
[GC 471629K->222499K(2944192K), 0.0428800 secs]
[GC 478691K->229693K(2944192K), 0.0450290 secs]
[GC 485885K->228808K(2944192K), 0.0420030 secs]
[GC 485000K->227689K(2944192K), 0.0437510 secs]
[GC 483881K->232248K(2944192K), 0.0591100 secs]
[GC 488440K->238022K(2944192K), 0.0477760 secs]
[GC 494214K->244332K(2944192K), 0.0527890 secs]
[GC 500524K->250829K(2944192K), 0.0497770 secs]
[GC 507021K->250820K(2944192K), 0.0628760 secs]
[GC 507012K->253879K(2944192K), 0.0647650 secs]
[GC 510071K->258742K(2944192K), 0.0551150 secs]
[GC 514934K->264485K(2944192K), 0.0558910 secs]
[GC 520677K->270458K(2944192K), 0.0540280 secs]
[GC 526650K->269747K(2944192K), 0.0693930 secs]
[GC 525939K->261824K(2944192K), 0.0559780 secs]
[GC 518016K->272184K(2944192K), 0.0688500 secs]
[GC 528376K->279325K(2944192K), 0.0795510 secs]
[GC 535517K->285187K(2944192K), 0.0562950 secs]
[GC 541379K->276993K(2944192K), 0.0717360 secs]
[GC 533185K->276605K(2944192K), 0.0596050 secs]
 WARN  [hz._hzInstance_1_FenixFrameworkGroup.event] {com.hazelcast.spi.EventService} [127.0.0.1]:5704 [FenixFrameworkGroup] Caution: Off-load event processing to your own thread-pool, don't use event thread!
[GC 532797K->287322K(2944192K), 0.0725600 secs]
[GC 543514K->294393K(2944192K), 0.0549860 secs]
[GC 550585K->300883K(2944192K), 0.0595450 secs]
[GC 557075K->283103K(2944192K), 0.0528940 secs]
[GC 539295K->303062K(2944192K), 0.0546640 secs]
[GC 559254K->314970K(2944192K), 0.0578480 secs]
[GC 571162K->322595K(2944192K), 0.0577720 secs]
[GC 578787K->299956K(2944192K), 0.0520090 secs]
[GC 556148K->308661K(2944192K), 0.0545770 secs]
[GC 564853K->311928K(2944192K), 0.0567420 secs]
[GC 568120K->330681K(2944192K), 0.0560390 secs]
[GC 586873K->307745K(2944192K), 0.0541800 secs]
[GC 563937K->320301K(2944192K), 0.0519650 secs]
[GC 576493K->320345K(2944192K), 0.0533990 secs]
[GC 576537K->324975K(2944192K), 0.0540080 secs]
[GC 581167K->344271K(2944192K), 0.0527410 secs]
[GC 600463K->321330K(2944192K), 0.0516400 secs]
[GC 577522K->322037K(2944192K), 0.0670810 secs]
 INFO  [pool-1-thread-1] {org.radargun.stressors.StressTestStressor} Started 4 stressor threads.
 INFO  [Stressor-3] {org.radargun.stressors.StressTestStressor} Number of ops executed so far: 1. Elapsed time: 0.001 secs. Remaining: 59.999 secs. Total: 1 mins 0 secs
[GC 578229K->339044K(2944192K), 0.0613060 secs]
[GC 595236K->363701K(2944192K), 0.0672690 secs]
[GC 619877K->366210K(2944192K), 0.0678230 secs]
[GC 622360K->398629K(2944192K), 0.0659780 secs]
[GC 654821K->388069K(2944192K), 0.0832680 secs]
[GC 644261K->383884K(2944192K), 0.0673380 secs]
[GC 640076K->393259K(2944192K), 0.0677810 secs]
[GC 649451K->423459K(2944192K), 0.0772200 secs]
[GC 679651K->408569K(2944192K), 0.0717280 secs]
[GC 664761K->427927K(2944192K), 0.0560250 secs]
[GC 684103K->428753K(2944192K), 0.0664070 secs]
[GC 684945K->457878K(2944192K), 0.0686410 secs]
[GC 714070K->457563K(2944192K), 0.0814130 secs]
[GC 713755K->463728K(2944192K), 0.0501090 secs]
[GC 718004K->454396K(2944192K), 0.0489430 secs]
[GC 710588K->457535K(2944192K), 0.0476290 secs]
[GC 712630K->494840K(2944192K), 0.0623310 secs]
[GC 748768K->490982K(2944192K), 0.0747960 secs]
[GC 747174K->496966K(2944192K), 0.0528520 secs]
[GC 749994K->525436K(2944192K), 0.0565710 secs]
 INFO  [Stressor-0] {org.radargun.stressors.StressTestStressor} Number of ops executed so far: 5269922. Elapsed time: 20.001 secs. Remaining: 39.999 secs. Total: 1 mins 0 secs
[GC 781628K->504893K(2944192K), 0.0595240 secs]
[GC 760136K->514764K(2944192K), 0.0701190 secs]
[GC 770956K->527323K(2944192K), 0.0575690 secs]
[GC 783515K->557303K(2944192K), 0.0620180 secs]
[GC 813427K->539672K(2944192K), 0.0676130 secs]
[GC 795864K->570552K(2944192K), 0.0535660 secs]
[GC 826744K->586052K(2944192K), 0.0608820 secs]
[GC 842244K->565648K(2944192K), 0.0586250 secs]
[GC 821840K->585429K(2944192K), 0.0707420 secs]
[GC 841621K->586694K(2944192K), 0.0552640 secs]
[GC 842886K->615784K(2944192K), 0.0600000 secs]
[GC 871976K->616658K(2944192K), 0.0691710 secs]
[GC 871122K->612805K(2944192K), 0.0512240 secs]
[GC 868997K->622130K(2944192K), 0.0617920 secs]
[GC 878322K->618330K(2944192K), 0.0477930 secs]
[GC 874130K->632735K(2944192K), 0.0490060 secs]
[GC 888902K->649424K(2944192K), 0.0542090 secs]
[GC 905571K->668270K(2944192K), 0.0630430 secs]
[GC 924462K->668090K(2944192K), 0.0539570 secs]
[GC 924274K->670243K(2944192K), 0.0607070 secs]
 WARN  [hz._hzInstance_1_FenixFrameworkGroup.event] {com.hazelcast.spi.EventService} [127.0.0.1]:5704 [FenixFrameworkGroup] Caution: Off-load event processing to your own thread-pool, don't use event thread!
[GC 926435K->692092K(2944192K), 0.0632830 secs]
[GC 948284K->687373K(2944192K), 0.0641970 secs]
 INFO  [Stressor-0] {org.radargun.stressors.StressTestStressor} Number of ops executed so far: 10278377. Elapsed time: 40.001 secs. Remaining: 19.999 secs. Total: 1 mins 0 secs
[GC 943565K->683354K(2944192K), 0.0555170 secs]
[GC 939507K->709976K(2944192K), 0.0527590 secs]
[GC 966168K->713018K(2944192K), 0.0652000 secs]
[GC 969210K->732832K(2944192K), 0.0553080 secs]
[GC 989024K->718779K(2944192K), 0.0678410 secs]
[GC 974964K->757794K(2944192K), 0.0579910 secs]
[GC 1013986K->738221K(2944192K), 0.0685960 secs]
[GC 994367K->755200K(2944192K), 0.0519040 secs]
[GC 1010855K->773693K(2944192K), 0.0570360 secs]
[GC 1027028K->769016K(2944192K), 0.0751040 secs]
[GC 1025208K->769936K(2944192K), 0.0643150 secs]
[GC 1026128K->817578K(2944192K), 0.0639170 secs]
[GC 1073758K->820160K(2944192K), 0.0810590 secs]
 WARN  [hz._hzInstance_1_FenixFrameworkGroup.event] {com.hazelcast.spi.EventService} [127.0.0.1]:5704 [FenixFrameworkGroup] Caution: Off-load event processing to your own thread-pool, don't use event thread!
[GC 1076352K->813970K(2944192K), 0.0555000 secs]
[GC 1070162K->829623K(2944192K), 0.0525170 secs]
[GC 1085815K->849089K(2944192K), 0.0546830 secs]
[GC 1105281K->867457K(2944192K), 0.0630800 secs]
[GC 1123649K->851984K(2944192K), 0.0607310 secs]
[GC 1108176K->886307K(2944192K), 0.0649130 secs]
[GC 1142499K->886361K(2944192K), 0.0691290 secs]
[GC 1142553K->874007K(2944192K), 0.0562310 secs]
 INFO  [Stressor-2] {org.radargun.stressors.StressTestStressor} Number of ops executed so far: 14981213. Elapsed time: 1 mins 0 secs. Remaining: 0.000 secs. Total: 1 mins 0 secs
 INFO  [pool-1-thread-1] {org.radargun.stressors.StressTestStressor} Finished generating report. Test duration is: 4 mins 59 secs
 INFO  [pool-1-thread-1] {org.radargun.stages.StressTestStage} size info: FFWrapper using infinispan52, clusterSize:8, nodeIndex:3, cacheSize: -1
 INFO  [pool-1-thread-1] {org.radargun.Slave} Finished stage: StressTest {bulkSize=1, cacheSpecificKeyGenerator=false, commitTransactions=true, duration=1 mins 0 secs, entrySize=1000, exitBenchmarkOnSlaveFailure=false, fixedKeys=true, generateHistogramRange=false, keyGeneratorClass=org.radargun.stressors.StringKeyGenerator, keyGeneratorParam=null, loadAllKeys=false, numEntries=10000, numOfThreads=4, numRequests=10000000, numThreads=4, numberOfAttributes=10000, numberOfRequests=10000000, opsCountStatusLog=500000, poolKeys=true, preferAsyncOperations=false, removePercentage=0, replaceInvalidPercentage=40, runOnAllSlaves=false, sharedKeys=false, sizeOfAnAttribute=1000, slaves=null, transactionSize=10000, useAtomics=false, useHistogramStatistics=false, useSimpleStatistics=true, useSmartClassLoading=true, useTransactions=true, writePercentage=10, writeTxPercentage=5 }
 INFO  [main] {org.radargun.Slave} Ack successfully sent to the master
[GC 1130199K->902090K(2944192K), 0.0541910 secs]
[GC 1158282K->874762K(2944192K), 0.0526330 secs]
[GC 1130954K->878985K(2944192K), 0.0500830 secs]
[GC 1135177K->894010K(2944192K), 0.0484850 secs]
[GC 1150202K->856628K(2944192K), 0.0431750 secs]
[GC 1112820K->884445K(2944192K), 0.0446560 secs]
[GC 1140637K->860953K(2944192K), 0.0498870 secs]
[GC 1117145K->893003K(2944192K), 0.0539530 secs]
[GC 1149195K->866789K(2944192K), 0.0555330 secs]
[GC 1122981K->901103K(2944192K), 0.0555570 secs]
[GC 1157295K->880673K(2944192K), 0.0610430 secs]
[GC 1136865K->909916K(2944192K), 0.0586230 secs]
[GC 1166108K->889543K(2944192K), 0.0651040 secs]
[GC 1145735K->907968K(2944192K), 0.0611680 secs]
[GC 1164160K->896007K(2944192K), 0.0640390 secs]
 WARN  [hz._hzInstance_1_FenixFrameworkGroup.event] {com.hazelcast.spi.EventService} [127.0.0.1]:5704 [FenixFrameworkGroup] Caution: Off-load event processing to your own thread-pool, don't use event thread!
[GC 1152199K->895379K(2944192K), 0.0587190 secs]
[GC 1151571K->898602K(2944192K), 0.0602700 secs]
[GC 1154794K->901065K(2944192K), 0.0608050 secs]
[GC 1157257K->903023K(2944192K), 0.0599910 secs]
[GC 1157483K->924427K(2944192K), 0.0549280 secs]
[GC 1180614K->925555K(2944192K), 0.0614790 secs]
[GC 1181747K->946483K(2944192K), 0.0684600 secs]
[GC 1202655K->987650K(2944192K), 0.0763810 secs]
[GC 1243842K->973696K(2944192K), 0.0974880 secs]
[GC 1229888K->980076K(2944192K), 0.0872150 secs]
[GC 1236268K->1034613K(2944192K), 0.0638470 secs]
[GC 1289816K->1050952K(2944192K), 0.0853930 secs]
[GC 1307144K->1057510K(2944192K), 0.0753420 secs]
[GC 1313702K->1056121K(2944192K), 0.0741900 secs]
[GC 1312313K->1099843K(2944192K), 0.0837260 secs]
[GC 1355220K->1086811K(2944192K), 0.0877950 secs]
[GC 1343003K->1123963K(2944192K), 0.0629050 secs]
[GC 1378991K->1118182K(2944192K), 0.0905860 secs]
[GC 1374374K->1167520K(2944192K), 0.0631210 secs]
[GC 1422358K->1153067K(2944192K), 0.0887980 secs]
[GC 1409259K->1201384K(2944192K), 0.0627310 secs]
[GC 1456141K->1185688K(2944192K), 0.0861280 secs]
[GC 1441875K->1235365K(2944192K), 0.0606380 secs]
 WARN  [hz._hzInstance_1_FenixFrameworkGroup.event] {com.hazelcast.spi.EventService} [127.0.0.1]:5704 [FenixFrameworkGroup] Caution: Off-load event processing to your own thread-pool, don't use event thread!
[GC 1491557K->1251271K(2944192K), 0.0822510 secs]
[GC 1507463K->1261975K(2944192K), 0.0779590 secs]
[GC 1518130K->1254142K(2944192K), 0.0826930 secs]
[GC 1510334K->1302141K(2944192K), 0.0683280 secs]
[GC 1558306K->1285005K(2944192K), 0.1004240 secs]
[GC 1541197K->1336323K(2944192K), 0.0589370 secs]
[GC 1592494K->1320659K(2944192K), 0.0849490 secs]
[GC 1576851K->1370162K(2944192K), 0.0628110 secs]
[GC 1626354K->1355759K(2944192K), 0.0909910 secs]
[GC 1611368K->1404647K(2944192K), 0.0595100 secs]
[GC 1660839K->1406856K(2944192K), 0.1029550 secs]
[GC 1408172K(2944192K), 0.0362180 secs]
[GC 1603402K(2944192K), 0.2773470 secs]
[GC 1328064K->1064894K(2944192K), 0.0701670 secs]
[GC 1321086K->1063406K(2944192K), 0.0556490 secs]
[GC 1319598K->1074138K(2944192K), 0.0538980 secs]
[GC 1330330K->1075917K(2944192K), 0.0572060 secs]
[GC 1332109K->1092882K(2944192K), 0.0586490 secs]
[GC 1349074K->1111594K(2944192K), 0.0595890 secs]
[GC 1367786K->1069968K(2944192K), 0.0602510 secs]
[GC 1326160K->1109090K(2944192K), 0.0606210 secs]
[GC 1365282K->1093157K(2944192K), 0.0761640 secs]
[GC 1349349K->1106674K(2944192K), 0.0531900 secs]
 WARN  [hz._hzInstance_1_FenixFrameworkGroup.event] {com.hazelcast.spi.EventService} [127.0.0.1]:5704 [FenixFrameworkGroup] Caution: Off-load event processing to your own thread-pool, don't use event thread!
[GC 1362866K->1075803K(2944192K), 0.0554370 secs]
[GC 1331995K->1109756K(2944192K), 0.0567150 secs]
 WARN  [hz._hzInstance_1_FenixFrameworkGroup.event] {com.hazelcast.spi.EventService} [127.0.0.1]:5704 [FenixFrameworkGroup] Caution: Off-load event processing to your own thread-pool, don't use event thread!
[GC 1365948K->1080416K(2944192K), 0.0585700 secs]
[GC 1336608K->1118439K(2944192K), 0.0592880 secs]
[GC 1374631K->1101466K(2944192K), 0.0714730 secs]
[GC 1357658K->1091745K(2944192K), 0.0615070 secs]
 WARN  [hz._hzInstance_1_FenixFrameworkGroup.event] {com.hazelcast.spi.EventService} [127.0.0.1]:5704 [FenixFrameworkGroup] Caution: Off-load event processing to your own thread-pool, don't use event thread!
[GC 1347937K->1101407K(2944192K), 0.0508870 secs]
[GC 1357599K->1103443K(2944192K), 0.0517820 secs]
[GC 1359635K->1106185K(2944192K), 0.0491910 secs]
 WARN  [hz._hzInstance_1_FenixFrameworkGroup.event] {com.hazelcast.spi.EventService} [127.0.0.1]:5704 [FenixFrameworkGroup] Caution: Off-load event processing to your own thread-pool, don't use event thread!
[GC 1362377K->1109095K(2944192K), 0.0548660 secs]
[GC 1365287K->1111455K(2944192K), 0.0554140 secs]
 WARN  [hz._hzInstance_1_FenixFrameworkGroup.event] {com.hazelcast.spi.EventService} [127.0.0.1]:5704 [FenixFrameworkGroup] Caution: Off-load event processing to your own thread-pool, don't use event thread!
[GC 1367647K->1113948K(2944192K), 0.0540890 secs]
[GC 1370140K->1116521K(2944192K), 0.0496690 secs]
[GC 1372713K->1118967K(2944192K), 0.0493110 secs]
[GC 1375159K->1130993K(2944192K), 0.0556690 secs]
 WARN  [hz._hzInstance_1_FenixFrameworkGroup.event] {com.hazelcast.spi.EventService} [127.0.0.1]:5704 [FenixFrameworkGroup] Caution: Off-load event processing to your own thread-pool, don't use event thread!
[GC 1387185K->1114823K(2944192K), 0.0509740 secs]
[GC 1371015K->1138711K(2944192K), 0.0521270 secs]
 WARN  [hz._hzInstance_1_FenixFrameworkGroup.event] {com.hazelcast.spi.EventService} [127.0.0.1]:5704 [FenixFrameworkGroup] Caution: Off-load event processing to your own thread-pool, don't use event thread!
[GC 1394903K->1118022K(2944192K), 0.0513890 secs]
[GC 1374214K->1143275K(2944192K), 0.0509890 secs]
[GC 1399467K->1123125K(2944192K), 0.0568170 secs]
[GC 1379317K->1140191K(2944192K), 0.0564310 secs]
[GC 1396383K->1138394K(2944192K), 0.0571040 secs]
[GC 1394586K->1151882K(2944192K), 0.0508870 secs]
[GC 1408074K->1135531K(2944192K), 0.0547650 secs]
[GC 1391723K->1159895K(2944192K), 0.0518520 secs]
[GC 1416087K->1138997K(2944192K), 0.0511550 secs]
[GC 1395189K->1155956K(2944192K), 0.0534080 secs]
[GC 1412148K->1163678K(2944192K), 0.0531350 secs]
[GC 1419870K->1147998K(2944192K), 0.0583480 secs]
[GC 1404190K->1163945K(2944192K), 0.0614260 secs]
[GC 1420137K->1161888K(2944192K), 0.0596030 secs]
[GC 1418080K->1165744K(2944192K), 0.0620150 secs]
[GC 1421936K->1168803K(2944192K), 0.0539590 secs]
[GC 1424995K->1161754K(2944192K), 0.0527590 secs]
 WARN  [hz._hzInstance_1_FenixFrameworkGroup.event] {com.hazelcast.spi.EventService} [127.0.0.1]:5704 [FenixFrameworkGroup] Caution: Off-load event processing to your own thread-pool, don't use event thread!
[GC 1417946K->1173960K(2944192K), 0.0525510 secs]
 WARN  [hz._hzInstance_1_FenixFrameworkGroup.event] {com.hazelcast.spi.EventService} [127.0.0.1]:5704 [FenixFrameworkGroup] Caution: Off-load event processing to your own thread-pool, don't use event thread!
[GC 1430152K->1166461K(2944192K), 0.0504110 secs]
[GC 1422653K->1178616K(2944192K), 0.0600710 secs]
[GC 1434808K->1181030K(2944192K), 0.0592020 secs]
[GC 1437222K->1183412K(2944192K), 0.0556800 secs]
 WARN  [hz._hzInstance_1_FenixFrameworkGroup.event] {com.hazelcast.spi.EventService} [127.0.0.1]:5704 [FenixFrameworkGroup] Caution: Off-load event processing to your own thread-pool, don't use event thread!
[GC 1439604K->1186026K(2944192K), 0.0507970 secs]
[GC 1442218K->1198120K(2944192K), 0.0599420 secs]
 WARN  [hz._hzInstance_1_FenixFrameworkGroup.event] {com.hazelcast.spi.EventService} [127.0.0.1]:5704 [FenixFrameworkGroup] Caution: Off-load event processing to your own thread-pool, don't use event thread!
[GC 1454312K->1181461K(2944192K), 0.0523240 secs]
[GC 1437653K->1205804K(2944192K), 0.0519970 secs]
 WARN  [hz._hzInstance_1_FenixFrameworkGroup.event] {com.hazelcast.spi.EventService} [127.0.0.1]:5704 [FenixFrameworkGroup] Caution: Off-load event processing to your own thread-pool, don't use event thread!
[GC 1461996K->1184516K(2944192K), 0.0490120 secs]
[GC 1440708K->1210070K(2944192K), 0.0636220 secs]
[GC 1466262K->1195157K(2944192K), 0.0516060 secs]
[GC 1451349K->1214530K(2944192K), 0.0550500 secs]
[GC 1470722K->1194191K(2944192K), 0.0593900 secs]
[GC 1450383K->1219693K(2944192K), 0.0559840 secs]
[GC 1475885K->1199235K(2944192K), 0.0589910 secs]
[GC 1455427K->1216106K(2944192K), 0.0529830 secs]
[GC 1472298K->1223247K(2944192K), 0.0799440 secs]
[GC 1479439K->1207930K(2944192K), 0.0522310 secs]
[GC 1464122K->1231999K(2944192K), 0.0554110 secs]
[GC 1488191K->1211345K(2944192K), 0.0585790 secs]
[GC 1467537K->1236972K(2944192K), 0.0479490 secs]
[GC 1493164K->1216761K(2944192K), 0.0577500 secs]
[GC 1472953K->1233416K(2944192K), 0.0523740 secs]
[GC 1489608K->1231722K(2944192K), 0.0581390 secs]
[GC 1487914K->1225696K(2944192K), 0.0516360 secs]
[GC 1481888K->1237771K(2944192K), 0.0611690 secs]
[GC 1493963K->1240383K(2944192K), 0.0638150 secs]
[GC 1496575K->1242635K(2944192K), 0.0631830 secs]
 WARN  [hz._hzInstance_1_FenixFrameworkGroup.event] {com.hazelcast.spi.EventService} [127.0.0.1]:5704 [FenixFrameworkGroup] Caution: Off-load event processing to your own thread-pool, don't use event thread!
[GC 1498827K->1245384K(2944192K), 0.0509610 secs]
[GC 1501576K->1248279K(2944192K), 0.0529020 secs]
[GC 1504471K->1241066K(2944192K), 0.0505520 secs]
[GC 1497258K->1253092K(2944192K), 0.0614250 secs]
[GC 1509284K->1246162K(2944192K), 0.0582440 secs]
[GC 1502354K->1277240K(2944192K), 0.0666500 secs]
[GC 1532012K->1294282K(2944192K), 0.0757280 secs]
[GC 1548535K->1321257K(2944192K), 0.0827960 secs]
[GC 1577449K->1348484K(2944192K), 0.0916880 secs]
[GC 1604676K->1367003K(2944192K), 0.1049850 secs]
[GC 1623195K->1371240K(2944192K), 0.0828280 secs]
[GC 1627432K->1371086K(2944192K), 0.0812120 secs]
[GC 1627278K->1401181K(2944192K), 0.0783950 secs]
[GC 1656022K->1416405K(2944192K), 0.0813050 secs]
[GC 1672597K->1414554K(2944192K), 0.0836690 secs]
[GC 1670746K->1449359K(2944192K), 0.0833770 secs]
[GC 1705551K->1465945K(2944192K), 0.0810690 secs]
[GC 1722137K->1460677K(2944192K), 0.0830590 secs]
[GC 1716305K->1478710K(2944192K), 0.0979500 secs]
[GC 1734902K->1526773K(2944192K), 0.0646940 secs]
[GC 1782965K->1508988K(2944192K), 0.0928360 secs]
[GC 1765158K->1559471K(2944192K), 0.0694880 secs]
[GC 1815361K->1575643K(2944192K), 0.0861200 secs]
[GC 1831835K->1582469K(2944192K), 0.0801720 secs]
[GC 1838661K->1599483K(2944192K), 0.0852170 secs]
[GC 1854990K->1591339K(2944192K), 0.0959560 secs]
[GC 1847531K->1640667K(2944192K), 0.0651450 secs]
[GC 1896859K->1644488K(2944192K), 0.0867170 secs]
[GC 1900680K->1622267K(2944192K), 0.0751530 secs]
[GC 1878459K->1643277K(2944192K), 0.0536020 secs]
[GC 1899469K->1642634K(2944192K), 0.0670850 secs]
[GC 1898826K->1629826K(2944192K), 0.0701970 secs]
[GC 1886018K->1662047K(2944192K), 0.0562120 secs]
[GC 1918239K->1633909K(2944192K), 0.0576740 secs]
[GC 1890101K->1669313K(2944192K), 0.0569730 secs]
[GC 1925505K->1636608K(2944192K), 0.0599360 secs]
[GC 1892800K->1641709K(2944192K), 0.0813600 secs]
 WARN  [hz._hzInstance_1_FenixFrameworkGroup.event] {com.hazelcast.spi.EventService} [127.0.0.1]:5704 [FenixFrameworkGroup] Caution: Off-load event processing to your own thread-pool, don't use event thread!
[GC 1897901K->1646868K(2944192K), 0.0598690 secs]
[GC 1903060K->1672328K(2944192K), 0.0621410 secs]
[GC 1928520K->1689237K(2944192K), 0.0643840 secs]
[GC 1945429K->1652679K(2944192K), 0.0665970 secs]
[GC 1908871K->1690406K(2944192K), 0.0691150 secs]
 WARN  [hz._hzInstance_1_FenixFrameworkGroup.event] {com.hazelcast.spi.EventService} [127.0.0.1]:5704 [FenixFrameworkGroup] Caution: Off-load event processing to your own thread-pool, don't use event thread!
[GC 1946571K->1677670K(2944192K), 0.0826260 secs]
[GC 1932102K->1696753K(2944192K), 0.0711580 secs]
[GC 1952945K->1730200K(2944192K), 0.0763970 secs]
[GC 1986364K->1756038K(2944192K), 0.1058770 secs]
[GC 2012178K->1772882K(2944192K), 0.0964480 secs]
[GC 2029074K->1788931K(2944192K), 0.1020070 secs]
[GC 2043163K->1777589K(2944192K), 0.0998350 secs]
[GC 2033781K->1822835K(2944192K), 0.0628660 secs]
 WARN  [hz._hzInstance_1_FenixFrameworkGroup.event] {com.hazelcast.spi.EventService} [127.0.0.1]:5704 [FenixFrameworkGroup] Caution: Off-load event processing to your own thread-pool, don't use event thread!
[GC 2078688K->1801806K(2944192K), 0.0830960 secs]
[GC 2057982K->1850825K(2944192K), 0.0862690 secs]
[GC 2107017K->1854955K(2944192K), 0.0824840 secs]
[GC 2111147K->1854445K(2944192K), 0.0985300 secs]
[GC 2109059K->1861018K(2944192K), 0.0811010 secs]
[GC 2115749K->1920882K(2944192K), 0.0704650 secs]
[GC 2177074K->1921441K(2944192K), 0.0870660 secs]
[GC 2177633K->1946634K(2944192K), 0.0885310 secs]
[GC 2202826K->1938535K(2944192K), 0.0905410 secs]
[GC 2193783K->1976586K(2944192K), 0.0847090 secs]
[GC 2232778K->2002841K(2944192K), 0.0907240 secs]
[GC 2259033K->2010218K(2944192K), 0.0872910 secs]
[GC 2266410K->2006969K(2944192K), 0.0872140 secs]
[GC 2263161K->1999869K(2944192K), 0.0714430 secs]
[GC 2256061K->2046379K(2944192K), 0.0850750 secs]
[GC 2302571K->2070827K(2944192K), 0.0918120 secs]
[GC 2327019K->2071469K(2944192K), 0.0777360 secs]
[GC 2327661K->2096789K(2944192K), 0.0938750 secs]
[GC 2352296K->2125823K(2944192K), 0.0854650 secs]
[GC 2382015K->2140455K(2944192K), 0.0820730 secs]
[GC 2396647K->2169756K(2944192K), 0.0750540 secs]
[GC 2425948K->2156053K(2944192K), 0.1022710 secs]
[GC 2412245K->2165914K(2944192K), 0.0806690 secs]
[GC 2422106K->2211678K(2944192K), 0.0824430 secs]
[GC 2467108K->2214452K(2944192K), 0.0846700 secs]
[GC 2470644K->2232384K(2944192K), 0.0791900 secs]
[GC 2488576K->2265868K(2944192K), 0.0797840 secs]
[GC 2522060K->2283192K(2944192K), 0.0849700 secs]
[GC 2539384K->2319993K(2944192K), 0.0871630 secs]
[GC 2576147K->2307031K(2944192K), 0.0870090 secs]
[GC 2563175K->2347712K(2944192K), 0.0810120 secs]
[GC 2603904K->2359187K(2944192K), 0.0870470 secs]
[GC 2615379K->2381502K(2944192K), 0.0930930 secs]
[GC 2637694K->2369221K(2944192K), 0.0903270 secs]
[GC 2625413K->2440954K(2944192K), 0.0938370 secs]
[GC 2697127K->2428839K(2944192K), 0.0969920 secs]
[GC 2685029K->2489549K(2944192K), 0.0972670 secs]
[GC 2489953K(2944192K), 0.0607290 secs]
[GC 2745741K->2464048K(2944192K), 0.0942700 secs]
[GC 2621972K(2944192K), 0.0594530 secs]
[GC 2409548K->2219093K(3834828K), 0.1317480 secs]
[GC 2475285K->2224015K(3834828K), 0.1116960 secs]
[GC 2480207K->2244471K(3834828K), 0.1041480 secs]
[GC 2500093K->2228299K(3834828K), 0.1040770 secs]
[GC 2484491K->2264065K(3834828K), 0.1011490 secs]
[GC 2520233K->2279592K(3834828K), 0.0966060 secs]
[GC 2535784K->2313543K(3834828K), 0.0978920 secs]
[GC 2568618K->2337658K(3834828K), 0.0967400 secs]
[GC 2593850K->2354681K(3834828K), 0.0923000 secs]
[GC 2610873K->2380254K(3834828K), 0.1073700 secs]
[GC 2636446K->2357438K(3834828K), 0.0923580 secs]
 WARN  [hz._hzInstance_1_FenixFrameworkGroup.event] {com.hazelcast.spi.EventService} [127.0.0.1]:5704 [FenixFrameworkGroup] Caution: Off-load event processing to your own thread-pool, don't use event thread!
[GC 2613630K->2394430K(3834828K), 0.0932080 secs]
[GC 2650622K->2412597K(3834828K), 0.0861300 secs]
[GC 2668789K->2463095K(3834828K), 0.0884220 secs]
[GC 2719287K->2470015K(3834828K), 0.0900950 secs]
[GC 2726207K->2454379K(3834828K), 0.0802370 secs]
[GC 2710571K->2471733K(3834828K), 0.0686520 secs]
[GC 2727925K->2489395K(3834828K), 0.0724840 secs]
[GC 2745587K->2472027K(3834828K), 0.0879310 secs]
[GC 2728219K->2503136K(3834828K), 0.0700130 secs]
[GC 2759328K->2492926K(3834828K), 0.0741980 secs]
[GC 2749118K->2494786K(3834828K), 0.0884490 secs]
[GC 2750978K->2532162K(3834828K), 0.0803380 secs]
[GC 2788354K->2532411K(3834828K), 0.0950630 secs]
[GC 2788603K->2574483K(3834828K), 0.1171300 secs]
[GC 2830675K->2593135K(3834828K), 0.1083200 secs]
[GC 2849327K->2591369K(3834828K), 0.1064510 secs]
[GC 2847561K->2607501K(3834828K), 0.0960530 secs]
[GC 2863693K->2622024K(3834828K), 0.0898080 secs]
[GC 2878216K->2662600K(3834828K), 0.0917380 secs]
[GC 2918792K->2662729K(3834828K), 0.0905640 secs]
[GC 2918921K->2715478K(3834828K), 0.1092570 secs]
[GC 2971670K->2701107K(3834828K), 0.0992310 secs]
[GC 2957299K->2746595K(3834828K), 0.0892700 secs]
[GC 3002734K->2753687K(3834828K), 0.0875050 secs]
[GC 3009828K->2758210K(3834828K), 0.0894360 secs]
[GC 3014402K->2796028K(3834828K), 0.0931460 secs]
[GC 3052189K->2831515K(3834828K), 0.0914740 secs]
[GC 3087707K->2816036K(3834828K), 0.0923030 secs]
[GC 3072228K->2859551K(3834828K), 0.0935990 secs]
[GC 3115743K->2893792K(3834828K), 0.0901560 secs]
[GC 3149984K->2876099K(3834828K), 0.0897230 secs]
[GC 3132291K->2905696K(3834828K), 0.0993100 secs]
[GC 3161888K->2899505K(3834828K), 0.0931220 secs]
[GC 3155697K->2953642K(3834828K), 0.0798470 secs]
[GC 3209834K->2978954K(3834828K), 0.1020110 secs]
[GC 3235146K->2997190K(3834828K), 0.1092480 secs]
[GC 3253382K->3014968K(3834828K), 0.1045710 secs]
[GC 3269702K->3015098K(3834828K), 0.0966740 secs]
[GC 3271290K->3032492K(3834828K), 0.0896720 secs]
 WARN  [hz._hzInstance_1_FenixFrameworkGroup.event] {com.hazelcast.spi.EventService} [127.0.0.1]:5704 [FenixFrameworkGroup] Caution: Off-load event processing to your own thread-pool, don't use event thread!
[GC 3288684K->3071188K(3834828K), 0.0973390 secs]
[GC 3327380K->3105675K(3834828K), 0.0914520 secs]
[GC 3361867K->3092199K(3834828K), 0.1008160 secs]
[GC 3348391K->3147280K(3834828K), 0.0978280 secs]
[GC 3403472K->3142842K(3834828K), 0.1017830 secs]
[GC 3399034K->3188025K(3834828K), 0.0926320 secs]
[GC 3442238K->3175799K(3834828K), 0.0924830 secs]
[GC 3431146K->3214270K(3834828K), 0.0950110 secs]
[GC 3470432K->3234025K(3834828K), 0.0929890 secs]
[GC 3490217K->3253413K(3834828K), 0.0915350 secs]
[GC 3509605K->3276377K(3834828K), 0.1006270 secs]
[GC 3532569K->3299451K(3834828K), 0.0943980 secs]
[GC 3301087K(3834828K), 0.0382670 secs]
[GC 3555643K->3315867K(3834828K), 0.1005370 secs]
[GC 3572059K->3340379K(3834828K), 0.0975180 secs]
[GC 3468612K(3834828K), 0.0475140 secs]
[GC 3342486K->3117725K(4650880K), 0.1141820 secs]
[GC 3372378K->3138509K(4650880K), 0.1109840 secs]
[GC 3394697K->3125607K(4650880K), 0.1080680 secs]
[GC 3381799K->3178911K(4650880K), 0.1025540 secs]
[GC 3435103K->3160430K(4650880K), 0.0958960 secs]
 INFO  [main] {org.radargun.Slave} Master shutdown!
 INFO  [Thread-0] {org.radargun.ShutDownHook} Slave process is being shutdown
 INFO  [hz._hzInstance_1_FenixFrameworkGroup.IO.thread-in-0] {com.hazelcast.nio.TcpIpConnection} [127.0.0.1]:5704 [FenixFrameworkGroup] Connection [Address[127.0.0.1]:5701] lost. Reason: java.io.EOFException[Remote socket closed!]
 INFO  [hz.ShutdownThread] {com.hazelcast.nio.TcpIpConnection} [127.0.0.1]:5704 [FenixFrameworkGroup] Connection [Address[127.0.0.1]:5707] lost. Reason: Explicit close
 INFO  [hz._hzInstance_1_FenixFrameworkGroup.IO.thread-in-2] {com.hazelcast.nio.TcpIpConnection} [127.0.0.1]:5704 [FenixFrameworkGroup] Connection [Address[127.0.0.1]:5708] lost. Reason: java.io.EOFException[Remote socket closed!]
 INFO  [hz.ShutdownThread] {com.hazelcast.nio.TcpIpConnection} [127.0.0.1]:5704 [FenixFrameworkGroup] Connection [Address[127.0.0.1]:5706] lost. Reason: Explicit close
 INFO  [hz._hzInstance_1_FenixFrameworkGroup.IO.thread-in-0] {com.hazelcast.nio.TcpIpConnection} [127.0.0.1]:5704 [FenixFrameworkGroup] Connection [Address[127.0.0.1]:5705] lost. Reason: java.io.EOFException[Remote socket closed!]
 INFO  [hz._hzInstance_1_FenixFrameworkGroup.IO.thread-in-1] {com.hazelcast.nio.TcpIpConnection} [127.0.0.1]:5704 [FenixFrameworkGroup] Connection [Address[127.0.0.1]:5708] lost. Reason: java.io.EOFException[Remote socket closed!]
 INFO  [hz.ShutdownThread] {com.hazelcast.nio.TcpIpConnection} [127.0.0.1]:5704 [FenixFrameworkGroup] Connection [Address[127.0.0.1]:5702] lost. Reason: Explicit close
 INFO  [hz._hzInstance_1_FenixFrameworkGroup.IO.thread-in-0] {com.hazelcast.nio.TcpIpConnection} [127.0.0.1]:5704 [FenixFrameworkGroup] Connection [Address[127.0.0.1]:5705] lost. Reason: java.io.EOFException[Remote socket closed!]
 INFO  [hz.ShutdownThread] {com.hazelcast.nio.TcpIpConnection} [127.0.0.1]:5704 [FenixFrameworkGroup] Connection [Address[127.0.0.1]:5703] lost. Reason: Explicit close
 INFO  [hz.ShutdownThread] {com.hazelcast.nio.TcpIpConnection} [127.0.0.1]:5704 [FenixFrameworkGroup] Connection [Address[127.0.0.1]:5706] lost. Reason: Explicit close
 INFO  [hz.ShutdownThread] {com.hazelcast.nio.TcpIpConnection} [127.0.0.1]:5704 [FenixFrameworkGroup] Connection [Address[127.0.0.1]:5707] lost. Reason: Explicit close
 INFO  [hz.ShutdownThread] {com.hazelcast.initializer} [127.0.0.1]:5704 [FenixFrameworkGroup] Destroying node initializer.
 INFO  [hz.ShutdownThread] {com.hazelcast.instance.Node} [127.0.0.1]:5704 [FenixFrameworkGroup] Hazelcast Shutdown is completed in 62 ms.
