/usr/java/jdk1.7.0_21/bin/java -server -Xmx1024M -Xms1024M -Dresolve.dns=false -Djgroups.timer.num_threads=4 -verbose:gc -Xmx5000M -Xms3000M -server -XX:+UseConcMarkSweepGC -XX:+AggressiveOpts -verbose:gc -XX:ParallelGCThreads=4 -XX:NewRatio=5 -XX:SurvivorRatio=2 -Dhazelcast.operation.thread.count=4 -Djava.net.preferIPv4Stack=true -Dlog4j.file.prefix=deimos-esw-2814 -Dbind.address= -Djgroups.bind_addr= -classpath /home/smf/github/radargun/target/distribution/RadarGun-1.1.0-SNAPSHOT/lib/activation-1.1.jar:/home/smf/github/radargun/target/distribution/RadarGun-1.1.0-SNAPSHOT/lib/commons-beanutils-1.8.0.jar:/home/smf/github/radargun/target/distribution/RadarGun-1.1.0-SNAPSHOT/lib/commons-digester-2.0.jar:/home/smf/github/radargun/target/distribution/RadarGun-1.1.0-SNAPSHOT/lib/commons-logging-1.1.1.jar:/home/smf/github/radargun/target/distribution/RadarGun-1.1.0-SNAPSHOT/lib/commons-math-1.2.jar:/home/smf/github/radargun/target/distribution/RadarGun-1.1.0-SNAPSHOT/lib/jboss-transaction-api-1.0.1.GA.jar:/home/smf/github/radargun/target/distribution/RadarGun-1.1.0-SNAPSHOT/lib/jcommon-1.0.15.jar:/home/smf/github/radargun/target/distribution/RadarGun-1.1.0-SNAPSHOT/lib/jfreechart-1.0.12.jar:/home/smf/github/radargun/target/distribution/RadarGun-1.1.0-SNAPSHOT/lib/log4j-1.2.14.jar:/home/smf/github/radargun/target/distribution/RadarGun-1.1.0-SNAPSHOT/lib/mail-1.4.2.jar:/home/smf/github/radargun/target/distribution/RadarGun-1.1.0-SNAPSHOT/lib/radargun-framework-1.1.0-SNAPSHOT.jar:/home/smf/github/radargun/target/distribution/RadarGun-1.1.0-SNAPSHOT/conf org.radargun.Slave -master 127.0.0.1:2103
--------------------------------------------------------------------------------
PerNodeRollingFileAppender::Using file prefix:deimos-esw-2814
 INFO  [main] {org.radargun.Slave} Attempting to connect to master 127.0.0.1:2103
 INFO  [main] {org.radargun.Slave} Successfully established connection with master at: 127.0.0.1:2103
Loading JARS from /home/smf/github/radargun/target/distribution/RadarGun-1.1.0-SNAPSHOT/lib/radargun-framework-1.1.0-SNAPSHOT.jar
 INFO  [pool-1-thread-1] {org.radargun.config.AnnotatedHelper} Loading JARS from /home/smf/github/radargun/target/distribution/RadarGun-1.1.0-SNAPSHOT/lib/radargun-framework-1.1.0-SNAPSHOT.jar
 INFO  [pool-1-thread-1] {org.radargun.config.AnnotatedHelper} Loading JARS from /home/smf/github/radargun/target/distribution/RadarGun-1.1.0-SNAPSHOT/lib/radargun-framework-1.1.0-SNAPSHOT.jar
 INFO  [pool-1-thread-1] {org.radargun.Slave} Executing stage: DestroyWrapper {enforceMemoryThrashHold=true, exitBenchmarkOnSlaveFailure=false, heapDumpDir=null, memoryThreshold=95, runOnAllSlaves=true, slaves=null, useSmartClassLoading=true }
 INFO  [pool-1-thread-1] {org.radargun.stages.DestroyWrapperStage} Received destroy cache wrapper request from master...
 INFO  [pool-1-thread-1] {org.radargun.stages.DestroyWrapperStage} No cache wrapper deployed on this slave, nothing to do.
 INFO  [pool-1-thread-1] {org.radargun.stages.DestroyWrapperStage} Before executing clear, memory looks like this: Memory - free: 2,928,638 kb - max:4,906,688 kb- total:2,944,000 kb
[Full GC 15361K->3631K(2944000K), 0.0862750 secs]
 INFO  [pool-1-thread-1] {org.radargun.stages.DestroyWrapperStage} After executing cleanup, memory looks like this: Memory - free: 2,935,311 kb - max:4,906,688 kb- total:2,944,064 kb
 INFO  [pool-1-thread-1] {org.radargun.Slave} Finished stage: DestroyWrapper {enforceMemoryThrashHold=true, exitBenchmarkOnSlaveFailure=false, heapDumpDir=null, memoryThreshold=95, runOnAllSlaves=true, slaves=null, useSmartClassLoading=true }
 INFO  [main] {org.radargun.Slave} Ack successfully sent to the master
 INFO  [pool-1-thread-1] {org.radargun.Slave} Executing stage: StartCluster {config=mvcc/mvcc-repl-sync.xml, delayAfterFirstSlaveStarts=5.000 secs, delayBetweenStartingSlaves=0.500 secs, exitBenchmarkOnSlaveFailure=true, expectNumSlaves=null, mayFailOn=null, reachable=null, runOnAllSlaves=false, slaves=null, staggerSlaveStartup=true, useSmartClassLoading=true, validateCluster=true }
 INFO  [pool-1-thread-1] {org.radargun.stages.StartClusterStage}  Startup staggering, starting 10 slaves. This is the slave with index 5. Sleeping for 7500 millis.
 INFO  [pool-1-thread-1] {org.radargun.stages.StartClusterStage} Ack master's StartCluster stage. Local address is: /127.0.0.1. This slave's index is: 5
 INFO  [pool-1-thread-1] {org.radargun.utils.ClassLoadHelper} Creating newInstance org.radargun.cachewrappers.JBossCache3Wrapper with classloader java.net.URLClassLoader@2527bdee
 INFO  [pool-1-thread-1] {org.radargun.cachewrappers.JBossCache3Wrapper} Creating cache with the following configuration: mvcc/mvcc-repl-sync.xml
 WARN  [pool-1-thread-1] {org.jboss.cache.transaction.GenericTransactionManagerLookup} Falling back to JBoss Cache's internal DummyTransactionManager
 WARN  [pool-1-thread-1] {org.jgroups.protocols.pbcast.STREAMING_STATE_TRANSFER} use_reading_thread has been deprecated and its value will be ignored

---------------------------------------------------------
GMS: address is 127.0.0.1:56693 (cluster=JBossCache-Cluster)
---------------------------------------------------------
 INFO  [pool-1-thread-1] {org.radargun.cachewrappers.JBossCache3Wrapper} Running cache with following config: org.jboss.cache.config.Configuration@3b2677f7
 INFO  [pool-1-thread-1] {org.radargun.cachewrappers.JBossCache3Wrapper} Running following JBossCacheVersion: 3.2.1.GA
 INFO  [pool-1-thread-1] {org.radargun.cachewrappers.JBossCache3Wrapper} Running following JBossCacheCodeName: Malagueta
 INFO  [pool-1-thread-1] {org.radargun.cachewrappers.JBossCache3Wrapper} JGroups version: 2.6.13.GA
 INFO  [pool-1-thread-1] {org.radargun.stages.helpers.StartHelper} Number of members=6 is not the one expected: 10
 INFO  [pool-1-thread-1] {org.radargun.stages.helpers.StartHelper} Number of members=7 is not the one expected: 10
 INFO  [pool-1-thread-1] {org.radargun.stages.helpers.StartHelper} Number of members=9 is not the one expected: 10
 INFO  [pool-1-thread-1] {org.radargun.stages.helpers.StartHelper} Number of members is the one expected: 10
 INFO  [pool-1-thread-1] {org.radargun.stages.StartClusterStage} Successfully started cache wrapper on slave 5: org.radargun.cachewrappers.JBossCache3Wrapper@48dce075
 INFO  [pool-1-thread-1] {org.radargun.Slave} Finished stage: StartCluster {config=mvcc/mvcc-repl-sync.xml, delayAfterFirstSlaveStarts=5.000 secs, delayBetweenStartingSlaves=0.500 secs, exitBenchmarkOnSlaveFailure=true, expectNumSlaves=null, mayFailOn=null, reachable=null, runOnAllSlaves=false, slaves=null, staggerSlaveStartup=true, useSmartClassLoading=true, validateCluster=true }
 INFO  [main] {org.radargun.Slave} Ack successfully sent to the master
 INFO  [pool-1-thread-1] {org.radargun.Slave} Executing stage: ClusterValidation {exitBenchmarkOnSlaveFailure=false, partialReplication=false, replicationTimeSleep=2000, replicationTryCount=60, runOnAllSlaves=false, slaves=null, useSmartClassLoading=true }
 INFO  [pool-1-thread-1] {org.radargun.stages.ClusterValidationStage} Number of caches that replicated here is 9
 INFO  [pool-1-thread-1] {org.radargun.stages.ClusterValidationStage} Replication test successfully passed. partialReplication? false, replicationCount = 9
 INFO  [pool-1-thread-1] {org.radargun.stages.ClusterValidationStage} Confirm phase successful.
 INFO  [pool-1-thread-1] {org.radargun.Slave} Finished stage: ClusterValidation {exitBenchmarkOnSlaveFailure=false, partialReplication=false, replicationTimeSleep=2000, replicationTryCount=60, runOnAllSlaves=false, slaves=[ 0, 1, 2, 3, 4, 5, 6, 7, 8, 9 ], useSmartClassLoading=true }
 INFO  [main] {org.radargun.Slave} Ack successfully sent to the master
 INFO  [pool-1-thread-1] {org.radargun.Slave} Executing stage: StressTestWarmup {bulkSize=1, cacheSpecificKeyGenerator=false, commitTransactions=true, duration=1 mins 0 secs, entrySize=1000, exitBenchmarkOnSlaveFailure=false, fixedKeys=true, generateHistogramRange=false, keyGeneratorClass=org.radargun.stressors.StringKeyGenerator, keyGeneratorParam=null, loadAllKeys=false, numEntries=100, numOfThreads=4, numRequests=10000, numThreads=4, numberOfAttributes=100, numberOfRequests=10000, opsCountStatusLog=100000, poolKeys=true, preferAsyncOperations=false, removePercentage=0, replaceInvalidPercentage=40, runOnAllSlaves=false, sharedKeys=false, sizeOfAnAttribute=1000, slaves=null, transactionSize=50, useAtomics=false, useHistogramStatistics=false, useSimpleStatistics=true, useSmartClassLoading=true, useTransactions=null, writePercentage=20, writeTxPercentage=20 }
 INFO  [pool-1-thread-1] {org.radargun.stages.StressTestWarmupStage} Starting StressTestWarmupStage: StressTestWarmup {bulkSize=1, cacheSpecificKeyGenerator=false, commitTransactions=true, duration=1 mins 0 secs, entrySize=1000, exitBenchmarkOnSlaveFailure=false, fixedKeys=true, generateHistogramRange=false, keyGeneratorClass=org.radargun.stressors.StringKeyGenerator, keyGeneratorParam=null, loadAllKeys=false, numEntries=100, numOfThreads=4, numRequests=10000, numThreads=4, numberOfAttributes=100, numberOfRequests=10000, opsCountStatusLog=100000, poolKeys=true, preferAsyncOperations=false, removePercentage=0, replaceInvalidPercentage=40, runOnAllSlaves=false, sharedKeys=false, sizeOfAnAttribute=1000, slaves=null, transactionSize=50, useAtomics=false, useHistogramStatistics=false, useSimpleStatistics=true, useSmartClassLoading=true, useTransactions=null, writePercentage=20, writeTxPercentage=20 }
 INFO  [pool-1-thread-1] {org.radargun.stressors.StressTestStressor} Using key generator org.radargun.stressors.StringKeyGenerator, param null
 INFO  [pool-1-thread-1] {org.radargun.stressors.StressTestStressor} Executing: StressTestStressor{opsCountStatusLog=100000, numRequests=10000, numEntries=100, entrySize=1000, writePercentage=20, numThreads=4, cacheWrapper=org.radargun.cachewrappers.JBossCache3Wrapper@48dce075, nodeIndex=5, useTransactions=true, transactionSize=50, commitTransactions=true, durationMillis=60000}
 INFO  [pool-1-thread-1] {org.radargun.stressors.StressTestStressor} Cache wrapper info is: Num direct children: 10
[GC 259695K->12376K(2944064K), 0.0417420 secs]
 INFO  [pool-1-thread-1] {org.radargun.stressors.StressTestStressor} Started 4 stressor threads.
 INFO  [Stressor-3] {org.radargun.stressors.StressTestStressor} Number of ops executed so far: 1. Elapsed time: 0.010 secs. Remaining: 59.990 secs. Total: 1 mins 0 secs
[GC 268440K->14744K(2944064K), 0.0447430 secs]
[GC 270808K->14340K(2944064K), 0.0266110 secs]
[GC 270404K->15227K(2944064K), 0.0291310 secs]
[GC 271291K->17160K(2944064K), 0.0337880 secs]
[GC 273224K->17222K(2944064K), 0.0296020 secs]
[GC 273286K->16273K(2944064K), 0.0287960 secs]
[GC 272337K->18189K(2944064K), 0.0321710 secs]
[GC 274253K->19382K(2944064K), 0.0311980 secs]
[GC 275446K->16038K(2944064K), 0.0310770 secs]
[GC 272102K->16574K(2944064K), 0.0295590 secs]
[GC 272638K->16413K(2944064K), 0.0326620 secs]
[GC 272477K->16012K(2944064K), 0.0298650 secs]
[GC 272076K->17612K(2944064K), 0.0318710 secs]
[GC 273676K->18578K(2944064K), 0.0294950 secs]
[GC 274642K->18532K(2944064K), 0.0519990 secs]
 INFO  [Stressor-1] {org.radargun.stressors.StressTestStressor} Number of ops executed so far: 259750. Elapsed time: 20.044 secs. Remaining: 39.956 secs. Total: 1 mins 0 secs
[GC 274596K->16253K(2944064K), 0.0255250 secs]
[GC 272317K->15842K(2944064K), 0.0278610 secs]
[GC 271906K->14704K(2944064K), 0.0284770 secs]
[GC 270768K->16226K(2944064K), 0.0221220 secs]
[GC 272290K->15789K(2944064K), 0.0287070 secs]
[GC 271853K->15887K(2944064K), 0.0223950 secs]
[GC 271951K->15598K(2944064K), 0.0248480 secs]
[GC 271662K->18923K(2944064K), 0.0299090 secs]
[GC 274987K->14273K(2944064K), 0.0232340 secs]
[GC 270337K->18716K(2944064K), 0.0291390 secs]
[GC 274780K->14314K(2944064K), 0.0246460 secs]
[GC 270378K->17179K(2944064K), 0.0258690 secs]
[GC 273243K->15179K(2944064K), 0.0259030 secs]
[GC 271243K->17014K(2944064K), 0.0280000 secs]
[GC 273078K->16035K(2944064K), 0.0250010 secs]
[GC 272099K->17593K(2944064K), 0.0297880 secs]
[GC 273657K->17280K(2944064K), 0.0261920 secs]
[GC 273344K->16047K(2944064K), 0.0283120 secs]
[GC 272111K->17375K(2944064K), 0.0228720 secs]
 INFO  [Stressor-3] {org.radargun.stressors.StressTestStressor} Number of ops executed so far: 677900. Elapsed time: 40.540 secs. Remaining: 19.460 secs. Total: 1 mins 0 secs
[GC 273439K->17293K(2944064K), 0.0286100 secs]
[GC 273357K->14861K(2944064K), 0.0275700 secs]
[GC 270925K->16450K(2944064K), 0.0239190 secs]
[GC 272514K->18316K(2944064K), 0.0305840 secs]
[GC 274380K->17679K(2944064K), 0.0235910 secs]
[GC 273743K->16310K(2944064K), 0.0277120 secs]
[GC 272374K->14243K(2944064K), 0.0257290 secs]
[GC 270307K->16273K(2944064K), 0.0247670 secs]
[GC 272337K->16826K(2944064K), 0.0236720 secs]
[GC 272890K->17652K(2944064K), 0.0298670 secs]
[GC 273716K->18399K(2944064K), 0.0231600 secs]
[GC 274463K->16310K(2944064K), 0.0222240 secs]
[GC 272374K->16261K(2944064K), 0.0259620 secs]
[GC 272325K->18972K(2944064K), 0.0306200 secs]
[GC 275036K->19525K(2944064K), 0.0278200 secs]
[GC 275589K->16856K(2944064K), 0.0278640 secs]
[GC 272920K->19592K(2944064K), 0.0299090 secs]
 INFO  [pool-1-thread-1] {org.radargun.stressors.StressTestStressor} Finished generating report. Test duration is: 1 mins 2 secs
 INFO  [pool-1-thread-1] {org.radargun.stages.StressTestWarmupStage} The warmup took: 62 seconds.
 INFO  [pool-1-thread-1] {org.radargun.Slave} Finished stage: StressTestWarmup {bulkSize=1, cacheSpecificKeyGenerator=false, commitTransactions=true, duration=1 mins 0 secs, entrySize=1000, exitBenchmarkOnSlaveFailure=false, fixedKeys=true, generateHistogramRange=false, keyGeneratorClass=org.radargun.stressors.StringKeyGenerator, keyGeneratorParam=null, loadAllKeys=false, numEntries=100, numOfThreads=4, numRequests=10000, numThreads=4, numberOfAttributes=100, numberOfRequests=10000, opsCountStatusLog=100000, poolKeys=true, preferAsyncOperations=false, removePercentage=0, replaceInvalidPercentage=40, runOnAllSlaves=false, sharedKeys=false, sizeOfAnAttribute=1000, slaves=null, transactionSize=50, useAtomics=false, useHistogramStatistics=false, useSimpleStatistics=true, useSmartClassLoading=true, useTransactions=null, writePercentage=20, writeTxPercentage=20 }
 INFO  [main] {org.radargun.Slave} Ack successfully sent to the master
 INFO  [pool-1-thread-1] {org.radargun.Slave} Executing stage: ClearClusterStage {ClearCluster {exitBenchmarkOnSlaveFailure=false, runOnAllSlaves=false, slaves=[ 0 ], useSmartClassLoading=true }
 INFO  [pool-1-thread-1] {org.radargun.stages.ClearClusterStage} Before executing clear, memory looks like this: Memory - free: 2,745,296 kb - max:4,906,688 kb- total:2,944,064 kb
[Full GC 198767K->9414K(2944064K), 0.1810850 secs]
 INFO  [pool-1-thread-1] {org.radargun.stages.ClearClusterStage} After executing cleanup, memory looks like this: Memory - free: 2,933,004 kb - max:4,906,688 kb- total:2,944,320 kb
 INFO  [pool-1-thread-1] {org.radargun.Slave} Finished stage: ClearClusterStage {ClearCluster {exitBenchmarkOnSlaveFailure=false, runOnAllSlaves=false, slaves=[ 0 ], useSmartClassLoading=true }
 INFO  [main] {org.radargun.Slave} Ack successfully sent to the master
 INFO  [pool-1-thread-1] {org.radargun.Slave} Executing stage: StressTest {bulkSize=1, cacheSpecificKeyGenerator=false, commitTransactions=true, duration=1 mins 0 secs, entrySize=1000, exitBenchmarkOnSlaveFailure=false, fixedKeys=true, generateHistogramRange=false, keyGeneratorClass=org.radargun.stressors.StringKeyGenerator, keyGeneratorParam=null, loadAllKeys=false, numEntries=10000, numOfThreads=4, numRequests=10000000, numThreads=4, numberOfAttributes=10000, numberOfRequests=10000000, opsCountStatusLog=500000, poolKeys=true, preferAsyncOperations=false, removePercentage=0, replaceInvalidPercentage=40, runOnAllSlaves=false, sharedKeys=false, sizeOfAnAttribute=1000, slaves=null, transactionSize=10000, useAtomics=false, useHistogramStatistics=false, useSimpleStatistics=true, useSmartClassLoading=true, useTransactions=true, writePercentage=10, writeTxPercentage=5 }
 INFO  [pool-1-thread-1] {org.radargun.stages.StressTestStage} Starting StressTestStage: StressTest {bulkSize=1, cacheSpecificKeyGenerator=false, commitTransactions=true, duration=1 mins 0 secs, entrySize=1000, exitBenchmarkOnSlaveFailure=false, fixedKeys=true, generateHistogramRange=false, keyGeneratorClass=org.radargun.stressors.StringKeyGenerator, keyGeneratorParam=null, loadAllKeys=false, numEntries=10000, numOfThreads=4, numRequests=10000000, numThreads=4, numberOfAttributes=10000, numberOfRequests=10000000, opsCountStatusLog=500000, poolKeys=true, preferAsyncOperations=false, removePercentage=0, replaceInvalidPercentage=40, runOnAllSlaves=false, sharedKeys=false, sizeOfAnAttribute=1000, slaves=null, transactionSize=10000, useAtomics=false, useHistogramStatistics=false, useSimpleStatistics=true, useSmartClassLoading=true, useTransactions=true, writePercentage=10, writeTxPercentage=5 }
 INFO  [pool-1-thread-1] {org.radargun.stressors.StressTestStressor} Using key generator org.radargun.stressors.StringKeyGenerator, param null
 INFO  [pool-1-thread-1] {org.radargun.stressors.StressTestStressor} Executing: StressTestStressor{opsCountStatusLog=500000, numRequests=10000000, numEntries=10000, entrySize=1000, writePercentage=10, numThreads=4, cacheWrapper=org.radargun.cachewrappers.JBossCache3Wrapper@48dce075, nodeIndex=5, useTransactions=true, transactionSize=10000, commitTransactions=true, durationMillis=60000}
 INFO  [pool-1-thread-1] {org.radargun.stressors.StressTestStressor} Cache wrapper info is: Num direct children: 50
[GC 265670K->25775K(2944320K), 0.0347470 secs]
[GC 282031K->35977K(2944320K), 0.0367640 secs]
[GC 292233K->47717K(2944320K), 0.0366090 secs]
[GC 303973K->65325K(2944320K), 0.0421470 secs]
[GC 321581K->82627K(2944320K), 0.0366840 secs]
[GC 338883K->98924K(2944320K), 0.0413930 secs]
[GC 355180K->115890K(2944320K), 0.0429740 secs]
[GC 372146K->92786K(2944320K), 0.0439420 secs]
[GC 349042K->113294K(2944320K), 0.0586140 secs]
[GC 369550K->127544K(2944320K), 0.0495230 secs]
[GC 383800K->157316K(2944320K), 0.0421780 secs]
[GC 413572K->123805K(2944320K), 0.0502610 secs]
[GC 380061K->154602K(2944320K), 0.0470390 secs]
[GC 410858K->153231K(2944320K), 0.0484020 secs]
[GC 409487K->168472K(2944320K), 0.0451930 secs]
[GC 424728K->168261K(2944320K), 0.0515930 secs]
[GC 424517K->157201K(2944320K), 0.0468030 secs]
[GC 413457K->178396K(2944320K), 0.0464980 secs]
[GC 434652K->206770K(2944320K), 0.0465070 secs]
[GC 463026K->169170K(2944320K), 0.0457510 secs]
[GC 425426K->213133K(2944320K), 0.0496920 secs]
[GC 469389K->177886K(2944320K), 0.0451150 secs]
[GC 434142K->213183K(2944320K), 0.0477070 secs]
[GC 469439K->185156K(2944320K), 0.0457050 secs]
[GC 441412K->216562K(2944320K), 0.0452360 secs]
[GC 472818K->198118K(2944320K), 0.0464600 secs]
[GC 454374K->212997K(2944320K), 0.0424960 secs]
[GC 469253K->208105K(2944320K), 0.0462860 secs]
[GC 464361K->245610K(2944320K), 0.0449900 secs]
[GC 501866K->217292K(2944320K), 0.0512030 secs]
[GC 473548K->244253K(2944320K), 0.0502880 secs]
[GC 500509K->256726K(2944320K), 0.0522300 secs]
[GC 512982K->230866K(2944320K), 0.0520190 secs]
[GC 487122K->243414K(2944320K), 0.0519140 secs]
[GC 499670K->271131K(2944320K), 0.0481980 secs]
[GC 527387K->245616K(2944320K), 0.0496950 secs]
[GC 501872K->273229K(2944320K), 0.0529140 secs]
[GC 529485K->285884K(2944320K), 0.0514660 secs]
[GC 542088K->260099K(2944320K), 0.0526240 secs]
[GC 516355K->272913K(2944320K), 0.0527340 secs]
[GC 529169K->268674K(2944320K), 0.0498960 secs]
[GC 524915K->290008K(2944320K), 0.0511830 secs]
[GC 546264K->288522K(2944320K), 0.0467790 secs]
[GC 544778K->296478K(2944320K), 0.0540080 secs]
[GC 552734K->283970K(2944320K), 0.0552260 secs]
[GC 540213K->298126K(2944320K), 0.0449720 secs]
[GC 554382K->289488K(2944320K), 0.0495690 secs]
[GC 545744K->293442K(2944320K), 0.0430610 secs]
[GC 549698K->296321K(2944320K), 0.0468350 secs]
[GC 552541K->314504K(2944320K), 0.0448870 secs]
[GC 570747K->331632K(2944320K), 0.0447170 secs]
[GC 587888K->305208K(2944320K), 0.0436500 secs]
[GC 561433K->325887K(2944320K), 0.0437080 secs]
[GC 582143K->321565K(2944320K), 0.0425010 secs]
[GC 577812K->311474K(2944320K), 0.0415460 secs]
[GC 567730K->326472K(2944320K), 0.0462500 secs]
[GC 582667K->341799K(2944320K), 0.0416730 secs]
[GC 598055K->319318K(2944320K), 0.0445640 secs]
[GC 575574K->339612K(2944320K), 0.0444830 secs]
[GC 595868K->348875K(2944320K), 0.0436960 secs]
[GC 605102K->336081K(2944320K), 0.0413290 secs]
[GC 592337K->349002K(2944320K), 0.0391080 secs]
[GC 605258K->345824K(2944320K), 0.0421790 secs]
[GC 602080K->350469K(2944320K), 0.0402280 secs]
[GC 606673K->366171K(2944320K), 0.0431480 secs]
[GC 622371K->344426K(2944320K), 0.0499300 secs]
[GC 600654K->375642K(2944320K), 0.0429460 secs]
[GC 631898K->348405K(2944320K), 0.0399000 secs]
[GC 604621K->381700K(2944320K), 0.0412670 secs]
[GC 637928K->354400K(2944320K), 0.0423470 secs]
[GC 610656K->376325K(2944320K), 0.0416850 secs]
[GC 632570K->373836K(2944320K), 0.0457860 secs]
[GC 630092K->391088K(2944320K), 0.0436180 secs]
[GC 647286K->377043K(2944320K), 0.0410240 secs]
[GC 633299K->389355K(2944320K), 0.0416660 secs]
[GC 645569K->398595K(2944320K), 0.0413300 secs]
[GC 654819K->378221K(2944320K), 0.0420800 secs]
[GC 634477K->398848K(2944320K), 0.0453830 secs]
[GC 655103K->395819K(2944320K), 0.0441300 secs]
[GC 652075K->400318K(2944320K), 0.0429810 secs]
[GC 656540K->403814K(2944320K), 0.0395990 secs]
[GC 660070K->407079K(2944320K), 0.0401870 secs]
[GC 663335K->410351K(2944320K), 0.0424830 secs]
[GC 666607K->400779K(2944320K), 0.0459860 secs]
[GC 657035K->416668K(2944320K), 0.0402170 secs]
[GC 672924K->419974K(2944320K), 0.0401880 secs]
[GC 676230K->435833K(2944320K), 0.0402820 secs]
[GC 692089K->413430K(2944320K), 0.0428890 secs]
[GC 669686K->433417K(2944320K), 0.0428390 secs]
[GC 689671K->430387K(2944320K), 0.0423040 secs]
[GC 686643K->434761K(2944320K), 0.0459860 secs]
[GC 690963K->438566K(2944320K), 0.0456420 secs]
[GC 694822K->429252K(2944320K), 0.0463650 secs]
[GC 685447K->457463K(2944320K), 0.0456510 secs]
[GC 713719K->435452K(2944320K), 0.0424250 secs]
[GC 691706K->455375K(2944320K), 0.0413730 secs]
[GC 711631K->452471K(2944320K), 0.0419690 secs]
[GC 708705K->469262K(2944320K), 0.0401530 secs]
[GC 725518K->447692K(2944320K), 0.0374490 secs]
[GC 703887K->479062K(2944320K), 0.0366180 secs]
[GC 735318K->451702K(2944320K), 0.0376020 secs]
[GC 707933K->473574K(2944320K), 0.0403260 secs]
[GC 729830K->483459K(2944320K), 0.0425990 secs]
[GC 739692K->494155K(2944320K), 0.0593170 secs]
[GC 750411K->540173K(2944320K), 0.0740840 secs]
 INFO  [pool-1-thread-1] {org.radargun.stressors.StressTestStressor} Started 4 stressor threads.
 INFO  [Stressor-1] {org.radargun.stressors.StressTestStressor} Number of ops executed so far: 1. Elapsed time: 0.000 secs. Remaining: 1 mins 0 secs. Total: 1 mins 0 secs
[GC 796429K->564643K(2944320K), 0.0923070 secs]
[GC 820899K->615873K(2944320K), 0.0788150 secs]
[GC 872129K->599528K(2944320K), 0.0765950 secs]
[GC 855784K->654866K(2944320K), 0.0707420 secs]
[GC 911102K->688474K(2944320K), 0.0801210 secs]
[GC 944730K->722667K(2944320K), 0.0733110 secs]
[GC 978923K->708958K(2944320K), 0.0754010 secs]
[GC 965214K->765968K(2944320K), 0.0895270 secs]
[GC 1022224K->784709K(2944320K), 0.0677790 secs]
[GC 1040965K->809459K(2944320K), 0.0612900 secs]
[GC 1065715K->798085K(2944320K), 0.0828940 secs]
[GC 1053336K->830812K(2944320K), 0.0730380 secs]
 INFO  [Stressor-1] {org.radargun.stressors.StressTestStressor} Number of ops executed so far: 1230000. Elapsed time: 23.365 secs. Remaining: 36.635 secs. Total: 1 mins 0 secs
[GC 1087068K->870416K(2944320K), 0.0646690 secs]
[GC 1126672K->885517K(2944320K), 0.0807530 secs]
[GC 1141773K->910629K(2944320K), 0.0714290 secs]
[GC 1166885K->913348K(2944320K), 0.0557920 secs]
[GC 1169584K->955522K(2944320K), 0.0772850 secs]
[GC 1211776K->977404K(2944320K), 0.0862700 secs]
[GC 1233635K->988858K(2944320K), 0.0932670 secs]
[GC 1245114K->1019921K(2944320K), 0.0664050 secs]
[GC 1276177K->1028684K(2944320K), 0.0916800 secs]
[GC 1284940K->1096190K(2944320K), 0.0802470 secs]
[GC 1352446K->1069008K(2944320K), 0.0647730 secs]
[GC 1325264K->1102605K(2944320K), 0.0514470 secs]
[GC 1357993K->1125684K(2944320K), 0.0805630 secs]
 INFO  [Stressor-2] {org.radargun.stressors.StressTestStressor} Number of ops executed so far: 3750000. Elapsed time: 43.705 secs. Remaining: 16.295 secs. Total: 1 mins 0 secs
[GC 1381920K->1166931K(2944320K), 0.0794830 secs]
[GC 1423187K->1168209K(2944320K), 0.0619360 secs]
[GC 1424426K->1191817K(2944320K), 0.0734490 secs]
[GC 1448073K->1204288K(2944320K), 0.0601330 secs]
[GC 1460544K->1241279K(2944320K), 0.0678140 secs]
[GC 1497535K->1225490K(2944320K), 0.0614120 secs]
[GC 1481746K->1247563K(2944320K), 0.0432820 secs]
 INFO  [pool-1-thread-1] {org.radargun.stressors.StressTestStressor} Finished generating report. Test duration is: 2 mins 26 secs
 INFO  [pool-1-thread-1] {org.radargun.stages.StressTestStage} size info: Num direct children: 50, clusterSize:10, nodeIndex:5, cacheSize: -1
 INFO  [pool-1-thread-1] {org.radargun.Slave} Finished stage: StressTest {bulkSize=1, cacheSpecificKeyGenerator=false, commitTransactions=true, duration=1 mins 0 secs, entrySize=1000, exitBenchmarkOnSlaveFailure=false, fixedKeys=true, generateHistogramRange=false, keyGeneratorClass=org.radargun.stressors.StringKeyGenerator, keyGeneratorParam=null, loadAllKeys=false, numEntries=10000, numOfThreads=4, numRequests=10000000, numThreads=4, numberOfAttributes=10000, numberOfRequests=10000000, opsCountStatusLog=500000, poolKeys=true, preferAsyncOperations=false, removePercentage=0, replaceInvalidPercentage=40, runOnAllSlaves=false, sharedKeys=false, sizeOfAnAttribute=1000, slaves=null, transactionSize=10000, useAtomics=false, useHistogramStatistics=false, useSimpleStatistics=true, useSmartClassLoading=true, useTransactions=true, writePercentage=10, writeTxPercentage=5 }
 INFO  [main] {org.radargun.Slave} Ack successfully sent to the master
 INFO  [main] {org.radargun.Slave} Master shutdown!
 INFO  [Thread-0] {org.radargun.ShutDownHook} Slave process is being shutdown
