/usr/java/jdk1.7.0_21/bin/java -server -Xmx1024M -Xms1024M -Dresolve.dns=false -Djgroups.timer.num_threads=4 -verbose:gc -Xmx5000M -Xms3000M -server -XX:+UseConcMarkSweepGC -XX:+AggressiveOpts -verbose:gc -XX:ParallelGCThreads=4 -XX:NewRatio=5 -XX:SurvivorRatio=2 -Dhazelcast.operation.thread.count=4 -Djava.net.preferIPv4Stack=true -Dlog4j.file.prefix=deimos-esw-1287 -Dbind.address= -Djgroups.bind_addr= -classpath /home/smf/github/radargun/target/distribution/RadarGun-1.1.0-SNAPSHOT/lib/activation-1.1.jar:/home/smf/github/radargun/target/distribution/RadarGun-1.1.0-SNAPSHOT/lib/commons-beanutils-1.8.0.jar:/home/smf/github/radargun/target/distribution/RadarGun-1.1.0-SNAPSHOT/lib/commons-digester-2.0.jar:/home/smf/github/radargun/target/distribution/RadarGun-1.1.0-SNAPSHOT/lib/commons-logging-1.1.1.jar:/home/smf/github/radargun/target/distribution/RadarGun-1.1.0-SNAPSHOT/lib/commons-math-1.2.jar:/home/smf/github/radargun/target/distribution/RadarGun-1.1.0-SNAPSHOT/lib/jboss-transaction-api-1.0.1.GA.jar:/home/smf/github/radargun/target/distribution/RadarGun-1.1.0-SNAPSHOT/lib/jcommon-1.0.15.jar:/home/smf/github/radargun/target/distribution/RadarGun-1.1.0-SNAPSHOT/lib/jfreechart-1.0.12.jar:/home/smf/github/radargun/target/distribution/RadarGun-1.1.0-SNAPSHOT/lib/log4j-1.2.14.jar:/home/smf/github/radargun/target/distribution/RadarGun-1.1.0-SNAPSHOT/lib/mail-1.4.2.jar:/home/smf/github/radargun/target/distribution/RadarGun-1.1.0-SNAPSHOT/lib/radargun-framework-1.1.0-SNAPSHOT.jar:/home/smf/github/radargun/target/distribution/RadarGun-1.1.0-SNAPSHOT/conf org.radargun.Slave -master 127.0.0.1:2103
--------------------------------------------------------------------------------
PerNodeRollingFileAppender::Using file prefix:deimos-esw-1287
 INFO  [main] {org.radargun.Slave} Attempting to connect to master 127.0.0.1:2103
 INFO  [main] {org.radargun.Slave} Successfully established connection with master at: 127.0.0.1:2103
Loading JARS from /home/smf/github/radargun/target/distribution/RadarGun-1.1.0-SNAPSHOT/lib/radargun-framework-1.1.0-SNAPSHOT.jar
 INFO  [pool-1-thread-1] {org.radargun.config.AnnotatedHelper} Loading JARS from /home/smf/github/radargun/target/distribution/RadarGun-1.1.0-SNAPSHOT/lib/radargun-framework-1.1.0-SNAPSHOT.jar
 INFO  [pool-1-thread-1] {org.radargun.config.AnnotatedHelper} Loading JARS from /home/smf/github/radargun/target/distribution/RadarGun-1.1.0-SNAPSHOT/lib/radargun-framework-1.1.0-SNAPSHOT.jar
 INFO  [pool-1-thread-1] {org.radargun.Slave} Executing stage: DestroyWrapper {enforceMemoryThrashHold=true, exitBenchmarkOnSlaveFailure=false, heapDumpDir=null, memoryThreshold=95, runOnAllSlaves=true, slaves=null, useSmartClassLoading=true }
 INFO  [pool-1-thread-1] {org.radargun.stages.DestroyWrapperStage} Received destroy cache wrapper request from master...
 INFO  [pool-1-thread-1] {org.radargun.stages.DestroyWrapperStage} No cache wrapper deployed on this slave, nothing to do.
 INFO  [pool-1-thread-1] {org.radargun.stages.DestroyWrapperStage} Before executing clear, memory looks like this: Memory - free: 2,928,638 kb - max:4,906,688 kb- total:2,944,000 kb
[Full GC 15361K->3631K(2944000K), 0.1594770 secs]
 INFO  [pool-1-thread-1] {org.radargun.stages.DestroyWrapperStage} After executing cleanup, memory looks like this: Memory - free: 2,935,311 kb - max:4,906,688 kb- total:2,944,064 kb
 INFO  [pool-1-thread-1] {org.radargun.Slave} Finished stage: DestroyWrapper {enforceMemoryThrashHold=true, exitBenchmarkOnSlaveFailure=false, heapDumpDir=null, memoryThreshold=95, runOnAllSlaves=true, slaves=null, useSmartClassLoading=true }
 INFO  [main] {org.radargun.Slave} Ack successfully sent to the master
 INFO  [pool-1-thread-1] {org.radargun.Slave} Executing stage: StartCluster {config=ispn52-repl-sync-rc.xml, delayAfterFirstSlaveStarts=5.000 secs, delayBetweenStartingSlaves=0.500 secs, exitBenchmarkOnSlaveFailure=true, expectNumSlaves=null, mayFailOn=null, reachable=null, runOnAllSlaves=false, slaves=null, staggerSlaveStartup=true, useSmartClassLoading=true, validateCluster=true }
 INFO  [pool-1-thread-1] {org.radargun.stages.StartClusterStage}  Startup staggering, starting 10 slaves. This is the slave with index 3. Sleeping for 6500 millis.
 INFO  [pool-1-thread-1] {org.radargun.stages.StartClusterStage} Ack master's StartCluster stage. Local address is: /127.0.0.1. This slave's index is: 3
 INFO  [pool-1-thread-1] {org.radargun.utils.ClassLoadHelper} Creating newInstance org.radargun.cachewrappers.FFWrapper with classloader java.net.URLClassLoader@56e43ef
 INFO  [pool-1-thread-1] {org.radargun.cachewrappers.FFWrapper} config=ispn52-repl-sync-rc.xml, isLocal=false, nodeIndex=3, confAttributes={name=ispn52-repl-sync-rc.xml, decorate=infinispan52}
 INFO  [pool-1-thread-1] {org.radargun.cachewrappers.FFWrapper} Found fenix framework config options in 'rg-fenix-framework-config-options.properties'.
 INFO  [pool-1-thread-1] {org.radargun.cachewrappers.FFWrapper} Setting extra config properties for Fenix Framework.
 INFO  [pool-1-thread-1] {org.radargun.cachewrappers.FFWrapper} Will initialize Fenix Framework with RadarGunDataGridConfig
 TRACE [pool-1-thread-1] {pt.ist.fenixframework.FenixFramework} Static initializer block for FenixFramework class [BEGIN]
 INFO  [pool-1-thread-1] {pt.ist.fenixframework.FenixFramework} Trying auto-initialization with configuration by convention
 INFO  [pool-1-thread-1] {pt.ist.fenixframework.FenixFramework} Resource 'fenix-framework.properties' not found
 DEBUG [pool-1-thread-1] {pt.ist.fenixframework.FenixFramework} Fenix Framework properties after reading default config file:{}
 DEBUG [pool-1-thread-1] {pt.ist.fenixframework.FenixFramework} CurrentBackEndName = jvstm-datagrid
 INFO  [pool-1-thread-1] {pt.ist.fenixframework.FenixFramework} Resource 'fenix-framework-jvstm-datagrid.properties' not found
 DEBUG [pool-1-thread-1] {pt.ist.fenixframework.FenixFramework} Fenix Framework properties after reading backend config file:{}
 DEBUG [pool-1-thread-1] {pt.ist.fenixframework.FenixFramework} Fenix Framework properties after enforcing system properties:{}
 INFO  [pool-1-thread-1] {pt.ist.fenixframework.FenixFramework} Skipping configuration by convention.
 TRACE [pool-1-thread-1] {pt.ist.fenixframework.FenixFramework} Static initializer block for FenixFramework class [END]
 INFO  [pool-1-thread-1] {pt.ist.fenixframework.FenixFramework} Initializing Fenix Framework with config.class=pt.ist.fenixframework.backend.jvstm.datagrid.radargun.RadarGunDataGridConfig
 INFO  [pool-1-thread-1] {pt.ist.fenixframework.backend.jvstm.cluster.JvstmClusterBackEnd} initializeGroupCommunication()
 INFO  [pool-1-thread-1] {com.hazelcast.config.ClasspathXmlConfig} Configuring Hazelcast from 'hazelcast-ff.xml'.
 INFO  [pool-1-thread-1] {com.hazelcast.instance.DefaultAddressPicker} Interfaces is disabled, trying to pick one address from TCP-IP config addresses: [127.0.0.1]
 INFO  [pool-1-thread-1] {com.hazelcast.instance.DefaultAddressPicker} Picked Address[127.0.0.1]:5704, using socket ServerSocket[addr=/0.0.0.0,localport=5704], bind any local is true
 INFO  [pool-1-thread-1] {com.hazelcast.system} [127.0.0.1]:5704 [FenixFrameworkGroup] Hazelcast Community Edition 3.0-RC1 (20130627) starting at Address[127.0.0.1]:5704
 INFO  [pool-1-thread-1] {com.hazelcast.system} [127.0.0.1]:5704 [FenixFrameworkGroup] Copyright (C) 2008-2013 Hazelcast.com
 INFO  [pool-1-thread-1] {com.hazelcast.core.LifecycleService} [127.0.0.1]:5704 [FenixFrameworkGroup] Address[127.0.0.1]:5704 is STARTING
 INFO  [pool-1-thread-1] {com.hazelcast.cluster.TcpIpJoiner} [127.0.0.1]:5704 [FenixFrameworkGroup] Connecting to possible member: Address[127.0.0.1]:5703
 INFO  [pool-1-thread-1] {com.hazelcast.cluster.TcpIpJoiner} [127.0.0.1]:5704 [FenixFrameworkGroup] Connecting to possible member: Address[127.0.0.1]:5702
 INFO  [pool-1-thread-1] {com.hazelcast.cluster.TcpIpJoiner} [127.0.0.1]:5704 [FenixFrameworkGroup] Connecting to possible member: Address[127.0.0.1]:5701
 INFO  [hz._hzInstance_1_FenixFrameworkGroup.cached.thread-2] {com.hazelcast.nio.SocketConnector} [127.0.0.1]:5704 [FenixFrameworkGroup] Connecting to /127.0.0.1:5702, timeout: 0, bind-any: true
 INFO  [hz._hzInstance_1_FenixFrameworkGroup.cached.thread-3] {com.hazelcast.nio.SocketConnector} [127.0.0.1]:5704 [FenixFrameworkGroup] Connecting to /127.0.0.1:5703, timeout: 0, bind-any: true
 INFO  [hz._hzInstance_1_FenixFrameworkGroup.cached.thread-1] {com.hazelcast.nio.SocketConnector} [127.0.0.1]:5704 [FenixFrameworkGroup] Connecting to /127.0.0.1:5701, timeout: 0, bind-any: true
 INFO  [hz._hzInstance_1_FenixFrameworkGroup.cached.thread-2] {com.hazelcast.nio.TcpIpConnectionManager} [127.0.0.1]:5704 [FenixFrameworkGroup] 54075 accepted socket connection from /127.0.0.1:5702
 INFO  [hz._hzInstance_1_FenixFrameworkGroup.cached.thread-3] {com.hazelcast.nio.TcpIpConnectionManager} [127.0.0.1]:5704 [FenixFrameworkGroup] 51483 accepted socket connection from /127.0.0.1:5703
 INFO  [hz._hzInstance_1_FenixFrameworkGroup.cached.thread-1] {com.hazelcast.nio.TcpIpConnectionManager} [127.0.0.1]:5704 [FenixFrameworkGroup] 57029 accepted socket connection from /127.0.0.1:5701
 INFO  [hz._hzInstance_1_FenixFrameworkGroup.cached.thread-3] {com.hazelcast.cluster.ClusterService} [127.0.0.1]:5704 [FenixFrameworkGroup] 

Members [10] {
	Member [127.0.0.1]:5701
	Member [127.0.0.1]:5702
	Member [127.0.0.1]:5704 this
	Member [127.0.0.1]:5705
	Member [127.0.0.1]:5706
	Member [127.0.0.1]:5703
	Member [127.0.0.1]:5707
	Member [127.0.0.1]:5708
	Member [127.0.0.1]:5709
	Member [127.0.0.1]:5710
}

 INFO  [hz._hzInstance_1_FenixFrameworkGroup.cached.thread-8] {com.hazelcast.nio.SocketAcceptor} [127.0.0.1]:5704 [FenixFrameworkGroup] 5704 is accepting socket connection from /127.0.0.1:56112
 INFO  [hz._hzInstance_1_FenixFrameworkGroup.cached.thread-8] {com.hazelcast.nio.TcpIpConnectionManager} [127.0.0.1]:5704 [FenixFrameworkGroup] 5704 accepted socket connection from /127.0.0.1:56112
 INFO  [hz._hzInstance_1_FenixFrameworkGroup.cached.thread-4] {com.hazelcast.nio.SocketAcceptor} [127.0.0.1]:5704 [FenixFrameworkGroup] 5704 is accepting socket connection from /127.0.0.1:55440
 INFO  [hz._hzInstance_1_FenixFrameworkGroup.cached.thread-16] {com.hazelcast.nio.SocketConnector} [127.0.0.1]:5704 [FenixFrameworkGroup] Connecting to /127.0.0.1:5705, timeout: 0, bind-any: true
 INFO  [hz._hzInstance_1_FenixFrameworkGroup.cached.thread-15] {com.hazelcast.nio.SocketAcceptor} [127.0.0.1]:5704 [FenixFrameworkGroup] 5704 is accepting socket connection from /127.0.0.1:35619
 INFO  [hz._hzInstance_1_FenixFrameworkGroup.cached.thread-16] {com.hazelcast.nio.TcpIpConnectionManager} [127.0.0.1]:5704 [FenixFrameworkGroup] 57147 accepted socket connection from /127.0.0.1:5705
 INFO  [hz._hzInstance_1_FenixFrameworkGroup.cached.thread-15] {com.hazelcast.nio.TcpIpConnectionManager} [127.0.0.1]:5704 [FenixFrameworkGroup] 5704 accepted socket connection from /127.0.0.1:35619
 INFO  [hz._hzInstance_1_FenixFrameworkGroup.cached.thread-14] {com.hazelcast.nio.SocketAcceptor} [127.0.0.1]:5704 [FenixFrameworkGroup] 5704 is accepting socket connection from /127.0.0.1:56719
 INFO  [hz._hzInstance_1_FenixFrameworkGroup.cached.thread-15] {com.hazelcast.nio.SocketConnector} [127.0.0.1]:5704 [FenixFrameworkGroup] Connecting to /127.0.0.1:5709, timeout: 0, bind-any: true
 INFO  [hz._hzInstance_1_FenixFrameworkGroup.cached.thread-10] {com.hazelcast.nio.SocketAcceptor} [127.0.0.1]:5704 [FenixFrameworkGroup] 5704 is accepting socket connection from /127.0.0.1:58648
 INFO  [hz._hzInstance_1_FenixFrameworkGroup.cached.thread-15] {com.hazelcast.nio.TcpIpConnectionManager} [127.0.0.1]:5704 [FenixFrameworkGroup] 42197 accepted socket connection from /127.0.0.1:5709
 INFO  [hz._hzInstance_1_FenixFrameworkGroup.cached.thread-9] {com.hazelcast.nio.SocketAcceptor} [127.0.0.1]:5704 [FenixFrameworkGroup] 5704 is accepting socket connection from /127.0.0.1:51131
 INFO  [hz._hzInstance_1_FenixFrameworkGroup.cached.thread-16] {com.hazelcast.nio.SocketConnector} [127.0.0.1]:5704 [FenixFrameworkGroup] Connecting to /127.0.0.1:5708, timeout: 0, bind-any: true
 INFO  [hz._hzInstance_1_FenixFrameworkGroup.cached.thread-8] {com.hazelcast.nio.SocketConnector} [127.0.0.1]:5704 [FenixFrameworkGroup] Connecting to /127.0.0.1:5706, timeout: 0, bind-any: true
 INFO  [hz._hzInstance_1_FenixFrameworkGroup.cached.thread-4] {com.hazelcast.nio.TcpIpConnectionManager} [127.0.0.1]:5704 [FenixFrameworkGroup] 5704 accepted socket connection from /127.0.0.1:55440
 INFO  [hz._hzInstance_1_FenixFrameworkGroup.cached.thread-8] {com.hazelcast.nio.TcpIpConnectionManager} [127.0.0.1]:5704 [FenixFrameworkGroup] 58111 accepted socket connection from /127.0.0.1:5706
 INFO  [hz._hzInstance_1_FenixFrameworkGroup.cached.thread-9] {com.hazelcast.nio.TcpIpConnectionManager} [127.0.0.1]:5704 [FenixFrameworkGroup] 5704 accepted socket connection from /127.0.0.1:51131
 INFO  [hz._hzInstance_1_FenixFrameworkGroup.cached.thread-10] {com.hazelcast.nio.TcpIpConnectionManager} [127.0.0.1]:5704 [FenixFrameworkGroup] 5704 accepted socket connection from /127.0.0.1:58648
 INFO  [hz._hzInstance_1_FenixFrameworkGroup.cached.thread-5] {com.hazelcast.nio.SocketConnector} [127.0.0.1]:5704 [FenixFrameworkGroup] Connecting to /127.0.0.1:5707, timeout: 0, bind-any: true
 INFO  [hz._hzInstance_1_FenixFrameworkGroup.cached.thread-14] {com.hazelcast.nio.TcpIpConnectionManager} [127.0.0.1]:5704 [FenixFrameworkGroup] 5704 accepted socket connection from /127.0.0.1:56719
 INFO  [hz._hzInstance_1_FenixFrameworkGroup.cached.thread-16] {com.hazelcast.nio.TcpIpConnectionManager} [127.0.0.1]:5704 [FenixFrameworkGroup] 34689 accepted socket connection from /127.0.0.1:5708
 INFO  [hz._hzInstance_1_FenixFrameworkGroup.cached.thread-5] {com.hazelcast.nio.TcpIpConnectionManager} [127.0.0.1]:5704 [FenixFrameworkGroup] 57317 accepted socket connection from /127.0.0.1:5707
 INFO  [pool-1-thread-1] {com.hazelcast.core.LifecycleService} [127.0.0.1]:5704 [FenixFrameworkGroup] Address[127.0.0.1]:5704 is STARTED
 INFO  [pool-1-thread-1] {pt.ist.fenixframework.backend.jvstm.cluster.ClusterUtils} Got (long) serverId: 3
 INFO  [pool-1-thread-1] {pt.ist.fenixframework.backend.jvstm.cluster.JvstmClusterBackEnd} This is NOT the first node.
 INFO  [pool-1-thread-1] {pt.ist.fenixframework.backend.jvstm.cluster.ClusterUtils} Waiting for startup from first node
 INFO  [pool-1-thread-1] {pt.ist.fenixframework.backend.jvstm.JVSTMBackEnd} initializeRepository()
 INFO  [pool-1-thread-1] {pt.ist.fenixframework.backend.jvstm.datagrid.radargun.DataGridDecorator} config=ispn52-repl-sync-rc.xml, isLocal=false, nodeIndex=3, confAttributes={name=ispn52-repl-sync-rc.xml}
 INFO  [pool-1-thread-1] {org.radargun.cachewrappers.InfinispanXSWrapper} Cannot find any site for slave index 3
[GC 259695K->11814K(2944064K), 0.0394830 secs]
 INFO  [pool-1-thread-1] {org.infinispan.remoting.transport.jgroups.JGroupsTransport} ISPN000078: Starting JGroups Channel
 WARN  [pool-1-thread-1] {org.jgroups.protocols.UDP} [JGRP00014] the send buffer of socket DatagramSocket was set to 640KB, but the OS only allocated 229.38KB. This might lead to performance problems. Please set your max send buffer in the OS correctly (e.g. net.core.wmem_max on Linux)
 WARN  [pool-1-thread-1] {org.jgroups.protocols.UDP} [JGRP00014] the receive buffer of socket DatagramSocket was set to 20MB, but the OS only allocated 229.38KB. This might lead to performance problems. Please set your max receive buffer in the OS correctly (e.g. net.core.rmem_max on Linux)
 WARN  [pool-1-thread-1] {org.jgroups.protocols.UDP} [JGRP00014] the send buffer of socket MulticastSocket was set to 640KB, but the OS only allocated 229.38KB. This might lead to performance problems. Please set your max send buffer in the OS correctly (e.g. net.core.wmem_max on Linux)
 WARN  [pool-1-thread-1] {org.jgroups.protocols.UDP} [JGRP00014] the receive buffer of socket MulticastSocket was set to 25MB, but the OS only allocated 229.38KB. This might lead to performance problems. Please set your max receive buffer in the OS correctly (e.g. net.core.rmem_max on Linux)
 INFO  [pool-1-thread-1] {org.infinispan.remoting.transport.jgroups.JGroupsTransport} ISPN000094: Received new cluster view: [deimos-esw-3193|2] [deimos-esw-3193, deimos-esw-49443, deimos-esw-60932, deimos-esw-13822]
 INFO  [pool-1-thread-1] {org.infinispan.remoting.transport.jgroups.JGroupsTransport} ISPN000079: Cache local address is deimos-esw-13822, physical addresses are [127.0.0.1:52003]
 INFO  [pool-1-thread-1] {org.infinispan.factories.GlobalComponentRegistry} ISPN000128: Infinispan version: Infinispan 'Delirium' 5.2.6.Final
 INFO  [Incoming-4,deimos-esw-13822] {org.infinispan.remoting.transport.jgroups.JGroupsTransport} ISPN000094: Received new cluster view: [deimos-esw-3193|3] [deimos-esw-3193, deimos-esw-49443, deimos-esw-60932, deimos-esw-13822, deimos-esw-46174]
 INFO  [pool-1-thread-1] {org.infinispan.transaction.lookup.JBossStandaloneJTAManagerLookup} ISPN000107: Retrieving transaction manager Transaction: unknown
 INFO  [Incoming-4,deimos-esw-13822] {org.infinispan.remoting.transport.jgroups.JGroupsTransport} ISPN000094: Received new cluster view: [deimos-esw-3193|4] [deimos-esw-3193, deimos-esw-49443, deimos-esw-60932, deimos-esw-13822, deimos-esw-46174, deimos-esw-178, deimos-esw-4696]
 INFO  [Incoming-4,deimos-esw-13822] {org.infinispan.remoting.transport.jgroups.JGroupsTransport} ISPN000094: Received new cluster view: [deimos-esw-3193|5] [deimos-esw-3193, deimos-esw-49443, deimos-esw-60932, deimos-esw-13822, deimos-esw-46174, deimos-esw-178, deimos-esw-4696, deimos-esw-42503, deimos-esw-32562]
 INFO  [pool-1-thread-1] {org.infinispan.jmx.CacheJmxRegistration} ISPN000031: MBeans were successfully registered to the platform MBean server.
 INFO  [Incoming-4,deimos-esw-13822] {org.infinispan.remoting.transport.jgroups.JGroupsTransport} ISPN000094: Received new cluster view: [deimos-esw-3193|6] [deimos-esw-3193, deimos-esw-49443, deimos-esw-60932, deimos-esw-13822, deimos-esw-46174, deimos-esw-178, deimos-esw-4696, deimos-esw-42503, deimos-esw-32562, deimos-esw-21063]
 INFO  [pool-1-thread-1] {org.radargun.cachewrappers.InfinispanXSWrapper} Using transaction manager: Transaction: unknown
 INFO  [pool-1-thread-1] {org.radargun.cachewrappers.InfinispanXSWrapper} No RELAY2 protocol in XS wrapper
 INFO  [pool-1-thread-1] {org.radargun.cachewrappers.InfinispanXSWrapper} JGroups version: JGroups 3.2.7.Final
 INFO  [pool-1-thread-1] {org.radargun.cachewrappers.InfinispanXSWrapper} Using config attributes: {name=ispn52-repl-sync-rc.xml}
 INFO  [pool-1-thread-1] {pt.ist.fenixframework.backend.jvstm.datagrid.DataGridRepository} Initialization marker is present. Data Grid already existed.
 INFO  [pool-1-thread-1] {pt.ist.fenixframework.backend.jvstm.JVSTMBackEnd} initializeDomainClassInfos
 INFO  [pool-1-thread-1] {pt.ist.fenixframework.backend.jvstm.pstm.DomainClassInfo} serverId: 3, serverOidBase: 3000000000000
 INFO  [pool-1-thread-1] {pt.ist.fenixframework.backend.jvstm.pstm.DomainClassInfo} Existing domain class 'pt.ist.fenixframework.adt.linkedlist.ListNode' with id '6'
 INFO  [pool-1-thread-1] {pt.ist.fenixframework.backend.jvstm.pstm.DomainClassInfo} Existing domain class 'pt.ist.fenixframework.backend.jvstm.pstm.FenixFrameworkData' with id 'd'
 INFO  [pool-1-thread-1] {pt.ist.fenixframework.backend.jvstm.pstm.DomainClassInfo} Existing domain class 'pt.ist.fenixframework.adt.bplustree.BPlusTreeArray' with id '2'
 INFO  [pool-1-thread-1] {pt.ist.fenixframework.backend.jvstm.pstm.DomainClassInfo} Existing domain class 'pt.ist.fenixframework.adt.bplustree.LeafNode' with id '4'
 INFO  [pool-1-thread-1] {pt.ist.fenixframework.backend.jvstm.pstm.DomainClassInfo} Existing domain class 'pt.ist.fenixframework.adt.bplustree.LeafNodeArray' with id 'c'
 INFO  [pool-1-thread-1] {pt.ist.fenixframework.backend.jvstm.pstm.DomainClassInfo} Existing domain class 'pt.ist.fenixframework.adt.bplustree.InnerNode' with id '8'
 INFO  [pool-1-thread-1] {pt.ist.fenixframework.backend.jvstm.pstm.DomainClassInfo} Existing domain class 'pt.ist.fenixframework.adt.bplustree.DomainLeafNode' with id '1'
 INFO  [pool-1-thread-1] {pt.ist.fenixframework.backend.jvstm.pstm.DomainClassInfo} Existing domain class 'pt.ist.fenixframework.DomainRoot' with id '0'
 INFO  [pool-1-thread-1] {pt.ist.fenixframework.backend.jvstm.pstm.DomainClassInfo} Existing domain class 'pt.ist.fenixframework.backend.jvstm.pstm.TransactionStatisticsEntry' with id '5'
 INFO  [pool-1-thread-1] {pt.ist.fenixframework.backend.jvstm.pstm.DomainClassInfo} Existing domain class 'pt.ist.fenixframework.adt.bplustree.BPlusTree' with id '7'
 INFO  [pool-1-thread-1] {pt.ist.fenixframework.backend.jvstm.pstm.DomainClassInfo} Existing domain class 'pt.ist.fenixframework.adt.linkedlist.LinkedList' with id '9'
 INFO  [pool-1-thread-1] {pt.ist.fenixframework.backend.jvstm.pstm.DomainClassInfo} Existing domain class 'pt.ist.fenixframework.adt.bplustree.AbstractNode' with id 'f'
 INFO  [pool-1-thread-1] {pt.ist.fenixframework.backend.jvstm.pstm.DomainClassInfo} Existing domain class 'pt.ist.fenixframework.adt.bplustree.DomainBPlusTree' with id 'e'
 INFO  [pool-1-thread-1] {pt.ist.fenixframework.backend.jvstm.pstm.DomainClassInfo} Existing domain class 'pt.ist.fenixframework.adt.bplustree.AbstractNodeArray' with id 'a'
 INFO  [pool-1-thread-1] {pt.ist.fenixframework.backend.jvstm.pstm.DomainClassInfo} Existing domain class 'pt.ist.fenixframework.adt.bplustree.DomainInnerNode' with id '3'
 INFO  [pool-1-thread-1] {pt.ist.fenixframework.backend.jvstm.pstm.DomainClassInfo} Existing domain class 'pt.ist.fenixframework.adt.bplustree.InnerNodeArray' with id 'b'
 INFO  [pool-1-thread-1] {pt.ist.fenixframework.backend.jvstm.JVSTMBackEnd} setupJVSTM
 INFO  [pool-1-thread-1] {pt.ist.fenixframework.backend.jvstm.JVSTMBackEnd} Setting the last committed TX number to 2
 INFO  [pool-1-thread-1] {pt.ist.fenixframework.backend.jvstm.JVSTMBackEnd} createDomainRootIfNeeded
 INFO  [pool-1-thread-1] {pt.ist.fenixframework.backend.jvstm.JVSTMBackEnd} ensureFenixFrameworkDataExists
 INFO  [pool-1-thread-1] {pt.ist.fenixframework.hibernatesearch.HibernateSearchConfig} Resource 'fenix-framework-hibernate-search.properties' not found. Hibernate Search disabled
 INFO  [pool-1-thread-1] {pt.ist.fenixframework.FenixFramework} Initialization of Fenix Framework is now complete.
 INFO  [pool-1-thread-1] {org.radargun.cachewrappers.FFWrapper} FF STARTED=true
 INFO  [pool-1-thread-1] {org.radargun.stages.helpers.StartHelper} Number of members is the one expected: 10
 INFO  [pool-1-thread-1] {org.radargun.stages.StartClusterStage} Successfully started cache wrapper on slave 3: org.radargun.cachewrappers.FFWrapper@1f62fe39
 INFO  [pool-1-thread-1] {org.radargun.Slave} Finished stage: StartCluster {config=ispn52-repl-sync-rc.xml, delayAfterFirstSlaveStarts=5.000 secs, delayBetweenStartingSlaves=0.500 secs, exitBenchmarkOnSlaveFailure=true, expectNumSlaves=null, mayFailOn=null, reachable=null, runOnAllSlaves=false, slaves=null, staggerSlaveStartup=true, useSmartClassLoading=true, validateCluster=true }
 INFO  [main] {org.radargun.Slave} Ack successfully sent to the master
 INFO  [pool-1-thread-1] {org.radargun.Slave} Executing stage: ClusterValidation {exitBenchmarkOnSlaveFailure=false, partialReplication=false, replicationTimeSleep=2000, replicationTryCount=60, runOnAllSlaves=false, slaves=null, useSmartClassLoading=true }
 INFO  [pool-1-thread-1] {org.radargun.stages.ClusterValidationStage} Number of caches that replicated here is 4
 INFO  [pool-1-thread-1] {org.radargun.stages.ClusterValidationStage} Replication test failed, 1 tries so far. Sleeping for 2 seconds and trying again.
 INFO  [pool-1-thread-1] {org.radargun.stages.ClusterValidationStage} Number of caches that replicated here is 9
 INFO  [pool-1-thread-1] {org.radargun.stages.ClusterValidationStage} Replication test successfully passed. partialReplication? false, replicationCount = 9
 INFO  [pool-1-thread-1] {org.radargun.stages.ClusterValidationStage} Confirm phase successful.
 INFO  [pool-1-thread-1] {org.radargun.Slave} Finished stage: ClusterValidation {exitBenchmarkOnSlaveFailure=false, partialReplication=false, replicationTimeSleep=2000, replicationTryCount=60, runOnAllSlaves=false, slaves=[ 0, 1, 2, 3, 4, 5, 6, 7, 8, 9 ], useSmartClassLoading=true }
 INFO  [main] {org.radargun.Slave} Ack successfully sent to the master
 INFO  [pool-1-thread-1] {org.radargun.Slave} Executing stage: StressTestWarmup {bulkSize=1, cacheSpecificKeyGenerator=false, commitTransactions=true, duration=1 mins 0 secs, entrySize=1000, exitBenchmarkOnSlaveFailure=false, fixedKeys=true, generateHistogramRange=false, keyGeneratorClass=org.radargun.stressors.StringKeyGenerator, keyGeneratorParam=null, loadAllKeys=false, numEntries=100, numOfThreads=4, numRequests=10000, numThreads=4, numberOfAttributes=100, numberOfRequests=10000, opsCountStatusLog=100000, poolKeys=true, preferAsyncOperations=false, removePercentage=0, replaceInvalidPercentage=40, runOnAllSlaves=false, sharedKeys=false, sizeOfAnAttribute=1000, slaves=null, transactionSize=50, useAtomics=false, useHistogramStatistics=false, useSimpleStatistics=true, useSmartClassLoading=true, useTransactions=null, writePercentage=20, writeTxPercentage=20 }
 INFO  [pool-1-thread-1] {org.radargun.stages.StressTestWarmupStage} Starting StressTestWarmupStage: StressTestWarmup {bulkSize=1, cacheSpecificKeyGenerator=false, commitTransactions=true, duration=1 mins 0 secs, entrySize=1000, exitBenchmarkOnSlaveFailure=false, fixedKeys=true, generateHistogramRange=false, keyGeneratorClass=org.radargun.stressors.StringKeyGenerator, keyGeneratorParam=null, loadAllKeys=false, numEntries=100, numOfThreads=4, numRequests=10000, numThreads=4, numberOfAttributes=100, numberOfRequests=10000, opsCountStatusLog=100000, poolKeys=true, preferAsyncOperations=false, removePercentage=0, replaceInvalidPercentage=40, runOnAllSlaves=false, sharedKeys=false, sizeOfAnAttribute=1000, slaves=null, transactionSize=50, useAtomics=false, useHistogramStatistics=false, useSimpleStatistics=true, useSmartClassLoading=true, useTransactions=null, writePercentage=20, writeTxPercentage=20 }
 INFO  [pool-1-thread-1] {org.radargun.stressors.StressTestStressor} Using key generator org.radargun.stressors.StringKeyGenerator, param null
 INFO  [pool-1-thread-1] {org.radargun.stressors.StressTestStressor} Executing: StressTestStressor{opsCountStatusLog=100000, numRequests=10000, numEntries=100, entrySize=1000, writePercentage=20, numThreads=4, cacheWrapper=org.radargun.cachewrappers.FFWrapper@1f62fe39, nodeIndex=3, useTransactions=true, transactionSize=50, commitTransactions=true, durationMillis=60000}
 INFO  [pool-1-thread-1] {org.radargun.stressors.StressTestStressor} Cache wrapper info is: FFWrapper using infinispan52
[GC 267878K->21028K(2944064K), 0.0582650 secs]
[GC 277092K->19819K(2944064K), 0.0375070 secs]
 INFO  [pool-1-thread-1] {org.radargun.stressors.StressTestStressor} Started 4 stressor threads.
 INFO  [Stressor-1] {org.radargun.stressors.StressTestStressor} Number of ops executed so far: 1. Elapsed time: 0.000 secs. Remaining: 1 mins 0 secs. Total: 1 mins 0 secs
[GC 275883K->22047K(2944064K), 0.0376440 secs]
[GC 278111K->25470K(2944064K), 0.0392190 secs]
[GC 281534K->28355K(2944064K), 0.0390710 secs]
[GC 284401K->40832K(2944064K), 0.0470090 secs]
[GC 296896K->46502K(2944064K), 0.0493490 secs]
 INFO  [Stressor-2] {org.radargun.stressors.StressTestStressor} Number of ops executed so far: 31650. Elapsed time: 20.024 secs. Remaining: 39.976 secs. Total: 1 mins 0 secs
[GC 302566K->49963K(2944064K), 0.0446860 secs]
[GC 306027K->58925K(2944064K), 0.0510160 secs]
[GC 314989K->59635K(2944064K), 0.0500250 secs]
[GC 315699K->79049K(2944064K), 0.0530320 secs]
[GC 335113K->80962K(2944064K), 0.0512040 secs]
 INFO  [Stressor-1] {org.radargun.stressors.StressTestStressor} Number of ops executed so far: 76800. Elapsed time: 40.026 secs. Remaining: 19.974 secs. Total: 1 mins 0 secs
[GC 337026K->95496K(2944064K), 0.0534640 secs]
[GC 351557K->96451K(2944064K), 0.0530870 secs]
[GC 352515K->83380K(2944064K), 0.0656700 secs]
[GC 339444K->94650K(2944064K), 0.0595970 secs]
[GC 350714K->93578K(2944064K), 0.0559170 secs]
 INFO  [Stressor-0] {org.radargun.stressors.StressTestStressor} Number of ops executed so far: 147250. Elapsed time: 1 mins 0 secs. Remaining: 0.000 secs. Total: 1 mins 0 secs
 INFO  [pool-1-thread-1] {org.radargun.stressors.StressTestStressor} Finished generating report. Test duration is: 1 mins 15 secs
 INFO  [pool-1-thread-1] {org.radargun.stages.StressTestWarmupStage} The warmup took: 75 seconds.
 INFO  [pool-1-thread-1] {org.radargun.Slave} Finished stage: StressTestWarmup {bulkSize=1, cacheSpecificKeyGenerator=false, commitTransactions=true, duration=1 mins 0 secs, entrySize=1000, exitBenchmarkOnSlaveFailure=false, fixedKeys=true, generateHistogramRange=false, keyGeneratorClass=org.radargun.stressors.StringKeyGenerator, keyGeneratorParam=null, loadAllKeys=false, numEntries=100, numOfThreads=4, numRequests=10000, numThreads=4, numberOfAttributes=100, numberOfRequests=10000, opsCountStatusLog=100000, poolKeys=true, preferAsyncOperations=false, removePercentage=0, replaceInvalidPercentage=40, runOnAllSlaves=false, sharedKeys=false, sizeOfAnAttribute=1000, slaves=null, transactionSize=50, useAtomics=false, useHistogramStatistics=false, useSimpleStatistics=true, useSmartClassLoading=true, useTransactions=null, writePercentage=20, writeTxPercentage=20 }
 INFO  [main] {org.radargun.Slave} Ack successfully sent to the master
[GC 349642K->95865K(2944064K), 0.0542090 secs]
[GC 351929K->105210K(2944064K), 0.0544640 secs]
[GC 361274K->108510K(2944064K), 0.0512740 secs]
[GC 364555K->88242K(2944064K), 0.0499800 secs]
[GC 344306K->93216K(2944064K), 0.0505190 secs]
[GC 349280K->105351K(2944064K), 0.0528330 secs]
[GC 361415K->93043K(2944064K), 0.0511900 secs]
[GC 349107K->108315K(2944064K), 0.0534960 secs]
[GC 364379K->121323K(2944064K), 0.0565730 secs]
[GC 377387K->116794K(2944064K), 0.0556850 secs]
[GC 372858K->137392K(2944064K), 0.0585570 secs]
[GC 393449K->144639K(2944064K), 0.0607490 secs]
[GC 400703K->152779K(2944064K), 0.0618260 secs]
[GC 408843K->162221K(2944064K), 0.0658720 secs]
 INFO  [pool-1-thread-1] {org.radargun.Slave} Executing stage: ClearClusterStage {ClearCluster {exitBenchmarkOnSlaveFailure=false, runOnAllSlaves=false, slaves=[ 0 ], useSmartClassLoading=true }
 INFO  [pool-1-thread-1] {org.radargun.stages.ClearClusterStage} Before executing clear, memory looks like this: Memory - free: 2,573,655 kb - max:4,906,688 kb- total:2,944,064 kb
[Full GC 370408K->134641K(2944064K), 0.6597620 secs]
 INFO  [pool-1-thread-1] {org.radargun.stages.ClearClusterStage} After executing cleanup, memory looks like this: Memory - free: 2,808,324 kb - max:4,906,688 kb- total:2,944,192 kb
 INFO  [pool-1-thread-1] {org.radargun.Slave} Finished stage: ClearClusterStage {ClearCluster {exitBenchmarkOnSlaveFailure=false, runOnAllSlaves=false, slaves=[ 0 ], useSmartClassLoading=true }
 INFO  [main] {org.radargun.Slave} Ack successfully sent to the master
 INFO  [pool-1-thread-1] {org.radargun.Slave} Executing stage: StressTest {bulkSize=1, cacheSpecificKeyGenerator=false, commitTransactions=true, duration=1 mins 0 secs, entrySize=1000, exitBenchmarkOnSlaveFailure=false, fixedKeys=true, generateHistogramRange=false, keyGeneratorClass=org.radargun.stressors.StringKeyGenerator, keyGeneratorParam=null, loadAllKeys=false, numEntries=10000, numOfThreads=4, numRequests=10000000, numThreads=4, numberOfAttributes=10000, numberOfRequests=10000000, opsCountStatusLog=500000, poolKeys=true, preferAsyncOperations=false, removePercentage=0, replaceInvalidPercentage=40, runOnAllSlaves=false, sharedKeys=false, sizeOfAnAttribute=1000, slaves=null, transactionSize=10000, useAtomics=false, useHistogramStatistics=false, useSimpleStatistics=true, useSmartClassLoading=true, useTransactions=true, writePercentage=10, writeTxPercentage=5 }
 INFO  [pool-1-thread-1] {org.radargun.stages.StressTestStage} Starting StressTestStage: StressTest {bulkSize=1, cacheSpecificKeyGenerator=false, commitTransactions=true, duration=1 mins 0 secs, entrySize=1000, exitBenchmarkOnSlaveFailure=false, fixedKeys=true, generateHistogramRange=false, keyGeneratorClass=org.radargun.stressors.StringKeyGenerator, keyGeneratorParam=null, loadAllKeys=false, numEntries=10000, numOfThreads=4, numRequests=10000000, numThreads=4, numberOfAttributes=10000, numberOfRequests=10000000, opsCountStatusLog=500000, poolKeys=true, preferAsyncOperations=false, removePercentage=0, replaceInvalidPercentage=40, runOnAllSlaves=false, sharedKeys=false, sizeOfAnAttribute=1000, slaves=null, transactionSize=10000, useAtomics=false, useHistogramStatistics=false, useSimpleStatistics=true, useSmartClassLoading=true, useTransactions=true, writePercentage=10, writeTxPercentage=5 }
 INFO  [pool-1-thread-1] {org.radargun.stressors.StressTestStressor} Using key generator org.radargun.stressors.StringKeyGenerator, param null
 INFO  [pool-1-thread-1] {org.radargun.stressors.StressTestStressor} Executing: StressTestStressor{opsCountStatusLog=500000, numRequests=10000000, numEntries=10000, entrySize=1000, writePercentage=10, numThreads=4, cacheWrapper=org.radargun.cachewrappers.FFWrapper@1f62fe39, nodeIndex=3, useTransactions=true, transactionSize=10000, commitTransactions=true, durationMillis=60000}
 INFO  [pool-1-thread-1] {org.radargun.stressors.StressTestStressor} Cache wrapper info is: FFWrapper using infinispan52
[GC 390769K->205768K(2944192K), 0.0326750 secs]
[GC 461896K->153053K(2944192K), 0.0300670 secs]
[GC 409181K->145297K(2944192K), 0.0337910 secs]
[GC 401425K->148573K(2944192K), 0.0326950 secs]
[GC 404701K->150561K(2944192K), 0.0342910 secs]
[GC 406689K->157566K(2944192K), 0.0345440 secs]
[GC 413694K->162180K(2944192K), 0.0349260 secs]
[GC 418308K->166658K(2944192K), 0.0356200 secs]
[GC 422786K->171467K(2944192K), 0.0381560 secs]
[GC 427595K->176364K(2944192K), 0.0403400 secs]
[GC 432492K->181201K(2944192K), 0.0382930 secs]
[GC 437329K->186376K(2944192K), 0.0404220 secs]
[GC 442504K->191614K(2944192K), 0.0432300 secs]
[GC 447742K->196863K(2944192K), 0.0436090 secs]
[GC 452991K->202520K(2944192K), 0.0431280 secs]
[GC 458648K->211769K(2944192K), 0.0508570 secs]
[GC 467897K->207523K(2944192K), 0.0556820 secs]
[GC 463651K->202878K(2944192K), 0.0539500 secs]
[GC 459006K->210281K(2944192K), 0.0488370 secs]
[GC 466409K->225297K(2944192K), 0.0504250 secs]
[GC 481425K->207328K(2944192K), 0.0519590 secs]
[GC 463456K->236472K(2944192K), 0.0510020 secs]
[GC 492600K->219434K(2944192K), 0.0536210 secs]
[GC 475562K->222335K(2944192K), 0.0541290 secs]
[GC 478463K->232555K(2944192K), 0.0495810 secs]
[GC 488683K->233533K(2944192K), 0.0514010 secs]
[GC 489661K->236514K(2944192K), 0.0516040 secs]
[GC 492642K->240039K(2944192K), 0.0512840 secs]
[GC 496167K->243995K(2944192K), 0.0498630 secs]
[GC 500123K->257865K(2944192K), 0.0513210 secs]
[GC 513993K->245332K(2944192K), 0.0497410 secs]
[GC 501460K->247776K(2944192K), 0.0537160 secs]
[GC 503904K->246053K(2944192K), 0.0527180 secs]
[GC 502181K->255740K(2944192K), 0.0556370 secs]
[GC 511868K->256419K(2944192K), 0.0509150 secs]
[GC 512547K->259188K(2944192K), 0.0503910 secs]
[GC 515316K->263709K(2944192K), 0.0557560 secs]
[GC 519837K->280292K(2944192K), 0.0552050 secs]
[GC 536420K->259602K(2944192K), 0.0535720 secs]
[GC 515730K->258045K(2944192K), 0.0519800 secs]
[GC 514173K->267238K(2944192K), 0.0476710 secs]
[GC 523366K->280778K(2944192K), 0.0498400 secs]
[GC 536906K->268750K(2944192K), 0.0516800 secs]
[GC 524878K->281940K(2944192K), 0.0528040 secs]
 WARN  [hz._hzInstance_1_FenixFrameworkGroup.event] {com.hazelcast.spi.EventService} [127.0.0.1]:5704 [FenixFrameworkGroup] Caution: Off-load event processing to your own thread-pool, don't use event thread!
[GC 538068K->281335K(2944192K), 0.0536990 secs]
[GC 537463K->286814K(2944192K), 0.0553190 secs]
[GC 542942K->278380K(2944192K), 0.0503140 secs]
[GC 534508K->288338K(2944192K), 0.0505250 secs]
[GC 544466K->289980K(2944192K), 0.0544400 secs]
[GC 546108K->303886K(2944192K), 0.0512140 secs]
[GC 560014K->290951K(2944192K), 0.0554480 secs]
[GC 547079K->304308K(2944192K), 0.0535530 secs]
[GC 560436K->314582K(2944192K), 0.0578880 secs]
[GC 570710K->282327K(2944192K), 0.0510580 secs]
[GC 538455K->300093K(2944192K), 0.0520360 secs]
[GC 556221K->301185K(2944192K), 0.0675030 secs]
[GC 557313K->293663K(2944192K), 0.0673640 secs]
[GC 549791K->309036K(2944192K), 0.0647990 secs]
[GC 565164K->313562K(2944192K), 0.0661260 secs]
[GC 569690K->317757K(2944192K), 0.0576960 secs]
 WARN  [hz._hzInstance_1_FenixFrameworkGroup.event] {com.hazelcast.spi.EventService} [127.0.0.1]:5704 [FenixFrameworkGroup] Caution: Off-load event processing to your own thread-pool, don't use event thread!
[GC 573885K->321596K(2944192K), 0.0551190 secs]
[GC 577724K->313062K(2944192K), 0.0570230 secs]
[GC 569190K->311236K(2944192K), 0.0572130 secs]
 INFO  [pool-1-thread-1] {org.radargun.stressors.StressTestStressor} Started 4 stressor threads.
 INFO  [Stressor-1] {org.radargun.stressors.StressTestStressor} Number of ops executed so far: 1. Elapsed time: 0.000 secs. Remaining: 1 mins 0 secs. Total: 1 mins 0 secs
[GC 567364K->336671K(2944192K), 0.0603110 secs]
[GC 591632K->346356K(2944192K), 0.0647230 secs]
[GC 602484K->374825K(2944192K), 0.0688570 secs]
[GC 630925K->390046K(2944192K), 0.0872850 secs]
[GC 646174K->398089K(2944192K), 0.0724250 secs]
[GC 654217K->376093K(2944192K), 0.0531940 secs]
[GC 632221K->393641K(2944192K), 0.0528660 secs]
[GC 648650K->401988K(2944192K), 0.0606480 secs]
[GC 658116K->417627K(2944192K), 0.0531390 secs]
[GC 673621K->443146K(2944192K), 0.0624790 secs]
[GC 699274K->433966K(2944192K), 0.0704230 secs]
[GC 690094K->458474K(2944192K), 0.0533520 secs]
[GC 714602K->445780K(2944192K), 0.0564680 secs]
[GC 700912K->469323K(2944192K), 0.0525440 secs]
[GC 725398K->492434K(2944192K), 0.0628970 secs]
[GC 747153K->485464K(2944192K), 0.0716520 secs]
[GC 740035K->499247K(2944192K), 0.0577280 secs]
[GC 753607K->496407K(2944192K), 0.0582770 secs]
[GC 752535K->517942K(2944192K), 0.0855910 secs]
[GC 774070K->533918K(2944192K), 0.0714910 secs]
[GC 790046K->531322K(2944192K), 0.0577030 secs]
 INFO  [Stressor-0] {org.radargun.stressors.StressTestStressor} Number of ops executed so far: 4744008. Elapsed time: 20.000 secs. Remaining: 40.000 secs. Total: 1 mins 0 secs
[GC 787450K->541199K(2944192K), 0.0550290 secs]
[GC 797327K->535030K(2944192K), 0.0520050 secs]
[GC 790971K->548594K(2944192K), 0.0639510 secs]
[GC 804722K->562048K(2944192K), 0.0543890 secs]
[GC 818176K->566870K(2944192K), 0.0659530 secs]
 WARN  [hz._hzInstance_1_FenixFrameworkGroup.event] {com.hazelcast.spi.EventService} [127.0.0.1]:5704 [FenixFrameworkGroup] Caution: Off-load event processing to your own thread-pool, don't use event thread!
[GC 822998K->572912K(2944192K), 0.0669440 secs]
[GC 828974K->590457K(2944192K), 0.0565060 secs]
[GC 846585K->584060K(2944192K), 0.0648220 secs]
[GC 840051K->592645K(2944192K), 0.0587180 secs]
[GC 848773K->628508K(2944192K), 0.0604130 secs]
[GC 884636K->628224K(2944192K), 0.0768180 secs]
[GC 883085K->622247K(2944192K), 0.0531730 secs]
[GC 878325K->641773K(2944192K), 0.0535090 secs]
[GC 894741K->640077K(2944192K), 0.0613350 secs]
[GC 896107K->633745K(2944192K), 0.0475740 secs]
[GC 889873K->674678K(2944192K), 0.0590470 secs]
[GC 929932K->668573K(2944192K), 0.0772480 secs]
[GC 924701K->662447K(2944192K), 0.0481730 secs]
[GC 918575K->666783K(2944192K), 0.0497150 secs]
[GC 922911K->682934K(2944192K), 0.0538670 secs]
[GC 939062K->688225K(2944192K), 0.0632610 secs]
 INFO  [Stressor-0] {org.radargun.stressors.StressTestStressor} Number of ops executed so far: 10202979. Elapsed time: 40.000 secs. Remaining: 20.000 secs. Total: 1 mins 0 secs
[GC 944307K->712974K(2944192K), 0.0558000 secs]
[GC 969102K->733865K(2944192K), 0.0672280 secs]
[GC 989993K->727513K(2944192K), 0.0738400 secs]
[GC 983641K->739520K(2944192K), 0.0552710 secs]
[GC 994710K->760213K(2944192K), 0.0765860 secs]
[GC 1016341K->753395K(2944192K), 0.0506600 secs]
[GC 1009468K->764748K(2944192K), 0.0580810 secs]
[GC 1020876K->780280K(2944192K), 0.0560190 secs]
[GC 1036408K->768276K(2944192K), 0.0600590 secs]
[GC 1024404K->783004K(2944192K), 0.0594700 secs]
[GC 1038599K->788377K(2944192K), 0.0617050 secs]
[GC 1044505K->811717K(2944192K), 0.0585530 secs]
[GC 1067822K->814559K(2944192K), 0.0691710 secs]
[GC 1070687K->830051K(2944192K), 0.0913460 secs]
[GC 1086179K->821443K(2944192K), 0.0597340 secs]
[GC 1077571K->835174K(2944192K), 0.0633900 secs]
[GC 1091302K->862306K(2944192K), 0.0607510 secs]
[GC 1118434K->860385K(2944192K), 0.0648910 secs]
[GC 1116513K->854512K(2944192K), 0.0501120 secs]
[GC 1110640K->864455K(2944192K), 0.0569750 secs]
 INFO  [Stressor-2] {org.radargun.stressors.StressTestStressor} Number of ops executed so far: 13136807. Elapsed time: 1 mins 0 secs. Remaining: 0.000 secs. Total: 1 mins 0 secs
 INFO  [pool-1-thread-1] {org.radargun.stressors.StressTestStressor} Finished generating report. Test duration is: 5 mins 53 secs
 INFO  [pool-1-thread-1] {org.radargun.stages.StressTestStage} size info: FFWrapper using infinispan52, clusterSize:10, nodeIndex:3, cacheSize: -1
 INFO  [pool-1-thread-1] {org.radargun.Slave} Finished stage: StressTest {bulkSize=1, cacheSpecificKeyGenerator=false, commitTransactions=true, duration=1 mins 0 secs, entrySize=1000, exitBenchmarkOnSlaveFailure=false, fixedKeys=true, generateHistogramRange=false, keyGeneratorClass=org.radargun.stressors.StringKeyGenerator, keyGeneratorParam=null, loadAllKeys=false, numEntries=10000, numOfThreads=4, numRequests=10000000, numThreads=4, numberOfAttributes=10000, numberOfRequests=10000000, opsCountStatusLog=500000, poolKeys=true, preferAsyncOperations=false, removePercentage=0, replaceInvalidPercentage=40, runOnAllSlaves=false, sharedKeys=false, sizeOfAnAttribute=1000, slaves=null, transactionSize=10000, useAtomics=false, useHistogramStatistics=false, useSimpleStatistics=true, useSmartClassLoading=true, useTransactions=true, writePercentage=10, writeTxPercentage=5 }
 INFO  [main] {org.radargun.Slave} Ack successfully sent to the master
[GC 1120583K->872116K(2944192K), 0.0649560 secs]
[GC 1128244K->889342K(2944192K), 0.0522290 secs]
[GC 1145470K->880968K(2944192K), 0.0536050 secs]
[GC 1137096K->887695K(2944192K), 0.0557080 secs]
[GC 1143823K->869952K(2944192K), 0.0483960 secs]
[GC 1126080K->874925K(2944192K), 0.0598820 secs]
[GC 1131053K->867962K(2944192K), 0.0469770 secs]
[GC 1124090K->878027K(2944192K), 0.0506350 secs]
[GC 1134155K->874644K(2944192K), 0.0518020 secs]
[GC 1130772K->852974K(2944192K), 0.0491720 secs]
[GC 1109102K->884419K(2944192K), 0.0542210 secs]
[GC 1140547K->861155K(2944192K), 0.0543240 secs]
[GC 1117283K->880058K(2944192K), 0.0543240 secs]
[GC 1136186K->861726K(2944192K), 0.0625930 secs]
[GC 1117854K->866079K(2944192K), 0.0586090 secs]
[GC 1122207K->868490K(2944192K), 0.0566670 secs]
[GC 1124618K->870798K(2944192K), 0.0535600 secs]
[GC 1126926K->870456K(2944192K), 0.0486110 secs]
[GC 1126584K->878455K(2944192K), 0.0491760 secs]
[GC 1134583K->880294K(2944192K), 0.0444130 secs]
[GC 1136422K->875248K(2944192K), 0.0497260 secs]
[GC 1131376K->891546K(2944192K), 0.0438920 secs]
[GC 1147674K->878762K(2944192K), 0.0451540 secs]
[GC 1134890K->889983K(2944192K), 0.0542270 secs]
[GC 1146111K->902229K(2944192K), 0.0545710 secs]
[GC 1158333K->920699K(2944192K), 0.0623700 secs]
[GC 1176827K->944715K(2944192K), 0.0706960 secs]
[GC 1200843K->984177K(2944192K), 0.0953990 secs]
[GC 1239274K->959741K(2944192K), 0.0877600 secs]
[GC 1215869K->1015003K(2944192K), 0.0803760 secs]
[GC 1271131K->993337K(2944192K), 0.0754840 secs]
[GC 1249465K->1045955K(2944192K), 0.0779620 secs]
[GC 1302083K->1021574K(2944192K), 0.0888940 secs]
[GC 1277702K->1076736K(2944192K), 0.0736560 secs]
[GC 1332864K->1052307K(2944192K), 0.0764820 secs]
[GC 1308435K->1099449K(2944192K), 0.0799220 secs]
[GC 1354863K->1110751K(2944192K), 0.0829560 secs]
[GC 1366879K->1120326K(2944192K), 0.0782440 secs]
[GC 1374524K->1117801K(2944192K), 0.0831490 secs]
[GC 1373929K->1153000K(2944192K), 0.0801610 secs]
[GC 1409124K->1147513K(2944192K), 0.0740490 secs]
[GC 1403641K->1183887K(2944192K), 0.0790230 secs]
[GC 1440015K->1198596K(2944192K), 0.0895690 secs]
[GC 1454697K->1195426K(2944192K), 0.0782170 secs]
[GC 1451554K->1230234K(2944192K), 0.0791020 secs]
[GC 1486362K->1226339K(2944192K), 0.0806680 secs]
[GC 1481200K->1259331K(2944192K), 0.0856360 secs]
[GC 1515172K->1274196K(2944192K), 0.0798810 secs]
[GC 1530324K->1293545K(2944192K), 0.0813980 secs]
[GC 1549673K->1304834K(2944192K), 0.0760710 secs]
[GC 1560962K->1318067K(2944192K), 0.0778570 secs]
[GC 1573633K->1321053K(2944192K), 0.0999710 secs]
[GC 1577181K->1353541K(2944192K), 0.0813020 secs]
[GC 1609669K->1331044K(2944192K), 0.0786990 secs]
[GC 1587172K->1343087K(2944192K), 0.0682630 secs]
[GC 1599215K->1329886K(2944192K), 0.0540280 secs]
[GC 1586014K->1355531K(2944192K), 0.0549840 secs]
[GC 1611659K->1370251K(2944192K), 0.0575060 secs]
[GC 1626379K->1343525K(2944192K), 0.0581610 secs]
[GC 1599653K->1378494K(2944192K), 0.0581550 secs]
[GC 1634622K->1344252K(2944192K), 0.0586300 secs]
[GC 1600380K->1383002K(2944192K), 0.0601950 secs]
[GC 1639130K->1347464K(2944192K), 0.0593500 secs]
[GC 1603592K->1347490K(2944192K), 0.0709720 secs]
[GC 1347530K(2944192K), 0.0323780 secs]
[GC 1565843K(2944192K), 0.2918440 secs]
[GC 1236933K->986931K(2944192K), 0.0533430 secs]
 WARN  [hz._hzInstance_1_FenixFrameworkGroup.event] {com.hazelcast.spi.EventService} [127.0.0.1]:5704 [FenixFrameworkGroup] Caution: Off-load event processing to your own thread-pool, don't use event thread!
[GC 1243059K->1011578K(2944192K), 0.0560270 secs]
[GC 1267706K->987143K(2944192K), 0.0558170 secs]
[GC 1243271K->991106K(2944192K), 0.0697760 secs]
[GC 1247234K->995231K(2944192K), 0.0575090 secs]
 WARN  [hz._hzInstance_1_FenixFrameworkGroup.event] {com.hazelcast.spi.EventService} [127.0.0.1]:5704 [FenixFrameworkGroup] Caution: Off-load event processing to your own thread-pool, don't use event thread!
[GC 1251359K->994325K(2944192K), 0.0414760 secs]
[GC 1250453K->1002342K(2944192K), 0.0404770 secs]
[GC 1258470K->988864K(2944192K), 0.0421290 secs]
[GC 1244992K->1003244K(2944192K), 0.0413900 secs]
[GC 1259372K->991397K(2944192K), 0.0419100 secs]
[GC 1247525K->1006389K(2944192K), 0.0426610 secs]
[GC 1262517K->994529K(2944192K), 0.0422140 secs]
[GC 1250657K->1009759K(2944192K), 0.0399500 secs]
[GC 1265887K->997663K(2944192K), 0.0433060 secs]
[GC 1253791K->1013275K(2944192K), 0.0435150 secs]
[GC 1269403K->1001082K(2944192K), 0.0480180 secs]
[GC 1257210K->1016671K(2944192K), 0.0450550 secs]
[GC 1272799K->1004281K(2944192K), 0.0453140 secs]
[GC 1260409K->1020531K(2944192K), 0.0448360 secs]
[GC 1276659K->1007876K(2944192K), 0.0431720 secs]
[GC 1264004K->1024327K(2944192K), 0.0458940 secs]
[GC 1280455K->1011226K(2944192K), 0.0443900 secs]
[GC 1267354K->1027743K(2944192K), 0.0448470 secs]
[GC 1283871K->1014641K(2944192K), 0.0456620 secs]
[GC 1270769K->1025661K(2944192K), 0.0402940 secs]
[GC 1281789K->1024513K(2944192K), 0.0451980 secs]
[GC 1280641K->1027082K(2944192K), 0.0463770 secs]
[GC 1283210K->1028969K(2944192K), 0.0458100 secs]
[GC 1285097K->1030955K(2944192K), 0.0440870 secs]
[GC 1287083K->1032591K(2944192K), 0.0459650 secs]
[GC 1288719K->1028052K(2944192K), 0.0455300 secs]
[GC 1284180K->1029727K(2944192K), 0.0441710 secs]
[GC 1285855K->1031647K(2944192K), 0.0456150 secs]
[GC 1287775K->1039723K(2944192K), 0.0426090 secs]
[GC 1295851K->1048015K(2944192K), 0.0436780 secs]
[GC 1304143K->1036703K(2944192K), 0.0428240 secs]
[GC 1292831K->1047429K(2944192K), 0.0459800 secs]
[GC 1303557K->1046104K(2944192K), 0.0469800 secs]
[GC 1302232K->1048768K(2944192K), 0.0461930 secs]
[GC 1304896K->1050829K(2944192K), 0.0474850 secs]
[GC 1306957K->1046334K(2944192K), 0.0464630 secs]
[GC 1302462K->1054726K(2944192K), 0.0457680 secs]
[GC 1310854K->1056786K(2944192K), 0.0438950 secs]
[GC 1312914K->1065870K(2944192K), 0.0458130 secs]
[GC 1321998K->1053969K(2944192K), 0.0799770 secs]
[GC 1310097K->1071760K(2944192K), 0.0446640 secs]
[GC 1327888K->1056513K(2944192K), 0.0460710 secs]
[GC 1312641K->1075472K(2944192K), 0.0528730 secs]
[GC 1331600K->1060337K(2944192K), 0.0538880 secs]
[GC 1316465K->1073121K(2944192K), 0.0477070 secs]
[GC 1329249K->1071740K(2944192K), 0.0521630 secs]
[GC 1327868K->1074560K(2944192K), 0.0533370 secs]
[GC 1330688K->1076610K(2944192K), 0.0497790 secs]
[GC 1332738K->1078983K(2944192K), 0.0473470 secs]
[GC 1335111K->1080810K(2944192K), 0.0489150 secs]
[GC 1336938K->1090145K(2944192K), 0.0535960 secs]
[GC 1346273K->1077542K(2944192K), 0.0454680 secs]
[GC 1333670K->1096125K(2944192K), 0.0467950 secs]
[GC 1352253K->1080035K(2944192K), 0.0536060 secs]
[GC 1336163K->1092842K(2944192K), 0.0459420 secs]
[GC 1348970K->1091221K(2944192K), 0.0454560 secs]
[GC 1347349K->1094053K(2944192K), 0.0439030 secs]
[GC 1350181K->1103786K(2944192K), 0.0454080 secs]
[GC 1359914K->1091138K(2944192K), 0.0468590 secs]
[GC 1347266K->1102953K(2944192K), 0.0431850 secs]
[GC 1359081K->1108524K(2944192K), 0.0448690 secs]
[GC 1364652K->1096779K(2944192K), 0.0447020 secs]
[GC 1352907K->1108597K(2944192K), 0.0512840 secs]
[GC 1364725K->1114515K(2944192K), 0.0496960 secs]
[GC 1370643K->1102456K(2944192K), 0.0468320 secs]
[GC 1358584K->1114727K(2944192K), 0.0517000 secs]
[GC 1370855K->1113047K(2944192K), 0.0489540 secs]
[GC 1369175K->1115861K(2944192K), 0.0470450 secs]
[GC 1371989K->1117875K(2944192K), 0.0557090 secs]
[GC 1374003K->1120140K(2944192K), 0.0464890 secs]
[GC 1376268K->1129821K(2944192K), 0.0482710 secs]
[GC 1385949K->1116697K(2944192K), 0.0469980 secs]
[GC 1372825K->1135446K(2944192K), 0.0459410 secs]
[GC 1391574K->1119029K(2944192K), 0.0498320 secs]
[GC 1375157K->1138696K(2944192K), 0.0434410 secs]
[GC 1394824K->1122623K(2944192K), 0.0479610 secs]
[GC 1378751K->1135493K(2944192K), 0.0472140 secs]
[GC 1391621K->1141196K(2944192K), 0.0486960 secs]
[GC 1397324K->1129423K(2944192K), 0.0450000 secs]
[GC 1385551K->1141207K(2944192K), 0.0489810 secs]
[GC 1397335K->1139429K(2944192K), 0.0502040 secs]
[GC 1395557K->1135052K(2944192K), 0.0449490 secs]
[GC 1391180K->1144022K(2944192K), 0.0509090 secs]
[GC 1400150K->1146036K(2944192K), 0.0474950 secs]
[GC 1402164K->1147505K(2944192K), 0.0524220 secs]
[GC 1403633K->1149520K(2944192K), 0.0459010 secs]
[GC 1405648K->1151343K(2944192K), 0.0493920 secs]
[GC 1407471K->1146170K(2944192K), 0.0509040 secs]
[GC 1402298K->1154872K(2944192K), 0.0517880 secs]
[GC 1411000K->1156809K(2944192K), 0.0510400 secs]
[GC 1412937K->1158393K(2944192K), 0.0459490 secs]
[GC 1414521K->1160269K(2944192K), 0.0479470 secs]
[GC 1416397K->1168861K(2944192K), 0.0454550 secs]
[GC 1424989K->1161203K(2944192K), 0.0499610 secs]
[GC 1417331K->1167756K(2944192K), 0.0481560 secs]
[GC 1423884K->1172875K(2944192K), 0.0480440 secs]
[GC 1429003K->1161718K(2944192K), 0.0467130 secs]
[GC 1417846K->1179447K(2944192K), 0.0491450 secs]
[GC 1435575K->1164414K(2944192K), 0.0500140 secs]
 WARN  [hz._hzInstance_1_FenixFrameworkGroup.event] {com.hazelcast.spi.EventService} [127.0.0.1]:5704 [FenixFrameworkGroup] Caution: Off-load event processing to your own thread-pool, don't use event thread!
[GC 1420542K->1182603K(2944192K), 0.0460970 secs]
[GC 1438731K->1167904K(2944192K), 0.0437580 secs]
[GC 1424032K->1179610K(2944192K), 0.0452750 secs]
[GC 1435738K->1184993K(2944192K), 0.0433080 secs]
[GC 1441121K->1173878K(2944192K), 0.0489380 secs]
[GC 1430006K->1191074K(2944192K), 0.0487870 secs]
[GC 1447202K->1176353K(2944192K), 0.0441530 secs]
[GC 1432481K->1194369K(2944192K), 0.0471130 secs]
[GC 1450497K->1180004K(2944192K), 0.0516470 secs]
[GC 1436132K->1191736K(2944192K), 0.0439620 secs]
[GC 1447864K->1197108K(2944192K), 0.0445500 secs]
[GC 1453236K->1186155K(2944192K), 0.0504070 secs]
[GC 1442283K->1203456K(2944192K), 0.0454940 secs]
[GC 1459584K->1188674K(2944192K), 0.0437940 secs]
[GC 1444802K->1206650K(2944192K), 0.0441580 secs]
[GC 1462778K->1192073K(2944192K), 0.0497940 secs]
[GC 1448201K->1209977K(2944192K), 0.0430780 secs]
[GC 1466105K->1195474K(2944192K), 0.0462960 secs]
[GC 1451602K->1213466K(2944192K), 0.0485810 secs]
[GC 1469594K->1199194K(2944192K), 0.0444670 secs]
[GC 1455322K->1217065K(2944192K), 0.0444830 secs]
[GC 1473193K->1202711K(2944192K), 0.0520260 secs]
[GC 1458839K->1220541K(2944192K), 0.0469740 secs]
[GC 1476669K->1206299K(2944192K), 0.0448690 secs]
[GC 1462427K->1223850K(2944192K), 0.0497930 secs]
[GC 1479978K->1209591K(2944192K), 0.0526330 secs]
[GC 1465700K->1227546K(2944192K), 0.0547040 secs]
[GC 1483377K->1246465K(2944192K), 0.0630100 secs]
[GC 1502593K->1274829K(2944192K), 0.0816630 secs]
[GC 1530914K->1293374K(2944192K), 0.0799010 secs]
[GC 1549479K->1324303K(2944192K), 0.0935360 secs]
[GC 1580431K->1316980K(2944192K), 0.1223080 secs]
[GC 1573108K->1309311K(2944192K), 0.0830560 secs]
[GC 1565439K->1357001K(2944192K), 0.0823600 secs]
[GC 1613129K->1372899K(2944192K), 0.0836700 secs]
[GC 1629027K->1404301K(2944192K), 0.0825220 secs]
[GC 1660384K->1383374K(2944192K), 0.0817860 secs]
[GC 1639502K->1437322K(2944192K), 0.0812820 secs]
[GC 1693450K->1411090K(2944192K), 0.0872020 secs]
[GC 1667218K->1452315K(2944192K), 0.0976130 secs]
[GC 1707991K->1443125K(2944192K), 0.0885580 secs]
[GC 1699253K->1495496K(2944192K), 0.0893050 secs]
[GC 1751608K->1474322K(2944192K), 0.0820860 secs]
[GC 1730450K->1526636K(2944192K), 0.0874670 secs]
[GC 1782748K->1498317K(2944192K), 0.0806830 secs]
[GC 1754445K->1557744K(2944192K), 0.0847610 secs]
[GC 1813872K->1528919K(2944192K), 0.0840400 secs]
[GC 1785047K->1569593K(2944192K), 0.0989930 secs]
[GC 1825721K->1579505K(2944192K), 0.0916790 secs]
[GC 1835633K->1582523K(2944192K), 0.0880550 secs]
[GC 1838651K->1576028K(2944192K), 0.0800300 secs]
[GC 1832156K->1579892K(2944192K), 0.0597350 secs]
[GC 1836020K->1607887K(2944192K), 0.0644990 secs]
[GC 1864015K->1579605K(2944192K), 0.0648350 secs]
[GC 1835733K->1617325K(2944192K), 0.0667280 secs]
[GC 1873453K->1597754K(2944192K), 0.0757330 secs]
[GC 1853882K->1603756K(2944192K), 0.0563820 secs]
 WARN  [hz._hzInstance_1_FenixFrameworkGroup.event] {com.hazelcast.spi.EventService} [127.0.0.1]:5704 [FenixFrameworkGroup] Caution: Off-load event processing to your own thread-pool, don't use event thread!
[GC 1859884K->1610222K(2944192K), 0.0603880 secs]
[GC 1866350K->1627765K(2944192K), 0.0596040 secs]
[GC 1883893K->1589946K(2944192K), 0.0632130 secs]
[GC 1846074K->1625636K(2944192K), 0.0605010 secs]
[GC 1881764K->1592225K(2944192K), 0.0651990 secs]
[GC 1848353K->1632268K(2944192K), 0.0672290 secs]
[GC 1888396K->1614799K(2944192K), 0.0762430 secs]
[GC 1870927K->1604293K(2944192K), 0.0728000 secs]
[GC 1860421K->1603762K(2944192K), 0.0501220 secs]
[GC 1859890K->1602027K(2944192K), 0.0488960 secs]
[GC 1858155K->1603216K(2944192K), 0.0545600 secs]
[GC 1859344K->1612823K(2944192K), 0.0524100 secs]
[GC 1868951K->1607038K(2944192K), 0.0512350 secs]
[GC 1863166K->1624295K(2944192K), 0.0492460 secs]
[GC 1880423K->1611197K(2944192K), 0.0472830 secs]
[GC 1867325K->1630320K(2944192K), 0.0469940 secs]
[GC 1886448K->1613677K(2944192K), 0.0482490 secs]
[GC 1869805K->1633905K(2944192K), 0.0468380 secs]
[GC 1890033K->1617532K(2944192K), 0.0463610 secs]
[GC 1873660K->1637869K(2944192K), 0.0468260 secs]
[GC 1893997K->1621594K(2944192K), 0.0463060 secs]
[GC 1877722K->1642254K(2944192K), 0.0533610 secs]
[GC 1898382K->1625746K(2944192K), 0.0850810 secs]
 WARN  [hz._hzInstance_1_FenixFrameworkGroup.event] {com.hazelcast.spi.EventService} [127.0.0.1]:5704 [FenixFrameworkGroup] Caution: Off-load event processing to your own thread-pool, don't use event thread!
[GC 1881874K->1646453K(2944192K), 0.0534580 secs]
[GC 1902581K->1629919K(2944192K), 0.0536810 secs]
[GC 1886047K->1650748K(2944192K), 0.0532770 secs]
[GC 1906876K->1638973K(2944192K), 0.0534990 secs]
[GC 1895101K->1648005K(2944192K), 0.0525470 secs]
[GC 1904133K->1654091K(2944192K), 0.0524390 secs]
[GC 1910219K->1641607K(2944192K), 0.0537860 secs]
[GC 1897735K->1661471K(2944192K), 0.0531320 secs]
[GC 1917599K->1644522K(2944192K), 0.0539290 secs]
[GC 1900650K->1665692K(2944192K), 0.0498440 secs]
[GC 1921820K->1648832K(2944192K), 0.0540390 secs]
[GC 1904960K->1670056K(2944192K), 0.0512600 secs]
[GC 1926184K->1653170K(2944192K), 0.0504800 secs]
[GC 1909298K->1666877K(2944192K), 0.0697700 secs]
[GC 1923005K->1665497K(2944192K), 0.0548630 secs]
[GC 1921625K->1678359K(2944192K), 0.0510400 secs]
[GC 1934487K->1689895K(2944192K), 0.0642630 secs]
[GC 1946023K->1720937K(2944192K), 0.0818950 secs]
[GC 1976105K->1754569K(2944192K), 0.0850100 secs]
[GC 2010697K->1772305K(2944192K), 0.0977320 secs]
[GC 2027142K->1745104K(2944192K), 0.1015690 secs]
[GC 2001232K->1753911K(2944192K), 0.0861460 secs]
[GC 2010039K->1801391K(2944192K), 0.0915130 secs]
[GC 2057519K->1785452K(2944192K), 0.0819800 secs]
[GC 2041580K->1832610K(2944192K), 0.1236160 secs]
[GC 2088738K->1866692K(2944192K), 0.0874200 secs]
[GC 2122820K->1845179K(2944192K), 0.0869430 secs]
[GC 2101307K->1897647K(2944192K), 0.0805450 secs]
[GC 2153775K->1872278K(2944192K), 0.0886110 secs]
[GC 2128406K->1928591K(2944192K), 0.0936390 secs]
[GC 2184719K->1903652K(2944192K), 0.0871550 secs]
[GC 2159762K->1958506K(2944192K), 0.0805720 secs]
[GC 2214634K->1933115K(2944192K), 0.0862330 secs]
[GC 2189243K->1980677K(2944192K), 0.0869870 secs]
[GC 2236805K->2004726K(2944192K), 0.0861940 secs]
[GC 2260812K->1982314K(2944192K), 0.0856150 secs]
[GC 2238442K->2023428K(2944192K), 0.0853210 secs]
[GC 2279556K->2008634K(2944192K), 0.0751650 secs]
[GC 2264762K->2029290K(2944192K), 0.0602770 secs]
[GC 2285418K->1994048K(2944192K), 0.0625040 secs]
[GC 2250005K->2032838K(2944192K), 0.0808370 secs]
[GC 2287334K->2069432K(2944192K), 0.1014480 secs]
[GC 2325560K->2057831K(2944192K), 0.0973000 secs]
[GC 2313276K->2105169K(2944192K), 0.0759390 secs]
[GC 2361297K->2113190K(2944192K), 0.1046320 secs]
[GC 2369313K->2107889K(2944192K), 0.0830270 secs]
[GC 2363989K->2138108K(2944192K), 0.0867380 secs]
 WARN  [hz._hzInstance_1_FenixFrameworkGroup.event] {com.hazelcast.spi.EventService} [127.0.0.1]:5704 [FenixFrameworkGroup] Caution: Off-load event processing to your own thread-pool, don't use event thread!
[GC 2394236K->2170847K(2944192K), 0.0896520 secs]
[GC 2426975K->2153117K(2944192K), 0.0903540 secs]
[GC 2409191K->2194634K(2944192K), 0.0922880 secs]
[GC 2450762K->2217773K(2944192K), 0.0901180 secs]
[GC 2473901K->2181203K(2944192K), 0.0870220 secs]
[GC 2437313K->2232038K(2944192K), 0.0884520 secs]
[GC 2488166K->2247074K(2944192K), 0.0843450 secs]
[GC 2503202K->2265444K(2944192K), 0.0951900 secs]
[GC 2521572K->2279698K(2944192K), 0.0900190 secs]
[GC 2535826K->2310632K(2944192K), 0.0921750 secs]
[GC 2566715K->2291566K(2944192K), 0.0864560 secs]
[GC 2547694K->2332340K(2944192K), 0.0907940 secs]
[GC 2588468K->2343730K(2944192K), 0.0877290 secs]
[GC 2599858K->2320131K(2944192K), 0.0792220 secs]
[GC 2576259K->2342099K(2944192K), 0.0669460 secs]
[GC 2598227K->2357801K(2944192K), 0.0694630 secs]
[GC 2613929K->2345860K(2944192K), 0.0838870 secs]
[GC 2601988K->2363350K(2944192K), 0.0617410 secs]
[GC 2619478K->2330366K(2944192K), 0.0680420 secs]
[GC 2586494K->2368352K(2944192K), 0.0642800 secs]
[GC 2624480K->2336165K(2944192K), 0.0737640 secs]
[GC 2592293K->2341916K(2944192K), 0.0811520 secs]
 WARN  [hz._hzInstance_1_FenixFrameworkGroup.event] {com.hazelcast.spi.EventService} [127.0.0.1]:5704 [FenixFrameworkGroup] Caution: Off-load event processing to your own thread-pool, don't use event thread!
[GC 2598044K->2359491K(2944192K), 0.0668390 secs]
[GC 2615602K->2385421K(2944192K), 0.0748870 secs]
[GC 2641133K->2410705K(2944192K), 0.1173890 secs]
[GC 2666393K->2436999K(2944192K), 0.0973870 secs]
[GC 2693020K->2456406K(2944192K), 0.1313470 secs]
[GC 2712534K->2462017K(2944192K), 0.1130380 secs]
[GC 2462020K(2944192K), 0.0603670 secs]
[GC 2718145K->2453692K(2960512K), 0.0993780 secs]
[GC 2604840K(2960512K), 0.0659730 secs]
[GC 2407100K->2183188K(2960512K), 0.1094430 secs]
[GC 2438952K->2218844K(3877968K), 0.1088630 secs]
[GC 2474972K->2237741K(3877968K), 0.1058630 secs]
[GC 2493869K->2237291K(3877968K), 0.1038540 secs]
[GC 2493419K->2243013K(3877968K), 0.0960000 secs]
[GC 2497249K->2304028K(3877968K), 0.1093400 secs]
[GC 2560108K->2290944K(3877968K), 0.0971470 secs]
[GC 2546652K->2324282K(3877968K), 0.0853460 secs]
[GC 2580410K->2354633K(3877968K), 0.1041420 secs]
[GC 2610761K->2363139K(3877968K), 0.1187150 secs]
[GC 2619267K->2389319K(3877968K), 0.0958150 secs]
[GC 2645418K->2392025K(3877968K), 0.0977550 secs]
[GC 2648153K->2411650K(3877968K), 0.1093980 secs]
[GC 2667778K->2430764K(3877968K), 0.1033500 secs]
[GC 2686892K->2467252K(3877968K), 0.0969240 secs]
[GC 2723341K->2473855K(3877968K), 0.0989550 secs]
[GC 2729983K->2509679K(3877968K), 0.0990790 secs]
[GC 2765807K->2512016K(3877968K), 0.1013630 secs]
[GC 2768136K->2527148K(3877968K), 0.0985500 secs]
[GC 2783276K->2573052K(3877968K), 0.0951690 secs]
[GC 2829180K->2578383K(3877968K), 0.1135130 secs]
[GC 2834511K->2583678K(3877968K), 0.0921090 secs]
[GC 2839806K->2598533K(3877968K), 0.0949730 secs]
 WARN  [hz._hzInstance_1_FenixFrameworkGroup.event] {com.hazelcast.spi.EventService} [127.0.0.1]:5704 [FenixFrameworkGroup] Caution: Off-load event processing to your own thread-pool, don't use event thread!
[GC 2854661K->2643431K(3877968K), 0.0855810 secs]
 WARN  [hz._hzInstance_1_FenixFrameworkGroup.event] {com.hazelcast.spi.EventService} [127.0.0.1]:5704 [FenixFrameworkGroup] Caution: Off-load event processing to your own thread-pool, don't use event thread!
[GC 2899559K->2660751K(3877968K), 0.1067120 secs]
[GC 2916879K->2649489K(3877968K), 0.1223950 secs]
[GC 2905617K->2671513K(3877968K), 0.0941500 secs]
[GC 2927641K->2670416K(3877968K), 0.0922530 secs]
[GC 2926544K->2709308K(3877968K), 0.0790550 secs]
[GC 2965436K->2681121K(3877968K), 0.0751390 secs]
[GC 2937249K->2697518K(3877968K), 0.0887310 secs]
[GC 2953646K->2719311K(3877968K), 0.0743590 secs]
[GC 2975439K->2693602K(3877968K), 0.0789770 secs]
[GC 2949678K->2734383K(3877968K), 0.0870760 secs]
[GC 2990511K->2764021K(3877968K), 0.1121940 secs]
[GC 3018101K->2789322K(3877968K), 0.1071010 secs]
[GC 3045274K->2770438K(3877968K), 0.1253700 secs]
[GC 3026566K->2780376K(3877968K), 0.1218070 secs]
[GC 3036386K->2810629K(3877968K), 0.1088740 secs]
[GC 3066757K->2829987K(3877968K), 0.1087710 secs]
[GC 3086115K->2864742K(3877968K), 0.1063830 secs]
[GC 3120870K->2880136K(3877968K), 0.1260740 secs]
[GC 3136264K->2902650K(3877968K), 0.1064210 secs]
[GC 3158778K->2903022K(3877968K), 0.1040360 secs]
[GC 3159143K->2933915K(3877968K), 0.1027100 secs]
[GC 3190043K->2955715K(3877968K), 0.1226740 secs]
[GC 3211794K->2958643K(3877968K), 0.1083130 secs]
[GC 3214715K->3008451K(3877968K), 0.1017180 secs]
[GC 3264579K->2994506K(3877968K), 0.1164680 secs]
[GC 3250634K->3051922K(3877968K), 0.1030650 secs]
[GC 3308028K->3027894K(3877968K), 0.1024870 secs]
[GC 3284022K->3044052K(3877968K), 0.0962420 secs]
[GC 3300180K->3081261K(3877968K), 0.0967050 secs]
[GC 3337389K->3117074K(3877968K), 0.1242250 secs]
[GC 3371202K->3115191K(3877968K), 0.1197440 secs]
[GC 3371296K->3119778K(3877968K), 0.1179820 secs]
[GC 3375854K->3148084K(3877968K), 0.1078970 secs]
[GC 3403156K->3201172K(3877968K), 0.1094220 secs]
[GC 3457280K->3186539K(3877968K), 0.1065750 secs]
[GC 3442611K->3244931K(3877968K), 0.1040610 secs]
[GC 3501059K->3221378K(3877968K), 0.1056900 secs]
[GC 3477506K->3270707K(3877968K), 0.1061300 secs]
[GC 3526835K->3281049K(3877968K), 0.1086600 secs]
[GC 3537177K->3301735K(3877968K), 0.1070380 secs]
[GC 3557863K->3337918K(3877968K), 0.1117680 secs]
[GC 3593950K->3321887K(3877968K), 0.1134380 secs]
[GC 3324580K(3877968K), 0.0393620 secs]
[GC 3578015K->3381315K(3877968K), 0.1076130 secs]
[GC 3509476K(3877968K), 0.0566840 secs]
[GC 3325965K->3045446K(4650880K), 0.1268410 secs]
[GC 3301574K->3107514K(4650880K), 0.1208440 secs]
[GC 3362429K->3089041K(4650880K), 0.1345470 secs]
[GC 3345158K->3146055K(4650880K), 0.1204530 secs]
[GC 3402183K->3132819K(4650880K), 0.1188310 secs]
[GC 3388947K->3189343K(4650880K), 0.1203960 secs]
[GC 3445471K->3194951K(4650880K), 0.1201100 secs]
[GC 3451079K->3200382K(4650880K), 0.1117600 secs]
[GC 3456510K->3241359K(4650880K), 0.1135560 secs]
[GC 3495808K->3244066K(4650880K), 0.1087300 secs]
[GC 3500150K->3261112K(4650880K), 0.1115590 secs]
[GC 3517240K->3279945K(4650880K), 0.1077390 secs]
[GC 3536073K->3317328K(4650880K), 0.1058720 secs]
[GC 3573456K->3343772K(4650880K), 0.1069800 secs]
[GC 3599900K->3362766K(4650880K), 0.1057330 secs]
[GC 3618894K->3362441K(4650880K), 0.1102090 secs]
[GC 3617039K->3385514K(4650880K), 0.1104680 secs]
[GC 3641624K->3422876K(4650880K), 0.1132630 secs]
[GC 3678951K->3423028K(4650880K), 0.1137720 secs]
[GC 3679128K->3461783K(4650880K), 0.1083950 secs]
[GC 3717907K->3482544K(4650880K), 0.1051390 secs]
[GC 3738672K->3483641K(4650880K), 0.1059100 secs]
[GC 3739769K->3508637K(4650880K), 0.1039960 secs]
[GC 3764765K->3546565K(4650880K), 0.1068770 secs]
 INFO  [main] {org.radargun.Slave} Master shutdown!
 INFO  [Thread-0] {org.radargun.ShutDownHook} Slave process is being shutdown
 INFO  [hz.ShutdownThread] {com.hazelcast.nio.TcpIpConnection} [127.0.0.1]:5704 [FenixFrameworkGroup] Connection [Address[127.0.0.1]:5707] lost. Reason: Explicit close
 INFO  [hz._hzInstance_1_FenixFrameworkGroup.IO.thread-in-0] {com.hazelcast.nio.TcpIpConnection} [127.0.0.1]:5704 [FenixFrameworkGroup] Connection [Address[127.0.0.1]:5701] lost. Reason: java.io.EOFException[Remote socket closed!]
 INFO  [hz.ShutdownThread] {com.hazelcast.nio.TcpIpConnection} [127.0.0.1]:5704 [FenixFrameworkGroup] Connection [Address[127.0.0.1]:5708] lost. Reason: Explicit close
 INFO  [hz.ShutdownThread] {com.hazelcast.nio.TcpIpConnection} [127.0.0.1]:5704 [FenixFrameworkGroup] Connection [Address[127.0.0.1]:5706] lost. Reason: Explicit close
 INFO  [hz.ShutdownThread] {com.hazelcast.nio.TcpIpConnection} [127.0.0.1]:5704 [FenixFrameworkGroup] Connection [Address[127.0.0.1]:5705] lost. Reason: Explicit close
 INFO  [hz.ShutdownThread] {com.hazelcast.nio.TcpIpConnection} [127.0.0.1]:5704 [FenixFrameworkGroup] Connection [Address[127.0.0.1]:5702] lost. Reason: Explicit close
 INFO  [hz.ShutdownThread] {com.hazelcast.nio.TcpIpConnection} [127.0.0.1]:5704 [FenixFrameworkGroup] Connection [Address[127.0.0.1]:5709] lost. Reason: Explicit close
 INFO  [hz.ShutdownThread] {com.hazelcast.nio.TcpIpConnection} [127.0.0.1]:5704 [FenixFrameworkGroup] Connection [Address[127.0.0.1]:5710] lost. Reason: Explicit close
 INFO  [hz.ShutdownThread] {com.hazelcast.nio.TcpIpConnection} [127.0.0.1]:5704 [FenixFrameworkGroup] Connection [Address[127.0.0.1]:5703] lost. Reason: Explicit close
 INFO  [hz.ShutdownThread] {com.hazelcast.nio.TcpIpConnection} [127.0.0.1]:5704 [FenixFrameworkGroup] Connection [Address[127.0.0.1]:5708] lost. Reason: Explicit close
 INFO  [hz.ShutdownThread] {com.hazelcast.nio.TcpIpConnection} [127.0.0.1]:5704 [FenixFrameworkGroup] Connection [Address[127.0.0.1]:5706] lost. Reason: Explicit close
 INFO  [hz.ShutdownThread] {com.hazelcast.nio.TcpIpConnection} [127.0.0.1]:5704 [FenixFrameworkGroup] Connection [Address[127.0.0.1]:5709] lost. Reason: Explicit close
 INFO  [hz.ShutdownThread] {com.hazelcast.nio.TcpIpConnection} [127.0.0.1]:5704 [FenixFrameworkGroup] Connection [Address[127.0.0.1]:5705] lost. Reason: Explicit close
 INFO  [hz.ShutdownThread] {com.hazelcast.nio.TcpIpConnection} [127.0.0.1]:5704 [FenixFrameworkGroup] Connection [Address[127.0.0.1]:5707] lost. Reason: Explicit close
 INFO  [hz.ShutdownThread] {com.hazelcast.initializer} [127.0.0.1]:5704 [FenixFrameworkGroup] Destroying node initializer.
 INFO  [hz.ShutdownThread] {com.hazelcast.instance.Node} [127.0.0.1]:5704 [FenixFrameworkGroup] Hazelcast Shutdown is completed in 51 ms.
