/usr/java/jdk1.7.0_21/bin/java -server -Xmx1024M -Xms1024M -Dresolve.dns=false -Djgroups.timer.num_threads=4 -verbose:gc -Xmx5000M -Xms3000M -server -XX:+UseConcMarkSweepGC -XX:+AggressiveOpts -verbose:gc -XX:ParallelGCThreads=4 -XX:NewRatio=5 -XX:SurvivorRatio=2 -Dhazelcast.operation.thread.count=4 -Djava.net.preferIPv4Stack=true -Dlog4j.file.prefix=deimos-esw-4889 -Dbind.address= -Djgroups.bind_addr= -classpath /home/smf/github/radargun/target/distribution/RadarGun-1.1.0-SNAPSHOT/lib/activation-1.1.jar:/home/smf/github/radargun/target/distribution/RadarGun-1.1.0-SNAPSHOT/lib/commons-beanutils-1.8.0.jar:/home/smf/github/radargun/target/distribution/RadarGun-1.1.0-SNAPSHOT/lib/commons-digester-2.0.jar:/home/smf/github/radargun/target/distribution/RadarGun-1.1.0-SNAPSHOT/lib/commons-logging-1.1.1.jar:/home/smf/github/radargun/target/distribution/RadarGun-1.1.0-SNAPSHOT/lib/commons-math-1.2.jar:/home/smf/github/radargun/target/distribution/RadarGun-1.1.0-SNAPSHOT/lib/jboss-transaction-api-1.0.1.GA.jar:/home/smf/github/radargun/target/distribution/RadarGun-1.1.0-SNAPSHOT/lib/jcommon-1.0.15.jar:/home/smf/github/radargun/target/distribution/RadarGun-1.1.0-SNAPSHOT/lib/jfreechart-1.0.12.jar:/home/smf/github/radargun/target/distribution/RadarGun-1.1.0-SNAPSHOT/lib/log4j-1.2.14.jar:/home/smf/github/radargun/target/distribution/RadarGun-1.1.0-SNAPSHOT/lib/mail-1.4.2.jar:/home/smf/github/radargun/target/distribution/RadarGun-1.1.0-SNAPSHOT/lib/radargun-framework-1.1.0-SNAPSHOT.jar:/home/smf/github/radargun/target/distribution/RadarGun-1.1.0-SNAPSHOT/conf org.radargun.Slave -master 127.0.0.1:2103
--------------------------------------------------------------------------------
PerNodeRollingFileAppender::Using file prefix:deimos-esw-4889
 INFO  [main] {org.radargun.Slave} Attempting to connect to master 127.0.0.1:2103
 INFO  [main] {org.radargun.Slave} Successfully established connection with master at: 127.0.0.1:2103
Loading JARS from /home/smf/github/radargun/target/distribution/RadarGun-1.1.0-SNAPSHOT/lib/radargun-framework-1.1.0-SNAPSHOT.jar
 INFO  [pool-1-thread-1] {org.radargun.config.AnnotatedHelper} Loading JARS from /home/smf/github/radargun/target/distribution/RadarGun-1.1.0-SNAPSHOT/lib/radargun-framework-1.1.0-SNAPSHOT.jar
 INFO  [pool-1-thread-1] {org.radargun.config.AnnotatedHelper} Loading JARS from /home/smf/github/radargun/target/distribution/RadarGun-1.1.0-SNAPSHOT/lib/radargun-framework-1.1.0-SNAPSHOT.jar
 INFO  [pool-1-thread-1] {org.radargun.Slave} Executing stage: DestroyWrapper {enforceMemoryThrashHold=true, exitBenchmarkOnSlaveFailure=false, heapDumpDir=null, memoryThreshold=95, runOnAllSlaves=true, slaves=null, useSmartClassLoading=true }
 INFO  [pool-1-thread-1] {org.radargun.stages.DestroyWrapperStage} Received destroy cache wrapper request from master...
 INFO  [pool-1-thread-1] {org.radargun.stages.DestroyWrapperStage} No cache wrapper deployed on this slave, nothing to do.
 INFO  [pool-1-thread-1] {org.radargun.stages.DestroyWrapperStage} Before executing clear, memory looks like this: Memory - free: 2,928,638 kb - max:4,906,688 kb- total:2,944,000 kb
[Full GC 15361K->3631K(2944000K), 0.0873060 secs]
 INFO  [pool-1-thread-1] {org.radargun.stages.DestroyWrapperStage} After executing cleanup, memory looks like this: Memory - free: 2,935,311 kb - max:4,906,688 kb- total:2,944,064 kb
 INFO  [pool-1-thread-1] {org.radargun.Slave} Finished stage: DestroyWrapper {enforceMemoryThrashHold=true, exitBenchmarkOnSlaveFailure=false, heapDumpDir=null, memoryThreshold=95, runOnAllSlaves=true, slaves=null, useSmartClassLoading=true }
 INFO  [main] {org.radargun.Slave} Ack successfully sent to the master
 INFO  [pool-1-thread-1] {org.radargun.Slave} Executing stage: StartCluster {config=ispn52-repl-sync-rc.xml, delayAfterFirstSlaveStarts=5.000 secs, delayBetweenStartingSlaves=0.500 secs, exitBenchmarkOnSlaveFailure=true, expectNumSlaves=null, mayFailOn=null, reachable=null, runOnAllSlaves=false, slaves=null, staggerSlaveStartup=true, useSmartClassLoading=true, validateCluster=true }
 INFO  [pool-1-thread-1] {org.radargun.stages.StartClusterStage}  Startup staggering, starting 12 slaves. This is the slave with index 4. Sleeping for 7000 millis.
 INFO  [pool-1-thread-1] {org.radargun.stages.StartClusterStage} Ack master's StartCluster stage. Local address is: /127.0.0.1. This slave's index is: 4
 INFO  [pool-1-thread-1] {org.radargun.utils.ClassLoadHelper} Creating newInstance org.radargun.cachewrappers.FFWrapper with classloader java.net.URLClassLoader@2527bdee
 INFO  [pool-1-thread-1] {org.radargun.cachewrappers.FFWrapper} config=ispn52-repl-sync-rc.xml, isLocal=false, nodeIndex=4, confAttributes={name=ispn52-repl-sync-rc.xml, decorate=infinispan52}
 INFO  [pool-1-thread-1] {org.radargun.cachewrappers.FFWrapper} Found fenix framework config options in 'rg-fenix-framework-config-options.properties'.
 INFO  [pool-1-thread-1] {org.radargun.cachewrappers.FFWrapper} Setting extra config properties for Fenix Framework.
 INFO  [pool-1-thread-1] {org.radargun.cachewrappers.FFWrapper} Will initialize Fenix Framework with RadarGunDataGridConfig
 TRACE [pool-1-thread-1] {pt.ist.fenixframework.FenixFramework} Static initializer block for FenixFramework class [BEGIN]
 INFO  [pool-1-thread-1] {pt.ist.fenixframework.FenixFramework} Trying auto-initialization with configuration by convention
 INFO  [pool-1-thread-1] {pt.ist.fenixframework.FenixFramework} Resource 'fenix-framework.properties' not found
 DEBUG [pool-1-thread-1] {pt.ist.fenixframework.FenixFramework} Fenix Framework properties after reading default config file:{}
 DEBUG [pool-1-thread-1] {pt.ist.fenixframework.FenixFramework} CurrentBackEndName = jvstm-datagrid
 INFO  [pool-1-thread-1] {pt.ist.fenixframework.FenixFramework} Resource 'fenix-framework-jvstm-datagrid.properties' not found
 DEBUG [pool-1-thread-1] {pt.ist.fenixframework.FenixFramework} Fenix Framework properties after reading backend config file:{}
 DEBUG [pool-1-thread-1] {pt.ist.fenixframework.FenixFramework} Fenix Framework properties after enforcing system properties:{}
 INFO  [pool-1-thread-1] {pt.ist.fenixframework.FenixFramework} Skipping configuration by convention.
 TRACE [pool-1-thread-1] {pt.ist.fenixframework.FenixFramework} Static initializer block for FenixFramework class [END]
 INFO  [pool-1-thread-1] {pt.ist.fenixframework.FenixFramework} Initializing Fenix Framework with config.class=pt.ist.fenixframework.backend.jvstm.datagrid.radargun.RadarGunDataGridConfig
 INFO  [pool-1-thread-1] {pt.ist.fenixframework.backend.jvstm.cluster.JvstmClusterBackEnd} initializeGroupCommunication()
 INFO  [pool-1-thread-1] {com.hazelcast.config.ClasspathXmlConfig} Configuring Hazelcast from 'hazelcast-ff.xml'.
 INFO  [pool-1-thread-1] {com.hazelcast.instance.DefaultAddressPicker} Interfaces is disabled, trying to pick one address from TCP-IP config addresses: [127.0.0.1]
 INFO  [pool-1-thread-1] {com.hazelcast.instance.DefaultAddressPicker} Picked Address[127.0.0.1]:5705, using socket ServerSocket[addr=/0.0.0.0,localport=5705], bind any local is true
 INFO  [pool-1-thread-1] {com.hazelcast.system} [127.0.0.1]:5705 [FenixFrameworkGroup] Hazelcast Community Edition 3.0-RC1 (20130627) starting at Address[127.0.0.1]:5705
 INFO  [pool-1-thread-1] {com.hazelcast.system} [127.0.0.1]:5705 [FenixFrameworkGroup] Copyright (C) 2008-2013 Hazelcast.com
 INFO  [pool-1-thread-1] {com.hazelcast.core.LifecycleService} [127.0.0.1]:5705 [FenixFrameworkGroup] Address[127.0.0.1]:5705 is STARTING
 INFO  [pool-1-thread-1] {com.hazelcast.cluster.TcpIpJoiner} [127.0.0.1]:5705 [FenixFrameworkGroup] Connecting to possible member: Address[127.0.0.1]:5703
 INFO  [pool-1-thread-1] {com.hazelcast.cluster.TcpIpJoiner} [127.0.0.1]:5705 [FenixFrameworkGroup] Connecting to possible member: Address[127.0.0.1]:5702
 INFO  [pool-1-thread-1] {com.hazelcast.cluster.TcpIpJoiner} [127.0.0.1]:5705 [FenixFrameworkGroup] Connecting to possible member: Address[127.0.0.1]:5701
 INFO  [hz._hzInstance_1_FenixFrameworkGroup.cached.thread-1] {com.hazelcast.nio.SocketConnector} [127.0.0.1]:5705 [FenixFrameworkGroup] Connecting to /127.0.0.1:5701, timeout: 0, bind-any: true
 INFO  [hz._hzInstance_1_FenixFrameworkGroup.cached.thread-2] {com.hazelcast.nio.SocketConnector} [127.0.0.1]:5705 [FenixFrameworkGroup] Connecting to /127.0.0.1:5702, timeout: 0, bind-any: true
 INFO  [hz._hzInstance_1_FenixFrameworkGroup.cached.thread-3] {com.hazelcast.nio.SocketConnector} [127.0.0.1]:5705 [FenixFrameworkGroup] Connecting to /127.0.0.1:5703, timeout: 0, bind-any: true
 INFO  [hz._hzInstance_1_FenixFrameworkGroup.cached.thread-1] {com.hazelcast.nio.TcpIpConnectionManager} [127.0.0.1]:5705 [FenixFrameworkGroup] 47631 accepted socket connection from /127.0.0.1:5701
 INFO  [hz._hzInstance_1_FenixFrameworkGroup.cached.thread-2] {com.hazelcast.nio.TcpIpConnectionManager} [127.0.0.1]:5705 [FenixFrameworkGroup] 50797 accepted socket connection from /127.0.0.1:5702
 INFO  [hz._hzInstance_1_FenixFrameworkGroup.cached.thread-3] {com.hazelcast.nio.TcpIpConnectionManager} [127.0.0.1]:5705 [FenixFrameworkGroup] 36000 accepted socket connection from /127.0.0.1:5703
 INFO  [hz._hzInstance_1_FenixFrameworkGroup.cached.thread-1] {com.hazelcast.cluster.ClusterService} [127.0.0.1]:5705 [FenixFrameworkGroup] 

Members [12] {
	Member [127.0.0.1]:5701
	Member [127.0.0.1]:5702
	Member [127.0.0.1]:5704
	Member [127.0.0.1]:5705 this
	Member [127.0.0.1]:5706
	Member [127.0.0.1]:5703
	Member [127.0.0.1]:5707
	Member [127.0.0.1]:5708
	Member [127.0.0.1]:5709
	Member [127.0.0.1]:5710
	Member [127.0.0.1]:5711
	Member [127.0.0.1]:5712
}

 INFO  [hz._hzInstance_1_FenixFrameworkGroup.cached.thread-9] {com.hazelcast.nio.SocketConnector} [127.0.0.1]:5705 [FenixFrameworkGroup] Connecting to /127.0.0.1:5704, timeout: 0, bind-any: true
 INFO  [hz._hzInstance_1_FenixFrameworkGroup.cached.thread-9] {com.hazelcast.nio.TcpIpConnectionManager} [127.0.0.1]:5705 [FenixFrameworkGroup] 37448 accepted socket connection from /127.0.0.1:5704
 INFO  [hz._hzInstance_1_FenixFrameworkGroup.cached.thread-10] {com.hazelcast.nio.SocketConnector} [127.0.0.1]:5705 [FenixFrameworkGroup] Connecting to /127.0.0.1:5706, timeout: 0, bind-any: true
 INFO  [hz._hzInstance_1_FenixFrameworkGroup.cached.thread-9] {com.hazelcast.nio.SocketConnector} [127.0.0.1]:5705 [FenixFrameworkGroup] Connecting to /127.0.0.1:5709, timeout: 0, bind-any: true
 INFO  [hz._hzInstance_1_FenixFrameworkGroup.cached.thread-8] {com.hazelcast.nio.SocketConnector} [127.0.0.1]:5705 [FenixFrameworkGroup] Connecting to /127.0.0.1:5707, timeout: 0, bind-any: true
 INFO  [hz._hzInstance_1_FenixFrameworkGroup.cached.thread-2] {com.hazelcast.nio.SocketConnector} [127.0.0.1]:5705 [FenixFrameworkGroup] Connecting to /127.0.0.1:5711, timeout: 0, bind-any: true
 INFO  [hz._hzInstance_1_FenixFrameworkGroup.cached.thread-3] {com.hazelcast.nio.SocketConnector} [127.0.0.1]:5705 [FenixFrameworkGroup] Connecting to /127.0.0.1:5710, timeout: 0, bind-any: true
 INFO  [hz._hzInstance_1_FenixFrameworkGroup.cached.thread-2] {com.hazelcast.nio.TcpIpConnectionManager} [127.0.0.1]:5705 [FenixFrameworkGroup] 53474 accepted socket connection from /127.0.0.1:5711
 INFO  [hz._hzInstance_1_FenixFrameworkGroup.cached.thread-9] {com.hazelcast.nio.TcpIpConnectionManager} [127.0.0.1]:5705 [FenixFrameworkGroup] 48560 accepted socket connection from /127.0.0.1:5709
 INFO  [hz._hzInstance_1_FenixFrameworkGroup.cached.thread-4] {com.hazelcast.nio.SocketConnector} [127.0.0.1]:5705 [FenixFrameworkGroup] Connecting to /127.0.0.1:5712, timeout: 0, bind-any: true
 INFO  [hz._hzInstance_1_FenixFrameworkGroup.cached.thread-5] {com.hazelcast.nio.SocketConnector} [127.0.0.1]:5705 [FenixFrameworkGroup] Connecting to /127.0.0.1:5708, timeout: 0, bind-any: true
 INFO  [hz._hzInstance_1_FenixFrameworkGroup.cached.thread-10] {com.hazelcast.nio.TcpIpConnectionManager} [127.0.0.1]:5705 [FenixFrameworkGroup] 57079 accepted socket connection from /127.0.0.1:5706
 INFO  [hz._hzInstance_1_FenixFrameworkGroup.cached.thread-4] {com.hazelcast.nio.TcpIpConnectionManager} [127.0.0.1]:5705 [FenixFrameworkGroup] 41787 accepted socket connection from /127.0.0.1:5712
 INFO  [hz._hzInstance_1_FenixFrameworkGroup.cached.thread-9] {com.hazelcast.nio.SocketAcceptor} [127.0.0.1]:5705 [FenixFrameworkGroup] 5705 is accepting socket connection from /127.0.0.1:45923
 INFO  [hz._hzInstance_1_FenixFrameworkGroup.cached.thread-4] {com.hazelcast.nio.SocketAcceptor} [127.0.0.1]:5705 [FenixFrameworkGroup] 5705 is accepting socket connection from /127.0.0.1:46106
 INFO  [hz._hzInstance_1_FenixFrameworkGroup.cached.thread-8] {com.hazelcast.nio.TcpIpConnectionManager} [127.0.0.1]:5705 [FenixFrameworkGroup] 50218 accepted socket connection from /127.0.0.1:5707
 INFO  [hz._hzInstance_1_FenixFrameworkGroup.cached.thread-6] {com.hazelcast.nio.SocketAcceptor} [127.0.0.1]:5705 [FenixFrameworkGroup] 5705 is accepting socket connection from /127.0.0.1:39555
 INFO  [hz._hzInstance_1_FenixFrameworkGroup.cached.thread-2] {com.hazelcast.nio.SocketAcceptor} [127.0.0.1]:5705 [FenixFrameworkGroup] 5705 is accepting socket connection from /127.0.0.1:52366
 INFO  [hz._hzInstance_1_FenixFrameworkGroup.cached.thread-6] {com.hazelcast.nio.TcpIpConnectionManager} [127.0.0.1]:5705 [FenixFrameworkGroup] 5705 accepted socket connection from /127.0.0.1:39555
 INFO  [hz._hzInstance_1_FenixFrameworkGroup.cached.thread-2] {com.hazelcast.nio.TcpIpConnectionManager} [127.0.0.1]:5705 [FenixFrameworkGroup] 5705 accepted socket connection from /127.0.0.1:52366
 INFO  [hz._hzInstance_1_FenixFrameworkGroup.cached.thread-3] {com.hazelcast.nio.TcpIpConnectionManager} [127.0.0.1]:5705 [FenixFrameworkGroup] 35919 accepted socket connection from /127.0.0.1:5710
 INFO  [hz._hzInstance_1_FenixFrameworkGroup.cached.thread-6] {com.hazelcast.nio.SocketAcceptor} [127.0.0.1]:5705 [FenixFrameworkGroup] 5705 is accepting socket connection from /127.0.0.1:45601
 INFO  [hz._hzInstance_1_FenixFrameworkGroup.cached.thread-6] {com.hazelcast.nio.TcpIpConnectionManager} [127.0.0.1]:5705 [FenixFrameworkGroup] 5705 accepted socket connection from /127.0.0.1:45601
 INFO  [hz._hzInstance_1_FenixFrameworkGroup.cached.thread-4] {com.hazelcast.nio.TcpIpConnectionManager} [127.0.0.1]:5705 [FenixFrameworkGroup] 5705 accepted socket connection from /127.0.0.1:46106
 INFO  [hz._hzInstance_1_FenixFrameworkGroup.cached.thread-9] {com.hazelcast.nio.TcpIpConnectionManager} [127.0.0.1]:5705 [FenixFrameworkGroup] 5705 accepted socket connection from /127.0.0.1:45923
 INFO  [hz._hzInstance_1_FenixFrameworkGroup.cached.thread-10] {com.hazelcast.nio.SocketAcceptor} [127.0.0.1]:5705 [FenixFrameworkGroup] 5705 is accepting socket connection from /127.0.0.1:50204
 INFO  [hz._hzInstance_1_FenixFrameworkGroup.cached.thread-5] {com.hazelcast.nio.TcpIpConnectionManager} [127.0.0.1]:5705 [FenixFrameworkGroup] 52382 accepted socket connection from /127.0.0.1:5708
 INFO  [hz._hzInstance_1_FenixFrameworkGroup.cached.thread-10] {com.hazelcast.nio.TcpIpConnectionManager} [127.0.0.1]:5705 [FenixFrameworkGroup] 5705 accepted socket connection from /127.0.0.1:50204
 INFO  [hz._hzInstance_1_FenixFrameworkGroup.cached.thread-5] {com.hazelcast.nio.SocketAcceptor} [127.0.0.1]:5705 [FenixFrameworkGroup] 5705 is accepting socket connection from /127.0.0.1:37765
 INFO  [hz._hzInstance_1_FenixFrameworkGroup.cached.thread-5] {com.hazelcast.nio.TcpIpConnectionManager} [127.0.0.1]:5705 [FenixFrameworkGroup] 5705 accepted socket connection from /127.0.0.1:37765
 INFO  [pool-1-thread-1] {com.hazelcast.core.LifecycleService} [127.0.0.1]:5705 [FenixFrameworkGroup] Address[127.0.0.1]:5705 is STARTED
 INFO  [pool-1-thread-1] {pt.ist.fenixframework.backend.jvstm.cluster.ClusterUtils} Got (long) serverId: 3
 INFO  [pool-1-thread-1] {pt.ist.fenixframework.backend.jvstm.cluster.JvstmClusterBackEnd} This is NOT the first node.
 INFO  [pool-1-thread-1] {pt.ist.fenixframework.backend.jvstm.cluster.ClusterUtils} Waiting for startup from first node
 INFO  [pool-1-thread-1] {pt.ist.fenixframework.backend.jvstm.JVSTMBackEnd} initializeRepository()
 INFO  [pool-1-thread-1] {pt.ist.fenixframework.backend.jvstm.datagrid.radargun.DataGridDecorator} config=ispn52-repl-sync-rc.xml, isLocal=false, nodeIndex=4, confAttributes={name=ispn52-repl-sync-rc.xml}
 INFO  [pool-1-thread-1] {org.radargun.cachewrappers.InfinispanXSWrapper} Cannot find any site for slave index 4
[GC 259695K->12921K(2944064K), 0.0445550 secs]
 INFO  [pool-1-thread-1] {org.infinispan.remoting.transport.jgroups.JGroupsTransport} ISPN000078: Starting JGroups Channel
 WARN  [pool-1-thread-1] {org.jgroups.protocols.UDP} [JGRP00014] the send buffer of socket DatagramSocket was set to 640KB, but the OS only allocated 229.38KB. This might lead to performance problems. Please set your max send buffer in the OS correctly (e.g. net.core.wmem_max on Linux)
 WARN  [pool-1-thread-1] {org.jgroups.protocols.UDP} [JGRP00014] the receive buffer of socket DatagramSocket was set to 20MB, but the OS only allocated 229.38KB. This might lead to performance problems. Please set your max receive buffer in the OS correctly (e.g. net.core.rmem_max on Linux)
 WARN  [pool-1-thread-1] {org.jgroups.protocols.UDP} [JGRP00014] the send buffer of socket MulticastSocket was set to 640KB, but the OS only allocated 229.38KB. This might lead to performance problems. Please set your max send buffer in the OS correctly (e.g. net.core.wmem_max on Linux)
 WARN  [pool-1-thread-1] {org.jgroups.protocols.UDP} [JGRP00014] the receive buffer of socket MulticastSocket was set to 25MB, but the OS only allocated 229.38KB. This might lead to performance problems. Please set your max receive buffer in the OS correctly (e.g. net.core.rmem_max on Linux)
 INFO  [pool-1-thread-1] {org.infinispan.remoting.transport.jgroups.JGroupsTransport} ISPN000094: Received new cluster view: [deimos-esw-45070|3] [deimos-esw-45070, deimos-esw-19293, deimos-esw-40066, deimos-esw-13047, deimos-esw-13949, deimos-esw-16409]
 INFO  [pool-1-thread-1] {org.infinispan.remoting.transport.jgroups.JGroupsTransport} ISPN000079: Cache local address is deimos-esw-13047, physical addresses are [127.0.0.1:52003]
 INFO  [pool-1-thread-1] {org.infinispan.factories.GlobalComponentRegistry} ISPN000128: Infinispan version: Infinispan 'Delirium' 5.2.6.Final
 INFO  [Incoming-3,deimos-esw-13047] {org.infinispan.remoting.transport.jgroups.JGroupsTransport} ISPN000094: Received new cluster view: [deimos-esw-45070|4] [deimos-esw-45070, deimos-esw-19293, deimos-esw-40066, deimos-esw-13047, deimos-esw-13949, deimos-esw-16409, deimos-esw-29516]
 INFO  [pool-1-thread-1] {org.infinispan.transaction.lookup.JBossStandaloneJTAManagerLookup} ISPN000107: Retrieving transaction manager Transaction: unknown
 INFO  [Incoming-3,deimos-esw-13047] {org.infinispan.remoting.transport.jgroups.JGroupsTransport} ISPN000094: Received new cluster view: [deimos-esw-45070|5] [deimos-esw-45070, deimos-esw-19293, deimos-esw-40066, deimos-esw-13047, deimos-esw-13949, deimos-esw-16409, deimos-esw-29516, deimos-esw-6720, deimos-esw-15476]
 INFO  [Incoming-3,deimos-esw-13047] {org.infinispan.remoting.transport.jgroups.JGroupsTransport} ISPN000094: Received new cluster view: [deimos-esw-45070|6] [deimos-esw-45070, deimos-esw-19293, deimos-esw-40066, deimos-esw-13047, deimos-esw-13949, deimos-esw-16409, deimos-esw-29516, deimos-esw-6720, deimos-esw-15476, deimos-esw-14407]
 INFO  [pool-1-thread-1] {org.infinispan.jmx.CacheJmxRegistration} ISPN000031: MBeans were successfully registered to the platform MBean server.
 INFO  [Incoming-3,deimos-esw-13047] {org.infinispan.remoting.transport.jgroups.JGroupsTransport} ISPN000094: Received new cluster view: [deimos-esw-45070|7] [deimos-esw-45070, deimos-esw-19293, deimos-esw-40066, deimos-esw-13047, deimos-esw-13949, deimos-esw-16409, deimos-esw-29516, deimos-esw-6720, deimos-esw-15476, deimos-esw-14407, deimos-esw-26378, deimos-esw-12182]
 INFO  [pool-1-thread-1] {org.radargun.cachewrappers.InfinispanXSWrapper} Using transaction manager: Transaction: unknown
 INFO  [pool-1-thread-1] {org.radargun.cachewrappers.InfinispanXSWrapper} No RELAY2 protocol in XS wrapper
 INFO  [pool-1-thread-1] {org.radargun.cachewrappers.InfinispanXSWrapper} JGroups version: JGroups 3.2.7.Final
 INFO  [pool-1-thread-1] {org.radargun.cachewrappers.InfinispanXSWrapper} Using config attributes: {name=ispn52-repl-sync-rc.xml}
 INFO  [pool-1-thread-1] {pt.ist.fenixframework.backend.jvstm.datagrid.DataGridRepository} Initialization marker is present. Data Grid already existed.
 INFO  [pool-1-thread-1] {pt.ist.fenixframework.backend.jvstm.JVSTMBackEnd} initializeDomainClassInfos
 INFO  [pool-1-thread-1] {pt.ist.fenixframework.backend.jvstm.pstm.DomainClassInfo} serverId: 3, serverOidBase: 3000000000000
 INFO  [pool-1-thread-1] {pt.ist.fenixframework.backend.jvstm.pstm.DomainClassInfo} Existing domain class 'pt.ist.fenixframework.adt.bplustree.LeafNode' with id '4'
 INFO  [pool-1-thread-1] {pt.ist.fenixframework.backend.jvstm.pstm.DomainClassInfo} Existing domain class 'pt.ist.fenixframework.adt.bplustree.AbstractNodeArray' with id 'a'
 INFO  [pool-1-thread-1] {pt.ist.fenixframework.backend.jvstm.pstm.DomainClassInfo} Existing domain class 'pt.ist.fenixframework.adt.bplustree.DomainLeafNode' with id '1'
 INFO  [pool-1-thread-1] {pt.ist.fenixframework.backend.jvstm.pstm.DomainClassInfo} Existing domain class 'pt.ist.fenixframework.adt.bplustree.DomainBPlusTree' with id 'e'
 INFO  [pool-1-thread-1] {pt.ist.fenixframework.backend.jvstm.pstm.DomainClassInfo} Existing domain class 'pt.ist.fenixframework.adt.linkedlist.LinkedList' with id '9'
 INFO  [pool-1-thread-1] {pt.ist.fenixframework.backend.jvstm.pstm.DomainClassInfo} Existing domain class 'pt.ist.fenixframework.DomainRoot' with id '0'
 INFO  [pool-1-thread-1] {pt.ist.fenixframework.backend.jvstm.pstm.DomainClassInfo} Existing domain class 'pt.ist.fenixframework.adt.bplustree.DomainInnerNode' with id '3'
 INFO  [pool-1-thread-1] {pt.ist.fenixframework.backend.jvstm.pstm.DomainClassInfo} Existing domain class 'pt.ist.fenixframework.adt.bplustree.BPlusTreeArray' with id '2'
 INFO  [pool-1-thread-1] {pt.ist.fenixframework.backend.jvstm.pstm.DomainClassInfo} Existing domain class 'pt.ist.fenixframework.backend.jvstm.pstm.TransactionStatisticsEntry' with id '5'
 INFO  [pool-1-thread-1] {pt.ist.fenixframework.backend.jvstm.pstm.DomainClassInfo} Existing domain class 'pt.ist.fenixframework.adt.linkedlist.ListNode' with id '6'
 INFO  [pool-1-thread-1] {pt.ist.fenixframework.backend.jvstm.pstm.DomainClassInfo} Existing domain class 'pt.ist.fenixframework.adt.bplustree.LeafNodeArray' with id 'c'
 INFO  [pool-1-thread-1] {pt.ist.fenixframework.backend.jvstm.pstm.DomainClassInfo} Existing domain class 'pt.ist.fenixframework.adt.bplustree.InnerNodeArray' with id 'b'
 INFO  [pool-1-thread-1] {pt.ist.fenixframework.backend.jvstm.pstm.DomainClassInfo} Existing domain class 'pt.ist.fenixframework.adt.bplustree.BPlusTree' with id '7'
 INFO  [pool-1-thread-1] {pt.ist.fenixframework.backend.jvstm.pstm.DomainClassInfo} Existing domain class 'pt.ist.fenixframework.adt.bplustree.AbstractNode' with id 'f'
 INFO  [pool-1-thread-1] {pt.ist.fenixframework.backend.jvstm.pstm.DomainClassInfo} Existing domain class 'pt.ist.fenixframework.backend.jvstm.pstm.FenixFrameworkData' with id 'd'
 INFO  [pool-1-thread-1] {pt.ist.fenixframework.backend.jvstm.pstm.DomainClassInfo} Existing domain class 'pt.ist.fenixframework.adt.bplustree.InnerNode' with id '8'
 INFO  [pool-1-thread-1] {pt.ist.fenixframework.backend.jvstm.JVSTMBackEnd} setupJVSTM
 INFO  [pool-1-thread-1] {pt.ist.fenixframework.backend.jvstm.JVSTMBackEnd} Setting the last committed TX number to 2
 INFO  [pool-1-thread-1] {pt.ist.fenixframework.backend.jvstm.JVSTMBackEnd} createDomainRootIfNeeded
 INFO  [pool-1-thread-1] {pt.ist.fenixframework.backend.jvstm.JVSTMBackEnd} ensureFenixFrameworkDataExists
 INFO  [pool-1-thread-1] {pt.ist.fenixframework.hibernatesearch.HibernateSearchConfig} Resource 'fenix-framework-hibernate-search.properties' not found. Hibernate Search disabled
 INFO  [pool-1-thread-1] {pt.ist.fenixframework.FenixFramework} Initialization of Fenix Framework is now complete.
 INFO  [pool-1-thread-1] {org.radargun.cachewrappers.FFWrapper} FF STARTED=true
 INFO  [pool-1-thread-1] {org.radargun.stages.helpers.StartHelper} Number of members is the one expected: 12
 INFO  [pool-1-thread-1] {org.radargun.stages.StartClusterStage} Successfully started cache wrapper on slave 4: org.radargun.cachewrappers.FFWrapper@502e12e5
 INFO  [pool-1-thread-1] {org.radargun.Slave} Finished stage: StartCluster {config=ispn52-repl-sync-rc.xml, delayAfterFirstSlaveStarts=5.000 secs, delayBetweenStartingSlaves=0.500 secs, exitBenchmarkOnSlaveFailure=true, expectNumSlaves=null, mayFailOn=null, reachable=null, runOnAllSlaves=false, slaves=null, staggerSlaveStartup=true, useSmartClassLoading=true, validateCluster=true }
 INFO  [main] {org.radargun.Slave} Ack successfully sent to the master
 INFO  [pool-1-thread-1] {org.radargun.Slave} Executing stage: ClusterValidation {exitBenchmarkOnSlaveFailure=false, partialReplication=false, replicationTimeSleep=2000, replicationTryCount=60, runOnAllSlaves=false, slaves=null, useSmartClassLoading=true }
 INFO  [pool-1-thread-1] {org.radargun.stages.ClusterValidationStage} Number of caches that replicated here is 2
 INFO  [pool-1-thread-1] {org.radargun.stages.ClusterValidationStage} Replication test failed, 1 tries so far. Sleeping for 2 seconds and trying again.
 INFO  [pool-1-thread-1] {org.radargun.stages.ClusterValidationStage} Number of caches that replicated here is 11
 INFO  [pool-1-thread-1] {org.radargun.stages.ClusterValidationStage} Replication test successfully passed. partialReplication? false, replicationCount = 11
 INFO  [pool-1-thread-1] {org.radargun.stages.ClusterValidationStage} Confirm phase successful.
 INFO  [pool-1-thread-1] {org.radargun.Slave} Finished stage: ClusterValidation {exitBenchmarkOnSlaveFailure=false, partialReplication=false, replicationTimeSleep=2000, replicationTryCount=60, runOnAllSlaves=false, slaves=[ 0, 1, 2, 3, 4, 5, 6, 7, 8, 9, 10, 11 ], useSmartClassLoading=true }
 INFO  [main] {org.radargun.Slave} Ack successfully sent to the master
 INFO  [pool-1-thread-1] {org.radargun.Slave} Executing stage: StressTestWarmup {bulkSize=1, cacheSpecificKeyGenerator=false, commitTransactions=true, duration=1 mins 0 secs, entrySize=1000, exitBenchmarkOnSlaveFailure=false, fixedKeys=true, generateHistogramRange=false, keyGeneratorClass=org.radargun.stressors.StringKeyGenerator, keyGeneratorParam=null, loadAllKeys=false, numEntries=100, numOfThreads=4, numRequests=10000, numThreads=4, numberOfAttributes=100, numberOfRequests=10000, opsCountStatusLog=100000, poolKeys=true, preferAsyncOperations=false, removePercentage=0, replaceInvalidPercentage=40, runOnAllSlaves=false, sharedKeys=false, sizeOfAnAttribute=1000, slaves=null, transactionSize=50, useAtomics=false, useHistogramStatistics=false, useSimpleStatistics=true, useSmartClassLoading=true, useTransactions=null, writePercentage=20, writeTxPercentage=20 }
 INFO  [pool-1-thread-1] {org.radargun.stages.StressTestWarmupStage} Starting StressTestWarmupStage: StressTestWarmup {bulkSize=1, cacheSpecificKeyGenerator=false, commitTransactions=true, duration=1 mins 0 secs, entrySize=1000, exitBenchmarkOnSlaveFailure=false, fixedKeys=true, generateHistogramRange=false, keyGeneratorClass=org.radargun.stressors.StringKeyGenerator, keyGeneratorParam=null, loadAllKeys=false, numEntries=100, numOfThreads=4, numRequests=10000, numThreads=4, numberOfAttributes=100, numberOfRequests=10000, opsCountStatusLog=100000, poolKeys=true, preferAsyncOperations=false, removePercentage=0, replaceInvalidPercentage=40, runOnAllSlaves=false, sharedKeys=false, sizeOfAnAttribute=1000, slaves=null, transactionSize=50, useAtomics=false, useHistogramStatistics=false, useSimpleStatistics=true, useSmartClassLoading=true, useTransactions=null, writePercentage=20, writeTxPercentage=20 }
 INFO  [pool-1-thread-1] {org.radargun.stressors.StressTestStressor} Using key generator org.radargun.stressors.StringKeyGenerator, param null
 INFO  [pool-1-thread-1] {org.radargun.stressors.StressTestStressor} Executing: StressTestStressor{opsCountStatusLog=100000, numRequests=10000, numEntries=100, entrySize=1000, writePercentage=20, numThreads=4, cacheWrapper=org.radargun.cachewrappers.FFWrapper@502e12e5, nodeIndex=4, useTransactions=true, transactionSize=50, commitTransactions=true, durationMillis=60000}
 INFO  [pool-1-thread-1] {org.radargun.stressors.StressTestStressor} Cache wrapper info is: FFWrapper using infinispan52
[GC 268985K->20554K(2944064K), 0.0522750 secs]
[GC 276618K->18756K(2944064K), 0.0354580 secs]
[GC 274820K->17999K(2944064K), 0.0340480 secs]
 INFO  [pool-1-thread-1] {org.radargun.stressors.StressTestStressor} Started 4 stressor threads.
 INFO  [Stressor-1] {org.radargun.stressors.StressTestStressor} Number of ops executed so far: 1. Elapsed time: 0.001 secs. Remaining: 59.999 secs. Total: 1 mins 0 secs
[GC 274063K->25283K(2944064K), 0.0425920 secs]
[GC 281347K->27794K(2944064K), 0.0397370 secs]
[GC 283858K->33642K(2944064K), 0.0383950 secs]
[GC 289699K->40806K(2944064K), 0.0414540 secs]
[GC 296870K->48834K(2944064K), 0.0441740 secs]
 INFO  [Stressor-0] {org.radargun.stressors.StressTestStressor} Number of ops executed so far: 28450. Elapsed time: 20.008 secs. Remaining: 39.992 secs. Total: 1 mins 0 secs
[GC 304888K->65763K(2944064K), 0.0474360 secs]
[GC 321827K->68667K(2944064K), 0.0488550 secs]
[GC 324731K->68634K(2944064K), 0.0473090 secs]
[GC 324698K->74789K(2944064K), 0.0507230 secs]
[GC 330853K->71373K(2944064K), 0.0483330 secs]
 WARN  [hz._hzInstance_1_FenixFrameworkGroup.event] {com.hazelcast.spi.EventService} [127.0.0.1]:5705 [FenixFrameworkGroup] Caution: Off-load event processing to your own thread-pool, don't use event thread!
 INFO  [Stressor-2] {org.radargun.stressors.StressTestStressor} Number of ops executed so far: 63950. Elapsed time: 40.051 secs. Remaining: 19.949 secs. Total: 1 mins 0 secs
[GC 327437K->78589K(2944064K), 0.0506710 secs]
[GC 334653K->91564K(2944064K), 0.0657920 secs]
[GC 347628K->104702K(2944064K), 0.0604120 secs]
[GC 360748K->81770K(2944064K), 0.0562260 secs]
[GC 337834K->84991K(2944064K), 0.0506130 secs]
 INFO  [pool-1-thread-1] {org.radargun.stressors.StressTestStressor} Finished generating report. Test duration is: 1 mins 16 secs
[GC 341055K->88081K(2944064K), 0.0533810 secs]
 INFO  [pool-1-thread-1] {org.radargun.stages.StressTestWarmupStage} The warmup took: 76 seconds.
 INFO  [pool-1-thread-1] {org.radargun.Slave} Finished stage: StressTestWarmup {bulkSize=1, cacheSpecificKeyGenerator=false, commitTransactions=true, duration=1 mins 0 secs, entrySize=1000, exitBenchmarkOnSlaveFailure=false, fixedKeys=true, generateHistogramRange=false, keyGeneratorClass=org.radargun.stressors.StringKeyGenerator, keyGeneratorParam=null, loadAllKeys=false, numEntries=100, numOfThreads=4, numRequests=10000, numThreads=4, numberOfAttributes=100, numberOfRequests=10000, opsCountStatusLog=100000, poolKeys=true, preferAsyncOperations=false, removePercentage=0, replaceInvalidPercentage=40, runOnAllSlaves=false, sharedKeys=false, sizeOfAnAttribute=1000, slaves=null, transactionSize=50, useAtomics=false, useHistogramStatistics=false, useSimpleStatistics=true, useSmartClassLoading=true, useTransactions=null, writePercentage=20, writeTxPercentage=20 }
 INFO  [main] {org.radargun.Slave} Ack successfully sent to the master
[GC 344145K->85198K(2944064K), 0.0500680 secs]
[GC 341262K->79457K(2944064K), 0.0496520 secs]
[GC 335521K->90606K(2944064K), 0.0471900 secs]
[GC 346670K->79375K(2944064K), 0.0470010 secs]
[GC 335439K->79836K(2944064K), 0.0474960 secs]
[GC 335900K->92628K(2944064K), 0.0460030 secs]
[GC 348692K->95440K(2944064K), 0.0448440 secs]
[GC 351504K->81433K(2944064K), 0.0505860 secs]
[GC 337497K->86596K(2944064K), 0.0465710 secs]
[GC 342660K->94227K(2944064K), 0.0511370 secs]
[GC 350291K->99844K(2944064K), 0.0480710 secs]
[GC 355908K->104304K(2944064K), 0.0514840 secs]
[GC 360368K->108945K(2944064K), 0.0491310 secs]
[GC 365009K->113972K(2944064K), 0.0503770 secs]
[GC 370036K->119147K(2944064K), 0.0496370 secs]
[GC 375211K->123448K(2944064K), 0.0548880 secs]
[GC 379512K->151318K(2944064K), 0.0538780 secs]
[GC 407382K->139040K(2944064K), 0.0584680 secs]
[GC 395104K->183517K(2944064K), 0.0750190 secs]
 INFO  [pool-1-thread-1] {org.radargun.Slave} Executing stage: ClearClusterStage {ClearCluster {exitBenchmarkOnSlaveFailure=false, runOnAllSlaves=false, slaves=[ 0 ], useSmartClassLoading=true }
 INFO  [pool-1-thread-1] {org.radargun.stages.ClearClusterStage} Before executing clear, memory looks like this: Memory - free: 2,572,683 kb - max:4,906,688 kb- total:2,944,064 kb
[Full GC 371380K->150921K(2944064K), 0.7588960 secs]
 INFO  [pool-1-thread-1] {org.radargun.stages.ClearClusterStage} After executing cleanup, memory looks like this: Memory - free: 2,792,433 kb - max:4,906,688 kb- total:2,944,192 kb
 INFO  [pool-1-thread-1] {org.radargun.Slave} Finished stage: ClearClusterStage {ClearCluster {exitBenchmarkOnSlaveFailure=false, runOnAllSlaves=false, slaves=[ 0 ], useSmartClassLoading=true }
 INFO  [main] {org.radargun.Slave} Ack successfully sent to the master
 INFO  [pool-1-thread-1] {org.radargun.Slave} Executing stage: StressTest {bulkSize=1, cacheSpecificKeyGenerator=false, commitTransactions=true, duration=1 mins 0 secs, entrySize=1000, exitBenchmarkOnSlaveFailure=false, fixedKeys=true, generateHistogramRange=false, keyGeneratorClass=org.radargun.stressors.StringKeyGenerator, keyGeneratorParam=null, loadAllKeys=false, numEntries=10000, numOfThreads=4, numRequests=10000000, numThreads=4, numberOfAttributes=10000, numberOfRequests=10000000, opsCountStatusLog=500000, poolKeys=true, preferAsyncOperations=false, removePercentage=0, replaceInvalidPercentage=40, runOnAllSlaves=false, sharedKeys=false, sizeOfAnAttribute=1000, slaves=null, transactionSize=10000, useAtomics=false, useHistogramStatistics=false, useSimpleStatistics=true, useSmartClassLoading=true, useTransactions=true, writePercentage=10, writeTxPercentage=5 }
 INFO  [pool-1-thread-1] {org.radargun.stages.StressTestStage} Starting StressTestStage: StressTest {bulkSize=1, cacheSpecificKeyGenerator=false, commitTransactions=true, duration=1 mins 0 secs, entrySize=1000, exitBenchmarkOnSlaveFailure=false, fixedKeys=true, generateHistogramRange=false, keyGeneratorClass=org.radargun.stressors.StringKeyGenerator, keyGeneratorParam=null, loadAllKeys=false, numEntries=10000, numOfThreads=4, numRequests=10000000, numThreads=4, numberOfAttributes=10000, numberOfRequests=10000000, opsCountStatusLog=500000, poolKeys=true, preferAsyncOperations=false, removePercentage=0, replaceInvalidPercentage=40, runOnAllSlaves=false, sharedKeys=false, sizeOfAnAttribute=1000, slaves=null, transactionSize=10000, useAtomics=false, useHistogramStatistics=false, useSimpleStatistics=true, useSmartClassLoading=true, useTransactions=true, writePercentage=10, writeTxPercentage=5 }
 INFO  [pool-1-thread-1] {org.radargun.stressors.StressTestStressor} Using key generator org.radargun.stressors.StringKeyGenerator, param null
 INFO  [pool-1-thread-1] {org.radargun.stressors.StressTestStressor} Executing: StressTestStressor{opsCountStatusLog=500000, numRequests=10000000, numEntries=10000, entrySize=1000, writePercentage=10, numThreads=4, cacheWrapper=org.radargun.cachewrappers.FFWrapper@502e12e5, nodeIndex=4, useTransactions=true, transactionSize=10000, commitTransactions=true, durationMillis=60000}
 INFO  [pool-1-thread-1] {org.radargun.stressors.StressTestStressor} Cache wrapper info is: FFWrapper using infinispan52
[GC 407049K->224749K(2944192K), 0.0325080 secs]
[GC 480877K->169956K(2944192K), 0.0297940 secs]
[GC 426084K->161504K(2944192K), 0.0317810 secs]
[GC 417632K->163044K(2944192K), 0.0308000 secs]
[GC 419172K->163730K(2944192K), 0.0342660 secs]
[GC 419858K->166737K(2944192K), 0.0327870 secs]
[GC 422865K->169832K(2944192K), 0.0374400 secs]
[GC 425960K->173299K(2944192K), 0.0382720 secs]
[GC 429427K->176577K(2944192K), 0.0392990 secs]
[GC 432705K->179746K(2944192K), 0.0406290 secs]
[GC 435874K->182931K(2944192K), 0.0393380 secs]
[GC 439059K->186418K(2944192K), 0.0419720 secs]
[GC 442546K->196586K(2944192K), 0.0418170 secs]
[GC 452714K->200714K(2944192K), 0.0443720 secs]
[GC 456842K->197108K(2944192K), 0.0415430 secs]
[GC 453236K->195892K(2944192K), 0.0465420 secs]
[GC 452020K->198023K(2944192K), 0.0430590 secs]
[GC 454151K->214036K(2944192K), 0.0503830 secs]
[GC 470164K->205320K(2944192K), 0.0479150 secs]
[GC 461448K->215752K(2944192K), 0.0449550 secs]
[GC 471880K->214831K(2944192K), 0.0485300 secs]
[GC 470959K->228053K(2944192K), 0.0448980 secs]
[GC 484181K->218267K(2944192K), 0.0510450 secs]
[GC 474395K->227921K(2944192K), 0.0486380 secs]
[GC 484049K->235299K(2944192K), 0.0460320 secs]
[GC 491427K->220575K(2944192K), 0.0472550 secs]
[GC 476703K->245125K(2944192K), 0.0547060 secs]
[GC 501253K->224846K(2944192K), 0.0626810 secs]
[GC 480974K->242003K(2944192K), 0.0423440 secs]
[GC 498131K->227053K(2944192K), 0.0453750 secs]
[GC 483181K->243178K(2944192K), 0.0463160 secs]
[GC 499306K->251526K(2944192K), 0.0467280 secs]
[GC 507654K->257635K(2944192K), 0.0453350 secs]
[GC 513763K->240335K(2944192K), 0.0470790 secs]
[GC 496463K->247664K(2944192K), 0.0517210 secs]
[GC 503792K->254763K(2944192K), 0.0538820 secs]
[GC 510891K->258492K(2944192K), 0.0494270 secs]
[GC 514620K->251689K(2944192K), 0.0516440 secs]
[GC 507817K->265199K(2944192K), 0.0506790 secs]
[GC 521327K->268510K(2944192K), 0.0479130 secs]
[GC 524638K->276334K(2944192K), 0.0466830 secs]
[GC 532462K->258363K(2944192K), 0.0458640 secs]
[GC 514491K->284606K(2944192K), 0.0483990 secs]
[GC 540734K->269174K(2944192K), 0.0537710 secs]
[GC 525302K->272930K(2944192K), 0.0488660 secs]
[GC 529058K->280793K(2944192K), 0.0489590 secs]
[GC 536921K->284816K(2944192K), 0.0540410 secs]
[GC 540944K->288221K(2944192K), 0.0514260 secs]
[GC 544349K->291629K(2944192K), 0.0521900 secs]
[GC 547757K->294403K(2944192K), 0.0546360 secs]
[GC 550531K->297311K(2944192K), 0.0489520 secs]
[GC 553439K->298875K(2944192K), 0.0490550 secs]
[GC 555003K->301808K(2944192K), 0.0927290 secs]
[GC 557936K->313761K(2944192K), 0.0497620 secs]
[GC 569889K->295972K(2944192K), 0.0625850 secs]
[GC 552100K->314207K(2944192K), 0.0592960 secs]
[GC 570335K->311932K(2944192K), 0.0564800 secs]
[GC 568060K->327120K(2944192K), 0.0496540 secs]
[GC 583248K->315304K(2944192K), 0.0584110 secs]
[GC 571432K->325876K(2944192K), 0.0489140 secs]
[GC 582004K->311689K(2944192K), 0.0490630 secs]
[GC 567817K->329959K(2944192K), 0.0497060 secs]
[GC 586087K->311573K(2944192K), 0.0492650 secs]
[GC 567701K->336984K(2944192K), 0.0454210 secs]
[GC 593112K->315245K(2944192K), 0.0483170 secs]
[GC 571373K->335561K(2944192K), 0.0513250 secs]
[GC 591689K->334230K(2944192K), 0.0657120 secs]
[GC 590358K->338423K(2944192K), 0.0591150 secs]
[GC 594551K->330963K(2944192K), 0.0591220 secs]
[GC 587091K->333824K(2944192K), 0.0574460 secs]
[GC 589952K->347304K(2944192K), 0.0536050 secs]
[GC 603432K->339306K(2944192K), 0.0527980 secs]
[GC 595434K->336187K(2944192K), 0.0528130 secs]
[GC 592315K->337593K(2944192K), 0.0532940 secs]
[GC 593721K->340535K(2944192K), 0.0532620 secs]
[GC 596663K->354541K(2944192K), 0.0536950 secs]
[GC 610669K->348394K(2944192K), 0.0650580 secs]
[GC 604522K->362365K(2944192K), 0.0516750 secs]
[GC 618493K->354414K(2944192K), 0.0578360 secs]
[GC 610542K->367731K(2944192K), 0.0529480 secs]
 INFO  [pool-1-thread-1] {org.radargun.stressors.StressTestStressor} Started 4 stressor threads.
 INFO  [Stressor-2] {org.radargun.stressors.StressTestStressor} Number of ops executed so far: 1. Elapsed time: 0.000 secs. Remaining: 1 mins 0 secs. Total: 1 mins 0 secs
[GC 623184K->386362K(2944192K), 0.0561000 secs]
[GC 642274K->414450K(2944192K), 0.0603600 secs]
[GC 670578K->407700K(2944192K), 0.0778470 secs]
 WARN  [hz._hzInstance_1_FenixFrameworkGroup.event] {com.hazelcast.spi.EventService} [127.0.0.1]:5705 [FenixFrameworkGroup] Caution: Off-load event processing to your own thread-pool, don't use event thread!
[GC 663015K->417392K(2944192K), 0.0641370 secs]
[GC 673520K->455639K(2944192K), 0.0678680 secs]
[GC 711767K->452023K(2944192K), 0.0774870 secs]
[GC 708151K->447479K(2944192K), 0.0511010 secs]
[GC 703607K->446896K(2944192K), 0.0589160 secs]
[GC 702755K->480064K(2944192K), 0.0569800 secs]
[GC 736186K->471114K(2944192K), 0.0666330 secs]
[GC 727242K->471720K(2944192K), 0.0615000 secs]
[GC 727810K->511011K(2944192K), 0.0607690 secs]
[GC 767139K->507856K(2944192K), 0.0701010 secs]
[GC 763941K->501380K(2944192K), 0.0613720 secs]
[GC 757508K->539521K(2944192K), 0.0584910 secs]
[GC 795649K->543304K(2944192K), 0.0718980 secs]
[GC 799399K->578558K(2944192K), 0.0676080 secs]
 WARN  [hz._hzInstance_1_FenixFrameworkGroup.event] {com.hazelcast.spi.EventService} [127.0.0.1]:5705 [FenixFrameworkGroup] Caution: Off-load event processing to your own thread-pool, don't use event thread!
[GC 834686K->542499K(2944192K), 0.0753980 secs]
 INFO  [Stressor-2] {org.radargun.stressors.StressTestStressor} Number of ops executed so far: 4339170. Elapsed time: 20.000 secs. Remaining: 40.000 secs. Total: 1 mins 0 secs
[GC 798627K->571682K(2944192K), 0.0485460 secs]
[GC 827810K->568106K(2944192K), 0.0522370 secs]
[GC 821313K->616681K(2944192K), 0.0602610 secs]
[GC 872793K->607485K(2944192K), 0.0617210 secs]
 WARN  [hz._hzInstance_1_FenixFrameworkGroup.event] {com.hazelcast.spi.EventService} [127.0.0.1]:5705 [FenixFrameworkGroup] Caution: Off-load event processing to your own thread-pool, don't use event thread!
[GC 863613K->604809K(2944192K), 0.0580350 secs]
[GC 859246K->613663K(2944192K), 0.0511310 secs]
[GC 869791K->635508K(2944192K), 0.0624900 secs]
[GC 891636K->620687K(2944192K), 0.0616430 secs]
[GC 876815K->643470K(2944192K), 0.0491300 secs]
[GC 899598K->655918K(2944192K), 0.0577930 secs]
[GC 912031K->675404K(2944192K), 0.0643350 secs]
[GC 931532K->695947K(2944192K), 0.0821620 secs]
[GC 952075K->731400K(2944192K), 0.0642250 secs]
[GC 987528K->738052K(2944192K), 0.0608610 secs]
[GC 994180K->767406K(2944192K), 0.0561890 secs]
[GC 1023123K->819352K(2944192K), 0.0704740 secs]
[GC 1075064K->838502K(2944192K), 0.0701120 secs]
[GC 1094630K->827192K(2944192K), 0.0692020 secs]
[GC 1083320K->840288K(2944192K), 0.0555250 secs]
[GC 1096416K->855577K(2944192K), 0.0486430 secs]
[GC 1111705K->877382K(2944192K), 0.0603160 secs]
 INFO  [Stressor-0] {org.radargun.stressors.StressTestStressor} Number of ops executed so far: 8040723. Elapsed time: 40.000 secs. Remaining: 20.000 secs. Total: 1 mins 0 secs
[GC 1133510K->855479K(2944192K), 0.0486930 secs]
[GC 1110809K->934559K(2944192K), 0.0698460 secs]
[GC 1190687K->917656K(2944192K), 0.0718910 secs]
[GC 1173784K->939083K(2944192K), 0.0788210 secs]
[GC 1195211K->921567K(2944192K), 0.0541740 secs]
[GC 1177695K->940444K(2944192K), 0.0479830 secs]
[GC 1196572K->1020182K(2944192K), 0.0674170 secs]
[GC 1276310K->964594K(2944192K), 0.0707870 secs]
[GC 1220722K->986446K(2944192K), 0.0452230 secs]
[GC 1242574K->1048514K(2944192K), 0.0601450 secs]
[GC 1304642K->1049425K(2944192K), 0.0786450 secs]
[GC 1304886K->1037279K(2944192K), 0.0543720 secs]
[GC 1293407K->1095607K(2944192K), 0.0541060 secs]
[GC 1351735K->1097784K(2944192K), 0.0590130 secs]
[GC 1353912K->1158802K(2944192K), 0.0771950 secs]
[GC 1414930K->1125895K(2944192K), 0.0587200 secs]
[GC 1382023K->1117599K(2944192K), 0.0555890 secs]
[GC 1373727K->1188327K(2944192K), 0.0702450 secs]
[GC 1444455K->1143042K(2944192K), 0.0660560 secs]
[GC 1399170K->1161366K(2944192K), 0.0491420 secs]
[GC 1417494K->1162048K(2944192K), 0.0580650 secs]
 INFO  [Stressor-3] {org.radargun.stressors.StressTestStressor} Number of ops executed so far: 12660000. Elapsed time: 1 mins 0 secs. Remaining: 0.000 secs. Total: 1 mins 0 secs
 INFO  [pool-1-thread-1] {org.radargun.stressors.StressTestStressor} Finished generating report. Test duration is: 6 mins 27 secs
 INFO  [pool-1-thread-1] {org.radargun.stages.StressTestStage} size info: FFWrapper using infinispan52, clusterSize:12, nodeIndex:4, cacheSize: -1
 INFO  [pool-1-thread-1] {org.radargun.Slave} Finished stage: StressTest {bulkSize=1, cacheSpecificKeyGenerator=false, commitTransactions=true, duration=1 mins 0 secs, entrySize=1000, exitBenchmarkOnSlaveFailure=false, fixedKeys=true, generateHistogramRange=false, keyGeneratorClass=org.radargun.stressors.StringKeyGenerator, keyGeneratorParam=null, loadAllKeys=false, numEntries=10000, numOfThreads=4, numRequests=10000000, numThreads=4, numberOfAttributes=10000, numberOfRequests=10000000, opsCountStatusLog=500000, poolKeys=true, preferAsyncOperations=false, removePercentage=0, replaceInvalidPercentage=40, runOnAllSlaves=false, sharedKeys=false, sizeOfAnAttribute=1000, slaves=null, transactionSize=10000, useAtomics=false, useHistogramStatistics=false, useSimpleStatistics=true, useSmartClassLoading=true, useTransactions=true, writePercentage=10, writeTxPercentage=5 }
 INFO  [main] {org.radargun.Slave} Ack successfully sent to the master
[GC 1418176K->1227970K(2944192K), 0.0647620 secs]
[GC 1484098K->1189032K(2944192K), 0.0729240 secs]
[GC 1445160K->1175942K(2944192K), 0.0325050 secs]
[GC 1432070K->1182211K(2944192K), 0.0351870 secs]
[GC 1438339K->1178522K(2944192K), 0.0409010 secs]
[GC 1434650K->1182604K(2944192K), 0.0385330 secs]
[GC 1438732K->1186343K(2944192K), 0.0414180 secs]
[GC 1442471K->1192890K(2944192K), 0.0374210 secs]
[GC 1449018K->1185106K(2944192K), 0.0410450 secs]
[GC 1441234K->1190996K(2944192K), 0.0415950 secs]
[GC 1447124K->1190339K(2944192K), 0.0393760 secs]
[GC 1446467K->1198092K(2944192K), 0.0373190 secs]
[GC 1454220K->1188558K(2944192K), 0.0407150 secs]
[GC 1444686K->1191341K(2944192K), 0.0409320 secs]
[GC 1447469K->1194057K(2944192K), 0.0415770 secs]
[GC 1450185K->1184051K(2944192K), 0.0466840 secs]
[GC 1440179K->1186989K(2944192K), 0.0404270 secs]
[GC 1443117K->1197895K(2944192K), 0.0465350 secs]
[GC 1454023K->1188019K(2944192K), 0.0431660 secs]
[GC 1444147K->1201724K(2944192K), 0.0379200 secs]
[GC 1457852K->1189869K(2944192K), 0.0409880 secs]
[GC 1445997K->1204562K(2944192K), 0.0410240 secs]
[GC 1460690K->1192722K(2944192K), 0.0386380 secs]
[GC 1448850K->1202655K(2944192K), 0.0741710 secs]
[GC 1458783K->1201638K(2944192K), 0.0432570 secs]
[GC 1457766K->1203889K(2944192K), 0.0438910 secs]
[GC 1460017K->1205610K(2944192K), 0.0374210 secs]
[GC 1461738K->1207040K(2944192K), 0.0379100 secs]
[GC 1463168K->1202740K(2944192K), 0.0434630 secs]
[GC 1458868K->1215152K(2944192K), 0.0410950 secs]
[GC 1471280K->1205460K(2944192K), 0.0418180 secs]
[GC 1461588K->1214342K(2944192K), 0.0447770 secs]
[GC 1470470K->1213193K(2944192K), 0.0387650 secs]
[GC 1469321K->1214825K(2944192K), 0.0365650 secs]
[GC 1470953K->1227047K(2944192K), 0.0488370 secs]
[GC 1483124K->1251626K(2944192K), 0.0543080 secs]
[GC 1507754K->1280796K(2944192K), 0.0629560 secs]
[GC 1536490K->1317735K(2944192K), 0.0748880 secs]
[GC 1573863K->1296047K(2944192K), 0.0869730 secs]
[GC 1552175K->1331788K(2944192K), 0.0738120 secs]
[GC 1587916K->1358529K(2944192K), 0.0702320 secs]
[GC 1614657K->1342187K(2944192K), 0.0794180 secs]
[GC 1598315K->1390522K(2944192K), 0.0697540 secs]
[GC 1646650K->1363808K(2944192K), 0.0755340 secs]
[GC 1364141K(2944192K), 0.0320420 secs]
[GC 1619936K->1405744K(2944192K), 0.0674880 secs]
[GC 1582941K(2944192K), 0.0745590 secs]
[GC 1026706K->777386K(2944192K), 0.0697660 secs]
[GC 1033480K->776379K(2944192K), 0.0737840 secs]
[GC 1031482K->806134K(2944192K), 0.0763680 secs]
[GC 1062250K->833396K(2944192K), 0.0733300 secs]
[GC 1089524K->816453K(2944192K), 0.0727910 secs]
[GC 1072075K->873252K(2944192K), 0.0691890 secs]
[GC 1129360K->844663K(2944192K), 0.0676050 secs]
[GC 1100791K->899522K(2944192K), 0.0670430 secs]
[GC 1155610K->873730K(2944192K), 0.0701520 secs]
[GC 1129423K->910082K(2944192K), 0.0703910 secs]
[GC 1166177K->919064K(2944192K), 0.0689360 secs]
[GC 1175192K->935184K(2944192K), 0.0720180 secs]
[GC 1191312K->947348K(2944192K), 0.0703850 secs]
[GC 1203476K->966640K(2944192K), 0.0925270 secs]
[GC 1222768K->964881K(2944192K), 0.0721930 secs]
[GC 1221009K->993411K(2944192K), 0.0742000 secs]
[GC 1248451K->1006593K(2944192K), 0.0729490 secs]
[GC 1262713K->1023436K(2944192K), 0.0718120 secs]
[GC 1279564K->1001689K(2944192K), 0.0652110 secs]
[GC 1257817K->1025891K(2944192K), 0.0496340 secs]
[GC 1282019K->1040006K(2944192K), 0.0520500 secs]
[GC 1296134K->1010206K(2944192K), 0.0487840 secs]
[GC 1266334K->1047146K(2944192K), 0.0522380 secs]
 WARN  [hz._hzInstance_1_FenixFrameworkGroup.event] {com.hazelcast.spi.EventService} [127.0.0.1]:5705 [FenixFrameworkGroup] Caution: Off-load event processing to your own thread-pool, don't use event thread!
[GC 1303274K->1025827K(2944192K), 0.0598900 secs]
 WARN  [hz._hzInstance_1_FenixFrameworkGroup.event] {com.hazelcast.spi.EventService} [127.0.0.1]:5705 [FenixFrameworkGroup] Caution: Off-load event processing to your own thread-pool, don't use event thread!
[GC 1281955K->1030530K(2944192K), 0.0451640 secs]
[GC 1286658K->1035592K(2944192K), 0.0460210 secs]
[GC 1291720K->1012447K(2944192K), 0.0486620 secs]
[GC 1268575K->1031989K(2944192K), 0.0488170 secs]
[GC 1288117K->1040067K(2944192K), 0.0493610 secs]
[GC 1296195K->1043498K(2944192K), 0.0483720 secs]
[GC 1299626K->1017906K(2944192K), 0.0498590 secs]
[GC 1274034K->1017531K(2944192K), 0.0574740 secs]
[GC 1273659K->1028853K(2944192K), 0.0529900 secs]
[GC 1284981K->1012304K(2944192K), 0.0404850 secs]
[GC 1268432K->1015498K(2944192K), 0.0369490 secs]
[GC 1271626K->1015904K(2944192K), 0.0356790 secs]
[GC 1272032K->1016968K(2944192K), 0.0360920 secs]
[GC 1273096K->1018144K(2944192K), 0.0376020 secs]
[GC 1274272K->1019021K(2944192K), 0.0332120 secs]
[GC 1275149K->1028525K(2944192K), 0.0361750 secs]
[GC 1284653K->1021273K(2944192K), 0.0338290 secs]
[GC 1277401K->1031911K(2944192K), 0.0379270 secs]
[GC 1288039K->1022820K(2944192K), 0.0379850 secs]
[GC 1278948K->1030077K(2944192K), 0.0369950 secs]
[GC 1286205K->1033479K(2944192K), 0.0351010 secs]
[GC 1289607K->1026713K(2944192K), 0.0364670 secs]
[GC 1282841K->1033837K(2944192K), 0.0367800 secs]
[GC 1289965K->1037042K(2944192K), 0.0330990 secs]
[GC 1293170K->1030062K(2944192K), 0.0332720 secs]
[GC 1286190K->1037136K(2944192K), 0.0354570 secs]
[GC 1293264K->1040691K(2944192K), 0.0369240 secs]
[GC 1296819K->1033822K(2944192K), 0.0368750 secs]
[GC 1289950K->1044704K(2944192K), 0.0357190 secs]
[GC 1300832K->1035228K(2944192K), 0.0386920 secs]
[GC 1291356K->1046752K(2944192K), 0.0404050 secs]
[GC 1302880K->1037593K(2944192K), 0.0373590 secs]
[GC 1293721K->1041603K(2944192K), 0.0341450 secs]
[GC 1297731K->1048983K(2944192K), 0.0352330 secs]
[GC 1305111K->1041711K(2944192K), 0.0354380 secs]
[GC 1297839K->1049014K(2944192K), 0.0338620 secs]
[GC 1305142K->1052518K(2944192K), 0.0355220 secs]
[GC 1308646K->1045470K(2944192K), 0.0379890 secs]
[GC 1301598K->1052759K(2944192K), 0.0370140 secs]
[GC 1308887K->1056002K(2944192K), 0.0385270 secs]
[GC 1312130K->1048907K(2944192K), 0.0355590 secs]
[GC 1305035K->1060325K(2944192K), 0.0407360 secs]
[GC 1316453K->1050704K(2944192K), 0.0372240 secs]
[GC 1306832K->1062658K(2944192K), 0.0381460 secs]
[GC 1318786K->1055744K(2944192K), 0.0378160 secs]
[GC 1311872K->1061020K(2944192K), 0.0424420 secs]
[GC 1317148K->1069172K(2944192K), 0.0406570 secs]
[GC 1325300K->1057609K(2944192K), 0.0392010 secs]
[GC 1313737K->1069499K(2944192K), 0.0389790 secs]
[GC 1325627K->1059535K(2944192K), 0.0373350 secs]
[GC 1315663K->1071627K(2944192K), 0.0393900 secs]
[GC 1327755K->1061824K(2944192K), 0.0360200 secs]
[GC 1317952K->1074341K(2944192K), 0.0354820 secs]
[GC 1330469K->1064381K(2944192K), 0.0350510 secs]
[GC 1320509K->1076608K(2944192K), 0.0373120 secs]
[GC 1332736K->1066698K(2944192K), 0.0382960 secs]
[GC 1322826K->1079315K(2944192K), 0.0424110 secs]
[GC 1335443K->1069390K(2944192K), 0.0378380 secs]
[GC 1325518K->1073560K(2944192K), 0.0396500 secs]
[GC 1329688K->1081372K(2944192K), 0.0399960 secs]
[GC 1337500K->1073958K(2944192K), 0.0405940 secs]
[GC 1330086K->1081845K(2944192K), 0.0399910 secs]
[GC 1337973K->1080898K(2944192K), 0.0418550 secs]
[GC 1337026K->1082545K(2944192K), 0.0440580 secs]
[GC 1338673K->1083704K(2944192K), 0.0419470 secs]
[GC 1339832K->1089890K(2944192K), 0.0430480 secs]
[GC 1346018K->1081729K(2944192K), 0.0400510 secs]
[GC 1337857K->1089615K(2944192K), 0.0397730 secs]
[GC 1345743K->1088490K(2944192K), 0.0419310 secs]
[GC 1344618K->1090184K(2944192K), 0.0397110 secs]
[GC 1346312K->1091633K(2944192K), 0.0398390 secs]
[GC 1347761K->1093078K(2944192K), 0.0410310 secs]
[GC 1349206K->1094475K(2944192K), 0.0418360 secs]
[GC 1350603K->1090824K(2944192K), 0.0418840 secs]
[GC 1346952K->1096934K(2944192K), 0.0405560 secs]
[GC 1353062K->1098256K(2944192K), 0.0460070 secs]
[GC 1354384K->1099604K(2944192K), 0.0404910 secs]
[GC 1355732K->1101072K(2944192K), 0.0392470 secs]
[GC 1357200K->1102460K(2944192K), 0.0395310 secs]
[GC 1358588K->1103556K(2944192K), 0.0381390 secs]
[GC 1359684K->1109848K(2944192K), 0.0436000 secs]
[GC 1365976K->1101409K(2944192K), 0.0394830 secs]
[GC 1357537K->1104961K(2944192K), 0.0461960 secs]
[GC 1361089K->1113269K(2944192K), 0.0414750 secs]
[GC 1369397K->1105113K(2944192K), 0.0371090 secs]
[GC 1361241K->1108846K(2944192K), 0.0388560 secs]
[GC 1364974K->1117421K(2944192K), 0.0416140 secs]
[GC 1373549K->1109268K(2944192K), 0.0389110 secs]
[GC 1365396K->1117920K(2944192K), 0.0456320 secs]
[GC 1374048K->1116697K(2944192K), 0.0444120 secs]
[GC 1372825K->1118427K(2944192K), 0.0425160 secs]
[GC 1374555K->1120158K(2944192K), 0.0422490 secs]
[GC 1376286K->1121701K(2944192K), 0.0439040 secs]
[GC 1377829K->1123201K(2944192K), 0.0443050 secs]
[GC 1379329K->1124699K(2944192K), 0.0436550 secs]
[GC 1380827K->1120784K(2944192K), 0.0458350 secs]
[GC 1376912K->1132633K(2944192K), 0.0455600 secs]
[GC 1388761K->1123686K(2944192K), 0.0401250 secs]
[GC 1379814K->1137276K(2944192K), 0.0451090 secs]
[GC 1393404K->1128919K(2944192K), 0.0775760 secs]
[GC 1385047K->1139602K(2944192K), 0.0437460 secs]
[GC 1395730K->1128306K(2944192K), 0.0394760 secs]
[GC 1384434K->1133002K(2944192K), 0.0462000 secs]
[GC 1389130K->1137091K(2944192K), 0.0413200 secs]
[GC 1393219K->1139001K(2944192K), 0.0428100 secs]
[GC 1395129K->1135101K(2944192K), 0.0489810 secs]
[GC 1391229K->1142019K(2944192K), 0.0395250 secs]
[GC 1398147K->1143406K(2944192K), 0.0459970 secs]
[GC 1399534K->1145081K(2944192K), 0.0396210 secs]
[GC 1401209K->1146564K(2944192K), 0.0454020 secs]
[GC 1402692K->1147867K(2944192K), 0.0394590 secs]
[GC 1403995K->1143933K(2944192K), 0.0421830 secs]
[GC 1400061K->1145284K(2944192K), 0.0465460 secs]
[GC 1401412K->1146939K(2944192K), 0.0383370 secs]
[GC 1403067K->1153967K(2944192K), 0.0452900 secs]
[GC 1410095K->1155310K(2944192K), 0.0452530 secs]
[GC 1411438K->1156717K(2944192K), 0.0387140 secs]
[GC 1412845K->1152716K(2944192K), 0.0483620 secs]
[GC 1408844K->1154152K(2944192K), 0.0419780 secs]
[GC 1410280K->1155799K(2944192K), 0.0452690 secs]
[GC 1411927K->1157216K(2944192K), 0.0386840 secs]
[GC 1413344K->1164156K(2944192K), 0.0457660 secs]
[GC 1420284K->1165708K(2944192K), 0.0427470 secs]
[GC 1421836K->1167267K(2944192K), 0.0445870 secs]
[GC 1423395K->1174656K(2944192K), 0.0421510 secs]
[GC 1430784K->1164694K(2944192K), 0.0429690 secs]
[GC 1420822K->1168467K(2944192K), 0.0461150 secs]
[GC 1424595K->1177855K(2944192K), 0.0415170 secs]
[GC 1433983K->1168827K(2944192K), 0.0414540 secs]
[GC 1424955K->1183325K(2944192K), 0.0394330 secs]
[GC 1439453K->1171075K(2944192K), 0.0432260 secs]
[GC 1427203K->1180676K(2944192K), 0.0427260 secs]
[GC 1436804K->1185155K(2944192K), 0.0419480 secs]
[GC 1441283K->1176242K(2944192K), 0.0513050 secs]
[GC 1432370K->1180482K(2944192K), 0.0454310 secs]
[GC 1436610K->1189912K(2944192K), 0.0449760 secs]
[GC 1446040K->1180639K(2944192K), 0.0434490 secs]
[GC 1436767K->1194954K(2944192K), 0.0441710 secs]
[GC 1451082K->1182849K(2944192K), 0.0407410 secs]
[GC 1438977K->1197607K(2944192K), 0.0397500 secs]
[GC 1453735K->1185580K(2944192K), 0.0397580 secs]
[GC 1441708K->1200121K(2944192K), 0.0432150 secs]
[GC 1456249K->1188190K(2944192K), 0.0435870 secs]
[GC 1444318K->1197999K(2944192K), 0.0460950 secs]
[GC 1454127K->1197040K(2944192K), 0.0438060 secs]
[GC 1453168K->1193604K(2944192K), 0.0436630 secs]
[GC 1449732K->1200308K(2944192K), 0.0432840 secs]
[GC 1456436K->1196286K(2944192K), 0.0405660 secs]
[GC 1452414K->1197715K(2944192K), 0.0435980 secs]
[GC 1453843K->1204488K(2944192K), 0.0412870 secs]
[GC 1460616K->1206095K(2944192K), 0.0434840 secs]
[GC 1462223K->1207095K(2944192K), 0.0426790 secs]
[GC 1463223K->1208403K(2944192K), 0.0423860 secs]
[GC 1464531K->1204358K(2944192K), 0.0419730 secs]
[GC 1460486K->1205872K(2944192K), 0.0424910 secs]
[GC 1462000K->1218018K(2944192K), 0.0402550 secs]
[GC 1474146K->1208721K(2944192K), 0.0422790 secs]
[GC 1464849K->1221668K(2944192K), 0.0430310 secs]
[GC 1477796K->1210218K(2944192K), 0.0431050 secs]
[GC 1466346K->1224325K(2944192K), 0.0604600 secs]
[GC 1480453K->1212908K(2944192K), 0.0401680 secs]
[GC 1469036K->1227136K(2944192K), 0.0430890 secs]
[GC 1483264K->1215689K(2944192K), 0.0469210 secs]
[GC 1471817K->1229752K(2944192K), 0.0434370 secs]
[GC 1485880K->1218512K(2944192K), 0.0421780 secs]
[GC 1474640K->1232801K(2944192K), 0.0442580 secs]
[GC 1488929K->1221435K(2944192K), 0.0383060 secs]
[GC 1477563K->1235348K(2944192K), 0.0422740 secs]
[GC 1491476K->1223840K(2944192K), 0.0411830 secs]
[GC 1479968K->1237913K(2944192K), 0.0377450 secs]
[GC 1494041K->1226697K(2944192K), 0.0381210 secs]
[GC 1482825K->1236073K(2944192K), 0.0386760 secs]
[GC 1492201K->1230025K(2944192K), 0.0383520 secs]
[GC 1486153K->1236941K(2944192K), 0.0400240 secs]
[GC 1493069K->1233057K(2944192K), 0.0431720 secs]
[GC 1489185K->1239804K(2944192K), 0.0400350 secs]
[GC 1495932K->1235997K(2944192K), 0.0433140 secs]
[GC 1492125K->1237406K(2944192K), 0.0404430 secs]
[GC 1493534K->1238570K(2944192K), 0.0385990 secs]
[GC 1494698K->1239692K(2944192K), 0.0397130 secs]
[GC 1495820K->1251260K(2944192K), 0.0406340 secs]
[GC 1507388K->1242365K(2944192K), 0.0388170 secs]
[GC 1498493K->1250877K(2944192K), 0.0422550 secs]
[GC 1507005K->1249717K(2944192K), 0.0418440 secs]
[GC 1505845K->1251343K(2944192K), 0.0410770 secs]
[GC 1507471K->1252875K(2944192K), 0.0367190 secs]
[GC 1509003K->1254259K(2944192K), 0.0422110 secs]
[GC 1510387K->1250411K(2944192K), 0.0401870 secs]
[GC 1506539K->1251827K(2944192K), 0.0406790 secs]
[GC 1507955K->1253051K(2944192K), 0.0442480 secs]
[GC 1509179K->1254296K(2944192K), 0.0404720 secs]
[GC 1510424K->1255693K(2944192K), 0.0416200 secs]
[GC 1511821K->1256989K(2944192K), 0.0428800 secs]
[GC 1513117K->1258502K(2944192K), 0.0416530 secs]
[GC 1514630K->1259875K(2944192K), 0.0425460 secs]
[GC 1516003K->1266212K(2944192K), 0.0382530 secs]
[GC 1522340K->1267483K(2944192K), 0.0400050 secs]
[GC 1523611K->1268826K(2944192K), 0.0384220 secs]
[GC 1524954K->1270317K(2944192K), 0.0374130 secs]
[GC 1526445K->1271695K(2944192K), 0.0406120 secs]
[GC 1527823K->1267782K(2944192K), 0.0434730 secs]
[GC 1523910K->1274034K(2944192K), 0.0417700 secs]
[GC 1530162K->1280601K(2944192K), 0.0392050 secs]
[GC 1536729K->1271875K(2944192K), 0.0388690 secs]
[GC 1528003K->1280274K(2944192K), 0.0420210 secs]
[GC 1536402K->1273955K(2944192K), 0.0423360 secs]
[GC 1530083K->1280549K(2944192K), 0.0417600 secs]
[GC 1536677K->1276986K(2944192K), 0.0432210 secs]
[GC 1533114K->1288659K(2944192K), 0.0381500 secs]
[GC 1544787K->1279901K(2944192K), 0.0429070 secs]
[GC 1536029K->1288067K(2944192K), 0.0448510 secs]
[GC 1544195K->1286813K(2944192K), 0.0370460 secs]
[GC 1542941K->1283471K(2944192K), 0.0386290 secs]
[GC 1539599K->1284830K(2944192K), 0.0402360 secs]
[GC 1540958K->1286222K(2944192K), 0.0431910 secs]
[GC 1542350K->1292595K(2944192K), 0.0389010 secs]
[GC 1548723K->1289030K(2944192K), 0.0433220 secs]
[GC 1545158K->1295139K(2944192K), 0.0372280 secs]
[GC 1551267K->1291160K(2944192K), 0.0400000 secs]
[GC 1547288K->1292456K(2944192K), 0.0404050 secs]
[GC 1548584K->1293991K(2944192K), 0.0442220 secs]
[GC 1550119K->1305558K(2944192K), 0.0410170 secs]
[GC 1561686K->1300029K(2944192K), 0.0423220 secs]
[GC 1556157K->1309089K(2944192K), 0.0470260 secs]
[GC 1565217K->1329633K(2944192K), 0.0576710 secs]
[GC 1585761K->1350877K(2944192K), 0.0649680 secs]
[GC 1607005K->1380113K(2944192K), 0.0655370 secs]
[GC 1634733K->1399067K(2944192K), 0.0761670 secs]
[GC 1655195K->1399461K(2944192K), 0.1008760 secs]
[GC 1655589K->1420243K(2944192K), 0.0791070 secs]
[GC 1676371K->1448838K(2944192K), 0.0662700 secs]
[GC 1704966K->1437595K(2944192K), 0.0853840 secs]
[GC 1693611K->1449782K(2944192K), 0.0812030 secs]
[GC 1705647K->1460215K(2944192K), 0.0845220 secs]
[GC 1716310K->1468141K(2944192K), 0.0718660 secs]
[GC 1724007K->1483035K(2944192K), 0.0774140 secs]
[GC 1739163K->1530442K(2944192K), 0.0646640 secs]
[GC 1786570K->1522559K(2944192K), 0.0824370 secs]
[GC 1778687K->1511711K(2944192K), 0.0755170 secs]
[GC 1767816K->1553717K(2944192K), 0.0764730 secs]
[GC 1809845K->1570483K(2944192K), 0.0747440 secs]
[GC 1826569K->1564433K(2944192K), 0.0734310 secs]
[GC 1820561K->1580861K(2944192K), 0.0723860 secs]
[GC 1836989K->1610062K(2944192K), 0.0774110 secs]
[GC 1866190K->1626104K(2944192K), 0.0771880 secs]
[GC 1882232K->1622299K(2944192K), 0.0750450 secs]
[GC 1878416K->1650059K(2944192K), 0.0778680 secs]
[GC 1906187K->1662381K(2944192K), 0.0727880 secs]
[GC 1918509K->1645347K(2944192K), 0.0736330 secs]
[GC 1901475K->1651133K(2944192K), 0.0524960 secs]
 WARN  [hz._hzInstance_1_FenixFrameworkGroup.event] {com.hazelcast.spi.EventService} [127.0.0.1]:5705 [FenixFrameworkGroup] Caution: Off-load event processing to your own thread-pool, don't use event thread!
[GC 1907261K->1649898K(2944192K), 0.0556710 secs]
[GC 1906026K->1679684K(2944192K), 0.0531280 secs]
[GC 1935812K->1652434K(2944192K), 0.0552410 secs]
 WARN  [hz._hzInstance_1_FenixFrameworkGroup.event] {com.hazelcast.spi.EventService} [127.0.0.1]:5705 [FenixFrameworkGroup] Caution: Off-load event processing to your own thread-pool, don't use event thread!
[GC 1908562K->1688132K(2944192K), 0.0558310 secs]
[GC 1944260K->1653163K(2944192K), 0.0602220 secs]
[GC 1909291K->1678724K(2944192K), 0.0599250 secs]
[GC 1934852K->1658312K(2944192K), 0.0692700 secs]
[GC 1914440K->1662332K(2944192K), 0.0495940 secs]
[GC 1918460K->1686695K(2944192K), 0.0544600 secs]
[GC 1942823K->1661436K(2944192K), 0.0545220 secs]
[GC 1917564K->1693923K(2944192K), 0.0560680 secs]
[GC 1950051K->1676588K(2944192K), 0.0617280 secs]
[GC 1932716K->1669691K(2944192K), 0.0599970 secs]
[GC 1925819K->1663296K(2944192K), 0.0489470 secs]
[GC 1919424K->1659448K(2944192K), 0.0406890 secs]
[GC 1915576K->1665342K(2944192K), 0.0431180 secs]
[GC 1921470K->1672126K(2944192K), 0.0388140 secs]
[GC 1928254K->1673504K(2944192K), 0.0389450 secs]
[GC 1929632K->1674864K(2944192K), 0.0442910 secs]
[GC 1930992K->1676414K(2944192K), 0.0477260 secs]
[GC 1932542K->1672361K(2944192K), 0.0392830 secs]
[GC 1928489K->1679132K(2944192K), 0.0466500 secs]
[GC 1935260K->1675000K(2944192K), 0.0473340 secs]
[GC 1931128K->1687871K(2944192K), 0.0421530 secs]
[GC 1943999K->1678096K(2944192K), 0.0415830 secs]
[GC 1934224K->1687005K(2944192K), 0.0468450 secs]
[GC 1943133K->1685858K(2944192K), 0.0436820 secs]
[GC 1941986K->1687848K(2944192K), 0.0445820 secs]
[GC 1943976K->1689560K(2944192K), 0.0453420 secs]
[GC 1945688K->1685561K(2944192K), 0.0464280 secs]
[GC 1941689K->1692546K(2944192K), 0.0433840 secs]
[GC 1948674K->1699462K(2944192K), 0.0420200 secs]
[GC 1955590K->1689805K(2944192K), 0.0425200 secs]
[GC 1945933K->1703831K(2944192K), 0.0441190 secs]
[GC 1959959K->1691604K(2944192K), 0.0395830 secs]
[GC 1947732K->1706598K(2944192K), 0.0459220 secs]
[GC 1962726K->1694692K(2944192K), 0.0418320 secs]
[GC 1950820K->1709575K(2944192K), 0.0451380 secs]
[GC 1965703K->1697703K(2944192K), 0.0465680 secs]
[GC 1953831K->1712828K(2944192K), 0.0385270 secs]
[GC 1968956K->1700559K(2944192K), 0.0425510 secs]
[GC 1956687K->1715634K(2944192K), 0.0433130 secs]
[GC 1971762K->1720670K(2944192K), 0.0577900 secs]
[GC 1976798K->1742296K(2944192K), 0.0621230 secs]
[GC 1998424K->1774718K(2944192K), 0.0724820 secs]
[GC 2030788K->1814037K(2944192K), 0.0837460 secs]
[GC 2070165K->1800336K(2944192K), 0.1001240 secs]
[GC 2056464K->1844044K(2944192K), 0.0747800 secs]
[GC 2100172K->1818000K(2944192K), 0.0800540 secs]
[GC 2074128K->1872072K(2944192K), 0.0735500 secs]
[GC 2128180K->1843517K(2944192K), 0.0802360 secs]
[GC 2099645K->1897582K(2944192K), 0.0781190 secs]
[GC 2153704K->1871168K(2944192K), 0.0759610 secs]
[GC 2127283K->1921431K(2944192K), 0.0738330 secs]
[GC 2177559K->1897323K(2944192K), 0.0741050 secs]
 WARN  [hz._hzInstance_1_FenixFrameworkGroup.event] {com.hazelcast.spi.EventService} [127.0.0.1]:5705 [FenixFrameworkGroup] Caution: Off-load event processing to your own thread-pool, don't use event thread!
[GC 2153451K->1937560K(2944192K), 0.0829300 secs]
[GC 2193688K->1947800K(2944192K), 0.0777180 secs]
[GC 2203221K->1961137K(2944192K), 0.0774290 secs]
[GC 2217265K->1977371K(2944192K), 0.0834340 secs]
[GC 2233499K->1991507K(2944192K), 0.0804220 secs]
[GC 2246629K->2003670K(2944192K), 0.0760150 secs]
[GC 2259798K->2017578K(2944192K), 0.0829750 secs]
[GC 2271938K->2034125K(2944192K), 0.0820490 secs]
[GC 2290253K->2048176K(2944192K), 0.0712020 secs]
[GC 2304304K->2026609K(2944192K), 0.0723040 secs]
[GC 2282737K->2034053K(2944192K), 0.0526600 secs]
[GC 2290181K->2048095K(2944192K), 0.0624590 secs]
[GC 2304223K->2080006K(2944192K), 0.0550440 secs]
[GC 2336134K->2036211K(2944192K), 0.0576780 secs]
[GC 2292339K->2033357K(2944192K), 0.0664210 secs]
[GC 2289485K->2065751K(2944192K), 0.0559060 secs]
[GC 2321879K->2039736K(2944192K), 0.0551710 secs]
[GC 2295864K->2058843K(2944192K), 0.0592550 secs]
[GC 2314971K->2054674K(2944192K), 0.0554370 secs]
[GC 2310802K->2072071K(2944192K), 0.0569070 secs]
[GC 2328199K->2046428K(2944192K), 0.0581930 secs]
[GC 2302556K->2082125K(2944192K), 0.0574250 secs]
[GC 2338253K->2064198K(2944192K), 0.0692870 secs]
[GC 2320326K->2054502K(2944192K), 0.0661480 secs]
[GC 2310630K->2049469K(2944192K), 0.0495320 secs]
[GC 2305597K->2052093K(2944192K), 0.0501300 secs]
[GC 2308221K->2051925K(2944192K), 0.0487580 secs]
[GC 2308053K->2065762K(2944192K), 0.0452700 secs]
[GC 2321890K->2054739K(2944192K), 0.0437100 secs]
[GC 2310867K->2064655K(2944192K), 0.0493160 secs]
[GC 2320783K->2063484K(2944192K), 0.0432330 secs]
[GC 2319612K->2065730K(2944192K), 0.0422500 secs]
[GC 2321858K->2061355K(2944192K), 0.0479380 secs]
[GC 2317483K->2069178K(2944192K), 0.0505840 secs]
[GC 2325306K->2064712K(2944192K), 0.0449830 secs]
[GC 2320822K->2085424K(2944192K), 0.0456410 secs]
[GC 2341552K->2087093K(2944192K), 0.0648050 secs]
[GC 2343221K->2110187K(2944192K), 0.0675660 secs]
 WARN  [hz._hzInstance_1_FenixFrameworkGroup.event] {com.hazelcast.spi.EventService} [127.0.0.1]:5705 [FenixFrameworkGroup] Caution: Off-load event processing to your own thread-pool, don't use event thread!
[GC 2366315K->2142987K(2944192K), 0.0727370 secs]
[GC 2399115K->2176661K(2944192K), 0.0860900 secs]
[GC 2432789K->2168611K(2944192K), 0.1100100 secs]
[GC 2424739K->2176556K(2944192K), 0.0802460 secs]
[GC 2432627K->2201081K(2944192K), 0.0780910 secs]
[GC 2457209K->2214589K(2944192K), 0.0831210 secs]
[GC 2470717K->2217297K(2944192K), 0.0790490 secs]
[GC 2473208K->2225672K(2944192K), 0.0828290 secs]
[GC 2481774K->2259144K(2944192K), 0.0824120 secs]
[GC 2515248K->2260076K(2944192K), 0.0829660 secs]
[GC 2516204K->2267486K(2944192K), 0.0796560 secs]
[GC 2523603K->2281539K(2944192K), 0.0848100 secs]
 WARN  [hz._hzInstance_1_FenixFrameworkGroup.event] {com.hazelcast.spi.EventService} [127.0.0.1]:5705 [FenixFrameworkGroup] Caution: Off-load event processing to your own thread-pool, don't use event thread!
[GC 2537618K->2310216K(2944192K), 0.0805540 secs]
[GC 2565478K->2308302K(2944192K), 0.0837210 secs]
[GC 2564430K->2341911K(2944192K), 0.0833840 secs]
[GC 2598039K->2337144K(2944192K), 0.0739090 secs]
[GC 2593272K->2371022K(2944192K), 0.0749430 secs]
[GC 2627150K->2383147K(2944192K), 0.0801120 secs]
[GC 2639275K->2363744K(2944192K), 0.0706310 secs]
[GC 2619872K->2367295K(2944192K), 0.0539590 secs]
[GC 2623423K->2393278K(2944192K), 0.0505100 secs]
[GC 2649406K->2367137K(2944192K), 0.0554610 secs]
[GC 2623265K->2403036K(2944192K), 0.0546240 secs]
[GC 2658662K->2369278K(2944192K), 0.0570700 secs]
[GC 2625268K->2430883K(2944192K), 0.0813150 secs]
[GC 2687011K->2423962K(2954368K), 0.0937810 secs]
[GC 2680090K->2460676K(2970496K), 0.0923960 secs]
[GC 2716804K->2482706K(2977600K), 0.0861630 secs]
[GC 2738816K->2502938K(2997952K), 0.1033600 secs]
[GC 2759054K->2507765K(3014848K), 0.0959280 secs]
[GC 2763893K->2534922K(3030016K), 0.1004220 secs]
[GC 2791036K->2551478K(3046720K), 0.1017010 secs]
[GC 2807606K->2567774K(3063040K), 0.1013310 secs]
[GC 2823902K->2555401K(3096832K), 0.1113030 secs]
[GC 2811529K->2601565K(3096832K), 0.0804100 secs]
[GC 2857693K->2605876K(3114304K), 0.0968490 secs]
[GC 2862004K->2625116K(3131392K), 0.0923580 secs]
[GC 2881244K->2653455K(3149056K), 0.0996760 secs]
[GC 2909583K->2662640K(3165568K), 0.0980700 secs]
[GC 2918768K->2657763K(3182080K), 0.1287210 secs]
[GC 2913888K->2670635K(3198208K), 0.0916710 secs]
[GC 2926763K->2685110K(3214720K), 0.0886430 secs]
[GC 2941238K->2717314K(3230848K), 0.0891580 secs]
[GC 2973442K->2696039K(3246208K), 0.0845010 secs]
[GC 2952167K->2710551K(3262144K), 0.0842350 secs]
 WARN  [hz._hzInstance_1_FenixFrameworkGroup.event] {com.hazelcast.spi.EventService} [127.0.0.1]:5705 [FenixFrameworkGroup] Caution: Off-load event processing to your own thread-pool, don't use event thread!
[GC 2966679K->2734972K(3262144K), 0.0599660 secs]
[GC 2991100K->2719550K(3278848K), 0.0739480 secs]
[GC 2975678K->2708685K(3278848K), 0.0543160 secs]
[GC 2964813K->2759829K(3278848K), 0.0600540 secs]
[GC 3015957K->2755524K(3278848K), 0.0701150 secs]
[GC 3011652K->2796579K(3295936K), 0.0961410 secs]
[GC 3052707K->2819909K(3315328K), 0.0966310 secs]
[GC 3076037K->2795772K(3327616K), 0.0912810 secs]
[GC 3051900K->2841108K(3344896K), 0.0994920 secs]
[GC 3096642K->2864344K(3360064K), 0.0866300 secs]
[GC 3120472K->2847235K(3376960K), 0.0922310 secs]
[GC 2847257K(3376960K), 0.0397310 secs]
[GC 3101978K->2887056K(3391936K), 0.0954270 secs]
[GC 3032601K(3391936K), 0.0569640 secs]
[GC 2692975K->2446733K(3391936K), 0.0955410 secs]
[GC 2680903K->2438582K(4237848K), 0.0994530 secs]
[GC 2694710K->2471313K(4237848K), 0.0992990 secs]
[GC 2727441K->2476068K(4237848K), 0.1044300 secs]
[GC 2732196K->2489894K(4237848K), 0.0987040 secs]
[GC 2746022K->2516756K(4237848K), 0.0983460 secs]
[GC 2772884K->2503610K(4237848K), 0.0980540 secs]
[GC 2759738K->2533550K(4237848K), 0.0960380 secs]
[GC 2789678K->2549424K(4237848K), 0.0904230 secs]
[GC 2805552K->2544937K(4237848K), 0.0913740 secs]
[GC 2801059K->2594756K(4237848K), 0.0936570 secs]
[GC 2850884K->2575435K(4237848K), 0.0871680 secs]
[GC 2831563K->2561721K(4237848K), 0.0780950 secs]
 WARN  [hz._hzInstance_1_FenixFrameworkGroup.event] {com.hazelcast.spi.EventService} [127.0.0.1]:5705 [FenixFrameworkGroup] Caution: Off-load event processing to your own thread-pool, don't use event thread!
[GC 2817849K->2598779K(4237848K), 0.0610470 secs]
[GC 2854907K->2570918K(4237848K), 0.0620400 secs]
[GC 2827046K->2607927K(4237848K), 0.0658800 secs]
[GC 2864055K->2573527K(4237848K), 0.0674930 secs]
[GC 2829655K->2576424K(4237848K), 0.0777620 secs]
 WARN  [hz._hzInstance_1_FenixFrameworkGroup.event] {com.hazelcast.spi.EventService} [127.0.0.1]:5705 [FenixFrameworkGroup] Caution: Off-load event processing to your own thread-pool, don't use event thread!
[GC 2832552K->2608952K(4237848K), 0.0651150 secs]
[GC 2865080K->2583185K(4237848K), 0.0642010 secs]
[GC 2839313K->2616985K(4237848K), 0.0761470 secs]
[GC 2873113K->2664865K(4237848K), 0.0972380 secs]
[GC 2920937K->2636041K(4237848K), 0.0970470 secs]
[GC 2892169K->2690382K(4237848K), 0.1056700 secs]
[GC 2946510K->2675346K(4237848K), 0.1157650 secs]
[GC 2931474K->2681824K(4237848K), 0.0870330 secs]
[GC 2936484K->2741063K(4237848K), 0.0801680 secs]
[GC 2997185K->2759276K(4237848K), 0.0983980 secs]
[GC 3015370K->2775416K(4237848K), 0.0983260 secs]
[GC 3031544K->2781160K(4237848K), 0.1011780 secs]
[GC 3037288K->2776783K(4237848K), 0.1013600 secs]
[GC 3031838K->2781707K(4237848K), 0.0864480 secs]
[GC 3037835K->2840818K(4237848K), 0.0765330 secs]
[GC 3096946K->2846597K(4237848K), 0.0965440 secs]
[GC 3102725K->2846592K(4237848K), 0.0993350 secs]
[GC 3102720K->2881372K(4237848K), 0.0930090 secs]
[GC 3137456K->2907353K(4237848K), 0.0998740 secs]
[GC 3163481K->2893638K(4237848K), 0.0921290 secs]
[GC 3149766K->2929386K(4237848K), 0.0920990 secs]
[GC 3185514K->2905570K(4237848K), 0.0968360 secs]
[GC 3161698K->2919007K(4237848K), 0.0814120 secs]
[GC 3175135K->2938233K(4237848K), 0.0622120 secs]
[GC 3194361K->2968206K(4237848K), 0.0662600 secs]
[GC 3224334K->2943468K(4237848K), 0.0809820 secs]
[GC 3199596K->2958038K(4237848K), 0.0618090 secs]
[GC 3214166K->2927287K(4237848K), 0.0660280 secs]
[GC 3183415K->2964003K(4237848K), 0.0674970 secs]
[GC 3220131K->2942509K(4237848K), 0.0716270 secs]
[GC 3198637K->2962323K(4237848K), 0.0741440 secs]
[GC 3218451K->2948500K(4237848K), 0.0872320 secs]
[GC 3204628K->2977584K(4237848K), 0.0676900 secs]
[GC 3233712K->2977839K(4237848K), 0.0761960 secs]
[GC 3233752K->3021632K(4237848K), 0.1031230 secs]
[GC 3277732K->3039604K(4237848K), 0.1089460 secs]
[GC 3295732K->3057194K(4237848K), 0.1120320 secs]
[GC 3313322K->3073868K(4237848K), 0.1016510 secs]
[GC 3329996K->3060264K(4237848K), 0.1064660 secs]
[GC 3316392K->3107855K(4237848K), 0.0827700 secs]
[GC 3363728K->3093929K(4237848K), 0.1143380 secs]
[GC 3350057K->3118876K(4237848K), 0.0889700 secs]
[GC 3375004K->3160271K(4237848K), 0.0854220 secs]
[GC 3415315K->3146419K(4237848K), 0.1196510 secs]
[GC 3402504K->3154085K(4237848K), 0.0939380 secs]
[GC 3410213K->3213238K(4237848K), 0.0808730 secs]
[GC 3469366K->3198716K(4237848K), 0.1109100 secs]
[GC 3454826K->3223505K(4237848K), 0.0926950 secs]
[GC 3479633K->3221950K(4237848K), 0.0892350 secs]
 WARN  [hz._hzInstance_1_FenixFrameworkGroup.event] {com.hazelcast.spi.EventService} [127.0.0.1]:5705 [FenixFrameworkGroup] Caution: Off-load event processing to your own thread-pool, don't use event thread!
[GC 3478078K->3284267K(4237848K), 0.0796130 secs]
[GC 3540395K->3301617K(4237848K), 0.0956980 secs]
[GC 3557745K->3291225K(4237848K), 0.1071000 secs]
[GC 3547353K->3296553K(4237848K), 0.0828140 secs]
[GC 3552681K->3323619K(4237848K), 0.0662350 secs]
[GC 3579747K->3342247K(4237848K), 0.0828900 secs]
[GC 3598363K->3377189K(4237848K), 0.1016310 secs]
[GC 3632423K->3392890K(4237848K), 0.1105200 secs]
[GC 3649018K->3400883K(4237848K), 0.1107440 secs]
[GC 3657011K->3394508K(4237848K), 0.0894810 secs]
[GC 3649104K->3441072K(4237848K), 0.1000210 secs]
[GC 3697200K->3424954K(4237848K), 0.0913730 secs]
[GC 3681082K->3474228K(4237848K), 0.0921350 secs]
[GC 3730356K->3498387K(4237848K), 0.0937460 secs]
[GC 3754515K->3515676K(4237848K), 0.0949930 secs]
[GC 3771804K->3515204K(4237848K), 0.0891650 secs]
[GC 3771332K->3532841K(4237848K), 0.0970830 secs]
[GC 3788619K->3555636K(4237848K), 0.0928510 secs]
[GC 3811764K->3604259K(4237848K), 0.0944110 secs]
[GC 3860367K->3588747K(4237848K), 0.0953810 secs]
 WARN  [Thread-0] {org.radargun.ShutDownHook} Slave process: unexpected shutdown!
 INFO  [hz.ShutdownThread] {com.hazelcast.nio.TcpIpConnection} [127.0.0.1]:5705 [FenixFrameworkGroup] Connection [Address[127.0.0.1]:5707] lost. Reason: Explicit close
 INFO  [hz.ShutdownThread] {com.hazelcast.nio.TcpIpConnection} [127.0.0.1]:5705 [FenixFrameworkGroup] Connection [Address[127.0.0.1]:5708] lost. Reason: Explicit close
 INFO  [hz.ShutdownThread] {com.hazelcast.nio.TcpIpConnection} [127.0.0.1]:5705 [FenixFrameworkGroup] Connection [Address[127.0.0.1]:5706] lost. Reason: Explicit close
 INFO  [hz.ShutdownThread] {com.hazelcast.nio.TcpIpConnection} [127.0.0.1]:5705 [FenixFrameworkGroup] Connection [Address[127.0.0.1]:5711] lost. Reason: Explicit close
 INFO  [hz.ShutdownThread] {com.hazelcast.nio.TcpIpConnection} [127.0.0.1]:5705 [FenixFrameworkGroup] Connection [Address[127.0.0.1]:5702] lost. Reason: Explicit close
 INFO  [hz.ShutdownThread] {com.hazelcast.nio.TcpIpConnection} [127.0.0.1]:5705 [FenixFrameworkGroup] Connection [Address[127.0.0.1]:5712] lost. Reason: Explicit close
 INFO  [hz.ShutdownThread] {com.hazelcast.nio.TcpIpConnection} [127.0.0.1]:5705 [FenixFrameworkGroup] Connection [Address[127.0.0.1]:5701] lost. Reason: Explicit close
 INFO  [hz.ShutdownThread] {com.hazelcast.nio.TcpIpConnection} [127.0.0.1]:5705 [FenixFrameworkGroup] Connection [Address[127.0.0.1]:5709] lost. Reason: Explicit close
 INFO  [hz.ShutdownThread] {com.hazelcast.nio.TcpIpConnection} [127.0.0.1]:5705 [FenixFrameworkGroup] Connection [Address[127.0.0.1]:5704] lost. Reason: Explicit close
 INFO  [hz.ShutdownThread] {com.hazelcast.nio.TcpIpConnection} [127.0.0.1]:5705 [FenixFrameworkGroup] Connection [Address[127.0.0.1]:5710] lost. Reason: Explicit close
 INFO  [hz.ShutdownThread] {com.hazelcast.nio.TcpIpConnection} [127.0.0.1]:5705 [FenixFrameworkGroup] Connection [Address[127.0.0.1]:5703] lost. Reason: Explicit close
 INFO  [hz.ShutdownThread] {com.hazelcast.nio.TcpIpConnection} [127.0.0.1]:5705 [FenixFrameworkGroup] Connection [Address[127.0.0.1]:5706] lost. Reason: Explicit close
 INFO  [hz.ShutdownThread] {com.hazelcast.nio.TcpIpConnection} [127.0.0.1]:5705 [FenixFrameworkGroup] Connection [Address[127.0.0.1]:5709] lost. Reason: Explicit close
 INFO  [hz.ShutdownThread] {com.hazelcast.nio.TcpIpConnection} [127.0.0.1]:5705 [FenixFrameworkGroup] Connection [Address[127.0.0.1]:5711] lost. Reason: Explicit close
 INFO  [hz.ShutdownThread] {com.hazelcast.nio.TcpIpConnection} [127.0.0.1]:5705 [FenixFrameworkGroup] Connection [Address[127.0.0.1]:5712] lost. Reason: Explicit close
 INFO  [hz.ShutdownThread] {com.hazelcast.nio.TcpIpConnection} [127.0.0.1]:5705 [FenixFrameworkGroup] Connection [Address[127.0.0.1]:5710] lost. Reason: Explicit close
 INFO  [hz.ShutdownThread] {com.hazelcast.nio.TcpIpConnection} [127.0.0.1]:5705 [FenixFrameworkGroup] Connection [Address[127.0.0.1]:5707] lost. Reason: Explicit close
 INFO  [hz.ShutdownThread] {com.hazelcast.nio.TcpIpConnection} [127.0.0.1]:5705 [FenixFrameworkGroup] Connection [Address[127.0.0.1]:5704] lost. Reason: Explicit close
 INFO  [hz.ShutdownThread] {com.hazelcast.initializer} [127.0.0.1]:5705 [FenixFrameworkGroup] Destroying node initializer.
 INFO  [hz.ShutdownThread] {com.hazelcast.instance.Node} [127.0.0.1]:5705 [FenixFrameworkGroup] Hazelcast Shutdown is completed in 54 ms.
