/usr/java/jdk1.7.0_21/bin/java -server -Xmx1024M -Xms1024M -Dresolve.dns=false -Djgroups.timer.num_threads=4 -verbose:gc -Xmx5000M -Xms3000M -server -XX:+UseConcMarkSweepGC -XX:+AggressiveOpts -verbose:gc -XX:ParallelGCThreads=4 -XX:NewRatio=5 -XX:SurvivorRatio=2 -Dhazelcast.operation.thread.count=4 -Djava.net.preferIPv4Stack=true -Dlog4j.file.prefix=deimos-esw-12240 -Dbind.address= -Djgroups.bind_addr= -classpath /home/smf/github/radargun/target/distribution/RadarGun-1.1.0-SNAPSHOT/lib/activation-1.1.jar:/home/smf/github/radargun/target/distribution/RadarGun-1.1.0-SNAPSHOT/lib/commons-beanutils-1.8.0.jar:/home/smf/github/radargun/target/distribution/RadarGun-1.1.0-SNAPSHOT/lib/commons-digester-2.0.jar:/home/smf/github/radargun/target/distribution/RadarGun-1.1.0-SNAPSHOT/lib/commons-logging-1.1.1.jar:/home/smf/github/radargun/target/distribution/RadarGun-1.1.0-SNAPSHOT/lib/commons-math-1.2.jar:/home/smf/github/radargun/target/distribution/RadarGun-1.1.0-SNAPSHOT/lib/jboss-transaction-api-1.0.1.GA.jar:/home/smf/github/radargun/target/distribution/RadarGun-1.1.0-SNAPSHOT/lib/jcommon-1.0.15.jar:/home/smf/github/radargun/target/distribution/RadarGun-1.1.0-SNAPSHOT/lib/jfreechart-1.0.12.jar:/home/smf/github/radargun/target/distribution/RadarGun-1.1.0-SNAPSHOT/lib/log4j-1.2.14.jar:/home/smf/github/radargun/target/distribution/RadarGun-1.1.0-SNAPSHOT/lib/mail-1.4.2.jar:/home/smf/github/radargun/target/distribution/RadarGun-1.1.0-SNAPSHOT/lib/radargun-framework-1.1.0-SNAPSHOT.jar:/home/smf/github/radargun/target/distribution/RadarGun-1.1.0-SNAPSHOT/conf org.radargun.Slave -master 127.0.0.1:2103
--------------------------------------------------------------------------------
PerNodeRollingFileAppender::Using file prefix:deimos-esw-12240
 INFO  [main] {org.radargun.Slave} Attempting to connect to master 127.0.0.1:2103
 INFO  [main] {org.radargun.Slave} Successfully established connection with master at: 127.0.0.1:2103
Loading JARS from /home/smf/github/radargun/target/distribution/RadarGun-1.1.0-SNAPSHOT/lib/radargun-framework-1.1.0-SNAPSHOT.jar
 INFO  [pool-1-thread-1] {org.radargun.config.AnnotatedHelper} Loading JARS from /home/smf/github/radargun/target/distribution/RadarGun-1.1.0-SNAPSHOT/lib/radargun-framework-1.1.0-SNAPSHOT.jar
 INFO  [pool-1-thread-1] {org.radargun.config.AnnotatedHelper} Loading JARS from /home/smf/github/radargun/target/distribution/RadarGun-1.1.0-SNAPSHOT/lib/radargun-framework-1.1.0-SNAPSHOT.jar
 INFO  [pool-1-thread-1] {org.radargun.Slave} Executing stage: DestroyWrapper {enforceMemoryThrashHold=true, exitBenchmarkOnSlaveFailure=false, heapDumpDir=null, memoryThreshold=95, runOnAllSlaves=true, slaves=null, useSmartClassLoading=true }
 INFO  [pool-1-thread-1] {org.radargun.stages.DestroyWrapperStage} Received destroy cache wrapper request from master...
 INFO  [pool-1-thread-1] {org.radargun.stages.DestroyWrapperStage} No cache wrapper deployed on this slave, nothing to do.
 INFO  [pool-1-thread-1] {org.radargun.stages.DestroyWrapperStage} Before executing clear, memory looks like this: Memory - free: 2,928,638 kb - max:4,906,688 kb- total:2,944,000 kb
[Full GC 15361K->3631K(2944000K), 0.0702680 secs]
 INFO  [pool-1-thread-1] {org.radargun.stages.DestroyWrapperStage} After executing cleanup, memory looks like this: Memory - free: 2,935,311 kb - max:4,906,688 kb- total:2,944,064 kb
 INFO  [pool-1-thread-1] {org.radargun.Slave} Finished stage: DestroyWrapper {enforceMemoryThrashHold=true, exitBenchmarkOnSlaveFailure=false, heapDumpDir=null, memoryThreshold=95, runOnAllSlaves=true, slaves=null, useSmartClassLoading=true }
 INFO  [main] {org.radargun.Slave} Ack successfully sent to the master
 INFO  [pool-1-thread-1] {org.radargun.Slave} Executing stage: StartCluster {config=mvcc/mvcc-repl-sync.xml, delayAfterFirstSlaveStarts=5.000 secs, delayBetweenStartingSlaves=0.500 secs, exitBenchmarkOnSlaveFailure=true, expectNumSlaves=null, mayFailOn=null, reachable=null, runOnAllSlaves=false, slaves=null, staggerSlaveStartup=true, useSmartClassLoading=true, validateCluster=true }
 INFO  [pool-1-thread-1] {org.radargun.stages.StartClusterStage}  Startup staggering, starting 12 slaves. This is the slave with index 11. Sleeping for 10500 millis.
 INFO  [pool-1-thread-1] {org.radargun.stages.StartClusterStage} Ack master's StartCluster stage. Local address is: /127.0.0.1. This slave's index is: 11
 INFO  [pool-1-thread-1] {org.radargun.utils.ClassLoadHelper} Creating newInstance org.radargun.cachewrappers.JBossCache3Wrapper with classloader java.net.URLClassLoader@3bbce0d6
 INFO  [pool-1-thread-1] {org.radargun.cachewrappers.JBossCache3Wrapper} Creating cache with the following configuration: mvcc/mvcc-repl-sync.xml
 WARN  [pool-1-thread-1] {org.jboss.cache.transaction.GenericTransactionManagerLookup} Falling back to JBoss Cache's internal DummyTransactionManager
 WARN  [pool-1-thread-1] {org.jgroups.protocols.pbcast.STREAMING_STATE_TRANSFER} use_reading_thread has been deprecated and its value will be ignored

---------------------------------------------------------
GMS: address is 127.0.0.1:47147 (cluster=JBossCache-Cluster)
---------------------------------------------------------
 INFO  [pool-1-thread-1] {org.radargun.cachewrappers.JBossCache3Wrapper} Running cache with following config: org.jboss.cache.config.Configuration@77602bc0
 INFO  [pool-1-thread-1] {org.radargun.cachewrappers.JBossCache3Wrapper} Running following JBossCacheVersion: 3.2.1.GA
 INFO  [pool-1-thread-1] {org.radargun.cachewrappers.JBossCache3Wrapper} Running following JBossCacheCodeName: Malagueta
 INFO  [pool-1-thread-1] {org.radargun.cachewrappers.JBossCache3Wrapper} JGroups version: 2.6.13.GA
 INFO  [pool-1-thread-1] {org.radargun.stages.helpers.StartHelper} Number of members is the one expected: 12
 INFO  [pool-1-thread-1] {org.radargun.stages.StartClusterStage} Successfully started cache wrapper on slave 11: org.radargun.cachewrappers.JBossCache3Wrapper@1388c59d
 INFO  [pool-1-thread-1] {org.radargun.Slave} Finished stage: StartCluster {config=mvcc/mvcc-repl-sync.xml, delayAfterFirstSlaveStarts=5.000 secs, delayBetweenStartingSlaves=0.500 secs, exitBenchmarkOnSlaveFailure=true, expectNumSlaves=null, mayFailOn=null, reachable=null, runOnAllSlaves=false, slaves=null, staggerSlaveStartup=true, useSmartClassLoading=true, validateCluster=true }
 INFO  [main] {org.radargun.Slave} Ack successfully sent to the master
 INFO  [pool-1-thread-1] {org.radargun.Slave} Executing stage: ClusterValidation {exitBenchmarkOnSlaveFailure=false, partialReplication=false, replicationTimeSleep=2000, replicationTryCount=60, runOnAllSlaves=false, slaves=null, useSmartClassLoading=true }
 INFO  [pool-1-thread-1] {org.radargun.stages.ClusterValidationStage} Number of caches that replicated here is 11
 INFO  [pool-1-thread-1] {org.radargun.stages.ClusterValidationStage} Replication test successfully passed. partialReplication? false, replicationCount = 11
 INFO  [pool-1-thread-1] {org.radargun.stages.ClusterValidationStage} Confirm phase successful.
 INFO  [pool-1-thread-1] {org.radargun.Slave} Finished stage: ClusterValidation {exitBenchmarkOnSlaveFailure=false, partialReplication=false, replicationTimeSleep=2000, replicationTryCount=60, runOnAllSlaves=false, slaves=[ 0, 1, 2, 3, 4, 5, 6, 7, 8, 9, 10, 11 ], useSmartClassLoading=true }
 INFO  [main] {org.radargun.Slave} Ack successfully sent to the master
 INFO  [pool-1-thread-1] {org.radargun.Slave} Executing stage: StressTestWarmup {bulkSize=1, cacheSpecificKeyGenerator=false, commitTransactions=true, duration=1 mins 0 secs, entrySize=1000, exitBenchmarkOnSlaveFailure=false, fixedKeys=true, generateHistogramRange=false, keyGeneratorClass=org.radargun.stressors.StringKeyGenerator, keyGeneratorParam=null, loadAllKeys=false, numEntries=100, numOfThreads=4, numRequests=10000, numThreads=4, numberOfAttributes=100, numberOfRequests=10000, opsCountStatusLog=100000, poolKeys=true, preferAsyncOperations=false, removePercentage=0, replaceInvalidPercentage=40, runOnAllSlaves=false, sharedKeys=false, sizeOfAnAttribute=1000, slaves=null, transactionSize=50, useAtomics=false, useHistogramStatistics=false, useSimpleStatistics=true, useSmartClassLoading=true, useTransactions=null, writePercentage=20, writeTxPercentage=20 }
 INFO  [pool-1-thread-1] {org.radargun.stages.StressTestWarmupStage} Starting StressTestWarmupStage: StressTestWarmup {bulkSize=1, cacheSpecificKeyGenerator=false, commitTransactions=true, duration=1 mins 0 secs, entrySize=1000, exitBenchmarkOnSlaveFailure=false, fixedKeys=true, generateHistogramRange=false, keyGeneratorClass=org.radargun.stressors.StringKeyGenerator, keyGeneratorParam=null, loadAllKeys=false, numEntries=100, numOfThreads=4, numRequests=10000, numThreads=4, numberOfAttributes=100, numberOfRequests=10000, opsCountStatusLog=100000, poolKeys=true, preferAsyncOperations=false, removePercentage=0, replaceInvalidPercentage=40, runOnAllSlaves=false, sharedKeys=false, sizeOfAnAttribute=1000, slaves=null, transactionSize=50, useAtomics=false, useHistogramStatistics=false, useSimpleStatistics=true, useSmartClassLoading=true, useTransactions=null, writePercentage=20, writeTxPercentage=20 }
 INFO  [pool-1-thread-1] {org.radargun.stressors.StressTestStressor} Using key generator org.radargun.stressors.StringKeyGenerator, param null
 INFO  [pool-1-thread-1] {org.radargun.stressors.StressTestStressor} Executing: StressTestStressor{opsCountStatusLog=100000, numRequests=10000, numEntries=100, entrySize=1000, writePercentage=20, numThreads=4, cacheWrapper=org.radargun.cachewrappers.JBossCache3Wrapper@1388c59d, nodeIndex=11, useTransactions=true, transactionSize=50, commitTransactions=true, durationMillis=60000}
 INFO  [pool-1-thread-1] {org.radargun.stressors.StressTestStressor} Cache wrapper info is: Num direct children: 12
[GC 259695K->12719K(2944064K), 0.0474120 secs]
 INFO  [pool-1-thread-1] {org.radargun.stressors.StressTestStressor} Started 4 stressor threads.
 INFO  [Stressor-3] {org.radargun.stressors.StressTestStressor} Number of ops executed so far: 1. Elapsed time: 0.009 secs. Remaining: 59.991 secs. Total: 1 mins 0 secs
[GC 268783K->14208K(2944064K), 0.0356350 secs]
[GC 270272K->15247K(2944064K), 0.0311230 secs]
[GC 271311K->18982K(2944064K), 0.0313950 secs]
[GC 275046K->14604K(2944064K), 0.0274380 secs]
[GC 270668K->17642K(2944064K), 0.0370610 secs]
[GC 273706K->18552K(2944064K), 0.0330880 secs]
[GC 274616K->18352K(2944064K), 0.0281930 secs]
[GC 274416K->19777K(2944064K), 0.0284820 secs]
[GC 275841K->21571K(2944064K), 0.0340350 secs]
 INFO  [Stressor-2] {org.radargun.stressors.StressTestStressor} Number of ops executed so far: 220181. Elapsed time: 20.009 secs. Remaining: 39.991 secs. Total: 1 mins 0 secs
[GC 277635K->22278K(2944064K), 0.0306850 secs]
[GC 278342K->16073K(2944064K), 0.0335910 secs]
[GC 272137K->18251K(2944064K), 0.0264510 secs]
[GC 274315K->16819K(2944064K), 0.0321870 secs]
[GC 272883K->16761K(2944064K), 0.0304690 secs]
[GC 272825K->19739K(2944064K), 0.0455480 secs]
[GC 275803K->14754K(2944064K), 0.0253250 secs]
[GC 270818K->15163K(2944064K), 0.0262450 secs]
 INFO  [Stressor-3] {org.radargun.stressors.StressTestStressor} Number of ops executed so far: 261850. Elapsed time: 40.552 secs. Remaining: 19.448 secs. Total: 1 mins 0 secs
[GC 271227K->17130K(2944064K), 0.0268440 secs]
[GC 273194K->18182K(2944064K), 0.0280390 secs]
[GC 274246K->17222K(2944064K), 0.0261730 secs]
[GC 273286K->20722K(2944064K), 0.0351140 secs]
[GC 276786K->19397K(2944064K), 0.0324890 secs]
[GC 275461K->19972K(2944064K), 0.0309440 secs]
[GC 276036K->19213K(2944064K), 0.0269320 secs]
[GC 275277K->18666K(2944064K), 0.0278500 secs]
 INFO  [pool-1-thread-1] {org.radargun.stressors.StressTestStressor} Finished generating report. Test duration is: 1 mins 3 secs
 INFO  [pool-1-thread-1] {org.radargun.stages.StressTestWarmupStage} The warmup took: 63 seconds.
 INFO  [pool-1-thread-1] {org.radargun.Slave} Finished stage: StressTestWarmup {bulkSize=1, cacheSpecificKeyGenerator=false, commitTransactions=true, duration=1 mins 0 secs, entrySize=1000, exitBenchmarkOnSlaveFailure=false, fixedKeys=true, generateHistogramRange=false, keyGeneratorClass=org.radargun.stressors.StringKeyGenerator, keyGeneratorParam=null, loadAllKeys=false, numEntries=100, numOfThreads=4, numRequests=10000, numThreads=4, numberOfAttributes=100, numberOfRequests=10000, opsCountStatusLog=100000, poolKeys=true, preferAsyncOperations=false, removePercentage=0, replaceInvalidPercentage=40, runOnAllSlaves=false, sharedKeys=false, sizeOfAnAttribute=1000, slaves=null, transactionSize=50, useAtomics=false, useHistogramStatistics=false, useSimpleStatistics=true, useSmartClassLoading=true, useTransactions=null, writePercentage=20, writeTxPercentage=20 }
 INFO  [main] {org.radargun.Slave} Ack successfully sent to the master
 INFO  [pool-1-thread-1] {org.radargun.Slave} Executing stage: ClearClusterStage {ClearCluster {exitBenchmarkOnSlaveFailure=false, runOnAllSlaves=false, slaves=[ 0 ], useSmartClassLoading=true }
 INFO  [pool-1-thread-1] {org.radargun.stages.ClearClusterStage} Before executing clear, memory looks like this: Memory - free: 2,671,838 kb - max:4,906,688 kb- total:2,944,064 kb
[Full GC 272225K->9823K(2944064K), 0.2375420 secs]
 INFO  [pool-1-thread-1] {org.radargun.stages.ClearClusterStage} After executing cleanup, memory looks like this: Memory - free: 2,932,579 kb - max:4,906,688 kb- total:2,944,320 kb
 INFO  [pool-1-thread-1] {org.radargun.Slave} Finished stage: ClearClusterStage {ClearCluster {exitBenchmarkOnSlaveFailure=false, runOnAllSlaves=false, slaves=[ 0 ], useSmartClassLoading=true }
 INFO  [main] {org.radargun.Slave} Ack successfully sent to the master
 INFO  [pool-1-thread-1] {org.radargun.Slave} Executing stage: StressTest {bulkSize=1, cacheSpecificKeyGenerator=false, commitTransactions=true, duration=1 mins 0 secs, entrySize=1000, exitBenchmarkOnSlaveFailure=false, fixedKeys=true, generateHistogramRange=false, keyGeneratorClass=org.radargun.stressors.StringKeyGenerator, keyGeneratorParam=null, loadAllKeys=false, numEntries=10000, numOfThreads=4, numRequests=10000000, numThreads=4, numberOfAttributes=10000, numberOfRequests=10000000, opsCountStatusLog=500000, poolKeys=true, preferAsyncOperations=false, removePercentage=0, replaceInvalidPercentage=40, runOnAllSlaves=false, sharedKeys=false, sizeOfAnAttribute=1000, slaves=null, transactionSize=10000, useAtomics=false, useHistogramStatistics=false, useSimpleStatistics=true, useSmartClassLoading=true, useTransactions=true, writePercentage=10, writeTxPercentage=5 }
 INFO  [pool-1-thread-1] {org.radargun.stages.StressTestStage} Starting StressTestStage: StressTest {bulkSize=1, cacheSpecificKeyGenerator=false, commitTransactions=true, duration=1 mins 0 secs, entrySize=1000, exitBenchmarkOnSlaveFailure=false, fixedKeys=true, generateHistogramRange=false, keyGeneratorClass=org.radargun.stressors.StringKeyGenerator, keyGeneratorParam=null, loadAllKeys=false, numEntries=10000, numOfThreads=4, numRequests=10000000, numThreads=4, numberOfAttributes=10000, numberOfRequests=10000000, opsCountStatusLog=500000, poolKeys=true, preferAsyncOperations=false, removePercentage=0, replaceInvalidPercentage=40, runOnAllSlaves=false, sharedKeys=false, sizeOfAnAttribute=1000, slaves=null, transactionSize=10000, useAtomics=false, useHistogramStatistics=false, useSimpleStatistics=true, useSmartClassLoading=true, useTransactions=true, writePercentage=10, writeTxPercentage=5 }
 INFO  [pool-1-thread-1] {org.radargun.stressors.StressTestStressor} Using key generator org.radargun.stressors.StringKeyGenerator, param null
 INFO  [pool-1-thread-1] {org.radargun.stressors.StressTestStressor} Executing: StressTestStressor{opsCountStatusLog=500000, numRequests=10000000, numEntries=10000, entrySize=1000, writePercentage=10, numThreads=4, cacheWrapper=org.radargun.cachewrappers.JBossCache3Wrapper@1388c59d, nodeIndex=11, useTransactions=true, transactionSize=10000, commitTransactions=true, durationMillis=60000}
 INFO  [pool-1-thread-1] {org.radargun.stressors.StressTestStressor} Cache wrapper info is: Num direct children: 60
[GC 266079K->26103K(2944320K), 0.0265070 secs]
[GC 282359K->37158K(2944320K), 0.0287530 secs]
[GC 293414K->51920K(2944320K), 0.0352920 secs]
[GC 308176K->65552K(2944320K), 0.0370070 secs]
[GC 321808K->73704K(2944320K), 0.0353320 secs]
[GC 329960K->88311K(2944320K), 0.0394090 secs]
[GC 344567K->89623K(2944320K), 0.0400500 secs]
[GC 345879K->113434K(2944320K), 0.0676390 secs]
[GC 369690K->143760K(2944320K), 0.0478830 secs]
[GC 400016K->112387K(2944320K), 0.0507120 secs]
[GC 368643K->129106K(2944320K), 0.0550430 secs]
[GC 385362K->132404K(2944320K), 0.0508260 secs]
[GC 388660K->132112K(2944320K), 0.0553770 secs]
[GC 388353K->157501K(2944320K), 0.0594710 secs]
[GC 413757K->147671K(2944320K), 0.0481340 secs]
[GC 403927K->177848K(2944320K), 0.0632870 secs]
[GC 434104K->177124K(2944320K), 0.0502750 secs]
[GC 433380K->184569K(2944320K), 0.0637200 secs]
[GC 440825K->190518K(2944320K), 0.0593080 secs]
[GC 446774K->195988K(2944320K), 0.0505290 secs]
[GC 452244K->183876K(2944320K), 0.0477090 secs]
[GC 440132K->213666K(2944320K), 0.0495570 secs]
[GC 469922K->208976K(2944320K), 0.0559050 secs]
[GC 465232K->215090K(2944320K), 0.0466170 secs]
[GC 471346K->219152K(2944320K), 0.0511710 secs]
[GC 475408K->232666K(2944320K), 0.0412900 secs]
[GC 488922K->228533K(2944320K), 0.0428370 secs]
[GC 484789K->233845K(2944320K), 0.0452330 secs]
[GC 490101K->254547K(2944320K), 0.0443690 secs]
[GC 510803K->230268K(2944320K), 0.0406690 secs]
[GC 486524K->238202K(2944320K), 0.0505280 secs]
[GC 494458K->249357K(2944320K), 0.0478010 secs]
[GC 505613K->255014K(2944320K), 0.0518610 secs]
[GC 511270K->260186K(2944320K), 0.0497540 secs]
[GC 516442K->264950K(2944320K), 0.0533580 secs]
[GC 521206K->269677K(2944320K), 0.0487500 secs]
[GC 525933K->274700K(2944320K), 0.0475890 secs]
[GC 530956K->263412K(2944320K), 0.0450410 secs]
[GC 519668K->284599K(2944320K), 0.0473510 secs]
[GC 540855K->289230K(2944320K), 0.0458940 secs]
[GC 545486K->277969K(2944320K), 0.0448300 secs]
[GC 534225K->299231K(2944320K), 0.0418070 secs]
[GC 555487K->287710K(2944320K), 0.0453670 secs]
[GC 543966K->324904K(2944320K), 0.0452310 secs]
[GC 581154K->297317K(2944320K), 0.0454920 secs]
[GC 553573K->323735K(2944320K), 0.0473490 secs]
[GC 579991K->320740K(2944320K), 0.0417240 secs]
[GC 576996K->327265K(2944320K), 0.0430330 secs]
[GC 583458K->332723K(2944320K), 0.0481210 secs]
[GC 588956K->337326K(2944320K), 0.0479850 secs]
[GC 593581K->351505K(2944320K), 0.0434520 secs]
[GC 607720K->326602K(2944320K), 0.0457860 secs]
[GC 582858K->352350K(2944320K), 0.0486800 secs]
[GC 608606K->358082K(2944320K), 0.0484450 secs]
[GC 614338K->336252K(2944320K), 0.0480040 secs]
[GC 592508K->372415K(2944320K), 0.0490320 secs]
[GC 628671K->343791K(2944320K), 0.0441380 secs]
[GC 600047K->338736K(2944320K), 0.0446310 secs]
[GC 594992K->361471K(2944320K), 0.0444860 secs]
[GC 617667K->365488K(2944320K), 0.0434270 secs]
[GC 621691K->354026K(2944320K), 0.0473680 secs]
[GC 610259K->370277K(2944320K), 0.0450570 secs]
[GC 626525K->372360K(2944320K), 0.0493290 secs]
[GC 628545K->373836K(2944320K), 0.0406600 secs]
[GC 630092K->388740K(2944320K), 0.0441190 secs]
[GC 644996K->366269K(2944320K), 0.0392860 secs]
[GC 622463K->386006K(2944320K), 0.0399640 secs]
[GC 642262K->370678K(2944320K), 0.0406190 secs]
[GC 626911K->387436K(2944320K), 0.0436090 secs]
[GC 643678K->390849K(2944320K), 0.0420270 secs]
[GC 647105K->406644K(2944320K), 0.0411560 secs]
[GC 662887K->392585K(2944320K), 0.0400720 secs]
[GC 648841K->404775K(2944320K), 0.0422070 secs]
[GC 661017K->401707K(2944320K), 0.0394510 secs]
[GC 657963K->406103K(2944320K), 0.0397950 secs]
[GC 662357K->409753K(2944320K), 0.0410680 secs]
[GC 665969K->425466K(2944320K), 0.0395940 secs]
[GC 681678K->403404K(2944320K), 0.0462830 secs]
[GC 659660K->423426K(2944320K), 0.0407140 secs]
[GC 679682K->432827K(2944320K), 0.0406420 secs]
[GC 689083K->412238K(2944320K), 0.0383160 secs]
[GC 668494K->432602K(2944320K), 0.0400240 secs]
[GC 688858K->442031K(2944320K), 0.0374640 secs]
[GC 698280K->429261K(2944320K), 0.0395920 secs]
[GC 685486K->430619K(2944320K), 0.0426020 secs]
[GC 686860K->451600K(2944320K), 0.0420230 secs]
[GC 707853K->431011K(2944320K), 0.0391810 secs]
[GC 687267K->440046K(2944320K), 0.0403870 secs]
[GC 696302K->460903K(2944320K), 0.0420520 secs]
[GC 717159K->440379K(2944320K), 0.0376970 secs]
[GC 696635K->449421K(2944320K), 0.0430680 secs]
[GC 705677K->470654K(2944320K), 0.0398680 secs]
[GC 726854K->449802K(2944320K), 0.0407180 secs]
[GC 706058K->458876K(2944320K), 0.0460620 secs]
[GC 715132K->479704K(2944320K), 0.0436510 secs]
[GC 735901K->466942K(2944320K), 0.0482520 secs]
[GC 723198K->468225K(2944320K), 0.0403620 secs]
[GC 724474K->489064K(2944320K), 0.0412570 secs]
[GC 745320K->468515K(2944320K), 0.0443310 secs]
[GC 724750K->477641K(2944320K), 0.0449480 secs]
[GC 733856K->498380K(2944320K), 0.0454980 secs]
[GC 754636K->477854K(2944320K), 0.0503470 secs]
[GC 734110K->498362K(2944320K), 0.0498640 secs]
[GC 754618K->495469K(2944320K), 0.0431450 secs]
[GC 751725K->500052K(2944320K), 0.0396640 secs]
[GC 756294K->516059K(2944320K), 0.0463580 secs]
[GC 772263K->494017K(2944320K), 0.0418780 secs]
[GC 750269K->502650K(2944320K), 0.0386500 secs]
[GC 758864K->511144K(2944320K), 0.0371260 secs]
[GC 767351K->528168K(2944320K), 0.0497380 secs]
[GC 784424K->514244K(2944320K), 0.0487120 secs]
[GC 770442K->526446K(2944320K), 0.0400660 secs]
[GC 782663K->523812K(2944320K), 0.0386690 secs]
[GC 780068K->528102K(2944320K), 0.0347840 secs]
[GC 784358K->531548K(2944320K), 0.0346180 secs]
[GC 787764K->547357K(2944320K), 0.0377310 secs]
[GC 803612K->525374K(2944320K), 0.0404000 secs]
[GC 781630K->545300K(2944320K), 0.0384270 secs]
[GC 801535K->542365K(2944320K), 0.0407620 secs]
[GC 798621K->546986K(2944320K), 0.0417420 secs]
[GC 803242K->550456K(2944320K), 0.0388790 secs]
[GC 806711K->553581K(2944320K), 0.0399630 secs]
[GC 809837K->569248K(2944320K), 0.0457830 secs]
[GC 825493K->547142K(2944320K), 0.0475570 secs]
 INFO  [pool-1-thread-1] {org.radargun.stressors.StressTestStressor} Started 4 stressor threads.
 INFO  [Stressor-1] {org.radargun.stressors.StressTestStressor} Number of ops executed so far: 1. Elapsed time: 0.001 secs. Remaining: 59.999 secs. Total: 1 mins 0 secs
[GC 803398K->567195K(2944320K), 0.0462060 secs]
[GC 823451K->599966K(2944320K), 0.0605210 secs]
[GC 856185K->630726K(2944320K), 0.0723750 secs]
[GC 886982K->623171K(2944320K), 0.0680710 secs]
[GC 879427K->648704K(2944320K), 0.0691670 secs]
[GC 904960K->659166K(2944320K), 0.0733760 secs]
[GC 915399K->694678K(2944320K), 0.0813880 secs]
[GC 950898K->728184K(2944320K), 0.1020910 secs]
[GC 984440K->763047K(2944320K), 0.0876760 secs]
[GC 1019303K->786323K(2944320K), 0.0734450 secs]
[GC 1042579K->793004K(2944320K), 0.0787320 secs]
[GC 1048659K->809433K(2944320K), 0.0638560 secs]
[GC 1065654K->838543K(2944320K), 0.0868750 secs]
 INFO  [Stressor-1] {org.radargun.stressors.StressTestStressor} Number of ops executed so far: 1170000. Elapsed time: 21.512 secs. Remaining: 38.488 secs. Total: 1 mins 0 secs
[GC 1094799K->840821K(2944320K), 0.0866580 secs]
[GC 1097077K->903972K(2944320K), 0.0852060 secs]
[GC 1160228K->898607K(2944320K), 0.0765860 secs]
[GC 1154863K->953875K(2944320K), 0.0708020 secs]
[GC 1210131K->953551K(2944320K), 0.0816140 secs]
[GC 1209772K->989764K(2944320K), 0.0736390 secs]
[GC 1246020K->1031186K(2944320K), 0.1005080 secs]
[GC 1287438K->1068079K(2944320K), 0.1057790 secs]
 INFO  [Stressor-1] {org.radargun.stressors.StressTestStressor} Number of ops executed so far: 1730000. Elapsed time: 42.508 secs. Remaining: 17.492 secs. Total: 1 mins 0 secs
[GC 1324335K->1108976K(2944320K), 0.1020960 secs]
[GC 1364494K->1143632K(2944320K), 0.0921990 secs]
[GC 1399888K->1207650K(2944320K), 0.1234600 secs]
[GC 1463702K->1189937K(2944320K), 0.0586480 secs]
[GC 1446193K->1255596K(2944320K), 0.0846550 secs]
[GC 1511852K->1278940K(2944320K), 0.0805230 secs]
[GC 1535172K->1302091K(2944320K), 0.0888600 secs]
[GC 1558347K->1330060K(2944320K), 0.0787130 secs]
[GC 1586316K->1364641K(2944320K), 0.0666760 secs]
[GC 1620880K->1361735K(2944320K), 0.0809440 secs]
 INFO  [Stressor-3] {org.radargun.stressors.StressTestStressor} Number of ops executed so far: 2940000. Elapsed time: 1 mins 4 secs. Remaining: 0.000 secs. Total: 1 mins 0 secs
 INFO  [pool-1-thread-1] {org.radargun.stressors.StressTestStressor} Finished generating report. Test duration is: 2 mins 49 secs
 INFO  [pool-1-thread-1] {org.radargun.stages.StressTestStage} size info: Num direct children: 60, clusterSize:12, nodeIndex:11, cacheSize: -1
 INFO  [pool-1-thread-1] {org.radargun.Slave} Finished stage: StressTest {bulkSize=1, cacheSpecificKeyGenerator=false, commitTransactions=true, duration=1 mins 0 secs, entrySize=1000, exitBenchmarkOnSlaveFailure=false, fixedKeys=true, generateHistogramRange=false, keyGeneratorClass=org.radargun.stressors.StringKeyGenerator, keyGeneratorParam=null, loadAllKeys=false, numEntries=10000, numOfThreads=4, numRequests=10000000, numThreads=4, numberOfAttributes=10000, numberOfRequests=10000000, opsCountStatusLog=500000, poolKeys=true, preferAsyncOperations=false, removePercentage=0, replaceInvalidPercentage=40, runOnAllSlaves=false, sharedKeys=false, sizeOfAnAttribute=1000, slaves=null, transactionSize=10000, useAtomics=false, useHistogramStatistics=false, useSimpleStatistics=true, useSmartClassLoading=true, useTransactions=true, writePercentage=10, writeTxPercentage=5 }
 INFO  [main] {org.radargun.Slave} Ack successfully sent to the master
[GC 1617991K->1412429K(2944320K), 0.0648370 secs]
[GC 1412600K(2944320K), 0.0453800 secs]
[GC 1453231K(2944320K), 0.0243700 secs]
[GC 853932K->603948K(2944320K), 0.0610030 secs]
 INFO  [main] {org.radargun.Slave} Master shutdown!
 INFO  [Thread-0] {org.radargun.ShutDownHook} Slave process is being shutdown
