/usr/java/jdk1.7.0_21/bin/java -server -Xmx1024M -Xms1024M -Dresolve.dns=false -Djgroups.timer.num_threads=4 -verbose:gc -Xmx5000M -Xms3000M -server -XX:+UseConcMarkSweepGC -XX:+AggressiveOpts -verbose:gc -XX:ParallelGCThreads=4 -XX:NewRatio=5 -XX:SurvivorRatio=2 -Dhazelcast.operation.thread.count=4 -Djava.net.preferIPv4Stack=true -Dlog4j.file.prefix=deimos-esw-25379 -Dbind.address= -Djgroups.bind_addr= -classpath /home/smf/github/radargun/target/distribution/RadarGun-1.1.0-SNAPSHOT/lib/activation-1.1.jar:/home/smf/github/radargun/target/distribution/RadarGun-1.1.0-SNAPSHOT/lib/commons-beanutils-1.8.0.jar:/home/smf/github/radargun/target/distribution/RadarGun-1.1.0-SNAPSHOT/lib/commons-digester-2.0.jar:/home/smf/github/radargun/target/distribution/RadarGun-1.1.0-SNAPSHOT/lib/commons-logging-1.1.1.jar:/home/smf/github/radargun/target/distribution/RadarGun-1.1.0-SNAPSHOT/lib/commons-math-1.2.jar:/home/smf/github/radargun/target/distribution/RadarGun-1.1.0-SNAPSHOT/lib/jboss-transaction-api-1.0.1.GA.jar:/home/smf/github/radargun/target/distribution/RadarGun-1.1.0-SNAPSHOT/lib/jcommon-1.0.15.jar:/home/smf/github/radargun/target/distribution/RadarGun-1.1.0-SNAPSHOT/lib/jfreechart-1.0.12.jar:/home/smf/github/radargun/target/distribution/RadarGun-1.1.0-SNAPSHOT/lib/log4j-1.2.14.jar:/home/smf/github/radargun/target/distribution/RadarGun-1.1.0-SNAPSHOT/lib/mail-1.4.2.jar:/home/smf/github/radargun/target/distribution/RadarGun-1.1.0-SNAPSHOT/lib/radargun-framework-1.1.0-SNAPSHOT.jar:/home/smf/github/radargun/target/distribution/RadarGun-1.1.0-SNAPSHOT/conf org.radargun.Slave -master 127.0.0.1:2103
--------------------------------------------------------------------------------
PerNodeRollingFileAppender::Using file prefix:deimos-esw-25379
 INFO  [main] {org.radargun.Slave} Attempting to connect to master 127.0.0.1:2103
 INFO  [main] {org.radargun.Slave} Successfully established connection with master at: 127.0.0.1:2103
Loading JARS from /home/smf/github/radargun/target/distribution/RadarGun-1.1.0-SNAPSHOT/lib/radargun-framework-1.1.0-SNAPSHOT.jar
 INFO  [pool-1-thread-1] {org.radargun.config.AnnotatedHelper} Loading JARS from /home/smf/github/radargun/target/distribution/RadarGun-1.1.0-SNAPSHOT/lib/radargun-framework-1.1.0-SNAPSHOT.jar
 INFO  [pool-1-thread-1] {org.radargun.config.AnnotatedHelper} Loading JARS from /home/smf/github/radargun/target/distribution/RadarGun-1.1.0-SNAPSHOT/lib/radargun-framework-1.1.0-SNAPSHOT.jar
 INFO  [pool-1-thread-1] {org.radargun.Slave} Executing stage: DestroyWrapper {enforceMemoryThrashHold=true, exitBenchmarkOnSlaveFailure=false, heapDumpDir=null, memoryThreshold=95, runOnAllSlaves=true, slaves=null, useSmartClassLoading=true }
 INFO  [pool-1-thread-1] {org.radargun.stages.DestroyWrapperStage} Received destroy cache wrapper request from master...
 INFO  [pool-1-thread-1] {org.radargun.stages.DestroyWrapperStage} No cache wrapper deployed on this slave, nothing to do.
 INFO  [pool-1-thread-1] {org.radargun.stages.DestroyWrapperStage} Before executing clear, memory looks like this: Memory - free: 2,928,638 kb - max:4,906,688 kb- total:2,944,000 kb
[Full GC 15361K->3631K(2944000K), 0.0852270 secs]
 INFO  [pool-1-thread-1] {org.radargun.stages.DestroyWrapperStage} After executing cleanup, memory looks like this: Memory - free: 2,935,311 kb - max:4,906,688 kb- total:2,944,064 kb
 INFO  [pool-1-thread-1] {org.radargun.Slave} Finished stage: DestroyWrapper {enforceMemoryThrashHold=true, exitBenchmarkOnSlaveFailure=false, heapDumpDir=null, memoryThreshold=95, runOnAllSlaves=true, slaves=null, useSmartClassLoading=true }
 INFO  [main] {org.radargun.Slave} Ack successfully sent to the master
 INFO  [pool-1-thread-1] {org.radargun.Slave} Executing stage: StartCluster {config=mvcc/mvcc-repl-sync.xml, delayAfterFirstSlaveStarts=5.000 secs, delayBetweenStartingSlaves=0.500 secs, exitBenchmarkOnSlaveFailure=true, expectNumSlaves=null, mayFailOn=null, reachable=null, runOnAllSlaves=false, slaves=null, staggerSlaveStartup=true, useSmartClassLoading=true, validateCluster=true }
 INFO  [pool-1-thread-1] {org.radargun.stages.StartClusterStage}  Startup staggering, starting 8 slaves. This is the slave with index 3. Sleeping for 6500 millis.
 INFO  [pool-1-thread-1] {org.radargun.stages.StartClusterStage} Ack master's StartCluster stage. Local address is: /127.0.0.1. This slave's index is: 3
 INFO  [pool-1-thread-1] {org.radargun.utils.ClassLoadHelper} Creating newInstance org.radargun.cachewrappers.JBossCache3Wrapper with classloader java.net.URLClassLoader@5381062e
 INFO  [pool-1-thread-1] {org.radargun.cachewrappers.JBossCache3Wrapper} Creating cache with the following configuration: mvcc/mvcc-repl-sync.xml
 WARN  [pool-1-thread-1] {org.jboss.cache.transaction.GenericTransactionManagerLookup} Falling back to JBoss Cache's internal DummyTransactionManager
 WARN  [pool-1-thread-1] {org.jgroups.protocols.pbcast.STREAMING_STATE_TRANSFER} use_reading_thread has been deprecated and its value will be ignored

---------------------------------------------------------
GMS: address is 127.0.0.1:53187 (cluster=JBossCache-Cluster)
---------------------------------------------------------
 INFO  [pool-1-thread-1] {org.radargun.cachewrappers.JBossCache3Wrapper} Running cache with following config: org.jboss.cache.config.Configuration@ecf16e66
 INFO  [pool-1-thread-1] {org.radargun.cachewrappers.JBossCache3Wrapper} Running following JBossCacheVersion: 3.2.1.GA
 INFO  [pool-1-thread-1] {org.radargun.cachewrappers.JBossCache3Wrapper} Running following JBossCacheCodeName: Malagueta
 INFO  [pool-1-thread-1] {org.radargun.cachewrappers.JBossCache3Wrapper} JGroups version: 2.6.13.GA
 INFO  [pool-1-thread-1] {org.radargun.stages.helpers.StartHelper} Number of members=4 is not the one expected: 8
 INFO  [pool-1-thread-1] {org.radargun.stages.helpers.StartHelper} Number of members=5 is not the one expected: 8
 INFO  [pool-1-thread-1] {org.radargun.stages.helpers.StartHelper} Number of members=7 is not the one expected: 8
 INFO  [pool-1-thread-1] {org.radargun.stages.helpers.StartHelper} Number of members is the one expected: 8
 INFO  [pool-1-thread-1] {org.radargun.stages.StartClusterStage} Successfully started cache wrapper on slave 3: org.radargun.cachewrappers.JBossCache3Wrapper@71a52b88
 INFO  [pool-1-thread-1] {org.radargun.Slave} Finished stage: StartCluster {config=mvcc/mvcc-repl-sync.xml, delayAfterFirstSlaveStarts=5.000 secs, delayBetweenStartingSlaves=0.500 secs, exitBenchmarkOnSlaveFailure=true, expectNumSlaves=null, mayFailOn=null, reachable=null, runOnAllSlaves=false, slaves=null, staggerSlaveStartup=true, useSmartClassLoading=true, validateCluster=true }
 INFO  [main] {org.radargun.Slave} Ack successfully sent to the master
 INFO  [pool-1-thread-1] {org.radargun.Slave} Executing stage: ClusterValidation {exitBenchmarkOnSlaveFailure=false, partialReplication=false, replicationTimeSleep=2000, replicationTryCount=60, runOnAllSlaves=false, slaves=null, useSmartClassLoading=true }
 INFO  [pool-1-thread-1] {org.radargun.stages.ClusterValidationStage} Number of caches that replicated here is 7
 INFO  [pool-1-thread-1] {org.radargun.stages.ClusterValidationStage} Replication test successfully passed. partialReplication? false, replicationCount = 7
 INFO  [pool-1-thread-1] {org.radargun.stages.ClusterValidationStage} Confirm phase successful.
 INFO  [pool-1-thread-1] {org.radargun.Slave} Finished stage: ClusterValidation {exitBenchmarkOnSlaveFailure=false, partialReplication=false, replicationTimeSleep=2000, replicationTryCount=60, runOnAllSlaves=false, slaves=[ 0, 1, 2, 3, 4, 5, 6, 7 ], useSmartClassLoading=true }
 INFO  [main] {org.radargun.Slave} Ack successfully sent to the master
 INFO  [pool-1-thread-1] {org.radargun.Slave} Executing stage: StressTestWarmup {bulkSize=1, cacheSpecificKeyGenerator=false, commitTransactions=true, duration=1 mins 0 secs, entrySize=1000, exitBenchmarkOnSlaveFailure=false, fixedKeys=true, generateHistogramRange=false, keyGeneratorClass=org.radargun.stressors.StringKeyGenerator, keyGeneratorParam=null, loadAllKeys=false, numEntries=100, numOfThreads=4, numRequests=10000, numThreads=4, numberOfAttributes=100, numberOfRequests=10000, opsCountStatusLog=100000, poolKeys=true, preferAsyncOperations=false, removePercentage=0, replaceInvalidPercentage=40, runOnAllSlaves=false, sharedKeys=false, sizeOfAnAttribute=1000, slaves=null, transactionSize=50, useAtomics=false, useHistogramStatistics=false, useSimpleStatistics=true, useSmartClassLoading=true, useTransactions=null, writePercentage=20, writeTxPercentage=20 }
 INFO  [pool-1-thread-1] {org.radargun.stages.StressTestWarmupStage} Starting StressTestWarmupStage: StressTestWarmup {bulkSize=1, cacheSpecificKeyGenerator=false, commitTransactions=true, duration=1 mins 0 secs, entrySize=1000, exitBenchmarkOnSlaveFailure=false, fixedKeys=true, generateHistogramRange=false, keyGeneratorClass=org.radargun.stressors.StringKeyGenerator, keyGeneratorParam=null, loadAllKeys=false, numEntries=100, numOfThreads=4, numRequests=10000, numThreads=4, numberOfAttributes=100, numberOfRequests=10000, opsCountStatusLog=100000, poolKeys=true, preferAsyncOperations=false, removePercentage=0, replaceInvalidPercentage=40, runOnAllSlaves=false, sharedKeys=false, sizeOfAnAttribute=1000, slaves=null, transactionSize=50, useAtomics=false, useHistogramStatistics=false, useSimpleStatistics=true, useSmartClassLoading=true, useTransactions=null, writePercentage=20, writeTxPercentage=20 }
 INFO  [pool-1-thread-1] {org.radargun.stressors.StressTestStressor} Using key generator org.radargun.stressors.StringKeyGenerator, param null
 INFO  [pool-1-thread-1] {org.radargun.stressors.StressTestStressor} Executing: StressTestStressor{opsCountStatusLog=100000, numRequests=10000, numEntries=100, entrySize=1000, writePercentage=20, numThreads=4, cacheWrapper=org.radargun.cachewrappers.JBossCache3Wrapper@71a52b88, nodeIndex=3, useTransactions=true, transactionSize=50, commitTransactions=true, durationMillis=60000}
 INFO  [pool-1-thread-1] {org.radargun.stressors.StressTestStressor} Cache wrapper info is: Num direct children: 8
[GC 259695K->12426K(2944064K), 0.0400610 secs]
 INFO  [pool-1-thread-1] {org.radargun.stressors.StressTestStressor} Started 4 stressor threads.
 INFO  [Stressor-3] {org.radargun.stressors.StressTestStressor} Number of ops executed so far: 1. Elapsed time: 0.009 secs. Remaining: 59.991 secs. Total: 1 mins 0 secs
[GC 268490K->12581K(2944064K), 0.0285290 secs]
[GC 268645K->13975K(2944064K), 0.0256190 secs]
[GC 270039K->17148K(2944064K), 0.0301910 secs]
[GC 273212K->20223K(2944064K), 0.0290970 secs]
[GC 276287K->17599K(2944064K), 0.0297760 secs]
[GC 273280K->16502K(2944064K), 0.0329150 secs]
[GC 272566K->20819K(2944064K), 0.0295950 secs]
[GC 276883K->18184K(2944064K), 0.0312110 secs]
[GC 274248K->15957K(2944064K), 0.0273090 secs]
[GC 272021K->18984K(2944064K), 0.0346380 secs]
[GC 275048K->15967K(2944064K), 0.0303500 secs]
[GC 272031K->16464K(2944064K), 0.0275770 secs]
[GC 272528K->16529K(2944064K), 0.0400820 secs]
[GC 272593K->16556K(2944064K), 0.0310420 secs]
[GC 272620K->17206K(2944064K), 0.0565920 secs]
[GC 273270K->15430K(2944064K), 0.0257080 secs]
[GC 271494K->17430K(2944064K), 0.0272160 secs]
[GC 273494K->14514K(2944064K), 0.0232410 secs]
[GC 270578K->12942K(2944064K), 0.0267190 secs]
[GC 269006K->15879K(2944064K), 0.0253640 secs]
[GC 271943K->14055K(2944064K), 0.0229270 secs]
 INFO  [Stressor-3] {org.radargun.stressors.StressTestStressor} Number of ops executed so far: 515150. Elapsed time: 20.478 secs. Remaining: 39.522 secs. Total: 1 mins 0 secs
[GC 270119K->13329K(2944064K), 0.0275240 secs]
[GC 269393K->12932K(2944064K), 0.0233400 secs]
[GC 268996K->14575K(2944064K), 0.0251650 secs]
[GC 270639K->15052K(2944064K), 0.0219310 secs]
[GC 271116K->16450K(2944064K), 0.0242310 secs]
[GC 272514K->17512K(2944064K), 0.0264260 secs]
[GC 273576K->16937K(2944064K), 0.0234980 secs]
[GC 272871K->16185K(2944064K), 0.0229810 secs]
[GC 272249K->18514K(2944064K), 0.0221090 secs]
[GC 274578K->15823K(2944064K), 0.0268240 secs]
[GC 271874K->17446K(2944064K), 0.0258940 secs]
[GC 273510K->16135K(2944064K), 0.0268040 secs]
[GC 272199K->17361K(2944064K), 0.0254700 secs]
[GC 273425K->15899K(2944064K), 0.0243440 secs]
[GC 271963K->13982K(2944064K), 0.0238580 secs]
[GC 270046K->15966K(2944064K), 0.0287510 secs]
[GC 272008K->15600K(2944064K), 0.0244020 secs]
[GC 271664K->14679K(2944064K), 0.0258630 secs]
[GC 270743K->16336K(2944064K), 0.0274990 secs]
[GC 272400K->16589K(2944064K), 0.0298790 secs]
[GC 272653K->16679K(2944064K), 0.0298530 secs]
[GC 272743K->15993K(2944064K), 0.0258890 secs]
[GC 272057K->15208K(2944064K), 0.0238190 secs]
[GC 271272K->15566K(2944064K), 0.0228680 secs]
[GC 271630K->19151K(2944064K), 0.0296630 secs]
 INFO  [Stressor-0] {org.radargun.stressors.StressTestStressor} Number of ops executed so far: 1103250. Elapsed time: 40.478 secs. Remaining: 19.522 secs. Total: 1 mins 0 secs
[GC 275215K->18164K(2944064K), 0.0293480 secs]
[GC 274228K->17465K(2944064K), 0.0279220 secs]
[GC 273529K->16173K(2944064K), 0.0239210 secs]
[GC 272237K->16347K(2944064K), 0.0248530 secs]
[GC 272411K->14590K(2944064K), 0.0268060 secs]
[GC 270654K->15958K(2944064K), 0.0266070 secs]
[GC 272022K->16328K(2944064K), 0.0283930 secs]
[GC 272392K->17579K(2944064K), 0.0266620 secs]
[GC 273643K->17681K(2944064K), 0.0249820 secs]
[GC 273745K->20904K(2944064K), 0.0310250 secs]
[GC 276968K->16707K(2944064K), 0.0267900 secs]
[GC 272771K->14171K(2944064K), 0.0213460 secs]
[GC 270235K->18488K(2944064K), 0.0266300 secs]
[GC 274552K->15879K(2944064K), 0.0261280 secs]
[GC 271943K->16537K(2944064K), 0.0230220 secs]
[GC 272601K->17552K(2944064K), 0.0259840 secs]
[GC 273616K->14755K(2944064K), 0.0238920 secs]
[GC 270819K->15963K(2944064K), 0.0255990 secs]
[GC 272027K->15755K(2944064K), 0.0237300 secs]
[GC 271819K->15930K(2944064K), 0.0289320 secs]
[GC 271994K->15210K(2944064K), 0.0284940 secs]
[GC 271274K->17499K(2944064K), 0.0280470 secs]
[GC 273563K->16864K(2944064K), 0.0253120 secs]
[GC 272928K->16807K(2944064K), 0.0290740 secs]
 INFO  [pool-1-thread-1] {org.radargun.stressors.StressTestStressor} Finished generating report. Test duration is: 1 mins 1 secs
 INFO  [pool-1-thread-1] {org.radargun.stages.StressTestWarmupStage} The warmup took: 61 seconds.
 INFO  [pool-1-thread-1] {org.radargun.Slave} Finished stage: StressTestWarmup {bulkSize=1, cacheSpecificKeyGenerator=false, commitTransactions=true, duration=1 mins 0 secs, entrySize=1000, exitBenchmarkOnSlaveFailure=false, fixedKeys=true, generateHistogramRange=false, keyGeneratorClass=org.radargun.stressors.StringKeyGenerator, keyGeneratorParam=null, loadAllKeys=false, numEntries=100, numOfThreads=4, numRequests=10000, numThreads=4, numberOfAttributes=100, numberOfRequests=10000, opsCountStatusLog=100000, poolKeys=true, preferAsyncOperations=false, removePercentage=0, replaceInvalidPercentage=40, runOnAllSlaves=false, sharedKeys=false, sizeOfAnAttribute=1000, slaves=null, transactionSize=50, useAtomics=false, useHistogramStatistics=false, useSimpleStatistics=true, useSmartClassLoading=true, useTransactions=null, writePercentage=20, writeTxPercentage=20 }
 INFO  [main] {org.radargun.Slave} Ack successfully sent to the master
 INFO  [pool-1-thread-1] {org.radargun.Slave} Executing stage: ClearClusterStage {ClearCluster {exitBenchmarkOnSlaveFailure=false, runOnAllSlaves=false, slaves=[ 0 ], useSmartClassLoading=true }
 INFO  [pool-1-thread-1] {org.radargun.stages.ClearClusterStage} Before executing clear, memory looks like this: Memory - free: 2,806,147 kb - max:4,906,688 kb- total:2,944,064 kb
[Full GC 137918K->8614K(2944064K), 0.1639660 secs]
 INFO  [pool-1-thread-1] {org.radargun.stages.ClearClusterStage} After executing cleanup, memory looks like this: Memory - free: 2,933,129 kb - max:4,906,688 kb- total:2,944,320 kb
 INFO  [pool-1-thread-1] {org.radargun.Slave} Finished stage: ClearClusterStage {ClearCluster {exitBenchmarkOnSlaveFailure=false, runOnAllSlaves=false, slaves=[ 0 ], useSmartClassLoading=true }
 INFO  [main] {org.radargun.Slave} Ack successfully sent to the master
 INFO  [pool-1-thread-1] {org.radargun.Slave} Executing stage: StressTest {bulkSize=1, cacheSpecificKeyGenerator=false, commitTransactions=true, duration=1 mins 0 secs, entrySize=1000, exitBenchmarkOnSlaveFailure=false, fixedKeys=true, generateHistogramRange=false, keyGeneratorClass=org.radargun.stressors.StringKeyGenerator, keyGeneratorParam=null, loadAllKeys=false, numEntries=10000, numOfThreads=4, numRequests=10000000, numThreads=4, numberOfAttributes=10000, numberOfRequests=10000000, opsCountStatusLog=500000, poolKeys=true, preferAsyncOperations=false, removePercentage=0, replaceInvalidPercentage=40, runOnAllSlaves=false, sharedKeys=false, sizeOfAnAttribute=1000, slaves=null, transactionSize=10000, useAtomics=false, useHistogramStatistics=false, useSimpleStatistics=true, useSmartClassLoading=true, useTransactions=true, writePercentage=10, writeTxPercentage=5 }
 INFO  [pool-1-thread-1] {org.radargun.stages.StressTestStage} Starting StressTestStage: StressTest {bulkSize=1, cacheSpecificKeyGenerator=false, commitTransactions=true, duration=1 mins 0 secs, entrySize=1000, exitBenchmarkOnSlaveFailure=false, fixedKeys=true, generateHistogramRange=false, keyGeneratorClass=org.radargun.stressors.StringKeyGenerator, keyGeneratorParam=null, loadAllKeys=false, numEntries=10000, numOfThreads=4, numRequests=10000000, numThreads=4, numberOfAttributes=10000, numberOfRequests=10000000, opsCountStatusLog=500000, poolKeys=true, preferAsyncOperations=false, removePercentage=0, replaceInvalidPercentage=40, runOnAllSlaves=false, sharedKeys=false, sizeOfAnAttribute=1000, slaves=null, transactionSize=10000, useAtomics=false, useHistogramStatistics=false, useSimpleStatistics=true, useSmartClassLoading=true, useTransactions=true, writePercentage=10, writeTxPercentage=5 }
 INFO  [pool-1-thread-1] {org.radargun.stressors.StressTestStressor} Using key generator org.radargun.stressors.StringKeyGenerator, param null
 INFO  [pool-1-thread-1] {org.radargun.stressors.StressTestStressor} Executing: StressTestStressor{opsCountStatusLog=500000, numRequests=10000000, numEntries=10000, entrySize=1000, writePercentage=10, numThreads=4, cacheWrapper=org.radargun.cachewrappers.JBossCache3Wrapper@71a52b88, nodeIndex=3, useTransactions=true, transactionSize=10000, commitTransactions=true, durationMillis=60000}
 INFO  [pool-1-thread-1] {org.radargun.stressors.StressTestStressor} Cache wrapper info is: Num direct children: 40
[GC 264870K->24136K(2944320K), 0.0338550 secs]
[GC 280392K->39498K(2944320K), 0.0337140 secs]
[GC 295754K->46999K(2944320K), 0.0372660 secs]
[GC 303255K->57175K(2944320K), 0.0357810 secs]
[GC 313431K->72730K(2944320K), 0.0411870 secs]
[GC 328986K->75878K(2944320K), 0.0441290 secs]
[GC 332134K->87354K(2944320K), 0.0447510 secs]
[GC 343610K->97819K(2944320K), 0.0470520 secs]
[GC 354075K->119340K(2944320K), 0.0722750 secs]
[GC 375596K->127339K(2944320K), 0.0515000 secs]
[GC 383587K->123163K(2944320K), 0.0441700 secs]
[GC 379419K->138399K(2944320K), 0.0495950 secs]
[GC 394655K->146584K(2944320K), 0.0484460 secs]
[GC 402828K->159271K(2944320K), 0.0452230 secs]
[GC 415527K->155702K(2944320K), 0.0515260 secs]
[GC 411958K->160285K(2944320K), 0.0451070 secs]
[GC 416541K->157148K(2944320K), 0.0423370 secs]
[GC 413387K->168521K(2944320K), 0.0512190 secs]
[GC 424754K->174917K(2944320K), 0.0524250 secs]
[GC 431173K->180040K(2944320K), 0.0514280 secs]
[GC 436275K->176388K(2944320K), 0.0477290 secs]
[GC 432644K->188337K(2944320K), 0.0538410 secs]
[GC 444593K->194152K(2944320K), 0.0507220 secs]
[GC 450408K->207295K(2944320K), 0.0514500 secs]
[GC 463551K->203019K(2944320K), 0.0508740 secs]
[GC 459275K->207281K(2944320K), 0.0513670 secs]
[GC 463537K->211786K(2944320K), 0.0518610 secs]
[GC 468042K->217246K(2944320K), 0.0525160 secs]
[GC 473502K->221866K(2944320K), 0.0491940 secs]
[GC 478122K->226499K(2944320K), 0.0453950 secs]
[GC 482755K->248292K(2944320K), 0.0505090 secs]
[GC 504534K->220045K(2944320K), 0.0500050 secs]
[GC 476301K->231707K(2944320K), 0.0470670 secs]
[GC 487937K->241772K(2944320K), 0.0459380 secs]
[GC 498028K->256664K(2944320K), 0.0431570 secs]
[GC 512920K->232548K(2944320K), 0.0498770 secs]
[GC 488804K->238753K(2944320K), 0.0455760 secs]
[GC 495009K->253516K(2944320K), 0.0486890 secs]
[GC 509772K->259340K(2944320K), 0.0469330 secs]
[GC 515596K->262529K(2944320K), 0.0486700 secs]
[GC 518769K->264883K(2944320K), 0.0543010 secs]
[GC 521139K->267035K(2944320K), 0.0453760 secs]
[GC 523291K->269603K(2944320K), 0.0443040 secs]
[GC 525859K->271828K(2944320K), 0.0461970 secs]
[GC 528084K->274040K(2944320K), 0.0426540 secs]
[GC 530296K->276420K(2944320K), 0.0439310 secs]
[GC 532676K->264433K(2944320K), 0.0401130 secs]
[GC 520689K->279109K(2944320K), 0.0422350 secs]
[GC 535365K->281965K(2944320K), 0.0427490 secs]
[GC 538221K->285192K(2944320K), 0.0412470 secs]
[GC 541448K->288033K(2944320K), 0.0430000 secs]
[GC 544250K->291717K(2944320K), 0.0430000 secs]
[GC 547973K->294591K(2944320K), 0.0458010 secs]
[GC 550847K->284812K(2944320K), 0.0428590 secs]
[GC 541068K->300747K(2944320K), 0.0444950 secs]
[GC 557003K->304040K(2944320K), 0.0486530 secs]
[GC 560296K->306965K(2944320K), 0.0486860 secs]
[GC 563165K->310102K(2944320K), 0.0468800 secs]
[GC 566358K->300778K(2944320K), 0.0484900 secs]
[GC 557034K->304216K(2944320K), 0.0650110 secs]
[GC 560472K->319659K(2944320K), 0.0420230 secs]
[GC 575915K->322809K(2944320K), 0.0401140 secs]
[GC 579050K->325895K(2944320K), 0.0404390 secs]
[GC 582151K->329046K(2944320K), 0.0420460 secs]
[GC 585302K->319521K(2944320K), 0.0414820 secs]
[GC 575777K->335074K(2944320K), 0.0407890 secs]
[GC 591328K->326086K(2944320K), 0.0401950 secs]
[GC 582342K->329028K(2944320K), 0.0434100 secs]
[GC 585273K->344782K(2944320K), 0.0444060 secs]
[GC 601038K->335388K(2944320K), 0.0405350 secs]
[GC 591644K->338391K(2944320K), 0.0439930 secs]
[GC 594585K->354302K(2944320K), 0.0462610 secs]
[GC 610558K->357318K(2944320K), 0.0433170 secs]
[GC 613574K->360573K(2944320K), 0.0451160 secs]
[GC 616828K->363536K(2944320K), 0.0431120 secs]
[GC 619792K->354340K(2944320K), 0.0423620 secs]
[GC 610596K->369909K(2944320K), 0.0400360 secs]
[GC 626165K->385965K(2944320K), 0.0469070 secs]
[GC 642221K->364111K(2944320K), 0.0468220 secs]
[GC 620317K->372785K(2944320K), 0.0467570 secs]
[GC 629041K->381296K(2944320K), 0.0474330 secs]
[GC 637534K->385427K(2944320K), 0.0403000 secs]
 INFO  [pool-1-thread-1] {org.radargun.stressors.StressTestStressor} Started 4 stressor threads.
 INFO  [Stressor-1] {org.radargun.stressors.StressTestStressor} Number of ops executed so far: 1. Elapsed time: 0.000 secs. Remaining: 1 mins 0 secs. Total: 1 mins 0 secs
[GC 641683K->415584K(2944320K), 0.0539220 secs]
[GC 671840K->450794K(2944320K), 0.0580110 secs]
[GC 707050K->462678K(2944320K), 0.0743620 secs]
[GC 718933K->482239K(2944320K), 0.0642010 secs]
[GC 738495K->492416K(2944320K), 0.0758000 secs]
[GC 748650K->529556K(2944320K), 0.0754910 secs]
[GC 785812K->554785K(2944320K), 0.0658020 secs]
[GC 811041K->549969K(2944320K), 0.0752010 secs]
[GC 805254K->565478K(2944320K), 0.0671890 secs]
[GC 821734K->608422K(2944320K), 0.0645780 secs]
[GC 864678K->630423K(2944320K), 0.0760930 secs]
 INFO  [Stressor-3] {org.radargun.stressors.StressTestStressor} Number of ops executed so far: 1638829. Elapsed time: 20.000 secs. Remaining: 40.000 secs. Total: 1 mins 0 secs
[GC 886563K->657937K(2944320K), 0.0776660 secs]
[GC 914193K->678485K(2944320K), 0.0549320 secs]
[GC 934741K->660614K(2944320K), 0.0573320 secs]
[GC 916870K->698331K(2944320K), 0.0489830 secs]
[GC 954587K->727188K(2944320K), 0.0656360 secs]
[GC 983444K->698168K(2944320K), 0.0551150 secs]
[GC 954381K->722735K(2944320K), 0.0514310 secs]
[GC 978991K->745570K(2944320K), 0.0709000 secs]
[GC 1001826K->762869K(2944320K), 0.0687090 secs]
[GC 1018550K->778359K(2944320K), 0.0492280 secs]
[GC 1034590K->800132K(2944320K), 0.0727040 secs]
[GC 1056343K->817743K(2944320K), 0.0560720 secs]
 INFO  [Stressor-2] {org.radargun.stressors.StressTestStressor} Number of ops executed so far: 2820000. Elapsed time: 42.060 secs. Remaining: 17.940 secs. Total: 1 mins 0 secs
[GC 1073990K->857132K(2944320K), 0.0732140 secs]
[GC 1113388K->849117K(2944320K), 0.0667350 secs]
[GC 1105373K->874750K(2944320K), 0.0678360 secs]
[GC 1130992K->889368K(2944320K), 0.0518710 secs]
[GC 1145624K->938996K(2944320K), 0.0589540 secs]
[GC 1195234K->961740K(2944320K), 0.0778570 secs]
[GC 1217996K->945564K(2944320K), 0.0630950 secs]
[GC 1201820K->962234K(2944320K), 0.0511310 secs]
[GC 1218490K->999480K(2944320K), 0.0548900 secs]
[GC 1255736K->1024650K(2944320K), 0.0687610 secs]
[GC 1280905K->1000600K(2944320K), 0.0522360 secs]
 INFO  [pool-1-thread-1] {org.radargun.stressors.StressTestStressor} Finished generating report. Test duration is: 1 mins 56 secs
 INFO  [pool-1-thread-1] {org.radargun.stages.StressTestStage} size info: Num direct children: 40, clusterSize:8, nodeIndex:3, cacheSize: -1
 INFO  [pool-1-thread-1] {org.radargun.Slave} Finished stage: StressTest {bulkSize=1, cacheSpecificKeyGenerator=false, commitTransactions=true, duration=1 mins 0 secs, entrySize=1000, exitBenchmarkOnSlaveFailure=false, fixedKeys=true, generateHistogramRange=false, keyGeneratorClass=org.radargun.stressors.StringKeyGenerator, keyGeneratorParam=null, loadAllKeys=false, numEntries=10000, numOfThreads=4, numRequests=10000000, numThreads=4, numberOfAttributes=10000, numberOfRequests=10000000, opsCountStatusLog=500000, poolKeys=true, preferAsyncOperations=false, removePercentage=0, replaceInvalidPercentage=40, runOnAllSlaves=false, sharedKeys=false, sizeOfAnAttribute=1000, slaves=null, transactionSize=10000, useAtomics=false, useHistogramStatistics=false, useSimpleStatistics=true, useSmartClassLoading=true, useTransactions=true, writePercentage=10, writeTxPercentage=5 }
 INFO  [main] {org.radargun.Slave} Ack successfully sent to the master
[GC 1256856K->1016879K(2944320K), 0.0442110 secs]
 INFO  [main] {org.radargun.Slave} Master shutdown!
 INFO  [Thread-0] {org.radargun.ShutDownHook} Slave process is being shutdown
