/usr/java/jdk1.7.0_21/bin/java -server -Xmx1024M -Xms1024M -Dresolve.dns=false -Djgroups.timer.num_threads=4 -verbose:gc -Xmx5000M -Xms3000M -server -XX:+UseConcMarkSweepGC -XX:+AggressiveOpts -verbose:gc -XX:ParallelGCThreads=4 -XX:NewRatio=5 -XX:SurvivorRatio=2 -Dhazelcast.operation.thread.count=4 -Djava.net.preferIPv4Stack=true -Dlog4j.file.prefix=deimos-esw-26547 -Dbind.address= -Djgroups.bind_addr= -classpath /home/smf/github/radargun/target/distribution/RadarGun-1.1.0-SNAPSHOT/lib/activation-1.1.jar:/home/smf/github/radargun/target/distribution/RadarGun-1.1.0-SNAPSHOT/lib/commons-beanutils-1.8.0.jar:/home/smf/github/radargun/target/distribution/RadarGun-1.1.0-SNAPSHOT/lib/commons-digester-2.0.jar:/home/smf/github/radargun/target/distribution/RadarGun-1.1.0-SNAPSHOT/lib/commons-logging-1.1.1.jar:/home/smf/github/radargun/target/distribution/RadarGun-1.1.0-SNAPSHOT/lib/commons-math-1.2.jar:/home/smf/github/radargun/target/distribution/RadarGun-1.1.0-SNAPSHOT/lib/jboss-transaction-api-1.0.1.GA.jar:/home/smf/github/radargun/target/distribution/RadarGun-1.1.0-SNAPSHOT/lib/jcommon-1.0.15.jar:/home/smf/github/radargun/target/distribution/RadarGun-1.1.0-SNAPSHOT/lib/jfreechart-1.0.12.jar:/home/smf/github/radargun/target/distribution/RadarGun-1.1.0-SNAPSHOT/lib/log4j-1.2.14.jar:/home/smf/github/radargun/target/distribution/RadarGun-1.1.0-SNAPSHOT/lib/mail-1.4.2.jar:/home/smf/github/radargun/target/distribution/RadarGun-1.1.0-SNAPSHOT/lib/radargun-framework-1.1.0-SNAPSHOT.jar:/home/smf/github/radargun/target/distribution/RadarGun-1.1.0-SNAPSHOT/conf org.radargun.Slave -master 127.0.0.1:2103
--------------------------------------------------------------------------------
PerNodeRollingFileAppender::Using file prefix:deimos-esw-26547
 INFO  [main] {org.radargun.Slave} Attempting to connect to master 127.0.0.1:2103
 INFO  [main] {org.radargun.Slave} Successfully established connection with master at: 127.0.0.1:2103
Loading JARS from /home/smf/github/radargun/target/distribution/RadarGun-1.1.0-SNAPSHOT/lib/radargun-framework-1.1.0-SNAPSHOT.jar
 INFO  [pool-1-thread-1] {org.radargun.config.AnnotatedHelper} Loading JARS from /home/smf/github/radargun/target/distribution/RadarGun-1.1.0-SNAPSHOT/lib/radargun-framework-1.1.0-SNAPSHOT.jar
 INFO  [pool-1-thread-1] {org.radargun.config.AnnotatedHelper} Loading JARS from /home/smf/github/radargun/target/distribution/RadarGun-1.1.0-SNAPSHOT/lib/radargun-framework-1.1.0-SNAPSHOT.jar
 INFO  [pool-1-thread-1] {org.radargun.Slave} Executing stage: DestroyWrapper {enforceMemoryThrashHold=true, exitBenchmarkOnSlaveFailure=false, heapDumpDir=null, memoryThreshold=95, runOnAllSlaves=true, slaves=null, useSmartClassLoading=true }
 INFO  [pool-1-thread-1] {org.radargun.stages.DestroyWrapperStage} Received destroy cache wrapper request from master...
 INFO  [pool-1-thread-1] {org.radargun.stages.DestroyWrapperStage} No cache wrapper deployed on this slave, nothing to do.
 INFO  [pool-1-thread-1] {org.radargun.stages.DestroyWrapperStage} Before executing clear, memory looks like this: Memory - free: 2,928,638 kb - max:4,906,688 kb- total:2,944,000 kb
[Full GC 15361K->3631K(2944000K), 0.0876210 secs]
 INFO  [pool-1-thread-1] {org.radargun.stages.DestroyWrapperStage} After executing cleanup, memory looks like this: Memory - free: 2,935,311 kb - max:4,906,688 kb- total:2,944,064 kb
 INFO  [pool-1-thread-1] {org.radargun.Slave} Finished stage: DestroyWrapper {enforceMemoryThrashHold=true, exitBenchmarkOnSlaveFailure=false, heapDumpDir=null, memoryThreshold=95, runOnAllSlaves=true, slaves=null, useSmartClassLoading=true }
 INFO  [main] {org.radargun.Slave} Ack successfully sent to the master
 INFO  [pool-1-thread-1] {org.radargun.Slave} Executing stage: StartCluster {config=mvcc/mvcc-repl-sync.xml, delayAfterFirstSlaveStarts=5.000 secs, delayBetweenStartingSlaves=0.500 secs, exitBenchmarkOnSlaveFailure=true, expectNumSlaves=null, mayFailOn=null, reachable=null, runOnAllSlaves=false, slaves=null, staggerSlaveStartup=true, useSmartClassLoading=true, validateCluster=true }
 INFO  [pool-1-thread-1] {org.radargun.stages.StartClusterStage}  Startup staggering, starting 12 slaves. This is the slave with index 1. Sleeping for 5500 millis.
 INFO  [pool-1-thread-1] {org.radargun.stages.StartClusterStage} Ack master's StartCluster stage. Local address is: /127.0.0.1. This slave's index is: 1
 INFO  [pool-1-thread-1] {org.radargun.utils.ClassLoadHelper} Creating newInstance org.radargun.cachewrappers.JBossCache3Wrapper with classloader java.net.URLClassLoader@3bbce0d6
 INFO  [pool-1-thread-1] {org.radargun.cachewrappers.JBossCache3Wrapper} Creating cache with the following configuration: mvcc/mvcc-repl-sync.xml
 WARN  [pool-1-thread-1] {org.jboss.cache.transaction.GenericTransactionManagerLookup} Falling back to JBoss Cache's internal DummyTransactionManager
 WARN  [pool-1-thread-1] {org.jgroups.protocols.pbcast.STREAMING_STATE_TRANSFER} use_reading_thread has been deprecated and its value will be ignored

---------------------------------------------------------
GMS: address is 127.0.0.1:49334 (cluster=JBossCache-Cluster)
---------------------------------------------------------
 INFO  [pool-1-thread-1] {org.radargun.cachewrappers.JBossCache3Wrapper} Running cache with following config: org.jboss.cache.config.Configuration@613192f7
 INFO  [pool-1-thread-1] {org.radargun.cachewrappers.JBossCache3Wrapper} Running following JBossCacheVersion: 3.2.1.GA
 INFO  [pool-1-thread-1] {org.radargun.cachewrappers.JBossCache3Wrapper} Running following JBossCacheCodeName: Malagueta
 INFO  [pool-1-thread-1] {org.radargun.cachewrappers.JBossCache3Wrapper} JGroups version: 2.6.13.GA
 INFO  [pool-1-thread-1] {org.radargun.stages.helpers.StartHelper} Number of members=3 is not the one expected: 12
 INFO  [pool-1-thread-1] {org.radargun.stages.helpers.StartHelper} Number of members=4 is not the one expected: 12
 INFO  [pool-1-thread-1] {org.radargun.stages.helpers.StartHelper} Number of members=6 is not the one expected: 12
 INFO  [pool-1-thread-1] {org.radargun.stages.helpers.StartHelper} Number of members=8 is not the one expected: 12
 INFO  [pool-1-thread-1] {org.radargun.stages.helpers.StartHelper} Number of members=11 is not the one expected: 12
 INFO  [pool-1-thread-1] {org.radargun.stages.helpers.StartHelper} Number of members is the one expected: 12
 INFO  [pool-1-thread-1] {org.radargun.stages.StartClusterStage} Successfully started cache wrapper on slave 1: org.radargun.cachewrappers.JBossCache3Wrapper@50000d50
 INFO  [pool-1-thread-1] {org.radargun.Slave} Finished stage: StartCluster {config=mvcc/mvcc-repl-sync.xml, delayAfterFirstSlaveStarts=5.000 secs, delayBetweenStartingSlaves=0.500 secs, exitBenchmarkOnSlaveFailure=true, expectNumSlaves=null, mayFailOn=null, reachable=null, runOnAllSlaves=false, slaves=null, staggerSlaveStartup=true, useSmartClassLoading=true, validateCluster=true }
 INFO  [main] {org.radargun.Slave} Ack successfully sent to the master
 INFO  [pool-1-thread-1] {org.radargun.Slave} Executing stage: ClusterValidation {exitBenchmarkOnSlaveFailure=false, partialReplication=false, replicationTimeSleep=2000, replicationTryCount=60, runOnAllSlaves=false, slaves=null, useSmartClassLoading=true }
 INFO  [pool-1-thread-1] {org.radargun.stages.ClusterValidationStage} Number of caches that replicated here is 11
 INFO  [pool-1-thread-1] {org.radargun.stages.ClusterValidationStage} Replication test successfully passed. partialReplication? false, replicationCount = 11
 INFO  [pool-1-thread-1] {org.radargun.stages.ClusterValidationStage} Confirm phase successful.
 INFO  [pool-1-thread-1] {org.radargun.Slave} Finished stage: ClusterValidation {exitBenchmarkOnSlaveFailure=false, partialReplication=false, replicationTimeSleep=2000, replicationTryCount=60, runOnAllSlaves=false, slaves=[ 0, 1, 2, 3, 4, 5, 6, 7, 8, 9, 10, 11 ], useSmartClassLoading=true }
 INFO  [main] {org.radargun.Slave} Ack successfully sent to the master
 INFO  [pool-1-thread-1] {org.radargun.Slave} Executing stage: StressTestWarmup {bulkSize=1, cacheSpecificKeyGenerator=false, commitTransactions=true, duration=1 mins 0 secs, entrySize=1000, exitBenchmarkOnSlaveFailure=false, fixedKeys=true, generateHistogramRange=false, keyGeneratorClass=org.radargun.stressors.StringKeyGenerator, keyGeneratorParam=null, loadAllKeys=false, numEntries=100, numOfThreads=4, numRequests=10000, numThreads=4, numberOfAttributes=100, numberOfRequests=10000, opsCountStatusLog=100000, poolKeys=true, preferAsyncOperations=false, removePercentage=0, replaceInvalidPercentage=40, runOnAllSlaves=false, sharedKeys=false, sizeOfAnAttribute=1000, slaves=null, transactionSize=50, useAtomics=false, useHistogramStatistics=false, useSimpleStatistics=true, useSmartClassLoading=true, useTransactions=null, writePercentage=20, writeTxPercentage=20 }
 INFO  [pool-1-thread-1] {org.radargun.stages.StressTestWarmupStage} Starting StressTestWarmupStage: StressTestWarmup {bulkSize=1, cacheSpecificKeyGenerator=false, commitTransactions=true, duration=1 mins 0 secs, entrySize=1000, exitBenchmarkOnSlaveFailure=false, fixedKeys=true, generateHistogramRange=false, keyGeneratorClass=org.radargun.stressors.StringKeyGenerator, keyGeneratorParam=null, loadAllKeys=false, numEntries=100, numOfThreads=4, numRequests=10000, numThreads=4, numberOfAttributes=100, numberOfRequests=10000, opsCountStatusLog=100000, poolKeys=true, preferAsyncOperations=false, removePercentage=0, replaceInvalidPercentage=40, runOnAllSlaves=false, sharedKeys=false, sizeOfAnAttribute=1000, slaves=null, transactionSize=50, useAtomics=false, useHistogramStatistics=false, useSimpleStatistics=true, useSmartClassLoading=true, useTransactions=null, writePercentage=20, writeTxPercentage=20 }
 INFO  [pool-1-thread-1] {org.radargun.stressors.StressTestStressor} Using key generator org.radargun.stressors.StringKeyGenerator, param null
 INFO  [pool-1-thread-1] {org.radargun.stressors.StressTestStressor} Executing: StressTestStressor{opsCountStatusLog=100000, numRequests=10000, numEntries=100, entrySize=1000, writePercentage=20, numThreads=4, cacheWrapper=org.radargun.cachewrappers.JBossCache3Wrapper@50000d50, nodeIndex=1, useTransactions=true, transactionSize=50, commitTransactions=true, durationMillis=60000}
 INFO  [pool-1-thread-1] {org.radargun.stressors.StressTestStressor} Cache wrapper info is: Num direct children: 12
[GC 259695K->12255K(2944064K), 0.0345100 secs]
 INFO  [pool-1-thread-1] {org.radargun.stressors.StressTestStressor} Started 4 stressor threads.
 INFO  [Stressor-2] {org.radargun.stressors.StressTestStressor} Number of ops executed so far: 1. Elapsed time: 0.031 secs. Remaining: 59.969 secs. Total: 1 mins 0 secs
[GC 268319K->15782K(2944064K), 0.0354430 secs]
[GC 271846K->17004K(2944064K), 0.0364240 secs]
[GC 273068K->18533K(2944064K), 0.0281690 secs]
[GC 274597K->15910K(2944064K), 0.0346840 secs]
[GC 271974K->18848K(2944064K), 0.0351570 secs]
[GC 274912K->14595K(2944064K), 0.0342280 secs]
[GC 270659K->17935K(2944064K), 0.0293940 secs]
 INFO  [Stressor-3] {org.radargun.stressors.StressTestStressor} Number of ops executed so far: 92950. Elapsed time: 20.336 secs. Remaining: 39.664 secs. Total: 1 mins 0 secs
[GC 273999K->18758K(2944064K), 0.0368640 secs]
[GC 274822K->15931K(2944064K), 0.0354050 secs]
[GC 271995K->17880K(2944064K), 0.0358420 secs]
[GC 273944K->17949K(2944064K), 0.0348640 secs]
[GC 274013K->19300K(2944064K), 0.0307390 secs]
[GC 275364K->17810K(2944064K), 0.0320060 secs]
[GC 273874K->20390K(2944064K), 0.0349930 secs]
[GC 276452K->17969K(2944064K), 0.0470850 secs]
[GC 274033K->18395K(2944064K), 0.0312110 secs]
[GC 274459K->14769K(2944064K), 0.0279390 secs]
 INFO  [Stressor-3] {org.radargun.stressors.StressTestStressor} Number of ops executed so far: 255650. Elapsed time: 40.426 secs. Remaining: 19.574 secs. Total: 1 mins 0 secs
[GC 270833K->15240K(2944064K), 0.0219710 secs]
[GC 271304K->16898K(2944064K), 0.0263710 secs]
[GC 272962K->15638K(2944064K), 0.0225560 secs]
[GC 271702K->15471K(2944064K), 0.0278820 secs]
[GC 271535K->18865K(2944064K), 0.0298590 secs]
[GC 274929K->16808K(2944064K), 0.0305500 secs]
[GC 272731K->18533K(2944064K), 0.0272030 secs]
[GC 274590K->17570K(2944064K), 0.0268720 secs]
 INFO  [pool-1-thread-1] {org.radargun.stressors.StressTestStressor} Finished generating report. Test duration is: 1 mins 2 secs
 INFO  [pool-1-thread-1] {org.radargun.stages.StressTestWarmupStage} The warmup took: 62 seconds.
 INFO  [pool-1-thread-1] {org.radargun.Slave} Finished stage: StressTestWarmup {bulkSize=1, cacheSpecificKeyGenerator=false, commitTransactions=true, duration=1 mins 0 secs, entrySize=1000, exitBenchmarkOnSlaveFailure=false, fixedKeys=true, generateHistogramRange=false, keyGeneratorClass=org.radargun.stressors.StringKeyGenerator, keyGeneratorParam=null, loadAllKeys=false, numEntries=100, numOfThreads=4, numRequests=10000, numThreads=4, numberOfAttributes=100, numberOfRequests=10000, opsCountStatusLog=100000, poolKeys=true, preferAsyncOperations=false, removePercentage=0, replaceInvalidPercentage=40, runOnAllSlaves=false, sharedKeys=false, sizeOfAnAttribute=1000, slaves=null, transactionSize=50, useAtomics=false, useHistogramStatistics=false, useSimpleStatistics=true, useSmartClassLoading=true, useTransactions=null, writePercentage=20, writeTxPercentage=20 }
 INFO  [main] {org.radargun.Slave} Ack successfully sent to the master
 INFO  [pool-1-thread-1] {org.radargun.Slave} Executing stage: ClearClusterStage {ClearCluster {exitBenchmarkOnSlaveFailure=false, runOnAllSlaves=false, slaves=[ 0 ], useSmartClassLoading=true }
 INFO  [pool-1-thread-1] {org.radargun.stages.ClearClusterStage} Before executing clear, memory looks like this: Memory - free: 2,757,979 kb - max:4,906,688 kb- total:2,944,064 kb
[Full GC 186084K->9842K(2944064K), 0.1985010 secs]
 INFO  [pool-1-thread-1] {org.radargun.stages.ClearClusterStage} After executing cleanup, memory looks like this: Memory - free: 2,932,507 kb - max:4,906,688 kb- total:2,944,320 kb
 INFO  [pool-1-thread-1] {org.radargun.Slave} Finished stage: ClearClusterStage {ClearCluster {exitBenchmarkOnSlaveFailure=false, runOnAllSlaves=false, slaves=[ 0 ], useSmartClassLoading=true }
 INFO  [main] {org.radargun.Slave} Ack successfully sent to the master
 INFO  [pool-1-thread-1] {org.radargun.Slave} Executing stage: StressTest {bulkSize=1, cacheSpecificKeyGenerator=false, commitTransactions=true, duration=1 mins 0 secs, entrySize=1000, exitBenchmarkOnSlaveFailure=false, fixedKeys=true, generateHistogramRange=false, keyGeneratorClass=org.radargun.stressors.StringKeyGenerator, keyGeneratorParam=null, loadAllKeys=false, numEntries=10000, numOfThreads=4, numRequests=10000000, numThreads=4, numberOfAttributes=10000, numberOfRequests=10000000, opsCountStatusLog=500000, poolKeys=true, preferAsyncOperations=false, removePercentage=0, replaceInvalidPercentage=40, runOnAllSlaves=false, sharedKeys=false, sizeOfAnAttribute=1000, slaves=null, transactionSize=10000, useAtomics=false, useHistogramStatistics=false, useSimpleStatistics=true, useSmartClassLoading=true, useTransactions=true, writePercentage=10, writeTxPercentage=5 }
 INFO  [pool-1-thread-1] {org.radargun.stages.StressTestStage} Starting StressTestStage: StressTest {bulkSize=1, cacheSpecificKeyGenerator=false, commitTransactions=true, duration=1 mins 0 secs, entrySize=1000, exitBenchmarkOnSlaveFailure=false, fixedKeys=true, generateHistogramRange=false, keyGeneratorClass=org.radargun.stressors.StringKeyGenerator, keyGeneratorParam=null, loadAllKeys=false, numEntries=10000, numOfThreads=4, numRequests=10000000, numThreads=4, numberOfAttributes=10000, numberOfRequests=10000000, opsCountStatusLog=500000, poolKeys=true, preferAsyncOperations=false, removePercentage=0, replaceInvalidPercentage=40, runOnAllSlaves=false, sharedKeys=false, sizeOfAnAttribute=1000, slaves=null, transactionSize=10000, useAtomics=false, useHistogramStatistics=false, useSimpleStatistics=true, useSmartClassLoading=true, useTransactions=true, writePercentage=10, writeTxPercentage=5 }
 INFO  [pool-1-thread-1] {org.radargun.stressors.StressTestStressor} Using key generator org.radargun.stressors.StringKeyGenerator, param null
 INFO  [pool-1-thread-1] {org.radargun.stressors.StressTestStressor} Executing: StressTestStressor{opsCountStatusLog=500000, numRequests=10000000, numEntries=10000, entrySize=1000, writePercentage=10, numThreads=4, cacheWrapper=org.radargun.cachewrappers.JBossCache3Wrapper@50000d50, nodeIndex=1, useTransactions=true, transactionSize=10000, commitTransactions=true, durationMillis=60000}
 INFO  [pool-1-thread-1] {org.radargun.stressors.StressTestStressor} Cache wrapper info is: Num direct children: 60
[GC 266098K->23267K(2944320K), 0.0326140 secs]
[GC 279523K->36996K(2944320K), 0.0289010 secs]
[GC 293249K->51129K(2944320K), 0.0353990 secs]
[GC 307385K->64953K(2944320K), 0.0365520 secs]
[GC 321209K->73691K(2944320K), 0.0367240 secs]
[GC 329947K->88202K(2944320K), 0.0393810 secs]
[GC 344455K->102722K(2944320K), 0.0440400 secs]
[GC 358978K->113350K(2944320K), 0.0633470 secs]
[GC 369606K->127711K(2944320K), 0.0572920 secs]
[GC 383967K->129597K(2944320K), 0.0523560 secs]
[GC 385853K->121079K(2944320K), 0.0508560 secs]
[GC 377335K->134178K(2944320K), 0.0484790 secs]
[GC 390434K->149474K(2944320K), 0.0633530 secs]
[GC 405730K->140742K(2944320K), 0.0596410 secs]
[GC 396998K->163739K(2944320K), 0.0538230 secs]
[GC 419995K->161373K(2944320K), 0.0500580 secs]
[GC 417629K->176561K(2944320K), 0.0627420 secs]
[GC 432817K->167135K(2944320K), 0.0523520 secs]
[GC 423391K->189814K(2944320K), 0.0517350 secs]
[GC 446070K->195396K(2944320K), 0.0512740 secs]
[GC 451652K->183335K(2944320K), 0.0504620 secs]
[GC 439591K->187919K(2944320K), 0.0455320 secs]
[GC 444175K->201379K(2944320K), 0.0426830 secs]
[GC 457615K->212840K(2944320K), 0.0526120 secs]
[GC 469096K->218614K(2944320K), 0.0492510 secs]
[GC 474855K->232532K(2944320K), 0.0456730 secs]
[GC 488788K->211220K(2944320K), 0.0523960 secs]
[GC 467476K->233572K(2944320K), 0.0535530 secs]
[GC 489828K->221942K(2944320K), 0.0549110 secs]
[GC 478198K->235524K(2944320K), 0.0593960 secs]
[GC 491780K->247087K(2944320K), 0.0644210 secs]
[GC 503343K->252023K(2944320K), 0.0555770 secs]
[GC 508279K->239638K(2944320K), 0.0509900 secs]
[GC 495894K->260521K(2944320K), 0.0487940 secs]
[GC 516777K->248876K(2944320K), 0.0491420 secs]
[GC 505132K->269848K(2944320K), 0.0481010 secs]
[GC 526104K->258311K(2944320K), 0.0463330 secs]
[GC 514567K->279629K(2944320K), 0.0479990 secs]
[GC 535885K->284476K(2944320K), 0.0485580 secs]
[GC 540732K->289279K(2944320K), 0.0449220 secs]
[GC 545535K->278016K(2944320K), 0.0435500 secs]
[GC 534255K->299029K(2944320K), 0.0428130 secs]
[GC 555285K->287293K(2944320K), 0.0496860 secs]
[GC 543549K->308563K(2944320K), 0.0487880 secs]
[GC 564819K->313460K(2944320K), 0.0538640 secs]
[GC 569716K->318169K(2944320K), 0.0419900 secs]
[GC 574425K->323005K(2944320K), 0.0437140 secs]
[GC 579261K->328017K(2944320K), 0.0486730 secs]
[GC 584273K->316807K(2944320K), 0.0497050 secs]
[GC 573039K->337209K(2944320K), 0.0496500 secs]
[GC 593448K->335823K(2944320K), 0.0500770 secs]
[GC 592079K->343538K(2944320K), 0.0537880 secs]
[GC 599789K->347192K(2944320K), 0.0514040 secs]
[GC 603448K->345072K(2944320K), 0.0512070 secs]
[GC 601328K->353078K(2944320K), 0.0579260 secs]
[GC 609334K->340201K(2944320K), 0.0560510 secs]
[GC 596457K->359199K(2944320K), 0.0531340 secs]
[GC 615455K->361381K(2944320K), 0.0519240 secs]
[GC 617637K->364135K(2944320K), 0.0533300 secs]
[GC 620328K->365933K(2944320K), 0.0528450 secs]
[GC 622189K->368065K(2944320K), 0.0515490 secs]
[GC 624321K->356607K(2944320K), 0.0481070 secs]
[GC 612863K->372344K(2944320K), 0.0446970 secs]
[GC 628541K->360817K(2944320K), 0.0458760 secs]
[GC 617073K->375764K(2944320K), 0.0443370 secs]
[GC 632020K->378355K(2944320K), 0.0416140 secs]
[GC 634611K->381438K(2944320K), 0.0454020 secs]
[GC 637694K->384654K(2944320K), 0.0438240 secs]
[GC 640905K->375182K(2944320K), 0.0490530 secs]
[GC 631391K->390879K(2944320K), 0.0467170 secs]
[GC 647079K->394046K(2944320K), 0.0397950 secs]
[GC 650302K->384557K(2944320K), 0.0421150 secs]
[GC 640813K->400211K(2944320K), 0.0440230 secs]
[GC 656467K->403380K(2944320K), 0.0447240 secs]
[GC 659609K->406780K(2944320K), 0.0444760 secs]
[GC 663036K->409744K(2944320K), 0.0460000 secs]
[GC 666000K->412821K(2944320K), 0.0452580 secs]
[GC 669077K->403357K(2944320K), 0.0440580 secs]
[GC 659613K->419008K(2944320K), 0.0485330 secs]
[GC 675217K->422143K(2944320K), 0.0474740 secs]
[GC 678386K->425407K(2944320K), 0.0514160 secs]
[GC 681663K->428400K(2944320K), 0.0438770 secs]
[GC 684656K->431349K(2944320K), 0.0403600 secs]
[GC 687553K->434710K(2944320K), 0.0418750 secs]
[GC 690954K->437647K(2944320K), 0.0427180 secs]
[GC 693903K->428254K(2944320K), 0.0391310 secs]
[GC 684510K->431325K(2944320K), 0.0416580 secs]
[GC 687581K->434671K(2944320K), 0.0412030 secs]
[GC 690927K->437749K(2944320K), 0.0393890 secs]
[GC 693945K->453504K(2944320K), 0.0430710 secs]
[GC 709760K->456490K(2944320K), 0.0442920 secs]
[GC 712725K->447252K(2944320K), 0.0451170 secs]
[GC 703454K->463030K(2944320K), 0.0405340 secs]
[GC 719284K->465876K(2944320K), 0.0410220 secs]
[GC 722132K->469187K(2944320K), 0.0445130 secs]
[GC 725443K->459548K(2944320K), 0.0434840 secs]
[GC 715766K->475422K(2944320K), 0.0443300 secs]
[GC 731660K->491104K(2944320K), 0.0490260 secs]
[GC 747360K->476768K(2944320K), 0.0416470 secs]
[GC 733012K->488975K(2944320K), 0.0403380 secs]
[GC 745200K->486058K(2944320K), 0.0428190 secs]
[GC 742280K->490536K(2944320K), 0.0485060 secs]
[GC 746792K->493968K(2944320K), 0.0434080 secs]
[GC 750165K->497128K(2944320K), 0.0503640 secs]
[GC 753384K->500161K(2944320K), 0.0454240 secs]
[GC 756417K->503284K(2944320K), 0.0389910 secs]
[GC 759487K->506439K(2944320K), 0.0401110 secs]
[GC 762695K->496979K(2944320K), 0.0413580 secs]
[GC 753235K->500121K(2944320K), 0.0435680 secs]
[GC 756375K->503298K(2944320K), 0.0412710 secs]
[GC 759540K->519020K(2944320K), 0.0422590 secs]
[GC 775240K->534624K(2944320K), 0.0479240 secs]
[GC 790839K->504688K(2944320K), 0.0428880 secs]
[GC 760944K->521262K(2944320K), 0.0451850 secs]
[GC 777518K->517359K(2944320K), 0.0455850 secs]
[GC 773566K->534116K(2944320K), 0.0446010 secs]
[GC 790333K->537859K(2944320K), 0.0433340 secs]
[GC 794091K->540897K(2944320K), 0.0397570 secs]
[GC 797128K->531401K(2944320K), 0.0414470 secs]
[GC 787600K->534645K(2944320K), 0.0428120 secs]
[GC 790901K->537777K(2944320K), 0.0415790 secs]
[GC 793982K->566149K(2944320K), 0.0403290 secs]
[GC 822405K->551957K(2944320K), 0.0426770 secs]
[GC 808178K->552504K(2944320K), 0.0421940 secs]
 INFO  [pool-1-thread-1] {org.radargun.stressors.StressTestStressor} Started 4 stressor threads.
[GC 808760K->573275K(2944320K), 0.0497720 secs]
 INFO  [Stressor-2] {org.radargun.stressors.StressTestStressor} Number of ops executed so far: 1. Elapsed time: 0.051 secs. Remaining: 59.949 secs. Total: 1 mins 0 secs
[GC 829531K->600775K(2944320K), 0.0573370 secs]
[GC 856975K->608391K(2944320K), 0.0625470 secs]
[GC 864647K->597531K(2944320K), 0.0610010 secs]
[GC 853741K->621775K(2944320K), 0.0547570 secs]
[GC 878027K->663074K(2944320K), 0.0738460 secs]
[GC 919221K->696278K(2944320K), 0.0946020 secs]
[GC 952480K->736576K(2944320K), 0.1032540 secs]
[GC 992832K->763722K(2944320K), 0.0892040 secs]
[GC 1019978K->773912K(2944320K), 0.1060860 secs]
[GC 1030155K->816483K(2944320K), 0.0575470 secs]
[GC 1072739K->811148K(2944320K), 0.0909850 secs]
 INFO  [Stressor-1] {org.radargun.stressors.StressTestStressor} Number of ops executed so far: 1520462. Elapsed time: 20.051 secs. Remaining: 39.949 secs. Total: 1 mins 0 secs
[GC 1067404K->850105K(2944320K), 0.0636520 secs]
[GC 1105987K->879836K(2944320K), 0.0939500 secs]
[GC 1135688K->939705K(2944320K), 0.1375130 secs]
[GC 1195907K->971952K(2944320K), 0.0966460 secs]
[GC 1228187K->980088K(2944320K), 0.0555720 secs]
[GC 1235688K->1017789K(2944320K), 0.0785600 secs]
[GC 1274045K->1058703K(2944320K), 0.0835690 secs]
[GC 1314959K->1089534K(2944320K), 0.0793850 secs]
[GC 1345562K->1071982K(2944320K), 0.0763400 secs]
 INFO  [Stressor-3] {org.radargun.stressors.StressTestStressor} Number of ops executed so far: 3052611. Elapsed time: 40.051 secs. Remaining: 19.949 secs. Total: 1 mins 0 secs
[GC 1328238K->1109807K(2944320K), 0.0596590 secs]
[GC 1366007K->1118346K(2944320K), 0.0768780 secs]
[GC 1374513K->1152739K(2944320K), 0.0635350 secs]
[GC 1408981K->1179550K(2944320K), 0.0812610 secs]
[GC 1435806K->1224795K(2944320K), 0.1084420 secs]
[GC 1481051K->1303936K(2944320K), 0.1552450 secs]
[GC 1560171K->1267393K(2944320K), 0.0542370 secs]
[GC 1523649K->1313149K(2944320K), 0.0610690 secs]
[GC 1569405K->1308611K(2944320K), 0.0856640 secs]
[GC 1564835K->1347440K(2944320K), 0.0611880 secs]
[GC 1603328K->1375116K(2944320K), 0.0734550 secs]
[GC 1631372K->1410383K(2944320K), 0.0822590 secs]
[GC 1411402K(2944320K), 0.0507200 secs]
 INFO  [Stressor-2] {org.radargun.stressors.StressTestStressor} Number of ops executed so far: 2520000. Elapsed time: 1 mins 7 secs. Remaining: 0.000 secs. Total: 1 mins 0 secs
 INFO  [pool-1-thread-1] {org.radargun.stressors.StressTestStressor} Finished generating report. Test duration is: 2 mins 52 secs
 INFO  [pool-1-thread-1] {org.radargun.stages.StressTestStage} size info: Num direct children: 60, clusterSize:12, nodeIndex:1, cacheSize: -1
 INFO  [pool-1-thread-1] {org.radargun.Slave} Finished stage: StressTest {bulkSize=1, cacheSpecificKeyGenerator=false, commitTransactions=true, duration=1 mins 0 secs, entrySize=1000, exitBenchmarkOnSlaveFailure=false, fixedKeys=true, generateHistogramRange=false, keyGeneratorClass=org.radargun.stressors.StringKeyGenerator, keyGeneratorParam=null, loadAllKeys=false, numEntries=10000, numOfThreads=4, numRequests=10000000, numThreads=4, numberOfAttributes=10000, numberOfRequests=10000000, opsCountStatusLog=500000, poolKeys=true, preferAsyncOperations=false, removePercentage=0, replaceInvalidPercentage=40, runOnAllSlaves=false, sharedKeys=false, sizeOfAnAttribute=1000, slaves=null, transactionSize=10000, useAtomics=false, useHistogramStatistics=false, useSimpleStatistics=true, useSmartClassLoading=true, useTransactions=true, writePercentage=10, writeTxPercentage=5 }
 INFO  [main] {org.radargun.Slave} Ack successfully sent to the master
[GC 1611478K(2944320K), 0.0983090 secs]
[GC 880813K->642515K(2944320K), 0.0634220 secs]
[GC 898767K->634914K(2944320K), 0.0656060 secs]
 INFO  [main] {org.radargun.Slave} Master shutdown!
 INFO  [Thread-0] {org.radargun.ShutDownHook} Slave process is being shutdown
