/usr/java/jdk1.7.0_21/bin/java -server -Xmx1024M -Xms1024M -Dresolve.dns=false -Djgroups.timer.num_threads=4 -verbose:gc -Xmx5000M -Xms3000M -server -XX:+UseConcMarkSweepGC -XX:+AggressiveOpts -verbose:gc -XX:ParallelGCThreads=4 -XX:NewRatio=5 -XX:SurvivorRatio=2 -Dhazelcast.operation.thread.count=4 -Djava.net.preferIPv4Stack=true -Dlog4j.file.prefix=deimos-esw-14425 -Dbind.address= -Djgroups.bind_addr= -classpath /home/smf/github/radargun/target/distribution/RadarGun-1.1.0-SNAPSHOT/lib/activation-1.1.jar:/home/smf/github/radargun/target/distribution/RadarGun-1.1.0-SNAPSHOT/lib/commons-beanutils-1.8.0.jar:/home/smf/github/radargun/target/distribution/RadarGun-1.1.0-SNAPSHOT/lib/commons-digester-2.0.jar:/home/smf/github/radargun/target/distribution/RadarGun-1.1.0-SNAPSHOT/lib/commons-logging-1.1.1.jar:/home/smf/github/radargun/target/distribution/RadarGun-1.1.0-SNAPSHOT/lib/commons-math-1.2.jar:/home/smf/github/radargun/target/distribution/RadarGun-1.1.0-SNAPSHOT/lib/jboss-transaction-api-1.0.1.GA.jar:/home/smf/github/radargun/target/distribution/RadarGun-1.1.0-SNAPSHOT/lib/jcommon-1.0.15.jar:/home/smf/github/radargun/target/distribution/RadarGun-1.1.0-SNAPSHOT/lib/jfreechart-1.0.12.jar:/home/smf/github/radargun/target/distribution/RadarGun-1.1.0-SNAPSHOT/lib/log4j-1.2.14.jar:/home/smf/github/radargun/target/distribution/RadarGun-1.1.0-SNAPSHOT/lib/mail-1.4.2.jar:/home/smf/github/radargun/target/distribution/RadarGun-1.1.0-SNAPSHOT/lib/radargun-framework-1.1.0-SNAPSHOT.jar:/home/smf/github/radargun/target/distribution/RadarGun-1.1.0-SNAPSHOT/conf org.radargun.Slave -master 127.0.0.1:2103
--------------------------------------------------------------------------------
PerNodeRollingFileAppender::Using file prefix:deimos-esw-14425
 INFO  [main] {org.radargun.Slave} Attempting to connect to master 127.0.0.1:2103
 INFO  [main] {org.radargun.Slave} Successfully established connection with master at: 127.0.0.1:2103
Loading JARS from /home/smf/github/radargun/target/distribution/RadarGun-1.1.0-SNAPSHOT/lib/radargun-framework-1.1.0-SNAPSHOT.jar
 INFO  [pool-1-thread-1] {org.radargun.config.AnnotatedHelper} Loading JARS from /home/smf/github/radargun/target/distribution/RadarGun-1.1.0-SNAPSHOT/lib/radargun-framework-1.1.0-SNAPSHOT.jar
 INFO  [pool-1-thread-1] {org.radargun.config.AnnotatedHelper} Loading JARS from /home/smf/github/radargun/target/distribution/RadarGun-1.1.0-SNAPSHOT/lib/radargun-framework-1.1.0-SNAPSHOT.jar
 INFO  [pool-1-thread-1] {org.radargun.Slave} Executing stage: DestroyWrapper {enforceMemoryThrashHold=true, exitBenchmarkOnSlaveFailure=false, heapDumpDir=null, memoryThreshold=95, runOnAllSlaves=true, slaves=null, useSmartClassLoading=true }
 INFO  [pool-1-thread-1] {org.radargun.stages.DestroyWrapperStage} Received destroy cache wrapper request from master...
 INFO  [pool-1-thread-1] {org.radargun.stages.DestroyWrapperStage} No cache wrapper deployed on this slave, nothing to do.
 INFO  [pool-1-thread-1] {org.radargun.stages.DestroyWrapperStage} Before executing clear, memory looks like this: Memory - free: 2,928,638 kb - max:4,906,688 kb- total:2,944,000 kb
[Full GC 15361K->3631K(2944000K), 0.0850890 secs]
 INFO  [pool-1-thread-1] {org.radargun.stages.DestroyWrapperStage} After executing cleanup, memory looks like this: Memory - free: 2,935,311 kb - max:4,906,688 kb- total:2,944,064 kb
 INFO  [pool-1-thread-1] {org.radargun.Slave} Finished stage: DestroyWrapper {enforceMemoryThrashHold=true, exitBenchmarkOnSlaveFailure=false, heapDumpDir=null, memoryThreshold=95, runOnAllSlaves=true, slaves=null, useSmartClassLoading=true }
 INFO  [main] {org.radargun.Slave} Ack successfully sent to the master
 INFO  [pool-1-thread-1] {org.radargun.Slave} Executing stage: StartCluster {config=mvcc/mvcc-repl-sync.xml, delayAfterFirstSlaveStarts=5.000 secs, delayBetweenStartingSlaves=0.500 secs, exitBenchmarkOnSlaveFailure=true, expectNumSlaves=null, mayFailOn=null, reachable=null, runOnAllSlaves=false, slaves=null, staggerSlaveStartup=true, useSmartClassLoading=true, validateCluster=true }
 INFO  [pool-1-thread-1] {org.radargun.stages.StartClusterStage}  Startup staggering, starting 8 slaves. This is the slave with index 5. Sleeping for 7500 millis.
 INFO  [pool-1-thread-1] {org.radargun.stages.StartClusterStage} Ack master's StartCluster stage. Local address is: /127.0.0.1. This slave's index is: 5
 INFO  [pool-1-thread-1] {org.radargun.utils.ClassLoadHelper} Creating newInstance org.radargun.cachewrappers.JBossCache3Wrapper with classloader java.net.URLClassLoader@52b2f956
 INFO  [pool-1-thread-1] {org.radargun.cachewrappers.JBossCache3Wrapper} Creating cache with the following configuration: mvcc/mvcc-repl-sync.xml
 WARN  [pool-1-thread-1] {org.jboss.cache.transaction.GenericTransactionManagerLookup} Falling back to JBoss Cache's internal DummyTransactionManager
 WARN  [pool-1-thread-1] {org.jgroups.protocols.pbcast.STREAMING_STATE_TRANSFER} use_reading_thread has been deprecated and its value will be ignored

---------------------------------------------------------
GMS: address is 127.0.0.1:46700 (cluster=JBossCache-Cluster)
---------------------------------------------------------
 INFO  [pool-1-thread-1] {org.radargun.cachewrappers.JBossCache3Wrapper} Running cache with following config: org.jboss.cache.config.Configuration@aa6970fb
 INFO  [pool-1-thread-1] {org.radargun.cachewrappers.JBossCache3Wrapper} Running following JBossCacheVersion: 3.2.1.GA
 INFO  [pool-1-thread-1] {org.radargun.cachewrappers.JBossCache3Wrapper} Running following JBossCacheCodeName: Malagueta
 INFO  [pool-1-thread-1] {org.radargun.cachewrappers.JBossCache3Wrapper} JGroups version: 2.6.13.GA
 INFO  [pool-1-thread-1] {org.radargun.stages.helpers.StartHelper} Number of members=6 is not the one expected: 8
 INFO  [pool-1-thread-1] {org.radargun.stages.helpers.StartHelper} Number of members=7 is not the one expected: 8
 INFO  [pool-1-thread-1] {org.radargun.stages.helpers.StartHelper} Number of members is the one expected: 8
 INFO  [pool-1-thread-1] {org.radargun.stages.StartClusterStage} Successfully started cache wrapper on slave 5: org.radargun.cachewrappers.JBossCache3Wrapper@2e6b1a66
 INFO  [pool-1-thread-1] {org.radargun.Slave} Finished stage: StartCluster {config=mvcc/mvcc-repl-sync.xml, delayAfterFirstSlaveStarts=5.000 secs, delayBetweenStartingSlaves=0.500 secs, exitBenchmarkOnSlaveFailure=true, expectNumSlaves=null, mayFailOn=null, reachable=null, runOnAllSlaves=false, slaves=null, staggerSlaveStartup=true, useSmartClassLoading=true, validateCluster=true }
 INFO  [main] {org.radargun.Slave} Ack successfully sent to the master
 INFO  [pool-1-thread-1] {org.radargun.Slave} Executing stage: ClusterValidation {exitBenchmarkOnSlaveFailure=false, partialReplication=false, replicationTimeSleep=2000, replicationTryCount=60, runOnAllSlaves=false, slaves=null, useSmartClassLoading=true }
 INFO  [pool-1-thread-1] {org.radargun.stages.ClusterValidationStage} Number of caches that replicated here is 7
 INFO  [pool-1-thread-1] {org.radargun.stages.ClusterValidationStage} Replication test successfully passed. partialReplication? false, replicationCount = 7
 INFO  [pool-1-thread-1] {org.radargun.stages.ClusterValidationStage} Confirm phase successful.
 INFO  [pool-1-thread-1] {org.radargun.Slave} Finished stage: ClusterValidation {exitBenchmarkOnSlaveFailure=false, partialReplication=false, replicationTimeSleep=2000, replicationTryCount=60, runOnAllSlaves=false, slaves=[ 0, 1, 2, 3, 4, 5, 6, 7 ], useSmartClassLoading=true }
 INFO  [main] {org.radargun.Slave} Ack successfully sent to the master
 INFO  [pool-1-thread-1] {org.radargun.Slave} Executing stage: StressTestWarmup {bulkSize=1, cacheSpecificKeyGenerator=false, commitTransactions=true, duration=1 mins 0 secs, entrySize=1000, exitBenchmarkOnSlaveFailure=false, fixedKeys=true, generateHistogramRange=false, keyGeneratorClass=org.radargun.stressors.StringKeyGenerator, keyGeneratorParam=null, loadAllKeys=false, numEntries=100, numOfThreads=4, numRequests=10000, numThreads=4, numberOfAttributes=100, numberOfRequests=10000, opsCountStatusLog=100000, poolKeys=true, preferAsyncOperations=false, removePercentage=0, replaceInvalidPercentage=40, runOnAllSlaves=false, sharedKeys=false, sizeOfAnAttribute=1000, slaves=null, transactionSize=50, useAtomics=false, useHistogramStatistics=false, useSimpleStatistics=true, useSmartClassLoading=true, useTransactions=null, writePercentage=20, writeTxPercentage=20 }
 INFO  [pool-1-thread-1] {org.radargun.stages.StressTestWarmupStage} Starting StressTestWarmupStage: StressTestWarmup {bulkSize=1, cacheSpecificKeyGenerator=false, commitTransactions=true, duration=1 mins 0 secs, entrySize=1000, exitBenchmarkOnSlaveFailure=false, fixedKeys=true, generateHistogramRange=false, keyGeneratorClass=org.radargun.stressors.StringKeyGenerator, keyGeneratorParam=null, loadAllKeys=false, numEntries=100, numOfThreads=4, numRequests=10000, numThreads=4, numberOfAttributes=100, numberOfRequests=10000, opsCountStatusLog=100000, poolKeys=true, preferAsyncOperations=false, removePercentage=0, replaceInvalidPercentage=40, runOnAllSlaves=false, sharedKeys=false, sizeOfAnAttribute=1000, slaves=null, transactionSize=50, useAtomics=false, useHistogramStatistics=false, useSimpleStatistics=true, useSmartClassLoading=true, useTransactions=null, writePercentage=20, writeTxPercentage=20 }
 INFO  [pool-1-thread-1] {org.radargun.stressors.StressTestStressor} Using key generator org.radargun.stressors.StringKeyGenerator, param null
 INFO  [pool-1-thread-1] {org.radargun.stressors.StressTestStressor} Executing: StressTestStressor{opsCountStatusLog=100000, numRequests=10000, numEntries=100, entrySize=1000, writePercentage=20, numThreads=4, cacheWrapper=org.radargun.cachewrappers.JBossCache3Wrapper@2e6b1a66, nodeIndex=5, useTransactions=true, transactionSize=50, commitTransactions=true, durationMillis=60000}
 INFO  [pool-1-thread-1] {org.radargun.stressors.StressTestStressor} Cache wrapper info is: Num direct children: 8
 INFO  [pool-1-thread-1] {org.radargun.stressors.StressTestStressor} Started 4 stressor threads.
[GC 259695K->12407K(2944064K), 0.0350940 secs]
 INFO  [Stressor-1] {org.radargun.stressors.StressTestStressor} Number of ops executed so far: 1. Elapsed time: 0.045 secs. Remaining: 59.955 secs. Total: 1 mins 0 secs
[GC 268471K->13802K(2944064K), 0.0297020 secs]
[GC 269866K->15051K(2944064K), 0.0252420 secs]
[GC 271115K->15426K(2944064K), 0.0277760 secs]
[GC 271490K->15626K(2944064K), 0.0268120 secs]
[GC 271690K->15420K(2944064K), 0.0253470 secs]
[GC 271484K->17030K(2944064K), 0.0309520 secs]
[GC 273094K->17783K(2944064K), 0.0311730 secs]
[GC 273847K->18374K(2944064K), 0.0327920 secs]
[GC 274438K->15668K(2944064K), 0.0300610 secs]
[GC 271732K->17136K(2944064K), 0.0337240 secs]
[GC 273200K->15333K(2944064K), 0.0333560 secs]
[GC 271397K->15787K(2944064K), 0.0326870 secs]
[GC 271851K->15134K(2944064K), 0.0307070 secs]
[GC 271198K->17355K(2944064K), 0.0293750 secs]
[GC 273419K->18066K(2944064K), 0.0483090 secs]
[GC 274130K->13404K(2944064K), 0.0271410 secs]
[GC 269468K->13383K(2944064K), 0.0216450 secs]
[GC 269447K->15897K(2944064K), 0.0256480 secs]
[GC 271961K->14219K(2944064K), 0.0235470 secs]
[GC 270283K->12978K(2944064K), 0.0275380 secs]
[GC 269042K->14566K(2944064K), 0.0301800 secs]
 INFO  [Stressor-2] {org.radargun.stressors.StressTestStressor} Number of ops executed so far: 518850. Elapsed time: 20.577 secs. Remaining: 39.423 secs. Total: 1 mins 0 secs
[GC 270630K->13443K(2944064K), 0.0260040 secs]
[GC 269507K->13491K(2944064K), 0.0290400 secs]
[GC 269555K->13939K(2944064K), 0.0260050 secs]
[GC 270003K->16075K(2944064K), 0.0306560 secs]
[GC 272139K->15790K(2944064K), 0.0251020 secs]
[GC 271854K->14272K(2944064K), 0.0266720 secs]
[GC 270336K->13462K(2944064K), 0.0227570 secs]
[GC 269526K->15952K(2944064K), 0.0256040 secs]
[GC 272016K->17065K(2944064K), 0.0273970 secs]
[GC 273129K->14775K(2944064K), 0.0250840 secs]
[GC 270839K->12413K(2944064K), 0.0303850 secs]
[GC 268477K->15959K(2944064K), 0.0278430 secs]
[GC 272023K->13624K(2944064K), 0.0291430 secs]
[GC 269688K->14657K(2944064K), 0.0270850 secs]
[GC 270721K->14615K(2944064K), 0.0262850 secs]
[GC 270679K->14326K(2944064K), 0.0265330 secs]
[GC 270390K->12222K(2944064K), 0.0282040 secs]
[GC 268286K->13182K(2944064K), 0.0265460 secs]
[GC 269246K->14090K(2944064K), 0.0259600 secs]
[GC 270154K->15234K(2944064K), 0.0250380 secs]
[GC 271298K->12994K(2944064K), 0.0292460 secs]
[GC 269058K->15622K(2944064K), 0.0316080 secs]
[GC 271686K->17742K(2944064K), 0.0279590 secs]
[GC 273806K->17538K(2944064K), 0.0285510 secs]
[GC 273602K->19183K(2944064K), 0.0256780 secs]
 INFO  [Stressor-2] {org.radargun.stressors.StressTestStressor} Number of ops executed so far: 1068350. Elapsed time: 40.577 secs. Remaining: 19.423 secs. Total: 1 mins 0 secs
[GC 275247K->17836K(2944064K), 0.0256300 secs]
[GC 273900K->15582K(2944064K), 0.0235760 secs]
[GC 271646K->15252K(2944064K), 0.0248240 secs]
[GC 271316K->13724K(2944064K), 0.0236700 secs]
[GC 269788K->16167K(2944064K), 0.0292240 secs]
[GC 272231K->15924K(2944064K), 0.0280190 secs]
[GC 271988K->13300K(2944064K), 0.0246970 secs]
[GC 269364K->15982K(2944064K), 0.0260600 secs]
[GC 272046K->14393K(2944064K), 0.0261140 secs]
[GC 270457K->12953K(2944064K), 0.0248200 secs]
[GC 269017K->16041K(2944064K), 0.0271910 secs]
[GC 272105K->14131K(2944064K), 0.0285190 secs]
[GC 270195K->14375K(2944064K), 0.0275940 secs]
[GC 270439K->16067K(2944064K), 0.0287640 secs]
[GC 272131K->15883K(2944064K), 0.0250330 secs]
[GC 271947K->13956K(2944064K), 0.0268260 secs]
[GC 270020K->13656K(2944064K), 0.0280220 secs]
[GC 269720K->14889K(2944064K), 0.0281820 secs]
[GC 270953K->15937K(2944064K), 0.0273580 secs]
[GC 272001K->16121K(2944064K), 0.0274360 secs]
[GC 272185K->18373K(2944064K), 0.0304760 secs]
[GC 274437K->17998K(2944064K), 0.0273450 secs]
[GC 274062K->13317K(2944064K), 0.0270490 secs]
 INFO  [pool-1-thread-1] {org.radargun.stressors.StressTestStressor} Finished generating report. Test duration is: 1 mins 1 secs
 INFO  [pool-1-thread-1] {org.radargun.stages.StressTestWarmupStage} The warmup took: 61 seconds.
 INFO  [pool-1-thread-1] {org.radargun.Slave} Finished stage: StressTestWarmup {bulkSize=1, cacheSpecificKeyGenerator=false, commitTransactions=true, duration=1 mins 0 secs, entrySize=1000, exitBenchmarkOnSlaveFailure=false, fixedKeys=true, generateHistogramRange=false, keyGeneratorClass=org.radargun.stressors.StringKeyGenerator, keyGeneratorParam=null, loadAllKeys=false, numEntries=100, numOfThreads=4, numRequests=10000, numThreads=4, numberOfAttributes=100, numberOfRequests=10000, opsCountStatusLog=100000, poolKeys=true, preferAsyncOperations=false, removePercentage=0, replaceInvalidPercentage=40, runOnAllSlaves=false, sharedKeys=false, sizeOfAnAttribute=1000, slaves=null, transactionSize=50, useAtomics=false, useHistogramStatistics=false, useSimpleStatistics=true, useSmartClassLoading=true, useTransactions=null, writePercentage=20, writeTxPercentage=20 }
 INFO  [main] {org.radargun.Slave} Ack successfully sent to the master
 INFO  [pool-1-thread-1] {org.radargun.Slave} Executing stage: ClearClusterStage {ClearCluster {exitBenchmarkOnSlaveFailure=false, runOnAllSlaves=false, slaves=[ 0 ], useSmartClassLoading=true }
 INFO  [pool-1-thread-1] {org.radargun.stages.ClearClusterStage} Before executing clear, memory looks like this: Memory - free: 2,793,354 kb - max:4,906,688 kb- total:2,944,064 kb
[Full GC 150709K->8101K(2944064K), 0.1820440 secs]
 INFO  [pool-1-thread-1] {org.radargun.stages.ClearClusterStage} After executing cleanup, memory looks like this: Memory - free: 2,933,256 kb - max:4,906,688 kb- total:2,944,320 kb
 INFO  [pool-1-thread-1] {org.radargun.Slave} Finished stage: ClearClusterStage {ClearCluster {exitBenchmarkOnSlaveFailure=false, runOnAllSlaves=false, slaves=[ 0 ], useSmartClassLoading=true }
 INFO  [main] {org.radargun.Slave} Ack successfully sent to the master
 INFO  [pool-1-thread-1] {org.radargun.Slave} Executing stage: StressTest {bulkSize=1, cacheSpecificKeyGenerator=false, commitTransactions=true, duration=1 mins 0 secs, entrySize=1000, exitBenchmarkOnSlaveFailure=false, fixedKeys=true, generateHistogramRange=false, keyGeneratorClass=org.radargun.stressors.StringKeyGenerator, keyGeneratorParam=null, loadAllKeys=false, numEntries=10000, numOfThreads=4, numRequests=10000000, numThreads=4, numberOfAttributes=10000, numberOfRequests=10000000, opsCountStatusLog=500000, poolKeys=true, preferAsyncOperations=false, removePercentage=0, replaceInvalidPercentage=40, runOnAllSlaves=false, sharedKeys=false, sizeOfAnAttribute=1000, slaves=null, transactionSize=10000, useAtomics=false, useHistogramStatistics=false, useSimpleStatistics=true, useSmartClassLoading=true, useTransactions=true, writePercentage=10, writeTxPercentage=5 }
 INFO  [pool-1-thread-1] {org.radargun.stages.StressTestStage} Starting StressTestStage: StressTest {bulkSize=1, cacheSpecificKeyGenerator=false, commitTransactions=true, duration=1 mins 0 secs, entrySize=1000, exitBenchmarkOnSlaveFailure=false, fixedKeys=true, generateHistogramRange=false, keyGeneratorClass=org.radargun.stressors.StringKeyGenerator, keyGeneratorParam=null, loadAllKeys=false, numEntries=10000, numOfThreads=4, numRequests=10000000, numThreads=4, numberOfAttributes=10000, numberOfRequests=10000000, opsCountStatusLog=500000, poolKeys=true, preferAsyncOperations=false, removePercentage=0, replaceInvalidPercentage=40, runOnAllSlaves=false, sharedKeys=false, sizeOfAnAttribute=1000, slaves=null, transactionSize=10000, useAtomics=false, useHistogramStatistics=false, useSimpleStatistics=true, useSmartClassLoading=true, useTransactions=true, writePercentage=10, writeTxPercentage=5 }
 INFO  [pool-1-thread-1] {org.radargun.stressors.StressTestStressor} Using key generator org.radargun.stressors.StringKeyGenerator, param null
 INFO  [pool-1-thread-1] {org.radargun.stressors.StressTestStressor} Executing: StressTestStressor{opsCountStatusLog=500000, numRequests=10000000, numEntries=10000, entrySize=1000, writePercentage=10, numThreads=4, cacheWrapper=org.radargun.cachewrappers.JBossCache3Wrapper@2e6b1a66, nodeIndex=5, useTransactions=true, transactionSize=10000, commitTransactions=true, durationMillis=60000}
 INFO  [pool-1-thread-1] {org.radargun.stressors.StressTestStressor} Cache wrapper info is: Num direct children: 40
[GC 264357K->23251K(2944320K), 0.0348860 secs]
[GC 279507K->37245K(2944320K), 0.0401720 secs]
[GC 293497K->50930K(2944320K), 0.0340570 secs]
[GC 307186K->63775K(2944320K), 0.0327900 secs]
[GC 320031K->80772K(2944320K), 0.0407790 secs]
[GC 337028K->97562K(2944320K), 0.0409200 secs]
[GC 353818K->112946K(2944320K), 0.0421260 secs]
[GC 369202K->98822K(2944320K), 0.0476990 secs]
[GC 355078K->140670K(2944320K), 0.0624110 secs]
[GC 396926K->108062K(2944320K), 0.0495080 secs]
[GC 364318K->140605K(2944320K), 0.0402410 secs]
[GC 396861K->151700K(2944320K), 0.0518870 secs]
[GC 407956K->128885K(2944320K), 0.0487080 secs]
[GC 385141K->161223K(2944320K), 0.0408270 secs]
[GC 417479K->134287K(2944320K), 0.0477320 secs]
[GC 390543K->163415K(2944320K), 0.0483760 secs]
[GC 419671K->184515K(2944320K), 0.0439750 secs]
[GC 440771K->149852K(2944320K), 0.0480430 secs]
[GC 406108K->179322K(2944320K), 0.0486320 secs]
[GC 435578K->185469K(2944320K), 0.0428390 secs]
[GC 441725K->183089K(2944320K), 0.0464700 secs]
[GC 439345K->173049K(2944320K), 0.0448580 secs]
[GC 429305K->193773K(2944320K), 0.0539510 secs]
[GC 450029K->206994K(2944320K), 0.0437930 secs]
[GC 463250K->202941K(2944320K), 0.0471010 secs]
[GC 459197K->223635K(2944320K), 0.0470650 secs]
[GC 479891K->195099K(2944320K), 0.0465780 secs]
[GC 451355K->237869K(2944320K), 0.0440610 secs]
[GC 494125K->201809K(2944320K), 0.0461050 secs]
[GC 458065K->231345K(2944320K), 0.0460830 secs]
[GC 487590K->244448K(2944320K), 0.0495460 secs]
[GC 500704K->218752K(2944320K), 0.0462890 secs]
[GC 475008K->230765K(2944320K), 0.0454510 secs]
[GC 487015K->251248K(2944320K), 0.0443670 secs]
[GC 507504K->262323K(2944320K), 0.0479400 secs]
[GC 518579K->233740K(2944320K), 0.0454780 secs]
[GC 489996K->253125K(2944320K), 0.0422860 secs]
[GC 509381K->269439K(2944320K), 0.0439630 secs]
[GC 525668K->242633K(2944320K), 0.0428150 secs]
[GC 498889K->267204K(2944320K), 0.0423670 secs]
[GC 523460K->262286K(2944320K), 0.0441910 secs]
[GC 518518K->266017K(2944320K), 0.0422420 secs]
[GC 522252K->253992K(2944320K), 0.0417580 secs]
[GC 510248K->256968K(2944320K), 0.0443040 secs]
[GC 513224K->273159K(2944320K), 0.0446170 secs]
[GC 529415K->275662K(2944320K), 0.0416060 secs]
[GC 531918K->276810K(2944320K), 0.0464900 secs]
[GC 533066K->266166K(2944320K), 0.0448250 secs]
[GC 522384K->281497K(2944320K), 0.0418370 secs]
[GC 537753K->284634K(2944320K), 0.0445200 secs]
[GC 540890K->300191K(2944320K), 0.0368450 secs]
[GC 556411K->278593K(2944320K), 0.0395900 secs]
[GC 534849K->309960K(2944320K), 0.0392820 secs]
[GC 566216K->282411K(2944320K), 0.0463300 secs]
[GC 538651K->315309K(2944320K), 0.0394720 secs]
[GC 571565K->288685K(2944320K), 0.0403020 secs]
[GC 544941K->299034K(2944320K), 0.0387080 secs]
[GC 555290K->295695K(2944320K), 0.0389110 secs]
[GC 551946K->300204K(2944320K), 0.0363220 secs]
[GC 556415K->315925K(2944320K), 0.0448050 secs]
[GC 572181K->319211K(2944320K), 0.0434570 secs]
[GC 575467K->322674K(2944320K), 0.0435550 secs]
[GC 578930K->325824K(2944320K), 0.0445610 secs]
[GC 582080K->341255K(2944320K), 0.0404020 secs]
[GC 597511K->327109K(2944320K), 0.0426340 secs]
[GC 583321K->350540K(2944320K), 0.0390940 secs]
[GC 606796K->323526K(2944320K), 0.0408880 secs]
[GC 579782K->333772K(2944320K), 0.0407110 secs]
[GC 590028K->342715K(2944320K), 0.0383300 secs]
[GC 598971K->359457K(2944320K), 0.0365490 secs]
[GC 615701K->338142K(2944320K), 0.0439130 secs]
[GC 594398K->358467K(2944320K), 0.0376340 secs]
[GC 614723K->367432K(2944320K), 0.0380680 secs]
[GC 623688K->347304K(2944320K), 0.0389430 secs]
[GC 603560K->356254K(2944320K), 0.0471660 secs]
[GC 612459K->364735K(2944320K), 0.0397070 secs]
[GC 620991K->381576K(2944320K), 0.0362650 secs]
[GC 637809K->360291K(2944320K), 0.0437670 secs]
[GC 616528K->392089K(2944320K), 0.0430440 secs]
[GC 648288K->364641K(2944320K), 0.0413750 secs]
[GC 620897K->375183K(2944320K), 0.0431000 secs]
[GC 631439K->407952K(2944320K), 0.0436360 secs]
[GC 664208K->412719K(2944320K), 0.0664370 secs]
 INFO  [pool-1-thread-1] {org.radargun.stressors.StressTestStressor} Started 4 stressor threads.
 INFO  [Stressor-3] {org.radargun.stressors.StressTestStressor} Number of ops executed so far: 1. Elapsed time: 0.001 secs. Remaining: 59.999 secs. Total: 1 mins 0 secs
[GC 668975K->472365K(2944320K), 0.0978530 secs]
[GC 728621K->471836K(2944320K), 0.0865940 secs]
[GC 728092K->497303K(2944320K), 0.0657410 secs]
[GC 753559K->531091K(2944320K), 0.0827970 secs]
[GC 787287K->562290K(2944320K), 0.0870970 secs]
[GC 818546K->561612K(2944320K), 0.0787170 secs]
[GC 817688K->563662K(2944320K), 0.0591040 secs]
[GC 819918K->611386K(2944320K), 0.0696650 secs]
[GC 867642K->608486K(2944320K), 0.0765330 secs]
[GC 864086K->672514K(2944320K), 0.1021120 secs]
 INFO  [Stressor-3] {org.radargun.stressors.StressTestStressor} Number of ops executed so far: 857280. Elapsed time: 20.001 secs. Remaining: 39.999 secs. Total: 1 mins 0 secs
[GC 928770K->704346K(2944320K), 0.0930620 secs]
[GC 960602K->744300K(2944320K), 0.0973890 secs]
[GC 1000556K->729080K(2944320K), 0.0739790 secs]
[GC 985285K->769311K(2944320K), 0.0775390 secs]
[GC 1025567K->788539K(2944320K), 0.0521960 secs]
[GC 1044780K->780423K(2944320K), 0.0698350 secs]
[GC 1036640K->784750K(2944320K), 0.0595000 secs]
[GC 1041006K->814376K(2944320K), 0.0590310 secs]
[GC 1070578K->847402K(2944320K), 0.0734250 secs]
[GC 1103658K->884512K(2944320K), 0.0791580 secs]
[GC 1140768K->897278K(2944320K), 0.0586580 secs]
 INFO  [Stressor-2] {org.radargun.stressors.StressTestStressor} Number of ops executed so far: 3703619. Elapsed time: 40.001 secs. Remaining: 19.999 secs. Total: 1 mins 0 secs
[GC 1153534K->917009K(2944320K), 0.0588590 secs]
[GC 1173265K->912064K(2944320K), 0.0784320 secs]
[GC 1168070K->956867K(2944320K), 0.0592350 secs]
[GC 1212250K->970540K(2944320K), 0.0694490 secs]
[GC 1226770K->989289K(2944320K), 0.0714860 secs]
[GC 1245545K->996188K(2944320K), 0.0633470 secs]
[GC 1252407K->1033547K(2944320K), 0.0737380 secs]
[GC 1289799K->1035712K(2944320K), 0.0639280 secs]
[GC 1291923K->1031391K(2944320K), 0.0567470 secs]
[GC 1287647K->1039383K(2944320K), 0.0360520 secs]
 INFO  [Stressor-1] {org.radargun.stressors.StressTestStressor} Number of ops executed so far: 4574119. Elapsed time: 1 mins 0 secs. Remaining: 0.000 secs. Total: 1 mins 0 secs
 INFO  [pool-1-thread-1] {org.radargun.stressors.StressTestStressor} Finished generating report. Test duration is: 1 mins 59 secs
 INFO  [pool-1-thread-1] {org.radargun.stages.StressTestStage} size info: Num direct children: 40, clusterSize:8, nodeIndex:5, cacheSize: -1
 INFO  [pool-1-thread-1] {org.radargun.Slave} Finished stage: StressTest {bulkSize=1, cacheSpecificKeyGenerator=false, commitTransactions=true, duration=1 mins 0 secs, entrySize=1000, exitBenchmarkOnSlaveFailure=false, fixedKeys=true, generateHistogramRange=false, keyGeneratorClass=org.radargun.stressors.StringKeyGenerator, keyGeneratorParam=null, loadAllKeys=false, numEntries=10000, numOfThreads=4, numRequests=10000000, numThreads=4, numberOfAttributes=10000, numberOfRequests=10000000, opsCountStatusLog=500000, poolKeys=true, preferAsyncOperations=false, removePercentage=0, replaceInvalidPercentage=40, runOnAllSlaves=false, sharedKeys=false, sizeOfAnAttribute=1000, slaves=null, transactionSize=10000, useAtomics=false, useHistogramStatistics=false, useSimpleStatistics=true, useSmartClassLoading=true, useTransactions=true, writePercentage=10, writeTxPercentage=5 }
 INFO  [main] {org.radargun.Slave} Ack successfully sent to the master
 INFO  [main] {org.radargun.Slave} Master shutdown!
 INFO  [Thread-0] {org.radargun.ShutDownHook} Slave process is being shutdown
