/usr/java/jdk1.7.0_21/bin/java -server -Xmx1024M -Xms1024M -Dresolve.dns=false -Djgroups.timer.num_threads=4 -verbose:gc -Xmx5000M -Xms3000M -server -XX:+UseConcMarkSweepGC -XX:+AggressiveOpts -verbose:gc -XX:ParallelGCThreads=4 -XX:NewRatio=5 -XX:SurvivorRatio=2 -Dhazelcast.operation.thread.count=4 -Djava.net.preferIPv4Stack=true -Dlog4j.file.prefix=deimos-esw-31998 -Dbind.address= -Djgroups.bind_addr= -classpath /home/smf/github/radargun/target/distribution/RadarGun-1.1.0-SNAPSHOT/lib/activation-1.1.jar:/home/smf/github/radargun/target/distribution/RadarGun-1.1.0-SNAPSHOT/lib/commons-beanutils-1.8.0.jar:/home/smf/github/radargun/target/distribution/RadarGun-1.1.0-SNAPSHOT/lib/commons-digester-2.0.jar:/home/smf/github/radargun/target/distribution/RadarGun-1.1.0-SNAPSHOT/lib/commons-logging-1.1.1.jar:/home/smf/github/radargun/target/distribution/RadarGun-1.1.0-SNAPSHOT/lib/commons-math-1.2.jar:/home/smf/github/radargun/target/distribution/RadarGun-1.1.0-SNAPSHOT/lib/jboss-transaction-api-1.0.1.GA.jar:/home/smf/github/radargun/target/distribution/RadarGun-1.1.0-SNAPSHOT/lib/jcommon-1.0.15.jar:/home/smf/github/radargun/target/distribution/RadarGun-1.1.0-SNAPSHOT/lib/jfreechart-1.0.12.jar:/home/smf/github/radargun/target/distribution/RadarGun-1.1.0-SNAPSHOT/lib/log4j-1.2.14.jar:/home/smf/github/radargun/target/distribution/RadarGun-1.1.0-SNAPSHOT/lib/mail-1.4.2.jar:/home/smf/github/radargun/target/distribution/RadarGun-1.1.0-SNAPSHOT/lib/radargun-framework-1.1.0-SNAPSHOT.jar:/home/smf/github/radargun/target/distribution/RadarGun-1.1.0-SNAPSHOT/conf org.radargun.Slave -master 127.0.0.1:2103
--------------------------------------------------------------------------------
PerNodeRollingFileAppender::Using file prefix:deimos-esw-31998
 INFO  [main] {org.radargun.Slave} Attempting to connect to master 127.0.0.1:2103
 INFO  [main] {org.radargun.Slave} Successfully established connection with master at: 127.0.0.1:2103
Loading JARS from /home/smf/github/radargun/target/distribution/RadarGun-1.1.0-SNAPSHOT/lib/radargun-framework-1.1.0-SNAPSHOT.jar
 INFO  [pool-1-thread-1] {org.radargun.config.AnnotatedHelper} Loading JARS from /home/smf/github/radargun/target/distribution/RadarGun-1.1.0-SNAPSHOT/lib/radargun-framework-1.1.0-SNAPSHOT.jar
 INFO  [pool-1-thread-1] {org.radargun.config.AnnotatedHelper} Loading JARS from /home/smf/github/radargun/target/distribution/RadarGun-1.1.0-SNAPSHOT/lib/radargun-framework-1.1.0-SNAPSHOT.jar
 INFO  [pool-1-thread-1] {org.radargun.Slave} Executing stage: DestroyWrapper {enforceMemoryThrashHold=true, exitBenchmarkOnSlaveFailure=false, heapDumpDir=null, memoryThreshold=95, runOnAllSlaves=true, slaves=null, useSmartClassLoading=true }
 INFO  [pool-1-thread-1] {org.radargun.stages.DestroyWrapperStage} Received destroy cache wrapper request from master...
 INFO  [pool-1-thread-1] {org.radargun.stages.DestroyWrapperStage} No cache wrapper deployed on this slave, nothing to do.
 INFO  [pool-1-thread-1] {org.radargun.stages.DestroyWrapperStage} Before executing clear, memory looks like this: Memory - free: 2,928,638 kb - max:4,906,688 kb- total:2,944,000 kb
[Full GC 15361K->3631K(2944000K), 0.0822290 secs]
 INFO  [pool-1-thread-1] {org.radargun.stages.DestroyWrapperStage} After executing cleanup, memory looks like this: Memory - free: 2,935,311 kb - max:4,906,688 kb- total:2,944,064 kb
 INFO  [pool-1-thread-1] {org.radargun.Slave} Finished stage: DestroyWrapper {enforceMemoryThrashHold=true, exitBenchmarkOnSlaveFailure=false, heapDumpDir=null, memoryThreshold=95, runOnAllSlaves=true, slaves=null, useSmartClassLoading=true }
 INFO  [main] {org.radargun.Slave} Ack successfully sent to the master
 INFO  [pool-1-thread-1] {org.radargun.Slave} Executing stage: StartCluster {config=mvcc/mvcc-repl-sync.xml, delayAfterFirstSlaveStarts=5.000 secs, delayBetweenStartingSlaves=0.500 secs, exitBenchmarkOnSlaveFailure=true, expectNumSlaves=null, mayFailOn=null, reachable=null, runOnAllSlaves=false, slaves=null, staggerSlaveStartup=true, useSmartClassLoading=true, validateCluster=true }
 INFO  [pool-1-thread-1] {org.radargun.stages.StartClusterStage}  Startup staggering, starting 10 slaves. This is the slave with index 1. Sleeping for 5500 millis.
 INFO  [pool-1-thread-1] {org.radargun.stages.StartClusterStage} Ack master's StartCluster stage. Local address is: /127.0.0.1. This slave's index is: 1
 INFO  [pool-1-thread-1] {org.radargun.utils.ClassLoadHelper} Creating newInstance org.radargun.cachewrappers.JBossCache3Wrapper with classloader java.net.URLClassLoader@3fbefe6e
 INFO  [pool-1-thread-1] {org.radargun.cachewrappers.JBossCache3Wrapper} Creating cache with the following configuration: mvcc/mvcc-repl-sync.xml
 WARN  [pool-1-thread-1] {org.jboss.cache.transaction.GenericTransactionManagerLookup} Falling back to JBoss Cache's internal DummyTransactionManager
 WARN  [pool-1-thread-1] {org.jgroups.protocols.pbcast.STREAMING_STATE_TRANSFER} use_reading_thread has been deprecated and its value will be ignored

---------------------------------------------------------
GMS: address is 127.0.0.1:37837 (cluster=JBossCache-Cluster)
---------------------------------------------------------
 INFO  [pool-1-thread-1] {org.radargun.cachewrappers.JBossCache3Wrapper} Running cache with following config: org.jboss.cache.config.Configuration@88eda6fc
 INFO  [pool-1-thread-1] {org.radargun.cachewrappers.JBossCache3Wrapper} Running following JBossCacheVersion: 3.2.1.GA
 INFO  [pool-1-thread-1] {org.radargun.cachewrappers.JBossCache3Wrapper} Running following JBossCacheCodeName: Malagueta
 INFO  [pool-1-thread-1] {org.radargun.cachewrappers.JBossCache3Wrapper} JGroups version: 2.6.13.GA
 INFO  [pool-1-thread-1] {org.radargun.stages.helpers.StartHelper} Number of members=3 is not the one expected: 10
 INFO  [pool-1-thread-1] {org.radargun.stages.helpers.StartHelper} Number of members=4 is not the one expected: 10
 INFO  [pool-1-thread-1] {org.radargun.stages.helpers.StartHelper} Number of members=6 is not the one expected: 10
 INFO  [pool-1-thread-1] {org.radargun.stages.helpers.StartHelper} Number of members=8 is not the one expected: 10
 INFO  [pool-1-thread-1] {org.radargun.stages.helpers.StartHelper} Number of members is the one expected: 10
 INFO  [pool-1-thread-1] {org.radargun.stages.StartClusterStage} Successfully started cache wrapper on slave 1: org.radargun.cachewrappers.JBossCache3Wrapper@76502ac9
 INFO  [pool-1-thread-1] {org.radargun.Slave} Finished stage: StartCluster {config=mvcc/mvcc-repl-sync.xml, delayAfterFirstSlaveStarts=5.000 secs, delayBetweenStartingSlaves=0.500 secs, exitBenchmarkOnSlaveFailure=true, expectNumSlaves=null, mayFailOn=null, reachable=null, runOnAllSlaves=false, slaves=null, staggerSlaveStartup=true, useSmartClassLoading=true, validateCluster=true }
 INFO  [main] {org.radargun.Slave} Ack successfully sent to the master
 INFO  [pool-1-thread-1] {org.radargun.Slave} Executing stage: ClusterValidation {exitBenchmarkOnSlaveFailure=false, partialReplication=false, replicationTimeSleep=2000, replicationTryCount=60, runOnAllSlaves=false, slaves=null, useSmartClassLoading=true }
 INFO  [pool-1-thread-1] {org.radargun.stages.ClusterValidationStage} Number of caches that replicated here is 9
 INFO  [pool-1-thread-1] {org.radargun.stages.ClusterValidationStage} Replication test successfully passed. partialReplication? false, replicationCount = 9
 INFO  [pool-1-thread-1] {org.radargun.stages.ClusterValidationStage} Confirm phase successful.
 INFO  [pool-1-thread-1] {org.radargun.Slave} Finished stage: ClusterValidation {exitBenchmarkOnSlaveFailure=false, partialReplication=false, replicationTimeSleep=2000, replicationTryCount=60, runOnAllSlaves=false, slaves=[ 0, 1, 2, 3, 4, 5, 6, 7, 8, 9 ], useSmartClassLoading=true }
 INFO  [main] {org.radargun.Slave} Ack successfully sent to the master
 INFO  [pool-1-thread-1] {org.radargun.Slave} Executing stage: StressTestWarmup {bulkSize=1, cacheSpecificKeyGenerator=false, commitTransactions=true, duration=1 mins 0 secs, entrySize=1000, exitBenchmarkOnSlaveFailure=false, fixedKeys=true, generateHistogramRange=false, keyGeneratorClass=org.radargun.stressors.StringKeyGenerator, keyGeneratorParam=null, loadAllKeys=false, numEntries=100, numOfThreads=4, numRequests=10000, numThreads=4, numberOfAttributes=100, numberOfRequests=10000, opsCountStatusLog=100000, poolKeys=true, preferAsyncOperations=false, removePercentage=0, replaceInvalidPercentage=40, runOnAllSlaves=false, sharedKeys=false, sizeOfAnAttribute=1000, slaves=null, transactionSize=50, useAtomics=false, useHistogramStatistics=false, useSimpleStatistics=true, useSmartClassLoading=true, useTransactions=null, writePercentage=20, writeTxPercentage=20 }
 INFO  [pool-1-thread-1] {org.radargun.stages.StressTestWarmupStage} Starting StressTestWarmupStage: StressTestWarmup {bulkSize=1, cacheSpecificKeyGenerator=false, commitTransactions=true, duration=1 mins 0 secs, entrySize=1000, exitBenchmarkOnSlaveFailure=false, fixedKeys=true, generateHistogramRange=false, keyGeneratorClass=org.radargun.stressors.StringKeyGenerator, keyGeneratorParam=null, loadAllKeys=false, numEntries=100, numOfThreads=4, numRequests=10000, numThreads=4, numberOfAttributes=100, numberOfRequests=10000, opsCountStatusLog=100000, poolKeys=true, preferAsyncOperations=false, removePercentage=0, replaceInvalidPercentage=40, runOnAllSlaves=false, sharedKeys=false, sizeOfAnAttribute=1000, slaves=null, transactionSize=50, useAtomics=false, useHistogramStatistics=false, useSimpleStatistics=true, useSmartClassLoading=true, useTransactions=null, writePercentage=20, writeTxPercentage=20 }
 INFO  [pool-1-thread-1] {org.radargun.stressors.StressTestStressor} Using key generator org.radargun.stressors.StringKeyGenerator, param null
 INFO  [pool-1-thread-1] {org.radargun.stressors.StressTestStressor} Executing: StressTestStressor{opsCountStatusLog=100000, numRequests=10000, numEntries=100, entrySize=1000, writePercentage=20, numThreads=4, cacheWrapper=org.radargun.cachewrappers.JBossCache3Wrapper@76502ac9, nodeIndex=1, useTransactions=true, transactionSize=50, commitTransactions=true, durationMillis=60000}
 INFO  [pool-1-thread-1] {org.radargun.stressors.StressTestStressor} Cache wrapper info is: Num direct children: 10
[GC 259695K->12440K(2944064K), 0.0373080 secs]
 INFO  [pool-1-thread-1] {org.radargun.stressors.StressTestStressor} Started 4 stressor threads.
 INFO  [Stressor-0] {org.radargun.stressors.StressTestStressor} Number of ops executed so far: 1. Elapsed time: 0.013 secs. Remaining: 59.987 secs. Total: 1 mins 0 secs
[GC 268504K->13765K(2944064K), 0.0302780 secs]
[GC 269829K->14294K(2944064K), 0.0296550 secs]
[GC 270358K->15052K(2944064K), 0.0361760 secs]
[GC 271116K->17056K(2944064K), 0.0332580 secs]
[GC 273120K->15710K(2944064K), 0.0366900 secs]
[GC 271774K->16366K(2944064K), 0.0286340 secs]
[GC 272430K->17764K(2944064K), 0.0321050 secs]
[GC 273828K->18881K(2944064K), 0.0278510 secs]
[GC 274945K->13585K(2944064K), 0.0326340 secs]
[GC 269649K->14700K(2944064K), 0.0301410 secs]
[GC 270764K->18962K(2944064K), 0.0292630 secs]
[GC 275026K->18837K(2944064K), 0.0334040 secs]
[GC 274901K->20057K(2944064K), 0.0326900 secs]
[GC 276121K->19122K(2944064K), 0.0303800 secs]
[GC 274596K->16862K(2944064K), 0.0501980 secs]
 INFO  [Stressor-2] {org.radargun.stressors.StressTestStressor} Number of ops executed so far: 264381. Elapsed time: 20.013 secs. Remaining: 39.987 secs. Total: 1 mins 0 secs
[GC 272926K->14551K(2944064K), 0.0297520 secs]
[GC 270615K->15100K(2944064K), 0.0234800 secs]
[GC 271164K->16294K(2944064K), 0.0260840 secs]
[GC 272358K->16921K(2944064K), 0.0293090 secs]
[GC 272985K->18037K(2944064K), 0.0274580 secs]
[GC 274101K->16027K(2944064K), 0.0266190 secs]
[GC 272091K->17905K(2944064K), 0.0239430 secs]
[GC 273969K->16250K(2944064K), 0.0262650 secs]
[GC 272314K->17976K(2944064K), 0.0233540 secs]
[GC 274040K->16095K(2944064K), 0.0291720 secs]
[GC 272159K->19724K(2944064K), 0.0237890 secs]
[GC 275788K->15387K(2944064K), 0.0274740 secs]
[GC 271451K->16928K(2944064K), 0.0274140 secs]
[GC 272992K->16193K(2944064K), 0.0239240 secs]
[GC 272257K->18273K(2944064K), 0.0287300 secs]
[GC 274332K->16177K(2944064K), 0.0235740 secs]
[GC 272241K->16590K(2944064K), 0.0268820 secs]
[GC 272654K->15737K(2944064K), 0.0280690 secs]
 INFO  [Stressor-3] {org.radargun.stressors.StressTestStressor} Number of ops executed so far: 629300. Elapsed time: 40.469 secs. Remaining: 19.531 secs. Total: 1 mins 0 secs
[GC 271801K->16039K(2944064K), 0.0280190 secs]
[GC 272103K->16162K(2944064K), 0.0284350 secs]
[GC 272226K->15005K(2944064K), 0.0265810 secs]
[GC 271069K->15936K(2944064K), 0.0277650 secs]
[GC 272000K->15636K(2944064K), 0.0265300 secs]
[GC 271700K->15834K(2944064K), 0.0284100 secs]
[GC 271898K->17111K(2944064K), 0.0221370 secs]
[GC 273175K->16858K(2944064K), 0.0263710 secs]
[GC 272922K->15668K(2944064K), 0.0262830 secs]
[GC 271732K->18933K(2944064K), 0.0301510 secs]
[GC 274997K->15682K(2944064K), 0.0277250 secs]
[GC 271746K->17335K(2944064K), 0.0254480 secs]
[GC 273399K->17865K(2944064K), 0.0278540 secs]
[GC 273929K->16449K(2944064K), 0.0251300 secs]
[GC 272513K->17424K(2944064K), 0.0311240 secs]
[GC 273488K->14999K(2944064K), 0.0272420 secs]
 INFO  [pool-1-thread-1] {org.radargun.stressors.StressTestStressor} Finished generating report. Test duration is: 1 mins 2 secs
 INFO  [pool-1-thread-1] {org.radargun.stages.StressTestWarmupStage} The warmup took: 62 seconds.
 INFO  [pool-1-thread-1] {org.radargun.Slave} Finished stage: StressTestWarmup {bulkSize=1, cacheSpecificKeyGenerator=false, commitTransactions=true, duration=1 mins 0 secs, entrySize=1000, exitBenchmarkOnSlaveFailure=false, fixedKeys=true, generateHistogramRange=false, keyGeneratorClass=org.radargun.stressors.StringKeyGenerator, keyGeneratorParam=null, loadAllKeys=false, numEntries=100, numOfThreads=4, numRequests=10000, numThreads=4, numberOfAttributes=100, numberOfRequests=10000, opsCountStatusLog=100000, poolKeys=true, preferAsyncOperations=false, removePercentage=0, replaceInvalidPercentage=40, runOnAllSlaves=false, sharedKeys=false, sizeOfAnAttribute=1000, slaves=null, transactionSize=50, useAtomics=false, useHistogramStatistics=false, useSimpleStatistics=true, useSmartClassLoading=true, useTransactions=null, writePercentage=20, writeTxPercentage=20 }
 INFO  [main] {org.radargun.Slave} Ack successfully sent to the master
 INFO  [pool-1-thread-1] {org.radargun.Slave} Executing stage: ClearClusterStage {ClearCluster {exitBenchmarkOnSlaveFailure=false, runOnAllSlaves=false, slaves=[ 0 ], useSmartClassLoading=true }
 INFO  [pool-1-thread-1] {org.radargun.stages.ClearClusterStage} Before executing clear, memory looks like this: Memory - free: 2,675,309 kb - max:4,906,688 kb- total:2,944,064 kb
[Full GC 268754K->10501K(2944064K), 0.2264540 secs]
 INFO  [pool-1-thread-1] {org.radargun.stages.ClearClusterStage} After executing cleanup, memory looks like this: Memory - free: 2,931,881 kb - max:4,906,688 kb- total:2,944,320 kb
 INFO  [pool-1-thread-1] {org.radargun.Slave} Finished stage: ClearClusterStage {ClearCluster {exitBenchmarkOnSlaveFailure=false, runOnAllSlaves=false, slaves=[ 0 ], useSmartClassLoading=true }
 INFO  [main] {org.radargun.Slave} Ack successfully sent to the master
 INFO  [pool-1-thread-1] {org.radargun.Slave} Executing stage: StressTest {bulkSize=1, cacheSpecificKeyGenerator=false, commitTransactions=true, duration=1 mins 0 secs, entrySize=1000, exitBenchmarkOnSlaveFailure=false, fixedKeys=true, generateHistogramRange=false, keyGeneratorClass=org.radargun.stressors.StringKeyGenerator, keyGeneratorParam=null, loadAllKeys=false, numEntries=10000, numOfThreads=4, numRequests=10000000, numThreads=4, numberOfAttributes=10000, numberOfRequests=10000000, opsCountStatusLog=500000, poolKeys=true, preferAsyncOperations=false, removePercentage=0, replaceInvalidPercentage=40, runOnAllSlaves=false, sharedKeys=false, sizeOfAnAttribute=1000, slaves=null, transactionSize=10000, useAtomics=false, useHistogramStatistics=false, useSimpleStatistics=true, useSmartClassLoading=true, useTransactions=true, writePercentage=10, writeTxPercentage=5 }
 INFO  [pool-1-thread-1] {org.radargun.stages.StressTestStage} Starting StressTestStage: StressTest {bulkSize=1, cacheSpecificKeyGenerator=false, commitTransactions=true, duration=1 mins 0 secs, entrySize=1000, exitBenchmarkOnSlaveFailure=false, fixedKeys=true, generateHistogramRange=false, keyGeneratorClass=org.radargun.stressors.StringKeyGenerator, keyGeneratorParam=null, loadAllKeys=false, numEntries=10000, numOfThreads=4, numRequests=10000000, numThreads=4, numberOfAttributes=10000, numberOfRequests=10000000, opsCountStatusLog=500000, poolKeys=true, preferAsyncOperations=false, removePercentage=0, replaceInvalidPercentage=40, runOnAllSlaves=false, sharedKeys=false, sizeOfAnAttribute=1000, slaves=null, transactionSize=10000, useAtomics=false, useHistogramStatistics=false, useSimpleStatistics=true, useSmartClassLoading=true, useTransactions=true, writePercentage=10, writeTxPercentage=5 }
 INFO  [pool-1-thread-1] {org.radargun.stressors.StressTestStressor} Using key generator org.radargun.stressors.StringKeyGenerator, param null
 INFO  [pool-1-thread-1] {org.radargun.stressors.StressTestStressor} Executing: StressTestStressor{opsCountStatusLog=500000, numRequests=10000000, numEntries=10000, entrySize=1000, writePercentage=10, numThreads=4, cacheWrapper=org.radargun.cachewrappers.JBossCache3Wrapper@76502ac9, nodeIndex=1, useTransactions=true, transactionSize=10000, commitTransactions=true, durationMillis=60000}
 INFO  [pool-1-thread-1] {org.radargun.stressors.StressTestStressor} Cache wrapper info is: Num direct children: 50
[GC 266757K->24090K(2944320K), 0.0347380 secs]
[GC 280346K->38075K(2944320K), 0.0328280 secs]
[GC 294331K->48469K(2944320K), 0.0382990 secs]
[GC 304725K->66276K(2944320K), 0.0395880 secs]
[GC 322524K->83636K(2944320K), 0.0376420 secs]
[GC 339892K->88976K(2944320K), 0.0422220 secs]
[GC 345219K->103755K(2944320K), 0.0465440 secs]
[GC 360011K->132423K(2944320K), 0.0447800 secs]
[GC 388672K->104626K(2944320K), 0.0694980 secs]
[GC 360882K->135829K(2944320K), 0.0507050 secs]
[GC 392085K->124850K(2944320K), 0.0473110 secs]
[GC 381106K->142836K(2944320K), 0.0629250 secs]
[GC 399092K->133352K(2944320K), 0.0535840 secs]
[GC 389608K->140357K(2944320K), 0.0468940 secs]
[GC 396613K->146443K(2944320K), 0.0482810 secs]
[GC 402699K->176080K(2944320K), 0.0506450 secs]
[GC 432336K->173091K(2944320K), 0.0473970 secs]
[GC 429347K->178980K(2944320K), 0.0452560 secs]
[GC 435236K->167228K(2944320K), 0.0465090 secs]
[GC 423484K->180443K(2944320K), 0.0472910 secs]
[GC 436699K->192140K(2944320K), 0.0497080 secs]
[GC 448396K->198073K(2944320K), 0.0508300 secs]
[GC 454329K->211418K(2944320K), 0.0451350 secs]
[GC 467674K->190411K(2944320K), 0.0495710 secs]
[GC 446667K->212805K(2944320K), 0.0497420 secs]
[GC 469061K->217493K(2944320K), 0.0452790 secs]
[GC 473749K->214979K(2944320K), 0.0420240 secs]
[GC 471235K->225881K(2944320K), 0.0480050 secs]
[GC 482137K->247063K(2944320K), 0.0443830 secs]
[GC 503319K->218455K(2944320K), 0.0495830 secs]
[GC 474711K->245557K(2944320K), 0.0487560 secs]
[GC 501813K->242230K(2944320K), 0.0502200 secs]
[GC 498486K->264900K(2944320K), 0.0498830 secs]
[GC 521156K->237497K(2944320K), 0.0477580 secs]
[GC 493753K->264377K(2944320K), 0.0509220 secs]
[GC 520633K->261495K(2944320K), 0.0471520 secs]
[GC 517751K->284715K(2944320K), 0.0574100 secs]
[GC 540971K->257125K(2944320K), 0.0520180 secs]
[GC 513381K->269127K(2944320K), 0.0506710 secs]
[GC 525383K->281049K(2944320K), 0.0492960 secs]
[GC 537305K->287665K(2944320K), 0.0486570 secs]
[GC 543921K->307456K(2944320K), 0.0501920 secs]
[GC 563696K->274159K(2944320K), 0.0513960 secs]
[GC 530415K->303747K(2944320K), 0.0533900 secs]
[GC 560003K->314950K(2944320K), 0.0490730 secs]
[GC 571206K->283178K(2944320K), 0.0496220 secs]
[GC 539434K->312728K(2944320K), 0.0487260 secs]
[GC 568984K->292547K(2944320K), 0.0486340 secs]
[GC 548803K->312373K(2944320K), 0.0483020 secs]
[GC 568629K->300121K(2944320K), 0.0481860 secs]
[GC 556377K->317605K(2944320K), 0.0510830 secs]
[GC 573861K->334243K(2944320K), 0.0501610 secs]
[GC 590499K->317522K(2944320K), 0.0509170 secs]
[GC 573778K->329075K(2944320K), 0.0519590 secs]
[GC 585331K->324209K(2944320K), 0.0482220 secs]
[GC 580465K->327290K(2944320K), 0.0442150 secs]
[GC 583546K->330161K(2944320K), 0.0465510 secs]
[GC 586381K->332940K(2944320K), 0.0427230 secs]
[GC 589196K->348992K(2944320K), 0.0431790 secs]
[GC 605247K->326825K(2944320K), 0.0506860 secs]
[GC 583081K->346886K(2944320K), 0.0441220 secs]
[GC 603142K->356269K(2944320K), 0.0437050 secs]
[GC 612489K->335526K(2944320K), 0.0451490 secs]
[GC 591758K->344897K(2944320K), 0.0431140 secs]
[GC 601151K->365499K(2944320K), 0.0459960 secs]
[GC 621755K->345017K(2944320K), 0.0447460 secs]
[GC 601273K->365285K(2944320K), 0.0385860 secs]
[GC 621533K->362828K(2944320K), 0.0384330 secs]
[GC 619084K->354681K(2944320K), 0.0409350 secs]
[GC 610925K->370465K(2944320K), 0.0399610 secs]
[GC 626721K->386139K(2944320K), 0.0470320 secs]
[GC 642395K->364247K(2944320K), 0.0496300 secs]
[GC 620481K->384274K(2944320K), 0.0415790 secs]
[GC 640530K->381151K(2944320K), 0.0465390 secs]
[GC 637385K->398089K(2944320K), 0.0451690 secs]
[GC 654292K->392213K(2944320K), 0.0472350 secs]
[GC 648436K->396796K(2944320K), 0.0433560 secs]
[GC 653052K->393879K(2944320K), 0.0438660 secs]
[GC 650135K->398322K(2944320K), 0.0467550 secs]
[GC 654578K->401701K(2944320K), 0.0409870 secs]
[GC 657957K->404937K(2944320K), 0.0444220 secs]
[GC 661193K->408219K(2944320K), 0.0471130 secs]
[GC 664475K->423919K(2944320K), 0.0460050 secs]
[GC 680122K->401827K(2944320K), 0.0463000 secs]
[GC 658061K->410585K(2944320K), 0.0461230 secs]
[GC 666828K->431458K(2944320K), 0.0452130 secs]
[GC 687694K->403047K(2944320K), 0.0493440 secs]
[GC 659247K->431100K(2944320K), 0.0390540 secs]
[GC 687297K->428242K(2944320K), 0.0397540 secs]
[GC 684498K->432859K(2944320K), 0.0461010 secs]
[GC 689115K->436387K(2944320K), 0.0433630 secs]
[GC 692643K->452388K(2944320K), 0.0397800 secs]
[GC 708629K->430541K(2944320K), 0.0411620 secs]
[GC 686797K->461567K(2944320K), 0.0372280 secs]
[GC 717823K->441639K(2944320K), 0.0478470 secs]
[GC 697895K->455822K(2944320K), 0.0480370 secs]
[GC 712078K->453337K(2944320K), 0.0404380 secs]
[GC 709593K->457987K(2944320K), 0.0390610 secs]
[GC 714195K->448891K(2944320K), 0.0413430 secs]
[GC 705147K->477506K(2944320K), 0.0391330 secs]
[GC 733761K->455306K(2944320K), 0.0516120 secs]
[GC 711562K->475256K(2944320K), 0.0404820 secs]
[GC 731512K->472412K(2944320K), 0.0380380 secs]
 INFO  [pool-1-thread-1] {org.radargun.stressors.StressTestStressor} Started 4 stressor threads.
 INFO  [Stressor-2] {org.radargun.stressors.StressTestStressor} Number of ops executed so far: 1. Elapsed time: 0.000 secs. Remaining: 1 mins 0 secs. Total: 1 mins 0 secs
[GC 728668K->476890K(2944320K), 0.0461110 secs]
[GC 733146K->506766K(2944320K), 0.0562760 secs]
[GC 763022K->530344K(2944320K), 0.0618080 secs]
[GC 786600K->523217K(2944320K), 0.0656140 secs]
[GC 779367K->568313K(2944320K), 0.0614600 secs]
[GC 824569K->532515K(2944320K), 0.0662740 secs]
[GC 788771K->593528K(2944320K), 0.0686840 secs]
[GC 849759K->570464K(2944320K), 0.0732170 secs]
[GC 826720K->623139K(2944320K), 0.0647140 secs]
[GC 879395K->645452K(2944320K), 0.0852030 secs]
[GC 901676K->684576K(2944320K), 0.0892970 secs]
[GC 940832K->681233K(2944320K), 0.0772630 secs]
[GC 937489K->677083K(2944320K), 0.0728830 secs]
[GC 933339K->708342K(2944320K), 0.0590460 secs]
 INFO  [Stressor-2] {org.radargun.stressors.StressTestStressor} Number of ops executed so far: 1577341. Elapsed time: 20.000 secs. Remaining: 40.000 secs. Total: 1 mins 0 secs
[GC 964547K->724788K(2944320K), 0.0777650 secs]
[GC 980734K->763496K(2944320K), 0.0792700 secs]
[GC 1019752K->805361K(2944320K), 0.1001490 secs]
[GC 1061603K->863830K(2944320K), 0.1424520 secs]
[GC 1120049K->862417K(2944320K), 0.0581020 secs]
[GC 1118673K->860683K(2944320K), 0.0709090 secs]
[GC 1116939K->909827K(2944320K), 0.0585170 secs]
[GC 1166083K->942247K(2944320K), 0.0816510 secs]
[GC 1198400K->943843K(2944320K), 0.0823930 secs]
[GC 1200099K->987962K(2944320K), 0.0884650 secs]
 INFO  [Stressor-3] {org.radargun.stressors.StressTestStressor} Number of ops executed so far: 2970000. Elapsed time: 43.953 secs. Remaining: 16.047 secs. Total: 1 mins 0 secs
[GC 1244174K->1022017K(2944320K), 0.0849340 secs]
[GC 1278273K->1036638K(2944320K), 0.0917510 secs]
[GC 1292894K->1082053K(2944320K), 0.0911230 secs]
[GC 1338309K->1088814K(2944320K), 0.0668810 secs]
[GC 1345052K->1145567K(2944320K), 0.0758740 secs]
[GC 1401823K->1169675K(2944320K), 0.0817100 secs]
[GC 1425931K->1168440K(2944320K), 0.0708040 secs]
[GC 1424655K->1176679K(2944320K), 0.0747490 secs]
[GC 1432935K->1210526K(2944320K), 0.0587260 secs]
[GC 1466782K->1242801K(2944320K), 0.0739250 secs]
 INFO  [pool-1-thread-1] {org.radargun.stressors.StressTestStressor} Finished generating report. Test duration is: 2 mins 20 secs
 INFO  [pool-1-thread-1] {org.radargun.stages.StressTestStage} size info: Num direct children: 50, clusterSize:10, nodeIndex:1, cacheSize: -1
 INFO  [pool-1-thread-1] {org.radargun.Slave} Finished stage: StressTest {bulkSize=1, cacheSpecificKeyGenerator=false, commitTransactions=true, duration=1 mins 0 secs, entrySize=1000, exitBenchmarkOnSlaveFailure=false, fixedKeys=true, generateHistogramRange=false, keyGeneratorClass=org.radargun.stressors.StringKeyGenerator, keyGeneratorParam=null, loadAllKeys=false, numEntries=10000, numOfThreads=4, numRequests=10000000, numThreads=4, numberOfAttributes=10000, numberOfRequests=10000000, opsCountStatusLog=500000, poolKeys=true, preferAsyncOperations=false, removePercentage=0, replaceInvalidPercentage=40, runOnAllSlaves=false, sharedKeys=false, sizeOfAnAttribute=1000, slaves=null, transactionSize=10000, useAtomics=false, useHistogramStatistics=false, useSimpleStatistics=true, useSmartClassLoading=true, useTransactions=true, writePercentage=10, writeTxPercentage=5 }
 INFO  [main] {org.radargun.Slave} Ack successfully sent to the master
[GC 1499057K->1270666K(2944320K), 0.0682880 secs]
 INFO  [main] {org.radargun.Slave} Master shutdown!
 INFO  [Thread-0] {org.radargun.ShutDownHook} Slave process is being shutdown
