/usr/java/jdk1.7.0_21/bin/java -server -Xmx1024M -Xms1024M -Dresolve.dns=false -Djgroups.timer.num_threads=4 -verbose:gc -Xmx5000M -Xms3000M -server -XX:+UseConcMarkSweepGC -XX:+AggressiveOpts -verbose:gc -XX:ParallelGCThreads=4 -XX:NewRatio=5 -XX:SurvivorRatio=2 -Dhazelcast.operation.thread.count=4 -Djava.net.preferIPv4Stack=true -Dlog4j.file.prefix=deimos-esw-12461 -Dbind.address= -Djgroups.bind_addr= -classpath /home/smf/github/radargun/target/distribution/RadarGun-1.1.0-SNAPSHOT/lib/activation-1.1.jar:/home/smf/github/radargun/target/distribution/RadarGun-1.1.0-SNAPSHOT/lib/commons-beanutils-1.8.0.jar:/home/smf/github/radargun/target/distribution/RadarGun-1.1.0-SNAPSHOT/lib/commons-digester-2.0.jar:/home/smf/github/radargun/target/distribution/RadarGun-1.1.0-SNAPSHOT/lib/commons-logging-1.1.1.jar:/home/smf/github/radargun/target/distribution/RadarGun-1.1.0-SNAPSHOT/lib/commons-math-1.2.jar:/home/smf/github/radargun/target/distribution/RadarGun-1.1.0-SNAPSHOT/lib/jboss-transaction-api-1.0.1.GA.jar:/home/smf/github/radargun/target/distribution/RadarGun-1.1.0-SNAPSHOT/lib/jcommon-1.0.15.jar:/home/smf/github/radargun/target/distribution/RadarGun-1.1.0-SNAPSHOT/lib/jfreechart-1.0.12.jar:/home/smf/github/radargun/target/distribution/RadarGun-1.1.0-SNAPSHOT/lib/log4j-1.2.14.jar:/home/smf/github/radargun/target/distribution/RadarGun-1.1.0-SNAPSHOT/lib/mail-1.4.2.jar:/home/smf/github/radargun/target/distribution/RadarGun-1.1.0-SNAPSHOT/lib/radargun-framework-1.1.0-SNAPSHOT.jar:/home/smf/github/radargun/target/distribution/RadarGun-1.1.0-SNAPSHOT/conf org.radargun.Slave -master 127.0.0.1:2103
--------------------------------------------------------------------------------
PerNodeRollingFileAppender::Using file prefix:deimos-esw-12461
 INFO  [main] {org.radargun.Slave} Attempting to connect to master 127.0.0.1:2103
 INFO  [main] {org.radargun.Slave} Successfully established connection with master at: 127.0.0.1:2103
Loading JARS from /home/smf/github/radargun/target/distribution/RadarGun-1.1.0-SNAPSHOT/lib/radargun-framework-1.1.0-SNAPSHOT.jar
 INFO  [pool-1-thread-1] {org.radargun.config.AnnotatedHelper} Loading JARS from /home/smf/github/radargun/target/distribution/RadarGun-1.1.0-SNAPSHOT/lib/radargun-framework-1.1.0-SNAPSHOT.jar
 INFO  [pool-1-thread-1] {org.radargun.config.AnnotatedHelper} Loading JARS from /home/smf/github/radargun/target/distribution/RadarGun-1.1.0-SNAPSHOT/lib/radargun-framework-1.1.0-SNAPSHOT.jar
 INFO  [pool-1-thread-1] {org.radargun.Slave} Executing stage: DestroyWrapper {enforceMemoryThrashHold=true, exitBenchmarkOnSlaveFailure=false, heapDumpDir=null, memoryThreshold=95, runOnAllSlaves=true, slaves=null, useSmartClassLoading=true }
 INFO  [pool-1-thread-1] {org.radargun.stages.DestroyWrapperStage} Received destroy cache wrapper request from master...
 INFO  [pool-1-thread-1] {org.radargun.stages.DestroyWrapperStage} No cache wrapper deployed on this slave, nothing to do.
 INFO  [pool-1-thread-1] {org.radargun.stages.DestroyWrapperStage} Before executing clear, memory looks like this: Memory - free: 2,928,638 kb - max:4,906,688 kb- total:2,944,000 kb
[Full GC 15361K->3631K(2944000K), 0.0805340 secs]
 INFO  [pool-1-thread-1] {org.radargun.stages.DestroyWrapperStage} After executing cleanup, memory looks like this: Memory - free: 2,935,311 kb - max:4,906,688 kb- total:2,944,064 kb
 INFO  [pool-1-thread-1] {org.radargun.Slave} Finished stage: DestroyWrapper {enforceMemoryThrashHold=true, exitBenchmarkOnSlaveFailure=false, heapDumpDir=null, memoryThreshold=95, runOnAllSlaves=true, slaves=null, useSmartClassLoading=true }
 INFO  [main] {org.radargun.Slave} Ack successfully sent to the master
 INFO  [pool-1-thread-1] {org.radargun.Slave} Executing stage: StartCluster {config=hzl3-repl-sync.xml, delayAfterFirstSlaveStarts=5.000 secs, delayBetweenStartingSlaves=0.500 secs, exitBenchmarkOnSlaveFailure=true, expectNumSlaves=null, mayFailOn=null, reachable=null, runOnAllSlaves=false, slaves=null, staggerSlaveStartup=true, useSmartClassLoading=true, validateCluster=true }
 INFO  [pool-1-thread-1] {org.radargun.stages.StartClusterStage}  Startup staggering, starting 12 slaves. This is the slave with index 6. Sleeping for 8000 millis.
 INFO  [pool-1-thread-1] {org.radargun.stages.StartClusterStage} Ack master's StartCluster stage. Local address is: /127.0.0.1. This slave's index is: 6
 INFO  [pool-1-thread-1] {org.radargun.utils.ClassLoadHelper} Creating newInstance org.radargun.cachewrappers.FFWrapper with classloader java.net.URLClassLoader@14320874
 INFO  [pool-1-thread-1] {org.radargun.cachewrappers.FFWrapper} config=hzl3-repl-sync.xml, isLocal=false, nodeIndex=6, confAttributes={name=hzl3-repl-sync.xml, decorate=hazelcast3}
 INFO  [pool-1-thread-1] {org.radargun.cachewrappers.FFWrapper} Found fenix framework config options in 'rg-fenix-framework-config-options.properties'.
 INFO  [pool-1-thread-1] {org.radargun.cachewrappers.FFWrapper} Setting extra config properties for Fenix Framework.
 INFO  [pool-1-thread-1] {org.radargun.cachewrappers.FFWrapper} Will initialize Fenix Framework with RadarGunDataGridConfig
 TRACE [pool-1-thread-1] {pt.ist.fenixframework.FenixFramework} Static initializer block for FenixFramework class [BEGIN]
 INFO  [pool-1-thread-1] {pt.ist.fenixframework.FenixFramework} Trying auto-initialization with configuration by convention
 INFO  [pool-1-thread-1] {pt.ist.fenixframework.FenixFramework} Resource 'fenix-framework.properties' not found
 DEBUG [pool-1-thread-1] {pt.ist.fenixframework.FenixFramework} Fenix Framework properties after reading default config file:{}
 DEBUG [pool-1-thread-1] {pt.ist.fenixframework.FenixFramework} CurrentBackEndName = jvstm-datagrid
 INFO  [pool-1-thread-1] {pt.ist.fenixframework.FenixFramework} Resource 'fenix-framework-jvstm-datagrid.properties' not found
 DEBUG [pool-1-thread-1] {pt.ist.fenixframework.FenixFramework} Fenix Framework properties after reading backend config file:{}
 DEBUG [pool-1-thread-1] {pt.ist.fenixframework.FenixFramework} Fenix Framework properties after enforcing system properties:{}
 INFO  [pool-1-thread-1] {pt.ist.fenixframework.FenixFramework} Skipping configuration by convention.
 TRACE [pool-1-thread-1] {pt.ist.fenixframework.FenixFramework} Static initializer block for FenixFramework class [END]
 INFO  [pool-1-thread-1] {pt.ist.fenixframework.FenixFramework} Initializing Fenix Framework with config.class=pt.ist.fenixframework.backend.jvstm.datagrid.radargun.RadarGunDataGridConfig
 INFO  [pool-1-thread-1] {pt.ist.fenixframework.backend.jvstm.cluster.JvstmClusterBackEnd} initializeGroupCommunication()
 INFO  [pool-1-thread-1] {com.hazelcast.config.ClasspathXmlConfig} Configuring Hazelcast from 'hazelcast-ff.xml'.
 INFO  [pool-1-thread-1] {com.hazelcast.instance.DefaultAddressPicker} Interfaces is disabled, trying to pick one address from TCP-IP config addresses: [127.0.0.1]
 INFO  [pool-1-thread-1] {com.hazelcast.instance.DefaultAddressPicker} Picked Address[127.0.0.1]:5708, using socket ServerSocket[addr=/0.0.0.0,localport=5708], bind any local is true
 INFO  [pool-1-thread-1] {com.hazelcast.system} [127.0.0.1]:5708 [FenixFrameworkGroup] Hazelcast Community Edition 3.0.2 (20130906) starting at Address[127.0.0.1]:5708
 INFO  [pool-1-thread-1] {com.hazelcast.system} [127.0.0.1]:5708 [FenixFrameworkGroup] Copyright (C) 2008-2013 Hazelcast.com
 INFO  [pool-1-thread-1] {com.hazelcast.instance.Node} [127.0.0.1]:5708 [FenixFrameworkGroup] Creating MulticastJoiner
 INFO  [pool-1-thread-1] {com.hazelcast.core.LifecycleService} [127.0.0.1]:5708 [FenixFrameworkGroup] Address[127.0.0.1]:5708 is STARTING
 INFO  [pool-1-thread-1] {com.hazelcast.cluster.TcpIpJoiner} [127.0.0.1]:5708 [FenixFrameworkGroup] Connecting to possible member: Address[127.0.0.1]:5703
 INFO  [pool-1-thread-1] {com.hazelcast.cluster.TcpIpJoiner} [127.0.0.1]:5708 [FenixFrameworkGroup] Connecting to possible member: Address[127.0.0.1]:5702
 INFO  [pool-1-thread-1] {com.hazelcast.cluster.TcpIpJoiner} [127.0.0.1]:5708 [FenixFrameworkGroup] Connecting to possible member: Address[127.0.0.1]:5701
 INFO  [hz._hzInstance_1_FenixFrameworkGroup.cached.thread-2] {com.hazelcast.nio.SocketConnector} [127.0.0.1]:5708 [FenixFrameworkGroup] Connecting to /127.0.0.1:5703, timeout: 0, bind-any: true
 INFO  [hz._hzInstance_1_FenixFrameworkGroup.cached.thread-3] {com.hazelcast.nio.SocketConnector} [127.0.0.1]:5708 [FenixFrameworkGroup] Connecting to /127.0.0.1:5702, timeout: 0, bind-any: true
 INFO  [hz._hzInstance_1_FenixFrameworkGroup.cached.thread-1] {com.hazelcast.nio.SocketConnector} [127.0.0.1]:5708 [FenixFrameworkGroup] Connecting to /127.0.0.1:5701, timeout: 0, bind-any: true
 INFO  [hz._hzInstance_1_FenixFrameworkGroup.cached.thread-1] {com.hazelcast.nio.TcpIpConnectionManager} [127.0.0.1]:5708 [FenixFrameworkGroup] 51977 accepted socket connection from /127.0.0.1:5701
 INFO  [hz._hzInstance_1_FenixFrameworkGroup.cached.thread-2] {com.hazelcast.nio.TcpIpConnectionManager} [127.0.0.1]:5708 [FenixFrameworkGroup] 42297 accepted socket connection from /127.0.0.1:5703
 INFO  [hz._hzInstance_1_FenixFrameworkGroup.cached.thread-3] {com.hazelcast.nio.TcpIpConnectionManager} [127.0.0.1]:5708 [FenixFrameworkGroup] 54306 accepted socket connection from /127.0.0.1:5702
 INFO  [hz._hzInstance_1_FenixFrameworkGroup.IO.thread-in-2] {com.hazelcast.nio.TcpIpConnection} [127.0.0.1]:5708 [FenixFrameworkGroup] Connection [Address[127.0.0.1]:5702] lost. Reason: java.io.EOFException[Remote socket closed!]
 WARN  [hz._hzInstance_1_FenixFrameworkGroup.IO.thread-in-2] {com.hazelcast.nio.ReadHandler} [127.0.0.1]:5708 [FenixFrameworkGroup] hz._hzInstance_1_FenixFrameworkGroup.IO.thread-in-2 Closing socket to endpoint Address[127.0.0.1]:5702, Cause:java.io.EOFException: Remote socket closed!
 INFO  [hz._hzInstance_1_FenixFrameworkGroup.cached.thread-1] {com.hazelcast.cluster.ClusterService} [127.0.0.1]:5708 [FenixFrameworkGroup] 

Members [12] {
	Member [127.0.0.1]:5701
	Member [127.0.0.1]:5703
	Member [127.0.0.1]:5704
	Member [127.0.0.1]:5705
	Member [127.0.0.1]:5706
	Member [127.0.0.1]:5707
	Member [127.0.0.1]:5708 this
	Member [127.0.0.1]:5709
	Member [127.0.0.1]:5710
	Member [127.0.0.1]:5711
	Member [127.0.0.1]:5712
	Member [127.0.0.1]:5713
}

 INFO  [hz._hzInstance_1_FenixFrameworkGroup.IO.thread-Acceptor] {com.hazelcast.nio.SocketAcceptor} [127.0.0.1]:5708 [FenixFrameworkGroup] Accepting socket connection from /127.0.0.1:33986
 INFO  [hz._hzInstance_1_FenixFrameworkGroup.IO.thread-Acceptor] {com.hazelcast.nio.TcpIpConnectionManager} [127.0.0.1]:5708 [FenixFrameworkGroup] 5708 accepted socket connection from /127.0.0.1:33986
 INFO  [hz._hzInstance_1_FenixFrameworkGroup.IO.thread-Acceptor] {com.hazelcast.nio.SocketAcceptor} [127.0.0.1]:5708 [FenixFrameworkGroup] Accepting socket connection from /127.0.0.1:52129
 INFO  [hz._hzInstance_1_FenixFrameworkGroup.IO.thread-Acceptor] {com.hazelcast.nio.TcpIpConnectionManager} [127.0.0.1]:5708 [FenixFrameworkGroup] 5708 accepted socket connection from /127.0.0.1:52129
 INFO  [hz._hzInstance_1_FenixFrameworkGroup.IO.thread-Acceptor] {com.hazelcast.nio.SocketAcceptor} [127.0.0.1]:5708 [FenixFrameworkGroup] Accepting socket connection from /127.0.0.1:37967
 INFO  [hz._hzInstance_1_FenixFrameworkGroup.IO.thread-Acceptor] {com.hazelcast.nio.TcpIpConnectionManager} [127.0.0.1]:5708 [FenixFrameworkGroup] 5708 accepted socket connection from /127.0.0.1:37967
 INFO  [hz._hzInstance_1_FenixFrameworkGroup.cached.thread-3] {com.hazelcast.nio.SocketConnector} [127.0.0.1]:5708 [FenixFrameworkGroup] Connecting to /127.0.0.1:5704, timeout: 0, bind-any: true
 INFO  [hz._hzInstance_1_FenixFrameworkGroup.IO.thread-Acceptor] {com.hazelcast.nio.SocketAcceptor} [127.0.0.1]:5708 [FenixFrameworkGroup] Accepting socket connection from /127.0.0.1:54917
 INFO  [hz._hzInstance_1_FenixFrameworkGroup.cached.thread-2] {com.hazelcast.nio.SocketConnector} [127.0.0.1]:5708 [FenixFrameworkGroup] Connecting to /127.0.0.1:5706, timeout: 0, bind-any: true
 INFO  [hz._hzInstance_1_FenixFrameworkGroup.IO.thread-Acceptor] {com.hazelcast.nio.TcpIpConnectionManager} [127.0.0.1]:5708 [FenixFrameworkGroup] 5708 accepted socket connection from /127.0.0.1:54917
 INFO  [hz._hzInstance_1_FenixFrameworkGroup.cached.thread-2] {com.hazelcast.nio.TcpIpConnectionManager} [127.0.0.1]:5708 [FenixFrameworkGroup] 35489 accepted socket connection from /127.0.0.1:5706
 INFO  [hz._hzInstance_1_FenixFrameworkGroup.IO.thread-Acceptor] {com.hazelcast.nio.SocketAcceptor} [127.0.0.1]:5708 [FenixFrameworkGroup] Accepting socket connection from /127.0.0.1:45374
 INFO  [hz._hzInstance_1_FenixFrameworkGroup.cached.thread-3] {com.hazelcast.nio.TcpIpConnectionManager} [127.0.0.1]:5708 [FenixFrameworkGroup] 43884 accepted socket connection from /127.0.0.1:5704
 INFO  [hz._hzInstance_1_FenixFrameworkGroup.cached.thread-2] {com.hazelcast.nio.SocketConnector} [127.0.0.1]:5708 [FenixFrameworkGroup] Connecting to /127.0.0.1:5710, timeout: 0, bind-any: true
 INFO  [hz._hzInstance_1_FenixFrameworkGroup.IO.thread-Acceptor] {com.hazelcast.nio.TcpIpConnectionManager} [127.0.0.1]:5708 [FenixFrameworkGroup] 5708 accepted socket connection from /127.0.0.1:45374
 INFO  [hz._hzInstance_1_FenixFrameworkGroup.cached.thread-2] {com.hazelcast.nio.TcpIpConnectionManager} [127.0.0.1]:5708 [FenixFrameworkGroup] 47857 accepted socket connection from /127.0.0.1:5710
 INFO  [hz._hzInstance_1_FenixFrameworkGroup.cached.thread-7] {com.hazelcast.nio.SocketConnector} [127.0.0.1]:5708 [FenixFrameworkGroup] Connecting to /127.0.0.1:5705, timeout: 0, bind-any: true
 INFO  [hz._hzInstance_1_FenixFrameworkGroup.cached.thread-7] {com.hazelcast.nio.TcpIpConnectionManager} [127.0.0.1]:5708 [FenixFrameworkGroup] 57877 accepted socket connection from /127.0.0.1:5705
 INFO  [hz._hzInstance_1_FenixFrameworkGroup.cached.thread-5] {com.hazelcast.nio.SocketConnector} [127.0.0.1]:5708 [FenixFrameworkGroup] Connecting to /127.0.0.1:5709, timeout: 0, bind-any: true
 INFO  [hz._hzInstance_1_FenixFrameworkGroup.cached.thread-2] {com.hazelcast.nio.SocketConnector} [127.0.0.1]:5708 [FenixFrameworkGroup] Connecting to /127.0.0.1:5713, timeout: 0, bind-any: true
 INFO  [hz._hzInstance_1_FenixFrameworkGroup.cached.thread-5] {com.hazelcast.nio.TcpIpConnectionManager} [127.0.0.1]:5708 [FenixFrameworkGroup] 41455 accepted socket connection from /127.0.0.1:5709
 INFO  [hz._hzInstance_1_FenixFrameworkGroup.cached.thread-2] {com.hazelcast.nio.TcpIpConnectionManager} [127.0.0.1]:5708 [FenixFrameworkGroup] 57057 accepted socket connection from /127.0.0.1:5713
 INFO  [hz._hzInstance_1_FenixFrameworkGroup.cached.thread-3] {com.hazelcast.nio.SocketConnector} [127.0.0.1]:5708 [FenixFrameworkGroup] Connecting to /127.0.0.1:5712, timeout: 0, bind-any: true
 INFO  [hz._hzInstance_1_FenixFrameworkGroup.IO.thread-Acceptor] {com.hazelcast.nio.SocketAcceptor} [127.0.0.1]:5708 [FenixFrameworkGroup] Accepting socket connection from /127.0.0.1:39002
 INFO  [hz._hzInstance_1_FenixFrameworkGroup.IO.thread-Acceptor] {com.hazelcast.nio.TcpIpConnectionManager} [127.0.0.1]:5708 [FenixFrameworkGroup] 5708 accepted socket connection from /127.0.0.1:39002
 INFO  [hz._hzInstance_1_FenixFrameworkGroup.cached.thread-3] {com.hazelcast.nio.TcpIpConnectionManager} [127.0.0.1]:5708 [FenixFrameworkGroup] 48700 accepted socket connection from /127.0.0.1:5712
 INFO  [hz._hzInstance_1_FenixFrameworkGroup.IO.thread-Acceptor] {com.hazelcast.nio.SocketAcceptor} [127.0.0.1]:5708 [FenixFrameworkGroup] Accepting socket connection from /127.0.0.1:46924
 INFO  [hz._hzInstance_1_FenixFrameworkGroup.IO.thread-Acceptor] {com.hazelcast.nio.TcpIpConnectionManager} [127.0.0.1]:5708 [FenixFrameworkGroup] 5708 accepted socket connection from /127.0.0.1:46924
 INFO  [hz._hzInstance_1_FenixFrameworkGroup.IO.thread-Acceptor] {com.hazelcast.nio.SocketAcceptor} [127.0.0.1]:5708 [FenixFrameworkGroup] Accepting socket connection from /127.0.0.1:38805
 INFO  [hz._hzInstance_1_FenixFrameworkGroup.IO.thread-Acceptor] {com.hazelcast.nio.TcpIpConnectionManager} [127.0.0.1]:5708 [FenixFrameworkGroup] 5708 accepted socket connection from /127.0.0.1:38805
 INFO  [pool-1-thread-1] {com.hazelcast.core.LifecycleService} [127.0.0.1]:5708 [FenixFrameworkGroup] Address[127.0.0.1]:5708 is STARTED
 INFO  [pool-1-thread-1] {pt.ist.fenixframework.backend.jvstm.cluster.ClusterUtils} Got (long) serverId: 5
 INFO  [pool-1-thread-1] {pt.ist.fenixframework.backend.jvstm.cluster.JvstmClusterBackEnd} This is NOT the first node.
 INFO  [pool-1-thread-1] {pt.ist.fenixframework.backend.jvstm.cluster.ClusterUtils} Waiting for startup from first node
 INFO  [pool-1-thread-1] {pt.ist.fenixframework.backend.jvstm.JVSTMBackEnd} initializeRepository()
 INFO  [pool-1-thread-1] {pt.ist.fenixframework.backend.jvstm.datagrid.radargun.DataGridDecorator} config=hzl3-repl-sync.xml, isLocal=false, nodeIndex=6, confAttributes={name=hzl3-repl-sync.xml}
 INFO  [pool-1-thread-1] {org.radargun.cachewrappers.Hazelcast3Wrapper} Creating cache with the following configuration: hzl3-repl-sync.xml
 INFO  [pool-1-thread-1] {com.hazelcast.instance.DefaultAddressPicker} Interfaces is disabled, trying to pick one address from TCP-IP config addresses: [127.0.0.1]
 INFO  [pool-1-thread-1] {com.hazelcast.instance.DefaultAddressPicker} Picked Address[127.0.0.1]:5718, using socket ServerSocket[addr=/0.0.0.0,localport=5718], bind any local is true
 INFO  [pool-1-thread-1] {com.hazelcast.system} [127.0.0.1]:5718 [dev] Hazelcast Community Edition 3.0.2 (20130906) starting at Address[127.0.0.1]:5718
 INFO  [pool-1-thread-1] {com.hazelcast.system} [127.0.0.1]:5718 [dev] Copyright (C) 2008-2013 Hazelcast.com
 INFO  [pool-1-thread-1] {com.hazelcast.instance.Node} [127.0.0.1]:5718 [dev] Creating MulticastJoiner
 INFO  [pool-1-thread-1] {com.hazelcast.core.LifecycleService} [127.0.0.1]:5718 [dev] Address[127.0.0.1]:5718 is STARTING
 INFO  [pool-1-thread-1] {com.hazelcast.cluster.TcpIpJoiner} [127.0.0.1]:5718 [dev] Connecting to possible member: Address[127.0.0.1]:5703
 INFO  [pool-1-thread-1] {com.hazelcast.cluster.TcpIpJoiner} [127.0.0.1]:5718 [dev] Connecting to possible member: Address[127.0.0.1]:5702
 INFO  [pool-1-thread-1] {com.hazelcast.cluster.TcpIpJoiner} [127.0.0.1]:5718 [dev] Connecting to possible member: Address[127.0.0.1]:5701
 INFO  [hz._hzInstance_2_dev.cached.thread-3] {com.hazelcast.nio.SocketConnector} [127.0.0.1]:5718 [dev] Connecting to /127.0.0.1:5703, timeout: 0, bind-any: true
 INFO  [hz._hzInstance_2_dev.cached.thread-2] {com.hazelcast.nio.SocketConnector} [127.0.0.1]:5718 [dev] Connecting to /127.0.0.1:5702, timeout: 0, bind-any: true
 INFO  [hz._hzInstance_2_dev.cached.thread-3] {com.hazelcast.nio.TcpIpConnectionManager} [127.0.0.1]:5718 [dev] 58486 accepted socket connection from /127.0.0.1:5703
 INFO  [hz._hzInstance_2_dev.cached.thread-1] {com.hazelcast.nio.SocketConnector} [127.0.0.1]:5718 [dev] Connecting to /127.0.0.1:5701, timeout: 0, bind-any: true
 INFO  [hz._hzInstance_2_dev.cached.thread-2] {com.hazelcast.nio.TcpIpConnectionManager} [127.0.0.1]:5718 [dev] 35540 accepted socket connection from /127.0.0.1:5702
 INFO  [hz._hzInstance_2_dev.cached.thread-1] {com.hazelcast.nio.TcpIpConnectionManager} [127.0.0.1]:5718 [dev] 47713 accepted socket connection from /127.0.0.1:5701
 INFO  [hz._hzInstance_2_dev.IO.thread-in-2] {com.hazelcast.nio.TcpIpConnection} [127.0.0.1]:5718 [dev] Connection [Address[127.0.0.1]:5701] lost. Reason: java.io.EOFException[Remote socket closed!]
 INFO  [hz._hzInstance_2_dev.IO.thread-in-0] {com.hazelcast.nio.TcpIpConnection} [127.0.0.1]:5718 [dev] Connection [Address[127.0.0.1]:5703] lost. Reason: java.io.EOFException[Remote socket closed!]
 WARN  [hz._hzInstance_2_dev.IO.thread-in-2] {com.hazelcast.nio.ReadHandler} [127.0.0.1]:5718 [dev] hz._hzInstance_2_dev.IO.thread-in-2 Closing socket to endpoint Address[127.0.0.1]:5701, Cause:java.io.EOFException: Remote socket closed!
 WARN  [hz._hzInstance_2_dev.IO.thread-in-0] {com.hazelcast.nio.ReadHandler} [127.0.0.1]:5718 [dev] hz._hzInstance_2_dev.IO.thread-in-0 Closing socket to endpoint Address[127.0.0.1]:5703, Cause:java.io.EOFException: Remote socket closed!
[GC 259695K->11189K(2944064K), 0.0413860 secs]
 INFO  [hz._hzInstance_2_dev.IO.thread-Acceptor] {com.hazelcast.nio.SocketAcceptor} [127.0.0.1]:5718 [dev] Accepting socket connection from /127.0.0.1:46844
 INFO  [hz._hzInstance_2_dev.IO.thread-Acceptor] {com.hazelcast.nio.TcpIpConnectionManager} [127.0.0.1]:5718 [dev] 5718 accepted socket connection from /127.0.0.1:46844
 INFO  [hz._hzInstance_2_dev.cached.thread-2] {com.hazelcast.cluster.ClusterService} [127.0.0.1]:5718 [dev] 

Members [12] {
	Member [127.0.0.1]:5702
	Member [127.0.0.1]:5714
	Member [127.0.0.1]:5715
	Member [127.0.0.1]:5716
	Member [127.0.0.1]:5717
	Member [127.0.0.1]:5718 this
	Member [127.0.0.1]:5719
	Member [127.0.0.1]:5720
	Member [127.0.0.1]:5721
	Member [127.0.0.1]:5722
	Member [127.0.0.1]:5723
	Member [127.0.0.1]:5724
}

 INFO  [hz._hzInstance_2_dev.IO.thread-Acceptor] {com.hazelcast.nio.SocketAcceptor} [127.0.0.1]:5718 [dev] Accepting socket connection from /127.0.0.1:35163
 INFO  [hz._hzInstance_2_dev.IO.thread-Acceptor] {com.hazelcast.nio.TcpIpConnectionManager} [127.0.0.1]:5718 [dev] 5718 accepted socket connection from /127.0.0.1:35163
 INFO  [hz._hzInstance_2_dev.cached.thread-5] {com.hazelcast.nio.SocketConnector} [127.0.0.1]:5718 [dev] Connecting to /127.0.0.1:5716, timeout: 0, bind-any: true
 INFO  [hz._hzInstance_2_dev.IO.thread-Acceptor] {com.hazelcast.nio.SocketAcceptor} [127.0.0.1]:5718 [dev] Accepting socket connection from /127.0.0.1:58188
 INFO  [hz._hzInstance_2_dev.IO.thread-Acceptor] {com.hazelcast.nio.TcpIpConnectionManager} [127.0.0.1]:5718 [dev] 5718 accepted socket connection from /127.0.0.1:58188
 INFO  [hz._hzInstance_2_dev.cached.thread-3] {com.hazelcast.nio.SocketConnector} [127.0.0.1]:5718 [dev] Connecting to /127.0.0.1:5714, timeout: 0, bind-any: true
 INFO  [hz._hzInstance_2_dev.cached.thread-5] {com.hazelcast.nio.TcpIpConnectionManager} [127.0.0.1]:5718 [dev] 46209 accepted socket connection from /127.0.0.1:5716
 INFO  [hz._hzInstance_2_dev.cached.thread-11] {com.hazelcast.nio.SocketConnector} [127.0.0.1]:5718 [dev] Connecting to /127.0.0.1:5715, timeout: 0, bind-any: true
 INFO  [hz._hzInstance_2_dev.cached.thread-3] {com.hazelcast.nio.TcpIpConnectionManager} [127.0.0.1]:5718 [dev] 49606 accepted socket connection from /127.0.0.1:5714
 INFO  [hz._hzInstance_2_dev.cached.thread-11] {com.hazelcast.nio.TcpIpConnectionManager} [127.0.0.1]:5718 [dev] 35071 accepted socket connection from /127.0.0.1:5715
 INFO  [hz._hzInstance_2_dev.cached.thread-5] {com.hazelcast.nio.SocketConnector} [127.0.0.1]:5718 [dev] Connecting to /127.0.0.1:5719, timeout: 0, bind-any: true
 INFO  [hz._hzInstance_2_dev.cached.thread-5] {com.hazelcast.nio.TcpIpConnectionManager} [127.0.0.1]:5718 [dev] 55778 accepted socket connection from /127.0.0.1:5719
 INFO  [hz._hzInstance_2_dev.cached.thread-9] {com.hazelcast.nio.SocketConnector} [127.0.0.1]:5718 [dev] Connecting to /127.0.0.1:5720, timeout: 0, bind-any: true
 INFO  [hz._hzInstance_2_dev.cached.thread-9] {com.hazelcast.nio.TcpIpConnectionManager} [127.0.0.1]:5718 [dev] 33024 accepted socket connection from /127.0.0.1:5720
 INFO  [hz._hzInstance_2_dev.cached.thread-5] {com.hazelcast.nio.SocketConnector} [127.0.0.1]:5718 [dev] Connecting to /127.0.0.1:5721, timeout: 0, bind-any: true
 INFO  [hz._hzInstance_2_dev.IO.thread-Acceptor] {com.hazelcast.nio.SocketAcceptor} [127.0.0.1]:5718 [dev] Accepting socket connection from /127.0.0.1:44343
 INFO  [hz._hzInstance_2_dev.IO.thread-Acceptor] {com.hazelcast.nio.TcpIpConnectionManager} [127.0.0.1]:5718 [dev] 5718 accepted socket connection from /127.0.0.1:44343
 INFO  [hz._hzInstance_2_dev.cached.thread-5] {com.hazelcast.nio.TcpIpConnectionManager} [127.0.0.1]:5718 [dev] 33648 accepted socket connection from /127.0.0.1:5721
 INFO  [hz._hzInstance_2_dev.IO.thread-Acceptor] {com.hazelcast.nio.SocketAcceptor} [127.0.0.1]:5718 [dev] Accepting socket connection from /127.0.0.1:34628
 INFO  [hz._hzInstance_2_dev.IO.thread-Acceptor] {com.hazelcast.nio.TcpIpConnectionManager} [127.0.0.1]:5718 [dev] 5718 accepted socket connection from /127.0.0.1:34628
 INFO  [hz._hzInstance_2_dev.IO.thread-Acceptor] {com.hazelcast.nio.SocketAcceptor} [127.0.0.1]:5718 [dev] Accepting socket connection from /127.0.0.1:55584
 INFO  [hz._hzInstance_2_dev.cached.thread-11] {com.hazelcast.nio.SocketConnector} [127.0.0.1]:5718 [dev] Connecting to /127.0.0.1:5724, timeout: 0, bind-any: true
 INFO  [hz._hzInstance_2_dev.IO.thread-Acceptor] {com.hazelcast.nio.TcpIpConnectionManager} [127.0.0.1]:5718 [dev] 5718 accepted socket connection from /127.0.0.1:55584
 INFO  [hz._hzInstance_2_dev.cached.thread-11] {com.hazelcast.nio.TcpIpConnectionManager} [127.0.0.1]:5718 [dev] 39741 accepted socket connection from /127.0.0.1:5724
 INFO  [hz._hzInstance_2_dev.IO.thread-Acceptor] {com.hazelcast.nio.SocketAcceptor} [127.0.0.1]:5718 [dev] Accepting socket connection from /127.0.0.1:57801
 INFO  [hz._hzInstance_2_dev.IO.thread-Acceptor] {com.hazelcast.nio.TcpIpConnectionManager} [127.0.0.1]:5718 [dev] 5718 accepted socket connection from /127.0.0.1:57801
 INFO  [hz._hzInstance_2_dev.IO.thread-Acceptor] {com.hazelcast.nio.SocketAcceptor} [127.0.0.1]:5718 [dev] Accepting socket connection from /127.0.0.1:48131
 INFO  [hz._hzInstance_2_dev.IO.thread-Acceptor] {com.hazelcast.nio.TcpIpConnectionManager} [127.0.0.1]:5718 [dev] 5718 accepted socket connection from /127.0.0.1:48131
 INFO  [hz._hzInstance_2_dev.IO.thread-Acceptor] {com.hazelcast.nio.SocketAcceptor} [127.0.0.1]:5718 [dev] Accepting socket connection from /127.0.0.1:32852
 INFO  [hz._hzInstance_2_dev.IO.thread-Acceptor] {com.hazelcast.nio.TcpIpConnectionManager} [127.0.0.1]:5718 [dev] 5718 accepted socket connection from /127.0.0.1:32852
 INFO  [hz._hzInstance_2_dev.IO.thread-Acceptor] {com.hazelcast.nio.SocketAcceptor} [127.0.0.1]:5718 [dev] Accepting socket connection from /127.0.0.1:57466
 INFO  [hz._hzInstance_2_dev.IO.thread-Acceptor] {com.hazelcast.nio.TcpIpConnectionManager} [127.0.0.1]:5718 [dev] 5718 accepted socket connection from /127.0.0.1:57466
 WARN  [pool-1-thread-1] {com.hazelcast.instance.Node} [127.0.0.1]:5718 [dev] Config seed port is 5701 and cluster size is 12. Some of the ports seem occupied!
 INFO  [pool-1-thread-1] {com.hazelcast.core.LifecycleService} [127.0.0.1]:5718 [dev] Address[127.0.0.1]:5718 is STARTED
 INFO  [pool-1-thread-1] {org.radargun.cachewrappers.Hazelcast3Wrapper} Hazelcast configuration:Config{groupConfig=GroupConfig [name=dev, password=********], properties={hazelcast.logging.type=log4j}, networkConfig=NetworkConfig {publicAddress='null', port=5701, portCount=100, portAutoIncrement=true, join=JoinConfig{multicastConfig=MulticastConfig [enabled=true, multicastGroup=224.0.2.128, multicastPort=54327, multicastTimeToLive=32, multicastTimeoutSeconds=2, trustedInterfaces=[]], tcpIpConfig=TcpIpConfig [enabled=true, connectionTimeoutSeconds=5, members=[127.0.0.1], requiredMember=null], awsConfig=AwsConfig{enabled=false, region='us-east-1', securityGroupName='null', tagKey='null', tagValue='null', hostHeader='ec2.amazonaws.com', connectionTimeoutSeconds=5}}, interfaces=InterfacesConfig{enabled=false, interfaces=[]}, sslConfig=null, socketInterceptorConfig=null, symmetricEncryptionConfig=null}, mapConfigs={default=MapConfig{name='default', inMemoryFormat=BINARY', backupCount=5, asyncBackupCount=0, timeToLiveSeconds=0, maxIdleSeconds=0, evictionPolicy='NONE', evictionPercentage=0, maxSizeConfig=MaxSizeConfig{maxSizePolicy='PER_PARTITION', size=2147483647}, readBackupData=true, nearCacheConfig=null, mapStoreConfig=null, mergePolicyConfig='hz.ADD_NEW_ENTRY', wanReplicationRef=null, listenerConfigs=[], mapIndexConfigs=[], storageType=null}}, topicConfigs={}, queueConfigs={}, multiMapConfigs={}, executorConfigs={default=ExecutorConfig{name='default', poolSize=8, queueCapacity=2147483647}}, semaphoreConfigs={}, wanReplicationConfigs={}, listenerConfigs=[], partitionGroupConfig=PartitionGroupConfig{enabled=false, groupType=PER_MEMBER, memberGroupConfigs=[]}, managementCenterConfig=ManagementCenterConfig{enabled=false, url='null', updateInterval=5}, securityConfig=SecurityConfig{enabled=false, memberCredentialsConfig=CredentialsFactoryConfig{className='null', implementation=null, properties={}}, memberLoginModuleConfigs=[], clientLoginModuleConfigs=[], clientPolicyConfig=PermissionPolicyConfig{className='null', implementation=null, properties={}}, clientPermissionConfigs=[]}}
 INFO  [pool-1-thread-1] {pt.ist.fenixframework.backend.jvstm.datagrid.DataGridRepository} Initialization marker is present. Data Grid already existed.
 INFO  [pool-1-thread-1] {pt.ist.fenixframework.backend.jvstm.JVSTMBackEnd} initializeDomainClassInfos
 INFO  [pool-1-thread-1] {pt.ist.fenixframework.backend.jvstm.pstm.DomainClassInfo} serverId: 5, serverOidBase: 5000000000000
 INFO  [pool-1-thread-1] {pt.ist.fenixframework.backend.jvstm.pstm.DomainClassInfo} Existing domain class 'pt.ist.fenixframework.backend.jvstm.pstm.TransactionStatisticsEntry' with id '5'
 INFO  [pool-1-thread-1] {pt.ist.fenixframework.backend.jvstm.pstm.DomainClassInfo} Existing domain class 'pt.ist.fenixframework.adt.linkedlist.LinkedList' with id '9'
 INFO  [pool-1-thread-1] {pt.ist.fenixframework.backend.jvstm.pstm.DomainClassInfo} Existing domain class 'pt.ist.fenixframework.adt.bplustree.DomainBPlusTree' with id 'e'
 INFO  [pool-1-thread-1] {pt.ist.fenixframework.backend.jvstm.pstm.DomainClassInfo} Existing domain class 'pt.ist.fenixframework.adt.bplustree.InnerNodeArray' with id 'b'
 INFO  [pool-1-thread-1] {pt.ist.fenixframework.backend.jvstm.pstm.DomainClassInfo} Existing domain class 'pt.ist.fenixframework.DomainRoot' with id '0'
 INFO  [pool-1-thread-1] {pt.ist.fenixframework.backend.jvstm.pstm.DomainClassInfo} Existing domain class 'pt.ist.fenixframework.adt.bplustree.BPlusTreeArray' with id '2'
 INFO  [pool-1-thread-1] {pt.ist.fenixframework.backend.jvstm.pstm.DomainClassInfo} Existing domain class 'pt.ist.fenixframework.adt.bplustree.AbstractNodeArray' with id 'a'
 INFO  [pool-1-thread-1] {pt.ist.fenixframework.backend.jvstm.pstm.DomainClassInfo} Existing domain class 'pt.ist.fenixframework.adt.bplustree.InnerNode' with id '8'
 INFO  [pool-1-thread-1] {pt.ist.fenixframework.backend.jvstm.pstm.DomainClassInfo} Existing domain class 'pt.ist.fenixframework.adt.bplustree.LeafNode' with id '4'
 INFO  [pool-1-thread-1] {pt.ist.fenixframework.backend.jvstm.pstm.DomainClassInfo} Existing domain class 'pt.ist.fenixframework.backend.jvstm.pstm.FenixFrameworkData' with id 'd'
 INFO  [pool-1-thread-1] {pt.ist.fenixframework.backend.jvstm.pstm.DomainClassInfo} Existing domain class 'pt.ist.fenixframework.adt.bplustree.DomainLeafNode' with id '1'
 INFO  [pool-1-thread-1] {pt.ist.fenixframework.backend.jvstm.pstm.DomainClassInfo} Existing domain class 'pt.ist.fenixframework.adt.linkedlist.ListNode' with id '6'
 INFO  [pool-1-thread-1] {pt.ist.fenixframework.backend.jvstm.pstm.DomainClassInfo} Existing domain class 'pt.ist.fenixframework.adt.bplustree.AbstractNode' with id 'f'
 INFO  [pool-1-thread-1] {pt.ist.fenixframework.backend.jvstm.pstm.DomainClassInfo} Existing domain class 'pt.ist.fenixframework.adt.bplustree.DomainInnerNode' with id '3'
 INFO  [pool-1-thread-1] {pt.ist.fenixframework.backend.jvstm.pstm.DomainClassInfo} Existing domain class 'pt.ist.fenixframework.adt.bplustree.BPlusTree' with id '7'
 INFO  [pool-1-thread-1] {pt.ist.fenixframework.backend.jvstm.pstm.DomainClassInfo} Existing domain class 'pt.ist.fenixframework.adt.bplustree.LeafNodeArray' with id 'c'
 INFO  [pool-1-thread-1] {pt.ist.fenixframework.backend.jvstm.JVSTMBackEnd} setupJVSTM
 INFO  [pool-1-thread-1] {pt.ist.fenixframework.backend.jvstm.JVSTMBackEnd} Setting the last committed TX number to 2
 INFO  [pool-1-thread-1] {pt.ist.fenixframework.backend.jvstm.JVSTMBackEnd} createDomainRootIfNeeded
 INFO  [pool-1-thread-1] {pt.ist.fenixframework.backend.jvstm.JVSTMBackEnd} ensureFenixFrameworkDataExists
 INFO  [pool-1-thread-1] {pt.ist.fenixframework.hibernatesearch.HibernateSearchConfig} Resource 'fenix-framework-hibernate-search.properties' not found. Hibernate Search disabled
 INFO  [pool-1-thread-1] {pt.ist.fenixframework.FenixFramework} Initialization of Fenix Framework is now complete.
 INFO  [pool-1-thread-1] {org.radargun.cachewrappers.FFWrapper} FF STARTED=true
 INFO  [pool-1-thread-1] {org.radargun.stages.helpers.StartHelper} Number of members is the one expected: 12
 INFO  [pool-1-thread-1] {org.radargun.stages.StartClusterStage} Successfully started cache wrapper on slave 6: org.radargun.cachewrappers.FFWrapper@56cc4419
 INFO  [pool-1-thread-1] {org.radargun.Slave} Finished stage: StartCluster {config=hzl3-repl-sync.xml, delayAfterFirstSlaveStarts=5.000 secs, delayBetweenStartingSlaves=0.500 secs, exitBenchmarkOnSlaveFailure=true, expectNumSlaves=null, mayFailOn=null, reachable=null, runOnAllSlaves=false, slaves=null, staggerSlaveStartup=true, useSmartClassLoading=true, validateCluster=true }
 INFO  [main] {org.radargun.Slave} Ack successfully sent to the master
 INFO  [pool-1-thread-1] {org.radargun.Slave} Executing stage: ClusterValidation {exitBenchmarkOnSlaveFailure=false, partialReplication=false, replicationTimeSleep=2000, replicationTryCount=60, runOnAllSlaves=false, slaves=null, useSmartClassLoading=true }
 INFO  [pool-1-thread-1] {org.radargun.stages.ClusterValidationStage} Number of caches that replicated here is 3
 WARN  [hz._hzInstance_2_dev.cached.thread-2] {com.hazelcast.transaction.TransactionManagerService} [127.0.0.1]:5718 [dev] No tx backup log is found, tx -> cd7c7614-ade6-4701-aa6b-a513d78fd12a
 INFO  [pool-1-thread-1] {org.radargun.stages.ClusterValidationStage} Replication test failed, 1 tries so far. Sleeping for 2 seconds and trying again.
 WARN  [hz._hzInstance_2_dev.cached.thread-11] {com.hazelcast.transaction.TransactionManagerService} [127.0.0.1]:5718 [dev] No tx backup log is found, tx -> d40f5ea7-a08d-4a92-924e-c48b57c42148
 WARN  [hz._hzInstance_2_dev.cached.thread-11] {com.hazelcast.transaction.TransactionManagerService} [127.0.0.1]:5718 [dev] No tx backup log is found, tx -> fd93260e-64f8-4e5e-aeee-93bddd055c44
 INFO  [pool-1-thread-1] {org.radargun.stages.ClusterValidationStage} Number of caches that replicated here is 11
 INFO  [pool-1-thread-1] {org.radargun.stages.ClusterValidationStage} Replication test successfully passed. partialReplication? false, replicationCount = 11
 INFO  [pool-1-thread-1] {org.radargun.stages.ClusterValidationStage} Confirm phase successful.
 INFO  [pool-1-thread-1] {org.radargun.Slave} Finished stage: ClusterValidation {exitBenchmarkOnSlaveFailure=false, partialReplication=false, replicationTimeSleep=2000, replicationTryCount=60, runOnAllSlaves=false, slaves=[ 0, 1, 2, 3, 4, 5, 6, 7, 8, 9, 10, 11 ], useSmartClassLoading=true }
 INFO  [main] {org.radargun.Slave} Ack successfully sent to the master
 INFO  [pool-1-thread-1] {org.radargun.Slave} Executing stage: StressTestWarmup {bulkSize=1, cacheSpecificKeyGenerator=false, commitTransactions=true, duration=1 mins 0 secs, entrySize=1000, exitBenchmarkOnSlaveFailure=false, fixedKeys=true, generateHistogramRange=false, keyGeneratorClass=org.radargun.stressors.StringKeyGenerator, keyGeneratorParam=null, loadAllKeys=false, numEntries=100, numOfThreads=4, numRequests=10000, numThreads=4, numberOfAttributes=100, numberOfRequests=10000, opsCountStatusLog=100000, poolKeys=true, preferAsyncOperations=false, removePercentage=0, replaceInvalidPercentage=40, runOnAllSlaves=false, sharedKeys=false, sizeOfAnAttribute=1000, slaves=null, transactionSize=50, useAtomics=false, useHistogramStatistics=false, useSimpleStatistics=true, useSmartClassLoading=true, useTransactions=null, writePercentage=20, writeTxPercentage=20 }
 INFO  [pool-1-thread-1] {org.radargun.stages.StressTestWarmupStage} Starting StressTestWarmupStage: StressTestWarmup {bulkSize=1, cacheSpecificKeyGenerator=false, commitTransactions=true, duration=1 mins 0 secs, entrySize=1000, exitBenchmarkOnSlaveFailure=false, fixedKeys=true, generateHistogramRange=false, keyGeneratorClass=org.radargun.stressors.StringKeyGenerator, keyGeneratorParam=null, loadAllKeys=false, numEntries=100, numOfThreads=4, numRequests=10000, numThreads=4, numberOfAttributes=100, numberOfRequests=10000, opsCountStatusLog=100000, poolKeys=true, preferAsyncOperations=false, removePercentage=0, replaceInvalidPercentage=40, runOnAllSlaves=false, sharedKeys=false, sizeOfAnAttribute=1000, slaves=null, transactionSize=50, useAtomics=false, useHistogramStatistics=false, useSimpleStatistics=true, useSmartClassLoading=true, useTransactions=null, writePercentage=20, writeTxPercentage=20 }
 INFO  [pool-1-thread-1] {org.radargun.stressors.StressTestStressor} Using key generator org.radargun.stressors.StringKeyGenerator, param null
 INFO  [pool-1-thread-1] {org.radargun.stressors.StressTestStressor} Executing: StressTestStressor{opsCountStatusLog=100000, numRequests=10000, numEntries=100, entrySize=1000, writePercentage=20, numThreads=4, cacheWrapper=org.radargun.cachewrappers.FFWrapper@56cc4419, nodeIndex=6, useTransactions=true, transactionSize=50, commitTransactions=true, durationMillis=60000}
 INFO  [pool-1-thread-1] {org.radargun.stressors.StressTestStressor} Cache wrapper info is: FFWrapper using hazelcast3
[GC 267253K->11594K(2944064K), 0.0345430 secs]
 INFO  [hz._hzInstance_2_dev.scheduled] {com.hazelcast.partition.PartitionService} [127.0.0.1]:5718 [dev] Re-sending sync replica request for partition: 1, replica: 1
[GC 267658K->12664K(2944064K), 0.0291630 secs]
 INFO  [pool-1-thread-1] {org.radargun.stressors.StressTestStressor} Started 4 stressor threads.
 INFO  [Stressor-3] {org.radargun.stressors.StressTestStressor} Number of ops executed so far: 1. Elapsed time: 0.001 secs. Remaining: 59.999 secs. Total: 1 mins 0 secs
[GC 268728K->14657K(2944064K), 0.0281070 secs]
[GC 270721K->16083K(2944064K), 0.0451310 secs]
[GC 272147K->15228K(2944064K), 0.0303460 secs]
[GC 271292K->18140K(2944064K), 0.0319020 secs]
[GC 274204K->16899K(2944064K), 0.0323280 secs]
 INFO  [Stressor-1] {org.radargun.stressors.StressTestStressor} Number of ops executed so far: 10550. Elapsed time: 20.067 secs. Remaining: 39.933 secs. Total: 1 mins 0 secs
[GC 272963K->20085K(2944064K), 0.0307590 secs]
[GC 276149K->21138K(2944064K), 0.0312550 secs]
[GC 277202K->19552K(2944064K), 0.0315580 secs]
[GC 275616K->20457K(2944064K), 0.0396820 secs]
[GC 276521K->21365K(2944064K), 0.0325140 secs]
 INFO  [Stressor-0] {org.radargun.stressors.StressTestStressor} Number of ops executed so far: 23650. Elapsed time: 40.102 secs. Remaining: 19.898 secs. Total: 1 mins 0 secs
[GC 277429K->22304K(2944064K), 0.0315790 secs]
[GC 278368K->23294K(2944064K), 0.0326220 secs]
[GC 279358K->28431K(2944064K), 0.0538050 secs]
[GC 284495K->24826K(2944064K), 0.0359970 secs]
 INFO  [Stressor-1] {org.radargun.stressors.StressTestStressor} Number of ops executed so far: 39650. Elapsed time: 1 mins 0 secs. Remaining: 0.000 secs. Total: 1 mins 0 secs
 INFO  [pool-1-thread-1] {org.radargun.stressors.StressTestStressor} Finished generating report. Test duration is: 1 mins 14 secs
 INFO  [pool-1-thread-1] {org.radargun.stages.StressTestWarmupStage} The warmup took: 74 seconds.
 INFO  [pool-1-thread-1] {org.radargun.Slave} Finished stage: StressTestWarmup {bulkSize=1, cacheSpecificKeyGenerator=false, commitTransactions=true, duration=1 mins 0 secs, entrySize=1000, exitBenchmarkOnSlaveFailure=false, fixedKeys=true, generateHistogramRange=false, keyGeneratorClass=org.radargun.stressors.StringKeyGenerator, keyGeneratorParam=null, loadAllKeys=false, numEntries=100, numOfThreads=4, numRequests=10000, numThreads=4, numberOfAttributes=100, numberOfRequests=10000, opsCountStatusLog=100000, poolKeys=true, preferAsyncOperations=false, removePercentage=0, replaceInvalidPercentage=40, runOnAllSlaves=false, sharedKeys=false, sizeOfAnAttribute=1000, slaves=null, transactionSize=50, useAtomics=false, useHistogramStatistics=false, useSimpleStatistics=true, useSmartClassLoading=true, useTransactions=null, writePercentage=20, writeTxPercentage=20 }
 INFO  [main] {org.radargun.Slave} Ack successfully sent to the master
[GC 280890K->23692K(2944064K), 0.0293190 secs]
[GC 279756K->27632K(2944064K), 0.0306950 secs]
[GC 283696K->25141K(2944064K), 0.0280290 secs]
[GC 281205K->25583K(2944064K), 0.0287470 secs]
[GC 281647K->27588K(2944064K), 0.0259760 secs]
[GC 283652K->28847K(2944064K), 0.0308170 secs]
[GC 284911K->29906K(2944064K), 0.0318640 secs]
[GC 285970K->33922K(2944064K), 0.0332690 secs]
[GC 289986K->30951K(2944064K), 0.0329200 secs]
[GC 287015K->34482K(2944064K), 0.0320740 secs]
[GC 290546K->37147K(2944064K), 0.0358960 secs]
[GC 293211K->35584K(2944064K), 0.0304950 secs]
[GC 291648K->36904K(2944064K), 0.0323940 secs]
[GC 292968K->41814K(2944064K), 0.0371730 secs]
[GC 297878K->36325K(2944064K), 0.0339170 secs]
[GC 292389K->43570K(2944064K), 0.0358720 secs]
[GC 299634K->52360K(2944064K), 0.0400100 secs]
 INFO  [pool-1-thread-1] {org.radargun.Slave} Executing stage: ClearClusterStage {ClearCluster {exitBenchmarkOnSlaveFailure=false, runOnAllSlaves=false, slaves=[ 0 ], useSmartClassLoading=true }
 INFO  [pool-1-thread-1] {org.radargun.stages.ClearClusterStage} Before executing clear, memory looks like this: Memory - free: 2,676,611 kb - max:4,906,688 kb- total:2,944,064 kb
[Full GC 267452K->42988K(2944064K), 0.3678230 secs]
 INFO  [pool-1-thread-1] {org.radargun.stages.ClearClusterStage} After executing cleanup, memory looks like this: Memory - free: 2,900,636 kb - max:4,906,688 kb- total:2,944,192 kb
 INFO  [pool-1-thread-1] {org.radargun.Slave} Finished stage: ClearClusterStage {ClearCluster {exitBenchmarkOnSlaveFailure=false, runOnAllSlaves=false, slaves=[ 0 ], useSmartClassLoading=true }
 INFO  [main] {org.radargun.Slave} Ack successfully sent to the master
 INFO  [pool-1-thread-1] {org.radargun.Slave} Executing stage: StressTest {bulkSize=1, cacheSpecificKeyGenerator=false, commitTransactions=true, duration=1 mins 0 secs, entrySize=1000, exitBenchmarkOnSlaveFailure=false, fixedKeys=true, generateHistogramRange=false, keyGeneratorClass=org.radargun.stressors.StringKeyGenerator, keyGeneratorParam=null, loadAllKeys=false, numEntries=10000, numOfThreads=4, numRequests=10000000, numThreads=4, numberOfAttributes=10000, numberOfRequests=10000000, opsCountStatusLog=500000, poolKeys=true, preferAsyncOperations=false, removePercentage=0, replaceInvalidPercentage=40, runOnAllSlaves=false, sharedKeys=false, sizeOfAnAttribute=1000, slaves=null, transactionSize=10000, useAtomics=false, useHistogramStatistics=false, useSimpleStatistics=true, useSmartClassLoading=true, useTransactions=true, writePercentage=10, writeTxPercentage=5 }
 INFO  [pool-1-thread-1] {org.radargun.stages.StressTestStage} Starting StressTestStage: StressTest {bulkSize=1, cacheSpecificKeyGenerator=false, commitTransactions=true, duration=1 mins 0 secs, entrySize=1000, exitBenchmarkOnSlaveFailure=false, fixedKeys=true, generateHistogramRange=false, keyGeneratorClass=org.radargun.stressors.StringKeyGenerator, keyGeneratorParam=null, loadAllKeys=false, numEntries=10000, numOfThreads=4, numRequests=10000000, numThreads=4, numberOfAttributes=10000, numberOfRequests=10000000, opsCountStatusLog=500000, poolKeys=true, preferAsyncOperations=false, removePercentage=0, replaceInvalidPercentage=40, runOnAllSlaves=false, sharedKeys=false, sizeOfAnAttribute=1000, slaves=null, transactionSize=10000, useAtomics=false, useHistogramStatistics=false, useSimpleStatistics=true, useSmartClassLoading=true, useTransactions=true, writePercentage=10, writeTxPercentage=5 }
 INFO  [pool-1-thread-1] {org.radargun.stressors.StressTestStressor} Using key generator org.radargun.stressors.StringKeyGenerator, param null
 INFO  [pool-1-thread-1] {org.radargun.stressors.StressTestStressor} Executing: StressTestStressor{opsCountStatusLog=500000, numRequests=10000000, numEntries=10000, entrySize=1000, writePercentage=10, numThreads=4, cacheWrapper=org.radargun.cachewrappers.FFWrapper@56cc4419, nodeIndex=6, useTransactions=true, transactionSize=10000, commitTransactions=true, durationMillis=60000}
 INFO  [pool-1-thread-1] {org.radargun.stressors.StressTestStressor} Cache wrapper info is: FFWrapper using hazelcast3
[GC 299116K->62417K(2944192K), 0.0270310 secs]
[GC 318545K->48135K(2944192K), 0.0272260 secs]
[GC 304263K->48037K(2944192K), 0.0238300 secs]
[GC 304165K->49346K(2944192K), 0.0293680 secs]
[GC 305474K->51391K(2944192K), 0.0288990 secs]
[GC 307519K->52145K(2944192K), 0.0259910 secs]
[GC 308273K->53897K(2944192K), 0.0288210 secs]
[GC 310025K->55738K(2944192K), 0.0283940 secs]
[GC 311866K->57625K(2944192K), 0.0303520 secs]
[GC 313753K->57062K(2944192K), 0.0282560 secs]
[GC 313190K->58563K(2944192K), 0.0282380 secs]
[GC 314691K->60154K(2944192K), 0.0330860 secs]
[GC 316282K->61820K(2944192K), 0.0328840 secs]
[GC 317948K->60107K(2944192K), 0.0338430 secs]
[GC 316235K->65252K(2944192K), 0.0434230 secs]
[GC 321380K->72754K(2944192K), 0.0351540 secs]
[GC 328882K->68317K(2944192K), 0.0408440 secs]
[GC 324445K->72309K(2944192K), 0.0333480 secs]
[GC 328437K->67733K(2944192K), 0.0358570 secs]
[GC 323861K->73284K(2944192K), 0.0400120 secs]
[GC 329412K->70419K(2944192K), 0.0351400 secs]
[GC 326547K->71686K(2944192K), 0.0342330 secs]
[GC 327814K->77034K(2944192K), 0.0382920 secs]
[GC 333162K->74066K(2944192K), 0.0337060 secs]
[GC 330194K->83880K(2944192K), 0.0381780 secs]
[GC 340008K->76742K(2944192K), 0.0355920 secs]
[GC 332870K->84198K(2944192K), 0.0345320 secs]
[GC 340326K->83481K(2944192K), 0.0394430 secs]
[GC 339609K->85273K(2944192K), 0.0374020 secs]
[GC 341401K->86693K(2944192K), 0.0349450 secs]
[GC 342821K->83752K(2944192K), 0.0381800 secs]
[GC 339880K->89720K(2944192K), 0.0365980 secs]
[GC 345848K->91119K(2944192K), 0.0359500 secs]
[GC 347247K->87691K(2944192K), 0.0364780 secs]
[GC 343819K->93826K(2944192K), 0.0661770 secs]
[GC 349954K->95241K(2944192K), 0.0340300 secs]
[GC 351369K->96637K(2944192K), 0.0351390 secs]
[GC 352765K->93368K(2944192K), 0.0394630 secs]
[GC 349496K->94778K(2944192K), 0.0368390 secs]
[GC 350906K->96117K(2944192K), 0.0367570 secs]
[GC 352245K->97558K(2944192K), 0.0391710 secs]
[GC 353686K->103765K(2944192K), 0.0401310 secs]
[GC 359893K->100159K(2944192K), 0.0364990 secs]
[GC 356287K->106360K(2944192K), 0.0400320 secs]
[GC 362488K->107786K(2944192K), 0.0384700 secs]
[GC 363914K->109093K(2944192K), 0.0428820 secs]
[GC 365221K->110411K(2944192K), 0.0371640 secs]
[GC 366539K->106869K(2944192K), 0.0387030 secs]
[GC 362997K->108284K(2944192K), 0.0378560 secs]
[GC 364412K->114879K(2944192K), 0.0455510 secs]
[GC 371007K->116542K(2944192K), 0.0364680 secs]
[GC 372670K->118127K(2944192K), 0.0414610 secs]
[GC 374255K->119495K(2944192K), 0.0494630 secs]
[GC 375623K->115635K(2944192K), 0.0390120 secs]
[GC 371763K->122073K(2944192K), 0.0393340 secs]
[GC 378201K->118184K(2944192K), 0.0545740 secs]
[GC 374312K->119410K(2944192K), 0.0366710 secs]
[GC 375538K->120778K(2944192K), 0.0415570 secs]
[GC 376906K->127109K(2944192K), 0.0376800 secs]
[GC 383237K->123440K(2944192K), 0.0364560 secs]
[GC 379568K->129848K(2944192K), 0.0368640 secs]
[GC 385976K->131143K(2944192K), 0.0445650 secs]
[GC 387271K->132398K(2944192K), 0.0362860 secs]
[GC 388526K->128865K(2944192K), 0.0367610 secs]
[GC 384993K->134971K(2944192K), 0.0351420 secs]
[GC 391099K->136085K(2944192K), 0.0417050 secs]
[GC 392213K->137174K(2944192K), 0.0438860 secs]
[GC 393302K->143094K(2944192K), 0.0386780 secs]
[GC 399222K->134786K(2944192K), 0.0333450 secs]
[GC 390914K->142704K(2944192K), 0.0370040 secs]
[GC 398832K->146395K(2944192K), 0.0356870 secs]
[GC 402523K->138609K(2944192K), 0.0360080 secs]
[GC 394737K->146624K(2944192K), 0.0383020 secs]
[GC 402752K->150370K(2944192K), 0.0360590 secs]
[GC 406498K->142539K(2944192K), 0.0392020 secs]
[GC 398667K->150388K(2944192K), 0.0379450 secs]
[GC 406516K->154015K(2944192K), 0.0378460 secs]
 INFO  [pool-1-thread-1] {org.radargun.stressors.StressTestStressor} Started 4 stressor threads.
 INFO  [Stressor-3] {org.radargun.stressors.StressTestStressor} Number of ops executed so far: 1. Elapsed time: 0.001 secs. Remaining: 59.999 secs. Total: 1 mins 0 secs
[GC 410143K->152166K(2944192K), 0.0373040 secs]
[GC 408294K->165746K(2944192K), 0.0419150 secs]
[GC 421874K->167566K(2944192K), 0.0365700 secs]
[GC 423694K->171626K(2944192K), 0.0387440 secs]
[GC 427754K->174750K(2944192K), 0.0403960 secs]
[GC 430878K->170843K(2944192K), 0.0389130 secs]
 INFO  [Stressor-0] {org.radargun.stressors.StressTestStressor} Number of ops executed so far: 400000. Elapsed time: 22.762 secs. Remaining: 37.238 secs. Total: 1 mins 0 secs
[GC 426971K->174305K(2944192K), 0.0386290 secs]
[GC 430433K->184702K(2944192K), 0.0414160 secs]
[GC 440830K->171094K(2944192K), 0.0431940 secs]
[GC 427222K->184479K(2944192K), 0.0371360 secs]
[GC 440607K->198122K(2944192K), 0.0404040 secs]
[GC 454250K->176755K(2944192K), 0.0418870 secs]
 INFO  [Stressor-3] {org.radargun.stressors.StressTestStressor} Number of ops executed so far: 1670000. Elapsed time: 45.351 secs. Remaining: 14.649 secs. Total: 1 mins 0 secs
[GC 432883K->201779K(2944192K), 0.0385890 secs]
[GC 457907K->187949K(2944192K), 0.0395630 secs]
[GC 444077K->208581K(2944192K), 0.0384450 secs]
[GC 464709K->189807K(2944192K), 0.0454130 secs]
[GC 445935K->215413K(2944192K), 0.0419870 secs]
[GC 471541K->192671K(2944192K), 0.0536660 secs]
 INFO  [Stressor-0] {org.radargun.stressors.StressTestStressor} Number of ops executed so far: 1080000. Elapsed time: 1 mins 6 secs. Remaining: 0.000 secs. Total: 1 mins 0 secs
 INFO  [pool-1-thread-1] {org.radargun.stressors.StressTestStressor} Finished generating report. Test duration is: 6 mins 46 secs
 INFO  [pool-1-thread-1] {org.radargun.stages.StressTestStage} size info: FFWrapper using hazelcast3, clusterSize:12, nodeIndex:6, cacheSize: -1
 INFO  [pool-1-thread-1] {org.radargun.Slave} Finished stage: StressTest {bulkSize=1, cacheSpecificKeyGenerator=false, commitTransactions=true, duration=1 mins 0 secs, entrySize=1000, exitBenchmarkOnSlaveFailure=false, fixedKeys=true, generateHistogramRange=false, keyGeneratorClass=org.radargun.stressors.StringKeyGenerator, keyGeneratorParam=null, loadAllKeys=false, numEntries=10000, numOfThreads=4, numRequests=10000000, numThreads=4, numberOfAttributes=10000, numberOfRequests=10000000, opsCountStatusLog=500000, poolKeys=true, preferAsyncOperations=false, removePercentage=0, replaceInvalidPercentage=40, runOnAllSlaves=false, sharedKeys=false, sizeOfAnAttribute=1000, slaves=null, transactionSize=10000, useAtomics=false, useHistogramStatistics=false, useSimpleStatistics=true, useSmartClassLoading=true, useTransactions=true, writePercentage=10, writeTxPercentage=5 }
 INFO  [main] {org.radargun.Slave} Ack successfully sent to the master
[GC 448799K->198567K(2944192K), 0.0410100 secs]
[GC 454695K->193347K(2944192K), 0.0404680 secs]
[GC 449475K->203780K(2944192K), 0.0389000 secs]
[GC 459908K->195199K(2944192K), 0.0342630 secs]
[GC 451327K->202812K(2944192K), 0.0404670 secs]
[GC 458940K->196387K(2944192K), 0.0381760 secs]
[GC 452515K->196926K(2944192K), 0.0416290 secs]
[GC 453054K->197348K(2944192K), 0.0349090 secs]
[GC 453476K->193355K(2944192K), 0.0394610 secs]
[GC 449483K->193172K(2944192K), 0.0362970 secs]
[GC 449300K->193861K(2944192K), 0.0370890 secs]
[GC 449989K->194585K(2944192K), 0.0362870 secs]
[GC 450713K->196372K(2944192K), 0.0359520 secs]
[GC 452500K->199801K(2944192K), 0.0379080 secs]
[GC 455929K->196271K(2944192K), 0.0362150 secs]
[GC 452399K->200435K(2944192K), 0.0373770 secs]
[GC 456563K->203663K(2944192K), 0.0389650 secs]
[GC 459791K->200953K(2944192K), 0.0330540 secs]
[GC 457081K->205046K(2944192K), 0.0367820 secs]
[GC 461174K->205862K(2944192K), 0.0379980 secs]
[GC 461990K->206762K(2944192K), 0.0411150 secs]
[GC 462890K->210949K(2944192K), 0.0303870 secs]
[GC 467077K->207380K(2944192K), 0.0385110 secs]
[GC 463508K->207562K(2944192K), 0.0337100 secs]
[GC 463690K->209786K(2944192K), 0.0331000 secs]
[GC 465914K->211080K(2944192K), 0.0298750 secs]
[GC 467208K->212033K(2944192K), 0.0317100 secs]
[GC 468161K->213021K(2944192K), 0.0344340 secs]
[GC 469149K->213960K(2944192K), 0.0357720 secs]
[GC 470088K->214918K(2944192K), 0.0345750 secs]
[GC 471046K->212450K(2944192K), 0.0631400 secs]
[GC 468578K->216548K(2944192K), 0.0396910 secs]
[GC 472676K->217406K(2944192K), 0.0377760 secs]
[GC 473534K->218309K(2944192K), 0.0371980 secs]
[GC 474437K->223540K(2944192K), 0.0315030 secs]
[GC 479668K->222481K(2944192K), 0.0384670 secs]
[GC 478609K->229146K(2944192K), 0.0354420 secs]
[GC 485274K->227885K(2944192K), 0.0372000 secs]
[GC 484013K->230620K(2944192K), 0.0329620 secs]
[GC 486748K->238491K(2944192K), 0.0349150 secs]
[GC 494619K->241826K(2944192K), 0.0375400 secs]
[GC 497954K->245003K(2944192K), 0.0350510 secs]
[GC 501131K->248141K(2944192K), 0.0379340 secs]
[GC 504269K->244894K(2944192K), 0.0425110 secs]
[GC 501022K->254600K(2944192K), 0.0420390 secs]
[GC 510728K->257784K(2944192K), 0.0400400 secs]
[GC 513912K->244534K(2944192K), 0.0380380 secs]
[GC 500662K->262466K(2944192K), 0.0384540 secs]
[GC 518594K->246068K(2944192K), 0.0380810 secs]
[GC 502196K->264794K(2944192K), 0.0404170 secs]
[GC 520922K->248326K(2944192K), 0.0391600 secs]
[GC 504454K->258764K(2944192K), 0.0364690 secs]
[GC 514892K->249492K(2944192K), 0.0383810 secs]
[GC 505620K->253384K(2944192K), 0.0369580 secs]
[GC 509512K->250909K(2944192K), 0.0389160 secs]
[GC 507037K->246541K(2944192K), 0.0375670 secs]
[GC 502669K->247566K(2944192K), 0.0364850 secs]
[GC 503694K->252946K(2944192K), 0.0390660 secs]
[GC 509074K->249438K(2944192K), 0.0361130 secs]
[GC 505566K->250201K(2944192K), 0.0338350 secs]
[GC 506329K->249379K(2944192K), 0.0325320 secs]
[GC 505507K->252628K(2944192K), 0.0321260 secs]
[GC 508756K->256124K(2944192K), 0.0341000 secs]
[GC 512252K->256827K(2944192K), 0.0381370 secs]
[GC 512955K->257732K(2944192K), 0.0360540 secs]
[GC 513860K->261427K(2944192K), 0.0368230 secs]
[GC 517555K->258149K(2944192K), 0.0367600 secs]
[GC 514277K->263794K(2944192K), 0.0350800 secs]
[GC 519922K->259188K(2944192K), 0.0376310 secs]
[GC 515316K->259943K(2944192K), 0.0364820 secs]
[GC 516071K->262097K(2944192K), 0.0342930 secs]
[GC 518225K->263244K(2944192K), 0.0340560 secs]
[GC 519372K->264174K(2944192K), 0.0391330 secs]
[GC 520302K->265041K(2944192K), 0.0327900 secs]
[GC 521169K->265912K(2944192K), 0.0334710 secs]
[GC 522040K->266849K(2944192K), 0.0310290 secs]
[GC 522977K->267650K(2944192K), 0.0346020 secs]
[GC 523778K->265465K(2944192K), 0.0356460 secs]
[GC 521593K->269388K(2944192K), 0.0377940 secs]
[GC 525516K->267129K(2944192K), 0.0364520 secs]
[GC 523257K->267960K(2944192K), 0.0396450 secs]
[GC 524088K->271915K(2944192K), 0.0331470 secs]
[GC 528043K->269711K(2944192K), 0.0332830 secs]
[GC 525839K->270548K(2944192K), 0.0374530 secs]
[GC 526676K->271291K(2944192K), 0.0328890 secs]
[GC 527419K->278433K(2944192K), 0.0346220 secs]
[GC 534561K->274982K(2944192K), 0.0362020 secs]
[GC 531110K->278179K(2944192K), 0.0390130 secs]
[GC 534307K->274392K(2944192K), 0.0391790 secs]
[GC 530520K->278668K(2944192K), 0.0349710 secs]
[GC 534796K->279550K(2944192K), 0.0323520 secs]
[GC 535678K->277206K(2944192K), 0.0328670 secs]
[GC 533334K->281100K(2944192K), 0.0362260 secs]
[GC 537228K->278935K(2944192K), 0.0331970 secs]
[GC 535063K->279770K(2944192K), 0.0324870 secs]
[GC 535898K->280654K(2944192K), 0.0363670 secs]
[GC 536782K->284623K(2944192K), 0.0315060 secs]
[GC 540751K->282346K(2944192K), 0.0348060 secs]
[GC 538474K->286342K(2944192K), 0.0334740 secs]
[GC 542470K->283996K(2944192K), 0.0344570 secs]
[GC 540124K->284894K(2944192K), 0.0626930 secs]
[GC 541022K->288900K(2944192K), 0.0313040 secs]
[GC 545028K->289662K(2944192K), 0.0389940 secs]
[GC 545790K->290573K(2944192K), 0.0328580 secs]
[GC 546701K->291413K(2944192K), 0.0321270 secs]
[GC 547541K->292201K(2944192K), 0.0338890 secs]
[GC 548329K->293064K(2944192K), 0.0346720 secs]
[GC 549192K->290805K(2944192K), 0.0393870 secs]
[GC 546933K->297993K(2944192K), 0.0316440 secs]
[GC 554121K->294462K(2944192K), 0.0368320 secs]
[GC 550590K->294657K(2944192K), 0.0346190 secs]
[GC 550785K->293834K(2944192K), 0.0382520 secs]
[GC 549962K->298097K(2944192K), 0.0344130 secs]
[GC 554225K->298948K(2944192K), 0.0325500 secs]
[GC 555076K->296716K(2944192K), 0.0342260 secs]
[GC 552844K->297653K(2944192K), 0.0421480 secs]
[GC 553781K->301718K(2944192K), 0.0360340 secs]
[GC 557846K->299378K(2944192K), 0.0370710 secs]
[GC 555506K->306638K(2944192K), 0.0319320 secs]
[GC 562766K->303083K(2944192K), 0.0374320 secs]
[GC 559211K->306206K(2944192K), 0.0349170 secs]
[GC 562334K->302406K(2944192K), 0.0308340 secs]
[GC 558534K->306797K(2944192K), 0.0331480 secs]
[GC 562925K->307754K(2944192K), 0.0339040 secs]
[GC 563882K->308605K(2944192K), 0.0315070 secs]
[GC 564733K->306243K(2944192K), 0.0366570 secs]
[GC 562371K->310384K(2944192K), 0.0377360 secs]
[GC 566512K->311169K(2944192K), 0.0319380 secs]
[GC 567297K->312041K(2944192K), 0.0313180 secs]
[GC 568169K->316126K(2944192K), 0.0340840 secs]
[GC 572254K->310575K(2944192K), 0.0359980 secs]
[GC 566703K->315748K(2944192K), 0.0361010 secs]
[GC 571876K->311895K(2944192K), 0.0358760 secs]
[GC 568023K->313107K(2944192K), 0.0348840 secs]
[GC 569235K->317253K(2944192K), 0.0417200 secs]
[GC 573381K->318223K(2944192K), 0.0399920 secs]
[GC 574351K->319049K(2944192K), 0.0360710 secs]
[GC 575177K->319926K(2944192K), 0.0370320 secs]
[GC 576054K->320818K(2944192K), 0.0307030 secs]
[GC 576946K->318484K(2944192K), 0.0352920 secs]
[GC 574612K->322609K(2944192K), 0.0354180 secs]
[GC 578737K->323524K(2944192K), 0.0340810 secs]
[GC 579652K->324350K(2944192K), 0.0349540 secs]
[GC 580478K->322017K(2944192K), 0.0340240 secs]
[GC 578145K->322952K(2944192K), 0.0401480 secs]
[GC 579080K->323817K(2944192K), 0.0368970 secs]
[GC 579945K->328090K(2944192K), 0.0365120 secs]
[GC 584218K->328973K(2944192K), 0.0341660 secs]
[GC 585101K->329838K(2944192K), 0.0340170 secs]
[GC 585966K->330661K(2944192K), 0.0393010 secs]
[GC 586789K->331518K(2944192K), 0.0337490 secs]
[GC 587646K->332432K(2944192K), 0.0305630 secs]
[GC 588560K->329987K(2944192K), 0.0355980 secs]
[GC 586115K->330920K(2944192K), 0.0360400 secs]
[GC 587048K->331690K(2944192K), 0.0364940 secs]
[GC 587818K->335844K(2944192K), 0.0314000 secs]
[GC 591972K->333323K(2944192K), 0.0384090 secs]
[GC 589451K->337491K(2944192K), 0.0318380 secs]
[GC 593619K->335073K(2944192K), 0.0384880 secs]
[GC 591201K->335989K(2944192K), 0.0404630 secs]
[GC 592117K->336817K(2944192K), 0.0339030 secs]
[GC 592945K->337602K(2944192K), 0.0340850 secs]
[GC 593730K->341642K(2944192K), 0.0314690 secs]
[GC 597770K->342488K(2944192K), 0.0327840 secs]
[GC 598616K->340125K(2944192K), 0.0382880 secs]
[GC 596253K->344265K(2944192K), 0.0315520 secs]
[GC 600393K->345125K(2944192K), 0.0307900 secs]
[GC 601253K->345967K(2944192K), 0.0310080 secs]
[GC 602095K->343510K(2944192K), 0.0366060 secs]
[GC 599638K->347591K(2944192K), 0.0353270 secs]
[GC 603719K->345233K(2944192K), 0.0362490 secs]
[GC 601361K->346045K(2944192K), 0.0356680 secs]
[GC 602173K->346892K(2944192K), 0.0402430 secs]
[GC 603020K->347793K(2944192K), 0.0382790 secs]
[GC 603921K->351799K(2944192K), 0.0370350 secs]
[GC 607927K->352646K(2944192K), 0.0307820 secs]
[GC 608774K->350371K(2944192K), 0.0335130 secs]
[GC 606499K->351158K(2944192K), 0.0358270 secs]
[GC 607286K->352015K(2944192K), 0.0366240 secs]
[GC 608143K->352938K(2944192K), 0.0341370 secs]
[GC 609066K->353740K(2944192K), 0.0342280 secs]
[GC 609868K->357753K(2944192K), 0.0340010 secs]
[GC 613881K->355460K(2944192K), 0.0345950 secs]
[GC 611588K->359511K(2944192K), 0.0335770 secs]
[GC 615639K->360345K(2944192K), 0.0321700 secs]
[GC 616473K->361251K(2944192K), 0.0329950 secs]
[GC 617379K->362117K(2944192K), 0.0332820 secs]
[GC 618245K->359821K(2944192K), 0.0388630 secs]
[GC 615949K->363923K(2944192K), 0.0333580 secs]
[GC 620051K->364831K(2944192K), 0.0328800 secs]
[GC 620959K->362490K(2944192K), 0.0327510 secs]
[GC 618618K->366508K(2944192K), 0.0332000 secs]
[GC 622636K->370572K(2944192K), 0.0332560 secs]
[GC 626700K->365017K(2944192K), 0.0334110 secs]
[GC 621145K->370341K(2944192K), 0.0392030 secs]
[GC 626469K->369595K(2944192K), 0.0346400 secs]
[GC 625723K->370790K(2944192K), 0.0349890 secs]
[GC 626918K->371700K(2944192K), 0.0341540 secs]
[GC 627828K->372551K(2944192K), 0.0335320 secs]
[GC 628679K->373356K(2944192K), 0.0328040 secs]
[GC 629484K->371007K(2944192K), 0.0358450 secs]
[GC 627135K->375189K(2944192K), 0.0330410 secs]
[GC 631317K->372782K(2944192K), 0.0378930 secs]
[GC 628910K->373624K(2944192K), 0.0405830 secs]
[GC 629752K->374487K(2944192K), 0.0397220 secs]
[GC 630615K->375338K(2944192K), 0.0346760 secs]
[GC 631466K->379418K(2944192K), 0.0346500 secs]
[GC 635546K->377140K(2944192K), 0.0370690 secs]
[GC 633268K->381270K(2944192K), 0.0309280 secs]
[GC 637398K->378843K(2944192K), 0.0391250 secs]
[GC 634971K->382904K(2944192K), 0.0345650 secs]
[GC 639032K->380589K(2944192K), 0.0347760 secs]
[GC 636717K->384655K(2944192K), 0.0359150 secs]
[GC 640783K->382335K(2944192K), 0.0382750 secs]
[GC 638463K->386475K(2944192K), 0.0333560 secs]
[GC 642603K->384115K(2944192K), 0.0351690 secs]
[GC 640243K->384900K(2944192K), 0.0334470 secs]
[GC 641028K->385781K(2944192K), 0.0371100 secs]
[GC 641909K->389966K(2944192K), 0.0366400 secs]
[GC 646094K->387572K(2944192K), 0.0419230 secs]
[GC 643700K->391758K(2944192K), 0.0340320 secs]
[GC 647886K->389377K(2944192K), 0.0324660 secs]
[GC 645505K->390288K(2944192K), 0.0380310 secs]
[GC 646416K->391153K(2944192K), 0.0355780 secs]
[GC 647281K->392001K(2944192K), 0.0400590 secs]
[GC 648129K->396256K(2944192K), 0.0314610 secs]
[GC 652384K->393747K(2944192K), 0.0393020 secs]
[GC 649875K->397917K(2944192K), 0.0316360 secs]
[GC 654045K->395561K(2944192K), 0.0552540 secs]
[GC 651689K->396425K(2944192K), 0.0392540 secs]
[GC 652553K->397241K(2944192K), 0.0344380 secs]
[GC 653369K->401394K(2944192K), 0.0335500 secs]
[GC 657522K->402371K(2944192K), 0.0326160 secs]
[GC 658499K->403183K(2944192K), 0.0385000 secs]
[GC 659311K->404073K(2944192K), 0.0322600 secs]
[GC 660201K->401669K(2944192K), 0.0376570 secs]
[GC 657797K->402557K(2944192K), 0.0354620 secs]
[GC 658685K->403405K(2944192K), 0.0358990 secs]
[GC 659533K->404220K(2944192K), 0.0350720 secs]
[GC 660348K->408514K(2944192K), 0.0332130 secs]
[GC 664642K->409254K(2944192K), 0.0343660 secs]
[GC 665382K->410151K(2944192K), 0.0350660 secs]
[GC 666279K->407796K(2944192K), 0.0371580 secs]
[GC 663924K->408524K(2944192K), 0.0369720 secs]
[GC 664652K->412732K(2944192K), 0.0308890 secs]
[GC 668860K->416883K(2944192K), 0.0351280 secs]
[GC 673011K->413327K(2944192K), 0.0405620 secs]
[GC 669455K->416448K(2944192K), 0.0324380 secs]
[GC 672576K->412564K(2944192K), 0.0353960 secs]
[GC 668692K->416981K(2944192K), 0.0381620 secs]
[GC 673109K->414762K(2944192K), 0.0384770 secs]
[GC 670890K->415618K(2944192K), 0.0389910 secs]
[GC 671746K->419725K(2944192K), 0.0333490 secs]
[GC 675853K->420658K(2944192K), 0.0324180 secs]
[GC 676786K->418189K(2944192K), 0.0402430 secs]
[GC 674317K->422401K(2944192K), 0.0310780 secs]
[GC 678529K->423355K(2944192K), 0.0300960 secs]
[GC 679483K->424289K(2944192K), 0.0330710 secs]
[GC 680417K->425252K(2944192K), 0.0323570 secs]
[GC 681380K->426117K(2944192K), 0.0345770 secs]
[GC 682245K->423620K(2944192K), 0.0372490 secs]
[GC 679748K->427822K(2944192K), 0.0317770 secs]
[GC 683950K->428695K(2944192K), 0.0324210 secs]
[GC 684823K->429625K(2944192K), 0.0350830 secs]
[GC 685753K->430605K(2944192K), 0.0361140 secs]
[GC 686733K->431482K(2944192K), 0.0320980 secs]
[GC 687610K->432409K(2944192K), 0.0360480 secs]
[GC 688537K->433251K(2944192K), 0.0377340 secs]
[GC 689379K->434100K(2944192K), 0.0344230 secs]
[GC 690228K->435157K(2944192K), 0.0334570 secs]
[GC 691285K->436090K(2944192K), 0.0319950 secs]
[GC 692218K->436936K(2944192K), 0.0298910 secs]
[GC 693064K->437864K(2944192K), 0.0324100 secs]
[GC 693992K->438703K(2944192K), 0.0365640 secs]
[GC 694831K->444220K(2944192K), 0.0389710 secs]
[GC 700348K->447963K(2944192K), 0.0389250 secs]
[GC 704091K->456296K(2944192K), 0.0363730 secs]
[GC 712424K->448772K(2944192K), 0.0371280 secs]
[GC 704900K->461066K(2944192K), 0.0380110 secs]
[GC 717194K->468244K(2944192K), 0.0396210 secs]
[GC 724372K->457946K(2944192K), 0.0518890 secs]
[GC 714074K->472447K(2944192K), 0.0407360 secs]
[GC 728575K->463313K(2944192K), 0.0416940 secs]
[GC 719441K->480074K(2944192K), 0.0388030 secs]
[GC 736202K->464769K(2944192K), 0.0410130 secs]
[GC 720897K->486104K(2944192K), 0.0413020 secs]
[GC 742232K->468251K(2944192K), 0.0420510 secs]
[GC 724379K->488766K(2944192K), 0.0383780 secs]
[GC 744894K->471208K(2944192K), 0.0427310 secs]
[GC 727336K->484890K(2944192K), 0.0434240 secs]
[GC 741018K->467057K(2944192K), 0.0425190 secs]
[GC 723185K->468825K(2944192K), 0.0370700 secs]
[GC 724953K->469741K(2944192K), 0.0412980 secs]
[GC 725869K->471175K(2944192K), 0.0437860 secs]
[GC 727303K->478201K(2944192K), 0.0416270 secs]
[GC 734329K->479131K(2944192K), 0.0623820 secs]
[GC 735259K->474496K(2944192K), 0.0361600 secs]
[GC 730624K->480513K(2944192K), 0.0400830 secs]
[GC 736641K->481127K(2944192K), 0.0413990 secs]
[GC 737255K->480559K(2944192K), 0.0404040 secs]
[GC 736687K->480272K(2944192K), 0.0418930 secs]
[GC 736400K->488408K(2944192K), 0.0385330 secs]
[GC 744536K->481768K(2944192K), 0.0396760 secs]
[GC 737896K->484418K(2944192K), 0.0416240 secs]
[GC 740546K->487041K(2944192K), 0.0360130 secs]
[GC 743169K->488447K(2944192K), 0.0567890 secs]
[GC 744575K->485754K(2944192K), 0.0364570 secs]
[GC 741882K->490469K(2944192K), 0.0335420 secs]
[GC 746597K->491495K(2944192K), 0.0347140 secs]
[GC 747623K->492570K(2944192K), 0.0355790 secs]
[GC 748698K->497298K(2944192K), 0.0359420 secs]
[GC 753426K->490803K(2944192K), 0.0364960 secs]
[GC 746931K->500208K(2944192K), 0.0343190 secs]
[GC 756336K->492028K(2944192K), 0.0351610 secs]
[GC 748156K->501838K(2944192K), 0.0362620 secs]
[GC 757966K->493957K(2944192K), 0.0346380 secs]
[GC 750085K->505190K(2944192K), 0.0361150 secs]
[GC 761318K->507447K(2944192K), 0.0375720 secs]
[GC 763575K->511797K(2944192K), 0.0353490 secs]
[GC 767925K->516313K(2944192K), 0.0420950 secs]
[GC 772441K->526360K(2944192K), 0.0412130 secs]
[GC 782488K->512225K(2944192K), 0.0421280 secs]
[GC 768353K->531169K(2944192K), 0.0471650 secs]
[GC 787297K->517590K(2944192K), 0.0405050 secs]
[GC 773718K->539297K(2944192K), 0.0459060 secs]
[GC 795425K->523581K(2944192K), 0.0440040 secs]
[GC 779709K->537707K(2944192K), 0.0446920 secs]
[GC 793835K->535439K(2944192K), 0.0413760 secs]
[GC 791567K->537609K(2944192K), 0.0414560 secs]
[GC 793737K->539079K(2944192K), 0.0421570 secs]
[GC 795207K->540919K(2944192K), 0.0435510 secs]
[GC 797047K->543007K(2944192K), 0.0445500 secs]
[GC 799135K->535786K(2944192K), 0.0396780 secs]
[GC 791914K->529324K(2944192K), 0.0443400 secs]
[GC 785452K->537973K(2944192K), 0.0537280 secs]
[GC 794101K->538618K(2944192K), 0.0393060 secs]
[GC 794746K->539271K(2944192K), 0.0437790 secs]
[GC 795399K->534262K(2944192K), 0.0524330 secs]
[GC 790390K->540765K(2944192K), 0.0422840 secs]
[GC 796893K->541446K(2944192K), 0.0430730 secs]
[GC 797574K->540112K(2944192K), 0.0421520 secs]
[GC 796240K->540410K(2944192K), 0.0414990 secs]
[GC 796538K->549563K(2944192K), 0.0583150 secs]
[GC 805691K->544895K(2944192K), 0.0417390 secs]
[GC 801023K->552659K(2944192K), 0.0355880 secs]
[GC 808787K->543796K(2944192K), 0.0399280 secs]
[GC 799924K->550915K(2944192K), 0.0335420 secs]
[GC 807043K->546108K(2944192K), 0.0434030 secs]
[GC 802236K->555790K(2944192K), 0.0360260 secs]
[GC 811918K->548750K(2944192K), 0.0401920 secs]
[GC 804878K->551706K(2944192K), 0.0391080 secs]
[GC 807834K->558484K(2944192K), 0.0360790 secs]
[GC 814612K->551896K(2944192K), 0.0350120 secs]
[GC 808024K->558628K(2944192K), 0.0326300 secs]
[GC 814756K->557807K(2944192K), 0.0356230 secs]
[GC 813935K->559331K(2944192K), 0.0381290 secs]
[GC 815459K->560608K(2944192K), 0.0363990 secs]
[GC 816736K->561761K(2944192K), 0.0541920 secs]
[GC 817889K->562895K(2944192K), 0.0393460 secs]
[GC 819023K->573586K(2944192K), 0.0368920 secs]
[GC 829714K->566385K(2944192K), 0.0436990 secs]
[GC 822513K->579878K(2944192K), 0.0410940 secs]
[GC 836006K->588167K(2944192K), 0.0447350 secs]
[GC 844295K->578444K(2944192K), 0.0425110 secs]
[GC 834572K->594710K(2944192K), 0.0468630 secs]
[GC 850838K->596378K(2944192K), 0.0416120 secs]
[GC 852506K->601760K(2944192K), 0.0455910 secs]
[GC 857888K->606540K(2944192K), 0.0410100 secs]
[GC 862668K->591657K(2944192K), 0.0412570 secs]
[GC 847785K->605015K(2944192K), 0.0472860 secs]
[GC 861143K->612682K(2944192K), 0.0470960 secs]
[GC 868810K->618660K(2944192K), 0.0474680 secs]
[GC 874788K->624622K(2944192K), 0.0490190 secs]
[GC 880750K->631350K(2944192K), 0.0502870 secs]
[GC 887478K->637828K(2944192K), 0.0503730 secs]
[GC 893956K->619345K(2944192K), 0.0519530 secs]
[GC 875473K->640457K(2944192K), 0.0526230 secs]
[GC 896585K->638784K(2944192K), 0.0493810 secs]
[GC 894912K->632068K(2944192K), 0.0524800 secs]
[GC 888196K->634452K(2944192K), 0.0528050 secs]
[GC 890579K->636135K(2944192K), 0.0505010 secs]
[GC 892263K->637606K(2944192K), 0.0502420 secs]
[GC 893734K->636832K(2944192K), 0.0499980 secs]
[GC 892960K->659493K(2944192K), 0.0798310 secs]
[GC 915621K->640679K(2944192K), 0.0505450 secs]
[GC 896807K->657988K(2944192K), 0.0479120 secs]
[GC 914116K->654414K(2944192K), 0.0530730 secs]
[GC 910542K->656864K(2944192K), 0.0515770 secs]
[GC 912992K->648376K(2944192K), 0.0513270 secs]
[GC 904504K->650177K(2944192K), 0.0512070 secs]
[GC 906305K->651671K(2944192K), 0.0449830 secs]
[GC 907799K->644902K(2944192K), 0.0466040 secs]
[GC 901030K->646434K(2944192K), 0.0409510 secs]
[GC 902562K->659728K(2944192K), 0.0562540 secs]
[GC 915856K->671249K(2944192K), 0.0441210 secs]
[GC 927377K->686020K(2944192K), 0.0564150 secs]
[GC 942148K->672162K(2944192K), 0.0557970 secs]
[GC 928290K->695276K(2944192K), 0.0497100 secs]
[GC 951404K->697856K(2944192K), 0.0494920 secs]
[GC 953984K->681676K(2944192K), 0.0598590 secs]
[GC 937804K->695324K(2944192K), 0.0568400 secs]
[GC 951452K->698091K(2944192K), 0.0479000 secs]
[GC 954219K->700636K(2944192K), 0.0485150 secs]
[GC 956764K->703180K(2944192K), 0.0586010 secs]
[GC 959308K->717400K(2944192K), 0.0562280 secs]
 WARN  [Thread-0] {org.radargun.ShutDownHook} Slave process: unexpected shutdown!
 INFO  [hz._hzInstance_1_FenixFrameworkGroup.IO.thread-in-0] {com.hazelcast.nio.TcpIpConnection} [127.0.0.1]:5708 [FenixFrameworkGroup] Connection [Address[127.0.0.1]:5709] lost. Reason: java.io.EOFException[Remote socket closed!]
 INFO  [hz._hzInstance_1_FenixFrameworkGroup.IO.thread-in-0] {com.hazelcast.nio.TcpIpConnection} [127.0.0.1]:5708 [FenixFrameworkGroup] Connection [Address[127.0.0.1]:5709] lost. Reason: java.io.EOFException[Remote socket closed!]
 INFO  [hz._hzInstance_1_FenixFrameworkGroup.IO.thread-in-1] {com.hazelcast.nio.TcpIpConnection} [127.0.0.1]:5708 [FenixFrameworkGroup] Connection [Address[127.0.0.1]:5710] lost. Reason: java.io.EOFException[Remote socket closed!]
 INFO  [hz._hzInstance_1_FenixFrameworkGroup.IO.thread-in-0] {com.hazelcast.nio.TcpIpConnection} [127.0.0.1]:5708 [FenixFrameworkGroup] Connection [Address[127.0.0.1]:5712] lost. Reason: java.io.EOFException[Remote socket closed!]
 INFO  [hz._hzInstance_1_FenixFrameworkGroup.IO.thread-in-2] {com.hazelcast.nio.TcpIpConnection} [127.0.0.1]:5708 [FenixFrameworkGroup] Connection [Address[127.0.0.1]:5704] lost. Reason: java.io.EOFException[Remote socket closed!]
 INFO  [hz._hzInstance_1_FenixFrameworkGroup.IO.thread-in-2] {com.hazelcast.nio.TcpIpConnection} [127.0.0.1]:5708 [FenixFrameworkGroup] Connection [Address[127.0.0.1]:5706] lost. Reason: java.io.EOFException[Remote socket closed!]
 INFO  [hz._hzInstance_1_FenixFrameworkGroup.IO.thread-in-1] {com.hazelcast.nio.TcpIpConnection} [127.0.0.1]:5708 [FenixFrameworkGroup] Connection [Address[127.0.0.1]:5713] lost. Reason: java.io.EOFException[Remote socket closed!]
 INFO  [hz.ShutdownThread] {com.hazelcast.nio.TcpIpConnection} [127.0.0.1]:5708 [FenixFrameworkGroup] Connection [Address[127.0.0.1]:5707] lost. Reason: Socket explicitly closed
 INFO  [hz._hzInstance_1_FenixFrameworkGroup.IO.thread-in-0] {com.hazelcast.nio.TcpIpConnection} [127.0.0.1]:5708 [FenixFrameworkGroup] Connection [Address[127.0.0.1]:5703] lost. Reason: java.io.EOFException[Remote socket closed!]
 INFO  [hz._hzInstance_1_FenixFrameworkGroup.IO.thread-in-1] {com.hazelcast.nio.TcpIpConnection} [127.0.0.1]:5708 [FenixFrameworkGroup] Connection [Address[127.0.0.1]:5706] lost. Reason: java.io.EOFException[Remote socket closed!]
 INFO  [hz.ShutdownThread] {com.hazelcast.nio.TcpIpConnection} [127.0.0.1]:5708 [FenixFrameworkGroup] Connection [Address[127.0.0.1]:5705] lost. Reason: Socket explicitly closed
 INFO  [hz._hzInstance_1_FenixFrameworkGroup.IO.thread-in-2] {com.hazelcast.nio.TcpIpConnection} [127.0.0.1]:5708 [FenixFrameworkGroup] Connection [Address[127.0.0.1]:5705] lost. Reason: java.io.EOFException[Remote socket closed!]
 INFO  [hz.ShutdownThread] {com.hazelcast.nio.TcpIpConnection} [127.0.0.1]:5708 [FenixFrameworkGroup] Connection [Address[127.0.0.1]:5711] lost. Reason: Socket explicitly closed
 INFO  [hz.ShutdownThread] {com.hazelcast.nio.TcpIpConnection} [127.0.0.1]:5708 [FenixFrameworkGroup] Connection [Address[127.0.0.1]:5712] lost. Reason: Socket explicitly closed
 INFO  [hz.ShutdownThread] {com.hazelcast.nio.TcpIpConnection} [127.0.0.1]:5708 [FenixFrameworkGroup] Connection [Address[127.0.0.1]:5701] lost. Reason: Socket explicitly closed
 INFO  [hz.ShutdownThread] {com.hazelcast.nio.TcpIpConnection} [127.0.0.1]:5708 [FenixFrameworkGroup] Connection [Address[127.0.0.1]:5704] lost. Reason: Socket explicitly closed
 INFO  [hz.ShutdownThread] {com.hazelcast.nio.TcpIpConnection} [127.0.0.1]:5708 [FenixFrameworkGroup] Connection [Address[127.0.0.1]:5710] lost. Reason: Socket explicitly closed
 INFO  [hz.ShutdownThread] {com.hazelcast.initializer} [127.0.0.1]:5708 [FenixFrameworkGroup] Destroying node initializer.
 INFO  [hz.ShutdownThread] {com.hazelcast.instance.Node} [127.0.0.1]:5708 [FenixFrameworkGroup] Hazelcast Shutdown is completed in 77 ms.
 INFO  [hz._hzInstance_2_dev.IO.thread-in-0] {com.hazelcast.nio.TcpIpConnection} [127.0.0.1]:5718 [dev] Connection [Address[127.0.0.1]:5724] lost. Reason: java.io.EOFException[Remote socket closed!]
 INFO  [hz._hzInstance_2_dev.IO.thread-in-0] {com.hazelcast.nio.TcpIpConnection} [127.0.0.1]:5718 [dev] Connection [Address[127.0.0.1]:5724] lost. Reason: java.io.EOFException[Remote socket closed!]
 INFO  [hz.ShutdownThread] {com.hazelcast.nio.TcpIpConnection} [127.0.0.1]:5718 [dev] Connection [Address[127.0.0.1]:5719] lost. Reason: Socket explicitly closed
 INFO  [hz.ShutdownThread] {com.hazelcast.nio.TcpIpConnection} [127.0.0.1]:5718 [dev] Connection [Address[127.0.0.1]:5721] lost. Reason: Socket explicitly closed
 INFO  [hz._hzInstance_2_dev.IO.thread-in-0] {com.hazelcast.nio.TcpIpConnection} [127.0.0.1]:5718 [dev] Connection [Address[127.0.0.1]:5717] lost. Reason: java.io.EOFException[Remote socket closed!]
 INFO  [hz.ShutdownThread] {com.hazelcast.nio.TcpIpConnection} [127.0.0.1]:5718 [dev] Connection [Address[127.0.0.1]:5723] lost. Reason: Socket explicitly closed
 INFO  [hz.ShutdownThread] {com.hazelcast.nio.TcpIpConnection} [127.0.0.1]:5718 [dev] Connection [Address[127.0.0.1]:5716] lost. Reason: Socket explicitly closed
 INFO  [hz.ShutdownThread] {com.hazelcast.nio.TcpIpConnection} [127.0.0.1]:5718 [dev] Connection [Address[127.0.0.1]:5702] lost. Reason: Socket explicitly closed
 INFO  [hz.ShutdownThread] {com.hazelcast.nio.TcpIpConnection} [127.0.0.1]:5718 [dev] Connection [Address[127.0.0.1]:5715] lost. Reason: Socket explicitly closed
 INFO  [hz.ShutdownThread] {com.hazelcast.nio.TcpIpConnection} [127.0.0.1]:5718 [dev] Connection [Address[127.0.0.1]:5714] lost. Reason: Socket explicitly closed
 INFO  [hz.ShutdownThread] {com.hazelcast.nio.TcpIpConnection} [127.0.0.1]:5718 [dev] Connection [Address[127.0.0.1]:5720] lost. Reason: Socket explicitly closed
 INFO  [hz.ShutdownThread] {com.hazelcast.nio.TcpIpConnection} [127.0.0.1]:5718 [dev] Connection [Address[127.0.0.1]:5722] lost. Reason: Socket explicitly closed
 INFO  [hz.ShutdownThread] {com.hazelcast.nio.TcpIpConnection} [127.0.0.1]:5718 [dev] Connection [Address[127.0.0.1]:5721] lost. Reason: Socket explicitly closed
 INFO  [hz.ShutdownThread] {com.hazelcast.nio.TcpIpConnection} [127.0.0.1]:5718 [dev] Connection [Address[127.0.0.1]:5714] lost. Reason: Socket explicitly closed
 INFO  [hz.ShutdownThread] {com.hazelcast.nio.TcpIpConnection} [127.0.0.1]:5718 [dev] Connection [Address[127.0.0.1]:5715] lost. Reason: Socket explicitly closed
 INFO  [hz.ShutdownThread] {com.hazelcast.nio.TcpIpConnection} [127.0.0.1]:5718 [dev] Connection [Address[127.0.0.1]:5719] lost. Reason: Socket explicitly closed
 INFO  [hz.ShutdownThread] {com.hazelcast.nio.TcpIpConnection} [127.0.0.1]:5718 [dev] Connection [Address[127.0.0.1]:5716] lost. Reason: Socket explicitly closed
 INFO  [hz.ShutdownThread] {com.hazelcast.nio.TcpIpConnection} [127.0.0.1]:5718 [dev] Connection [Address[127.0.0.1]:5720] lost. Reason: Socket explicitly closed
 INFO  [hz.ShutdownThread] {com.hazelcast.initializer} [127.0.0.1]:5718 [dev] Destroying node initializer.
 INFO  [hz.ShutdownThread] {com.hazelcast.instance.Node} [127.0.0.1]:5718 [dev] Hazelcast Shutdown is completed in 301 ms.
