/usr/java/jdk1.7.0_21/bin/java -server -Xmx1024M -Xms1024M -Dresolve.dns=false -Djgroups.timer.num_threads=4 -verbose:gc -Xmx5000M -Xms3000M -server -XX:+UseConcMarkSweepGC -XX:+AggressiveOpts -verbose:gc -XX:ParallelGCThreads=4 -XX:NewRatio=5 -XX:SurvivorRatio=2 -Dhazelcast.operation.thread.count=4 -Djava.net.preferIPv4Stack=true -Dlog4j.file.prefix=deimos-esw-4362 -Dbind.address= -Djgroups.bind_addr= -classpath /home/smf/github/radargun/target/distribution/RadarGun-1.1.0-SNAPSHOT/lib/activation-1.1.jar:/home/smf/github/radargun/target/distribution/RadarGun-1.1.0-SNAPSHOT/lib/commons-beanutils-1.8.0.jar:/home/smf/github/radargun/target/distribution/RadarGun-1.1.0-SNAPSHOT/lib/commons-digester-2.0.jar:/home/smf/github/radargun/target/distribution/RadarGun-1.1.0-SNAPSHOT/lib/commons-logging-1.1.1.jar:/home/smf/github/radargun/target/distribution/RadarGun-1.1.0-SNAPSHOT/lib/commons-math-1.2.jar:/home/smf/github/radargun/target/distribution/RadarGun-1.1.0-SNAPSHOT/lib/jboss-transaction-api-1.0.1.GA.jar:/home/smf/github/radargun/target/distribution/RadarGun-1.1.0-SNAPSHOT/lib/jcommon-1.0.15.jar:/home/smf/github/radargun/target/distribution/RadarGun-1.1.0-SNAPSHOT/lib/jfreechart-1.0.12.jar:/home/smf/github/radargun/target/distribution/RadarGun-1.1.0-SNAPSHOT/lib/log4j-1.2.14.jar:/home/smf/github/radargun/target/distribution/RadarGun-1.1.0-SNAPSHOT/lib/mail-1.4.2.jar:/home/smf/github/radargun/target/distribution/RadarGun-1.1.0-SNAPSHOT/lib/radargun-framework-1.1.0-SNAPSHOT.jar:/home/smf/github/radargun/target/distribution/RadarGun-1.1.0-SNAPSHOT/conf org.radargun.Slave -master 127.0.0.1:2103
--------------------------------------------------------------------------------
PerNodeRollingFileAppender::Using file prefix:deimos-esw-4362
 INFO  [main] {org.radargun.Slave} Attempting to connect to master 127.0.0.1:2103
 INFO  [main] {org.radargun.Slave} Successfully established connection with master at: 127.0.0.1:2103
Loading JARS from /home/smf/github/radargun/target/distribution/RadarGun-1.1.0-SNAPSHOT/lib/radargun-framework-1.1.0-SNAPSHOT.jar
 INFO  [pool-1-thread-1] {org.radargun.config.AnnotatedHelper} Loading JARS from /home/smf/github/radargun/target/distribution/RadarGun-1.1.0-SNAPSHOT/lib/radargun-framework-1.1.0-SNAPSHOT.jar
 INFO  [pool-1-thread-1] {org.radargun.config.AnnotatedHelper} Loading JARS from /home/smf/github/radargun/target/distribution/RadarGun-1.1.0-SNAPSHOT/lib/radargun-framework-1.1.0-SNAPSHOT.jar
 INFO  [pool-1-thread-1] {org.radargun.Slave} Executing stage: DestroyWrapper {enforceMemoryThrashHold=true, exitBenchmarkOnSlaveFailure=false, heapDumpDir=null, memoryThreshold=95, runOnAllSlaves=true, slaves=null, useSmartClassLoading=true }
 INFO  [pool-1-thread-1] {org.radargun.stages.DestroyWrapperStage} Received destroy cache wrapper request from master...
 INFO  [pool-1-thread-1] {org.radargun.stages.DestroyWrapperStage} No cache wrapper deployed on this slave, nothing to do.
 INFO  [pool-1-thread-1] {org.radargun.stages.DestroyWrapperStage} Before executing clear, memory looks like this: Memory - free: 2,928,638 kb - max:4,906,688 kb- total:2,944,000 kb
[Full GC 15361K->3631K(2944000K), 0.0685160 secs]
 INFO  [pool-1-thread-1] {org.radargun.stages.DestroyWrapperStage} After executing cleanup, memory looks like this: Memory - free: 2,935,311 kb - max:4,906,688 kb- total:2,944,064 kb
 INFO  [pool-1-thread-1] {org.radargun.Slave} Finished stage: DestroyWrapper {enforceMemoryThrashHold=true, exitBenchmarkOnSlaveFailure=false, heapDumpDir=null, memoryThreshold=95, runOnAllSlaves=true, slaves=null, useSmartClassLoading=true }
 INFO  [main] {org.radargun.Slave} Ack successfully sent to the master
 INFO  [pool-1-thread-1] {org.radargun.Slave} Executing stage: StartCluster {config=ispn52-repl-sync-rc.xml, delayAfterFirstSlaveStarts=5.000 secs, delayBetweenStartingSlaves=0.500 secs, exitBenchmarkOnSlaveFailure=true, expectNumSlaves=null, mayFailOn=null, reachable=null, runOnAllSlaves=false, slaves=null, staggerSlaveStartup=true, useSmartClassLoading=true, validateCluster=true }
 INFO  [pool-1-thread-1] {org.radargun.stages.StartClusterStage}  Startup staggering, starting 4 slaves. This is the slave with index 1. Sleeping for 5500 millis.
 INFO  [pool-1-thread-1] {org.radargun.stages.StartClusterStage} Ack master's StartCluster stage. Local address is: /127.0.0.1. This slave's index is: 1
 INFO  [pool-1-thread-1] {org.radargun.utils.ClassLoadHelper} Creating newInstance org.radargun.cachewrappers.FFWrapperLF with classloader java.net.URLClassLoader@367c1e66
 INFO  [pool-1-thread-1] {org.radargun.cachewrappers.FFWrapperLF} config=ispn52-repl-sync-rc.xml, isLocal=false, nodeIndex=1, confAttributes={name=ispn52-repl-sync-rc.xml, decorate=infinispan52}
 INFO  [pool-1-thread-1] {org.radargun.cachewrappers.FFWrapperLF} Found fenix framework config options in 'rg-fenix-framework-config-options.properties'.
 INFO  [pool-1-thread-1] {org.radargun.cachewrappers.FFWrapperLF} Setting extra config properties for Fenix Framework.
 INFO  [pool-1-thread-1] {org.radargun.cachewrappers.FFWrapperLF} Will initialize Fenix Framework with RadarGunDataGridConfig
 TRACE [pool-1-thread-1] {pt.ist.fenixframework.FenixFramework} Static initializer block for FenixFramework class [BEGIN]
 INFO  [pool-1-thread-1] {pt.ist.fenixframework.FenixFramework} Trying auto-initialization with configuration by convention
 INFO  [pool-1-thread-1] {pt.ist.fenixframework.FenixFramework} Resource 'fenix-framework.properties' not found
 DEBUG [pool-1-thread-1] {pt.ist.fenixframework.FenixFramework} Fenix Framework properties after reading default config file:{}
 DEBUG [pool-1-thread-1] {pt.ist.fenixframework.FenixFramework} CurrentBackEndName = jvstm-lf
 INFO  [pool-1-thread-1] {pt.ist.fenixframework.FenixFramework} Resource 'fenix-framework-jvstm-lf.properties' not found
 DEBUG [pool-1-thread-1] {pt.ist.fenixframework.FenixFramework} Fenix Framework properties after reading backend config file:{}
 DEBUG [pool-1-thread-1] {pt.ist.fenixframework.FenixFramework} Fenix Framework properties after enforcing system properties:{}
 INFO  [pool-1-thread-1] {pt.ist.fenixframework.FenixFramework} Skipping configuration by convention.
 TRACE [pool-1-thread-1] {pt.ist.fenixframework.FenixFramework} Static initializer block for FenixFramework class [END]
 INFO  [pool-1-thread-1] {pt.ist.fenixframework.FenixFramework} Initializing Fenix Framework with config.class=pt.ist.fenixframework.backend.jvstm.datagrid.radargun.RadarGunDataGridConfig
 INFO  [pool-1-thread-1] {pt.ist.fenixframework.backend.jvstm.lf.JvstmLockFreeBackEnd} initializeTransactionFactory()
Sep 30, 2013 3:20:01 PM jvstm.ActiveTransactionsRecord <clinit>
INFO: ********** AOM reversion = false (disable/enable it in property jvstm.aom.reversion)
Sep 30, 2013 3:20:01 PM jvstm.Transaction <clinit>
INFO: ********** GC vbodies = true (disable/enable it in property jvstm.gc.disabled)
 INFO  [pool-1-thread-1] {pt.ist.fenixframework.backend.jvstm.lf.JvstmLockFreeBackEnd} initializeGroupCommunication()
 INFO  [pool-1-thread-1] {com.hazelcast.config.ClasspathXmlConfig} Configuring Hazelcast from 'hazelcast-ff.xml'.
 INFO  [pool-1-thread-1] {com.hazelcast.instance.DefaultAddressPicker} Interfaces is disabled, trying to pick one address from TCP-IP config addresses: [127.0.0.1]
 INFO  [pool-1-thread-1] {com.hazelcast.instance.DefaultAddressPicker} Picked Address[127.0.0.1]:5702, using socket ServerSocket[addr=/0.0.0.0,localport=5702], bind any local is true
 INFO  [pool-1-thread-1] {com.hazelcast.system} [127.0.0.1]:5702 [FenixFrameworkGroup] Hazelcast Community Edition 3.0-RC1 (20130627) starting at Address[127.0.0.1]:5702
 INFO  [pool-1-thread-1] {com.hazelcast.system} [127.0.0.1]:5702 [FenixFrameworkGroup] Copyright (C) 2008-2013 Hazelcast.com
 INFO  [pool-1-thread-1] {com.hazelcast.core.LifecycleService} [127.0.0.1]:5702 [FenixFrameworkGroup] Address[127.0.0.1]:5702 is STARTING
 INFO  [pool-1-thread-1] {com.hazelcast.cluster.TcpIpJoiner} [127.0.0.1]:5702 [FenixFrameworkGroup] Connecting to possible member: Address[127.0.0.1]:5703
 INFO  [pool-1-thread-1] {com.hazelcast.cluster.TcpIpJoiner} [127.0.0.1]:5702 [FenixFrameworkGroup] Connecting to possible member: Address[127.0.0.1]:5701
 INFO  [hz._hzInstance_1_FenixFrameworkGroup.cached.thread-2] {com.hazelcast.nio.SocketConnector} [127.0.0.1]:5702 [FenixFrameworkGroup] Connecting to /127.0.0.1:5703, timeout: 0, bind-any: true
 INFO  [hz._hzInstance_1_FenixFrameworkGroup.cached.thread-3] {com.hazelcast.nio.SocketConnector} [127.0.0.1]:5702 [FenixFrameworkGroup] Connecting to /127.0.0.1:5701, timeout: 0, bind-any: true
 INFO  [hz._hzInstance_1_FenixFrameworkGroup.cached.thread-2] {com.hazelcast.nio.TcpIpConnectionManager} [127.0.0.1]:5702 [FenixFrameworkGroup] 53862 accepted socket connection from /127.0.0.1:5703
 INFO  [hz._hzInstance_1_FenixFrameworkGroup.cached.thread-3] {com.hazelcast.nio.TcpIpConnectionManager} [127.0.0.1]:5702 [FenixFrameworkGroup] 38334 accepted socket connection from /127.0.0.1:5701
 INFO  [hz._hzInstance_1_FenixFrameworkGroup.cached.thread-3] {com.hazelcast.nio.SocketAcceptor} [127.0.0.1]:5702 [FenixFrameworkGroup] 5702 is accepting socket connection from /127.0.0.1:33459
 INFO  [hz._hzInstance_1_FenixFrameworkGroup.cached.thread-3] {com.hazelcast.nio.TcpIpConnectionManager} [127.0.0.1]:5702 [FenixFrameworkGroup] 5702 accepted socket connection from /127.0.0.1:33459
 INFO  [hz._hzInstance_1_FenixFrameworkGroup.cached.thread-3] {com.hazelcast.cluster.ClusterService} [127.0.0.1]:5702 [FenixFrameworkGroup] 

Members [4] {
	Member [127.0.0.1]:5701
	Member [127.0.0.1]:5702 this
	Member [127.0.0.1]:5704
	Member [127.0.0.1]:5703
}

 INFO  [pool-1-thread-1] {com.hazelcast.core.LifecycleService} [127.0.0.1]:5702 [FenixFrameworkGroup] Address[127.0.0.1]:5702 is STARTED
 INFO  [pool-1-thread-1] {pt.ist.fenixframework.backend.jvstm.lf.LockFreeClusterUtils} Got (long) serverId: 2
 INFO  [pool-1-thread-1] {pt.ist.fenixframework.backend.jvstm.lf.JvstmLockFreeBackEnd} This is NOT the first node.
 INFO  [pool-1-thread-1] {pt.ist.fenixframework.backend.jvstm.lf.LockFreeClusterUtils} Waiting for startup from first node
 INFO  [pool-1-thread-1] {pt.ist.fenixframework.backend.jvstm.JVSTMBackEnd} initializeRepository()
 INFO  [pool-1-thread-1] {pt.ist.fenixframework.backend.jvstm.datagrid.radargun.DataGridDecorator} config=ispn52-repl-sync-rc.xml, isLocal=false, nodeIndex=1, confAttributes={name=ispn52-repl-sync-rc.xml}
 INFO  [pool-1-thread-1] {org.radargun.cachewrappers.InfinispanXSWrapper} Cannot find any site for slave index 1
[GC 259695K->12325K(2944064K), 0.0428680 secs]
 INFO  [pool-1-thread-1] {org.infinispan.remoting.transport.jgroups.JGroupsTransport} ISPN000078: Starting JGroups Channel
 WARN  [pool-1-thread-1] {org.jgroups.protocols.UDP} [JGRP00014] the send buffer of socket DatagramSocket was set to 640KB, but the OS only allocated 229.38KB. This might lead to performance problems. Please set your max send buffer in the OS correctly (e.g. net.core.wmem_max on Linux)
 WARN  [pool-1-thread-1] {org.jgroups.protocols.UDP} [JGRP00014] the receive buffer of socket DatagramSocket was set to 20MB, but the OS only allocated 229.38KB. This might lead to performance problems. Please set your max receive buffer in the OS correctly (e.g. net.core.rmem_max on Linux)
 WARN  [pool-1-thread-1] {org.jgroups.protocols.UDP} [JGRP00014] the send buffer of socket MulticastSocket was set to 640KB, but the OS only allocated 229.38KB. This might lead to performance problems. Please set your max send buffer in the OS correctly (e.g. net.core.wmem_max on Linux)
 WARN  [pool-1-thread-1] {org.jgroups.protocols.UDP} [JGRP00014] the receive buffer of socket MulticastSocket was set to 25MB, but the OS only allocated 229.38KB. This might lead to performance problems. Please set your max receive buffer in the OS correctly (e.g. net.core.rmem_max on Linux)
 INFO  [pool-1-thread-1] {org.infinispan.remoting.transport.jgroups.JGroupsTransport} ISPN000094: Received new cluster view: [deimos-esw-30181|2] [deimos-esw-30181, deimos-esw-58863, deimos-esw-4224]
 INFO  [pool-1-thread-1] {org.infinispan.remoting.transport.jgroups.JGroupsTransport} ISPN000079: Cache local address is deimos-esw-4224, physical addresses are [127.0.0.1:52002]
 INFO  [pool-1-thread-1] {org.infinispan.factories.GlobalComponentRegistry} ISPN000128: Infinispan version: Infinispan 'Delirium' 5.2.6.Final
 INFO  [Incoming-4,deimos-esw-4224] {org.infinispan.remoting.transport.jgroups.JGroupsTransport} ISPN000094: Received new cluster view: [deimos-esw-30181|3] [deimos-esw-30181, deimos-esw-58863, deimos-esw-4224, deimos-esw-628]
 INFO  [pool-1-thread-1] {org.infinispan.transaction.lookup.JBossStandaloneJTAManagerLookup} ISPN000107: Retrieving transaction manager Transaction: unknown
 INFO  [pool-1-thread-1] {org.infinispan.jmx.CacheJmxRegistration} ISPN000031: MBeans were successfully registered to the platform MBean server.
 INFO  [pool-1-thread-1] {org.radargun.cachewrappers.InfinispanXSWrapper} Using transaction manager: Transaction: unknown
 INFO  [pool-1-thread-1] {org.radargun.cachewrappers.InfinispanXSWrapper} No RELAY2 protocol in XS wrapper
 INFO  [pool-1-thread-1] {org.radargun.cachewrappers.InfinispanXSWrapper} JGroups version: JGroups 3.2.7.Final
 INFO  [pool-1-thread-1] {org.radargun.cachewrappers.InfinispanXSWrapper} Using config attributes: {name=ispn52-repl-sync-rc.xml}
 INFO  [pool-1-thread-1] {pt.ist.fenixframework.backend.jvstm.repository.LockFreeRepository} Initialization marker is present. Data Grid already existed.
 INFO  [pool-1-thread-1] {pt.ist.fenixframework.backend.jvstm.JVSTMBackEnd} initializeDomainClassInfos
 INFO  [pool-1-thread-1] {pt.ist.fenixframework.backend.jvstm.pstm.DomainClassInfo} serverId: 2, serverOidBase: 2000000000000
 INFO  [pool-1-thread-1] {pt.ist.fenixframework.backend.jvstm.pstm.DomainClassInfo} Existing domain class 'pt.ist.fenixframework.adt.bplustree.InnerNodeArray' with id 'b'
 INFO  [pool-1-thread-1] {pt.ist.fenixframework.backend.jvstm.pstm.DomainClassInfo} Existing domain class 'pt.ist.fenixframework.adt.bplustree.LeafNodeArray' with id 'c'
 INFO  [pool-1-thread-1] {pt.ist.fenixframework.backend.jvstm.pstm.DomainClassInfo} Existing domain class 'pt.ist.fenixframework.adt.bplustree.BPlusTreeArray' with id '2'
 INFO  [pool-1-thread-1] {pt.ist.fenixframework.backend.jvstm.pstm.DomainClassInfo} Existing domain class 'pt.ist.fenixframework.backend.jvstm.pstm.TransactionStatisticsEntry' with id '5'
 INFO  [pool-1-thread-1] {pt.ist.fenixframework.backend.jvstm.pstm.DomainClassInfo} Existing domain class 'pt.ist.fenixframework.adt.linkedlist.LinkedList' with id '9'
 INFO  [pool-1-thread-1] {pt.ist.fenixframework.backend.jvstm.pstm.DomainClassInfo} Existing domain class 'pt.ist.fenixframework.adt.bplustree.LeafNode' with id '4'
 INFO  [pool-1-thread-1] {pt.ist.fenixframework.backend.jvstm.pstm.DomainClassInfo} Existing domain class 'pt.ist.fenixframework.backend.jvstm.pstm.FenixFrameworkData' with id 'd'
 INFO  [pool-1-thread-1] {pt.ist.fenixframework.backend.jvstm.pstm.DomainClassInfo} Existing domain class 'pt.ist.fenixframework.adt.bplustree.AbstractNodeArray' with id 'a'
 INFO  [pool-1-thread-1] {pt.ist.fenixframework.backend.jvstm.pstm.DomainClassInfo} Existing domain class 'pt.ist.fenixframework.adt.bplustree.DomainInnerNode' with id '3'
 INFO  [pool-1-thread-1] {pt.ist.fenixframework.backend.jvstm.pstm.DomainClassInfo} Existing domain class 'pt.ist.fenixframework.adt.bplustree.InnerNode' with id '8'
 INFO  [pool-1-thread-1] {pt.ist.fenixframework.backend.jvstm.pstm.DomainClassInfo} Existing domain class 'pt.ist.fenixframework.adt.bplustree.AbstractNode' with id 'f'
 INFO  [pool-1-thread-1] {pt.ist.fenixframework.backend.jvstm.pstm.DomainClassInfo} Existing domain class 'pt.ist.fenixframework.DomainRoot' with id '0'
 INFO  [pool-1-thread-1] {pt.ist.fenixframework.backend.jvstm.pstm.DomainClassInfo} Existing domain class 'pt.ist.fenixframework.adt.bplustree.DomainLeafNode' with id '1'
 INFO  [pool-1-thread-1] {pt.ist.fenixframework.backend.jvstm.pstm.DomainClassInfo} Existing domain class 'pt.ist.fenixframework.adt.bplustree.DomainBPlusTree' with id 'e'
 INFO  [pool-1-thread-1] {pt.ist.fenixframework.backend.jvstm.pstm.DomainClassInfo} Existing domain class 'pt.ist.fenixframework.adt.linkedlist.ListNode' with id '6'
 INFO  [pool-1-thread-1] {pt.ist.fenixframework.backend.jvstm.pstm.DomainClassInfo} Existing domain class 'pt.ist.fenixframework.adt.bplustree.BPlusTree' with id '7'
 INFO  [pool-1-thread-1] {pt.ist.fenixframework.backend.jvstm.JVSTMBackEnd} setupJVSTM
 INFO  [pool-1-thread-1] {pt.ist.fenixframework.backend.jvstm.lf.InitTransaction} Waiting for version 3 to have a commitId
 INFO  [pool-1-thread-1] {jvstm.TransactionUtils} Setting the last committed TX number to 4
 INFO  [pool-1-thread-1] {pt.ist.fenixframework.backend.jvstm.lf.JvstmLockFreeBackEnd} Set the last committed TX number to 4
 INFO  [pool-1-thread-1] {pt.ist.fenixframework.backend.jvstm.JVSTMBackEnd} createDomainRootIfNeeded
 INFO  [pool-1-thread-1] {pt.ist.fenixframework.backend.jvstm.JVSTMBackEnd} ensureFenixFrameworkDataExists
 INFO  [pool-1-thread-1] {pt.ist.fenixframework.hibernatesearch.HibernateSearchConfig} Resource 'fenix-framework-hibernate-search.properties' not found. Hibernate Search disabled
 INFO  [pool-1-thread-1] {pt.ist.fenixframework.FenixFramework} Initialization of Fenix Framework is now complete.
 INFO  [pool-1-thread-1] {org.radargun.cachewrappers.FFWrapperLF} FF STARTED=true
 INFO  [pool-1-thread-1] {org.radargun.stages.helpers.StartHelper} Number of members is the one expected: 4
 INFO  [pool-1-thread-1] {org.radargun.stages.StartClusterStage} Successfully started cache wrapper on slave 1: org.radargun.cachewrappers.FFWrapperLF@35f0ade4
 INFO  [pool-1-thread-1] {org.radargun.Slave} Finished stage: StartCluster {config=ispn52-repl-sync-rc.xml, delayAfterFirstSlaveStarts=5.000 secs, delayBetweenStartingSlaves=0.500 secs, exitBenchmarkOnSlaveFailure=true, expectNumSlaves=null, mayFailOn=null, reachable=null, runOnAllSlaves=false, slaves=null, staggerSlaveStartup=true, useSmartClassLoading=true, validateCluster=true }
 INFO  [main] {org.radargun.Slave} Ack successfully sent to the master
 INFO  [pool-1-thread-1] {org.radargun.Slave} Executing stage: ClusterValidation {exitBenchmarkOnSlaveFailure=false, partialReplication=false, replicationTimeSleep=2000, replicationTryCount=60, runOnAllSlaves=false, slaves=null, useSmartClassLoading=true }
 INFO  [pool-1-thread-1] {org.radargun.stages.ClusterValidationStage} Number of caches that replicated here is 3
 INFO  [pool-1-thread-1] {org.radargun.stages.ClusterValidationStage} Replication test successfully passed. partialReplication? false, replicationCount = 3
 INFO  [pool-1-thread-1] {org.radargun.stages.ClusterValidationStage} Confirm phase successful.
 INFO  [pool-1-thread-1] {org.radargun.Slave} Finished stage: ClusterValidation {exitBenchmarkOnSlaveFailure=false, partialReplication=false, replicationTimeSleep=2000, replicationTryCount=60, runOnAllSlaves=false, slaves=[ 0, 1, 2, 3 ], useSmartClassLoading=true }
 INFO  [main] {org.radargun.Slave} Ack successfully sent to the master
 INFO  [pool-1-thread-1] {org.radargun.Slave} Executing stage: StressTestWarmup {bulkSize=1, cacheSpecificKeyGenerator=false, commitTransactions=true, duration=1 mins 0 secs, entrySize=1000, exitBenchmarkOnSlaveFailure=false, fixedKeys=true, generateHistogramRange=false, keyGeneratorClass=org.radargun.stressors.StringKeyGenerator, keyGeneratorParam=null, loadAllKeys=false, numEntries=100, numOfThreads=4, numRequests=10000, numThreads=4, numberOfAttributes=100, numberOfRequests=10000, opsCountStatusLog=100000, poolKeys=true, preferAsyncOperations=false, removePercentage=0, replaceInvalidPercentage=40, runOnAllSlaves=false, sharedKeys=false, sizeOfAnAttribute=1000, slaves=null, transactionSize=50, useAtomics=false, useHistogramStatistics=false, useSimpleStatistics=true, useSmartClassLoading=true, useTransactions=null, writePercentage=20, writeTxPercentage=20 }
 INFO  [pool-1-thread-1] {org.radargun.stages.StressTestWarmupStage} Starting StressTestWarmupStage: StressTestWarmup {bulkSize=1, cacheSpecificKeyGenerator=false, commitTransactions=true, duration=1 mins 0 secs, entrySize=1000, exitBenchmarkOnSlaveFailure=false, fixedKeys=true, generateHistogramRange=false, keyGeneratorClass=org.radargun.stressors.StringKeyGenerator, keyGeneratorParam=null, loadAllKeys=false, numEntries=100, numOfThreads=4, numRequests=10000, numThreads=4, numberOfAttributes=100, numberOfRequests=10000, opsCountStatusLog=100000, poolKeys=true, preferAsyncOperations=false, removePercentage=0, replaceInvalidPercentage=40, runOnAllSlaves=false, sharedKeys=false, sizeOfAnAttribute=1000, slaves=null, transactionSize=50, useAtomics=false, useHistogramStatistics=false, useSimpleStatistics=true, useSmartClassLoading=true, useTransactions=null, writePercentage=20, writeTxPercentage=20 }
 INFO  [pool-1-thread-1] {org.radargun.stressors.StressTestStressor} Using key generator org.radargun.stressors.StringKeyGenerator, param null
 INFO  [pool-1-thread-1] {org.radargun.stressors.StressTestStressor} Executing: StressTestStressor{opsCountStatusLog=100000, numRequests=10000, numEntries=100, entrySize=1000, writePercentage=20, numThreads=4, cacheWrapper=org.radargun.cachewrappers.FFWrapperLF@35f0ade4, nodeIndex=1, useTransactions=true, transactionSize=50, commitTransactions=true, durationMillis=60000}
 INFO  [pool-1-thread-1] {org.radargun.stressors.StressTestStressor} Cache wrapper info is: FFWrapperLF using infinispan52
 INFO  [pool-1-thread-1] {org.radargun.stressors.StressTestStressor} Started 4 stressor threads.
 INFO  [Stressor-2] {org.radargun.stressors.StressTestStressor} Number of ops executed so far: 1. Elapsed time: 0.001 secs. Remaining: 59.999 secs. Total: 1 mins 0 secs
[GC 268389K->29585K(2944064K), 0.0665040 secs]
[GC 285649K->42893K(2944064K), 0.0516210 secs]
[GC 298957K->58245K(2944064K), 0.0664880 secs]
[GC 314309K->105297K(2944064K), 0.0810870 secs]
 WARN  [hz._hzInstance_1_FenixFrameworkGroup.event] {com.hazelcast.spi.EventService} [127.0.0.1]:5702 [FenixFrameworkGroup] Caution: Off-load event processing to your own thread-pool, don't use event thread!
[GC 361361K->136495K(2944064K), 0.1452510 secs]
[GC 392559K->143278K(2944064K), 0.0955600 secs]
[GC 399342K->161760K(2944064K), 0.0939560 secs]
[GC 417824K->160642K(2944064K), 0.0904200 secs]
[GC 416706K->207762K(2944064K), 0.1043570 secs]
[GC 463826K->196259K(2944064K), 0.1199060 secs]
 WARN  [hz._hzInstance_1_FenixFrameworkGroup.event] {com.hazelcast.spi.EventService} [127.0.0.1]:5702 [FenixFrameworkGroup] Caution: Off-load event processing to your own thread-pool, don't use event thread!
[GC 452323K->241740K(2944064K), 0.0712120 secs]
[GC 497804K->259470K(2944064K), 0.1050560 secs]
 INFO  [Stressor-0] {org.radargun.stressors.StressTestStressor} Number of ops executed so far: 243850. Elapsed time: 20.001 secs. Remaining: 39.999 secs. Total: 1 mins 0 secs
[GC 515534K->247721K(2944064K), 0.1136080 secs]
[GC 503785K->293863K(2944064K), 0.0747280 secs]
[GC 549927K->311703K(2944064K), 0.1095420 secs]
[GC 567767K->299712K(2944064K), 0.1171970 secs]
[GC 555776K->320641K(2944064K), 0.0925020 secs]
[GC 576705K->362212K(2944064K), 0.0835520 secs]
[GC 618276K->352369K(2944064K), 0.1203050 secs]
[GC 608433K->357728K(2944064K), 0.1060780 secs]
[GC 613792K->415019K(2944064K), 0.0861680 secs]
[GC 671083K->406442K(2944064K), 0.1256700 secs]
[GC 662506K->452494K(2944064K), 0.0828930 secs]
[GC 708558K->456055K(2944064K), 0.1193040 secs]
[GC 712119K->461991K(2944064K), 0.1262400 secs]
[GC 718055K->466766K(2944064K), 0.1022930 secs]
[GC 722830K->522717K(2944064K), 0.0814530 secs]
[GC 778781K->514192K(2944064K), 0.1294750 secs]
 INFO  [Stressor-0] {org.radargun.stressors.StressTestStressor} Number of ops executed so far: 560951. Elapsed time: 40.044 secs. Remaining: 19.956 secs. Total: 1 mins 0 secs
[GC 770256K->552223K(2944064K), 0.0807500 secs]
[GC 808287K->580737K(2944064K), 0.1138670 secs]
[GC 836801K->565390K(2944064K), 0.1284870 secs]
[GC 821454K->614543K(2944064K), 0.0732730 secs]
[GC 870607K->632615K(2944064K), 0.1143170 secs]
[GC 888679K->623865K(2944064K), 0.1418450 secs]
[GC 879929K->631940K(2944064K), 0.1032420 secs]
[GC 888000K->682008K(2944064K), 0.0886750 secs]
[GC 938072K->677672K(2944064K), 0.1275840 secs]
[GC 933736K->725648K(2944064K), 0.0886980 secs]
[GC 981712K->715189K(2944064K), 0.1335490 secs]
[GC 971253K->737564K(2944064K), 0.1066830 secs]
[GC 993628K->778458K(2944064K), 0.1001710 secs]
[GC 1034522K->771249K(2944064K), 0.1346450 secs]
[GC 1027313K->815391K(2944064K), 0.0802620 secs]
 INFO  [pool-1-thread-1] {org.radargun.stressors.StressTestStressor} Finished generating report. Test duration is: 1 mins 2 secs
 INFO  [pool-1-thread-1] {org.radargun.stages.StressTestWarmupStage} The warmup took: 62 seconds.
 INFO  [pool-1-thread-1] {org.radargun.Slave} Finished stage: StressTestWarmup {bulkSize=1, cacheSpecificKeyGenerator=false, commitTransactions=true, duration=1 mins 0 secs, entrySize=1000, exitBenchmarkOnSlaveFailure=false, fixedKeys=true, generateHistogramRange=false, keyGeneratorClass=org.radargun.stressors.StringKeyGenerator, keyGeneratorParam=null, loadAllKeys=false, numEntries=100, numOfThreads=4, numRequests=10000, numThreads=4, numberOfAttributes=100, numberOfRequests=10000, opsCountStatusLog=100000, poolKeys=true, preferAsyncOperations=false, removePercentage=0, replaceInvalidPercentage=40, runOnAllSlaves=false, sharedKeys=false, sizeOfAnAttribute=1000, slaves=null, transactionSize=50, useAtomics=false, useHistogramStatistics=false, useSimpleStatistics=true, useSmartClassLoading=true, useTransactions=null, writePercentage=20, writeTxPercentage=20 }
 INFO  [main] {org.radargun.Slave} Ack successfully sent to the master
 INFO  [pool-1-thread-1] {org.radargun.Slave} Executing stage: ClearClusterStage {ClearCluster {exitBenchmarkOnSlaveFailure=false, runOnAllSlaves=false, slaves=[ 0 ], useSmartClassLoading=true }
 INFO  [pool-1-thread-1] {org.radargun.stages.ClearClusterStage} Before executing clear, memory looks like this: Memory - free: 2,043,820 kb - max:4,906,688 kb- total:2,944,064 kb
[Full GC 900243K->708376K(2944064K), 2.6983750 secs]
 INFO  [pool-1-thread-1] {org.radargun.stages.ClearClusterStage} After executing cleanup, memory looks like this: Memory - free: 2,233,055 kb - max:4,906,688 kb- total:2,944,256 kb
 INFO  [pool-1-thread-1] {org.radargun.Slave} Finished stage: ClearClusterStage {ClearCluster {exitBenchmarkOnSlaveFailure=false, runOnAllSlaves=false, slaves=[ 0 ], useSmartClassLoading=true }
 INFO  [main] {org.radargun.Slave} Ack successfully sent to the master
 INFO  [pool-1-thread-1] {org.radargun.Slave} Executing stage: StressTest {bulkSize=1, cacheSpecificKeyGenerator=false, commitTransactions=true, duration=1 mins 0 secs, entrySize=1000, exitBenchmarkOnSlaveFailure=false, fixedKeys=true, generateHistogramRange=false, keyGeneratorClass=org.radargun.stressors.StringKeyGenerator, keyGeneratorParam=null, loadAllKeys=false, numEntries=10000, numOfThreads=4, numRequests=10000000, numThreads=4, numberOfAttributes=10000, numberOfRequests=10000000, opsCountStatusLog=500000, poolKeys=true, preferAsyncOperations=false, removePercentage=0, replaceInvalidPercentage=40, runOnAllSlaves=false, sharedKeys=false, sizeOfAnAttribute=1000, slaves=null, transactionSize=10000, useAtomics=false, useHistogramStatistics=false, useSimpleStatistics=true, useSmartClassLoading=true, useTransactions=true, writePercentage=10, writeTxPercentage=1 }
 INFO  [pool-1-thread-1] {org.radargun.stages.StressTestStage} Starting StressTestStage: StressTest {bulkSize=1, cacheSpecificKeyGenerator=false, commitTransactions=true, duration=1 mins 0 secs, entrySize=1000, exitBenchmarkOnSlaveFailure=false, fixedKeys=true, generateHistogramRange=false, keyGeneratorClass=org.radargun.stressors.StringKeyGenerator, keyGeneratorParam=null, loadAllKeys=false, numEntries=10000, numOfThreads=4, numRequests=10000000, numThreads=4, numberOfAttributes=10000, numberOfRequests=10000000, opsCountStatusLog=500000, poolKeys=true, preferAsyncOperations=false, removePercentage=0, replaceInvalidPercentage=40, runOnAllSlaves=false, sharedKeys=false, sizeOfAnAttribute=1000, slaves=null, transactionSize=10000, useAtomics=false, useHistogramStatistics=false, useSimpleStatistics=true, useSmartClassLoading=true, useTransactions=true, writePercentage=10, writeTxPercentage=1 }
 INFO  [pool-1-thread-1] {org.radargun.stressors.StressTestStressor} Using key generator org.radargun.stressors.StringKeyGenerator, param null
 INFO  [pool-1-thread-1] {org.radargun.stressors.StressTestStressor} Executing: StressTestStressor{opsCountStatusLog=500000, numRequests=10000000, numEntries=10000, entrySize=1000, writePercentage=10, numThreads=4, cacheWrapper=org.radargun.cachewrappers.FFWrapperLF@35f0ade4, nodeIndex=1, useTransactions=true, transactionSize=10000, commitTransactions=true, durationMillis=60000}
 INFO  [pool-1-thread-1] {org.radargun.stressors.StressTestStressor} Cache wrapper info is: FFWrapperLF using infinispan52
[GC 964568K->753777K(2944256K), 0.0664930 secs]
[GC 1009969K->762142K(2944256K), 0.0900740 secs]
[GC 1018334K->784462K(2944256K), 0.1259920 secs]
[GC 1040654K->819887K(2944256K), 0.1207250 secs]
[GC 1076079K->796465K(2944256K), 0.1605690 secs]
[GC 1052657K->797508K(2944256K), 0.1050910 secs]
[GC 1053700K->806409K(2944256K), 0.1140180 secs]
[GC 1062601K->821166K(2944256K), 0.1107300 secs]
[GC 1077358K->825368K(2944256K), 0.1156500 secs]
[GC 1081560K->799908K(2944256K), 0.1132710 secs]
[GC 1056100K->835541K(2944256K), 0.1188710 secs]
[GC 1091733K->803338K(2944256K), 0.1186550 secs]
 WARN  [hz._hzInstance_1_FenixFrameworkGroup.event] {com.hazelcast.spi.EventService} [127.0.0.1]:5702 [FenixFrameworkGroup] Caution: Off-load event processing to your own thread-pool, don't use event thread!
[GC 1059530K->845000K(2944256K), 0.1376170 secs]
[GC 1101192K->820887K(2944256K), 0.1720550 secs]
[GC 1077079K->833116K(2944256K), 0.1133700 secs]
[GC 1089308K->836840K(2944256K), 0.1220000 secs]
[GC 1093032K->828050K(2944256K), 0.1209730 secs]
[GC 1084242K->821084K(2944256K), 0.1501460 secs]
[GC 1077276K->818924K(2944256K), 0.1131690 secs]
[GC 1075116K->828953K(2944256K), 0.0851870 secs]
[GC 1085145K->835737K(2944256K), 0.0627910 secs]
[GC 1091929K->833002K(2944256K), 0.0912890 secs]
[GC 1089194K->836813K(2944256K), 0.0746220 secs]
[GC 1093005K->840432K(2944256K), 0.0724140 secs]
[GC 1096624K->841907K(2944256K), 0.0771150 secs]
[GC 1098099K->835481K(2944256K), 0.0754700 secs]
[GC 1091673K->836788K(2944256K), 0.0854360 secs]
[GC 1092980K->830356K(2944256K), 0.0863020 secs]
[GC 1086548K->853885K(2944256K), 0.0882350 secs]
[GC 1110077K->842939K(2944256K), 0.0743840 secs]
[GC 1099131K->850167K(2944256K), 0.0670580 secs]
[GC 1106359K->863132K(2944256K), 0.0593070 secs]
[GC 1119324K->845731K(2944256K), 0.0739870 secs]
[GC 1101923K->862093K(2944256K), 0.0740150 secs]
[GC 1118285K->860911K(2944256K), 0.1131380 secs]
[GC 1117103K->873524K(2944256K), 0.1111460 secs]
[GC 1129716K->858761K(2944256K), 0.0873810 secs]
[GC 1114953K->863588K(2944256K), 0.0805310 secs]
[GC 1119780K->858527K(2944256K), 0.0537550 secs]
[GC 1114719K->850289K(2944256K), 0.0720070 secs]
[GC 1106481K->869910K(2944256K), 0.0711580 secs]
[GC 1126102K->873402K(2944256K), 0.0917170 secs]
[GC 1129594K->868808K(2944256K), 0.0677890 secs]
[GC 1125000K->874091K(2944256K), 0.0990010 secs]
[GC 1130283K->885062K(2944256K), 0.0894660 secs]
 WARN  [hz._hzInstance_1_FenixFrameworkGroup.event] {com.hazelcast.spi.EventService} [127.0.0.1]:5702 [FenixFrameworkGroup] Caution: Off-load event processing to your own thread-pool, don't use event thread!
[GC 1141254K->872207K(2944256K), 0.0953360 secs]
[GC 1128399K->887704K(2944256K), 0.0711000 secs]
[GC 1143896K->884905K(2944256K), 0.0730070 secs]
[GC 1141097K->879968K(2944256K), 0.0697340 secs]
[GC 1136160K->880232K(2944256K), 0.0814850 secs]
[GC 1136424K->887609K(2944256K), 0.0886840 secs]
[GC 1143801K->888393K(2944256K), 0.0844740 secs]
[GC 1144585K->890105K(2944256K), 0.0777600 secs]
[GC 1146297K->893492K(2944256K), 0.0744090 secs]
[GC 1149684K->899895K(2944256K), 0.0784800 secs]
[GC 1156087K->902519K(2944256K), 0.1005570 secs]
[GC 1158711K->912448K(2944256K), 0.0762400 secs]
[GC 1168640K->897820K(2944256K), 0.0993580 secs]
[GC 1154012K->893404K(2944256K), 0.0619180 secs]
[GC 1149596K->904984K(2944256K), 0.0815460 secs]
[GC 1161176K->905860K(2944256K), 0.0632300 secs]
[GC 1162052K->903995K(2944256K), 0.0861530 secs]
[GC 1160187K->905945K(2944256K), 0.0712250 secs]
[GC 1162137K->908619K(2944256K), 0.0629320 secs]
[GC 1164811K->918923K(2944256K), 0.0610080 secs]
[GC 1175115K->916158K(2944256K), 0.0633170 secs]
[GC 1172350K->920543K(2944256K), 0.0852540 secs]
[GC 1176735K->932611K(2944256K), 0.0627940 secs]
[GC 1188803K->918861K(2944256K), 0.0672590 secs]
[GC 1175053K->932084K(2944256K), 0.0700660 secs]
[GC 1188276K->930108K(2944256K), 0.0804760 secs]
[GC 1186300K->932500K(2944256K), 0.0681420 secs]
[GC 1188692K->931892K(2944256K), 0.0659910 secs]
 WARN  [hz._hzInstance_1_FenixFrameworkGroup.event] {com.hazelcast.spi.EventService} [127.0.0.1]:5702 [FenixFrameworkGroup] Caution: Off-load event processing to your own thread-pool, don't use event thread!
[GC 1188084K->933093K(2944256K), 0.0645280 secs]
[GC 1189285K->937332K(2944256K), 0.0790270 secs]
[GC 1193524K->938907K(2944256K), 0.0707740 secs]
[GC 1195099K->940538K(2944256K), 0.0793480 secs]
[GC 1196730K->943896K(2944256K), 0.0751590 secs]
[GC 1200088K->945438K(2944256K), 0.0842410 secs]
 WARN  [hz._hzInstance_1_FenixFrameworkGroup.event] {com.hazelcast.spi.EventService} [127.0.0.1]:5702 [FenixFrameworkGroup] Caution: Off-load event processing to your own thread-pool, don't use event thread!
[GC 1201630K->947699K(2944256K), 0.0733360 secs]
[GC 1203891K->947887K(2944256K), 0.0764860 secs]
[GC 1204079K->950084K(2944256K), 0.0616900 secs]
[GC 1206276K->943131K(2944256K), 0.0727790 secs]
[GC 1199323K->941242K(2944256K), 0.0551610 secs]
[GC 1197434K->948527K(2944256K), 0.0729450 secs]
 WARN  [hz._hzInstance_1_FenixFrameworkGroup.event] {com.hazelcast.spi.EventService} [127.0.0.1]:5702 [FenixFrameworkGroup] Caution: Off-load event processing to your own thread-pool, don't use event thread!
[GC 1204719K->950374K(2944256K), 0.0851660 secs]
[GC 1206566K->959259K(2944256K), 0.0602840 secs]
[GC 1215451K->957373K(2944256K), 0.0656030 secs]
[GC 1213565K->960525K(2944256K), 0.0781060 secs]
[GC 1216717K->964018K(2944256K), 0.0697230 secs]
[GC 1220210K->967614K(2944256K), 0.0909510 secs]
[GC 1223806K->962537K(2944256K), 0.0840220 secs]
[GC 1218729K->970963K(2944256K), 0.0726390 secs]
[GC 1227155K->965876K(2944256K), 0.0599550 secs]
[GC 1222068K->971850K(2944256K), 0.0547210 secs]
[GC 1228042K->973615K(2944256K), 0.0693330 secs]
[GC 1229807K->975410K(2944256K), 0.0732650 secs]
[GC 1227997K->969047K(2944256K), 0.0683960 secs]
[GC 1225239K->984659K(2944256K), 0.0691450 secs]
[GC 1240851K->989799K(2944256K), 0.0912360 secs]
 WARN  [hz._hzInstance_1_FenixFrameworkGroup.event] {com.hazelcast.spi.EventService} [127.0.0.1]:5702 [FenixFrameworkGroup] Caution: Off-load event processing to your own thread-pool, don't use event thread!
[GC 1245991K->986957K(2944256K), 0.0750140 secs]
[GC 1243149K->982070K(2944256K), 0.0689720 secs]
[GC 1238262K->989873K(2944256K), 0.0762400 secs]
[GC 1246065K->989890K(2944256K), 0.0685060 secs]
[GC 1246082K->984799K(2944256K), 0.0704410 secs]
[GC 1240991K->986371K(2944256K), 0.0719510 secs]
[GC 1242563K->985720K(2944256K), 0.0804310 secs]
[GC 1241912K->1000433K(2944256K), 0.0675350 secs]
[GC 1256625K->991578K(2944256K), 0.0852340 secs]
[GC 1247770K->1006155K(2944256K), 0.0867240 secs]
[GC 1262347K->1017280K(2944256K), 0.0768840 secs]
[GC 1273472K->998364K(2944256K), 0.0653760 secs]
[GC 1254556K->1022011K(2944256K), 0.0732110 secs]
[GC 1278203K->1003680K(2944256K), 0.0667290 secs]
[GC 1259872K->1015038K(2944256K), 0.0848560 secs]
[GC 1271230K->1013864K(2944256K), 0.0695080 secs]
[GC 1270056K->1008455K(2944256K), 0.0655660 secs]
[GC 1264647K->1008938K(2944256K), 0.0572140 secs]
[GC 1265130K->1010347K(2944256K), 0.0637260 secs]
[GC 1266539K->1019236K(2944256K), 0.0681560 secs]
[GC 1275428K->1033827K(2944256K), 0.0689170 secs]
[GC 1290019K->1014338K(2944256K), 0.0939210 secs]
[GC 1270530K->1032831K(2944256K), 0.0967730 secs]
[GC 1289023K->1031035K(2944256K), 0.0717210 secs]
[GC 1287227K->1017839K(2944256K), 0.0657570 secs]
[GC 1274031K->1035111K(2944256K), 0.0864920 secs]
 WARN  [hz._hzInstance_1_FenixFrameworkGroup.event] {com.hazelcast.spi.EventService} [127.0.0.1]:5702 [FenixFrameworkGroup] Caution: Off-load event processing to your own thread-pool, don't use event thread!
[GC 1291303K->1037532K(2944256K), 0.0712230 secs]
[GC 1293724K->1032459K(2944256K), 0.0762200 secs]
[GC 1288651K->1030202K(2944256K), 0.0594520 secs]
[GC 1286394K->1031665K(2944256K), 0.0850910 secs]
[GC 1287857K->1040282K(2944256K), 0.0849280 secs]
[GC 1296474K->1048490K(2944256K), 0.0752690 secs]
[GC 1304682K->1052368K(2944256K), 0.0784050 secs]
[GC 1308560K->1059827K(2944256K), 0.0816560 secs]
[GC 1316019K->1045767K(2944256K), 0.0855700 secs]
[GC 1301959K->1052355K(2944256K), 0.0742970 secs]
[GC 1308547K->1056833K(2944256K), 0.0729990 secs]
[GC 1313025K->1058189K(2944256K), 0.0694430 secs]
[GC 1314381K->1051502K(2944256K), 0.0642340 secs]
[GC 1307694K->1058795K(2944256K), 0.0562450 secs]
[GC 1314987K->1053904K(2944256K), 0.0630280 secs]
[GC 1310096K->1062367K(2944256K), 0.0872010 secs]
[GC 1318559K->1070500K(2944256K), 0.0691460 secs]
[GC 1326692K->1073905K(2944256K), 0.0761240 secs]
[GC 1330097K->1079426K(2944256K), 0.0767380 secs]
[GC 1335618K->1085784K(2944256K), 0.0997490 secs]
[GC 1341976K->1071887K(2944256K), 0.0660290 secs]
[GC 1328079K->1085239K(2944256K), 0.0671640 secs]
 WARN  [hz._hzInstance_1_FenixFrameworkGroup.event] {com.hazelcast.spi.EventService} [127.0.0.1]:5702 [FenixFrameworkGroup] Caution: Off-load event processing to your own thread-pool, don't use event thread!
[GC 1341431K->1082175K(2944256K), 0.0669770 secs]
[GC 1338367K->1076980K(2944256K), 0.0828600 secs]
[GC 1333172K->1077527K(2944256K), 0.0729640 secs]
[GC 1333719K->1078768K(2944256K), 0.0687980 secs]
[GC 1334960K->1079820K(2944256K), 0.0662150 secs]
[GC 1336012K->1080181K(2944256K), 0.0799780 secs]
[GC 1336373K->1100448K(2944256K), 0.0875090 secs]
[GC 1356640K->1081844K(2944256K), 0.0592150 secs]
[GC 1338036K->1102765K(2944256K), 0.0962630 secs]
[GC 1358957K->1086941K(2944256K), 0.0781120 secs]
[GC 1343133K->1084580K(2944256K), 0.0688830 secs]
[GC 1340772K->1086892K(2944256K), 0.0640740 secs]
[GC 1343084K->1095346K(2944256K), 0.0668610 secs]
[GC 1351538K->1096633K(2944256K), 0.0641570 secs]
[GC 1352825K->1094164K(2944256K), 0.0840750 secs]
[GC 1350356K->1095472K(2944256K), 0.0777410 secs]
[GC 1351664K->1089613K(2944256K), 0.0703060 secs]
[GC 1345805K->1106130K(2944256K), 0.0495680 secs]
[GC 1362322K->1109917K(2944256K), 0.0520680 secs]
[GC 1366109K->1119876K(2944256K), 0.0826290 secs]
[GC 1376068K->1103411K(2944256K), 0.0670560 secs]
[GC 1359603K->1117035K(2944256K), 0.0714420 secs]
[GC 1373227K->1116821K(2944256K), 0.0838410 secs]
[GC 1373013K->1112303K(2944256K), 0.0630730 secs]
[GC 1368495K->1119665K(2944256K), 0.0633020 secs]
[GC 1375857K->1127634K(2944256K), 0.0635370 secs]
[GC 1383826K->1124674K(2944256K), 0.0607860 secs]
 WARN  [hz._hzInstance_1_FenixFrameworkGroup.event] {com.hazelcast.spi.EventService} [127.0.0.1]:5702 [FenixFrameworkGroup] Caution: Off-load event processing to your own thread-pool, don't use event thread!
[GC 1380866K->1113113K(2944256K), 0.0571190 secs]
[GC 1369305K->1121358K(2944256K), 0.0752010 secs]
[GC 1377550K->1126937K(2944256K), 0.0708480 secs]
[GC 1383129K->1126341K(2944256K), 0.0722100 secs]
[GC 1382533K->1125506K(2944256K), 0.0591290 secs]
[GC 1381698K->1129325K(2944256K), 0.0598090 secs]
[GC 1385517K->1132121K(2944256K), 0.0627080 secs]
[GC 1388313K->1142439K(2944256K), 0.0706170 secs]
[GC 1398631K->1131066K(2944256K), 0.0621870 secs]
[GC 1387258K->1139302K(2944256K), 0.0624870 secs]
[GC 1395494K->1142521K(2944256K), 0.0674320 secs]
[GC 1398713K->1151570K(2944256K), 0.0716200 secs]
[GC 1407762K->1136238K(2944256K), 0.0713690 secs]
[GC 1392430K->1149397K(2944256K), 0.0882930 secs]
[GC 1405589K->1139030K(2944256K), 0.0816150 secs]
[GC 1395222K->1152653K(2944256K), 0.0806220 secs]
[GC 1408845K->1141852K(2944256K), 0.0713750 secs]
[GC 1398044K->1155609K(2944256K), 0.0726380 secs]
[GC 1411801K->1151716K(2944256K), 0.0771990 secs]
[GC 1407908K->1164408K(2944256K), 0.0641830 secs]
[GC 1420600K->1150103K(2944256K), 0.0677840 secs]
[GC 1406295K->1162519K(2944256K), 0.0687030 secs]
[GC 1418711K->1153305K(2944256K), 0.0623180 secs]
[GC 1409497K->1169309K(2944256K), 0.0584200 secs]
[GC 1425501K->1155342K(2944256K), 0.0616820 secs]
 WARN  [hz._hzInstance_1_FenixFrameworkGroup.event] {com.hazelcast.spi.EventService} [127.0.0.1]:5702 [FenixFrameworkGroup] Caution: Off-load event processing to your own thread-pool, don't use event thread!
[GC 1411534K->1170491K(2944256K), 0.0736900 secs]
[GC 1426683K->1159383K(2944256K), 0.0717880 secs]
[GC 1415575K->1162639K(2944256K), 0.0595250 secs]
[GC 1418831K->1169552K(2944256K), 0.0594600 secs]
[GC 1425744K->1174278K(2944256K), 0.0658700 secs]
[GC 1430470K->1178209K(2944256K), 0.0860680 secs]
[GC 1434401K->1177340K(2944256K), 0.0650550 secs]
[GC 1433532K->1171851K(2944256K), 0.0860490 secs]
[GC 1428043K->1174519K(2944256K), 0.0696730 secs]
[GC 1430711K->1181975K(2944256K), 0.0721250 secs]
[GC 1438167K->1184171K(2944256K), 0.0735190 secs]
[GC 1440363K->1200445K(2944256K), 0.0833130 secs]
[GC 1456637K->1182134K(2944256K), 0.0736780 secs]
[GC 1438326K->1194648K(2944256K), 0.0752810 secs]
[GC 1450840K->1184460K(2944256K), 0.0804410 secs]
 WARN  [hz._hzInstance_1_FenixFrameworkGroup.event] {com.hazelcast.spi.EventService} [127.0.0.1]:5702 [FenixFrameworkGroup] Caution: Off-load event processing to your own thread-pool, don't use event thread!
[GC 1440652K->1193065K(2944256K), 0.0866930 secs]
[GC 1449257K->1202638K(2944256K), 0.0839390 secs]
[GC 1456843K->1213729K(2944256K), 0.0784620 secs]
[GC 1469921K->1193999K(2944256K), 0.0731680 secs]
[GC 1450191K->1208243K(2944256K), 0.0772880 secs]
[GC 1464435K->1205457K(2944256K), 0.0677250 secs]
[GC 1461649K->1199931K(2944256K), 0.0732790 secs]
[GC 1456123K->1208885K(2944256K), 0.0679780 secs]
[GC 1465077K->1208844K(2944256K), 0.0778410 secs]
[GC 1465036K->1197178K(2944256K), 0.0810640 secs]
[GC 1453370K->1205958K(2944256K), 0.0812580 secs]
[GC 1462150K->1206160K(2944256K), 0.0650710 secs]
[GC 1462352K->1211862K(2944256K), 0.0606470 secs]
 WARN  [hz._hzInstance_1_FenixFrameworkGroup.event] {com.hazelcast.spi.EventService} [127.0.0.1]:5702 [FenixFrameworkGroup] Caution: Off-load event processing to your own thread-pool, don't use event thread!
[GC 1468054K->1218154K(2944256K), 0.0673570 secs]
[GC 1474346K->1221290K(2944256K), 0.0629790 secs]
[GC 1477482K->1211505K(2944256K), 0.0662270 secs]
[GC 1467697K->1228092K(2944256K), 0.0803010 secs]
[GC 1484284K->1214287K(2944256K), 0.0627960 secs]
[GC 1470479K->1219171K(2944256K), 0.0719800 secs]
[GC 1475363K->1226771K(2944256K), 0.0682240 secs]
[GC 1482963K->1217221K(2944256K), 0.0672000 secs]
[GC 1473413K->1234110K(2944256K), 0.0675700 secs]
[GC 1490302K->1225452K(2944256K), 0.0675950 secs]
[GC 1481644K->1232793K(2944256K), 0.0628600 secs]
[GC 1488985K->1229408K(2944256K), 0.0556520 secs]
[GC 1485600K->1240894K(2944256K), 0.0622570 secs]
[GC 1497086K->1228863K(2944256K), 0.0668700 secs]
[GC 1485055K->1243686K(2944256K), 0.0707640 secs]
[GC 1499878K->1231056K(2944256K), 0.0833800 secs]
[GC 1487248K->1241634K(2944256K), 0.0649510 secs]
[GC 1497826K->1235134K(2944256K), 0.0662280 secs]
[GC 1491326K->1242626K(2944256K), 0.0606210 secs]
[GC 1498818K->1248987K(2944256K), 0.0629420 secs]
[GC 1505179K->1256924K(2944256K), 0.0599180 secs]
 WARN  [hz._hzInstance_1_FenixFrameworkGroup.event] {com.hazelcast.spi.EventService} [127.0.0.1]:5702 [FenixFrameworkGroup] Caution: Off-load event processing to your own thread-pool, don't use event thread!
[GC 1513116K->1242641K(2944256K), 0.0896200 secs]
[GC 1498833K->1254552K(2944256K), 0.0813520 secs]
[GC 1510744K->1246798K(2944256K), 0.0761630 secs]
[GC 1502990K->1241322K(2944256K), 0.0622910 secs]
[GC 1497514K->1246349K(2944256K), 0.0634310 secs]
[GC 1502541K->1257758K(2944256K), 0.0712060 secs]
[GC 1513950K->1267605K(2944256K), 0.0617360 secs]
[GC 1523797K->1252461K(2944256K), 0.0678710 secs]
 WARN  [hz._hzInstance_1_FenixFrameworkGroup.event] {com.hazelcast.spi.EventService} [127.0.0.1]:5702 [FenixFrameworkGroup] Caution: Off-load event processing to your own thread-pool, don't use event thread!
[GC 1508653K->1264480K(2944256K), 0.0759880 secs]
[GC 1520672K->1257595K(2944256K), 0.0664670 secs]
[GC 1513787K->1253732K(2944256K), 0.0663920 secs]
[GC 1509924K->1265541K(2944256K), 0.0781100 secs]
[GC 1521733K->1262498K(2944256K), 0.0636480 secs]
[GC 1518690K->1271602K(2944256K), 0.0679560 secs]
[GC 1527794K->1280001K(2944256K), 0.0637590 secs]
[GC 1536193K->1269721K(2944256K), 0.0696600 secs]
[GC 1525913K->1277660K(2944256K), 0.0551970 secs]
[GC 1533852K->1270841K(2944256K), 0.0604470 secs]
[GC 1527033K->1284041K(2944256K), 0.0594850 secs]
[GC 1540233K->1285700K(2944256K), 0.0723920 secs]
[GC 1541892K->1291045K(2944256K), 0.0675650 secs]
[GC 1547237K->1280460K(2944256K), 0.0657470 secs]
[GC 1536652K->1292787K(2944256K), 0.0725590 secs]
[GC 1548979K->1282558K(2944256K), 0.0736270 secs]
[GC 1538750K->1297053K(2944256K), 0.0617070 secs]
[GC 1553245K->1282818K(2944256K), 0.0611610 secs]
[GC 1539010K->1290595K(2944256K), 0.0774710 secs]
[GC 1546787K->1302042K(2944256K), 0.0702510 secs]
[GC 1558234K->1292100K(2944256K), 0.0565220 secs]
[GC 1548292K->1288573K(2944256K), 0.0656180 secs]
[GC 1544765K->1294870K(2944256K), 0.0460100 secs]
[GC 1551062K->1305025K(2944256K), 0.0668430 secs]
[GC 1561217K->1292186K(2944256K), 0.0572270 secs]
[GC 1548378K->1303928K(2944256K), 0.0629500 secs]
[GC 1560120K->1293181K(2944256K), 0.0575850 secs]
[GC 1549373K->1302669K(2944256K), 0.0563620 secs]
[GC 1558861K->1302288K(2944256K), 0.0637010 secs]
[GC 1558480K->1301555K(2944256K), 0.0530800 secs]
[GC 1557747K->1308088K(2944256K), 0.0639670 secs]
[GC 1564280K->1306580K(2944256K), 0.0653830 secs]
[GC 1562772K->1308496K(2944256K), 0.0660980 secs]
[GC 1564688K->1305828K(2944256K), 0.0599610 secs]
[GC 1562020K->1306228K(2944256K), 0.0523130 secs]
[GC 1311201K(2944256K), 0.0419010 secs]
[GC 1562420K->1312329K(2944256K), 0.0493890 secs]
[GC 1568521K->1318359K(2944256K), 0.0608470 secs]
[GC 1574551K->1314391K(2944256K), 0.0501390 secs]
[GC 1570583K->1318274K(2944256K), 0.0550990 secs]
[GC 1574466K->1326263K(2944256K), 0.0690990 secs]
[GC 1582455K->1325012K(2944256K), 0.0688830 secs]
[GC 1581204K->1329466K(2944256K), 0.0661660 secs]
[GC 1585658K->1332924K(2944256K), 0.0529240 secs]
[GC 1589116K->1332218K(2944256K), 0.0487660 secs]
[GC 1588410K->1334328K(2944256K), 0.0575260 secs]
[GC 1590520K->1333902K(2944256K), 0.0554530 secs]
[GC 1590094K->1332133K(2944256K), 0.0517940 secs]
[GC 1588325K->1332215K(2944256K), 0.0527150 secs]
[GC 1337240K(2944256K), 0.0297100 secs]
[GC 1586545K->1333863K(2944256K), 0.0482650 secs]
[GC 1572880K->1320350K(2944256K), 0.0480150 secs]
[GC 1539831K->1278238K(2944256K), 0.0529940 secs]
[GC 1497472K->1258053K(2944256K), 0.0566040 secs]
[GC 1473583K->1213415K(2944256K), 0.0496250 secs]
[GC 1431242K->1175648K(2944256K), 0.0490660 secs]
[GC 1393735K->1134368K(2944256K), 0.0499240 secs]
[GC 1385049K->1124229K(2944256K), 0.0551890 secs]
[GC 1380421K->1132018K(2944256K), 0.0522500 secs]
[GC 1388210K->1138059K(2944256K), 0.0540440 secs]
[GC 1394251K->1150171K(2944256K), 0.0497930 secs]
[GC 1406363K->1135069K(2944256K), 0.0492570 secs]
[GC 1391261K->1150166K(2944256K), 0.0565820 secs]
[GC 1406358K->1140362K(2944256K), 0.0443030 secs]
[GC 1396554K->1154828K(2944256K), 0.0486200 secs]
[GC 1411020K->1143879K(2944256K), 0.0559860 secs]
[GC 1400071K->1150523K(2944256K), 0.0545360 secs]
[GC 1406715K->1142112K(2944256K), 0.0581660 secs]
[GC 1398304K->1150892K(2944256K), 0.0568520 secs]
[GC 1407084K->1162068K(2944256K), 0.0517980 secs]
[GC 1418260K->1151970K(2944256K), 0.0545650 secs]
[GC 1408162K->1160626K(2944256K), 0.0504460 secs]
[GC 1416818K->1168000K(2944256K), 0.0631120 secs]
[GC 1424192K->1159239K(2944256K), 0.0584330 secs]
[GC 1415431K->1180508K(2944256K), 0.0639000 secs]
[GC 1436700K->1168231K(2944256K), 0.0654990 secs]
[GC 1424423K->1178836K(2944256K), 0.0557380 secs]
[GC 1435028K->1174731K(2944256K), 0.0554560 secs]
[GC 1430923K->1164843K(2944256K), 0.0525860 secs]
[GC 1421035K->1171244K(2944256K), 0.0585840 secs]
[GC 1427436K->1173582K(2944256K), 0.0520110 secs]
[GC 1429774K->1174632K(2944256K), 0.0550700 secs]
[GC 1430824K->1189538K(2944256K), 0.0576870 secs]
[GC 1445730K->1200456K(2944256K), 0.0581660 secs]
[GC 1456648K->1184797K(2944256K), 0.0558180 secs]
[GC 1440989K->1200059K(2944256K), 0.0607720 secs]
[GC 1456251K->1183906K(2944256K), 0.0506260 secs]
[GC 1440098K->1193922K(2944256K), 0.0642450 secs]
[GC 1450114K->1210601K(2944256K), 0.0623090 secs]
[GC 1466793K->1194098K(2944256K), 0.0651000 secs]
[GC 1450290K->1200576K(2944256K), 0.0640330 secs]
[GC 1456768K->1202860K(2944256K), 0.0569730 secs]
[GC 1459052K->1198142K(2944256K), 0.0561240 secs]
[GC 1454334K->1213054K(2944256K), 0.0523500 secs]
[GC 1469246K->1209728K(2944256K), 0.0566020 secs]
[GC 1465920K->1223807K(2944256K), 0.0558870 secs]
[GC 1479999K->1206045K(2944256K), 0.0614540 secs]
[GC 1462237K->1220327K(2944256K), 0.0608980 secs]
[GC 1476519K->1206304K(2944256K), 0.0589760 secs]
[GC 1462496K->1220553K(2944256K), 0.0508750 secs]
[GC 1476745K->1209324K(2944256K), 0.0511320 secs]
[GC 1465516K->1220143K(2944256K), 0.0572720 secs]
[GC 1476335K->1224756K(2944256K), 0.0558770 secs]
[GC 1480948K->1215812K(2944256K), 0.0606720 secs]
[GC 1472004K->1220990K(2944256K), 0.0534220 secs]
[GC 1477182K->1224298K(2944256K), 0.0505520 secs]
[GC 1480490K->1221294K(2944256K), 0.0530830 secs]
[GC 1477486K->1238908K(2944256K), 0.0529680 secs]
[GC 1495100K->1231523K(2944256K), 0.0545470 secs]
[GC 1487715K->1245972K(2944256K), 0.0553380 secs]
[GC 1502164K->1248560K(2944256K), 0.0591290 secs]
[GC 1504752K->1247687K(2944256K), 0.0625280 secs]
[GC 1503879K->1243026K(2944256K), 0.0578070 secs]
[GC 1499218K->1249303K(2944256K), 0.0556540 secs]
[GC 1505495K->1253212K(2944256K), 0.0666860 secs]
[GC 1509404K->1240165K(2944256K), 0.0599040 secs]
[GC 1496357K->1257955K(2944256K), 0.0577690 secs]
[GC 1514147K->1268614K(2944256K), 0.0624820 secs]
[GC 1524806K->1253544K(2944256K), 0.0609640 secs]
[GC 1509736K->1257777K(2944256K), 0.0570890 secs]
[GC 1513969K->1265368K(2944256K), 0.0652240 secs]
[GC 1521560K->1267867K(2944256K), 0.0601590 secs]
[GC 1524059K->1253063K(2944256K), 0.0636550 secs]
[GC 1509255K->1271959K(2944256K), 0.0527540 secs]
[GC 1528151K->1275315K(2944256K), 0.0645960 secs]
[GC 1531507K->1284606K(2944256K), 0.0586180 secs]
[GC 1540798K->1270541K(2944256K), 0.0604190 secs]
[GC 1526733K->1289238K(2944256K), 0.0551080 secs]
[GC 1545430K->1272105K(2944256K), 0.0591460 secs]
[GC 1528297K->1298564K(2944256K), 0.0660640 secs]
[GC 1554756K->1279361K(2944256K), 0.0606690 secs]
 WARN  [hz._hzInstance_1_FenixFrameworkGroup.event] {com.hazelcast.spi.EventService} [127.0.0.1]:5702 [FenixFrameworkGroup] Caution: Off-load event processing to your own thread-pool, don't use event thread!
[GC 1535553K->1296501K(2944256K), 0.0600560 secs]
[GC 1552693K->1287256K(2944256K), 0.0601610 secs]
[GC 1543448K->1296823K(2944256K), 0.0603570 secs]
[GC 1553015K->1306635K(2944256K), 0.0602440 secs]
[GC 1562827K->1303993K(2944256K), 0.0649220 secs]
[GC 1560185K->1315514K(2944256K), 0.0636430 secs]
[GC 1571706K->1298761K(2944256K), 0.0641290 secs]
[GC 1554953K->1324611K(2944256K), 0.0632040 secs]
[GC 1580803K->1305390K(2944256K), 0.0672190 secs]
[GC 1561582K->1312477K(2944256K), 0.0619930 secs]
[GC 1568669K->1323433K(2944256K), 0.0576790 secs]
[GC 1579625K->1308600K(2944256K), 0.0551630 secs]
[GC 1564792K->1317868K(2944256K), 0.0607020 secs]
[GC 1574060K->1336718K(2944256K), 0.0623820 secs]
[GC 1592910K->1315942K(2944256K), 0.0598490 secs]
[GC 1572134K->1334211K(2944256K), 0.0629220 secs]
[GC 1590403K->1319474K(2944256K), 0.0548690 secs]
[GC 1575666K->1335404K(2944256K), 0.0571670 secs]
[GC 1591596K->1350375K(2944256K), 0.0581040 secs]
[GC 1606567K->1332008K(2944256K), 0.0613240 secs]
[GC 1588200K->1353129K(2944256K), 0.0619250 secs]
[GC 1609321K->1333558K(2944256K), 0.0606850 secs]
[GC 1589750K->1358074K(2944256K), 0.0623700 secs]
[GC 1614266K->1337655K(2944256K), 0.0584720 secs]
[GC 1593847K->1363829K(2944256K), 0.0642470 secs]
[GC 1620021K->1343066K(2944256K), 0.0598880 secs]
[GC 1599258K->1368753K(2944256K), 0.0618090 secs]
[GC 1624945K->1346534K(2944256K), 0.0621040 secs]
[GC 1602726K->1355763K(2944256K), 0.0652370 secs]
[GC 1611955K->1347934K(2944256K), 0.0580620 secs]
[GC 1604126K->1350264K(2944256K), 0.0585260 secs]
[GC 1606456K->1351475K(2944256K), 0.0533880 secs]
[GC 1607667K->1351890K(2944256K), 0.0543170 secs]
[GC 1608082K->1347111K(2944256K), 0.0516330 secs]
[GC 1603303K->1357059K(2944256K), 0.0472390 secs]
[GC 1613251K->1363797K(2944256K), 0.0494720 secs]
[GC 1619989K->1355991K(2944256K), 0.0504720 secs]
[GC 1612183K->1353589K(2944256K), 0.0480180 secs]
[GC 1609781K->1351047K(2944256K), 0.0447650 secs]
[GC 1607239K->1351323K(2944256K), 0.0397220 secs]
[GC 1607515K->1350948K(2944256K), 0.0360360 secs]
[GC 1607140K->1354019K(2944256K), 0.0306910 secs]
[GC 1610211K->1358553K(2944256K), 0.0339120 secs]
[GC 1614745K->1360008K(2944256K), 0.0345350 secs]
[GC 1616200K->1361525K(2944256K), 0.0378210 secs]
[GC 1617717K->1369858K(2944256K), 0.0448070 secs]
[GC 1626050K->1371028K(2944256K), 0.0417790 secs]
[GC 1627220K->1368699K(2944256K), 0.0378820 secs]
[GC 1624891K->1380485K(2944256K), 0.0401620 secs]
[GC 1636677K->1369034K(2944256K), 0.0489980 secs]
[GC 1625226K->1378262K(2944256K), 0.0447270 secs]
[GC 1634454K->1372468K(2944256K), 0.0474530 secs]
[GC 1628660K->1387183K(2944256K), 0.0454150 secs]
[GC 1643375K->1373336K(2944256K), 0.0439250 secs]
[GC 1629528K->1387155K(2944256K), 0.0453980 secs]
[GC 1643347K->1375836K(2944256K), 0.0460810 secs]
[GC 1632028K->1387182K(2944256K), 0.0422160 secs]
[GC 1643374K->1380400K(2944256K), 0.0461440 secs]
[GC 1636592K->1391327K(2944256K), 0.0438030 secs]
[GC 1647519K->1381059K(2944256K), 0.0489680 secs]
[GC 1636644K->1385886K(2944256K), 0.0485470 secs]
[GC 1642078K->1388451K(2944256K), 0.0437310 secs]
[GC 1644643K->1389755K(2944256K), 0.0423670 secs]
[GC 1645947K->1387319K(2944256K), 0.0446270 secs]
[GC 1643511K->1387592K(2944256K), 0.0419100 secs]
[GC 1643784K->1400517K(2944256K), 0.0422010 secs]
[GC 1656709K->1395204K(2944256K), 0.0498150 secs]
[GC 1651396K->1403807K(2944256K), 0.0483260 secs]
[GC 1659999K->1411676K(2944256K), 0.0466560 secs]
[GC 1667868K->1398743K(2944256K), 0.0492900 secs]
[GC 1654935K->1410636K(2944256K), 0.0474060 secs]
[GC 1666828K->1417654K(2944256K), 0.0552320 secs]
[GC 1673846K->1408122K(2944256K), 0.0492840 secs]
[GC 1664314K->1424327K(2944256K), 0.0586090 secs]
[GC 1680519K->1428863K(2944256K), 0.0557690 secs]
[GC 1685055K->1441011K(2944256K), 0.0601050 secs]
[GC 1697203K->1421053K(2944256K), 0.0634500 secs]
[GC 1677245K->1442061K(2944256K), 0.0561220 secs]
[GC 1698253K->1421619K(2944256K), 0.0623880 secs]
[GC 1677811K->1447167K(2944256K), 0.0583160 secs]
[GC 1703359K->1428179K(2944256K), 0.0641890 secs]
[GC 1684371K->1454050K(2944256K), 0.0618820 secs]
[GC 1710242K->1435045K(2944256K), 0.0607500 secs]
 WARN  [hz._hzInstance_1_FenixFrameworkGroup.event] {com.hazelcast.spi.EventService} [127.0.0.1]:5702 [FenixFrameworkGroup] Caution: Off-load event processing to your own thread-pool, don't use event thread!
[GC 1691237K->1449375K(2944256K), 0.0591480 secs]
[GC 1705567K->1456509K(2944256K), 0.0673060 secs]
[GC 1712701K->1459990K(2944256K), 0.0597120 secs]
[GC 1715720K->1447172K(2944256K), 0.0698350 secs]
[GC 1703364K->1469143K(2944256K), 0.0617920 secs]
[GC 1725335K->1449852K(2944256K), 0.0639500 secs]
[GC 1706044K->1471317K(2944256K), 0.0622210 secs]
[GC 1727509K->1452578K(2944256K), 0.0563020 secs]
[GC 1708770K->1472329K(2944256K), 0.0623360 secs]
[GC 1728521K->1455996K(2944256K), 0.0595700 secs]
[GC 1712188K->1472482K(2944256K), 0.0563090 secs]
[GC 1728674K->1486234K(2944256K), 0.0599390 secs]
[GC 1742426K->1467259K(2944256K), 0.0656770 secs]
[GC 1723451K->1485685K(2944256K), 0.0553310 secs]
[GC 1741877K->1468474K(2944256K), 0.0563120 secs]
[GC 1722828K->1494083K(2944256K), 0.0614610 secs]
[GC 1750275K->1473667K(2944256K), 0.0622890 secs]
[GC 1729859K->1483397K(2944256K), 0.0530980 secs]
[GC 1739589K->1490045K(2944256K), 0.0598310 secs]
[GC 1746237K->1486810K(2944256K), 0.0605310 secs]
[GC 1743002K->1489489K(2944256K), 0.0539910 secs]
[GC 1745681K->1488667K(2944256K), 0.0478000 secs]
[GC 1744859K->1495368K(2944256K), 0.0536660 secs]
[GC 1751560K->1478921K(2944256K), 0.0565330 secs]
[GC 1735113K->1480686K(2944256K), 0.0587620 secs]
[GC 1736878K->1492105K(2944256K), 0.0511580 secs]
[GC 1748297K->1493294K(2944256K), 0.0493610 secs]
[GC 1749486K->1486940K(2944256K), 0.0446520 secs]
[GC 1743132K->1494487K(2944256K), 0.0484290 secs]
[GC 1750679K->1498543K(2944256K), 0.0458460 secs]
[GC 1754735K->1504918K(2944256K), 0.0522250 secs]
[GC 1761110K->1497033K(2944256K), 0.0521350 secs]
[GC 1753225K->1516915K(2944256K), 0.0488240 secs]
[GC 1773107K->1503598K(2944256K), 0.0542540 secs]
[GC 1759790K->1515258K(2944256K), 0.0525130 secs]
[GC 1771450K->1517810K(2944256K), 0.0485940 secs]
[GC 1774002K->1509597K(2944256K), 0.0529690 secs]
[GC 1765789K->1524268K(2944256K), 0.0517590 secs]
[GC 1780460K->1526808K(2944256K), 0.0526600 secs]
[GC 1783000K->1515227K(2944256K), 0.0522660 secs]
[GC 1771419K->1534756K(2944256K), 0.0586750 secs]
[GC 1790948K->1518420K(2944256K), 0.0541020 secs]
[GC 1774612K->1530621K(2944256K), 0.0565820 secs]
[GC 1786813K->1534088K(2944256K), 0.0560970 secs]
[GC 1790280K->1518312K(2944256K), 0.0586570 secs]
[GC 1774504K->1520184K(2944256K), 0.0559800 secs]
[GC 1776376K->1520457K(2944256K), 0.0541240 secs]
[GC 1776649K->1536744K(2944256K), 0.0581760 secs]
[GC 1792936K->1537418K(2944256K), 0.0532890 secs]
[GC 1793610K->1541125K(2944256K), 0.0572000 secs]
[GC 1797317K->1546554K(2944256K), 0.0496570 secs]
[GC 1802746K->1538442K(2944256K), 0.0573740 secs]
[GC 1794634K->1544985K(2944256K), 0.0523510 secs]
[GC 1801177K->1559816K(2944256K), 0.0495710 secs]
[GC 1816008K->1542629K(2944256K), 0.0489710 secs]
[GC 1798821K->1555097K(2944256K), 0.0563220 secs]
[GC 1811289K->1558606K(2944256K), 0.0538610 secs]
[GC 1814798K->1546418K(2944256K), 0.0512340 secs]
[GC 1802610K->1561824K(2944256K), 0.0586560 secs]
[GC 1818016K->1560230K(2944256K), 0.0567210 secs]
[GC 1816422K->1563581K(2944256K), 0.0551070 secs]
[GC 1819773K->1570446K(2944256K), 0.0523050 secs]
[GC 1826638K->1559871K(2944256K), 0.0605630 secs]
[GC 1816063K->1563008K(2944256K), 0.0507720 secs]
[GC 1819200K->1571502K(2944256K), 0.0567810 secs]
[GC 1827694K->1582489K(2944256K), 0.0568620 secs]
[GC 1838681K->1580376K(2944256K), 0.0587620 secs]
[GC 1836568K->1573769K(2944256K), 0.0610360 secs]
[GC 1829961K->1574694K(2944256K), 0.0552460 secs]
[GC 1830886K->1583666K(2944256K), 0.0596620 secs]
[GC 1839858K->1577340K(2944256K), 0.0553820 secs]
[GC 1833532K->1594082K(2944256K), 0.0556100 secs]
[GC 1850274K->1586045K(2944256K), 0.0627940 secs]
[GC 1842237K->1598612K(2944256K), 0.0644210 secs]
[GC 1854804K->1603388K(2944256K), 0.0584270 secs]
[GC 1859580K->1617165K(2944256K), 0.0574280 secs]
[GC 1873357K->1594515K(2944256K), 0.0550200 secs]
[GC 1850707K->1605919K(2944256K), 0.0593200 secs]
[GC 1862111K->1604618K(2944256K), 0.0531690 secs]
[GC 1860810K->1599320K(2944256K), 0.0593180 secs]
[GC 1855447K->1600923K(2944256K), 0.0608550 secs]
[GC 1857115K->1613282K(2944256K), 0.0519200 secs]
[GC 1869474K->1613974K(2944256K), 0.0614930 secs]
[GC 1870166K->1613464K(2944256K), 0.0532530 secs]
[GC 1869656K->1615296K(2944256K), 0.0560790 secs]
[GC 1871488K->1630973K(2944256K), 0.0616220 secs]
[GC 1887165K->1613132K(2944256K), 0.0630360 secs]
[GC 1869324K->1632284K(2944256K), 0.0616700 secs]
[GC 1888476K->1618861K(2944256K), 0.0616760 secs]
[GC 1875053K->1630086K(2944256K), 0.0604130 secs]
[GC 1886278K->1632709K(2944256K), 0.0615060 secs]
[GC 1888901K->1635071K(2944256K), 0.0605700 secs]
[GC 1891263K->1629292K(2944256K), 0.0590930 secs]
[GC 1885484K->1645168K(2944256K), 0.0610300 secs]
[GC 1901360K->1630714K(2944256K), 0.0616120 secs]
[GC 1886906K->1654533K(2944256K), 0.0579760 secs]
[GC 1910725K->1637324K(2944256K), 0.0648680 secs]
[GC 1893516K->1655903K(2944256K), 0.0635690 secs]
[GC 1912095K->1661498K(2944256K), 0.0618130 secs]
[GC 1917690K->1644966K(2944256K), 0.0575750 secs]
[GC 1901158K->1650550K(2944256K), 0.0548000 secs]
[GC 1906742K->1652016K(2944256K), 0.0544300 secs]
[GC 1908208K->1667743K(2944256K), 0.0567000 secs]
[GC 1923935K->1650927K(2944256K), 0.0558120 secs]
[GC 1906284K->1664869K(2944256K), 0.0514100 secs]
[GC 1921061K->1654895K(2944256K), 0.0533130 secs]
[GC 1911087K->1669694K(2944256K), 0.0485150 secs]
[GC 1925886K->1656164K(2944256K), 0.0483550 secs]
[GC 1912356K->1654455K(2944256K), 0.0492360 secs]
[GC 1910647K->1650309K(2944256K), 0.0449630 secs]
[GC 1906501K->1657724K(2944256K), 0.0492140 secs]
[GC 1913916K->1650906K(2944256K), 0.0415700 secs]
[GC 1907098K->1650632K(2944256K), 0.0420010 secs]
[GC 1906824K->1651578K(2944256K), 0.0406110 secs]
[GC 1907770K->1654482K(2944256K), 0.0352630 secs]
[GC 1910674K->1658176K(2944256K), 0.0375920 secs]
[GC 1914368K->1654207K(2944256K), 0.0357660 secs]
[GC 1910399K->1653475K(2944256K), 0.0315100 secs]
[GC 1909667K->1651593K(2944256K), 0.0288100 secs]
[GC 1907785K->1651950K(2944256K), 0.0271790 secs]
[GC 1908142K->1651743K(2944256K), 0.0259490 secs]
[GC 1907935K->1651144K(2944256K), 0.0225200 secs]
[GC 1907336K->1649771K(2944256K), 0.0188830 secs]
[GC 1905963K->1649901K(2944256K), 0.0207540 secs]
[GC 1906093K->1649929K(2944256K), 0.0199460 secs]
[GC 1906121K->1650404K(2944256K), 0.0187790 secs]
[GC 1906596K->1649864K(2944256K), 0.0181400 secs]
[GC 1906056K->1649744K(2944256K), 0.0211020 secs]
[GC 1905936K->1649398K(2944256K), 0.0175810 secs]
[GC 1905590K->1649312K(2944256K), 0.0184180 secs]
[GC 1905504K->1649291K(2944256K), 0.0168940 secs]
[GC 1905483K->1649291K(2944256K), 0.0147650 secs]
[GC 1905483K->1649291K(2944256K), 0.0144610 secs]
[GC 1905483K->1649291K(2944256K), 0.0154760 secs]
[GC 1905483K->1649291K(2944256K), 0.0142700 secs]
[GC 1905483K->1649291K(2944256K), 0.0147780 secs]
[GC 1905483K->1649291K(2944256K), 0.0156850 secs]
[GC 1905483K->1649291K(2944256K), 0.0170930 secs]
[GC 1905483K->1649291K(2944256K), 0.0163860 secs]
[GC 1905483K->1649291K(2944256K), 0.0143440 secs]
[GC 1905483K->1649291K(2944256K), 0.0131390 secs]
[GC 1905483K->1649291K(2944256K), 0.0144990 secs]
[GC 1905483K->1649291K(2944256K), 0.0181940 secs]
[GC 1905483K->1649291K(2944256K), 0.0175360 secs]
[GC 1905483K->1649291K(2944256K), 0.0141780 secs]
[GC 1905483K->1649291K(2944256K), 0.0131830 secs]
[GC 1905483K->1649291K(2944256K), 0.0181090 secs]
[GC 1905483K->1649291K(2944256K), 0.0174790 secs]
[GC 1905483K->1649291K(2944256K), 0.0142070 secs]
[GC 1905483K->1649291K(2944256K), 0.0134120 secs]
[GC 1905483K->1649291K(2944256K), 0.0136910 secs]
[GC 1905483K->1649291K(2944256K), 0.0139900 secs]
[GC 1905483K->1649291K(2944256K), 0.0134360 secs]
[GC 1905483K->1649291K(2944256K), 0.0146420 secs]
[GC 1905483K->1649291K(2944256K), 0.0176740 secs]
[GC 1905483K->1649291K(2944256K), 0.0157620 secs]
[GC 1905483K->1649291K(2944256K), 0.0167010 secs]
[GC 1905483K->1649291K(2944256K), 0.0135540 secs]
[GC 1905483K->1649291K(2944256K), 0.0177930 secs]
[GC 1905483K->1649291K(2944256K), 0.0170380 secs]
[GC 1905483K->1649291K(2944256K), 0.0144500 secs]
[GC 1905483K->1649291K(2944256K), 0.0184940 secs]
[GC 1905483K->1649291K(2944256K), 0.0167840 secs]
[GC 1905483K->1649291K(2944256K), 0.0137840 secs]
[GC 1905483K->1649291K(2944256K), 0.0179060 secs]
[GC 1905483K->1649291K(2944256K), 0.0164170 secs]
[GC 1905483K->1649291K(2944256K), 0.0135510 secs]
[GC 1905483K->1649291K(2944256K), 0.0169830 secs]
[GC 1905483K->1649291K(2944256K), 0.0338870 secs]
[GC 1905483K->1649291K(2944256K), 0.0175220 secs]
[GC 1905483K->1649292K(2944256K), 0.0170410 secs]
[GC 1905484K->1649292K(2944256K), 0.0169320 secs]
[GC 1905484K->1649292K(2944256K), 0.0158190 secs]
[GC 1905484K->1649292K(2944256K), 0.0132430 secs]
[GC 1905484K->1649292K(2944256K), 0.0174810 secs]
[GC 1905484K->1649292K(2944256K), 0.0177630 secs]
[GC 1905484K->1649292K(2944256K), 0.0153330 secs]
[GC 1905484K->1649292K(2944256K), 0.0142140 secs]
[GC 1905484K->1649292K(2944256K), 0.0129940 secs]
[GC 1905484K->1649292K(2944256K), 0.0129390 secs]
[GC 1905484K->1649292K(2944256K), 0.0171200 secs]
[GC 1905484K->1649292K(2944256K), 0.0163310 secs]
[GC 1905484K->1649292K(2944256K), 0.0171160 secs]
[GC 1905484K->1649292K(2944256K), 0.0162280 secs]
[GC 1905484K->1649292K(2944256K), 0.0149310 secs]
[GC 1905484K->1649292K(2944256K), 0.0141130 secs]
[GC 1905484K->1649292K(2944256K), 0.0172950 secs]
[GC 1905484K->1649292K(2944256K), 0.0163560 secs]
[GC 1905484K->1649292K(2944256K), 0.0163630 secs]
[GC 1905484K->1649292K(2944256K), 0.0157640 secs]
[GC 1905484K->1649292K(2944256K), 0.0137950 secs]
[GC 1905484K->1649292K(2944256K), 0.0142560 secs]
[GC 1905484K->1649292K(2944256K), 0.0134860 secs]
[GC 1905484K->1649292K(2944256K), 0.0131600 secs]
[GC 1905484K->1649292K(2944256K), 0.0137510 secs]
[GC 1905484K->1649292K(2944256K), 0.0137720 secs]
[GC 1905484K->1649292K(2944256K), 0.0132590 secs]
[GC 1905484K->1649292K(2944256K), 0.0169060 secs]
[GC 1905484K->1649292K(2944256K), 0.0171270 secs]
[GC 1905484K->1649292K(2944256K), 0.0165270 secs]
[GC 1905484K->1649292K(2944256K), 0.0163620 secs]
[GC 1905484K->1649292K(2944256K), 0.0146930 secs]
[GC 1905484K->1649292K(2944256K), 0.0136340 secs]
[GC 1905484K->1649292K(2944256K), 0.0135350 secs]
[GC 1905484K->1649292K(2944256K), 0.0143340 secs]
[GC 1905484K->1649292K(2944256K), 0.0173470 secs]
[GC 1905484K->1649292K(2944256K), 0.0213160 secs]
[GC 1905484K->1649292K(2944256K), 0.0177560 secs]
[GC 1905484K->1649292K(2944256K), 0.0163290 secs]
[GC 1905484K->1649292K(2944256K), 0.0155090 secs]
[GC 1905484K->1649292K(2944256K), 0.0146070 secs]
[GC 1905484K->1649292K(2944256K), 0.0182060 secs]
[GC 1905484K->1649292K(2944256K), 0.0159970 secs]
[GC 1905484K->1649292K(2944256K), 0.0160120 secs]
[GC 1905484K->1649292K(2944256K), 0.0145370 secs]
[GC 1905484K->1649292K(2944256K), 0.0138480 secs]
[GC 1905484K->1649292K(2944256K), 0.0171890 secs]
[GC 1905484K->1649292K(2944256K), 0.0170150 secs]
[GC 1905484K->1649292K(2944256K), 0.0167140 secs]
[GC 1905484K->1649292K(2944256K), 0.0156190 secs]
[GC 1905484K->1649292K(2944256K), 0.0141970 secs]
[GC 1905484K->1649292K(2944256K), 0.0135640 secs]
[GC 1905484K->1649292K(2944256K), 0.0141530 secs]
[GC 1905484K->1649292K(2944256K), 0.0128360 secs]
[GC 1905484K->1649292K(2944256K), 0.0137530 secs]
[GC 1905484K->1649292K(2944256K), 0.0171810 secs]
[GC 1905484K->1649292K(2944256K), 0.0167290 secs]
[GC 1905484K->1649292K(2944256K), 0.0163240 secs]
[GC 1905484K->1649292K(2944256K), 0.0402620 secs]
[GC 1905484K->1649292K(2944256K), 0.0139970 secs]
[GC 1905484K->1649292K(2944256K), 0.0136610 secs]
[GC 1905484K->1649292K(2944256K), 0.0174670 secs]
[GC 1905484K->1649292K(2944256K), 0.0165230 secs]
[GC 1905484K->1649292K(2944256K), 0.0199950 secs]
[GC 1905484K->1649292K(2944256K), 0.0127780 secs]
[GC 1905484K->1649292K(2944256K), 0.0187740 secs]
[GC 1905484K->1649292K(2944256K), 0.0165780 secs]
[GC 1905484K->1649292K(2944256K), 0.0168180 secs]
[GC 1905484K->1649292K(2944256K), 0.0165720 secs]
[GC 1905484K->1649292K(2944256K), 0.0163170 secs]
[GC 1905484K->1649292K(2944256K), 0.0152440 secs]
[GC 1905484K->1649292K(2944256K), 0.0156500 secs]
[GC 1905484K->1649292K(2944256K), 0.0145450 secs]
[GC 1905484K->1649292K(2944256K), 0.0188580 secs]
[GC 1905484K->1649292K(2944256K), 0.0174650 secs]
[GC 1905484K->1649292K(2944256K), 0.0153480 secs]
[GC 1905484K->1649292K(2944256K), 0.0160420 secs]
[GC 1905484K->1649292K(2944256K), 0.0164690 secs]
[GC 1905484K->1649292K(2944256K), 0.0144060 secs]
[GC 1905484K->1649292K(2944256K), 0.0179870 secs]
[GC 1905484K->1649292K(2944256K), 0.0161030 secs]
[GC 1905484K->1649292K(2944256K), 0.0163350 secs]
[GC 1905484K->1649292K(2944256K), 0.0163600 secs]
[GC 1905484K->1649292K(2944256K), 0.0166110 secs]
[GC 1905484K->1649292K(2944256K), 0.0153400 secs]
[GC 1905484K->1649292K(2944256K), 0.0143920 secs]
[GC 1905484K->1649292K(2944256K), 0.0131910 secs]
[GC 1905484K->1649293K(2944256K), 0.0129580 secs]
[GC 1905485K->1649293K(2944256K), 0.0407440 secs]
[GC 1905485K->1649293K(2944256K), 0.0166900 secs]
[GC 1905485K->1649293K(2944256K), 0.0139200 secs]
[GC 1905485K->1649293K(2944256K), 0.0137830 secs]
[GC 1905485K->1649293K(2944256K), 0.0131620 secs]
[GC 1905485K->1649293K(2944256K), 0.0135990 secs]
[GC 1905485K->1649293K(2944256K), 0.0146910 secs]
[GC 1905485K->1649293K(2944256K), 0.0146160 secs]
[GC 1905485K->1649293K(2944256K), 0.0146410 secs]
[GC 1905485K->1649293K(2944256K), 0.0155890 secs]
[GC 1905485K->1649293K(2944256K), 0.0144960 secs]
[GC 1905485K->1649293K(2944256K), 0.0140120 secs]
[GC 1905485K->1649293K(2944256K), 0.0149010 secs]
[GC 1905485K->1649293K(2944256K), 0.0153890 secs]
[GC 1905485K->1649293K(2944256K), 0.0139760 secs]
[GC 1905485K->1649293K(2944256K), 0.0148080 secs]
[GC 1905485K->1649293K(2944256K), 0.0139210 secs]
[GC 1905485K->1649293K(2944256K), 0.0140130 secs]
[GC 1905485K->1649293K(2944256K), 0.0134230 secs]
[GC 1905485K->1649293K(2944256K), 0.0131950 secs]
[GC 1905485K->1649293K(2944256K), 0.0179070 secs]
[GC 1905485K->1649293K(2944256K), 0.0142030 secs]
[GC 1905485K->1649293K(2944256K), 0.0146480 secs]
[GC 1905485K->1649293K(2944256K), 0.0136140 secs]
[GC 1905485K->1649293K(2944256K), 0.0175570 secs]
[GC 1905485K->1649293K(2944256K), 0.0164810 secs]
[GC 1905485K->1649293K(2944256K), 0.0158220 secs]
[GC 1905485K->1649293K(2944256K), 0.0153450 secs]
[GC 1905485K->1649293K(2944256K), 0.0134760 secs]
[GC 1905485K->1649293K(2944256K), 0.0142620 secs]
[GC 1905485K->1649293K(2944256K), 0.0182250 secs]
[GC 1905485K->1649293K(2944256K), 0.0159580 secs]
[GC 1905485K->1649293K(2944256K), 0.0159140 secs]
[GC 1905485K->1649293K(2944256K), 0.0139950 secs]
[GC 1905485K->1649293K(2944256K), 0.0168390 secs]
[GC 1905485K->1649293K(2944256K), 0.0171390 secs]
[GC 1905485K->1649293K(2944256K), 0.0155150 secs]
[GC 1905485K->1649293K(2944256K), 0.0144890 secs]
[GC 1905485K->1649293K(2944256K), 0.0174250 secs]
[GC 1905485K->1649293K(2944256K), 0.0172480 secs]
[GC 1905485K->1649294K(2944256K), 0.0162580 secs]
[GC 1905486K->1649294K(2944256K), 0.0133740 secs]
[GC 1905486K->1649294K(2944256K), 0.0137990 secs]
[GC 1905486K->1649294K(2944256K), 0.0173060 secs]
[GC 1905486K->1649294K(2944256K), 0.0164870 secs]
[GC 1905486K->1649294K(2944256K), 0.0137560 secs]
[GC 1905486K->1649294K(2944256K), 0.0142620 secs]
[GC 1905486K->1649294K(2944256K), 0.0137310 secs]
[GC 1905486K->1649294K(2944256K), 0.0179400 secs]
[GC 1905486K->1649294K(2944256K), 0.0158420 secs]
[GC 1905486K->1649294K(2944256K), 0.0152550 secs]
[GC 1905486K->1649294K(2944256K), 0.0141320 secs]
[GC 1905486K->1649294K(2944256K), 0.0170080 secs]
[GC 1905486K->1649294K(2944256K), 0.0176990 secs]
[GC 1905486K->1649294K(2944256K), 0.0154580 secs]
[GC 1905486K->1649294K(2944256K), 0.0142760 secs]
[GC 1905486K->1649294K(2944256K), 0.0135420 secs]
[GC 1905486K->1649294K(2944256K), 0.0130350 secs]
[GC 1905486K->1649294K(2944256K), 0.0179930 secs]
[GC 1905486K->1649294K(2944256K), 0.0165020 secs]
[GC 1905486K->1649294K(2944256K), 0.0163230 secs]
[GC 1905486K->1649294K(2944256K), 0.0157530 secs]
[GC 1905486K->1649294K(2944256K), 0.0140680 secs]
[GC 1905486K->1649294K(2944256K), 0.0181320 secs]
[GC 1905486K->1649294K(2944256K), 0.0163970 secs]
[GC 1905486K->1649294K(2944256K), 0.0177600 secs]
[GC 1905486K->1649294K(2944256K), 0.0158570 secs]
[GC 1905486K->1649294K(2944256K), 0.0162230 secs]
[GC 1905486K->1649294K(2944256K), 0.0164820 secs]
[GC 1905486K->1649294K(2944256K), 0.0146120 secs]
[GC 1905486K->1649294K(2944256K), 0.0137840 secs]
[GC 1905486K->1649294K(2944256K), 0.0132450 secs]
[GC 1905486K->1649294K(2944256K), 0.0132630 secs]
[GC 1905486K->1649294K(2944256K), 0.0128630 secs]
[GC 1905486K->1649294K(2944256K), 0.0139130 secs]
[GC 1905486K->1649294K(2944256K), 0.0129220 secs]
[GC 1905486K->1649294K(2944256K), 0.0144210 secs]
[GC 1905486K->1649294K(2944256K), 0.0178850 secs]
[GC 1905486K->1649294K(2944256K), 0.0176700 secs]
[GC 1905486K->1649294K(2944256K), 0.0161960 secs]
[GC 1905486K->1649294K(2944256K), 0.0158970 secs]
[GC 1905486K->1649294K(2944256K), 0.0152510 secs]
[GC 1905486K->1649294K(2944256K), 0.0134750 secs]
[GC 1905486K->1649294K(2944256K), 0.0132410 secs]
[GC 1905486K->1649294K(2944256K), 0.0141610 secs]
[GC 1905486K->1649294K(2944256K), 0.0177090 secs]
[GC 1905486K->1649294K(2944256K), 0.0170010 secs]
[GC 1905486K->1649295K(2944256K), 0.0167710 secs]
[GC 1905487K->1649295K(2944256K), 0.0161590 secs]
[GC 1905487K->1649295K(2944256K), 0.0151870 secs]
[GC 1905487K->1649295K(2944256K), 0.0147980 secs]
[GC 1905487K->1649295K(2944256K), 0.0176440 secs]
[GC 1905487K->1649293K(2944256K), 0.0165120 secs]
[GC 1905485K->1649295K(2944256K), 0.0162660 secs]
[GC 1905487K->1649295K(2944256K), 0.0147680 secs]
[GC 1905487K->1649295K(2944256K), 0.0146760 secs]
[GC 1905487K->1649295K(2944256K), 0.0177360 secs]
[GC 1905487K->1649295K(2944256K), 0.0163550 secs]
[GC 1905487K->1649295K(2944256K), 0.0169410 secs]
[GC 1905487K->1649295K(2944256K), 0.0150470 secs]
[GC 1905487K->1649295K(2944256K), 0.0140260 secs]
[GC 1905487K->1649295K(2944256K), 0.0177500 secs]
[GC 1905487K->1649295K(2944256K), 0.0163290 secs]
[GC 1905487K->1649295K(2944256K), 0.0159800 secs]
[GC 1905487K->1649295K(2944256K), 0.0143150 secs]
[GC 1905487K->1649295K(2944256K), 0.0180680 secs]
[GC 1905487K->1649295K(2944256K), 0.0168490 secs]
[GC 1905487K->1649295K(2944256K), 0.0164170 secs]
[GC 1905487K->1649295K(2944256K), 0.0140460 secs]
[GC 1905487K->1649295K(2944256K), 0.0127770 secs]
[GC 1905487K->1649295K(2944256K), 0.0137030 secs]
[GC 1905487K->1649295K(2944256K), 0.0127830 secs]
[GC 1905487K->1649295K(2944256K), 0.0132630 secs]
[GC 1905487K->1649295K(2944256K), 0.0138580 secs]
[GC 1905487K->1649295K(2944256K), 0.0143280 secs]
[GC 1905487K->1649296K(2944256K), 0.0177660 secs]
[GC 1905488K->1649296K(2944256K), 0.0159230 secs]
[GC 1905488K->1649296K(2944256K), 0.0172140 secs]
[GC 1905488K->1649296K(2944256K), 0.0138470 secs]
[GC 1905488K->1649296K(2944256K), 0.0173650 secs]
[GC 1905488K->1649296K(2944256K), 0.0161610 secs]
[GC 1905488K->1649296K(2944256K), 0.0176660 secs]
[GC 1905488K->1649296K(2944256K), 0.0135420 secs]
[GC 1905488K->1649296K(2944256K), 0.0133100 secs]
[GC 1905488K->1649296K(2944256K), 0.0175080 secs]
[GC 1905488K->1649296K(2944256K), 0.0168490 secs]
[GC 1905488K->1649296K(2944256K), 0.0165270 secs]
[GC 1905488K->1649296K(2944256K), 0.0152570 secs]
[GC 1905488K->1649296K(2944256K), 0.0145270 secs]
[GC 1905488K->1649296K(2944256K), 0.0172260 secs]
[GC 1905488K->1649296K(2944256K), 0.0164280 secs]
[GC 1905488K->1649296K(2944256K), 0.0164100 secs]
[GC 1905488K->1649296K(2944256K), 0.0138100 secs]
[GC 1905488K->1649296K(2944256K), 0.0129790 secs]
[GC 1905488K->1649296K(2944256K), 0.0184380 secs]
[GC 1905488K->1649296K(2944256K), 0.0166750 secs]
[GC 1905488K->1649296K(2944256K), 0.0165550 secs]
[GC 1905488K->1649296K(2944256K), 0.0142280 secs]
[GC 1905488K->1649296K(2944256K), 0.0147980 secs]
[GC 1905488K->1649296K(2944256K), 0.0175050 secs]
[GC 1905488K->1649296K(2944256K), 0.0216000 secs]
[GC 1905488K->1649296K(2944256K), 0.0171550 secs]
[GC 1905488K->1649296K(2944256K), 0.0166440 secs]
[GC 1905488K->1649296K(2944256K), 0.0172890 secs]
[GC 1905488K->1649296K(2944256K), 0.0160890 secs]
[GC 1905488K->1649296K(2944256K), 0.0162240 secs]
[GC 1905488K->1649296K(2944256K), 0.0153140 secs]
[GC 1905488K->1649296K(2944256K), 0.0138560 secs]
[GC 1905488K->1649296K(2944256K), 0.0131830 secs]
[GC 1905488K->1649296K(2944256K), 0.0175850 secs]
[GC 1905488K->1649296K(2944256K), 0.0155890 secs]
[GC 1905488K->1649296K(2944256K), 0.0166470 secs]
[GC 1905488K->1649296K(2944256K), 0.0141950 secs]
[GC 1905488K->1649296K(2944256K), 0.0131730 secs]
[GC 1905488K->1649296K(2944256K), 0.0132860 secs]
[GC 1905488K->1649296K(2944256K), 0.0182800 secs]
[GC 1905488K->1649296K(2944256K), 0.0161250 secs]
[GC 1905488K->1649296K(2944256K), 0.0136380 secs]
[GC 1905488K->1649296K(2944256K), 0.0128550 secs]
[GC 1905488K->1649296K(2944256K), 0.0172870 secs]
[GC 1905488K->1649296K(2944256K), 0.0164110 secs]
[GC 1905488K->1649296K(2944256K), 0.0219950 secs]
[GC 1905488K->1649296K(2944256K), 0.0132840 secs]
[GC 1905488K->1649296K(2944256K), 0.0178430 secs]
[GC 1905488K->1649296K(2944256K), 0.0159370 secs]
[GC 1905488K->1649296K(2944256K), 0.0155560 secs]
[GC 1905488K->1649296K(2944256K), 0.0150840 secs]
[GC 1905488K->1649296K(2944256K), 0.0135250 secs]
[GC 1905488K->1649296K(2944256K), 0.0132170 secs]
[GC 1905488K->1649296K(2944256K), 0.0174630 secs]
[GC 1905488K->1649296K(2944256K), 0.0170520 secs]
[GC 1905488K->1649296K(2944256K), 0.0162420 secs]
[GC 1905488K->1649296K(2944256K), 0.0162460 secs]
[GC 1905488K->1649296K(2944256K), 0.0149920 secs]
[GC 1905488K->1649297K(2944256K), 0.0175060 secs]
[GC 1905489K->1649297K(2944256K), 0.0164960 secs]
[GC 1905489K->1649297K(2944256K), 0.0426290 secs]
[GC 1905489K->1649297K(2944256K), 0.0172270 secs]
[GC 1905489K->1649297K(2944256K), 0.0154500 secs]
[GC 1905489K->1649297K(2944256K), 0.0144610 secs]
[GC 1905489K->1649297K(2944256K), 0.0140470 secs]
[GC 1905489K->1649297K(2944256K), 0.0172740 secs]
[GC 1905489K->1649297K(2944256K), 0.0165900 secs]
[GC 1905489K->1649297K(2944256K), 0.0164400 secs]
[GC 1905489K->1649297K(2944256K), 0.0139030 secs]
[GC 1905489K->1649297K(2944256K), 0.0136110 secs]
[GC 1905489K->1649297K(2944256K), 0.0174280 secs]
[GC 1905489K->1649297K(2944256K), 0.0201930 secs]
[GC 1905489K->1649297K(2944256K), 0.0161220 secs]
[GC 1905489K->1649297K(2944256K), 0.0149220 secs]
[GC 1905489K->1649297K(2944256K), 0.0139340 secs]
[GC 1905489K->1649297K(2944256K), 0.0180810 secs]
[GC 1905489K->1649297K(2944256K), 0.0165420 secs]
[GC 1905489K->1649297K(2944256K), 0.0158820 secs]
[GC 1905489K->1649297K(2944256K), 0.0163820 secs]
[GC 1905489K->1649297K(2944256K), 0.0162030 secs]
[GC 1905489K->1649297K(2944256K), 0.0161090 secs]
[GC 1905489K->1649297K(2944256K), 0.0154060 secs]
[GC 1905489K->1649297K(2944256K), 0.0140360 secs]
[GC 1905489K->1649297K(2944256K), 0.0175630 secs]
[GC 1905489K->1649298K(2944256K), 0.0171220 secs]
[GC 1905490K->1649298K(2944256K), 0.0157970 secs]
[GC 1905490K->1649298K(2944256K), 0.0155000 secs]
[GC 1905490K->1649298K(2944256K), 0.0151960 secs]
[GC 1905490K->1649298K(2944256K), 0.0149870 secs]
[GC 1905490K->1649298K(2944256K), 0.0430830 secs]
[GC 1905490K->1649298K(2944256K), 0.0140570 secs]
[GC 1905490K->1649298K(2944256K), 0.0136500 secs]
[GC 1905490K->1649298K(2944256K), 0.0130660 secs]
[GC 1905490K->1649298K(2944256K), 0.0141930 secs]
[GC 1905490K->1649298K(2944256K), 0.0137230 secs]
[GC 1905490K->1649298K(2944256K), 0.0134040 secs]
[GC 1905490K->1649298K(2944256K), 0.0130520 secs]
[GC 1905490K->1649298K(2944256K), 0.0129310 secs]
[GC 1905490K->1649298K(2944256K), 0.0141630 secs]
[GC 1905490K->1649298K(2944256K), 0.0175870 secs]
[GC 1905490K->1649298K(2944256K), 0.0171890 secs]
[GC 1905490K->1649298K(2944256K), 0.0162170 secs]
[GC 1905490K->1649298K(2944256K), 0.0171660 secs]
[GC 1905490K->1649298K(2944256K), 0.0159830 secs]
[GC 1905490K->1649298K(2944256K), 0.0141450 secs]
[GC 1905490K->1649298K(2944256K), 0.0143090 secs]
[GC 1905490K->1649298K(2944256K), 0.0141840 secs]
[GC 1905490K->1649298K(2944256K), 0.0131570 secs]
[GC 1905490K->1649298K(2944256K), 0.0131590 secs]
[GC 1905490K->1649298K(2944256K), 0.0133850 secs]
[GC 1905490K->1649298K(2944256K), 0.0177410 secs]
[GC 1905490K->1649298K(2944256K), 0.0162550 secs]
[GC 1905490K->1649298K(2944256K), 0.0168550 secs]
[GC 1905490K->1649298K(2944256K), 0.0157820 secs]
[GC 1905490K->1649298K(2944256K), 0.0141740 secs]
[GC 1905490K->1649298K(2944256K), 0.0179350 secs]
[GC 1905490K->1649298K(2944256K), 0.0167110 secs]
[GC 1905490K->1649298K(2944256K), 0.0159650 secs]
[GC 1905490K->1649298K(2944256K), 0.0168320 secs]
[GC 1905490K->1649298K(2944256K), 0.0271750 secs]
[GC 1905490K->1649298K(2944256K), 0.0175230 secs]
[GC 1905490K->1649298K(2944256K), 0.0168780 secs]
[GC 1905490K->1649298K(2944256K), 0.0165760 secs]
[GC 1905490K->1649298K(2944256K), 0.0135270 secs]
[GC 1905490K->1649298K(2944256K), 0.0142970 secs]
[GC 1905490K->1649298K(2944256K), 0.0138860 secs]
[GC 1905490K->1649298K(2944256K), 0.0172990 secs]
[GC 1905490K->1649298K(2944256K), 0.0160050 secs]
[GC 1903275K->1649298K(2944256K), 0.0152910 secs]
[GC 1905490K->1649298K(2944256K), 0.0140460 secs]
[GC 1905490K->1649298K(2944256K), 0.0180230 secs]
[GC 1905490K->1649298K(2944256K), 0.0159580 secs]
[GC 1905490K->1649298K(2944256K), 0.0135550 secs]
[GC 1905490K->1649298K(2944256K), 0.0181570 secs]
[GC 1905490K->1649298K(2944256K), 0.0169180 secs]
[GC 1905490K->1649298K(2944256K), 0.0144130 secs]
[GC 1905490K->1649298K(2944256K), 0.0130250 secs]
[GC 1905490K->1649298K(2944256K), 0.0135080 secs]
[GC 1905490K->1649298K(2944256K), 0.0135280 secs]
[GC 1905490K->1649298K(2944256K), 0.0181150 secs]
[GC 1905490K->1649298K(2944256K), 0.0159410 secs]
[GC 1905490K->1649298K(2944256K), 0.0159130 secs]
[GC 1905490K->1649298K(2944256K), 0.0162400 secs]
[GC 1905490K->1649298K(2944256K), 0.0146950 secs]
[GC 1905490K->1649298K(2944256K), 0.0135840 secs]
[GC 1905490K->1649299K(2944256K), 0.0134800 secs]
[GC 1905491K->1649299K(2944256K), 0.0175020 secs]
[GC 1905491K->1649299K(2944256K), 0.0159430 secs]
[GC 1905491K->1649299K(2944256K), 0.0158010 secs]
[GC 1905491K->1649299K(2944256K), 0.0158920 secs]
[GC 1905491K->1649299K(2944256K), 0.0160780 secs]
[GC 1905491K->1649299K(2944256K), 0.0141870 secs]
[GC 1905491K->1649299K(2944256K), 0.0181040 secs]
[GC 1905491K->1649299K(2944256K), 0.0167050 secs]
[GC 1905491K->1649299K(2944256K), 0.0168610 secs]
[GC 1905491K->1649299K(2944256K), 0.0163470 secs]
[GC 1905491K->1649299K(2944256K), 0.0139240 secs]
[GC 1905491K->1649300K(2944256K), 0.0179140 secs]
[GC 1905492K->1649300K(2944256K), 0.0163930 secs]
[GC 1905492K->1649300K(2944256K), 0.0160150 secs]
[GC 1905492K->1649300K(2944256K), 0.0160390 secs]
[GC 1905492K->1649300K(2944256K), 0.0141230 secs]
[GC 1905492K->1649300K(2944256K), 0.0176030 secs]
[GC 1905492K->1649300K(2944256K), 0.0171340 secs]
[GC 1905492K->1649300K(2944256K), 0.0164120 secs]
[GC 1905492K->1649300K(2944256K), 0.0157550 secs]
[GC 1905492K->1649300K(2944256K), 0.0160820 secs]
[GC 1905492K->1649300K(2944256K), 0.0157700 secs]
[GC 1905492K->1649300K(2944256K), 0.0146370 secs]
[GC 1905492K->1649300K(2944256K), 0.0175550 secs]
[GC 1905492K->1649300K(2944256K), 0.0153600 secs]
[GC 1905492K->1649300K(2944256K), 0.0168850 secs]
[GC 1905492K->1649300K(2944256K), 0.0166690 secs]
[GC 1905492K->1649300K(2944256K), 0.0137050 secs]
[GC 1905492K->1649300K(2944256K), 0.0129870 secs]
[GC 1905492K->1649300K(2944256K), 0.0137020 secs]
[GC 1905492K->1649300K(2944256K), 0.0138150 secs]
[GC 1905492K->1649300K(2944256K), 0.0173720 secs]
[GC 1905492K->1649300K(2944256K), 0.0163600 secs]
[GC 1905492K->1649300K(2944256K), 0.0370520 secs]
[GC 1905492K->1649302K(2944256K), 0.0158600 secs]
[GC 1905494K->1649300K(2944256K), 0.0135340 secs]
[GC 1905492K->1649300K(2944256K), 0.0176340 secs]
[GC 1905492K->1649300K(2944256K), 0.0161520 secs]
[GC 1905492K->1649302K(2944256K), 0.0163540 secs]
[GC 1905494K->1649300K(2944256K), 0.0165690 secs]
[GC 1905492K->1649300K(2944256K), 0.0145560 secs]
[GC 1905492K->1649302K(2944256K), 0.0135900 secs]
[GC 1905494K->1649302K(2944256K), 0.0175030 secs]
[GC 1905494K->1649300K(2944256K), 0.0159190 secs]
[GC 1905492K->1649300K(2944256K), 0.0155350 secs]
[GC 1905492K->1649300K(2944256K), 0.0162430 secs]
[GC 1905492K->1649300K(2944256K), 0.0164460 secs]
[GC 1905492K->1649302K(2944256K), 0.0144050 secs]
[GC 1905494K->1649300K(2944256K), 0.0132570 secs]
[GC 1905492K->1649302K(2944256K), 0.0138680 secs]
[GC 1905494K->1649302K(2944256K), 0.0131700 secs]
[GC 1905494K->1649302K(2944256K), 0.0131450 secs]
[GC 1905494K->1649302K(2944256K), 0.0182060 secs]
[GC 1905494K->1649302K(2944256K), 0.0172430 secs]
[GC 1905494K->1649302K(2944256K), 0.0160120 secs]
[GC 1905494K->1649302K(2944256K), 0.0145310 secs]
[GC 1905494K->1649302K(2944256K), 0.0133040 secs]
[GC 1905494K->1649302K(2944256K), 0.0135160 secs]
[GC 1905494K->1649302K(2944256K), 0.0136580 secs]
[GC 1905494K->1649302K(2944256K), 0.0179820 secs]
[GC 1905494K->1649302K(2944256K), 0.0164640 secs]
[GC 1905494K->1649302K(2944256K), 0.0135860 secs]
[GC 1905494K->1649302K(2944256K), 0.0137120 secs]
[GC 1905494K->1649302K(2944256K), 0.0367820 secs]
[GC 1905494K->1649302K(2944256K), 0.0173520 secs]
[GC 1905494K->1649302K(2944256K), 0.0139140 secs]
[GC 1905494K->1649302K(2944256K), 0.0138220 secs]
[GC 1905494K->1649302K(2944256K), 0.0176900 secs]
[GC 1905494K->1649302K(2944256K), 0.0171730 secs]
[GC 1905494K->1649302K(2944256K), 0.0163240 secs]
[GC 1905494K->1649302K(2944256K), 0.0159620 secs]
[GC 1905494K->1649302K(2944256K), 0.0160890 secs]
[GC 1905494K->1649302K(2944256K), 0.0162490 secs]
[GC 1905494K->1649302K(2944256K), 0.0169700 secs]
[GC 1905494K->1649302K(2944256K), 0.0146680 secs]
[GC 1905494K->1649302K(2944256K), 0.0132730 secs]
[GC 1905494K->1649302K(2944256K), 0.0133540 secs]
[GC 1905494K->1649302K(2944256K), 0.0139120 secs]
[GC 1905494K->1649302K(2944256K), 0.0135130 secs]
[GC 1905494K->1649302K(2944256K), 0.0139190 secs]
[GC 1905494K->1649302K(2944256K), 0.0175910 secs]
[GC 1905494K->1649302K(2944256K), 0.0170570 secs]
[GC 1905494K->1649302K(2944256K), 0.0140870 secs]
[GC 1905494K->1649302K(2944256K), 0.0132830 secs]
[GC 1905494K->1649302K(2944256K), 0.0139950 secs]
[GC 1905494K->1649302K(2944256K), 0.0134490 secs]
[GC 1905494K->1649302K(2944256K), 0.0133840 secs]
[GC 1905494K->1649302K(2944256K), 0.0134080 secs]
[GC 1905494K->1649302K(2944256K), 0.0135940 secs]
[GC 1905494K->1649302K(2944256K), 0.0134970 secs]
[GC 1905494K->1649302K(2944256K), 0.0175560 secs]
[GC 1905494K->1649302K(2944256K), 0.0168210 secs]
[GC 1905494K->1649302K(2944256K), 0.0166450 secs]
[GC 1905494K->1649302K(2944256K), 0.0140640 secs]
[GC 1905494K->1649302K(2944256K), 0.0130620 secs]
[GC 1905494K->1649302K(2944256K), 0.0139940 secs]
[GC 1905494K->1649302K(2944256K), 0.0169480 secs]
[GC 1905494K->1649302K(2944256K), 0.0153070 secs]
[GC 1905494K->1649302K(2944256K), 0.0154430 secs]
[GC 1905494K->1649302K(2944256K), 0.0155630 secs]
[GC 1905494K->1649302K(2944256K), 0.0139810 secs]
[GC 1905494K->1649302K(2944256K), 0.0133930 secs]
[GC 1905494K->1649302K(2944256K), 0.0132110 secs]
[GC 1905494K->1649302K(2944256K), 0.0179370 secs]
[GC 1905494K->1649302K(2944256K), 0.0169410 secs]
[GC 1905494K->1649302K(2944256K), 0.0142680 secs]
[GC 1905494K->1649302K(2944256K), 0.0135640 secs]
[GC 1905494K->1649302K(2944256K), 0.0136630 secs]
[GC 1905494K->1649302K(2944256K), 0.0177190 secs]
[GC 1905494K->1649302K(2944256K), 0.0166850 secs]
[GC 1905494K->1649302K(2944256K), 0.0165010 secs]
[GC 1905494K->1649302K(2944256K), 0.0137930 secs]
[GC 1905494K->1649302K(2944256K), 0.0129920 secs]
[GC 1905494K->1649302K(2944256K), 0.0136270 secs]
[GC 1905494K->1649302K(2944256K), 0.0173620 secs]
[GC 1905494K->1649303K(2944256K), 0.0162630 secs]
[GC 1905495K->1649303K(2944256K), 0.0138900 secs]
[GC 1905495K->1649303K(2944256K), 0.0174160 secs]
[GC 1905495K->1649303K(2944256K), 0.0162080 secs]
[GC 1905495K->1649301K(2944256K), 0.0135240 secs]
[GC 1905493K->1649303K(2944256K), 0.0145940 secs]
[GC 1905495K->1649303K(2944256K), 0.0133090 secs]
[GC 1905495K->1649303K(2944256K), 0.0177860 secs]
[GC 1905495K->1649303K(2944256K), 0.0154860 secs]
[GC 1905495K->1649303K(2944256K), 0.0137430 secs]
[GC 1905495K->1649303K(2944256K), 0.0135330 secs]
[GC 1905495K->1649303K(2944256K), 0.0175050 secs]
[GC 1905495K->1649303K(2944256K), 0.0164290 secs]
[GC 1905495K->1649303K(2944256K), 0.0159660 secs]
[GC 1905495K->1649303K(2944256K), 0.0159230 secs]
[GC 1905495K->1649303K(2944256K), 0.0135800 secs]
[GC 1905495K->1649303K(2944256K), 0.0133860 secs]
[GC 1905495K->1649303K(2944256K), 0.0174810 secs]
[GC 1905495K->1649303K(2944256K), 0.0175620 secs]
[GC 1905495K->1649303K(2944256K), 0.0134130 secs]
[GC 1905495K->1649303K(2944256K), 0.0134110 secs]
[GC 1905495K->1649303K(2944256K), 0.0129710 secs]
[GC 1905495K->1649303K(2944256K), 0.0142290 secs]
[GC 1905495K->1649303K(2944256K), 0.0172460 secs]
[GC 1905495K->1649303K(2944256K), 0.0163110 secs]
[GC 1905495K->1649303K(2944256K), 0.0151030 secs]
[GC 1905495K->1649303K(2944256K), 0.0173790 secs]
[GC 1905495K->1649303K(2944256K), 0.0169220 secs]
[GC 1905495K->1649303K(2944256K), 0.0161350 secs]
[GC 1905495K->1649303K(2944256K), 0.0142290 secs]
[GC 1905495K->1649303K(2944256K), 0.0149110 secs]
[GC 1905495K->1649303K(2944256K), 0.0137840 secs]
[GC 1905495K->1649303K(2944256K), 0.0175210 secs]
[GC 1905495K->1649303K(2944256K), 0.0173630 secs]
[GC 1905495K->1649303K(2944256K), 0.0170500 secs]
[GC 1905495K->1649303K(2944256K), 0.0135540 secs]
[GC 1905495K->1649303K(2944256K), 0.0133360 secs]
[GC 1905495K->1649303K(2944256K), 0.0357740 secs]
[GC 1905495K->1649303K(2944256K), 0.0173670 secs]
[GC 1905495K->1649303K(2944256K), 0.0171440 secs]
[GC 1905495K->1649303K(2944256K), 0.0141840 secs]
[GC 1905495K->1649303K(2944256K), 0.0134680 secs]
[GC 1905495K->1649303K(2944256K), 0.0181220 secs]
[GC 1905495K->1649303K(2944256K), 0.0160390 secs]
[GC 1905495K->1649303K(2944256K), 0.0164340 secs]
[GC 1905495K->1649303K(2944256K), 0.0141920 secs]
[GC 1905495K->1649303K(2944256K), 0.0135780 secs]
[GC 1905495K->1649303K(2944256K), 0.0131050 secs]
[GC 1905495K->1649303K(2944256K), 0.0137420 secs]
[GC 1905495K->1649303K(2944256K), 0.0188540 secs]
[GC 1905495K->1649303K(2944256K), 0.0161640 secs]
[GC 1905495K->1649303K(2944256K), 0.0137730 secs]
[GC 1905495K->1649303K(2944256K), 0.0140460 secs]
[GC 1905495K->1649303K(2944256K), 0.0180740 secs]
[GC 1905495K->1649303K(2944256K), 0.0161310 secs]
[GC 1905495K->1649303K(2944256K), 0.0154600 secs]
[GC 1905495K->1649303K(2944256K), 0.0139720 secs]
[GC 1905495K->1649303K(2944256K), 0.0174920 secs]
[GC 1905495K->1649304K(2944256K), 0.0164120 secs]
[GC 1905496K->1649304K(2944256K), 0.0148030 secs]
[GC 1905496K->1649304K(2944256K), 0.0139510 secs]
[GC 1905496K->1649304K(2944256K), 0.0130370 secs]
[GC 1905496K->1649304K(2944256K), 0.0133120 secs]
[GC 1905496K->1649304K(2944256K), 0.0132280 secs]
[GC 1905496K->1649304K(2944256K), 0.0142170 secs]
[GC 1905496K->1649304K(2944256K), 0.0175510 secs]
[GC 1905496K->1649304K(2944256K), 0.0162610 secs]
[GC 1905496K->1649304K(2944256K), 0.0156480 secs]
[GC 1905496K->1649304K(2944256K), 0.0138590 secs]
[GC 1905496K->1649304K(2944256K), 0.0130180 secs]
[GC 1905496K->1649304K(2944256K), 0.0136280 secs]
[GC 1905496K->1649304K(2944256K), 0.0177490 secs]
[GC 1905496K->1649304K(2944256K), 0.0162290 secs]
[GC 1905496K->1649304K(2944256K), 0.0151940 secs]
[GC 1905496K->1649304K(2944256K), 0.0162350 secs]
[GC 1905496K->1649304K(2944256K), 0.0139800 secs]
[GC 1905496K->1649304K(2944256K), 0.0138830 secs]
[GC 1905496K->1649304K(2944256K), 0.0177550 secs]
[GC 1905496K->1649304K(2944256K), 0.0169700 secs]
[GC 1905496K->1649304K(2944256K), 0.0165200 secs]
[GC 1905496K->1649304K(2944256K), 0.0160680 secs]
[GC 1905496K->1649304K(2944256K), 0.0162540 secs]
[GC 1905496K->1649304K(2944256K), 0.0141590 secs]
[GC 1905496K->1649304K(2944256K), 0.0132410 secs]
[GC 1905496K->1649304K(2944256K), 0.0134800 secs]
[GC 1905496K->1649304K(2944256K), 0.0135340 secs]
[GC 1905496K->1649304K(2944256K), 0.0133660 secs]
[GC 1905496K->1649304K(2944256K), 0.0177110 secs]
[GC 1905496K->1649304K(2944256K), 0.0176170 secs]
[GC 1905496K->1649304K(2944256K), 0.0162860 secs]
[GC 1905496K->1649304K(2944256K), 0.0140800 secs]
[GC 1905496K->1649304K(2944256K), 0.0176640 secs]
[GC 1905496K->1649304K(2944256K), 0.0166910 secs]
[GC 1905496K->1649304K(2944256K), 0.0161080 secs]
[GC 1905496K->1649304K(2944256K), 0.0167030 secs]
[GC 1905496K->1649305K(2944256K), 0.0153740 secs]
[GC 1905497K->1649305K(2944256K), 0.0366460 secs]
[GC 1905497K->1649305K(2944256K), 0.0137020 secs]
[GC 1905497K->1649305K(2944256K), 0.0130440 secs]
[GC 1905497K->1649305K(2944256K), 0.0135760 secs]
[GC 1905497K->1649305K(2944256K), 0.0177160 secs]
[GC 1905497K->1649305K(2944256K), 0.0165900 secs]
[GC 1905497K->1649305K(2944256K), 0.0161240 secs]
[GC 1905497K->1649305K(2944256K), 0.0166480 secs]
[GC 1903907K->1649305K(2944256K), 0.0171080 secs]
[GC 1905497K->1649305K(2944256K), 0.0165530 secs]
[GC 1905497K->1649305K(2944256K), 0.0167920 secs]
[GC 1905497K->1649305K(2944256K), 0.0150040 secs]
[GC 1905497K->1649305K(2944256K), 0.0135330 secs]
[GC 1905497K->1649305K(2944256K), 0.0134530 secs]
[GC 1905497K->1649305K(2944256K), 0.0174050 secs]
[GC 1905497K->1649305K(2944256K), 0.0169230 secs]
[GC 1905497K->1649305K(2944256K), 0.0164620 secs]
[GC 1905497K->1649305K(2944256K), 0.0138900 secs]
[GC 1905497K->1649305K(2944256K), 0.0133690 secs]
[GC 1905497K->1649305K(2944256K), 0.0175810 secs]
[GC 1905497K->1649305K(2944256K), 0.0165940 secs]
[GC 1905497K->1649305K(2944256K), 0.0160960 secs]
[GC 1905497K->1649305K(2944256K), 0.0158740 secs]
[GC 1905497K->1649305K(2944256K), 0.0129980 secs]
[GC 1905497K->1649305K(2944256K), 0.0147480 secs]
[GC 1905497K->1649305K(2944256K), 0.0140470 secs]
[GC 1905497K->1649305K(2944256K), 0.0130630 secs]
[GC 1905497K->1649305K(2944256K), 0.0139270 secs]
[GC 1905497K->1649305K(2944256K), 0.0133710 secs]
[GC 1905497K->1649305K(2944256K), 0.0136490 secs]
[GC 1905497K->1649305K(2944256K), 0.0395230 secs]
[GC 1905497K->1649305K(2944256K), 0.0139550 secs]
[GC 1905497K->1649305K(2944256K), 0.0138230 secs]
[GC 1905497K->1649305K(2944256K), 0.0136400 secs]
[GC 1905497K->1649305K(2944256K), 0.0175900 secs]
[GC 1905497K->1649305K(2944256K), 0.0164120 secs]
[GC 1905497K->1649305K(2944256K), 0.0160340 secs]
[GC 1905497K->1649305K(2944256K), 0.0154700 secs]
[GC 1905497K->1649305K(2944256K), 0.0139030 secs]
[GC 1905497K->1649305K(2944256K), 0.0135900 secs]
[GC 1905497K->1649305K(2944256K), 0.0140230 secs]
[GC 1905497K->1649305K(2944256K), 0.0176540 secs]
[GC 1905497K->1649303K(2944256K), 0.0166130 secs]
[GC 1905495K->1649305K(2944256K), 0.0165350 secs]
[GC 1905497K->1649305K(2944256K), 0.0166630 secs]
[GC 1905497K->1649305K(2944256K), 0.0161100 secs]
[GC 1905497K->1649305K(2944256K), 0.0160720 secs]
[GC 1905497K->1649305K(2944256K), 0.0159590 secs]
[GC 1905497K->1649305K(2944256K), 0.0157390 secs]
[GC 1905497K->1649305K(2944256K), 0.0161180 secs]
[GC 1905497K->1649305K(2944256K), 0.0166920 secs]
[GC 1905497K->1649305K(2944256K), 0.0142920 secs]
[GC 1905497K->1649305K(2944256K), 0.0127900 secs]
[GC 1905497K->1649305K(2944256K), 0.0132310 secs]
[GC 1905497K->1649305K(2944256K), 0.0143690 secs]
[GC 1905497K->1649305K(2944256K), 0.0178600 secs]
[GC 1905497K->1649305K(2944256K), 0.0174060 secs]
[GC 1905497K->1649305K(2944256K), 0.0167070 secs]
[GC 1905497K->1649305K(2944256K), 0.0160070 secs]
[GC 1905497K->1649305K(2944256K), 0.0148590 secs]
[GC 1905497K->1649305K(2944256K), 0.0146590 secs]
[GC 1905497K->1649305K(2944256K), 0.0178640 secs]
[GC 1905497K->1649305K(2944256K), 0.0167000 secs]
[GC 1905497K->1649305K(2944256K), 0.0133830 secs]
[GC 1905497K->1649305K(2944256K), 0.0178000 secs]
[GC 1905497K->1649305K(2944256K), 0.0170410 secs]
[GC 1905497K->1649305K(2944256K), 0.0144610 secs]
[GC 1905497K->1649305K(2944256K), 0.0136110 secs]
[GC 1905497K->1649305K(2944256K), 0.0180110 secs]
[GC 1905497K->1649305K(2944256K), 0.0163750 secs]
[GC 1905497K->1649305K(2944256K), 0.0141540 secs]
[GC 1905497K->1649305K(2944256K), 0.0139610 secs]
[GC 1905497K->1649305K(2944256K), 0.0174220 secs]
[GC 1905497K->1649305K(2944256K), 0.0171800 secs]
[GC 1905497K->1649305K(2944256K), 0.0164080 secs]
[GC 1905497K->1649305K(2944256K), 0.0136840 secs]
[GC 1905497K->1649306K(2944256K), 0.0133810 secs]
[GC 1905498K->1649306K(2944256K), 0.0176190 secs]
[GC 1905498K->1649306K(2944256K), 0.0164550 secs]
[GC 1905498K->1649306K(2944256K), 0.0154750 secs]
[GC 1905498K->1649306K(2944256K), 0.0141820 secs]
[GC 1905498K->1649306K(2944256K), 0.0176880 secs]
[GC 1905498K->1649306K(2944256K), 0.0166780 secs]
[GC 1905498K->1649306K(2944256K), 0.0163430 secs]
[GC 1905498K->1649306K(2944256K), 0.0138520 secs]
[GC 1905498K->1649306K(2944256K), 0.0138830 secs]
[GC 1905498K->1649306K(2944256K), 0.0174780 secs]
[GC 1905498K->1649306K(2944256K), 0.0163290 secs]
[GC 1905498K->1649306K(2944256K), 0.0406680 secs]
[GC 1905498K->1649306K(2944256K), 0.0180490 secs]
[GC 1905498K->1649306K(2944256K), 0.0150830 secs]
[GC 1905498K->1649306K(2944256K), 0.0143920 secs]
[GC 1905498K->1649306K(2944256K), 0.0141640 secs]
[GC 1905498K->1649306K(2944256K), 0.0134800 secs]
[GC 1905498K->1649306K(2944256K), 0.0134460 secs]
[GC 1905498K->1649306K(2944256K), 0.0139270 secs]
[GC 1905498K->1649306K(2944256K), 0.0171180 secs]
[GC 1905498K->1649306K(2944256K), 0.0159470 secs]
[GC 1905498K->1649306K(2944256K), 0.0150250 secs]
[GC 1905498K->1649306K(2944256K), 0.0138180 secs]
[GC 1905498K->1649306K(2944256K), 0.0132490 secs]
[GC 1905498K->1649306K(2944256K), 0.0136620 secs]
[GC 1905498K->1649306K(2944256K), 0.0172030 secs]
[GC 1905498K->1649306K(2944256K), 0.0159240 secs]
[GC 1905498K->1649306K(2944256K), 0.0158470 secs]
[GC 1905498K->1649306K(2944256K), 0.0165220 secs]
[GC 1905498K->1649306K(2944256K), 0.0140750 secs]
[GC 1905498K->1649306K(2944256K), 0.0173270 secs]
[GC 1905498K->1649306K(2944256K), 0.0158530 secs]
[GC 1905498K->1649306K(2944256K), 0.0134400 secs]
[GC 1905498K->1649306K(2944256K), 0.0132290 secs]
[GC 1905498K->1649306K(2944256K), 0.0132940 secs]
[GC 1905498K->1649306K(2944256K), 0.0172640 secs]
[GC 1905498K->1649306K(2944256K), 0.0163670 secs]
[GC 1905498K->1649306K(2944256K), 0.0146500 secs]
[GC 1905498K->1649306K(2944256K), 0.0139690 secs]
[GC 1905498K->1649306K(2944256K), 0.0175130 secs]
[GC 1905498K->1649306K(2944256K), 0.0408840 secs]
[GC 1905498K->1649306K(2944256K), 0.0130000 secs]
[GC 1905498K->1649306K(2944256K), 0.0134270 secs]
[GC 1905498K->1649306K(2944256K), 0.0133660 secs]
[GC 1905498K->1649306K(2944256K), 0.0133800 secs]
[GC 1905498K->1649306K(2944256K), 0.0129190 secs]
[GC 1905498K->1649306K(2944256K), 0.0265450 secs]
[GC 1905498K->1649306K(2944256K), 0.0179100 secs]
[GC 1905498K->1649306K(2944256K), 0.0158100 secs]
[GC 1905498K->1649306K(2944256K), 0.0159340 secs]
[GC 1905498K->1649306K(2944256K), 0.0130920 secs]
[GC 1905498K->1649306K(2944256K), 0.0178270 secs]
[GC 1905498K->1649306K(2944256K), 0.0166110 secs]
[GC 1905498K->1649306K(2944256K), 0.0165880 secs]
[GC 1905498K->1649306K(2944256K), 0.0182110 secs]
[GC 1905498K->1649306K(2944256K), 0.0161330 secs]
[GC 1905498K->1649306K(2944256K), 0.0165560 secs]
[GC 1905498K->1649306K(2944256K), 0.0185020 secs]
[GC 1905498K->1649307K(2944256K), 0.0147600 secs]
[GC 1905499K->1649307K(2944256K), 0.0134930 secs]
[GC 1905499K->1649307K(2944256K), 0.0173270 secs]
[GC 1905499K->1649307K(2944256K), 0.0170650 secs]
[GC 1905499K->1649307K(2944256K), 0.0158030 secs]
[GC 1905499K->1649307K(2944256K), 0.0137270 secs]
[GC 1905499K->1649307K(2944256K), 0.0128780 secs]
[GC 1905499K->1649307K(2944256K), 0.0174560 secs]
[GC 1905499K->1649307K(2944256K), 0.0167760 secs]
[GC 1905499K->1649307K(2944256K), 0.0161410 secs]
[GC 1905499K->1649307K(2944256K), 0.0157140 secs]
[GC 1905499K->1649307K(2944256K), 0.0135710 secs]
[GC 1905499K->1649307K(2944256K), 0.0175300 secs]
[GC 1905499K->1649307K(2944256K), 0.0179500 secs]
[GC 1905499K->1649307K(2944256K), 0.0155490 secs]
[GC 1905499K->1649307K(2944256K), 0.0162940 secs]
[GC 1905499K->1649307K(2944256K), 0.0149460 secs]
[GC 1905499K->1649307K(2944256K), 0.0134770 secs]
[GC 1905499K->1649307K(2944256K), 0.0182610 secs]
[GC 1905499K->1649307K(2944256K), 0.0169150 secs]
[GC 1905499K->1649307K(2944256K), 0.0172350 secs]
[GC 1905499K->1649307K(2944256K), 0.0140730 secs]
[GC 1905499K->1649307K(2944256K), 0.0137520 secs]
[GC 1905499K->1649307K(2944256K), 0.0181140 secs]
[GC 1905499K->1649307K(2944256K), 0.0170300 secs]
[GC 1905499K->1649307K(2944256K), 0.0134790 secs]
[GC 1905499K->1649307K(2944256K), 0.0133940 secs]
[GC 1905499K->1649307K(2944256K), 0.0141380 secs]
[GC 1905499K->1649307K(2944256K), 0.0187600 secs]
[GC 1905499K->1649307K(2944256K), 0.0174650 secs]
[GC 1905499K->1649307K(2944256K), 0.0164530 secs]
[GC 1905499K->1649307K(2944256K), 0.0161590 secs]
[GC 1905499K->1649307K(2944256K), 0.0131510 secs]
[GC 1905499K->1649307K(2944256K), 0.0133130 secs]
[GC 1905499K->1649307K(2944256K), 0.0134740 secs]
[GC 1905499K->1649307K(2944256K), 0.0141890 secs]
[GC 1905499K->1649307K(2944256K), 0.0133280 secs]
[GC 1905499K->1649307K(2944256K), 0.0136780 secs]
[GC 1905499K->1649307K(2944256K), 0.0179650 secs]
[GC 1905499K->1649307K(2944256K), 0.0170780 secs]
[GC 1905499K->1649307K(2944256K), 0.0138770 secs]
[GC 1905499K->1649307K(2944256K), 0.0154890 secs]
[GC 1905499K->1649307K(2944256K), 0.0199120 secs]
[GC 1905499K->1649307K(2944256K), 0.0147040 secs]
[GC 1905499K->1649307K(2944256K), 0.0166020 secs]
[GC 1905499K->1649307K(2944256K), 0.0162450 secs]
[GC 1905499K->1649307K(2944256K), 0.0162080 secs]
[GC 1905499K->1649307K(2944256K), 0.0162500 secs]
[GC 1905499K->1649308K(2944256K), 0.0163070 secs]
[GC 1905500K->1649308K(2944256K), 0.0160290 secs]
[GC 1905500K->1649308K(2944256K), 0.0159060 secs]
[GC 1905500K->1649308K(2944256K), 0.0164050 secs]
[GC 1905500K->1649308K(2944256K), 0.0166650 secs]
[GC 1905500K->1649308K(2944256K), 0.0166030 secs]
[GC 1905500K->1649308K(2944256K), 0.0163450 secs]
[GC 1905500K->1649306K(2944256K), 0.0162280 secs]
[GC 1905498K->1649308K(2944256K), 0.0160700 secs]
[GC 1905500K->1649308K(2944256K), 0.0164030 secs]
[GC 1905500K->1649308K(2944256K), 0.0155030 secs]
[GC 1905500K->1649308K(2944256K), 0.0357280 secs]
[GC 1905500K->1649308K(2944256K), 0.0139790 secs]
[GC 1905500K->1649308K(2944256K), 0.0154390 secs]
[GC 1905500K->1649308K(2944256K), 0.0154380 secs]
[GC 1905500K->1649308K(2944256K), 0.0166740 secs]
[GC 1905500K->1649308K(2944256K), 0.0129980 secs]
[GC 1905500K->1649308K(2944256K), 0.0160890 secs]
[GC 1905500K->1649308K(2944256K), 0.0169630 secs]
[GC 1905500K->1649308K(2944256K), 0.0139410 secs]
[GC 1905500K->1649308K(2944256K), 0.0205080 secs]
[GC 1905500K->1649308K(2944256K), 0.0152870 secs]
[GC 1905500K->1649308K(2944256K), 0.0153950 secs]
[GC 1905500K->1649308K(2944256K), 0.0164220 secs]
[GC 1905500K->1649308K(2944256K), 0.0137510 secs]
[GC 1905500K->1649308K(2944256K), 0.0151160 secs]
[GC 1905500K->1649308K(2944256K), 0.0165460 secs]
[GC 1905500K->1649308K(2944256K), 0.0163760 secs]
[GC 1905500K->1649308K(2944256K), 0.0163300 secs]
[GC 1905500K->1649308K(2944256K), 0.0174750 secs]
[GC 1905500K->1649308K(2944256K), 0.0166470 secs]
[GC 1905500K->1649308K(2944256K), 0.0163930 secs]
[GC 1905500K->1649308K(2944256K), 0.0164440 secs]
[GC 1905500K->1649308K(2944256K), 0.0169190 secs]
[GC 1905500K->1649308K(2944256K), 0.0158030 secs]
[GC 1905500K->1649308K(2944256K), 0.0159890 secs]
[GC 1905500K->1649308K(2944256K), 0.0155980 secs]
[GC 1905500K->1649308K(2944256K), 0.0163750 secs]
[GC 1905500K->1649308K(2944256K), 0.0135450 secs]
[GC 1905500K->1649308K(2944256K), 0.0153330 secs]
[GC 1905500K->1649308K(2944256K), 0.0167950 secs]
[GC 1905500K->1649308K(2944256K), 0.0164270 secs]
[GC 1905500K->1649308K(2944256K), 0.0177810 secs]
[GC 1905500K->1649308K(2944256K), 0.0155760 secs]
[GC 1905500K->1649308K(2944256K), 0.0156870 secs]
[GC 1905500K->1649308K(2944256K), 0.0158130 secs]
[GC 1905500K->1649308K(2944256K), 0.0137760 secs]
[GC 1905500K->1649308K(2944256K), 0.0154640 secs]
[GC 1905500K->1649308K(2944256K), 0.0177460 secs]
[GC 1905500K->1649308K(2944256K), 0.0148020 secs]
[GC 1905500K->1649308K(2944256K), 0.0156440 secs]
[GC 1905500K->1649308K(2944256K), 0.0164350 secs]
[GC 1905500K->1649308K(2944256K), 0.0141130 secs]
[GC 1905500K->1649308K(2944256K), 0.0164110 secs]
[GC 1905500K->1649308K(2944256K), 0.0157730 secs]
[GC 1905500K->1649308K(2944256K), 0.0173390 secs]
[GC 1905500K->1649308K(2944256K), 0.0138850 secs]
[GC 1905500K->1649308K(2944256K), 0.0168200 secs]
[GC 1905500K->1649308K(2944256K), 0.0157190 secs]
[GC 1905500K->1649308K(2944256K), 0.0147560 secs]
[GC 1905500K->1649308K(2944256K), 0.0150410 secs]
[GC 1905500K->1649308K(2944256K), 0.0164070 secs]
[GC 1905500K->1649308K(2944256K), 0.0162210 secs]
[GC 1905500K->1649308K(2944256K), 0.0165870 secs]
[GC 1905500K->1649308K(2944256K), 0.0166250 secs]
[GC 1905500K->1649308K(2944256K), 0.0164770 secs]
[GC 1905500K->1649308K(2944256K), 0.0160900 secs]
[GC 1905500K->1649306K(2944256K), 0.0167590 secs]
[GC 1905498K->1649308K(2944256K), 0.0162640 secs]
[GC 1905500K->1649308K(2944256K), 0.0168620 secs]
[GC 1905500K->1649308K(2944256K), 0.0164570 secs]
[GC 1905500K->1649308K(2944256K), 0.0163780 secs]
[GC 1905500K->1649308K(2944256K), 0.0163920 secs]
[GC 1905500K->1649308K(2944256K), 0.0165300 secs]
[GC 1905500K->1649308K(2944256K), 0.0160510 secs]
[GC 1905500K->1649308K(2944256K), 0.0407450 secs]
[GC 1905500K->1649308K(2944256K), 0.0151700 secs]
[GC 1905500K->1649308K(2944256K), 0.0159450 secs]
[GC 1905500K->1649308K(2944256K), 0.0158100 secs]
[GC 1905500K->1649308K(2944256K), 0.0181130 secs]
[GC 1905500K->1649308K(2944256K), 0.0143650 secs]
[GC 1905500K->1649308K(2944256K), 0.0158570 secs]
[GC 1905500K->1649308K(2944256K), 0.0164800 secs]
[GC 1905500K->1649308K(2944256K), 0.0165120 secs]
[GC 1905500K->1649308K(2944256K), 0.0162990 secs]
[GC 1905500K->1649308K(2944256K), 0.0166800 secs]
[GC 1905500K->1649309K(2944256K), 0.0161570 secs]
[GC 1905501K->1649309K(2944256K), 0.0155200 secs]
[GC 1905501K->1649309K(2944256K), 0.0162340 secs]
[GC 1905501K->1649309K(2944256K), 0.0159770 secs]
[GC 1905501K->1649309K(2944256K), 0.0155610 secs]
[GC 1905501K->1649309K(2944256K), 0.0160220 secs]
[GC 1905501K->1649307K(2944256K), 0.0164010 secs]
[GC 1905499K->1649309K(2944256K), 0.0145270 secs]
[GC 1905501K->1649309K(2944256K), 0.0179910 secs]
[GC 1905501K->1649309K(2944256K), 0.0159890 secs]
[GC 1905501K->1649309K(2944256K), 0.0188950 secs]
[GC 1905501K->1649309K(2944256K), 0.0135050 secs]
[GC 1905501K->1649309K(2944256K), 0.0177300 secs]
[GC 1905501K->1649309K(2944256K), 0.0151990 secs]
[GC 1905501K->1649309K(2944256K), 0.0181270 secs]
[GC 1905501K->1649309K(2944256K), 0.0158750 secs]
[GC 1905501K->1649309K(2944256K), 0.0182920 secs]
[GC 1905501K->1649309K(2944256K), 0.0157690 secs]
[GC 1905501K->1649309K(2944256K), 0.0178450 secs]
[GC 1905501K->1649309K(2944256K), 0.0155590 secs]
[GC 1905501K->1649309K(2944256K), 0.0277850 secs]
[GC 1905501K->1649309K(2944256K), 0.0156940 secs]
[GC 1905501K->1649309K(2944256K), 0.0180730 secs]
[GC 1905501K->1649309K(2944256K), 0.0156600 secs]
[GC 1905501K->1649309K(2944256K), 0.0133000 secs]
[GC 1905501K->1649309K(2944256K), 0.0168060 secs]
[GC 1905501K->1649309K(2944256K), 0.0158530 secs]
[GC 1905501K->1649309K(2944256K), 0.0178010 secs]
[GC 1905501K->1649309K(2944256K), 0.0160060 secs]
[GC 1905501K->1649310K(2944256K), 0.0130430 secs]
[GC 1905502K->1649310K(2944256K), 0.0181380 secs]
[GC 1905502K->1649310K(2944256K), 0.0148870 secs]
[GC 1905502K->1649310K(2944256K), 0.0137400 secs]
[GC 1905502K->1649310K(2944256K), 0.0170990 secs]
[GC 1905502K->1649310K(2944256K), 0.0156810 secs]
[GC 1905502K->1649310K(2944256K), 0.0169200 secs]
[GC 1905502K->1649310K(2944256K), 0.0152740 secs]
[GC 1905502K->1649310K(2944256K), 0.0146560 secs]
[GC 1905502K->1649310K(2944256K), 0.0181370 secs]
[GC 1905502K->1649310K(2944256K), 0.0152790 secs]
[GC 1905502K->1649310K(2944256K), 0.0169450 secs]
[GC 1905502K->1649310K(2944256K), 0.0159220 secs]
[GC 1905502K->1649310K(2944256K), 0.0132760 secs]
[GC 1905502K->1649310K(2944256K), 0.0177990 secs]
[GC 1905502K->1649310K(2944256K), 0.0160330 secs]
[GC 1905502K->1649310K(2944256K), 0.0181010 secs]
[GC 1905502K->1649310K(2944256K), 0.0154720 secs]
[GC 1905502K->1649310K(2944256K), 0.0178930 secs]
[GC 1905502K->1649310K(2944256K), 0.0153080 secs]
[GC 1905502K->1649310K(2944256K), 0.0175550 secs]
[GC 1905502K->1649310K(2944256K), 0.0157900 secs]
[GC 1905502K->1649310K(2944256K), 0.0278020 secs]
[GC 1905502K->1649310K(2944256K), 0.0150130 secs]
[GC 1905502K->1649310K(2944256K), 0.0176470 secs]
[GC 1905502K->1649310K(2944256K), 0.0153610 secs]
[GC 1905502K->1649310K(2944256K), 0.0181880 secs]
[GC 1905502K->1649310K(2944256K), 0.0163400 secs]
[GC 1905502K->1649310K(2944256K), 0.0180830 secs]
[GC 1905502K->1649310K(2944256K), 0.0154860 secs]
[GC 1905502K->1649310K(2944256K), 0.0173820 secs]
[GC 1905502K->1649310K(2944256K), 0.0152340 secs]
[GC 1905502K->1649310K(2944256K), 0.0177630 secs]
[GC 1905502K->1649310K(2944256K), 0.0161950 secs]
[GC 1905502K->1649310K(2944256K), 0.0145380 secs]
[GC 1905502K->1649310K(2944256K), 0.0171240 secs]
[GC 1905502K->1649310K(2944256K), 0.0154650 secs]
[GC 1905502K->1649310K(2944256K), 0.0170500 secs]
[GC 1905502K->1649310K(2944256K), 0.0170150 secs]
[GC 1905502K->1649310K(2944256K), 0.0161390 secs]
[GC 1905502K->1649310K(2944256K), 0.0180470 secs]
[GC 1905502K->1649310K(2944256K), 0.0161440 secs]
[GC 1905502K->1649310K(2944256K), 0.0178700 secs]
[GC 1905502K->1649310K(2944256K), 0.0160450 secs]
[GC 1905502K->1649310K(2944256K), 0.0143230 secs]
[GC 1905502K->1649310K(2944256K), 0.0178110 secs]
[GC 1905502K->1649310K(2944256K), 0.0160720 secs]
[GC 1905502K->1649310K(2944256K), 0.0135300 secs]
[GC 1905502K->1649310K(2944256K), 0.0172640 secs]
[GC 1905502K->1649310K(2944256K), 0.0153430 secs]
[GC 1905502K->1649310K(2944256K), 0.0134300 secs]
[GC 1905502K->1649310K(2944256K), 0.0177390 secs]
[GC 1905502K->1649311K(2944256K), 0.0163800 secs]
[GC 1905503K->1649311K(2944256K), 0.0276580 secs]
[GC 1905503K->1649311K(2944256K), 0.0146820 secs]
[GC 1905503K->1649311K(2944256K), 0.0170610 secs]
[GC 1905503K->1649311K(2944256K), 0.0155030 secs]
[GC 1905503K->1649311K(2944256K), 0.0136690 secs]
[GC 1905503K->1649311K(2944256K), 0.0175090 secs]
[GC 1905503K->1649311K(2944256K), 0.0162710 secs]
[GC 1905503K->1649311K(2944256K), 0.0176440 secs]
[GC 1905503K->1649311K(2944256K), 0.0153210 secs]
[GC 1905503K->1649311K(2944256K), 0.0151370 secs]
[GC 1905503K->1649311K(2944256K), 0.0177450 secs]
[GC 1905503K->1649311K(2944256K), 0.0149270 secs]
[GC 1905503K->1649311K(2944256K), 0.0174320 secs]
[GC 1905503K->1649311K(2944256K), 0.0160500 secs]
[GC 1905503K->1649311K(2944256K), 0.0181070 secs]
[GC 1905503K->1649311K(2944256K), 0.0157450 secs]
[GC 1905503K->1649311K(2944256K), 0.0175640 secs]
[GC 1905503K->1649311K(2944256K), 0.0157990 secs]
[GC 1905503K->1649311K(2944256K), 0.0176530 secs]
[GC 1905503K->1649311K(2944256K), 0.0161000 secs]
[GC 1905503K->1649311K(2944256K), 0.0134540 secs]
[GC 1905503K->1649311K(2944256K), 0.0177600 secs]
[GC 1905503K->1649311K(2944256K), 0.0160280 secs]
[GC 1905503K->1649311K(2944256K), 0.0179550 secs]
[GC 1905503K->1649311K(2944256K), 0.0154190 secs]
[GC 1905503K->1649311K(2944256K), 0.0176440 secs]
[GC 1905503K->1649311K(2944256K), 0.0166350 secs]
[GC 1905503K->1649311K(2944256K), 0.0131440 secs]
[GC 1905503K->1649311K(2944256K), 0.0178570 secs]
[GC 1905503K->1649311K(2944256K), 0.0160320 secs]
[GC 1905503K->1649311K(2944256K), 0.0177990 secs]
[GC 1905503K->1649311K(2944256K), 0.0158920 secs]
[GC 1905503K->1649311K(2944256K), 0.0171690 secs]
[GC 1905503K->1649312K(2944256K), 0.0172410 secs]
[GC 1905504K->1649312K(2944256K), 0.0132800 secs]
[GC 1905504K->1649312K(2944256K), 0.0169840 secs]
[GC 1905504K->1649312K(2944256K), 0.0159550 secs]
[GC 1905504K->1649312K(2944256K), 0.0176420 secs]
[GC 1905504K->1649312K(2944256K), 0.0158140 secs]
[GC 1905504K->1649312K(2944256K), 0.0176120 secs]
[GC 1905504K->1649312K(2944256K), 0.0153810 secs]
[GC 1905504K->1649312K(2944256K), 0.0150470 secs]
[GC 1905504K->1649312K(2944256K), 0.0173790 secs]
[GC 1905504K->1649312K(2944256K), 0.0158210 secs]
[GC 1905504K->1649312K(2944256K), 0.0139090 secs]
[GC 1905504K->1649312K(2944256K), 0.0173930 secs]
[GC 1905504K->1649312K(2944256K), 0.0155720 secs]
[GC 1905504K->1649312K(2944256K), 0.0154680 secs]
[GC 1905504K->1649312K(2944256K), 0.0171540 secs]
[GC 1905504K->1649312K(2944256K), 0.0157420 secs]
[GC 1905504K->1649312K(2944256K), 0.0175950 secs]
[GC 1905504K->1649312K(2944256K), 0.0161210 secs]
[GC 1905504K->1649312K(2944256K), 0.0139730 secs]
[GC 1905504K->1649312K(2944256K), 0.0135690 secs]
[GC 1905504K->1649312K(2944256K), 0.0167180 secs]
[GC 1905504K->1649312K(2944256K), 0.0152820 secs]
[GC 1905504K->1649312K(2944256K), 0.0157270 secs]
[GC 1905504K->1649312K(2944256K), 0.0174730 secs]
[GC 1905504K->1649312K(2944256K), 0.0167120 secs]
[GC 1905504K->1649312K(2944256K), 0.0160740 secs]
[GC 1905504K->1649312K(2944256K), 0.0177840 secs]
[GC 1905504K->1649312K(2944256K), 0.0200540 secs]
[GC 1905504K->1649312K(2944256K), 0.0373110 secs]
[GC 1905504K->1649312K(2944256K), 0.0157200 secs]
[GC 1905504K->1649312K(2944256K), 0.0177360 secs]
[GC 1905504K->1649312K(2944256K), 0.0150400 secs]
[GC 1905504K->1649312K(2944256K), 0.0176770 secs]
[GC 1905504K->1649312K(2944256K), 0.0157390 secs]
[GC 1905504K->1649312K(2944256K), 0.0175400 secs]
[GC 1905504K->1649312K(2944256K), 0.0162140 secs]
[GC 1905504K->1649312K(2944256K), 0.0175110 secs]
[GC 1905504K->1649312K(2944256K), 0.0167130 secs]
[GC 1905504K->1649312K(2944256K), 0.0164430 secs]
[GC 1905504K->1649312K(2944256K), 0.0170760 secs]
[GC 1905504K->1649312K(2944256K), 0.0157200 secs]
[GC 1905504K->1649312K(2944256K), 0.0176380 secs]
[GC 1905504K->1649312K(2944256K), 0.0148580 secs]
[GC 1905504K->1649312K(2944256K), 0.0146530 secs]
[GC 1905504K->1649312K(2944256K), 0.0171320 secs]
[GC 1905504K->1649312K(2944256K), 0.0170170 secs]
[GC 1905504K->1649312K(2944256K), 0.0166390 secs]
[GC 1905504K->1649312K(2944256K), 0.0157540 secs]
[GC 1905504K->1649312K(2944256K), 0.0157220 secs]
[GC 1905504K->1649312K(2944256K), 0.0140650 secs]
[GC 1905504K->1649312K(2944256K), 0.0180840 secs]
[GC 1905504K->1649312K(2944256K), 0.0164020 secs]
[GC 1905504K->1649312K(2944256K), 0.0176080 secs]
[GC 1905504K->1649312K(2944256K), 0.0160230 secs]
[GC 1905504K->1649312K(2944256K), 0.0159440 secs]
[GC 1905504K->1649312K(2944256K), 0.0132480 secs]
[GC 1905504K->1649312K(2944256K), 0.0171620 secs]
[GC 1905504K->1649312K(2944256K), 0.0156450 secs]
[GC 1905504K->1649312K(2944256K), 0.0175950 secs]
[GC 1905504K->1649313K(2944256K), 0.0437120 secs]
[GC 1905505K->1649313K(2944256K), 0.0151720 secs]
[GC 1905505K->1649313K(2944256K), 0.0156200 secs]
[GC 1905505K->1649313K(2944256K), 0.0134250 secs]
[GC 1905505K->1649313K(2944256K), 0.0171280 secs]
[GC 1905505K->1649313K(2944256K), 0.0157840 secs]
[GC 1905505K->1649313K(2944256K), 0.0140560 secs]
[GC 1905505K->1649313K(2944256K), 0.0170980 secs]
[GC 1905505K->1649313K(2944256K), 0.0155320 secs]
[GC 1905505K->1649313K(2944256K), 0.0146730 secs]
[GC 1905505K->1649313K(2944256K), 0.0184150 secs]
[GC 1905505K->1649313K(2944256K), 0.0146530 secs]
[GC 1905505K->1649313K(2944256K), 0.0173870 secs]
[GC 1905505K->1649313K(2944256K), 0.0160210 secs]
[GC 1905505K->1649313K(2944256K), 0.0145820 secs]
[GC 1905505K->1649313K(2944256K), 0.0173080 secs]
[GC 1905505K->1649313K(2944256K), 0.0154410 secs]
[GC 1905505K->1649313K(2944256K), 0.0131090 secs]
[GC 1905505K->1649313K(2944256K), 0.0171830 secs]
[GC 1905505K->1649313K(2944256K), 0.0153780 secs]
[GC 1905505K->1649313K(2944256K), 0.0183640 secs]
[GC 1905505K->1649313K(2944256K), 0.0155240 secs]
[GC 1905505K->1649313K(2944256K), 0.0149910 secs]
[GC 1905505K->1649313K(2944256K), 0.0131730 secs]
[GC 1905505K->1649313K(2944256K), 0.0128370 secs]
[GC 1905505K->1649313K(2944256K), 0.0127990 secs]
[GC 1905505K->1649313K(2944256K), 0.0132650 secs]
[GC 1905505K->1649313K(2944256K), 0.0167410 secs]
[GC 1905505K->1649313K(2944256K), 0.0169530 secs]
[GC 1905505K->1649313K(2944256K), 0.0184390 secs]
[GC 1905505K->1649313K(2944256K), 0.0161730 secs]
[GC 1905505K->1649313K(2944256K), 0.0325620 secs]
[GC 1905505K->1649313K(2944256K), 0.0171850 secs]
[GC 1905505K->1649313K(2944256K), 0.0151940 secs]
[GC 1905505K->1649313K(2944256K), 0.0141950 secs]
[GC 1905505K->1649313K(2944256K), 0.0178620 secs]
[GC 1905505K->1649313K(2944256K), 0.0146100 secs]
[GC 1905505K->1649313K(2944256K), 0.0140080 secs]
[GC 1905505K->1649313K(2944256K), 0.0170190 secs]
[GC 1905505K->1649313K(2944256K), 0.0158170 secs]
[GC 1905505K->1649313K(2944256K), 0.0156960 secs]
[GC 1905505K->1649313K(2944256K), 0.0175770 secs]
[GC 1905505K->1649313K(2944256K), 0.0166790 secs]
[GC 1905505K->1649313K(2944256K), 0.0134980 secs]
[GC 1905505K->1649313K(2944256K), 0.0177670 secs]
[GC 1905505K->1649313K(2944256K), 0.0161010 secs]
[GC 1905505K->1649313K(2944256K), 0.0155390 secs]
[GC 1905505K->1649313K(2944256K), 0.0153890 secs]
[GC 1905505K->1649313K(2944256K), 0.0181110 secs]
[GC 1905505K->1649313K(2944256K), 0.0161430 secs]
[GC 1905505K->1649313K(2944256K), 0.0131400 secs]
[GC 1905505K->1649313K(2944256K), 0.0174940 secs]
[GC 1905505K->1649313K(2944256K), 0.0161620 secs]
[GC 1905505K->1649313K(2944256K), 0.0175920 secs]
[GC 1905505K->1649313K(2944256K), 0.0157610 secs]
[GC 1905505K->1649313K(2944256K), 0.0133750 secs]
[GC 1905505K->1649313K(2944256K), 0.0177280 secs]
[GC 1905505K->1649314K(2944256K), 0.0159020 secs]
[GC 1905506K->1649314K(2944256K), 0.0173800 secs]
[GC 1905506K->1649314K(2944256K), 0.0162210 secs]
[GC 1905506K->1649314K(2944256K), 0.0132370 secs]
[GC 1905506K->1649314K(2944256K), 0.0163800 secs]
[GC 1905506K->1649314K(2944256K), 0.0299770 secs]
[GC 1905506K->1649314K(2944256K), 0.0165560 secs]
[GC 1905506K->1649314K(2944256K), 0.0163250 secs]
[GC 1905506K->1649314K(2944256K), 0.0135220 secs]
[GC 1905506K->1649314K(2944256K), 0.0174070 secs]
[GC 1905506K->1649314K(2944256K), 0.0162750 secs]
[GC 1905506K->1649314K(2944256K), 0.0179230 secs]
[GC 1905506K->1649314K(2944256K), 0.0159570 secs]
[GC 1905506K->1649314K(2944256K), 0.0176810 secs]
[GC 1905506K->1649314K(2944256K), 0.0156540 secs]
[GC 1905506K->1649314K(2944256K), 0.0173110 secs]
[GC 1905506K->1649314K(2944256K), 0.0161910 secs]
[GC 1905506K->1649314K(2944256K), 0.0161210 secs]
[GC 1905506K->1649314K(2944256K), 0.0132480 secs]
[GC 1905506K->1649314K(2944256K), 0.0177970 secs]
[GC 1905506K->1649314K(2944256K), 0.0151330 secs]
[GC 1905506K->1649314K(2944256K), 0.0181550 secs]
[GC 1905506K->1649314K(2944256K), 0.0153820 secs]
[GC 1905506K->1649314K(2944256K), 0.0174960 secs]
[GC 1905506K->1649314K(2944256K), 0.0166730 secs]
[GC 1905506K->1649314K(2944256K), 0.0134830 secs]
[GC 1905506K->1649314K(2944256K), 0.0175600 secs]
[GC 1905506K->1649314K(2944256K), 0.0151680 secs]
[GC 1905506K->1649314K(2944256K), 0.0177000 secs]
[GC 1905506K->1649314K(2944256K), 0.0158900 secs]
[GC 1905506K->1649314K(2944256K), 0.0172810 secs]
[GC 1905506K->1649314K(2944256K), 0.0161450 secs]
[GC 1905506K->1649314K(2944256K), 0.0145130 secs]
[GC 1905506K->1649314K(2944256K), 0.0170480 secs]
[GC 1905506K->1649314K(2944256K), 0.0156950 secs]
[GC 1905506K->1649314K(2944256K), 0.0132830 secs]
[GC 1905506K->1649314K(2944256K), 0.0181320 secs]
[GC 1905506K->1649314K(2944256K), 0.0155850 secs]
[GC 1905506K->1649314K(2944256K), 0.0181000 secs]
[GC 1905506K->1649314K(2944256K), 0.0158130 secs]
[GC 1905506K->1649314K(2944256K), 0.0146910 secs]
[GC 1905506K->1649314K(2944256K), 0.0168610 secs]
[GC 1905506K->1649314K(2944256K), 0.0162920 secs]
[GC 1905506K->1649314K(2944256K), 0.0185890 secs]
[GC 1905506K->1649314K(2944256K), 0.0152350 secs]
[GC 1905506K->1649314K(2944256K), 0.0175630 secs]
[GC 1905506K->1649314K(2944256K), 0.0159840 secs]
[GC 1905506K->1649314K(2944256K), 0.0133680 secs]
[GC 1905506K->1649314K(2944256K), 0.0165650 secs]
[GC 1905506K->1649314K(2944256K), 0.0205110 secs]
[GC 1905506K->1649314K(2944256K), 0.0204870 secs]
[GC 1905506K->1649314K(2944256K), 0.0165170 secs]
[GC 1905506K->1649314K(2944256K), 0.0156350 secs]
[GC 1905506K->1649314K(2944256K), 0.0141740 secs]
[GC 1905506K->1649314K(2944256K), 0.0177390 secs]
[GC 1905506K->1649314K(2944256K), 0.0158050 secs]
[GC 1905506K->1649314K(2944256K), 0.0167190 secs]
[GC 1905506K->1649314K(2944256K), 0.0176430 secs]
[GC 1905506K->1649314K(2944256K), 0.0163360 secs]
[GC 1905506K->1649314K(2944256K), 0.0136320 secs]
[GC 1905506K->1649314K(2944256K), 0.0179320 secs]
[GC 1905506K->1649314K(2944256K), 0.0162690 secs]
[GC 1905506K->1649314K(2944256K), 0.0157940 secs]
[GC 1905506K->1649314K(2944256K), 0.0214710 secs]
[GC 1905506K->1649314K(2944256K), 0.0164450 secs]
[GC 1905506K->1649314K(2944256K), 0.0159240 secs]
[GC 1905506K->1649314K(2944256K), 0.0168010 secs]
[GC 1905506K->1649314K(2944256K), 0.0168130 secs]
[GC 1905506K->1649314K(2944256K), 0.0159200 secs]
[GC 1905506K->1649314K(2944256K), 0.0176850 secs]
[GC 1905506K->1649314K(2944256K), 0.0155280 secs]
[GC 1905506K->1649314K(2944256K), 0.0171050 secs]
[GC 1905506K->1649314K(2944256K), 0.0161250 secs]
[GC 1905506K->1649314K(2944256K), 0.0137480 secs]
[GC 1905506K->1649314K(2944256K), 0.0175850 secs]
[GC 1905506K->1649314K(2944256K), 0.0157920 secs]
[GC 1905506K->1649314K(2944256K), 0.0141080 secs]
[GC 1905506K->1649314K(2944256K), 0.0170170 secs]
[GC 1905506K->1649314K(2944256K), 0.0160080 secs]
[GC 1905506K->1649314K(2944256K), 0.0134320 secs]
[GC 1905506K->1649314K(2944256K), 0.0169730 secs]
[GC 1905506K->1649314K(2944256K), 0.0159080 secs]
[GC 1905506K->1649314K(2944256K), 0.0154190 secs]
[GC 1905506K->1649314K(2944256K), 0.0173060 secs]
[GC 1905506K->1649314K(2944256K), 0.0157840 secs]
[GC 1905506K->1649314K(2944256K), 0.0154730 secs]
[GC 1905506K->1649315K(2944256K), 0.0178630 secs]
[GC 1905507K->1649315K(2944256K), 0.0158510 secs]
[GC 1905507K->1649315K(2944256K), 0.0183580 secs]
[GC 1905507K->1649315K(2944256K), 0.0161990 secs]
[GC 1905507K->1649315K(2944256K), 0.0176600 secs]
[GC 1905507K->1649315K(2944256K), 0.0171010 secs]
[GC 1905507K->1649315K(2944256K), 0.0157370 secs]
[GC 1905507K->1649315K(2944256K), 0.0139260 secs]
[GC 1905507K->1649315K(2944256K), 0.0182100 secs]
[GC 1905507K->1649315K(2944256K), 0.0154440 secs]
[GC 1905507K->1649315K(2944256K), 0.0138590 secs]
[GC 1905507K->1649315K(2944256K), 0.0173270 secs]
[GC 1905507K->1649315K(2944256K), 0.0288070 secs]
[GC 1905507K->1649315K(2944256K), 0.0172160 secs]
[GC 1905507K->1649315K(2944256K), 0.0159140 secs]
[GC 1905507K->1649315K(2944256K), 0.0177020 secs]
[GC 1905507K->1649315K(2944256K), 0.0159990 secs]
[GC 1905507K->1649315K(2944256K), 0.0164780 secs]
[GC 1905507K->1649315K(2944256K), 0.0173710 secs]
[GC 1905507K->1649315K(2944256K), 0.0155350 secs]
[GC 1905507K->1649315K(2944256K), 0.0139650 secs]
[GC 1905507K->1649315K(2944256K), 0.0173750 secs]
[GC 1905507K->1649315K(2944256K), 0.0151380 secs]
[GC 1905507K->1649315K(2944256K), 0.0180390 secs]
[GC 1905507K->1649315K(2944256K), 0.0152410 secs]
[GC 1905507K->1649315K(2944256K), 0.0145710 secs]
[GC 1905507K->1649315K(2944256K), 0.0176680 secs]
[GC 1905507K->1649315K(2944256K), 0.0153940 secs]
[GC 1905507K->1649315K(2944256K), 0.0137160 secs]
[GC 1905507K->1649316K(2944256K), 0.0173570 secs]
[GC 1905508K->1649316K(2944256K), 0.0156160 secs]
[GC 1905508K->1649316K(2944256K), 0.0157760 secs]
[GC 1905508K->1649316K(2944256K), 0.0174710 secs]
[GC 1905508K->1649316K(2944256K), 0.0154800 secs]
[GC 1905508K->1649316K(2944256K), 0.0178210 secs]
[GC 1905508K->1649316K(2944256K), 0.0163620 secs]
[GC 1905508K->1649316K(2944256K), 0.0129050 secs]
[GC 1905508K->1649316K(2944256K), 0.0172760 secs]
[GC 1905508K->1649316K(2944256K), 0.0160650 secs]
[GC 1905508K->1649316K(2944256K), 0.0179750 secs]
[GC 1905508K->1649316K(2944256K), 0.0160200 secs]
[GC 1905508K->1649316K(2944256K), 0.0131760 secs]
[GC 1905508K->1649316K(2944256K), 0.0140550 secs]
[GC 1905508K->1649316K(2944256K), 0.0404460 secs]
[GC 1905508K->1649316K(2944256K), 0.0171910 secs]
[GC 1905508K->1649316K(2944256K), 0.0161060 secs]
[GC 1905508K->1649316K(2944256K), 0.0173350 secs]
[GC 1905508K->1649316K(2944256K), 0.0165550 secs]
[GC 1905508K->1649316K(2944256K), 0.0156030 secs]
[GC 1905508K->1649316K(2944256K), 0.0178120 secs]
[GC 1905508K->1649316K(2944256K), 0.0159700 secs]
[GC 1905508K->1649316K(2944256K), 0.0178310 secs]
[GC 1905508K->1649316K(2944256K), 0.0168260 secs]
[GC 1905508K->1649316K(2944256K), 0.0157080 secs]
[GC 1905508K->1649316K(2944256K), 0.0170500 secs]
[GC 1905508K->1649316K(2944256K), 0.0167020 secs]
[GC 1905508K->1649316K(2944256K), 0.0130460 secs]
[GC 1905508K->1649316K(2944256K), 0.0180770 secs]
[GC 1905508K->1649316K(2944256K), 0.0162790 secs]
[GC 1905508K->1649316K(2944256K), 0.0129120 secs]
[GC 1905508K->1649316K(2944256K), 0.0176610 secs]
[GC 1905508K->1649316K(2944256K), 0.0159100 secs]
[GC 1905508K->1649316K(2944256K), 0.0172820 secs]
[GC 1905508K->1649316K(2944256K), 0.0156330 secs]
[GC 1905508K->1649316K(2944256K), 0.0176250 secs]
[GC 1905508K->1649316K(2944256K), 0.0164500 secs]
[GC 1905508K->1649316K(2944256K), 0.0175210 secs]
[GC 1905508K->1649316K(2944256K), 0.0158230 secs]
[GC 1905508K->1649316K(2944256K), 0.0177830 secs]
[GC 1905508K->1649316K(2944256K), 0.0159350 secs]
[GC 1905508K->1649316K(2944256K), 0.0171190 secs]
[GC 1905508K->1649316K(2944256K), 0.0206870 secs]
[GC 1905508K->1649316K(2944256K), 0.0160790 secs]
[GC 1905508K->1649316K(2944256K), 0.0154530 secs]
[GC 1905508K->1649316K(2944256K), 0.0408090 secs]
[GC 1905508K->1649316K(2944256K), 0.0141570 secs]
[GC 1905508K->1649316K(2944256K), 0.0178130 secs]
[GC 1905508K->1649316K(2944256K), 0.0156050 secs]
[GC 1905508K->1649316K(2944256K), 0.0143290 secs]
[GC 1905508K->1649316K(2944256K), 0.0179230 secs]
[GC 1905508K->1649316K(2944256K), 0.0161520 secs]
[GC 1905508K->1649316K(2944256K), 0.0179850 secs]
[GC 1905508K->1649316K(2944256K), 0.0166390 secs]
[GC 1905508K->1649316K(2944256K), 0.0140160 secs]
[GC 1905508K->1649316K(2944256K), 0.0177370 secs]
[GC 1905508K->1649316K(2944256K), 0.0157170 secs]
[GC 1905508K->1649316K(2944256K), 0.0425000 secs]
[GC 1905508K->1649316K(2944256K), 0.0130150 secs]
[GC 1905508K->1649316K(2944256K), 0.0174120 secs]
[GC 1905508K->1649316K(2944256K), 0.0161590 secs]
[GC 1905508K->1649316K(2944256K), 0.0154880 secs]
[GC 1905508K->1649316K(2944256K), 0.0152420 secs]
[GC 1905508K->1649316K(2944256K), 0.0175570 secs]
[GC 1905508K->1649316K(2944256K), 0.0166960 secs]
[GC 1905508K->1649316K(2944256K), 0.0180500 secs]
[GC 1905508K->1649316K(2944256K), 0.0154870 secs]
[GC 1905508K->1649316K(2944256K), 0.0134700 secs]
[GC 1905508K->1649317K(2944256K), 0.0173640 secs]
[GC 1905509K->1649317K(2944256K), 0.0157460 secs]
[GC 1905509K->1649317K(2944256K), 0.0137590 secs]
[GC 1905509K->1649317K(2944256K), 0.0158740 secs]
[GC 1905509K->1649317K(2944256K), 0.0160260 secs]
[GC 1905509K->1649317K(2944256K), 0.0151780 secs]
[GC 1905509K->1649317K(2944256K), 0.0158620 secs]
[GC 1905509K->1649317K(2944256K), 0.0178660 secs]
[GC 1905509K->1649317K(2944256K), 0.0164230 secs]
[GC 1905509K->1649317K(2944256K), 0.0177680 secs]
[GC 1905509K->1649317K(2944256K), 0.0160460 secs]
[GC 1905509K->1649317K(2944256K), 0.0134780 secs]
[GC 1905509K->1649317K(2944256K), 0.0174950 secs]
[GC 1905509K->1649317K(2944256K), 0.0154930 secs]
[GC 1905509K->1649317K(2944256K), 0.0175490 secs]
[GC 1905509K->1649317K(2944256K), 0.0157090 secs]
[GC 1905509K->1649317K(2944256K), 0.0154060 secs]
[GC 1905509K->1649317K(2944256K), 0.0130190 secs]
[GC 1905509K->1649317K(2944256K), 0.0180740 secs]
[GC 1905509K->1649317K(2944256K), 0.0163930 secs]
[GC 1905509K->1649317K(2944256K), 0.0175790 secs]
[GC 1905509K->1649317K(2944256K), 0.0161100 secs]
[GC 1905509K->1649317K(2944256K), 0.0138430 secs]
[GC 1905509K->1649317K(2944256K), 0.0171390 secs]
[GC 1905509K->1649317K(2944256K), 0.0168950 secs]
[GC 1905509K->1649317K(2944256K), 0.0177810 secs]
[GC 1905509K->1649317K(2944256K), 0.0157650 secs]
[GC 1905509K->1649317K(2944256K), 0.0132400 secs]
[GC 1905509K->1649317K(2944256K), 0.0177610 secs]
[GC 1905509K->1649317K(2944256K), 0.0153780 secs]
[GC 1905509K->1649317K(2944256K), 0.0157750 secs]
[GC 1905509K->1649317K(2944256K), 0.0180450 secs]
[GC 1905509K->1649317K(2944256K), 0.0154980 secs]
[GC 1905509K->1649317K(2944256K), 0.0179770 secs]
[GC 1905509K->1649317K(2944256K), 0.0156960 secs]
[GC 1905509K->1649317K(2944256K), 0.0177730 secs]
[GC 1905509K->1649317K(2944256K), 0.0168230 secs]
[GC 1905509K->1649317K(2944256K), 0.0154490 secs]
[GC 1905509K->1649317K(2944256K), 0.0169950 secs]
[GC 1905509K->1649317K(2944256K), 0.0270000 secs]
[GC 1905509K->1649317K(2944256K), 0.0178850 secs]
[GC 1905509K->1649317K(2944256K), 0.0165190 secs]
[GC 1905509K->1649317K(2944256K), 0.0133130 secs]
[GC 1905509K->1649317K(2944256K), 0.0177630 secs]
[GC 1905509K->1649317K(2944256K), 0.0136960 secs]
[GC 1905509K->1649317K(2944256K), 0.0179710 secs]
[GC 1905509K->1649317K(2944256K), 0.0160000 secs]
[GC 1905509K->1649317K(2944256K), 0.0175870 secs]
[GC 1905509K->1649317K(2944256K), 0.0156260 secs]
[GC 1905509K->1649317K(2944256K), 0.0160120 secs]
[GC 1905509K->1649317K(2944256K), 0.0135590 secs]
[GC 1905509K->1649317K(2944256K), 0.0169640 secs]
[GC 1905509K->1649317K(2944256K), 0.0169440 secs]
[GC 1905509K->1649317K(2944256K), 0.0133940 secs]
[GC 1905509K->1649317K(2944256K), 0.0163250 secs]
[GC 1905509K->1649317K(2944256K), 0.0155580 secs]
[GC 1905509K->1649317K(2944256K), 0.0180140 secs]
[GC 1905509K->1649317K(2944256K), 0.0160580 secs]
[GC 1905509K->1649317K(2944256K), 0.0181550 secs]
[GC 1905509K->1649317K(2944256K), 0.0158930 secs]
[GC 1905509K->1649317K(2944256K), 0.0154320 secs]
[GC 1905509K->1649317K(2944256K), 0.0174960 secs]
[GC 1905509K->1649317K(2944256K), 0.0163240 secs]
[GC 1905509K->1649317K(2944256K), 0.0177510 secs]
[GC 1905509K->1649317K(2944256K), 0.0145820 secs]
[GC 1905509K->1649317K(2944256K), 0.0172850 secs]
[GC 1905509K->1649317K(2944256K), 0.0159700 secs]
[GC 1905509K->1649317K(2944256K), 0.0173310 secs]
[GC 1905509K->1649317K(2944256K), 0.0205320 secs]
[GC 1905509K->1649317K(2944256K), 0.0175110 secs]
[GC 1905509K->1649317K(2944256K), 0.0378070 secs]
[GC 1905509K->1649317K(2944256K), 0.0154710 secs]
[GC 1905509K->1649317K(2944256K), 0.0132600 secs]
[GC 1905509K->1649317K(2944256K), 0.0178610 secs]
[GC 1905509K->1649317K(2944256K), 0.0157330 secs]
[GC 1905509K->1649317K(2944256K), 0.0145130 secs]
[GC 1905509K->1649317K(2944256K), 0.0165940 secs]
[GC 1905509K->1649317K(2944256K), 0.0151790 secs]
[GC 1905509K->1649317K(2944256K), 0.0132840 secs]
[GC 1905509K->1649317K(2944256K), 0.0178380 secs]
[GC 1905509K->1649317K(2944256K), 0.0153910 secs]
[GC 1905509K->1649317K(2944256K), 0.0184210 secs]
[GC 1905509K->1649317K(2944256K), 0.0156120 secs]
[GC 1905509K->1649318K(2944256K), 0.0181990 secs]
[GC 1905510K->1649318K(2944256K), 0.0156150 secs]
[GC 1905510K->1649318K(2944256K), 0.0139910 secs]
[GC 1905510K->1649318K(2944256K), 0.0167190 secs]
[GC 1905510K->1649318K(2944256K), 0.0157630 secs]
[GC 1905510K->1649318K(2944256K), 0.0176440 secs]
[GC 1905510K->1649318K(2944256K), 0.0153510 secs]
[GC 1905510K->1649318K(2944256K), 0.0153540 secs]
[GC 1905510K->1649318K(2944256K), 0.0131880 secs]
[GC 1905510K->1649318K(2944256K), 0.0170720 secs]
[GC 1905510K->1649318K(2944256K), 0.0193220 secs]
[GC 1905510K->1649318K(2944256K), 0.0175320 secs]
[GC 1905510K->1649318K(2944256K), 0.0176440 secs]
[GC 1905510K->1649318K(2944256K), 0.0160680 secs]
[GC 1905510K->1649318K(2944256K), 0.0129930 secs]
[GC 1905510K->1649318K(2944256K), 0.0167130 secs]
[GC 1905510K->1649318K(2944256K), 0.0165440 secs]
[GC 1905510K->1649318K(2944256K), 0.0168880 secs]
[GC 1905510K->1649318K(2944256K), 0.0430130 secs]
[GC 1905510K->1649318K(2944256K), 0.0160030 secs]
[GC 1905510K->1649318K(2944256K), 0.0159260 secs]
[GC 1905510K->1649318K(2944256K), 0.0175870 secs]
[GC 1905510K->1649318K(2944256K), 0.0201090 secs]
[GC 1905510K->1649318K(2944256K), 0.0179350 secs]
[GC 1905510K->1649318K(2944256K), 0.0149350 secs]
[GC 1905510K->1649318K(2944256K), 0.0172550 secs]
[GC 1905510K->1649318K(2944256K), 0.0168280 secs]
[GC 1905510K->1649318K(2944256K), 0.0152630 secs]
[GC 1905510K->1649318K(2944256K), 0.0170490 secs]
[GC 1905510K->1649318K(2944256K), 0.0151240 secs]
[GC 1905510K->1649318K(2944256K), 0.0171010 secs]
[GC 1905510K->1649318K(2944256K), 0.0155990 secs]
[GC 1905510K->1649318K(2944256K), 0.0132520 secs]
[GC 1905510K->1649318K(2944256K), 0.0164730 secs]
[GC 1905510K->1649318K(2944256K), 0.0158410 secs]
[GC 1905510K->1649318K(2944256K), 0.0178630 secs]
[GC 1905510K->1649318K(2944256K), 0.0157360 secs]
[GC 1905510K->1649318K(2944256K), 0.0176290 secs]
[GC 1905510K->1649318K(2944256K), 0.0167710 secs]
[GC 1905510K->1649318K(2944256K), 0.0176270 secs]
[GC 1905510K->1649318K(2944256K), 0.0158800 secs]
[GC 1905510K->1649318K(2944256K), 0.0153050 secs]
[GC 1905510K->1649318K(2944256K), 0.0149300 secs]
[GC 1905510K->1649318K(2944256K), 0.0170050 secs]
[GC 1905510K->1649318K(2944256K), 0.0167920 secs]
[GC 1905510K->1649318K(2944256K), 0.0137830 secs]
[GC 1905510K->1649318K(2944256K), 0.0171710 secs]
[GC 1905510K->1649318K(2944256K), 0.0157270 secs]
[GC 1905510K->1649318K(2944256K), 0.0135380 secs]
[GC 1905510K->1649318K(2944256K), 0.0432680 secs]
[GC 1905510K->1649318K(2944256K), 0.0173130 secs]
[GC 1905510K->1649318K(2944256K), 0.0147590 secs]
[GC 1905510K->1649318K(2944256K), 0.0142090 secs]
[GC 1905510K->1649318K(2944256K), 0.0174000 secs]
[GC 1905510K->1649318K(2944256K), 0.0152240 secs]
[GC 1905510K->1649318K(2944256K), 0.0155720 secs]
[GC 1905510K->1649318K(2944256K), 0.0138600 secs]
[GC 1905510K->1649319K(2944256K), 0.0172630 secs]
[GC 1905511K->1649319K(2944256K), 0.0166930 secs]
[GC 1905511K->1649319K(2944256K), 0.0140430 secs]
[GC 1905511K->1649319K(2944256K), 0.0170810 secs]
[GC 1905511K->1649319K(2944256K), 0.0158030 secs]
[GC 1905511K->1649319K(2944256K), 0.0156060 secs]
[GC 1905511K->1649319K(2944256K), 0.0173240 secs]
[GC 1905511K->1649319K(2944256K), 0.0161730 secs]
[GC 1905511K->1649319K(2944256K), 0.0132430 secs]
[GC 1905511K->1649319K(2944256K), 0.0173320 secs]
[GC 1905511K->1649319K(2944256K), 0.0171070 secs]
[GC 1905511K->1649319K(2944256K), 0.0142030 secs]
[GC 1905511K->1649319K(2944256K), 0.0174770 secs]
[GC 1905511K->1649319K(2944256K), 0.0167640 secs]
[GC 1905511K->1649319K(2944256K), 0.0138840 secs]
[GC 1905511K->1649319K(2944256K), 0.0173320 secs]
[GC 1905511K->1649319K(2944256K), 0.0153400 secs]
[GC 1905511K->1649319K(2944256K), 0.0136910 secs]
[GC 1905511K->1649319K(2944256K), 0.0177590 secs]
[GC 1905511K->1649319K(2944256K), 0.0161050 secs]
[GC 1905511K->1649319K(2944256K), 0.0143020 secs]
[GC 1905511K->1649319K(2944256K), 0.0140780 secs]
[GC 1905511K->1649319K(2944256K), 0.0167200 secs]
[GC 1905511K->1649319K(2944256K), 0.0363660 secs]
[GC 1905511K->1649319K(2944256K), 0.0139590 secs]
[GC 1905511K->1649319K(2944256K), 0.0174890 secs]
[GC 1905511K->1649319K(2944256K), 0.0165330 secs]
[GC 1905511K->1649319K(2944256K), 0.0142940 secs]
[GC 1905511K->1649319K(2944256K), 0.0172990 secs]
[GC 1905511K->1649319K(2944256K), 0.0168100 secs]
[GC 1905511K->1649319K(2944256K), 0.0132510 secs]
[GC 1905511K->1649319K(2944256K), 0.0181140 secs]
[GC 1905511K->1649319K(2944256K), 0.0153070 secs]
[GC 1905511K->1649319K(2944256K), 0.0178290 secs]
[GC 1905511K->1649319K(2944256K), 0.0163270 secs]
[GC 1905511K->1649319K(2944256K), 0.0175430 secs]
[GC 1905511K->1649319K(2944256K), 0.0153650 secs]
[GC 1905511K->1649319K(2944256K), 0.0151720 secs]
[GC 1905511K->1649319K(2944256K), 0.0173110 secs]
[GC 1905511K->1649319K(2944256K), 0.0162220 secs]
[GC 1905511K->1649319K(2944256K), 0.0178200 secs]
[GC 1905511K->1649319K(2944256K), 0.0159760 secs]
[GC 1905511K->1649320K(2944256K), 0.0160850 secs]
[GC 1905512K->1649320K(2944256K), 0.0176550 secs]
[GC 1905512K->1649320K(2944256K), 0.0162680 secs]
[GC 1905512K->1649320K(2944256K), 0.0133920 secs]
[GC 1905512K->1649320K(2944256K), 0.0162000 secs]
[GC 1905512K->1649320K(2944256K), 0.0151430 secs]
[GC 1905512K->1649320K(2944256K), 0.0181470 secs]
[GC 1905512K->1649320K(2944256K), 0.0166640 secs]
[GC 1905512K->1649320K(2944256K), 0.0156020 secs]
[GC 1905512K->1649320K(2944256K), 0.0180660 secs]
[GC 1905512K->1649320K(2944256K), 0.0159750 secs]
[GC 1905512K->1649320K(2944256K), 0.0176020 secs]
[GC 1905512K->1649320K(2944256K), 0.0429600 secs]
[GC 1905512K->1649320K(2944256K), 0.0159500 secs]
[GC 1905512K->1649320K(2944256K), 0.0173360 secs]
[GC 1905512K->1649320K(2944256K), 0.0152190 secs]
[GC 1905512K->1649320K(2944256K), 0.0176110 secs]
[GC 1905512K->1649320K(2944256K), 0.0167270 secs]
[GC 1905512K->1649320K(2944256K), 0.0176520 secs]
[GC 1905512K->1649320K(2944256K), 0.0166210 secs]
[GC 1905512K->1649320K(2944256K), 0.0133350 secs]
[GC 1905512K->1649320K(2944256K), 0.0175670 secs]
[GC 1905512K->1649320K(2944256K), 0.0153860 secs]
[GC 1905512K->1649320K(2944256K), 0.0181520 secs]
[GC 1905512K->1649320K(2944256K), 0.0155720 secs]
[GC 1905512K->1649320K(2944256K), 0.0135100 secs]
[GC 1905512K->1649320K(2944256K), 0.0171000 secs]
[GC 1905512K->1649320K(2944256K), 0.0151260 secs]
[GC 1905512K->1649320K(2944256K), 0.0178420 secs]
[GC 1905512K->1649320K(2944256K), 0.0156570 secs]
[GC 1905512K->1649320K(2944256K), 0.0134280 secs]
[GC 1905512K->1649320K(2944256K), 0.0177870 secs]
[GC 1905512K->1649320K(2944256K), 0.0160890 secs]
[GC 1905512K->1649320K(2944256K), 0.0178840 secs]
[GC 1905512K->1649320K(2944256K), 0.0158500 secs]
[GC 1905512K->1649320K(2944256K), 0.0129990 secs]
[GC 1905512K->1649320K(2944256K), 0.0175340 secs]
[GC 1905512K->1649320K(2944256K), 0.0154350 secs]
[GC 1905512K->1649320K(2944256K), 0.0155470 secs]
[GC 1905512K->1649321K(2944256K), 0.0176300 secs]
[GC 1905513K->1649321K(2944256K), 0.0159970 secs]
[GC 1905513K->1649321K(2944256K), 0.0174730 secs]
[GC 1905513K->1649321K(2944256K), 0.0166060 secs]
[GC 1905513K->1649321K(2944256K), 0.0274950 secs]
[GC 1905513K->1649321K(2944256K), 0.0166520 secs]
[GC 1905513K->1649321K(2944256K), 0.0182130 secs]
[GC 1905513K->1649321K(2944256K), 0.0151110 secs]
[GC 1905513K->1649321K(2944256K), 0.0137330 secs]
[GC 1905513K->1649321K(2944256K), 0.0168950 secs]
[GC 1905513K->1649321K(2944256K), 0.0157550 secs]
[GC 1905513K->1649321K(2944256K), 0.0178990 secs]
[GC 1905513K->1649321K(2944256K), 0.0163020 secs]
[GC 1905513K->1649321K(2944256K), 0.0135240 secs]
[GC 1905513K->1649321K(2944256K), 0.0172880 secs]
[GC 1905513K->1649321K(2944256K), 0.0159890 secs]
[GC 1905513K->1649321K(2944256K), 0.0134070 secs]
[GC 1905513K->1649321K(2944256K), 0.0172230 secs]
[GC 1905513K->1649321K(2944256K), 0.0157210 secs]
[GC 1905513K->1649321K(2944256K), 0.0174570 secs]
[GC 1905513K->1649321K(2944256K), 0.0159470 secs]
[GC 1905513K->1649321K(2944256K), 0.0143660 secs]
[GC 1905513K->1649321K(2944256K), 0.0170280 secs]
[GC 1905513K->1649321K(2944256K), 0.0160670 secs]
[GC 1905513K->1649321K(2944256K), 0.0175740 secs]
[GC 1905513K->1649321K(2944256K), 0.0156410 secs]
[GC 1905513K->1649321K(2944256K), 0.0159720 secs]
[GC 1905513K->1649321K(2944256K), 0.0174470 secs]
[GC 1905513K->1649321K(2944256K), 0.0161120 secs]
[GC 1905513K->1649322K(2944256K), 0.0135860 secs]
[GC 1905514K->1649322K(2944256K), 0.0170620 secs]
[GC 1905514K->1649322K(2944256K), 0.0156970 secs]
[GC 1905514K->1649322K(2944256K), 0.0140360 secs]
[GC 1905514K->1649322K(2944256K), 0.0170020 secs]
[GC 1905514K->1649322K(2944256K), 0.0166170 secs]
[GC 1905514K->1649322K(2944256K), 0.0129720 secs]
[GC 1905514K->1649322K(2944256K), 0.0180790 secs]
[GC 1905514K->1649322K(2944256K), 0.0159120 secs]
[GC 1905514K->1649322K(2944256K), 0.0134550 secs]
[GC 1905514K->1649322K(2944256K), 0.0177360 secs]
[GC 1905514K->1649322K(2944256K), 0.0153250 secs]
[GC 1905514K->1649322K(2944256K), 0.0158900 secs]
[GC 1905514K->1649322K(2944256K), 0.0177740 secs]
[GC 1905514K->1649322K(2944256K), 0.0156450 secs]
[GC 1905514K->1649322K(2944256K), 0.0175920 secs]
[GC 1905514K->1649322K(2944256K), 0.0152570 secs]
[GC 1905514K->1649322K(2944256K), 0.0146790 secs]
[GC 1905514K->1649322K(2944256K), 0.0173720 secs]
[GC 1905514K->1649322K(2944256K), 0.0165020 secs]
[GC 1905514K->1649322K(2944256K), 0.0178500 secs]
[GC 1905514K->1649322K(2944256K), 0.0166990 secs]
[GC 1905514K->1649322K(2944256K), 0.0129420 secs]
[GC 1905514K->1649322K(2944256K), 0.0176180 secs]
[GC 1905514K->1649322K(2944256K), 0.0164200 secs]
[GC 1905514K->1649322K(2944256K), 0.0157800 secs]
[GC 1905514K->1649322K(2944256K), 0.0137960 secs]
[GC 1905514K->1649322K(2944256K), 0.0171700 secs]
[GC 1905514K->1649322K(2944256K), 0.0150930 secs]
[GC 1905514K->1649322K(2944256K), 0.0131020 secs]
[GC 1905514K->1649322K(2944256K), 0.0175330 secs]
[GC 1905514K->1649322K(2944256K), 0.0157230 secs]
[GC 1905514K->1649322K(2944256K), 0.0135900 secs]
[GC 1905514K->1649322K(2944256K), 0.0173830 secs]
[GC 1905514K->1649322K(2944256K), 0.0156070 secs]
[GC 1905514K->1649322K(2944256K), 0.0129240 secs]
[GC 1905514K->1649322K(2944256K), 0.0172100 secs]
[GC 1905514K->1649322K(2944256K), 0.0404490 secs]
[GC 1905514K->1649322K(2944256K), 0.0172670 secs]
[GC 1905514K->1649322K(2944256K), 0.0172230 secs]
[GC 1905514K->1649322K(2944256K), 0.0156390 secs]
[GC 1905514K->1649322K(2944256K), 0.0137610 secs]
[GC 1905514K->1649322K(2944256K), 0.0170210 secs]
[GC 1905514K->1649322K(2944256K), 0.0154510 secs]
[GC 1905514K->1649322K(2944256K), 0.0156230 secs]
[GC 1905514K->1649322K(2944256K), 0.0174190 secs]
[GC 1905514K->1649322K(2944256K), 0.0163120 secs]
[GC 1905514K->1649322K(2944256K), 0.0176970 secs]
[GC 1905514K->1649322K(2944256K), 0.0157170 secs]
[GC 1905514K->1649322K(2944256K), 0.0200690 secs]
[GC 1905514K->1649322K(2944256K), 0.0164220 secs]
[GC 1905514K->1649322K(2944256K), 0.0148420 secs]
[GC 1905514K->1649322K(2944256K), 0.0182380 secs]
[GC 1905514K->1649322K(2944256K), 0.0151500 secs]
[GC 1905514K->1649322K(2944256K), 0.0175060 secs]
[GC 1905514K->1649322K(2944256K), 0.0164400 secs]
[GC 1905514K->1649322K(2944256K), 0.0147940 secs]
[GC 1905514K->1649322K(2944256K), 0.0138260 secs]
[GC 1905514K->1649322K(2944256K), 0.0164390 secs]
[GC 1905514K->1649322K(2944256K), 0.0156020 secs]
[GC 1905514K->1649322K(2944256K), 0.0152760 secs]
[GC 1905514K->1649322K(2944256K), 0.0149630 secs]
[GC 1905514K->1649322K(2944256K), 0.0183030 secs]
[GC 1905514K->1649322K(2944256K), 0.0155480 secs]
[GC 1905514K->1649322K(2944256K), 0.0136250 secs]
[GC 1905514K->1649322K(2944256K), 0.0167830 secs]
[GC 1905514K->1649322K(2944256K), 0.0154030 secs]
[GC 1905514K->1649322K(2944256K), 0.0138910 secs]
[GC 1905514K->1649322K(2944256K), 0.0424820 secs]
[GC 1905514K->1649322K(2944256K), 0.0165400 secs]
[GC 1905514K->1649322K(2944256K), 0.0157080 secs]
[GC 1905514K->1649322K(2944256K), 0.0179470 secs]
[GC 1905514K->1649322K(2944256K), 0.0156610 secs]
[GC 1905514K->1649322K(2944256K), 0.0175570 secs]
[GC 1905514K->1649322K(2944256K), 0.0199620 secs]
[GC 1905514K->1649323K(2944256K), 0.0172400 secs]
[GC 1905515K->1649323K(2944256K), 0.0129840 secs]
[GC 1905515K->1649323K(2944256K), 0.0178230 secs]
[GC 1905515K->1649323K(2944256K), 0.0145060 secs]
[GC 1905515K->1649323K(2944256K), 0.0177320 secs]
[GC 1905515K->1649323K(2944256K), 0.0164660 secs]
[GC 1905515K->1649323K(2944256K), 0.0172570 secs]
[GC 1905515K->1649323K(2944256K), 0.0168510 secs]
[GC 1905515K->1649323K(2944256K), 0.0138080 secs]
[GC 1905515K->1649323K(2944256K), 0.0168350 secs]
[GC 1905515K->1649323K(2944256K), 0.0152130 secs]
[GC 1905515K->1649323K(2944256K), 0.0152410 secs]
[GC 1905515K->1649323K(2944256K), 0.0177860 secs]
[GC 1905515K->1649323K(2944256K), 0.0162010 secs]
[GC 1905515K->1649323K(2944256K), 0.0174050 secs]
[GC 1905515K->1649323K(2944256K), 0.0162680 secs]
[GC 1905515K->1649323K(2944256K), 0.0152700 secs]
[GC 1905515K->1649323K(2944256K), 0.0177600 secs]
[GC 1905515K->1649323K(2944256K), 0.0152270 secs]
[GC 1905515K->1649323K(2944256K), 0.0160700 secs]
[GC 1905515K->1649323K(2944256K), 0.0131510 secs]
[GC 1905515K->1649323K(2944256K), 0.0172560 secs]
[GC 1905515K->1649323K(2944256K), 0.0163590 secs]
[GC 1905515K->1649323K(2944256K), 0.0175840 secs]
[GC 1905515K->1649323K(2944256K), 0.0157390 secs]
[GC 1905515K->1649323K(2944256K), 0.0142390 secs]
[GC 1905515K->1649323K(2944256K), 0.0167280 secs]
[GC 1905515K->1649323K(2944256K), 0.0160370 secs]
[GC 1905515K->1649323K(2944256K), 0.0139800 secs]
[GC 1905515K->1649323K(2944256K), 0.0171810 secs]
[GC 1905515K->1649323K(2944256K), 0.0158940 secs]
[GC 1905515K->1649323K(2944256K), 0.0133220 secs]
[GC 1905515K->1649323K(2944256K), 0.0172800 secs]
[GC 1905515K->1649323K(2944256K), 0.0154340 secs]
[GC 1905515K->1649323K(2944256K), 0.0177180 secs]
[GC 1905515K->1649323K(2944256K), 0.0163540 secs]
[GC 1905515K->1649323K(2944256K), 0.0176300 secs]
[GC 1905515K->1649323K(2944256K), 0.0160150 secs]
[GC 1905515K->1649323K(2944256K), 0.0133060 secs]
[GC 1905515K->1649323K(2944256K), 0.0169820 secs]
[GC 1905515K->1649324K(2944256K), 0.0152180 secs]
[GC 1905516K->1649324K(2944256K), 0.0130310 secs]
[GC 1905516K->1649324K(2944256K), 0.0173460 secs]
[GC 1905516K->1649324K(2944256K), 0.0158000 secs]
[GC 1905516K->1649324K(2944256K), 0.0135060 secs]
[GC 1905516K->1649324K(2944256K), 0.0169830 secs]
[GC 1905516K->1649324K(2944256K), 0.0159920 secs]
[GC 1905516K->1649324K(2944256K), 0.0135720 secs]
[GC 1905516K->1649324K(2944256K), 0.0221910 secs]
[GC 1905516K->1649324K(2944256K), 0.0169810 secs]
[GC 1905516K->1649324K(2944256K), 0.0157050 secs]
[GC 1905516K->1649324K(2944256K), 0.0136830 secs]
[GC 1905516K->1649324K(2944256K), 0.0171480 secs]
[GC 1905516K->1649324K(2944256K), 0.0154260 secs]
[GC 1905516K->1649324K(2944256K), 0.0132730 secs]
[GC 1905516K->1649324K(2944256K), 0.0351610 secs]
[GC 1905516K->1649324K(2944256K), 0.0161200 secs]
[GC 1905516K->1649324K(2944256K), 0.0157670 secs]
[GC 1905516K->1649324K(2944256K), 0.0178490 secs]
[GC 1905516K->1649324K(2944256K), 0.0164160 secs]
[GC 1905516K->1649324K(2944256K), 0.0173400 secs]
[GC 1905516K->1649324K(2944256K), 0.0157300 secs]
[GC 1905516K->1649324K(2944256K), 0.0181180 secs]
[GC 1905516K->1649324K(2944256K), 0.0161590 secs]
[GC 1905516K->1649324K(2944256K), 0.0134380 secs]
[GC 1905516K->1649324K(2944256K), 0.0176860 secs]
[GC 1905516K->1649324K(2944256K), 0.0168170 secs]
[GC 1905516K->1649324K(2944256K), 0.0148710 secs]
[GC 1905516K->1649324K(2944256K), 0.0131540 secs]
[GC 1905516K->1649324K(2944256K), 0.0134260 secs]
[GC 1905516K->1649324K(2944256K), 0.0169460 secs]
[GC 1905516K->1649324K(2944256K), 0.0175710 secs]
[GC 1905516K->1649324K(2944256K), 0.0155100 secs]
[GC 1905516K->1649324K(2944256K), 0.0177760 secs]
[GC 1905516K->1649324K(2944256K), 0.0159940 secs]
[GC 1905516K->1649324K(2944256K), 0.0138640 secs]
[GC 1905516K->1649324K(2944256K), 0.0169900 secs]
[GC 1905516K->1649324K(2944256K), 0.0155820 secs]
[GC 1905516K->1649324K(2944256K), 0.0174900 secs]
[GC 1905516K->1649324K(2944256K), 0.0148180 secs]
[GC 1905516K->1649324K(2944256K), 0.0173260 secs]
[GC 1905516K->1649324K(2944256K), 0.0154510 secs]
[GC 1905516K->1649324K(2944256K), 0.0175100 secs]
[GC 1905516K->1649324K(2944256K), 0.0170070 secs]
[GC 1905516K->1649324K(2944256K), 0.0151170 secs]
[GC 1905516K->1649324K(2944256K), 0.0179690 secs]
[GC 1905516K->1649324K(2944256K), 0.0422380 secs]
[GC 1905516K->1649324K(2944256K), 0.0160840 secs]
[GC 1905516K->1649324K(2944256K), 0.0155300 secs]
[GC 1905516K->1649324K(2944256K), 0.0137190 secs]
[GC 1905516K->1649324K(2944256K), 0.0170710 secs]
[GC 1905516K->1649324K(2944256K), 0.0151130 secs]
[GC 1905516K->1649324K(2944256K), 0.0176710 secs]
[GC 1905516K->1649324K(2944256K), 0.0150840 secs]
[GC 1905516K->1649324K(2944256K), 0.0171030 secs]
[GC 1905516K->1649324K(2944256K), 0.0154030 secs]
[GC 1905516K->1649324K(2944256K), 0.0176810 secs]
[GC 1905516K->1649324K(2944256K), 0.0163080 secs]
[GC 1905516K->1649324K(2944256K), 0.0174930 secs]
[GC 1905516K->1649324K(2944256K), 0.0160020 secs]
[GC 1905516K->1649324K(2944256K), 0.0176790 secs]
[GC 1905516K->1649324K(2944256K), 0.0157470 secs]
[GC 1905516K->1649324K(2944256K), 0.0131960 secs]
[GC 1905516K->1649324K(2944256K), 0.0170190 secs]
[GC 1905516K->1649324K(2944256K), 0.0153650 secs]
[GC 1905516K->1649324K(2944256K), 0.0140830 secs]
[GC 1905516K->1649324K(2944256K), 0.0169200 secs]
[GC 1905516K->1649324K(2944256K), 0.0151950 secs]
[GC 1905516K->1649324K(2944256K), 0.0173990 secs]
[GC 1905516K->1649324K(2944256K), 0.0160980 secs]
[GC 1905516K->1649324K(2944256K), 0.0175260 secs]
[GC 1905516K->1649324K(2944256K), 0.0154370 secs]
[GC 1905516K->1649324K(2944256K), 0.0138600 secs]
[GC 1905516K->1649324K(2944256K), 0.0174240 secs]
[GC 1905516K->1649324K(2944256K), 0.0157160 secs]
[GC 1905516K->1649324K(2944256K), 0.0129310 secs]
[GC 1905516K->1649324K(2944256K), 0.0172420 secs]
[GC 1905516K->1649324K(2944256K), 0.0157320 secs]
[GC 1905516K->1649324K(2944256K), 0.0147580 secs]
[GC 1905516K->1649324K(2944256K), 0.0172930 secs]
[GC 1905516K->1649324K(2944256K), 0.0156880 secs]
[GC 1905516K->1649324K(2944256K), 0.0153980 secs]
[GC 1905516K->1649324K(2944256K), 0.0133760 secs]
[GC 1905516K->1649325K(2944256K), 0.0167400 secs]
[GC 1905517K->1649325K(2944256K), 0.0151580 secs]
[GC 1905517K->1649325K(2944256K), 0.0152040 secs]
[GC 1905517K->1649325K(2944256K), 0.0151530 secs]
[GC 1905517K->1649325K(2944256K), 0.0173660 secs]
[GC 1905517K->1649325K(2944256K), 0.0158130 secs]
[GC 1905517K->1649325K(2944256K), 0.0151840 secs]
[GC 1905517K->1649325K(2944256K), 0.0147670 secs]
[GC 1905517K->1649325K(2944256K), 0.0128190 secs]
[GC 1905517K->1649325K(2944256K), 0.0166470 secs]
[GC 1905517K->1649325K(2944256K), 0.0158100 secs]
[GC 1905517K->1649325K(2944256K), 0.0174170 secs]
[GC 1905517K->1649325K(2944256K), 0.0152090 secs]
[GC 1905517K->1649325K(2944256K), 0.0147480 secs]
[GC 1905517K->1649325K(2944256K), 0.0127400 secs]
[GC 1905517K->1649325K(2944256K), 0.0173260 secs]
[GC 1905517K->1649325K(2944256K), 0.0153030 secs]
[GC 1905517K->1649325K(2944256K), 0.0149560 secs]
[GC 1905517K->1649325K(2944256K), 0.0127870 secs]
[GC 1905517K->1649325K(2944256K), 0.0167420 secs]
[GC 1905517K->1649325K(2944256K), 0.0152370 secs]
[GC 1905517K->1649325K(2944256K), 0.0151960 secs]
[GC 1905517K->1649325K(2944256K), 0.0129930 secs]
[GC 1905517K->1649325K(2944256K), 0.0170080 secs]
[GC 1905517K->1649326K(2944256K), 0.0151160 secs]
[GC 1905518K->1649326K(2944256K), 0.0383110 secs]
[GC 1905518K->1649326K(2944256K), 0.0161550 secs]
[GC 1905518K->1649326K(2944256K), 0.0151520 secs]
[GC 1905518K->1649326K(2944256K), 0.0170370 secs]
[GC 1905518K->1649326K(2944256K), 0.0151590 secs]
[GC 1905518K->1649326K(2944256K), 0.0134240 secs]
[GC 1905518K->1649326K(2944256K), 0.0171270 secs]
[GC 1905518K->1649326K(2944256K), 0.0151880 secs]
[GC 1905518K->1649326K(2944256K), 0.0155600 secs]
[GC 1905518K->1649326K(2944256K), 0.0175980 secs]
[GC 1905518K->1649326K(2944256K), 0.0157410 secs]
[GC 1905518K->1649326K(2944256K), 0.0174100 secs]
[GC 1905518K->1649326K(2944256K), 0.0152100 secs]
[GC 1905518K->1649326K(2944256K), 0.0141620 secs]
[GC 1905518K->1649326K(2944256K), 0.0171860 secs]
[GC 1905518K->1649326K(2944256K), 0.0149410 secs]
[GC 1905518K->1649326K(2944256K), 0.0129280 secs]
[GC 1905518K->1649326K(2944256K), 0.0172780 secs]
[GC 1905518K->1649326K(2944256K), 0.0156480 secs]
[GC 1905518K->1649326K(2944256K), 0.0147470 secs]
[GC 1905518K->1649326K(2944256K), 0.0127660 secs]
[GC 1905518K->1649326K(2944256K), 0.0217260 secs]
[GC 1905518K->1649326K(2944256K), 0.0165790 secs]
[GC 1905518K->1649326K(2944256K), 0.0147920 secs]
[GC 1905518K->1649326K(2944256K), 0.0128750 secs]
[GC 1905518K->1649326K(2944256K), 0.0169580 secs]
[GC 1905518K->1649326K(2944256K), 0.0158990 secs]
[GC 1905518K->1649326K(2944256K), 0.0172080 secs]
[GC 1905518K->1649326K(2944256K), 0.0153390 secs]
[GC 1905518K->1649326K(2944256K), 0.0128540 secs]
[GC 1905518K->1649326K(2944256K), 0.0166630 secs]
[GC 1905518K->1649326K(2944256K), 0.0418470 secs]
[GC 1905518K->1649326K(2944256K), 0.0155590 secs]
[GC 1905518K->1649326K(2944256K), 0.0153050 secs]
[GC 1905518K->1649326K(2944256K), 0.0178390 secs]
[GC 1905518K->1649326K(2944256K), 0.0157720 secs]
[GC 1905518K->1649326K(2944256K), 0.0129940 secs]
[GC 1905518K->1649326K(2944256K), 0.0171600 secs]
[GC 1905518K->1649326K(2944256K), 0.0152000 secs]
[GC 1905518K->1649326K(2944256K), 0.0140820 secs]
[GC 1905518K->1649324K(2944256K), 0.0173870 secs]
[GC 1905516K->1649326K(2944256K), 0.0151750 secs]
[GC 1905518K->1649326K(2944256K), 0.0127780 secs]
[GC 1905518K->1649326K(2944256K), 0.0174650 secs]
[GC 1905518K->1649326K(2944256K), 0.0156220 secs]
[GC 1905518K->1649326K(2944256K), 0.0155830 secs]
[GC 1905518K->1649326K(2944256K), 0.0178580 secs]
[GC 1905518K->1649326K(2944256K), 0.0156750 secs]
[GC 1905518K->1649326K(2944256K), 0.0150610 secs]
[GC 1905518K->1649326K(2944256K), 0.0128570 secs]
[GC 1905518K->1649326K(2944256K), 0.0171600 secs]
[GC 1905518K->1649326K(2944256K), 0.0156460 secs]
[GC 1905518K->1649326K(2944256K), 0.0142580 secs]
[GC 1905518K->1649326K(2944256K), 0.0130240 secs]
[GC 1905518K->1649326K(2944256K), 0.0174520 secs]
[GC 1905518K->1649326K(2944256K), 0.0158070 secs]
[GC 1905518K->1649326K(2944256K), 0.0146780 secs]
[GC 1905518K->1649326K(2944256K), 0.0172210 secs]
[GC 1905518K->1649326K(2944256K), 0.0158550 secs]
[GC 1905518K->1649326K(2944256K), 0.0181100 secs]
[GC 1905518K->1649326K(2944256K), 0.0160620 secs]
[GC 1905518K->1649326K(2944256K), 0.0149440 secs]
[GC 1905518K->1649326K(2944256K), 0.0402260 secs]
[GC 1905518K->1649326K(2944256K), 0.0151510 secs]
[GC 1905518K->1649326K(2944256K), 0.0128230 secs]
[GC 1905518K->1649326K(2944256K), 0.0169560 secs]
[GC 1905518K->1649326K(2944256K), 0.0157000 secs]
[GC 1905518K->1649326K(2944256K), 0.0135730 secs]
[GC 1905518K->1649326K(2944256K), 0.0176670 secs]
[GC 1905518K->1649326K(2944256K), 0.0196770 secs]
[GC 1905518K->1649326K(2944256K), 0.0168750 secs]
[GC 1905518K->1649326K(2944256K), 0.0159630 secs]
[GC 1905518K->1649326K(2944256K), 0.0129230 secs]
[GC 1905518K->1649326K(2944256K), 0.0169380 secs]
[GC 1905518K->1649326K(2944256K), 0.0156950 secs]
[GC 1905518K->1649326K(2944256K), 0.0147300 secs]
[GC 1905518K->1649326K(2944256K), 0.0129580 secs]
[GC 1905518K->1649326K(2944256K), 0.0168710 secs]
[GC 1905518K->1649326K(2944256K), 0.0152030 secs]
[GC 1905518K->1649326K(2944256K), 0.0147930 secs]
[GC 1905518K->1649326K(2944256K), 0.0128810 secs]
[GC 1905518K->1649326K(2944256K), 0.0175850 secs]
[GC 1905518K->1649326K(2944256K), 0.0202190 secs]
[GC 1905518K->1649326K(2944256K), 0.0170380 secs]
[GC 1905518K->1649327K(2944256K), 0.0158880 secs]
[GC 1905519K->1649327K(2944256K), 0.0175220 secs]
[GC 1905519K->1649327K(2944256K), 0.0160410 secs]
[GC 1905519K->1649327K(2944256K), 0.0153600 secs]
[GC 1905519K->1649327K(2944256K), 0.0174970 secs]
[GC 1905519K->1649327K(2944256K), 0.0157200 secs]
[GC 1905519K->1649325K(2944256K), 0.0128700 secs]
[GC 1905517K->1649327K(2944256K), 0.0171080 secs]
[GC 1905519K->1649327K(2944256K), 0.0156960 secs]
[GC 1905519K->1649327K(2944256K), 0.0156040 secs]
[GC 1905519K->1649327K(2944256K), 0.0179970 secs]
[GC 1905519K->1649327K(2944256K), 0.0158950 secs]
[GC 1905519K->1649327K(2944256K), 0.0154410 secs]
[GC 1905519K->1649327K(2944256K), 0.0177230 secs]
[GC 1905519K->1649327K(2944256K), 0.0167800 secs]
[GC 1905519K->1649327K(2944256K), 0.0150310 secs]
[GC 1905519K->1649327K(2944256K), 0.0173290 secs]
[GC 1905519K->1649327K(2944256K), 0.0159350 secs]
[GC 1905519K->1649327K(2944256K), 0.0151060 secs]
[GC 1905519K->1649327K(2944256K), 0.0128430 secs]
[GC 1905519K->1649327K(2944256K), 0.0171710 secs]
[GC 1905519K->1649327K(2944256K), 0.0163760 secs]
[GC 1905519K->1649327K(2944256K), 0.0149050 secs]
[GC 1905519K->1649327K(2944256K), 0.0175700 secs]
[GC 1905519K->1649327K(2944256K), 0.0158240 secs]
[GC 1905519K->1649327K(2944256K), 0.0151360 secs]
[GC 1905519K->1649327K(2944256K), 0.0132170 secs]
[GC 1905519K->1649327K(2944256K), 0.0175160 secs]
[GC 1905519K->1649327K(2944256K), 0.0152280 secs]
[GC 1905519K->1649327K(2944256K), 0.0145280 secs]
[GC 1905519K->1649327K(2944256K), 0.0128090 secs]
[GC 1905519K->1649327K(2944256K), 0.0167240 secs]
[GC 1905519K->1649327K(2944256K), 0.0158180 secs]
[GC 1905519K->1649327K(2944256K), 0.0129490 secs]
[GC 1905519K->1649327K(2944256K), 0.0175390 secs]
[GC 1905519K->1649327K(2944256K), 0.0167740 secs]
[GC 1905519K->1649327K(2944256K), 0.0177220 secs]
[GC 1905519K->1649327K(2944256K), 0.0157330 secs]
[GC 1905519K->1649328K(2944256K), 0.0128490 secs]
[GC 1905520K->1649328K(2944256K), 0.0177300 secs]
[GC 1905520K->1649328K(2944256K), 0.0160130 secs]
[GC 1905520K->1649328K(2944256K), 0.0128230 secs]
[GC 1905520K->1649328K(2944256K), 0.0176760 secs]
[GC 1905520K->1649328K(2944256K), 0.0156260 secs]
[GC 1905520K->1649328K(2944256K), 0.0128090 secs]
[GC 1905520K->1649328K(2944256K), 0.0176140 secs]
[GC 1905520K->1649328K(2944256K), 0.0160420 secs]
[GC 1905520K->1649328K(2944256K), 0.0178550 secs]
[GC 1905520K->1649328K(2944256K), 0.0151660 secs]
[GC 1905520K->1649328K(2944256K), 0.0150800 secs]
[GC 1905520K->1649328K(2944256K), 0.0128530 secs]
[GC 1905520K->1649328K(2944256K), 0.0171620 secs]
[GC 1905520K->1649328K(2944256K), 0.0160030 secs]
[GC 1905520K->1649328K(2944256K), 0.0145120 secs]
[GC 1905520K->1649328K(2944256K), 0.0172380 secs]
[GC 1905520K->1649328K(2944256K), 0.0156080 secs]
[GC 1905520K->1649328K(2944256K), 0.0155580 secs]
[GC 1905520K->1649328K(2944256K), 0.0136450 secs]
[GC 1905520K->1649328K(2944256K), 0.0177230 secs]
[GC 1905520K->1649328K(2944256K), 0.0196350 secs]
[GC 1905520K->1649328K(2944256K), 0.0166480 secs]
[GC 1905520K->1649328K(2944256K), 0.0160430 secs]
[GC 1905520K->1649328K(2944256K), 0.0151940 secs]
[GC 1905520K->1649328K(2944256K), 0.0152240 secs]
[GC 1905520K->1649328K(2944256K), 0.0147810 secs]
[GC 1905520K->1649328K(2944256K), 0.0128130 secs]
[GC 1905520K->1649328K(2944256K), 0.0176080 secs]
[GC 1905520K->1649328K(2944256K), 0.0157260 secs]
[GC 1905520K->1649328K(2944256K), 0.0128370 secs]
[GC 1905520K->1649328K(2944256K), 0.0174570 secs]
[GC 1905520K->1649328K(2944256K), 0.0380760 secs]
[GC 1905520K->1649328K(2944256K), 0.0172340 secs]
[GC 1905520K->1649328K(2944256K), 0.0155400 secs]
[GC 1905520K->1649328K(2944256K), 0.0176450 secs]
[GC 1905520K->1649328K(2944256K), 0.0158730 secs]
[GC 1905520K->1649328K(2944256K), 0.0128650 secs]
[GC 1905520K->1649328K(2944256K), 0.0167220 secs]
[GC 1905520K->1649328K(2944256K), 0.0152260 secs]
[GC 1905520K->1649328K(2944256K), 0.0128710 secs]
[GC 1905520K->1649328K(2944256K), 0.0174470 secs]
[GC 1905520K->1649328K(2944256K), 0.0157250 secs]
[GC 1905520K->1649328K(2944256K), 0.0155660 secs]
[GC 1905520K->1649329K(2944256K), 0.0129050 secs]
[GC 1905521K->1649329K(2944256K), 0.0171730 secs]
[GC 1905521K->1649329K(2944256K), 0.0152120 secs]
[GC 1905521K->1649329K(2944256K), 0.0128480 secs]
[GC 1905521K->1649329K(2944256K), 0.0170990 secs]
[GC 1905521K->1649329K(2944256K), 0.0155730 secs]
[GC 1905521K->1649329K(2944256K), 0.0127770 secs]
[GC 1905521K->1649329K(2944256K), 0.0172870 secs]
[GC 1905521K->1649329K(2944256K), 0.0156760 secs]
[GC 1905521K->1649329K(2944256K), 0.0146900 secs]
[GC 1905521K->1649329K(2944256K), 0.0130410 secs]
[GC 1905521K->1649329K(2944256K), 0.0174620 secs]
[GC 1905521K->1649329K(2944256K), 0.0159490 secs]
[GC 1905521K->1649329K(2944256K), 0.0127540 secs]
[GC 1905521K->1649329K(2944256K), 0.0180360 secs]
[GC 1905521K->1649329K(2944256K), 0.0155860 secs]
[GC 1905521K->1649329K(2944256K), 0.0127730 secs]
[GC 1905521K->1649329K(2944256K), 0.0174450 secs]
[GC 1905521K->1649329K(2944256K), 0.0155300 secs]
[GC 1905521K->1649329K(2944256K), 0.0408190 secs]
[GC 1905521K->1649329K(2944256K), 0.0161380 secs]
[GC 1905521K->1649329K(2944256K), 0.0160920 secs]
[GC 1905521K->1649329K(2944256K), 0.0128410 secs]
[GC 1905521K->1649327K(2944256K), 0.0172510 secs]
[GC 1905519K->1649329K(2944256K), 0.0156210 secs]
[GC 1905521K->1649329K(2944256K), 0.0145780 secs]
[GC 1905521K->1649329K(2944256K), 0.0177350 secs]
[GC 1905521K->1649329K(2944256K), 0.0159670 secs]
[GC 1903716K->1649329K(2944256K), 0.0157420 secs]
[GC 1905521K->1649329K(2944256K), 0.0149890 secs]
[GC 1905521K->1649329K(2944256K), 0.0175940 secs]
[GC 1905521K->1649329K(2944256K), 0.0161360 secs]
[GC 1905521K->1649329K(2944256K), 0.0154540 secs]
[GC 1905521K->1649329K(2944256K), 0.0128330 secs]
[GC 1905521K->1649329K(2944256K), 0.0169210 secs]
[GC 1905521K->1649329K(2944256K), 0.0155870 secs]
[GC 1905521K->1649329K(2944256K), 0.0147080 secs]
[GC 1905521K->1649329K(2944256K), 0.0127990 secs]
[GC 1905521K->1649329K(2944256K), 0.0172920 secs]
[GC 1905521K->1649329K(2944256K), 0.0156010 secs]
[GC 1905521K->1649329K(2944256K), 0.0141730 secs]
[GC 1905521K->1649329K(2944256K), 0.0171460 secs]
[GC 1905521K->1649329K(2944256K), 0.0159570 secs]
[GC 1905521K->1649329K(2944256K), 0.0148200 secs]
[GC 1905521K->1649329K(2944256K), 0.0170370 secs]
[GC 1905521K->1649329K(2944256K), 0.0149540 secs]
[GC 1905521K->1649329K(2944256K), 0.0128910 secs]
[GC 1905521K->1649329K(2944256K), 0.0172260 secs]
[GC 1905521K->1649329K(2944256K), 0.0156960 secs]
[GC 1905521K->1649329K(2944256K), 0.0156180 secs]
[GC 1905521K->1649329K(2944256K), 0.0365010 secs]
[GC 1905521K->1649329K(2944256K), 0.0172860 secs]
[GC 1905521K->1649329K(2944256K), 0.0153860 secs]
[GC 1905521K->1649329K(2944256K), 0.0132800 secs]
[GC 1905521K->1649329K(2944256K), 0.0130690 secs]
[GC 1905521K->1649329K(2944256K), 0.0128420 secs]
[GC 1905521K->1649329K(2944256K), 0.0173770 secs]
[GC 1905521K->1649329K(2944256K), 0.0156730 secs]
[GC 1905521K->1649329K(2944256K), 0.0150740 secs]
[GC 1905521K->1649329K(2944256K), 0.0128550 secs]
[GC 1905521K->1649329K(2944256K), 0.0172300 secs]
[GC 1905521K->1649329K(2944256K), 0.0151200 secs]
[GC 1905521K->1649329K(2944256K), 0.0156790 secs]
[GC 1905521K->1649329K(2944256K), 0.0147210 secs]
[GC 1905521K->1649329K(2944256K), 0.0128160 secs]
[GC 1905521K->1649329K(2944256K), 0.0127500 secs]
[GC 1905521K->1649329K(2944256K), 0.0166680 secs]
[GC 1905521K->1649329K(2944256K), 0.0153620 secs]
[GC 1905521K->1649329K(2944256K), 0.0146380 secs]
[GC 1905521K->1649329K(2944256K), 0.0130070 secs]
[GC 1905521K->1649329K(2944256K), 0.0169000 secs]
[GC 1905521K->1649329K(2944256K), 0.0153070 secs]
[GC 1905521K->1649329K(2944256K), 0.0133840 secs]
[GC 1905521K->1649329K(2944256K), 0.0173830 secs]
[GC 1905521K->1649329K(2944256K), 0.0161310 secs]
[GC 1905521K->1649329K(2944256K), 0.0156580 secs]
[GC 1905521K->1649329K(2944256K), 0.0149560 secs]
[GC 1905521K->1649329K(2944256K), 0.0130470 secs]
[GC 1905521K->1649329K(2944256K), 0.0173100 secs]
[GC 1905521K->1649329K(2944256K), 0.0158420 secs]
[GC 1905521K->1649329K(2944256K), 0.0152580 secs]
[GC 1905521K->1649329K(2944256K), 0.0405390 secs]
[GC 1905521K->1649329K(2944256K), 0.0170690 secs]
[GC 1905521K->1649329K(2944256K), 0.0176910 secs]
[GC 1905521K->1649329K(2944256K), 0.0180420 secs]
[GC 1905521K->1649329K(2944256K), 0.0164900 secs]
[GC 1905521K->1649329K(2944256K), 0.0154540 secs]
[GC 1905521K->1649329K(2944256K), 0.0195190 secs]
[GC 1905521K->1649329K(2944256K), 0.0166110 secs]
[GC 1905521K->1649329K(2944256K), 0.0158080 secs]
[GC 1905521K->1649329K(2944256K), 0.0130950 secs]
[GC 1905521K->1649330K(2944256K), 0.0173640 secs]
[GC 1905522K->1649330K(2944256K), 0.0158670 secs]
[GC 1905522K->1649330K(2944256K), 0.0153650 secs]
[GC 1905522K->1649330K(2944256K), 0.0149690 secs]
[GC 1905522K->1649330K(2944256K), 0.0130220 secs]
[GC 1905522K->1649330K(2944256K), 0.0172230 secs]
[GC 1905522K->1649330K(2944256K), 0.0153140 secs]
[GC 1905522K->1649330K(2944256K), 0.0143950 secs]
[GC 1905522K->1649330K(2944256K), 0.0129690 secs]
[GC 1905522K->1649330K(2944256K), 0.0174520 secs]
[GC 1905522K->1649330K(2944256K), 0.0156560 secs]
[GC 1905522K->1649330K(2944256K), 0.0132300 secs]
[GC 1905522K->1649330K(2944256K), 0.0173410 secs]
[GC 1905522K->1649330K(2944256K), 0.0158540 secs]
[GC 1905522K->1649330K(2944256K), 0.0153540 secs]
[GC 1905522K->1649330K(2944256K), 0.0134480 secs]
[GC 1905522K->1649330K(2944256K), 0.0169410 secs]
[GC 1905522K->1649330K(2944256K), 0.0153340 secs]
[GC 1905522K->1649330K(2944256K), 0.0135230 secs]
[GC 1905522K->1649330K(2944256K), 0.0173720 secs]
[GC 1905522K->1649330K(2944256K), 0.0160630 secs]
[GC 1905522K->1649330K(2944256K), 0.0151770 secs]
[GC 1905522K->1649330K(2944256K), 0.0172960 secs]
[GC 1905522K->1649330K(2944256K), 0.0152910 secs]
[GC 1905522K->1649330K(2944256K), 0.0130490 secs]
[GC 1905522K->1649330K(2944256K), 0.0168660 secs]
[GC 1905522K->1649330K(2944256K), 0.0151940 secs]
[GC 1905522K->1649330K(2944256K), 0.0175400 secs]
[GC 1905522K->1649330K(2944256K), 0.0158120 secs]
[GC 1905522K->1649330K(2944256K), 0.0153040 secs]
[GC 1905522K->1649330K(2944256K), 0.0129730 secs]
[GC 1905522K->1649330K(2944256K), 0.0174050 secs]
[GC 1905522K->1649330K(2944256K), 0.0158550 secs]
[GC 1905522K->1649330K(2944256K), 0.0155450 secs]
[GC 1905522K->1649330K(2944256K), 0.0131290 secs]
[GC 1905522K->1649330K(2944256K), 0.0171460 secs]
[GC 1905522K->1649330K(2944256K), 0.0153280 secs]
[GC 1905522K->1649330K(2944256K), 0.0152980 secs]
[GC 1905522K->1649330K(2944256K), 0.0129080 secs]
[GC 1905522K->1649330K(2944256K), 0.0170760 secs]
[GC 1905522K->1649330K(2944256K), 0.0152350 secs]
[GC 1905522K->1649330K(2944256K), 0.0148920 secs]
[GC 1905522K->1649330K(2944256K), 0.0130110 secs]
[GC 1905522K->1649330K(2944256K), 0.0129600 secs]
[GC 1905522K->1649330K(2944256K), 0.0173690 secs]
[GC 1905522K->1649330K(2944256K), 0.0159290 secs]
[GC 1905522K->1649330K(2944256K), 0.0152700 secs]
[GC 1905522K->1649330K(2944256K), 0.0174180 secs]
[GC 1905522K->1649330K(2944256K), 0.0153260 secs]
[GC 1905522K->1649330K(2944256K), 0.0149030 secs]
[GC 1905522K->1649330K(2944256K), 0.0172220 secs]
[GC 1905522K->1649330K(2944256K), 0.0156290 secs]
[GC 1905522K->1649330K(2944256K), 0.0440230 secs]
[GC 1905522K->1649330K(2944256K), 0.0167600 secs]
[GC 1905522K->1649331K(2944256K), 0.0157350 secs]
[GC 1905523K->1649331K(2944256K), 0.0134300 secs]
[GC 1905523K->1649331K(2944256K), 0.0173240 secs]
[GC 1905523K->1649331K(2944256K), 0.0157390 secs]
[GC 1905523K->1649331K(2944256K), 0.0130930 secs]
[GC 1905523K->1649331K(2944256K), 0.0173250 secs]
[GC 1905523K->1649331K(2944256K), 0.0158340 secs]
[GC 1905523K->1649331K(2944256K), 0.0155190 secs]
[GC 1905523K->1649331K(2944256K), 0.0157090 secs]
[GC 1905523K->1649331K(2944256K), 0.0130770 secs]
[GC 1905523K->1649331K(2944256K), 0.0169030 secs]
[GC 1905523K->1649331K(2944256K), 0.0152800 secs]
[GC 1905523K->1649331K(2944256K), 0.0154020 secs]
[GC 1905523K->1649331K(2944256K), 0.0148630 secs]
[GC 1905523K->1649331K(2944256K), 0.0148340 secs]
[GC 1905523K->1649331K(2944256K), 0.0130820 secs]
[GC 1905523K->1649331K(2944256K), 0.0176700 secs]
[GC 1905523K->1649331K(2944256K), 0.0153920 secs]
[GC 1905523K->1649331K(2944256K), 0.0129950 secs]
[GC 1905523K->1649331K(2944256K), 0.0174370 secs]
[GC 1905523K->1649331K(2944256K), 0.0157180 secs]
[GC 1905523K->1649331K(2944256K), 0.0139820 secs]
[GC 1905523K->1649331K(2944256K), 0.0173190 secs]
[GC 1905523K->1649331K(2944256K), 0.0153270 secs]
[GC 1905523K->1649331K(2944256K), 0.0143980 secs]
[GC 1905523K->1649331K(2944256K), 0.0172990 secs]
[GC 1905523K->1649331K(2944256K), 0.0153740 secs]
[GC 1905523K->1649331K(2944256K), 0.0149420 secs]
[GC 1905523K->1649331K(2944256K), 0.0131590 secs]
[GC 1905523K->1649331K(2944256K), 0.0168360 secs]
[GC 1905523K->1649331K(2944256K), 0.0151010 secs]
[GC 1905523K->1649331K(2944256K), 0.0129350 secs]
[GC 1905523K->1649331K(2944256K), 0.0169310 secs]
[GC 1905523K->1649331K(2944256K), 0.0157940 secs]
[GC 1905523K->1649331K(2944256K), 0.0138980 secs]
[GC 1905523K->1649331K(2944256K), 0.0172610 secs]
[GC 1905523K->1649331K(2944256K), 0.0153970 secs]
[GC 1905523K->1649331K(2944256K), 0.0131390 secs]
[GC 1905523K->1649331K(2944256K), 0.0173480 secs]
[GC 1905523K->1649331K(2944256K), 0.0155820 secs]
[GC 1905523K->1649331K(2944256K), 0.0131600 secs]
[GC 1905523K->1649331K(2944256K), 0.0168830 secs]
[GC 1905523K->1649331K(2944256K), 0.0154560 secs]
[GC 1905523K->1649331K(2944256K), 0.0143300 secs]
[GC 1905523K->1649331K(2944256K), 0.0173350 secs]
[GC 1905523K->1649331K(2944256K), 0.0157950 secs]
[GC 1905523K->1649331K(2944256K), 0.0148060 secs]
[GC 1905523K->1649331K(2944256K), 0.0174890 secs]
[GC 1905523K->1649332K(2944256K), 0.0153030 secs]
[GC 1905524K->1649332K(2944256K), 0.0153340 secs]
[GC 1905524K->1649332K(2944256K), 0.0133950 secs]
[GC 1905524K->1649332K(2944256K), 0.0172740 secs]
[GC 1905524K->1649332K(2944256K), 0.0152620 secs]
[GC 1905524K->1649332K(2944256K), 0.0141310 secs]
[GC 1905524K->1649332K(2944256K), 0.0129930 secs]
[GC 1905524K->1649332K(2944256K), 0.0173310 secs]
[GC 1905524K->1649332K(2944256K), 0.0157440 secs]
[GC 1905524K->1649332K(2944256K), 0.0147920 secs]
[GC 1905524K->1649332K(2944256K), 0.0129300 secs]
[GC 1905524K->1649332K(2944256K), 0.0173200 secs]
[GC 1905524K->1649332K(2944256K), 0.0360830 secs]
[GC 1905524K->1649332K(2944256K), 0.0152820 secs]
[GC 1905524K->1649332K(2944256K), 0.0148710 secs]
[GC 1905524K->1649332K(2944256K), 0.0176320 secs]
[GC 1905524K->1649332K(2944256K), 0.0162990 secs]
[GC 1905524K->1649332K(2944256K), 0.0154010 secs]
[GC 1905524K->1649332K(2944256K), 0.0136410 secs]
[GC 1905524K->1649332K(2944256K), 0.0168590 secs]
[GC 1905524K->1649332K(2944256K), 0.0152330 secs]
[GC 1905524K->1649332K(2944256K), 0.0140430 secs]
[GC 1905524K->1649332K(2944256K), 0.0173690 secs]
[GC 1905524K->1649332K(2944256K), 0.0149260 secs]
[GC 1905524K->1649332K(2944256K), 0.0173550 secs]
[GC 1905524K->1649332K(2944256K), 0.0162040 secs]
[GC 1905524K->1649332K(2944256K), 0.0157750 secs]
[GC 1905524K->1649332K(2944256K), 0.0153380 secs]
[GC 1905524K->1649332K(2944256K), 0.0142750 secs]
[GC 1905524K->1649332K(2944256K), 0.0176000 secs]
[GC 1905524K->1649332K(2944256K), 0.0155840 secs]
[GC 1905524K->1649332K(2944256K), 0.0131370 secs]
[GC 1905524K->1649332K(2944256K), 0.0172600 secs]
[GC 1905524K->1649332K(2944256K), 0.0153680 secs]
[GC 1905524K->1649332K(2944256K), 0.0148260 secs]
[GC 1905524K->1649332K(2944256K), 0.0148190 secs]
[GC 1905524K->1649332K(2944256K), 0.0168790 secs]
[GC 1905524K->1649332K(2944256K), 0.0153200 secs]
[GC 1905524K->1649332K(2944256K), 0.0143590 secs]
[GC 1905524K->1649332K(2944256K), 0.0172710 secs]
[GC 1905524K->1649332K(2944256K), 0.0155780 secs]
[GC 1905524K->1649332K(2944256K), 0.0131330 secs]
[GC 1905524K->1649332K(2944256K), 0.0172100 secs]
[GC 1905524K->1649332K(2944256K), 0.0484210 secs]
[GC 1905524K->1649332K(2944256K), 0.0173070 secs]
[GC 1905524K->1649332K(2944256K), 0.0158470 secs]
[GC 1905524K->1649332K(2944256K), 0.0149060 secs]
[GC 1905524K->1649332K(2944256K), 0.0173260 secs]
[GC 1905524K->1649332K(2944256K), 0.0158530 secs]
[GC 1905524K->1649332K(2944256K), 0.0148710 secs]
[GC 1905524K->1649332K(2944256K), 0.0130020 secs]
[GC 1905524K->1649332K(2944256K), 0.0172880 secs]
[GC 1905524K->1649332K(2944256K), 0.0158020 secs]
[GC 1905524K->1649332K(2944256K), 0.0130420 secs]
[GC 1905524K->1649332K(2944256K), 0.0168190 secs]
[GC 1905524K->1649332K(2944256K), 0.0154380 secs]
[GC 1905524K->1649332K(2944256K), 0.0139590 secs]
[GC 1905524K->1649332K(2944256K), 0.0174770 secs]
[GC 1905524K->1649332K(2944256K), 0.0158520 secs]
[GC 1905524K->1649332K(2944256K), 0.0147030 secs]
[GC 1905524K->1649332K(2944256K), 0.0172980 secs]
[GC 1905524K->1649332K(2944256K), 0.0152320 secs]
[GC 1905524K->1649332K(2944256K), 0.0173900 secs]
[GC 1905524K->1649332K(2944256K), 0.0155140 secs]
[GC 1905524K->1649332K(2944256K), 0.0130120 secs]
[GC 1905524K->1649332K(2944256K), 0.0171810 secs]
[GC 1905524K->1649332K(2944256K), 0.0149790 secs]
[GC 1905524K->1649332K(2944256K), 0.0172360 secs]
[GC 1905524K->1649332K(2944256K), 0.0157820 secs]
[GC 1905524K->1649332K(2944256K), 0.0153200 secs]
[GC 1905524K->1649332K(2944256K), 0.0135390 secs]
[GC 1905524K->1649332K(2944256K), 0.0168790 secs]
[GC 1905524K->1649332K(2944256K), 0.0155330 secs]
[GC 1905524K->1649332K(2944256K), 0.0135120 secs]
[GC 1905524K->1649332K(2944256K), 0.0173470 secs]
[GC 1905524K->1649332K(2944256K), 0.0157270 secs]
[GC 1905524K->1649332K(2944256K), 0.0151030 secs]
[GC 1905524K->1649332K(2944256K), 0.0173600 secs]
[GC 1905524K->1649332K(2944256K), 0.0148560 secs]
[GC 1905524K->1649332K(2944256K), 0.0173550 secs]
[GC 1905524K->1649332K(2944256K), 0.0158050 secs]
[GC 1905524K->1649333K(2944256K), 0.0151940 secs]
[GC 1905525K->1649333K(2944256K), 0.0140050 secs]
[GC 1905525K->1649333K(2944256K), 0.0172230 secs]
[GC 1905525K->1649333K(2944256K), 0.0153010 secs]
[GC 1905525K->1649333K(2944256K), 0.0131120 secs]
[GC 1905525K->1649333K(2944256K), 0.0168290 secs]
[GC 1905525K->1649333K(2944256K), 0.0157180 secs]
[GC 1905525K->1649333K(2944256K), 0.0132820 secs]
[GC 1905525K->1649333K(2944256K), 0.0172090 secs]
[GC 1905525K->1649333K(2944256K), 0.0155700 secs]
[GC 1905525K->1649333K(2944256K), 0.0175660 secs]
[GC 1905525K->1649333K(2944256K), 0.0156550 secs]
[GC 1905525K->1649333K(2944256K), 0.0131260 secs]
[GC 1905525K->1649333K(2944256K), 0.0163740 secs]
[GC 1905525K->1649333K(2944256K), 0.0149540 secs]
[GC 1905525K->1649333K(2944256K), 0.0175720 secs]
[GC 1905525K->1649333K(2944256K), 0.0158140 secs]
[GC 1905525K->1649333K(2944256K), 0.0130870 secs]
[GC 1905525K->1649333K(2944256K), 0.0172090 secs]
[GC 1905525K->1649333K(2944256K), 0.0153700 secs]
[GC 1905525K->1649333K(2944256K), 0.0131020 secs]
[GC 1905525K->1649333K(2944256K), 0.0174000 secs]
[GC 1905525K->1649333K(2944256K), 0.0158210 secs]
[GC 1905525K->1649333K(2944256K), 0.0148770 secs]
[GC 1905525K->1649333K(2944256K), 0.0130550 secs]
[GC 1905525K->1649333K(2944256K), 0.0169220 secs]
[GC 1905525K->1649333K(2944256K), 0.0153210 secs]
[GC 1905525K->1649333K(2944256K), 0.0148480 secs]
[GC 1905525K->1649333K(2944256K), 0.0162930 secs]
[GC 1905525K->1649333K(2944256K), 0.0154700 secs]
[GC 1905525K->1649333K(2944256K), 0.0149220 secs]
[GC 1905525K->1649333K(2944256K), 0.0135000 secs]
[GC 1905525K->1649333K(2944256K), 0.0174480 secs]
[GC 1905525K->1649333K(2944256K), 0.0144830 secs]
[GC 1905525K->1649333K(2944256K), 0.0131220 secs]
[GC 1905525K->1649333K(2944256K), 0.0171160 secs]
[GC 1905525K->1649333K(2944256K), 0.0152560 secs]
[GC 1905525K->1649333K(2944256K), 0.0129090 secs]
[GC 1905525K->1649333K(2944256K), 0.0173710 secs]
[GC 1905525K->1649333K(2944256K), 0.0189470 secs]
[GC 1905525K->1649334K(2944256K), 0.0162570 secs]
[GC 1905526K->1649334K(2944256K), 0.0143330 secs]
[GC 1905526K->1649334K(2944256K), 0.0163690 secs]
[GC 1905526K->1649334K(2944256K), 0.0153170 secs]
[GC 1905526K->1649334K(2944256K), 0.0147000 secs]
[GC 1905526K->1649334K(2944256K), 0.0277530 secs]
[GC 1905526K->1649334K(2944256K), 0.0160050 secs]
[GC 1905526K->1649334K(2944256K), 0.0157730 secs]
[GC 1905526K->1649334K(2944256K), 0.0177480 secs]
[GC 1905526K->1649334K(2944256K), 0.0158390 secs]
[GC 1905526K->1649334K(2944256K), 0.0133720 secs]
[GC 1905526K->1649334K(2944256K), 0.0168100 secs]
[GC 1905526K->1649334K(2944256K), 0.0148430 secs]
[GC 1905526K->1649334K(2944256K), 0.0130170 secs]
[GC 1905526K->1649334K(2944256K), 0.0167580 secs]
[GC 1905526K->1649334K(2944256K), 0.0152150 secs]
[GC 1905526K->1649334K(2944256K), 0.0148150 secs]
[GC 1905526K->1649334K(2944256K), 0.0129840 secs]
[GC 1905526K->1649334K(2944256K), 0.0173680 secs]
[GC 1905526K->1649334K(2944256K), 0.0149580 secs]
[GC 1905526K->1649334K(2944256K), 0.0129550 secs]
[GC 1905526K->1649334K(2944256K), 0.0173810 secs]
[GC 1905526K->1649334K(2944256K), 0.0157660 secs]
[GC 1905526K->1649334K(2944256K), 0.0153880 secs]
[GC 1905526K->1649334K(2944256K), 0.0130740 secs]
[GC 1905526K->1649332K(2944256K), 0.0173480 secs]
[GC 1905524K->1649332K(2944256K), 0.0158070 secs]
[GC 1905524K->1649334K(2944256K), 0.0152010 secs]
[GC 1905526K->1649334K(2944256K), 0.0173490 secs]
[GC 1905526K->1649334K(2944256K), 0.0158260 secs]
[GC 1905526K->1649334K(2944256K), 0.0200380 secs]
[GC 1905526K->1649334K(2944256K), 0.0163250 secs]
[GC 1905526K->1649334K(2944256K), 0.0152960 secs]
[GC 1905526K->1649334K(2944256K), 0.0174090 secs]
[GC 1905526K->1649334K(2944256K), 0.0158020 secs]
[GC 1905526K->1649334K(2944256K), 0.0153540 secs]
[GC 1905526K->1649334K(2944256K), 0.0328270 secs]
[GC 1905526K->1649334K(2944256K), 0.0173710 secs]
[GC 1905526K->1649334K(2944256K), 0.0152860 secs]
[GC 1905526K->1649334K(2944256K), 0.0151920 secs]
[GC 1905526K->1649334K(2944256K), 0.0174620 secs]
[GC 1905526K->1649334K(2944256K), 0.0174400 secs]
[GC 1905526K->1649334K(2944256K), 0.0155200 secs]
[GC 1905526K->1649334K(2944256K), 0.0136180 secs]
[GC 1905526K->1649334K(2944256K), 0.0170390 secs]
[GC 1905526K->1649334K(2944256K), 0.0148820 secs]
[GC 1905526K->1649334K(2944256K), 0.0176720 secs]
[GC 1905526K->1649334K(2944256K), 0.0200510 secs]
[GC 1905526K->1649334K(2944256K), 0.0162210 secs]
[GC 1905526K->1649334K(2944256K), 0.0149990 secs]
[GC 1905526K->1649335K(2944256K), 0.0177220 secs]
[GC 1905527K->1649335K(2944256K), 0.0160790 secs]
[GC 1905527K->1649335K(2944256K), 0.0141910 secs]
[GC 1905527K->1649335K(2944256K), 0.0173620 secs]
[GC 1905527K->1649335K(2944256K), 0.0153760 secs]
[GC 1905527K->1649335K(2944256K), 0.0177030 secs]
[GC 1905527K->1649335K(2944256K), 0.0145950 secs]
[GC 1905527K->1649335K(2944256K), 0.0173740 secs]
[GC 1905527K->1649335K(2944256K), 0.0152600 secs]
[GC 1905527K->1649335K(2944256K), 0.0148810 secs]
[GC 1905527K->1649335K(2944256K), 0.0129940 secs]
[GC 1905527K->1649335K(2944256K), 0.0197560 secs]
[GC 1905527K->1649335K(2944256K), 0.0165890 secs]
[GC 1905527K->1649335K(2944256K), 0.0144240 secs]
[GC 1905527K->1649335K(2944256K), 0.0177050 secs]
[GC 1905527K->1649335K(2944256K), 0.0152550 secs]
[GC 1905527K->1649335K(2944256K), 0.0149950 secs]
[GC 1905527K->1649335K(2944256K), 0.0160400 secs]
[GC 1905527K->1649335K(2944256K), 0.0167630 secs]
[GC 1905527K->1649335K(2944256K), 0.0143550 secs]
[GC 1905527K->1649335K(2944256K), 0.0173880 secs]
[GC 1905527K->1649335K(2944256K), 0.0156630 secs]
[GC 1905527K->1649335K(2944256K), 0.0173150 secs]
[GC 1905527K->1649335K(2944256K), 0.0153940 secs]
[GC 1905527K->1649335K(2944256K), 0.0131520 secs]
[GC 1905527K->1649335K(2944256K), 0.0176480 secs]
[GC 1905527K->1649335K(2944256K), 0.0149550 secs]
[GC 1905527K->1649335K(2944256K), 0.0129050 secs]
[GC 1905527K->1649335K(2944256K), 0.0173020 secs]
[GC 1905527K->1649335K(2944256K), 0.0160520 secs]
[GC 1905527K->1649335K(2944256K), 0.0129010 secs]
[GC 1905527K->1649335K(2944256K), 0.0177390 secs]
[GC 1905527K->1649335K(2944256K), 0.0152410 secs]
[GC 1905527K->1649335K(2944256K), 0.0152120 secs]
[GC 1905527K->1649335K(2944256K), 0.0177490 secs]
[GC 1905527K->1649335K(2944256K), 0.0151020 secs]
[GC 1905527K->1649335K(2944256K), 0.0129870 secs]
[GC 1905527K->1649335K(2944256K), 0.0207210 secs]
[GC 1905527K->1649335K(2944256K), 0.0171000 secs]
[GC 1905527K->1649335K(2944256K), 0.0160240 secs]
[GC 1905527K->1649335K(2944256K), 0.0155400 secs]
[GC 1905527K->1649335K(2944256K), 0.0137410 secs]
[GC 1905527K->1649335K(2944256K), 0.0172370 secs]
[GC 1905527K->1649335K(2944256K), 0.0153670 secs]
[GC 1905527K->1649335K(2944256K), 0.0177260 secs]
[GC 1905527K->1649335K(2944256K), 0.0156540 secs]
[GC 1905527K->1649335K(2944256K), 0.0177520 secs]
[GC 1905527K->1649335K(2944256K), 0.0160150 secs]
[GC 1905527K->1649335K(2944256K), 0.0437010 secs]
[GC 1905527K->1649335K(2944256K), 0.0169640 secs]
[GC 1905527K->1649335K(2944256K), 0.0152510 secs]
[GC 1905527K->1649335K(2944256K), 0.0129770 secs]
[GC 1905527K->1649335K(2944256K), 0.0173580 secs]
[GC 1905527K->1649335K(2944256K), 0.0156220 secs]
[GC 1905527K->1649335K(2944256K), 0.0132030 secs]
[GC 1905527K->1649335K(2944256K), 0.0174670 secs]
[GC 1905527K->1649335K(2944256K), 0.0157670 secs]
[GC 1905527K->1649335K(2944256K), 0.0174770 secs]
[GC 1905527K->1649335K(2944256K), 0.0155060 secs]
[GC 1905527K->1649335K(2944256K), 0.0150920 secs]
[GC 1905527K->1649335K(2944256K), 0.0177310 secs]
[GC 1905527K->1649335K(2944256K), 0.0152760 secs]
[GC 1905527K->1649335K(2944256K), 0.0152590 secs]
[GC 1905527K->1649335K(2944256K), 0.0129030 secs]
[GC 1905527K->1649335K(2944256K), 0.0129640 secs]
[GC 1905527K->1649335K(2944256K), 0.0178330 secs]
[GC 1905527K->1649333K(2944256K), 0.0154190 secs]
[GC 1905525K->1649335K(2944256K), 0.0136510 secs]
[GC 1905527K->1649335K(2944256K), 0.0174570 secs]
[GC 1905527K->1649335K(2944256K), 0.0143900 secs]
[GC 1905527K->1649335K(2944256K), 0.0175390 secs]
[GC 1905527K->1649335K(2944256K), 0.0157240 secs]
[GC 1905527K->1649335K(2944256K), 0.0134780 secs]
[GC 1905527K->1649335K(2944256K), 0.0178340 secs]
[GC 1905527K->1649335K(2944256K), 0.0153520 secs]
[GC 1905527K->1649335K(2944256K), 0.0146810 secs]
[GC 1905527K->1649335K(2944256K), 0.0129160 secs]
[GC 1905527K->1649335K(2944256K), 0.0135380 secs]
[GC 1905527K->1649335K(2944256K), 0.0167200 secs]
[GC 1905527K->1649335K(2944256K), 0.0392970 secs]
[GC 1905527K->1649335K(2944256K), 0.0158380 secs]
[GC 1905527K->1649335K(2944256K), 0.0152550 secs]
[GC 1905527K->1649335K(2944256K), 0.0155490 secs]
[GC 1905527K->1649335K(2944256K), 0.0129600 secs]
[GC 1905527K->1649335K(2944256K), 0.0174000 secs]
[GC 1905527K->1649335K(2944256K), 0.0160850 secs]
[GC 1905527K->1649335K(2944256K), 0.0155460 secs]
[GC 1905527K->1649335K(2944256K), 0.0173100 secs]
[GC 1905527K->1649336K(2944256K), 0.0158480 secs]
[GC 1905528K->1649336K(2944256K), 0.0148030 secs]
[GC 1905528K->1649336K(2944256K), 0.0176780 secs]
[GC 1905528K->1649336K(2944256K), 0.0153510 secs]
[GC 1905528K->1649336K(2944256K), 0.0147850 secs]
[GC 1905528K->1649336K(2944256K), 0.0129210 secs]
[GC 1905528K->1649336K(2944256K), 0.0174610 secs]
[GC 1905528K->1649336K(2944256K), 0.0155580 secs]
[GC 1905528K->1649336K(2944256K), 0.0130280 secs]
[GC 1905528K->1649336K(2944256K), 0.0175730 secs]
[GC 1905528K->1649336K(2944256K), 0.0156910 secs]
[GC 1905528K->1649336K(2944256K), 0.0130320 secs]
[GC 1905528K->1649336K(2944256K), 0.0170350 secs]
[GC 1905528K->1649336K(2944256K), 0.0153060 secs]
[GC 1905528K->1649336K(2944256K), 0.0134190 secs]
[GC 1905528K->1649336K(2944256K), 0.0171500 secs]
[GC 1905528K->1649336K(2944256K), 0.0154440 secs]
[GC 1905528K->1649336K(2944256K), 0.0129960 secs]
[GC 1905528K->1649336K(2944256K), 0.0175200 secs]
[GC 1905528K->1649336K(2944256K), 0.0157700 secs]
[GC 1905528K->1649336K(2944256K), 0.0148970 secs]
[GC 1905528K->1649336K(2944256K), 0.0172100 secs]
[GC 1905528K->1649336K(2944256K), 0.0440620 secs]
[GC 1905528K->1649336K(2944256K), 0.0157550 secs]
[GC 1905528K->1649336K(2944256K), 0.0177820 secs]
[GC 1905528K->1649336K(2944256K), 0.0155880 secs]
[GC 1905528K->1649336K(2944256K), 0.0174940 secs]
[GC 1905528K->1649336K(2944256K), 0.0194530 secs]
[GC 1905528K->1649336K(2944256K), 0.0161960 secs]
[GC 1905528K->1649336K(2944256K), 0.0150170 secs]
[GC 1905528K->1649336K(2944256K), 0.0173340 secs]
[GC 1905528K->1649336K(2944256K), 0.0158690 secs]
[GC 1905528K->1649336K(2944256K), 0.0149630 secs]
[GC 1905528K->1649336K(2944256K), 0.0173570 secs]
[GC 1905528K->1649336K(2944256K), 0.0152320 secs]
[GC 1905528K->1649336K(2944256K), 0.0149100 secs]
[GC 1905528K->1649336K(2944256K), 0.0173890 secs]
[GC 1905528K->1649337K(2944256K), 0.0147680 secs]
[GC 1905529K->1649337K(2944256K), 0.0131520 secs]
[GC 1905529K->1649337K(2944256K), 0.0176870 secs]
[GC 1905529K->1649337K(2944256K), 0.0152490 secs]
[GC 1905529K->1649337K(2944256K), 0.0147650 secs]
[GC 1905529K->1649337K(2944256K), 0.0170160 secs]
[GC 1905529K->1649337K(2944256K), 0.0154700 secs]
[GC 1905529K->1649337K(2944256K), 0.0133320 secs]
[GC 1905529K->1649337K(2944256K), 0.0164060 secs]
[GC 1905529K->1649337K(2944256K), 0.0160470 secs]
[GC 1905529K->1649337K(2944256K), 0.0145530 secs]
[GC 1905529K->1649337K(2944256K), 0.0174430 secs]
[GC 1905529K->1649337K(2944256K), 0.0152380 secs]
[GC 1905529K->1649337K(2944256K), 0.0156580 secs]
[GC 1905529K->1649337K(2944256K), 0.0173360 secs]
[GC 1905529K->1649337K(2944256K), 0.0152930 secs]
[GC 1905529K->1649337K(2944256K), 0.0389410 secs]
[GC 1905529K->1649337K(2944256K), 0.0149110 secs]
[GC 1905529K->1649337K(2944256K), 0.0173230 secs]
[GC 1905529K->1649337K(2944256K), 0.0161200 secs]
2013-09-30 15:30:37
Full thread dump Java HotSpot(TM) 64-Bit Server VM (23.21-b01 mixed mode):

"OOB-21,deimos-esw-4224" prio=10 tid=0x00007f5f5400a800 nid=0x75c3 waiting on condition [0x00007f605c9a9000]
   java.lang.Thread.State: WAITING (parking)
	at sun.misc.Unsafe.park(Native Method)
	- parking to wait for  <0x00000006f691bd80> (a java.util.concurrent.SynchronousQueue$TransferStack)
	at java.util.concurrent.locks.LockSupport.park(LockSupport.java:186)
	at java.util.concurrent.SynchronousQueue$TransferStack.awaitFulfill(SynchronousQueue.java:458)
	at java.util.concurrent.SynchronousQueue$TransferStack.transfer(SynchronousQueue.java:359)
	at java.util.concurrent.SynchronousQueue.take(SynchronousQueue.java:925)
	at java.util.concurrent.ThreadPoolExecutor.getTask(ThreadPoolExecutor.java:1068)
	at java.util.concurrent.ThreadPoolExecutor.runWorker(ThreadPoolExecutor.java:1130)
	at java.util.concurrent.ThreadPoolExecutor$Worker.run(ThreadPoolExecutor.java:615)
	at java.lang.Thread.run(Thread.java:722)

"hz._hzInstance_1_FenixFrameworkGroup.cached.thread-9" prio=10 tid=0x00007f6018009000 nid=0x759d waiting on condition [0x00007f60647e1000]
   java.lang.Thread.State: WAITING (parking)
	at sun.misc.Unsafe.park(Native Method)
	- parking to wait for  <0x00000006f6c28d68> (a java.util.concurrent.SynchronousQueue$TransferStack)
	at java.util.concurrent.locks.LockSupport.park(LockSupport.java:186)
	at java.util.concurrent.SynchronousQueue$TransferStack.awaitFulfill(SynchronousQueue.java:458)
	at java.util.concurrent.SynchronousQueue$TransferStack.transfer(SynchronousQueue.java:359)
	at java.util.concurrent.SynchronousQueue.take(SynchronousQueue.java:925)
	at java.util.concurrent.ThreadPoolExecutor.getTask(ThreadPoolExecutor.java:1068)
	at java.util.concurrent.ThreadPoolExecutor.runWorker(ThreadPoolExecutor.java:1130)
	at java.util.concurrent.ThreadPoolExecutor$Worker.run(ThreadPoolExecutor.java:615)
	at java.lang.Thread.run(Thread.java:722)
	at com.hazelcast.util.executor.PoolExecutorThreadFactory$ManagedThread.run(PoolExecutorThreadFactory.java:59)

"Stressor-3" prio=10 tid=0x00007f6030938000 nid=0x7598 waiting on condition [0x00007f605c2a2000]
   java.lang.Thread.State: WAITING (parking)
	at sun.misc.Unsafe.park(Native Method)
	- parking to wait for  <0x0000000721bd7078> (a java.util.concurrent.CountDownLatch$Sync)
	at java.util.concurrent.locks.LockSupport.park(LockSupport.java:186)
	at java.util.concurrent.locks.AbstractQueuedSynchronizer.parkAndCheckInterrupt(AbstractQueuedSynchronizer.java:834)
	at java.util.concurrent.locks.AbstractQueuedSynchronizer.doAcquireSharedInterruptibly(AbstractQueuedSynchronizer.java:994)
	at java.util.concurrent.locks.AbstractQueuedSynchronizer.acquireSharedInterruptibly(AbstractQueuedSynchronizer.java:1303)
	at java.util.concurrent.CountDownLatch.await(CountDownLatch.java:236)
	at org.radargun.stressors.PhaseSynchronizer.slavePhaseEnd(PhaseSynchronizer.java:66)
	at org.radargun.stressors.StressTestStressor$Stressor.run(StressTestStressor.java:631)

"Stressor-2" prio=10 tid=0x00007f6030939800 nid=0x7596 waiting on condition [0x00007f605c5a5000]
   java.lang.Thread.State: WAITING (parking)
	at sun.misc.Unsafe.park(Native Method)
	- parking to wait for  <0x0000000721bd7078> (a java.util.concurrent.CountDownLatch$Sync)
	at java.util.concurrent.locks.LockSupport.park(LockSupport.java:186)
	at java.util.concurrent.locks.AbstractQueuedSynchronizer.parkAndCheckInterrupt(AbstractQueuedSynchronizer.java:834)
	at java.util.concurrent.locks.AbstractQueuedSynchronizer.doAcquireSharedInterruptibly(AbstractQueuedSynchronizer.java:994)
	at java.util.concurrent.locks.AbstractQueuedSynchronizer.acquireSharedInterruptibly(AbstractQueuedSynchronizer.java:1303)
	at java.util.concurrent.CountDownLatch.await(CountDownLatch.java:236)
	at org.radargun.stressors.PhaseSynchronizer.slavePhaseEnd(PhaseSynchronizer.java:66)
	at org.radargun.stressors.StressTestStressor$Stressor.run(StressTestStressor.java:631)

"Stressor-1" prio=10 tid=0x00007f603093b000 nid=0x7595 runnable [0x00007f605c3a3000]
   java.lang.Thread.State: RUNNABLE
	at pt.ist.fenixframework.backend.jvstm.lf.CommitRequest.handle(CommitRequest.java:202)
	at pt.ist.fenixframework.backend.jvstm.pstm.LockFreeTransaction.tryCommit(LockFreeTransaction.java:355)
	at pt.ist.fenixframework.backend.jvstm.pstm.LockFreeTransaction.processCommitRequests(LockFreeTransaction.java:171)
	at pt.ist.fenixframework.backend.jvstm.pstm.LockFreeTransaction.preValidateLocally(LockFreeTransaction.java:247)
	at pt.ist.fenixframework.backend.jvstm.pstm.LockFreeTransaction.tryCommit(LockFreeTransaction.java:225)
	at jvstm.ReadWriteTransaction.doCommit(ReadWriteTransaction.java:150)
	at pt.ist.fenixframework.backend.jvstm.pstm.LockFreeTransaction.doCommit(LockFreeTransaction.java:201)
	at jvstm.Transaction.commitTx(Transaction.java:458)
	at jvstm.Transaction.commit(Transaction.java:362)
	at pt.ist.fenixframework.backend.jvstm.JVSTMTransaction.backendCommit(JVSTMTransaction.java:52)
	at pt.ist.fenixframework.core.AbstractTransaction.commit(AbstractTransaction.java:62)
	at pt.ist.fenixframework.backend.jvstm.JVSTMTransactionManager.backendCommit(JVSTMTransactionManager.java:81)
	at pt.ist.fenixframework.core.AbstractTransactionManager.commit(AbstractTransactionManager.java:60)
	at org.radargun.cachewrappers.FFWrapperLF.endTransaction(FFWrapperLF.java:204)
	at org.radargun.cachewrappers.FFWrapperLF.put(FFWrapperLF.java:99)
	at org.radargun.stressors.StressTestStressor$FixedSetPerThreadOperationLogic.init(StressTestStressor.java:345)
	at org.radargun.stressors.StressTestStressor$Stressor.run(StressTestStressor.java:629)

"Stressor-0" prio=10 tid=0x00007f6030937000 nid=0x7594 runnable [0x00007f605c4a4000]
   java.lang.Thread.State: RUNNABLE
	at java.util.concurrent.ConcurrentHashMap$Segment.put(ConcurrentHashMap.java:442)
	at java.util.concurrent.ConcurrentHashMap.putIfAbsent(ConcurrentHashMap.java:1150)
	at pt.ist.fenixframework.backend.jvstm.pstm.CommitOnlyTransaction.enqueueValidCommit(CommitOnlyTransaction.java:352)
	at pt.ist.fenixframework.backend.jvstm.pstm.CommitOnlyTransaction.validateCommitAndEnqueue(CommitOnlyTransaction.java:321)
	at jvstm.TopLevelTransaction.validate(TopLevelTransaction.java:222)
	at pt.ist.fenixframework.backend.jvstm.pstm.CommitOnlyTransaction.validate(CommitOnlyTransaction.java:171)
	at jvstm.TopLevelTransaction.tryCommit(TopLevelTransaction.java:203)
	at jvstm.ReadWriteTransaction.doCommit(ReadWriteTransaction.java:150)
	at jvstm.Transaction.commitTx(Transaction.java:458)
	at pt.ist.fenixframework.backend.jvstm.pstm.CommitOnlyTransaction.localCommit(CommitOnlyTransaction.java:108)
	at pt.ist.fenixframework.backend.jvstm.lf.CommitRequest.internalHandle(CommitRequest.java:219)
	at pt.ist.fenixframework.backend.jvstm.lf.CommitRequest.handle(CommitRequest.java:202)
	at pt.ist.fenixframework.backend.jvstm.pstm.LockFreeTransaction.tryCommit(LockFreeTransaction.java:355)
	at pt.ist.fenixframework.backend.jvstm.pstm.LockFreeTransaction.processCommitRequests(LockFreeTransaction.java:171)
	at pt.ist.fenixframework.backend.jvstm.pstm.LockFreeTransaction.upgradeWithPendingCommits(LockFreeTransaction.java:55)
	at pt.ist.fenixframework.backend.jvstm.pstm.LockFreeTransaction.<init>(LockFreeTransaction.java:51)
	at pt.ist.fenixframework.backend.jvstm.lf.JvstmLockFreeBackEnd$1.makeTopLevelTransaction(JvstmLockFreeBackEnd.java:123)
	at jvstm.Transaction.beginWithActiveRecord(Transaction.java:206)
	at jvstm.Transaction.begin(Transaction.java:194)
	at pt.ist.fenixframework.backend.jvstm.JVSTMTransactionManager.begin(JVSTMTransactionManager.java:62)
	at pt.ist.fenixframework.core.AbstractTransactionManager.begin(AbstractTransactionManager.java:34)
	at org.radargun.cachewrappers.FFWrapperLF.startTransaction(FFWrapperLF.java:194)
	at org.radargun.cachewrappers.FFWrapperLF.put(FFWrapperLF.java:91)
	at org.radargun.stressors.StressTestStressor$FixedSetPerThreadOperationLogic.init(StressTestStressor.java:345)
	at org.radargun.stressors.StressTestStressor$Stressor.run(StressTestStressor.java:629)

"OOB-18,deimos-esw-4224" prio=10 tid=0x00007f5f6000c000 nid=0x7556 waiting on condition [0x00007f6049460000]
   java.lang.Thread.State: WAITING (parking)
	at sun.misc.Unsafe.park(Native Method)
	- parking to wait for  <0x00000006f691bd80> (a java.util.concurrent.SynchronousQueue$TransferStack)
	at java.util.concurrent.locks.LockSupport.park(LockSupport.java:186)
	at java.util.concurrent.SynchronousQueue$TransferStack.awaitFulfill(SynchronousQueue.java:458)
	at java.util.concurrent.SynchronousQueue$TransferStack.transfer(SynchronousQueue.java:359)
	at java.util.concurrent.SynchronousQueue.take(SynchronousQueue.java:925)
	at java.util.concurrent.ThreadPoolExecutor.getTask(ThreadPoolExecutor.java:1068)
	at java.util.concurrent.ThreadPoolExecutor.runWorker(ThreadPoolExecutor.java:1130)
	at java.util.concurrent.ThreadPoolExecutor$Worker.run(ThreadPoolExecutor.java:615)
	at java.lang.Thread.run(Thread.java:722)

"OOB-7,deimos-esw-4224" prio=10 tid=0x00007f5f54007000 nid=0x751a waiting on condition [0x00007f604a16d000]
   java.lang.Thread.State: WAITING (parking)
	at sun.misc.Unsafe.park(Native Method)
	- parking to wait for  <0x00000006f691bd80> (a java.util.concurrent.SynchronousQueue$TransferStack)
	at java.util.concurrent.locks.LockSupport.park(LockSupport.java:186)
	at java.util.concurrent.SynchronousQueue$TransferStack.awaitFulfill(SynchronousQueue.java:458)
	at java.util.concurrent.SynchronousQueue$TransferStack.transfer(SynchronousQueue.java:359)
	at java.util.concurrent.SynchronousQueue.take(SynchronousQueue.java:925)
	at java.util.concurrent.ThreadPoolExecutor.getTask(ThreadPoolExecutor.java:1068)
	at java.util.concurrent.ThreadPoolExecutor.runWorker(ThreadPoolExecutor.java:1130)
	at java.util.concurrent.ThreadPoolExecutor$Worker.run(ThreadPoolExecutor.java:615)
	at java.lang.Thread.run(Thread.java:722)

"Commit helper 1" prio=10 tid=0x00007f6030923800 nid=0x74ec waiting on condition [0x00007f605cbab000]
   java.lang.Thread.State: TIMED_WAITING (sleeping)
	at java.lang.Thread.sleep(Native Method)
	at pt.ist.fenixframework.backend.jvstm.lf.CommitHelper.run(CommitHelper.java:35)

"transport-thread-1" daemon prio=10 tid=0x00007f5f50050000 nid=0x74e4 waiting on condition [0x00007f605ccac000]
   java.lang.Thread.State: WAITING (parking)
	at sun.misc.Unsafe.park(Native Method)
	- parking to wait for  <0x00000006f6ad0830> (a java.util.concurrent.locks.AbstractQueuedSynchronizer$ConditionObject)
	at java.util.concurrent.locks.LockSupport.park(LockSupport.java:186)
	at java.util.concurrent.locks.AbstractQueuedSynchronizer$ConditionObject.await(AbstractQueuedSynchronizer.java:2043)
	at java.util.concurrent.LinkedBlockingQueue.take(LinkedBlockingQueue.java:442)
	at java.util.concurrent.ThreadPoolExecutor.getTask(ThreadPoolExecutor.java:1068)
	at java.util.concurrent.ThreadPoolExecutor.runWorker(ThreadPoolExecutor.java:1130)
	at java.util.concurrent.ThreadPoolExecutor$Worker.run(ThreadPoolExecutor.java:615)
	at java.lang.Thread.run(Thread.java:722)

"Transaction Reaper Worker 0" daemon prio=10 tid=0x00007f5f5004a800 nid=0x74dd in Object.wait() [0x00007f605cdad000]
   java.lang.Thread.State: WAITING (on object monitor)
	at java.lang.Object.wait(Native Method)
	- waiting on <0x00000006f6d36d30> (a java.util.LinkedList)
	at java.lang.Object.wait(Object.java:503)
	at com.arjuna.ats.arjuna.coordinator.TransactionReaper.waitForCancellations(TransactionReaper.java:321)
	- locked <0x00000006f6d36d30> (a java.util.LinkedList)
	at com.arjuna.ats.internal.arjuna.coordinator.ReaperWorkerThread.run(ReaperWorkerThread.java:65)

"Transaction Reaper" daemon prio=10 tid=0x00007f5f5004a000 nid=0x74dc in Object.wait() [0x00007f605ceae000]
   java.lang.Thread.State: TIMED_WAITING (on object monitor)
	at java.lang.Object.wait(Native Method)
	- waiting on <0x00000006f6d3bf10> (a com.arjuna.ats.arjuna.coordinator.TransactionReaper)
	at com.arjuna.ats.internal.arjuna.coordinator.ReaperThread.run(ReaperThread.java:90)
	- locked <0x00000006f6d3bf10> (a com.arjuna.ats.arjuna.coordinator.TransactionReaper)

"Listener:40047" daemon prio=10 tid=0x00007f5f50040000 nid=0x74db runnable [0x00007f605cfaf000]
   java.lang.Thread.State: RUNNABLE
	at java.net.PlainSocketImpl.socketAccept(Native Method)
	at java.net.AbstractPlainSocketImpl.accept(AbstractPlainSocketImpl.java:398)
	at java.net.ServerSocket.implAccept(ServerSocket.java:522)
	at java.net.ServerSocket.accept(ServerSocket.java:490)
	at com.arjuna.ats.internal.arjuna.recovery.Listener.run(Listener.java:122)

"transport-thread-0" daemon prio=10 tid=0x00007f5f50008000 nid=0x74d7 waiting on condition [0x00007f605d0b0000]
   java.lang.Thread.State: WAITING (parking)
	at sun.misc.Unsafe.park(Native Method)
	- parking to wait for  <0x00000006f6ad0830> (a java.util.concurrent.locks.AbstractQueuedSynchronizer$ConditionObject)
	at java.util.concurrent.locks.LockSupport.park(LockSupport.java:186)
	at java.util.concurrent.locks.AbstractQueuedSynchronizer$ConditionObject.await(AbstractQueuedSynchronizer.java:2043)
	at java.util.concurrent.LinkedBlockingQueue.take(LinkedBlockingQueue.java:442)
	at java.util.concurrent.ThreadPoolExecutor.getTask(ThreadPoolExecutor.java:1068)
	at java.util.concurrent.ThreadPoolExecutor.runWorker(ThreadPoolExecutor.java:1130)
	at java.util.concurrent.ThreadPoolExecutor$Worker.run(ThreadPoolExecutor.java:615)
	at java.lang.Thread.run(Thread.java:722)

"Scheduled-eviction-thread-0" daemon prio=10 tid=0x00007f603091c000 nid=0x74d3 waiting on condition [0x00007f605d1b1000]
   java.lang.Thread.State: TIMED_WAITING (parking)
	at sun.misc.Unsafe.park(Native Method)
	- parking to wait for  <0x00000006f6a838f8> (a java.util.concurrent.locks.AbstractQueuedSynchronizer$ConditionObject)
	at java.util.concurrent.locks.LockSupport.parkNanos(LockSupport.java:226)
	at java.util.concurrent.locks.AbstractQueuedSynchronizer$ConditionObject.awaitNanos(AbstractQueuedSynchronizer.java:2082)
	at java.util.concurrent.ScheduledThreadPoolExecutor$DelayedWorkQueue.take(ScheduledThreadPoolExecutor.java:1090)
	at java.util.concurrent.ScheduledThreadPoolExecutor$DelayedWorkQueue.take(ScheduledThreadPoolExecutor.java:807)
	at java.util.concurrent.ThreadPoolExecutor.getTask(ThreadPoolExecutor.java:1068)
	at java.util.concurrent.ThreadPoolExecutor.runWorker(ThreadPoolExecutor.java:1130)
	at java.util.concurrent.ThreadPoolExecutor$Worker.run(ThreadPoolExecutor.java:615)
	at java.lang.Thread.run(Thread.java:722)

"TxCleanupService,testCache,deimos-esw-4224" daemon prio=10 tid=0x00007f6030907000 nid=0x74d1 waiting on condition [0x00007f605d2b2000]
   java.lang.Thread.State: TIMED_WAITING (parking)
	at sun.misc.Unsafe.park(Native Method)
	- parking to wait for  <0x00000006f6927e58> (a java.util.concurrent.locks.AbstractQueuedSynchronizer$ConditionObject)
	at java.util.concurrent.locks.LockSupport.parkNanos(LockSupport.java:226)
	at java.util.concurrent.locks.AbstractQueuedSynchronizer$ConditionObject.awaitNanos(AbstractQueuedSynchronizer.java:2082)
	at java.util.concurrent.ScheduledThreadPoolExecutor$DelayedWorkQueue.take(ScheduledThreadPoolExecutor.java:1090)
	at java.util.concurrent.ScheduledThreadPoolExecutor$DelayedWorkQueue.take(ScheduledThreadPoolExecutor.java:807)
	at java.util.concurrent.ThreadPoolExecutor.getTask(ThreadPoolExecutor.java:1068)
	at java.util.concurrent.ThreadPoolExecutor.runWorker(ThreadPoolExecutor.java:1130)
	at java.util.concurrent.ThreadPoolExecutor$Worker.run(ThreadPoolExecutor.java:615)
	at java.lang.Thread.run(Thread.java:722)

"notification-thread-0" daemon prio=10 tid=0x00007f5f30002800 nid=0x74c8 waiting on condition [0x00007f605d3b3000]
   java.lang.Thread.State: WAITING (parking)
	at sun.misc.Unsafe.park(Native Method)
	- parking to wait for  <0x00000006f6d3fb88> (a java.util.concurrent.locks.AbstractQueuedSynchronizer$ConditionObject)
	at java.util.concurrent.locks.LockSupport.park(LockSupport.java:186)
	at java.util.concurrent.locks.AbstractQueuedSynchronizer$ConditionObject.await(AbstractQueuedSynchronizer.java:2043)
	at java.util.concurrent.LinkedBlockingQueue.take(LinkedBlockingQueue.java:442)
	at java.util.concurrent.ThreadPoolExecutor.getTask(ThreadPoolExecutor.java:1068)
	at java.util.concurrent.ThreadPoolExecutor.runWorker(ThreadPoolExecutor.java:1130)
	at java.util.concurrent.ThreadPoolExecutor$Worker.run(ThreadPoolExecutor.java:615)
	at java.lang.Thread.run(Thread.java:722)

"Incoming-4,deimos-esw-4224" prio=10 tid=0x00007f5f54005800 nid=0x74c5 waiting on condition [0x00007f605d4b4000]
   java.lang.Thread.State: WAITING (parking)
	at sun.misc.Unsafe.park(Native Method)
	- parking to wait for  <0x00000006f6d41c58> (a java.util.concurrent.SynchronousQueue$TransferStack)
	at java.util.concurrent.locks.LockSupport.park(LockSupport.java:186)
	at java.util.concurrent.SynchronousQueue$TransferStack.awaitFulfill(SynchronousQueue.java:458)
	at java.util.concurrent.SynchronousQueue$TransferStack.transfer(SynchronousQueue.java:359)
	at java.util.concurrent.SynchronousQueue.take(SynchronousQueue.java:925)
	at java.util.concurrent.ThreadPoolExecutor.getTask(ThreadPoolExecutor.java:1068)
	at java.util.concurrent.ThreadPoolExecutor.runWorker(ThreadPoolExecutor.java:1130)
	at java.util.concurrent.ThreadPoolExecutor$Worker.run(ThreadPoolExecutor.java:615)
	at java.lang.Thread.run(Thread.java:722)

"Incoming-3,deimos-esw-4224" prio=10 tid=0x00007f6030861800 nid=0x74ba waiting on condition [0x00007f605d5b5000]
   java.lang.Thread.State: WAITING (parking)
	at sun.misc.Unsafe.park(Native Method)
	- parking to wait for  <0x00000006f6d41c58> (a java.util.concurrent.SynchronousQueue$TransferStack)
	at java.util.concurrent.locks.LockSupport.park(LockSupport.java:186)
	at java.util.concurrent.SynchronousQueue$TransferStack.awaitFulfill(SynchronousQueue.java:458)
	at java.util.concurrent.SynchronousQueue$TransferStack.transfer(SynchronousQueue.java:359)
	at java.util.concurrent.SynchronousQueue.take(SynchronousQueue.java:925)
	at java.util.concurrent.ThreadPoolExecutor.getTask(ThreadPoolExecutor.java:1068)
	at java.util.concurrent.ThreadPoolExecutor.runWorker(ThreadPoolExecutor.java:1130)
	at java.util.concurrent.ThreadPoolExecutor$Worker.run(ThreadPoolExecutor.java:615)
	at java.lang.Thread.run(Thread.java:722)

"FD_SOCK pinger,deimos-esw-4224" daemon prio=10 tid=0x00007f603085f000 nid=0x74b7 runnable [0x00007f605d6b6000]
   java.lang.Thread.State: RUNNABLE
	at java.net.SocketInputStream.socketRead0(Native Method)
	at java.net.SocketInputStream.read(SocketInputStream.java:150)
	at java.net.SocketInputStream.read(SocketInputStream.java:121)
	at java.net.SocketInputStream.read(SocketInputStream.java:203)
	at org.jgroups.protocols.FD_SOCK.run(FD_SOCK.java:414)
	at java.lang.Thread.run(Thread.java:722)

"Incoming-2,deimos-esw-4224" prio=10 tid=0x00007f5f60003000 nid=0x74b4 waiting on condition [0x00007f605d7b7000]
   java.lang.Thread.State: WAITING (parking)
	at sun.misc.Unsafe.park(Native Method)
	- parking to wait for  <0x00000006f6d41c58> (a java.util.concurrent.SynchronousQueue$TransferStack)
	at java.util.concurrent.locks.LockSupport.park(LockSupport.java:186)
	at java.util.concurrent.SynchronousQueue$TransferStack.awaitFulfill(SynchronousQueue.java:458)
	at java.util.concurrent.SynchronousQueue$TransferStack.transfer(SynchronousQueue.java:359)
	at java.util.concurrent.SynchronousQueue.take(SynchronousQueue.java:925)
	at java.util.concurrent.ThreadPoolExecutor.getTask(ThreadPoolExecutor.java:1068)
	at java.util.concurrent.ThreadPoolExecutor.runWorker(ThreadPoolExecutor.java:1130)
	at java.util.concurrent.ThreadPoolExecutor$Worker.run(ThreadPoolExecutor.java:615)
	at java.lang.Thread.run(Thread.java:722)

"FD_SOCK client connection handler,deimos-esw-4224" daemon prio=10 tid=0x00007f5f58002000 nid=0x74b2 runnable [0x00007f605d8b8000]
   java.lang.Thread.State: RUNNABLE
	at java.net.SocketInputStream.socketRead0(Native Method)
	at java.net.SocketInputStream.read(SocketInputStream.java:150)
	at java.net.SocketInputStream.read(SocketInputStream.java:121)
	at java.net.SocketInputStream.read(SocketInputStream.java:203)
	at org.jgroups.protocols.FD_SOCK$ClientConnectionHandler.run(FD_SOCK.java:1116)
	at java.lang.Thread.run(Thread.java:722)

"Incoming-1,deimos-esw-4224" prio=10 tid=0x00007f5f54003800 nid=0x74b0 waiting on condition [0x00007f605d9b9000]
   java.lang.Thread.State: WAITING (parking)
	at sun.misc.Unsafe.park(Native Method)
	- parking to wait for  <0x00000006f6d41c58> (a java.util.concurrent.SynchronousQueue$TransferStack)
	at java.util.concurrent.locks.LockSupport.park(LockSupport.java:186)
	at java.util.concurrent.SynchronousQueue$TransferStack.awaitFulfill(SynchronousQueue.java:458)
	at java.util.concurrent.SynchronousQueue$TransferStack.transfer(SynchronousQueue.java:359)
	at java.util.concurrent.SynchronousQueue.take(SynchronousQueue.java:925)
	at java.util.concurrent.ThreadPoolExecutor.getTask(ThreadPoolExecutor.java:1068)
	at java.util.concurrent.ThreadPoolExecutor.runWorker(ThreadPoolExecutor.java:1130)
	at java.util.concurrent.ThreadPoolExecutor$Worker.run(ThreadPoolExecutor.java:615)
	at java.lang.Thread.run(Thread.java:722)

"OOB-4,deimos-esw-4224" prio=10 tid=0x00007f5f54001800 nid=0x74ab waiting on condition [0x00007f605daba000]
   java.lang.Thread.State: WAITING (parking)
	at sun.misc.Unsafe.park(Native Method)
	- parking to wait for  <0x00000006f691bd80> (a java.util.concurrent.SynchronousQueue$TransferStack)
	at java.util.concurrent.locks.LockSupport.park(LockSupport.java:186)
	at java.util.concurrent.SynchronousQueue$TransferStack.awaitFulfill(SynchronousQueue.java:458)
	at java.util.concurrent.SynchronousQueue$TransferStack.transfer(SynchronousQueue.java:359)
	at java.util.concurrent.SynchronousQueue.take(SynchronousQueue.java:925)
	at java.util.concurrent.ThreadPoolExecutor.getTask(ThreadPoolExecutor.java:1068)
	at java.util.concurrent.ThreadPoolExecutor.runWorker(ThreadPoolExecutor.java:1130)
	at java.util.concurrent.ThreadPoolExecutor$Worker.run(ThreadPoolExecutor.java:615)
	at java.lang.Thread.run(Thread.java:722)

"FD_SOCK acceptor,deimos-esw-4224" daemon prio=10 tid=0x00007f603085a000 nid=0x74a6 runnable [0x00007f605debe000]
   java.lang.Thread.State: RUNNABLE
	at java.net.PlainSocketImpl.socketAccept(Native Method)
	at java.net.AbstractPlainSocketImpl.accept(AbstractPlainSocketImpl.java:398)
	at java.net.ServerSocket.implAccept(ServerSocket.java:522)
	at java.net.ServerSocket.accept(ServerSocket.java:490)
	at org.jgroups.protocols.FD_SOCK$ServerSocketHandler.run(FD_SOCK.java:1048)
	at java.lang.Thread.run(Thread.java:722)

"multicast receiver,deimos-esw-4224" prio=10 tid=0x00007f6030858000 nid=0x74a5 runnable [0x00007f605dfbf000]
   java.lang.Thread.State: RUNNABLE
	at java.net.PlainDatagramSocketImpl.receive0(Native Method)
	- locked <0x00000006f691cbc0> (a java.net.PlainDatagramSocketImpl)
	at java.net.AbstractPlainDatagramSocketImpl.receive(AbstractPlainDatagramSocketImpl.java:145)
	- locked <0x00000006f691cbc0> (a java.net.PlainDatagramSocketImpl)
	at java.net.DatagramSocket.receive(DatagramSocket.java:786)
	- locked <0x00000006f6d54d80> (a java.net.DatagramPacket)
	- locked <0x00000006f6d3c660> (a java.net.MulticastSocket)
	at org.jgroups.protocols.UDP$PacketReceiver.run(UDP.java:676)
	at java.lang.Thread.run(Thread.java:722)

"unicast receiver,deimos-esw-4224" prio=10 tid=0x00007f6030856800 nid=0x74a4 runnable [0x00007f605e0c0000]
   java.lang.Thread.State: RUNNABLE
	at java.net.PlainDatagramSocketImpl.receive0(Native Method)
	- locked <0x00000006f691d2b0> (a java.net.PlainDatagramSocketImpl)
	at java.net.AbstractPlainDatagramSocketImpl.receive(AbstractPlainDatagramSocketImpl.java:145)
	- locked <0x00000006f691d2b0> (a java.net.PlainDatagramSocketImpl)
	at java.net.DatagramSocket.receive(DatagramSocket.java:786)
	- locked <0x00000006f6d54dd0> (a java.net.DatagramPacket)
	- locked <0x00000006f6d54da8> (a java.net.DatagramSocket)
	at org.jgroups.protocols.UDP$PacketReceiver.run(UDP.java:676)
	at java.lang.Thread.run(Thread.java:722)

"Timer-4,deimos-esw-4224" daemon prio=10 tid=0x00007f6030851000 nid=0x74a3 waiting on condition [0x00007f605e1c1000]
   java.lang.Thread.State: TIMED_WAITING (parking)
	at sun.misc.Unsafe.park(Native Method)
	- parking to wait for  <0x00000006f692bf28> (a java.util.concurrent.locks.AbstractQueuedSynchronizer$ConditionObject)
	at java.util.concurrent.locks.LockSupport.parkNanos(LockSupport.java:226)
	at java.util.concurrent.locks.AbstractQueuedSynchronizer$ConditionObject.awaitNanos(AbstractQueuedSynchronizer.java:2082)
	at java.util.concurrent.ScheduledThreadPoolExecutor$DelayedWorkQueue.take(ScheduledThreadPoolExecutor.java:1090)
	at java.util.concurrent.ScheduledThreadPoolExecutor$DelayedWorkQueue.take(ScheduledThreadPoolExecutor.java:807)
	at java.util.concurrent.ThreadPoolExecutor.getTask(ThreadPoolExecutor.java:1068)
	at java.util.concurrent.ThreadPoolExecutor.runWorker(ThreadPoolExecutor.java:1130)
	at java.util.concurrent.ThreadPoolExecutor$Worker.run(ThreadPoolExecutor.java:615)
	at java.lang.Thread.run(Thread.java:722)

"Timer-3,deimos-esw-4224" daemon prio=10 tid=0x00007f6030850000 nid=0x74a2 waiting on condition [0x00007f605e2c2000]
   java.lang.Thread.State: WAITING (parking)
	at sun.misc.Unsafe.park(Native Method)
	- parking to wait for  <0x00000006f692bf28> (a java.util.concurrent.locks.AbstractQueuedSynchronizer$ConditionObject)
	at java.util.concurrent.locks.LockSupport.park(LockSupport.java:186)
	at java.util.concurrent.locks.AbstractQueuedSynchronizer$ConditionObject.await(AbstractQueuedSynchronizer.java:2043)
	at java.util.concurrent.ScheduledThreadPoolExecutor$DelayedWorkQueue.take(ScheduledThreadPoolExecutor.java:1085)
	at java.util.concurrent.ScheduledThreadPoolExecutor$DelayedWorkQueue.take(ScheduledThreadPoolExecutor.java:807)
	at java.util.concurrent.ThreadPoolExecutor.getTask(ThreadPoolExecutor.java:1068)
	at java.util.concurrent.ThreadPoolExecutor.runWorker(ThreadPoolExecutor.java:1130)
	at java.util.concurrent.ThreadPoolExecutor$Worker.run(ThreadPoolExecutor.java:615)
	at java.lang.Thread.run(Thread.java:722)

"Timer-2,deimos-esw-4224" daemon prio=10 tid=0x00007f603084f800 nid=0x74a1 waiting on condition [0x00007f605e3c3000]
   java.lang.Thread.State: WAITING (parking)
	at sun.misc.Unsafe.park(Native Method)
	- parking to wait for  <0x00000006f692bf28> (a java.util.concurrent.locks.AbstractQueuedSynchronizer$ConditionObject)
	at java.util.concurrent.locks.LockSupport.park(LockSupport.java:186)
	at java.util.concurrent.locks.AbstractQueuedSynchronizer$ConditionObject.await(AbstractQueuedSynchronizer.java:2043)
	at java.util.concurrent.ScheduledThreadPoolExecutor$DelayedWorkQueue.take(ScheduledThreadPoolExecutor.java:1085)
	at java.util.concurrent.ScheduledThreadPoolExecutor$DelayedWorkQueue.take(ScheduledThreadPoolExecutor.java:807)
	at java.util.concurrent.ThreadPoolExecutor.getTask(ThreadPoolExecutor.java:1068)
	at java.util.concurrent.ThreadPoolExecutor.runWorker(ThreadPoolExecutor.java:1130)
	at java.util.concurrent.ThreadPoolExecutor$Worker.run(ThreadPoolExecutor.java:615)
	at java.lang.Thread.run(Thread.java:722)

"Timer-1,deimos-esw-4224" daemon prio=10 tid=0x00007f603084b800 nid=0x749f waiting on condition [0x00007f605e4c4000]
   java.lang.Thread.State: WAITING (parking)
	at sun.misc.Unsafe.park(Native Method)
	- parking to wait for  <0x00000006f692bf28> (a java.util.concurrent.locks.AbstractQueuedSynchronizer$ConditionObject)
	at java.util.concurrent.locks.LockSupport.park(LockSupport.java:186)
	at java.util.concurrent.locks.AbstractQueuedSynchronizer$ConditionObject.await(AbstractQueuedSynchronizer.java:2043)
	at java.util.concurrent.ScheduledThreadPoolExecutor$DelayedWorkQueue.take(ScheduledThreadPoolExecutor.java:1085)
	at java.util.concurrent.ScheduledThreadPoolExecutor$DelayedWorkQueue.take(ScheduledThreadPoolExecutor.java:807)
	at java.util.concurrent.ThreadPoolExecutor.getTask(ThreadPoolExecutor.java:1068)
	at java.util.concurrent.ThreadPoolExecutor.runWorker(ThreadPoolExecutor.java:1130)
	at java.util.concurrent.ThreadPoolExecutor$Worker.run(ThreadPoolExecutor.java:615)
	at java.lang.Thread.run(Thread.java:722)

"hz._hzInstance_1_FenixFrameworkGroup.event" prio=10 tid=0x00007f600800c000 nid=0x7485 waiting on condition [0x00007f605e6f5000]
   java.lang.Thread.State: WAITING (parking)
	at sun.misc.Unsafe.park(Native Method)
	- parking to wait for  <0x00000006f6c271e0> (a java.util.concurrent.locks.AbstractQueuedSynchronizer$ConditionObject)
	at java.util.concurrent.locks.LockSupport.park(LockSupport.java:186)
	at java.util.concurrent.locks.AbstractQueuedSynchronizer$ConditionObject.await(AbstractQueuedSynchronizer.java:2043)
	at java.util.concurrent.LinkedBlockingQueue.take(LinkedBlockingQueue.java:442)
	at java.util.concurrent.ThreadPoolExecutor.getTask(ThreadPoolExecutor.java:1068)
	at java.util.concurrent.ThreadPoolExecutor.runWorker(ThreadPoolExecutor.java:1130)
	at java.util.concurrent.ThreadPoolExecutor$Worker.run(ThreadPoolExecutor.java:615)
	at java.lang.Thread.run(Thread.java:722)
	at com.hazelcast.util.executor.SingleExecutorThreadFactory$ManagedThread.run(SingleExecutorThreadFactory.java:45)

"hz._hzInstance_1_FenixFrameworkGroup.cached.thread-24" prio=10 tid=0x00007f6010027800 nid=0x747a waiting on condition [0x00007f605e9f8000]
   java.lang.Thread.State: WAITING (parking)
	at sun.misc.Unsafe.park(Native Method)
	- parking to wait for  <0x00000006f6c28d68> (a java.util.concurrent.SynchronousQueue$TransferStack)
	at java.util.concurrent.locks.LockSupport.park(LockSupport.java:186)
	at java.util.concurrent.SynchronousQueue$TransferStack.awaitFulfill(SynchronousQueue.java:458)
	at java.util.concurrent.SynchronousQueue$TransferStack.transfer(SynchronousQueue.java:359)
	at java.util.concurrent.SynchronousQueue.take(SynchronousQueue.java:925)
	at java.util.concurrent.ThreadPoolExecutor.getTask(ThreadPoolExecutor.java:1068)
	at java.util.concurrent.ThreadPoolExecutor.runWorker(ThreadPoolExecutor.java:1130)
	at java.util.concurrent.ThreadPoolExecutor$Worker.run(ThreadPoolExecutor.java:615)
	at java.lang.Thread.run(Thread.java:722)
	at com.hazelcast.util.executor.PoolExecutorThreadFactory$ManagedThread.run(PoolExecutorThreadFactory.java:59)

"hz._hzInstance_1_FenixFrameworkGroup.cached.thread-22" prio=10 tid=0x00007f6010024800 nid=0x7476 waiting on condition [0x00007f605ebfa000]
   java.lang.Thread.State: WAITING (parking)
	at sun.misc.Unsafe.park(Native Method)
	- parking to wait for  <0x00000006f6c28d68> (a java.util.concurrent.SynchronousQueue$TransferStack)
	at java.util.concurrent.locks.LockSupport.park(LockSupport.java:186)
	at java.util.concurrent.SynchronousQueue$TransferStack.awaitFulfill(SynchronousQueue.java:458)
	at java.util.concurrent.SynchronousQueue$TransferStack.transfer(SynchronousQueue.java:359)
	at java.util.concurrent.SynchronousQueue.take(SynchronousQueue.java:925)
	at java.util.concurrent.ThreadPoolExecutor.getTask(ThreadPoolExecutor.java:1068)
	at java.util.concurrent.ThreadPoolExecutor.runWorker(ThreadPoolExecutor.java:1130)
	at java.util.concurrent.ThreadPoolExecutor$Worker.run(ThreadPoolExecutor.java:615)
	at java.lang.Thread.run(Thread.java:722)
	at com.hazelcast.util.executor.PoolExecutorThreadFactory$ManagedThread.run(PoolExecutorThreadFactory.java:59)

"hz._hzInstance_1_FenixFrameworkGroup.operation.thread-1" prio=10 tid=0x00007f601000f800 nid=0x7449 waiting on condition [0x00007f605faf9000]
   java.lang.Thread.State: WAITING (parking)
	at sun.misc.Unsafe.park(Native Method)
	- parking to wait for  <0x00000006f6cc12d0> (a java.util.concurrent.locks.AbstractQueuedSynchronizer$ConditionObject)
	at java.util.concurrent.locks.LockSupport.park(LockSupport.java:186)
	at java.util.concurrent.locks.AbstractQueuedSynchronizer$ConditionObject.await(AbstractQueuedSynchronizer.java:2043)
	at java.util.concurrent.LinkedBlockingQueue.take(LinkedBlockingQueue.java:442)
	at java.util.concurrent.ThreadPoolExecutor.getTask(ThreadPoolExecutor.java:1068)
	at java.util.concurrent.ThreadPoolExecutor.runWorker(ThreadPoolExecutor.java:1130)
	at java.util.concurrent.ThreadPoolExecutor$Worker.run(ThreadPoolExecutor.java:615)
	at java.lang.Thread.run(Thread.java:722)
	at com.hazelcast.spi.impl.OperationServiceImpl$OperationThread.run(OperationServiceImpl.java:692)

"hz._hzInstance_1_FenixFrameworkGroup.operation.thread-3" prio=10 tid=0x00007f601000e000 nid=0x7448 waiting on condition [0x00007f605fbfa000]
   java.lang.Thread.State: WAITING (parking)
	at sun.misc.Unsafe.park(Native Method)
	- parking to wait for  <0x00000006f6cc0460> (a java.util.concurrent.locks.AbstractQueuedSynchronizer$ConditionObject)
	at java.util.concurrent.locks.LockSupport.park(LockSupport.java:186)
	at java.util.concurrent.locks.AbstractQueuedSynchronizer$ConditionObject.await(AbstractQueuedSynchronizer.java:2043)
	at java.util.concurrent.LinkedBlockingQueue.take(LinkedBlockingQueue.java:442)
	at java.util.concurrent.ThreadPoolExecutor.getTask(ThreadPoolExecutor.java:1068)
	at java.util.concurrent.ThreadPoolExecutor.runWorker(ThreadPoolExecutor.java:1130)
	at java.util.concurrent.ThreadPoolExecutor$Worker.run(ThreadPoolExecutor.java:615)
	at java.lang.Thread.run(Thread.java:722)
	at com.hazelcast.spi.impl.OperationServiceImpl$OperationThread.run(OperationServiceImpl.java:692)

"hz._hzInstance_1_FenixFrameworkGroup.operation.thread-2" prio=10 tid=0x00007f601000c000 nid=0x7447 waiting on condition [0x00007f605fcfb000]
   java.lang.Thread.State: WAITING (parking)
	at sun.misc.Unsafe.park(Native Method)
	- parking to wait for  <0x00000006f6cc0fc8> (a java.util.concurrent.locks.AbstractQueuedSynchronizer$ConditionObject)
	at java.util.concurrent.locks.LockSupport.park(LockSupport.java:186)
	at java.util.concurrent.locks.AbstractQueuedSynchronizer$ConditionObject.await(AbstractQueuedSynchronizer.java:2043)
	at java.util.concurrent.LinkedBlockingQueue.take(LinkedBlockingQueue.java:442)
	at java.util.concurrent.ThreadPoolExecutor.getTask(ThreadPoolExecutor.java:1068)
	at java.util.concurrent.ThreadPoolExecutor.runWorker(ThreadPoolExecutor.java:1130)
	at java.util.concurrent.ThreadPoolExecutor$Worker.run(ThreadPoolExecutor.java:615)
	at java.lang.Thread.run(Thread.java:722)
	at com.hazelcast.spi.impl.OperationServiceImpl$OperationThread.run(OperationServiceImpl.java:692)

"hz._hzInstance_1_FenixFrameworkGroup.operation.thread-0" prio=10 tid=0x00007f601000a000 nid=0x7446 waiting on condition [0x00007f605fdfc000]
   java.lang.Thread.State: WAITING (parking)
	at sun.misc.Unsafe.park(Native Method)
	- parking to wait for  <0x00000006f6cc1d98> (a java.util.concurrent.locks.AbstractQueuedSynchronizer$ConditionObject)
	at java.util.concurrent.locks.LockSupport.park(LockSupport.java:186)
	at java.util.concurrent.locks.AbstractQueuedSynchronizer$ConditionObject.await(AbstractQueuedSynchronizer.java:2043)
	at java.util.concurrent.LinkedBlockingQueue.take(LinkedBlockingQueue.java:442)
	at java.util.concurrent.ThreadPoolExecutor.getTask(ThreadPoolExecutor.java:1068)
	at java.util.concurrent.ThreadPoolExecutor.runWorker(ThreadPoolExecutor.java:1130)
	at java.util.concurrent.ThreadPoolExecutor$Worker.run(ThreadPoolExecutor.java:615)
	at java.lang.Thread.run(Thread.java:722)
	at com.hazelcast.spi.impl.OperationServiceImpl$OperationThread.run(OperationServiceImpl.java:692)

"hz._hzInstance_1_FenixFrameworkGroup.response" prio=10 tid=0x00007f6008009000 nid=0x7440 waiting on condition [0x00007f605fefd000]
   java.lang.Thread.State: WAITING (parking)
	at sun.misc.Unsafe.park(Native Method)
	- parking to wait for  <0x00000006f6cc02f8> (a java.util.concurrent.locks.AbstractQueuedSynchronizer$ConditionObject)
	at java.util.concurrent.locks.LockSupport.park(LockSupport.java:186)
	at java.util.concurrent.locks.AbstractQueuedSynchronizer$ConditionObject.await(AbstractQueuedSynchronizer.java:2043)
	at java.util.concurrent.LinkedBlockingQueue.take(LinkedBlockingQueue.java:442)
	at java.util.concurrent.ThreadPoolExecutor.getTask(ThreadPoolExecutor.java:1068)
	at java.util.concurrent.ThreadPoolExecutor.runWorker(ThreadPoolExecutor.java:1130)
	at java.util.concurrent.ThreadPoolExecutor$Worker.run(ThreadPoolExecutor.java:615)
	at java.lang.Thread.run(Thread.java:722)
	at com.hazelcast.util.executor.SingleExecutorThreadFactory$ManagedThread.run(SingleExecutorThreadFactory.java:45)

"hz._hzInstance_1_FenixFrameworkGroup.MulticastThread" prio=10 tid=0x00007f6030475800 nid=0x73e1 runnable [0x00007f60648e2000]
   java.lang.Thread.State: RUNNABLE
	at java.net.PlainDatagramSocketImpl.receive0(Native Method)
	- locked <0x00000006f6d7c108> (a java.net.PlainDatagramSocketImpl)
	at java.net.AbstractPlainDatagramSocketImpl.receive(AbstractPlainDatagramSocketImpl.java:145)
	- locked <0x00000006f6d7c108> (a java.net.PlainDatagramSocketImpl)
	at java.net.DatagramSocket.receive(DatagramSocket.java:786)
	- locked <0x00000006f6d54df8> (a java.net.DatagramPacket)
	- locked <0x00000006f6d3c6d0> (a java.net.MulticastSocket)
	at com.hazelcast.cluster.MulticastService.receive(MulticastService.java:136)
	at com.hazelcast.cluster.MulticastService.run(MulticastService.java:112)
	at java.lang.Thread.run(Thread.java:722)

"hz._hzInstance_1_FenixFrameworkGroup.IO.thread-Acceptor" prio=10 tid=0x00007f6030473800 nid=0x73e0 runnable [0x00007f60649e3000]
   java.lang.Thread.State: RUNNABLE
	at sun.nio.ch.EPollArrayWrapper.epollWait(Native Method)
	at sun.nio.ch.EPollArrayWrapper.poll(EPollArrayWrapper.java:228)
	at sun.nio.ch.EPollSelectorImpl.doSelect(EPollSelectorImpl.java:81)
	at sun.nio.ch.SelectorImpl.lockAndDoSelect(SelectorImpl.java:87)
	- locked <0x00000006f6d95058> (a sun.nio.ch.Util$2)
	- locked <0x00000006f6d95040> (a java.util.Collections$UnmodifiableSet)
	- locked <0x00000006f6d3bec8> (a sun.nio.ch.EPollSelectorImpl)
	at sun.nio.ch.SelectorImpl.select(SelectorImpl.java:98)
	at sun.nio.ch.SelectorImpl.select(SelectorImpl.java:102)
	at com.hazelcast.nio.SocketAcceptor.run(SocketAcceptor.java:47)
	at java.lang.Thread.run(Thread.java:722)

"hz._hzInstance_1_FenixFrameworkGroup.IO.thread-out-2" prio=10 tid=0x00007f6030471800 nid=0x73df runnable [0x00007f6064ae4000]
   java.lang.Thread.State: RUNNABLE
	at sun.nio.ch.EPollArrayWrapper.epollWait(Native Method)
	at sun.nio.ch.EPollArrayWrapper.poll(EPollArrayWrapper.java:228)
	at sun.nio.ch.EPollSelectorImpl.doSelect(EPollSelectorImpl.java:81)
	at sun.nio.ch.SelectorImpl.lockAndDoSelect(SelectorImpl.java:87)
	- locked <0x00000006f6da08b8> (a sun.nio.ch.Util$2)
	- locked <0x00000006f6da08a0> (a java.util.Collections$UnmodifiableSet)
	- locked <0x00000006f6da0948> (a sun.nio.ch.EPollSelectorImpl)
	at sun.nio.ch.SelectorImpl.select(SelectorImpl.java:98)
	at com.hazelcast.nio.AbstractIOSelector.run(AbstractIOSelector.java:110)

"hz._hzInstance_1_FenixFrameworkGroup.IO.thread-in-2" prio=10 tid=0x00007f603046f800 nid=0x73de runnable [0x00007f6064be5000]
   java.lang.Thread.State: RUNNABLE
	at sun.nio.ch.EPollArrayWrapper.epollWait(Native Method)
	at sun.nio.ch.EPollArrayWrapper.poll(EPollArrayWrapper.java:228)
	at sun.nio.ch.EPollSelectorImpl.doSelect(EPollSelectorImpl.java:81)
	at sun.nio.ch.SelectorImpl.lockAndDoSelect(SelectorImpl.java:87)
	- locked <0x00000006f6da9798> (a sun.nio.ch.Util$2)
	- locked <0x00000006f6da9780> (a java.util.Collections$UnmodifiableSet)
	- locked <0x00000006f6da09d8> (a sun.nio.ch.EPollSelectorImpl)
	at sun.nio.ch.SelectorImpl.select(SelectorImpl.java:98)
	at com.hazelcast.nio.AbstractIOSelector.run(AbstractIOSelector.java:110)

"hz._hzInstance_1_FenixFrameworkGroup.IO.thread-out-1" prio=10 tid=0x00007f6030453000 nid=0x73dd runnable [0x00007f6064ce6000]
   java.lang.Thread.State: RUNNABLE
	at sun.nio.ch.EPollArrayWrapper.epollWait(Native Method)
	at sun.nio.ch.EPollArrayWrapper.poll(EPollArrayWrapper.java:228)
	at sun.nio.ch.EPollSelectorImpl.doSelect(EPollSelectorImpl.java:81)
	at sun.nio.ch.SelectorImpl.lockAndDoSelect(SelectorImpl.java:87)
	- locked <0x00000006f6d9f200> (a sun.nio.ch.Util$2)
	- locked <0x00000006f6d9f1e8> (a java.util.Collections$UnmodifiableSet)
	- locked <0x00000006f6d96710> (a sun.nio.ch.EPollSelectorImpl)
	at sun.nio.ch.SelectorImpl.select(SelectorImpl.java:98)
	at com.hazelcast.nio.AbstractIOSelector.run(AbstractIOSelector.java:110)

"hz._hzInstance_1_FenixFrameworkGroup.IO.thread-in-1" prio=10 tid=0x00007f6030451800 nid=0x73dc runnable [0x00007f6064de7000]
   java.lang.Thread.State: RUNNABLE
	at sun.nio.ch.EPollArrayWrapper.epollWait(Native Method)
	at sun.nio.ch.EPollArrayWrapper.poll(EPollArrayWrapper.java:228)
	at sun.nio.ch.EPollSelectorImpl.doSelect(EPollSelectorImpl.java:81)
	at sun.nio.ch.SelectorImpl.lockAndDoSelect(SelectorImpl.java:87)
	- locked <0x00000006f6da01c0> (a sun.nio.ch.Util$2)
	- locked <0x00000006f6da01a8> (a java.util.Collections$UnmodifiableSet)
	- locked <0x00000006f6d96758> (a sun.nio.ch.EPollSelectorImpl)
	at sun.nio.ch.SelectorImpl.select(SelectorImpl.java:98)
	at com.hazelcast.nio.AbstractIOSelector.run(AbstractIOSelector.java:110)

"hz._hzInstance_1_FenixFrameworkGroup.IO.thread-out-0" prio=10 tid=0x00007f6030436000 nid=0x73db runnable [0x00007f6064ee8000]
   java.lang.Thread.State: RUNNABLE
	at sun.nio.ch.EPollArrayWrapper.epollWait(Native Method)
	at sun.nio.ch.EPollArrayWrapper.poll(EPollArrayWrapper.java:228)
	at sun.nio.ch.EPollSelectorImpl.doSelect(EPollSelectorImpl.java:81)
	at sun.nio.ch.SelectorImpl.lockAndDoSelect(SelectorImpl.java:87)
	- locked <0x00000006f6da99a8> (a sun.nio.ch.Util$2)
	- locked <0x00000006f6da9990> (a java.util.Collections$UnmodifiableSet)
	- locked <0x00000006f6d967e8> (a sun.nio.ch.EPollSelectorImpl)
	at sun.nio.ch.SelectorImpl.select(SelectorImpl.java:98)
	at com.hazelcast.nio.AbstractIOSelector.run(AbstractIOSelector.java:110)

"hz._hzInstance_1_FenixFrameworkGroup.IO.thread-in-0" prio=10 tid=0x00007f6030435000 nid=0x73da runnable [0x00007f6064fe9000]
   java.lang.Thread.State: RUNNABLE
	at sun.nio.ch.EPollArrayWrapper.epollWait(Native Method)
	at sun.nio.ch.EPollArrayWrapper.poll(EPollArrayWrapper.java:228)
	at sun.nio.ch.EPollSelectorImpl.doSelect(EPollSelectorImpl.java:81)
	at sun.nio.ch.SelectorImpl.lockAndDoSelect(SelectorImpl.java:87)
	- locked <0x00000006f6dc2c48> (a sun.nio.ch.Util$2)
	- locked <0x00000006f6dc2c30> (a java.util.Collections$UnmodifiableSet)
	- locked <0x00000006f6d96830> (a sun.nio.ch.EPollSelectorImpl)
	at sun.nio.ch.SelectorImpl.select(SelectorImpl.java:98)
	at com.hazelcast.nio.AbstractIOSelector.run(AbstractIOSelector.java:110)

"hz._hzInstance_1_FenixFrameworkGroup.migration" prio=10 tid=0x00007f6030418000 nid=0x73d9 waiting on condition [0x00007f60650ea000]
   java.lang.Thread.State: TIMED_WAITING (parking)
	at sun.misc.Unsafe.park(Native Method)
	- parking to wait for  <0x00000006f6c40bf0> (a java.util.concurrent.locks.AbstractQueuedSynchronizer$ConditionObject)
	at java.util.concurrent.locks.LockSupport.parkNanos(LockSupport.java:226)
	at java.util.concurrent.locks.AbstractQueuedSynchronizer$ConditionObject.awaitNanos(AbstractQueuedSynchronizer.java:2082)
	at java.util.concurrent.LinkedBlockingQueue.poll(LinkedBlockingQueue.java:467)
	at com.hazelcast.partition.PartitionServiceImpl$MigrationThread.run(PartitionServiceImpl.java:1167)
	at java.lang.Thread.run(Thread.java:722)

"hz._hzInstance_1_FenixFrameworkGroup.scheduled" prio=10 tid=0x00007f60303e8800 nid=0x73d6 waiting on condition [0x00007f6065503000]
   java.lang.Thread.State: TIMED_WAITING (parking)
	at sun.misc.Unsafe.park(Native Method)
	- parking to wait for  <0x00000006f6c369d8> (a java.util.concurrent.locks.AbstractQueuedSynchronizer$ConditionObject)
	at java.util.concurrent.locks.LockSupport.parkNanos(LockSupport.java:226)
	at java.util.concurrent.locks.AbstractQueuedSynchronizer$ConditionObject.awaitNanos(AbstractQueuedSynchronizer.java:2082)
	at java.util.concurrent.ScheduledThreadPoolExecutor$DelayedWorkQueue.take(ScheduledThreadPoolExecutor.java:1090)
	at java.util.concurrent.ScheduledThreadPoolExecutor$DelayedWorkQueue.take(ScheduledThreadPoolExecutor.java:807)
	at java.util.concurrent.ThreadPoolExecutor.getTask(ThreadPoolExecutor.java:1068)
	at java.util.concurrent.ThreadPoolExecutor.runWorker(ThreadPoolExecutor.java:1130)
	at java.util.concurrent.ThreadPoolExecutor$Worker.run(ThreadPoolExecutor.java:615)
	at java.lang.Thread.run(Thread.java:722)
	at com.hazelcast.util.executor.SingleExecutorThreadFactory$ManagedThread.run(SingleExecutorThreadFactory.java:45)

"hz._hzInstance_1_FenixFrameworkGroup.wait-notify" prio=10 tid=0x00007f60303d3800 nid=0x73d5 waiting on condition [0x00007f6065604000]
   java.lang.Thread.State: TIMED_WAITING (parking)
	at sun.misc.Unsafe.park(Native Method)
	- parking to wait for  <0x00000006f6c9a8f0> (a java.util.concurrent.locks.AbstractQueuedSynchronizer$ConditionObject)
	at java.util.concurrent.locks.LockSupport.parkNanos(LockSupport.java:226)
	at java.util.concurrent.locks.AbstractQueuedSynchronizer$ConditionObject.awaitNanos(AbstractQueuedSynchronizer.java:2082)
	at java.util.concurrent.DelayQueue.poll(DelayQueue.java:256)
	at com.hazelcast.spi.impl.WaitNotifyServiceImpl$1.run(WaitNotifyServiceImpl.java:65)
	at java.util.concurrent.Executors$RunnableAdapter.call(Executors.java:471)
	at java.util.concurrent.FutureTask$Sync.innerRun(FutureTask.java:334)
	at java.util.concurrent.FutureTask.run(FutureTask.java:166)
	at java.util.concurrent.ThreadPoolExecutor.runWorker(ThreadPoolExecutor.java:1145)
	at java.util.concurrent.ThreadPoolExecutor$Worker.run(ThreadPoolExecutor.java:615)
	at java.lang.Thread.run(Thread.java:722)
	at com.hazelcast.util.executor.SingleExecutorThreadFactory$ManagedThread.run(SingleExecutorThreadFactory.java:45)

"Thread-2" daemon prio=10 tid=0x00007f603033d000 nid=0x73d1 waiting on condition [0x00007f6065706000]
   java.lang.Thread.State: TIMED_WAITING (sleeping)
	at java.lang.Thread.sleep(Native Method)
	at jvstm.gc.GCTask.run(GCTask.java:68)
	at java.lang.Thread.run(Thread.java:722)

"pool-1-thread-1" prio=10 tid=0x00007f6070368800 nid=0x73a4 waiting on condition [0x00007f6065acf000]
   java.lang.Thread.State: WAITING (parking)
	at sun.misc.Unsafe.park(Native Method)
	- parking to wait for  <0x0000000721bd7078> (a java.util.concurrent.CountDownLatch$Sync)
	at java.util.concurrent.locks.LockSupport.park(LockSupport.java:186)
	at java.util.concurrent.locks.AbstractQueuedSynchronizer.parkAndCheckInterrupt(AbstractQueuedSynchronizer.java:834)
	at java.util.concurrent.locks.AbstractQueuedSynchronizer.doAcquireSharedInterruptibly(AbstractQueuedSynchronizer.java:994)
	at java.util.concurrent.locks.AbstractQueuedSynchronizer.acquireSharedInterruptibly(AbstractQueuedSynchronizer.java:1303)
	at java.util.concurrent.CountDownLatch.await(CountDownLatch.java:236)
	at org.radargun.stressors.PhaseSynchronizer.masterPhaseStart(PhaseSynchronizer.java:21)
	at org.radargun.stressors.StressTestStressor.executeOperations(StressTestStressor.java:219)
	at org.radargun.stressors.StressTestStressor.stress(StressTestStressor.java:164)
	at org.radargun.stages.StressTestStage.doWork(StressTestStage.java:140)
	at org.radargun.stages.StressTestStage.executeOnSlave(StressTestStage.java:176)
	at org.radargun.Slave$2.run(Slave.java:103)
	at java.util.concurrent.Executors$RunnableAdapter.call(Executors.java:471)
	at java.util.concurrent.FutureTask$Sync.innerRun(FutureTask.java:334)
	at java.util.concurrent.FutureTask.run(FutureTask.java:166)
	at java.util.concurrent.ThreadPoolExecutor.runWorker(ThreadPoolExecutor.java:1145)
	at java.util.concurrent.ThreadPoolExecutor$Worker.run(ThreadPoolExecutor.java:615)
	at java.lang.Thread.run(Thread.java:722)

"Service Thread" daemon prio=10 tid=0x00007f607017d000 nid=0x7360 runnable [0x0000000000000000]
   java.lang.Thread.State: RUNNABLE

"C2 CompilerThread1" daemon prio=10 tid=0x00007f607017a000 nid=0x735f waiting on condition [0x0000000000000000]
   java.lang.Thread.State: RUNNABLE

"C2 CompilerThread0" daemon prio=10 tid=0x00007f6070178000 nid=0x735e waiting on condition [0x0000000000000000]
   java.lang.Thread.State: RUNNABLE

"Signal Dispatcher" daemon prio=10 tid=0x00007f6070176000 nid=0x735d waiting on condition [0x0000000000000000]
   java.lang.Thread.State: RUNNABLE

"Surrogate Locker Thread (Concurrent GC)" daemon prio=10 tid=0x00007f6070174000 nid=0x735c waiting on condition [0x0000000000000000]
   java.lang.Thread.State: RUNNABLE

"Finalizer" daemon prio=10 tid=0x00007f6070127800 nid=0x735b in Object.wait() [0x00007f60665fe000]
   java.lang.Thread.State: WAITING (on object monitor)
	at java.lang.Object.wait(Native Method)
	- waiting on <0x00000006f67557f0> (a java.lang.ref.ReferenceQueue$Lock)
	at java.lang.ref.ReferenceQueue.remove(ReferenceQueue.java:135)
	- locked <0x00000006f67557f0> (a java.lang.ref.ReferenceQueue$Lock)
	at java.lang.ref.ReferenceQueue.remove(ReferenceQueue.java:151)
	at java.lang.ref.Finalizer$FinalizerThread.run(Finalizer.java:189)

"Reference Handler" daemon prio=10 tid=0x00007f6070125000 nid=0x735a in Object.wait() [0x00007f60666ff000]
   java.lang.Thread.State: WAITING (on object monitor)
	at java.lang.Object.wait(Native Method)
	- waiting on <0x00000006f6755358> (a java.lang.ref.Reference$Lock)
	at java.lang.Object.wait(Object.java:503)
	at java.lang.ref.Reference$ReferenceHandler.run(Reference.java:133)
	- locked <0x00000006f6755358> (a java.lang.ref.Reference$Lock)

"main" prio=10 tid=0x00007f6070009000 nid=0x7353 waiting on condition [0x00007f60773b9000]
   java.lang.Thread.State: TIMED_WAITING (parking)
	at sun.misc.Unsafe.park(Native Method)
	- parking to wait for  <0x0000000721b97840> (a java.util.concurrent.FutureTask$Sync)
	at java.util.concurrent.locks.LockSupport.parkNanos(LockSupport.java:226)
	at java.util.concurrent.locks.AbstractQueuedSynchronizer.doAcquireSharedNanos(AbstractQueuedSynchronizer.java:1033)
	at java.util.concurrent.locks.AbstractQueuedSynchronizer.tryAcquireSharedNanos(AbstractQueuedSynchronizer.java:1326)
	at java.util.concurrent.FutureTask$Sync.innerGet(FutureTask.java:257)
	at java.util.concurrent.FutureTask.get(FutureTask.java:119)
	at org.radargun.Slave.startCommunicationWithMaster(Slave.java:124)
	at org.radargun.Slave.start(Slave.java:67)
	at org.radargun.Slave.main(Slave.java:231)

"VM Thread" prio=10 tid=0x00007f607011c800 nid=0x7359 runnable 

"Gang worker#0 (Parallel GC Threads)" prio=10 tid=0x00007f6070012000 nid=0x7354 runnable 

"Gang worker#1 (Parallel GC Threads)" prio=10 tid=0x00007f6070014000 nid=0x7355 runnable 

"Gang worker#2 (Parallel GC Threads)" prio=10 tid=0x00007f6070015800 nid=0x7356 runnable 

"Gang worker#3 (Parallel GC Threads)" prio=10 tid=0x00007f6070017800 nid=0x7357 runnable 

"Concurrent Mark-Sweep GC Thread" prio=10 tid=0x00007f60700a6800 nid=0x7358 runnable 
"VM Periodic Task Thread" prio=10 tid=0x00007f6070190000 nid=0x7361 waiting on condition 

JNI global references: 176

Heap
 par new generation   total 384256K, used 94835K [0x00000006c2600000, 0x00000006e1a50000, 0x00000006f6750000)
  eden space 256192K,  37% used [0x00000006c2600000, 0x00000006c829adb8, 0x00000006d2030000)
  from space 128064K,   0% used [0x00000006d2030000, 0x00000006d2032000, 0x00000006d9d40000)
  to   space 128064K,   0% used [0x00000006d9d40000, 0x00000006d9d40000, 0x00000006e1a50000)
 concurrent mark-sweep generation total 2560000K, used 1649329K [0x00000006f6750000, 0x0000000792b50000, 0x00000007fae00000)
 concurrent-mark-sweep perm gen total 56192K, used 35456K [0x00000007fae00000, 0x00000007fe4e0000, 0x0000000800000000)

[GC 1905529K->1649337K(2944256K), 0.0208800 secs]
[GC 1905529K->1649337K(2944256K), 0.0161400 secs]
[GC 1905529K->1649337K(2944256K), 0.0162130 secs]
[GC 1905529K->1649337K(2944256K), 0.0142710 secs]
[GC 1905529K->1649337K(2944256K), 0.0130930 secs]
[GC 1905529K->1649337K(2944256K), 0.0177470 secs]
[GC 1905529K->1649337K(2944256K), 0.0155950 secs]
[GC 1905529K->1649338K(2944256K), 0.0137020 secs]
[GC 1905530K->1649338K(2944256K), 0.0172300 secs]
[GC 1905530K->1649338K(2944256K), 0.0157240 secs]
[GC 1905530K->1649338K(2944256K), 0.0157100 secs]
[GC 1905530K->1649338K(2944256K), 0.0130420 secs]
[GC 1905530K->1649338K(2944256K), 0.0177220 secs]
[GC 1905530K->1649338K(2944256K), 0.0153130 secs]
[GC 1905530K->1649338K(2944256K), 0.0156050 secs]
[GC 1905530K->1649338K(2944256K), 0.0132590 secs]
[GC 1905530K->1649338K(2944256K), 0.0177830 secs]
[GC 1905530K->1649338K(2944256K), 0.0157770 secs]
[GC 1905530K->1649338K(2944256K), 0.0148280 secs]
[GC 1905530K->1649338K(2944256K), 0.0129720 secs]
[GC 1905530K->1649338K(2944256K), 0.0173910 secs]
[GC 1905530K->1649338K(2944256K), 0.0158460 secs]
[GC 1905530K->1649338K(2944256K), 0.0160530 secs]
[GC 1905530K->1649338K(2944256K), 0.0143350 secs]
[GC 1905530K->1649338K(2944256K), 0.0138450 secs]
[GC 1905530K->1649338K(2944256K), 0.0168820 secs]
[GC 1905530K->1649338K(2944256K), 0.0157970 secs]
[GC 1905530K->1649338K(2944256K), 0.0160340 secs]
[GC 1905530K->1649338K(2944256K), 0.0156330 secs]
[GC 1905530K->1649338K(2944256K), 0.0129550 secs]
[GC 1905530K->1649338K(2944256K), 0.0174830 secs]
[GC 1905530K->1649338K(2944256K), 0.0159500 secs]
[GC 1905530K->1649338K(2944256K), 0.0153270 secs]
[GC 1905530K->1649338K(2944256K), 0.0136390 secs]
[GC 1905530K->1649336K(2944256K), 0.0138130 secs]
[GC 1905528K->1649338K(2944256K), 0.0129260 secs]
[GC 1905530K->1649338K(2944256K), 0.0173030 secs]
[GC 1905530K->1649338K(2944256K), 0.0154210 secs]
[GC 1905530K->1649338K(2944256K), 0.0130500 secs]
[GC 1905530K->1649338K(2944256K), 0.0172470 secs]
[GC 1905530K->1649338K(2944256K), 0.0162800 secs]
[GC 1905530K->1649338K(2944256K), 0.0160840 secs]
[GC 1905530K->1649338K(2944256K), 0.0144320 secs]
[GC 1905530K->1649338K(2944256K), 0.0174050 secs]
[GC 1905530K->1649338K(2944256K), 0.0156160 secs]
[GC 1905530K->1649338K(2944256K), 0.0134520 secs]
[GC 1905530K->1649338K(2944256K), 0.0171990 secs]
[GC 1905530K->1649336K(2944256K), 0.0157390 secs]
[GC 1905528K->1649338K(2944256K), 0.0130170 secs]
[GC 1905530K->1649338K(2944256K), 0.0171700 secs]
[GC 1905530K->1649338K(2944256K), 0.0158310 secs]
[GC 1905530K->1649338K(2944256K), 0.0143370 secs]
[GC 1905530K->1649338K(2944256K), 0.0174200 secs]
[GC 1905530K->1649338K(2944256K), 0.0153240 secs]
[GC 1905530K->1649338K(2944256K), 0.0148930 secs]
[GC 1905530K->1649338K(2944256K), 0.0130470 secs]
[GC 1905530K->1649338K(2944256K), 0.0129820 secs]
[GC 1905530K->1649338K(2944256K), 0.0173740 secs]
[GC 1905530K->1649338K(2944256K), 0.0391790 secs]
[GC 1905530K->1649338K(2944256K), 0.0172470 secs]
[GC 1905530K->1649338K(2944256K), 0.0152580 secs]
[GC 1905530K->1649338K(2944256K), 0.0129330 secs]
[GC 1905530K->1649338K(2944256K), 0.0172730 secs]
[GC 1905530K->1649338K(2944256K), 0.0154700 secs]
[GC 1905530K->1649338K(2944256K), 0.0142080 secs]
[GC 1905530K->1649338K(2944256K), 0.0130600 secs]
[GC 1905530K->1649338K(2944256K), 0.0129680 secs]
[GC 1905530K->1649338K(2944256K), 0.0176270 secs]
[GC 1905530K->1649338K(2944256K), 0.0158970 secs]
[GC 1905530K->1649338K(2944256K), 0.0149310 secs]
[GC 1905530K->1649338K(2944256K), 0.0173910 secs]
[GC 1905530K->1649338K(2944256K), 0.0155340 secs]
[GC 1905530K->1649338K(2944256K), 0.0143020 secs]
[GC 1905530K->1649338K(2944256K), 0.0173970 secs]
[GC 1905530K->1649338K(2944256K), 0.0152740 secs]
[GC 1905530K->1649338K(2944256K), 0.0149140 secs]
[GC 1905530K->1649338K(2944256K), 0.0129850 secs]
[GC 1905530K->1649338K(2944256K), 0.0128960 secs]
[GC 1905530K->1649338K(2944256K), 0.0131170 secs]
[GC 1905530K->1649338K(2944256K), 0.0170530 secs]
[GC 1905530K->1649338K(2944256K), 0.0154370 secs]
[GC 1905530K->1649338K(2944256K), 0.0133580 secs]
[GC 1905530K->1649338K(2944256K), 0.0172440 secs]
[GC 1905530K->1649338K(2944256K), 0.0157840 secs]
[GC 1905530K->1649338K(2944256K), 0.0154220 secs]
[GC 1905530K->1649336K(2944256K), 0.0152730 secs]
[GC 1905528K->1649338K(2944256K), 0.0175500 secs]
[GC 1905530K->1649338K(2944256K), 0.0162090 secs]
[GC 1905530K->1649338K(2944256K), 0.0152960 secs]
[GC 1905530K->1649338K(2944256K), 0.0400670 secs]
[GC 1905530K->1649338K(2944256K), 0.0138920 secs]
[GC 1905530K->1649338K(2944256K), 0.0174780 secs]
[GC 1905530K->1649338K(2944256K), 0.0153950 secs]
[GC 1905530K->1649338K(2944256K), 0.0129880 secs]
[GC 1905530K->1649338K(2944256K), 0.0167630 secs]
[GC 1905530K->1649338K(2944256K), 0.0153460 secs]
[GC 1905530K->1649338K(2944256K), 0.0148850 secs]
[GC 1905530K->1649338K(2944256K), 0.0174300 secs]
[GC 1905530K->1649338K(2944256K), 0.0155680 secs]
[GC 1905530K->1649338K(2944256K), 0.0139010 secs]
[GC 1905530K->1649338K(2944256K), 0.0129740 secs]
[GC 1905530K->1649338K(2944256K), 0.0171680 secs]
[GC 1905530K->1649338K(2944256K), 0.0153270 secs]
[GC 1905530K->1649338K(2944256K), 0.0175320 secs]
[GC 1905530K->1649338K(2944256K), 0.0161290 secs]
[GC 1905530K->1649338K(2944256K), 0.0150950 secs]
[GC 1905530K->1649338K(2944256K), 0.0174350 secs]
[GC 1905530K->1649338K(2944256K), 0.0153470 secs]
[GC 1905530K->1649338K(2944256K), 0.0143860 secs]
[GC 1905530K->1649338K(2944256K), 0.0130480 secs]
[GC 1905530K->1649338K(2944256K), 0.0170430 secs]
[GC 1905530K->1649338K(2944256K), 0.0158400 secs]
[GC 1905530K->1649338K(2944256K), 0.0130170 secs]
[GC 1905530K->1649338K(2944256K), 0.0129950 secs]
[GC 1905530K->1649338K(2944256K), 0.0129250 secs]
[GC 1905530K->1649338K(2944256K), 0.0173620 secs]
[GC 1905530K->1649338K(2944256K), 0.0161510 secs]
[GC 1905530K->1649338K(2944256K), 0.0155820 secs]
[GC 1905530K->1649338K(2944256K), 0.0130900 secs]
[GC 1905530K->1649338K(2944256K), 0.0129350 secs]
[GC 1905530K->1649338K(2944256K), 0.0865640 secs]
[GC 1905530K->1649338K(2944256K), 0.0164350 secs]
[GC 1905530K->1649338K(2944256K), 0.0144020 secs]
[GC 1905530K->1649338K(2944256K), 0.0168700 secs]
[GC 1905530K->1649338K(2944256K), 0.0144140 secs]
[GC 1905530K->1649338K(2944256K), 0.0173200 secs]
[GC 1905530K->1649338K(2944256K), 0.0161880 secs]
[GC 1905530K->1649338K(2944256K), 0.0137160 secs]
[GC 1905530K->1649338K(2944256K), 0.0178700 secs]
[GC 1905530K->1649338K(2944256K), 0.0153440 secs]
[GC 1905530K->1649338K(2944256K), 0.0131010 secs]
[GC 1905530K->1649338K(2944256K), 0.0170500 secs]
[GC 1905530K->1649339K(2944256K), 0.0154630 secs]
[GC 1905531K->1649339K(2944256K), 0.0130860 secs]
[GC 1905531K->1649339K(2944256K), 0.0172880 secs]
[GC 1905531K->1649339K(2944256K), 0.0148780 secs]
[GC 1905531K->1649339K(2944256K), 0.0129370 secs]
[GC 1905531K->1649339K(2944256K), 0.0172890 secs]
[GC 1905531K->1649339K(2944256K), 0.0155980 secs]
[GC 1905531K->1649339K(2944256K), 0.0144330 secs]
[GC 1905531K->1649339K(2944256K), 0.0131520 secs]
[GC 1905531K->1649339K(2944256K), 0.0168630 secs]
[GC 1905531K->1649339K(2944256K), 0.0156520 secs]
[GC 1905531K->1649339K(2944256K), 0.0177180 secs]
[GC 1905531K->1649339K(2944256K), 0.0157170 secs]
[GC 1905531K->1649339K(2944256K), 0.0169330 secs]
[GC 1905531K->1649339K(2944256K), 0.0152320 secs]
[GC 1905531K->1649339K(2944256K), 0.0177680 secs]
[GC 1905531K->1649339K(2944256K), 0.0154200 secs]
[GC 1905531K->1649339K(2944256K), 0.0148420 secs]
[GC 1905531K->1649339K(2944256K), 0.0173430 secs]
[GC 1905531K->1649339K(2944256K), 0.0158140 secs]
[GC 1905531K->1649339K(2944256K), 0.0193340 secs]
[GC 1905531K->1649339K(2944256K), 0.0160090 secs]
[GC 1905531K->1649339K(2944256K), 0.0151960 secs]
[GC 1905531K->1649339K(2944256K), 0.0173520 secs]
[GC 1905531K->1649339K(2944256K), 0.0153460 secs]
[GC 1905531K->1649339K(2944256K), 0.0131120 secs]
[GC 1905531K->1649339K(2944256K), 0.0169380 secs]
[GC 1905531K->1649339K(2944256K), 0.0153470 secs]
[GC 1905531K->1649339K(2944256K), 0.0130240 secs]
[GC 1905531K->1649339K(2944256K), 0.0211310 secs]
[GC 1905531K->1649339K(2944256K), 0.0176690 secs]
[GC 1905531K->1649339K(2944256K), 0.0156720 secs]
[GC 1905531K->1649339K(2944256K), 0.0129500 secs]
[GC 1905531K->1649339K(2944256K), 0.0177000 secs]
[GC 1905531K->1649339K(2944256K), 0.0153550 secs]
[GC 1905531K->1649339K(2944256K), 0.0147520 secs]
[GC 1905531K->1649339K(2944256K), 0.0169260 secs]
[GC 1905531K->1649339K(2944256K), 0.0156560 secs]
[GC 1905531K->1649339K(2944256K), 0.0173230 secs]
[GC 1905531K->1649340K(2944256K), 0.0161820 secs]
[GC 1905532K->1649340K(2944256K), 0.0139480 secs]
[GC 1905532K->1649340K(2944256K), 0.0173170 secs]
[GC 1905532K->1649340K(2944256K), 0.0160810 secs]
[GC 1905532K->1649340K(2944256K), 0.0153600 secs]
[GC 1905532K->1649340K(2944256K), 0.0174580 secs]
[GC 1905532K->1649340K(2944256K), 0.0154750 secs]
[GC 1905532K->1649340K(2944256K), 0.0173190 secs]
[GC 1905532K->1649340K(2944256K), 0.0161390 secs]
[GC 1905532K->1649340K(2944256K), 0.0177880 secs]
[GC 1905532K->1649340K(2944256K), 0.0158070 secs]
[GC 1905532K->1649340K(2944256K), 0.0173020 secs]
[GC 1905532K->1649340K(2944256K), 0.0158200 secs]
[GC 1905532K->1649340K(2944256K), 0.0156750 secs]
[GC 1905532K->1649340K(2944256K), 0.0173360 secs]
[GC 1905532K->1649340K(2944256K), 0.0159240 secs]
[GC 1905532K->1649340K(2944256K), 0.0131920 secs]
[GC 1905532K->1649340K(2944256K), 0.0172780 secs]
[GC 1905532K->1649340K(2944256K), 0.0156000 secs]
[GC 1905532K->1649340K(2944256K), 0.0129700 secs]
[GC 1905532K->1649340K(2944256K), 0.0175070 secs]
[GC 1905532K->1649340K(2944256K), 0.0156880 secs]
[GC 1905532K->1649340K(2944256K), 0.0175840 secs]
[GC 1905532K->1649340K(2944256K), 0.0152700 secs]
[GC 1905532K->1649340K(2944256K), 0.0143680 secs]
[GC 1905532K->1649340K(2944256K), 0.0128890 secs]
[GC 1905532K->1649340K(2944256K), 0.0174290 secs]
[GC 1905532K->1649340K(2944256K), 0.0153150 secs]
[GC 1905532K->1649340K(2944256K), 0.0130270 secs]
[GC 1905532K->1649340K(2944256K), 0.0168480 secs]
[GC 1905532K->1649340K(2944256K), 0.0151620 secs]
[GC 1905532K->1649340K(2944256K), 0.0176770 secs]
[GC 1905532K->1649340K(2944256K), 0.0160360 secs]
[GC 1905532K->1649340K(2944256K), 0.0135580 secs]
[GC 1905532K->1649340K(2944256K), 0.0167300 secs]
[GC 1905532K->1649340K(2944256K), 0.0154410 secs]
[GC 1905532K->1649340K(2944256K), 0.0130830 secs]
[GC 1905532K->1649340K(2944256K), 0.0171340 secs]
[GC 1905532K->1649340K(2944256K), 0.0149430 secs]
[GC 1905532K->1649340K(2944256K), 0.0129650 secs]
[GC 1905532K->1649340K(2944256K), 0.0168080 secs]
[GC 1905532K->1649340K(2944256K), 0.0160940 secs]
[GC 1905532K->1649340K(2944256K), 0.0177130 secs]
[GC 1905532K->1649340K(2944256K), 0.0153480 secs]
[GC 1905532K->1649340K(2944256K), 0.0139920 secs]
[GC 1905532K->1649340K(2944256K), 0.0172640 secs]
[GC 1905532K->1649340K(2944256K), 0.0156480 secs]
[GC 1905532K->1649340K(2944256K), 0.0176580 secs]
[GC 1905532K->1649340K(2944256K), 0.0156870 secs]
[GC 1905532K->1649340K(2944256K), 0.0172550 secs]
[GC 1905532K->1649340K(2944256K), 0.0152470 secs]
[GC 1905532K->1649340K(2944256K), 0.0155720 secs]
[GC 1905532K->1649341K(2944256K), 0.0173340 secs]
[GC 1905533K->1649341K(2944256K), 0.0152640 secs]
[GC 1905533K->1649341K(2944256K), 0.0131050 secs]
[GC 1905533K->1649341K(2944256K), 0.0171580 secs]
[GC 1905533K->1649341K(2944256K), 0.0156330 secs]
[GC 1905533K->1649341K(2944256K), 0.0176840 secs]
[GC 1905533K->1649341K(2944256K), 0.0152630 secs]
[GC 1905533K->1649341K(2944256K), 0.0129630 secs]
[GC 1905533K->1649341K(2944256K), 0.0163270 secs]
[GC 1905533K->1649341K(2944256K), 0.0156230 secs]
[GC 1905533K->1649341K(2944256K), 0.0172800 secs]
[GC 1905533K->1649341K(2944256K), 0.0157970 secs]
[GC 1905533K->1649341K(2944256K), 0.0153710 secs]
[GC 1905533K->1649341K(2944256K), 0.0173010 secs]
[GC 1905533K->1649341K(2944256K), 0.0153450 secs]
[GC 1905533K->1649341K(2944256K), 0.0176080 secs]
[GC 1905533K->1649341K(2944256K), 0.0152850 secs]
[GC 1905533K->1649341K(2944256K), 0.0137680 secs]
[GC 1905533K->1649341K(2944256K), 0.0167600 secs]
[GC 1905533K->1649341K(2944256K), 0.0155160 secs]
[GC 1905533K->1649341K(2944256K), 0.0172820 secs]
[GC 1905533K->1649341K(2944256K), 0.0153280 secs]
[GC 1905533K->1649341K(2944256K), 0.0174480 secs]
[GC 1905533K->1649341K(2944256K), 0.0160320 secs]
[GC 1905533K->1649341K(2944256K), 0.0155170 secs]
[GC 1905533K->1649341K(2944256K), 0.0172380 secs]
[GC 1905533K->1649341K(2944256K), 0.0152690 secs]
[GC 1905533K->1649341K(2944256K), 0.0132200 secs]
[GC 1905533K->1649341K(2944256K), 0.0166650 secs]
[GC 1905533K->1649341K(2944256K), 0.0152920 secs]
[GC 1905533K->1649341K(2944256K), 0.0129220 secs]
[GC 1905533K->1649341K(2944256K), 0.0389360 secs]
[GC 1905533K->1649341K(2944256K), 0.0172070 secs]
[GC 1905533K->1649341K(2944256K), 0.0148300 secs]
[GC 1905533K->1649341K(2944256K), 0.0131100 secs]
[GC 1905533K->1649341K(2944256K), 0.0168320 secs]
[GC 1905533K->1649341K(2944256K), 0.0153580 secs]
[GC 1905533K->1649341K(2944256K), 0.0152500 secs]
[GC 1905533K->1649341K(2944256K), 0.0221150 secs]
[GC 1905533K->1649341K(2944256K), 0.0172750 secs]
[GC 1905533K->1649341K(2944256K), 0.0157650 secs]
[GC 1905533K->1649341K(2944256K), 0.0166260 secs]
[GC 1905533K->1649341K(2944256K), 0.0167100 secs]
[GC 1905533K->1649341K(2944256K), 0.0162240 secs]
[GC 1905533K->1649341K(2944256K), 0.0167960 secs]
[GC 1905533K->1649341K(2944256K), 0.0168170 secs]
[GC 1905533K->1649341K(2944256K), 0.0168290 secs]
[GC 1905533K->1649341K(2944256K), 0.0167190 secs]
[GC 1905533K->1649341K(2944256K), 0.0173140 secs]
[GC 1905533K->1649341K(2944256K), 0.0167940 secs]
[GC 1905533K->1649341K(2944256K), 0.0162290 secs]
[GC 1905533K->1649341K(2944256K), 0.0173790 secs]
[GC 1905533K->1649341K(2944256K), 0.0166640 secs]
[GC 1905533K->1649341K(2944256K), 0.0168400 secs]
[GC 1905533K->1649341K(2944256K), 0.0168350 secs]
[GC 1905533K->1649341K(2944256K), 0.0170180 secs]
[GC 1905533K->1649341K(2944256K), 0.0162820 secs]
[GC 1905533K->1649341K(2944256K), 0.0172720 secs]
[GC 1905533K->1649341K(2944256K), 0.0170870 secs]
[GC 1903915K->1649341K(2944256K), 0.0173610 secs]
[GC 1905533K->1649341K(2944256K), 0.0176830 secs]
[GC 1905533K->1649341K(2944256K), 0.0236600 secs]
[GC 1905533K->1649341K(2944256K), 0.0169320 secs]
[GC 1905533K->1649341K(2944256K), 0.0165850 secs]
[GC 1905533K->1649341K(2944256K), 0.0168010 secs]
[GC 1905533K->1649341K(2944256K), 0.0163210 secs]
[GC 1905533K->1649341K(2944256K), 0.0168080 secs]
[GC 1905533K->1649341K(2944256K), 0.0176580 secs]
[GC 1905533K->1649341K(2944256K), 0.0164590 secs]
[GC 1905533K->1649341K(2944256K), 0.0170110 secs]
[GC 1905533K->1649341K(2944256K), 0.0167850 secs]
[GC 1905533K->1649341K(2944256K), 0.0177460 secs]
[GC 1905533K->1649341K(2944256K), 0.0170710 secs]
[GC 1905533K->1649341K(2944256K), 0.0171480 secs]
[GC 1905533K->1649341K(2944256K), 0.0170010 secs]
[GC 1905533K->1649341K(2944256K), 0.0155110 secs]
[GC 1905533K->1649341K(2944256K), 0.0135110 secs]
[GC 1905533K->1649341K(2944256K), 0.0136080 secs]
[GC 1905533K->1649341K(2944256K), 0.0139260 secs]
[GC 1905533K->1649341K(2944256K), 0.0134650 secs]
[GC 1905533K->1649341K(2944256K), 0.0135130 secs]
[GC 1905533K->1649341K(2944256K), 0.0136500 secs]
[GC 1905533K->1649341K(2944256K), 0.0139190 secs]
[GC 1905533K->1649341K(2944256K), 0.0139080 secs]
[GC 1905533K->1649341K(2944256K), 0.0138520 secs]
[GC 1905533K->1649341K(2944256K), 0.0182180 secs]
[GC 1905533K->1649341K(2944256K), 0.0175340 secs]
[GC 1905533K->1649341K(2944256K), 0.0176860 secs]
[GC 1905533K->1649341K(2944256K), 0.0172100 secs]
[GC 1905533K->1649341K(2944256K), 0.0172330 secs]
[GC 1905533K->1649342K(2944256K), 0.0172400 secs]
[GC 1905534K->1649342K(2944256K), 0.0226800 secs]
[GC 1905534K->1649342K(2944256K), 0.0135460 secs]
[GC 1905534K->1649342K(2944256K), 0.0135860 secs]
[GC 1905534K->1649342K(2944256K), 0.0139500 secs]
[GC 1905534K->1649342K(2944256K), 0.0138690 secs]
[GC 1905534K->1649342K(2944256K), 0.0142910 secs]
[GC 1905534K->1649342K(2944256K), 0.0138540 secs]
[GC 1905534K->1649342K(2944256K), 0.0140510 secs]
[GC 1905534K->1649342K(2944256K), 0.0139130 secs]
[GC 1905534K->1649342K(2944256K), 0.0137610 secs]
[GC 1905534K->1649342K(2944256K), 0.0143330 secs]
[GC 1905534K->1649342K(2944256K), 0.0139700 secs]
[GC 1905534K->1649342K(2944256K), 0.0139210 secs]
[GC 1905534K->1649342K(2944256K), 0.0138850 secs]
[GC 1905534K->1649342K(2944256K), 0.0142640 secs]
[GC 1905534K->1649342K(2944256K), 0.0143750 secs]
[GC 1905534K->1649342K(2944256K), 0.0139040 secs]
[GC 1905534K->1649342K(2944256K), 0.0139340 secs]
[GC 1905534K->1649342K(2944256K), 0.0144000 secs]
[GC 1905534K->1649342K(2944256K), 0.0137740 secs]
[GC 1905534K->1649342K(2944256K), 0.0140470 secs]
[GC 1905534K->1649342K(2944256K), 0.0139590 secs]
[GC 1905534K->1649342K(2944256K), 0.0139390 secs]
[GC 1905534K->1649342K(2944256K), 0.0142810 secs]
[GC 1905534K->1649342K(2944256K), 0.0139160 secs]
[GC 1905534K->1649342K(2944256K), 0.0135150 secs]
[GC 1905534K->1649342K(2944256K), 0.0139300 secs]
[GC 1905534K->1649342K(2944256K), 0.0135050 secs]
[GC 1905534K->1649342K(2944256K), 0.0143440 secs]
[GC 1905534K->1649342K(2944256K), 0.0140160 secs]
[GC 1905534K->1649342K(2944256K), 0.0162940 secs]
[GC 1905534K->1649342K(2944256K), 0.0171740 secs]
[GC 1905534K->1649342K(2944256K), 0.0168820 secs]
[GC 1905534K->1649342K(2944256K), 0.0168920 secs]
[GC 1905534K->1649342K(2944256K), 0.0169650 secs]
[GC 1905534K->1649342K(2944256K), 0.0167650 secs]
[GC 1905534K->1649342K(2944256K), 0.0168860 secs]
[GC 1905534K->1649342K(2944256K), 0.0173630 secs]
[GC 1905534K->1649342K(2944256K), 0.0168720 secs]
[GC 1905534K->1649342K(2944256K), 0.0172630 secs]
[GC 1905534K->1649342K(2944256K), 0.0169740 secs]
[GC 1905534K->1649342K(2944256K), 0.0171370 secs]
[GC 1905534K->1649342K(2944256K), 0.0171180 secs]
[GC 1905534K->1649342K(2944256K), 0.0165050 secs]
[GC 1905534K->1649342K(2944256K), 0.0177050 secs]
[GC 1905534K->1649342K(2944256K), 0.0168530 secs]
[GC 1905534K->1649342K(2944256K), 0.0172780 secs]
[GC 1905534K->1649342K(2944256K), 0.0168160 secs]
[GC 1905534K->1649343K(2944256K), 0.0168070 secs]
[GC 1905535K->1649343K(2944256K), 0.0176990 secs]
[GC 1905535K->1649343K(2944256K), 0.0164480 secs]
[GC 1905535K->1649343K(2944256K), 0.0162850 secs]
[GC 1905535K->1649343K(2944256K), 0.0170230 secs]
[GC 1905535K->1649343K(2944256K), 0.0162490 secs]
[GC 1905535K->1649343K(2944256K), 0.0165330 secs]
[GC 1905535K->1649343K(2944256K), 0.0166920 secs]
[GC 1905535K->1649343K(2944256K), 0.0167600 secs]
[GC 1905535K->1649343K(2944256K), 0.0162770 secs]
[GC 1905535K->1649343K(2944256K), 0.0170610 secs]
[GC 1905535K->1649343K(2944256K), 0.0169420 secs]
[GC 1905535K->1649343K(2944256K), 0.0172490 secs]
[GC 1905535K->1649343K(2944256K), 0.0167690 secs]
[GC 1905535K->1649343K(2944256K), 0.0172160 secs]
[GC 1905535K->1649343K(2944256K), 0.0172110 secs]
[GC 1905535K->1649343K(2944256K), 0.0171450 secs]
[GC 1905535K->1649343K(2944256K), 0.0212650 secs]
[GC 1905535K->1649343K(2944256K), 0.0133480 secs]
[GC 1905535K->1649343K(2944256K), 0.0133230 secs]
[GC 1905535K->1649343K(2944256K), 0.0141470 secs]
[GC 1905535K->1649343K(2944256K), 0.0138920 secs]
[GC 1905535K->1649343K(2944256K), 0.0140300 secs]
[GC 1905535K->1649343K(2944256K), 0.0141120 secs]
[GC 1905535K->1649343K(2944256K), 0.0142740 secs]
[GC 1905535K->1649343K(2944256K), 0.0133250 secs]
[GC 1905535K->1649343K(2944256K), 0.0134920 secs]
[GC 1905535K->1649343K(2944256K), 0.0136040 secs]
[GC 1905535K->1649343K(2944256K), 0.0135740 secs]
[GC 1905535K->1649343K(2944256K), 0.0136900 secs]
[GC 1905535K->1649343K(2944256K), 0.0138240 secs]
[GC 1905535K->1649343K(2944256K), 0.0132850 secs]
[GC 1905535K->1649343K(2944256K), 0.0141370 secs]
[GC 1905535K->1649343K(2944256K), 0.0139090 secs]
[GC 1905535K->1649343K(2944256K), 0.0138250 secs]
[GC 1905535K->1649343K(2944256K), 0.0139250 secs]
[GC 1905535K->1649343K(2944256K), 0.0134050 secs]
[GC 1905535K->1649344K(2944256K), 0.0134720 secs]
[GC 1905536K->1649344K(2944256K), 0.0138490 secs]
[GC 1905536K->1649344K(2944256K), 0.0133700 secs]
[GC 1905536K->1649344K(2944256K), 0.0138400 secs]
[GC 1905536K->1649344K(2944256K), 0.0139930 secs]
[GC 1905536K->1649344K(2944256K), 0.0440390 secs]
[GC 1905536K->1649344K(2944256K), 0.0133450 secs]
[GC 1905536K->1649344K(2944256K), 0.0133350 secs]
[GC 1905536K->1649344K(2944256K), 0.0135220 secs]
[GC 1905536K->1649344K(2944256K), 0.0139910 secs]
[GC 1905536K->1649344K(2944256K), 0.0133400 secs]
[GC 1905536K->1649344K(2944256K), 0.0130560 secs]
[GC 1905536K->1649344K(2944256K), 0.0134270 secs]
[GC 1905536K->1649344K(2944256K), 0.0140540 secs]
[GC 1905536K->1649344K(2944256K), 0.0133820 secs]
[GC 1905536K->1649344K(2944256K), 0.0135170 secs]
[GC 1905536K->1649344K(2944256K), 0.0187860 secs]
[GC 1905536K->1649344K(2944256K), 0.0172850 secs]
[GC 1905536K->1649344K(2944256K), 0.0169340 secs]
[GC 1905536K->1649344K(2944256K), 0.0162140 secs]
[GC 1905536K->1649344K(2944256K), 0.0167840 secs]
[GC 1905536K->1649344K(2944256K), 0.0167430 secs]
[GC 1905536K->1649344K(2944256K), 0.0167760 secs]
[GC 1905536K->1649344K(2944256K), 0.0170050 secs]
[GC 1905536K->1649344K(2944256K), 0.0167470 secs]
[GC 1905536K->1649344K(2944256K), 0.0169390 secs]
[GC 1905536K->1649344K(2944256K), 0.0165090 secs]
[GC 1905536K->1649344K(2944256K), 0.0157320 secs]
[GC 1905536K->1649344K(2944256K), 0.0152670 secs]
[GC 1905536K->1649344K(2944256K), 0.0140810 secs]
[GC 1905536K->1649344K(2944256K), 0.0144560 secs]
[GC 1905536K->1649344K(2944256K), 0.0138580 secs]
[GC 1905536K->1649344K(2944256K), 0.0136570 secs]
[GC 1905536K->1649344K(2944256K), 0.0133470 secs]
[GC 1905536K->1649344K(2944256K), 0.0141970 secs]
[GC 1905536K->1649344K(2944256K), 0.0392720 secs]
[GC 1905536K->1649344K(2944256K), 0.0171270 secs]
[GC 1905536K->1649344K(2944256K), 0.0168230 secs]
[GC 1905536K->1649344K(2944256K), 0.0166430 secs]
[GC 1905536K->1649344K(2944256K), 0.0169180 secs]
[GC 1905536K->1649344K(2944256K), 0.0161030 secs]
[GC 1905536K->1649344K(2944256K), 0.0161810 secs]
[GC 1905536K->1649344K(2944256K), 0.0166450 secs]
[GC 1905536K->1649344K(2944256K), 0.0169800 secs]
[GC 1905536K->1649344K(2944256K), 0.0171820 secs]
[GC 1905536K->1649344K(2944256K), 0.0165820 secs]
[GC 1905536K->1649344K(2944256K), 0.0163100 secs]
[GC 1905536K->1649344K(2944256K), 0.0164860 secs]
[GC 1905536K->1649344K(2944256K), 0.0164450 secs]
[GC 1905536K->1649344K(2944256K), 0.0161960 secs]
[GC 1905536K->1649344K(2944256K), 0.0166690 secs]
[GC 1905536K->1649344K(2944256K), 0.0168670 secs]
[GC 1905536K->1649344K(2944256K), 0.0169220 secs]
[GC 1905536K->1649344K(2944256K), 0.0172140 secs]
[GC 1905536K->1649344K(2944256K), 0.0175040 secs]
[GC 1905536K->1649344K(2944256K), 0.0170340 secs]
[GC 1905536K->1649344K(2944256K), 0.0167710 secs]
[GC 1905536K->1649344K(2944256K), 0.0157090 secs]
[GC 1905536K->1649344K(2944256K), 0.0169200 secs]
[GC 1905536K->1649344K(2944256K), 0.0170330 secs]
[GC 1905536K->1649344K(2944256K), 0.0170150 secs]
[GC 1905536K->1649344K(2944256K), 0.0172030 secs]
[GC 1905536K->1649344K(2944256K), 0.0168380 secs]
[GC 1905536K->1649344K(2944256K), 0.0176820 secs]
[GC 1905536K->1649344K(2944256K), 0.0171670 secs]
[GC 1905536K->1649344K(2944256K), 0.0230700 secs]
[GC 1905536K->1649344K(2944256K), 0.0132460 secs]
[GC 1905536K->1649344K(2944256K), 0.0135550 secs]
[GC 1905536K->1649344K(2944256K), 0.0137850 secs]
[GC 1905536K->1649344K(2944256K), 0.0135170 secs]
[GC 1905536K->1649344K(2944256K), 0.0141640 secs]
[GC 1905536K->1649344K(2944256K), 0.0138190 secs]
[GC 1905536K->1649344K(2944256K), 0.0138270 secs]
[GC 1905536K->1649344K(2944256K), 0.0141210 secs]
[GC 1905536K->1649344K(2944256K), 0.0138210 secs]
[GC 1905536K->1649344K(2944256K), 0.0142260 secs]
[GC 1905536K->1649344K(2944256K), 0.0138690 secs]
[GC 1905536K->1649344K(2944256K), 0.0135270 secs]
[GC 1905536K->1649344K(2944256K), 0.0139090 secs]
[GC 1905536K->1649344K(2944256K), 0.0137840 secs]
[GC 1905536K->1649344K(2944256K), 0.0133990 secs]
[GC 1905536K->1649344K(2944256K), 0.0141830 secs]
[GC 1905536K->1649344K(2944256K), 0.0145480 secs]
[GC 1905536K->1649344K(2944256K), 0.0140520 secs]
[GC 1905536K->1649344K(2944256K), 0.0142480 secs]
[GC 1905536K->1649345K(2944256K), 0.0142700 secs]
[GC 1905537K->1649345K(2944256K), 0.0147040 secs]
[GC 1905537K->1649345K(2944256K), 0.0131050 secs]
[GC 1905537K->1649345K(2944256K), 0.0132410 secs]
[GC 1905537K->1649345K(2944256K), 0.0133730 secs]
[GC 1905537K->1649345K(2944256K), 0.0141490 secs]
[GC 1905537K->1649345K(2944256K), 0.0140600 secs]
[GC 1905537K->1649345K(2944256K), 0.0134020 secs]
[GC 1905537K->1649345K(2944256K), 0.0137480 secs]
[GC 1905537K->1649345K(2944256K), 0.0129310 secs]
[GC 1905537K->1649345K(2944256K), 0.0226410 secs]
[GC 1905537K->1649345K(2944256K), 0.0137250 secs]
[GC 1905537K->1649345K(2944256K), 0.0133210 secs]
[GC 1905537K->1649345K(2944256K), 0.0134500 secs]
[GC 1905537K->1649345K(2944256K), 0.0135020 secs]
[GC 1905537K->1649345K(2944256K), 0.0138110 secs]
[GC 1905537K->1649345K(2944256K), 0.0133760 secs]
[GC 1905537K->1649345K(2944256K), 0.0141940 secs]
[GC 1905537K->1649345K(2944256K), 0.0139360 secs]
[GC 1905537K->1649345K(2944256K), 0.0146680 secs]
[GC 1905537K->1649345K(2944256K), 0.0138270 secs]
[GC 1905537K->1649345K(2944256K), 0.0144010 secs]
[GC 1905537K->1649345K(2944256K), 0.0140880 secs]
[GC 1905537K->1649345K(2944256K), 0.0146700 secs]
[GC 1905537K->1649345K(2944256K), 0.0179400 secs]
[GC 1905537K->1649345K(2944256K), 0.0163270 secs]
[GC 1905537K->1649345K(2944256K), 0.0167230 secs]
[GC 1905537K->1649345K(2944256K), 0.0167020 secs]
[GC 1905537K->1649345K(2944256K), 0.0168510 secs]
[GC 1905537K->1649345K(2944256K), 0.0166820 secs]
[GC 1905537K->1649345K(2944256K), 0.0167700 secs]
[GC 1903340K->1649345K(2944256K), 0.0172990 secs]
[GC 1905537K->1649345K(2944256K), 0.0172220 secs]
[GC 1905537K->1649345K(2944256K), 0.0166840 secs]
[GC 1905537K->1649345K(2944256K), 0.0163640 secs]
[GC 1905537K->1649345K(2944256K), 0.0166160 secs]
[GC 1905537K->1649345K(2944256K), 0.0166710 secs]
[GC 1905537K->1649345K(2944256K), 0.0158070 secs]
[GC 1905537K->1649345K(2944256K), 0.0163270 secs]
[GC 1905537K->1649345K(2944256K), 0.0175700 secs]
[GC 1905537K->1649345K(2944256K), 0.0437660 secs]
[GC 1905537K->1649345K(2944256K), 0.0172510 secs]
[GC 1905537K->1649345K(2944256K), 0.0169470 secs]
[GC 1905537K->1649346K(2944256K), 0.0168910 secs]
[GC 1905538K->1649346K(2944256K), 0.0167020 secs]
[GC 1905538K->1649346K(2944256K), 0.0173320 secs]
[GC 1905538K->1649346K(2944256K), 0.0169710 secs]
[GC 1905538K->1649346K(2944256K), 0.0162680 secs]
[GC 1905538K->1649346K(2944256K), 0.0163280 secs]
[GC 1905538K->1649346K(2944256K), 0.0160880 secs]
[GC 1905538K->1649346K(2944256K), 0.0152940 secs]
[GC 1905538K->1649346K(2944256K), 0.0174750 secs]
[GC 1905538K->1649346K(2944256K), 0.0167680 secs]
[GC 1905538K->1649346K(2944256K), 0.0161040 secs]
[GC 1905538K->1649346K(2944256K), 0.0167260 secs]
[GC 1905538K->1649346K(2944256K), 0.0167770 secs]
[GC 1905538K->1649346K(2944256K), 0.0171710 secs]
[GC 1905538K->1649346K(2944256K), 0.0167290 secs]
[GC 1905538K->1649346K(2944256K), 0.0167540 secs]
[GC 1905538K->1649346K(2944256K), 0.0167990 secs]
[GC 1905538K->1649346K(2944256K), 0.0167730 secs]
[GC 1905538K->1649346K(2944256K), 0.0167750 secs]
[GC 1905538K->1649346K(2944256K), 0.0167890 secs]
[GC 1905538K->1649346K(2944256K), 0.0172720 secs]
[GC 1905538K->1649346K(2944256K), 0.0171540 secs]
[GC 1905538K->1649346K(2944256K), 0.0167020 secs]
[GC 1905538K->1649346K(2944256K), 0.0167700 secs]
[GC 1905538K->1649346K(2944256K), 0.0174000 secs]
[GC 1905538K->1649346K(2944256K), 0.0166470 secs]
[GC 1905538K->1649346K(2944256K), 0.0167030 secs]
[GC 1905538K->1649346K(2944256K), 0.0166800 secs]
[GC 1905538K->1649346K(2944256K), 0.0168880 secs]
[GC 1905538K->1649346K(2944256K), 0.0165780 secs]
[GC 1905538K->1649346K(2944256K), 0.0167020 secs]
[GC 1905538K->1649346K(2944256K), 0.0157070 secs]
[GC 1905538K->1649346K(2944256K), 0.0163380 secs]
[GC 1905538K->1649346K(2944256K), 0.0162310 secs]
[GC 1905538K->1649346K(2944256K), 0.0168320 secs]
[GC 1905538K->1649346K(2944256K), 0.0129020 secs]
[GC 1905538K->1649346K(2944256K), 0.0138020 secs]
[GC 1905538K->1649346K(2944256K), 0.0138280 secs]
[GC 1905538K->1649346K(2944256K), 0.0137820 secs]
[GC 1905538K->1649346K(2944256K), 0.0138920 secs]
[GC 1905538K->1649346K(2944256K), 0.0141320 secs]
[GC 1905538K->1649346K(2944256K), 0.0134440 secs]
[GC 1905538K->1649346K(2944256K), 0.0133390 secs]
[GC 1905538K->1649346K(2944256K), 0.0138280 secs]
[GC 1905538K->1649346K(2944256K), 0.0135150 secs]
[GC 1905538K->1649346K(2944256K), 0.0138010 secs]
[GC 1905538K->1649346K(2944256K), 0.0138680 secs]
[GC 1905538K->1649346K(2944256K), 0.0139140 secs]
[GC 1905538K->1649346K(2944256K), 0.0133360 secs]
[GC 1905538K->1649346K(2944256K), 0.0138100 secs]
[GC 1905538K->1649347K(2944256K), 0.0137030 secs]
[GC 1905539K->1649347K(2944256K), 0.0139190 secs]
[GC 1905539K->1649347K(2944256K), 0.0139050 secs]
[GC 1905539K->1649347K(2944256K), 0.0138850 secs]
[GC 1905539K->1649347K(2944256K), 0.0144060 secs]
[GC 1905539K->1649347K(2944256K), 0.0137680 secs]
[GC 1905539K->1649347K(2944256K), 0.0137310 secs]
[GC 1905539K->1649347K(2944256K), 0.0258980 secs]
[GC 1905539K->1649347K(2944256K), 0.0128720 secs]
[GC 1905539K->1649347K(2944256K), 0.0137230 secs]
[GC 1905539K->1649347K(2944256K), 0.0137150 secs]
[GC 1905539K->1649347K(2944256K), 0.0137960 secs]
[GC 1905539K->1649347K(2944256K), 0.0138450 secs]
[GC 1905539K->1649347K(2944256K), 0.0137500 secs]
[GC 1905539K->1649347K(2944256K), 0.0182240 secs]
[GC 1905539K->1649347K(2944256K), 0.0171940 secs]
[GC 1905539K->1649347K(2944256K), 0.0167800 secs]
[GC 1905539K->1649347K(2944256K), 0.0167030 secs]
[GC 1905539K->1649347K(2944256K), 0.0167630 secs]
[GC 1905539K->1649347K(2944256K), 0.0167450 secs]
[GC 1905539K->1649347K(2944256K), 0.0166890 secs]
[GC 1905539K->1649347K(2944256K), 0.0164590 secs]
[GC 1905539K->1649347K(2944256K), 0.0164940 secs]
[GC 1905539K->1649347K(2944256K), 0.0164200 secs]
[GC 1905539K->1649347K(2944256K), 0.0165740 secs]
[GC 1905539K->1649347K(2944256K), 0.0163730 secs]
[GC 1905539K->1649347K(2944256K), 0.0163860 secs]
[GC 1905539K->1649347K(2944256K), 0.0166620 secs]
[GC 1905539K->1649347K(2944256K), 0.0167210 secs]
[GC 1905539K->1649347K(2944256K), 0.0174380 secs]
[GC 1905539K->1649347K(2944256K), 0.0165330 secs]
[GC 1905539K->1649347K(2944256K), 0.0167890 secs]
[GC 1905539K->1649348K(2944256K), 0.0167830 secs]
[GC 1905540K->1649348K(2944256K), 0.0168150 secs]
[GC 1905540K->1649348K(2944256K), 0.0166810 secs]
[GC 1905540K->1649348K(2944256K), 0.0166750 secs]
[GC 1905540K->1649348K(2944256K), 0.0166510 secs]
[GC 1905540K->1649348K(2944256K), 0.0163290 secs]
[GC 1905540K->1649348K(2944256K), 0.0173360 secs]
[GC 1905540K->1649348K(2944256K), 0.0165800 secs]
[GC 1905540K->1649348K(2944256K), 0.0152730 secs]
[GC 1905540K->1649348K(2944256K), 0.0162650 secs]
[GC 1905540K->1649348K(2944256K), 0.0167530 secs]
[GC 1905540K->1649348K(2944256K), 0.0168520 secs]
[GC 1905540K->1649348K(2944256K), 0.0168070 secs]
[GC 1905540K->1649348K(2944256K), 0.0167220 secs]
[GC 1905540K->1649348K(2944256K), 0.0168030 secs]
[GC 1905540K->1649348K(2944256K), 0.0170370 secs]
[GC 1905540K->1649348K(2944256K), 0.0167070 secs]
[GC 1905540K->1649348K(2944256K), 0.0166530 secs]
[GC 1905540K->1649348K(2944256K), 0.0168130 secs]
[GC 1905540K->1649348K(2944256K), 0.0167280 secs]
[GC 1905540K->1649348K(2944256K), 0.0166340 secs]
[GC 1905540K->1649348K(2944256K), 0.0161140 secs]
[GC 1905540K->1649348K(2944256K), 0.0166690 secs]
[GC 1905540K->1649348K(2944256K), 0.0166800 secs]
[GC 1905540K->1649348K(2944256K), 0.0167510 secs]
[GC 1905540K->1649348K(2944256K), 0.0166830 secs]
[GC 1905540K->1649348K(2944256K), 0.0166490 secs]
[GC 1905540K->1649348K(2944256K), 0.0167670 secs]
[GC 1905540K->1649348K(2944256K), 0.0172110 secs]
[GC 1905540K->1649348K(2944256K), 0.0167530 secs]
[GC 1905540K->1649348K(2944256K), 0.0167580 secs]
[GC 1905540K->1649348K(2944256K), 0.0166850 secs]
[GC 1905540K->1649348K(2944256K), 0.0167340 secs]
[GC 1905540K->1649348K(2944256K), 0.0166600 secs]
[GC 1905540K->1649348K(2944256K), 0.0167700 secs]
[GC 1905540K->1649348K(2944256K), 0.0280260 secs]
[GC 1905540K->1649348K(2944256K), 0.0138760 secs]
[GC 1905540K->1649348K(2944256K), 0.0138430 secs]
[GC 1905540K->1649348K(2944256K), 0.0139070 secs]
[GC 1905540K->1649348K(2944256K), 0.0138060 secs]
[GC 1905540K->1649348K(2944256K), 0.0138510 secs]
[GC 1905540K->1649348K(2944256K), 0.0133840 secs]
[GC 1905540K->1649348K(2944256K), 0.0138150 secs]
[GC 1905540K->1649348K(2944256K), 0.0133540 secs]
[GC 1905540K->1649348K(2944256K), 0.0133550 secs]
[GC 1905540K->1649348K(2944256K), 0.0138160 secs]
[GC 1905540K->1649348K(2944256K), 0.0142820 secs]
[GC 1905540K->1649348K(2944256K), 0.0135830 secs]
[GC 1905540K->1649348K(2944256K), 0.0133850 secs]
[GC 1905540K->1649348K(2944256K), 0.0137930 secs]
[GC 1905540K->1649348K(2944256K), 0.0134190 secs]
[GC 1905540K->1649348K(2944256K), 0.0137900 secs]
[GC 1905540K->1649348K(2944256K), 0.0134880 secs]
[GC 1905540K->1649348K(2944256K), 0.0134990 secs]
[GC 1905540K->1649348K(2944256K), 0.0138240 secs]
[GC 1905540K->1649348K(2944256K), 0.0138530 secs]
[GC 1905540K->1649349K(2944256K), 0.0139420 secs]
[GC 1905541K->1649349K(2944256K), 0.0133090 secs]
[GC 1905541K->1649349K(2944256K), 0.0132780 secs]
[GC 1905541K->1649349K(2944256K), 0.0133610 secs]
[GC 1905541K->1649349K(2944256K), 0.0133890 secs]
[GC 1905541K->1649349K(2944256K), 0.0136410 secs]
[GC 1905541K->1649349K(2944256K), 0.0139020 secs]
[GC 1905541K->1649349K(2944256K), 0.0137740 secs]
[GC 1905541K->1649349K(2944256K), 0.0134520 secs]
[GC 1905541K->1649349K(2944256K), 0.1188480 secs]
[GC 1905541K->1649349K(2944256K), 0.0166810 secs]
[GC 1905541K->1649349K(2944256K), 0.0167180 secs]
[GC 1905541K->1649349K(2944256K), 0.0169410 secs]
[GC 1905541K->1649349K(2944256K), 0.0167410 secs]
[GC 1905541K->1649349K(2944256K), 0.0168280 secs]
[GC 1905541K->1649349K(2944256K), 0.0167280 secs]
[GC 1905541K->1649349K(2944256K), 0.0166810 secs]
[GC 1905541K->1649349K(2944256K), 0.0170750 secs]
[GC 1905541K->1649349K(2944256K), 0.0167960 secs]
[GC 1905541K->1649349K(2944256K), 0.0173840 secs]
[GC 1905541K->1649349K(2944256K), 0.0129280 secs]
[GC 1905541K->1649349K(2944256K), 0.0139070 secs]
[GC 1905541K->1649349K(2944256K), 0.0143960 secs]
[GC 1905541K->1649349K(2944256K), 0.0133790 secs]
[GC 1905541K->1649349K(2944256K), 0.0137920 secs]
[GC 1905541K->1649349K(2944256K), 0.0138660 secs]
[GC 1905541K->1649349K(2944256K), 0.0133630 secs]
[GC 1905541K->1649349K(2944256K), 0.0139720 secs]
[GC 1905541K->1649349K(2944256K), 0.0142000 secs]
[GC 1905541K->1649349K(2944256K), 0.0138440 secs]
[GC 1905541K->1649349K(2944256K), 0.0139970 secs]
[GC 1905541K->1649349K(2944256K), 0.0135290 secs]
[GC 1905541K->1649349K(2944256K), 0.0130010 secs]
[GC 1905541K->1649349K(2944256K), 0.0144940 secs]
[GC 1905541K->1649350K(2944256K), 0.0133760 secs]
[GC 1905542K->1649350K(2944256K), 0.0187070 secs]
[GC 1905542K->1649350K(2944256K), 0.0167780 secs]
[GC 1905542K->1649350K(2944256K), 0.0167980 secs]
[GC 1905542K->1649350K(2944256K), 0.0170640 secs]
[GC 1905542K->1649350K(2944256K), 0.0159150 secs]
[GC 1905542K->1649350K(2944256K), 0.0167970 secs]
[GC 1905542K->1649350K(2944256K), 0.0171460 secs]
[GC 1905542K->1649350K(2944256K), 0.0166420 secs]
[GC 1905542K->1649350K(2944256K), 0.0164320 secs]
[GC 1905542K->1649350K(2944256K), 0.0156790 secs]
[GC 1905542K->1649350K(2944256K), 0.0156380 secs]
[GC 1905542K->1649350K(2944256K), 0.0148820 secs]
[GC 1905542K->1649350K(2944256K), 0.0141650 secs]
[GC 1905542K->1649350K(2944256K), 0.0138830 secs]
[GC 1905542K->1649350K(2944256K), 0.0134270 secs]
[GC 1905542K->1649350K(2944256K), 0.0175890 secs]
[GC 1905542K->1649350K(2944256K), 0.0169920 secs]
[GC 1905542K->1649350K(2944256K), 0.0169790 secs]
[GC 1905542K->1649350K(2944256K), 0.0166500 secs]
[GC 1905542K->1649350K(2944256K), 0.0167090 secs]
[GC 1905542K->1649350K(2944256K), 0.0160390 secs]
[GC 1905542K->1649350K(2944256K), 0.0166660 secs]
[GC 1905542K->1649350K(2944256K), 0.0164920 secs]
[GC 1905542K->1649350K(2944256K), 0.0169910 secs]
[GC 1905542K->1649350K(2944256K), 0.0164020 secs]
[GC 1905542K->1649350K(2944256K), 0.0162400 secs]
[GC 1905542K->1649350K(2944256K), 0.0165580 secs]
[GC 1905542K->1649350K(2944256K), 0.0170980 secs]
[GC 1905542K->1649350K(2944256K), 0.0161440 secs]
[GC 1905542K->1649350K(2944256K), 0.0168710 secs]
[GC 1905542K->1649350K(2944256K), 0.0169970 secs]
[GC 1905542K->1649350K(2944256K), 0.0162420 secs]
[GC 1905542K->1649350K(2944256K), 0.0161410 secs]
[GC 1905542K->1649350K(2944256K), 0.0337120 secs]
[GC 1905542K->1649350K(2944256K), 0.0169710 secs]
[GC 1905542K->1649350K(2944256K), 0.0166230 secs]
[GC 1905542K->1649350K(2944256K), 0.0166380 secs]
[GC 1905542K->1649350K(2944256K), 0.0161900 secs]
[GC 1905542K->1649350K(2944256K), 0.0169790 secs]
[GC 1905542K->1649350K(2944256K), 0.0167270 secs]
[GC 1905542K->1649350K(2944256K), 0.0166370 secs]
[GC 1905542K->1649350K(2944256K), 0.0176210 secs]
[GC 1905542K->1649350K(2944256K), 0.0171630 secs]
[GC 1905542K->1649350K(2944256K), 0.0171680 secs]
[GC 1905542K->1649350K(2944256K), 0.0172010 secs]
[GC 1905542K->1649350K(2944256K), 0.0166910 secs]
[GC 1905542K->1649350K(2944256K), 0.0167790 secs]
[GC 1903924K->1649350K(2944256K), 0.0179680 secs]
[GC 1905542K->1649350K(2944256K), 0.0169840 secs]
[GC 1905542K->1649350K(2944256K), 0.0172010 secs]
[GC 1905542K->1649350K(2944256K), 0.0165080 secs]
[GC 1905542K->1649350K(2944256K), 0.0168200 secs]
[GC 1905542K->1649350K(2944256K), 0.0174300 secs]
[GC 1905542K->1649351K(2944256K), 0.0174250 secs]
[GC 1905543K->1649351K(2944256K), 0.0172630 secs]
[GC 1905543K->1649351K(2944256K), 0.0166210 secs]
[GC 1905543K->1649351K(2944256K), 0.0164460 secs]
[GC 1905543K->1649351K(2944256K), 0.0160320 secs]
[GC 1905543K->1649351K(2944256K), 0.0173730 secs]
[GC 1905543K->1649351K(2944256K), 0.0168220 secs]
[GC 1905543K->1649351K(2944256K), 0.0167400 secs]
[GC 1905543K->1649351K(2944256K), 0.0161840 secs]
[GC 1905543K->1649351K(2944256K), 0.0166750 secs]
[GC 1905543K->1649351K(2944256K), 0.0412720 secs]
[GC 1905543K->1649351K(2944256K), 0.0140840 secs]
[GC 1905543K->1649351K(2944256K), 0.0139080 secs]
[GC 1905543K->1649351K(2944256K), 0.0149200 secs]
[GC 1905543K->1649351K(2944256K), 0.0135070 secs]
[GC 1905543K->1649351K(2944256K), 0.0139590 secs]
[GC 1905543K->1649351K(2944256K), 0.0138110 secs]
[GC 1905543K->1649351K(2944256K), 0.0146420 secs]
[GC 1905543K->1649351K(2944256K), 0.0142610 secs]
[GC 1905543K->1649351K(2944256K), 0.0138950 secs]
[GC 1905543K->1649351K(2944256K), 0.0140970 secs]
[GC 1905543K->1649351K(2944256K), 0.0137330 secs]
[GC 1905543K->1649351K(2944256K), 0.0141610 secs]
[GC 1905543K->1649351K(2944256K), 0.0144240 secs]
[GC 1905543K->1649351K(2944256K), 0.0138630 secs]
[GC 1905543K->1649351K(2944256K), 0.0145290 secs]
[GC 1905543K->1649351K(2944256K), 0.0134950 secs]
[GC 1905543K->1649351K(2944256K), 0.0145110 secs]
[GC 1905543K->1649351K(2944256K), 0.0142260 secs]
[GC 1905543K->1649351K(2944256K), 0.0135820 secs]
[GC 1905543K->1649351K(2944256K), 0.0137870 secs]
[GC 1905543K->1649351K(2944256K), 0.0133690 secs]
[GC 1905543K->1649351K(2944256K), 0.0138960 secs]
[GC 1905543K->1649351K(2944256K), 0.0144250 secs]
[GC 1905543K->1649351K(2944256K), 0.0137800 secs]
[GC 1905543K->1649351K(2944256K), 0.0138170 secs]
[GC 1905543K->1649351K(2944256K), 0.0186260 secs]
[GC 1905543K->1649351K(2944256K), 0.0172380 secs]
[GC 1905543K->1649351K(2944256K), 0.0174050 secs]
[GC 1905543K->1649351K(2944256K), 0.0176140 secs]
[GC 1905543K->1649351K(2944256K), 0.0430720 secs]
[GC 1905543K->1649351K(2944256K), 0.0128950 secs]
[GC 1905543K->1649351K(2944256K), 0.0138790 secs]
[GC 1905543K->1649351K(2944256K), 0.0139770 secs]
[GC 1905543K->1649351K(2944256K), 0.0135800 secs]
[GC 1905543K->1649351K(2944256K), 0.0140680 secs]
[GC 1905543K->1649351K(2944256K), 0.0138800 secs]
[GC 1905543K->1649351K(2944256K), 0.0146420 secs]
[GC 1905543K->1649351K(2944256K), 0.0139740 secs]
[GC 1905543K->1649351K(2944256K), 0.0140340 secs]
[GC 1905543K->1649351K(2944256K), 0.0141760 secs]
[GC 1905543K->1649351K(2944256K), 0.0145670 secs]
[GC 1905543K->1649351K(2944256K), 0.0137570 secs]
[GC 1905543K->1649351K(2944256K), 0.0138590 secs]
[GC 1905543K->1649351K(2944256K), 0.0134210 secs]
[GC 1905543K->1649351K(2944256K), 0.0139380 secs]
[GC 1905543K->1649351K(2944256K), 0.0139270 secs]
[GC 1905543K->1649351K(2944256K), 0.0137760 secs]
[GC 1905543K->1649351K(2944256K), 0.0145590 secs]
[GC 1905543K->1649351K(2944256K), 0.0137560 secs]
[GC 1905543K->1649351K(2944256K), 0.0140160 secs]
[GC 1905543K->1649351K(2944256K), 0.0146070 secs]
[GC 1905543K->1649351K(2944256K), 0.0146080 secs]
[GC 1905543K->1649351K(2944256K), 0.0138780 secs]
[GC 1905543K->1649351K(2944256K), 0.0138890 secs]
[GC 1905543K->1649351K(2944256K), 0.0133810 secs]
[GC 1905543K->1649351K(2944256K), 0.0139370 secs]
[GC 1905543K->1649351K(2944256K), 0.0133820 secs]
[GC 1905543K->1649351K(2944256K), 0.0140270 secs]
[GC 1905543K->1649351K(2944256K), 0.0138250 secs]
[GC 1905543K->1649351K(2944256K), 0.0334010 secs]
[GC 1905543K->1649351K(2944256K), 0.0185080 secs]
[GC 1905543K->1649351K(2944256K), 0.0175560 secs]
[GC 1905543K->1649351K(2944256K), 0.0172230 secs]
[GC 1905543K->1649351K(2944256K), 0.0163040 secs]
[GC 1905543K->1649351K(2944256K), 0.0176140 secs]
[GC 1905543K->1649351K(2944256K), 0.0171650 secs]
[GC 1905543K->1649351K(2944256K), 0.0167750 secs]
[GC 1905543K->1649351K(2944256K), 0.0161900 secs]
[GC 1905543K->1649351K(2944256K), 0.0163850 secs]
[GC 1905543K->1649352K(2944256K), 0.0167030 secs]
[GC 1905544K->1649352K(2944256K), 0.0163750 secs]
[GC 1905544K->1649352K(2944256K), 0.0176200 secs]
[GC 1905544K->1649352K(2944256K), 0.0169450 secs]
[GC 1905544K->1649352K(2944256K), 0.0366810 secs]
[GC 1905544K->1649352K(2944256K), 0.0167990 secs]
[GC 1905544K->1649352K(2944256K), 0.0167250 secs]
[GC 1905544K->1649352K(2944256K), 0.0172660 secs]
[GC 1905544K->1649352K(2944256K), 0.0175820 secs]
[GC 1905544K->1649352K(2944256K), 0.0171280 secs]
[GC 1905544K->1649352K(2944256K), 0.0167780 secs]
[GC 1905544K->1649352K(2944256K), 0.0163370 secs]
[GC 1905544K->1649352K(2944256K), 0.0166840 secs]
[GC 1905544K->1649352K(2944256K), 0.0172470 secs]
[GC 1905544K->1649352K(2944256K), 0.0173060 secs]
[GC 1905544K->1649352K(2944256K), 0.0173690 secs]
[GC 1905544K->1649352K(2944256K), 0.0176910 secs]
[GC 1905544K->1649352K(2944256K), 0.0166890 secs]
[GC 1905544K->1649352K(2944256K), 0.0176280 secs]
[GC 1905544K->1649352K(2944256K), 0.0128950 secs]
[GC 1905544K->1649352K(2944256K), 0.0432060 secs]
[GC 1905544K->1649352K(2944256K), 0.0138910 secs]
[GC 1905544K->1649352K(2944256K), 0.0144050 secs]
[GC 1905544K->1649352K(2944256K), 0.0140890 secs]
[GC 1905544K->1649352K(2944256K), 0.0138900 secs]
[GC 1905544K->1649352K(2944256K), 0.0142240 secs]
[GC 1905544K->1649352K(2944256K), 0.0186230 secs]
[GC 1905544K->1649352K(2944256K), 0.0174590 secs]
[GC 1905544K->1649352K(2944256K), 0.0167390 secs]
[GC 1905544K->1649352K(2944256K), 0.0176000 secs]
[GC 1905544K->1649352K(2944256K), 0.0163890 secs]
[GC 1905544K->1649352K(2944256K), 0.0171520 secs]
[GC 1905544K->1649352K(2944256K), 0.0168140 secs]
[GC 1905544K->1649352K(2944256K), 0.0159330 secs]
[GC 1905544K->1649352K(2944256K), 0.0167440 secs]
[GC 1905544K->1649353K(2944256K), 0.0167380 secs]
[GC 1905545K->1649353K(2944256K), 0.0168140 secs]
[GC 1905545K->1649353K(2944256K), 0.0169740 secs]
[GC 1905545K->1649353K(2944256K), 0.0170700 secs]
[GC 1905545K->1649353K(2944256K), 0.0171040 secs]
[GC 1905545K->1649353K(2944256K), 0.0164820 secs]
[GC 1905545K->1649353K(2944256K), 0.0167460 secs]
[GC 1905545K->1649353K(2944256K), 0.0166710 secs]
[GC 1905545K->1649353K(2944256K), 0.0168530 secs]
[GC 1905545K->1649353K(2944256K), 0.0166530 secs]
[GC 1905545K->1649353K(2944256K), 0.0162440 secs]
[GC 1905545K->1649353K(2944256K), 0.0162400 secs]
[GC 1905545K->1649353K(2944256K), 0.0170860 secs]
[GC 1905545K->1649353K(2944256K), 0.0162560 secs]
[GC 1905545K->1649353K(2944256K), 0.0162500 secs]
[GC 1905545K->1649353K(2944256K), 0.0166950 secs]
[GC 1905545K->1649353K(2944256K), 0.0158370 secs]
[GC 1905545K->1649353K(2944256K), 0.0174210 secs]
[GC 1905545K->1649353K(2944256K), 0.0167420 secs]
[GC 1905545K->1649353K(2944256K), 0.0171910 secs]
[GC 1905545K->1649353K(2944256K), 0.0167080 secs]
[GC 1905545K->1649353K(2944256K), 0.0151850 secs]
[GC 1905545K->1649353K(2944256K), 0.0154870 secs]
[GC 1905545K->1649353K(2944256K), 0.0139080 secs]
[GC 1905545K->1649353K(2944256K), 0.0138720 secs]
[GC 1905545K->1649353K(2944256K), 0.0133900 secs]
[GC 1905545K->1649353K(2944256K), 0.0140050 secs]
[GC 1905545K->1649353K(2944256K), 0.0136690 secs]
[GC 1905545K->1649353K(2944256K), 0.0134490 secs]
[GC 1905545K->1649353K(2944256K), 0.0134200 secs]
[GC 1905545K->1649353K(2944256K), 0.0145880 secs]
[GC 1905545K->1649353K(2944256K), 0.0141590 secs]
[GC 1905545K->1649353K(2944256K), 0.0133300 secs]
[GC 1905545K->1649353K(2944256K), 0.0132680 secs]
[GC 1905545K->1649353K(2944256K), 0.0133750 secs]
[GC 1905545K->1649353K(2944256K), 0.0137540 secs]
[GC 1905545K->1649353K(2944256K), 0.0146110 secs]
[GC 1905545K->1649353K(2944256K), 0.0135670 secs]
[GC 1905545K->1649353K(2944256K), 0.0184200 secs]
[GC 1905545K->1649353K(2944256K), 0.0128940 secs]
[GC 1905545K->1649353K(2944256K), 0.0134400 secs]
[GC 1905545K->1649353K(2944256K), 0.0145410 secs]
[GC 1905545K->1649353K(2944256K), 0.0136840 secs]
[GC 1905545K->1649353K(2944256K), 0.0139390 secs]
[GC 1903577K->1649353K(2944256K), 0.0148770 secs]
[GC 1905545K->1649353K(2944256K), 0.0325380 secs]
[GC 1905545K->1649353K(2944256K), 0.0177680 secs]
[GC 1905545K->1649353K(2944256K), 0.0171130 secs]
[GC 1905545K->1649353K(2944256K), 0.0173540 secs]
[GC 1905545K->1649353K(2944256K), 0.0167950 secs]
[GC 1905545K->1649353K(2944256K), 0.0166740 secs]
[GC 1905545K->1649353K(2944256K), 0.0175080 secs]
[GC 1905545K->1649353K(2944256K), 0.0172260 secs]
[GC 1905545K->1649353K(2944256K), 0.0166820 secs]
[GC 1905545K->1649353K(2944256K), 0.0170400 secs]
[GC 1905545K->1649353K(2944256K), 0.0161990 secs]
[GC 1905545K->1649353K(2944256K), 0.0171940 secs]
[GC 1905545K->1649353K(2944256K), 0.0168480 secs]
[GC 1905545K->1649353K(2944256K), 0.0168560 secs]
[GC 1905545K->1649353K(2944256K), 0.0172130 secs]
[GC 1905545K->1649354K(2944256K), 0.0172370 secs]
[GC 1905546K->1649354K(2944256K), 0.0171530 secs]
[GC 1905546K->1649354K(2944256K), 0.0176260 secs]
[GC 1905546K->1649354K(2944256K), 0.0174280 secs]
[GC 1905546K->1649354K(2944256K), 0.0167850 secs]
[GC 1905546K->1649354K(2944256K), 0.0129570 secs]
[GC 1905546K->1649354K(2944256K), 0.0133190 secs]
[GC 1905546K->1649354K(2944256K), 0.0145440 secs]
[GC 1905546K->1649354K(2944256K), 0.0141260 secs]
[GC 1905546K->1649354K(2944256K), 0.0142360 secs]
[GC 1905546K->1649354K(2944256K), 0.0133690 secs]
[GC 1905546K->1649354K(2944256K), 0.0133810 secs]
[GC 1905546K->1649354K(2944256K), 0.0139170 secs]
[GC 1905546K->1649354K(2944256K), 0.0139080 secs]
[GC 1905546K->1649354K(2944256K), 0.0142090 secs]
[GC 1905546K->1649354K(2944256K), 0.0422310 secs]
[GC 1905546K->1649354K(2944256K), 0.0138510 secs]
[GC 1905546K->1649354K(2944256K), 0.0142360 secs]
[GC 1905546K->1649354K(2944256K), 0.0142640 secs]
[GC 1905546K->1649354K(2944256K), 0.0142910 secs]
[GC 1905546K->1649354K(2944256K), 0.0143820 secs]
[GC 1905546K->1649354K(2944256K), 0.0141910 secs]
[GC 1905546K->1649354K(2944256K), 0.0137950 secs]
[GC 1905546K->1649354K(2944256K), 0.0140720 secs]
[GC 1905546K->1649354K(2944256K), 0.0143310 secs]
[GC 1905546K->1649354K(2944256K), 0.0141810 secs]
[GC 1905546K->1649354K(2944256K), 0.0140240 secs]
[GC 1905546K->1649354K(2944256K), 0.0138530 secs]
[GC 1905546K->1649354K(2944256K), 0.0139090 secs]
[GC 1905546K->1649354K(2944256K), 0.0133790 secs]
[GC 1905546K->1649354K(2944256K), 0.0139630 secs]
[GC 1905546K->1649354K(2944256K), 0.0134390 secs]
[GC 1905546K->1649354K(2944256K), 0.0128950 secs]
[GC 1905546K->1649354K(2944256K), 0.0137160 secs]
[GC 1905546K->1649354K(2944256K), 0.0138520 secs]
[GC 1905546K->1649354K(2944256K), 0.0137830 secs]
[GC 1905546K->1649354K(2944256K), 0.0141680 secs]
[GC 1905546K->1649354K(2944256K), 0.0139120 secs]
[GC 1905546K->1649354K(2944256K), 0.0142370 secs]
[GC 1905546K->1649354K(2944256K), 0.0149660 secs]
[GC 1905546K->1649354K(2944256K), 0.0140780 secs]
[GC 1905546K->1649354K(2944256K), 0.0142880 secs]
[GC 1905546K->1649354K(2944256K), 0.0141010 secs]
[GC 1905546K->1649354K(2944256K), 0.0138570 secs]
[GC 1905546K->1649354K(2944256K), 0.0140390 secs]
[GC 1905546K->1649354K(2944256K), 0.0373760 secs]
[GC 1905546K->1649354K(2944256K), 0.0169640 secs]
[GC 1905546K->1649354K(2944256K), 0.0172350 secs]
[GC 1905546K->1649354K(2944256K), 0.0167760 secs]
[GC 1905546K->1649354K(2944256K), 0.0171110 secs]
[GC 1905546K->1649354K(2944256K), 0.0161270 secs]
[GC 1905546K->1649354K(2944256K), 0.0166760 secs]
[GC 1905546K->1649354K(2944256K), 0.0166980 secs]
[GC 1905546K->1649354K(2944256K), 0.0166920 secs]
[GC 1905546K->1649354K(2944256K), 0.0176280 secs]
[GC 1905546K->1649354K(2944256K), 0.0159660 secs]
[GC 1905546K->1649354K(2944256K), 0.0156230 secs]
[GC 1905546K->1649354K(2944256K), 0.0169130 secs]
[GC 1905546K->1649354K(2944256K), 0.0162090 secs]
[GC 1905546K->1649354K(2944256K), 0.0171720 secs]
[GC 1905546K->1649354K(2944256K), 0.0169950 secs]
[GC 1905546K->1649354K(2944256K), 0.0162150 secs]
[GC 1905546K->1649354K(2944256K), 0.0167700 secs]
[GC 1905546K->1649354K(2944256K), 0.0167240 secs]
[GC 1905546K->1649354K(2944256K), 0.0175770 secs]
[GC 1905546K->1649354K(2944256K), 0.0161970 secs]
[GC 1905546K->1649354K(2944256K), 0.0161900 secs]
[GC 1905546K->1649354K(2944256K), 0.0158330 secs]
[GC 1905546K->1649354K(2944256K), 0.0152130 secs]
[GC 1905546K->1649354K(2944256K), 0.0167330 secs]
[GC 1905546K->1649354K(2944256K), 0.0175580 secs]
[GC 1905546K->1649354K(2944256K), 0.0175220 secs]
[GC 1905546K->1649354K(2944256K), 0.0170740 secs]
[GC 1905546K->1649354K(2944256K), 0.0163490 secs]
[GC 1905546K->1649354K(2944256K), 0.0167780 secs]
[GC 1905546K->1649354K(2944256K), 0.0303770 secs]
[GC 1905546K->1649354K(2944256K), 0.0143550 secs]
[GC 1905546K->1649355K(2944256K), 0.0141820 secs]
[GC 1905547K->1649355K(2944256K), 0.0142450 secs]
[GC 1905547K->1649355K(2944256K), 0.0144040 secs]
[GC 1905547K->1649355K(2944256K), 0.0138620 secs]
[GC 1905547K->1649355K(2944256K), 0.0138630 secs]
[GC 1905547K->1649355K(2944256K), 0.0141530 secs]
[GC 1905547K->1649355K(2944256K), 0.0138020 secs]
[GC 1905547K->1649355K(2944256K), 0.0140800 secs]
[GC 1905547K->1649355K(2944256K), 0.0138380 secs]
[GC 1905547K->1649355K(2944256K), 0.0139240 secs]
[GC 1905547K->1649355K(2944256K), 0.0137790 secs]
[GC 1905547K->1649356K(2944256K), 0.0133450 secs]
[GC 1905548K->1649356K(2944256K), 0.0134270 secs]
[GC 1905548K->1649356K(2944256K), 0.0175100 secs]
[GC 1905548K->1649356K(2944256K), 0.0167680 secs]
[GC 1905548K->1649356K(2944256K), 0.0166920 secs]
[GC 1905548K->1649356K(2944256K), 0.0171470 secs]
[GC 1905548K->1649356K(2944256K), 0.0172150 secs]
[GC 1905548K->1649356K(2944256K), 0.0171310 secs]
[GC 1905548K->1649356K(2944256K), 0.0172130 secs]
[GC 1905548K->1649356K(2944256K), 0.0172790 secs]
[GC 1905548K->1649356K(2944256K), 0.0170570 secs]
[GC 1905548K->1649356K(2944256K), 0.0172340 secs]
[GC 1905548K->1649356K(2944256K), 0.0172690 secs]
[GC 1905548K->1649356K(2944256K), 0.0172900 secs]
[GC 1905548K->1649356K(2944256K), 0.0172040 secs]
[GC 1905548K->1649356K(2944256K), 0.0132540 secs]
[GC 1905548K->1649356K(2944256K), 0.0142390 secs]
[GC 1905548K->1649356K(2944256K), 0.0139150 secs]
[GC 1905548K->1649356K(2944256K), 0.0141390 secs]
[GC 1905548K->1649356K(2944256K), 0.0189980 secs]
[GC 1905548K->1649356K(2944256K), 0.0129460 secs]
[GC 1905548K->1649356K(2944256K), 0.0138090 secs]
[GC 1905548K->1649356K(2944256K), 0.0142160 secs]
[GC 1905548K->1649356K(2944256K), 0.0138570 secs]
[GC 1905548K->1649356K(2944256K), 0.0142120 secs]
[GC 1905548K->1649356K(2944256K), 0.0138720 secs]
[GC 1905548K->1649356K(2944256K), 0.0138870 secs]
[GC 1905548K->1649356K(2944256K), 0.0140320 secs]
[GC 1905548K->1649356K(2944256K), 0.0142100 secs]
[GC 1905548K->1649356K(2944256K), 0.0146040 secs]
[GC 1905548K->1649356K(2944256K), 0.0140780 secs]
[GC 1905548K->1649356K(2944256K), 0.0139760 secs]
[GC 1905548K->1649356K(2944256K), 0.0138570 secs]
[GC 1905548K->1649356K(2944256K), 0.0139510 secs]
[GC 1905548K->1649356K(2944256K), 0.0138610 secs]
[GC 1905548K->1649356K(2944256K), 0.0138220 secs]
[GC 1905548K->1649356K(2944256K), 0.0138710 secs]
[GC 1905548K->1649356K(2944256K), 0.0140360 secs]
[GC 1905548K->1649356K(2944256K), 0.0139210 secs]
[GC 1905548K->1649356K(2944256K), 0.0142940 secs]
[GC 1905548K->1649356K(2944256K), 0.0138750 secs]
[GC 1905548K->1649356K(2944256K), 0.0142090 secs]
[GC 1905548K->1649356K(2944256K), 0.0147160 secs]
[GC 1905548K->1649356K(2944256K), 0.0162010 secs]
[GC 1905548K->1649356K(2944256K), 0.0167600 secs]
[GC 1905548K->1649356K(2944256K), 0.0170770 secs]
[GC 1905548K->1649356K(2944256K), 0.0128760 secs]
[GC 1905548K->1649356K(2944256K), 0.0408750 secs]
[GC 1905548K->1649356K(2944256K), 0.0171280 secs]
[GC 1905548K->1649356K(2944256K), 0.0128630 secs]
[GC 1905548K->1649356K(2944256K), 0.0144520 secs]
[GC 1905548K->1649356K(2944256K), 0.0141170 secs]
[GC 1905548K->1649356K(2944256K), 0.0141560 secs]
[GC 1905548K->1649356K(2944256K), 0.0141420 secs]
[GC 1905548K->1649356K(2944256K), 0.0139230 secs]
[GC 1905548K->1649356K(2944256K), 0.0142780 secs]
[GC 1905548K->1649356K(2944256K), 0.0138950 secs]
[GC 1905548K->1649356K(2944256K), 0.0134250 secs]
[GC 1905548K->1649356K(2944256K), 0.0142490 secs]
[GC 1905548K->1649356K(2944256K), 0.0138670 secs]
[GC 1905548K->1649356K(2944256K), 0.0137450 secs]
[GC 1905548K->1649356K(2944256K), 0.0138300 secs]
[GC 1905548K->1649356K(2944256K), 0.0141990 secs]
[GC 1905548K->1649356K(2944256K), 0.0139290 secs]
[GC 1905548K->1649356K(2944256K), 0.0142170 secs]
[GC 1905548K->1649356K(2944256K), 0.0138960 secs]
[GC 1905548K->1649356K(2944256K), 0.0138450 secs]
[GC 1905548K->1649356K(2944256K), 0.0180910 secs]
[GC 1905548K->1649356K(2944256K), 0.0129650 secs]
[GC 1905548K->1649356K(2944256K), 0.0141950 secs]
[GC 1905548K->1649356K(2944256K), 0.0138060 secs]
[GC 1905548K->1649356K(2944256K), 0.0142240 secs]
[GC 1905548K->1649356K(2944256K), 0.0143120 secs]
[GC 1905548K->1649356K(2944256K), 0.0138810 secs]
[GC 1905548K->1649356K(2944256K), 0.0149110 secs]
[GC 1905548K->1649356K(2944256K), 0.0138170 secs]
[GC 1905548K->1649356K(2944256K), 0.0142850 secs]
[GC 1905548K->1649356K(2944256K), 0.0143090 secs]
[GC 1905548K->1649356K(2944256K), 0.0139500 secs]
[GC 1905548K->1649356K(2944256K), 0.0138560 secs]
[GC 1905548K->1649356K(2944256K), 0.0142940 secs]
[GC 1905548K->1649356K(2944256K), 0.0138580 secs]
[GC 1905548K->1649356K(2944256K), 0.0141940 secs]
[GC 1905548K->1649357K(2944256K), 0.0141620 secs]
[GC 1905549K->1649357K(2944256K), 0.0138850 secs]
[GC 1905549K->1649357K(2944256K), 0.0142400 secs]
[GC 1905549K->1649357K(2944256K), 0.0137920 secs]
[GC 1905549K->1649357K(2944256K), 0.0135270 secs]
[GC 1905549K->1649357K(2944256K), 0.0138710 secs]
[GC 1905549K->1649357K(2944256K), 0.0137600 secs]
[GC 1905549K->1649357K(2944256K), 0.0138490 secs]
[GC 1905549K->1649357K(2944256K), 0.0137650 secs]
[GC 1905549K->1649357K(2944256K), 0.0138160 secs]
[GC 1905549K->1649357K(2944256K), 0.0136820 secs]
[GC 1905549K->1649357K(2944256K), 0.0138790 secs]
[GC 1905549K->1649357K(2944256K), 0.0142910 secs]
[GC 1905549K->1649357K(2944256K), 0.0133480 secs]
[GC 1905549K->1649357K(2944256K), 0.0137990 secs]
[GC 1905549K->1649357K(2944256K), 0.0138300 secs]
[GC 1905549K->1649357K(2944256K), 0.0137760 secs]
[GC 1905549K->1649357K(2944256K), 0.0141620 secs]
[GC 1905549K->1649357K(2944256K), 0.0142180 secs]
[GC 1905549K->1649357K(2944256K), 0.0140920 secs]
[GC 1905549K->1649357K(2944256K), 0.0136440 secs]
[GC 1905549K->1649357K(2944256K), 0.0143550 secs]
[GC 1905549K->1649357K(2944256K), 0.0137860 secs]
[GC 1905549K->1649357K(2944256K), 0.0137760 secs]
[GC 1905549K->1649357K(2944256K), 0.0370350 secs]
[GC 1905549K->1649357K(2944256K), 0.0129470 secs]
[GC 1905549K->1649357K(2944256K), 0.0136760 secs]
[GC 1905549K->1649357K(2944256K), 0.0138360 secs]
[GC 1905549K->1649357K(2944256K), 0.0138350 secs]
[GC 1905549K->1649357K(2944256K), 0.0144770 secs]
[GC 1905549K->1649357K(2944256K), 0.0141730 secs]
[GC 1905549K->1649357K(2944256K), 0.0138080 secs]
[GC 1905549K->1649357K(2944256K), 0.0138290 secs]
[GC 1905549K->1649357K(2944256K), 0.0138200 secs]
[GC 1905549K->1649357K(2944256K), 0.0142000 secs]
[GC 1905549K->1649357K(2944256K), 0.0143290 secs]
[GC 1905549K->1649357K(2944256K), 0.0138820 secs]
[GC 1905549K->1649357K(2944256K), 0.0133390 secs]
[GC 1905549K->1649357K(2944256K), 0.0143180 secs]
[GC 1905549K->1649357K(2944256K), 0.0143240 secs]
[GC 1905549K->1649357K(2944256K), 0.0138170 secs]
[GC 1905549K->1649357K(2944256K), 0.0187670 secs]
[GC 1905549K->1649357K(2944256K), 0.0175100 secs]
[GC 1905549K->1649357K(2944256K), 0.0171340 secs]
[GC 1905549K->1649357K(2944256K), 0.0167130 secs]
[GC 1905549K->1649357K(2944256K), 0.0172400 secs]
[GC 1905549K->1649357K(2944256K), 0.0170830 secs]
[GC 1905549K->1649357K(2944256K), 0.0171580 secs]
[GC 1905549K->1649357K(2944256K), 0.0166900 secs]
[GC 1905549K->1649357K(2944256K), 0.0166880 secs]
[GC 1905549K->1649357K(2944256K), 0.0162950 secs]
[GC 1905549K->1649357K(2944256K), 0.0167020 secs]
[GC 1905549K->1649357K(2944256K), 0.0166550 secs]
[GC 1905549K->1649357K(2944256K), 0.0162260 secs]
[GC 1905549K->1649357K(2944256K), 0.0166820 secs]
[GC 1905549K->1649357K(2944256K), 0.0170980 secs]
[GC 1905549K->1649357K(2944256K), 0.0156650 secs]
[GC 1905549K->1649357K(2944256K), 0.0161760 secs]
[GC 1905549K->1649357K(2944256K), 0.0128120 secs]
[GC 1905549K->1649357K(2944256K), 0.0138070 secs]
[GC 1905549K->1649357K(2944256K), 0.0142450 secs]
[GC 1905549K->1649357K(2944256K), 0.0138430 secs]
[GC 1905549K->1649357K(2944256K), 0.0138800 secs]
[GC 1905549K->1649357K(2944256K), 0.0137280 secs]
[GC 1905549K->1649357K(2944256K), 0.0137180 secs]
[GC 1905549K->1649357K(2944256K), 0.0145590 secs]
[GC 1905549K->1649357K(2944256K), 0.0142370 secs]
[GC 1905549K->1649357K(2944256K), 0.0137130 secs]
[GC 1905549K->1649357K(2944256K), 0.0142420 secs]
[GC 1905549K->1649357K(2944256K), 0.0138740 secs]
[GC 1905549K->1649357K(2944256K), 0.0142450 secs]
[GC 1905549K->1649357K(2944256K), 0.0137930 secs]
[GC 1905549K->1649357K(2944256K), 0.0142060 secs]
[GC 1905549K->1649357K(2944256K), 0.0138730 secs]
[GC 1905549K->1649357K(2944256K), 0.0137910 secs]
[GC 1905549K->1649357K(2944256K), 0.0138220 secs]
[GC 1905549K->1649357K(2944256K), 0.0138240 secs]
[GC 1905549K->1649357K(2944256K), 0.0180770 secs]
[GC 1905549K->1649357K(2944256K), 0.0172320 secs]
[GC 1905549K->1649357K(2944256K), 0.0172710 secs]
[GC 1905549K->1649357K(2944256K), 0.0169430 secs]
[GC 1905549K->1649357K(2944256K), 0.0167410 secs]
[GC 1905549K->1649357K(2944256K), 0.0172280 secs]
[GC 1905549K->1649358K(2944256K), 0.0167870 secs]
[GC 1905550K->1649358K(2944256K), 0.0381470 secs]
[GC 1905550K->1649358K(2944256K), 0.0162730 secs]
[GC 1905550K->1649358K(2944256K), 0.0166770 secs]
[GC 1905550K->1649358K(2944256K), 0.0167430 secs]
[GC 1905550K->1649358K(2944256K), 0.0211830 secs]
[GC 1905550K->1649358K(2944256K), 0.0135830 secs]
[GC 1905550K->1649358K(2944256K), 0.0138580 secs]
[GC 1905550K->1649358K(2944256K), 0.0137860 secs]
[GC 1905550K->1649358K(2944256K), 0.0141170 secs]
[GC 1905550K->1649359K(2944256K), 0.0138490 secs]
[GC 1905551K->1649359K(2944256K), 0.0134330 secs]
[GC 1905551K->1649359K(2944256K), 0.0138240 secs]
[GC 1905551K->1649359K(2944256K), 0.0138670 secs]
[GC 1905551K->1649359K(2944256K), 0.0137620 secs]
[GC 1905551K->1649359K(2944256K), 0.0140040 secs]
[GC 1905551K->1649359K(2944256K), 0.0133580 secs]
[GC 1905551K->1649359K(2944256K), 0.0142990 secs]
[GC 1905551K->1649359K(2944256K), 0.0138100 secs]
[GC 1905551K->1649359K(2944256K), 0.0132810 secs]
[GC 1905551K->1649359K(2944256K), 0.0133650 secs]
[GC 1905551K->1649359K(2944256K), 0.0147060 secs]
[GC 1905551K->1649359K(2944256K), 0.0138490 secs]
[GC 1905551K->1649359K(2944256K), 0.0138120 secs]
[GC 1905551K->1649359K(2944256K), 0.0133850 secs]
[GC 1905551K->1649359K(2944256K), 0.0133880 secs]
[GC 1905551K->1649359K(2944256K), 0.0136770 secs]
[GC 1905551K->1649359K(2944256K), 0.0136470 secs]
[GC 1905551K->1649359K(2944256K), 0.0138860 secs]
[GC 1905551K->1649359K(2944256K), 0.0134820 secs]
[GC 1905551K->1649359K(2944256K), 0.0138280 secs]
[GC 1905551K->1649359K(2944256K), 0.0367720 secs]
[GC 1905551K->1649359K(2944256K), 0.0133210 secs]
[GC 1905551K->1649359K(2944256K), 0.0137400 secs]
[GC 1905551K->1649359K(2944256K), 0.0141470 secs]
[GC 1905551K->1649359K(2944256K), 0.0180760 secs]
[GC 1905551K->1649359K(2944256K), 0.0132590 secs]
[GC 1905551K->1649359K(2944256K), 0.0138510 secs]
[GC 1905551K->1649359K(2944256K), 0.0182420 secs]
[GC 1905551K->1649359K(2944256K), 0.0128900 secs]
[GC 1905551K->1649359K(2944256K), 0.0136320 secs]
[GC 1905551K->1649359K(2944256K), 0.0142080 secs]
[GC 1905551K->1649359K(2944256K), 0.0137770 secs]
[GC 1905551K->1649359K(2944256K), 0.0142540 secs]
[GC 1905551K->1649359K(2944256K), 0.0136910 secs]
[GC 1905551K->1649359K(2944256K), 0.0139670 secs]
[GC 1905551K->1649359K(2944256K), 0.0141860 secs]
[GC 1905551K->1649359K(2944256K), 0.0143530 secs]
[GC 1905551K->1649359K(2944256K), 0.0142990 secs]
[GC 1905551K->1649359K(2944256K), 0.0143280 secs]
[GC 1905551K->1649359K(2944256K), 0.0137150 secs]
[GC 1905551K->1649359K(2944256K), 0.0137970 secs]
[GC 1905551K->1649359K(2944256K), 0.0138250 secs]
[GC 1905551K->1649359K(2944256K), 0.0136590 secs]
[GC 1905551K->1649359K(2944256K), 0.0135630 secs]
[GC 1905551K->1649359K(2944256K), 0.0138490 secs]
[GC 1905551K->1649359K(2944256K), 0.0140930 secs]
[GC 1905551K->1649359K(2944256K), 0.0142160 secs]
[GC 1905551K->1649359K(2944256K), 0.0150810 secs]
[GC 1905551K->1649360K(2944256K), 0.0142430 secs]
[GC 1905552K->1649360K(2944256K), 0.0139450 secs]
[GC 1905552K->1649360K(2944256K), 0.0397490 secs]
[GC 1905552K->1649360K(2944256K), 0.0166980 secs]
[GC 1905552K->1649360K(2944256K), 0.0172330 secs]
[GC 1905552K->1649360K(2944256K), 0.0129240 secs]
[GC 1905552K->1649360K(2944256K), 0.0134720 secs]
[GC 1905552K->1649360K(2944256K), 0.0147630 secs]
[GC 1905552K->1649360K(2944256K), 0.0142860 secs]
[GC 1905552K->1649360K(2944256K), 0.0138390 secs]
[GC 1905552K->1649360K(2944256K), 0.0141990 secs]
[GC 1905552K->1649360K(2944256K), 0.0143220 secs]
[GC 1905552K->1649360K(2944256K), 0.0137820 secs]
[GC 1905552K->1649360K(2944256K), 0.0142000 secs]
[GC 1905552K->1649360K(2944256K), 0.0143000 secs]
[GC 1905552K->1649360K(2944256K), 0.0141140 secs]
[GC 1905552K->1649360K(2944256K), 0.0141820 secs]
[GC 1905552K->1649360K(2944256K), 0.0141470 secs]
[GC 1905552K->1649360K(2944256K), 0.0141870 secs]
[GC 1905552K->1649360K(2944256K), 0.0138110 secs]
[GC 1905552K->1649360K(2944256K), 0.0147460 secs]
[GC 1905552K->1649360K(2944256K), 0.0142270 secs]
[GC 1905552K->1649360K(2944256K), 0.0142540 secs]
[GC 1905552K->1649360K(2944256K), 0.0141690 secs]
[GC 1905552K->1649360K(2944256K), 0.0140010 secs]
[GC 1905552K->1649360K(2944256K), 0.0138350 secs]
[GC 1905552K->1649360K(2944256K), 0.0138530 secs]
[GC 1905552K->1649360K(2944256K), 0.0133580 secs]
[GC 1905552K->1649360K(2944256K), 0.0138510 secs]
[GC 1905552K->1649360K(2944256K), 0.0138190 secs]
[GC 1905552K->1649360K(2944256K), 0.0135570 secs]
[GC 1905552K->1649360K(2944256K), 0.0186540 secs]
[GC 1905552K->1649360K(2944256K), 0.0133140 secs]
[GC 1905552K->1649360K(2944256K), 0.0138990 secs]
[GC 1905552K->1649360K(2944256K), 0.0134510 secs]
[GC 1905552K->1649360K(2944256K), 0.0134400 secs]
[GC 1905552K->1649360K(2944256K), 0.0138700 secs]
[GC 1905552K->1649360K(2944256K), 0.0142220 secs]
[GC 1905552K->1649360K(2944256K), 0.0147460 secs]
[GC 1905552K->1649360K(2944256K), 0.0137950 secs]
[GC 1905552K->1649360K(2944256K), 0.0141120 secs]
[GC 1905552K->1649360K(2944256K), 0.0144580 secs]
[GC 1905552K->1649360K(2944256K), 0.0141770 secs]
[GC 1905552K->1649360K(2944256K), 0.0143750 secs]
[GC 1905552K->1649360K(2944256K), 0.0147740 secs]
[GC 1905552K->1649360K(2944256K), 0.0147130 secs]
[GC 1905552K->1649360K(2944256K), 0.0141960 secs]
[GC 1905552K->1649360K(2944256K), 0.0140100 secs]
[GC 1905552K->1649360K(2944256K), 0.0142130 secs]
[GC 1905552K->1649360K(2944256K), 0.0139980 secs]
[GC 1905552K->1649360K(2944256K), 0.0141380 secs]
[GC 1905552K->1649360K(2944256K), 0.0142360 secs]
[GC 1905552K->1649360K(2944256K), 0.0142080 secs]
[GC 1905552K->1649360K(2944256K), 0.0141090 secs]
[GC 1905552K->1649360K(2944256K), 0.0138050 secs]
[GC 1905552K->1649360K(2944256K), 0.0138020 secs]
[GC 1905552K->1649360K(2944256K), 0.0137510 secs]
[GC 1905552K->1649360K(2944256K), 0.0142420 secs]
[GC 1905552K->1649360K(2944256K), 0.0142630 secs]
[GC 1905552K->1649360K(2944256K), 0.0138110 secs]
[GC 1905552K->1649360K(2944256K), 0.0137880 secs]
[GC 1905552K->1649360K(2944256K), 0.0137880 secs]
[GC 1905552K->1649360K(2944256K), 0.0374050 secs]
[GC 1905552K->1649360K(2944256K), 0.0128220 secs]
[GC 1905552K->1649360K(2944256K), 0.0138620 secs]
[GC 1905552K->1649360K(2944256K), 0.0138430 secs]
[GC 1905552K->1649360K(2944256K), 0.0135030 secs]
[GC 1905552K->1649360K(2944256K), 0.0141850 secs]
[GC 1905552K->1649360K(2944256K), 0.0142220 secs]
[GC 1905552K->1649360K(2944256K), 0.0138590 secs]
[GC 1905552K->1649360K(2944256K), 0.0138000 secs]
[GC 1905552K->1649360K(2944256K), 0.0138440 secs]
[GC 1905552K->1649360K(2944256K), 0.0137980 secs]
[GC 1905552K->1649360K(2944256K), 0.0138800 secs]
[GC 1905552K->1649360K(2944256K), 0.0138610 secs]
[GC 1905552K->1649360K(2944256K), 0.0142790 secs]
[GC 1905552K->1649360K(2944256K), 0.0144750 secs]
[GC 1905552K->1649360K(2944256K), 0.0142530 secs]
[GC 1905552K->1649360K(2944256K), 0.0138330 secs]
[GC 1905552K->1649360K(2944256K), 0.0143940 secs]
[GC 1905552K->1649360K(2944256K), 0.0141620 secs]
[GC 1905552K->1649360K(2944256K), 0.0138080 secs]
[GC 1905552K->1649360K(2944256K), 0.0141850 secs]
[GC 1905552K->1649360K(2944256K), 0.0142380 secs]
[GC 1905552K->1649360K(2944256K), 0.0141360 secs]
[GC 1905552K->1649360K(2944256K), 0.0138060 secs]
[GC 1905552K->1649360K(2944256K), 0.0137340 secs]
[GC 1905552K->1649360K(2944256K), 0.0143030 secs]
[GC 1905552K->1649360K(2944256K), 0.0141550 secs]
[GC 1905552K->1649360K(2944256K), 0.0143780 secs]
[GC 1905552K->1649360K(2944256K), 0.0138200 secs]
[GC 1905552K->1649360K(2944256K), 0.0138940 secs]
[GC 1905552K->1649360K(2944256K), 0.0426950 secs]
[GC 1905552K->1649360K(2944256K), 0.0143700 secs]
[GC 1905552K->1649360K(2944256K), 0.0138030 secs]
[GC 1905552K->1649360K(2944256K), 0.0139200 secs]
[GC 1905552K->1649360K(2944256K), 0.0137650 secs]
[GC 1905552K->1649360K(2944256K), 0.0138380 secs]
[GC 1905552K->1649360K(2944256K), 0.0138540 secs]
[GC 1905552K->1649360K(2944256K), 0.0181220 secs]
[GC 1905552K->1649360K(2944256K), 0.0171470 secs]
[GC 1905552K->1649360K(2944256K), 0.0173580 secs]
[GC 1905552K->1649360K(2944256K), 0.0168610 secs]
[GC 1905552K->1649360K(2944256K), 0.0171110 secs]
[GC 1905552K->1649360K(2944256K), 0.0167410 secs]
[GC 1905552K->1649360K(2944256K), 0.0168260 secs]
[GC 1905552K->1649361K(2944256K), 0.0167770 secs]
[GC 1905553K->1649361K(2944256K), 0.0167250 secs]
[GC 1905553K->1649361K(2944256K), 0.0173030 secs]
[GC 1905553K->1649361K(2944256K), 0.0171270 secs]
[GC 1905553K->1649361K(2944256K), 0.0172340 secs]
[GC 1905553K->1649361K(2944256K), 0.0166890 secs]
[GC 1905553K->1649361K(2944256K), 0.0170620 secs]
[GC 1905553K->1649361K(2944256K), 0.0162820 secs]
[GC 1905553K->1649361K(2944256K), 0.0166810 secs]
[GC 1905553K->1649361K(2944256K), 0.0166380 secs]
[GC 1905553K->1649361K(2944256K), 0.0167040 secs]
[GC 1905553K->1649361K(2944256K), 0.0167420 secs]
[GC 1905553K->1649361K(2944256K), 0.0171690 secs]
[GC 1905553K->1649361K(2944256K), 0.0173000 secs]
[GC 1905553K->1649361K(2944256K), 0.0171690 secs]
[GC 1905553K->1649361K(2944256K), 0.0172370 secs]
[GC 1905553K->1649361K(2944256K), 0.0435380 secs]
[GC 1905553K->1649361K(2944256K), 0.0138690 secs]
[GC 1905553K->1649361K(2944256K), 0.0133510 secs]
[GC 1905553K->1649361K(2944256K), 0.0167430 secs]
[GC 1905553K->1649361K(2944256K), 0.0171300 secs]
[GC 1905553K->1649362K(2944256K), 0.0162780 secs]
[GC 1905554K->1649362K(2944256K), 0.0172210 secs]
[GC 1905554K->1649362K(2944256K), 0.0166680 secs]
[GC 1905554K->1649362K(2944256K), 0.0172390 secs]
[GC 1905554K->1649362K(2944256K), 0.0172800 secs]
[GC 1905554K->1649362K(2944256K), 0.0171700 secs]
[GC 1905554K->1649362K(2944256K), 0.0170710 secs]
[GC 1905554K->1649362K(2944256K), 0.0172910 secs]
[GC 1905554K->1649362K(2944256K), 0.0165520 secs]
[GC 1905554K->1649362K(2944256K), 0.0167210 secs]
[GC 1905554K->1649362K(2944256K), 0.0167990 secs]
[GC 1905554K->1649362K(2944256K), 0.0172010 secs]
[GC 1905554K->1649362K(2944256K), 0.0128020 secs]
[GC 1905554K->1649362K(2944256K), 0.0138280 secs]
[GC 1905554K->1649362K(2944256K), 0.0137450 secs]
[GC 1905554K->1649362K(2944256K), 0.0138040 secs]
[GC 1905554K->1649362K(2944256K), 0.0142160 secs]
[GC 1905554K->1649362K(2944256K), 0.0137520 secs]
[GC 1905554K->1649362K(2944256K), 0.0142380 secs]
[GC 1905554K->1649362K(2944256K), 0.0144370 secs]
[GC 1905554K->1649362K(2944256K), 0.0140040 secs]
[GC 1905554K->1649362K(2944256K), 0.0138600 secs]
[GC 1905554K->1649362K(2944256K), 0.0138950 secs]
[GC 1905554K->1649362K(2944256K), 0.0138280 secs]
[GC 1905554K->1649362K(2944256K), 0.0138000 secs]
[GC 1905554K->1649362K(2944256K), 0.0139020 secs]
[GC 1905554K->1649362K(2944256K), 0.0133990 secs]
[GC 1905554K->1649362K(2944256K), 0.0138000 secs]
[GC 1905554K->1649362K(2944256K), 0.0140300 secs]
[GC 1905554K->1649362K(2944256K), 0.0142500 secs]
[GC 1905554K->1649362K(2944256K), 0.0142350 secs]
[GC 1905554K->1649362K(2944256K), 0.0144820 secs]
[GC 1905554K->1649362K(2944256K), 0.0138530 secs]
[GC 1905554K->1649362K(2944256K), 0.0183990 secs]
[GC 1905554K->1649362K(2944256K), 0.0132930 secs]
[GC 1905554K->1649362K(2944256K), 0.0133500 secs]
[GC 1905554K->1649362K(2944256K), 0.0138000 secs]
[GC 1905554K->1649362K(2944256K), 0.0136230 secs]
[GC 1905554K->1649362K(2944256K), 0.0139100 secs]
[GC 1905554K->1649362K(2944256K), 0.0137930 secs]
[GC 1905554K->1649362K(2944256K), 0.0142220 secs]
[GC 1905554K->1649362K(2944256K), 0.0138990 secs]
[GC 1905554K->1649362K(2944256K), 0.0142410 secs]
[GC 1905554K->1649362K(2944256K), 0.0139490 secs]
[GC 1905554K->1649362K(2944256K), 0.0137980 secs]
[GC 1905554K->1649362K(2944256K), 0.0138480 secs]
[GC 1905554K->1649362K(2944256K), 0.0140750 secs]
[GC 1905554K->1649362K(2944256K), 0.0137630 secs]
[GC 1905554K->1649362K(2944256K), 0.0142930 secs]
[GC 1905554K->1649362K(2944256K), 0.0142230 secs]
[GC 1905554K->1649362K(2944256K), 0.0140530 secs]
[GC 1905554K->1649362K(2944256K), 0.0138590 secs]
[GC 1905554K->1649362K(2944256K), 0.0142100 secs]
[GC 1905554K->1649362K(2944256K), 0.0142410 secs]
[GC 1905554K->1649362K(2944256K), 0.0187920 secs]
[GC 1905554K->1649362K(2944256K), 0.0453000 secs]
[GC 1905554K->1649362K(2944256K), 0.0128840 secs]
[GC 1905554K->1649362K(2944256K), 0.0133120 secs]
[GC 1905554K->1649362K(2944256K), 0.0138300 secs]
[GC 1905554K->1649362K(2944256K), 0.0133270 secs]
[GC 1905554K->1649362K(2944256K), 0.0145010 secs]
[GC 1905554K->1649362K(2944256K), 0.0145600 secs]
[GC 1905554K->1649362K(2944256K), 0.0142200 secs]
[GC 1905554K->1649362K(2944256K), 0.0141840 secs]
[GC 1905554K->1649362K(2944256K), 0.0138860 secs]
[GC 1905554K->1649362K(2944256K), 0.0145360 secs]
[GC 1905554K->1649362K(2944256K), 0.0138150 secs]
[GC 1905554K->1649362K(2944256K), 0.0134500 secs]
[GC 1905554K->1649362K(2944256K), 0.0138350 secs]
[GC 1905554K->1649362K(2944256K), 0.0138300 secs]
[GC 1905554K->1649362K(2944256K), 0.0142050 secs]
[GC 1905554K->1649362K(2944256K), 0.0137350 secs]
[GC 1905554K->1649362K(2944256K), 0.0138640 secs]
[GC 1905554K->1649362K(2944256K), 0.0142650 secs]
[GC 1905554K->1649362K(2944256K), 0.0148330 secs]
[GC 1905554K->1649362K(2944256K), 0.0145570 secs]
[GC 1905554K->1649362K(2944256K), 0.0146800 secs]
[GC 1905554K->1649362K(2944256K), 0.0142280 secs]
[GC 1905554K->1649362K(2944256K), 0.0137910 secs]
[GC 1905554K->1649362K(2944256K), 0.0138420 secs]
[GC 1905554K->1649362K(2944256K), 0.0136370 secs]
[GC 1905554K->1649362K(2944256K), 0.0138570 secs]
[GC 1905554K->1649362K(2944256K), 0.0133900 secs]
[GC 1905554K->1649362K(2944256K), 0.0137810 secs]
[GC 1905554K->1649363K(2944256K), 0.0136850 secs]
[GC 1905555K->1649363K(2944256K), 0.0138260 secs]
[GC 1905555K->1649363K(2944256K), 0.0133460 secs]
[GC 1905555K->1649363K(2944256K), 0.0137940 secs]
[GC 1905555K->1649363K(2944256K), 0.0142350 secs]
[GC 1905555K->1649363K(2944256K), 0.0140570 secs]
[GC 1905555K->1649363K(2944256K), 0.0140800 secs]
[GC 1905555K->1649363K(2944256K), 0.0135470 secs]
[GC 1905555K->1649363K(2944256K), 0.0137950 secs]
[GC 1905555K->1649363K(2944256K), 0.0137610 secs]
[GC 1905555K->1649363K(2944256K), 0.0134150 secs]
[GC 1905555K->1649363K(2944256K), 0.0143060 secs]
[GC 1905555K->1649363K(2944256K), 0.0138400 secs]
[GC 1905555K->1649363K(2944256K), 0.0138460 secs]
[GC 1905555K->1649363K(2944256K), 0.0138410 secs]
[GC 1905555K->1649363K(2944256K), 0.0138500 secs]
[GC 1905555K->1649363K(2944256K), 0.0142060 secs]
[GC 1905555K->1649363K(2944256K), 0.0189530 secs]
[GC 1905555K->1649363K(2944256K), 0.0170620 secs]
[GC 1905555K->1649363K(2944256K), 0.0171740 secs]
[GC 1905555K->1649363K(2944256K), 0.0168130 secs]
[GC 1905555K->1649363K(2944256K), 0.0167320 secs]
[GC 1905555K->1649363K(2944256K), 0.0166850 secs]
[GC 1905555K->1649363K(2944256K), 0.0162010 secs]
[GC 1905555K->1649363K(2944256K), 0.0167570 secs]
[GC 1905555K->1649363K(2944256K), 0.0170970 secs]
[GC 1905555K->1649363K(2944256K), 0.0168030 secs]
[GC 1905555K->1649363K(2944256K), 0.0171310 secs]
[GC 1905555K->1649363K(2944256K), 0.0171980 secs]
[GC 1905555K->1649363K(2944256K), 0.0167020 secs]
[GC 1905555K->1649363K(2944256K), 0.0162330 secs]
[GC 1905555K->1649363K(2944256K), 0.0393200 secs]
[GC 1905555K->1649363K(2944256K), 0.0156940 secs]
[GC 1905555K->1649363K(2944256K), 0.0167180 secs]
[GC 1905555K->1649363K(2944256K), 0.0166760 secs]
[GC 1905555K->1649363K(2944256K), 0.0162100 secs]
[GC 1905555K->1649363K(2944256K), 0.0168120 secs]
[GC 1905555K->1649363K(2944256K), 0.0171950 secs]
[GC 1905555K->1649363K(2944256K), 0.0171270 secs]
[GC 1905555K->1649363K(2944256K), 0.0167980 secs]
[GC 1905555K->1649363K(2944256K), 0.0166100 secs]
[GC 1905555K->1649363K(2944256K), 0.0163120 secs]
[GC 1905555K->1649363K(2944256K), 0.0167520 secs]
[GC 1905555K->1649364K(2944256K), 0.0168250 secs]
[GC 1905556K->1649364K(2944256K), 0.0171130 secs]
[GC 1903249K->1649364K(2944256K), 0.0137680 secs]
[GC 1905556K->1649364K(2944256K), 0.0138510 secs]
[GC 1905556K->1649364K(2944256K), 0.0136100 secs]
[GC 1905556K->1649364K(2944256K), 0.0138870 secs]
[GC 1905556K->1649364K(2944256K), 0.0138450 secs]
[GC 1905556K->1649364K(2944256K), 0.0143120 secs]
[GC 1905556K->1649364K(2944256K), 0.0142550 secs]
[GC 1905556K->1649364K(2944256K), 0.0140150 secs]
[GC 1905556K->1649364K(2944256K), 0.0139230 secs]
[GC 1905556K->1649364K(2944256K), 0.0137750 secs]
[GC 1905556K->1649364K(2944256K), 0.0143000 secs]
[GC 1905556K->1649364K(2944256K), 0.0142170 secs]
[GC 1905556K->1649364K(2944256K), 0.0141750 secs]
[GC 1905556K->1649364K(2944256K), 0.0138850 secs]
[GC 1905556K->1649364K(2944256K), 0.0143030 secs]
[GC 1905556K->1649364K(2944256K), 0.0137540 secs]
[GC 1905556K->1649364K(2944256K), 0.0464430 secs]
[GC 1905556K->1649364K(2944256K), 0.0173430 secs]
[GC 1905556K->1649364K(2944256K), 0.0171380 secs]
[GC 1905556K->1649364K(2944256K), 0.0170790 secs]
[GC 1905556K->1649364K(2944256K), 0.0171680 secs]
[GC 1905556K->1649364K(2944256K), 0.0173070 secs]
[GC 1905556K->1649364K(2944256K), 0.0158340 secs]
[GC 1905556K->1649364K(2944256K), 0.0166860 secs]
[GC 1905556K->1649364K(2944256K), 0.0166800 secs]
[GC 1905556K->1649364K(2944256K), 0.0172290 secs]
[GC 1905556K->1649364K(2944256K), 0.0168070 secs]
[GC 1905556K->1649364K(2944256K), 0.0167650 secs]
[GC 1905556K->1649364K(2944256K), 0.0168300 secs]
[GC 1905556K->1649364K(2944256K), 0.0166650 secs]
[GC 1905556K->1649364K(2944256K), 0.0166690 secs]
[GC 1905556K->1649364K(2944256K), 0.0168060 secs]
[GC 1905556K->1649364K(2944256K), 0.0167480 secs]
[GC 1905556K->1649364K(2944256K), 0.0166830 secs]
[GC 1905556K->1649364K(2944256K), 0.0171650 secs]
[GC 1905556K->1649364K(2944256K), 0.0167500 secs]
[GC 1905556K->1649364K(2944256K), 0.0170960 secs]
[GC 1905556K->1649364K(2944256K), 0.0171780 secs]
[GC 1905556K->1649364K(2944256K), 0.0167360 secs]
[GC 1905556K->1649364K(2944256K), 0.0167610 secs]
[GC 1905556K->1649364K(2944256K), 0.0171640 secs]
[GC 1905556K->1649364K(2944256K), 0.0167670 secs]
[GC 1905556K->1649364K(2944256K), 0.0163700 secs]
[GC 1905556K->1649364K(2944256K), 0.0162300 secs]
[GC 1905556K->1649364K(2944256K), 0.0160980 secs]
[GC 1905556K->1649364K(2944256K), 0.0129620 secs]
[GC 1905556K->1649364K(2944256K), 0.0135850 secs]
[GC 1905556K->1649365K(2944256K), 0.0137770 secs]
[GC 1905557K->1649365K(2944256K), 0.0141990 secs]
[GC 1905557K->1649365K(2944256K), 0.0139530 secs]
[GC 1905557K->1649365K(2944256K), 0.0138610 secs]
[GC 1905557K->1649365K(2944256K), 0.0141880 secs]
[GC 1905557K->1649365K(2944256K), 0.0142160 secs]
[GC 1905557K->1649365K(2944256K), 0.0138200 secs]
[GC 1905557K->1649365K(2944256K), 0.0185690 secs]
[GC 1905557K->1649365K(2944256K), 0.0172520 secs]
[GC 1905557K->1649365K(2944256K), 0.0170380 secs]
[GC 1905557K->1649365K(2944256K), 0.0171710 secs]
[GC 1905557K->1649365K(2944256K), 0.0167880 secs]
[GC 1905557K->1649365K(2944256K), 0.0168410 secs]
[GC 1905557K->1649365K(2944256K), 0.0167990 secs]
[GC 1905557K->1649365K(2944256K), 0.0167030 secs]
[GC 1905557K->1649365K(2944256K), 0.0163090 secs]
[GC 1905557K->1649365K(2944256K), 0.0166480 secs]
[GC 1905557K->1649365K(2944256K), 0.0162290 secs]
[GC 1905557K->1649365K(2944256K), 0.0171610 secs]
[GC 1905557K->1649365K(2944256K), 0.0166280 secs]
[GC 1905557K->1649365K(2944256K), 0.0164410 secs]
[GC 1905557K->1649365K(2944256K), 0.0166950 secs]
[GC 1905557K->1649365K(2944256K), 0.0167040 secs]
[GC 1905557K->1649365K(2944256K), 0.0168170 secs]
[GC 1905557K->1649365K(2944256K), 0.0166720 secs]
[GC 1905557K->1649365K(2944256K), 0.0175360 secs]
[GC 1905557K->1649365K(2944256K), 0.0163250 secs]
[GC 1905557K->1649365K(2944256K), 0.0162200 secs]
[GC 1905557K->1649365K(2944256K), 0.0162750 secs]
[GC 1905557K->1649365K(2944256K), 0.0161380 secs]
[GC 1905557K->1649365K(2944256K), 0.0157950 secs]
[GC 1905557K->1649365K(2944256K), 0.0156560 secs]
[GC 1905557K->1649365K(2944256K), 0.0143190 secs]
[GC 1905557K->1649365K(2944256K), 0.0142350 secs]
[GC 1905557K->1649365K(2944256K), 0.0147520 secs]
[GC 1905557K->1649365K(2944256K), 0.0142580 secs]
[GC 1905557K->1649365K(2944256K), 0.0142040 secs]
[GC 1905557K->1649365K(2944256K), 0.0139230 secs]
[GC 1905557K->1649365K(2944256K), 0.0142900 secs]
[GC 1905557K->1649365K(2944256K), 0.0138680 secs]
[GC 1905557K->1649365K(2944256K), 0.0133680 secs]
[GC 1905557K->1649365K(2944256K), 0.0137770 secs]
[GC 1905557K->1649365K(2944256K), 0.0138870 secs]
[GC 1905557K->1649365K(2944256K), 0.0136410 secs]
[GC 1905557K->1649365K(2944256K), 0.0134300 secs]
[GC 1905557K->1649365K(2944256K), 0.0138820 secs]
[GC 1905557K->1649365K(2944256K), 0.0142310 secs]
[GC 1905557K->1649365K(2944256K), 0.0142120 secs]
[GC 1905557K->1649365K(2944256K), 0.0142400 secs]
[GC 1905557K->1649365K(2944256K), 0.0149090 secs]
[GC 1905557K->1649365K(2944256K), 0.0143520 secs]
[GC 1905557K->1649365K(2944256K), 0.0145160 secs]
[GC 1905557K->1649365K(2944256K), 0.0142610 secs]
[GC 1905557K->1649365K(2944256K), 0.0148320 secs]
[GC 1905557K->1649365K(2944256K), 0.0185090 secs]
[GC 1905557K->1649365K(2944256K), 0.0170630 secs]
[GC 1905557K->1649365K(2944256K), 0.0168690 secs]
[GC 1905557K->1649365K(2944256K), 0.0166710 secs]
[GC 1905557K->1649365K(2944256K), 0.0166850 secs]
[GC 1905557K->1649365K(2944256K), 0.0166780 secs]
[GC 1905557K->1649365K(2944256K), 0.0167130 secs]
[GC 1905557K->1649365K(2944256K), 0.0167530 secs]
[GC 1905557K->1649365K(2944256K), 0.0171730 secs]
[GC 1905557K->1649365K(2944256K), 0.0166990 secs]
[GC 1905557K->1649365K(2944256K), 0.0167630 secs]
[GC 1905557K->1649365K(2944256K), 0.0167880 secs]
[GC 1905557K->1649365K(2944256K), 0.0164170 secs]
[GC 1905557K->1649365K(2944256K), 0.0129280 secs]
[GC 1905557K->1649365K(2944256K), 0.0142620 secs]
[GC 1905557K->1649365K(2944256K), 0.0137050 secs]
[GC 1905557K->1649365K(2944256K), 0.0143040 secs]
[GC 1905557K->1649365K(2944256K), 0.0138310 secs]
[GC 1905557K->1649365K(2944256K), 0.0137830 secs]
[GC 1905557K->1649365K(2944256K), 0.0138890 secs]
[GC 1905557K->1649365K(2944256K), 0.0136660 secs]
[GC 1905557K->1649365K(2944256K), 0.0138480 secs]
[GC 1905557K->1649365K(2944256K), 0.0137960 secs]
[GC 1905557K->1649365K(2944256K), 0.0137740 secs]
[GC 1905557K->1649365K(2944256K), 0.0139700 secs]
[GC 1905557K->1649365K(2944256K), 0.0139450 secs]
[GC 1905557K->1649365K(2944256K), 0.0139070 secs]
[GC 1905557K->1649365K(2944256K), 0.0137450 secs]
[GC 1905557K->1649365K(2944256K), 0.0133970 secs]
[GC 1905557K->1649366K(2944256K), 0.0186280 secs]
[GC 1905558K->1649366K(2944256K), 0.0171480 secs]
[GC 1905558K->1649366K(2944256K), 0.0129030 secs]
[GC 1905558K->1649366K(2944256K), 0.0134340 secs]
[GC 1905558K->1649366K(2944256K), 0.0138060 secs]
[GC 1905558K->1649366K(2944256K), 0.0421890 secs]
[GC 1905558K->1649366K(2944256K), 0.0138930 secs]
[GC 1905558K->1649366K(2944256K), 0.0138110 secs]
[GC 1905558K->1649366K(2944256K), 0.0136230 secs]
[GC 1905558K->1649366K(2944256K), 0.0137720 secs]
[GC 1905558K->1649366K(2944256K), 0.0137010 secs]
[GC 1905558K->1649366K(2944256K), 0.0137680 secs]
[GC 1905558K->1649366K(2944256K), 0.0142400 secs]
[GC 1905558K->1649366K(2944256K), 0.0138890 secs]
[GC 1905558K->1649366K(2944256K), 0.0138730 secs]
[GC 1905558K->1649366K(2944256K), 0.0133560 secs]
[GC 1905558K->1649366K(2944256K), 0.0142710 secs]
[GC 1905558K->1649366K(2944256K), 0.0138290 secs]
[GC 1905558K->1649366K(2944256K), 0.0143730 secs]
[GC 1905558K->1649366K(2944256K), 0.0133540 secs]
[GC 1905558K->1649366K(2944256K), 0.0138810 secs]
[GC 1905558K->1649366K(2944256K), 0.0138510 secs]
[GC 1905558K->1649366K(2944256K), 0.0133290 secs]
[GC 1905558K->1649366K(2944256K), 0.0138190 secs]
[GC 1905558K->1649366K(2944256K), 0.0138460 secs]
[GC 1905558K->1649366K(2944256K), 0.0137960 secs]
[GC 1905558K->1649366K(2944256K), 0.0138080 secs]
[GC 1905558K->1649366K(2944256K), 0.0138300 secs]
[GC 1905558K->1649366K(2944256K), 0.0133770 secs]
[GC 1905558K->1649366K(2944256K), 0.0138030 secs]
[GC 1905558K->1649366K(2944256K), 0.0140110 secs]
[GC 1905558K->1649366K(2944256K), 0.0138460 secs]
[GC 1905558K->1649366K(2944256K), 0.0138370 secs]
[GC 1905558K->1649366K(2944256K), 0.0138010 secs]
[GC 1905558K->1649366K(2944256K), 0.0137990 secs]
[GC 1905558K->1649366K(2944256K), 0.0374690 secs]
[GC 1905558K->1649366K(2944256K), 0.0129150 secs]
[GC 1905558K->1649366K(2944256K), 0.0138890 secs]
[GC 1905558K->1649366K(2944256K), 0.0137850 secs]
[GC 1905558K->1649366K(2944256K), 0.0133140 secs]
[GC 1905558K->1649366K(2944256K), 0.0138250 secs]
[GC 1905558K->1649366K(2944256K), 0.0139220 secs]
[GC 1905558K->1649366K(2944256K), 0.0136100 secs]
[GC 1905558K->1649366K(2944256K), 0.0133420 secs]
[GC 1905558K->1649366K(2944256K), 0.0138370 secs]
[GC 1905558K->1649366K(2944256K), 0.0136470 secs]
[GC 1905558K->1649366K(2944256K), 0.0135780 secs]
[GC 1905558K->1649366K(2944256K), 0.0138280 secs]
[GC 1905558K->1649366K(2944256K), 0.0133720 secs]
[GC 1905558K->1649366K(2944256K), 0.0138300 secs]
[GC 1905558K->1649366K(2944256K), 0.0137730 secs]
[GC 1905558K->1649366K(2944256K), 0.0137570 secs]
[GC 1905558K->1649366K(2944256K), 0.0133010 secs]
[GC 1905558K->1649366K(2944256K), 0.0137560 secs]
[GC 1905558K->1649366K(2944256K), 0.0134140 secs]
[GC 1905558K->1649366K(2944256K), 0.0132730 secs]
[GC 1905558K->1649366K(2944256K), 0.0133490 secs]
[GC 1905558K->1649366K(2944256K), 0.0137940 secs]
[GC 1905558K->1649366K(2944256K), 0.0138380 secs]
[GC 1905558K->1649366K(2944256K), 0.0138590 secs]
[GC 1905558K->1649366K(2944256K), 0.0138660 secs]
[GC 1905558K->1649366K(2944256K), 0.0132970 secs]
[GC 1905558K->1649366K(2944256K), 0.0136950 secs]
[GC 1905558K->1649366K(2944256K), 0.0138490 secs]
[GC 1905558K->1649366K(2944256K), 0.0133460 secs]
[GC 1905558K->1649366K(2944256K), 0.0139550 secs]
[GC 1905558K->1649366K(2944256K), 0.0137410 secs]
[GC 1905558K->1649366K(2944256K), 0.0137600 secs]
[GC 1905558K->1649366K(2944256K), 0.0138250 secs]
[GC 1905558K->1649366K(2944256K), 0.0134780 secs]
[GC 1905558K->1649366K(2944256K), 0.0137930 secs]
[GC 1905558K->1649367K(2944256K), 0.0139220 secs]
[GC 1905559K->1649367K(2944256K), 0.0136880 secs]
[GC 1905559K->1649367K(2944256K), 0.0136000 secs]
[GC 1905559K->1649367K(2944256K), 0.0140770 secs]
[GC 1905559K->1649367K(2944256K), 0.0135090 secs]
[GC 1905559K->1649367K(2944256K), 0.0145070 secs]
[GC 1905559K->1649367K(2944256K), 0.0188950 secs]
[GC 1905559K->1649367K(2944256K), 0.0173220 secs]
[GC 1905559K->1649367K(2944256K), 0.0169750 secs]
[GC 1905559K->1649367K(2944256K), 0.0174250 secs]
[GC 1905559K->1649367K(2944256K), 0.0173140 secs]
[GC 1905559K->1649367K(2944256K), 0.0164040 secs]
[GC 1905559K->1649367K(2944256K), 0.0169800 secs]
[GC 1905559K->1649367K(2944256K), 0.0169660 secs]
[GC 1905559K->1649367K(2944256K), 0.0164350 secs]
[GC 1905559K->1649367K(2944256K), 0.0173520 secs]
[GC 1905559K->1649367K(2944256K), 0.0169480 secs]
[GC 1905559K->1649367K(2944256K), 0.0168360 secs]
[GC 1905559K->1649367K(2944256K), 0.0171230 secs]
[GC 1905559K->1649367K(2944256K), 0.0168910 secs]
[GC 1905559K->1649367K(2944256K), 0.0171140 secs]
[GC 1905559K->1649367K(2944256K), 0.0173360 secs]
[GC 1905559K->1649368K(2944256K), 0.0173480 secs]
[GC 1905560K->1649368K(2944256K), 0.0165980 secs]
[GC 1905560K->1649368K(2944256K), 0.0174230 secs]
[GC 1905560K->1649368K(2944256K), 0.0169780 secs]
[GC 1905560K->1649368K(2944256K), 0.0164160 secs]
[GC 1905560K->1649368K(2944256K), 0.0169180 secs]
[GC 1905560K->1649368K(2944256K), 0.0169580 secs]
[GC 1905560K->1649368K(2944256K), 0.0168270 secs]
[GC 1905560K->1649368K(2944256K), 0.0153580 secs]
[GC 1905560K->1649368K(2944256K), 0.0162900 secs]
[GC 1905560K->1649368K(2944256K), 0.0163460 secs]
[GC 1905560K->1649368K(2944256K), 0.0167510 secs]
[GC 1905560K->1649368K(2944256K), 0.0169360 secs]
[GC 1905560K->1649368K(2944256K), 0.0169370 secs]
[GC 1905560K->1649368K(2944256K), 0.0163940 secs]
[GC 1905560K->1649368K(2944256K), 0.0168720 secs]
[GC 1905560K->1649368K(2944256K), 0.0163500 secs]
[GC 1905560K->1649368K(2944256K), 0.0168720 secs]
[GC 1905560K->1649368K(2944256K), 0.0168200 secs]
[GC 1905560K->1649368K(2944256K), 0.0165730 secs]
[GC 1905560K->1649368K(2944256K), 0.0157990 secs]
[GC 1905560K->1649368K(2944256K), 0.0163330 secs]
[GC 1905560K->1649368K(2944256K), 0.0169730 secs]
[GC 1905560K->1649368K(2944256K), 0.0165720 secs]
[GC 1905560K->1649368K(2944256K), 0.0169210 secs]
[GC 1905560K->1649368K(2944256K), 0.0169130 secs]
[GC 1905560K->1649368K(2944256K), 0.0159310 secs]
[GC 1905560K->1649368K(2944256K), 0.0143760 secs]
[GC 1905560K->1649368K(2944256K), 0.0140420 secs]
[GC 1905560K->1649368K(2944256K), 0.0138640 secs]
[GC 1905560K->1649368K(2944256K), 0.0141440 secs]
[GC 1905560K->1649368K(2944256K), 0.0141280 secs]
[GC 1905560K->1649368K(2944256K), 0.0146390 secs]
[GC 1905560K->1649368K(2944256K), 0.0140490 secs]
[GC 1905560K->1649368K(2944256K), 0.0142740 secs]
[GC 1905560K->1649368K(2944256K), 0.0137110 secs]
[GC 1905560K->1649368K(2944256K), 0.0139020 secs]
[GC 1905560K->1649368K(2944256K), 0.0135280 secs]
[GC 1905560K->1649368K(2944256K), 0.0140340 secs]
[GC 1905560K->1649368K(2944256K), 0.0140470 secs]
[GC 1905560K->1649368K(2944256K), 0.0138190 secs]
[GC 1905560K->1649368K(2944256K), 0.0139790 secs]
[GC 1905560K->1649368K(2944256K), 0.0139180 secs]
[GC 1905560K->1649368K(2944256K), 0.0138380 secs]
[GC 1905560K->1649368K(2944256K), 0.0139370 secs]
[GC 1905560K->1649368K(2944256K), 0.0139600 secs]
[GC 1905560K->1649368K(2944256K), 0.0139250 secs]
[GC 1905560K->1649368K(2944256K), 0.0139280 secs]
[GC 1905560K->1649368K(2944256K), 0.0134470 secs]
[GC 1905560K->1649368K(2944256K), 0.0137000 secs]
[GC 1905560K->1649368K(2944256K), 0.0135820 secs]
[GC 1905560K->1649368K(2944256K), 0.0139670 secs]
[GC 1905560K->1649368K(2944256K), 0.0139350 secs]
[GC 1905560K->1649368K(2944256K), 0.0138780 secs]
[GC 1905560K->1649368K(2944256K), 0.0139400 secs]
[GC 1905560K->1649368K(2944256K), 0.0135730 secs]
[GC 1905560K->1649368K(2944256K), 0.0135020 secs]
[GC 1905560K->1649368K(2944256K), 0.0135290 secs]
[GC 1905560K->1649368K(2944256K), 0.0140080 secs]
[GC 1905560K->1649368K(2944256K), 0.0140000 secs]
[GC 1905560K->1649368K(2944256K), 0.0140320 secs]
[GC 1905560K->1649368K(2944256K), 0.0139330 secs]
[GC 1905560K->1649368K(2944256K), 0.0136960 secs]
[GC 1905560K->1649369K(2944256K), 0.0143490 secs]
[GC 1905561K->1649369K(2944256K), 0.0131710 secs]
[GC 1905561K->1649369K(2944256K), 0.0131190 secs]
[GC 1905561K->1649369K(2944256K), 0.0137540 secs]
[GC 1905561K->1649369K(2944256K), 0.0138760 secs]
[GC 1905561K->1649369K(2944256K), 0.0130950 secs]
[GC 1905561K->1649369K(2944256K), 0.0134660 secs]
[GC 1905561K->1649369K(2944256K), 0.0135160 secs]
[GC 1905561K->1649369K(2944256K), 0.0134580 secs]
[GC 1905561K->1649369K(2944256K), 0.0135690 secs]
[GC 1905561K->1649369K(2944256K), 0.0134940 secs]
[GC 1905561K->1649369K(2944256K), 0.0139380 secs]
[GC 1905561K->1649369K(2944256K), 0.0139400 secs]
[GC 1905561K->1649369K(2944256K), 0.0142520 secs]
[GC 1905561K->1649369K(2944256K), 0.0140030 secs]
[GC 1905561K->1649369K(2944256K), 0.0144510 secs]
[GC 1905561K->1649369K(2944256K), 0.0139580 secs]
[GC 1905561K->1649369K(2944256K), 0.0140420 secs]
[GC 1905561K->1649369K(2944256K), 0.0139340 secs]
[GC 1905561K->1649369K(2944256K), 0.0140180 secs]
[GC 1905561K->1649369K(2944256K), 0.0140430 secs]
[GC 1905561K->1649369K(2944256K), 0.0140390 secs]
[GC 1905561K->1649369K(2944256K), 0.0136160 secs]
[GC 1905561K->1649369K(2944256K), 0.0135390 secs]
[GC 1905561K->1649369K(2944256K), 0.0134740 secs]
[GC 1905561K->1649369K(2944256K), 0.0139300 secs]
[GC 1905561K->1649369K(2944256K), 0.0134480 secs]
[GC 1905561K->1649369K(2944256K), 0.0141210 secs]
[GC 1905561K->1649369K(2944256K), 0.0139780 secs]
[GC 1905561K->1649369K(2944256K), 0.0399330 secs]
[GC 1905561K->1649369K(2944256K), 0.0170050 secs]
[GC 1905561K->1649369K(2944256K), 0.0170190 secs]
[GC 1905561K->1649369K(2944256K), 0.0169040 secs]
[GC 1905561K->1649369K(2944256K), 0.0164000 secs]
[GC 1905561K->1649369K(2944256K), 0.0164370 secs]
[GC 1905561K->1649369K(2944256K), 0.0168970 secs]
[GC 1905561K->1649369K(2944256K), 0.0168520 secs]
[GC 1905561K->1649369K(2944256K), 0.0166700 secs]
[GC 1905561K->1649369K(2944256K), 0.0170870 secs]
[GC 1905561K->1649369K(2944256K), 0.0169570 secs]
[GC 1905561K->1649369K(2944256K), 0.0163490 secs]
[GC 1905561K->1649369K(2944256K), 0.0158960 secs]
[GC 1905561K->1649369K(2944256K), 0.0164290 secs]
[GC 1905561K->1649370K(2944256K), 0.0164120 secs]
[GC 1905562K->1649370K(2944256K), 0.0168680 secs]
[GC 1905562K->1649370K(2944256K), 0.0172930 secs]
[GC 1905562K->1649370K(2944256K), 0.0168540 secs]
[GC 1905562K->1649370K(2944256K), 0.0173480 secs]
[GC 1905562K->1649370K(2944256K), 0.0172640 secs]
[GC 1905562K->1649370K(2944256K), 0.0172790 secs]
[GC 1905562K->1649370K(2944256K), 0.0169680 secs]
[GC 1905562K->1649370K(2944256K), 0.0173880 secs]
[GC 1905562K->1649370K(2944256K), 0.0169740 secs]
[GC 1905562K->1649370K(2944256K), 0.0163480 secs]
[GC 1905562K->1649370K(2944256K), 0.0162880 secs]
[GC 1905562K->1649370K(2944256K), 0.0159360 secs]
[GC 1905562K->1649370K(2944256K), 0.0165180 secs]
[GC 1905562K->1649370K(2944256K), 0.0157560 secs]
[GC 1905562K->1649370K(2944256K), 0.0158080 secs]
[GC 1905562K->1649370K(2944256K), 0.0144890 secs]
[GC 1905562K->1649370K(2944256K), 0.0139290 secs]
[GC 1905562K->1649370K(2944256K), 0.0135280 secs]
[GC 1905562K->1649370K(2944256K), 0.0136710 secs]
[GC 1905562K->1649370K(2944256K), 0.0134950 secs]
[GC 1905562K->1649370K(2944256K), 0.0131110 secs]
[GC 1905562K->1649370K(2944256K), 0.0131040 secs]
[GC 1905562K->1649370K(2944256K), 0.0135410 secs]
[GC 1905562K->1649370K(2944256K), 0.0130770 secs]
[GC 1905562K->1649370K(2944256K), 0.0135250 secs]
[GC 1905562K->1649370K(2944256K), 0.0133740 secs]
[GC 1905562K->1649370K(2944256K), 0.0134360 secs]
[GC 1905562K->1649370K(2944256K), 0.0139460 secs]
[GC 1905562K->1649370K(2944256K), 0.0135930 secs]
[GC 1905562K->1649370K(2944256K), 0.0138430 secs]
[GC 1905562K->1649370K(2944256K), 0.0138630 secs]
[GC 1905562K->1649370K(2944256K), 0.0135850 secs]
[GC 1905562K->1649370K(2944256K), 0.0134870 secs]
[GC 1905562K->1649370K(2944256K), 0.0140390 secs]
[GC 1905562K->1649370K(2944256K), 0.0134880 secs]
[GC 1905562K->1649370K(2944256K), 0.0134940 secs]
[GC 1905562K->1649370K(2944256K), 0.0136490 secs]
[GC 1905562K->1649370K(2944256K), 0.0131770 secs]
[GC 1905562K->1649370K(2944256K), 0.0178020 secs]
[GC 1905562K->1649370K(2944256K), 0.0173790 secs]
[GC 1905562K->1649370K(2944256K), 0.0169000 secs]
[GC 1905562K->1649370K(2944256K), 0.0213590 secs]
[GC 1905562K->1649370K(2944256K), 0.0135150 secs]
[GC 1905562K->1649370K(2944256K), 0.0135130 secs]
[GC 1905562K->1649370K(2944256K), 0.0138320 secs]
[GC 1905562K->1649370K(2944256K), 0.0325610 secs]
[GC 1905562K->1649370K(2944256K), 0.0141010 secs]
[GC 1905562K->1649370K(2944256K), 0.0136750 secs]
[GC 1905562K->1649370K(2944256K), 0.0182580 secs]
[GC 1905562K->1649370K(2944256K), 0.0173830 secs]
[GC 1905562K->1649370K(2944256K), 0.0167970 secs]
[GC 1905562K->1649370K(2944256K), 0.0166700 secs]
[GC 1905562K->1649370K(2944256K), 0.0159010 secs]
[GC 1905562K->1649370K(2944256K), 0.0171880 secs]
[GC 1905562K->1649370K(2944256K), 0.0163840 secs]
[GC 1905562K->1649370K(2944256K), 0.0168990 secs]
[GC 1905562K->1649370K(2944256K), 0.0130290 secs]
[GC 1905562K->1649370K(2944256K), 0.0144960 secs]
[GC 1905562K->1649370K(2944256K), 0.0140370 secs]
[GC 1905562K->1649370K(2944256K), 0.0182810 secs]
[GC 1905562K->1649370K(2944256K), 0.0131360 secs]
[GC 1905562K->1649370K(2944256K), 0.0137930 secs]
[GC 1905562K->1649370K(2944256K), 0.0139480 secs]
[GC 1905562K->1649370K(2944256K), 0.0140580 secs]
[GC 1905562K->1649370K(2944256K), 0.0139450 secs]
[GC 1905562K->1649370K(2944256K), 0.0140030 secs]
[GC 1905562K->1649370K(2944256K), 0.0140960 secs]
[GC 1905562K->1649370K(2944256K), 0.0142590 secs]
[GC 1905562K->1649370K(2944256K), 0.0138950 secs]
[GC 1905562K->1649371K(2944256K), 0.0143830 secs]
[GC 1905563K->1649371K(2944256K), 0.0139840 secs]
[GC 1905563K->1649371K(2944256K), 0.0140110 secs]
[GC 1905563K->1649371K(2944256K), 0.0139710 secs]
[GC 1905563K->1649371K(2944256K), 0.0140360 secs]
[GC 1905563K->1649371K(2944256K), 0.0140620 secs]
[GC 1905563K->1649371K(2944256K), 0.0140860 secs]
[GC 1905563K->1649371K(2944256K), 0.0140360 secs]
[GC 1905563K->1649371K(2944256K), 0.0139460 secs]
[GC 1905563K->1649371K(2944256K), 0.0135420 secs]
[GC 1905563K->1649371K(2944256K), 0.0135050 secs]
[GC 1905563K->1649371K(2944256K), 0.0131200 secs]
[GC 1905563K->1649371K(2944256K), 0.0130870 secs]
[GC 1905563K->1649371K(2944256K), 0.0140120 secs]
[GC 1905563K->1649371K(2944256K), 0.0133850 secs]
[GC 1905563K->1649371K(2944256K), 0.0139850 secs]
[GC 1905563K->1649371K(2944256K), 0.0138260 secs]
[GC 1905563K->1649371K(2944256K), 0.0134980 secs]
[GC 1905563K->1649371K(2944256K), 0.0134800 secs]
[GC 1905563K->1649371K(2944256K), 0.0186220 secs]
[GC 1905563K->1649371K(2944256K), 0.0174100 secs]
[GC 1905563K->1649371K(2944256K), 0.0173770 secs]
[GC 1905563K->1649371K(2944256K), 0.0169640 secs]
[GC 1905563K->1649371K(2944256K), 0.0169050 secs]
[GC 1905563K->1649371K(2944256K), 0.0168420 secs]
[GC 1905563K->1649371K(2944256K), 0.0168900 secs]
[GC 1905563K->1649371K(2944256K), 0.0168000 secs]
[GC 1905563K->1649371K(2944256K), 0.0393560 secs]
[GC 1905563K->1649371K(2944256K), 0.0140390 secs]
[GC 1905563K->1649371K(2944256K), 0.0139760 secs]
[GC 1905563K->1649371K(2944256K), 0.0135020 secs]
[GC 1905563K->1649371K(2944256K), 0.0137290 secs]
[GC 1905563K->1649371K(2944256K), 0.0135610 secs]
[GC 1905563K->1649371K(2944256K), 0.0140240 secs]
[GC 1905563K->1649371K(2944256K), 0.0140110 secs]
[GC 1905563K->1649371K(2944256K), 0.0138740 secs]
[GC 1905563K->1649371K(2944256K), 0.0140390 secs]
[GC 1905563K->1649371K(2944256K), 0.0135610 secs]
[GC 1905563K->1649371K(2944256K), 0.0139700 secs]
[GC 1905563K->1649371K(2944256K), 0.0140130 secs]
[GC 1905563K->1649371K(2944256K), 0.0139040 secs]
[GC 1905563K->1649371K(2944256K), 0.0140160 secs]
[GC 1905563K->1649371K(2944256K), 0.0139010 secs]
[GC 1905563K->1649371K(2944256K), 0.0140060 secs]
[GC 1905563K->1649371K(2944256K), 0.0135820 secs]
[GC 1905563K->1649371K(2944256K), 0.0139730 secs]
[GC 1905563K->1649371K(2944256K), 0.0138130 secs]
[GC 1905563K->1649371K(2944256K), 0.0131040 secs]
[GC 1905563K->1649371K(2944256K), 0.0135190 secs]
[GC 1905563K->1649371K(2944256K), 0.0135480 secs]
[GC 1905563K->1649371K(2944256K), 0.0136080 secs]
[GC 1905563K->1649371K(2944256K), 0.0187220 secs]
[GC 1905563K->1649371K(2944256K), 0.0173140 secs]
[GC 1905563K->1649371K(2944256K), 0.0159040 secs]
[GC 1905563K->1649371K(2944256K), 0.0204810 secs]
[GC 1905563K->1649371K(2944256K), 0.0135330 secs]
[GC 1905563K->1649371K(2944256K), 0.0139580 secs]
[GC 1905563K->1649371K(2944256K), 0.0140340 secs]
[GC 1905563K->1649371K(2944256K), 0.0139240 secs]
[GC 1905563K->1649371K(2944256K), 0.0139340 secs]
[GC 1905563K->1649371K(2944256K), 0.0141370 secs]
[GC 1905563K->1649371K(2944256K), 0.0135420 secs]
[GC 1905563K->1649371K(2944256K), 0.0139040 secs]
[GC 1905563K->1649371K(2944256K), 0.0140700 secs]
[GC 1905563K->1649371K(2944256K), 0.0139790 secs]
[GC 1905563K->1649371K(2944256K), 0.0135210 secs]
[GC 1905563K->1649371K(2944256K), 0.0139180 secs]
[GC 1905563K->1649371K(2944256K), 0.0135200 secs]
[GC 1905563K->1649371K(2944256K), 0.0135560 secs]
[GC 1905563K->1649371K(2944256K), 0.0139090 secs]
[GC 1905563K->1649371K(2944256K), 0.0135780 secs]
[GC 1905563K->1649371K(2944256K), 0.0139030 secs]
[GC 1905563K->1649371K(2944256K), 0.0135990 secs]
[GC 1905563K->1649371K(2944256K), 0.0136220 secs]
[GC 1905563K->1649371K(2944256K), 0.0136640 secs]
[GC 1903866K->1649371K(2944256K), 0.0149830 secs]
[GC 1905563K->1649371K(2944256K), 0.0145330 secs]
[GC 1905563K->1649371K(2944256K), 0.0148740 secs]
[GC 1905563K->1649371K(2944256K), 0.0149680 secs]
[GC 1905563K->1649371K(2944256K), 0.0142620 secs]
[GC 1905563K->1649371K(2944256K), 0.0141320 secs]
[GC 1905563K->1649371K(2944256K), 0.0145180 secs]
[GC 1905563K->1649371K(2944256K), 0.0139440 secs]
[GC 1905563K->1649371K(2944256K), 0.0139970 secs]
[GC 1905563K->1649371K(2944256K), 0.0139360 secs]
[GC 1905563K->1649371K(2944256K), 0.0144750 secs]
[GC 1905563K->1649371K(2944256K), 0.0135170 secs]
[GC 1905563K->1649371K(2944256K), 0.0422480 secs]
[GC 1905563K->1649372K(2944256K), 0.0144520 secs]
[GC 1905564K->1649372K(2944256K), 0.0140960 secs]
[GC 1905564K->1649372K(2944256K), 0.0139780 secs]
[GC 1905564K->1649372K(2944256K), 0.0142780 secs]
[GC 1905564K->1649372K(2944256K), 0.0135940 secs]
[GC 1905564K->1649372K(2944256K), 0.0139940 secs]
[GC 1905564K->1649372K(2944256K), 0.0143160 secs]
[GC 1905564K->1649372K(2944256K), 0.0180690 secs]
[GC 1905564K->1649372K(2944256K), 0.0172050 secs]
[GC 1905564K->1649372K(2944256K), 0.0169990 secs]
[GC 1905564K->1649372K(2944256K), 0.0169130 secs]
[GC 1905564K->1649372K(2944256K), 0.0173230 secs]
[GC 1905564K->1649372K(2944256K), 0.0167660 secs]
[GC 1905564K->1649372K(2944256K), 0.0169230 secs]
[GC 1905564K->1649372K(2944256K), 0.0169200 secs]
[GC 1905564K->1649372K(2944256K), 0.0168050 secs]
[GC 1905564K->1649372K(2944256K), 0.0168990 secs]
[GC 1905564K->1649372K(2944256K), 0.0168380 secs]
[GC 1905564K->1649372K(2944256K), 0.0173200 secs]
[GC 1905564K->1649372K(2944256K), 0.0168200 secs]
[GC 1905564K->1649372K(2944256K), 0.0174240 secs]
[GC 1905564K->1649372K(2944256K), 0.0168660 secs]
[GC 1905564K->1649372K(2944256K), 0.0174220 secs]
[GC 1905564K->1649372K(2944256K), 0.0174300 secs]
[GC 1905564K->1649372K(2944256K), 0.0169130 secs]
[GC 1905564K->1649372K(2944256K), 0.0168440 secs]
[GC 1905564K->1649372K(2944256K), 0.0172980 secs]
[GC 1905564K->1649372K(2944256K), 0.0168910 secs]
[GC 1905564K->1649372K(2944256K), 0.0168900 secs]
[GC 1905564K->1649372K(2944256K), 0.0414930 secs]
[GC 1905564K->1649372K(2944256K), 0.0133890 secs]
[GC 1905564K->1649372K(2944256K), 0.0135740 secs]
[GC 1905564K->1649372K(2944256K), 0.0140400 secs]
[GC 1905564K->1649372K(2944256K), 0.0138400 secs]
[GC 1905564K->1649372K(2944256K), 0.0138860 secs]
[GC 1905564K->1649372K(2944256K), 0.0136730 secs]
[GC 1905564K->1649373K(2944256K), 0.0139380 secs]
[GC 1905565K->1649373K(2944256K), 0.0137990 secs]
[GC 1905565K->1649373K(2944256K), 0.0135800 secs]
[GC 1905565K->1649373K(2944256K), 0.0135050 secs]
[GC 1905565K->1649373K(2944256K), 0.0139550 secs]
[GC 1905565K->1649373K(2944256K), 0.0135300 secs]
[GC 1905565K->1649373K(2944256K), 0.0139910 secs]
[GC 1905565K->1649373K(2944256K), 0.0135220 secs]
[GC 1905565K->1649373K(2944256K), 0.0137160 secs]
[GC 1905565K->1649373K(2944256K), 0.0140040 secs]
[GC 1905565K->1649373K(2944256K), 0.0139130 secs]
[GC 1905565K->1649373K(2944256K), 0.0141280 secs]
[GC 1905565K->1649373K(2944256K), 0.0141820 secs]
[GC 1905565K->1649373K(2944256K), 0.0136320 secs]
[GC 1905565K->1649373K(2944256K), 0.0136760 secs]
[GC 1905565K->1649373K(2944256K), 0.0138700 secs]
[GC 1905565K->1649373K(2944256K), 0.0135070 secs]
[GC 1905565K->1649373K(2944256K), 0.0141740 secs]
[GC 1905565K->1649373K(2944256K), 0.0134540 secs]
[GC 1905565K->1649373K(2944256K), 0.0130950 secs]
[GC 1905565K->1649373K(2944256K), 0.0131670 secs]
[GC 1905565K->1649373K(2944256K), 0.0135650 secs]
[GC 1905565K->1649373K(2944256K), 0.0140060 secs]
[GC 1905565K->1649373K(2944256K), 0.0138750 secs]
[GC 1905565K->1649373K(2944256K), 0.0136850 secs]
[GC 1905565K->1649373K(2944256K), 0.0136210 secs]
[GC 1905565K->1649373K(2944256K), 0.0139160 secs]
[GC 1905565K->1649373K(2944256K), 0.0139130 secs]
[GC 1905565K->1649373K(2944256K), 0.0135620 secs]
[GC 1905565K->1649373K(2944256K), 0.0137150 secs]
[GC 1905565K->1649373K(2944256K), 0.0136910 secs]
[GC 1905565K->1649373K(2944256K), 0.0134160 secs]
[GC 1905565K->1649373K(2944256K), 0.0135390 secs]
[GC 1905565K->1649373K(2944256K), 0.0139940 secs]
[GC 1905565K->1649373K(2944256K), 0.0135710 secs]
[GC 1905565K->1649373K(2944256K), 0.0140370 secs]
[GC 1905565K->1649373K(2944256K), 0.0141460 secs]
[GC 1905565K->1649373K(2944256K), 0.0137460 secs]
[GC 1905565K->1649373K(2944256K), 0.0140410 secs]
[GC 1905565K->1649373K(2944256K), 0.0144140 secs]
[GC 1905565K->1649373K(2944256K), 0.0139670 secs]
[GC 1905565K->1649373K(2944256K), 0.0147380 secs]
[GC 1905565K->1649373K(2944256K), 0.0144310 secs]
[GC 1905565K->1649373K(2944256K), 0.0139740 secs]
[GC 1905565K->1649373K(2944256K), 0.0139630 secs]
[GC 1905565K->1649373K(2944256K), 0.0145320 secs]
[GC 1905565K->1649373K(2944256K), 0.0140320 secs]
[GC 1905565K->1649373K(2944256K), 0.0144540 secs]
[GC 1905565K->1649373K(2944256K), 0.0134240 secs]
[GC 1905565K->1649373K(2944256K), 0.0137150 secs]
[GC 1905565K->1649373K(2944256K), 0.0140640 secs]
[GC 1905565K->1649373K(2944256K), 0.0141410 secs]
[GC 1905565K->1649374K(2944256K), 0.0143850 secs]
[GC 1905566K->1649374K(2944256K), 0.0142490 secs]
[GC 1905566K->1649374K(2944256K), 0.0139160 secs]
[GC 1905566K->1649374K(2944256K), 0.0140350 secs]
[GC 1905566K->1649374K(2944256K), 0.0144250 secs]
[GC 1905566K->1649374K(2944256K), 0.0144990 secs]
[GC 1905566K->1649374K(2944256K), 0.0141140 secs]
[GC 1905566K->1649374K(2944256K), 0.0189240 secs]
[GC 1905566K->1649374K(2944256K), 0.0174180 secs]
[GC 1905566K->1649374K(2944256K), 0.0173530 secs]
[GC 1905566K->1649374K(2944256K), 0.0170030 secs]
[GC 1905566K->1649374K(2944256K), 0.0167750 secs]
[GC 1905566K->1649374K(2944256K), 0.0163810 secs]
[GC 1905566K->1649374K(2944256K), 0.0169330 secs]
[GC 1905566K->1649374K(2944256K), 0.0168710 secs]
[GC 1905566K->1649374K(2944256K), 0.0163820 secs]
[GC 1905566K->1649374K(2944256K), 0.0169070 secs]
[GC 1905566K->1649374K(2944256K), 0.0168530 secs]
[GC 1905566K->1649374K(2944256K), 0.0166740 secs]
[GC 1905566K->1649374K(2944256K), 0.0214720 secs]
[GC 1905566K->1649374K(2944256K), 0.0136150 secs]
[GC 1905566K->1649374K(2944256K), 0.0139480 secs]
[GC 1905566K->1649374K(2944256K), 0.0139800 secs]
[GC 1905566K->1649374K(2944256K), 0.0140200 secs]
[GC 1905566K->1649374K(2944256K), 0.0139380 secs]
[GC 1905566K->1649374K(2944256K), 0.0140840 secs]
[GC 1905566K->1649374K(2944256K), 0.0139070 secs]
[GC 1905566K->1649374K(2944256K), 0.0134760 secs]
[GC 1905566K->1649374K(2944256K), 0.0138980 secs]
[GC 1905566K->1649374K(2944256K), 0.0139550 secs]
[GC 1905566K->1649374K(2944256K), 0.0140220 secs]
[GC 1905566K->1649374K(2944256K), 0.0139410 secs]
[GC 1905566K->1649374K(2944256K), 0.0136240 secs]
[GC 1905566K->1649374K(2944256K), 0.0131480 secs]
[GC 1905566K->1649374K(2944256K), 0.0135930 secs]
[GC 1905566K->1649374K(2944256K), 0.0134860 secs]
[GC 1905566K->1649374K(2944256K), 0.0134520 secs]
[GC 1905566K->1649374K(2944256K), 0.0135740 secs]
[GC 1905566K->1649374K(2944256K), 0.0136500 secs]
[GC 1905566K->1649374K(2944256K), 0.0138550 secs]
[GC 1905566K->1649374K(2944256K), 0.0139420 secs]
[GC 1905566K->1649374K(2944256K), 0.0139250 secs]
[GC 1905566K->1649374K(2944256K), 0.0138760 secs]
[GC 1905566K->1649374K(2944256K), 0.0138440 secs]
[GC 1905566K->1649374K(2944256K), 0.0141690 secs]
[GC 1905566K->1649374K(2944256K), 0.0139080 secs]
[GC 1905566K->1649374K(2944256K), 0.0135260 secs]
[GC 1905566K->1649374K(2944256K), 0.0139170 secs]
[GC 1905566K->1649374K(2944256K), 0.0136180 secs]
[GC 1905566K->1649374K(2944256K), 0.0136000 secs]
[GC 1905566K->1649374K(2944256K), 0.0135880 secs]
[GC 1905566K->1649374K(2944256K), 0.0140730 secs]
[GC 1905566K->1649374K(2944256K), 0.0139880 secs]
[GC 1905566K->1649374K(2944256K), 0.0135210 secs]
[GC 1905566K->1649374K(2944256K), 0.0186910 secs]
[GC 1905566K->1649374K(2944256K), 0.0173280 secs]
[GC 1905566K->1649374K(2944256K), 0.0163920 secs]
[GC 1905566K->1649374K(2944256K), 0.0168650 secs]
[GC 1905566K->1649374K(2944256K), 0.0169350 secs]
[GC 1905566K->1649374K(2944256K), 0.0173460 secs]
[GC 1905566K->1649374K(2944256K), 0.0169710 secs]
[GC 1905566K->1649374K(2944256K), 0.0169280 secs]
[GC 1905566K->1649374K(2944256K), 0.0167180 secs]
[GC 1905566K->1649375K(2944256K), 0.0163140 secs]
[GC 1905567K->1649375K(2944256K), 0.0159070 secs]
[GC 1905567K->1649375K(2944256K), 0.0164270 secs]
[GC 1905567K->1649375K(2944256K), 0.0172350 secs]
[GC 1905567K->1649375K(2944256K), 0.0168480 secs]
[GC 1905567K->1649375K(2944256K), 0.0168150 secs]
[GC 1905567K->1649375K(2944256K), 0.0168440 secs]
[GC 1905567K->1649375K(2944256K), 0.0165020 secs]
[GC 1905567K->1649375K(2944256K), 0.0172220 secs]
[GC 1905567K->1649375K(2944256K), 0.0169110 secs]
[GC 1905567K->1649375K(2944256K), 0.0165240 secs]
[GC 1905567K->1649375K(2944256K), 0.0168350 secs]
[GC 1905567K->1649375K(2944256K), 0.0167510 secs]
[GC 1905567K->1649375K(2944256K), 0.0169410 secs]
[GC 1905567K->1649375K(2944256K), 0.0167500 secs]
[GC 1905567K->1649375K(2944256K), 0.0165320 secs]
[GC 1905567K->1649375K(2944256K), 0.0163050 secs]
[GC 1905567K->1649375K(2944256K), 0.0163790 secs]
[GC 1905567K->1649375K(2944256K), 0.0169020 secs]
[GC 1905567K->1649375K(2944256K), 0.0169360 secs]
[GC 1905567K->1649375K(2944256K), 0.0164480 secs]
[GC 1905567K->1649375K(2944256K), 0.0168440 secs]
[GC 1905567K->1649375K(2944256K), 0.0168030 secs]
[GC 1905567K->1649375K(2944256K), 0.0168470 secs]
[GC 1905567K->1649375K(2944256K), 0.0129990 secs]
[GC 1905567K->1649375K(2944256K), 0.0134570 secs]
[GC 1905567K->1649375K(2944256K), 0.0134590 secs]
[GC 1905567K->1649375K(2944256K), 0.0404770 secs]
[GC 1905567K->1649375K(2944256K), 0.0168520 secs]
[GC 1905567K->1649375K(2944256K), 0.0169510 secs]
[GC 1905567K->1649375K(2944256K), 0.0172400 secs]
[GC 1905567K->1649375K(2944256K), 0.0169350 secs]
[GC 1905567K->1649375K(2944256K), 0.0174270 secs]
[GC 1905567K->1649375K(2944256K), 0.0169810 secs]
[GC 1905567K->1649375K(2944256K), 0.0168940 secs]
[GC 1905567K->1649375K(2944256K), 0.0168650 secs]
[GC 1905567K->1649375K(2944256K), 0.0168820 secs]
[GC 1905567K->1649375K(2944256K), 0.0170050 secs]
[GC 1905567K->1649375K(2944256K), 0.0171650 secs]
[GC 1905567K->1649375K(2944256K), 0.0169680 secs]
[GC 1905567K->1649375K(2944256K), 0.0164120 secs]
[GC 1905567K->1649375K(2944256K), 0.0167950 secs]
[GC 1905567K->1649375K(2944256K), 0.0158410 secs]
[GC 1905567K->1649375K(2944256K), 0.0169190 secs]
[GC 1905567K->1649375K(2944256K), 0.0170220 secs]
[GC 1905567K->1649375K(2944256K), 0.0166240 secs]
[GC 1905567K->1649375K(2944256K), 0.0163490 secs]
[GC 1905567K->1649375K(2944256K), 0.0166930 secs]
[GC 1905567K->1649375K(2944256K), 0.0169850 secs]
[GC 1905567K->1649375K(2944256K), 0.0170300 secs]
[GC 1905567K->1649375K(2944256K), 0.0170770 secs]
[GC 1905567K->1649375K(2944256K), 0.0168790 secs]
[GC 1905567K->1649375K(2944256K), 0.0171860 secs]
[GC 1905567K->1649375K(2944256K), 0.0172600 secs]
[GC 1905567K->1649375K(2944256K), 0.0168960 secs]
[GC 1905567K->1649375K(2944256K), 0.0169050 secs]
[GC 1905567K->1649375K(2944256K), 0.0173710 secs]
[GC 1905567K->1649375K(2944256K), 0.0167450 secs]
[GC 1905567K->1649375K(2944256K), 0.0172840 secs]
[GC 1905567K->1649373K(2944256K), 0.0172980 secs]
[GC 1905565K->1649375K(2944256K), 0.0174010 secs]
[GC 1905567K->1649375K(2944256K), 0.0174010 secs]
[GC 1905567K->1649375K(2944256K), 0.0172390 secs]
[GC 1905567K->1649375K(2944256K), 0.0169750 secs]
[GC 1905567K->1649375K(2944256K), 0.0173050 secs]
[GC 1905567K->1649375K(2944256K), 0.0174220 secs]
[GC 1905567K->1649375K(2944256K), 0.0173130 secs]
[GC 1905567K->1649375K(2944256K), 0.0173180 secs]
[GC 1905567K->1649375K(2944256K), 0.0173880 secs]
[GC 1905567K->1649375K(2944256K), 0.0174480 secs]
[GC 1905567K->1649375K(2944256K), 0.0173520 secs]
[GC 1905567K->1649375K(2944256K), 0.0167680 secs]
[GC 1905567K->1649375K(2944256K), 0.0172230 secs]
[GC 1905567K->1649375K(2944256K), 0.0169080 secs]
[GC 1905567K->1649375K(2944256K), 0.0173600 secs]
[GC 1905567K->1649376K(2944256K), 0.0163700 secs]
[GC 1905568K->1649376K(2944256K), 0.0168920 secs]
[GC 1905568K->1649376K(2944256K), 0.0174710 secs]
[GC 1905568K->1649376K(2944256K), 0.0173260 secs]
[GC 1905568K->1649376K(2944256K), 0.0173700 secs]
[GC 1905568K->1649376K(2944256K), 0.0173110 secs]
[GC 1905568K->1649376K(2944256K), 0.0169770 secs]
[GC 1905568K->1649376K(2944256K), 0.0172400 secs]
[GC 1905568K->1649376K(2944256K), 0.0131620 secs]
[GC 1905568K->1649376K(2944256K), 0.0139430 secs]
[GC 1905568K->1649376K(2944256K), 0.0190800 secs]
[GC 1905568K->1649376K(2944256K), 0.0173340 secs]
[GC 1905568K->1649376K(2944256K), 0.0173410 secs]
[GC 1905568K->1649376K(2944256K), 0.0172120 secs]
[GC 1905568K->1649376K(2944256K), 0.0168620 secs]
[GC 1905568K->1649376K(2944256K), 0.0169080 secs]
[GC 1905568K->1649376K(2944256K), 0.0168390 secs]
[GC 1905568K->1649376K(2944256K), 0.0173520 secs]
[GC 1905568K->1649376K(2944256K), 0.0173670 secs]
[GC 1905568K->1649376K(2944256K), 0.0173470 secs]
[GC 1905568K->1649376K(2944256K), 0.0172720 secs]
[GC 1905568K->1649376K(2944256K), 0.0169180 secs]
[GC 1905568K->1649376K(2944256K), 0.0169890 secs]
[GC 1905568K->1649376K(2944256K), 0.0174190 secs]
[GC 1905568K->1649376K(2944256K), 0.0174370 secs]
[GC 1905568K->1649376K(2944256K), 0.0177200 secs]
[GC 1905568K->1649376K(2944256K), 0.0174570 secs]
[GC 1905568K->1649376K(2944256K), 0.0174090 secs]
[GC 1905568K->1649376K(2944256K), 0.0174970 secs]
[GC 1905568K->1649376K(2944256K), 0.0167970 secs]
[GC 1905568K->1649376K(2944256K), 0.0174140 secs]
[GC 1905568K->1649376K(2944256K), 0.0130280 secs]
[GC 1905568K->1649376K(2944256K), 0.0144200 secs]
[GC 1905568K->1649376K(2944256K), 0.0148570 secs]
[GC 1905568K->1649376K(2944256K), 0.0145900 secs]
[GC 1905568K->1649376K(2944256K), 0.0140070 secs]
[GC 1905568K->1649376K(2944256K), 0.0135210 secs]
[GC 1905568K->1649376K(2944256K), 0.0135350 secs]
[GC 1905568K->1649377K(2944256K), 0.0144930 secs]
[GC 1905569K->1649377K(2944256K), 0.0144710 secs]
[GC 1905569K->1649377K(2944256K), 0.0135560 secs]
[GC 1905569K->1649377K(2944256K), 0.0139400 secs]
[GC 1905569K->1649377K(2944256K), 0.0139440 secs]
[GC 1905569K->1649377K(2944256K), 0.0140270 secs]
[GC 1905569K->1649377K(2944256K), 0.0139650 secs]
[GC 1905569K->1649377K(2944256K), 0.0144240 secs]
[GC 1905569K->1649377K(2944256K), 0.0139460 secs]
[GC 1905569K->1649377K(2944256K), 0.0141190 secs]
[GC 1905569K->1649377K(2944256K), 0.0135230 secs]
[GC 1905569K->1649377K(2944256K), 0.0140660 secs]
[GC 1905569K->1649377K(2944256K), 0.0139340 secs]
[GC 1905569K->1649377K(2944256K), 0.0140470 secs]
[GC 1905569K->1649377K(2944256K), 0.0135030 secs]
[GC 1905569K->1649377K(2944256K), 0.0139720 secs]
[GC 1905569K->1649377K(2944256K), 0.0143850 secs]
[GC 1905569K->1649378K(2944256K), 0.0145650 secs]
[GC 1905570K->1649378K(2944256K), 0.0144700 secs]
[GC 1905570K->1649378K(2944256K), 0.0189530 secs]
[GC 1905570K->1649378K(2944256K), 0.0174910 secs]
[GC 1905570K->1649378K(2944256K), 0.0173900 secs]
[GC 1905570K->1649378K(2944256K), 0.0173360 secs]
[GC 1905570K->1649378K(2944256K), 0.0169370 secs]
[GC 1905570K->1649378K(2944256K), 0.0173040 secs]
[GC 1905570K->1649378K(2944256K), 0.0166860 secs]
[GC 1905570K->1649378K(2944256K), 0.0158470 secs]
[GC 1905570K->1649378K(2944256K), 0.0145220 secs]
[GC 1905570K->1649378K(2944256K), 0.0143740 secs]
[GC 1905570K->1649378K(2944256K), 0.0140290 secs]
[GC 1905570K->1649378K(2944256K), 0.0143600 secs]
[GC 1905570K->1649378K(2944256K), 0.0144600 secs]
[GC 1905570K->1649378K(2944256K), 0.0139750 secs]
[GC 1905570K->1649378K(2944256K), 0.0140690 secs]
[GC 1905570K->1649378K(2944256K), 0.0169650 secs]
[GC 1905570K->1649378K(2944256K), 0.0130260 secs]
[GC 1905570K->1649378K(2944256K), 0.0137970 secs]
[GC 1905570K->1649378K(2944256K), 0.0135430 secs]
[GC 1905570K->1649378K(2944256K), 0.0141010 secs]
[GC 1905570K->1649378K(2944256K), 0.0142330 secs]
[GC 1905570K->1649378K(2944256K), 0.0140400 secs]
[GC 1905570K->1649378K(2944256K), 0.0139980 secs]
[GC 1905570K->1649378K(2944256K), 0.0139680 secs]
[GC 1905570K->1649378K(2944256K), 0.0137690 secs]
[GC 1905570K->1649378K(2944256K), 0.0136690 secs]
[GC 1905570K->1649378K(2944256K), 0.0135990 secs]
[GC 1905570K->1649378K(2944256K), 0.0137910 secs]
[GC 1905570K->1649378K(2944256K), 0.0140460 secs]
[GC 1905570K->1649378K(2944256K), 0.0134920 secs]
[GC 1905570K->1649378K(2944256K), 0.0135710 secs]
[GC 1905570K->1649378K(2944256K), 0.0141380 secs]
[GC 1905570K->1649378K(2944256K), 0.0140470 secs]
[GC 1905570K->1649378K(2944256K), 0.0186170 secs]
[GC 1905570K->1649378K(2944256K), 0.0173980 secs]
[GC 1905570K->1649378K(2944256K), 0.0169310 secs]
[GC 1905570K->1649378K(2944256K), 0.0174540 secs]
[GC 1905570K->1649378K(2944256K), 0.0168970 secs]
[GC 1905570K->1649378K(2944256K), 0.0168460 secs]
[GC 1905570K->1649378K(2944256K), 0.0168940 secs]
[GC 1905570K->1649378K(2944256K), 0.0167970 secs]
[GC 1905570K->1649378K(2944256K), 0.0163630 secs]
[GC 1905570K->1649378K(2944256K), 0.0169860 secs]
[GC 1905570K->1649378K(2944256K), 0.0169050 secs]
[GC 1905570K->1649377K(2944256K), 0.0168910 secs]
[GC 1905569K->1649379K(2944256K), 0.0173530 secs]
[GC 1905571K->1649379K(2944256K), 0.0171330 secs]
[GC 1905571K->1649379K(2944256K), 0.0169780 secs]
[GC 1905571K->1649379K(2944256K), 0.0164760 secs]
[GC 1905571K->1649379K(2944256K), 0.0171320 secs]
[GC 1905571K->1649379K(2944256K), 0.0169660 secs]
[GC 1905571K->1649379K(2944256K), 0.0130800 secs]
[GC 1905571K->1649379K(2944256K), 0.0136160 secs]
[GC 1905571K->1649379K(2944256K), 0.0140790 secs]
[GC 1905571K->1649379K(2944256K), 0.0135560 secs]
[GC 1905571K->1649379K(2944256K), 0.0141280 secs]
[GC 1905571K->1649379K(2944256K), 0.0144460 secs]
[GC 1905571K->1649379K(2944256K), 0.0150970 secs]
[GC 1905571K->1649379K(2944256K), 0.0144050 secs]
[GC 1905571K->1649379K(2944256K), 0.0141580 secs]
[GC 1905571K->1649379K(2944256K), 0.0135180 secs]
[GC 1905571K->1649379K(2944256K), 0.0135390 secs]
[GC 1905571K->1649379K(2944256K), 0.0145030 secs]
[GC 1905571K->1649379K(2944256K), 0.0141170 secs]
[GC 1905571K->1649379K(2944256K), 0.0144200 secs]
[GC 1905571K->1649379K(2944256K), 0.0140430 secs]
[GC 1905571K->1649379K(2944256K), 0.0140020 secs]
[GC 1905571K->1649379K(2944256K), 0.0135520 secs]
[GC 1905571K->1649379K(2944256K), 0.0140650 secs]
[GC 1905571K->1649379K(2944256K), 0.0137680 secs]
[GC 1905571K->1649379K(2944256K), 0.0139830 secs]
[GC 1905571K->1649379K(2944256K), 0.0143860 secs]
[GC 1905571K->1649379K(2944256K), 0.0140480 secs]
[GC 1905571K->1649379K(2944256K), 0.0144970 secs]
[GC 1905571K->1649379K(2944256K), 0.0139780 secs]
[GC 1905571K->1649379K(2944256K), 0.0420830 secs]
[GC 1905571K->1649379K(2944256K), 0.0163020 secs]
[GC 1905571K->1649379K(2944256K), 0.0168670 secs]
[GC 1905571K->1649379K(2944256K), 0.0174320 secs]
[GC 1905571K->1649379K(2944256K), 0.0171960 secs]
[GC 1905571K->1649379K(2944256K), 0.0169780 secs]
[GC 1905571K->1649379K(2944256K), 0.0171180 secs]
[GC 1905571K->1649379K(2944256K), 0.0163780 secs]
[GC 1905571K->1649379K(2944256K), 0.0170280 secs]
[GC 1905571K->1649380K(2944256K), 0.0164220 secs]
[GC 1905572K->1649380K(2944256K), 0.0163960 secs]
[GC 1905572K->1649380K(2944256K), 0.0169070 secs]
[GC 1905572K->1649380K(2944256K), 0.0173170 secs]
[GC 1905572K->1649380K(2944256K), 0.0173560 secs]
[GC 1905572K->1649380K(2944256K), 0.0163780 secs]
[GC 1905572K->1649380K(2944256K), 0.0169610 secs]
[GC 1905572K->1649380K(2944256K), 0.0169550 secs]
[GC 1905572K->1649380K(2944256K), 0.0168570 secs]
[GC 1905572K->1649380K(2944256K), 0.0164970 secs]
[GC 1905572K->1649380K(2944256K), 0.0171480 secs]
[GC 1905572K->1649380K(2944256K), 0.0168920 secs]
[GC 1905572K->1649380K(2944256K), 0.0168730 secs]
[GC 1905572K->1649380K(2944256K), 0.0169600 secs]
[GC 1905572K->1649380K(2944256K), 0.0130460 secs]
[GC 1905572K->1649380K(2944256K), 0.0139710 secs]
[GC 1905572K->1649380K(2944256K), 0.0135580 secs]
[GC 1905572K->1649380K(2944256K), 0.0135330 secs]
[GC 1905572K->1649380K(2944256K), 0.0139440 secs]
[GC 1905572K->1649380K(2944256K), 0.0139130 secs]
[GC 1905572K->1649380K(2944256K), 0.0154310 secs]
[GC 1905572K->1649380K(2944256K), 0.0226720 secs]
[GC 1905572K->1649380K(2944256K), 0.0161060 secs]
[GC 1905572K->1649380K(2944256K), 0.0140690 secs]
[GC 1905572K->1649380K(2944256K), 0.0135530 secs]
[GC 1905572K->1649380K(2944256K), 0.0135920 secs]
[GC 1905572K->1649380K(2944256K), 0.0139560 secs]
[GC 1905572K->1649380K(2944256K), 0.0140590 secs]
[GC 1905572K->1649380K(2944256K), 0.0136320 secs]
[GC 1905572K->1649380K(2944256K), 0.0137340 secs]
[GC 1905572K->1649380K(2944256K), 0.0135020 secs]
[GC 1905572K->1649380K(2944256K), 0.0135290 secs]
[GC 1905572K->1649380K(2944256K), 0.0139050 secs]
[GC 1905572K->1649380K(2944256K), 0.0140120 secs]
[GC 1905572K->1649380K(2944256K), 0.0139890 secs]
[GC 1905572K->1649380K(2944256K), 0.0135790 secs]
[GC 1905572K->1649380K(2944256K), 0.0135850 secs]
[GC 1905572K->1649380K(2944256K), 0.0140070 secs]
[GC 1905572K->1649380K(2944256K), 0.0131600 secs]
[GC 1905572K->1649380K(2944256K), 0.0131240 secs]
[GC 1905572K->1649380K(2944256K), 0.0131130 secs]
[GC 1905572K->1649380K(2944256K), 0.0135400 secs]
[GC 1905572K->1649380K(2944256K), 0.0137010 secs]
[GC 1905572K->1649380K(2944256K), 0.0140710 secs]
[GC 1905572K->1649380K(2944256K), 0.0139940 secs]
[GC 1905572K->1649380K(2944256K), 0.0135490 secs]
[GC 1905572K->1649380K(2944256K), 0.0137010 secs]
[GC 1905572K->1649380K(2944256K), 0.0134780 secs]
[GC 1905572K->1649380K(2944256K), 0.0134630 secs]
[GC 1905572K->1649380K(2944256K), 0.0138490 secs]
[GC 1905572K->1649380K(2944256K), 0.0138980 secs]
[GC 1905572K->1649380K(2944256K), 0.0280320 secs]
[GC 1905572K->1649380K(2944256K), 0.0172380 secs]
[GC 1905572K->1649380K(2944256K), 0.0174530 secs]
[GC 1905572K->1649380K(2944256K), 0.0172210 secs]
[GC 1905572K->1649380K(2944256K), 0.0169310 secs]
[GC 1905572K->1649380K(2944256K), 0.0169190 secs]
[GC 1905572K->1649380K(2944256K), 0.0169300 secs]
[GC 1905572K->1649380K(2944256K), 0.0154540 secs]
[GC 1905572K->1649380K(2944256K), 0.0158980 secs]
[GC 1905572K->1649380K(2944256K), 0.0164790 secs]
[GC 1905572K->1649380K(2944256K), 0.0168880 secs]
[GC 1905572K->1649380K(2944256K), 0.0172850 secs]
[GC 1905572K->1649380K(2944256K), 0.0168090 secs]
[GC 1905572K->1649380K(2944256K), 0.0158430 secs]
[GC 1905572K->1649380K(2944256K), 0.0158220 secs]
[GC 1905572K->1649380K(2944256K), 0.0159730 secs]
[GC 1905572K->1649380K(2944256K), 0.0175330 secs]
[GC 1905572K->1649380K(2944256K), 0.0170240 secs]
[GC 1905572K->1649380K(2944256K), 0.0169160 secs]
[GC 1905572K->1649380K(2944256K), 0.0162900 secs]
[GC 1905572K->1649380K(2944256K), 0.0167480 secs]
[GC 1905572K->1649380K(2944256K), 0.0167100 secs]
[GC 1905572K->1649381K(2944256K), 0.0161800 secs]
[GC 1905573K->1649381K(2944256K), 0.0167330 secs]
[GC 1905573K->1649381K(2944256K), 0.0169930 secs]
[GC 1905573K->1649381K(2944256K), 0.0173680 secs]
[GC 1905573K->1649381K(2944256K), 0.0167920 secs]
[GC 1905573K->1649381K(2944256K), 0.0163090 secs]
[GC 1905573K->1649381K(2944256K), 0.0167770 secs]
[GC 1905573K->1649381K(2944256K), 0.0169280 secs]
[GC 1905573K->1649381K(2944256K), 0.0133100 secs]
[GC 1905573K->1649381K(2944256K), 0.0145120 secs]
[GC 1905573K->1649381K(2944256K), 0.0139840 secs]
[GC 1905573K->1649381K(2944256K), 0.0135530 secs]
[GC 1905573K->1649381K(2944256K), 0.0136720 secs]
[GC 1905573K->1649381K(2944256K), 0.0137810 secs]
[GC 1905573K->1649381K(2944256K), 0.0139520 secs]
[GC 1905573K->1649381K(2944256K), 0.0136210 secs]
[GC 1905573K->1649381K(2944256K), 0.0145020 secs]
[GC 1905573K->1649381K(2944256K), 0.0145300 secs]
[GC 1905573K->1649381K(2944256K), 0.0143890 secs]
[GC 1905573K->1649381K(2944256K), 0.0142830 secs]
[GC 1905573K->1649381K(2944256K), 0.0178760 secs]
[GC 1905573K->1649381K(2944256K), 0.0173700 secs]
[GC 1905573K->1649381K(2944256K), 0.0173370 secs]
[GC 1905573K->1649381K(2944256K), 0.0174580 secs]
[GC 1905573K->1649381K(2944256K), 0.0174020 secs]
[GC 1905573K->1649381K(2944256K), 0.0164440 secs]
[GC 1905573K->1649381K(2944256K), 0.0169810 secs]
[GC 1905573K->1649381K(2944256K), 0.0164680 secs]
[GC 1905573K->1649381K(2944256K), 0.0175560 secs]
[GC 1905573K->1649381K(2944256K), 0.0165840 secs]
[GC 1905573K->1649381K(2944256K), 0.0173510 secs]
[GC 1905573K->1649381K(2944256K), 0.0168530 secs]
[GC 1905573K->1649381K(2944256K), 0.0163500 secs]
[GC 1905573K->1649381K(2944256K), 0.0163660 secs]
[GC 1905573K->1649381K(2944256K), 0.0168860 secs]
[GC 1905573K->1649381K(2944256K), 0.0173940 secs]
[GC 1905573K->1649381K(2944256K), 0.0168000 secs]
[GC 1905573K->1649381K(2944256K), 0.0169740 secs]
[GC 1905573K->1649381K(2944256K), 0.0169110 secs]
[GC 1905573K->1649381K(2944256K), 0.0162110 secs]
[GC 1905573K->1649381K(2944256K), 0.0173340 secs]
[GC 1905573K->1649381K(2944256K), 0.0170660 secs]
[GC 1905573K->1649381K(2944256K), 0.0169110 secs]
[GC 1905573K->1649381K(2944256K), 0.0170610 secs]
[GC 1905573K->1649381K(2944256K), 0.0169970 secs]
[GC 1905573K->1649381K(2944256K), 0.0173340 secs]
[GC 1905573K->1649381K(2944256K), 0.0173340 secs]
[GC 1905573K->1649381K(2944256K), 0.0168590 secs]
[GC 1905573K->1649381K(2944256K), 0.0168520 secs]
[GC 1905573K->1649381K(2944256K), 0.0173380 secs]
[GC 1905573K->1649381K(2944256K), 0.0173280 secs]
[GC 1905573K->1649381K(2944256K), 0.0172930 secs]
[GC 1905573K->1649381K(2944256K), 0.0168850 secs]
[GC 1905573K->1649381K(2944256K), 0.0169380 secs]
[GC 1905573K->1649381K(2944256K), 0.0215710 secs]
[GC 1905573K->1649381K(2944256K), 0.0136250 secs]
[GC 1905573K->1649381K(2944256K), 0.0135970 secs]
[GC 1905573K->1649381K(2944256K), 0.0135060 secs]
[GC 1905573K->1649381K(2944256K), 0.0139100 secs]
[GC 1905573K->1649381K(2944256K), 0.0143460 secs]
[GC 1905573K->1649381K(2944256K), 0.0143050 secs]
[GC 1905573K->1649381K(2944256K), 0.0139110 secs]
[GC 1905573K->1649381K(2944256K), 0.0139320 secs]
[GC 1905573K->1649381K(2944256K), 0.0140420 secs]
[GC 1905573K->1649381K(2944256K), 0.0143980 secs]
[GC 1905573K->1649381K(2944256K), 0.0144700 secs]
[GC 1905573K->1649381K(2944256K), 0.0145560 secs]
[GC 1905573K->1649381K(2944256K), 0.0244150 secs]
[GC 1905573K->1649381K(2944256K), 0.0140590 secs]
[GC 1905573K->1649382K(2944256K), 0.0140600 secs]
[GC 1905574K->1649382K(2944256K), 0.0140250 secs]
[GC 1905574K->1649382K(2944256K), 0.0137540 secs]
[GC 1905574K->1649382K(2944256K), 0.0144630 secs]
[GC 1905574K->1649382K(2944256K), 0.0136080 secs]
[GC 1905574K->1649382K(2944256K), 0.0139870 secs]
[GC 1905574K->1649382K(2944256K), 0.0143310 secs]
[GC 1905574K->1649382K(2944256K), 0.0184420 secs]
[GC 1905574K->1649382K(2944256K), 0.0174920 secs]
[GC 1905574K->1649382K(2944256K), 0.0175130 secs]
[GC 1905574K->1649382K(2944256K), 0.0171160 secs]
[GC 1905574K->1649382K(2944256K), 0.0168940 secs]
[GC 1905574K->1649382K(2944256K), 0.0168630 secs]
[GC 1905574K->1649382K(2944256K), 0.0163600 secs]
[GC 1905574K->1649382K(2944256K), 0.0160450 secs]
[GC 1905574K->1649382K(2944256K), 0.0164650 secs]
[GC 1905574K->1649382K(2944256K), 0.0164490 secs]
[GC 1905574K->1649382K(2944256K), 0.0169130 secs]
[GC 1905574K->1649382K(2944256K), 0.0163860 secs]
[GC 1905574K->1649382K(2944256K), 0.0166680 secs]
[GC 1905574K->1649382K(2944256K), 0.0173210 secs]
[GC 1905574K->1649382K(2944256K), 0.0167070 secs]
[GC 1905574K->1649382K(2944256K), 0.0170420 secs]
[GC 1905574K->1649382K(2944256K), 0.0170090 secs]
[GC 1905574K->1649382K(2944256K), 0.0174120 secs]
[GC 1905574K->1649382K(2944256K), 0.0168240 secs]
[GC 1905574K->1649382K(2944256K), 0.0167950 secs]
[GC 1905574K->1649382K(2944256K), 0.0170650 secs]
[GC 1905574K->1649382K(2944256K), 0.0170990 secs]
[GC 1905574K->1649382K(2944256K), 0.0168920 secs]
[GC 1905574K->1649382K(2944256K), 0.0172960 secs]
[GC 1905574K->1649382K(2944256K), 0.0168770 secs]
[GC 1905574K->1649382K(2944256K), 0.0169980 secs]
[GC 1905574K->1649382K(2944256K), 0.0169870 secs]
[GC 1905574K->1649382K(2944256K), 0.0176100 secs]
[GC 1905574K->1649382K(2944256K), 0.0173200 secs]
[GC 1905574K->1649382K(2944256K), 0.0173180 secs]
[GC 1905574K->1649382K(2944256K), 0.0173510 secs]
[GC 1905574K->1649382K(2944256K), 0.0173990 secs]
[GC 1905574K->1649382K(2944256K), 0.0173630 secs]
[GC 1905574K->1649382K(2944256K), 0.0172320 secs]
[GC 1905574K->1649382K(2944256K), 0.0173130 secs]
[GC 1905574K->1649382K(2944256K), 0.0172080 secs]
[GC 1905574K->1649382K(2944256K), 0.0168950 secs]
[GC 1905574K->1649382K(2944256K), 0.0169280 secs]
[GC 1905574K->1649382K(2944256K), 0.0173280 secs]
[GC 1905574K->1649382K(2944256K), 0.0175980 secs]
[GC 1905574K->1649382K(2944256K), 0.0173980 secs]
[GC 1905574K->1649382K(2944256K), 0.0130520 secs]
[GC 1905574K->1649383K(2944256K), 0.0139880 secs]
[GC 1905575K->1649383K(2944256K), 0.0139710 secs]
[GC 1905575K->1649383K(2944256K), 0.0139250 secs]
[GC 1905575K->1649383K(2944256K), 0.0139000 secs]
[GC 1905575K->1649383K(2944256K), 0.0139840 secs]
[GC 1905575K->1649383K(2944256K), 0.0140080 secs]
[GC 1905575K->1649383K(2944256K), 0.0140070 secs]
[GC 1905575K->1649383K(2944256K), 0.0140150 secs]
[GC 1905575K->1649383K(2944256K), 0.0135960 secs]
[GC 1905575K->1649383K(2944256K), 0.0135260 secs]
[GC 1905575K->1649383K(2944256K), 0.0139210 secs]
[GC 1905575K->1649383K(2944256K), 0.0139290 secs]
[GC 1905575K->1649383K(2944256K), 0.0143700 secs]
[GC 1905575K->1649383K(2944256K), 0.0139750 secs]
[GC 1905575K->1649383K(2944256K), 0.0144280 secs]
[GC 1905575K->1649383K(2944256K), 0.0137740 secs]
[GC 1905575K->1649383K(2944256K), 0.0139040 secs]
[GC 1905575K->1649383K(2944256K), 0.0143220 secs]
[GC 1905575K->1649383K(2944256K), 0.0143780 secs]
[GC 1905575K->1649383K(2944256K), 0.0140880 secs]
[GC 1905575K->1649383K(2944256K), 0.0144510 secs]
[GC 1905575K->1649383K(2944256K), 0.0148210 secs]
[GC 1905575K->1649383K(2944256K), 0.0143510 secs]
[GC 1905575K->1649383K(2944256K), 0.0148210 secs]
[GC 1905575K->1649383K(2944256K), 0.0148090 secs]
[GC 1905575K->1649383K(2944256K), 0.0143560 secs]
[GC 1905575K->1649383K(2944256K), 0.0148910 secs]
[GC 1905575K->1649383K(2944256K), 0.0143770 secs]
[GC 1905575K->1649383K(2944256K), 0.0142770 secs]
[GC 1905575K->1649383K(2944256K), 0.0139750 secs]
[GC 1905575K->1649383K(2944256K), 0.0139540 secs]
[GC 1905575K->1649383K(2944256K), 0.0140210 secs]
[GC 1905575K->1649383K(2944256K), 0.0143580 secs]
[GC 1905575K->1649383K(2944256K), 0.0143940 secs]
[GC 1905575K->1649383K(2944256K), 0.0139630 secs]
[GC 1905575K->1649383K(2944256K), 0.0139680 secs]
[GC 1905575K->1649383K(2944256K), 0.0143720 secs]
[GC 1905575K->1649383K(2944256K), 0.0140950 secs]
[GC 1905575K->1649383K(2944256K), 0.0138240 secs]
[GC 1905575K->1649383K(2944256K), 0.0227430 secs]
[GC 1905575K->1649383K(2944256K), 0.0140630 secs]
[GC 1905575K->1649383K(2944256K), 0.0137930 secs]
[GC 1905575K->1649383K(2944256K), 0.0138920 secs]
[GC 1905575K->1649383K(2944256K), 0.0138880 secs]
[GC 1905575K->1649383K(2944256K), 0.0139740 secs]
[GC 1905575K->1649383K(2944256K), 0.0140420 secs]
[GC 1905575K->1649383K(2944256K), 0.0144520 secs]
[GC 1905575K->1649383K(2944256K), 0.0139990 secs]
[GC 1905575K->1649383K(2944256K), 0.0136580 secs]
[GC 1905575K->1649383K(2944256K), 0.0139700 secs]
[GC 1905575K->1649383K(2944256K), 0.0140080 secs]
[GC 1905575K->1649383K(2944256K), 0.0144440 secs]
[GC 1905575K->1649383K(2944256K), 0.0144300 secs]
[GC 1905575K->1649383K(2944256K), 0.0145450 secs]
[GC 1905575K->1649383K(2944256K), 0.0140200 secs]
[GC 1905575K->1649383K(2944256K), 0.0139810 secs]
[GC 1905575K->1649383K(2944256K), 0.0139930 secs]
[GC 1905575K->1649383K(2944256K), 0.0144840 secs]
[GC 1905575K->1649384K(2944256K), 0.0150850 secs]
[GC 1905576K->1649384K(2944256K), 0.0144080 secs]
[GC 1905576K->1649384K(2944256K), 0.0140520 secs]
[GC 1905576K->1649384K(2944256K), 0.0135020 secs]
[GC 1905576K->1649384K(2944256K), 0.0148170 secs]
[GC 1905576K->1649384K(2944256K), 0.0144310 secs]
[GC 1905576K->1649384K(2944256K), 0.0141270 secs]
[GC 1905576K->1649384K(2944256K), 0.0138770 secs]
[GC 1905576K->1649384K(2944256K), 0.0145630 secs]
[GC 1905576K->1649384K(2944256K), 0.0140240 secs]
[GC 1905576K->1649384K(2944256K), 0.0143860 secs]
[GC 1905576K->1649384K(2944256K), 0.0266930 secs]
[GC 1905576K->1649384K(2944256K), 0.0134850 secs]
[GC 1905576K->1649384K(2944256K), 0.0140460 secs]
[GC 1905576K->1649384K(2944256K), 0.0139360 secs]
[GC 1905576K->1649384K(2944256K), 0.0144600 secs]
[GC 1905576K->1649384K(2944256K), 0.0139340 secs]
[GC 1905576K->1649384K(2944256K), 0.0143960 secs]
[GC 1905576K->1649384K(2944256K), 0.0140890 secs]
[GC 1905576K->1649384K(2944256K), 0.0145130 secs]
[GC 1905576K->1649384K(2944256K), 0.0139340 secs]
[GC 1905576K->1649384K(2944256K), 0.0135250 secs]
[GC 1905576K->1649384K(2944256K), 0.0135050 secs]
[GC 1905576K->1649384K(2944256K), 0.0135000 secs]
[GC 1905576K->1649384K(2944256K), 0.0139990 secs]
[GC 1905576K->1649384K(2944256K), 0.0139130 secs]
[GC 1905576K->1649384K(2944256K), 0.0139930 secs]
[GC 1905576K->1649384K(2944256K), 0.0140090 secs]
[GC 1905576K->1649384K(2944256K), 0.0143040 secs]
[GC 1905576K->1649384K(2944256K), 0.0143720 secs]
[GC 1905576K->1649384K(2944256K), 0.0139800 secs]
[GC 1905576K->1649384K(2944256K), 0.0143390 secs]
[GC 1905576K->1649384K(2944256K), 0.0145620 secs]
[GC 1905576K->1649384K(2944256K), 0.0143960 secs]
[GC 1905576K->1649384K(2944256K), 0.0139400 secs]
[GC 1905576K->1649384K(2944256K), 0.0139540 secs]
[GC 1905576K->1649384K(2944256K), 0.0139740 secs]
[GC 1905576K->1649384K(2944256K), 0.0144250 secs]
[GC 1905576K->1649384K(2944256K), 0.0145380 secs]
[GC 1905576K->1649384K(2944256K), 0.0144730 secs]
[GC 1905576K->1649384K(2944256K), 0.0144230 secs]
[GC 1905576K->1649384K(2944256K), 0.0260300 secs]
[GC 1905576K->1649384K(2944256K), 0.0139790 secs]
[GC 1905576K->1649384K(2944256K), 0.0142420 secs]
[GC 1905576K->1649384K(2944256K), 0.0139460 secs]
[GC 1905576K->1649384K(2944256K), 0.0138890 secs]
[GC 1905576K->1649384K(2944256K), 0.0140540 secs]
[GC 1905576K->1649384K(2944256K), 0.0140430 secs]
[GC 1905576K->1649384K(2944256K), 0.0139900 secs]
[GC 1905576K->1649384K(2944256K), 0.0139370 secs]
[GC 1905576K->1649384K(2944256K), 0.0144330 secs]
[GC 1905576K->1649384K(2944256K), 0.0144620 secs]
[GC 1905576K->1649384K(2944256K), 0.0143530 secs]
[GC 1905576K->1649384K(2944256K), 0.0159520 secs]
[GC 1903319K->1649384K(2944256K), 0.0149750 secs]
[GC 1905576K->1649384K(2944256K), 0.0145730 secs]
[GC 1905576K->1649384K(2944256K), 0.0140300 secs]
[GC 1905576K->1649384K(2944256K), 0.0139490 secs]
[GC 1905576K->1649384K(2944256K), 0.0135150 secs]
[GC 1905576K->1649384K(2944256K), 0.0138870 secs]
[GC 1905576K->1649384K(2944256K), 0.0183750 secs]
[GC 1905576K->1649384K(2944256K), 0.0174680 secs]
[GC 1905576K->1649384K(2944256K), 0.0130440 secs]
[GC 1905576K->1649384K(2944256K), 0.0134970 secs]
[GC 1905576K->1649384K(2944256K), 0.0140040 secs]
[GC 1905576K->1649384K(2944256K), 0.0148870 secs]
[GC 1905576K->1649384K(2944256K), 0.0147910 secs]
[GC 1905576K->1649384K(2944256K), 0.0143080 secs]
[GC 1905576K->1649384K(2944256K), 0.0139840 secs]
[GC 1905576K->1649384K(2944256K), 0.0139620 secs]
[GC 1905576K->1649384K(2944256K), 0.0139880 secs]
[GC 1905576K->1649384K(2944256K), 0.0143090 secs]
[GC 1905576K->1649384K(2944256K), 0.0153760 secs]
[GC 1905576K->1649384K(2944256K), 0.0143850 secs]
[GC 1905576K->1649384K(2944256K), 0.0145610 secs]
[GC 1905576K->1649384K(2944256K), 0.0143800 secs]
[GC 1905576K->1649384K(2944256K), 0.0144120 secs]
[GC 1905576K->1649384K(2944256K), 0.0139190 secs]
[GC 1905576K->1649384K(2944256K), 0.0145100 secs]
[GC 1905576K->1649384K(2944256K), 0.0141360 secs]
[GC 1905576K->1649384K(2944256K), 0.0143360 secs]
[GC 1905576K->1649384K(2944256K), 0.0143750 secs]
[GC 1905576K->1649384K(2944256K), 0.0138880 secs]
[GC 1905576K->1649384K(2944256K), 0.0144340 secs]
[GC 1905576K->1649384K(2944256K), 0.0139970 secs]
[GC 1905576K->1649384K(2944256K), 0.0140100 secs]
[GC 1905576K->1649384K(2944256K), 0.0143440 secs]
[GC 1905576K->1649384K(2944256K), 0.0143400 secs]
[GC 1905576K->1649385K(2944256K), 0.0139570 secs]
[GC 1905577K->1649385K(2944256K), 0.0140180 secs]
[GC 1905577K->1649385K(2944256K), 0.0141340 secs]
[GC 1905577K->1649385K(2944256K), 0.0144250 secs]
[GC 1905577K->1649385K(2944256K), 0.0139920 secs]
[GC 1905577K->1649385K(2944256K), 0.0143550 secs]
[GC 1905577K->1649385K(2944256K), 0.0143730 secs]
[GC 1903143K->1649385K(2944256K), 0.0153440 secs]
[GC 1905577K->1649385K(2944256K), 0.0167200 secs]
[GC 1905577K->1649385K(2944256K), 0.0173810 secs]
[GC 1905577K->1649385K(2944256K), 0.0168260 secs]
[GC 1905577K->1649385K(2944256K), 0.0168830 secs]
[GC 1905577K->1649385K(2944256K), 0.0169160 secs]
[GC 1905577K->1649385K(2944256K), 0.0448790 secs]
[GC 1905577K->1649385K(2944256K), 0.0175550 secs]
[GC 1905577K->1649385K(2944256K), 0.0170400 secs]
[GC 1905577K->1649385K(2944256K), 0.0168140 secs]
[GC 1905577K->1649385K(2944256K), 0.0168250 secs]
[GC 1905577K->1649385K(2944256K), 0.0168850 secs]
[GC 1905577K->1649385K(2944256K), 0.0169370 secs]
[GC 1905577K->1649385K(2944256K), 0.0169600 secs]
[GC 1905577K->1649385K(2944256K), 0.0168310 secs]
[GC 1905577K->1649385K(2944256K), 0.0173350 secs]
[GC 1905577K->1649385K(2944256K), 0.0173410 secs]
[GC 1905577K->1649385K(2944256K), 0.0173000 secs]
[GC 1905577K->1649385K(2944256K), 0.0171670 secs]
[GC 1905577K->1649385K(2944256K), 0.0172060 secs]
[GC 1905577K->1649385K(2944256K), 0.0167560 secs]
[GC 1905577K->1649385K(2944256K), 0.0172310 secs]
[GC 1905577K->1649385K(2944256K), 0.0173340 secs]
[GC 1905577K->1649385K(2944256K), 0.0172230 secs]
[GC 1905577K->1649385K(2944256K), 0.0168110 secs]
[GC 1905577K->1649385K(2944256K), 0.0169310 secs]
[GC 1905577K->1649385K(2944256K), 0.0169350 secs]
[GC 1905577K->1649385K(2944256K), 0.0169260 secs]
[GC 1905577K->1649385K(2944256K), 0.0168480 secs]
[GC 1905577K->1649385K(2944256K), 0.0169670 secs]
[GC 1905577K->1649385K(2944256K), 0.0168760 secs]
[GC 1905577K->1649385K(2944256K), 0.0168870 secs]
[GC 1905577K->1649385K(2944256K), 0.0169550 secs]
[GC 1905577K->1649385K(2944256K), 0.0172530 secs]
[GC 1905577K->1649385K(2944256K), 0.0173660 secs]
[GC 1905577K->1649385K(2944256K), 0.0168380 secs]
[GC 1905577K->1649385K(2944256K), 0.0169050 secs]
[GC 1905577K->1649385K(2944256K), 0.0167490 secs]
[GC 1905577K->1649385K(2944256K), 0.0167090 secs]
[GC 1905577K->1649385K(2944256K), 0.0169330 secs]
[GC 1905577K->1649385K(2944256K), 0.0129410 secs]
[GC 1905577K->1649385K(2944256K), 0.0143730 secs]
[GC 1905577K->1649385K(2944256K), 0.0138020 secs]
[GC 1903065K->1649385K(2944256K), 0.0153190 secs]
[GC 1905577K->1649385K(2944256K), 0.0148450 secs]
[GC 1905577K->1649385K(2944256K), 0.0148490 secs]
[GC 1905577K->1649385K(2944256K), 0.0143710 secs]
[GC 1905577K->1649385K(2944256K), 0.0143700 secs]
[GC 1905577K->1649385K(2944256K), 0.0139890 secs]
[GC 1905577K->1649385K(2944256K), 0.0144660 secs]
[GC 1905577K->1649385K(2944256K), 0.0139850 secs]
[GC 1905577K->1649385K(2944256K), 0.0144010 secs]
[GC 1905577K->1649385K(2944256K), 0.0139520 secs]
[GC 1905577K->1649385K(2944256K), 0.0139380 secs]
[GC 1905577K->1649385K(2944256K), 0.0143440 secs]
[GC 1905577K->1649385K(2944256K), 0.0145140 secs]
[GC 1905577K->1649385K(2944256K), 0.0144210 secs]
[GC 1905577K->1649385K(2944256K), 0.0139190 secs]
[GC 1905577K->1649385K(2944256K), 0.0144450 secs]
[GC 1905577K->1649385K(2944256K), 0.0145280 secs]
[GC 1905577K->1649385K(2944256K), 0.0144310 secs]
[GC 1905577K->1649385K(2944256K), 0.0144360 secs]
[GC 1905577K->1649385K(2944256K), 0.0143020 secs]
[GC 1905577K->1649385K(2944256K), 0.0139910 secs]
[GC 1905577K->1649385K(2944256K), 0.0135360 secs]
[GC 1905577K->1649385K(2944256K), 0.0137680 secs]
[GC 1905577K->1649385K(2944256K), 0.0259710 secs]
[GC 1905577K->1649385K(2944256K), 0.0135440 secs]
[GC 1905577K->1649385K(2944256K), 0.0143220 secs]
[GC 1905577K->1649385K(2944256K), 0.0143530 secs]
[GC 1905577K->1649386K(2944256K), 0.0140720 secs]
[GC 1905578K->1649386K(2944256K), 0.0139770 secs]
[GC 1905578K->1649386K(2944256K), 0.0138950 secs]
[GC 1905578K->1649386K(2944256K), 0.0139450 secs]
[GC 1905578K->1649386K(2944256K), 0.0138240 secs]
[GC 1905578K->1649386K(2944256K), 0.0139790 secs]
[GC 1905578K->1649386K(2944256K), 0.0139860 secs]
[GC 1905578K->1649386K(2944256K), 0.0140900 secs]
[GC 1905578K->1649386K(2944256K), 0.0135120 secs]
[GC 1905578K->1649386K(2944256K), 0.0139590 secs]
[GC 1905578K->1649386K(2944256K), 0.0144030 secs]
[GC 1905578K->1649387K(2944256K), 0.0139770 secs]
[GC 1905579K->1649387K(2944256K), 0.0139750 secs]
[GC 1905579K->1649387K(2944256K), 0.0139550 secs]
[GC 1905579K->1649387K(2944256K), 0.0134480 secs]
[GC 1905579K->1649387K(2944256K), 0.0134190 secs]
[GC 1905579K->1649387K(2944256K), 0.0149340 secs]
[GC 1905579K->1649387K(2944256K), 0.0143410 secs]
[GC 1905579K->1649387K(2944256K), 0.0136760 secs]
[GC 1905579K->1649387K(2944256K), 0.0140760 secs]
[GC 1905579K->1649387K(2944256K), 0.0139620 secs]
[GC 1905579K->1649387K(2944256K), 0.0139360 secs]
[GC 1905579K->1649387K(2944256K), 0.0134580 secs]
[GC 1905579K->1649387K(2944256K), 0.0142890 secs]
[GC 1905579K->1649387K(2944256K), 0.0134260 secs]
[GC 1905579K->1649387K(2944256K), 0.0135290 secs]
[GC 1905579K->1649387K(2944256K), 0.0227760 secs]
[GC 1905579K->1649387K(2944256K), 0.0140370 secs]
[GC 1905579K->1649387K(2944256K), 0.0139990 secs]
[GC 1905579K->1649387K(2944256K), 0.0130240 secs]
[GC 1905579K->1649387K(2944256K), 0.0143470 secs]
[GC 1905579K->1649387K(2944256K), 0.0151240 secs]
[GC 1905579K->1649387K(2944256K), 0.0144320 secs]
[GC 1905579K->1649387K(2944256K), 0.0148840 secs]
[GC 1905579K->1649387K(2944256K), 0.0152270 secs]
[GC 1905579K->1649387K(2944256K), 0.0152030 secs]
[GC 1905579K->1649387K(2944256K), 0.0173140 secs]
[GC 1905579K->1649387K(2944256K), 0.0130720 secs]
[GC 1905579K->1649387K(2944256K), 0.0147210 secs]
[GC 1905579K->1649387K(2944256K), 0.0153150 secs]
[GC 1905579K->1649387K(2944256K), 0.0172340 secs]
[GC 1905579K->1649387K(2944256K), 0.0131490 secs]
[GC 1905579K->1649387K(2944256K), 0.0144580 secs]
[GC 1905579K->1649387K(2944256K), 0.0150320 secs]
[GC 1905579K->1649387K(2944256K), 0.0149300 secs]
[GC 1905579K->1649387K(2944256K), 0.0149410 secs]
[GC 1905579K->1649387K(2944256K), 0.0152950 secs]
[GC 1905579K->1649387K(2944256K), 0.0153390 secs]
[GC 1905579K->1649387K(2944256K), 0.0129610 secs]
[GC 1905579K->1649387K(2944256K), 0.0154200 secs]
[GC 1905579K->1649387K(2944256K), 0.0173780 secs]
[GC 1905579K->1649387K(2944256K), 0.0130110 secs]
[GC 1905579K->1649387K(2944256K), 0.0148620 secs]
[GC 1905579K->1649387K(2944256K), 0.0151070 secs]
[GC 1905579K->1649387K(2944256K), 0.0153100 secs]
[GC 1905579K->1649387K(2944256K), 0.0152760 secs]
[GC 1905579K->1649387K(2944256K), 0.0207160 secs]
[GC 1905579K->1649387K(2944256K), 0.0138570 secs]
[GC 1905579K->1649387K(2944256K), 0.0314500 secs]
[GC 1905579K->1649385K(2944256K), 0.0135630 secs]
[GC 1905577K->1649387K(2944256K), 0.0146570 secs]
[GC 1905579K->1649387K(2944256K), 0.0149470 secs]
[GC 1905579K->1649387K(2944256K), 0.0148240 secs]
[GC 1905579K->1649387K(2944256K), 0.0149160 secs]
[GC 1905579K->1649387K(2944256K), 0.0153290 secs]
[GC 1905579K->1649387K(2944256K), 0.0168590 secs]
[GC 1905579K->1649387K(2944256K), 0.0174290 secs]
[GC 1905579K->1649387K(2944256K), 0.0129680 secs]
[GC 1905579K->1649387K(2944256K), 0.0146320 secs]
[GC 1905579K->1649387K(2944256K), 0.0143790 secs]
[GC 1905579K->1649387K(2944256K), 0.0153370 secs]
[GC 1905579K->1649387K(2944256K), 0.0192110 secs]
[GC 1905579K->1649387K(2944256K), 0.0139950 secs]
[GC 1905579K->1649387K(2944256K), 0.0148990 secs]
[GC 1905579K->1649387K(2944256K), 0.0148900 secs]
[GC 1905579K->1649387K(2944256K), 0.0144070 secs]
[GC 1905579K->1649387K(2944256K), 0.0148000 secs]
[GC 1905579K->1649387K(2944256K), 0.0149090 secs]
[GC 1905579K->1649387K(2944256K), 0.0148910 secs]
[GC 1905579K->1649387K(2944256K), 0.0148890 secs]
[GC 1905579K->1649387K(2944256K), 0.0149780 secs]
[GC 1905579K->1649387K(2944256K), 0.0151400 secs]
[GC 1905579K->1649387K(2944256K), 0.0153450 secs]
[GC 1905579K->1649387K(2944256K), 0.0149890 secs]
[GC 1905579K->1649387K(2944256K), 0.0153750 secs]
[GC 1905579K->1649387K(2944256K), 0.0163000 secs]
[GC 1905579K->1649387K(2944256K), 0.0168940 secs]
[GC 1905579K->1649387K(2944256K), 0.0173430 secs]
[GC 1905579K->1649387K(2944256K), 0.0173130 secs]
[GC 1905579K->1649387K(2944256K), 0.0130570 secs]
[GC 1905579K->1649387K(2944256K), 0.0140120 secs]
[GC 1905579K->1649387K(2944256K), 0.0144060 secs]
[GC 1905579K->1649387K(2944256K), 0.0148820 secs]
[GC 1905579K->1649387K(2944256K), 0.0196880 secs]
[GC 1905579K->1649385K(2944256K), 0.0161870 secs]
[GC 1905577K->1649388K(2944256K), 0.0130560 secs]
[GC 1905580K->1649388K(2944256K), 0.0143930 secs]
[GC 1905580K->1649388K(2944256K), 0.0146470 secs]
[GC 1905580K->1649388K(2944256K), 0.0149150 secs]
[GC 1905580K->1649388K(2944256K), 0.0149180 secs]
[GC 1905580K->1649388K(2944256K), 0.0148580 secs]
[GC 1905580K->1649388K(2944256K), 0.0153710 secs]
[GC 1905580K->1649388K(2944256K), 0.0149870 secs]
[GC 1905580K->1649388K(2944256K), 0.0148980 secs]
[GC 1905580K->1649388K(2944256K), 0.0147760 secs]
[GC 1905580K->1649388K(2944256K), 0.0152700 secs]
[GC 1905580K->1649388K(2944256K), 0.0138180 secs]
[GC 1905580K->1649388K(2944256K), 0.0143870 secs]
[GC 1905580K->1649388K(2944256K), 0.0153000 secs]
[GC 1905580K->1649388K(2944256K), 0.0175060 secs]
[GC 1905580K->1649388K(2944256K), 0.0143910 secs]
[GC 1905580K->1649388K(2944256K), 0.0149570 secs]
[GC 1905580K->1649388K(2944256K), 0.0153080 secs]
[GC 1905580K->1649388K(2944256K), 0.0149550 secs]
[GC 1905580K->1649388K(2944256K), 0.0152870 secs]
[GC 1905580K->1649388K(2944256K), 0.0152670 secs]
[GC 1905580K->1649388K(2944256K), 0.0152550 secs]
[GC 1905580K->1649388K(2944256K), 0.0152240 secs]
[GC 1905580K->1649388K(2944256K), 0.0154030 secs]
[GC 1905580K->1649388K(2944256K), 0.0138690 secs]
[GC 1905580K->1649388K(2944256K), 0.0139090 secs]
[GC 1905580K->1649388K(2944256K), 0.0146000 secs]
[GC 1905580K->1649388K(2944256K), 0.0148190 secs]
[GC 1905580K->1649388K(2944256K), 0.0150850 secs]
[GC 1905580K->1649388K(2944256K), 0.0162400 secs]
[GC 1905580K->1649388K(2944256K), 0.0161700 secs]
[GC 1905580K->1649388K(2944256K), 0.0166330 secs]
[GC 1905580K->1649388K(2944256K), 0.0169920 secs]
[GC 1905580K->1649388K(2944256K), 0.0169540 secs]
[GC 1905580K->1649388K(2944256K), 0.0172830 secs]
[GC 1905580K->1649388K(2944256K), 0.0167430 secs]
[GC 1905580K->1649388K(2944256K), 0.0166680 secs]
[GC 1905580K->1649388K(2944256K), 0.0167650 secs]
[GC 1905580K->1649388K(2944256K), 0.0168060 secs]
[GC 1905580K->1649388K(2944256K), 0.0166600 secs]
[GC 1905580K->1649388K(2944256K), 0.0165360 secs]
[GC 1905580K->1649388K(2944256K), 0.0165380 secs]
[GC 1905580K->1649388K(2944256K), 0.0166730 secs]
[GC 1905580K->1649388K(2944256K), 0.0216350 secs]
[GC 1905580K->1649388K(2944256K), 0.0132130 secs]
[GC 1905580K->1649388K(2944256K), 0.0143220 secs]
[GC 1905580K->1649388K(2944256K), 0.0148710 secs]
[GC 1905580K->1649388K(2944256K), 0.0144020 secs]
[GC 1905580K->1649388K(2944256K), 0.0147570 secs]
[GC 1905580K->1649388K(2944256K), 0.0148640 secs]
[GC 1905580K->1649388K(2944256K), 0.0146910 secs]
[GC 1905580K->1649388K(2944256K), 0.0148170 secs]
[GC 1905580K->1649388K(2944256K), 0.0145990 secs]
[GC 1905580K->1649388K(2944256K), 0.0147250 secs]
[GC 1905580K->1649388K(2944256K), 0.0148020 secs]
[GC 1905580K->1649388K(2944256K), 0.0146610 secs]
[GC 1905580K->1649388K(2944256K), 0.0399850 secs]
[GC 1905580K->1649388K(2944256K), 0.0171750 secs]
[GC 1905580K->1649388K(2944256K), 0.0168980 secs]
[GC 1905580K->1649388K(2944256K), 0.0162950 secs]
[GC 1905580K->1649388K(2944256K), 0.0163120 secs]
[GC 1905580K->1649388K(2944256K), 0.0152610 secs]
[GC 1905580K->1649388K(2944256K), 0.0159040 secs]
[GC 1905580K->1649388K(2944256K), 0.0157520 secs]
[GC 1905580K->1649388K(2944256K), 0.0208480 secs]
[GC 1905580K->1649388K(2944256K), 0.0129160 secs]
[GC 1905580K->1649388K(2944256K), 0.0129870 secs]
[GC 1905580K->1649388K(2944256K), 0.0133870 secs]
[GC 1905580K->1649388K(2944256K), 0.0135030 secs]
[GC 1905580K->1649388K(2944256K), 0.0134490 secs]
[GC 1905580K->1649388K(2944256K), 0.0135030 secs]
[GC 1905580K->1649388K(2944256K), 0.0131810 secs]
[GC 1905580K->1649388K(2944256K), 0.0134210 secs]
[GC 1905580K->1649388K(2944256K), 0.0134480 secs]
[GC 1905580K->1649388K(2944256K), 0.0134270 secs]
[GC 1905580K->1649388K(2944256K), 0.0134540 secs]
[GC 1905580K->1649388K(2944256K), 0.0135030 secs]
[GC 1905580K->1649388K(2944256K), 0.0133960 secs]
[GC 1905580K->1649388K(2944256K), 0.0130840 secs]
[GC 1905580K->1649388K(2944256K), 0.0133400 secs]
[GC 1905580K->1649388K(2944256K), 0.0134470 secs]
[GC 1905580K->1649388K(2944256K), 0.0134120 secs]
[GC 1905580K->1649388K(2944256K), 0.0176390 secs]
[GC 1905580K->1649388K(2944256K), 0.0167770 secs]
[GC 1905580K->1649388K(2944256K), 0.0163150 secs]
[GC 1905580K->1649388K(2944256K), 0.0162480 secs]
[GC 1905580K->1649388K(2944256K), 0.0277140 secs]
[GC 1905580K->1649388K(2944256K), 0.0139170 secs]
[GC 1905580K->1649388K(2944256K), 0.0134870 secs]
[GC 1905580K->1649388K(2944256K), 0.0130630 secs]
[GC 1905580K->1649388K(2944256K), 0.0130310 secs]
[GC 1905580K->1649388K(2944256K), 0.0135220 secs]
[GC 1905580K->1649388K(2944256K), 0.0135090 secs]
[GC 1905580K->1649388K(2944256K), 0.0135180 secs]
[GC 1905580K->1649388K(2944256K), 0.0133860 secs]
[GC 1905580K->1649388K(2944256K), 0.0133640 secs]
[GC 1905580K->1649388K(2944256K), 0.0133960 secs]
[GC 1905580K->1649389K(2944256K), 0.0131010 secs]
[GC 1905581K->1649389K(2944256K), 0.0134750 secs]
[GC 1905581K->1649389K(2944256K), 0.0134020 secs]
[GC 1905581K->1649389K(2944256K), 0.0130350 secs]
[GC 1905581K->1649389K(2944256K), 0.0173330 secs]
[GC 1905581K->1649389K(2944256K), 0.0157930 secs]
[GC 1905581K->1649389K(2944256K), 0.0162370 secs]
[GC 1905581K->1649389K(2944256K), 0.0167650 secs]
[GC 1905581K->1649389K(2944256K), 0.0164420 secs]
[GC 1905581K->1649389K(2944256K), 0.0159250 secs]
[GC 1905581K->1649389K(2944256K), 0.0162630 secs]
[GC 1905581K->1649389K(2944256K), 0.0157730 secs]
[GC 1905581K->1649389K(2944256K), 0.0152860 secs]
[GC 1905581K->1649389K(2944256K), 0.0139060 secs]
[GC 1905581K->1649389K(2944256K), 0.0134470 secs]
[GC 1905581K->1649389K(2944256K), 0.0134180 secs]
[GC 1905581K->1649389K(2944256K), 0.0133790 secs]
[GC 1905581K->1649389K(2944256K), 0.0135860 secs]
[GC 1905581K->1649389K(2944256K), 0.0135440 secs]
[GC 1905581K->1649389K(2944256K), 0.0257690 secs]
[GC 1905581K->1649389K(2944256K), 0.0165680 secs]
[GC 1905581K->1649389K(2944256K), 0.0162750 secs]
 INFO  [hz._hzInstance_1_FenixFrameworkGroup.IO.thread-in-1] {com.hazelcast.nio.TcpIpConnection} [127.0.0.1]:5702 [FenixFrameworkGroup] Connection [Address[127.0.0.1]:5701] lost. Reason: java.io.EOFException[Remote socket closed!]
 WARN  [hz._hzInstance_1_FenixFrameworkGroup.IO.thread-in-1] {com.hazelcast.nio.ReadHandler} [127.0.0.1]:5702 [FenixFrameworkGroup] hz._hzInstance_1_FenixFrameworkGroup.IO.thread-in-1 Closing socket to endpoint Address[127.0.0.1]:5701, Cause:java.io.EOFException: Remote socket closed!
 INFO  [hz._hzInstance_1_FenixFrameworkGroup.IO.thread-in-0] {com.hazelcast.nio.TcpIpConnection} [127.0.0.1]:5702 [FenixFrameworkGroup] Connection [Address[127.0.0.1]:5703] lost. Reason: java.io.EOFException[Remote socket closed!]
 WARN  [hz._hzInstance_1_FenixFrameworkGroup.IO.thread-in-0] {com.hazelcast.nio.ReadHandler} [127.0.0.1]:5702 [FenixFrameworkGroup] hz._hzInstance_1_FenixFrameworkGroup.IO.thread-in-0 Closing socket to endpoint Address[127.0.0.1]:5703, Cause:java.io.EOFException: Remote socket closed!
 INFO  [hz._hzInstance_1_FenixFrameworkGroup.IO.thread-in-2] {com.hazelcast.nio.TcpIpConnection} [127.0.0.1]:5702 [FenixFrameworkGroup] Connection [Address[127.0.0.1]:5704] lost. Reason: java.io.EOFException[Remote socket closed!]
 WARN  [hz._hzInstance_1_FenixFrameworkGroup.IO.thread-in-2] {com.hazelcast.nio.ReadHandler} [127.0.0.1]:5702 [FenixFrameworkGroup] hz._hzInstance_1_FenixFrameworkGroup.IO.thread-in-2 Closing socket to endpoint Address[127.0.0.1]:5704, Cause:java.io.EOFException: Remote socket closed!
[GC 1905581K->1649392K(2944256K), 0.0160270 secs]
 INFO  [main] {org.radargun.Slave} Master shutdown!
 INFO  [Thread-0] {org.radargun.ShutDownHook} Slave process is being shutdown
[GC 1905584K->1649413K(2944256K), 0.0157740 secs]
 INFO  [hz.ShutdownThread] {com.hazelcast.initializer} [127.0.0.1]:5702 [FenixFrameworkGroup] Destroying node initializer.
 INFO  [hz.ShutdownThread] {com.hazelcast.instance.Node} [127.0.0.1]:5702 [FenixFrameworkGroup] Hazelcast Shutdown is completed in 75 ms.
