/usr/java/jdk1.7.0_21/bin/java -server -Xmx1024M -Xms1024M -Dresolve.dns=false -Djgroups.timer.num_threads=4 -verbose:gc -Xmx5000M -Xms3000M -server -XX:+UseConcMarkSweepGC -XX:+AggressiveOpts -verbose:gc -XX:ParallelGCThreads=4 -XX:NewRatio=5 -XX:SurvivorRatio=2 -Dhazelcast.operation.thread.count=4 -Djava.net.preferIPv4Stack=true -Dlog4j.file.prefix=deimos-esw-12255 -Dbind.address= -Djgroups.bind_addr= -classpath /home/smf/github/radargun/target/distribution/RadarGun-1.1.0-SNAPSHOT/lib/activation-1.1.jar:/home/smf/github/radargun/target/distribution/RadarGun-1.1.0-SNAPSHOT/lib/commons-beanutils-1.8.0.jar:/home/smf/github/radargun/target/distribution/RadarGun-1.1.0-SNAPSHOT/lib/commons-digester-2.0.jar:/home/smf/github/radargun/target/distribution/RadarGun-1.1.0-SNAPSHOT/lib/commons-logging-1.1.1.jar:/home/smf/github/radargun/target/distribution/RadarGun-1.1.0-SNAPSHOT/lib/commons-math-1.2.jar:/home/smf/github/radargun/target/distribution/RadarGun-1.1.0-SNAPSHOT/lib/jboss-transaction-api-1.0.1.GA.jar:/home/smf/github/radargun/target/distribution/RadarGun-1.1.0-SNAPSHOT/lib/jcommon-1.0.15.jar:/home/smf/github/radargun/target/distribution/RadarGun-1.1.0-SNAPSHOT/lib/jfreechart-1.0.12.jar:/home/smf/github/radargun/target/distribution/RadarGun-1.1.0-SNAPSHOT/lib/log4j-1.2.14.jar:/home/smf/github/radargun/target/distribution/RadarGun-1.1.0-SNAPSHOT/lib/mail-1.4.2.jar:/home/smf/github/radargun/target/distribution/RadarGun-1.1.0-SNAPSHOT/lib/radargun-framework-1.1.0-SNAPSHOT.jar:/home/smf/github/radargun/target/distribution/RadarGun-1.1.0-SNAPSHOT/conf org.radargun.Slave -master 127.0.0.1:2103
--------------------------------------------------------------------------------
PerNodeRollingFileAppender::Using file prefix:deimos-esw-12255
 INFO  [main] {org.radargun.Slave} Attempting to connect to master 127.0.0.1:2103
 INFO  [main] {org.radargun.Slave} Successfully established connection with master at: 127.0.0.1:2103
Loading JARS from /home/smf/github/radargun/target/distribution/RadarGun-1.1.0-SNAPSHOT/lib/radargun-framework-1.1.0-SNAPSHOT.jar
 INFO  [pool-1-thread-1] {org.radargun.config.AnnotatedHelper} Loading JARS from /home/smf/github/radargun/target/distribution/RadarGun-1.1.0-SNAPSHOT/lib/radargun-framework-1.1.0-SNAPSHOT.jar
 INFO  [pool-1-thread-1] {org.radargun.config.AnnotatedHelper} Loading JARS from /home/smf/github/radargun/target/distribution/RadarGun-1.1.0-SNAPSHOT/lib/radargun-framework-1.1.0-SNAPSHOT.jar
 INFO  [pool-1-thread-1] {org.radargun.Slave} Executing stage: DestroyWrapper {enforceMemoryThrashHold=true, exitBenchmarkOnSlaveFailure=false, heapDumpDir=null, memoryThreshold=95, runOnAllSlaves=true, slaves=null, useSmartClassLoading=true }
 INFO  [pool-1-thread-1] {org.radargun.stages.DestroyWrapperStage} Received destroy cache wrapper request from master...
 INFO  [pool-1-thread-1] {org.radargun.stages.DestroyWrapperStage} No cache wrapper deployed on this slave, nothing to do.
 INFO  [pool-1-thread-1] {org.radargun.stages.DestroyWrapperStage} Before executing clear, memory looks like this: Memory - free: 2,928,638 kb - max:4,906,688 kb- total:2,944,000 kb
[Full GC 15361K->3631K(2944000K), 0.1125330 secs]
 INFO  [pool-1-thread-1] {org.radargun.stages.DestroyWrapperStage} After executing cleanup, memory looks like this: Memory - free: 2,935,311 kb - max:4,906,688 kb- total:2,944,064 kb
 INFO  [pool-1-thread-1] {org.radargun.Slave} Finished stage: DestroyWrapper {enforceMemoryThrashHold=true, exitBenchmarkOnSlaveFailure=false, heapDumpDir=null, memoryThreshold=95, runOnAllSlaves=true, slaves=null, useSmartClassLoading=true }
 INFO  [main] {org.radargun.Slave} Ack successfully sent to the master
 INFO  [pool-1-thread-1] {org.radargun.Slave} Executing stage: StartCluster {config=hzl3-repl-sync.xml, delayAfterFirstSlaveStarts=5.000 secs, delayBetweenStartingSlaves=0.500 secs, exitBenchmarkOnSlaveFailure=true, expectNumSlaves=null, mayFailOn=null, reachable=null, runOnAllSlaves=false, slaves=null, staggerSlaveStartup=true, useSmartClassLoading=true, validateCluster=true }
 INFO  [pool-1-thread-1] {org.radargun.stages.StartClusterStage}  Startup staggering, starting 12 slaves. This is the slave with index 7. Sleeping for 8500 millis.
 INFO  [pool-1-thread-1] {org.radargun.stages.StartClusterStage} Ack master's StartCluster stage. Local address is: /127.0.0.1. This slave's index is: 7
 INFO  [pool-1-thread-1] {org.radargun.utils.ClassLoadHelper} Creating newInstance org.radargun.cachewrappers.FFWrapper with classloader java.net.URLClassLoader@2527bdee
 INFO  [pool-1-thread-1] {org.radargun.cachewrappers.FFWrapper} config=hzl3-repl-sync.xml, isLocal=false, nodeIndex=7, confAttributes={name=hzl3-repl-sync.xml, decorate=hazelcast3}
 INFO  [pool-1-thread-1] {org.radargun.cachewrappers.FFWrapper} Found fenix framework config options in 'rg-fenix-framework-config-options.properties'.
 INFO  [pool-1-thread-1] {org.radargun.cachewrappers.FFWrapper} Setting extra config properties for Fenix Framework.
 INFO  [pool-1-thread-1] {org.radargun.cachewrappers.FFWrapper} Will initialize Fenix Framework with RadarGunDataGridConfig
 TRACE [pool-1-thread-1] {pt.ist.fenixframework.FenixFramework} Static initializer block for FenixFramework class [BEGIN]
 INFO  [pool-1-thread-1] {pt.ist.fenixframework.FenixFramework} Trying auto-initialization with configuration by convention
 INFO  [pool-1-thread-1] {pt.ist.fenixframework.FenixFramework} Resource 'fenix-framework.properties' not found
 DEBUG [pool-1-thread-1] {pt.ist.fenixframework.FenixFramework} Fenix Framework properties after reading default config file:{}
 DEBUG [pool-1-thread-1] {pt.ist.fenixframework.FenixFramework} CurrentBackEndName = jvstm-datagrid
 INFO  [pool-1-thread-1] {pt.ist.fenixframework.FenixFramework} Resource 'fenix-framework-jvstm-datagrid.properties' not found
 DEBUG [pool-1-thread-1] {pt.ist.fenixframework.FenixFramework} Fenix Framework properties after reading backend config file:{}
 DEBUG [pool-1-thread-1] {pt.ist.fenixframework.FenixFramework} Fenix Framework properties after enforcing system properties:{}
 INFO  [pool-1-thread-1] {pt.ist.fenixframework.FenixFramework} Skipping configuration by convention.
 TRACE [pool-1-thread-1] {pt.ist.fenixframework.FenixFramework} Static initializer block for FenixFramework class [END]
 INFO  [pool-1-thread-1] {pt.ist.fenixframework.FenixFramework} Initializing Fenix Framework with config.class=pt.ist.fenixframework.backend.jvstm.datagrid.radargun.RadarGunDataGridConfig
 INFO  [pool-1-thread-1] {pt.ist.fenixframework.backend.jvstm.cluster.JvstmClusterBackEnd} initializeGroupCommunication()
 INFO  [pool-1-thread-1] {com.hazelcast.config.ClasspathXmlConfig} Configuring Hazelcast from 'hazelcast-ff.xml'.
 INFO  [pool-1-thread-1] {com.hazelcast.instance.DefaultAddressPicker} Interfaces is disabled, trying to pick one address from TCP-IP config addresses: [127.0.0.1]
 INFO  [pool-1-thread-1] {com.hazelcast.instance.DefaultAddressPicker} Picked Address[127.0.0.1]:5709, using socket ServerSocket[addr=/0.0.0.0,localport=5709], bind any local is true
 INFO  [pool-1-thread-1] {com.hazelcast.system} [127.0.0.1]:5709 [FenixFrameworkGroup] Hazelcast Community Edition 3.0.2 (20130906) starting at Address[127.0.0.1]:5709
 INFO  [pool-1-thread-1] {com.hazelcast.system} [127.0.0.1]:5709 [FenixFrameworkGroup] Copyright (C) 2008-2013 Hazelcast.com
 INFO  [pool-1-thread-1] {com.hazelcast.instance.Node} [127.0.0.1]:5709 [FenixFrameworkGroup] Creating MulticastJoiner
 INFO  [pool-1-thread-1] {com.hazelcast.core.LifecycleService} [127.0.0.1]:5709 [FenixFrameworkGroup] Address[127.0.0.1]:5709 is STARTING
 INFO  [pool-1-thread-1] {com.hazelcast.cluster.TcpIpJoiner} [127.0.0.1]:5709 [FenixFrameworkGroup] Connecting to possible member: Address[127.0.0.1]:5703
 INFO  [pool-1-thread-1] {com.hazelcast.cluster.TcpIpJoiner} [127.0.0.1]:5709 [FenixFrameworkGroup] Connecting to possible member: Address[127.0.0.1]:5702
 INFO  [pool-1-thread-1] {com.hazelcast.cluster.TcpIpJoiner} [127.0.0.1]:5709 [FenixFrameworkGroup] Connecting to possible member: Address[127.0.0.1]:5701
 INFO  [hz._hzInstance_1_FenixFrameworkGroup.cached.thread-1] {com.hazelcast.nio.SocketConnector} [127.0.0.1]:5709 [FenixFrameworkGroup] Connecting to /127.0.0.1:5701, timeout: 0, bind-any: true
 INFO  [hz._hzInstance_1_FenixFrameworkGroup.cached.thread-2] {com.hazelcast.nio.SocketConnector} [127.0.0.1]:5709 [FenixFrameworkGroup] Connecting to /127.0.0.1:5703, timeout: 0, bind-any: true
 INFO  [hz._hzInstance_1_FenixFrameworkGroup.cached.thread-3] {com.hazelcast.nio.SocketConnector} [127.0.0.1]:5709 [FenixFrameworkGroup] Connecting to /127.0.0.1:5702, timeout: 0, bind-any: true
 INFO  [hz._hzInstance_1_FenixFrameworkGroup.cached.thread-3] {com.hazelcast.nio.TcpIpConnectionManager} [127.0.0.1]:5709 [FenixFrameworkGroup] 43438 accepted socket connection from /127.0.0.1:5702
 INFO  [hz._hzInstance_1_FenixFrameworkGroup.cached.thread-1] {com.hazelcast.nio.TcpIpConnectionManager} [127.0.0.1]:5709 [FenixFrameworkGroup] 36438 accepted socket connection from /127.0.0.1:5701
 INFO  [hz._hzInstance_1_FenixFrameworkGroup.cached.thread-2] {com.hazelcast.nio.TcpIpConnectionManager} [127.0.0.1]:5709 [FenixFrameworkGroup] 37087 accepted socket connection from /127.0.0.1:5703
 INFO  [hz._hzInstance_1_FenixFrameworkGroup.IO.thread-in-0] {com.hazelcast.nio.TcpIpConnection} [127.0.0.1]:5709 [FenixFrameworkGroup] Connection [Address[127.0.0.1]:5702] lost. Reason: java.io.EOFException[Remote socket closed!]
 WARN  [hz._hzInstance_1_FenixFrameworkGroup.IO.thread-in-0] {com.hazelcast.nio.ReadHandler} [127.0.0.1]:5709 [FenixFrameworkGroup] hz._hzInstance_1_FenixFrameworkGroup.IO.thread-in-0 Closing socket to endpoint Address[127.0.0.1]:5702, Cause:java.io.EOFException: Remote socket closed!
 INFO  [hz._hzInstance_1_FenixFrameworkGroup.cached.thread-1] {com.hazelcast.cluster.ClusterService} [127.0.0.1]:5709 [FenixFrameworkGroup] 

Members [12] {
	Member [127.0.0.1]:5701
	Member [127.0.0.1]:5703
	Member [127.0.0.1]:5704
	Member [127.0.0.1]:5705
	Member [127.0.0.1]:5706
	Member [127.0.0.1]:5707
	Member [127.0.0.1]:5708
	Member [127.0.0.1]:5709 this
	Member [127.0.0.1]:5710
	Member [127.0.0.1]:5711
	Member [127.0.0.1]:5712
	Member [127.0.0.1]:5713
}

 INFO  [hz._hzInstance_1_FenixFrameworkGroup.IO.thread-Acceptor] {com.hazelcast.nio.SocketAcceptor} [127.0.0.1]:5709 [FenixFrameworkGroup] Accepting socket connection from /127.0.0.1:57867
 INFO  [hz._hzInstance_1_FenixFrameworkGroup.IO.thread-Acceptor] {com.hazelcast.nio.TcpIpConnectionManager} [127.0.0.1]:5709 [FenixFrameworkGroup] 5709 accepted socket connection from /127.0.0.1:57867
 INFO  [hz._hzInstance_1_FenixFrameworkGroup.cached.thread-5] {com.hazelcast.nio.SocketConnector} [127.0.0.1]:5709 [FenixFrameworkGroup] Connecting to /127.0.0.1:5704, timeout: 0, bind-any: true
 INFO  [hz._hzInstance_1_FenixFrameworkGroup.cached.thread-5] {com.hazelcast.nio.TcpIpConnectionManager} [127.0.0.1]:5709 [FenixFrameworkGroup] 57037 accepted socket connection from /127.0.0.1:5704
 INFO  [hz._hzInstance_1_FenixFrameworkGroup.IO.thread-Acceptor] {com.hazelcast.nio.SocketAcceptor} [127.0.0.1]:5709 [FenixFrameworkGroup] Accepting socket connection from /127.0.0.1:42931
 INFO  [hz._hzInstance_1_FenixFrameworkGroup.IO.thread-Acceptor] {com.hazelcast.nio.TcpIpConnectionManager} [127.0.0.1]:5709 [FenixFrameworkGroup] 5709 accepted socket connection from /127.0.0.1:42931
 INFO  [hz._hzInstance_1_FenixFrameworkGroup.IO.thread-Acceptor] {com.hazelcast.nio.SocketAcceptor} [127.0.0.1]:5709 [FenixFrameworkGroup] Accepting socket connection from /127.0.0.1:42405
 INFO  [hz._hzInstance_1_FenixFrameworkGroup.IO.thread-Acceptor] {com.hazelcast.nio.TcpIpConnectionManager} [127.0.0.1]:5709 [FenixFrameworkGroup] 5709 accepted socket connection from /127.0.0.1:42405
 INFO  [hz._hzInstance_1_FenixFrameworkGroup.IO.thread-Acceptor] {com.hazelcast.nio.SocketAcceptor} [127.0.0.1]:5709 [FenixFrameworkGroup] Accepting socket connection from /127.0.0.1:47763
 INFO  [hz._hzInstance_1_FenixFrameworkGroup.IO.thread-Acceptor] {com.hazelcast.nio.TcpIpConnectionManager} [127.0.0.1]:5709 [FenixFrameworkGroup] 5709 accepted socket connection from /127.0.0.1:47763
 INFO  [hz._hzInstance_1_FenixFrameworkGroup.IO.thread-Acceptor] {com.hazelcast.nio.SocketAcceptor} [127.0.0.1]:5709 [FenixFrameworkGroup] Accepting socket connection from /127.0.0.1:57368
 INFO  [hz._hzInstance_1_FenixFrameworkGroup.IO.thread-Acceptor] {com.hazelcast.nio.TcpIpConnectionManager} [127.0.0.1]:5709 [FenixFrameworkGroup] 5709 accepted socket connection from /127.0.0.1:57368
 INFO  [hz._hzInstance_1_FenixFrameworkGroup.cached.thread-7] {com.hazelcast.nio.SocketConnector} [127.0.0.1]:5709 [FenixFrameworkGroup] Connecting to /127.0.0.1:5706, timeout: 0, bind-any: true
 INFO  [hz._hzInstance_1_FenixFrameworkGroup.IO.thread-Acceptor] {com.hazelcast.nio.SocketAcceptor} [127.0.0.1]:5709 [FenixFrameworkGroup] Accepting socket connection from /127.0.0.1:45765
 INFO  [hz._hzInstance_1_FenixFrameworkGroup.cached.thread-7] {com.hazelcast.nio.TcpIpConnectionManager} [127.0.0.1]:5709 [FenixFrameworkGroup] 37278 accepted socket connection from /127.0.0.1:5706
 INFO  [hz._hzInstance_1_FenixFrameworkGroup.IO.thread-Acceptor] {com.hazelcast.nio.TcpIpConnectionManager} [127.0.0.1]:5709 [FenixFrameworkGroup] 5709 accepted socket connection from /127.0.0.1:45765
 INFO  [hz._hzInstance_1_FenixFrameworkGroup.IO.thread-Acceptor] {com.hazelcast.nio.SocketAcceptor} [127.0.0.1]:5709 [FenixFrameworkGroup] Accepting socket connection from /127.0.0.1:34972
 INFO  [hz._hzInstance_1_FenixFrameworkGroup.cached.thread-4] {com.hazelcast.nio.SocketConnector} [127.0.0.1]:5709 [FenixFrameworkGroup] Connecting to /127.0.0.1:5707, timeout: 0, bind-any: true
 INFO  [hz._hzInstance_1_FenixFrameworkGroup.cached.thread-7] {com.hazelcast.nio.SocketConnector} [127.0.0.1]:5709 [FenixFrameworkGroup] Connecting to /127.0.0.1:5710, timeout: 0, bind-any: true
 INFO  [hz._hzInstance_1_FenixFrameworkGroup.IO.thread-Acceptor] {com.hazelcast.nio.TcpIpConnectionManager} [127.0.0.1]:5709 [FenixFrameworkGroup] 5709 accepted socket connection from /127.0.0.1:34972
 INFO  [hz._hzInstance_1_FenixFrameworkGroup.cached.thread-2] {com.hazelcast.nio.SocketConnector} [127.0.0.1]:5709 [FenixFrameworkGroup] Connecting to /127.0.0.1:5711, timeout: 0, bind-any: true
 INFO  [hz._hzInstance_1_FenixFrameworkGroup.cached.thread-5] {com.hazelcast.nio.SocketConnector} [127.0.0.1]:5709 [FenixFrameworkGroup] Connecting to /127.0.0.1:5712, timeout: 0, bind-any: true
 INFO  [hz._hzInstance_1_FenixFrameworkGroup.cached.thread-4] {com.hazelcast.nio.TcpIpConnectionManager} [127.0.0.1]:5709 [FenixFrameworkGroup] 59342 accepted socket connection from /127.0.0.1:5707
 INFO  [hz._hzInstance_1_FenixFrameworkGroup.cached.thread-2] {com.hazelcast.nio.TcpIpConnectionManager} [127.0.0.1]:5709 [FenixFrameworkGroup] 55275 accepted socket connection from /127.0.0.1:5711
 INFO  [hz._hzInstance_1_FenixFrameworkGroup.cached.thread-7] {com.hazelcast.nio.TcpIpConnectionManager} [127.0.0.1]:5709 [FenixFrameworkGroup] 57253 accepted socket connection from /127.0.0.1:5710
 INFO  [hz._hzInstance_1_FenixFrameworkGroup.IO.thread-Acceptor] {com.hazelcast.nio.SocketAcceptor} [127.0.0.1]:5709 [FenixFrameworkGroup] Accepting socket connection from /127.0.0.1:51039
 INFO  [hz._hzInstance_1_FenixFrameworkGroup.cached.thread-5] {com.hazelcast.nio.TcpIpConnectionManager} [127.0.0.1]:5709 [FenixFrameworkGroup] 60945 accepted socket connection from /127.0.0.1:5712
 INFO  [hz._hzInstance_1_FenixFrameworkGroup.IO.thread-Acceptor] {com.hazelcast.nio.TcpIpConnectionManager} [127.0.0.1]:5709 [FenixFrameworkGroup] 5709 accepted socket connection from /127.0.0.1:51039
 INFO  [hz._hzInstance_1_FenixFrameworkGroup.IO.thread-Acceptor] {com.hazelcast.nio.SocketAcceptor} [127.0.0.1]:5709 [FenixFrameworkGroup] Accepting socket connection from /127.0.0.1:59113
 INFO  [hz._hzInstance_1_FenixFrameworkGroup.IO.thread-Acceptor] {com.hazelcast.nio.TcpIpConnectionManager} [127.0.0.1]:5709 [FenixFrameworkGroup] 5709 accepted socket connection from /127.0.0.1:59113
 INFO  [pool-1-thread-1] {com.hazelcast.core.LifecycleService} [127.0.0.1]:5709 [FenixFrameworkGroup] Address[127.0.0.1]:5709 is STARTED
 INFO  [pool-1-thread-1] {pt.ist.fenixframework.backend.jvstm.cluster.ClusterUtils} Got (long) serverId: 6
 INFO  [pool-1-thread-1] {pt.ist.fenixframework.backend.jvstm.cluster.JvstmClusterBackEnd} This is NOT the first node.
 INFO  [pool-1-thread-1] {pt.ist.fenixframework.backend.jvstm.cluster.ClusterUtils} Waiting for startup from first node
 INFO  [pool-1-thread-1] {pt.ist.fenixframework.backend.jvstm.JVSTMBackEnd} initializeRepository()
 INFO  [pool-1-thread-1] {pt.ist.fenixframework.backend.jvstm.datagrid.radargun.DataGridDecorator} config=hzl3-repl-sync.xml, isLocal=false, nodeIndex=7, confAttributes={name=hzl3-repl-sync.xml}
 INFO  [pool-1-thread-1] {org.radargun.cachewrappers.Hazelcast3Wrapper} Creating cache with the following configuration: hzl3-repl-sync.xml
 INFO  [pool-1-thread-1] {com.hazelcast.instance.DefaultAddressPicker} Interfaces is disabled, trying to pick one address from TCP-IP config addresses: [127.0.0.1]
 INFO  [pool-1-thread-1] {com.hazelcast.instance.DefaultAddressPicker} Picked Address[127.0.0.1]:5719, using socket ServerSocket[addr=/0.0.0.0,localport=5719], bind any local is true
 INFO  [pool-1-thread-1] {com.hazelcast.system} [127.0.0.1]:5719 [dev] Hazelcast Community Edition 3.0.2 (20130906) starting at Address[127.0.0.1]:5719
 INFO  [pool-1-thread-1] {com.hazelcast.system} [127.0.0.1]:5719 [dev] Copyright (C) 2008-2013 Hazelcast.com
 INFO  [pool-1-thread-1] {com.hazelcast.instance.Node} [127.0.0.1]:5719 [dev] Creating MulticastJoiner
 INFO  [pool-1-thread-1] {com.hazelcast.core.LifecycleService} [127.0.0.1]:5719 [dev] Address[127.0.0.1]:5719 is STARTING
 INFO  [pool-1-thread-1] {com.hazelcast.cluster.TcpIpJoiner} [127.0.0.1]:5719 [dev] Connecting to possible member: Address[127.0.0.1]:5703
 INFO  [pool-1-thread-1] {com.hazelcast.cluster.TcpIpJoiner} [127.0.0.1]:5719 [dev] Connecting to possible member: Address[127.0.0.1]:5702
 INFO  [pool-1-thread-1] {com.hazelcast.cluster.TcpIpJoiner} [127.0.0.1]:5719 [dev] Connecting to possible member: Address[127.0.0.1]:5701
 INFO  [hz._hzInstance_2_dev.cached.thread-2] {com.hazelcast.nio.SocketConnector} [127.0.0.1]:5719 [dev] Connecting to /127.0.0.1:5703, timeout: 0, bind-any: true
 INFO  [hz._hzInstance_2_dev.cached.thread-3] {com.hazelcast.nio.SocketConnector} [127.0.0.1]:5719 [dev] Connecting to /127.0.0.1:5702, timeout: 0, bind-any: true
 INFO  [hz._hzInstance_2_dev.cached.thread-2] {com.hazelcast.nio.TcpIpConnectionManager} [127.0.0.1]:5719 [dev] 56515 accepted socket connection from /127.0.0.1:5703
 INFO  [hz._hzInstance_2_dev.cached.thread-1] {com.hazelcast.nio.SocketConnector} [127.0.0.1]:5719 [dev] Connecting to /127.0.0.1:5701, timeout: 0, bind-any: true
 INFO  [hz._hzInstance_2_dev.cached.thread-3] {com.hazelcast.nio.TcpIpConnectionManager} [127.0.0.1]:5719 [dev] 58864 accepted socket connection from /127.0.0.1:5702
 INFO  [hz._hzInstance_2_dev.cached.thread-1] {com.hazelcast.nio.TcpIpConnectionManager} [127.0.0.1]:5719 [dev] 34374 accepted socket connection from /127.0.0.1:5701
 INFO  [hz._hzInstance_2_dev.IO.thread-in-0] {com.hazelcast.nio.TcpIpConnection} [127.0.0.1]:5719 [dev] Connection [Address[127.0.0.1]:5703] lost. Reason: java.io.EOFException[Remote socket closed!]
 INFO  [hz._hzInstance_2_dev.IO.thread-in-2] {com.hazelcast.nio.TcpIpConnection} [127.0.0.1]:5719 [dev] Connection [Address[127.0.0.1]:5701] lost. Reason: java.io.EOFException[Remote socket closed!]
 WARN  [hz._hzInstance_2_dev.IO.thread-in-0] {com.hazelcast.nio.ReadHandler} [127.0.0.1]:5719 [dev] hz._hzInstance_2_dev.IO.thread-in-0 Closing socket to endpoint Address[127.0.0.1]:5703, Cause:java.io.EOFException: Remote socket closed!
 WARN  [hz._hzInstance_2_dev.IO.thread-in-2] {com.hazelcast.nio.ReadHandler} [127.0.0.1]:5719 [dev] hz._hzInstance_2_dev.IO.thread-in-2 Closing socket to endpoint Address[127.0.0.1]:5701, Cause:java.io.EOFException: Remote socket closed!
 INFO  [hz._hzInstance_2_dev.cached.thread-1] {com.hazelcast.cluster.ClusterService} [127.0.0.1]:5719 [dev] 

Members [12] {
	Member [127.0.0.1]:5702
	Member [127.0.0.1]:5714
	Member [127.0.0.1]:5715
	Member [127.0.0.1]:5716
	Member [127.0.0.1]:5717
	Member [127.0.0.1]:5718
	Member [127.0.0.1]:5719 this
	Member [127.0.0.1]:5720
	Member [127.0.0.1]:5721
	Member [127.0.0.1]:5722
	Member [127.0.0.1]:5723
	Member [127.0.0.1]:5724
}

[GC 259695K->11190K(2944064K), 0.0441790 secs]
 INFO  [hz._hzInstance_2_dev.IO.thread-Acceptor] {com.hazelcast.nio.SocketAcceptor} [127.0.0.1]:5719 [dev] Accepting socket connection from /127.0.0.1:47528
 INFO  [hz._hzInstance_2_dev.cached.thread-7] {com.hazelcast.nio.SocketConnector} [127.0.0.1]:5719 [dev] Connecting to /127.0.0.1:5715, timeout: 0, bind-any: true
 INFO  [hz._hzInstance_2_dev.cached.thread-2] {com.hazelcast.nio.SocketConnector} [127.0.0.1]:5719 [dev] Connecting to /127.0.0.1:5714, timeout: 0, bind-any: true
 INFO  [hz._hzInstance_2_dev.cached.thread-7] {com.hazelcast.nio.TcpIpConnectionManager} [127.0.0.1]:5719 [dev] 59426 accepted socket connection from /127.0.0.1:5715
 INFO  [hz._hzInstance_2_dev.cached.thread-8] {com.hazelcast.nio.SocketConnector} [127.0.0.1]:5719 [dev] Connecting to /127.0.0.1:5720, timeout: 0, bind-any: true
 INFO  [hz._hzInstance_2_dev.cached.thread-10] {com.hazelcast.nio.SocketConnector} [127.0.0.1]:5719 [dev] Connecting to /127.0.0.1:5716, timeout: 0, bind-any: true
 INFO  [hz._hzInstance_2_dev.cached.thread-8] {com.hazelcast.nio.TcpIpConnectionManager} [127.0.0.1]:5719 [dev] 45966 accepted socket connection from /127.0.0.1:5720
 INFO  [hz._hzInstance_2_dev.IO.thread-Acceptor] {com.hazelcast.nio.TcpIpConnectionManager} [127.0.0.1]:5719 [dev] 5719 accepted socket connection from /127.0.0.1:47528
 INFO  [hz._hzInstance_2_dev.IO.thread-Acceptor] {com.hazelcast.nio.SocketAcceptor} [127.0.0.1]:5719 [dev] Accepting socket connection from /127.0.0.1:47060
 INFO  [hz._hzInstance_2_dev.cached.thread-10] {com.hazelcast.nio.TcpIpConnectionManager} [127.0.0.1]:5719 [dev] 50289 accepted socket connection from /127.0.0.1:5716
 INFO  [hz._hzInstance_2_dev.cached.thread-7] {com.hazelcast.nio.SocketConnector} [127.0.0.1]:5719 [dev] Connecting to /127.0.0.1:5721, timeout: 0, bind-any: true
 INFO  [hz._hzInstance_2_dev.cached.thread-2] {com.hazelcast.nio.TcpIpConnectionManager} [127.0.0.1]:5719 [dev] 37407 accepted socket connection from /127.0.0.1:5714
 INFO  [hz._hzInstance_2_dev.cached.thread-13] {com.hazelcast.nio.SocketConnector} [127.0.0.1]:5719 [dev] Connecting to /127.0.0.1:5718, timeout: 0, bind-any: true
 INFO  [hz._hzInstance_2_dev.cached.thread-12] {com.hazelcast.nio.SocketConnector} [127.0.0.1]:5719 [dev] Connecting to /127.0.0.1:5717, timeout: 0, bind-any: true
 INFO  [hz._hzInstance_2_dev.cached.thread-7] {com.hazelcast.nio.TcpIpConnectionManager} [127.0.0.1]:5719 [dev] 56583 accepted socket connection from /127.0.0.1:5721
 INFO  [hz._hzInstance_2_dev.cached.thread-14] {com.hazelcast.nio.SocketConnector} [127.0.0.1]:5719 [dev] Connecting to /127.0.0.1:5723, timeout: 0, bind-any: true
 INFO  [hz._hzInstance_2_dev.cached.thread-10] {com.hazelcast.nio.SocketConnector} [127.0.0.1]:5719 [dev] Connecting to /127.0.0.1:5722, timeout: 0, bind-any: true
 INFO  [hz._hzInstance_2_dev.IO.thread-Acceptor] {com.hazelcast.nio.TcpIpConnectionManager} [127.0.0.1]:5719 [dev] 5719 accepted socket connection from /127.0.0.1:47060
 INFO  [hz._hzInstance_2_dev.cached.thread-10] {com.hazelcast.nio.TcpIpConnectionManager} [127.0.0.1]:5719 [dev] 35779 accepted socket connection from /127.0.0.1:5722
 INFO  [hz._hzInstance_2_dev.IO.thread-Acceptor] {com.hazelcast.nio.SocketAcceptor} [127.0.0.1]:5719 [dev] Accepting socket connection from /127.0.0.1:48595
 INFO  [hz._hzInstance_2_dev.cached.thread-14] {com.hazelcast.nio.TcpIpConnectionManager} [127.0.0.1]:5719 [dev] 56869 accepted socket connection from /127.0.0.1:5723
 INFO  [hz._hzInstance_2_dev.IO.thread-Acceptor] {com.hazelcast.nio.TcpIpConnectionManager} [127.0.0.1]:5719 [dev] 5719 accepted socket connection from /127.0.0.1:48595
 INFO  [hz._hzInstance_2_dev.IO.thread-Acceptor] {com.hazelcast.nio.SocketAcceptor} [127.0.0.1]:5719 [dev] Accepting socket connection from /127.0.0.1:46323
 INFO  [hz._hzInstance_2_dev.IO.thread-Acceptor] {com.hazelcast.nio.TcpIpConnectionManager} [127.0.0.1]:5719 [dev] 5719 accepted socket connection from /127.0.0.1:46323
 INFO  [hz._hzInstance_2_dev.cached.thread-12] {com.hazelcast.nio.TcpIpConnectionManager} [127.0.0.1]:5719 [dev] 42786 accepted socket connection from /127.0.0.1:5717
 INFO  [hz._hzInstance_2_dev.cached.thread-11] {com.hazelcast.nio.SocketConnector} [127.0.0.1]:5719 [dev] Connecting to /127.0.0.1:5724, timeout: 0, bind-any: true
 INFO  [hz._hzInstance_2_dev.cached.thread-13] {com.hazelcast.nio.TcpIpConnectionManager} [127.0.0.1]:5719 [dev] 46131 accepted socket connection from /127.0.0.1:5718
 INFO  [hz._hzInstance_2_dev.IO.thread-Acceptor] {com.hazelcast.nio.SocketAcceptor} [127.0.0.1]:5719 [dev] Accepting socket connection from /127.0.0.1:59639
 INFO  [hz._hzInstance_2_dev.cached.thread-11] {com.hazelcast.nio.TcpIpConnectionManager} [127.0.0.1]:5719 [dev] 57131 accepted socket connection from /127.0.0.1:5724
 INFO  [hz._hzInstance_2_dev.IO.thread-Acceptor] {com.hazelcast.nio.TcpIpConnectionManager} [127.0.0.1]:5719 [dev] 5719 accepted socket connection from /127.0.0.1:59639
 INFO  [hz._hzInstance_2_dev.IO.thread-Acceptor] {com.hazelcast.nio.SocketAcceptor} [127.0.0.1]:5719 [dev] Accepting socket connection from /127.0.0.1:51591
 INFO  [hz._hzInstance_2_dev.IO.thread-Acceptor] {com.hazelcast.nio.TcpIpConnectionManager} [127.0.0.1]:5719 [dev] 5719 accepted socket connection from /127.0.0.1:51591
 INFO  [hz._hzInstance_2_dev.IO.thread-Acceptor] {com.hazelcast.nio.SocketAcceptor} [127.0.0.1]:5719 [dev] Accepting socket connection from /127.0.0.1:42648
 INFO  [hz._hzInstance_2_dev.IO.thread-Acceptor] {com.hazelcast.nio.TcpIpConnectionManager} [127.0.0.1]:5719 [dev] 5719 accepted socket connection from /127.0.0.1:42648
 INFO  [hz._hzInstance_2_dev.IO.thread-Acceptor] {com.hazelcast.nio.SocketAcceptor} [127.0.0.1]:5719 [dev] Accepting socket connection from /127.0.0.1:47256
 INFO  [hz._hzInstance_2_dev.IO.thread-Acceptor] {com.hazelcast.nio.TcpIpConnectionManager} [127.0.0.1]:5719 [dev] 5719 accepted socket connection from /127.0.0.1:47256
 INFO  [hz._hzInstance_2_dev.IO.thread-Acceptor] {com.hazelcast.nio.SocketAcceptor} [127.0.0.1]:5719 [dev] Accepting socket connection from /127.0.0.1:42619
 INFO  [hz._hzInstance_2_dev.IO.thread-Acceptor] {com.hazelcast.nio.TcpIpConnectionManager} [127.0.0.1]:5719 [dev] 5719 accepted socket connection from /127.0.0.1:42619
 INFO  [hz._hzInstance_2_dev.IO.thread-Acceptor] {com.hazelcast.nio.SocketAcceptor} [127.0.0.1]:5719 [dev] Accepting socket connection from /127.0.0.1:37978
 INFO  [hz._hzInstance_2_dev.IO.thread-Acceptor] {com.hazelcast.nio.TcpIpConnectionManager} [127.0.0.1]:5719 [dev] 5719 accepted socket connection from /127.0.0.1:37978
 WARN  [pool-1-thread-1] {com.hazelcast.instance.Node} [127.0.0.1]:5719 [dev] Config seed port is 5701 and cluster size is 12. Some of the ports seem occupied!
 INFO  [pool-1-thread-1] {com.hazelcast.core.LifecycleService} [127.0.0.1]:5719 [dev] Address[127.0.0.1]:5719 is STARTED
 INFO  [pool-1-thread-1] {org.radargun.cachewrappers.Hazelcast3Wrapper} Hazelcast configuration:Config{groupConfig=GroupConfig [name=dev, password=********], properties={hazelcast.logging.type=log4j}, networkConfig=NetworkConfig {publicAddress='null', port=5701, portCount=100, portAutoIncrement=true, join=JoinConfig{multicastConfig=MulticastConfig [enabled=true, multicastGroup=224.0.2.128, multicastPort=54327, multicastTimeToLive=32, multicastTimeoutSeconds=2, trustedInterfaces=[]], tcpIpConfig=TcpIpConfig [enabled=true, connectionTimeoutSeconds=5, members=[127.0.0.1], requiredMember=null], awsConfig=AwsConfig{enabled=false, region='us-east-1', securityGroupName='null', tagKey='null', tagValue='null', hostHeader='ec2.amazonaws.com', connectionTimeoutSeconds=5}}, interfaces=InterfacesConfig{enabled=false, interfaces=[]}, sslConfig=null, socketInterceptorConfig=null, symmetricEncryptionConfig=null}, mapConfigs={default=MapConfig{name='default', inMemoryFormat=BINARY', backupCount=5, asyncBackupCount=0, timeToLiveSeconds=0, maxIdleSeconds=0, evictionPolicy='NONE', evictionPercentage=0, maxSizeConfig=MaxSizeConfig{maxSizePolicy='PER_PARTITION', size=2147483647}, readBackupData=true, nearCacheConfig=null, mapStoreConfig=null, mergePolicyConfig='hz.ADD_NEW_ENTRY', wanReplicationRef=null, listenerConfigs=[], mapIndexConfigs=[], storageType=null}}, topicConfigs={}, queueConfigs={}, multiMapConfigs={}, executorConfigs={default=ExecutorConfig{name='default', poolSize=8, queueCapacity=2147483647}}, semaphoreConfigs={}, wanReplicationConfigs={}, listenerConfigs=[], partitionGroupConfig=PartitionGroupConfig{enabled=false, groupType=PER_MEMBER, memberGroupConfigs=[]}, managementCenterConfig=ManagementCenterConfig{enabled=false, url='null', updateInterval=5}, securityConfig=SecurityConfig{enabled=false, memberCredentialsConfig=CredentialsFactoryConfig{className='null', implementation=null, properties={}}, memberLoginModuleConfigs=[], clientLoginModuleConfigs=[], clientPolicyConfig=PermissionPolicyConfig{className='null', implementation=null, properties={}}, clientPermissionConfigs=[]}}
 INFO  [pool-1-thread-1] {pt.ist.fenixframework.backend.jvstm.datagrid.DataGridRepository} Initialization marker is present. Data Grid already existed.
 INFO  [pool-1-thread-1] {pt.ist.fenixframework.backend.jvstm.JVSTMBackEnd} initializeDomainClassInfos
 INFO  [pool-1-thread-1] {pt.ist.fenixframework.backend.jvstm.pstm.DomainClassInfo} serverId: 6, serverOidBase: 6000000000000
 INFO  [pool-1-thread-1] {pt.ist.fenixframework.backend.jvstm.pstm.DomainClassInfo} Existing domain class 'pt.ist.fenixframework.adt.linkedlist.ListNode' with id '6'
 INFO  [pool-1-thread-1] {pt.ist.fenixframework.backend.jvstm.pstm.DomainClassInfo} Existing domain class 'pt.ist.fenixframework.adt.bplustree.InnerNodeArray' with id 'b'
 INFO  [pool-1-thread-1] {pt.ist.fenixframework.backend.jvstm.pstm.DomainClassInfo} Existing domain class 'pt.ist.fenixframework.adt.bplustree.DomainLeafNode' with id '1'
 INFO  [pool-1-thread-1] {pt.ist.fenixframework.backend.jvstm.pstm.DomainClassInfo} Existing domain class 'pt.ist.fenixframework.backend.jvstm.pstm.FenixFrameworkData' with id 'd'
 INFO  [pool-1-thread-1] {pt.ist.fenixframework.backend.jvstm.pstm.DomainClassInfo} Existing domain class 'pt.ist.fenixframework.adt.bplustree.BPlusTree' with id '7'
 INFO  [pool-1-thread-1] {pt.ist.fenixframework.backend.jvstm.pstm.DomainClassInfo} Existing domain class 'pt.ist.fenixframework.adt.bplustree.LeafNode' with id '4'
 INFO  [pool-1-thread-1] {pt.ist.fenixframework.backend.jvstm.pstm.DomainClassInfo} Existing domain class 'pt.ist.fenixframework.adt.bplustree.LeafNodeArray' with id 'c'
 INFO  [pool-1-thread-1] {pt.ist.fenixframework.backend.jvstm.pstm.DomainClassInfo} Existing domain class 'pt.ist.fenixframework.adt.bplustree.AbstractNodeArray' with id 'a'
 INFO  [pool-1-thread-1] {pt.ist.fenixframework.backend.jvstm.pstm.DomainClassInfo} Existing domain class 'pt.ist.fenixframework.adt.bplustree.BPlusTreeArray' with id '2'
 INFO  [pool-1-thread-1] {pt.ist.fenixframework.backend.jvstm.pstm.DomainClassInfo} Existing domain class 'pt.ist.fenixframework.DomainRoot' with id '0'
 INFO  [pool-1-thread-1] {pt.ist.fenixframework.backend.jvstm.pstm.DomainClassInfo} Existing domain class 'pt.ist.fenixframework.adt.bplustree.AbstractNode' with id 'f'
 INFO  [pool-1-thread-1] {pt.ist.fenixframework.backend.jvstm.pstm.DomainClassInfo} Existing domain class 'pt.ist.fenixframework.adt.bplustree.DomainInnerNode' with id '3'
 INFO  [pool-1-thread-1] {pt.ist.fenixframework.backend.jvstm.pstm.DomainClassInfo} Existing domain class 'pt.ist.fenixframework.adt.bplustree.InnerNode' with id '8'
 INFO  [pool-1-thread-1] {pt.ist.fenixframework.backend.jvstm.pstm.DomainClassInfo} Existing domain class 'pt.ist.fenixframework.backend.jvstm.pstm.TransactionStatisticsEntry' with id '5'
 INFO  [pool-1-thread-1] {pt.ist.fenixframework.backend.jvstm.pstm.DomainClassInfo} Existing domain class 'pt.ist.fenixframework.adt.linkedlist.LinkedList' with id '9'
 INFO  [pool-1-thread-1] {pt.ist.fenixframework.backend.jvstm.pstm.DomainClassInfo} Existing domain class 'pt.ist.fenixframework.adt.bplustree.DomainBPlusTree' with id 'e'
 INFO  [pool-1-thread-1] {pt.ist.fenixframework.backend.jvstm.JVSTMBackEnd} setupJVSTM
 INFO  [pool-1-thread-1] {pt.ist.fenixframework.backend.jvstm.JVSTMBackEnd} Setting the last committed TX number to 2
 INFO  [pool-1-thread-1] {pt.ist.fenixframework.backend.jvstm.JVSTMBackEnd} createDomainRootIfNeeded
 INFO  [pool-1-thread-1] {pt.ist.fenixframework.backend.jvstm.JVSTMBackEnd} ensureFenixFrameworkDataExists
 INFO  [pool-1-thread-1] {pt.ist.fenixframework.hibernatesearch.HibernateSearchConfig} Resource 'fenix-framework-hibernate-search.properties' not found. Hibernate Search disabled
 INFO  [pool-1-thread-1] {pt.ist.fenixframework.FenixFramework} Initialization of Fenix Framework is now complete.
 INFO  [pool-1-thread-1] {org.radargun.cachewrappers.FFWrapper} FF STARTED=true
 INFO  [pool-1-thread-1] {org.radargun.stages.helpers.StartHelper} Number of members is the one expected: 12
 INFO  [pool-1-thread-1] {org.radargun.stages.StartClusterStage} Successfully started cache wrapper on slave 7: org.radargun.cachewrappers.FFWrapper@44a100c9
 INFO  [pool-1-thread-1] {org.radargun.Slave} Finished stage: StartCluster {config=hzl3-repl-sync.xml, delayAfterFirstSlaveStarts=5.000 secs, delayBetweenStartingSlaves=0.500 secs, exitBenchmarkOnSlaveFailure=true, expectNumSlaves=null, mayFailOn=null, reachable=null, runOnAllSlaves=false, slaves=null, staggerSlaveStartup=true, useSmartClassLoading=true, validateCluster=true }
 INFO  [main] {org.radargun.Slave} Ack successfully sent to the master
 INFO  [pool-1-thread-1] {org.radargun.Slave} Executing stage: ClusterValidation {exitBenchmarkOnSlaveFailure=false, partialReplication=false, replicationTimeSleep=2000, replicationTryCount=60, runOnAllSlaves=false, slaves=null, useSmartClassLoading=true }
 WARN  [hz._hzInstance_2_dev.cached.thread-15] {com.hazelcast.transaction.TransactionManagerService} [127.0.0.1]:5719 [dev] No tx backup log is found, tx -> dae1f28e-ce6b-46b1-a822-adbe050fd4a6
 WARN  [hz._hzInstance_2_dev.cached.thread-15] {com.hazelcast.transaction.TransactionManagerService} [127.0.0.1]:5719 [dev] No tx backup log is found, tx -> 254250fa-4645-4864-997e-52e956a51ba2
 WARN  [hz._hzInstance_2_dev.cached.thread-15] {com.hazelcast.transaction.TransactionManagerService} [127.0.0.1]:5719 [dev] No tx backup log is found, tx -> c3f50ddd-95ec-4bcf-904c-89652c0d473e
 WARN  [hz._hzInstance_2_dev.cached.thread-15] {com.hazelcast.transaction.TransactionManagerService} [127.0.0.1]:5719 [dev] No tx backup log is found, tx -> 155c5e23-c4d4-41a2-bbb8-f7685ce18409
 WARN  [hz._hzInstance_2_dev.cached.thread-15] {com.hazelcast.transaction.TransactionManagerService} [127.0.0.1]:5719 [dev] No tx backup log is found, tx -> 119ccc15-490d-40d8-8b00-5f0e66fa8afe
 WARN  [hz._hzInstance_2_dev.cached.thread-15] {com.hazelcast.transaction.TransactionManagerService} [127.0.0.1]:5719 [dev] No tx backup log is found, tx -> 008ee525-8e92-4562-8268-b0111871a9bb
 INFO  [pool-1-thread-1] {org.radargun.stages.ClusterValidationStage} Number of caches that replicated here is 7
 INFO  [pool-1-thread-1] {org.radargun.stages.ClusterValidationStage} Replication test failed, 1 tries so far. Sleeping for 2 seconds and trying again.
 INFO  [pool-1-thread-1] {org.radargun.stages.ClusterValidationStage} Number of caches that replicated here is 11
 INFO  [pool-1-thread-1] {org.radargun.stages.ClusterValidationStage} Replication test successfully passed. partialReplication? false, replicationCount = 11
 WARN  [hz._hzInstance_2_dev.cached.thread-8] {com.hazelcast.transaction.TransactionManagerService} [127.0.0.1]:5719 [dev] No tx backup log is found, tx -> 345be344-4c17-4f9c-80c9-c45ab68b7853
 INFO  [pool-1-thread-1] {org.radargun.stages.ClusterValidationStage} Confirm phase successful.
 INFO  [pool-1-thread-1] {org.radargun.Slave} Finished stage: ClusterValidation {exitBenchmarkOnSlaveFailure=false, partialReplication=false, replicationTimeSleep=2000, replicationTryCount=60, runOnAllSlaves=false, slaves=[ 0, 1, 2, 3, 4, 5, 6, 7, 8, 9, 10, 11 ], useSmartClassLoading=true }
 INFO  [main] {org.radargun.Slave} Ack successfully sent to the master
 INFO  [pool-1-thread-1] {org.radargun.Slave} Executing stage: StressTestWarmup {bulkSize=1, cacheSpecificKeyGenerator=false, commitTransactions=true, duration=1 mins 0 secs, entrySize=1000, exitBenchmarkOnSlaveFailure=false, fixedKeys=true, generateHistogramRange=false, keyGeneratorClass=org.radargun.stressors.StringKeyGenerator, keyGeneratorParam=null, loadAllKeys=false, numEntries=100, numOfThreads=4, numRequests=10000, numThreads=4, numberOfAttributes=100, numberOfRequests=10000, opsCountStatusLog=100000, poolKeys=true, preferAsyncOperations=false, removePercentage=0, replaceInvalidPercentage=40, runOnAllSlaves=false, sharedKeys=false, sizeOfAnAttribute=1000, slaves=null, transactionSize=50, useAtomics=false, useHistogramStatistics=false, useSimpleStatistics=true, useSmartClassLoading=true, useTransactions=null, writePercentage=20, writeTxPercentage=20 }
 INFO  [pool-1-thread-1] {org.radargun.stages.StressTestWarmupStage} Starting StressTestWarmupStage: StressTestWarmup {bulkSize=1, cacheSpecificKeyGenerator=false, commitTransactions=true, duration=1 mins 0 secs, entrySize=1000, exitBenchmarkOnSlaveFailure=false, fixedKeys=true, generateHistogramRange=false, keyGeneratorClass=org.radargun.stressors.StringKeyGenerator, keyGeneratorParam=null, loadAllKeys=false, numEntries=100, numOfThreads=4, numRequests=10000, numThreads=4, numberOfAttributes=100, numberOfRequests=10000, opsCountStatusLog=100000, poolKeys=true, preferAsyncOperations=false, removePercentage=0, replaceInvalidPercentage=40, runOnAllSlaves=false, sharedKeys=false, sizeOfAnAttribute=1000, slaves=null, transactionSize=50, useAtomics=false, useHistogramStatistics=false, useSimpleStatistics=true, useSmartClassLoading=true, useTransactions=null, writePercentage=20, writeTxPercentage=20 }
 INFO  [pool-1-thread-1] {org.radargun.stressors.StressTestStressor} Using key generator org.radargun.stressors.StringKeyGenerator, param null
 INFO  [pool-1-thread-1] {org.radargun.stressors.StressTestStressor} Executing: StressTestStressor{opsCountStatusLog=100000, numRequests=10000, numEntries=100, entrySize=1000, writePercentage=20, numThreads=4, cacheWrapper=org.radargun.cachewrappers.FFWrapper@44a100c9, nodeIndex=7, useTransactions=true, transactionSize=50, commitTransactions=true, durationMillis=60000}
 INFO  [pool-1-thread-1] {org.radargun.stressors.StressTestStressor} Cache wrapper info is: FFWrapper using hazelcast3
[GC 267254K->11550K(2944064K), 0.0359530 secs]
 INFO  [hz._hzInstance_2_dev.scheduled] {com.hazelcast.partition.PartitionService} [127.0.0.1]:5719 [dev] Re-sending sync replica request for partition: 2, replica: 5
 INFO  [hz._hzInstance_2_dev.scheduled] {com.hazelcast.partition.PartitionService} [127.0.0.1]:5719 [dev] Re-sending sync replica request for partition: 5, replica: 4
 INFO  [hz._hzInstance_2_dev.scheduled] {com.hazelcast.partition.PartitionService} [127.0.0.1]:5719 [dev] Re-sending sync replica request for partition: 6, replica: 2
 INFO  [hz._hzInstance_2_dev.scheduled] {com.hazelcast.partition.PartitionService} [127.0.0.1]:5719 [dev] Re-sending sync replica request for partition: 1, replica: 4
 INFO  [hz._hzInstance_2_dev.scheduled] {com.hazelcast.partition.PartitionService} [127.0.0.1]:5719 [dev] Re-sending sync replica request for partition: 4, replica: 1
[GC 267614K->12801K(2944064K), 0.0326670 secs]
[GC 268865K->13164K(2944064K), 0.0318970 secs]
[GC 269228K->14200K(2944064K), 0.0288380 secs]
[GC 270264K->15075K(2944064K), 0.0321390 secs]
 INFO  [pool-1-thread-1] {org.radargun.stressors.StressTestStressor} Started 4 stressor threads.
 INFO  [Stressor-2] {org.radargun.stressors.StressTestStressor} Number of ops executed so far: 1. Elapsed time: 0.000 secs. Remaining: 1 mins 0 secs. Total: 1 mins 0 secs
[GC 271139K->15925K(2944064K), 0.0339430 secs]
[GC 271989K->19026K(2944064K), 0.0353390 secs]
[GC 275090K->19896K(2944064K), 0.0332010 secs]
[GC 275960K->15882K(2944064K), 0.0341230 secs]
[GC 271946K->19128K(2944064K), 0.0342130 secs]
 INFO  [Stressor-2] {org.radargun.stressors.StressTestStressor} Number of ops executed so far: 8250. Elapsed time: 20.008 secs. Remaining: 39.992 secs. Total: 1 mins 0 secs
[GC 275192K->19910K(2944064K), 0.0364060 secs]
[GC 275974K->20776K(2944064K), 0.0342130 secs]
[GC 276840K->21610K(2944064K), 0.0374510 secs]
[GC 277674K->22453K(2944064K), 0.0364670 secs]
[GC 278517K->27492K(2944064K), 0.0513930 secs]
 INFO  [Stressor-0] {org.radargun.stressors.StressTestStressor} Number of ops executed so far: 15400. Elapsed time: 40.009 secs. Remaining: 19.991 secs. Total: 1 mins 0 secs
[GC 283556K->22297K(2944064K), 0.0377250 secs]
[GC 278361K->24575K(2944064K), 0.0313020 secs]
[GC 280639K->23692K(2944064K), 0.0297290 secs]
[GC 279756K->24551K(2944064K), 0.0294480 secs]
[GC 280615K->25346K(2944064K), 0.0308250 secs]
 INFO  [Stressor-0] {org.radargun.stressors.StressTestStressor} Number of ops executed so far: 32600. Elapsed time: 1 mins 0 secs. Remaining: 0.000 secs. Total: 1 mins 0 secs
 INFO  [pool-1-thread-1] {org.radargun.stressors.StressTestStressor} Finished generating report. Test duration is: 1 mins 22 secs
 INFO  [pool-1-thread-1] {org.radargun.stages.StressTestWarmupStage} The warmup took: 82 seconds.
 INFO  [pool-1-thread-1] {org.radargun.Slave} Finished stage: StressTestWarmup {bulkSize=1, cacheSpecificKeyGenerator=false, commitTransactions=true, duration=1 mins 0 secs, entrySize=1000, exitBenchmarkOnSlaveFailure=false, fixedKeys=true, generateHistogramRange=false, keyGeneratorClass=org.radargun.stressors.StringKeyGenerator, keyGeneratorParam=null, loadAllKeys=false, numEntries=100, numOfThreads=4, numRequests=10000, numThreads=4, numberOfAttributes=100, numberOfRequests=10000, opsCountStatusLog=100000, poolKeys=true, preferAsyncOperations=false, removePercentage=0, replaceInvalidPercentage=40, runOnAllSlaves=false, sharedKeys=false, sizeOfAnAttribute=1000, slaves=null, transactionSize=50, useAtomics=false, useHistogramStatistics=false, useSimpleStatistics=true, useSmartClassLoading=true, useTransactions=null, writePercentage=20, writeTxPercentage=20 }
 INFO  [main] {org.radargun.Slave} Ack successfully sent to the master
[GC 281410K->26112K(2944064K), 0.0306450 secs]
[GC 282176K->26600K(2944064K), 0.0308640 secs]
[GC 282664K->27227K(2944064K), 0.0316390 secs]
[GC 283291K->27871K(2944064K), 0.0316160 secs]
[GC 283935K->30867K(2944064K), 0.0329050 secs]
[GC 286931K->26786K(2944064K), 0.0600680 secs]
[GC 282850K->28651K(2944064K), 0.0309130 secs]
[GC 284715K->30499K(2944064K), 0.0342370 secs]
[GC 286563K->31659K(2944064K), 0.0301440 secs]
[GC 287723K->32586K(2944064K), 0.0348850 secs]
[GC 288650K->33687K(2944064K), 0.0301750 secs]
[GC 289751K->37399K(2944064K), 0.0339680 secs]
[GC 293463K->32643K(2944064K), 0.0350380 secs]
[GC 288707K->37368K(2944064K), 0.0322430 secs]
[GC 293432K->37168K(2944064K), 0.0330410 secs]
[GC 293232K->43409K(2944064K), 0.0305040 secs]
[GC 299473K->37459K(2944064K), 0.0319380 secs]
[GC 293523K->41759K(2944064K), 0.0365920 secs]
 INFO  [pool-1-thread-1] {org.radargun.Slave} Executing stage: ClearClusterStage {ClearCluster {exitBenchmarkOnSlaveFailure=false, runOnAllSlaves=false, slaves=[ 0 ], useSmartClassLoading=true }
 INFO  [pool-1-thread-1] {org.radargun.stages.ClearClusterStage} Before executing clear, memory looks like this: Memory - free: 2,706,919 kb - max:4,906,688 kb- total:2,944,064 kb
[Full GC 237144K->40906K(2944064K), 0.3743980 secs]
 INFO  [pool-1-thread-1] {org.radargun.stages.ClearClusterStage} After executing cleanup, memory looks like this: Memory - free: 2,902,721 kb - max:4,906,688 kb- total:2,944,192 kb
 INFO  [pool-1-thread-1] {org.radargun.Slave} Finished stage: ClearClusterStage {ClearCluster {exitBenchmarkOnSlaveFailure=false, runOnAllSlaves=false, slaves=[ 0 ], useSmartClassLoading=true }
 INFO  [main] {org.radargun.Slave} Ack successfully sent to the master
 INFO  [pool-1-thread-1] {org.radargun.Slave} Executing stage: StressTest {bulkSize=1, cacheSpecificKeyGenerator=false, commitTransactions=true, duration=1 mins 0 secs, entrySize=1000, exitBenchmarkOnSlaveFailure=false, fixedKeys=true, generateHistogramRange=false, keyGeneratorClass=org.radargun.stressors.StringKeyGenerator, keyGeneratorParam=null, loadAllKeys=false, numEntries=10000, numOfThreads=4, numRequests=10000000, numThreads=4, numberOfAttributes=10000, numberOfRequests=10000000, opsCountStatusLog=500000, poolKeys=true, preferAsyncOperations=false, removePercentage=0, replaceInvalidPercentage=40, runOnAllSlaves=false, sharedKeys=false, sizeOfAnAttribute=1000, slaves=null, transactionSize=10000, useAtomics=false, useHistogramStatistics=false, useSimpleStatistics=true, useSmartClassLoading=true, useTransactions=true, writePercentage=10, writeTxPercentage=1 }
 INFO  [pool-1-thread-1] {org.radargun.stages.StressTestStage} Starting StressTestStage: StressTest {bulkSize=1, cacheSpecificKeyGenerator=false, commitTransactions=true, duration=1 mins 0 secs, entrySize=1000, exitBenchmarkOnSlaveFailure=false, fixedKeys=true, generateHistogramRange=false, keyGeneratorClass=org.radargun.stressors.StringKeyGenerator, keyGeneratorParam=null, loadAllKeys=false, numEntries=10000, numOfThreads=4, numRequests=10000000, numThreads=4, numberOfAttributes=10000, numberOfRequests=10000000, opsCountStatusLog=500000, poolKeys=true, preferAsyncOperations=false, removePercentage=0, replaceInvalidPercentage=40, runOnAllSlaves=false, sharedKeys=false, sizeOfAnAttribute=1000, slaves=null, transactionSize=10000, useAtomics=false, useHistogramStatistics=false, useSimpleStatistics=true, useSmartClassLoading=true, useTransactions=true, writePercentage=10, writeTxPercentage=1 }
 INFO  [pool-1-thread-1] {org.radargun.stressors.StressTestStressor} Using key generator org.radargun.stressors.StringKeyGenerator, param null
 INFO  [pool-1-thread-1] {org.radargun.stressors.StressTestStressor} Executing: StressTestStressor{opsCountStatusLog=500000, numRequests=10000000, numEntries=10000, entrySize=1000, writePercentage=10, numThreads=4, cacheWrapper=org.radargun.cachewrappers.FFWrapper@44a100c9, nodeIndex=7, useTransactions=true, transactionSize=10000, commitTransactions=true, durationMillis=60000}
 INFO  [pool-1-thread-1] {org.radargun.stressors.StressTestStressor} Cache wrapper info is: FFWrapper using hazelcast3
[GC 297034K->55574K(2944192K), 0.0267390 secs]
[GC 311702K->44806K(2944192K), 0.0267710 secs]
[GC 300934K->44267K(2944192K), 0.0269520 secs]
[GC 300395K->45017K(2944192K), 0.0257460 secs]
[GC 301145K->45472K(2944192K), 0.0260290 secs]
[GC 301600K->46511K(2944192K), 0.0290320 secs]
[GC 302639K->47566K(2944192K), 0.0271390 secs]
[GC 303694K->48625K(2944192K), 0.0290100 secs]
[GC 304753K->49661K(2944192K), 0.0298890 secs]
[GC 305789K->50711K(2944192K), 0.0308460 secs]
[GC 306839K->51755K(2944192K), 0.0283820 secs]
[GC 307883K->52762K(2944192K), 0.0309090 secs]
[GC 308890K->53704K(2944192K), 0.0310590 secs]
[GC 309832K->54721K(2944192K), 0.0298460 secs]
[GC 310849K->55700K(2944192K), 0.0284040 secs]
[GC 311828K->55576K(2944192K), 0.0357280 secs]
[GC 311704K->55972K(2944192K), 0.0333900 secs]
[GC 312100K->56646K(2944192K), 0.0317430 secs]
[GC 312774K->57350K(2944192K), 0.0322210 secs]
[GC 313478K->58079K(2944192K), 0.0346820 secs]
[GC 314207K->58829K(2944192K), 0.0364910 secs]
[GC 314957K->59513K(2944192K), 0.0341360 secs]
[GC 315641K->60165K(2944192K), 0.0308120 secs]
[GC 316293K->60827K(2944192K), 0.0323920 secs]
[GC 316955K->61501K(2944192K), 0.0306410 secs]
[GC 317629K->62185K(2944192K), 0.0283350 secs]
[GC 318313K->65434K(2944192K), 0.0315310 secs]
[GC 321562K->63634K(2944192K), 0.0311550 secs]
[GC 319762K->64254K(2944192K), 0.0322970 secs]
[GC 320382K->64961K(2944192K), 0.0318640 secs]
[GC 321089K->65657K(2944192K), 0.0731060 secs]
[GC 321785K->66340K(2944192K), 0.0302950 secs]
[GC 322468K->67004K(2944192K), 0.0323050 secs]
[GC 323132K->67771K(2944192K), 0.0327970 secs]
[GC 323899K->68430K(2944192K), 0.0355400 secs]
[GC 324558K->69056K(2944192K), 0.0377630 secs]
[GC 325184K->72264K(2944192K), 0.0331560 secs]
[GC 328392K->72982K(2944192K), 0.0309180 secs]
[GC 329110K->76260K(2944192K), 0.0331830 secs]
[GC 332388K->71895K(2944192K), 0.0296130 secs]
[GC 328023K->73735K(2944192K), 0.0342720 secs]
[GC 329863K->75422K(2944192K), 0.0290620 secs]
[GC 331550K->76418K(2944192K), 0.0321490 secs]
[GC 332546K->74656K(2944192K), 0.0309280 secs]
[GC 330784K->77943K(2944192K), 0.0331850 secs]
[GC 334071K->78596K(2944192K), 0.0304110 secs]
[GC 334724K->79348K(2944192K), 0.0329360 secs]
[GC 335476K->80027K(2944192K), 0.0307060 secs]
[GC 336155K->80626K(2944192K), 0.0339130 secs]
[GC 336754K->81321K(2944192K), 0.0338040 secs]
[GC 337449K->82006K(2944192K), 0.0485580 secs]
[GC 338134K->80102K(2944192K), 0.0308390 secs]
[GC 336230K->83275K(2944192K), 0.0338800 secs]
[GC 339403K->83923K(2944192K), 0.0326450 secs]
[GC 340051K->84549K(2944192K), 0.0302190 secs]
[GC 340677K->85164K(2944192K), 0.0301840 secs]
[GC 341292K->85843K(2944192K), 0.0305280 secs]
[GC 341971K->84015K(2944192K), 0.0321480 secs]
[GC 340143K->87134K(2944192K), 0.0304500 secs]
[GC 343262K->87843K(2944192K), 0.0294260 secs]
[GC 343971K->88531K(2944192K), 0.0324810 secs]
[GC 344659K->86693K(2944192K), 0.0330840 secs]
[GC 342821K->87350K(2944192K), 0.0319750 secs]
[GC 343478K->90530K(2944192K), 0.0323380 secs]
[GC 346658K->91219K(2944192K), 0.0311870 secs]
[GC 347347K->89323K(2944192K), 0.0321300 secs]
[GC 345451K->92511K(2944192K), 0.0284100 secs]
[GC 348639K->93104K(2944192K), 0.0314300 secs]
[GC 349232K->93759K(2944192K), 0.0321740 secs]
[GC 349887K->94345K(2944192K), 0.0293660 secs]
[GC 350473K->95031K(2944192K), 0.0314870 secs]
[GC 351159K->95619K(2944192K), 0.0539600 secs]
[GC 351747K->93810K(2944192K), 0.0357580 secs]
[GC 349938K->94499K(2944192K), 0.0410250 secs]
[GC 350627K->95154K(2944192K), 0.0391570 secs]
[GC 351282K->98268K(2944192K), 0.0323700 secs]
[GC 354396K->96467K(2944192K), 0.0324220 secs]
[GC 352595K->99476K(2944192K), 0.0303690 secs]
[GC 355604K->100108K(2944192K), 0.0352250 secs]
[GC 356236K->100758K(2944192K), 0.0336980 secs]
[GC 356886K->101415K(2944192K), 0.0314080 secs]
[GC 357543K->99609K(2944192K), 0.0332270 secs]
[GC 355737K->102691K(2944192K), 0.0299690 secs]
[GC 358819K->103293K(2944192K), 0.0344010 secs]
[GC 359421K->107073K(2944192K), 0.0359050 secs]
[GC 363201K->109291K(2944192K), 0.0327380 secs]
[GC 365419K->114680K(2944192K), 0.0298200 secs]
[GC 370808K->107295K(2944192K), 0.0319640 secs]
[GC 363423K->117168K(2944192K), 0.0360580 secs]
[GC 373296K->112432K(2944192K), 0.0356870 secs]
[GC 368560K->121777K(2944192K), 0.0344320 secs]
[GC 377905K->116195K(2944192K), 0.0341510 secs]
[GC 372323K->126325K(2944192K), 0.0335270 secs]
[GC 382453K->119933K(2944192K), 0.0346690 secs]
[GC 376061K->130936K(2944192K), 0.0368890 secs]
[GC 387064K->123703K(2944192K), 0.0377750 secs]
[GC 379831K->135629K(2944192K), 0.0371270 secs]
[GC 391757K->123971K(2944192K), 0.0368000 secs]
[GC 380099K->140647K(2944192K), 0.0385560 secs]
[GC 396775K->128425K(2944192K), 0.0382260 secs]
[GC 384553K->138989K(2944192K), 0.0367530 secs]
[GC 395117K->137405K(2944192K), 0.0373190 secs]
[GC 393533K->133467K(2944192K), 0.0390180 secs]
[GC 389595K->140542K(2944192K), 0.0349740 secs]
[GC 396670K->136015K(2944192K), 0.0369290 secs]
[GC 392143K->137114K(2944192K), 0.0384150 secs]
[GC 393242K->138360K(2944192K), 0.0408740 secs]
[GC 394488K->139714K(2944192K), 0.0386300 secs]
[GC 395842K->140935K(2944192K), 0.0389810 secs]
[GC 397063K->142172K(2944192K), 0.0408780 secs]
[GC 398300K->143248K(2944192K), 0.0420020 secs]
[GC 399376K->144489K(2944192K), 0.0410770 secs]
[GC 400617K->145580K(2944192K), 0.0382750 secs]
[GC 401708K->146814K(2944192K), 0.0434790 secs]
[GC 402942K->152571K(2944192K), 0.0409300 secs]
[GC 408699K->153459K(2944192K), 0.0464460 secs]
[GC 409587K->154776K(2944192K), 0.0397300 secs]
[GC 410904K->155924K(2944192K), 0.0437420 secs]
[GC 412052K->157257K(2944192K), 0.0389940 secs]
[GC 413385K->158543K(2944192K), 0.0356450 secs]
[GC 414671K->159731K(2944192K), 0.0381820 secs]
[GC 415859K->161201K(2944192K), 0.0402140 secs]
[GC 417329K->162457K(2944192K), 0.0397610 secs]
[GC 418585K->163765K(2944192K), 0.0433400 secs]
[GC 419893K->160358K(2944192K), 0.0417380 secs]
[GC 416486K->161798K(2944192K), 0.0396610 secs]
[GC 417926K->167947K(2944192K), 0.0400700 secs]
[GC 424075K->169448K(2944192K), 0.0414920 secs]
[GC 425576K->166107K(2944192K), 0.0396320 secs]
[GC 422235K->167505K(2944192K), 0.0375110 secs]
[GC 423633K->168940K(2944192K), 0.0393350 secs]
[GC 425068K->170313K(2944192K), 0.0411550 secs]
[GC 426441K->176688K(2944192K), 0.0563050 secs]
[GC 432816K->178173K(2944192K), 0.0432610 secs]
[GC 434301K->174520K(2944192K), 0.0375770 secs]
[GC 430648K->176080K(2944192K), 0.0399770 secs]
[GC 432208K->177508K(2944192K), 0.0362800 secs]
[GC 433636K->178969K(2944192K), 0.0367310 secs]
[GC 435097K->180317K(2944192K), 0.0387700 secs]
[GC 436445K->186799K(2944192K), 0.0374630 secs]
[GC 442927K->188080K(2944192K), 0.0404190 secs]
[GC 444208K->189417K(2944192K), 0.0427570 secs]
[GC 445545K->190931K(2944192K), 0.0367810 secs]
[GC 447059K->187111K(2944192K), 0.0408700 secs]
[GC 443239K->188398K(2944192K), 0.0426010 secs]
[GC 444526K->194907K(2944192K), 0.0408900 secs]
[GC 451035K->196268K(2944192K), 0.0363030 secs]
[GC 452396K->197744K(2944192K), 0.0393630 secs]
[GC 453872K->193877K(2944192K), 0.0356600 secs]
[GC 450005K->195176K(2944192K), 0.0381070 secs]
[GC 451304K->196522K(2944192K), 0.0430510 secs]
[GC 452650K->202997K(2944192K), 0.0469130 secs]
[GC 459125K->204269K(2944192K), 0.0388640 secs]
[GC 460397K->205554K(2944192K), 0.0563050 secs]
 INFO  [pool-1-thread-1] {org.radargun.stressors.StressTestStressor} Started 4 stressor threads.
 INFO  [Stressor-0] {org.radargun.stressors.StressTestStressor} Number of ops executed so far: 1. Elapsed time: 0.000 secs. Remaining: 1 mins 0 secs. Total: 1 mins 0 secs
[GC 461682K->211896K(2944192K), 0.0405010 secs]
[GC 468024K->206790K(2944192K), 0.0396460 secs]
[GC 462918K->218356K(2944192K), 0.0375270 secs]
[GC 474484K->220067K(2944192K), 0.0395530 secs]
[GC 476195K->211858K(2944192K), 0.0388160 secs]
[GC 467986K->213052K(2944192K), 0.0371140 secs]
[GC 469180K->219348K(2944192K), 0.0371600 secs]
[GC 475476K->221040K(2944192K), 0.0378250 secs]
[GC 477168K->228294K(2944192K), 0.0389440 secs]
[GC 484422K->217664K(2944192K), 0.0383530 secs]
 INFO  [Stressor-1] {org.radargun.stressors.StressTestStressor} Number of ops executed so far: 4200000. Elapsed time: 20.088 secs. Remaining: 39.912 secs. Total: 1 mins 0 secs
[GC 473792K->234223K(2944192K), 0.0408000 secs]
[GC 490351K->221410K(2944192K), 0.0381680 secs]
[GC 477538K->237876K(2944192K), 0.0394640 secs]
[GC 494004K->228313K(2944192K), 0.0409810 secs]
[GC 484441K->242259K(2944192K), 0.0406220 secs]
[GC 498387K->228701K(2944192K), 0.0404050 secs]
[GC 484829K->241543K(2944192K), 0.0390820 secs]
 INFO  [Stressor-1] {org.radargun.stressors.StressTestStressor} Number of ops executed so far: 4680000. Elapsed time: 41.805 secs. Remaining: 18.195 secs. Total: 1 mins 0 secs
[GC 497671K->242549K(2944192K), 0.0400190 secs]
[GC 498677K->244807K(2944192K), 0.0438060 secs]
[GC 500935K->246019K(2944192K), 0.0399370 secs]
[GC 502147K->255839K(2944192K), 0.0394280 secs]
[GC 511967K->243435K(2944192K), 0.0401330 secs]
[GC 499563K->254657K(2944192K), 0.0526780 secs]
[GC 510785K->260918K(2944192K), 0.0381170 secs]
 INFO  [Stressor-0] {org.radargun.stressors.StressTestStressor} Number of ops executed so far: 7400000. Elapsed time: 1 mins 3 secs. Remaining: 0.000 secs. Total: 1 mins 0 secs
[GC 517046K->249036K(2944192K), 0.0435600 secs]
 INFO  [pool-1-thread-1] {org.radargun.stressors.StressTestStressor} Finished generating report. Test duration is: 11 mins 49 secs
 INFO  [pool-1-thread-1] {org.radargun.stages.StressTestStage} size info: FFWrapper using hazelcast3, clusterSize:12, nodeIndex:7, cacheSize: -1
 INFO  [pool-1-thread-1] {org.radargun.Slave} Finished stage: StressTest {bulkSize=1, cacheSpecificKeyGenerator=false, commitTransactions=true, duration=1 mins 0 secs, entrySize=1000, exitBenchmarkOnSlaveFailure=false, fixedKeys=true, generateHistogramRange=false, keyGeneratorClass=org.radargun.stressors.StringKeyGenerator, keyGeneratorParam=null, loadAllKeys=false, numEntries=10000, numOfThreads=4, numRequests=10000000, numThreads=4, numberOfAttributes=10000, numberOfRequests=10000000, opsCountStatusLog=500000, poolKeys=true, preferAsyncOperations=false, removePercentage=0, replaceInvalidPercentage=40, runOnAllSlaves=false, sharedKeys=false, sizeOfAnAttribute=1000, slaves=null, transactionSize=10000, useAtomics=false, useHistogramStatistics=false, useSimpleStatistics=true, useSmartClassLoading=true, useTransactions=true, writePercentage=10, writeTxPercentage=1 }
 INFO  [main] {org.radargun.Slave} Ack successfully sent to the master
[GC 505164K->260511K(2944192K), 0.0399560 secs]
[GC 516639K->248174K(2944192K), 0.0383090 secs]
[GC 504302K->265411K(2944192K), 0.0403330 secs]
[GC 521539K->249301K(2944192K), 0.0380080 secs]
[GC 505429K->259736K(2944192K), 0.0410360 secs]
[GC 515864K->249087K(2944192K), 0.0382610 secs]
[GC 505215K->259512K(2944192K), 0.0587260 secs]
[GC 515640K->251329K(2944192K), 0.0739040 secs]
[GC 507456K->249742K(2944192K), 0.0375110 secs]
[GC 505870K->247269K(2944192K), 0.0927110 secs]
[GC 503397K->252161K(2944192K), 0.0374580 secs]
[GC 508289K->251671K(2944192K), 0.0380190 secs]
[GC 507799K->253690K(2944192K), 0.0405780 secs]
[GC 509818K->249892K(2944192K), 0.0383370 secs]
[GC 506020K->250366K(2944192K), 0.0351920 secs]
[GC 506494K->250776K(2944192K), 0.0371470 secs]
[GC 506904K->252782K(2944192K), 0.0336980 secs]
[GC 508910K->253119K(2944192K), 0.0342980 secs]
[GC 509247K->253639K(2944192K), 0.0353180 secs]
[GC 509767K->254341K(2944192K), 0.0348480 secs]
[GC 510469K->254984K(2944192K), 0.0337430 secs]
[GC 511112K->255610K(2944192K), 0.0356640 secs]
[GC 511738K->258632K(2944192K), 0.0466770 secs]
[GC 514760K->256851K(2944192K), 0.0658180 secs]
[GC 512979K->257495K(2944192K), 0.0333420 secs]
[GC 513623K->260558K(2944192K), 0.0334390 secs]
[GC 516686K->258869K(2944192K), 0.0714910 secs]
[GC 514997K->259473K(2944192K), 0.0341350 secs]
[GC 515601K->260209K(2944192K), 0.0314710 secs]
[GC 516337K->260850K(2944192K), 0.0321880 secs]
[GC 516978K->261433K(2944192K), 0.0355330 secs]
[GC 517561K->262171K(2944192K), 0.0362480 secs]
[GC 518299K->262818K(2944192K), 0.0368600 secs]
[GC 518946K->263502K(2944192K), 0.0413080 secs]
[GC 519630K->266566K(2944192K), 0.0310950 secs]
[GC 522694K->264796K(2944192K), 0.0558170 secs]
[GC 520924K->265402K(2944192K), 0.0340560 secs]
[GC 521530K->268432K(2944192K), 0.0357920 secs]
[GC 524560K->266768K(2944192K), 0.0355480 secs]
[GC 522896K->267483K(2944192K), 0.0351960 secs]
[GC 523611K->268174K(2944192K), 0.0344670 secs]
[GC 524302K->271175K(2944192K), 0.0330040 secs]
[GC 527303K->269432K(2944192K), 0.0359250 secs]
[GC 525560K->270086K(2944192K), 0.0366800 secs]
[GC 526214K->273097K(2944192K), 0.0327310 secs]
[GC 529225K->271346K(2944192K), 0.0339040 secs]
[GC 527474K->272019K(2944192K), 0.0346530 secs]
[GC 528147K->272657K(2944192K), 0.0324880 secs]
[GC 528785K->273359K(2944192K), 0.0460630 secs]
[GC 529487K->274023K(2944192K), 0.0356690 secs]
[GC 530151K->274678K(2944192K), 0.0364050 secs]
[GC 530806K->275376K(2944192K), 0.0349380 secs]
[GC 531504K->278598K(2944192K), 0.0329720 secs]
[GC 534726K->276786K(2944192K), 0.0342980 secs]
[GC 532914K->277390K(2944192K), 0.0335560 secs]
[GC 533518K->280519K(2944192K), 0.0335080 secs]
[GC 536647K->281280K(2944192K), 0.0368940 secs]
[GC 537408K->279391K(2944192K), 0.0337590 secs]
[GC 535519K->280074K(2944192K), 0.0338820 secs]
[GC 536202K->280732K(2944192K), 0.0329080 secs]
[GC 536860K->283964K(2944192K), 0.0339580 secs]
[GC 540092K->282162K(2944192K), 0.0346660 secs]
[GC 538290K->282836K(2944192K), 0.0777680 secs]
[GC 538964K->283491K(2944192K), 0.0560220 secs]
[GC 539619K->286702K(2944192K), 0.0387520 secs]
[GC 542830K->284852K(2944192K), 0.0323690 secs]
[GC 540980K->285514K(2944192K), 0.0344570 secs]
[GC 541642K->286172K(2944192K), 0.0346660 secs]
[GC 542300K->289317K(2944192K), 0.0336810 secs]
[GC 545445K->290033K(2944192K), 0.0370870 secs]
[GC 546161K->288154K(2944192K), 0.0342610 secs]
[GC 544282K->291223K(2944192K), 0.0331300 secs]
[GC 547351K->289446K(2944192K), 0.0329900 secs]
[GC 545574K->292642K(2944192K), 0.0566880 secs]
[GC 548770K->293386K(2944192K), 0.0372020 secs]
[GC 549514K->294042K(2944192K), 0.0346320 secs]
[GC 550170K->292204K(2944192K), 0.0712750 secs]
[GC 548332K->292862K(2944192K), 0.0345190 secs]
[GC 548990K->296052K(2944192K), 0.0367460 secs]
[GC 552180K->294277K(2944192K), 0.0316920 secs]
[GC 550405K->297473K(2944192K), 0.0344510 secs]
[GC 553601K->295622K(2944192K), 0.0328780 secs]
[GC 551750K->296331K(2944192K), 0.0350040 secs]
[GC 552459K->299569K(2944192K), 0.0327800 secs]
[GC 555697K->297690K(2944192K), 0.0371640 secs]
[GC 553818K->298391K(2944192K), 0.0330010 secs]
[GC 554519K->299115K(2944192K), 0.0367170 secs]
[GC 555243K->302351K(2944192K), 0.0337220 secs]
[GC 558479K->303069K(2944192K), 0.0362440 secs]
[GC 559197K->301189K(2944192K), 0.0333910 secs]
[GC 557317K->301880K(2944192K), 0.0357960 secs]
[GC 558008K->305165K(2944192K), 0.0369370 secs]
[GC 561293K->305836K(2944192K), 0.0359500 secs]
[GC 561964K->304041K(2944192K), 0.0316440 secs]
[GC 560169K->307220K(2944192K), 0.0336930 secs]
[GC 563348K->307884K(2944192K), 0.0303670 secs]
[GC 564012K->306053K(2944192K), 0.1035570 secs]
[GC 562181K->309238K(2944192K), 0.0343310 secs]
[GC 565366K->307315K(2944192K), 0.0378520 secs]
[GC 563443K->307981K(2944192K), 0.0331900 secs]
[GC 564109K->311289K(2944192K), 0.0352790 secs]
[GC 567417K->311944K(2944192K), 0.0356030 secs]
[GC 568072K->310095K(2944192K), 0.0554050 secs]
[GC 566223K->310813K(2944192K), 0.0504250 secs]
[GC 566941K->314076K(2944192K), 0.0388830 secs]
[GC 570204K->314816K(2944192K), 0.0469720 secs]
[GC 570944K->315468K(2944192K), 0.0366120 secs]
[GC 571596K->313603K(2944192K), 0.0324690 secs]
[GC 569731K->316825K(2944192K), 0.0323930 secs]
[GC 572953K->317563K(2944192K), 0.0356250 secs]
[GC 573691K->315686K(2944192K), 0.0338610 secs]
[GC 571814K->316236K(2944192K), 0.0529240 secs]
[GC 572364K->319579K(2944192K), 0.0428330 secs]
[GC 575707K->320241K(2944192K), 0.0332820 secs]
[GC 576369K->318376K(2944192K), 0.0384020 secs]
[GC 574504K->319016K(2944192K), 0.0382370 secs]
[GC 575144K->322365K(2944192K), 0.0389980 secs]
[GC 578493K->323017K(2944192K), 0.0340800 secs]
[GC 579145K->323686K(2944192K), 0.0334540 secs]
[GC 579814K->324387K(2944192K), 0.0343800 secs]
[GC 580515K->325072K(2944192K), 0.0328760 secs]
[GC 581200K->325806K(2944192K), 0.0333870 secs]
[GC 581934K->326515K(2944192K), 0.0373130 secs]
[GC 582643K->329675K(2944192K), 0.0360720 secs]
[GC 585803K->326836K(2944192K), 0.0346110 secs]
[GC 582964K->326961K(2944192K), 0.0324890 secs]
[GC 583089K->328796K(2944192K), 0.0363760 secs]
[GC 584924K->327177K(2944192K), 0.0323790 secs]
[GC 583305K->330491K(2944192K), 0.1054910 secs]
[GC 586619K->328677K(2944192K), 0.0372440 secs]
[GC 584805K->329339K(2944192K), 0.0379840 secs]
[GC 585467K->332585K(2944192K), 0.0376250 secs]
[GC 588713K->333306K(2944192K), 0.0316820 secs]
[GC 589434K->334053K(2944192K), 0.0367120 secs]
[GC 590181K->332201K(2944192K), 0.0341600 secs]
[GC 588329K->335532K(2944192K), 0.0339780 secs]
[GC 591660K->336142K(2944192K), 0.0456620 secs]
[GC 592270K->336826K(2944192K), 0.0358990 secs]
[GC 592954K->337570K(2944192K), 0.0381470 secs]
[GC 593698K->338284K(2944192K), 0.0393240 secs]
[GC 594412K->336385K(2944192K), 0.0375090 secs]
[GC 592513K->339717K(2944192K), 0.0417230 secs]
[GC 595845K->337829K(2944192K), 0.0346550 secs]
[GC 593957K->338566K(2944192K), 0.0363670 secs]
[GC 594694K->339227K(2944192K), 0.0339020 secs]
[GC 595355K->340037K(2944192K), 0.0345220 secs]
[GC 596165K->343322K(2944192K), 0.0349710 secs]
[GC 599450K->344017K(2944192K), 0.0800220 secs]
[GC 600145K->342109K(2944192K), 0.0374060 secs]
[GC 598237K->342691K(2944192K), 0.0386110 secs]
[GC 598819K->345986K(2944192K), 0.0348010 secs]
[GC 602114K->346723K(2944192K), 0.0369720 secs]
[GC 602851K->347368K(2944192K), 0.0312950 secs]
[GC 603496K->348018K(2944192K), 0.0356810 secs]
[GC 604146K->346152K(2944192K), 0.0396150 secs]
[GC 602280K->349520K(2944192K), 0.0350620 secs]
[GC 605648K->347554K(2944192K), 0.0373590 secs]
[GC 603682K->350845K(2944192K), 0.0351380 secs]
[GC 606973K->351549K(2944192K), 0.0356860 secs]
[GC 607677K->349677K(2944192K), 0.0347960 secs]
[GC 605805K->352974K(2944192K), 0.0364010 secs]
[GC 609102K->353624K(2944192K), 0.0333860 secs]
[GC 609752K->351740K(2944192K), 0.0355580 secs]
[GC 607868K->352403K(2944192K), 0.0323670 secs]
[GC 608531K->353191K(2944192K), 0.0347090 secs]
[GC 609319K->356527K(2944192K), 0.0368900 secs]
[GC 612655K->357237K(2944192K), 0.0352370 secs]
[GC 613365K->357963K(2944192K), 0.0335400 secs]
[GC 614091K->358815K(2944192K), 0.0355580 secs]
[GC 614943K->362031K(2944192K), 0.0352520 secs]
[GC 618159K->359040K(2944192K), 0.0372510 secs]
[GC 615168K->361728K(2944192K), 0.0902340 secs]
[GC 617856K->361138K(2944192K), 0.0325550 secs]
[GC 617266K->362134K(2944192K), 0.0372170 secs]
[GC 618262K->362897K(2944192K), 0.0381770 secs]
[GC 619025K->363541K(2944192K), 0.0668540 secs]
[GC 619669K->361691K(2944192K), 0.0376000 secs]
[GC 617819K->365060K(2944192K), 0.0475530 secs]
[GC 621188K->363117K(2944192K), 0.0385140 secs]
[GC 619245K->366453K(2944192K), 0.0673300 secs]
[GC 622581K->367187K(2944192K), 0.0359060 secs]
[GC 623315K->367867K(2944192K), 0.0352710 secs]
[GC 623995K->368536K(2944192K), 0.0350390 secs]
[GC 624664K->369232K(2944192K), 0.0358230 secs]
[GC 625360K->367386K(2944192K), 0.0647490 secs]
[GC 623514K->368006K(2944192K), 0.0346350 secs]
[GC 624134K->371300K(2944192K), 0.0425740 secs]
[GC 627428K->371963K(2944192K), 0.0372610 secs]
[GC 628091K->370103K(2944192K), 0.0378530 secs]
[GC 626231K->373456K(2944192K), 0.0365550 secs]
[GC 629584K->371543K(2944192K), 0.0541790 secs]
[GC 627671K->374920K(2944192K), 0.0318560 secs]
[GC 631048K->372944K(2944192K), 0.0390280 secs]
[GC 629072K->373676K(2944192K), 0.0363870 secs]
[GC 629804K->374365K(2944192K), 0.0389180 secs]
[GC 630493K->377717K(2944192K), 0.0364220 secs]
[GC 633845K->375771K(2944192K), 0.0332760 secs]
[GC 631899K->379119K(2944192K), 0.0755100 secs]
[GC 635247K->379854K(2944192K), 0.0313750 secs]
[GC 635982K->380493K(2944192K), 0.0345800 secs]
[GC 636621K->378647K(2944192K), 0.0332650 secs]
[GC 634775K->381989K(2944192K), 0.0383210 secs]
[GC 638117K->382697K(2944192K), 0.0404360 secs]
[GC 638825K->383496K(2944192K), 0.0372550 secs]
[GC 639624K->381491K(2944192K), 0.0322040 secs]
[GC 637619K->382169K(2944192K), 0.0374270 secs]
[GC 638297K->382868K(2944192K), 0.0369680 secs]
[GC 638996K->383502K(2944192K), 0.0344940 secs]
[GC 639630K->384229K(2944192K), 0.0353500 secs]
[GC 640357K->384888K(2944192K), 0.0369590 secs]
[GC 641016K->388173K(2944192K), 0.0568900 secs]
[GC 644301K->386237K(2944192K), 0.0353790 secs]
[GC 642365K->389585K(2944192K), 0.0345810 secs]
[GC 645713K->387704K(2944192K), 0.0472750 secs]
[GC 643832K->391057K(2944192K), 0.0363190 secs]
[GC 647185K->394285K(2944192K), 0.0382570 secs]
[GC 650413K->391500K(2944192K), 0.0343280 secs]
[GC 647628K->391776K(2944192K), 0.0419220 secs]
[GC 647904K->393573K(2944192K), 0.0329390 secs]
[GC 649701K->394586K(2944192K), 0.0349790 secs]
[GC 650714K->395470K(2944192K), 0.0339360 secs]
[GC 651598K->396190K(2944192K), 0.0369480 secs]
[GC 652318K->396883K(2944192K), 0.0372370 secs]
[GC 653011K->397589K(2944192K), 0.0326710 secs]
[GC 653717K->395605K(2944192K), 0.0783930 secs]
[GC 651733K->399043K(2944192K), 0.0354000 secs]
[GC 655171K->399737K(2944192K), 0.0329910 secs]
[GC 655865K->400498K(2944192K), 0.0396160 secs]
[GC 656626K->401215K(2944192K), 0.0340900 secs]
[GC 657343K->399262K(2944192K), 0.0335560 secs]
[GC 655390K->402656K(2944192K), 0.0381520 secs]
[GC 658784K->406038K(2944192K), 0.0686730 secs]
[GC 662166K->401368K(2944192K), 0.0347500 secs]
[GC 657496K->405669K(2944192K), 0.0351310 secs]
[GC 661797K->402479K(2944192K), 0.0631600 secs]
[GC 658607K->403314K(2944192K), 0.0355140 secs]
[GC 659442K->404161K(2944192K), 0.0371020 secs]
[GC 660289K->407578K(2944192K), 0.0348380 secs]
[GC 663706K->408277K(2944192K), 0.0372340 secs]
[GC 664405K->409051K(2944192K), 0.0387170 secs]
[GC 665179K->409664K(2944192K), 0.0583800 secs]
[GC 665792K->410457K(2944192K), 0.0330910 secs]
[GC 666585K->411172K(2944192K), 0.0714860 secs]
[GC 667300K->411923K(2944192K), 0.0312790 secs]
[GC 668051K->412704K(2944192K), 0.0616700 secs]
[GC 668832K->413421K(2944192K), 0.0379050 secs]
[GC 669549K->411358K(2944192K), 0.0345980 secs]
[GC 667486K->414767K(2944192K), 0.0317750 secs]
[GC 670895K->415536K(2944192K), 0.0356110 secs]
[GC 671664K->413528K(2944192K), 0.0486410 secs]
[GC 669656K->417046K(2944192K), 0.0511700 secs]
[GC 673174K->417725K(2944192K), 0.0370070 secs]
[GC 673853K->418483K(2944192K), 0.0346880 secs]
[GC 674611K->419214K(2944192K), 0.0359570 secs]
[GC 675342K->422582K(2944192K), 0.0370610 secs]
[GC 678710K->419694K(2944192K), 0.0349180 secs]
[GC 675822K->419980K(2944192K), 0.0309310 secs]
[GC 676108K->419203K(2944192K), 0.0616220 secs]
[GC 675331K->420178K(2944192K), 0.0390680 secs]
[GC 676306K->420950K(2944192K), 0.0437590 secs]
[GC 677078K->424429K(2944192K), 0.0335500 secs]
[GC 680557K->422476K(2944192K), 0.0330050 secs]
[GC 678604K->426085K(2944192K), 0.0365160 secs]
[GC 682213K->426732K(2944192K), 0.0338930 secs]
[GC 682860K->427535K(2944192K), 0.0357810 secs]
[GC 683663K->428229K(2944192K), 0.0363700 secs]
[GC 684357K->426199K(2944192K), 0.0340070 secs]
[GC 682327K->426925K(2944192K), 0.0626810 secs]
[GC 683053K->427684K(2944192K), 0.0363290 secs]
[GC 683812K->431195K(2944192K), 0.0361770 secs]
[GC 687323K->431925K(2944192K), 0.0357140 secs]
[GC 688053K->432657K(2944192K), 0.0879080 secs]
[GC 688785K->433332K(2944192K), 0.0337280 secs]
[GC 689460K->434101K(2944192K), 0.0542760 secs]
[GC 690229K->434871K(2944192K), 0.0330560 secs]
[GC 690999K->435539K(2944192K), 0.0385720 secs]
[GC 691667K->436330K(2944192K), 0.0349560 secs]
[GC 692458K->434256K(2944192K), 0.0348550 secs]
[GC 690384K->435034K(2944192K), 0.0537430 secs]
[GC 691162K->435821K(2944192K), 0.0397970 secs]
[GC 691949K->439368K(2944192K), 0.0388500 secs]
[GC 695496K->437336K(2944192K), 0.0344400 secs]
[GC 693464K->440825K(2944192K), 0.1005410 secs]
[GC 696953K->441564K(2944192K), 0.0373940 secs]
[GC 697692K->442283K(2944192K), 0.0398620 secs]
[GC 698411K->440258K(2944192K), 0.0381840 secs]
[GC 696386K->440988K(2944192K), 0.0867040 secs]
[GC 697116K->441792K(2944192K), 0.0350070 secs]
[GC 697920K->445311K(2944192K), 0.0353550 secs]
[GC 701439K->446091K(2944192K), 0.0765830 secs]
[GC 702219K->446807K(2944192K), 0.0457700 secs]
[GC 702935K->447568K(2944192K), 0.0336550 secs]
[GC 703696K->445542K(2944192K), 0.0441130 secs]
[GC 701670K->446304K(2944192K), 0.0379550 secs]
[GC 702432K->449725K(2944192K), 0.0342070 secs]
[GC 705853K->447672K(2944192K), 0.0351510 secs]
[GC 703800K->451113K(2944192K), 0.0352800 secs]
[GC 707241K->451945K(2944192K), 0.0349120 secs]
[GC 708073K->452603K(2944192K), 0.0760650 secs]
[GC 708731K->453434K(2944192K), 0.0328210 secs]
[GC 709562K->454266K(2944192K), 0.0365910 secs]
[GC 710394K->454954K(2944192K), 0.0354150 secs]
[GC 711082K->452941K(2944192K), 0.0392760 secs]
[GC 709069K->456393K(2944192K), 0.0353820 secs]
[GC 712521K->457065K(2944192K), 0.0326490 secs]
[GC 713193K->457872K(2944192K), 0.0362700 secs]
[GC 714000K->458547K(2944192K), 0.0474840 secs]
[GC 714675K->459302K(2944192K), 0.0523850 secs]
[GC 715430K->462775K(2944192K), 0.0328650 secs]
[GC 718903K->459666K(2944192K), 0.0380520 secs]
[GC 715794K->462479K(2944192K), 0.0580130 secs]
[GC 718607K->461878K(2944192K), 0.0352690 secs]
[GC 718006K->462997K(2944192K), 0.0340530 secs]
[GC 719125K->461071K(2944192K), 0.0356620 secs]
[GC 717199K->464524K(2944192K), 0.0389730 secs]
[GC 720652K->462440K(2944192K), 0.0791850 secs]
[GC 718568K->468599K(2944192K), 0.0434820 secs]
[GC 724727K->465566K(2944192K), 0.0336720 secs]
[GC 721694K->465772K(2944192K), 0.0374380 secs]
[GC 721900K->470463K(2944192K), 0.0363190 secs]
[GC 726591K->467681K(2944192K), 0.0362850 secs]
[GC 723809K->470651K(2944192K), 0.0365320 secs]
[GC 726779K->469924K(2944192K), 0.0345140 secs]
[GC 726052K->471057K(2944192K), 0.0345700 secs]
[GC 727185K->471895K(2944192K), 0.0345910 secs]
[GC 728023K->472657K(2944192K), 0.0332120 secs]
[GC 728785K->473458K(2944192K), 0.0326590 secs]
[GC 729586K->474160K(2944192K), 0.0343570 secs]
[GC 730288K->474723K(2944192K), 0.0331900 secs]
[GC 730851K->475538K(2944192K), 0.0350480 secs]
[GC 728720K->476245K(2944192K), 0.0387870 secs]
[GC 732373K->477023K(2944192K), 0.0537030 secs]
[GC 733151K->477720K(2944192K), 0.0346410 secs]
[GC 733848K->478457K(2944192K), 0.0356250 secs]
[GC 734585K->476410K(2944192K), 0.0338830 secs]
[GC 732538K->479927K(2944192K), 0.0356910 secs]
[GC 736055K->480538K(2944192K), 0.0328050 secs]
[GC 736666K->481334K(2944192K), 0.0319110 secs]
[GC 737462K->479250K(2944192K), 0.0351230 secs]
[GC 735378K->479998K(2944192K), 0.0379270 secs]
[GC 736126K->480709K(2944192K), 0.0392790 secs]
[GC 736837K->484021K(2944192K), 0.0342830 secs]
[GC 740149K->484714K(2944192K), 0.0365680 secs]
[GC 740842K->485484K(2944192K), 0.0344640 secs]
[GC 741612K->486268K(2944192K), 0.0376920 secs]
[GC 742396K->484263K(2944192K), 0.0350510 secs]
[GC 740391K->487711K(2944192K), 0.0350820 secs]
[GC 743839K->488470K(2944192K), 0.0401810 secs]
[GC 744598K->489185K(2944192K), 0.0351500 secs]
[GC 745313K->489879K(2944192K), 0.0376460 secs]
[GC 746007K->490562K(2944192K), 0.0316130 secs]
[GC 746690K->491206K(2944192K), 0.0335580 secs]
[GC 747334K->491914K(2944192K), 0.0374370 secs]
[GC 748042K->490013K(2944192K), 0.0361750 secs]
[GC 746141K->493491K(2944192K), 0.0380470 secs]
[GC 749619K->491418K(2944192K), 0.0389580 secs]
[GC 747546K->494861K(2944192K), 0.0358490 secs]
[GC 750989K->496969K(2944192K), 0.0364480 secs]
[GC 753097K->499397K(2944192K), 0.0370680 secs]
[GC 755525K->502192K(2944192K), 0.0367320 secs]
[GC 758320K->504909K(2944192K), 0.0367730 secs]
[GC 761037K->507862K(2944192K), 0.0411340 secs]
[GC 763990K->519827K(2944192K), 0.0384980 secs]
[GC 775955K->511041K(2944192K), 0.0416010 secs]
[GC 767169K->518051K(2944192K), 0.0381240 secs]
[GC 774179K->523779K(2944192K), 0.0406450 secs]
[GC 779907K->527102K(2944192K), 0.0450340 secs]
[GC 783230K->523909K(2944192K), 0.0435900 secs]
[GC 780037K->526510K(2944192K), 0.0407120 secs]
[GC 782638K->535798K(2944192K), 0.0409110 secs]
[GC 791926K->523398K(2944192K), 0.0442350 secs]
[GC 779526K->534975K(2944192K), 0.0445020 secs]
[GC 791103K->532546K(2944192K), 0.0424920 secs]
[GC 788674K->527278K(2944192K), 0.0438550 secs]
[GC 783406K->527959K(2944192K), 0.0409150 secs]
[GC 784087K->528685K(2944192K), 0.0443840 secs]
[GC 784813K->529242K(2944192K), 0.0392190 secs]
[GC 785370K->529688K(2944192K), 0.0428930 secs]
[GC 785816K->530394K(2944192K), 0.0434140 secs]
[GC 786522K->525985K(2944192K), 0.0415630 secs]
[GC 782113K->535679K(2944192K), 0.0353030 secs]
[GC 791807K->536417K(2944192K), 0.0382760 secs]
[GC 792545K->538469K(2944192K), 0.0403960 secs]
[GC 794597K->540890K(2944192K), 0.0414590 secs]
[GC 797018K->546536K(2944192K), 0.0373970 secs]
[GC 802664K->544467K(2944192K), 0.0401780 secs]
[GC 800595K->552289K(2944192K), 0.0417490 secs]
[GC 808417K->550359K(2944192K), 0.0421360 secs]
[GC 806487K->558993K(2944192K), 0.0397520 secs]
[GC 815121K->556560K(2944192K), 0.0472730 secs]
[GC 812688K->566173K(2944192K), 0.0453590 secs]
[GC 822301K->569601K(2944192K), 0.0431390 secs]
[GC 825729K->572936K(2944192K), 0.0439120 secs]
[GC 829064K->559990K(2944192K), 0.0443420 secs]
[GC 816118K->571405K(2944192K), 0.0418360 secs]
[GC 827533K->569078K(2944192K), 0.0403780 secs]
[GC 825206K->564175K(2944192K), 0.0441570 secs]
[GC 820303K->565449K(2944192K), 0.0469390 secs]
[GC 821577K->573425K(2944192K), 0.0436350 secs]
[GC 829553K->566979K(2944192K), 0.0448250 secs]
[GC 823107K->561283K(2944192K), 0.0418970 secs]
[GC 817411K->568359K(2944192K), 0.0406040 secs]
[GC 824487K->574662K(2944192K), 0.0420270 secs]
[GC 830790K->564309K(2944192K), 0.0425510 secs]
[GC 820437K->575192K(2944192K), 0.0419780 secs]
[GC 831320K->568363K(2944192K), 0.0423250 secs]
[GC 824491K->572903K(2944192K), 0.0391690 secs]
[GC 829031K->569984K(2944192K), 0.0374560 secs]
[GC 826112K->573600K(2944192K), 0.0405390 secs]
[GC 829728K->570840K(2944192K), 0.0430830 secs]
[GC 826968K->575219K(2944192K), 0.0382050 secs]
[GC 831347K->572708K(2944192K), 0.0345200 secs]
[GC 828836K->573673K(2944192K), 0.0404280 secs]
[GC 829801K->577995K(2944192K), 0.0351120 secs]
[GC 834123K->582331K(2944192K), 0.0401840 secs]
[GC 838459K->576361K(2944192K), 0.0388160 secs]
[GC 832489K->575754K(2944192K), 0.0399410 secs]
[GC 831882K->577873K(2944192K), 0.0402680 secs]
[GC 834001K->582555K(2944192K), 0.0418980 secs]
[GC 838683K->583498K(2944192K), 0.0352410 secs]
[GC 839626K->584435K(2944192K), 0.0386920 secs]
[GC 840563K->581937K(2944192K), 0.0425520 secs]
[GC 838065K->586230K(2944192K), 0.0347500 secs]
[GC 842358K->587208K(2944192K), 0.0369320 secs]
[GC 843336K->591707K(2944192K), 0.0385860 secs]
[GC 847835K->583505K(2944192K), 0.0416950 secs]
[GC 839633K->591172K(2944192K), 0.0390310 secs]
[GC 847300K->591483K(2944192K), 0.0382780 secs]
[GC 847611K->598919K(2944192K), 0.0416860 secs]
[GC 855047K->602953K(2944192K), 0.0419860 secs]
[GC 859081K->611596K(2944192K), 0.0425170 secs]
[GC 867724K->606175K(2944192K), 0.0418000 secs]
[GC 862303K->611208K(2944192K), 0.0477960 secs]
[GC 867336K->617704K(2944192K), 0.0429740 secs]
[GC 873832K->622204K(2944192K), 0.0454530 secs]
[GC 878332K->626337K(2944192K), 0.0478980 secs]
[GC 882465K->630262K(2944192K), 0.0452580 secs]
[GC 886390K->617345K(2944192K), 0.0466460 secs]
[GC 873473K->629352K(2944192K), 0.0421510 secs]
[GC 885480K->634332K(2944192K), 0.0456240 secs]
[GC 890460K->620645K(2944192K), 0.0448060 secs]
[GC 876773K->634618K(2944192K), 0.0502120 secs]
[GC 890746K->643157K(2944192K), 0.0489410 secs]
[GC 899285K->648315K(2944192K), 0.0459610 secs]
[GC 904443K->634460K(2944192K), 0.0464010 secs]
[GC 890588K->650496K(2944192K), 0.0502360 secs]
[GC 906624K->658884K(2944192K), 0.0484400 secs]
[GC 915012K->644569K(2944192K), 0.0511690 secs]
[GC 900697K->660853K(2944192K), 0.0481960 secs]
[GC 916981K->659573K(2944192K), 0.0505310 secs]
[GC 915701K->662017K(2944192K), 0.0507940 secs]
[GC 918145K->673490K(2944192K), 0.0506640 secs]
[GC 929618K->677173K(2944192K), 0.0560690 secs]
[GC 933301K->692712K(2944192K), 0.0512890 secs]
[GC 948840K->665859K(2944192K), 0.0527180 secs]
[GC 921987K->697789K(2944192K), 0.0490260 secs]
[GC 953917K->674167K(2944192K), 0.0504660 secs]
[GC 930295K->697565K(2944192K), 0.0577950 secs]
[GC 953693K->693866K(2944192K), 0.0507780 secs]
[GC 949994K->684610K(2944192K), 0.0557220 secs]
[GC 940738K->686339K(2944192K), 0.0539880 secs]
[GC 942467K->687400K(2944192K), 0.0514640 secs]
[GC 943528K->699398K(2944192K), 0.0523110 secs]
[GC 955526K->700531K(2944192K), 0.0517730 secs]
[GC 956659K->712676K(2944192K), 0.0521340 secs]
 WARN  [Thread-0] {org.radargun.ShutDownHook} Slave process: unexpected shutdown!
 INFO  [hz._hzInstance_1_FenixFrameworkGroup.IO.thread-in-1] {com.hazelcast.nio.TcpIpConnection} [127.0.0.1]:5709 [FenixFrameworkGroup] Connection [Address[127.0.0.1]:5701] lost. Reason: java.io.EOFException[Remote socket closed!]
 INFO  [hz._hzInstance_1_FenixFrameworkGroup.IO.thread-in-2] {com.hazelcast.nio.TcpIpConnection} [127.0.0.1]:5709 [FenixFrameworkGroup] Connection [Address[127.0.0.1]:5713] lost. Reason: java.io.EOFException[Remote socket closed!]
 INFO  [hz._hzInstance_1_FenixFrameworkGroup.IO.thread-in-1] {com.hazelcast.nio.TcpIpConnection} [127.0.0.1]:5709 [FenixFrameworkGroup] Connection [Address[127.0.0.1]:5710] lost. Reason: java.io.EOFException[Remote socket closed!]
 INFO  [hz._hzInstance_1_FenixFrameworkGroup.IO.thread-in-1] {com.hazelcast.nio.TcpIpConnection} [127.0.0.1]:5709 [FenixFrameworkGroup] Connection [Address[127.0.0.1]:5710] lost. Reason: java.io.EOFException[Remote socket closed!]
 INFO  [hz.ShutdownThread] {com.hazelcast.nio.TcpIpConnection} [127.0.0.1]:5709 [FenixFrameworkGroup] Connection [Address[127.0.0.1]:5707] lost. Reason: Socket explicitly closed
 INFO  [hz.ShutdownThread] {com.hazelcast.nio.TcpIpConnection} [127.0.0.1]:5709 [FenixFrameworkGroup] Connection [Address[127.0.0.1]:5708] lost. Reason: Socket explicitly closed
 INFO  [hz.ShutdownThread] {com.hazelcast.nio.TcpIpConnection} [127.0.0.1]:5709 [FenixFrameworkGroup] Connection [Address[127.0.0.1]:5706] lost. Reason: Socket explicitly closed
 INFO  [hz._hzInstance_1_FenixFrameworkGroup.IO.thread-in-2] {com.hazelcast.nio.TcpIpConnection} [127.0.0.1]:5709 [FenixFrameworkGroup] Connection [Address[127.0.0.1]:5712] lost. Reason: java.io.EOFException[Remote socket closed!]
 INFO  [hz.ShutdownThread] {com.hazelcast.nio.TcpIpConnection} [127.0.0.1]:5709 [FenixFrameworkGroup] Connection [Address[127.0.0.1]:5705] lost. Reason: Socket explicitly closed
 INFO  [hz._hzInstance_1_FenixFrameworkGroup.IO.thread-in-0] {com.hazelcast.nio.TcpIpConnection} [127.0.0.1]:5709 [FenixFrameworkGroup] Connection [Address[127.0.0.1]:5712] lost. Reason: java.io.EOFException[Remote socket closed!]
 INFO  [hz.ShutdownThread] {com.hazelcast.nio.TcpIpConnection} [127.0.0.1]:5709 [FenixFrameworkGroup] Connection [Address[127.0.0.1]:5711] lost. Reason: Socket explicitly closed
 INFO  [hz.ShutdownThread] {com.hazelcast.nio.TcpIpConnection} [127.0.0.1]:5709 [FenixFrameworkGroup] Connection [Address[127.0.0.1]:5704] lost. Reason: Socket explicitly closed
 INFO  [hz.ShutdownThread] {com.hazelcast.nio.TcpIpConnection} [127.0.0.1]:5709 [FenixFrameworkGroup] Connection [Address[127.0.0.1]:5703] lost. Reason: Socket explicitly closed
 INFO  [hz.ShutdownThread] {com.hazelcast.nio.TcpIpConnection} [127.0.0.1]:5709 [FenixFrameworkGroup] Connection [Address[127.0.0.1]:5707] lost. Reason: Socket explicitly closed
 INFO  [hz.ShutdownThread] {com.hazelcast.nio.TcpIpConnection} [127.0.0.1]:5709 [FenixFrameworkGroup] Connection [Address[127.0.0.1]:5704] lost. Reason: Socket explicitly closed
 INFO  [hz.ShutdownThread] {com.hazelcast.nio.TcpIpConnection} [127.0.0.1]:5709 [FenixFrameworkGroup] Connection [Address[127.0.0.1]:5706] lost. Reason: Socket explicitly closed
 INFO  [hz.ShutdownThread] {com.hazelcast.nio.TcpIpConnection} [127.0.0.1]:5709 [FenixFrameworkGroup] Connection [Address[127.0.0.1]:5711] lost. Reason: Socket explicitly closed
 INFO  [hz.ShutdownThread] {com.hazelcast.initializer} [127.0.0.1]:5709 [FenixFrameworkGroup] Destroying node initializer.
 INFO  [hz.ShutdownThread] {com.hazelcast.instance.Node} [127.0.0.1]:5709 [FenixFrameworkGroup] Hazelcast Shutdown is completed in 78 ms.
 INFO  [hz._hzInstance_2_dev.IO.thread-in-0] {com.hazelcast.nio.TcpIpConnection} [127.0.0.1]:5719 [dev] Connection [Address[127.0.0.1]:5718] lost. Reason: java.io.EOFException[Remote socket closed!]
 INFO  [hz._hzInstance_2_dev.IO.thread-in-1] {com.hazelcast.nio.TcpIpConnection} [127.0.0.1]:5719 [dev] Connection [Address[127.0.0.1]:5722] lost. Reason: java.io.EOFException[Remote socket closed!]
 INFO  [hz._hzInstance_2_dev.IO.thread-in-1] {com.hazelcast.nio.TcpIpConnection} [127.0.0.1]:5719 [dev] Connection [Address[127.0.0.1]:5702] lost. Reason: java.io.EOFException[Remote socket closed!]
 INFO  [hz._hzInstance_2_dev.IO.thread-in-1] {com.hazelcast.nio.TcpIpConnection} [127.0.0.1]:5719 [dev] Connection [Address[127.0.0.1]:5718] lost. Reason: java.io.EOFException[Remote socket closed!]
 INFO  [hz._hzInstance_2_dev.IO.thread-in-0] {com.hazelcast.nio.TcpIpConnection} [127.0.0.1]:5719 [dev] Connection [Address[127.0.0.1]:5723] lost. Reason: java.io.EOFException[Remote socket closed!]
 INFO  [hz._hzInstance_2_dev.IO.thread-in-0] {com.hazelcast.nio.TcpIpConnection} [127.0.0.1]:5719 [dev] Connection [Address[127.0.0.1]:5720] lost. Reason: java.io.EOFException[Remote socket closed!]
 INFO  [hz._hzInstance_2_dev.IO.thread-in-1] {com.hazelcast.nio.TcpIpConnection} [127.0.0.1]:5719 [dev] Connection [Address[127.0.0.1]:5722] lost. Reason: java.io.EOFException[Remote socket closed!]
 INFO  [hz._hzInstance_2_dev.IO.thread-in-0] {com.hazelcast.nio.TcpIpConnection} [127.0.0.1]:5719 [dev] Connection [Address[127.0.0.1]:5723] lost. Reason: java.io.EOFException[Remote socket closed!]
 INFO  [hz._hzInstance_2_dev.IO.thread-in-2] {com.hazelcast.nio.TcpIpConnection} [127.0.0.1]:5719 [dev] Connection [Address[127.0.0.1]:5714] lost. Reason: java.io.EOFException[Remote socket closed!]
 INFO  [hz._hzInstance_2_dev.IO.thread-in-0] {com.hazelcast.nio.TcpIpConnection} [127.0.0.1]:5719 [dev] Connection [Address[127.0.0.1]:5720] lost. Reason: java.io.EOFException[Remote socket closed!]
 INFO  [hz._hzInstance_2_dev.IO.thread-in-2] {com.hazelcast.nio.TcpIpConnection} [127.0.0.1]:5719 [dev] Connection [Address[127.0.0.1]:5716] lost. Reason: java.io.EOFException[Remote socket closed!]
 INFO  [hz._hzInstance_2_dev.IO.thread-in-1] {com.hazelcast.nio.TcpIpConnection} [127.0.0.1]:5719 [dev] Connection [Address[127.0.0.1]:5724] lost. Reason: java.io.EOFException[Remote socket closed!]
 INFO  [hz._hzInstance_2_dev.IO.thread-in-1] {com.hazelcast.nio.TcpIpConnection} [127.0.0.1]:5719 [dev] Connection [Address[127.0.0.1]:5715] lost. Reason: java.io.EOFException[Remote socket closed!]
 INFO  [hz._hzInstance_2_dev.IO.thread-in-2] {com.hazelcast.nio.TcpIpConnection} [127.0.0.1]:5719 [dev] Connection [Address[127.0.0.1]:5724] lost. Reason: java.io.EOFException[Remote socket closed!]
 INFO  [hz._hzInstance_2_dev.IO.thread-in-0] {com.hazelcast.nio.TcpIpConnection} [127.0.0.1]:5719 [dev] Connection [Address[127.0.0.1]:5717] lost. Reason: java.io.EOFException[Remote socket closed!]
 INFO  [hz.ShutdownThread] {com.hazelcast.nio.TcpIpConnection} [127.0.0.1]:5719 [dev] Connection [Address[127.0.0.1]:5721] lost. Reason: Socket explicitly closed
 INFO  [hz.ShutdownThread] {com.hazelcast.nio.TcpIpConnection} [127.0.0.1]:5719 [dev] Connection [Address[127.0.0.1]:5717] lost. Reason: Socket explicitly closed
 INFO  [hz.ShutdownThread] {com.hazelcast.nio.TcpIpConnection} [127.0.0.1]:5719 [dev] Connection [Address[127.0.0.1]:5714] lost. Reason: Socket explicitly closed
 INFO  [hz.ShutdownThread] {com.hazelcast.nio.TcpIpConnection} [127.0.0.1]:5719 [dev] Connection [Address[127.0.0.1]:5716] lost. Reason: Socket explicitly closed
 INFO  [hz.ShutdownThread] {com.hazelcast.nio.TcpIpConnection} [127.0.0.1]:5719 [dev] Connection [Address[127.0.0.1]:5721] lost. Reason: Socket explicitly closed
 INFO  [hz.ShutdownThread] {com.hazelcast.nio.TcpIpConnection} [127.0.0.1]:5719 [dev] Connection [Address[127.0.0.1]:5715] lost. Reason: Socket explicitly closed
 INFO  [hz.ShutdownThread] {com.hazelcast.initializer} [127.0.0.1]:5719 [dev] Destroying node initializer.
 INFO  [hz.ShutdownThread] {com.hazelcast.instance.Node} [127.0.0.1]:5719 [dev] Hazelcast Shutdown is completed in 302 ms.
