/usr/java/jdk1.7.0_21/bin/java -server -Xmx1024M -Xms1024M -Dresolve.dns=false -Djgroups.timer.num_threads=4 -verbose:gc -Xmx5000M -Xms3000M -server -XX:+UseConcMarkSweepGC -XX:+AggressiveOpts -verbose:gc -XX:ParallelGCThreads=4 -XX:NewRatio=5 -XX:SurvivorRatio=2 -Dhazelcast.operation.thread.count=4 -Djava.net.preferIPv4Stack=true -Dlog4j.file.prefix=deimos-esw-18309 -Dbind.address= -Djgroups.bind_addr= -classpath /home/smf/github/radargun/target/distribution/RadarGun-1.1.0-SNAPSHOT/lib/activation-1.1.jar:/home/smf/github/radargun/target/distribution/RadarGun-1.1.0-SNAPSHOT/lib/commons-beanutils-1.8.0.jar:/home/smf/github/radargun/target/distribution/RadarGun-1.1.0-SNAPSHOT/lib/commons-digester-2.0.jar:/home/smf/github/radargun/target/distribution/RadarGun-1.1.0-SNAPSHOT/lib/commons-logging-1.1.1.jar:/home/smf/github/radargun/target/distribution/RadarGun-1.1.0-SNAPSHOT/lib/commons-math-1.2.jar:/home/smf/github/radargun/target/distribution/RadarGun-1.1.0-SNAPSHOT/lib/jboss-transaction-api-1.0.1.GA.jar:/home/smf/github/radargun/target/distribution/RadarGun-1.1.0-SNAPSHOT/lib/jcommon-1.0.15.jar:/home/smf/github/radargun/target/distribution/RadarGun-1.1.0-SNAPSHOT/lib/jfreechart-1.0.12.jar:/home/smf/github/radargun/target/distribution/RadarGun-1.1.0-SNAPSHOT/lib/log4j-1.2.14.jar:/home/smf/github/radargun/target/distribution/RadarGun-1.1.0-SNAPSHOT/lib/mail-1.4.2.jar:/home/smf/github/radargun/target/distribution/RadarGun-1.1.0-SNAPSHOT/lib/radargun-framework-1.1.0-SNAPSHOT.jar:/home/smf/github/radargun/target/distribution/RadarGun-1.1.0-SNAPSHOT/conf org.radargun.Slave -master 127.0.0.1:2103
--------------------------------------------------------------------------------
PerNodeRollingFileAppender::Using file prefix:deimos-esw-18309
 INFO  [main] {org.radargun.Slave} Attempting to connect to master 127.0.0.1:2103
 INFO  [main] {org.radargun.Slave} Successfully established connection with master at: 127.0.0.1:2103
Loading JARS from /home/smf/github/radargun/target/distribution/RadarGun-1.1.0-SNAPSHOT/lib/radargun-framework-1.1.0-SNAPSHOT.jar
 INFO  [pool-1-thread-1] {org.radargun.config.AnnotatedHelper} Loading JARS from /home/smf/github/radargun/target/distribution/RadarGun-1.1.0-SNAPSHOT/lib/radargun-framework-1.1.0-SNAPSHOT.jar
 INFO  [pool-1-thread-1] {org.radargun.config.AnnotatedHelper} Loading JARS from /home/smf/github/radargun/target/distribution/RadarGun-1.1.0-SNAPSHOT/lib/radargun-framework-1.1.0-SNAPSHOT.jar
 INFO  [pool-1-thread-1] {org.radargun.Slave} Executing stage: DestroyWrapper {enforceMemoryThrashHold=true, exitBenchmarkOnSlaveFailure=false, heapDumpDir=null, memoryThreshold=95, runOnAllSlaves=true, slaves=null, useSmartClassLoading=true }
 INFO  [pool-1-thread-1] {org.radargun.stages.DestroyWrapperStage} Received destroy cache wrapper request from master...
 INFO  [pool-1-thread-1] {org.radargun.stages.DestroyWrapperStage} No cache wrapper deployed on this slave, nothing to do.
 INFO  [pool-1-thread-1] {org.radargun.stages.DestroyWrapperStage} Before executing clear, memory looks like this: Memory - free: 2,928,638 kb - max:4,906,688 kb- total:2,944,000 kb
[Full GC 15361K->3631K(2944000K), 0.1629330 secs]
 INFO  [pool-1-thread-1] {org.radargun.stages.DestroyWrapperStage} After executing cleanup, memory looks like this: Memory - free: 2,935,311 kb - max:4,906,688 kb- total:2,944,064 kb
 INFO  [pool-1-thread-1] {org.radargun.Slave} Finished stage: DestroyWrapper {enforceMemoryThrashHold=true, exitBenchmarkOnSlaveFailure=false, heapDumpDir=null, memoryThreshold=95, runOnAllSlaves=true, slaves=null, useSmartClassLoading=true }
 INFO  [main] {org.radargun.Slave} Ack successfully sent to the master
 INFO  [pool-1-thread-1] {org.radargun.Slave} Executing stage: StartCluster {config=ispn52-repl-sync-rc.xml, delayAfterFirstSlaveStarts=5.000 secs, delayBetweenStartingSlaves=0.500 secs, exitBenchmarkOnSlaveFailure=true, expectNumSlaves=null, mayFailOn=null, reachable=null, runOnAllSlaves=false, slaves=null, staggerSlaveStartup=true, useSmartClassLoading=true, validateCluster=true }
 INFO  [pool-1-thread-1] {org.radargun.stages.StartClusterStage} Startup staggering, number of slaves to start is 8 This is the slave with index 0, not sleeping
 INFO  [pool-1-thread-1] {org.radargun.stages.StartClusterStage} Ack master's StartCluster stage. Local address is: /127.0.0.1. This slave's index is: 0
 INFO  [pool-1-thread-1] {org.radargun.utils.ClassLoadHelper} Creating newInstance org.radargun.cachewrappers.FFWrapperLF with classloader java.net.URLClassLoader@60c90207
 INFO  [pool-1-thread-1] {org.radargun.cachewrappers.FFWrapperLF} config=ispn52-repl-sync-rc.xml, isLocal=false, nodeIndex=0, confAttributes={name=ispn52-repl-sync-rc.xml, decorate=infinispan52}
 INFO  [pool-1-thread-1] {org.radargun.cachewrappers.FFWrapperLF} Found fenix framework config options in 'rg-fenix-framework-config-options.properties'.
 INFO  [pool-1-thread-1] {org.radargun.cachewrappers.FFWrapperLF} Setting extra config properties for Fenix Framework.
 INFO  [pool-1-thread-1] {org.radargun.cachewrappers.FFWrapperLF} Will initialize Fenix Framework with RadarGunDataGridConfig
 TRACE [pool-1-thread-1] {pt.ist.fenixframework.FenixFramework} Static initializer block for FenixFramework class [BEGIN]
 INFO  [pool-1-thread-1] {pt.ist.fenixframework.FenixFramework} Trying auto-initialization with configuration by convention
 INFO  [pool-1-thread-1] {pt.ist.fenixframework.FenixFramework} Resource 'fenix-framework.properties' not found
 DEBUG [pool-1-thread-1] {pt.ist.fenixframework.FenixFramework} Fenix Framework properties after reading default config file:{}
 DEBUG [pool-1-thread-1] {pt.ist.fenixframework.FenixFramework} CurrentBackEndName = jvstm-lf
 INFO  [pool-1-thread-1] {pt.ist.fenixframework.FenixFramework} Resource 'fenix-framework-jvstm-lf.properties' not found
 DEBUG [pool-1-thread-1] {pt.ist.fenixframework.FenixFramework} Fenix Framework properties after reading backend config file:{}
 DEBUG [pool-1-thread-1] {pt.ist.fenixframework.FenixFramework} Fenix Framework properties after enforcing system properties:{}
 INFO  [pool-1-thread-1] {pt.ist.fenixframework.FenixFramework} Skipping configuration by convention.
 TRACE [pool-1-thread-1] {pt.ist.fenixframework.FenixFramework} Static initializer block for FenixFramework class [END]
 INFO  [pool-1-thread-1] {pt.ist.fenixframework.FenixFramework} Initializing Fenix Framework with config.class=pt.ist.fenixframework.backend.jvstm.datagrid.radargun.RadarGunDataGridConfig
 INFO  [pool-1-thread-1] {pt.ist.fenixframework.backend.jvstm.lf.JvstmLockFreeBackEnd} initializeTransactionFactory()
Sep 30, 2013 3:42:52 PM jvstm.ActiveTransactionsRecord <clinit>
INFO: ********** AOM reversion = false (disable/enable it in property jvstm.aom.reversion)
Sep 30, 2013 3:42:52 PM jvstm.Transaction <clinit>
INFO: ********** GC vbodies = true (disable/enable it in property jvstm.gc.disabled)
 INFO  [pool-1-thread-1] {pt.ist.fenixframework.backend.jvstm.lf.JvstmLockFreeBackEnd} initializeGroupCommunication()
 INFO  [pool-1-thread-1] {com.hazelcast.config.ClasspathXmlConfig} Configuring Hazelcast from 'hazelcast-ff.xml'.
 INFO  [pool-1-thread-1] {com.hazelcast.instance.DefaultAddressPicker} Interfaces is disabled, trying to pick one address from TCP-IP config addresses: [127.0.0.1]
 INFO  [pool-1-thread-1] {com.hazelcast.instance.DefaultAddressPicker} Picked Address[127.0.0.1]:5701, using socket ServerSocket[addr=/0.0.0.0,localport=5701], bind any local is true
 INFO  [pool-1-thread-1] {com.hazelcast.system} [127.0.0.1]:5701 [FenixFrameworkGroup] Hazelcast Community Edition 3.0-RC1 (20130627) starting at Address[127.0.0.1]:5701
 INFO  [pool-1-thread-1] {com.hazelcast.system} [127.0.0.1]:5701 [FenixFrameworkGroup] Copyright (C) 2008-2013 Hazelcast.com
 INFO  [pool-1-thread-1] {com.hazelcast.core.LifecycleService} [127.0.0.1]:5701 [FenixFrameworkGroup] Address[127.0.0.1]:5701 is STARTING
 INFO  [pool-1-thread-1] {com.hazelcast.cluster.TcpIpJoiner} [127.0.0.1]:5701 [FenixFrameworkGroup] Connecting to possible member: Address[127.0.0.1]:5703
 INFO  [pool-1-thread-1] {com.hazelcast.cluster.TcpIpJoiner} [127.0.0.1]:5701 [FenixFrameworkGroup] Connecting to possible member: Address[127.0.0.1]:5702
 INFO  [hz._hzInstance_1_FenixFrameworkGroup.cached.thread-3] {com.hazelcast.nio.SocketConnector} [127.0.0.1]:5701 [FenixFrameworkGroup] Connecting to /127.0.0.1:5703, timeout: 0, bind-any: true
 INFO  [hz._hzInstance_1_FenixFrameworkGroup.cached.thread-2] {com.hazelcast.nio.SocketConnector} [127.0.0.1]:5701 [FenixFrameworkGroup] Connecting to /127.0.0.1:5702, timeout: 0, bind-any: true
 INFO  [hz._hzInstance_1_FenixFrameworkGroup.cached.thread-3] {com.hazelcast.nio.SocketConnector} [127.0.0.1]:5701 [FenixFrameworkGroup] Could not connect to: /127.0.0.1:5703. Reason: ConnectException[Connection refused]
 INFO  [hz._hzInstance_1_FenixFrameworkGroup.cached.thread-2] {com.hazelcast.nio.SocketConnector} [127.0.0.1]:5701 [FenixFrameworkGroup] Could not connect to: /127.0.0.1:5702. Reason: ConnectException[Connection refused]
 INFO  [pool-1-thread-1] {com.hazelcast.cluster.TcpIpJoiner} [127.0.0.1]:5701 [FenixFrameworkGroup] 


Members [1] {
	Member [127.0.0.1]:5701 this
}

 INFO  [pool-1-thread-1] {com.hazelcast.cluster.MulticastJoiner} [127.0.0.1]:5701 [FenixFrameworkGroup] 


Members [1] {
	Member [127.0.0.1]:5701 this
}

 INFO  [pool-1-thread-1] {com.hazelcast.core.LifecycleService} [127.0.0.1]:5701 [FenixFrameworkGroup] Address[127.0.0.1]:5701 is STARTED
 INFO  [pool-1-thread-1] {com.hazelcast.partition.PartitionService} [127.0.0.1]:5701 [FenixFrameworkGroup] Initializing cluster partition table first arrangement...
 INFO  [pool-1-thread-1] {pt.ist.fenixframework.backend.jvstm.lf.LockFreeClusterUtils} Got (long) serverId: 0
 INFO  [pool-1-thread-1] {pt.ist.fenixframework.backend.jvstm.lf.JvstmLockFreeBackEnd} This is the first node!
 INFO  [pool-1-thread-1] {pt.ist.fenixframework.backend.jvstm.JVSTMBackEnd} initializeRepository()
 INFO  [pool-1-thread-1] {pt.ist.fenixframework.backend.jvstm.datagrid.radargun.DataGridDecorator} config=ispn52-repl-sync-rc.xml, isLocal=false, nodeIndex=0, confAttributes={name=ispn52-repl-sync-rc.xml}
 INFO  [pool-1-thread-1] {org.radargun.cachewrappers.InfinispanXSWrapper} Cannot find any site for slave index 0
 INFO  [pool-1-thread-1] {org.infinispan.remoting.transport.jgroups.JGroupsTransport} ISPN000078: Starting JGroups Channel
 WARN  [pool-1-thread-1] {org.jgroups.protocols.UDP} [JGRP00014] the send buffer of socket DatagramSocket was set to 640KB, but the OS only allocated 229.38KB. This might lead to performance problems. Please set your max send buffer in the OS correctly (e.g. net.core.wmem_max on Linux)
 WARN  [pool-1-thread-1] {org.jgroups.protocols.UDP} [JGRP00014] the receive buffer of socket DatagramSocket was set to 20MB, but the OS only allocated 229.38KB. This might lead to performance problems. Please set your max receive buffer in the OS correctly (e.g. net.core.rmem_max on Linux)
 WARN  [pool-1-thread-1] {org.jgroups.protocols.UDP} [JGRP00014] the send buffer of socket MulticastSocket was set to 640KB, but the OS only allocated 229.38KB. This might lead to performance problems. Please set your max send buffer in the OS correctly (e.g. net.core.wmem_max on Linux)
 WARN  [pool-1-thread-1] {org.jgroups.protocols.UDP} [JGRP00014] the receive buffer of socket MulticastSocket was set to 25MB, but the OS only allocated 229.38KB. This might lead to performance problems. Please set your max receive buffer in the OS correctly (e.g. net.core.rmem_max on Linux)
 INFO  [pool-1-thread-1] {org.infinispan.remoting.transport.jgroups.JGroupsTransport} ISPN000094: Received new cluster view: [deimos-esw-30490|0] [deimos-esw-30490]
 INFO  [pool-1-thread-1] {org.infinispan.remoting.transport.jgroups.JGroupsTransport} ISPN000079: Cache local address is deimos-esw-30490, physical addresses are [127.0.0.1:52000]
 INFO  [pool-1-thread-1] {org.infinispan.factories.GlobalComponentRegistry} ISPN000128: Infinispan version: Infinispan 'Delirium' 5.2.6.Final
 INFO  [pool-1-thread-1] {org.infinispan.transaction.lookup.JBossStandaloneJTAManagerLookup} ISPN000107: Retrieving transaction manager Transaction: unknown
 INFO  [hz._hzInstance_1_FenixFrameworkGroup.cached.thread-2] {com.hazelcast.nio.SocketAcceptor} [127.0.0.1]:5701 [FenixFrameworkGroup] 5701 is accepting socket connection from /127.0.0.1:59918
 INFO  [hz._hzInstance_1_FenixFrameworkGroup.cached.thread-2] {com.hazelcast.nio.TcpIpConnectionManager} [127.0.0.1]:5701 [FenixFrameworkGroup] 5701 accepted socket connection from /127.0.0.1:59918
 INFO  [pool-1-thread-1] {org.infinispan.jmx.CacheJmxRegistration} ISPN000031: MBeans were successfully registered to the platform MBean server.
 INFO  [pool-1-thread-1] {org.radargun.cachewrappers.InfinispanXSWrapper} Using transaction manager: Transaction: unknown
 INFO  [pool-1-thread-1] {org.radargun.cachewrappers.InfinispanXSWrapper} No RELAY2 protocol in XS wrapper
 INFO  [pool-1-thread-1] {org.radargun.cachewrappers.InfinispanXSWrapper} JGroups version: JGroups 3.2.7.Final
 INFO  [pool-1-thread-1] {org.radargun.cachewrappers.InfinispanXSWrapper} Using config attributes: {name=ispn52-repl-sync-rc.xml}
 INFO  [pool-1-thread-1] {pt.ist.fenixframework.backend.jvstm.repository.LockFreeRepository} Initialization marker not present. Data Grid is being initialized for the first time.
 INFO  [pool-1-thread-1] {pt.ist.fenixframework.backend.jvstm.JVSTMBackEnd} initializeDomainClassInfos
 INFO  [pool-1-thread-1] {pt.ist.fenixframework.backend.jvstm.pstm.DomainClassInfo} serverId: 0, serverOidBase: 0
 INFO  [pool-1-thread-1] {pt.ist.fenixframework.backend.jvstm.pstm.DomainClassInfo} Registering new domain class 'pt.ist.fenixframework.adt.bplustree.DomainLeafNode' with id '1'
 INFO  [pool-1-thread-1] {pt.ist.fenixframework.backend.jvstm.pstm.DomainClassInfo} Registering new domain class 'pt.ist.fenixframework.adt.bplustree.BPlusTreeArray' with id '2'
 INFO  [pool-1-thread-1] {pt.ist.fenixframework.backend.jvstm.pstm.DomainClassInfo} Registering new domain class 'pt.ist.fenixframework.adt.bplustree.DomainInnerNode' with id '3'
 INFO  [pool-1-thread-1] {pt.ist.fenixframework.backend.jvstm.pstm.DomainClassInfo} Registering new domain class 'pt.ist.fenixframework.adt.bplustree.LeafNode' with id '4'
 INFO  [pool-1-thread-1] {pt.ist.fenixframework.backend.jvstm.pstm.DomainClassInfo} Registering new domain class 'pt.ist.fenixframework.backend.jvstm.pstm.TransactionStatisticsEntry' with id '5'
 INFO  [pool-1-thread-1] {pt.ist.fenixframework.backend.jvstm.pstm.DomainClassInfo} Registering new domain class 'pt.ist.fenixframework.DomainRoot' with id '0'
 INFO  [pool-1-thread-1] {pt.ist.fenixframework.backend.jvstm.pstm.DomainClassInfo} Registering new domain class 'pt.ist.fenixframework.adt.linkedlist.ListNode' with id '6'
 INFO  [pool-1-thread-1] {pt.ist.fenixframework.backend.jvstm.pstm.DomainClassInfo} Registering new domain class 'pt.ist.fenixframework.adt.bplustree.BPlusTree' with id '7'
 INFO  [pool-1-thread-1] {pt.ist.fenixframework.backend.jvstm.pstm.DomainClassInfo} Registering new domain class 'pt.ist.fenixframework.adt.bplustree.InnerNode' with id '8'
 INFO  [pool-1-thread-1] {pt.ist.fenixframework.backend.jvstm.pstm.DomainClassInfo} Registering new domain class 'pt.ist.fenixframework.adt.linkedlist.LinkedList' with id '9'
 INFO  [pool-1-thread-1] {pt.ist.fenixframework.backend.jvstm.pstm.DomainClassInfo} Registering new domain class 'pt.ist.fenixframework.adt.bplustree.AbstractNodeArray' with id 'a'
 INFO  [pool-1-thread-1] {pt.ist.fenixframework.backend.jvstm.pstm.DomainClassInfo} Registering new domain class 'pt.ist.fenixframework.adt.bplustree.InnerNodeArray' with id 'b'
 INFO  [pool-1-thread-1] {pt.ist.fenixframework.backend.jvstm.pstm.DomainClassInfo} Registering new domain class 'pt.ist.fenixframework.adt.bplustree.LeafNodeArray' with id 'c'
 INFO  [pool-1-thread-1] {pt.ist.fenixframework.backend.jvstm.pstm.DomainClassInfo} Registering new domain class 'pt.ist.fenixframework.backend.jvstm.pstm.FenixFrameworkData' with id 'd'
 INFO  [pool-1-thread-1] {pt.ist.fenixframework.backend.jvstm.pstm.DomainClassInfo} Registering new domain class 'pt.ist.fenixframework.adt.bplustree.DomainBPlusTree' with id 'e'
 INFO  [pool-1-thread-1] {pt.ist.fenixframework.backend.jvstm.pstm.DomainClassInfo} Registering new domain class 'pt.ist.fenixframework.adt.bplustree.AbstractNode' with id 'f'
 INFO  [pool-1-thread-1] {pt.ist.fenixframework.backend.jvstm.JVSTMBackEnd} setupJVSTM
 INFO  [pool-1-thread-1] {jvstm.TransactionUtils} Setting the last committed TX number to 0
 INFO  [pool-1-thread-1] {pt.ist.fenixframework.backend.jvstm.JVSTMBackEnd} createDomainRootIfNeeded
 WARN  [pool-1-thread-1] {pt.ist.fenixframework.backend.jvstm.repository.LockFreeRepository} updateMaxCounterForClass() not yet implemented
 INFO  [pool-1-thread-1] {pt.ist.fenixframework.DomainRoot} Created DomainRoot instance
 INFO  [pool-1-thread-1] {pt.ist.fenixframework.backend.jvstm.JVSTMBackEnd} ensureFenixFrameworkDataExists
 WARN  [pool-1-thread-1] {pt.ist.fenixframework.backend.jvstm.repository.LockFreeRepository} updateMaxCounterForClass() not yet implemented
 WARN  [pool-1-thread-1] {pt.ist.fenixframework.backend.jvstm.repository.LockFreeRepository} updateMaxCounterForClass() not yet implemented
 WARN  [pool-1-thread-1] {pt.ist.fenixframework.backend.jvstm.repository.LockFreeRepository} updateMaxCounterForClass() not yet implemented
 INFO  [pool-1-thread-1] {pt.ist.fenixframework.backend.jvstm.lf.LockFreeClusterUtils} Notify other nodes that startup completed
 INFO  [pool-1-thread-1] {pt.ist.fenixframework.hibernatesearch.HibernateSearchConfig} Resource 'fenix-framework-hibernate-search.properties' not found. Hibernate Search disabled
 INFO  [pool-1-thread-1] {pt.ist.fenixframework.FenixFramework} Initialization of Fenix Framework is now complete.
 INFO  [pool-1-thread-1] {org.radargun.cachewrappers.FFWrapperLF} FF STARTED=true
 INFO  [pool-1-thread-1] {org.radargun.stages.helpers.StartHelper} Number of members=1 is not the one expected: 8
 INFO  [hz._hzInstance_1_FenixFrameworkGroup.cached.thread-2] {com.hazelcast.nio.SocketAcceptor} [127.0.0.1]:5701 [FenixFrameworkGroup] 5701 is accepting socket connection from /127.0.0.1:49561
 INFO  [hz._hzInstance_1_FenixFrameworkGroup.cached.thread-2] {com.hazelcast.nio.TcpIpConnectionManager} [127.0.0.1]:5701 [FenixFrameworkGroup] 5701 accepted socket connection from /127.0.0.1:49561
 INFO  [pool-1-thread-1] {org.radargun.stages.helpers.StartHelper} Number of members=1 is not the one expected: 8
 INFO  [hz._hzInstance_1_FenixFrameworkGroup.cached.thread-2] {com.hazelcast.nio.SocketAcceptor} [127.0.0.1]:5701 [FenixFrameworkGroup] 5701 is accepting socket connection from /127.0.0.1:39253
 INFO  [hz._hzInstance_1_FenixFrameworkGroup.cached.thread-2] {com.hazelcast.nio.TcpIpConnectionManager} [127.0.0.1]:5701 [FenixFrameworkGroup] 5701 accepted socket connection from /127.0.0.1:39253
 INFO  [pool-1-thread-1] {org.radargun.stages.helpers.StartHelper} Number of members=1 is not the one expected: 8
 INFO  [hz._hzInstance_1_FenixFrameworkGroup.cached.thread-2] {com.hazelcast.nio.SocketAcceptor} [127.0.0.1]:5701 [FenixFrameworkGroup] 5701 is accepting socket connection from /127.0.0.1:53816
 INFO  [hz._hzInstance_1_FenixFrameworkGroup.cached.thread-2] {com.hazelcast.nio.TcpIpConnectionManager} [127.0.0.1]:5701 [FenixFrameworkGroup] 5701 accepted socket connection from /127.0.0.1:53816
 INFO  [pool-1-thread-1] {org.radargun.stages.helpers.StartHelper} Number of members=1 is not the one expected: 8
 INFO  [hz._hzInstance_1_FenixFrameworkGroup.cached.thread-2] {com.hazelcast.nio.SocketAcceptor} [127.0.0.1]:5701 [FenixFrameworkGroup] 5701 is accepting socket connection from /127.0.0.1:52944
 INFO  [hz._hzInstance_1_FenixFrameworkGroup.cached.thread-2] {com.hazelcast.nio.TcpIpConnectionManager} [127.0.0.1]:5701 [FenixFrameworkGroup] 5701 accepted socket connection from /127.0.0.1:52944
 INFO  [pool-1-thread-1] {org.radargun.stages.helpers.StartHelper} Number of members=1 is not the one expected: 8
 INFO  [pool-1-thread-1] {org.radargun.stages.helpers.StartHelper} Number of members=1 is not the one expected: 8
 INFO  [hz._hzInstance_1_FenixFrameworkGroup.cached.thread-2] {com.hazelcast.nio.SocketAcceptor} [127.0.0.1]:5701 [FenixFrameworkGroup] 5701 is accepting socket connection from /127.0.0.1:58092
 INFO  [hz._hzInstance_1_FenixFrameworkGroup.cached.thread-2] {com.hazelcast.nio.TcpIpConnectionManager} [127.0.0.1]:5701 [FenixFrameworkGroup] 5701 accepted socket connection from /127.0.0.1:58092
 INFO  [pool-1-thread-1] {org.radargun.stages.helpers.StartHelper} Number of members=1 is not the one expected: 8
[GC 259695K->21128K(2944064K), 0.0631000 secs]
 INFO  [hz._hzInstance_1_FenixFrameworkGroup.cached.thread-2] {com.hazelcast.nio.SocketAcceptor} [127.0.0.1]:5701 [FenixFrameworkGroup] 5701 is accepting socket connection from /127.0.0.1:39010
 INFO  [hz._hzInstance_1_FenixFrameworkGroup.cached.thread-2] {com.hazelcast.nio.TcpIpConnectionManager} [127.0.0.1]:5701 [FenixFrameworkGroup] 5701 accepted socket connection from /127.0.0.1:39010
 INFO  [pool-1-thread-1] {org.radargun.stages.helpers.StartHelper} Number of members=1 is not the one expected: 8
 INFO  [pool-1-thread-1] {org.radargun.stages.helpers.StartHelper} Number of members=1 is not the one expected: 8
 INFO  [pool-1-thread-1] {org.radargun.stages.helpers.StartHelper} Number of members=1 is not the one expected: 8
 INFO  [pool-1-thread-1] {org.radargun.stages.helpers.StartHelper} Number of members=1 is not the one expected: 8
 INFO  [pool-1-thread-1] {org.radargun.stages.helpers.StartHelper} Number of members=1 is not the one expected: 8
 INFO  [pool-1-thread-1] {org.radargun.stages.helpers.StartHelper} Number of members=1 is not the one expected: 8
 INFO  [hz._hzInstance_1_FenixFrameworkGroup.cached.thread-2] {com.hazelcast.cluster.ClusterService} [127.0.0.1]:5701 [FenixFrameworkGroup] 

Members [8] {
	Member [127.0.0.1]:5701 this
	Member [127.0.0.1]:5702
	Member [127.0.0.1]:5704
	Member [127.0.0.1]:5705
	Member [127.0.0.1]:5706
	Member [127.0.0.1]:5703
	Member [127.0.0.1]:5707
	Member [127.0.0.1]:5708
}

 INFO  [hz._hzInstance_1_FenixFrameworkGroup.migration] {com.hazelcast.partition.PartitionService} [127.0.0.1]:5701 [FenixFrameworkGroup] Re-partitioning cluster data... Migration queue size: 237
 INFO  [hz._hzInstance_1_FenixFrameworkGroup.migration] {com.hazelcast.partition.PartitionService} [127.0.0.1]:5701 [FenixFrameworkGroup] Re-partitioning cluster data... Migration queue size: 237
 INFO  [pool-1-thread-1] {org.radargun.stages.helpers.StartHelper} Number of members is the one expected: 8
 INFO  [pool-1-thread-1] {org.radargun.stages.StartClusterStage} Successfully started cache wrapper on slave 0: org.radargun.cachewrappers.FFWrapperLF@28e3987a
 INFO  [pool-1-thread-1] {org.radargun.Slave} Finished stage: StartCluster {config=ispn52-repl-sync-rc.xml, delayAfterFirstSlaveStarts=5.000 secs, delayBetweenStartingSlaves=0.500 secs, exitBenchmarkOnSlaveFailure=true, expectNumSlaves=null, mayFailOn=null, reachable=null, runOnAllSlaves=false, slaves=null, staggerSlaveStartup=true, useSmartClassLoading=true, validateCluster=true }
 INFO  [main] {org.radargun.Slave} Ack successfully sent to the master
 INFO  [hz._hzInstance_1_FenixFrameworkGroup.migration] {com.hazelcast.partition.PartitionService} [127.0.0.1]:5701 [FenixFrameworkGroup] All migration tasks has been completed, queues are empty.
 INFO  [Incoming-1,deimos-esw-30490] {org.infinispan.remoting.transport.jgroups.JGroupsTransport} ISPN000094: Received new cluster view: [deimos-esw-30490|1] [deimos-esw-30490, deimos-esw-27357, deimos-esw-1836]
 INFO  [Incoming-3,deimos-esw-30490] {org.infinispan.remoting.transport.jgroups.JGroupsTransport} ISPN000094: Received new cluster view: [deimos-esw-30490|2] [deimos-esw-30490, deimos-esw-27357, deimos-esw-1836, deimos-esw-26278]
 INFO  [Incoming-4,deimos-esw-30490] {org.infinispan.remoting.transport.jgroups.JGroupsTransport} ISPN000094: Received new cluster view: [deimos-esw-30490|3] [deimos-esw-30490, deimos-esw-27357, deimos-esw-1836, deimos-esw-26278, deimos-esw-48135, deimos-esw-9549]
 INFO  [Incoming-4,deimos-esw-30490] {org.infinispan.remoting.transport.jgroups.JGroupsTransport} ISPN000094: Received new cluster view: [deimos-esw-30490|4] [deimos-esw-30490, deimos-esw-27357, deimos-esw-1836, deimos-esw-26278, deimos-esw-48135, deimos-esw-9549, deimos-esw-25055]
 INFO  [Incoming-4,deimos-esw-30490] {org.infinispan.remoting.transport.jgroups.JGroupsTransport} ISPN000094: Received new cluster view: [deimos-esw-30490|5] [deimos-esw-30490, deimos-esw-27357, deimos-esw-1836, deimos-esw-26278, deimos-esw-48135, deimos-esw-9549, deimos-esw-25055, deimos-esw-38507]
 INFO  [pool-1-thread-1] {org.radargun.Slave} Executing stage: ClusterValidation {exitBenchmarkOnSlaveFailure=false, partialReplication=false, replicationTimeSleep=2000, replicationTryCount=60, runOnAllSlaves=false, slaves=null, useSmartClassLoading=true }
 INFO  [pool-1-thread-1] {org.radargun.stages.ClusterValidationStage} Number of caches that replicated here is 7
 INFO  [pool-1-thread-1] {org.radargun.stages.ClusterValidationStage} Replication test successfully passed. partialReplication? false, replicationCount = 7
 INFO  [pool-1-thread-1] {org.radargun.stages.ClusterValidationStage} Confirm phase successful.
 INFO  [pool-1-thread-1] {org.radargun.Slave} Finished stage: ClusterValidation {exitBenchmarkOnSlaveFailure=false, partialReplication=false, replicationTimeSleep=2000, replicationTryCount=60, runOnAllSlaves=false, slaves=[ 0, 1, 2, 3, 4, 5, 6, 7 ], useSmartClassLoading=true }
 INFO  [main] {org.radargun.Slave} Ack successfully sent to the master
 INFO  [pool-1-thread-1] {org.radargun.Slave} Executing stage: StressTestWarmup {bulkSize=1, cacheSpecificKeyGenerator=false, commitTransactions=true, duration=1 mins 0 secs, entrySize=1000, exitBenchmarkOnSlaveFailure=false, fixedKeys=true, generateHistogramRange=false, keyGeneratorClass=org.radargun.stressors.StringKeyGenerator, keyGeneratorParam=null, loadAllKeys=false, numEntries=100, numOfThreads=4, numRequests=10000, numThreads=4, numberOfAttributes=100, numberOfRequests=10000, opsCountStatusLog=100000, poolKeys=true, preferAsyncOperations=false, removePercentage=0, replaceInvalidPercentage=40, runOnAllSlaves=false, sharedKeys=false, sizeOfAnAttribute=1000, slaves=null, transactionSize=50, useAtomics=false, useHistogramStatistics=false, useSimpleStatistics=true, useSmartClassLoading=true, useTransactions=null, writePercentage=20, writeTxPercentage=20 }
 INFO  [pool-1-thread-1] {org.radargun.stages.StressTestWarmupStage} Starting StressTestWarmupStage: StressTestWarmup {bulkSize=1, cacheSpecificKeyGenerator=false, commitTransactions=true, duration=1 mins 0 secs, entrySize=1000, exitBenchmarkOnSlaveFailure=false, fixedKeys=true, generateHistogramRange=false, keyGeneratorClass=org.radargun.stressors.StringKeyGenerator, keyGeneratorParam=null, loadAllKeys=false, numEntries=100, numOfThreads=4, numRequests=10000, numThreads=4, numberOfAttributes=100, numberOfRequests=10000, opsCountStatusLog=100000, poolKeys=true, preferAsyncOperations=false, removePercentage=0, replaceInvalidPercentage=40, runOnAllSlaves=false, sharedKeys=false, sizeOfAnAttribute=1000, slaves=null, transactionSize=50, useAtomics=false, useHistogramStatistics=false, useSimpleStatistics=true, useSmartClassLoading=true, useTransactions=null, writePercentage=20, writeTxPercentage=20 }
 INFO  [pool-1-thread-1] {org.radargun.stressors.StressTestStressor} Using key generator org.radargun.stressors.StringKeyGenerator, param null
 INFO  [pool-1-thread-1] {org.radargun.stressors.StressTestStressor} Executing: StressTestStressor{opsCountStatusLog=100000, numRequests=10000, numEntries=100, entrySize=1000, writePercentage=20, numThreads=4, cacheWrapper=org.radargun.cachewrappers.FFWrapperLF@28e3987a, nodeIndex=0, useTransactions=true, transactionSize=50, commitTransactions=true, durationMillis=60000}
 INFO  [pool-1-thread-1] {org.radargun.stressors.StressTestStressor} Cache wrapper info is: FFWrapperLF using infinispan52
[GC 277192K->16636K(2944064K), 0.0387290 secs]
 INFO  [pool-1-thread-1] {org.radargun.stressors.StressTestStressor} Started 4 stressor threads.
 INFO  [Stressor-3] {org.radargun.stressors.StressTestStressor} Number of ops executed so far: 1. Elapsed time: 0.000 secs. Remaining: 1 mins 0 secs. Total: 1 mins 0 secs
[GC 272700K->36354K(2944064K), 0.0517870 secs]
[GC 292418K->68915K(2944064K), 0.0646540 secs]
[GC 324979K->100695K(2944064K), 0.0679610 secs]
[GC 356759K->99844K(2944064K), 0.1050020 secs]
[GC 355908K->140678K(2944064K), 0.1148800 secs]
[GC 396742K->146286K(2944064K), 0.0840410 secs]
[GC 402350K->153594K(2944064K), 0.0771160 secs]
[GC 409658K->152193K(2944064K), 0.0606530 secs]
[GC 408257K->152159K(2944064K), 0.0595350 secs]
[GC 408223K->139363K(2944064K), 0.0579940 secs]
[GC 395427K->137459K(2944064K), 0.0585130 secs]
[GC 393523K->152992K(2944064K), 0.0610730 secs]
[GC 409056K->154521K(2944064K), 0.0594940 secs]
 WARN  [hz._hzInstance_1_FenixFrameworkGroup.event] {com.hazelcast.spi.EventService} [127.0.0.1]:5701 [FenixFrameworkGroup] Caution: Off-load event processing to your own thread-pool, don't use event thread!
[GC 410585K->156823K(2944064K), 0.0586930 secs]
[Full GC 162161K->129164K(2944064K), 0.6253550 secs]
[GC 385484K->194820K(2944384K), 0.0281220 secs]
[GC 451140K->146395K(2944384K), 0.0292120 secs]
[GC 402715K->147480K(2944384K), 0.0307440 secs]
[GC 403800K->155435K(2944384K), 0.0364690 secs]
[GC 411755K->167069K(2944384K), 0.0406300 secs]
[GC 423389K->174056K(2944384K), 0.0452900 secs]
[GC 430376K->163525K(2944384K), 0.0421000 secs]
[GC 419845K->177314K(2944384K), 0.0433320 secs]
[GC 433634K->166245K(2944384K), 0.0390450 secs]
[GC 422565K->180478K(2944384K), 0.0434950 secs]
[GC 436798K->176625K(2944384K), 0.0497970 secs]
[GC 432945K->189185K(2944384K), 0.0497750 secs]
[GC 445505K->187325K(2944384K), 0.0548330 secs]
[GC 443645K->193762K(2944384K), 0.0600160 secs]
[GC 450082K->212934K(2944384K), 0.0599620 secs]
 WARN  [hz._hzInstance_1_FenixFrameworkGroup.event] {com.hazelcast.spi.EventService} [127.0.0.1]:5701 [FenixFrameworkGroup] Caution: Off-load event processing to your own thread-pool, don't use event thread!
[GC 469254K->226773K(2944384K), 0.0752590 secs]
[GC 483093K->205527K(2944384K), 0.0717380 secs]
[GC 461847K->213739K(2944384K), 0.0686060 secs]
[GC 470059K->220143K(2944384K), 0.0659690 secs]
[GC 476463K->233640K(2944384K), 0.0645030 secs]
[GC 489960K->216478K(2944384K), 0.0599670 secs]
[GC 472798K->228237K(2944384K), 0.0604700 secs]
[GC 484557K->241427K(2944384K), 0.0639310 secs]
[GC 497747K->248764K(2944384K), 0.0655520 secs]
[GC 505084K->247019K(2944384K), 0.0668490 secs]
[GC 503339K->251199K(2944384K), 0.0648260 secs]
[GC 507519K->257644K(2944384K), 0.0712010 secs]
[GC 513964K->229525K(2944384K), 0.0694500 secs]
[GC 485845K->243212K(2944384K), 0.0633250 secs]
[GC 499532K->254043K(2944384K), 0.0569310 secs]
[GC 510363K->249376K(2944384K), 0.0595380 secs]
 INFO  [Stressor-0] {org.radargun.stressors.StressTestStressor} Number of ops executed so far: 86750. Elapsed time: 20.026 secs. Remaining: 39.974 secs. Total: 1 mins 0 secs
[GC 505696K->266867K(2944384K), 0.0568580 secs]
 WARN  [hz._hzInstance_1_FenixFrameworkGroup.event] {com.hazelcast.spi.EventService} [127.0.0.1]:5701 [FenixFrameworkGroup] Caution: Off-load event processing to your own thread-pool, don't use event thread!
[GC 523187K->250890K(2944384K), 0.0603440 secs]
[GC 507210K->279308K(2944384K), 0.0601710 secs]
[GC 535628K->282511K(2944384K), 0.0612260 secs]
[GC 538831K->266141K(2944384K), 0.0703710 secs]
[GC 522461K->269891K(2944384K), 0.0682010 secs]
[GC 526211K->271138K(2944384K), 0.0600810 secs]
[GC 527458K->271692K(2944384K), 0.0637790 secs]
[GC 528012K->272501K(2944384K), 0.0566440 secs]
[GC 528821K->290741K(2944384K), 0.0556820 secs]
[GC 547061K->272312K(2944384K), 0.0605840 secs]
[GC 528632K->303999K(2944384K), 0.0563820 secs]
[GC 560319K->286775K(2944384K), 0.0585160 secs]
 WARN  [hz._hzInstance_1_FenixFrameworkGroup.event] {com.hazelcast.spi.EventService} [127.0.0.1]:5701 [FenixFrameworkGroup] Caution: Off-load event processing to your own thread-pool, don't use event thread!
[GC 543095K->319704K(2944384K), 0.0656300 secs]
[GC 576024K->295816K(2944384K), 0.0738050 secs]
[GC 552136K->306393K(2944384K), 0.0726580 secs]
[GC 562713K->315826K(2944384K), 0.0644240 secs]
[GC 572146K->305017K(2944384K), 0.0615350 secs]
[GC 561337K->293539K(2944384K), 0.0543180 secs]
[GC 549859K->313786K(2944384K), 0.0549190 secs]
[GC 570106K->314329K(2944384K), 0.0515720 secs]
[GC 570649K->328831K(2944384K), 0.0562570 secs]
[GC 585151K->350508K(2944384K), 0.0632990 secs]
[GC 606828K->319329K(2944384K), 0.0612400 secs]
[GC 575649K->347017K(2944384K), 0.0722380 secs]
[GC 603337K->345169K(2944384K), 0.0706750 secs]
[GC 601489K->334978K(2944384K), 0.0609320 secs]
[GC 591298K->335748K(2944384K), 0.0647750 secs]
[GC 592068K->337146K(2944384K), 0.0627500 secs]
[GC 593466K->345620K(2944384K), 0.0598380 secs]
[GC 601940K->351082K(2944384K), 0.0661230 secs]
[GC 607402K->364467K(2944384K), 0.0587290 secs]
[GC 620787K->372680K(2944384K), 0.0625330 secs]
[GC 629000K->379790K(2944384K), 0.0675280 secs]
[GC 636110K->377799K(2944384K), 0.0793300 secs]
[GC 634119K->369773K(2944384K), 0.0733960 secs]
[GC 626093K->372300K(2944384K), 0.0713330 secs]
[GC 628620K->373307K(2944384K), 0.0711500 secs]
[GC 629627K->371360K(2944384K), 0.0630280 secs]
[GC 627680K->389406K(2944384K), 0.0723300 secs]
[GC 645726K->406129K(2944384K), 0.0649940 secs]
[GC 662449K->390686K(2944384K), 0.0671530 secs]
[GC 647006K->422535K(2944384K), 0.0706840 secs]
[GC 678855K->400130K(2944384K), 0.0676710 secs]
[GC 656450K->409611K(2944384K), 0.0786710 secs]
[GC 665931K->403335K(2944384K), 0.0764090 secs]
 WARN  [hz._hzInstance_1_FenixFrameworkGroup.event] {com.hazelcast.spi.EventService} [127.0.0.1]:5701 [FenixFrameworkGroup] Caution: Off-load event processing to your own thread-pool, don't use event thread!
[GC 659655K->406459K(2944384K), 0.0778860 secs]
[GC 662779K->407735K(2944384K), 0.0757080 secs]
[GC 664055K->412705K(2944384K), 0.0760350 secs]
[GC 669025K->418903K(2944384K), 0.0655180 secs]
[GC 675223K->428932K(2944384K), 0.0649480 secs]
[GC 685252K->433801K(2944384K), 0.0735580 secs]
[GC 690121K->440721K(2944384K), 0.0705280 secs]
[GC 697041K->450824K(2944384K), 0.0756830 secs]
[GC 707144K->438862K(2944384K), 0.0798700 secs]
[GC 695182K->436561K(2944384K), 0.0710110 secs]
[GC 692881K->438807K(2944384K), 0.0761560 secs]
[GC 695127K->466106K(2944384K), 0.0686880 secs]
[GC 722426K->443620K(2944384K), 0.0673020 secs]
[GC 699940K->471145K(2944384K), 0.0605940 secs]
[GC 727465K->450799K(2944384K), 0.0597410 secs]
[GC 707119K->469067K(2944384K), 0.0680870 secs]
[GC 725387K->485484K(2944384K), 0.0747350 secs]
[GC 741804K->464631K(2944384K), 0.0722820 secs]
[GC 720951K->480764K(2944384K), 0.0675010 secs]
 WARN  [hz._hzInstance_1_FenixFrameworkGroup.event] {com.hazelcast.spi.EventService} [127.0.0.1]:5701 [FenixFrameworkGroup] Caution: Off-load event processing to your own thread-pool, don't use event thread!
[GC 737084K->477929K(2944384K), 0.0662040 secs]
[GC 734249K->481850K(2944384K), 0.0679310 secs]
[GC 738170K->487777K(2944384K), 0.0643310 secs]
[GC 744097K->501359K(2944384K), 0.0592930 secs]
[GC 757679K->507323K(2944384K), 0.0669230 secs]
[GC 763643K->516685K(2944384K), 0.0698360 secs]
[GC 773005K->526379K(2944384K), 0.0726400 secs]
[GC 782699K->501854K(2944384K), 0.0762580 secs]
[GC 758174K->521640K(2944384K), 0.0711060 secs]
[GC 777960K->503032K(2944384K), 0.0721870 secs]
[GC 759352K->507085K(2944384K), 0.0683170 secs]
[GC 763405K->508896K(2944384K), 0.0679700 secs]
 WARN  [hz._hzInstance_1_FenixFrameworkGroup.event] {com.hazelcast.spi.EventService} [127.0.0.1]:5701 [FenixFrameworkGroup] Caution: Off-load event processing to your own thread-pool, don't use event thread!
[GC 765216K->526380K(2944384K), 0.0747510 secs]
[GC 782700K->556526K(2944384K), 0.0646430 secs]
[GC 812846K->519563K(2944384K), 0.0660420 secs]
[GC 775883K->545146K(2944384K), 0.0705750 secs]
 INFO  [Stressor-0] {org.radargun.stressors.StressTestStressor} Number of ops executed so far: 211000. Elapsed time: 40.061 secs. Remaining: 19.939 secs. Total: 1 mins 0 secs
[GC 801466K->541336K(2944384K), 0.0744930 secs]
 WARN  [hz._hzInstance_1_FenixFrameworkGroup.event] {com.hazelcast.spi.EventService} [127.0.0.1]:5701 [FenixFrameworkGroup] Caution: Off-load event processing to your own thread-pool, don't use event thread!
[GC 797656K->529867K(2944384K), 0.0658470 secs]
[GC 786187K->530955K(2944384K), 0.0660470 secs]
[GC 787275K->544899K(2944384K), 0.0652440 secs]
[GC 801219K->558027K(2944384K), 0.0637070 secs]
[GC 814347K->535975K(2944384K), 0.0591740 secs]
[GC 792295K->565477K(2944384K), 0.0612970 secs]
[GC 821797K->569064K(2944384K), 0.0664370 secs]
[GC 825384K->580969K(2944384K), 0.0657740 secs]
[GC 837289K->572851K(2944384K), 0.0696350 secs]
[GC 829171K->563944K(2944384K), 0.0710470 secs]
[GC 820264K->579304K(2944384K), 0.0667600 secs]
[GC 835624K->565742K(2944384K), 0.0632560 secs]
[GC 822062K->567565K(2944384K), 0.0671120 secs]
[GC 823885K->588292K(2944384K), 0.0600270 secs]
[GC 844612K->593536K(2944384K), 0.0640310 secs]
[GC 849856K->598713K(2944384K), 0.0620300 secs]
[GC 855033K->607196K(2944384K), 0.0650100 secs]
[GC 863516K->600929K(2944384K), 0.0623350 secs]
[GC 857249K->591423K(2944384K), 0.0667710 secs]
[GC 847743K->579068K(2944384K), 0.0677460 secs]
[GC 835388K->594647K(2944384K), 0.0697130 secs]
[GC 850967K->608171K(2944384K), 0.0662360 secs]
[GC 864491K->609144K(2944384K), 0.0638810 secs]
[GC 865464K->620759K(2944384K), 0.0600920 secs]
 WARN  [hz._hzInstance_1_FenixFrameworkGroup.event] {com.hazelcast.spi.EventService} [127.0.0.1]:5701 [FenixFrameworkGroup] Caution: Off-load event processing to your own thread-pool, don't use event thread!
[GC 877079K->627480K(2944384K), 0.0631070 secs]
[GC 883800K->624664K(2944384K), 0.0615010 secs]
[GC 880984K->642027K(2944384K), 0.0669130 secs]
[GC 898347K->635108K(2944384K), 0.0639040 secs]
[GC 891428K->626006K(2944384K), 0.0782780 secs]
[GC 882326K->628541K(2944384K), 0.0688390 secs]
[GC 884861K->629498K(2944384K), 0.0726350 secs]
[GC 885818K->643280K(2944384K), 0.0641080 secs]
[GC 899600K->643633K(2944384K), 0.0655460 secs]
 WARN  [hz._hzInstance_1_FenixFrameworkGroup.event] {com.hazelcast.spi.EventService} [127.0.0.1]:5701 [FenixFrameworkGroup] Caution: Off-load event processing to your own thread-pool, don't use event thread!
[GC 899953K->674828K(2944384K), 0.0642730 secs]
[GC 928748K->642166K(2944384K), 0.0703680 secs]
[GC 898486K->676092K(2944384K), 0.0685840 secs]
 WARN  [hz._hzInstance_1_FenixFrameworkGroup.event] {com.hazelcast.spi.EventService} [127.0.0.1]:5701 [FenixFrameworkGroup] Caution: Off-load event processing to your own thread-pool, don't use event thread!
[GC 932412K->647997K(2944384K), 0.0781520 secs]
[GC 904317K->666134K(2944384K), 0.0744890 secs]
[GC 922454K->645502K(2944384K), 0.0650130 secs]
[GC 901822K->661150K(2944384K), 0.0690190 secs]
[GC 917470K->680117K(2944384K), 0.0578210 secs]
[GC 936437K->662542K(2944384K), 0.0626480 secs]
[GC 918862K->693741K(2944384K), 0.0639420 secs]
[GC 950061K->667108K(2944384K), 0.0610170 secs]
[GC 923428K->703920K(2944384K), 0.0642000 secs]
[GC 960240K->693118K(2944384K), 0.0686020 secs]
[GC 949438K->688788K(2944384K), 0.0768670 secs]
[GC 945108K->691200K(2944384K), 0.0651670 secs]
[GC 947520K->693674K(2944384K), 0.0735710 secs]
[GC 949994K->703932K(2944384K), 0.0628440 secs]
[GC 960252K->711218K(2944384K), 0.0699570 secs]
[GC 967538K->703078K(2944384K), 0.0649920 secs]
[GC 959398K->728891K(2944384K), 0.0626700 secs]
[GC 985211K->734752K(2944384K), 0.0686600 secs]
[GC 991072K->742350K(2944384K), 0.0774130 secs]
[GC 998670K->737265K(2944384K), 0.0779790 secs]
[GC 993585K->725823K(2944384K), 0.0753510 secs]
[GC 982143K->726263K(2944384K), 0.0694620 secs]
[GC 982583K->740332K(2944384K), 0.0704400 secs]
[GC 994889K->731890K(2944384K), 0.0590550 secs]
[GC 988210K->743947K(2944384K), 0.0635110 secs]
[GC 1000267K->760948K(2944384K), 0.0666540 secs]
[GC 1017268K->755437K(2944384K), 0.0671070 secs]
[GC 1011757K->747752K(2944384K), 0.0635430 secs]
[GC 1004072K->753560K(2944384K), 0.0735120 secs]
[GC 1009880K->756030K(2944384K), 0.0712010 secs]
[GC 1012350K->769561K(2944384K), 0.0637860 secs]
[GC 1025881K->774703K(2944384K), 0.0655570 secs]
[GC 1031023K->763248K(2944384K), 0.0679910 secs]
[GC 1019568K->796678K(2944384K), 0.0709370 secs]
[GC 1052998K->771285K(2944384K), 0.0688830 secs]
[GC 1027605K->811955K(2944384K), 0.0731960 secs]
[GC 1068275K->779477K(2944384K), 0.0701750 secs]
[GC 1035797K->810728K(2944384K), 0.0783610 secs]
[GC 1067048K->802038K(2944384K), 0.0673600 secs]
[GC 1058358K->793741K(2944384K), 0.0718170 secs]
[GC 1050061K->795900K(2944384K), 0.0671580 secs]
 WARN  [hz._hzInstance_1_FenixFrameworkGroup.event] {com.hazelcast.spi.EventService} [127.0.0.1]:5701 [FenixFrameworkGroup] Caution: Off-load event processing to your own thread-pool, don't use event thread!
[GC 1052220K->796777K(2944384K), 0.0695730 secs]
[GC 1053097K->809223K(2944384K), 0.0635870 secs]
[GC 1065543K->824138K(2944384K), 0.0655270 secs]
[GC 1080458K->803947K(2944384K), 0.0685020 secs]
[GC 1060267K->807133K(2944384K), 0.0580970 secs]
[GC 1063453K->807404K(2944384K), 0.0616270 secs]
[GC 1063724K->797300K(2944384K), 0.0633180 secs]
[GC 1053620K->810249K(2944384K), 0.0578480 secs]
[GC 1066569K->808669K(2944384K), 0.0512500 secs]
[GC 1064989K->798473K(2944384K), 0.0485850 secs]
[GC 1054793K->795411K(2944384K), 0.0434350 secs]
[GC 1051731K->794397K(2944384K), 0.0399460 secs]
[GC 1050717K->806856K(2944384K), 0.0404190 secs]
[GC 1063176K->800443K(2944384K), 0.0366760 secs]
[GC 1056763K->799338K(2944384K), 0.0380000 secs]
[GC 1055658K->802997K(2944384K), 0.0420270 secs]
[GC 1059317K->796645K(2944384K), 0.0398550 secs]
[GC 1052965K->798207K(2944384K), 0.0356590 secs]
[GC 1054527K->794755K(2944384K), 0.0271710 secs]
[GC 1051075K->792713K(2944384K), 0.0183020 secs]
[GC 1049033K->792169K(2944384K), 0.0160260 secs]
[GC 1048489K->792033K(2944384K), 0.0153800 secs]
[GC 1048353K->792000K(2944384K), 0.0160680 secs]
[GC 1048320K->791996K(2944384K), 0.0155890 secs]
[GC 1048316K->791996K(2944384K), 0.0159280 secs]
[GC 1048316K->791996K(2944384K), 0.0144440 secs]
[GC 1048316K->791996K(2944384K), 0.0192730 secs]
[GC 1048316K->791996K(2944384K), 0.0189120 secs]
[GC 1048316K->791996K(2944384K), 0.0197180 secs]
[GC 1048316K->791996K(2944384K), 0.0198620 secs]
[GC 1048316K->791996K(2944384K), 0.0167780 secs]
[GC 1048316K->791997K(2944384K), 0.0148220 secs]
[GC 1048317K->791997K(2944384K), 0.0159480 secs]
[GC 1048317K->791997K(2944384K), 0.0159090 secs]
[GC 1048317K->791997K(2944384K), 0.0155580 secs]
[GC 1048317K->791997K(2944384K), 0.0189950 secs]
[GC 1048317K->791997K(2944384K), 0.0188220 secs]
[GC 1048317K->791997K(2944384K), 0.0179650 secs]
[GC 1048317K->791997K(2944384K), 0.0156970 secs]
[GC 1048317K->791997K(2944384K), 0.0161910 secs]
[GC 1048317K->791997K(2944384K), 0.0156300 secs]
[GC 1048317K->791997K(2944384K), 0.0149540 secs]
[GC 1048317K->791997K(2944384K), 0.0159240 secs]
[GC 1048317K->791997K(2944384K), 0.0187590 secs]
[GC 1048317K->791997K(2944384K), 0.0183700 secs]
[GC 1048317K->791997K(2944384K), 0.0186280 secs]
[GC 1048317K->791997K(2944384K), 0.0185050 secs]
[GC 1048317K->791997K(2944384K), 0.0157810 secs]
[GC 1048317K->791997K(2944384K), 0.0158030 secs]
[GC 1048317K->791997K(2944384K), 0.0146040 secs]
[GC 1048317K->791997K(2944384K), 0.0159060 secs]
[GC 1048317K->791997K(2944384K), 0.0150600 secs]
[GC 1048317K->791997K(2944384K), 0.0156220 secs]
[GC 1048317K->791997K(2944384K), 0.0148070 secs]
[GC 1048317K->791997K(2944384K), 0.0159990 secs]
[GC 1048317K->791997K(2944384K), 0.0150230 secs]
[GC 1048317K->791997K(2944384K), 0.0151290 secs]
[GC 1048317K->791997K(2944384K), 0.0144440 secs]
[GC 1048317K->791997K(2944384K), 0.0152580 secs]
[GC 1048317K->791997K(2944384K), 0.0191050 secs]
[GC 1048317K->791997K(2944384K), 0.0191140 secs]
[GC 1048317K->791997K(2944384K), 0.0161900 secs]
[GC 1048317K->791997K(2944384K), 0.0153920 secs]
[GC 1048317K->791997K(2944384K), 0.0148260 secs]
[GC 1048317K->791997K(2944384K), 0.0145450 secs]
[GC 1048317K->791997K(2944384K), 0.0193580 secs]
[GC 1048317K->791997K(2944384K), 0.0193320 secs]
[GC 1048317K->791997K(2944384K), 0.0180300 secs]
[GC 1048317K->791997K(2944384K), 0.0161050 secs]
[GC 1048317K->791997K(2944384K), 0.0160210 secs]
[GC 1048317K->791997K(2944384K), 0.0146940 secs]
[GC 1048317K->791997K(2944384K), 0.0160390 secs]
[GC 1048317K->791997K(2944384K), 0.0154450 secs]
[GC 1048317K->791997K(2944384K), 0.0153810 secs]
[GC 1048317K->791997K(2944384K), 0.0138090 secs]
[GC 1048317K->791997K(2944384K), 0.0146740 secs]
[GC 1048317K->791997K(2944384K), 0.0150940 secs]
[GC 1048317K->791997K(2944384K), 0.0157920 secs]
[GC 1048317K->791997K(2944384K), 0.0150820 secs]
[GC 1048317K->791997K(2944384K), 0.0150430 secs]
[GC 1048317K->791997K(2944384K), 0.0190450 secs]
[GC 1048317K->791998K(2944384K), 0.0138820 secs]
[GC 1048318K->791998K(2944384K), 0.0156180 secs]
[GC 1048318K->791998K(2944384K), 0.0270880 secs]
[GC 1048318K->791998K(2944384K), 0.0153360 secs]
[GC 1048318K->791998K(2944384K), 0.0148130 secs]
[GC 1048318K->791998K(2944384K), 0.0153610 secs]
[GC 1048318K->791998K(2944384K), 0.0156380 secs]
[GC 1048318K->791998K(2944384K), 0.0149920 secs]
[GC 1048318K->791998K(2944384K), 0.0147740 secs]
[GC 1048318K->791998K(2944384K), 0.0157710 secs]
[GC 1048318K->791998K(2944384K), 0.0194190 secs]
[GC 1048318K->791998K(2944384K), 0.0186020 secs]
[GC 1048318K->791998K(2944384K), 0.0155090 secs]
[GC 1048318K->791998K(2944384K), 0.0152100 secs]
[GC 1048318K->791998K(2944384K), 0.0160860 secs]
[GC 1048318K->791998K(2944384K), 0.0156830 secs]
[GC 1048318K->791998K(2944384K), 0.0144620 secs]
[GC 1048318K->791998K(2944384K), 0.0152830 secs]
[GC 1048318K->791998K(2944384K), 0.0154870 secs]
[GC 1048318K->791998K(2944384K), 0.0145030 secs]
[GC 1048318K->791998K(2944384K), 0.0141030 secs]
[GC 1048318K->791998K(2944384K), 0.0148270 secs]
[GC 1048318K->791998K(2944384K), 0.0153650 secs]
[GC 1048318K->791998K(2944384K), 0.0153290 secs]
[GC 1048318K->791998K(2944384K), 0.0171450 secs]
[GC 1048318K->791998K(2944384K), 0.0188550 secs]
[GC 1048318K->791998K(2944384K), 0.0184940 secs]
[GC 1048318K->791998K(2944384K), 0.0190480 secs]
[GC 1048318K->791998K(2944384K), 0.0158600 secs]
[GC 1048318K->791998K(2944384K), 0.0155790 secs]
[GC 1048318K->791998K(2944384K), 0.0189680 secs]
[GC 1048318K->791998K(2944384K), 0.0187500 secs]
[GC 1048318K->791998K(2944384K), 0.0188270 secs]
[GC 1048318K->791998K(2944384K), 0.0152540 secs]
[GC 1048318K->791998K(2944384K), 0.0152790 secs]
[GC 1048318K->791998K(2944384K), 0.0152080 secs]
[GC 1048318K->791998K(2944384K), 0.0153980 secs]
[GC 1048318K->791998K(2944384K), 0.0148340 secs]
[GC 1048318K->791998K(2944384K), 0.0148760 secs]
[GC 1048318K->791998K(2944384K), 0.0150960 secs]
[GC 1048318K->791998K(2944384K), 0.0150310 secs]
[GC 1048318K->791998K(2944384K), 0.0156630 secs]
[GC 1048318K->791998K(2944384K), 0.0189210 secs]
[GC 1048318K->791998K(2944384K), 0.0185350 secs]
[GC 1048318K->791998K(2944384K), 0.0159010 secs]
[GC 1048318K->791998K(2944384K), 0.0145410 secs]
[GC 1048318K->791998K(2944384K), 0.0189460 secs]
[GC 1048318K->791998K(2944384K), 0.0188320 secs]
[GC 1048318K->791998K(2944384K), 0.0183080 secs]
[GC 1048318K->791998K(2944384K), 0.0156540 secs]
[GC 1048318K->791998K(2944384K), 0.0152270 secs]
[GC 1048318K->791998K(2944384K), 0.0148130 secs]
[GC 1048318K->791998K(2944384K), 0.0147280 secs]
[GC 1048318K->791998K(2944384K), 0.0150810 secs]
[GC 1048318K->791998K(2944384K), 0.0193410 secs]
[GC 1048318K->791998K(2944384K), 0.0193220 secs]
[GC 1048318K->791998K(2944384K), 0.0187500 secs]
[GC 1048318K->791998K(2944384K), 0.0156750 secs]
[GC 1048318K->791998K(2944384K), 0.0159250 secs]
[GC 1048318K->791998K(2944384K), 0.0193530 secs]
[GC 1048318K->791998K(2944384K), 0.0183320 secs]
[GC 1048318K->791998K(2944384K), 0.0152020 secs]
[GC 1048318K->791998K(2944384K), 0.0148840 secs]
[GC 1048318K->791998K(2944384K), 0.0151900 secs]
[GC 1048318K->791998K(2944384K), 0.0143510 secs]
[GC 1048318K->791998K(2944384K), 0.0817040 secs]
[GC 1048318K->791998K(2944384K), 0.0157540 secs]
[GC 1048318K->791998K(2944384K), 0.0188190 secs]
[GC 1048318K->791998K(2944384K), 0.0166030 secs]
[GC 1048318K->791998K(2944384K), 0.0152010 secs]
[GC 1048318K->791998K(2944384K), 0.0154870 secs]
[GC 1048318K->791998K(2944384K), 0.0146770 secs]
[GC 1048318K->791998K(2944384K), 0.0188660 secs]
[GC 1048318K->791998K(2944384K), 0.0178010 secs]
[GC 1048318K->791999K(2944384K), 0.0147720 secs]
[GC 1048319K->791999K(2944384K), 0.0151700 secs]
[GC 1048319K->791999K(2944384K), 0.0192360 secs]
[GC 1048319K->791999K(2944384K), 0.0182490 secs]
[GC 1048319K->791999K(2944384K), 0.0156640 secs]
[GC 1048319K->791999K(2944384K), 0.0152640 secs]
[GC 1048319K->791999K(2944384K), 0.0147180 secs]
[GC 1048319K->791999K(2944384K), 0.0144550 secs]
[GC 1048319K->791999K(2944384K), 0.0144840 secs]
[GC 1048319K->791999K(2944384K), 0.0153110 secs]
[GC 1048319K->791999K(2944384K), 0.0203560 secs]
[GC 1048319K->791999K(2944384K), 0.0183270 secs]
[GC 1048319K->791999K(2944384K), 0.0193350 secs]
[GC 1048319K->791999K(2944384K), 0.0156390 secs]
[GC 1048319K->791999K(2944384K), 0.0149650 secs]
[GC 1048319K->791999K(2944384K), 0.0149460 secs]
[GC 1048319K->791999K(2944384K), 0.0141900 secs]
[GC 1048319K->791999K(2944384K), 0.0150840 secs]
[GC 1048319K->791999K(2944384K), 0.0158700 secs]
[GC 1048319K->792000K(2944384K), 0.0150960 secs]
[GC 1048320K->792000K(2944384K), 0.0151460 secs]
[GC 1048320K->792000K(2944384K), 0.0151190 secs]
[GC 1048320K->792000K(2944384K), 0.0187860 secs]
[GC 1048320K->792000K(2944384K), 0.0159800 secs]
[GC 1048320K->792000K(2944384K), 0.0194340 secs]
[GC 1048320K->792000K(2944384K), 0.0189400 secs]
[GC 1048320K->792000K(2944384K), 0.0165630 secs]
[GC 1048320K->792000K(2944384K), 0.0148250 secs]
[GC 1048320K->792000K(2944384K), 0.0152820 secs]
[GC 1048320K->792000K(2944384K), 0.0193370 secs]
[GC 1048320K->792000K(2944384K), 0.0189080 secs]
[GC 1048320K->792000K(2944384K), 0.0152520 secs]
[GC 1048320K->792000K(2944384K), 0.0177830 secs]
[GC 1048320K->792000K(2944384K), 0.0190960 secs]
[GC 1048320K->792000K(2944384K), 0.0164900 secs]
[GC 1048320K->792000K(2944384K), 0.0152500 secs]
[GC 1048320K->792000K(2944384K), 0.0156730 secs]
[GC 1048320K->792000K(2944384K), 0.0146360 secs]
[GC 1048320K->792000K(2944384K), 0.0151400 secs]
[GC 1048320K->792000K(2944384K), 0.0187210 secs]
[GC 1048320K->792000K(2944384K), 0.0179070 secs]
[GC 1048320K->792000K(2944384K), 0.0161580 secs]
[GC 1048320K->792000K(2944384K), 0.0187650 secs]
[GC 1048320K->792000K(2944384K), 0.0192090 secs]
[GC 1048320K->792000K(2944384K), 0.0189030 secs]
[GC 1048320K->792000K(2944384K), 0.0154730 secs]
[GC 1048320K->792000K(2944384K), 0.0158590 secs]
[GC 1048320K->792000K(2944384K), 0.0155910 secs]
[GC 1048320K->792000K(2944384K), 0.0153100 secs]
[GC 1048320K->792000K(2944384K), 0.0150860 secs]
[GC 1048320K->792000K(2944384K), 0.0147930 secs]
[GC 1048320K->792000K(2944384K), 0.0146160 secs]
[GC 1048320K->792000K(2944384K), 0.0158070 secs]
[GC 1048320K->792000K(2944384K), 0.0139610 secs]
[GC 1048320K->792000K(2944384K), 0.0182660 secs]
[GC 1048320K->792000K(2944384K), 0.0185420 secs]
[GC 1048320K->792000K(2944384K), 0.0156580 secs]
[GC 1048320K->792000K(2944384K), 0.0187090 secs]
[GC 1048320K->792001K(2944384K), 0.0183730 secs]
[GC 1048321K->792001K(2944384K), 0.0173060 secs]
[GC 1048321K->792001K(2944384K), 0.0157140 secs]
[GC 1048321K->792001K(2944384K), 0.0187700 secs]
[GC 1048321K->792001K(2944384K), 0.0170730 secs]
[GC 1048321K->792001K(2944384K), 0.0156600 secs]
[GC 1048321K->792001K(2944384K), 0.0140560 secs]
[GC 1048321K->792001K(2944384K), 0.0185920 secs]
[GC 1048321K->792001K(2944384K), 0.0177190 secs]
[GC 1048321K->792001K(2944384K), 0.0151710 secs]
[GC 1048321K->792001K(2944384K), 0.0184040 secs]
[GC 1048321K->792001K(2944384K), 0.0184020 secs]
[GC 1048321K->792001K(2944384K), 0.0155680 secs]
[GC 1048321K->792001K(2944384K), 0.0148840 secs]
[GC 1048321K->792001K(2944384K), 0.0188310 secs]
[GC 1048321K->792001K(2944384K), 0.0189480 secs]
[GC 1048321K->792001K(2944384K), 0.0185950 secs]
[GC 1048321K->792001K(2944384K), 0.0149800 secs]
[GC 1048321K->792001K(2944384K), 0.0144590 secs]
[GC 1048321K->792001K(2944384K), 0.0197090 secs]
[GC 1048321K->792001K(2944384K), 0.0149810 secs]
[GC 1048321K->792001K(2944384K), 0.0154810 secs]
[GC 1048321K->792001K(2944384K), 0.0197090 secs]
[GC 1048321K->792001K(2944384K), 0.0160400 secs]
[GC 1048321K->792001K(2944384K), 0.0151780 secs]
[GC 1048321K->792001K(2944384K), 0.0162150 secs]
[GC 1048321K->792001K(2944384K), 0.0433080 secs]
[GC 1048321K->792001K(2944384K), 0.0173600 secs]
[GC 1048321K->792001K(2944384K), 0.0181320 secs]
[GC 1048321K->792001K(2944384K), 0.0219990 secs]
[GC 1048321K->792001K(2944384K), 0.0151960 secs]
[GC 1048321K->792001K(2944384K), 0.0151400 secs]
[GC 1048321K->792001K(2944384K), 0.0148850 secs]
[GC 1048321K->792002K(2944384K), 0.0156560 secs]
[GC 1048322K->792002K(2944384K), 0.0151190 secs]
[GC 1048322K->792002K(2944384K), 0.0154310 secs]
[GC 1048322K->792002K(2944384K), 0.0149410 secs]
[GC 1048322K->792002K(2944384K), 0.0190510 secs]
[GC 1048322K->792002K(2944384K), 0.0153920 secs]
[GC 1048322K->792002K(2944384K), 0.0191220 secs]
[GC 1048322K->792002K(2944384K), 0.0145840 secs]
[GC 1048322K->792002K(2944384K), 0.0186650 secs]
[GC 1048322K->792002K(2944384K), 0.0203530 secs]
[GC 1048322K->792002K(2944384K), 0.0157100 secs]
[GC 1048322K->792002K(2944384K), 0.0152420 secs]
[GC 1048322K->792002K(2944384K), 0.0188160 secs]
[GC 1048322K->792002K(2944384K), 0.0220590 secs]
[GC 1048322K->792002K(2944384K), 0.0197050 secs]
[GC 1048322K->792002K(2944384K), 0.0232660 secs]
[GC 1048322K->792002K(2944384K), 0.0146260 secs]
[GC 1048322K->792002K(2944384K), 0.0157210 secs]
[GC 1048322K->792002K(2944384K), 0.0153880 secs]
[GC 1048322K->792002K(2944384K), 0.0144070 secs]
[GC 1048322K->792002K(2944384K), 0.0149160 secs]
[GC 1048322K->792002K(2944384K), 0.0150650 secs]
[GC 1048322K->792002K(2944384K), 0.0188030 secs]
[GC 1048322K->792002K(2944384K), 0.0182320 secs]
[GC 1048322K->792002K(2944384K), 0.0421560 secs]
[GC 1048322K->792002K(2944384K), 0.0184240 secs]
[GC 1048322K->792002K(2944384K), 0.0151580 secs]
[GC 1048322K->792002K(2944384K), 0.0147890 secs]
[GC 1048322K->792002K(2944384K), 0.0150640 secs]
[GC 1048322K->792002K(2944384K), 0.0195390 secs]
[GC 1048322K->792002K(2944384K), 0.0181290 secs]
[GC 1048322K->792002K(2944384K), 0.0190250 secs]
[GC 1048322K->792002K(2944384K), 0.0182110 secs]
[GC 1048322K->792002K(2944384K), 0.0150050 secs]
[GC 1048322K->792002K(2944384K), 0.0154620 secs]
[GC 1048322K->792002K(2944384K), 0.0148620 secs]
[GC 1048322K->792002K(2944384K), 0.0153170 secs]
[GC 1048322K->792002K(2944384K), 0.0187940 secs]
[GC 1048322K->792003K(2944384K), 0.0180520 secs]
[GC 1048323K->792003K(2944384K), 0.0156590 secs]
[GC 1048323K->792003K(2944384K), 0.0148270 secs]
[GC 1048323K->792003K(2944384K), 0.0145130 secs]
[GC 1048323K->792003K(2944384K), 0.0150490 secs]
[GC 1048323K->792003K(2944384K), 0.0189990 secs]
[GC 1048323K->792003K(2944384K), 0.0175910 secs]
[GC 1048323K->792003K(2944384K), 0.0160260 secs]
[GC 1048323K->792003K(2944384K), 0.0151560 secs]
[GC 1048323K->792003K(2944384K), 0.0151250 secs]
[GC 1048323K->792003K(2944384K), 0.0150740 secs]
[GC 1048323K->792003K(2944384K), 0.0141150 secs]
[GC 1048323K->792003K(2944384K), 0.0195200 secs]
[GC 1048323K->792003K(2944384K), 0.0184430 secs]
[GC 1048323K->792003K(2944384K), 0.0184700 secs]
[GC 1048323K->792003K(2944384K), 0.0153890 secs]
[GC 1048323K->792003K(2944384K), 0.0151030 secs]
[GC 1048323K->792003K(2944384K), 0.0355900 secs]
[GC 1048323K->792003K(2944384K), 0.0145130 secs]
[GC 1048323K->792003K(2944384K), 0.0152110 secs]
[GC 1048323K->792003K(2944384K), 0.0141480 secs]
[GC 1048323K->792003K(2944384K), 0.0145290 secs]
[GC 1048323K->792003K(2944384K), 0.0188200 secs]
[GC 1048323K->792003K(2944384K), 0.0211220 secs]
[GC 1048323K->792003K(2944384K), 0.0187720 secs]
[GC 1048323K->792003K(2944384K), 0.0187650 secs]
[GC 1048323K->792003K(2944384K), 0.0170000 secs]
[GC 1048323K->792003K(2944384K), 0.0163150 secs]
[GC 1048323K->792003K(2944384K), 0.0194680 secs]
[GC 1048323K->792003K(2944384K), 0.0204490 secs]
[GC 1048323K->792003K(2944384K), 0.0179700 secs]
[GC 1048323K->792003K(2944384K), 0.0156840 secs]
[GC 1048323K->792003K(2944384K), 0.0137300 secs]
[GC 1048323K->792003K(2944384K), 0.0154180 secs]
[GC 1048323K->792003K(2944384K), 0.0196680 secs]
[GC 1048323K->792003K(2944384K), 0.0185920 secs]
[GC 1048323K->792003K(2944384K), 0.0186570 secs]
[GC 1048323K->792003K(2944384K), 0.0160760 secs]
[GC 1048323K->792003K(2944384K), 0.0155220 secs]
[GC 1048323K->792003K(2944384K), 0.0154320 secs]
[GC 1048323K->792003K(2944384K), 0.0189070 secs]
[GC 1048323K->792003K(2944384K), 0.0181670 secs]
[GC 1048323K->792003K(2944384K), 0.0156990 secs]
[GC 1048323K->792003K(2944384K), 0.0149860 secs]
[GC 1048323K->792003K(2944384K), 0.0150860 secs]
[GC 1048323K->792003K(2944384K), 0.0148960 secs]
[GC 1048323K->792003K(2944384K), 0.0191850 secs]
[GC 1048323K->792003K(2944384K), 0.0181660 secs]
[GC 1048323K->792003K(2944384K), 0.0171260 secs]
[GC 1048323K->792003K(2944384K), 0.0152280 secs]
[GC 1048323K->792003K(2944384K), 0.0162040 secs]
[GC 1048323K->792003K(2944384K), 0.0153390 secs]
[GC 1048323K->792004K(2944384K), 0.0151780 secs]
[GC 1048324K->792004K(2944384K), 0.0204400 secs]
[GC 1048324K->792004K(2944384K), 0.0181980 secs]
[GC 1048324K->792004K(2944384K), 0.0177870 secs]
[GC 1048324K->792004K(2944384K), 0.0182980 secs]
[GC 1048324K->792004K(2944384K), 0.0156210 secs]
[GC 1048324K->792004K(2944384K), 0.0148800 secs]
[GC 1048324K->792004K(2944384K), 0.0159200 secs]
[GC 1048324K->792004K(2944384K), 0.0188220 secs]
[GC 1048324K->792004K(2944384K), 0.0181710 secs]
[GC 1048324K->792004K(2944384K), 0.0159270 secs]
[GC 1048324K->792004K(2944384K), 0.0152480 secs]
[GC 1048324K->792004K(2944384K), 0.0154050 secs]
[GC 1048324K->792004K(2944384K), 0.0146000 secs]
[GC 1048324K->792004K(2944384K), 0.0142880 secs]
[GC 1048324K->792004K(2944384K), 0.0150740 secs]
[GC 1048324K->792004K(2944384K), 0.0145880 secs]
[GC 1048324K->792004K(2944384K), 0.0148720 secs]
[GC 1048324K->792004K(2944384K), 0.0155140 secs]
[GC 1048324K->792004K(2944384K), 0.0146660 secs]
[GC 1048324K->792004K(2944384K), 0.0149650 secs]
[GC 1048324K->792004K(2944384K), 0.0150210 secs]
[GC 1048324K->792005K(2944384K), 0.0141960 secs]
[GC 1048325K->792005K(2944384K), 0.0147180 secs]
[GC 1048325K->792005K(2944384K), 0.0148830 secs]
[GC 1048325K->792005K(2944384K), 0.0159090 secs]
[GC 1048325K->792005K(2944384K), 0.0185000 secs]
[GC 1048325K->792005K(2944384K), 0.0184780 secs]
[GC 1048325K->792005K(2944384K), 0.0376360 secs]
[GC 1048325K->792005K(2944384K), 0.0195120 secs]
[GC 1048325K->792005K(2944384K), 0.0184700 secs]
[GC 1048325K->792005K(2944384K), 0.0159140 secs]
[GC 1048325K->792005K(2944384K), 0.0198120 secs]
[GC 1048325K->792005K(2944384K), 0.0179150 secs]
[GC 1048325K->792005K(2944384K), 0.0214590 secs]
[GC 1048325K->792005K(2944384K), 0.0191260 secs]
[GC 1048325K->792005K(2944384K), 0.0183100 secs]
[GC 1048325K->792005K(2944384K), 0.0161790 secs]
[GC 1048325K->792005K(2944384K), 0.0153890 secs]
[GC 1048325K->792005K(2944384K), 0.0144720 secs]
[GC 1048325K->792005K(2944384K), 0.0152450 secs]
[GC 1048325K->792005K(2944384K), 0.0191160 secs]
[GC 1048325K->792005K(2944384K), 0.0183960 secs]
[GC 1048325K->792005K(2944384K), 0.0181690 secs]
[GC 1048325K->792005K(2944384K), 0.0165680 secs]
[GC 1048325K->792005K(2944384K), 0.0203870 secs]
[GC 1048325K->792005K(2944384K), 0.0189200 secs]
[GC 1048325K->792005K(2944384K), 0.0171770 secs]
[GC 1048325K->792005K(2944384K), 0.0169980 secs]
[GC 1048325K->792005K(2944384K), 0.0216950 secs]
[GC 1048325K->792005K(2944384K), 0.0204930 secs]
[GC 1048325K->792005K(2944384K), 0.0181030 secs]
[GC 1048325K->792005K(2944384K), 0.0222470 secs]
[GC 1048325K->792005K(2944384K), 0.0196100 secs]
[GC 1048325K->792005K(2944384K), 0.0198040 secs]
[GC 1048325K->792005K(2944384K), 0.0191840 secs]
[GC 1048325K->792006K(2944384K), 0.0171920 secs]
[GC 1048326K->792006K(2944384K), 0.0155590 secs]
[GC 1048326K->792006K(2944384K), 0.0147150 secs]
[GC 1048326K->792006K(2944384K), 0.0468400 secs]
[GC 1048326K->792006K(2944384K), 0.0181840 secs]
[GC 1048326K->792006K(2944384K), 0.0174880 secs]
[GC 1048326K->792006K(2944384K), 0.0155070 secs]
[GC 1048326K->792006K(2944384K), 0.0148910 secs]
[GC 1048326K->792006K(2944384K), 0.0153600 secs]
[GC 1048326K->792006K(2944384K), 0.0148050 secs]
[GC 1048326K->792006K(2944384K), 0.0145330 secs]
[GC 1048326K->792006K(2944384K), 0.0195080 secs]
[GC 1048326K->792006K(2944384K), 0.0185110 secs]
[GC 1048326K->792006K(2944384K), 0.0179950 secs]
[GC 1048326K->792006K(2944384K), 0.0149700 secs]
[GC 1048326K->792006K(2944384K), 0.0139690 secs]
[GC 1048326K->792006K(2944384K), 0.0148120 secs]
[GC 1048326K->792006K(2944384K), 0.0149240 secs]
[GC 1048326K->792006K(2944384K), 0.0193310 secs]
[GC 1048326K->792006K(2944384K), 0.0189440 secs]
[GC 1048326K->792007K(2944384K), 0.0182480 secs]
[GC 1048327K->792007K(2944384K), 0.0162760 secs]
[GC 1048327K->792007K(2944384K), 0.0156370 secs]
[GC 1048327K->792007K(2944384K), 0.0141150 secs]
[GC 1048327K->792007K(2944384K), 0.0143710 secs]
[GC 1048327K->792007K(2944384K), 0.0144740 secs]
[GC 1048327K->792007K(2944384K), 0.0154880 secs]
[GC 1048327K->792007K(2944384K), 0.0148690 secs]
[GC 1048327K->792007K(2944384K), 0.0152680 secs]
[GC 1048327K->792007K(2944384K), 0.0143900 secs]
[GC 1048327K->792007K(2944384K), 0.0147220 secs]
[GC 1048327K->792007K(2944384K), 0.0149850 secs]
[GC 1048327K->792007K(2944384K), 0.0141260 secs]
[GC 1048327K->792007K(2944384K), 0.0192190 secs]
[GC 1048327K->792007K(2944384K), 0.0410750 secs]
[GC 1048327K->792007K(2944384K), 0.0151960 secs]
[GC 1048327K->792007K(2944384K), 0.0143180 secs]
[GC 1048327K->792007K(2944384K), 0.0145230 secs]
[GC 1048327K->792007K(2944384K), 0.0148730 secs]
[GC 1048327K->792007K(2944384K), 0.0193250 secs]
[GC 1048327K->792007K(2944384K), 0.0190250 secs]
[GC 1048327K->792007K(2944384K), 0.0151300 secs]
[GC 1048327K->792007K(2944384K), 0.0149010 secs]
[GC 1048327K->792007K(2944384K), 0.0141070 secs]
[GC 1048327K->792007K(2944384K), 0.0190550 secs]
[GC 1048327K->792007K(2944384K), 0.0176790 secs]
[GC 1048327K->792007K(2944384K), 0.0182730 secs]
[GC 1048327K->792007K(2944384K), 0.0162350 secs]
[GC 1048327K->792007K(2944384K), 0.0164540 secs]
[GC 1048327K->792007K(2944384K), 0.0180480 secs]
[GC 1048327K->792007K(2944384K), 0.0174650 secs]
[GC 1048327K->792007K(2944384K), 0.0168020 secs]
[GC 1048327K->792007K(2944384K), 0.0181080 secs]
[GC 1048327K->792007K(2944384K), 0.0177940 secs]
[GC 1048327K->792007K(2944384K), 0.0181540 secs]
[GC 1048327K->792007K(2944384K), 0.0181080 secs]
[GC 1048327K->792007K(2944384K), 0.0185900 secs]
[GC 1048327K->792007K(2944384K), 0.0183530 secs]
[GC 1048327K->792007K(2944384K), 0.0159530 secs]
[GC 1048327K->792007K(2944384K), 0.0147660 secs]
[GC 1048327K->792007K(2944384K), 0.0147550 secs]
[GC 1048327K->792007K(2944384K), 0.0159390 secs]
[GC 1048327K->792007K(2944384K), 0.0150750 secs]
[GC 1048327K->792007K(2944384K), 0.0142330 secs]
[GC 1048327K->792007K(2944384K), 0.0140750 secs]
[GC 1048327K->792007K(2944384K), 0.0147730 secs]
[GC 1048327K->792007K(2944384K), 0.0177780 secs]
[GC 1048327K->792007K(2944384K), 0.0159540 secs]
[GC 1048327K->792007K(2944384K), 0.0145140 secs]
[GC 1048327K->792007K(2944384K), 0.0150380 secs]
[GC 1048327K->792007K(2944384K), 0.0153410 secs]
[GC 1048327K->792007K(2944384K), 0.0151160 secs]
[GC 1048327K->792007K(2944384K), 0.0147990 secs]
[GC 1048327K->792007K(2944384K), 0.0150440 secs]
[GC 1048327K->792007K(2944384K), 0.0148780 secs]
[GC 1048327K->792007K(2944384K), 0.0145570 secs]
[GC 1048327K->792008K(2944384K), 0.0148400 secs]
[GC 1048328K->792008K(2944384K), 0.0152740 secs]
[GC 1048328K->792008K(2944384K), 0.0145640 secs]
[GC 1048328K->792008K(2944384K), 0.0142660 secs]
[GC 1048328K->792008K(2944384K), 0.0144600 secs]
[GC 1048328K->792008K(2944384K), 0.0146440 secs]
[GC 1048328K->792008K(2944384K), 0.0142170 secs]
[GC 1048328K->792008K(2944384K), 0.0153790 secs]
[GC 1048328K->792008K(2944384K), 0.0152530 secs]
[GC 1048328K->792008K(2944384K), 0.0144620 secs]
[GC 1048328K->792008K(2944384K), 0.0144720 secs]
[GC 1048328K->792008K(2944384K), 0.0136230 secs]
[GC 1048328K->792008K(2944384K), 0.0142950 secs]
[GC 1048328K->792008K(2944384K), 0.0150620 secs]
[GC 1048328K->792008K(2944384K), 0.0183960 secs]
[GC 1048328K->792008K(2944384K), 0.0176190 secs]
[GC 1048328K->792008K(2944384K), 0.0160360 secs]
[GC 1048328K->792008K(2944384K), 0.0149520 secs]
[GC 1048328K->792010K(2944384K), 0.0154540 secs]
[GC 1048330K->792010K(2944384K), 0.0152170 secs]
[GC 1048330K->792008K(2944384K), 0.0143110 secs]
[GC 1048328K->792008K(2944384K), 0.0160280 secs]
[GC 1048328K->792008K(2944384K), 0.0146440 secs]
[GC 1048328K->792008K(2944384K), 0.0142620 secs]
[GC 1048328K->792010K(2944384K), 0.0146240 secs]
[GC 1048330K->792010K(2944384K), 0.0147550 secs]
[GC 1048330K->792008K(2944384K), 0.0184590 secs]
[GC 1048328K->792010K(2944384K), 0.0181380 secs]
[GC 1048330K->792008K(2944384K), 0.0195710 secs]
[GC 1048328K->792010K(2944384K), 0.0164370 secs]
[GC 1048330K->792008K(2944384K), 0.0154090 secs]
[GC 1048328K->792010K(2944384K), 0.0147610 secs]
[GC 1048330K->792010K(2944384K), 0.0157940 secs]
[GC 1048330K->792010K(2944384K), 0.0142570 secs]
[GC 1048330K->792010K(2944384K), 0.0153170 secs]
[GC 1048330K->792010K(2944384K), 0.0144830 secs]
[GC 1048330K->792010K(2944384K), 0.0147110 secs]
[GC 1048330K->792010K(2944384K), 0.0151030 secs]
[GC 1048330K->792010K(2944384K), 0.0146020 secs]
[GC 1048330K->792010K(2944384K), 0.0151900 secs]
[GC 1048330K->792010K(2944384K), 0.0151120 secs]
[GC 1048330K->792010K(2944384K), 0.0148520 secs]
[GC 1048330K->792010K(2944384K), 0.0142570 secs]
[GC 1048330K->792010K(2944384K), 0.0153710 secs]
[GC 1048330K->792010K(2944384K), 0.0141510 secs]
[GC 1048330K->792010K(2944384K), 0.0149130 secs]
[GC 1048330K->792010K(2944384K), 0.0143760 secs]
[GC 1048330K->792010K(2944384K), 0.0147490 secs]
[GC 1048330K->792010K(2944384K), 0.0146790 secs]
[GC 1048330K->792010K(2944384K), 0.0145390 secs]
[GC 1048330K->792010K(2944384K), 0.0142260 secs]
[GC 1048330K->792010K(2944384K), 0.0139770 secs]
[GC 1048330K->792010K(2944384K), 0.0140190 secs]
[GC 1048330K->792010K(2944384K), 0.0158680 secs]
[GC 1048330K->792010K(2944384K), 0.0144840 secs]
[GC 1048330K->792010K(2944384K), 0.0144970 secs]
[GC 1048330K->792010K(2944384K), 0.0147550 secs]
[GC 1048330K->792010K(2944384K), 0.0141700 secs]
[GC 1048330K->792011K(2944384K), 0.0151840 secs]
[GC 1048331K->792011K(2944384K), 0.0152730 secs]
[GC 1048331K->792011K(2944384K), 0.0147100 secs]
[GC 1048331K->792011K(2944384K), 0.0148810 secs]
[GC 1048331K->792011K(2944384K), 0.0156310 secs]
[GC 1048331K->792011K(2944384K), 0.0147090 secs]
[GC 1048331K->792011K(2944384K), 0.0143680 secs]
[GC 1048331K->792011K(2944384K), 0.0146460 secs]
[GC 1048331K->792011K(2944384K), 0.0145650 secs]
[GC 1048331K->792011K(2944384K), 0.0142470 secs]
[GC 1048331K->792011K(2944384K), 0.0156280 secs]
[GC 1048331K->792011K(2944384K), 0.0145510 secs]
[GC 1048331K->792011K(2944384K), 0.0150960 secs]
[GC 1048331K->792011K(2944384K), 0.0146500 secs]
[GC 1048331K->792011K(2944384K), 0.0149550 secs]
[GC 1048331K->792011K(2944384K), 0.0145730 secs]
[GC 1048331K->792011K(2944384K), 0.0142910 secs]
[GC 1048331K->792011K(2944384K), 0.0143130 secs]
[GC 1048331K->792011K(2944384K), 0.0151700 secs]
[GC 1048331K->792011K(2944384K), 0.0145570 secs]
[GC 1048331K->792011K(2944384K), 0.0148130 secs]
[GC 1048331K->792011K(2944384K), 0.0149110 secs]
[GC 1048331K->792011K(2944384K), 0.0150590 secs]
[GC 1048331K->792011K(2944384K), 0.0145730 secs]
[GC 1048331K->792011K(2944384K), 0.0145210 secs]
[GC 1048331K->792011K(2944384K), 0.0208040 secs]
[GC 1048331K->792011K(2944384K), 0.0173280 secs]
[GC 1048331K->792011K(2944384K), 0.0181190 secs]
[GC 1048331K->792011K(2944384K), 0.0147440 secs]
[GC 1048331K->792011K(2944384K), 0.0147840 secs]
[GC 1048331K->792011K(2944384K), 0.0153820 secs]
[GC 1048331K->792011K(2944384K), 0.0187420 secs]
[GC 1048331K->792011K(2944384K), 0.0184180 secs]
[GC 1048331K->792011K(2944384K), 0.0182880 secs]
[GC 1048331K->792011K(2944384K), 0.0168220 secs]
[GC 1048331K->792011K(2944384K), 0.0159500 secs]
[GC 1048331K->792011K(2944384K), 0.0150040 secs]
[GC 1048331K->792011K(2944384K), 0.0188200 secs]
[GC 1048331K->792011K(2944384K), 0.0176060 secs]
[GC 1048331K->792011K(2944384K), 0.0155240 secs]
[GC 1048331K->792011K(2944384K), 0.0146190 secs]
[GC 1048331K->792011K(2944384K), 0.0186120 secs]
[GC 1048331K->792011K(2944384K), 0.0182960 secs]
[GC 1048331K->792011K(2944384K), 0.0156890 secs]
[GC 1048331K->792011K(2944384K), 0.0147970 secs]
[GC 1048331K->792011K(2944384K), 0.0147470 secs]
[GC 1048331K->792011K(2944384K), 0.0148630 secs]
[GC 1048331K->792011K(2944384K), 0.0151230 secs]
[GC 1048331K->792011K(2944384K), 0.0184660 secs]
[GC 1048331K->792011K(2944384K), 0.0159560 secs]
[GC 1048331K->792011K(2944384K), 0.0153950 secs]
[GC 1048331K->792011K(2944384K), 0.0148200 secs]
[GC 1048331K->792011K(2944384K), 0.0186350 secs]
[GC 1048331K->792011K(2944384K), 0.0189300 secs]
[GC 1048331K->792012K(2944384K), 0.0191640 secs]
[GC 1048332K->792012K(2944384K), 0.0179970 secs]
[GC 1048332K->792012K(2944384K), 0.0179030 secs]
[GC 1048332K->792012K(2944384K), 0.0174580 secs]
[GC 1048332K->792012K(2944384K), 0.0158280 secs]
[GC 1048332K->792012K(2944384K), 0.0152000 secs]
[GC 1048332K->792012K(2944384K), 0.0415830 secs]
[GC 1048332K->792012K(2944384K), 0.0157270 secs]
[GC 1048332K->792012K(2944384K), 0.0148440 secs]
[GC 1048332K->792012K(2944384K), 0.0137420 secs]
[GC 1048332K->792012K(2944384K), 0.0145480 secs]
[GC 1048332K->792012K(2944384K), 0.0181910 secs]
[GC 1048332K->792012K(2944384K), 0.0190470 secs]
[GC 1048332K->792012K(2944384K), 0.0185820 secs]
[GC 1048332K->792012K(2944384K), 0.0149580 secs]
[GC 1048332K->792012K(2944384K), 0.0153500 secs]
[GC 1048332K->792012K(2944384K), 0.0147220 secs]
[GC 1048332K->792012K(2944384K), 0.0151770 secs]
[GC 1048332K->792012K(2944384K), 0.0141160 secs]
[GC 1048332K->792012K(2944384K), 0.0184020 secs]
[GC 1048332K->792012K(2944384K), 0.0181890 secs]
[GC 1048332K->792012K(2944384K), 0.0185280 secs]
[GC 1048332K->792012K(2944384K), 0.0149460 secs]
[GC 1048332K->792012K(2944384K), 0.0150450 secs]
[GC 1048332K->792012K(2944384K), 0.0139760 secs]
[GC 1048332K->792012K(2944384K), 0.0148540 secs]
[GC 1048332K->792012K(2944384K), 0.0144750 secs]
[GC 1048332K->792012K(2944384K), 0.0138090 secs]
[GC 1048332K->792012K(2944384K), 0.0149960 secs]
[GC 1048332K->792012K(2944384K), 0.0153410 secs]
[GC 1048332K->792012K(2944384K), 0.0150660 secs]
[GC 1048332K->792012K(2944384K), 0.0150400 secs]
[GC 1048332K->792012K(2944384K), 0.0144740 secs]
[GC 1048332K->792012K(2944384K), 0.0148390 secs]
[GC 1048332K->792012K(2944384K), 0.0149290 secs]
[GC 1048332K->792012K(2944384K), 0.0154710 secs]
[GC 1048332K->792012K(2944384K), 0.0150060 secs]
[GC 1048332K->792012K(2944384K), 0.0466900 secs]
[GC 1048332K->792013K(2944384K), 0.0194900 secs]
[GC 1048333K->792013K(2944384K), 0.0186910 secs]
[GC 1048333K->792013K(2944384K), 0.0189330 secs]
[GC 1048333K->792013K(2944384K), 0.0193450 secs]
[GC 1048333K->792013K(2944384K), 0.0225070 secs]
[GC 1048333K->792013K(2944384K), 0.0184320 secs]
[GC 1048333K->792013K(2944384K), 0.0178430 secs]
[GC 1048333K->792013K(2944384K), 0.0142210 secs]
[GC 1048333K->792013K(2944384K), 0.0154710 secs]
[GC 1048333K->792013K(2944384K), 0.0162180 secs]
[GC 1048333K->792013K(2944384K), 0.0161330 secs]
[GC 1048333K->792013K(2944384K), 0.0162360 secs]
[GC 1048333K->792013K(2944384K), 0.0162880 secs]
[GC 1048333K->792013K(2944384K), 0.0166450 secs]
[GC 1048333K->792013K(2944384K), 0.0232320 secs]
[GC 1048333K->792013K(2944384K), 0.0149570 secs]
[GC 1048333K->792013K(2944384K), 0.0186410 secs]
[GC 1048333K->792013K(2944384K), 0.0189380 secs]
[GC 1048333K->792013K(2944384K), 0.0182770 secs]
[GC 1048333K->792013K(2944384K), 0.0180620 secs]
[GC 1048333K->792013K(2944384K), 0.0176310 secs]
[GC 1048333K->792013K(2944384K), 0.0180500 secs]
[GC 1048333K->792013K(2944384K), 0.0162730 secs]
[GC 1048333K->792013K(2944384K), 0.0155560 secs]
[GC 1048333K->792013K(2944384K), 0.0148380 secs]
[GC 1048333K->792013K(2944384K), 0.0147170 secs]
[GC 1048333K->792013K(2944384K), 0.0143010 secs]
[GC 1048333K->792013K(2944384K), 0.0192820 secs]
[GC 1048333K->792013K(2944384K), 0.0149120 secs]
[GC 1048333K->792013K(2944384K), 0.0188850 secs]
[GC 1048333K->792013K(2944384K), 0.0324920 secs]
[GC 1048333K->792013K(2944384K), 0.0137480 secs]
[GC 1048333K->792013K(2944384K), 0.0143110 secs]
[GC 1048333K->792013K(2944384K), 0.0144240 secs]
[GC 1048333K->792013K(2944384K), 0.0184840 secs]
[GC 1048333K->792013K(2944384K), 0.0186830 secs]
[GC 1048333K->792013K(2944384K), 0.0150510 secs]
[GC 1048333K->792013K(2944384K), 0.0159250 secs]
[GC 1048333K->792013K(2944384K), 0.0161990 secs]
[GC 1048333K->792013K(2944384K), 0.0151710 secs]
[GC 1048333K->792013K(2944384K), 0.0149570 secs]
[GC 1048333K->792013K(2944384K), 0.0149930 secs]
[GC 1048333K->792013K(2944384K), 0.0194410 secs]
[GC 1048333K->792013K(2944384K), 0.0184580 secs]
[GC 1048333K->792013K(2944384K), 0.0184110 secs]
[GC 1048333K->792013K(2944384K), 0.0185680 secs]
[GC 1048333K->792013K(2944384K), 0.0175010 secs]
[GC 1048333K->792013K(2944384K), 0.0155560 secs]
[GC 1048333K->792013K(2944384K), 0.0150150 secs]
[GC 1048333K->792013K(2944384K), 0.0150140 secs]
[GC 1048333K->792014K(2944384K), 0.0152400 secs]
[GC 1048334K->792014K(2944384K), 0.0156580 secs]
[GC 1048334K->792014K(2944384K), 0.0152580 secs]
[GC 1048334K->792014K(2944384K), 0.0140360 secs]
[GC 1048334K->792014K(2944384K), 0.0148450 secs]
[GC 1048334K->792014K(2944384K), 0.0151860 secs]
[GC 1048334K->792014K(2944384K), 0.0146600 secs]
[GC 1048334K->792014K(2944384K), 0.0149980 secs]
[GC 1048334K->792014K(2944384K), 0.0142620 secs]
[GC 1048334K->792014K(2944384K), 0.0142840 secs]
[GC 1048334K->792014K(2944384K), 0.0190310 secs]
[GC 1048334K->792014K(2944384K), 0.0178220 secs]
[GC 1048334K->792014K(2944384K), 0.0159090 secs]
[GC 1048334K->792014K(2944384K), 0.0188570 secs]
[GC 1048334K->792014K(2944384K), 0.0230930 secs]
[GC 1048334K->792014K(2944384K), 0.0146390 secs]
[GC 1048334K->792014K(2944384K), 0.0137960 secs]
[GC 1048334K->792014K(2944384K), 0.0141370 secs]
[GC 1048334K->792014K(2944384K), 0.0140740 secs]
[GC 1048334K->792014K(2944384K), 0.0142130 secs]
[GC 1048334K->792014K(2944384K), 0.0143900 secs]
[GC 1048334K->792014K(2944384K), 0.0145400 secs]
[GC 1048334K->792014K(2944384K), 0.0139750 secs]
[GC 1048334K->792014K(2944384K), 0.0152850 secs]
[GC 1048334K->792014K(2944384K), 0.0185730 secs]
[GC 1046378K->792014K(2944384K), 0.0147440 secs]
[GC 1048334K->792014K(2944384K), 0.0151920 secs]
[GC 1048334K->792014K(2944384K), 0.0194910 secs]
[GC 1048334K->792014K(2944384K), 0.0181900 secs]
[GC 1048334K->792014K(2944384K), 0.0195240 secs]
[GC 1048334K->792014K(2944384K), 0.0185780 secs]
[GC 1048334K->792014K(2944384K), 0.0198960 secs]
[GC 1048334K->792014K(2944384K), 0.0182630 secs]
[GC 1048334K->792014K(2944384K), 0.0174400 secs]
[GC 1048334K->792014K(2944384K), 0.0156170 secs]
[GC 1048334K->792014K(2944384K), 0.0150220 secs]
[GC 1048334K->792014K(2944384K), 0.0146900 secs]
[GC 1048334K->792014K(2944384K), 0.0143600 secs]
[GC 1048334K->792014K(2944384K), 0.0142050 secs]
[GC 1048334K->792014K(2944384K), 0.0146930 secs]
[GC 1048334K->792014K(2944384K), 0.0146100 secs]
[GC 1048334K->792014K(2944384K), 0.0143810 secs]
[GC 1048334K->792014K(2944384K), 0.0359320 secs]
[GC 1048334K->792014K(2944384K), 0.0190000 secs]
[GC 1048334K->792014K(2944384K), 0.0164270 secs]
[GC 1048334K->792014K(2944384K), 0.0175920 secs]
[GC 1048334K->792014K(2944384K), 0.0175160 secs]
[GC 1048334K->792014K(2944384K), 0.0177740 secs]
[GC 1048334K->792014K(2944384K), 0.0149190 secs]
[GC 1048334K->792014K(2944384K), 0.0146450 secs]
[GC 1048334K->792014K(2944384K), 0.0144410 secs]
[GC 1048334K->792015K(2944384K), 0.0192660 secs]
[GC 1048335K->792015K(2944384K), 0.0182860 secs]
[GC 1048335K->792015K(2944384K), 0.0170440 secs]
[GC 1048335K->792015K(2944384K), 0.0154980 secs]
[GC 1048335K->792015K(2944384K), 0.0202120 secs]
[GC 1048335K->792015K(2944384K), 0.0186510 secs]
[GC 1048335K->792015K(2944384K), 0.0189070 secs]
[GC 1048335K->792015K(2944384K), 0.0170490 secs]
[GC 1048335K->792015K(2944384K), 0.0175640 secs]
[GC 1048335K->792015K(2944384K), 0.0154930 secs]
[GC 1048335K->792015K(2944384K), 0.0146560 secs]
[GC 1048335K->792015K(2944384K), 0.0144730 secs]
[GC 1048335K->792015K(2944384K), 0.0152280 secs]
[GC 1048335K->792015K(2944384K), 0.0152040 secs]
[GC 1048335K->792015K(2944384K), 0.0188640 secs]
[GC 1048335K->792015K(2944384K), 0.0184970 secs]
[GC 1048335K->792015K(2944384K), 0.0185160 secs]
[GC 1048335K->792015K(2944384K), 0.0186620 secs]
[GC 1048335K->792015K(2944384K), 0.0152360 secs]
[GC 1048335K->792015K(2944384K), 0.0153340 secs]
[GC 1048335K->792015K(2944384K), 0.0186600 secs]
[GC 1048335K->792015K(2944384K), 0.0186260 secs]
[GC 1048335K->792015K(2944384K), 0.0640010 secs]
[GC 1048335K->792016K(2944384K), 0.0141680 secs]
[GC 1048336K->792016K(2944384K), 0.0149940 secs]
[GC 1048336K->792016K(2944384K), 0.0150680 secs]
[GC 1048336K->792016K(2944384K), 0.0148640 secs]
[GC 1048336K->792016K(2944384K), 0.0144750 secs]
[GC 1048336K->792016K(2944384K), 0.0149170 secs]
[GC 1048336K->792016K(2944384K), 0.0150210 secs]
[GC 1048336K->792016K(2944384K), 0.0138950 secs]
[GC 1048336K->792016K(2944384K), 0.0142970 secs]
[GC 1048336K->792016K(2944384K), 0.0147580 secs]
[GC 1048336K->792016K(2944384K), 0.0193410 secs]
[GC 1048336K->792016K(2944384K), 0.0185080 secs]
[GC 1048336K->792016K(2944384K), 0.0182920 secs]
[GC 1048336K->792016K(2944384K), 0.0182230 secs]
[GC 1048336K->792016K(2944384K), 0.0164860 secs]
[GC 1048336K->792016K(2944384K), 0.0152850 secs]
[GC 1048336K->792016K(2944384K), 0.0151610 secs]
[GC 1048336K->792016K(2944384K), 0.0148800 secs]
[GC 1048336K->792016K(2944384K), 0.0144870 secs]
[GC 1048336K->792016K(2944384K), 0.0150240 secs]
[GC 1048336K->792016K(2944384K), 0.0146420 secs]
[GC 1048336K->792016K(2944384K), 0.0147550 secs]
[GC 1048336K->792016K(2944384K), 0.0197330 secs]
[GC 1048336K->792017K(2944384K), 0.0158570 secs]
[GC 1048337K->792017K(2944384K), 0.0156590 secs]
[GC 1048337K->792017K(2944384K), 0.0152700 secs]
[GC 1048337K->792017K(2944384K), 0.0155910 secs]
[GC 1048337K->792017K(2944384K), 0.0152310 secs]
[GC 1048337K->792017K(2944384K), 0.0150690 secs]
[GC 1048337K->792017K(2944384K), 0.0145280 secs]
[GC 1048337K->792017K(2944384K), 0.0158700 secs]
[GC 1048337K->792017K(2944384K), 0.0146230 secs]
[GC 1048337K->792017K(2944384K), 0.0151640 secs]
[GC 1048337K->792017K(2944384K), 0.0150720 secs]
[GC 1048337K->792017K(2944384K), 0.0150460 secs]
[GC 1048337K->792017K(2944384K), 0.0151610 secs]
[GC 1048337K->792017K(2944384K), 0.0146560 secs]
[GC 1048337K->792017K(2944384K), 0.0156870 secs]
[GC 1048337K->792017K(2944384K), 0.0153470 secs]
[GC 1048337K->792017K(2944384K), 0.0150870 secs]
[GC 1048337K->792017K(2944384K), 0.0150140 secs]
[GC 1048337K->792017K(2944384K), 0.0147860 secs]
[GC 1048337K->792018K(2944384K), 0.0152270 secs]
[GC 1048338K->792018K(2944384K), 0.0151190 secs]
[GC 1048338K->792018K(2944384K), 0.0148400 secs]
[GC 1048338K->792018K(2944384K), 0.0144350 secs]
[GC 1048338K->792018K(2944384K), 0.0147410 secs]
[GC 1048338K->792018K(2944384K), 0.0150390 secs]
[GC 1048338K->792018K(2944384K), 0.0149620 secs]
[GC 1048338K->792018K(2944384K), 0.0148800 secs]
[GC 1048338K->792018K(2944384K), 0.0149520 secs]
[GC 1048338K->792018K(2944384K), 0.0150060 secs]
[GC 1048338K->792018K(2944384K), 0.0166240 secs]
[GC 1048338K->792018K(2944384K), 0.0142950 secs]
[GC 1048338K->792018K(2944384K), 0.0184840 secs]
[GC 1048338K->792018K(2944384K), 0.0179550 secs]
[GC 1048338K->792018K(2944384K), 0.0152760 secs]
[GC 1048338K->792018K(2944384K), 0.0149980 secs]
[GC 1048338K->792018K(2944384K), 0.0151350 secs]
[GC 1048338K->792018K(2944384K), 0.0193770 secs]
[GC 1048338K->792018K(2944384K), 0.0188510 secs]
[GC 1048338K->792018K(2944384K), 0.0179530 secs]
[GC 1048338K->792018K(2944384K), 0.0432200 secs]
[GC 1048338K->792018K(2944384K), 0.0145880 secs]
[GC 1048338K->792018K(2944384K), 0.0143760 secs]
[GC 1048338K->792018K(2944384K), 0.0144540 secs]
[GC 1048338K->792018K(2944384K), 0.0151510 secs]
[GC 1048338K->792018K(2944384K), 0.0153260 secs]
[GC 1048338K->792018K(2944384K), 0.0192980 secs]
[GC 1048338K->792018K(2944384K), 0.0181050 secs]
[GC 1048338K->792018K(2944384K), 0.0184160 secs]
[GC 1048338K->792018K(2944384K), 0.0171590 secs]
[GC 1048338K->792018K(2944384K), 0.0159360 secs]
[GC 1048338K->792018K(2944384K), 0.0187870 secs]
[GC 1048338K->792018K(2944384K), 0.0155780 secs]
[GC 1048338K->792018K(2944384K), 0.0144760 secs]
[GC 1048338K->792018K(2944384K), 0.0189370 secs]
[GC 1048338K->792018K(2944384K), 0.0189860 secs]
[GC 1048338K->792018K(2944384K), 0.0179160 secs]
[GC 1048338K->792018K(2944384K), 0.0191520 secs]
[GC 1048338K->792018K(2944384K), 0.0174950 secs]
[GC 1048338K->792018K(2944384K), 0.0159680 secs]
[GC 1048338K->792018K(2944384K), 0.0147000 secs]
[GC 1048338K->792018K(2944384K), 0.0154180 secs]
[GC 1048338K->792018K(2944384K), 0.0156560 secs]
[GC 1048338K->792018K(2944384K), 0.0150890 secs]
[GC 1048338K->792018K(2944384K), 0.0145830 secs]
[GC 1048338K->792018K(2944384K), 0.0188920 secs]
[GC 1048338K->792018K(2944384K), 0.0140190 secs]
[GC 1048338K->792018K(2944384K), 0.0156370 secs]
[GC 1048338K->792018K(2944384K), 0.0150690 secs]
[GC 1048338K->792018K(2944384K), 0.0156660 secs]
[GC 1048338K->792018K(2944384K), 0.0149070 secs]
[GC 1048338K->792018K(2944384K), 0.0150900 secs]
[GC 1048338K->792018K(2944384K), 0.0151440 secs]
[GC 1048338K->792018K(2944384K), 0.0184700 secs]
[GC 1048338K->792018K(2944384K), 0.0152730 secs]
[GC 1048338K->792018K(2944384K), 0.0139450 secs]
[GC 1048338K->792018K(2944384K), 0.0156040 secs]
[GC 1048338K->792019K(2944384K), 0.0153770 secs]
[GC 1048339K->792019K(2944384K), 0.0149450 secs]
[GC 1048339K->792019K(2944384K), 0.0149490 secs]
[GC 1048339K->792019K(2944384K), 0.0160380 secs]
[GC 1048339K->792019K(2944384K), 0.0153560 secs]
[GC 1048339K->792019K(2944384K), 0.0143140 secs]
[GC 1048339K->792019K(2944384K), 0.0151320 secs]
[GC 1048339K->792019K(2944384K), 0.0139260 secs]
[GC 1048339K->792019K(2944384K), 0.0150010 secs]
[GC 1048339K->792019K(2944384K), 0.0151170 secs]
[GC 1048339K->792019K(2944384K), 0.0146670 secs]
[GC 1048339K->792019K(2944384K), 0.0186680 secs]
[GC 1048339K->792019K(2944384K), 0.0145220 secs]
[GC 1048339K->792019K(2944384K), 0.0143250 secs]
[GC 1048339K->792019K(2944384K), 0.0138660 secs]
[GC 1048339K->792019K(2944384K), 0.0150910 secs]
[GC 1048339K->792019K(2944384K), 0.0150710 secs]
[GC 1048339K->792019K(2944384K), 0.0157350 secs]
[GC 1048339K->792019K(2944384K), 0.0149640 secs]
[GC 1048339K->792019K(2944384K), 0.0139280 secs]
[GC 1048339K->792019K(2944384K), 0.0155490 secs]
[GC 1048339K->792019K(2944384K), 0.0169920 secs]
[GC 1048339K->792019K(2944384K), 0.0190620 secs]
[GC 1048339K->792019K(2944384K), 0.0181540 secs]
[GC 1048339K->792019K(2944384K), 0.0167520 secs]
[GC 1048339K->792019K(2944384K), 0.0161990 secs]
[GC 1048339K->792019K(2944384K), 0.0446170 secs]
[GC 1048339K->792019K(2944384K), 0.0144520 secs]
[GC 1048339K->792019K(2944384K), 0.0191300 secs]
[GC 1048339K->792019K(2944384K), 0.0187540 secs]
[GC 1048339K->792019K(2944384K), 0.0184850 secs]
[GC 1048339K->792019K(2944384K), 0.0186140 secs]
[GC 1048339K->792019K(2944384K), 0.0179260 secs]
[GC 1048339K->792019K(2944384K), 0.0151190 secs]
[GC 1048339K->792019K(2944384K), 0.0154870 secs]
[GC 1048339K->792019K(2944384K), 0.0147290 secs]
[GC 1048339K->792019K(2944384K), 0.0144540 secs]
[GC 1048339K->792019K(2944384K), 0.0151460 secs]
[GC 1048339K->792019K(2944384K), 0.0150510 secs]
[GC 1048339K->792019K(2944384K), 0.0158030 secs]
[GC 1048339K->792019K(2944384K), 0.0149870 secs]
[GC 1048339K->792019K(2944384K), 0.0182370 secs]
[GC 1048339K->792019K(2944384K), 0.0171800 secs]
[GC 1048339K->792019K(2944384K), 0.0172180 secs]
[GC 1048339K->792019K(2944384K), 0.0157600 secs]
[GC 1048339K->792019K(2944384K), 0.0152050 secs]
[GC 1048339K->792019K(2944384K), 0.0148810 secs]
[GC 1048339K->792019K(2944384K), 0.0145120 secs]
[GC 1048339K->792019K(2944384K), 0.0177870 secs]
[GC 1048339K->792019K(2944384K), 0.0195620 secs]
[GC 1048339K->792019K(2944384K), 0.0181250 secs]
[GC 1048339K->792019K(2944384K), 0.0178450 secs]
[GC 1048339K->792019K(2944384K), 0.0184630 secs]
[GC 1048339K->792019K(2944384K), 0.0165620 secs]
[GC 1048339K->792020K(2944384K), 0.0151850 secs]
[GC 1048340K->792020K(2944384K), 0.0144720 secs]
[GC 1048340K->792020K(2944384K), 0.0151150 secs]
[GC 1048340K->792020K(2944384K), 0.0454320 secs]
[GC 1048340K->792020K(2944384K), 0.0143390 secs]
[GC 1048340K->792020K(2944384K), 0.0146420 secs]
[GC 1048340K->792020K(2944384K), 0.0197940 secs]
[GC 1048340K->792020K(2944384K), 0.0192940 secs]
[GC 1048340K->792020K(2944384K), 0.0198010 secs]
[GC 1048340K->792020K(2944384K), 0.0176940 secs]
[GC 1048340K->792020K(2944384K), 0.0164180 secs]
[GC 1048340K->792020K(2944384K), 0.0154280 secs]
[GC 1048340K->792020K(2944384K), 0.0150800 secs]
[GC 1048340K->792020K(2944384K), 0.0158660 secs]
[GC 1048340K->792020K(2944384K), 0.0151490 secs]
[GC 1048340K->792020K(2944384K), 0.0151820 secs]
[GC 1048340K->792020K(2944384K), 0.0149460 secs]
[GC 1048340K->792020K(2944384K), 0.0153090 secs]
[GC 1048340K->792020K(2944384K), 0.0149310 secs]
[GC 1048340K->792020K(2944384K), 0.0159470 secs]
[GC 1048340K->792020K(2944384K), 0.0150640 secs]
[GC 1048340K->792020K(2944384K), 0.0154580 secs]
[GC 1048340K->792020K(2944384K), 0.0146420 secs]
[GC 1048340K->792020K(2944384K), 0.0152590 secs]
[GC 1048340K->792020K(2944384K), 0.0145080 secs]
[GC 1048340K->792020K(2944384K), 0.0157040 secs]
[GC 1048340K->792020K(2944384K), 0.0146950 secs]
[GC 1048340K->792020K(2944384K), 0.0151660 secs]
[GC 1048340K->792020K(2944384K), 0.0155050 secs]
[GC 1048340K->792020K(2944384K), 0.0147570 secs]
[GC 1048340K->792020K(2944384K), 0.0146440 secs]
[GC 1048340K->792020K(2944384K), 0.0150860 secs]
[GC 1048340K->792020K(2944384K), 0.0142400 secs]
[GC 1048340K->792020K(2944384K), 0.0150430 secs]
[GC 1048340K->792020K(2944384K), 0.0155740 secs]
[GC 1048340K->792020K(2944384K), 0.0156910 secs]
[GC 1048340K->792020K(2944384K), 0.0152930 secs]
[GC 1048340K->792020K(2944384K), 0.0150320 secs]
[GC 1048340K->792020K(2944384K), 0.0143400 secs]
[GC 1048340K->792020K(2944384K), 0.0153930 secs]
[GC 1048340K->792020K(2944384K), 0.0155880 secs]
[GC 1048340K->792020K(2944384K), 0.0148420 secs]
[GC 1048340K->792020K(2944384K), 0.0155850 secs]
[GC 1048340K->792020K(2944384K), 0.0149180 secs]
[GC 1048340K->792020K(2944384K), 0.0209670 secs]
[GC 1048340K->792020K(2944384K), 0.0181000 secs]
[GC 1048340K->792020K(2944384K), 0.0157280 secs]
[GC 1048340K->792020K(2944384K), 0.0192490 secs]
[GC 1048340K->792020K(2944384K), 0.0149750 secs]
[GC 1048340K->792020K(2944384K), 0.0152520 secs]
[GC 1048340K->792020K(2944384K), 0.0148670 secs]
[GC 1048340K->792020K(2944384K), 0.0150900 secs]
[GC 1048340K->792020K(2944384K), 0.0195090 secs]
[GC 1048340K->792020K(2944384K), 0.0135580 secs]
[GC 1048340K->792020K(2944384K), 0.0146020 secs]
[GC 1048340K->792021K(2944384K), 0.0149620 secs]
[GC 1048341K->792021K(2944384K), 0.0148560 secs]
[GC 1048341K->792021K(2944384K), 0.0196230 secs]
[GC 1048341K->792021K(2944384K), 0.0189660 secs]
[GC 1048341K->792021K(2944384K), 0.0169670 secs]
[GC 1048341K->792021K(2944384K), 0.0152460 secs]
[GC 1048341K->792021K(2944384K), 0.0158220 secs]
[GC 1048341K->792021K(2944384K), 0.0147170 secs]
[GC 1048341K->792022K(2944384K), 0.0157070 secs]
[GC 1048342K->792022K(2944384K), 0.0181870 secs]
[GC 1048342K->792022K(2944384K), 0.0192650 secs]
[GC 1048342K->792022K(2944384K), 0.0402300 secs]
[GC 1048342K->792022K(2944384K), 0.0148070 secs]
[GC 1048342K->792022K(2944384K), 0.0195700 secs]
[GC 1048342K->792022K(2944384K), 0.0191370 secs]
[GC 1048342K->792022K(2944384K), 0.0174370 secs]
[GC 1048342K->792022K(2944384K), 0.0155000 secs]
[GC 1048342K->792022K(2944384K), 0.0152140 secs]
[GC 1048342K->792022K(2944384K), 0.0149090 secs]
[GC 1048342K->792022K(2944384K), 0.0144470 secs]
[GC 1048342K->792022K(2944384K), 0.0153510 secs]
[GC 1048342K->792022K(2944384K), 0.0147810 secs]
[GC 1048342K->792022K(2944384K), 0.0145760 secs]
[GC 1048342K->792022K(2944384K), 0.0191810 secs]
[GC 1048342K->792022K(2944384K), 0.0180970 secs]
[GC 1048342K->792022K(2944384K), 0.0149490 secs]
[GC 1048342K->792022K(2944384K), 0.0155200 secs]
[GC 1048342K->792022K(2944384K), 0.0148590 secs]
[GC 1048342K->792022K(2944384K), 0.0152820 secs]
[GC 1048342K->792022K(2944384K), 0.0186090 secs]
[GC 1048342K->792022K(2944384K), 0.0179780 secs]
[GC 1048342K->792022K(2944384K), 0.0177540 secs]
[GC 1048342K->792022K(2944384K), 0.0158260 secs]
[GC 1048342K->792022K(2944384K), 0.0154170 secs]
[GC 1048342K->792022K(2944384K), 0.0148470 secs]
[GC 1048342K->792022K(2944384K), 0.0149530 secs]
[GC 1048342K->792022K(2944384K), 0.0191850 secs]
[GC 1048342K->792022K(2944384K), 0.0179770 secs]
[GC 1048342K->792022K(2944384K), 0.0158590 secs]
[GC 1048342K->792022K(2944384K), 0.0189480 secs]
[GC 1048342K->792022K(2944384K), 0.0176160 secs]
[GC 1048342K->792022K(2944384K), 0.0182460 secs]
[GC 1048342K->792022K(2944384K), 0.0429400 secs]
[GC 1048342K->792022K(2944384K), 0.0158210 secs]
[GC 1048342K->792022K(2944384K), 0.0139820 secs]
[GC 1048342K->792022K(2944384K), 0.0152230 secs]
[GC 1048342K->792022K(2944384K), 0.0151050 secs]
[GC 1048342K->792022K(2944384K), 0.0142040 secs]
[GC 1048342K->792022K(2944384K), 0.0195110 secs]
[GC 1048342K->792022K(2944384K), 0.0192050 secs]
[GC 1048342K->792022K(2944384K), 0.0184510 secs]
[GC 1048342K->792022K(2944384K), 0.0185810 secs]
[GC 1048342K->792022K(2944384K), 0.0169720 secs]
[GC 1048342K->792022K(2944384K), 0.0160400 secs]
[GC 1048342K->792022K(2944384K), 0.0151950 secs]
[GC 1048342K->792022K(2944384K), 0.0187370 secs]
[GC 1048342K->792022K(2944384K), 0.0185670 secs]
[GC 1048342K->792022K(2944384K), 0.0188510 secs]
[GC 1048342K->792023K(2944384K), 0.0183730 secs]
[GC 1048343K->792023K(2944384K), 0.0182210 secs]
[GC 1048343K->792023K(2944384K), 0.0179880 secs]
[GC 1048343K->792023K(2944384K), 0.0178920 secs]
[GC 1048343K->792023K(2944384K), 0.0181490 secs]
[GC 1048343K->792023K(2944384K), 0.0173910 secs]
[GC 1048343K->792023K(2944384K), 0.0183850 secs]
[GC 1048343K->792023K(2944384K), 0.0157400 secs]
[GC 1048343K->792023K(2944384K), 0.0193960 secs]
[GC 1048343K->792023K(2944384K), 0.0147140 secs]
[GC 1048343K->792023K(2944384K), 0.0147070 secs]
[GC 1048343K->792023K(2944384K), 0.0145990 secs]
[GC 1048343K->792023K(2944384K), 0.0150510 secs]
[GC 1048343K->792023K(2944384K), 0.0145320 secs]
[GC 1048343K->792023K(2944384K), 0.0152650 secs]
[GC 1048343K->792023K(2944384K), 0.0155120 secs]
[GC 1048343K->792023K(2944384K), 0.0153380 secs]
[GC 1048343K->792023K(2944384K), 0.0141420 secs]
[GC 1048343K->792023K(2944384K), 0.0153610 secs]
[GC 1048343K->792023K(2944384K), 0.0149610 secs]
[GC 1048343K->792023K(2944384K), 0.0148220 secs]
[GC 1048343K->792023K(2944384K), 0.0150160 secs]
[GC 1048343K->792023K(2944384K), 0.0152890 secs]
[GC 1048343K->792023K(2944384K), 0.0145740 secs]
[GC 1048343K->792023K(2944384K), 0.0146900 secs]
[GC 1048343K->792023K(2944384K), 0.0148730 secs]
[GC 1048343K->792023K(2944384K), 0.0175490 secs]
[GC 1048343K->792023K(2944384K), 0.0155530 secs]
[GC 1048343K->792023K(2944384K), 0.0155120 secs]
[GC 1048343K->792023K(2944384K), 0.0166330 secs]
[GC 1048343K->792023K(2944384K), 0.0166480 secs]
[GC 1048343K->792023K(2944384K), 0.0167320 secs]
[GC 1048343K->792023K(2944384K), 0.0169090 secs]
[GC 1048343K->792023K(2944384K), 0.0161120 secs]
[GC 1048343K->792023K(2944384K), 0.0166270 secs]
[GC 1048343K->792023K(2944384K), 0.0173810 secs]
[GC 1048343K->792023K(2944384K), 0.0161410 secs]
[GC 1048343K->792023K(2944384K), 0.0165510 secs]
[GC 1048343K->792023K(2944384K), 0.0209000 secs]
[GC 1048343K->792023K(2944384K), 0.0152660 secs]
[GC 1048343K->792023K(2944384K), 0.0163760 secs]
[GC 1048343K->792024K(2944384K), 0.0169280 secs]
[GC 1048344K->792024K(2944384K), 0.0169600 secs]
[GC 1048344K->792024K(2944384K), 0.0158160 secs]
[GC 1048344K->792024K(2944384K), 0.0172670 secs]
[GC 1048344K->792024K(2944384K), 0.0166680 secs]
[GC 1048344K->792024K(2944384K), 0.0176590 secs]
[GC 1048344K->792024K(2944384K), 0.0178670 secs]
[GC 1048344K->792024K(2944384K), 0.0323070 secs]
[GC 1048344K->792024K(2944384K), 0.0145490 secs]
[GC 1048344K->792024K(2944384K), 0.0153450 secs]
[GC 1048344K->792024K(2944384K), 0.0165200 secs]
[GC 1048344K->792024K(2944384K), 0.0171720 secs]
[GC 1048344K->792024K(2944384K), 0.0209150 secs]
[GC 1048344K->792024K(2944384K), 0.0158800 secs]
[GC 1048344K->792024K(2944384K), 0.0171530 secs]
[GC 1048344K->792024K(2944384K), 0.0168200 secs]
[GC 1048344K->792024K(2944384K), 0.0167050 secs]
[GC 1048344K->792024K(2944384K), 0.0211100 secs]
[GC 1048344K->792024K(2944384K), 0.0156480 secs]
[GC 1048344K->792024K(2944384K), 0.0162850 secs]
[GC 1048344K->792024K(2944384K), 0.0163570 secs]
[GC 1048344K->792024K(2944384K), 0.0163510 secs]
[GC 1048344K->792024K(2944384K), 0.0173750 secs]
[GC 1048344K->792024K(2944384K), 0.0171140 secs]
[GC 1048344K->792024K(2944384K), 0.0160930 secs]
[GC 1048344K->792024K(2944384K), 0.0168370 secs]
[GC 1048344K->792024K(2944384K), 0.0168350 secs]
[GC 1048344K->792024K(2944384K), 0.0164980 secs]
[GC 1048344K->792024K(2944384K), 0.0165610 secs]
[GC 1048344K->792024K(2944384K), 0.0164880 secs]
[GC 1048344K->792024K(2944384K), 0.0167090 secs]
[GC 1048344K->792024K(2944384K), 0.0164240 secs]
[GC 1048344K->792024K(2944384K), 0.0157210 secs]
[GC 1048344K->792024K(2944384K), 0.0166830 secs]
[GC 1048344K->792024K(2944384K), 0.0171160 secs]
[GC 1048344K->792024K(2944384K), 0.0168720 secs]
[GC 1048344K->792024K(2944384K), 0.0164040 secs]
[GC 1048344K->792024K(2944384K), 0.0164230 secs]
[GC 1048344K->792024K(2944384K), 0.0170320 secs]
[GC 1048344K->792024K(2944384K), 0.0168770 secs]
[GC 1048344K->792024K(2944384K), 0.0163750 secs]
[GC 1048344K->792024K(2944384K), 0.0215170 secs]
[GC 1048344K->792024K(2944384K), 0.0150220 secs]
[GC 1048344K->792024K(2944384K), 0.0158100 secs]
[GC 1048344K->792024K(2944384K), 0.0177930 secs]
[GC 1048344K->792025K(2944384K), 0.0165410 secs]
[GC 1048345K->792025K(2944384K), 0.0173550 secs]
[GC 1048345K->792025K(2944384K), 0.0165350 secs]
[GC 1048345K->792025K(2944384K), 0.0164190 secs]
[GC 1048345K->792025K(2944384K), 0.0167600 secs]
[GC 1048345K->792025K(2944384K), 0.0170050 secs]
[GC 1048345K->792025K(2944384K), 0.0162030 secs]
[GC 1048345K->792025K(2944384K), 0.0165720 secs]
[GC 1048345K->792025K(2944384K), 0.0168340 secs]
[GC 1048345K->792025K(2944384K), 0.0173700 secs]
[GC 1048345K->792025K(2944384K), 0.0164220 secs]
[GC 1048345K->792025K(2944384K), 0.0167040 secs]
[GC 1048345K->792025K(2944384K), 0.0164460 secs]
[GC 1048345K->792025K(2944384K), 0.0163240 secs]
[GC 1048345K->792025K(2944384K), 0.0173820 secs]
[GC 1048345K->792025K(2944384K), 0.0170390 secs]
[GC 1048345K->792025K(2944384K), 0.0212950 secs]
[GC 1048345K->792025K(2944384K), 0.0159700 secs]
[GC 1048345K->792025K(2944384K), 0.0162410 secs]
[GC 1048345K->792025K(2944384K), 0.0172640 secs]
[GC 1048345K->792025K(2944384K), 0.0166900 secs]
[GC 1048345K->792025K(2944384K), 0.0169180 secs]
[GC 1048345K->792025K(2944384K), 0.0169670 secs]
[GC 1048345K->792025K(2944384K), 0.0162650 secs]
[GC 1048345K->792025K(2944384K), 0.0171300 secs]
[GC 1048345K->792025K(2944384K), 0.0162250 secs]
[GC 1048345K->792025K(2944384K), 0.0169120 secs]
[GC 1048345K->792025K(2944384K), 0.0165250 secs]
[GC 1048345K->792025K(2944384K), 0.0159570 secs]
[GC 1048345K->792025K(2944384K), 0.0179350 secs]
[GC 1048345K->792025K(2944384K), 0.0404360 secs]
[GC 1048345K->792025K(2944384K), 0.0157960 secs]
[GC 1048345K->792025K(2944384K), 0.0161720 secs]
[GC 1048345K->792025K(2944384K), 0.0171220 secs]
[GC 1048345K->792025K(2944384K), 0.0161910 secs]
[GC 1048345K->792026K(2944384K), 0.0147950 secs]
[GC 1048346K->792026K(2944384K), 0.0177580 secs]
[GC 1048346K->792026K(2944384K), 0.0166740 secs]
[GC 1048346K->792026K(2944384K), 0.0156300 secs]
[GC 1048346K->792026K(2944384K), 0.0188380 secs]
[GC 1048346K->792026K(2944384K), 0.0166760 secs]
[GC 1048346K->792026K(2944384K), 0.0184570 secs]
[GC 1048346K->792026K(2944384K), 0.0162810 secs]
[GC 1048346K->792026K(2944384K), 0.0181290 secs]
[GC 1048346K->792026K(2944384K), 0.0163180 secs]
[GC 1048346K->792026K(2944384K), 0.0185920 secs]
[GC 1048346K->792026K(2944384K), 0.0169330 secs]
[GC 1048346K->792026K(2944384K), 0.0185030 secs]
[GC 1048346K->792026K(2944384K), 0.0149230 secs]
[GC 1048346K->792026K(2944384K), 0.0156870 secs]
[GC 1048346K->792026K(2944384K), 0.0171030 secs]
[GC 1048346K->792026K(2944384K), 0.0172020 secs]
[GC 1048346K->792026K(2944384K), 0.0163770 secs]
[GC 1048346K->792026K(2944384K), 0.0167360 secs]
[GC 1048346K->792026K(2944384K), 0.0174730 secs]
[GC 1048346K->792027K(2944384K), 0.0160410 secs]
[GC 1048347K->792027K(2944384K), 0.0165780 secs]
[GC 1048347K->792027K(2944384K), 0.0166080 secs]
[GC 1048347K->792027K(2944384K), 0.0159620 secs]
[GC 1048347K->792027K(2944384K), 0.0163900 secs]
[GC 1048347K->792027K(2944384K), 0.0160010 secs]
[GC 1048347K->792027K(2944384K), 0.0172590 secs]
[GC 1048347K->792027K(2944384K), 0.0164710 secs]
[GC 1048347K->792027K(2944384K), 0.0166110 secs]
[GC 1048347K->792027K(2944384K), 0.0414310 secs]
[GC 1048347K->792027K(2944384K), 0.0158820 secs]
[GC 1048347K->792027K(2944384K), 0.0156920 secs]
[GC 1048347K->792027K(2944384K), 0.0163360 secs]
[GC 1048347K->792027K(2944384K), 0.0175000 secs]
[GC 1048347K->792027K(2944384K), 0.0173580 secs]
[GC 1048347K->792027K(2944384K), 0.0167270 secs]
[GC 1048347K->792027K(2944384K), 0.0167540 secs]
[GC 1048347K->792027K(2944384K), 0.0162720 secs]
[GC 1048347K->792027K(2944384K), 0.0163570 secs]
[GC 1048347K->792027K(2944384K), 0.0170050 secs]
[GC 1048347K->792027K(2944384K), 0.0146400 secs]
[GC 1048347K->792027K(2944384K), 0.0164950 secs]
[GC 1048347K->792027K(2944384K), 0.0166080 secs]
[GC 1048347K->792027K(2944384K), 0.0176570 secs]
[GC 1048347K->792027K(2944384K), 0.0172520 secs]
[GC 1048347K->792028K(2944384K), 0.0165080 secs]
[GC 1048348K->792028K(2944384K), 0.0173950 secs]
[GC 1048348K->792028K(2944384K), 0.0172520 secs]
[GC 1048348K->792028K(2944384K), 0.0161860 secs]
[GC 1048348K->792028K(2944384K), 0.0163310 secs]
[GC 1048348K->792030K(2944384K), 0.0176490 secs]
[GC 1048350K->792028K(2944384K), 0.0175020 secs]
[GC 1048348K->792028K(2944384K), 0.0168140 secs]
[GC 1048348K->792028K(2944384K), 0.0164300 secs]
[GC 1048348K->792028K(2944384K), 0.0172470 secs]
[GC 1048348K->792028K(2944384K), 0.0163050 secs]
[GC 1048348K->792028K(2944384K), 0.0170740 secs]
[GC 1048348K->792028K(2944384K), 0.0162430 secs]
[GC 1048348K->792028K(2944384K), 0.0168590 secs]
[GC 1048348K->792028K(2944384K), 0.0175980 secs]
[GC 1048348K->792028K(2944384K), 0.0168110 secs]
[GC 1048348K->792028K(2944384K), 0.0162850 secs]
[GC 1048348K->792028K(2944384K), 0.0169160 secs]
[GC 1048348K->792028K(2944384K), 0.0392870 secs]
[GC 1048348K->792028K(2944384K), 0.0158760 secs]
[GC 1048348K->792028K(2944384K), 0.0174560 secs]
[GC 1048348K->792028K(2944384K), 0.0164380 secs]
[GC 1048348K->792028K(2944384K), 0.0159120 secs]
[GC 1048348K->792028K(2944384K), 0.0163920 secs]
[GC 1048348K->792028K(2944384K), 0.0158470 secs]
[GC 1048348K->792028K(2944384K), 0.0150430 secs]
[GC 1048348K->792028K(2944384K), 0.0175960 secs]
[GC 1048348K->792028K(2944384K), 0.0162430 secs]
[GC 1048348K->792028K(2944384K), 0.0208800 secs]
[GC 1048348K->792028K(2944384K), 0.0155880 secs]
[GC 1048348K->792028K(2944384K), 0.0170660 secs]
[GC 1048348K->792028K(2944384K), 0.0169480 secs]
[GC 1048348K->792028K(2944384K), 0.0166770 secs]
[GC 1048348K->792028K(2944384K), 0.0163690 secs]
[GC 1048348K->792028K(2944384K), 0.0163640 secs]
[GC 1048348K->792028K(2944384K), 0.0163500 secs]
[GC 1048348K->792028K(2944384K), 0.0171790 secs]
[GC 1048348K->792028K(2944384K), 0.0166430 secs]
[GC 1048348K->792028K(2944384K), 0.0155170 secs]
[GC 1048348K->792028K(2944384K), 0.0161090 secs]
[GC 1048348K->792028K(2944384K), 0.0162140 secs]
[GC 1048348K->792028K(2944384K), 0.0207420 secs]
[GC 1048348K->792028K(2944384K), 0.0153750 secs]
[GC 1048348K->792028K(2944384K), 0.0159140 secs]
[GC 1048348K->792028K(2944384K), 0.0164160 secs]
[GC 1048348K->792028K(2944384K), 0.0163960 secs]
[GC 1048348K->792028K(2944384K), 0.0165630 secs]
[GC 1048348K->792028K(2944384K), 0.0169990 secs]
[GC 1048348K->792028K(2944384K), 0.0164350 secs]
[GC 1048348K->792028K(2944384K), 0.0171790 secs]
[GC 1048348K->792028K(2944384K), 0.0163340 secs]
[GC 1048348K->792028K(2944384K), 0.0174970 secs]
[GC 1048348K->792028K(2944384K), 0.0441720 secs]
[GC 1048348K->792028K(2944384K), 0.0147150 secs]
[GC 1048348K->792029K(2944384K), 0.0163650 secs]
[GC 1048349K->792029K(2944384K), 0.0170260 secs]
[GC 1048349K->792029K(2944384K), 0.0165440 secs]
[GC 1048349K->792029K(2944384K), 0.0167820 secs]
[GC 1048349K->792029K(2944384K), 0.0154080 secs]
[GC 1048349K->792029K(2944384K), 0.0166310 secs]
[GC 1048349K->792029K(2944384K), 0.0166960 secs]
[GC 1048349K->792029K(2944384K), 0.0163280 secs]
[GC 1048349K->792029K(2944384K), 0.0162960 secs]
[GC 1048349K->792029K(2944384K), 0.0162170 secs]
[GC 1048349K->792029K(2944384K), 0.0165970 secs]
[GC 1048349K->792029K(2944384K), 0.0157970 secs]
[GC 1048349K->792029K(2944384K), 0.0494730 secs]
[GC 1048349K->792029K(2944384K), 0.0162330 secs]
[GC 1048349K->792029K(2944384K), 0.0164720 secs]
[GC 1048349K->792029K(2944384K), 0.0158420 secs]
[GC 1048349K->792029K(2944384K), 0.0163750 secs]
[GC 1048349K->792029K(2944384K), 0.0168400 secs]
[GC 1048349K->792029K(2944384K), 0.0161940 secs]
[GC 1048349K->792029K(2944384K), 0.0177490 secs]
[GC 1048349K->792029K(2944384K), 0.0159160 secs]
[GC 1048349K->792029K(2944384K), 0.0211470 secs]
[GC 1048349K->792029K(2944384K), 0.0159290 secs]
[GC 1048349K->792029K(2944384K), 0.0161970 secs]
[GC 1048349K->792029K(2944384K), 0.0163190 secs]
[GC 1048349K->792029K(2944384K), 0.0170300 secs]
[GC 1048349K->792029K(2944384K), 0.0165250 secs]
[GC 1048349K->792029K(2944384K), 0.0212140 secs]
[GC 1048349K->792029K(2944384K), 0.0153300 secs]
[GC 1048349K->792029K(2944384K), 0.0173540 secs]
[GC 1048349K->792029K(2944384K), 0.0166070 secs]
[GC 1048349K->792029K(2944384K), 0.0160900 secs]
[GC 1048349K->792029K(2944384K), 0.0165070 secs]
[GC 1048349K->792029K(2944384K), 0.0169490 secs]
[GC 1048349K->792029K(2944384K), 0.0165810 secs]
[GC 1048349K->792029K(2944384K), 0.0164220 secs]
[GC 1048349K->792029K(2944384K), 0.0168110 secs]
[GC 1048349K->792029K(2944384K), 0.0185440 secs]
[GC 1048349K->792029K(2944384K), 0.0145070 secs]
[GC 1048349K->792029K(2944384K), 0.0165170 secs]
[GC 1048349K->792029K(2944384K), 0.0171780 secs]
[GC 1048349K->792029K(2944384K), 0.0166190 secs]
[GC 1048349K->792029K(2944384K), 0.0162660 secs]
[GC 1048349K->792029K(2944384K), 0.0167680 secs]
[GC 1045823K->792029K(2944384K), 0.0178800 secs]
[GC 1048349K->792029K(2944384K), 0.0184710 secs]
[GC 1048349K->792029K(2944384K), 0.0141380 secs]
[GC 1048349K->792029K(2944384K), 0.0157000 secs]
[GC 1048349K->792029K(2944384K), 0.0165770 secs]
[GC 1048349K->792029K(2944384K), 0.0163900 secs]
[GC 1048349K->792029K(2944384K), 0.0172490 secs]
[GC 1048349K->792032K(2944384K), 0.0165090 secs]
[GC 1048352K->792029K(2944384K), 0.0172340 secs]
[GC 1048349K->792029K(2944384K), 0.0170990 secs]
[GC 1048349K->792029K(2944384K), 0.0165470 secs]
[GC 1048349K->792030K(2944384K), 0.0163770 secs]
[GC 1048350K->792030K(2944384K), 0.0171520 secs]
[GC 1048350K->792030K(2944384K), 0.0168690 secs]
[GC 1048350K->792030K(2944384K), 0.0168300 secs]
[GC 1048350K->792030K(2944384K), 0.0174960 secs]
[GC 1048350K->792030K(2944384K), 0.0169170 secs]
[GC 1048350K->792030K(2944384K), 0.0162220 secs]
[GC 1048350K->792030K(2944384K), 0.0175490 secs]
[GC 1048350K->792030K(2944384K), 0.0165670 secs]
[GC 1048350K->792030K(2944384K), 0.0162210 secs]
[GC 1048350K->792030K(2944384K), 0.0405760 secs]
[GC 1048350K->792031K(2944384K), 0.0168610 secs]
[GC 1048351K->792031K(2944384K), 0.0212730 secs]
[GC 1048351K->792031K(2944384K), 0.0156840 secs]
[GC 1048351K->792031K(2944384K), 0.0158540 secs]
[GC 1048351K->792031K(2944384K), 0.0175860 secs]
[GC 1048351K->792031K(2944384K), 0.0158830 secs]
[GC 1048351K->792031K(2944384K), 0.0166290 secs]
[GC 1048351K->792031K(2944384K), 0.0169960 secs]
[GC 1048351K->792031K(2944384K), 0.0154020 secs]
[GC 1048351K->792031K(2944384K), 0.0166250 secs]
[GC 1048351K->792031K(2944384K), 0.0164570 secs]
[GC 1048351K->792031K(2944384K), 0.0175840 secs]
[GC 1048351K->792031K(2944384K), 0.0159630 secs]
[GC 1048351K->792031K(2944384K), 0.0166280 secs]
[GC 1048351K->792031K(2944384K), 0.0173550 secs]
[GC 1048351K->792031K(2944384K), 0.0168500 secs]
[GC 1048351K->792031K(2944384K), 0.0167080 secs]
[GC 1048351K->792031K(2944384K), 0.0170110 secs]
[GC 1048351K->792031K(2944384K), 0.0167820 secs]
[GC 1048351K->792031K(2944384K), 0.0158140 secs]
[GC 1048351K->792031K(2944384K), 0.0153980 secs]
[GC 1048351K->792031K(2944384K), 0.0151520 secs]
[GC 1048351K->792031K(2944384K), 0.0149930 secs]
[GC 1048351K->792031K(2944384K), 0.0154240 secs]
[GC 1048351K->792031K(2944384K), 0.0158430 secs]
[GC 1048351K->792031K(2944384K), 0.0160880 secs]
[GC 1048351K->792031K(2944384K), 0.0156350 secs]
[GC 1048351K->792031K(2944384K), 0.0157440 secs]
[GC 1048351K->792031K(2944384K), 0.0149480 secs]
[GC 1048351K->792032K(2944384K), 0.0157660 secs]
[GC 1048352K->792032K(2944384K), 0.0159130 secs]
[GC 1048352K->792032K(2944384K), 0.0157760 secs]
[GC 1048352K->792032K(2944384K), 0.0555060 secs]
[GC 1048352K->792032K(2944384K), 0.0162550 secs]
[GC 1048352K->792032K(2944384K), 0.0159790 secs]
[GC 1048352K->792032K(2944384K), 0.0149370 secs]
[GC 1048352K->792032K(2944384K), 0.0155170 secs]
[GC 1048352K->792032K(2944384K), 0.0150400 secs]
[GC 1048352K->792032K(2944384K), 0.0151620 secs]
[GC 1048352K->792032K(2944384K), 0.0193440 secs]
[GC 1048352K->792032K(2944384K), 0.0182550 secs]
[GC 1048352K->792032K(2944384K), 0.0182860 secs]
[GC 1048352K->792032K(2944384K), 0.0167530 secs]
[GC 1048352K->792032K(2944384K), 0.0153180 secs]
[GC 1048352K->792032K(2944384K), 0.0145460 secs]
[GC 1048352K->792032K(2944384K), 0.0203050 secs]
[GC 1048352K->792032K(2944384K), 0.0184180 secs]
[GC 1048352K->792032K(2944384K), 0.0179310 secs]
[GC 1048352K->792032K(2944384K), 0.0175420 secs]
[GC 1048352K->792032K(2944384K), 0.0154730 secs]
[GC 1048352K->792032K(2944384K), 0.0148460 secs]
[GC 1048352K->792032K(2944384K), 0.0151310 secs]
[GC 1048352K->792032K(2944384K), 0.0158030 secs]
[GC 1048352K->792032K(2944384K), 0.0149210 secs]
[GC 1048352K->792033K(2944384K), 0.0159140 secs]
[GC 1048353K->792033K(2944384K), 0.0149150 secs]
[GC 1048353K->792033K(2944384K), 0.0152780 secs]
[GC 1048353K->792033K(2944384K), 0.0157140 secs]
[GC 1048353K->792033K(2944384K), 0.0198690 secs]
[GC 1048353K->792033K(2944384K), 0.0186140 secs]
[GC 1048353K->792033K(2944384K), 0.0181550 secs]
[GC 1048353K->792033K(2944384K), 0.0180310 secs]
[GC 1048353K->792033K(2944384K), 0.0181130 secs]
[GC 1048353K->792033K(2944384K), 0.0424660 secs]
[GC 1048353K->792033K(2944384K), 0.0198170 secs]
[GC 1048353K->792033K(2944384K), 0.0192220 secs]
[GC 1048353K->792033K(2944384K), 0.0181430 secs]
[GC 1048353K->792033K(2944384K), 0.0161520 secs]
[GC 1048353K->792033K(2944384K), 0.0147990 secs]
[GC 1048353K->792033K(2944384K), 0.0154860 secs]
[GC 1048353K->792033K(2944384K), 0.0154150 secs]
[GC 1048353K->792033K(2944384K), 0.0150640 secs]
[GC 1048353K->792033K(2944384K), 0.0152740 secs]
[GC 1048353K->792033K(2944384K), 0.0146260 secs]
[GC 1048353K->792033K(2944384K), 0.0144880 secs]
[GC 1048353K->792033K(2944384K), 0.0151140 secs]
[GC 1048353K->792033K(2944384K), 0.0149450 secs]
[GC 1048353K->792033K(2944384K), 0.0150630 secs]
[GC 1048353K->792033K(2944384K), 0.0152850 secs]
[GC 1048353K->792033K(2944384K), 0.0151720 secs]
[GC 1048353K->792033K(2944384K), 0.0149210 secs]
[GC 1048353K->792033K(2944384K), 0.0149970 secs]
[GC 1048353K->792033K(2944384K), 0.0152690 secs]
[GC 1048353K->792033K(2944384K), 0.0147990 secs]
[GC 1048353K->792033K(2944384K), 0.0145950 secs]
[GC 1048353K->792033K(2944384K), 0.0156920 secs]
[GC 1048353K->792033K(2944384K), 0.0151550 secs]
[GC 1048353K->792033K(2944384K), 0.0148090 secs]
[GC 1048353K->792033K(2944384K), 0.0147490 secs]
[GC 1048353K->792033K(2944384K), 0.0153700 secs]
[GC 1048353K->792033K(2944384K), 0.0142990 secs]
[GC 1048353K->792033K(2944384K), 0.0195980 secs]
[GC 1048353K->792033K(2944384K), 0.0187580 secs]
[GC 1048353K->792033K(2944384K), 0.0157140 secs]
[GC 1048353K->792033K(2944384K), 0.0144120 secs]
[GC 1048353K->792033K(2944384K), 0.0148350 secs]
[GC 1048353K->792033K(2944384K), 0.0156970 secs]
[GC 1048353K->792033K(2944384K), 0.0149130 secs]
[GC 1048353K->792033K(2944384K), 0.0149070 secs]
[GC 1048353K->792033K(2944384K), 0.0144020 secs]
[GC 1048353K->792033K(2944384K), 0.0154120 secs]
[GC 1048353K->792033K(2944384K), 0.0146300 secs]
[GC 1048353K->792033K(2944384K), 0.0148750 secs]
[GC 1048353K->792033K(2944384K), 0.0147950 secs]
[GC 1048353K->792033K(2944384K), 0.0155110 secs]
[GC 1048353K->792033K(2944384K), 0.0143310 secs]
[GC 1048353K->792033K(2944384K), 0.0142940 secs]
[GC 1048353K->792033K(2944384K), 0.0148130 secs]
[GC 1048353K->792034K(2944384K), 0.0190730 secs]
[GC 1048354K->792034K(2944384K), 0.0187560 secs]
[GC 1048354K->792034K(2944384K), 0.0161250 secs]
[GC 1048354K->792034K(2944384K), 0.0150940 secs]
[GC 1048354K->792034K(2944384K), 0.0147090 secs]
[GC 1048354K->792034K(2944384K), 0.0197770 secs]
[GC 1048354K->792034K(2944384K), 0.0186800 secs]
[GC 1048354K->792034K(2944384K), 0.0153120 secs]
[GC 1048354K->792034K(2944384K), 0.0152850 secs]
[GC 1048354K->792034K(2944384K), 0.0145710 secs]
[GC 1048354K->792034K(2944384K), 0.0144130 secs]
[GC 1048354K->792034K(2944384K), 0.0178730 secs]
[GC 1048354K->792034K(2944384K), 0.0155470 secs]
[GC 1048354K->792034K(2944384K), 0.0158550 secs]
[GC 1048354K->792034K(2944384K), 0.0138390 secs]
[GC 1048354K->792034K(2944384K), 0.0153070 secs]
[GC 1048354K->792034K(2944384K), 0.0151020 secs]
[GC 1048354K->792034K(2944384K), 0.0153850 secs]
[GC 1048354K->792034K(2944384K), 0.0188070 secs]
[GC 1048354K->792034K(2944384K), 0.0187420 secs]
[GC 1048354K->792034K(2944384K), 0.0182780 secs]
[GC 1048354K->792034K(2944384K), 0.0156980 secs]
[GC 1048354K->792034K(2944384K), 0.0153160 secs]
[GC 1048354K->792034K(2944384K), 0.0151570 secs]
[GC 1048354K->792034K(2944384K), 0.0157350 secs]
[GC 1048354K->792034K(2944384K), 0.0140570 secs]
[GC 1048354K->792034K(2944384K), 0.0141340 secs]
[GC 1048354K->792034K(2944384K), 0.0153150 secs]
[GC 1048354K->792034K(2944384K), 0.0151590 secs]
[GC 1048354K->792034K(2944384K), 0.0154950 secs]
[GC 1048354K->792034K(2944384K), 0.0147970 secs]
[GC 1048354K->792034K(2944384K), 0.0145020 secs]
[GC 1048354K->792034K(2944384K), 0.0149650 secs]
[GC 1048354K->792034K(2944384K), 0.0147370 secs]
[GC 1048354K->792034K(2944384K), 0.0153380 secs]
[GC 1048354K->792034K(2944384K), 0.0146860 secs]
[GC 1048354K->792034K(2944384K), 0.0193420 secs]
[GC 1048354K->792034K(2944384K), 0.0193660 secs]
[GC 1048354K->792034K(2944384K), 0.0178310 secs]
[GC 1048354K->792034K(2944384K), 0.0180160 secs]
[GC 1048354K->792034K(2944384K), 0.0184660 secs]
[GC 1048354K->792034K(2944384K), 0.0188190 secs]
[GC 1048354K->792034K(2944384K), 0.0204530 secs]
[GC 1048354K->792034K(2944384K), 0.0196710 secs]
[GC 1048354K->792034K(2944384K), 0.0162160 secs]
[GC 1048354K->792034K(2944384K), 0.0145380 secs]
[GC 1048354K->792034K(2944384K), 0.0183970 secs]
[GC 1048354K->792034K(2944384K), 0.0182850 secs]
[GC 1048354K->792034K(2944384K), 0.0180190 secs]
[GC 1048354K->792034K(2944384K), 0.0181690 secs]
[GC 1048354K->792034K(2944384K), 0.0184200 secs]
[GC 1048354K->792034K(2944384K), 0.0182520 secs]
[GC 1048354K->792034K(2944384K), 0.0185960 secs]
[GC 1048354K->792034K(2944384K), 0.0153110 secs]
[GC 1048354K->792034K(2944384K), 0.0155600 secs]
[GC 1048354K->792034K(2944384K), 0.0150750 secs]
[GC 1048354K->792034K(2944384K), 0.0185280 secs]
[GC 1048354K->792034K(2944384K), 0.0189830 secs]
[GC 1048354K->792034K(2944384K), 0.0163990 secs]
[GC 1048354K->792034K(2944384K), 0.0157350 secs]
[GC 1048354K->792034K(2944384K), 0.0151560 secs]
[GC 1048354K->792034K(2944384K), 0.0153200 secs]
[GC 1048354K->792034K(2944384K), 0.0146370 secs]
[GC 1046620K->792034K(2944384K), 0.0158510 secs]
[GC 1048354K->792034K(2944384K), 0.0157320 secs]
[GC 1048354K->792034K(2944384K), 0.0161430 secs]
[GC 1048354K->792034K(2944384K), 0.0153590 secs]
[GC 1048354K->792034K(2944384K), 0.0145410 secs]
[GC 1048354K->792034K(2944384K), 0.0154050 secs]
[GC 1048354K->792034K(2944384K), 0.0147210 secs]
[GC 1048354K->792035K(2944384K), 0.0139470 secs]
[GC 1048355K->792035K(2944384K), 0.0150500 secs]
[GC 1048355K->792035K(2944384K), 0.0139760 secs]
[GC 1048355K->792035K(2944384K), 0.0148870 secs]
[GC 1048355K->792035K(2944384K), 0.0150320 secs]
[GC 1048355K->792035K(2944384K), 0.0148990 secs]
[GC 1048355K->792035K(2944384K), 0.0153850 secs]
[GC 1048355K->792035K(2944384K), 0.0144570 secs]
[GC 1048355K->792035K(2944384K), 0.0149670 secs]
[GC 1048355K->792035K(2944384K), 0.0152370 secs]
[GC 1048355K->792035K(2944384K), 0.0202600 secs]
[GC 1048355K->792035K(2944384K), 0.0191790 secs]
[GC 1048355K->792035K(2944384K), 0.0184250 secs]
[GC 1048355K->792035K(2944384K), 0.0176830 secs]
[GC 1048355K->792035K(2944384K), 0.0185110 secs]
[GC 1048355K->792035K(2944384K), 0.0156930 secs]
[GC 1048355K->792035K(2944384K), 0.0147470 secs]
[GC 1048355K->792035K(2944384K), 0.0151230 secs]
[GC 1048355K->792035K(2944384K), 0.0144770 secs]
[GC 1048355K->792035K(2944384K), 0.0164960 secs]
[GC 1048355K->792035K(2944384K), 0.0141030 secs]
[GC 1048355K->792035K(2944384K), 0.0149610 secs]
[GC 1048355K->792035K(2944384K), 0.0149250 secs]
[GC 1048355K->792035K(2944384K), 0.0146560 secs]
[GC 1048355K->792035K(2944384K), 0.0142390 secs]
[GC 1048355K->792035K(2944384K), 0.0152650 secs]
[GC 1048355K->792035K(2944384K), 0.0144220 secs]
[GC 1048355K->792035K(2944384K), 0.0147170 secs]
[GC 1048355K->792035K(2944384K), 0.0152290 secs]
[GC 1048355K->792035K(2944384K), 0.0161990 secs]
[GC 1048355K->792035K(2944384K), 0.0145300 secs]
[GC 1048355K->792035K(2944384K), 0.0153620 secs]
[GC 1048355K->792035K(2944384K), 0.0187920 secs]
[GC 1048355K->792035K(2944384K), 0.0183640 secs]
[GC 1048355K->792035K(2944384K), 0.0190290 secs]
[GC 1048355K->792035K(2944384K), 0.0169430 secs]
[GC 1048355K->792035K(2944384K), 0.0142450 secs]
[GC 1048355K->792035K(2944384K), 0.0153670 secs]
[GC 1048355K->792035K(2944384K), 0.0155110 secs]
[GC 1048355K->792035K(2944384K), 0.0151920 secs]
[GC 1048355K->792035K(2944384K), 0.0148900 secs]
[GC 1048355K->792035K(2944384K), 0.0143330 secs]
[GC 1048355K->792035K(2944384K), 0.0145310 secs]
[GC 1048355K->792035K(2944384K), 0.0142450 secs]
[GC 1048355K->792035K(2944384K), 0.0152780 secs]
[GC 1048355K->792035K(2944384K), 0.0148810 secs]
[GC 1048355K->792035K(2944384K), 0.0150010 secs]
[GC 1048355K->792035K(2944384K), 0.0191370 secs]
[GC 1048355K->792035K(2944384K), 0.0189680 secs]
[GC 1048355K->792035K(2944384K), 0.0147830 secs]
[GC 1048355K->792035K(2944384K), 0.0159130 secs]
[GC 1048355K->792035K(2944384K), 0.0149070 secs]
[GC 1048355K->792035K(2944384K), 0.0146070 secs]
[GC 1048355K->792035K(2944384K), 0.0146810 secs]
[GC 1048355K->792035K(2944384K), 0.0148770 secs]
[GC 1048355K->792035K(2944384K), 0.0143780 secs]
[GC 1048355K->792036K(2944384K), 0.0149920 secs]
[GC 1048356K->792036K(2944384K), 0.0148840 secs]
[GC 1048356K->792036K(2944384K), 0.0144450 secs]
[GC 1048356K->792036K(2944384K), 0.0150140 secs]
[GC 1048356K->792036K(2944384K), 0.0149450 secs]
[GC 1048356K->792036K(2944384K), 0.0141040 secs]
[GC 1048356K->792036K(2944384K), 0.0149990 secs]
[GC 1048356K->792036K(2944384K), 0.0149180 secs]
[GC 1048356K->792036K(2944384K), 0.0155730 secs]
[GC 1048356K->792036K(2944384K), 0.0155680 secs]
[GC 1048356K->792036K(2944384K), 0.0145900 secs]
[GC 1048356K->792036K(2944384K), 0.0151200 secs]
[GC 1048356K->792036K(2944384K), 0.0147470 secs]
[GC 1048356K->792036K(2944384K), 0.0147670 secs]
[GC 1048356K->792036K(2944384K), 0.0144920 secs]
[GC 1048356K->792036K(2944384K), 0.0148010 secs]
[GC 1048356K->792036K(2944384K), 0.0150470 secs]
[GC 1048356K->792036K(2944384K), 0.0147800 secs]
[GC 1048356K->792036K(2944384K), 0.0424830 secs]
[GC 1048356K->792037K(2944384K), 0.0160100 secs]
[GC 1048357K->792037K(2944384K), 0.0145910 secs]
 WARN  [Thread-0] {org.radargun.ShutDownHook} Slave process: unexpected shutdown!
 INFO  [hz.ShutdownThread] {com.hazelcast.nio.TcpIpConnection} [127.0.0.1]:5701 [FenixFrameworkGroup] Connection [Address[127.0.0.1]:5707] lost. Reason: Explicit close
 INFO  [hz.ShutdownThread] {com.hazelcast.nio.TcpIpConnection} [127.0.0.1]:5701 [FenixFrameworkGroup] Connection [Address[127.0.0.1]:5708] lost. Reason: Explicit close
 INFO  [hz.ShutdownThread] {com.hazelcast.nio.TcpIpConnection} [127.0.0.1]:5701 [FenixFrameworkGroup] Connection [Address[127.0.0.1]:5706] lost. Reason: Explicit close
 INFO  [hz.ShutdownThread] {com.hazelcast.nio.TcpIpConnection} [127.0.0.1]:5701 [FenixFrameworkGroup] Connection [Address[127.0.0.1]:5705] lost. Reason: Explicit close
 INFO  [hz.ShutdownThread] {com.hazelcast.nio.TcpIpConnection} [127.0.0.1]:5701 [FenixFrameworkGroup] Connection [Address[127.0.0.1]:5702] lost. Reason: Explicit close
 INFO  [hz.ShutdownThread] {com.hazelcast.nio.TcpIpConnection} [127.0.0.1]:5701 [FenixFrameworkGroup] Connection [Address[127.0.0.1]:5704] lost. Reason: Explicit close
 INFO  [hz.ShutdownThread] {com.hazelcast.nio.TcpIpConnection} [127.0.0.1]:5701 [FenixFrameworkGroup] Connection [Address[127.0.0.1]:5703] lost. Reason: Explicit close
 INFO  [hz.ShutdownThread] {com.hazelcast.initializer} [127.0.0.1]:5701 [FenixFrameworkGroup] Destroying node initializer.
 INFO  [hz.ShutdownThread] {com.hazelcast.instance.Node} [127.0.0.1]:5701 [FenixFrameworkGroup] Hazelcast Shutdown is completed in 49 ms.
