/usr/java/jdk1.7.0_21/bin/java -server -Xmx1024M -Xms1024M -Dresolve.dns=false -Djgroups.timer.num_threads=4 -verbose:gc -Xmx5000M -Xms3000M -server -XX:+UseConcMarkSweepGC -XX:+AggressiveOpts -verbose:gc -XX:ParallelGCThreads=4 -XX:NewRatio=5 -XX:SurvivorRatio=2 -Dhazelcast.operation.thread.count=4 -Djava.net.preferIPv4Stack=true -Dlog4j.file.prefix=deimos-esw-24794 -Dbind.address= -Djgroups.bind_addr= -classpath /home/smf/github/radargun/target/distribution/RadarGun-1.1.0-SNAPSHOT/lib/activation-1.1.jar:/home/smf/github/radargun/target/distribution/RadarGun-1.1.0-SNAPSHOT/lib/commons-beanutils-1.8.0.jar:/home/smf/github/radargun/target/distribution/RadarGun-1.1.0-SNAPSHOT/lib/commons-digester-2.0.jar:/home/smf/github/radargun/target/distribution/RadarGun-1.1.0-SNAPSHOT/lib/commons-logging-1.1.1.jar:/home/smf/github/radargun/target/distribution/RadarGun-1.1.0-SNAPSHOT/lib/commons-math-1.2.jar:/home/smf/github/radargun/target/distribution/RadarGun-1.1.0-SNAPSHOT/lib/jboss-transaction-api-1.0.1.GA.jar:/home/smf/github/radargun/target/distribution/RadarGun-1.1.0-SNAPSHOT/lib/jcommon-1.0.15.jar:/home/smf/github/radargun/target/distribution/RadarGun-1.1.0-SNAPSHOT/lib/jfreechart-1.0.12.jar:/home/smf/github/radargun/target/distribution/RadarGun-1.1.0-SNAPSHOT/lib/log4j-1.2.14.jar:/home/smf/github/radargun/target/distribution/RadarGun-1.1.0-SNAPSHOT/lib/mail-1.4.2.jar:/home/smf/github/radargun/target/distribution/RadarGun-1.1.0-SNAPSHOT/lib/radargun-framework-1.1.0-SNAPSHOT.jar:/home/smf/github/radargun/target/distribution/RadarGun-1.1.0-SNAPSHOT/conf org.radargun.Slave -master 127.0.0.1:2103
--------------------------------------------------------------------------------
PerNodeRollingFileAppender::Using file prefix:deimos-esw-24794
 INFO  [main] {org.radargun.Slave} Attempting to connect to master 127.0.0.1:2103
 INFO  [main] {org.radargun.Slave} Successfully established connection with master at: 127.0.0.1:2103
Loading JARS from /home/smf/github/radargun/target/distribution/RadarGun-1.1.0-SNAPSHOT/lib/radargun-framework-1.1.0-SNAPSHOT.jar
 INFO  [pool-1-thread-1] {org.radargun.config.AnnotatedHelper} Loading JARS from /home/smf/github/radargun/target/distribution/RadarGun-1.1.0-SNAPSHOT/lib/radargun-framework-1.1.0-SNAPSHOT.jar
 INFO  [pool-1-thread-1] {org.radargun.config.AnnotatedHelper} Loading JARS from /home/smf/github/radargun/target/distribution/RadarGun-1.1.0-SNAPSHOT/lib/radargun-framework-1.1.0-SNAPSHOT.jar
 INFO  [pool-1-thread-1] {org.radargun.Slave} Executing stage: DestroyWrapper {enforceMemoryThrashHold=true, exitBenchmarkOnSlaveFailure=false, heapDumpDir=null, memoryThreshold=95, runOnAllSlaves=true, slaves=null, useSmartClassLoading=true }
 INFO  [pool-1-thread-1] {org.radargun.stages.DestroyWrapperStage} Received destroy cache wrapper request from master...
 INFO  [pool-1-thread-1] {org.radargun.stages.DestroyWrapperStage} No cache wrapper deployed on this slave, nothing to do.
 INFO  [pool-1-thread-1] {org.radargun.stages.DestroyWrapperStage} Before executing clear, memory looks like this: Memory - free: 2,928,638 kb - max:4,906,688 kb- total:2,944,000 kb
[Full GC 15361K->3631K(2944000K), 0.0811550 secs]
 INFO  [pool-1-thread-1] {org.radargun.stages.DestroyWrapperStage} After executing cleanup, memory looks like this: Memory - free: 2,935,311 kb - max:4,906,688 kb- total:2,944,064 kb
 INFO  [pool-1-thread-1] {org.radargun.Slave} Finished stage: DestroyWrapper {enforceMemoryThrashHold=true, exitBenchmarkOnSlaveFailure=false, heapDumpDir=null, memoryThreshold=95, runOnAllSlaves=true, slaves=null, useSmartClassLoading=true }
 INFO  [main] {org.radargun.Slave} Ack successfully sent to the master
 INFO  [pool-1-thread-1] {org.radargun.Slave} Executing stage: StartCluster {config=ispn52-repl-sync-rc.xml, delayAfterFirstSlaveStarts=5.000 secs, delayBetweenStartingSlaves=0.500 secs, exitBenchmarkOnSlaveFailure=true, expectNumSlaves=null, mayFailOn=null, reachable=null, runOnAllSlaves=false, slaves=null, staggerSlaveStartup=true, useSmartClassLoading=true, validateCluster=true }
 INFO  [pool-1-thread-1] {org.radargun.stages.StartClusterStage}  Startup staggering, starting 12 slaves. This is the slave with index 9. Sleeping for 9500 millis.
 INFO  [pool-1-thread-1] {org.radargun.stages.StartClusterStage} Ack master's StartCluster stage. Local address is: /127.0.0.1. This slave's index is: 9
 INFO  [pool-1-thread-1] {org.radargun.utils.ClassLoadHelper} Creating newInstance org.radargun.cachewrappers.FFWrapper with classloader java.net.URLClassLoader@52b2f956
 INFO  [pool-1-thread-1] {org.radargun.cachewrappers.FFWrapper} config=ispn52-repl-sync-rc.xml, isLocal=false, nodeIndex=9, confAttributes={name=ispn52-repl-sync-rc.xml, decorate=infinispan52}
 INFO  [pool-1-thread-1] {org.radargun.cachewrappers.FFWrapper} Found fenix framework config options in 'rg-fenix-framework-config-options.properties'.
 INFO  [pool-1-thread-1] {org.radargun.cachewrappers.FFWrapper} Setting extra config properties for Fenix Framework.
 INFO  [pool-1-thread-1] {org.radargun.cachewrappers.FFWrapper} Will initialize Fenix Framework with RadarGunDataGridConfig
 TRACE [pool-1-thread-1] {pt.ist.fenixframework.FenixFramework} Static initializer block for FenixFramework class [BEGIN]
 INFO  [pool-1-thread-1] {pt.ist.fenixframework.FenixFramework} Trying auto-initialization with configuration by convention
 INFO  [pool-1-thread-1] {pt.ist.fenixframework.FenixFramework} Resource 'fenix-framework.properties' not found
 DEBUG [pool-1-thread-1] {pt.ist.fenixframework.FenixFramework} Fenix Framework properties after reading default config file:{}
 DEBUG [pool-1-thread-1] {pt.ist.fenixframework.FenixFramework} CurrentBackEndName = jvstm-datagrid
 INFO  [pool-1-thread-1] {pt.ist.fenixframework.FenixFramework} Resource 'fenix-framework-jvstm-datagrid.properties' not found
 DEBUG [pool-1-thread-1] {pt.ist.fenixframework.FenixFramework} Fenix Framework properties after reading backend config file:{}
 DEBUG [pool-1-thread-1] {pt.ist.fenixframework.FenixFramework} Fenix Framework properties after enforcing system properties:{}
 INFO  [pool-1-thread-1] {pt.ist.fenixframework.FenixFramework} Skipping configuration by convention.
 TRACE [pool-1-thread-1] {pt.ist.fenixframework.FenixFramework} Static initializer block for FenixFramework class [END]
 INFO  [pool-1-thread-1] {pt.ist.fenixframework.FenixFramework} Initializing Fenix Framework with config.class=pt.ist.fenixframework.backend.jvstm.datagrid.radargun.RadarGunDataGridConfig
 INFO  [pool-1-thread-1] {pt.ist.fenixframework.backend.jvstm.cluster.JvstmClusterBackEnd} initializeGroupCommunication()
 INFO  [pool-1-thread-1] {com.hazelcast.config.ClasspathXmlConfig} Configuring Hazelcast from 'hazelcast-ff.xml'.
 INFO  [pool-1-thread-1] {com.hazelcast.instance.DefaultAddressPicker} Interfaces is disabled, trying to pick one address from TCP-IP config addresses: [127.0.0.1]
 INFO  [pool-1-thread-1] {com.hazelcast.instance.DefaultAddressPicker} Picked Address[127.0.0.1]:5710, using socket ServerSocket[addr=/0.0.0.0,localport=5710], bind any local is true
 INFO  [pool-1-thread-1] {com.hazelcast.system} [127.0.0.1]:5710 [FenixFrameworkGroup] Hazelcast Community Edition 3.0-RC1 (20130627) starting at Address[127.0.0.1]:5710
 INFO  [pool-1-thread-1] {com.hazelcast.system} [127.0.0.1]:5710 [FenixFrameworkGroup] Copyright (C) 2008-2013 Hazelcast.com
 INFO  [pool-1-thread-1] {com.hazelcast.core.LifecycleService} [127.0.0.1]:5710 [FenixFrameworkGroup] Address[127.0.0.1]:5710 is STARTING
 INFO  [pool-1-thread-1] {com.hazelcast.cluster.TcpIpJoiner} [127.0.0.1]:5710 [FenixFrameworkGroup] Connecting to possible member: Address[127.0.0.1]:5703
 INFO  [pool-1-thread-1] {com.hazelcast.cluster.TcpIpJoiner} [127.0.0.1]:5710 [FenixFrameworkGroup] Connecting to possible member: Address[127.0.0.1]:5702
 INFO  [pool-1-thread-1] {com.hazelcast.cluster.TcpIpJoiner} [127.0.0.1]:5710 [FenixFrameworkGroup] Connecting to possible member: Address[127.0.0.1]:5701
 INFO  [hz._hzInstance_1_FenixFrameworkGroup.cached.thread-1] {com.hazelcast.nio.SocketConnector} [127.0.0.1]:5710 [FenixFrameworkGroup] Connecting to /127.0.0.1:5701, timeout: 0, bind-any: true
 INFO  [hz._hzInstance_1_FenixFrameworkGroup.cached.thread-2] {com.hazelcast.nio.SocketConnector} [127.0.0.1]:5710 [FenixFrameworkGroup] Connecting to /127.0.0.1:5702, timeout: 0, bind-any: true
 INFO  [hz._hzInstance_1_FenixFrameworkGroup.cached.thread-3] {com.hazelcast.nio.SocketConnector} [127.0.0.1]:5710 [FenixFrameworkGroup] Connecting to /127.0.0.1:5703, timeout: 0, bind-any: true
 INFO  [hz._hzInstance_1_FenixFrameworkGroup.cached.thread-3] {com.hazelcast.nio.TcpIpConnectionManager} [127.0.0.1]:5710 [FenixFrameworkGroup] 34561 accepted socket connection from /127.0.0.1:5703
 INFO  [hz._hzInstance_1_FenixFrameworkGroup.cached.thread-1] {com.hazelcast.nio.TcpIpConnectionManager} [127.0.0.1]:5710 [FenixFrameworkGroup] 33224 accepted socket connection from /127.0.0.1:5701
 INFO  [hz._hzInstance_1_FenixFrameworkGroup.cached.thread-2] {com.hazelcast.nio.TcpIpConnectionManager} [127.0.0.1]:5710 [FenixFrameworkGroup] 52818 accepted socket connection from /127.0.0.1:5702
 INFO  [hz._hzInstance_1_FenixFrameworkGroup.cached.thread-1] {com.hazelcast.cluster.ClusterService} [127.0.0.1]:5710 [FenixFrameworkGroup] 

Members [12] {
	Member [127.0.0.1]:5701
	Member [127.0.0.1]:5702
	Member [127.0.0.1]:5704
	Member [127.0.0.1]:5705
	Member [127.0.0.1]:5706
	Member [127.0.0.1]:5703
	Member [127.0.0.1]:5707
	Member [127.0.0.1]:5708
	Member [127.0.0.1]:5709
	Member [127.0.0.1]:5710 this
	Member [127.0.0.1]:5711
	Member [127.0.0.1]:5712
}

 INFO  [hz._hzInstance_1_FenixFrameworkGroup.cached.thread-6] {com.hazelcast.nio.SocketConnector} [127.0.0.1]:5710 [FenixFrameworkGroup] Connecting to /127.0.0.1:5704, timeout: 0, bind-any: true
 INFO  [hz._hzInstance_1_FenixFrameworkGroup.cached.thread-6] {com.hazelcast.nio.TcpIpConnectionManager} [127.0.0.1]:5710 [FenixFrameworkGroup] 51661 accepted socket connection from /127.0.0.1:5704
 INFO  [hz._hzInstance_1_FenixFrameworkGroup.cached.thread-6] {com.hazelcast.nio.SocketAcceptor} [127.0.0.1]:5710 [FenixFrameworkGroup] 5710 is accepting socket connection from /127.0.0.1:55921
 INFO  [hz._hzInstance_1_FenixFrameworkGroup.cached.thread-5] {com.hazelcast.nio.SocketAcceptor} [127.0.0.1]:5710 [FenixFrameworkGroup] 5710 is accepting socket connection from /127.0.0.1:46299
 INFO  [hz._hzInstance_1_FenixFrameworkGroup.cached.thread-6] {com.hazelcast.nio.TcpIpConnectionManager} [127.0.0.1]:5710 [FenixFrameworkGroup] 5710 accepted socket connection from /127.0.0.1:55921
 INFO  [hz._hzInstance_1_FenixFrameworkGroup.cached.thread-5] {com.hazelcast.nio.TcpIpConnectionManager} [127.0.0.1]:5710 [FenixFrameworkGroup] 5710 accepted socket connection from /127.0.0.1:46299
 INFO  [hz._hzInstance_1_FenixFrameworkGroup.cached.thread-5] {com.hazelcast.nio.SocketAcceptor} [127.0.0.1]:5710 [FenixFrameworkGroup] 5710 is accepting socket connection from /127.0.0.1:45265
 INFO  [hz._hzInstance_1_FenixFrameworkGroup.cached.thread-6] {com.hazelcast.nio.SocketConnector} [127.0.0.1]:5710 [FenixFrameworkGroup] Connecting to /127.0.0.1:5705, timeout: 0, bind-any: true
 INFO  [hz._hzInstance_1_FenixFrameworkGroup.cached.thread-5] {com.hazelcast.nio.TcpIpConnectionManager} [127.0.0.1]:5710 [FenixFrameworkGroup] 5710 accepted socket connection from /127.0.0.1:45265
 INFO  [hz._hzInstance_1_FenixFrameworkGroup.cached.thread-2] {com.hazelcast.nio.SocketConnector} [127.0.0.1]:5710 [FenixFrameworkGroup] Connecting to /127.0.0.1:5706, timeout: 0, bind-any: true
 INFO  [hz._hzInstance_1_FenixFrameworkGroup.cached.thread-6] {com.hazelcast.nio.TcpIpConnectionManager} [127.0.0.1]:5710 [FenixFrameworkGroup] 51107 accepted socket connection from /127.0.0.1:5705
 INFO  [hz._hzInstance_1_FenixFrameworkGroup.cached.thread-2] {com.hazelcast.nio.TcpIpConnectionManager} [127.0.0.1]:5710 [FenixFrameworkGroup] 54075 accepted socket connection from /127.0.0.1:5706
 INFO  [hz._hzInstance_1_FenixFrameworkGroup.cached.thread-5] {com.hazelcast.nio.SocketAcceptor} [127.0.0.1]:5710 [FenixFrameworkGroup] 5710 is accepting socket connection from /127.0.0.1:33272
 INFO  [hz._hzInstance_1_FenixFrameworkGroup.cached.thread-8] {com.hazelcast.nio.SocketAcceptor} [127.0.0.1]:5710 [FenixFrameworkGroup] 5710 is accepting socket connection from /127.0.0.1:49046
 INFO  [hz._hzInstance_1_FenixFrameworkGroup.cached.thread-5] {com.hazelcast.nio.TcpIpConnectionManager} [127.0.0.1]:5710 [FenixFrameworkGroup] 5710 accepted socket connection from /127.0.0.1:33272
 INFO  [hz._hzInstance_1_FenixFrameworkGroup.cached.thread-4] {com.hazelcast.nio.SocketConnector} [127.0.0.1]:5710 [FenixFrameworkGroup] Connecting to /127.0.0.1:5707, timeout: 0, bind-any: true
 INFO  [hz._hzInstance_1_FenixFrameworkGroup.cached.thread-8] {com.hazelcast.nio.TcpIpConnectionManager} [127.0.0.1]:5710 [FenixFrameworkGroup] 5710 accepted socket connection from /127.0.0.1:49046
 INFO  [hz._hzInstance_1_FenixFrameworkGroup.cached.thread-7] {com.hazelcast.nio.SocketConnector} [127.0.0.1]:5710 [FenixFrameworkGroup] Connecting to /127.0.0.1:5708, timeout: 0, bind-any: true
 INFO  [hz._hzInstance_1_FenixFrameworkGroup.cached.thread-4] {com.hazelcast.nio.TcpIpConnectionManager} [127.0.0.1]:5710 [FenixFrameworkGroup] 48119 accepted socket connection from /127.0.0.1:5707
 INFO  [hz._hzInstance_1_FenixFrameworkGroup.cached.thread-7] {com.hazelcast.nio.TcpIpConnectionManager} [127.0.0.1]:5710 [FenixFrameworkGroup] 38264 accepted socket connection from /127.0.0.1:5708
 INFO  [hz._hzInstance_1_FenixFrameworkGroup.cached.thread-9] {com.hazelcast.nio.SocketAcceptor} [127.0.0.1]:5710 [FenixFrameworkGroup] 5710 is accepting socket connection from /127.0.0.1:34539
 INFO  [hz._hzInstance_1_FenixFrameworkGroup.cached.thread-5] {com.hazelcast.nio.SocketConnector} [127.0.0.1]:5710 [FenixFrameworkGroup] Connecting to /127.0.0.1:5709, timeout: 0, bind-any: true
 INFO  [hz._hzInstance_1_FenixFrameworkGroup.cached.thread-9] {com.hazelcast.nio.TcpIpConnectionManager} [127.0.0.1]:5710 [FenixFrameworkGroup] 5710 accepted socket connection from /127.0.0.1:34539
 INFO  [hz._hzInstance_1_FenixFrameworkGroup.cached.thread-5] {com.hazelcast.nio.TcpIpConnectionManager} [127.0.0.1]:5710 [FenixFrameworkGroup] 33833 accepted socket connection from /127.0.0.1:5709
 INFO  [hz._hzInstance_1_FenixFrameworkGroup.cached.thread-7] {com.hazelcast.nio.SocketAcceptor} [127.0.0.1]:5710 [FenixFrameworkGroup] 5710 is accepting socket connection from /127.0.0.1:44966
 INFO  [hz._hzInstance_1_FenixFrameworkGroup.cached.thread-4] {com.hazelcast.nio.SocketConnector} [127.0.0.1]:5710 [FenixFrameworkGroup] Connecting to /127.0.0.1:5711, timeout: 0, bind-any: true
 INFO  [hz._hzInstance_1_FenixFrameworkGroup.cached.thread-7] {com.hazelcast.nio.TcpIpConnectionManager} [127.0.0.1]:5710 [FenixFrameworkGroup] 5710 accepted socket connection from /127.0.0.1:44966
 INFO  [hz._hzInstance_1_FenixFrameworkGroup.cached.thread-4] {com.hazelcast.nio.TcpIpConnectionManager} [127.0.0.1]:5710 [FenixFrameworkGroup] 34605 accepted socket connection from /127.0.0.1:5711
 INFO  [hz._hzInstance_1_FenixFrameworkGroup.cached.thread-13] {com.hazelcast.nio.SocketAcceptor} [127.0.0.1]:5710 [FenixFrameworkGroup] 5710 is accepting socket connection from /127.0.0.1:41057
 INFO  [hz._hzInstance_1_FenixFrameworkGroup.cached.thread-13] {com.hazelcast.nio.TcpIpConnectionManager} [127.0.0.1]:5710 [FenixFrameworkGroup] 5710 accepted socket connection from /127.0.0.1:41057
 INFO  [pool-1-thread-1] {com.hazelcast.core.LifecycleService} [127.0.0.1]:5710 [FenixFrameworkGroup] Address[127.0.0.1]:5710 is STARTED
 INFO  [pool-1-thread-1] {pt.ist.fenixframework.backend.jvstm.cluster.ClusterUtils} Got (long) serverId: 8
 INFO  [pool-1-thread-1] {pt.ist.fenixframework.backend.jvstm.cluster.JvstmClusterBackEnd} This is NOT the first node.
 INFO  [pool-1-thread-1] {pt.ist.fenixframework.backend.jvstm.cluster.ClusterUtils} Waiting for startup from first node
 INFO  [pool-1-thread-1] {pt.ist.fenixframework.backend.jvstm.JVSTMBackEnd} initializeRepository()
 INFO  [pool-1-thread-1] {pt.ist.fenixframework.backend.jvstm.datagrid.radargun.DataGridDecorator} config=ispn52-repl-sync-rc.xml, isLocal=false, nodeIndex=9, confAttributes={name=ispn52-repl-sync-rc.xml}
 INFO  [pool-1-thread-1] {org.radargun.cachewrappers.InfinispanXSWrapper} Cannot find any site for slave index 9
[GC 259695K->12915K(2944064K), 0.0412330 secs]
 INFO  [pool-1-thread-1] {org.infinispan.remoting.transport.jgroups.JGroupsTransport} ISPN000078: Starting JGroups Channel
 WARN  [pool-1-thread-1] {org.jgroups.protocols.UDP} [JGRP00014] the send buffer of socket DatagramSocket was set to 640KB, but the OS only allocated 229.38KB. This might lead to performance problems. Please set your max send buffer in the OS correctly (e.g. net.core.wmem_max on Linux)
 WARN  [pool-1-thread-1] {org.jgroups.protocols.UDP} [JGRP00014] the receive buffer of socket DatagramSocket was set to 20MB, but the OS only allocated 229.38KB. This might lead to performance problems. Please set your max receive buffer in the OS correctly (e.g. net.core.rmem_max on Linux)
 WARN  [pool-1-thread-1] {org.jgroups.protocols.UDP} [JGRP00014] the send buffer of socket MulticastSocket was set to 640KB, but the OS only allocated 229.38KB. This might lead to performance problems. Please set your max send buffer in the OS correctly (e.g. net.core.wmem_max on Linux)
 WARN  [pool-1-thread-1] {org.jgroups.protocols.UDP} [JGRP00014] the receive buffer of socket MulticastSocket was set to 25MB, but the OS only allocated 229.38KB. This might lead to performance problems. Please set your max receive buffer in the OS correctly (e.g. net.core.rmem_max on Linux)
 INFO  [pool-1-thread-1] {org.infinispan.remoting.transport.jgroups.JGroupsTransport} ISPN000094: Received new cluster view: [deimos-esw-1852|5] [deimos-esw-1852, deimos-esw-43043, deimos-esw-64881, deimos-esw-44454, deimos-esw-42077, deimos-esw-40246, deimos-esw-53272, deimos-esw-29961, deimos-esw-58207]
 INFO  [pool-1-thread-1] {org.infinispan.remoting.transport.jgroups.JGroupsTransport} ISPN000079: Cache local address is deimos-esw-58207, physical addresses are [127.0.0.1:52008]
 INFO  [pool-1-thread-1] {org.infinispan.factories.GlobalComponentRegistry} ISPN000128: Infinispan version: Infinispan 'Delirium' 5.2.6.Final
 INFO  [Incoming-4,deimos-esw-58207] {org.infinispan.remoting.transport.jgroups.JGroupsTransport} ISPN000094: Received new cluster view: [deimos-esw-1852|6] [deimos-esw-1852, deimos-esw-43043, deimos-esw-64881, deimos-esw-44454, deimos-esw-42077, deimos-esw-40246, deimos-esw-53272, deimos-esw-29961, deimos-esw-58207, deimos-esw-12403]
 INFO  [pool-1-thread-1] {org.infinispan.transaction.lookup.JBossStandaloneJTAManagerLookup} ISPN000107: Retrieving transaction manager Transaction: unknown
 INFO  [Incoming-4,deimos-esw-58207] {org.infinispan.remoting.transport.jgroups.JGroupsTransport} ISPN000094: Received new cluster view: [deimos-esw-1852|7] [deimos-esw-1852, deimos-esw-43043, deimos-esw-64881, deimos-esw-44454, deimos-esw-42077, deimos-esw-40246, deimos-esw-53272, deimos-esw-29961, deimos-esw-58207, deimos-esw-12403, deimos-esw-20931, deimos-esw-27783]
 INFO  [pool-1-thread-1] {org.infinispan.jmx.CacheJmxRegistration} ISPN000031: MBeans were successfully registered to the platform MBean server.
 INFO  [pool-1-thread-1] {org.radargun.cachewrappers.InfinispanXSWrapper} Using transaction manager: Transaction: unknown
 INFO  [pool-1-thread-1] {org.radargun.cachewrappers.InfinispanXSWrapper} No RELAY2 protocol in XS wrapper
 INFO  [pool-1-thread-1] {org.radargun.cachewrappers.InfinispanXSWrapper} JGroups version: JGroups 3.2.7.Final
 INFO  [pool-1-thread-1] {org.radargun.cachewrappers.InfinispanXSWrapper} Using config attributes: {name=ispn52-repl-sync-rc.xml}
 INFO  [pool-1-thread-1] {pt.ist.fenixframework.backend.jvstm.datagrid.DataGridRepository} Initialization marker is present. Data Grid already existed.
 INFO  [pool-1-thread-1] {pt.ist.fenixframework.backend.jvstm.JVSTMBackEnd} initializeDomainClassInfos
 INFO  [pool-1-thread-1] {pt.ist.fenixframework.backend.jvstm.pstm.DomainClassInfo} serverId: 8, serverOidBase: 8000000000000
 INFO  [pool-1-thread-1] {pt.ist.fenixframework.backend.jvstm.pstm.DomainClassInfo} Existing domain class 'pt.ist.fenixframework.adt.bplustree.BPlusTree' with id '7'
 INFO  [pool-1-thread-1] {pt.ist.fenixframework.backend.jvstm.pstm.DomainClassInfo} Existing domain class 'pt.ist.fenixframework.adt.bplustree.LeafNode' with id '4'
 INFO  [pool-1-thread-1] {pt.ist.fenixframework.backend.jvstm.pstm.DomainClassInfo} Existing domain class 'pt.ist.fenixframework.adt.bplustree.BPlusTreeArray' with id '2'
 INFO  [pool-1-thread-1] {pt.ist.fenixframework.backend.jvstm.pstm.DomainClassInfo} Existing domain class 'pt.ist.fenixframework.adt.bplustree.DomainInnerNode' with id '3'
 INFO  [pool-1-thread-1] {pt.ist.fenixframework.backend.jvstm.pstm.DomainClassInfo} Existing domain class 'pt.ist.fenixframework.adt.bplustree.AbstractNodeArray' with id 'a'
 INFO  [pool-1-thread-1] {pt.ist.fenixframework.backend.jvstm.pstm.DomainClassInfo} Existing domain class 'pt.ist.fenixframework.adt.bplustree.InnerNode' with id '8'
 INFO  [pool-1-thread-1] {pt.ist.fenixframework.backend.jvstm.pstm.DomainClassInfo} Existing domain class 'pt.ist.fenixframework.adt.bplustree.LeafNodeArray' with id 'c'
 INFO  [pool-1-thread-1] {pt.ist.fenixframework.backend.jvstm.pstm.DomainClassInfo} Existing domain class 'pt.ist.fenixframework.adt.linkedlist.LinkedList' with id '9'
 INFO  [pool-1-thread-1] {pt.ist.fenixframework.backend.jvstm.pstm.DomainClassInfo} Existing domain class 'pt.ist.fenixframework.DomainRoot' with id '0'
 INFO  [pool-1-thread-1] {pt.ist.fenixframework.backend.jvstm.pstm.DomainClassInfo} Existing domain class 'pt.ist.fenixframework.adt.bplustree.AbstractNode' with id 'f'
 INFO  [pool-1-thread-1] {pt.ist.fenixframework.backend.jvstm.pstm.DomainClassInfo} Existing domain class 'pt.ist.fenixframework.adt.linkedlist.ListNode' with id '6'
 INFO  [pool-1-thread-1] {pt.ist.fenixframework.backend.jvstm.pstm.DomainClassInfo} Existing domain class 'pt.ist.fenixframework.backend.jvstm.pstm.FenixFrameworkData' with id 'd'
 INFO  [pool-1-thread-1] {pt.ist.fenixframework.backend.jvstm.pstm.DomainClassInfo} Existing domain class 'pt.ist.fenixframework.adt.bplustree.DomainLeafNode' with id '1'
 INFO  [pool-1-thread-1] {pt.ist.fenixframework.backend.jvstm.pstm.DomainClassInfo} Existing domain class 'pt.ist.fenixframework.backend.jvstm.pstm.TransactionStatisticsEntry' with id '5'
 INFO  [pool-1-thread-1] {pt.ist.fenixframework.backend.jvstm.pstm.DomainClassInfo} Existing domain class 'pt.ist.fenixframework.adt.bplustree.InnerNodeArray' with id 'b'
 INFO  [pool-1-thread-1] {pt.ist.fenixframework.backend.jvstm.pstm.DomainClassInfo} Existing domain class 'pt.ist.fenixframework.adt.bplustree.DomainBPlusTree' with id 'e'
 INFO  [pool-1-thread-1] {pt.ist.fenixframework.backend.jvstm.JVSTMBackEnd} setupJVSTM
 INFO  [pool-1-thread-1] {pt.ist.fenixframework.backend.jvstm.JVSTMBackEnd} Setting the last committed TX number to 2
 INFO  [pool-1-thread-1] {pt.ist.fenixframework.backend.jvstm.JVSTMBackEnd} createDomainRootIfNeeded
 INFO  [pool-1-thread-1] {pt.ist.fenixframework.backend.jvstm.JVSTMBackEnd} ensureFenixFrameworkDataExists
 INFO  [pool-1-thread-1] {pt.ist.fenixframework.hibernatesearch.HibernateSearchConfig} Resource 'fenix-framework-hibernate-search.properties' not found. Hibernate Search disabled
 INFO  [pool-1-thread-1] {pt.ist.fenixframework.FenixFramework} Initialization of Fenix Framework is now complete.
 INFO  [pool-1-thread-1] {org.radargun.cachewrappers.FFWrapper} FF STARTED=true
 INFO  [pool-1-thread-1] {org.radargun.stages.helpers.StartHelper} Number of members is the one expected: 12
 INFO  [pool-1-thread-1] {org.radargun.stages.StartClusterStage} Successfully started cache wrapper on slave 9: org.radargun.cachewrappers.FFWrapper@787935a1
 INFO  [pool-1-thread-1] {org.radargun.Slave} Finished stage: StartCluster {config=ispn52-repl-sync-rc.xml, delayAfterFirstSlaveStarts=5.000 secs, delayBetweenStartingSlaves=0.500 secs, exitBenchmarkOnSlaveFailure=true, expectNumSlaves=null, mayFailOn=null, reachable=null, runOnAllSlaves=false, slaves=null, staggerSlaveStartup=true, useSmartClassLoading=true, validateCluster=true }
 INFO  [main] {org.radargun.Slave} Ack successfully sent to the master
 INFO  [pool-1-thread-1] {org.radargun.Slave} Executing stage: ClusterValidation {exitBenchmarkOnSlaveFailure=false, partialReplication=false, replicationTimeSleep=2000, replicationTryCount=60, runOnAllSlaves=false, slaves=null, useSmartClassLoading=true }
 INFO  [pool-1-thread-1] {org.radargun.stages.ClusterValidationStage} Number of caches that replicated here is 2
 INFO  [pool-1-thread-1] {org.radargun.stages.ClusterValidationStage} Replication test failed, 1 tries so far. Sleeping for 2 seconds and trying again.
 INFO  [pool-1-thread-1] {org.radargun.stages.ClusterValidationStage} Number of caches that replicated here is 11
 INFO  [pool-1-thread-1] {org.radargun.stages.ClusterValidationStage} Replication test successfully passed. partialReplication? false, replicationCount = 11
 INFO  [pool-1-thread-1] {org.radargun.stages.ClusterValidationStage} Confirm phase successful.
 INFO  [pool-1-thread-1] {org.radargun.Slave} Finished stage: ClusterValidation {exitBenchmarkOnSlaveFailure=false, partialReplication=false, replicationTimeSleep=2000, replicationTryCount=60, runOnAllSlaves=false, slaves=[ 0, 1, 2, 3, 4, 5, 6, 7, 8, 9, 10, 11 ], useSmartClassLoading=true }
 INFO  [main] {org.radargun.Slave} Ack successfully sent to the master
 INFO  [pool-1-thread-1] {org.radargun.Slave} Executing stage: StressTestWarmup {bulkSize=1, cacheSpecificKeyGenerator=false, commitTransactions=true, duration=1 mins 0 secs, entrySize=1000, exitBenchmarkOnSlaveFailure=false, fixedKeys=true, generateHistogramRange=false, keyGeneratorClass=org.radargun.stressors.StringKeyGenerator, keyGeneratorParam=null, loadAllKeys=false, numEntries=100, numOfThreads=4, numRequests=10000, numThreads=4, numberOfAttributes=100, numberOfRequests=10000, opsCountStatusLog=100000, poolKeys=true, preferAsyncOperations=false, removePercentage=0, replaceInvalidPercentage=40, runOnAllSlaves=false, sharedKeys=false, sizeOfAnAttribute=1000, slaves=null, transactionSize=50, useAtomics=false, useHistogramStatistics=false, useSimpleStatistics=true, useSmartClassLoading=true, useTransactions=null, writePercentage=20, writeTxPercentage=20 }
 INFO  [pool-1-thread-1] {org.radargun.stages.StressTestWarmupStage} Starting StressTestWarmupStage: StressTestWarmup {bulkSize=1, cacheSpecificKeyGenerator=false, commitTransactions=true, duration=1 mins 0 secs, entrySize=1000, exitBenchmarkOnSlaveFailure=false, fixedKeys=true, generateHistogramRange=false, keyGeneratorClass=org.radargun.stressors.StringKeyGenerator, keyGeneratorParam=null, loadAllKeys=false, numEntries=100, numOfThreads=4, numRequests=10000, numThreads=4, numberOfAttributes=100, numberOfRequests=10000, opsCountStatusLog=100000, poolKeys=true, preferAsyncOperations=false, removePercentage=0, replaceInvalidPercentage=40, runOnAllSlaves=false, sharedKeys=false, sizeOfAnAttribute=1000, slaves=null, transactionSize=50, useAtomics=false, useHistogramStatistics=false, useSimpleStatistics=true, useSmartClassLoading=true, useTransactions=null, writePercentage=20, writeTxPercentage=20 }
 INFO  [pool-1-thread-1] {org.radargun.stressors.StressTestStressor} Using key generator org.radargun.stressors.StringKeyGenerator, param null
 INFO  [pool-1-thread-1] {org.radargun.stressors.StressTestStressor} Executing: StressTestStressor{opsCountStatusLog=100000, numRequests=10000, numEntries=100, entrySize=1000, writePercentage=20, numThreads=4, cacheWrapper=org.radargun.cachewrappers.FFWrapper@787935a1, nodeIndex=9, useTransactions=true, transactionSize=50, commitTransactions=true, durationMillis=60000}
 INFO  [pool-1-thread-1] {org.radargun.stressors.StressTestStressor} Cache wrapper info is: FFWrapper using infinispan52
[GC 268979K->21185K(2944064K), 0.0505770 secs]
[GC 277249K->18639K(2944064K), 0.0380680 secs]
[GC 274703K->20294K(2944064K), 0.0369470 secs]
 INFO  [pool-1-thread-1] {org.radargun.stressors.StressTestStressor} Started 4 stressor threads.
 INFO  [Stressor-0] {org.radargun.stressors.StressTestStressor} Number of ops executed so far: 1. Elapsed time: 0.001 secs. Remaining: 59.999 secs. Total: 1 mins 0 secs
[GC 276358K->22430K(2944064K), 0.0390110 secs]
[GC 278494K->25954K(2944064K), 0.0379420 secs]
[GC 282018K->27072K(2944064K), 0.0409220 secs]
[GC 283136K->41958K(2944064K), 0.0454890 secs]
[GC 298022K->44651K(2944064K), 0.0426040 secs]
 INFO  [Stressor-3] {org.radargun.stressors.StressTestStressor} Number of ops executed so far: 19600. Elapsed time: 20.047 secs. Remaining: 39.953 secs. Total: 1 mins 0 secs
[GC 300715K->59081K(2944064K), 0.0450570 secs]
[GC 315145K->60431K(2944064K), 0.0465070 secs]
[GC 316495K->60325K(2944064K), 0.0500630 secs]
[GC 316382K->57659K(2944064K), 0.0493890 secs]
[GC 313723K->72599K(2944064K), 0.0489500 secs]
 INFO  [Stressor-0] {org.radargun.stressors.StressTestStressor} Number of ops executed so far: 46500. Elapsed time: 40.066 secs. Remaining: 19.934 secs. Total: 1 mins 0 secs
[GC 328663K->70815K(2944064K), 0.0496640 secs]
[GC 326879K->85155K(2944064K), 0.0671240 secs]
[GC 341219K->81699K(2944064K), 0.0586610 secs]
[GC 337763K->71954K(2944064K), 0.0500320 secs]
[GC 328018K->84242K(2944064K), 0.0473650 secs]
[GC 340306K->88118K(2944064K), 0.0486570 secs]
 INFO  [pool-1-thread-1] {org.radargun.stressors.StressTestStressor} Finished generating report. Test duration is: 1 mins 17 secs
 INFO  [pool-1-thread-1] {org.radargun.stages.StressTestWarmupStage} The warmup took: 77 seconds.
 INFO  [pool-1-thread-1] {org.radargun.Slave} Finished stage: StressTestWarmup {bulkSize=1, cacheSpecificKeyGenerator=false, commitTransactions=true, duration=1 mins 0 secs, entrySize=1000, exitBenchmarkOnSlaveFailure=false, fixedKeys=true, generateHistogramRange=false, keyGeneratorClass=org.radargun.stressors.StringKeyGenerator, keyGeneratorParam=null, loadAllKeys=false, numEntries=100, numOfThreads=4, numRequests=10000, numThreads=4, numberOfAttributes=100, numberOfRequests=10000, opsCountStatusLog=100000, poolKeys=true, preferAsyncOperations=false, removePercentage=0, replaceInvalidPercentage=40, runOnAllSlaves=false, sharedKeys=false, sizeOfAnAttribute=1000, slaves=null, transactionSize=50, useAtomics=false, useHistogramStatistics=false, useSimpleStatistics=true, useSmartClassLoading=true, useTransactions=null, writePercentage=20, writeTxPercentage=20 }
 INFO  [main] {org.radargun.Slave} Ack successfully sent to the master
[GC 344182K->77285K(2944064K), 0.0484650 secs]
[GC 333349K->80092K(2944064K), 0.0482400 secs]
[GC 336156K->81362K(2944064K), 0.0482240 secs]
[GC 337426K->82238K(2944064K), 0.0477390 secs]
[GC 338302K->83274K(2944064K), 0.0442740 secs]
[GC 339331K->77457K(2944064K), 0.0496260 secs]
[GC 333521K->78750K(2944064K), 0.0466610 secs]
[GC 334814K->85821K(2944064K), 0.0464780 secs]
[GC 341885K->89028K(2944064K), 0.0479710 secs]
[GC 345092K->93567K(2944064K), 0.0488020 secs]
[GC 349631K->98149K(2944064K), 0.0466950 secs]
[GC 354213K->102482K(2944064K), 0.0565910 secs]
[GC 358546K->107637K(2944064K), 0.0498790 secs]
[GC 363701K->101768K(2944064K), 0.0524900 secs]
[GC 357832K->118330K(2944064K), 0.0514140 secs]
[GC 374394K->132628K(2944064K), 0.0545330 secs]
[GC 388692K->154213K(2944064K), 0.0580660 secs]
 INFO  [pool-1-thread-1] {org.radargun.Slave} Executing stage: ClearClusterStage {ClearCluster {exitBenchmarkOnSlaveFailure=false, runOnAllSlaves=false, slaves=[ 0 ], useSmartClassLoading=true }
 INFO  [pool-1-thread-1] {org.radargun.stages.ClearClusterStage} Before executing clear, memory looks like this: Memory - free: 2,547,032 kb - max:4,906,688 kb- total:2,944,064 kb
[Full GC 397031K->132993K(2944064K), 0.6355090 secs]
 INFO  [pool-1-thread-1] {org.radargun.stages.ClearClusterStage} After executing cleanup, memory looks like this: Memory - free: 2,810,052 kb - max:4,906,688 kb- total:2,944,192 kb
 INFO  [pool-1-thread-1] {org.radargun.Slave} Finished stage: ClearClusterStage {ClearCluster {exitBenchmarkOnSlaveFailure=false, runOnAllSlaves=false, slaves=[ 0 ], useSmartClassLoading=true }
 INFO  [main] {org.radargun.Slave} Ack successfully sent to the master
 INFO  [pool-1-thread-1] {org.radargun.Slave} Executing stage: StressTest {bulkSize=1, cacheSpecificKeyGenerator=false, commitTransactions=true, duration=1 mins 0 secs, entrySize=1000, exitBenchmarkOnSlaveFailure=false, fixedKeys=true, generateHistogramRange=false, keyGeneratorClass=org.radargun.stressors.StringKeyGenerator, keyGeneratorParam=null, loadAllKeys=false, numEntries=10000, numOfThreads=4, numRequests=10000000, numThreads=4, numberOfAttributes=10000, numberOfRequests=10000000, opsCountStatusLog=500000, poolKeys=true, preferAsyncOperations=false, removePercentage=0, replaceInvalidPercentage=40, runOnAllSlaves=false, sharedKeys=false, sizeOfAnAttribute=1000, slaves=null, transactionSize=10000, useAtomics=false, useHistogramStatistics=false, useSimpleStatistics=true, useSmartClassLoading=true, useTransactions=true, writePercentage=10, writeTxPercentage=50 }
 INFO  [pool-1-thread-1] {org.radargun.stages.StressTestStage} Starting StressTestStage: StressTest {bulkSize=1, cacheSpecificKeyGenerator=false, commitTransactions=true, duration=1 mins 0 secs, entrySize=1000, exitBenchmarkOnSlaveFailure=false, fixedKeys=true, generateHistogramRange=false, keyGeneratorClass=org.radargun.stressors.StringKeyGenerator, keyGeneratorParam=null, loadAllKeys=false, numEntries=10000, numOfThreads=4, numRequests=10000000, numThreads=4, numberOfAttributes=10000, numberOfRequests=10000000, opsCountStatusLog=500000, poolKeys=true, preferAsyncOperations=false, removePercentage=0, replaceInvalidPercentage=40, runOnAllSlaves=false, sharedKeys=false, sizeOfAnAttribute=1000, slaves=null, transactionSize=10000, useAtomics=false, useHistogramStatistics=false, useSimpleStatistics=true, useSmartClassLoading=true, useTransactions=true, writePercentage=10, writeTxPercentage=50 }
 INFO  [pool-1-thread-1] {org.radargun.stressors.StressTestStressor} Using key generator org.radargun.stressors.StringKeyGenerator, param null
 INFO  [pool-1-thread-1] {org.radargun.stressors.StressTestStressor} Executing: StressTestStressor{opsCountStatusLog=500000, numRequests=10000000, numEntries=10000, entrySize=1000, writePercentage=10, numThreads=4, cacheWrapper=org.radargun.cachewrappers.FFWrapper@787935a1, nodeIndex=9, useTransactions=true, transactionSize=10000, commitTransactions=true, durationMillis=60000}
 INFO  [pool-1-thread-1] {org.radargun.stressors.StressTestStressor} Cache wrapper info is: FFWrapper using infinispan52
[GC 389121K->196095K(2944192K), 0.0336610 secs]
[GC 452223K->149269K(2944192K), 0.0280190 secs]
[GC 405397K->142005K(2944192K), 0.0304690 secs]
[GC 398133K->144976K(2944192K), 0.0304170 secs]
[GC 401104K->146197K(2944192K), 0.0304490 secs]
[GC 402325K->146796K(2944192K), 0.0331140 secs]
[GC 402924K->149256K(2944192K), 0.0307590 secs]
[GC 405384K->154827K(2944192K), 0.0314400 secs]
[GC 410955K->157733K(2944192K), 0.0353980 secs]
[GC 413861K->160545K(2944192K), 0.0375260 secs]
[GC 416673K->163755K(2944192K), 0.0351960 secs]
[GC 419883K->167481K(2944192K), 0.0358730 secs]
[GC 423609K->165419K(2944192K), 0.0415200 secs]
[GC 421547K->174212K(2944192K), 0.0369100 secs]
[GC 430340K->171286K(2944192K), 0.0455540 secs]
[GC 427414K->177377K(2944192K), 0.0475890 secs]
[GC 433505K->179415K(2944192K), 0.0424700 secs]
[GC 435543K->174712K(2944192K), 0.0451890 secs]
[GC 430840K->183924K(2944192K), 0.0429610 secs]
[GC 440052K->186125K(2944192K), 0.0444910 secs]
[GC 442253K->195523K(2944192K), 0.0433860 secs]
[GC 451651K->178435K(2944192K), 0.0441040 secs]
[GC 434563K->188197K(2944192K), 0.0508430 secs]
[GC 444325K->190903K(2944192K), 0.0445050 secs]
[GC 447031K->193433K(2944192K), 0.0444960 secs]
[GC 449561K->196255K(2944192K), 0.0459000 secs]
[GC 452383K->199463K(2944192K), 0.0434410 secs]
[GC 455591K->202154K(2944192K), 0.0495500 secs]
[GC 458282K->204679K(2944192K), 0.0477930 secs]
[GC 460807K->206838K(2944192K), 0.0490850 secs]
[GC 462966K->208954K(2944192K), 0.0433980 secs]
[GC 465082K->211199K(2944192K), 0.0454900 secs]
[GC 467327K->213211K(2944192K), 0.0489260 secs]
[GC 469339K->215635K(2944192K), 0.0491410 secs]
[GC 471763K->209211K(2944192K), 0.0474860 secs]
[GC 465339K->216510K(2944192K), 0.0437830 secs]
[GC 472638K->233603K(2944192K), 0.0424460 secs]
[GC 489731K->217777K(2944192K), 0.0453000 secs]
[GC 473905K->234649K(2944192K), 0.0462490 secs]
[GC 490777K->222322K(2944192K), 0.0475190 secs]
[GC 478450K->226009K(2944192K), 0.0456560 secs]
[GC 482137K->231883K(2944192K), 0.0454810 secs]
[GC 488011K->235032K(2944192K), 0.0484030 secs]
[GC 491160K->237620K(2944192K), 0.0468450 secs]
[GC 493748K->231087K(2944192K), 0.0448880 secs]
[GC 487215K->237934K(2944192K), 0.0422320 secs]
[GC 494062K->239252K(2944192K), 0.0458450 secs]
[GC 495380K->233543K(2944192K), 0.0468600 secs]
[GC 489671K->244641K(2944192K), 0.0472090 secs]
[GC 500769K->257072K(2944192K), 0.0441400 secs]
[GC 513200K->241885K(2944192K), 0.0471430 secs]
[GC 498013K->240725K(2944192K), 0.0461110 secs]
[GC 496853K->263626K(2944192K), 0.0526690 secs]
[GC 519754K->249526K(2944192K), 0.0559010 secs]
[GC 505654K->256418K(2944192K), 0.0464120 secs]
[GC 512546K->253414K(2944192K), 0.0483770 secs]
[GC 509542K->256581K(2944192K), 0.0462550 secs]
[GC 512709K->267959K(2944192K), 0.0456460 secs]
[GC 524087K->270295K(2944192K), 0.0462930 secs]
[GC 526423K->272564K(2944192K), 0.0493890 secs]
[GC 528692K->275202K(2944192K), 0.0509560 secs]
[GC 531330K->278026K(2944192K), 0.0500130 secs]
[GC 534154K->280135K(2944192K), 0.0449660 secs]
[GC 536263K->282537K(2944192K), 0.0453680 secs]
[GC 538665K->284861K(2944192K), 0.0567110 secs]
[GC 540989K->287731K(2944192K), 0.0451210 secs]
[GC 543859K->289021K(2944192K), 0.0473180 secs]
[GC 545149K->291634K(2944192K), 0.0457570 secs]
[GC 547762K->301544K(2944192K), 0.0454190 secs]
[GC 557672K->285808K(2944192K), 0.0455490 secs]
[GC 541936K->301872K(2944192K), 0.0493770 secs]
[GC 558000K->291200K(2944192K), 0.0437730 secs]
[GC 547328K->313121K(2944192K), 0.0489050 secs]
[GC 569249K->297192K(2944192K), 0.0443810 secs]
[GC 553320K->312064K(2944192K), 0.0438470 secs]
[GC 568192K->301326K(2944192K), 0.0431320 secs]
[GC 557454K->310134K(2944192K), 0.0455120 secs]
[GC 566262K->319847K(2944192K), 0.0466350 secs]
[GC 575975K->304892K(2944192K), 0.0535100 secs]
[GC 561020K->320014K(2944192K), 0.0507020 secs]
[GC 576142K->319566K(2944192K), 0.0472180 secs]
[GC 575694K->313725K(2944192K), 0.0481440 secs]
[GC 569853K->334559K(2944192K), 0.0509820 secs]
[GC 590687K->324290K(2944192K), 0.0496570 secs]
[GC 580418K->316516K(2944192K), 0.0495670 secs]
[GC 572644K->321261K(2944192K), 0.0404330 secs]
[GC 577389K->319888K(2944192K), 0.0565290 secs]
[GC 576016K->329681K(2944192K), 0.0431640 secs]
[GC 585809K->323836K(2944192K), 0.0449770 secs]
[GC 579964K->335006K(2944192K), 0.0483360 secs]
[GC 591134K->329656K(2944192K), 0.0471970 secs]
[GC 585784K->341919K(2944192K), 0.0432830 secs]
[GC 598047K->344657K(2944192K), 0.0457120 secs]
[GC 600785K->337650K(2944192K), 0.0503850 secs]
[GC 593778K->348711K(2944192K), 0.0497320 secs]
[GC 604839K->332378K(2944192K), 0.0411970 secs]
[GC 588506K->347282K(2944192K), 0.0427680 secs]
[GC 603410K->365316K(2944192K), 0.0436330 secs]
[GC 621444K->342739K(2944192K), 0.0416840 secs]
[GC 598867K->356865K(2944192K), 0.0436810 secs]
[GC 612993K->347169K(2944192K), 0.0519480 secs]
[GC 603297K->359823K(2944192K), 0.0491760 secs]
[GC 615951K->354012K(2944192K), 0.0504110 secs]
[GC 610140K->356565K(2944192K), 0.0528200 secs]
[GC 612693K->368483K(2944192K), 0.0490770 secs]
[GC 624611K->362329K(2944192K), 0.0475850 secs]
[GC 618457K->364077K(2944192K), 0.0498000 secs]
[GC 620205K->375622K(2944192K), 0.0425820 secs]
[GC 631750K->369011K(2944192K), 0.0476670 secs]
 INFO  [pool-1-thread-1] {org.radargun.stressors.StressTestStressor} Started 4 stressor threads.
 INFO  [Stressor-2] {org.radargun.stressors.StressTestStressor} Number of ops executed so far: 1. Elapsed time: 0.000 secs. Remaining: 1 mins 0 secs. Total: 1 mins 0 secs
[GC 625139K->398712K(2944192K), 0.0546940 secs]
[GC 654840K->418727K(2944192K), 0.0622250 secs]
[GC 674855K->442785K(2944192K), 0.1007490 secs]
[GC 695052K->448778K(2944192K), 0.0640880 secs]
[GC 704906K->450876K(2944192K), 0.0590800 secs]
[GC 707004K->467642K(2944192K), 0.0558470 secs]
[GC 723770K->472653K(2944192K), 0.0686290 secs]
[GC 728259K->507851K(2944192K), 0.0621130 secs]
[GC 763963K->503771K(2944192K), 0.0837730 secs]
[GC 759899K->509389K(2944192K), 0.0606050 secs]
[GC 765310K->520723K(2944192K), 0.0614460 secs]
[GC 776805K->537945K(2944192K), 0.0534720 secs]
[GC 794073K->560532K(2944192K), 0.0639000 secs]
[GC 816636K->544475K(2944192K), 0.0644880 secs]
[GC 800552K->569712K(2944192K), 0.0651400 secs]
 INFO  [Stressor-1] {org.radargun.stressors.StressTestStressor} Number of ops executed so far: 290000. Elapsed time: 20.088 secs. Remaining: 39.912 secs. Total: 1 mins 0 secs
[GC 825795K->561552K(2944192K), 0.0669930 secs]
[GC 817680K->577737K(2944192K), 0.0650720 secs]
[GC 833188K->616586K(2944192K), 0.0575340 secs]
[GC 872714K->623155K(2944192K), 0.0837090 secs]
[GC 878146K->639934K(2944192K), 0.0650220 secs]
[GC 893665K->647621K(2944192K), 0.0598030 secs]
[GC 903749K->676542K(2944192K), 0.0683130 secs]
[GC 931463K->683086K(2944192K), 0.0793510 secs]
[GC 939211K->749466K(2944192K), 0.0722740 secs]
 WARN  [hz._hzInstance_1_FenixFrameworkGroup.event] {com.hazelcast.spi.EventService} [127.0.0.1]:5710 [FenixFrameworkGroup] Caution: Off-load event processing to your own thread-pool, don't use event thread!
[GC 1005594K->749454K(2944192K), 0.0689220 secs]
[GC 1005551K->731726K(2944192K), 0.0532420 secs]
[GC 987854K->757036K(2944192K), 0.0517040 secs]
[GC 1011039K->809699K(2944192K), 0.0785660 secs]
[GC 1065827K->827515K(2944192K), 0.0875870 secs]
[GC 1083643K->856252K(2944192K), 0.0746850 secs]
[GC 1109135K->895140K(2944192K), 0.0664220 secs]
 INFO  [Stressor-2] {org.radargun.stressors.StressTestStressor} Number of ops executed so far: 930000. Elapsed time: 40.264 secs. Remaining: 19.736 secs. Total: 1 mins 0 secs
[GC 1151268K->903459K(2944192K), 0.0666000 secs]
[GC 1159587K->948077K(2944192K), 0.0706390 secs]
[GC 1203104K->938050K(2944192K), 0.0614650 secs]
[GC 1194178K->933257K(2944192K), 0.0478470 secs]
[GC 1187082K->954588K(2944192K), 0.0564060 secs]
[GC 1210037K->1024292K(2944192K), 0.0849860 secs]
[GC 1280420K->1031744K(2944192K), 0.0785380 secs]
[GC 1286804K->1025604K(2944192K), 0.0770630 secs]
[GC 1281732K->1090791K(2944192K), 0.0619360 secs]
[GC 1346919K->1073687K(2944192K), 0.0755110 secs]
[GC 1329787K->1085019K(2944192K), 0.0648930 secs]
[GC 1341147K->1116311K(2944192K), 0.0529080 secs]
[GC 1371080K->1116356K(2944192K), 0.0650980 secs]
[GC 1372484K->1136260K(2944192K), 0.0646110 secs]
[GC 1392388K->1130689K(2944192K), 0.0624490 secs]
 INFO  [Stressor-0] {org.radargun.stressors.StressTestStressor} Number of ops executed so far: 1130000. Elapsed time: 1 mins 0 secs. Remaining: 0.000 secs. Total: 1 mins 0 secs
 INFO  [pool-1-thread-1] {org.radargun.stressors.StressTestStressor} Finished generating report. Test duration is: 8 mins 28 secs
 INFO  [pool-1-thread-1] {org.radargun.stages.StressTestStage} size info: FFWrapper using infinispan52, clusterSize:12, nodeIndex:9, cacheSize: -1
 INFO  [pool-1-thread-1] {org.radargun.Slave} Finished stage: StressTest {bulkSize=1, cacheSpecificKeyGenerator=false, commitTransactions=true, duration=1 mins 0 secs, entrySize=1000, exitBenchmarkOnSlaveFailure=false, fixedKeys=true, generateHistogramRange=false, keyGeneratorClass=org.radargun.stressors.StringKeyGenerator, keyGeneratorParam=null, loadAllKeys=false, numEntries=10000, numOfThreads=4, numRequests=10000000, numThreads=4, numberOfAttributes=10000, numberOfRequests=10000000, opsCountStatusLog=500000, poolKeys=true, preferAsyncOperations=false, removePercentage=0, replaceInvalidPercentage=40, runOnAllSlaves=false, sharedKeys=false, sizeOfAnAttribute=1000, slaves=null, transactionSize=10000, useAtomics=false, useHistogramStatistics=false, useSimpleStatistics=true, useSmartClassLoading=true, useTransactions=true, writePercentage=10, writeTxPercentage=50 }
 INFO  [main] {org.radargun.Slave} Ack successfully sent to the master
[GC 1386817K->1194627K(2944192K), 0.0667980 secs]
[GC 1450755K->1157282K(2944192K), 0.0796870 secs]
[GC 1413409K->1145184K(2944192K), 0.0566060 secs]
[GC 1401312K->1142706K(2944192K), 0.0385160 secs]
[GC 1398834K->1146932K(2944192K), 0.1132440 secs]
[GC 1403060K->1149958K(2944192K), 0.0381600 secs]
[GC 1406086K->1156626K(2944192K), 0.0734120 secs]
[GC 1412754K->1157428K(2944192K), 0.0436380 secs]
[GC 1413300K->1168161K(2944192K), 0.0579250 secs]
[GC 1424236K->1186102K(2944192K), 0.0588520 secs]
[GC 1441286K->1218660K(2944192K), 0.0691310 secs]
[GC 1474788K->1254749K(2944192K), 0.0875580 secs]
[GC 1510877K->1242762K(2944192K), 0.0868800 secs]
[GC 1498890K->1254826K(2944192K), 0.0735680 secs]
[GC 1510954K->1269412K(2944192K), 0.0711950 secs]
[GC 1525487K->1265979K(2944192K), 0.0721970 secs]
[GC 1522090K->1294367K(2944192K), 0.0728780 secs]
 WARN  [hz._hzInstance_1_FenixFrameworkGroup.event] {com.hazelcast.spi.EventService} [127.0.0.1]:5710 [FenixFrameworkGroup] Caution: Off-load event processing to your own thread-pool, don't use event thread!
[GC 1550495K->1323952K(2944192K), 0.0760370 secs]
[GC 1580080K->1342963K(2944192K), 0.0787720 secs]
[GC 1599091K->1373167K(2944192K), 0.0784400 secs]
[GC 1629295K->1356422K(2944192K), 0.0770570 secs]
[GC 1612550K->1404407K(2944192K), 0.0740920 secs]
[GC 1658630K->1380206K(2944192K), 0.0772120 secs]
[GC 1382406K(2944192K), 0.0379790 secs]
[GC 1636334K->1436184K(2944192K), 0.0758290 secs]
[GC 1606522K(2944192K), 0.0715250 secs]
[GC 1077772K->792907K(2944192K), 0.0767490 secs]
[GC 1049035K->834391K(2944192K), 0.0809120 secs]
[GC 1090519K->839639K(2944192K), 0.0765330 secs]
[GC 1095767K->855149K(2944192K), 0.0775060 secs]
[GC 1111277K->853827K(2944192K), 0.0726680 secs]
[GC 1109940K->885398K(2944192K), 0.0763270 secs]
[GC 1141526K->900894K(2944192K), 0.0765100 secs]
[GC 1157022K->919432K(2944192K), 0.0739460 secs]
[GC 1175560K->932713K(2944192K), 0.0764990 secs]
[GC 1188841K->949291K(2944192K), 0.0742380 secs]
[GC 1205419K->961501K(2944192K), 0.0767790 secs]
[GC 1217629K->973151K(2944192K), 0.0758180 secs]
[GC 1229279K->991646K(2944192K), 0.0701130 secs]
[GC 1247774K->967291K(2944192K), 0.0670190 secs]
[GC 1223419K->975828K(2944192K), 0.0555730 secs]
[GC 1231956K->1005588K(2944192K), 0.0536700 secs]
[GC 1261716K->975360K(2944192K), 0.0540990 secs]
[GC 1231488K->1012290K(2944192K), 0.0579820 secs]
[GC 1268418K->991041K(2944192K), 0.0653970 secs]
[GC 1247169K->1007506K(2944192K), 0.0487040 secs]
[GC 1263634K->975220K(2944192K), 0.0521850 secs]
[GC 1231348K->994835K(2944192K), 0.0475780 secs]
[GC 1250963K->1003174K(2944192K), 0.0517850 secs]
[GC 1259302K->1006758K(2944192K), 0.0515160 secs]
[GC 1262886K->981606K(2944192K), 0.0521060 secs]
[GC 1237734K->1014464K(2944192K), 0.0508220 secs]
[GC 1270592K->999047K(2944192K), 0.0660370 secs]
[GC 1255175K->989485K(2944192K), 0.0574270 secs]
[GC 1245613K->980737K(2944192K), 0.0431820 secs]
[GC 1236865K->984147K(2944192K), 0.0369340 secs]
[GC 1240275K->980628K(2944192K), 0.0358150 secs]
[GC 1236756K->985758K(2944192K), 0.0362050 secs]
[GC 1241886K->986977K(2944192K), 0.0352390 secs]
[GC 1243105K->988126K(2944192K), 0.0373280 secs]
[GC 1244254K->989021K(2944192K), 0.0394590 secs]
[GC 1245149K->990198K(2944192K), 0.0347290 secs]
[GC 1246326K->991423K(2944192K), 0.0377980 secs]
[GC 1247551K->992577K(2944192K), 0.0371830 secs]
[GC 1248705K->993649K(2944192K), 0.0354340 secs]
[GC 1249777K->994702K(2944192K), 0.0335690 secs]
[GC 1250830K->995923K(2944192K), 0.0389670 secs]
[GC 1252051K->1001283K(2944192K), 0.0340670 secs]
[GC 1257411K->994025K(2944192K), 0.0339740 secs]
[GC 1250153K->996876K(2944192K), 0.0362770 secs]
[GC 1253004K->999909K(2944192K), 0.0352900 secs]
[GC 1256037K->1001488K(2944192K), 0.0346710 secs]
[GC 1257616K->1002899K(2944192K), 0.0351940 secs]
[GC 1259027K->1003939K(2944192K), 0.0345220 secs]
[GC 1260067K->1005071K(2944192K), 0.0342930 secs]
[GC 1261199K->1001940K(2944192K), 0.0338550 secs]
[GC 1258068K->1007453K(2944192K), 0.0383750 secs]
[GC 1263581K->1008701K(2944192K), 0.0394560 secs]
[GC 1264829K->1009777K(2944192K), 0.0360300 secs]
[GC 1265905K->1006566K(2944192K), 0.0378480 secs]
[GC 1262694K->1016346K(2944192K), 0.0370630 secs]
[GC 1272474K->1008903K(2944192K), 0.0395540 secs]
[GC 1265031K->1016035K(2944192K), 0.0380670 secs]
[GC 1272163K->1014944K(2944192K), 0.0371780 secs]
[GC 1271072K->1016576K(2944192K), 0.0448870 secs]
[GC 1272704K->1022456K(2944192K), 0.0358370 secs]
[GC 1278584K->1014909K(2944192K), 0.0400950 secs]
[GC 1271037K->1022058K(2944192K), 0.0364290 secs]
[GC 1278186K->1021058K(2944192K), 0.0388830 secs]
[GC 1277186K->1022744K(2944192K), 0.0438120 secs]
[GC 1278872K->1024256K(2944192K), 0.0382210 secs]
[GC 1280384K->1025474K(2944192K), 0.0437510 secs]
[GC 1281602K->1031085K(2944192K), 0.0378890 secs]
[GC 1287213K->1023377K(2944192K), 0.0409520 secs]
[GC 1279505K->1034920K(2944192K), 0.0390610 secs]
[GC 1291048K->1025097K(2944192K), 0.0356350 secs]
[GC 1281225K->1033029K(2944192K), 0.0406240 secs]
[GC 1289157K->1032053K(2944192K), 0.0393140 secs]
[GC 1288181K->1038398K(2944192K), 0.0388880 secs]
[GC 1294526K->1030696K(2944192K), 0.0378100 secs]
[GC 1286824K->1038272K(2944192K), 0.0397930 secs]
[GC 1294400K->1037273K(2944192K), 0.0372540 secs]
[GC 1293401K->1043422K(2944192K), 0.0397350 secs]
[GC 1299550K->1035566K(2944192K), 0.0365780 secs]
[GC 1291694K->1043285K(2944192K), 0.0397530 secs]
[GC 1299413K->1046871K(2944192K), 0.0369310 secs]
[GC 1302999K->1039151K(2944192K), 0.0389050 secs]
[GC 1295279K->1046978K(2944192K), 0.0388100 secs]
[GC 1303106K->1050449K(2944192K), 0.0408530 secs]
[GC 1306577K->1042976K(2944192K), 0.0382570 secs]
[GC 1299104K->1050797K(2944192K), 0.0361800 secs]
[GC 1306925K->1054205K(2944192K), 0.0388790 secs]
[GC 1310333K->1046683K(2944192K), 0.0387990 secs]
[GC 1302811K->1054764K(2944192K), 0.0363880 secs]
[GC 1310892K->1058608K(2944192K), 0.0392990 secs]
[GC 1314736K->1050920K(2944192K), 0.0414340 secs]
[GC 1307048K->1058725K(2944192K), 0.0405480 secs]
[GC 1314853K->1062485K(2944192K), 0.0383820 secs]
[GC 1318613K->1054808K(2944192K), 0.0369730 secs]
[GC 1310936K->1062826K(2944192K), 0.0398380 secs]
[GC 1318954K->1066521K(2944192K), 0.0398240 secs]
[GC 1322649K->1058586K(2944192K), 0.0396140 secs]
[GC 1314714K->1066570K(2944192K), 0.0376330 secs]
[GC 1322698K->1070581K(2944192K), 0.0391630 secs]
[GC 1326709K->1062684K(2944192K), 0.0559190 secs]
[GC 1318812K->1075136K(2944192K), 0.0371140 secs]
[GC 1331264K->1064435K(2944192K), 0.0391710 secs]
[GC 1320563K->1073405K(2944192K), 0.0364890 secs]
[GC 1329533K->1072519K(2944192K), 0.0389650 secs]
[GC 1328647K->1069639K(2944192K), 0.0393630 secs]
[GC 1325767K->1075660K(2944192K), 0.0406240 secs]
[GC 1331788K->1081890K(2944192K), 0.0421080 secs]
[GC 1338018K->1073366K(2944192K), 0.0407480 secs]
[GC 1329494K->1081328K(2944192K), 0.0374360 secs]
[GC 1337456K->1085283K(2944192K), 0.0391930 secs]
[GC 1341411K->1076955K(2944192K), 0.0372920 secs]
[GC 1333083K->1085286K(2944192K), 0.0420180 secs]
[GC 1341414K->1079469K(2944192K), 0.0358660 secs]
[GC 1335597K->1086358K(2944192K), 0.0386230 secs]
[GC 1342486K->1087907K(2944192K), 0.0406420 secs]
[GC 1344035K->1089202K(2944192K), 0.0378320 secs]
[GC 1345330K->1090539K(2944192K), 0.0375410 secs]
[GC 1346667K->1091984K(2944192K), 0.0377010 secs]
[GC 1348112K->1098655K(2944192K), 0.0394210 secs]
[GC 1354783K->1089758K(2944192K), 0.0402160 secs]
[GC 1345886K->1097979K(2944192K), 0.0409980 secs]
[GC 1354107K->1101688K(2944192K), 0.0392330 secs]
[GC 1357816K->1093411K(2944192K), 0.0423200 secs]
[GC 1349539K->1097406K(2944192K), 0.0391680 secs]
[GC 1353534K->1101237K(2944192K), 0.0391900 secs]
[GC 1357365K->1103146K(2944192K), 0.0399610 secs]
[GC 1359274K->1104490K(2944192K), 0.0404440 secs]
[GC 1360618K->1105967K(2944192K), 0.0421960 secs]
[GC 1362095K->1107425K(2944192K), 0.0419530 secs]
[GC 1363553K->1109100K(2944192K), 0.0408640 secs]
[GC 1365228K->1110464K(2944192K), 0.0390470 secs]
[GC 1366592K->1106583K(2944192K), 0.0456190 secs]
[GC 1362711K->1113343K(2944192K), 0.0445680 secs]
[GC 1369471K->1114832K(2944192K), 0.0404470 secs]
[GC 1370960K->1110894K(2944192K), 0.0416870 secs]
[GC 1367022K->1122924K(2944192K), 0.0375610 secs]
[GC 1379052K->1113576K(2944192K), 0.0420870 secs]
[GC 1369704K->1127097K(2944192K), 0.0407830 secs]
[GC 1383225K->1115578K(2944192K), 0.0464420 secs]
[GC 1371706K->1120243K(2944192K), 0.0412690 secs]
[GC 1376371K->1124003K(2944192K), 0.0392900 secs]
[GC 1380131K->1120510K(2944192K), 0.0378930 secs]
[GC 1376638K->1132981K(2944192K), 0.0450810 secs]
[GC 1389109K->1124060K(2944192K), 0.0462560 secs]
[GC 1380188K->1133032K(2944192K), 0.0447640 secs]
[GC 1389160K->1137100K(2944192K), 0.0393480 secs]
[GC 1393228K->1131552K(2944192K), 0.0424990 secs]
[GC 1387680K->1137145K(2944192K), 0.0439900 secs]
[GC 1393273K->1136008K(2944192K), 0.0441380 secs]
[GC 1392136K->1143713K(2944192K), 0.0442000 secs]
[GC 1399841K->1133973K(2944192K), 0.0441630 secs]
[GC 1390101K->1142854K(2944192K), 0.0431710 secs]
[GC 1398982K->1141680K(2944192K), 0.0418040 secs]
[GC 1397808K->1143719K(2944192K), 0.0414320 secs]
[GC 1399847K->1145509K(2944192K), 0.0459620 secs]
[GC 1401637K->1146520K(2944192K), 0.0400200 secs]
[GC 1402648K->1148217K(2944192K), 0.0437920 secs]
[GC 1404345K->1149797K(2944192K), 0.0443460 secs]
[GC 1405925K->1150932K(2944192K), 0.0391250 secs]
[GC 1407060K->1152775K(2944192K), 0.0408280 secs]
[GC 1408903K->1153942K(2944192K), 0.0398790 secs]
[GC 1410070K->1155226K(2944192K), 0.0485260 secs]
[GC 1411354K->1162219K(2944192K), 0.0392020 secs]
[GC 1418347K->1152637K(2944192K), 0.0430810 secs]
[GC 1408765K->1161648K(2944192K), 0.0421210 secs]
[GC 1417776K->1165675K(2944192K), 0.0373980 secs]
[GC 1421803K->1156796K(2944192K), 0.0445870 secs]
[GC 1412924K->1171061K(2944192K), 0.0463940 secs]
[GC 1427189K->1159088K(2944192K), 0.0387750 secs]
[GC 1415216K->1168783K(2944192K), 0.0432420 secs]
[GC 1424911K->1173117K(2944192K), 0.0409270 secs]
[GC 1429245K->1163969K(2944192K), 0.0429350 secs]
[GC 1420097K->1178150K(2944192K), 0.0431060 secs]
[GC 1434278K->1166404K(2944192K), 0.0393040 secs]
[GC 1422532K->1176064K(2944192K), 0.0438040 secs]
[GC 1432192K->1180071K(2944192K), 0.0394280 secs]
[GC 1436199K->1171109K(2944192K), 0.0394190 secs]
[GC 1427237K->1185139K(2944192K), 0.0417440 secs]
[GC 1441267K->1173365K(2944192K), 0.0415000 secs]
[GC 1429493K->1178052K(2944192K), 0.0397680 secs]
[GC 1434180K->1186909K(2944192K), 0.0379320 secs]
[GC 1443037K->1177982K(2944192K), 0.0406810 secs]
[GC 1434110K->1186770K(2944192K), 0.0443530 secs]
[GC 1442898K->1191027K(2944192K), 0.0442340 secs]
[GC 1447155K->1182233K(2944192K), 0.0402420 secs]
[GC 1438361K->1190840K(2944192K), 0.0405960 secs]
[GC 1446968K->1195014K(2944192K), 0.0403110 secs]
[GC 1451142K->1186440K(2944192K), 0.0393590 secs]
[GC 1442568K->1200113K(2944192K), 0.0425420 secs]
[GC 1456241K->1188542K(2944192K), 0.0445430 secs]
[GC 1444670K->1202441K(2944192K), 0.0394620 secs]
[GC 1458569K->1191010K(2944192K), 0.0416940 secs]
[GC 1447138K->1205332K(2944192K), 0.0403420 secs]
[GC 1461460K->1193844K(2944192K), 0.0429550 secs]
[GC 1449972K->1203342K(2944192K), 0.0401880 secs]
[GC 1459470K->1202295K(2944192K), 0.0421380 secs]
[GC 1458423K->1209381K(2944192K), 0.0391050 secs]
[GC 1465509K->1200367K(2944192K), 0.0396030 secs]
[GC 1456495K->1209166K(2944192K), 0.0402660 secs]
[GC 1465294K->1202741K(2944192K), 0.0460510 secs]
[GC 1458869K->1209967K(2944192K), 0.0418330 secs]
[GC 1466095K->1211147K(2944192K), 0.0382620 secs]
[GC 1467275K->1207137K(2944192K), 0.0383310 secs]
[GC 1463265K->1213747K(2944192K), 0.0402980 secs]
[GC 1469875K->1215139K(2944192K), 0.0439460 secs]
[GC 1471267K->1216712K(2944192K), 0.0393910 secs]
[GC 1472840K->1222905K(2944192K), 0.0419210 secs]
[GC 1479033K->1213767K(2944192K), 0.0472690 secs]
[GC 1469895K->1222224K(2944192K), 0.0397130 secs]
[GC 1478352K->1221221K(2944192K), 0.0420360 secs]
[GC 1477349K->1222941K(2944192K), 0.0383210 secs]
[GC 1479069K->1224311K(2944192K), 0.0388150 secs]
[GC 1480439K->1220405K(2944192K), 0.0439240 secs]
[GC 1476533K->1221722K(2944192K), 0.0410160 secs]
[GC 1477850K->1228238K(2944192K), 0.0434660 secs]
[GC 1484366K->1229566K(2944192K), 0.0377910 secs]
[GC 1485694K->1225741K(2944192K), 0.0409370 secs]
[GC 1481869K->1226900K(2944192K), 0.0423830 secs]
[GC 1483028K->1228355K(2944192K), 0.0422980 secs]
[GC 1484483K->1234961K(2944192K), 0.0390880 secs]
[GC 1491089K->1236276K(2944192K), 0.0384090 secs]
[GC 1492404K->1237613K(2944192K), 0.0384420 secs]
[GC 1493741K->1233724K(2944192K), 0.0408310 secs]
[GC 1489852K->1240128K(2944192K), 0.0432500 secs]
[GC 1496256K->1236436K(2944192K), 0.0431620 secs]
[GC 1492564K->1242902K(2944192K), 0.0389250 secs]
[GC 1499030K->1238916K(2944192K), 0.0436440 secs]
[GC 1495044K->1245449K(2944192K), 0.0456220 secs]
[GC 1501577K->1246698K(2944192K), 0.0411740 secs]
[GC 1502826K->1248130K(2944192K), 0.0432600 secs]
[GC 1504258K->1244600K(2944192K), 0.0412890 secs]
[GC 1500728K->1250733K(2944192K), 0.0378450 secs]
[GC 1506861K->1252125K(2944192K), 0.0417370 secs]
[GC 1508253K->1253392K(2944192K), 0.0438660 secs]
[GC 1509520K->1249689K(2944192K), 0.0423220 secs]
[GC 1505817K->1256266K(2944192K), 0.0427430 secs]
[GC 1512394K->1257400K(2944192K), 0.0392650 secs]
[GC 1513528K->1263680K(2944192K), 0.0395250 secs]
[GC 1519808K->1254918K(2944192K), 0.0403250 secs]
[GC 1511046K->1267705K(2944192K), 0.0377150 secs]
[GC 1523833K->1256616K(2944192K), 0.0392200 secs]
[GC 1512744K->1270048K(2944192K), 0.0426780 secs]
[GC 1526176K->1258978K(2944192K), 0.0436100 secs]
[GC 1515106K->1267818K(2944192K), 0.0422760 secs]
[GC 1523946K->1266820K(2944192K), 0.0387100 secs]
[GC 1522948K->1263661K(2944192K), 0.0405630 secs]
[GC 1519789K->1270252K(2944192K), 0.0398030 secs]
[GC 1526380K->1271573K(2944192K), 0.0413050 secs]
[GC 1527701K->1272822K(2944192K), 0.0385880 secs]
[GC 1528950K->1269056K(2944192K), 0.0401210 secs]
[GC 1525184K->1270488K(2944192K), 0.0407530 secs]
[GC 1526616K->1276740K(2944192K), 0.0414060 secs]
[GC 1532868K->1273144K(2944192K), 0.0387200 secs]
[GC 1529272K->1279184K(2944192K), 0.0381410 secs]
[GC 1535312K->1280483K(2944192K), 0.0383080 secs]
[GC 1536611K->1276774K(2944192K), 0.0440390 secs]
[GC 1532902K->1288351K(2944192K), 0.0426190 secs]
[GC 1544479K->1279677K(2944192K), 0.0420040 secs]
[GC 1535805K->1291974K(2944192K), 0.0363470 secs]
[GC 1548102K->1281151K(2944192K), 0.0425730 secs]
[GC 1537279K->1294635K(2944192K), 0.0388230 secs]
[GC 1550763K->1283923K(2944192K), 0.0414710 secs]
[GC 1540051K->1292906K(2944192K), 0.0369850 secs]
[GC 1549034K->1291612K(2944192K), 0.0422800 secs]
[GC 1547740K->1293540K(2944192K), 0.0417110 secs]
[GC 1549668K->1300090K(2944192K), 0.0392600 secs]
[GC 1556218K->1291463K(2944192K), 0.0394490 secs]
[GC 1547591K->1299724K(2944192K), 0.0412880 secs]
[GC 1555852K->1303172K(2944192K), 0.0401750 secs]
[GC 1559300K->1294995K(2944192K), 0.0443670 secs]
[GC 1551123K->1303554K(2944192K), 0.0403250 secs]
[GC 1559682K->1302553K(2944192K), 0.0422400 secs]
[GC 1558681K->1299420K(2944192K), 0.0422650 secs]
[GC 1555548K->1305755K(2944192K), 0.0439750 secs]
[GC 1561883K->1307084K(2944192K), 0.0369450 secs]
[GC 1563212K->1308580K(2944192K), 0.0387680 secs]
[GC 1564708K->1304885K(2944192K), 0.0378790 secs]
[GC 1561013K->1306194K(2944192K), 0.0391670 secs]
[GC 1562322K->1307332K(2944192K), 0.0432730 secs]
[GC 1563460K->1308558K(2944192K), 0.0407670 secs]
[GC 1564686K->1309911K(2944192K), 0.0448520 secs]
[GC 1566039K->1321628K(2944192K), 0.0405620 secs]
[GC 1577756K->1312834K(2944192K), 0.0455500 secs]
[GC 1568962K->1320818K(2944192K), 0.0456530 secs]
[GC 1576946K->1324750K(2944192K), 0.0409920 secs]
[GC 1580878K->1316462K(2944192K), 0.0461480 secs]
[GC 1572590K->1325098K(2944192K), 0.0417900 secs]
[GC 1581226K->1324227K(2944192K), 0.0420690 secs]
[GC 1580355K->1325768K(2944192K), 0.0398850 secs]
[GC 1581896K->1327160K(2944192K), 0.0401170 secs]
[GC 1583288K->1333701K(2944192K), 0.0418640 secs]
[GC 1589829K->1324888K(2944192K), 0.0439650 secs]
[GC 1581016K->1333277K(2944192K), 0.0451770 secs]
[GC 1589405K->1336874K(2944192K), 0.0458320 secs]
[GC 1593002K->1328516K(2944192K), 0.0399050 secs]
[GC 1584644K->1341768K(2944192K), 0.0447470 secs]
[GC 1597896K->1333714K(2944192K), 0.0417860 secs]
[GC 1589842K->1339762K(2944192K), 0.0431610 secs]
[GC 1595890K->1338556K(2944192K), 0.0409730 secs]
[GC 1594684K->1335302K(2944192K), 0.0463700 secs]
[GC 1591430K->1341979K(2944192K), 0.0431660 secs]
[GC 1598107K->1343254K(2944192K), 0.0426610 secs]
[GC 1599382K->1344671K(2944192K), 0.0406010 secs]
[GC 1600799K->1340657K(2944192K), 0.0400720 secs]
[GC 1596785K->1347118K(2944192K), 0.0439060 secs]
[GC 1603246K->1348457K(2944192K), 0.0436720 secs]
[GC 1604585K->1349834K(2944192K), 0.0425870 secs]
[GC 1605962K->1351338K(2944192K), 0.0426840 secs]
[GC 1607466K->1347379K(2944192K), 0.0432040 secs]
[GC 1603507K->1348627K(2944192K), 0.0414880 secs]
[GC 1604755K->1355066K(2944192K), 0.0422120 secs]
[GC 1611194K->1373555K(2944192K), 0.0529720 secs]
[GC 1629683K->1393455K(2944192K), 0.0632660 secs]
[GC 1649583K->1422686K(2944192K), 0.0712310 secs]
[GC 1678814K->1449746K(2944192K), 0.0779510 secs]
[GC 1705874K->1472433K(2944192K), 0.0970590 secs]
[GC 1728561K->1466130K(2944192K), 0.0934610 secs]
[GC 1722258K->1453201K(2944192K), 0.0765520 secs]
[GC 1709329K->1511641K(2944192K), 0.0694600 secs]
[GC 1765897K->1484624K(2944192K), 0.0914100 secs]
[GC 1740735K->1538117K(2944192K), 0.0657350 secs]
[GC 1794245K->1513430K(2944192K), 0.0842190 secs]
[GC 1769558K->1538759K(2944192K), 0.0971620 secs]
[GC 1794887K->1577524K(2944192K), 0.0644470 secs]
[GC 1833652K->1561785K(2944192K), 0.0840280 secs]
[GC 1817913K->1562443K(2944192K), 0.0947050 secs]
[GC 1818571K->1582639K(2944192K), 0.0760850 secs]
[GC 1838767K->1599534K(2944192K), 0.0816660 secs]
[GC 1855662K->1626048K(2944192K), 0.0827950 secs]
[GC 1881990K->1656598K(2944192K), 0.0695760 secs]
[GC 1912726K->1630642K(2944192K), 0.0880280 secs]
[GC 1886762K->1654362K(2944192K), 0.0844940 secs]
[GC 1910447K->1698571K(2944192K), 0.0807970 secs]
[GC 1954699K->1678993K(2944192K), 0.0794670 secs]
[GC 1935121K->1685147K(2944192K), 0.0725660 secs]
[GC 1941275K->1708253K(2944192K), 0.0518620 secs]
[GC 1964381K->1680673K(2944192K), 0.0560390 secs]
[GC 1936801K->1714418K(2944192K), 0.0589890 secs]
[GC 1970546K->1681198K(2944192K), 0.0594560 secs]
 WARN  [hz._hzInstance_1_FenixFrameworkGroup.event] {com.hazelcast.spi.EventService} [127.0.0.1]:5710 [FenixFrameworkGroup] Caution: Off-load event processing to your own thread-pool, don't use event thread!
[GC 1937326K->1718811K(2944192K), 0.0585090 secs]
[GC 1974939K->1684392K(2944192K), 0.0596420 secs]
[GC 1940520K->1724233K(2944192K), 0.0618090 secs]
[GC 1980357K->1702823K(2944192K), 0.0822020 secs]
[GC 1958904K->1745109K(2944192K), 0.0823160 secs]
[GC 2001237K->1758547K(2944192K), 0.0849290 secs]
[GC 2014675K->1793219K(2944192K), 0.0736990 secs]
[GC 2049293K->1775700K(2944192K), 0.0898350 secs]
[GC 2031828K->1822510K(2944192K), 0.0794740 secs]
[GC 2078638K->1798985K(2944192K), 0.0759560 secs]
 WARN  [hz._hzInstance_1_FenixFrameworkGroup.event] {com.hazelcast.spi.EventService} [127.0.0.1]:5710 [FenixFrameworkGroup] Caution: Off-load event processing to your own thread-pool, don't use event thread!
[GC 2055113K->1849654K(2944192K), 0.0840920 secs]
[GC 2105760K->1821345K(2944192K), 0.0811050 secs]
 WARN  [hz._hzInstance_1_FenixFrameworkGroup.event] {com.hazelcast.spi.EventService} [127.0.0.1]:5710 [FenixFrameworkGroup] Caution: Off-load event processing to your own thread-pool, don't use event thread!
[GC 2077473K->1874182K(2944192K), 0.0765220 secs]
[GC 2129410K->1851080K(2944192K), 0.0781800 secs]
[GC 2106576K->1902272K(2944192K), 0.0827090 secs]
[GC 2158400K->1876331K(2944192K), 0.0781810 secs]
[GC 2131456K->1930550K(2944192K), 0.0791170 secs]
[GC 2186678K->1899807K(2944192K), 0.0690530 secs]
[GC 2155901K->1905769K(2944192K), 0.0884000 secs]
[GC 2161897K->1966160K(2944192K), 0.0753470 secs]
[GC 2222288K->1940882K(2944192K), 0.0937800 secs]
[GC 2197010K->1966353K(2944192K), 0.0828370 secs]
[GC 2222463K->1976899K(2944192K), 0.0769070 secs]
[GC 2231751K->1987856K(2944192K), 0.0818650 secs]
[GC 2243984K->1984433K(2944192K), 0.0729310 secs]
[GC 2240561K->1991176K(2944192K), 0.0558450 secs]
[GC 2247304K->2032744K(2944192K), 0.0563140 secs]
[GC 2288872K->1991620K(2944192K), 0.0579590 secs]
[GC 2247748K->2027082K(2944192K), 0.0573970 secs]
[GC 2283210K->1992639K(2944192K), 0.0576690 secs]
[GC 2248767K->2032232K(2944192K), 0.0627920 secs]
[GC 2288360K->2012599K(2944192K), 0.0721440 secs]
 WARN  [hz._hzInstance_1_FenixFrameworkGroup.event] {com.hazelcast.spi.EventService} [127.0.0.1]:5710 [FenixFrameworkGroup] Caution: Off-load event processing to your own thread-pool, don't use event thread!
[GC 2268727K->2018453K(2944192K), 0.0574400 secs]
[GC 2274581K->2024726K(2944192K), 0.0603330 secs]
[GC 2280854K->2041358K(2944192K), 0.0612220 secs]
[GC 2297486K->2003744K(2944192K), 0.0606470 secs]
[GC 2259872K->2025155K(2944192K), 0.0633450 secs]
[GC 2281283K->2007527K(2944192K), 0.0712040 secs]
[GC 2263655K->2014073K(2944192K), 0.0674100 secs]
[GC 2270201K->2009947K(2944192K), 0.0549760 secs]
[GC 2266075K->2010622K(2944192K), 0.0499480 secs]
[GC 2266750K->2016488K(2944192K), 0.0436390 secs]
[GC 2272616K->2017175K(2944192K), 0.0474100 secs]
[GC 2273303K->2018782K(2944192K), 0.0503650 secs]
[GC 2274910K->2020252K(2944192K), 0.0421470 secs]
[GC 2276380K->2034740K(2944192K), 0.0505840 secs]
[GC 2290865K->2048103K(2944192K), 0.0642930 secs]
[GC 2304231K->2078639K(2944192K), 0.0747980 secs]
[GC 2334764K->2116161K(2944192K), 0.0862400 secs]
[GC 2372289K->2133554K(2944192K), 0.0918540 secs]
[GC 2389682K->2121206K(2944192K), 0.1019030 secs]
[GC 2377311K->2169547K(2944192K), 0.0758530 secs]
[GC 2425675K->2138418K(2944192K), 0.0778050 secs]
[GC 2394546K->2196066K(2944192K), 0.0797650 secs]
[GC 2452170K->2170995K(2944192K), 0.0793470 secs]
[GC 2427123K->2225009K(2944192K), 0.0799270 secs]
[GC 2481137K->2197800K(2944192K), 0.0871280 secs]
[GC 2453928K->2241736K(2944192K), 0.0865190 secs]
[GC 2497864K->2213836K(2944192K), 0.0792240 secs]
[GC 2469520K->2259948K(2944192K), 0.0868990 secs]
[GC 2516076K->2280485K(2944192K), 0.0853470 secs]
[GC 2536568K->2290686K(2944192K), 0.0864510 secs]
[GC 2546814K->2328436K(2944192K), 0.0809430 secs]
[GC 2584564K->2302676K(2944192K), 0.0813840 secs]
[GC 2557002K->2359247K(2944192K), 0.0891110 secs]
[GC 2615375K->2330658K(2944192K), 0.1899370 secs]
[GC 2586786K->2369086K(2944192K), 0.0846180 secs]
[GC 2625214K->2341361K(2944192K), 0.0756880 secs]
[GC 2597489K->2359564K(2944192K), 0.0591780 secs]
[GC 2615692K->2358208K(2944192K), 0.0583950 secs]
[GC 2614336K->2374140K(2944192K), 0.0625990 secs]
[GC 2630268K->2348077K(2944192K), 0.0625180 secs]
[GC 2604205K->2384568K(2944192K), 0.0631960 secs]
[GC 2640696K->2349979K(2944192K), 0.0648300 secs]
[GC 2605990K->2390713K(2944192K), 0.0756410 secs]
[GC 2646783K->2384609K(2944192K), 0.1009380 secs]
[GC 2640737K->2438411K(2944192K), 0.0741570 secs]
[GC 2694539K->2456383K(2951296K), 0.0901930 secs]
[GC 2712511K->2448522K(2972608K), 0.1047950 secs]
[GC 2704650K->2482948K(2987008K), 0.0916430 secs]
[GC 2739076K->2507993K(3002944K), 0.0968890 secs]
[GC 2764121K->2516673K(3019264K), 0.1083760 secs]
[GC 2772765K->2515053K(3036544K), 0.1019020 secs]
[GC 2771181K->2547150K(3053632K), 0.0993650 secs]
[GC 2803278K->2541838K(3070528K), 0.0995090 secs]
[GC 2795952K->2592395K(3087424K), 0.1032960 secs]
[GC 2848523K->2574768K(3102784K), 0.1040290 secs]
[GC 2830896K->2622973K(3118144K), 0.1017810 secs]
[GC 2879101K->2639626K(3134848K), 0.0983750 secs]
[GC 2895454K->2623952K(3150784K), 0.1024640 secs]
[GC 2880080K->2643531K(3167296K), 0.0959710 secs]
[GC 2899659K->2656956K(3184960K), 0.0958370 secs]
[GC 2913084K->2653200K(3200896K), 0.0920210 secs]
[GC 2909328K->2683987K(3216448K), 0.0925900 secs]
[GC 2940115K->2681409K(3232384K), 0.0815780 secs]
[GC 2937537K->2702525K(3232384K), 0.0637900 secs]
[GC 2958653K->2716791K(3232384K), 0.0645270 secs]
[GC 2972919K->2687446K(3232384K), 0.0629950 secs]
 WARN  [hz._hzInstance_1_FenixFrameworkGroup.event] {com.hazelcast.spi.EventService} [127.0.0.1]:5710 [FenixFrameworkGroup] Caution: Off-load event processing to your own thread-pool, don't use event thread!
[GC 2943574K->2685010K(3249280K), 0.0762440 secs]
[GC 2941138K->2718806K(3249280K), 0.0619010 secs]
[GC 2974934K->2692443K(3249280K), 0.0623390 secs]
[GC 2948571K->2725738K(3249280K), 0.0652850 secs]
[GC 2981866K->2694129K(3249280K), 0.0689540 secs]
 WARN  [hz._hzInstance_1_FenixFrameworkGroup.event] {com.hazelcast.spi.EventService} [127.0.0.1]:5710 [FenixFrameworkGroup] Caution: Off-load event processing to your own thread-pool, don't use event thread!
[GC 2950257K->2732665K(3249280K), 0.0720590 secs]
[GC 2988793K->2699188K(3249280K), 0.0650730 secs]
[GC 2955316K->2717735K(3267520K), 0.0891130 secs]
[GC 2973863K->2761293K(3267520K), 0.0793020 secs]
[GC 3017421K->2788998K(3287104K), 0.0981450 secs]
[GC 3045126K->2765703K(3298816K), 0.1008780 secs]
[GC 3021831K->2805529K(3310144K), 0.0967390 secs]
[GC 3061657K->2808129K(3333184K), 0.1038930 secs]
[GC 3064257K->2820831K(3348544K), 0.0891280 secs]
[GC 3076959K->2851393K(3362176K), 0.0898610 secs]
[GC 3106171K->2865674K(3378112K), 0.0951950 secs]
[GC 2868062K(3378112K), 0.0410310 secs]
[GC 3121802K->2881206K(3393280K), 0.0918650 secs]
[GC 3012656K(3393280K), 0.0572180 secs]
[GC 2688056K->2464437K(4251628K), 0.1002870 secs]
[GC 2720565K->2446106K(4251628K), 0.1070230 secs]
[GC 2700479K->2493675K(4251628K), 0.0979900 secs]
[GC 2749803K->2473062K(4251628K), 0.1019360 secs]
[GC 2729168K->2502240K(4251628K), 0.1042700 secs]
[GC 2758368K->2539423K(4251628K), 0.0980410 secs]
[GC 2794436K->2519639K(4251628K), 0.0979670 secs]
[GC 2775721K->2572770K(4251628K), 0.0972700 secs]
[GC 2828883K->2548656K(4251628K), 0.0976330 secs]
[GC 2804784K->2591754K(4251628K), 0.0916080 secs]
[GC 2847882K->2575504K(4251628K), 0.0823350 secs]
[GC 2830487K->2594012K(4251628K), 0.0719710 secs]
[GC 2849075K->2632189K(4251628K), 0.0926320 secs]
[GC 2888317K->2610877K(4251628K), 0.0981610 secs]
[GC 2867005K->2659400K(4251628K), 0.0924590 secs]
[GC 2915528K->2663609K(4251628K), 0.1006940 secs]
[GC 2918210K->2657114K(4251628K), 0.1070610 secs]
[GC 2912799K->2713069K(4251628K), 0.0800540 secs]
[GC 2969173K->2713934K(4251628K), 0.0951420 secs]
[GC 2970062K->2734538K(4251628K), 0.0972310 secs]
[GC 2990666K->2748929K(4251628K), 0.0948740 secs]
 WARN  [hz._hzInstance_1_FenixFrameworkGroup.event] {com.hazelcast.spi.EventService} [127.0.0.1]:5710 [FenixFrameworkGroup] Caution: Off-load event processing to your own thread-pool, don't use event thread!
[GC 3005057K->2777139K(4251628K), 0.0955740 secs]
[GC 3033209K->2782041K(4251628K), 0.0980200 secs]
[GC 3038154K->2798166K(4251628K), 0.0947090 secs]
[GC 3054294K->2795122K(4251628K), 0.0937500 secs]
[GC 3049718K->2810073K(4251628K), 0.0974260 secs]
[GC 3066201K->2846236K(4251628K), 0.0934970 secs]
[GC 3102364K->2866846K(4251628K), 0.1039120 secs]
[GC 3122974K->2881628K(4251628K), 0.0958760 secs]
[GC 3137724K->2872944K(4251628K), 0.1075280 secs]
[GC 3129072K->2923180K(4251628K), 0.0748520 secs]
[GC 3179308K->2897585K(4251628K), 0.0816610 secs]
 WARN  [hz._hzInstance_1_FenixFrameworkGroup.event] {com.hazelcast.spi.EventService} [127.0.0.1]:5710 [FenixFrameworkGroup] Caution: Off-load event processing to your own thread-pool, don't use event thread!
[GC 3153713K->2916892K(4251628K), 0.0668830 secs]
[GC 3173020K->2882673K(4251628K), 0.0698630 secs]
[GC 3138801K->2922947K(4251628K), 0.0745210 secs]
[GC 3179075K->2908621K(4251628K), 0.0866410 secs]
[GC 3164749K->2925215K(4251628K), 0.0657410 secs]
[GC 3181343K->2896909K(4251628K), 0.0747140 secs]
[GC 3153037K->2938325K(4251628K), 0.0892160 secs]
[GC 3194453K->2981367K(4251628K), 0.1197890 secs]
[GC 3237495K->2998112K(4251628K), 0.1155390 secs]
[GC 3254240K->2985137K(4251628K), 0.1238800 secs]
[GC 3241265K->2993445K(4251628K), 0.0919420 secs]
[GC 3249573K->3050369K(4251628K), 0.0912500 secs]
[GC 3306497K->3038122K(4251628K), 0.1075050 secs]
[GC 3294250K->3086336K(4251628K), 0.0857350 secs]
[GC 3342464K->3071616K(4251628K), 0.1154150 secs]
[GC 3327744K->3079462K(4251628K), 0.0923920 secs]
[GC 3335590K->3094052K(4251628K), 0.0888040 secs]
[GC 3350180K->3156115K(4251628K), 0.0845000 secs]
[GC 3411795K->3141926K(4251628K), 0.1135870 secs]
[GC 3398020K->3149669K(4251628K), 0.0938250 secs]
[GC 3405797K->3198048K(4251628K), 0.0904590 secs]
[GC 3454140K->3200684K(4251628K), 0.0890910 secs]
[GC 3455680K->3232829K(4251628K), 0.0922520 secs]
[GC 3488911K->3249758K(4251628K), 0.0930200 secs]
[GC 3505886K->3280159K(4251628K), 0.0761050 secs]
[GC 3536287K->3258714K(4251628K), 0.0836270 secs]
 WARN  [Thread-0] {org.radargun.ShutDownHook} Slave process: unexpected shutdown!
 INFO  [hz._hzInstance_1_FenixFrameworkGroup.IO.thread-in-2] {com.hazelcast.nio.TcpIpConnection} [127.0.0.1]:5710 [FenixFrameworkGroup] Connection [Address[127.0.0.1]:5701] lost. Reason: java.io.EOFException[Remote socket closed!]
 INFO  [hz.ShutdownThread] {com.hazelcast.nio.TcpIpConnection} [127.0.0.1]:5710 [FenixFrameworkGroup] Connection [Address[127.0.0.1]:5707] lost. Reason: Explicit close
 INFO  [hz._hzInstance_1_FenixFrameworkGroup.IO.thread-in-2] {com.hazelcast.nio.TcpIpConnection} [127.0.0.1]:5710 [FenixFrameworkGroup] Connection [Address[127.0.0.1]:5709] lost. Reason: java.io.EOFException[Remote socket closed!]
 INFO  [hz.ShutdownThread] {com.hazelcast.nio.TcpIpConnection} [127.0.0.1]:5710 [FenixFrameworkGroup] Connection [Address[127.0.0.1]:5708] lost. Reason: Explicit close
 INFO  [hz._hzInstance_1_FenixFrameworkGroup.IO.thread-in-0] {com.hazelcast.nio.TcpIpConnection} [127.0.0.1]:5710 [FenixFrameworkGroup] Connection [Address[127.0.0.1]:5709] lost. Reason: java.io.EOFException[Remote socket closed!]
 INFO  [hz.ShutdownThread] {com.hazelcast.nio.TcpIpConnection} [127.0.0.1]:5710 [FenixFrameworkGroup] Connection [Address[127.0.0.1]:5706] lost. Reason: Explicit close
 INFO  [hz._hzInstance_1_FenixFrameworkGroup.IO.thread-in-0] {com.hazelcast.nio.TcpIpConnection} [127.0.0.1]:5710 [FenixFrameworkGroup] Connection [Address[127.0.0.1]:5708] lost. Reason: java.io.EOFException[Remote socket closed!]
 INFO  [hz.ShutdownThread] {com.hazelcast.nio.TcpIpConnection} [127.0.0.1]:5710 [FenixFrameworkGroup] Connection [Address[127.0.0.1]:5705] lost. Reason: Explicit close
 INFO  [hz._hzInstance_1_FenixFrameworkGroup.IO.thread-in-2] {com.hazelcast.nio.TcpIpConnection} [127.0.0.1]:5710 [FenixFrameworkGroup] Connection [Address[127.0.0.1]:5706] lost. Reason: java.io.EOFException[Remote socket closed!]
 INFO  [hz._hzInstance_1_FenixFrameworkGroup.IO.thread-in-0] {com.hazelcast.nio.TcpIpConnection} [127.0.0.1]:5710 [FenixFrameworkGroup] Connection [Address[127.0.0.1]:5704] lost. Reason: java.io.EOFException[Remote socket closed!]
 INFO  [hz.ShutdownThread] {com.hazelcast.nio.TcpIpConnection} [127.0.0.1]:5710 [FenixFrameworkGroup] Connection [Address[127.0.0.1]:5711] lost. Reason: Explicit close
 INFO  [hz._hzInstance_1_FenixFrameworkGroup.IO.thread-in-1] {com.hazelcast.nio.TcpIpConnection} [127.0.0.1]:5710 [FenixFrameworkGroup] Connection [Address[127.0.0.1]:5704] lost. Reason: java.io.EOFException[Remote socket closed!]
 INFO  [hz.ShutdownThread] {com.hazelcast.nio.TcpIpConnection} [127.0.0.1]:5710 [FenixFrameworkGroup] Connection [Address[127.0.0.1]:5702] lost. Reason: Explicit close
 INFO  [hz.ShutdownThread] {com.hazelcast.nio.TcpIpConnection} [127.0.0.1]:5710 [FenixFrameworkGroup] Connection [Address[127.0.0.1]:5712] lost. Reason: Explicit close
 INFO  [hz.ShutdownThread] {com.hazelcast.nio.TcpIpConnection} [127.0.0.1]:5710 [FenixFrameworkGroup] Connection [Address[127.0.0.1]:5703] lost. Reason: Explicit close
 INFO  [hz.ShutdownThread] {com.hazelcast.nio.TcpIpConnection} [127.0.0.1]:5710 [FenixFrameworkGroup] Connection [Address[127.0.0.1]:5707] lost. Reason: Explicit close
 INFO  [hz.ShutdownThread] {com.hazelcast.nio.TcpIpConnection} [127.0.0.1]:5710 [FenixFrameworkGroup] Connection [Address[127.0.0.1]:5711] lost. Reason: Explicit close
 INFO  [hz.ShutdownThread] {com.hazelcast.nio.TcpIpConnection} [127.0.0.1]:5710 [FenixFrameworkGroup] Connection [Address[127.0.0.1]:5705] lost. Reason: Explicit close
 INFO  [hz.ShutdownThread] {com.hazelcast.initializer} [127.0.0.1]:5710 [FenixFrameworkGroup] Destroying node initializer.
 INFO  [hz.ShutdownThread] {com.hazelcast.instance.Node} [127.0.0.1]:5710 [FenixFrameworkGroup] Hazelcast Shutdown is completed in 64 ms.
