/usr/java/jdk1.7.0_21/bin/java -server -Xmx1024M -Xms1024M -Dresolve.dns=false -Djgroups.timer.num_threads=4 -verbose:gc -Xmx5000M -Xms3000M -server -XX:+UseConcMarkSweepGC -XX:+AggressiveOpts -verbose:gc -XX:ParallelGCThreads=4 -XX:NewRatio=5 -XX:SurvivorRatio=2 -Dhazelcast.operation.thread.count=4 -Djava.net.preferIPv4Stack=true -Dlog4j.file.prefix=deimos-esw-19286 -Dbind.address= -Djgroups.bind_addr= -classpath /home/smf/github/radargun/target/distribution/RadarGun-1.1.0-SNAPSHOT/lib/activation-1.1.jar:/home/smf/github/radargun/target/distribution/RadarGun-1.1.0-SNAPSHOT/lib/commons-beanutils-1.8.0.jar:/home/smf/github/radargun/target/distribution/RadarGun-1.1.0-SNAPSHOT/lib/commons-digester-2.0.jar:/home/smf/github/radargun/target/distribution/RadarGun-1.1.0-SNAPSHOT/lib/commons-logging-1.1.1.jar:/home/smf/github/radargun/target/distribution/RadarGun-1.1.0-SNAPSHOT/lib/commons-math-1.2.jar:/home/smf/github/radargun/target/distribution/RadarGun-1.1.0-SNAPSHOT/lib/jboss-transaction-api-1.0.1.GA.jar:/home/smf/github/radargun/target/distribution/RadarGun-1.1.0-SNAPSHOT/lib/jcommon-1.0.15.jar:/home/smf/github/radargun/target/distribution/RadarGun-1.1.0-SNAPSHOT/lib/jfreechart-1.0.12.jar:/home/smf/github/radargun/target/distribution/RadarGun-1.1.0-SNAPSHOT/lib/log4j-1.2.14.jar:/home/smf/github/radargun/target/distribution/RadarGun-1.1.0-SNAPSHOT/lib/mail-1.4.2.jar:/home/smf/github/radargun/target/distribution/RadarGun-1.1.0-SNAPSHOT/lib/radargun-framework-1.1.0-SNAPSHOT.jar:/home/smf/github/radargun/target/distribution/RadarGun-1.1.0-SNAPSHOT/conf org.radargun.Slave -master 127.0.0.1:2103
--------------------------------------------------------------------------------
PerNodeRollingFileAppender::Using file prefix:deimos-esw-19286
 INFO  [main] {org.radargun.Slave} Attempting to connect to master 127.0.0.1:2103
 INFO  [main] {org.radargun.Slave} Successfully established connection with master at: 127.0.0.1:2103
Loading JARS from /home/smf/github/radargun/target/distribution/RadarGun-1.1.0-SNAPSHOT/lib/radargun-framework-1.1.0-SNAPSHOT.jar
 INFO  [pool-1-thread-1] {org.radargun.config.AnnotatedHelper} Loading JARS from /home/smf/github/radargun/target/distribution/RadarGun-1.1.0-SNAPSHOT/lib/radargun-framework-1.1.0-SNAPSHOT.jar
 INFO  [pool-1-thread-1] {org.radargun.config.AnnotatedHelper} Loading JARS from /home/smf/github/radargun/target/distribution/RadarGun-1.1.0-SNAPSHOT/lib/radargun-framework-1.1.0-SNAPSHOT.jar
 INFO  [pool-1-thread-1] {org.radargun.Slave} Executing stage: DestroyWrapper {enforceMemoryThrashHold=true, exitBenchmarkOnSlaveFailure=false, heapDumpDir=null, memoryThreshold=95, runOnAllSlaves=true, slaves=null, useSmartClassLoading=true }
 INFO  [pool-1-thread-1] {org.radargun.stages.DestroyWrapperStage} Received destroy cache wrapper request from master...
 INFO  [pool-1-thread-1] {org.radargun.stages.DestroyWrapperStage} No cache wrapper deployed on this slave, nothing to do.
 INFO  [pool-1-thread-1] {org.radargun.stages.DestroyWrapperStage} Before executing clear, memory looks like this: Memory - free: 2,928,638 kb - max:4,906,688 kb- total:2,944,000 kb
[Full GC 15361K->3631K(2944000K), 0.0837820 secs]
 INFO  [pool-1-thread-1] {org.radargun.stages.DestroyWrapperStage} After executing cleanup, memory looks like this: Memory - free: 2,935,311 kb - max:4,906,688 kb- total:2,944,064 kb
 INFO  [pool-1-thread-1] {org.radargun.Slave} Finished stage: DestroyWrapper {enforceMemoryThrashHold=true, exitBenchmarkOnSlaveFailure=false, heapDumpDir=null, memoryThreshold=95, runOnAllSlaves=true, slaves=null, useSmartClassLoading=true }
 INFO  [main] {org.radargun.Slave} Ack successfully sent to the master
 INFO  [pool-1-thread-1] {org.radargun.Slave} Executing stage: StartCluster {config=hzl3-repl-sync.xml, delayAfterFirstSlaveStarts=5.000 secs, delayBetweenStartingSlaves=0.500 secs, exitBenchmarkOnSlaveFailure=true, expectNumSlaves=null, mayFailOn=null, reachable=null, runOnAllSlaves=false, slaves=null, staggerSlaveStartup=true, useSmartClassLoading=true, validateCluster=true }
 INFO  [pool-1-thread-1] {org.radargun.stages.StartClusterStage}  Startup staggering, starting 12 slaves. This is the slave with index 7. Sleeping for 8500 millis.
 INFO  [pool-1-thread-1] {org.radargun.stages.StartClusterStage} Ack master's StartCluster stage. Local address is: /127.0.0.1. This slave's index is: 7
 INFO  [pool-1-thread-1] {org.radargun.utils.ClassLoadHelper} Creating newInstance org.radargun.cachewrappers.FFWrapper with classloader java.net.URLClassLoader@154a65f8
 INFO  [pool-1-thread-1] {org.radargun.cachewrappers.FFWrapper} config=hzl3-repl-sync.xml, isLocal=false, nodeIndex=7, confAttributes={name=hzl3-repl-sync.xml, decorate=hazelcast3}
 INFO  [pool-1-thread-1] {org.radargun.cachewrappers.FFWrapper} Found fenix framework config options in 'rg-fenix-framework-config-options.properties'.
 INFO  [pool-1-thread-1] {org.radargun.cachewrappers.FFWrapper} Setting extra config properties for Fenix Framework.
 INFO  [pool-1-thread-1] {org.radargun.cachewrappers.FFWrapper} Will initialize Fenix Framework with RadarGunDataGridConfig
 TRACE [pool-1-thread-1] {pt.ist.fenixframework.FenixFramework} Static initializer block for FenixFramework class [BEGIN]
 INFO  [pool-1-thread-1] {pt.ist.fenixframework.FenixFramework} Trying auto-initialization with configuration by convention
 INFO  [pool-1-thread-1] {pt.ist.fenixframework.FenixFramework} Resource 'fenix-framework.properties' not found
 DEBUG [pool-1-thread-1] {pt.ist.fenixframework.FenixFramework} Fenix Framework properties after reading default config file:{}
 DEBUG [pool-1-thread-1] {pt.ist.fenixframework.FenixFramework} CurrentBackEndName = jvstm-datagrid
 INFO  [pool-1-thread-1] {pt.ist.fenixframework.FenixFramework} Resource 'fenix-framework-jvstm-datagrid.properties' not found
 DEBUG [pool-1-thread-1] {pt.ist.fenixframework.FenixFramework} Fenix Framework properties after reading backend config file:{}
 DEBUG [pool-1-thread-1] {pt.ist.fenixframework.FenixFramework} Fenix Framework properties after enforcing system properties:{}
 INFO  [pool-1-thread-1] {pt.ist.fenixframework.FenixFramework} Skipping configuration by convention.
 TRACE [pool-1-thread-1] {pt.ist.fenixframework.FenixFramework} Static initializer block for FenixFramework class [END]
 INFO  [pool-1-thread-1] {pt.ist.fenixframework.FenixFramework} Initializing Fenix Framework with config.class=pt.ist.fenixframework.backend.jvstm.datagrid.radargun.RadarGunDataGridConfig
 INFO  [pool-1-thread-1] {pt.ist.fenixframework.backend.jvstm.cluster.JvstmClusterBackEnd} initializeGroupCommunication()
 INFO  [pool-1-thread-1] {com.hazelcast.config.ClasspathXmlConfig} Configuring Hazelcast from 'hazelcast-ff.xml'.
 INFO  [pool-1-thread-1] {com.hazelcast.instance.DefaultAddressPicker} Interfaces is disabled, trying to pick one address from TCP-IP config addresses: [127.0.0.1]
 INFO  [pool-1-thread-1] {com.hazelcast.instance.DefaultAddressPicker} Picked Address[127.0.0.1]:5709, using socket ServerSocket[addr=/0.0.0.0,localport=5709], bind any local is true
 INFO  [pool-1-thread-1] {com.hazelcast.system} [127.0.0.1]:5709 [FenixFrameworkGroup] Hazelcast Community Edition 3.0.2 (20130906) starting at Address[127.0.0.1]:5709
 INFO  [pool-1-thread-1] {com.hazelcast.system} [127.0.0.1]:5709 [FenixFrameworkGroup] Copyright (C) 2008-2013 Hazelcast.com
 INFO  [pool-1-thread-1] {com.hazelcast.instance.Node} [127.0.0.1]:5709 [FenixFrameworkGroup] Creating MulticastJoiner
 INFO  [pool-1-thread-1] {com.hazelcast.core.LifecycleService} [127.0.0.1]:5709 [FenixFrameworkGroup] Address[127.0.0.1]:5709 is STARTING
 INFO  [pool-1-thread-1] {com.hazelcast.cluster.TcpIpJoiner} [127.0.0.1]:5709 [FenixFrameworkGroup] Connecting to possible member: Address[127.0.0.1]:5703
 INFO  [pool-1-thread-1] {com.hazelcast.cluster.TcpIpJoiner} [127.0.0.1]:5709 [FenixFrameworkGroup] Connecting to possible member: Address[127.0.0.1]:5702
 INFO  [pool-1-thread-1] {com.hazelcast.cluster.TcpIpJoiner} [127.0.0.1]:5709 [FenixFrameworkGroup] Connecting to possible member: Address[127.0.0.1]:5701
 INFO  [hz._hzInstance_1_FenixFrameworkGroup.cached.thread-1] {com.hazelcast.nio.SocketConnector} [127.0.0.1]:5709 [FenixFrameworkGroup] Connecting to /127.0.0.1:5701, timeout: 0, bind-any: true
 INFO  [hz._hzInstance_1_FenixFrameworkGroup.cached.thread-2] {com.hazelcast.nio.SocketConnector} [127.0.0.1]:5709 [FenixFrameworkGroup] Connecting to /127.0.0.1:5703, timeout: 0, bind-any: true
 INFO  [hz._hzInstance_1_FenixFrameworkGroup.cached.thread-3] {com.hazelcast.nio.SocketConnector} [127.0.0.1]:5709 [FenixFrameworkGroup] Connecting to /127.0.0.1:5702, timeout: 0, bind-any: true
 INFO  [hz._hzInstance_1_FenixFrameworkGroup.cached.thread-1] {com.hazelcast.nio.TcpIpConnectionManager} [127.0.0.1]:5709 [FenixFrameworkGroup] 45193 accepted socket connection from /127.0.0.1:5701
 INFO  [hz._hzInstance_1_FenixFrameworkGroup.cached.thread-2] {com.hazelcast.nio.TcpIpConnectionManager} [127.0.0.1]:5709 [FenixFrameworkGroup] 42799 accepted socket connection from /127.0.0.1:5703
 INFO  [hz._hzInstance_1_FenixFrameworkGroup.cached.thread-3] {com.hazelcast.nio.TcpIpConnectionManager} [127.0.0.1]:5709 [FenixFrameworkGroup] 34870 accepted socket connection from /127.0.0.1:5702
 INFO  [hz._hzInstance_1_FenixFrameworkGroup.IO.thread-in-1] {com.hazelcast.nio.TcpIpConnection} [127.0.0.1]:5709 [FenixFrameworkGroup] Connection [Address[127.0.0.1]:5702] lost. Reason: java.io.EOFException[Remote socket closed!]
 WARN  [hz._hzInstance_1_FenixFrameworkGroup.IO.thread-in-1] {com.hazelcast.nio.ReadHandler} [127.0.0.1]:5709 [FenixFrameworkGroup] hz._hzInstance_1_FenixFrameworkGroup.IO.thread-in-1 Closing socket to endpoint Address[127.0.0.1]:5702, Cause:java.io.EOFException: Remote socket closed!
 INFO  [hz._hzInstance_1_FenixFrameworkGroup.cached.thread-1] {com.hazelcast.cluster.ClusterService} [127.0.0.1]:5709 [FenixFrameworkGroup] 

Members [12] {
	Member [127.0.0.1]:5701
	Member [127.0.0.1]:5703
	Member [127.0.0.1]:5704
	Member [127.0.0.1]:5705
	Member [127.0.0.1]:5706
	Member [127.0.0.1]:5707
	Member [127.0.0.1]:5708
	Member [127.0.0.1]:5709 this
	Member [127.0.0.1]:5710
	Member [127.0.0.1]:5711
	Member [127.0.0.1]:5712
	Member [127.0.0.1]:5713
}

 INFO  [hz._hzInstance_1_FenixFrameworkGroup.IO.thread-Acceptor] {com.hazelcast.nio.SocketAcceptor} [127.0.0.1]:5709 [FenixFrameworkGroup] Accepting socket connection from /127.0.0.1:56124
 INFO  [hz._hzInstance_1_FenixFrameworkGroup.IO.thread-Acceptor] {com.hazelcast.nio.TcpIpConnectionManager} [127.0.0.1]:5709 [FenixFrameworkGroup] 5709 accepted socket connection from /127.0.0.1:56124
 INFO  [hz._hzInstance_1_FenixFrameworkGroup.cached.thread-4] {com.hazelcast.nio.SocketConnector} [127.0.0.1]:5709 [FenixFrameworkGroup] Connecting to /127.0.0.1:5704, timeout: 0, bind-any: true
 INFO  [hz._hzInstance_1_FenixFrameworkGroup.cached.thread-3] {com.hazelcast.nio.SocketConnector} [127.0.0.1]:5709 [FenixFrameworkGroup] Connecting to /127.0.0.1:5705, timeout: 0, bind-any: true
 INFO  [hz._hzInstance_1_FenixFrameworkGroup.cached.thread-3] {com.hazelcast.nio.TcpIpConnectionManager} [127.0.0.1]:5709 [FenixFrameworkGroup] 36880 accepted socket connection from /127.0.0.1:5705
 INFO  [hz._hzInstance_1_FenixFrameworkGroup.IO.thread-Acceptor] {com.hazelcast.nio.SocketAcceptor} [127.0.0.1]:5709 [FenixFrameworkGroup] Accepting socket connection from /127.0.0.1:38333
 INFO  [hz._hzInstance_1_FenixFrameworkGroup.IO.thread-Acceptor] {com.hazelcast.nio.TcpIpConnectionManager} [127.0.0.1]:5709 [FenixFrameworkGroup] 5709 accepted socket connection from /127.0.0.1:38333
 INFO  [hz._hzInstance_1_FenixFrameworkGroup.cached.thread-3] {com.hazelcast.nio.SocketConnector} [127.0.0.1]:5709 [FenixFrameworkGroup] Connecting to /127.0.0.1:5706, timeout: 0, bind-any: true
 INFO  [hz._hzInstance_1_FenixFrameworkGroup.cached.thread-4] {com.hazelcast.nio.TcpIpConnectionManager} [127.0.0.1]:5709 [FenixFrameworkGroup] 51703 accepted socket connection from /127.0.0.1:5704
 INFO  [hz._hzInstance_1_FenixFrameworkGroup.IO.thread-Acceptor] {com.hazelcast.nio.SocketAcceptor} [127.0.0.1]:5709 [FenixFrameworkGroup] Accepting socket connection from /127.0.0.1:50381
 INFO  [hz._hzInstance_1_FenixFrameworkGroup.cached.thread-5] {com.hazelcast.nio.SocketConnector} [127.0.0.1]:5709 [FenixFrameworkGroup] Connecting to /127.0.0.1:5707, timeout: 0, bind-any: true
 INFO  [hz._hzInstance_1_FenixFrameworkGroup.IO.thread-Acceptor] {com.hazelcast.nio.TcpIpConnectionManager} [127.0.0.1]:5709 [FenixFrameworkGroup] 5709 accepted socket connection from /127.0.0.1:50381
 INFO  [hz._hzInstance_1_FenixFrameworkGroup.cached.thread-5] {com.hazelcast.nio.TcpIpConnectionManager} [127.0.0.1]:5709 [FenixFrameworkGroup] 45821 accepted socket connection from /127.0.0.1:5707
 INFO  [hz._hzInstance_1_FenixFrameworkGroup.cached.thread-3] {com.hazelcast.nio.TcpIpConnectionManager} [127.0.0.1]:5709 [FenixFrameworkGroup] 36710 accepted socket connection from /127.0.0.1:5706
 INFO  [hz._hzInstance_1_FenixFrameworkGroup.cached.thread-3] {com.hazelcast.nio.SocketConnector} [127.0.0.1]:5709 [FenixFrameworkGroup] Connecting to /127.0.0.1:5713, timeout: 0, bind-any: true
 INFO  [hz._hzInstance_1_FenixFrameworkGroup.IO.thread-Acceptor] {com.hazelcast.nio.SocketAcceptor} [127.0.0.1]:5709 [FenixFrameworkGroup] Accepting socket connection from /127.0.0.1:41992
 INFO  [hz._hzInstance_1_FenixFrameworkGroup.cached.thread-5] {com.hazelcast.nio.SocketConnector} [127.0.0.1]:5709 [FenixFrameworkGroup] Connecting to /127.0.0.1:5708, timeout: 0, bind-any: true
 INFO  [hz._hzInstance_1_FenixFrameworkGroup.cached.thread-3] {com.hazelcast.nio.TcpIpConnectionManager} [127.0.0.1]:5709 [FenixFrameworkGroup] 59533 accepted socket connection from /127.0.0.1:5713
 INFO  [hz._hzInstance_1_FenixFrameworkGroup.cached.thread-5] {com.hazelcast.nio.TcpIpConnectionManager} [127.0.0.1]:5709 [FenixFrameworkGroup] 50690 accepted socket connection from /127.0.0.1:5708
 INFO  [hz._hzInstance_1_FenixFrameworkGroup.IO.thread-Acceptor] {com.hazelcast.nio.TcpIpConnectionManager} [127.0.0.1]:5709 [FenixFrameworkGroup] 5709 accepted socket connection from /127.0.0.1:41992
 INFO  [hz._hzInstance_1_FenixFrameworkGroup.IO.thread-Acceptor] {com.hazelcast.nio.SocketAcceptor} [127.0.0.1]:5709 [FenixFrameworkGroup] Accepting socket connection from /127.0.0.1:57402
 INFO  [hz._hzInstance_1_FenixFrameworkGroup.IO.thread-Acceptor] {com.hazelcast.nio.TcpIpConnectionManager} [127.0.0.1]:5709 [FenixFrameworkGroup] 5709 accepted socket connection from /127.0.0.1:57402
 INFO  [hz._hzInstance_1_FenixFrameworkGroup.cached.thread-7] {com.hazelcast.nio.SocketConnector} [127.0.0.1]:5709 [FenixFrameworkGroup] Connecting to /127.0.0.1:5710, timeout: 0, bind-any: true
 INFO  [hz._hzInstance_1_FenixFrameworkGroup.cached.thread-6] {com.hazelcast.nio.SocketConnector} [127.0.0.1]:5709 [FenixFrameworkGroup] Connecting to /127.0.0.1:5712, timeout: 0, bind-any: true
 INFO  [hz._hzInstance_1_FenixFrameworkGroup.cached.thread-7] {com.hazelcast.nio.TcpIpConnectionManager} [127.0.0.1]:5709 [FenixFrameworkGroup] 43328 accepted socket connection from /127.0.0.1:5710
 INFO  [hz._hzInstance_1_FenixFrameworkGroup.IO.thread-Acceptor] {com.hazelcast.nio.SocketAcceptor} [127.0.0.1]:5709 [FenixFrameworkGroup] Accepting socket connection from /127.0.0.1:53619
 INFO  [hz._hzInstance_1_FenixFrameworkGroup.cached.thread-6] {com.hazelcast.nio.TcpIpConnectionManager} [127.0.0.1]:5709 [FenixFrameworkGroup] 59296 accepted socket connection from /127.0.0.1:5712
 INFO  [hz._hzInstance_1_FenixFrameworkGroup.IO.thread-Acceptor] {com.hazelcast.nio.TcpIpConnectionManager} [127.0.0.1]:5709 [FenixFrameworkGroup] 5709 accepted socket connection from /127.0.0.1:53619
 INFO  [hz._hzInstance_1_FenixFrameworkGroup.IO.thread-Acceptor] {com.hazelcast.nio.SocketAcceptor} [127.0.0.1]:5709 [FenixFrameworkGroup] Accepting socket connection from /127.0.0.1:43607
 INFO  [hz._hzInstance_1_FenixFrameworkGroup.IO.thread-Acceptor] {com.hazelcast.nio.TcpIpConnectionManager} [127.0.0.1]:5709 [FenixFrameworkGroup] 5709 accepted socket connection from /127.0.0.1:43607
 INFO  [pool-1-thread-1] {com.hazelcast.core.LifecycleService} [127.0.0.1]:5709 [FenixFrameworkGroup] Address[127.0.0.1]:5709 is STARTED
 INFO  [pool-1-thread-1] {pt.ist.fenixframework.backend.jvstm.cluster.ClusterUtils} Got (long) serverId: 6
 INFO  [pool-1-thread-1] {pt.ist.fenixframework.backend.jvstm.cluster.JvstmClusterBackEnd} This is NOT the first node.
 INFO  [pool-1-thread-1] {pt.ist.fenixframework.backend.jvstm.cluster.ClusterUtils} Waiting for startup from first node
 INFO  [pool-1-thread-1] {pt.ist.fenixframework.backend.jvstm.JVSTMBackEnd} initializeRepository()
 INFO  [pool-1-thread-1] {pt.ist.fenixframework.backend.jvstm.datagrid.radargun.DataGridDecorator} config=hzl3-repl-sync.xml, isLocal=false, nodeIndex=7, confAttributes={name=hzl3-repl-sync.xml}
 INFO  [pool-1-thread-1] {org.radargun.cachewrappers.Hazelcast3Wrapper} Creating cache with the following configuration: hzl3-repl-sync.xml
 INFO  [pool-1-thread-1] {com.hazelcast.instance.DefaultAddressPicker} Interfaces is disabled, trying to pick one address from TCP-IP config addresses: [127.0.0.1]
 INFO  [pool-1-thread-1] {com.hazelcast.instance.DefaultAddressPicker} Picked Address[127.0.0.1]:5719, using socket ServerSocket[addr=/0.0.0.0,localport=5719], bind any local is true
 INFO  [pool-1-thread-1] {com.hazelcast.system} [127.0.0.1]:5719 [dev] Hazelcast Community Edition 3.0.2 (20130906) starting at Address[127.0.0.1]:5719
 INFO  [pool-1-thread-1] {com.hazelcast.system} [127.0.0.1]:5719 [dev] Copyright (C) 2008-2013 Hazelcast.com
 INFO  [pool-1-thread-1] {com.hazelcast.instance.Node} [127.0.0.1]:5719 [dev] Creating MulticastJoiner
 INFO  [pool-1-thread-1] {com.hazelcast.core.LifecycleService} [127.0.0.1]:5719 [dev] Address[127.0.0.1]:5719 is STARTING
 INFO  [pool-1-thread-1] {com.hazelcast.cluster.TcpIpJoiner} [127.0.0.1]:5719 [dev] Connecting to possible member: Address[127.0.0.1]:5703
 INFO  [pool-1-thread-1] {com.hazelcast.cluster.TcpIpJoiner} [127.0.0.1]:5719 [dev] Connecting to possible member: Address[127.0.0.1]:5702
 INFO  [pool-1-thread-1] {com.hazelcast.cluster.TcpIpJoiner} [127.0.0.1]:5719 [dev] Connecting to possible member: Address[127.0.0.1]:5701
 INFO  [hz._hzInstance_2_dev.cached.thread-2] {com.hazelcast.nio.SocketConnector} [127.0.0.1]:5719 [dev] Connecting to /127.0.0.1:5703, timeout: 0, bind-any: true
 INFO  [hz._hzInstance_2_dev.cached.thread-3] {com.hazelcast.nio.SocketConnector} [127.0.0.1]:5719 [dev] Connecting to /127.0.0.1:5702, timeout: 0, bind-any: true
 INFO  [hz._hzInstance_2_dev.cached.thread-2] {com.hazelcast.nio.TcpIpConnectionManager} [127.0.0.1]:5719 [dev] 37116 accepted socket connection from /127.0.0.1:5703
 INFO  [hz._hzInstance_2_dev.cached.thread-3] {com.hazelcast.nio.TcpIpConnectionManager} [127.0.0.1]:5719 [dev] 43323 accepted socket connection from /127.0.0.1:5702
 INFO  [hz._hzInstance_2_dev.cached.thread-1] {com.hazelcast.nio.SocketConnector} [127.0.0.1]:5719 [dev] Connecting to /127.0.0.1:5701, timeout: 0, bind-any: true
 INFO  [hz._hzInstance_2_dev.cached.thread-1] {com.hazelcast.nio.TcpIpConnectionManager} [127.0.0.1]:5719 [dev] 54387 accepted socket connection from /127.0.0.1:5701
 INFO  [hz._hzInstance_2_dev.IO.thread-in-0] {com.hazelcast.nio.TcpIpConnection} [127.0.0.1]:5719 [dev] Connection [Address[127.0.0.1]:5703] lost. Reason: java.io.EOFException[Remote socket closed!]
 INFO  [hz._hzInstance_2_dev.IO.thread-in-2] {com.hazelcast.nio.TcpIpConnection} [127.0.0.1]:5719 [dev] Connection [Address[127.0.0.1]:5701] lost. Reason: java.io.EOFException[Remote socket closed!]
 WARN  [hz._hzInstance_2_dev.IO.thread-in-0] {com.hazelcast.nio.ReadHandler} [127.0.0.1]:5719 [dev] hz._hzInstance_2_dev.IO.thread-in-0 Closing socket to endpoint Address[127.0.0.1]:5703, Cause:java.io.EOFException: Remote socket closed!
 WARN  [hz._hzInstance_2_dev.IO.thread-in-2] {com.hazelcast.nio.ReadHandler} [127.0.0.1]:5719 [dev] hz._hzInstance_2_dev.IO.thread-in-2 Closing socket to endpoint Address[127.0.0.1]:5701, Cause:java.io.EOFException: Remote socket closed!
 INFO  [hz._hzInstance_2_dev.cached.thread-1] {com.hazelcast.cluster.ClusterService} [127.0.0.1]:5719 [dev] 

Members [12] {
	Member [127.0.0.1]:5702
	Member [127.0.0.1]:5714
	Member [127.0.0.1]:5715
	Member [127.0.0.1]:5716
	Member [127.0.0.1]:5717
	Member [127.0.0.1]:5718
	Member [127.0.0.1]:5719 this
	Member [127.0.0.1]:5720
	Member [127.0.0.1]:5721
	Member [127.0.0.1]:5722
	Member [127.0.0.1]:5723
	Member [127.0.0.1]:5724
}

 INFO  [hz._hzInstance_2_dev.IO.thread-Acceptor] {com.hazelcast.nio.SocketAcceptor} [127.0.0.1]:5719 [dev] Accepting socket connection from /127.0.0.1:43900
 INFO  [hz._hzInstance_2_dev.cached.thread-9] {com.hazelcast.nio.SocketConnector} [127.0.0.1]:5719 [dev] Connecting to /127.0.0.1:5714, timeout: 0, bind-any: true
 INFO  [hz._hzInstance_2_dev.cached.thread-7] {com.hazelcast.nio.SocketConnector} [127.0.0.1]:5719 [dev] Connecting to /127.0.0.1:5715, timeout: 0, bind-any: true
 INFO  [hz._hzInstance_2_dev.IO.thread-Acceptor] {com.hazelcast.nio.TcpIpConnectionManager} [127.0.0.1]:5719 [dev] 5719 accepted socket connection from /127.0.0.1:43900
 INFO  [hz._hzInstance_2_dev.cached.thread-6] {com.hazelcast.nio.SocketConnector} [127.0.0.1]:5719 [dev] Connecting to /127.0.0.1:5716, timeout: 0, bind-any: true
 INFO  [hz._hzInstance_2_dev.IO.thread-Acceptor] {com.hazelcast.nio.SocketAcceptor} [127.0.0.1]:5719 [dev] Accepting socket connection from /127.0.0.1:34854
 INFO  [hz._hzInstance_2_dev.cached.thread-9] {com.hazelcast.nio.TcpIpConnectionManager} [127.0.0.1]:5719 [dev] 33264 accepted socket connection from /127.0.0.1:5714
 INFO  [hz._hzInstance_2_dev.cached.thread-6] {com.hazelcast.nio.TcpIpConnectionManager} [127.0.0.1]:5719 [dev] 58992 accepted socket connection from /127.0.0.1:5716
 INFO  [hz._hzInstance_2_dev.cached.thread-8] {com.hazelcast.nio.SocketConnector} [127.0.0.1]:5719 [dev] Connecting to /127.0.0.1:5722, timeout: 0, bind-any: true
 INFO  [hz._hzInstance_2_dev.cached.thread-11] {com.hazelcast.nio.SocketConnector} [127.0.0.1]:5719 [dev] Connecting to /127.0.0.1:5717, timeout: 0, bind-any: true
 INFO  [hz._hzInstance_2_dev.cached.thread-5] {com.hazelcast.nio.SocketConnector} [127.0.0.1]:5719 [dev] Connecting to /127.0.0.1:5718, timeout: 0, bind-any: true
 INFO  [hz._hzInstance_2_dev.cached.thread-9] {com.hazelcast.nio.SocketConnector} [127.0.0.1]:5719 [dev] Connecting to /127.0.0.1:5724, timeout: 0, bind-any: true
 INFO  [hz._hzInstance_2_dev.cached.thread-7] {com.hazelcast.nio.TcpIpConnectionManager} [127.0.0.1]:5719 [dev] 51105 accepted socket connection from /127.0.0.1:5715
 INFO  [hz._hzInstance_2_dev.cached.thread-5] {com.hazelcast.nio.TcpIpConnectionManager} [127.0.0.1]:5719 [dev] 36764 accepted socket connection from /127.0.0.1:5718
 INFO  [hz._hzInstance_2_dev.cached.thread-3] {com.hazelcast.nio.SocketConnector} [127.0.0.1]:5719 [dev] Connecting to /127.0.0.1:5720, timeout: 0, bind-any: true
 INFO  [hz._hzInstance_2_dev.cached.thread-9] {com.hazelcast.nio.TcpIpConnectionManager} [127.0.0.1]:5719 [dev] 53940 accepted socket connection from /127.0.0.1:5724
 INFO  [hz._hzInstance_2_dev.cached.thread-11] {com.hazelcast.nio.TcpIpConnectionManager} [127.0.0.1]:5719 [dev] 48381 accepted socket connection from /127.0.0.1:5717
 INFO  [hz._hzInstance_2_dev.cached.thread-4] {com.hazelcast.nio.SocketConnector} [127.0.0.1]:5719 [dev] Connecting to /127.0.0.1:5721, timeout: 0, bind-any: true
 INFO  [hz._hzInstance_2_dev.cached.thread-6] {com.hazelcast.nio.SocketConnector} [127.0.0.1]:5719 [dev] Connecting to /127.0.0.1:5723, timeout: 0, bind-any: true
 INFO  [hz._hzInstance_2_dev.cached.thread-8] {com.hazelcast.nio.TcpIpConnectionManager} [127.0.0.1]:5719 [dev] 51613 accepted socket connection from /127.0.0.1:5722
 INFO  [hz._hzInstance_2_dev.IO.thread-Acceptor] {com.hazelcast.nio.TcpIpConnectionManager} [127.0.0.1]:5719 [dev] 5719 accepted socket connection from /127.0.0.1:34854
 INFO  [hz._hzInstance_2_dev.cached.thread-6] {com.hazelcast.nio.TcpIpConnectionManager} [127.0.0.1]:5719 [dev] 35350 accepted socket connection from /127.0.0.1:5723
 INFO  [hz._hzInstance_2_dev.cached.thread-4] {com.hazelcast.nio.TcpIpConnectionManager} [127.0.0.1]:5719 [dev] 55848 accepted socket connection from /127.0.0.1:5721
 INFO  [hz._hzInstance_2_dev.cached.thread-3] {com.hazelcast.nio.TcpIpConnectionManager} [127.0.0.1]:5719 [dev] 57065 accepted socket connection from /127.0.0.1:5720
 INFO  [hz._hzInstance_2_dev.IO.thread-Acceptor] {com.hazelcast.nio.SocketAcceptor} [127.0.0.1]:5719 [dev] Accepting socket connection from /127.0.0.1:53149
 INFO  [hz._hzInstance_2_dev.IO.thread-Acceptor] {com.hazelcast.nio.TcpIpConnectionManager} [127.0.0.1]:5719 [dev] 5719 accepted socket connection from /127.0.0.1:53149
 INFO  [hz._hzInstance_2_dev.IO.thread-Acceptor] {com.hazelcast.nio.SocketAcceptor} [127.0.0.1]:5719 [dev] Accepting socket connection from /127.0.0.1:34707
 INFO  [hz._hzInstance_2_dev.IO.thread-Acceptor] {com.hazelcast.nio.TcpIpConnectionManager} [127.0.0.1]:5719 [dev] 5719 accepted socket connection from /127.0.0.1:34707
 INFO  [hz._hzInstance_2_dev.IO.thread-Acceptor] {com.hazelcast.nio.SocketAcceptor} [127.0.0.1]:5719 [dev] Accepting socket connection from /127.0.0.1:43341
 INFO  [hz._hzInstance_2_dev.IO.thread-Acceptor] {com.hazelcast.nio.TcpIpConnectionManager} [127.0.0.1]:5719 [dev] 5719 accepted socket connection from /127.0.0.1:43341
 INFO  [hz._hzInstance_2_dev.IO.thread-Acceptor] {com.hazelcast.nio.SocketAcceptor} [127.0.0.1]:5719 [dev] Accepting socket connection from /127.0.0.1:49579
 INFO  [hz._hzInstance_2_dev.IO.thread-Acceptor] {com.hazelcast.nio.TcpIpConnectionManager} [127.0.0.1]:5719 [dev] 5719 accepted socket connection from /127.0.0.1:49579
 INFO  [hz._hzInstance_2_dev.IO.thread-Acceptor] {com.hazelcast.nio.SocketAcceptor} [127.0.0.1]:5719 [dev] Accepting socket connection from /127.0.0.1:40921
 INFO  [hz._hzInstance_2_dev.IO.thread-Acceptor] {com.hazelcast.nio.TcpIpConnectionManager} [127.0.0.1]:5719 [dev] 5719 accepted socket connection from /127.0.0.1:40921
 INFO  [hz._hzInstance_2_dev.IO.thread-Acceptor] {com.hazelcast.nio.SocketAcceptor} [127.0.0.1]:5719 [dev] Accepting socket connection from /127.0.0.1:37126
 INFO  [hz._hzInstance_2_dev.IO.thread-Acceptor] {com.hazelcast.nio.TcpIpConnectionManager} [127.0.0.1]:5719 [dev] 5719 accepted socket connection from /127.0.0.1:37126
 INFO  [hz._hzInstance_2_dev.IO.thread-Acceptor] {com.hazelcast.nio.SocketAcceptor} [127.0.0.1]:5719 [dev] Accepting socket connection from /127.0.0.1:51218
 INFO  [hz._hzInstance_2_dev.IO.thread-Acceptor] {com.hazelcast.nio.TcpIpConnectionManager} [127.0.0.1]:5719 [dev] 5719 accepted socket connection from /127.0.0.1:51218
 INFO  [hz._hzInstance_2_dev.IO.thread-Acceptor] {com.hazelcast.nio.SocketAcceptor} [127.0.0.1]:5719 [dev] Accepting socket connection from /127.0.0.1:41534
 INFO  [hz._hzInstance_2_dev.IO.thread-Acceptor] {com.hazelcast.nio.TcpIpConnectionManager} [127.0.0.1]:5719 [dev] 5719 accepted socket connection from /127.0.0.1:41534
[GC 259695K->12938K(2944064K), 0.0411470 secs]
 WARN  [pool-1-thread-1] {com.hazelcast.instance.Node} [127.0.0.1]:5719 [dev] Config seed port is 5701 and cluster size is 12. Some of the ports seem occupied!
 INFO  [pool-1-thread-1] {com.hazelcast.core.LifecycleService} [127.0.0.1]:5719 [dev] Address[127.0.0.1]:5719 is STARTED
 INFO  [pool-1-thread-1] {org.radargun.cachewrappers.Hazelcast3Wrapper} Hazelcast configuration:Config{groupConfig=GroupConfig [name=dev, password=********], properties={hazelcast.logging.type=log4j}, networkConfig=NetworkConfig {publicAddress='null', port=5701, portCount=100, portAutoIncrement=true, join=JoinConfig{multicastConfig=MulticastConfig [enabled=true, multicastGroup=224.0.2.128, multicastPort=54327, multicastTimeToLive=32, multicastTimeoutSeconds=2, trustedInterfaces=[]], tcpIpConfig=TcpIpConfig [enabled=true, connectionTimeoutSeconds=5, members=[127.0.0.1], requiredMember=null], awsConfig=AwsConfig{enabled=false, region='us-east-1', securityGroupName='null', tagKey='null', tagValue='null', hostHeader='ec2.amazonaws.com', connectionTimeoutSeconds=5}}, interfaces=InterfacesConfig{enabled=false, interfaces=[]}, sslConfig=null, socketInterceptorConfig=null, symmetricEncryptionConfig=null}, mapConfigs={default=MapConfig{name='default', inMemoryFormat=BINARY', backupCount=5, asyncBackupCount=0, timeToLiveSeconds=0, maxIdleSeconds=0, evictionPolicy='NONE', evictionPercentage=0, maxSizeConfig=MaxSizeConfig{maxSizePolicy='PER_PARTITION', size=2147483647}, readBackupData=true, nearCacheConfig=null, mapStoreConfig=null, mergePolicyConfig='hz.ADD_NEW_ENTRY', wanReplicationRef=null, listenerConfigs=[], mapIndexConfigs=[], storageType=null}}, topicConfigs={}, queueConfigs={}, multiMapConfigs={}, executorConfigs={default=ExecutorConfig{name='default', poolSize=8, queueCapacity=2147483647}}, semaphoreConfigs={}, wanReplicationConfigs={}, listenerConfigs=[], partitionGroupConfig=PartitionGroupConfig{enabled=false, groupType=PER_MEMBER, memberGroupConfigs=[]}, managementCenterConfig=ManagementCenterConfig{enabled=false, url='null', updateInterval=5}, securityConfig=SecurityConfig{enabled=false, memberCredentialsConfig=CredentialsFactoryConfig{className='null', implementation=null, properties={}}, memberLoginModuleConfigs=[], clientLoginModuleConfigs=[], clientPolicyConfig=PermissionPolicyConfig{className='null', implementation=null, properties={}}, clientPermissionConfigs=[]}}
 INFO  [pool-1-thread-1] {pt.ist.fenixframework.backend.jvstm.datagrid.DataGridRepository} Initialization marker is present. Data Grid already existed.
 INFO  [pool-1-thread-1] {pt.ist.fenixframework.backend.jvstm.JVSTMBackEnd} initializeDomainClassInfos
 INFO  [pool-1-thread-1] {pt.ist.fenixframework.backend.jvstm.pstm.DomainClassInfo} serverId: 6, serverOidBase: 6000000000000
 INFO  [pool-1-thread-1] {pt.ist.fenixframework.backend.jvstm.pstm.DomainClassInfo} Existing domain class 'pt.ist.fenixframework.adt.bplustree.DomainLeafNode' with id '1'
 INFO  [pool-1-thread-1] {pt.ist.fenixframework.backend.jvstm.pstm.DomainClassInfo} Existing domain class 'pt.ist.fenixframework.adt.linkedlist.LinkedList' with id '9'
 INFO  [pool-1-thread-1] {pt.ist.fenixframework.backend.jvstm.pstm.DomainClassInfo} Existing domain class 'pt.ist.fenixframework.adt.bplustree.DomainBPlusTree' with id 'e'
 INFO  [pool-1-thread-1] {pt.ist.fenixframework.backend.jvstm.pstm.DomainClassInfo} Existing domain class 'pt.ist.fenixframework.adt.bplustree.DomainInnerNode' with id '3'
 INFO  [pool-1-thread-1] {pt.ist.fenixframework.backend.jvstm.pstm.DomainClassInfo} Existing domain class 'pt.ist.fenixframework.adt.bplustree.LeafNodeArray' with id 'c'
 INFO  [pool-1-thread-1] {pt.ist.fenixframework.backend.jvstm.pstm.DomainClassInfo} Existing domain class 'pt.ist.fenixframework.backend.jvstm.pstm.FenixFrameworkData' with id 'd'
 INFO  [pool-1-thread-1] {pt.ist.fenixframework.backend.jvstm.pstm.DomainClassInfo} Existing domain class 'pt.ist.fenixframework.adt.bplustree.InnerNodeArray' with id 'b'
 INFO  [pool-1-thread-1] {pt.ist.fenixframework.backend.jvstm.pstm.DomainClassInfo} Existing domain class 'pt.ist.fenixframework.backend.jvstm.pstm.TransactionStatisticsEntry' with id '5'
 INFO  [pool-1-thread-1] {pt.ist.fenixframework.backend.jvstm.pstm.DomainClassInfo} Existing domain class 'pt.ist.fenixframework.adt.bplustree.AbstractNodeArray' with id 'a'
 INFO  [pool-1-thread-1] {pt.ist.fenixframework.backend.jvstm.pstm.DomainClassInfo} Existing domain class 'pt.ist.fenixframework.adt.bplustree.BPlusTreeArray' with id '2'
 INFO  [pool-1-thread-1] {pt.ist.fenixframework.backend.jvstm.pstm.DomainClassInfo} Existing domain class 'pt.ist.fenixframework.adt.linkedlist.ListNode' with id '6'
 INFO  [pool-1-thread-1] {pt.ist.fenixframework.backend.jvstm.pstm.DomainClassInfo} Existing domain class 'pt.ist.fenixframework.DomainRoot' with id '0'
 INFO  [pool-1-thread-1] {pt.ist.fenixframework.backend.jvstm.pstm.DomainClassInfo} Existing domain class 'pt.ist.fenixframework.adt.bplustree.LeafNode' with id '4'
 INFO  [pool-1-thread-1] {pt.ist.fenixframework.backend.jvstm.pstm.DomainClassInfo} Existing domain class 'pt.ist.fenixframework.adt.bplustree.AbstractNode' with id 'f'
 INFO  [pool-1-thread-1] {pt.ist.fenixframework.backend.jvstm.pstm.DomainClassInfo} Existing domain class 'pt.ist.fenixframework.adt.bplustree.BPlusTree' with id '7'
 INFO  [pool-1-thread-1] {pt.ist.fenixframework.backend.jvstm.pstm.DomainClassInfo} Existing domain class 'pt.ist.fenixframework.adt.bplustree.InnerNode' with id '8'
 INFO  [pool-1-thread-1] {pt.ist.fenixframework.backend.jvstm.JVSTMBackEnd} setupJVSTM
 INFO  [pool-1-thread-1] {pt.ist.fenixframework.backend.jvstm.JVSTMBackEnd} Setting the last committed TX number to 2
 INFO  [pool-1-thread-1] {pt.ist.fenixframework.backend.jvstm.JVSTMBackEnd} createDomainRootIfNeeded
 INFO  [pool-1-thread-1] {pt.ist.fenixframework.backend.jvstm.JVSTMBackEnd} ensureFenixFrameworkDataExists
 INFO  [pool-1-thread-1] {pt.ist.fenixframework.hibernatesearch.HibernateSearchConfig} Resource 'fenix-framework-hibernate-search.properties' not found. Hibernate Search disabled
 INFO  [pool-1-thread-1] {pt.ist.fenixframework.FenixFramework} Initialization of Fenix Framework is now complete.
 INFO  [pool-1-thread-1] {org.radargun.cachewrappers.FFWrapper} FF STARTED=true
 INFO  [pool-1-thread-1] {org.radargun.stages.helpers.StartHelper} Number of members is the one expected: 12
 INFO  [pool-1-thread-1] {org.radargun.stages.StartClusterStage} Successfully started cache wrapper on slave 7: org.radargun.cachewrappers.FFWrapper@189d7f93
 INFO  [pool-1-thread-1] {org.radargun.Slave} Finished stage: StartCluster {config=hzl3-repl-sync.xml, delayAfterFirstSlaveStarts=5.000 secs, delayBetweenStartingSlaves=0.500 secs, exitBenchmarkOnSlaveFailure=true, expectNumSlaves=null, mayFailOn=null, reachable=null, runOnAllSlaves=false, slaves=null, staggerSlaveStartup=true, useSmartClassLoading=true, validateCluster=true }
 INFO  [main] {org.radargun.Slave} Ack successfully sent to the master
 INFO  [pool-1-thread-1] {org.radargun.Slave} Executing stage: ClusterValidation {exitBenchmarkOnSlaveFailure=false, partialReplication=false, replicationTimeSleep=2000, replicationTryCount=60, runOnAllSlaves=false, slaves=null, useSmartClassLoading=true }
 WARN  [hz._hzInstance_2_dev.cached.thread-8] {com.hazelcast.transaction.TransactionManagerService} [127.0.0.1]:5719 [dev] No tx backup log is found, tx -> e1cfb8ac-c6d3-47a9-a79e-ab6cb1ee2b4c
 WARN  [hz._hzInstance_2_dev.cached.thread-8] {com.hazelcast.transaction.TransactionManagerService} [127.0.0.1]:5719 [dev] No tx backup log is found, tx -> 8d85b532-51f2-411e-a226-57119893fe90
 WARN  [hz._hzInstance_2_dev.cached.thread-8] {com.hazelcast.transaction.TransactionManagerService} [127.0.0.1]:5719 [dev] No tx backup log is found, tx -> e9f68901-8b5b-4b25-b030-e15e0289d23b
 WARN  [hz._hzInstance_2_dev.cached.thread-8] {com.hazelcast.transaction.TransactionManagerService} [127.0.0.1]:5719 [dev] No tx backup log is found, tx -> c84d0be9-2bd8-4b19-bc91-5c9652722d16
 WARN  [hz._hzInstance_2_dev.cached.thread-8] {com.hazelcast.transaction.TransactionManagerService} [127.0.0.1]:5719 [dev] No tx backup log is found, tx -> 7c5cc182-2855-4f0e-bb65-56e5a8104979
 WARN  [hz._hzInstance_2_dev.cached.thread-8] {com.hazelcast.transaction.TransactionManagerService} [127.0.0.1]:5719 [dev] No tx backup log is found, tx -> 28023b6f-a7da-4c21-ab9c-12d5e7cc020b
 INFO  [pool-1-thread-1] {org.radargun.stages.ClusterValidationStage} Number of caches that replicated here is 7
 INFO  [pool-1-thread-1] {org.radargun.stages.ClusterValidationStage} Replication test failed, 1 tries so far. Sleeping for 2 seconds and trying again.
 WARN  [hz._hzInstance_2_dev.cached.thread-12] {com.hazelcast.transaction.TransactionManagerService} [127.0.0.1]:5719 [dev] No tx backup log is found, tx -> df0e54ca-1121-49ca-99d7-4f1979ec9060
 INFO  [pool-1-thread-1] {org.radargun.stages.ClusterValidationStage} Number of caches that replicated here is 11
 INFO  [pool-1-thread-1] {org.radargun.stages.ClusterValidationStage} Replication test successfully passed. partialReplication? false, replicationCount = 11
 INFO  [pool-1-thread-1] {org.radargun.stages.ClusterValidationStage} Confirm phase successful.
 INFO  [pool-1-thread-1] {org.radargun.Slave} Finished stage: ClusterValidation {exitBenchmarkOnSlaveFailure=false, partialReplication=false, replicationTimeSleep=2000, replicationTryCount=60, runOnAllSlaves=false, slaves=[ 0, 1, 2, 3, 4, 5, 6, 7, 8, 9, 10, 11 ], useSmartClassLoading=true }
 INFO  [main] {org.radargun.Slave} Ack successfully sent to the master
 INFO  [pool-1-thread-1] {org.radargun.Slave} Executing stage: StressTestWarmup {bulkSize=1, cacheSpecificKeyGenerator=false, commitTransactions=true, duration=1 mins 0 secs, entrySize=1000, exitBenchmarkOnSlaveFailure=false, fixedKeys=true, generateHistogramRange=false, keyGeneratorClass=org.radargun.stressors.StringKeyGenerator, keyGeneratorParam=null, loadAllKeys=false, numEntries=100, numOfThreads=4, numRequests=10000, numThreads=4, numberOfAttributes=100, numberOfRequests=10000, opsCountStatusLog=100000, poolKeys=true, preferAsyncOperations=false, removePercentage=0, replaceInvalidPercentage=40, runOnAllSlaves=false, sharedKeys=false, sizeOfAnAttribute=1000, slaves=null, transactionSize=50, useAtomics=false, useHistogramStatistics=false, useSimpleStatistics=true, useSmartClassLoading=true, useTransactions=null, writePercentage=20, writeTxPercentage=20 }
 INFO  [pool-1-thread-1] {org.radargun.stages.StressTestWarmupStage} Starting StressTestWarmupStage: StressTestWarmup {bulkSize=1, cacheSpecificKeyGenerator=false, commitTransactions=true, duration=1 mins 0 secs, entrySize=1000, exitBenchmarkOnSlaveFailure=false, fixedKeys=true, generateHistogramRange=false, keyGeneratorClass=org.radargun.stressors.StringKeyGenerator, keyGeneratorParam=null, loadAllKeys=false, numEntries=100, numOfThreads=4, numRequests=10000, numThreads=4, numberOfAttributes=100, numberOfRequests=10000, opsCountStatusLog=100000, poolKeys=true, preferAsyncOperations=false, removePercentage=0, replaceInvalidPercentage=40, runOnAllSlaves=false, sharedKeys=false, sizeOfAnAttribute=1000, slaves=null, transactionSize=50, useAtomics=false, useHistogramStatistics=false, useSimpleStatistics=true, useSmartClassLoading=true, useTransactions=null, writePercentage=20, writeTxPercentage=20 }
 INFO  [pool-1-thread-1] {org.radargun.stressors.StressTestStressor} Using key generator org.radargun.stressors.StringKeyGenerator, param null
 INFO  [pool-1-thread-1] {org.radargun.stressors.StressTestStressor} Executing: StressTestStressor{opsCountStatusLog=100000, numRequests=10000, numEntries=100, entrySize=1000, writePercentage=20, numThreads=4, cacheWrapper=org.radargun.cachewrappers.FFWrapper@189d7f93, nodeIndex=7, useTransactions=true, transactionSize=50, commitTransactions=true, durationMillis=60000}
 INFO  [pool-1-thread-1] {org.radargun.stressors.StressTestStressor} Cache wrapper info is: FFWrapper using hazelcast3
[GC 269002K->12411K(2944064K), 0.0309750 secs]
 INFO  [hz._hzInstance_2_dev.scheduled] {com.hazelcast.partition.PartitionService} [127.0.0.1]:5719 [dev] Re-sending sync replica request for partition: 0, replica: 6
[GC 268475K->11513K(2944064K), 0.0274430 secs]
 INFO  [pool-1-thread-1] {org.radargun.stressors.StressTestStressor} Started 4 stressor threads.
 INFO  [Stressor-0] {org.radargun.stressors.StressTestStressor} Number of ops executed so far: 1. Elapsed time: 0.001 secs. Remaining: 59.999 secs. Total: 1 mins 0 secs
[GC 267577K->13178K(2944064K), 0.0301680 secs]
[GC 269242K->14288K(2944064K), 0.0312340 secs]
[GC 270352K->15061K(2944064K), 0.0289420 secs]
[GC 271125K->15758K(2944064K), 0.0297650 secs]
[GC 271822K->16498K(2944064K), 0.0313460 secs]
 INFO  [Stressor-2] {org.radargun.stressors.StressTestStressor} Number of ops executed so far: 8000. Elapsed time: 20.067 secs. Remaining: 39.933 secs. Total: 1 mins 0 secs
[GC 272562K->17260K(2944064K), 0.0315930 secs]
[GC 273324K->18057K(2944064K), 0.0307930 secs]
[GC 274121K->18857K(2944064K), 0.0321450 secs]
[GC 274921K->19654K(2944064K), 0.0308760 secs]
[GC 275718K->20490K(2944064K), 0.0319850 secs]
 INFO  [Stressor-2] {org.radargun.stressors.StressTestStressor} Number of ops executed so far: 17950. Elapsed time: 40.173 secs. Remaining: 19.827 secs. Total: 1 mins 0 secs
[GC 276554K->21293K(2944064K), 0.0336510 secs]
[GC 277357K->22166K(2944064K), 0.0366900 secs]
[GC 278230K->28624K(2944064K), 0.0509040 secs]
[GC 284688K->22746K(2944064K), 0.0324190 secs]
[GC 278810K->22016K(2944064K), 0.0274120 secs]
[GC 278080K->23244K(2944064K), 0.0293050 secs]
 INFO  [Stressor-0] {org.radargun.stressors.StressTestStressor} Number of ops executed so far: 28450. Elapsed time: 1 mins 0 secs. Remaining: 0.000 secs. Total: 1 mins 0 secs
 INFO  [pool-1-thread-1] {org.radargun.stressors.StressTestStressor} Finished generating report. Test duration is: 1 mins 12 secs
 INFO  [pool-1-thread-1] {org.radargun.stages.StressTestWarmupStage} The warmup took: 72 seconds.
 INFO  [pool-1-thread-1] {org.radargun.Slave} Finished stage: StressTestWarmup {bulkSize=1, cacheSpecificKeyGenerator=false, commitTransactions=true, duration=1 mins 0 secs, entrySize=1000, exitBenchmarkOnSlaveFailure=false, fixedKeys=true, generateHistogramRange=false, keyGeneratorClass=org.radargun.stressors.StringKeyGenerator, keyGeneratorParam=null, loadAllKeys=false, numEntries=100, numOfThreads=4, numRequests=10000, numThreads=4, numberOfAttributes=100, numberOfRequests=10000, opsCountStatusLog=100000, poolKeys=true, preferAsyncOperations=false, removePercentage=0, replaceInvalidPercentage=40, runOnAllSlaves=false, sharedKeys=false, sizeOfAnAttribute=1000, slaves=null, transactionSize=50, useAtomics=false, useHistogramStatistics=false, useSimpleStatistics=true, useSmartClassLoading=true, useTransactions=null, writePercentage=20, writeTxPercentage=20 }
 INFO  [main] {org.radargun.Slave} Ack successfully sent to the master
[GC 279308K->22027K(2944064K), 0.0258580 secs]
[GC 278091K->25258K(2944064K), 0.0273790 secs]
[GC 281322K->28334K(2944064K), 0.0362890 secs]
[GC 284398K->25687K(2944064K), 0.0268540 secs]
[GC 281751K->23751K(2944064K), 0.0289960 secs]
[GC 279815K->29942K(2944064K), 0.0275720 secs]
[GC 286006K->26018K(2944064K), 0.0274000 secs]
[GC 282082K->30305K(2944064K), 0.0288360 secs]
[GC 286369K->32324K(2944064K), 0.0307880 secs]
[GC 288388K->31021K(2944064K), 0.0291760 secs]
[GC 287085K->34568K(2944064K), 0.0290890 secs]
[GC 290632K->31800K(2944064K), 0.0292160 secs]
[GC 287864K->34868K(2944064K), 0.0308280 secs]
[GC 290932K->34521K(2944064K), 0.0314600 secs]
[GC 290585K->35962K(2944064K), 0.0307680 secs]
[GC 292026K->36965K(2944064K), 0.0313420 secs]
[GC 293029K->37101K(2944064K), 0.0297030 secs]
[GC 293165K->38099K(2944064K), 0.0334910 secs]
[GC 294163K->46421K(2944064K), 0.0346790 secs]
[GC 302485K->45604K(2944064K), 0.0402210 secs]
 INFO  [pool-1-thread-1] {org.radargun.Slave} Executing stage: ClearClusterStage {ClearCluster {exitBenchmarkOnSlaveFailure=false, runOnAllSlaves=false, slaves=[ 0 ], useSmartClassLoading=true }
 INFO  [pool-1-thread-1] {org.radargun.stages.ClearClusterStage} Before executing clear, memory looks like this: Memory - free: 2,848,393 kb - max:4,906,688 kb- total:2,944,064 kb
[Full GC 95670K->41104K(2944064K), 0.2799460 secs]
 INFO  [pool-1-thread-1] {org.radargun.stages.ClearClusterStage} After executing cleanup, memory looks like this: Memory - free: 2,902,135 kb - max:4,906,688 kb- total:2,944,192 kb
 INFO  [pool-1-thread-1] {org.radargun.Slave} Finished stage: ClearClusterStage {ClearCluster {exitBenchmarkOnSlaveFailure=false, runOnAllSlaves=false, slaves=[ 0 ], useSmartClassLoading=true }
 INFO  [main] {org.radargun.Slave} Ack successfully sent to the master
 INFO  [pool-1-thread-1] {org.radargun.Slave} Executing stage: StressTest {bulkSize=1, cacheSpecificKeyGenerator=false, commitTransactions=true, duration=1 mins 0 secs, entrySize=1000, exitBenchmarkOnSlaveFailure=false, fixedKeys=true, generateHistogramRange=false, keyGeneratorClass=org.radargun.stressors.StringKeyGenerator, keyGeneratorParam=null, loadAllKeys=false, numEntries=10000, numOfThreads=4, numRequests=10000000, numThreads=4, numberOfAttributes=10000, numberOfRequests=10000000, opsCountStatusLog=500000, poolKeys=true, preferAsyncOperations=false, removePercentage=0, replaceInvalidPercentage=40, runOnAllSlaves=false, sharedKeys=false, sizeOfAnAttribute=1000, slaves=null, transactionSize=10000, useAtomics=false, useHistogramStatistics=false, useSimpleStatistics=true, useSmartClassLoading=true, useTransactions=true, writePercentage=10, writeTxPercentage=50 }
 INFO  [pool-1-thread-1] {org.radargun.stages.StressTestStage} Starting StressTestStage: StressTest {bulkSize=1, cacheSpecificKeyGenerator=false, commitTransactions=true, duration=1 mins 0 secs, entrySize=1000, exitBenchmarkOnSlaveFailure=false, fixedKeys=true, generateHistogramRange=false, keyGeneratorClass=org.radargun.stressors.StringKeyGenerator, keyGeneratorParam=null, loadAllKeys=false, numEntries=10000, numOfThreads=4, numRequests=10000000, numThreads=4, numberOfAttributes=10000, numberOfRequests=10000000, opsCountStatusLog=500000, poolKeys=true, preferAsyncOperations=false, removePercentage=0, replaceInvalidPercentage=40, runOnAllSlaves=false, sharedKeys=false, sizeOfAnAttribute=1000, slaves=null, transactionSize=10000, useAtomics=false, useHistogramStatistics=false, useSimpleStatistics=true, useSmartClassLoading=true, useTransactions=true, writePercentage=10, writeTxPercentage=50 }
 INFO  [pool-1-thread-1] {org.radargun.stressors.StressTestStressor} Using key generator org.radargun.stressors.StringKeyGenerator, param null
 INFO  [pool-1-thread-1] {org.radargun.stressors.StressTestStressor} Executing: StressTestStressor{opsCountStatusLog=500000, numRequests=10000000, numEntries=10000, entrySize=1000, writePercentage=10, numThreads=4, cacheWrapper=org.radargun.cachewrappers.FFWrapper@189d7f93, nodeIndex=7, useTransactions=true, transactionSize=10000, commitTransactions=true, durationMillis=60000}
 INFO  [pool-1-thread-1] {org.radargun.stressors.StressTestStressor} Cache wrapper info is: FFWrapper using hazelcast3
[GC 297232K->58205K(2944192K), 0.0260330 secs]
[GC 314333K->45600K(2944192K), 0.0286590 secs]
[GC 301728K->44641K(2944192K), 0.0286890 secs]
[GC 300769K->45485K(2944192K), 0.0291900 secs]
[GC 301613K->46772K(2944192K), 0.0311120 secs]
[GC 302900K->48060K(2944192K), 0.0309970 secs]
[GC 304188K->48334K(2944192K), 0.0309190 secs]
[GC 304462K->49455K(2944192K), 0.0308650 secs]
[GC 305583K->51900K(2944192K), 0.0278660 secs]
[GC 308028K->50327K(2944192K), 0.0297890 secs]
[GC 306455K->53224K(2944192K), 0.0298900 secs]
[GC 309352K->55405K(2944192K), 0.0314100 secs]
[GC 311533K->50801K(2944192K), 0.0331590 secs]
[GC 306929K->54741K(2944192K), 0.0331070 secs]
[GC 310869K->56851K(2944192K), 0.0323910 secs]
[GC 312979K->57212K(2944192K), 0.0325620 secs]
[GC 313340K->59899K(2944192K), 0.0293650 secs]
[GC 316027K->57162K(2944192K), 0.0316460 secs]
[GC 313290K->59495K(2944192K), 0.0302000 secs]
[GC 315623K->61226K(2944192K), 0.0292580 secs]
[GC 317354K->58854K(2944192K), 0.0315430 secs]
[GC 314982K->59082K(2944192K), 0.0304220 secs]
[GC 315210K->60616K(2944192K), 0.0289760 secs]
[GC 316744K->63738K(2944192K), 0.0309420 secs]
[GC 319866K->59820K(2944192K), 0.0288340 secs]
[GC 315948K->63697K(2944192K), 0.0275120 secs]
[GC 319825K->63210K(2944192K), 0.0300450 secs]
[GC 319338K->64114K(2944192K), 0.0300260 secs]
[GC 320242K->64828K(2944192K), 0.0325370 secs]
[GC 320956K->63147K(2944192K), 0.0290880 secs]
[GC 319275K->66164K(2944192K), 0.0306550 secs]
[GC 322292K->64468K(2944192K), 0.0319730 secs]
[GC 320596K->69870K(2944192K), 0.0301420 secs]
[GC 325998K->65801K(2944192K), 0.0315830 secs]
[GC 321929K->71916K(2944192K), 0.0309170 secs]
[GC 328044K->66810K(2944192K), 0.0312790 secs]
[GC 322938K->73257K(2944192K), 0.0312420 secs]
[GC 329385K->68121K(2944192K), 0.0308960 secs]
[GC 324249K->74887K(2944192K), 0.0304210 secs]
[GC 331015K->69714K(2944192K), 0.0315900 secs]
[GC 325842K->71858K(2944192K), 0.0305930 secs]
[GC 327986K->73755K(2944192K), 0.0311640 secs]
[GC 329883K->72183K(2944192K), 0.0332930 secs]
[GC 328311K->72846K(2944192K), 0.0308810 secs]
[GC 328974K->76110K(2944192K), 0.0308980 secs]
[GC 332238K->74247K(2944192K), 0.0339780 secs]
[GC 330375K->75012K(2944192K), 0.0380010 secs]
[GC 331140K->80742K(2944192K), 0.0300400 secs]
[GC 336870K->78061K(2944192K), 0.0336180 secs]
[GC 334189K->78235K(2944192K), 0.0411340 secs]
[GC 334363K->82521K(2944192K), 0.0322740 secs]
[GC 338649K->79984K(2944192K), 0.0318710 secs]
[GC 336112K->78157K(2944192K), 0.0330790 secs]
[GC 334285K->82271K(2944192K), 0.0332580 secs]
[GC 338399K->83252K(2944192K), 0.0334440 secs]
[GC 339380K->81416K(2944192K), 0.0321340 secs]
[GC 337544K->87177K(2944192K), 0.0318500 secs]
[GC 343305K->82694K(2944192K), 0.0312880 secs]
[GC 338822K->86997K(2944192K), 0.0348540 secs]
[GC 343125K->86516K(2944192K), 0.0304400 secs]
[GC 342644K->87550K(2944192K), 0.0314270 secs]
[GC 343678K->88324K(2944192K), 0.0338780 secs]
[GC 344452K->89088K(2944192K), 0.0299020 secs]
[GC 345216K->89767K(2944192K), 0.0319060 secs]
[GC 345895K->92994K(2944192K), 0.0300970 secs]
[GC 349122K->88502K(2944192K), 0.0326000 secs]
[GC 344630K->90289K(2944192K), 0.0405080 secs]
[GC 346417K->92016K(2944192K), 0.0330160 secs]
[GC 348144K->90388K(2944192K), 0.0311750 secs]
[GC 346516K->91018K(2944192K), 0.0304150 secs]
[GC 347146K->91700K(2944192K), 0.0335250 secs]
[GC 347828K->94929K(2944192K), 0.0333320 secs]
[GC 351057K->95796K(2944192K), 0.0352050 secs]
[GC 351924K->96458K(2944192K), 0.0317870 secs]
[GC 352586K->94588K(2944192K), 0.0331230 secs]
[GC 350716K->97754K(2944192K), 0.0283560 secs]
[GC 353882K->98413K(2944192K), 0.0311800 secs]
[GC 354541K->99054K(2944192K), 0.0274340 secs]
[GC 355182K->99626K(2944192K), 0.0322340 secs]
[GC 355754K->100399K(2944192K), 0.0321220 secs]
[GC 356527K->101029K(2944192K), 0.0305190 secs]
[GC 357157K->101725K(2944192K), 0.0339150 secs]
[GC 357853K->102477K(2944192K), 0.0338480 secs]
[GC 358605K->105639K(2944192K), 0.0331810 secs]
[GC 361767K->104530K(2944192K), 0.0330860 secs]
[GC 360658K->106416K(2944192K), 0.0289230 secs]
[GC 362544K->105266K(2944192K), 0.0347200 secs]
[GC 361394K->110415K(2944192K), 0.0317450 secs]
[GC 366543K->115910K(2944192K), 0.0327110 secs]
[GC 372038K->114334K(2944192K), 0.0311340 secs]
[GC 370462K->116306K(2944192K), 0.0315920 secs]
[GC 372434K->118342K(2944192K), 0.0347410 secs]
[GC 374470K->124750K(2944192K), 0.0353890 secs]
[GC 380878K->131855K(2944192K), 0.0338760 secs]
[GC 387983K->122379K(2944192K), 0.0345220 secs]
[GC 378507K->128483K(2944192K), 0.0378050 secs]
[GC 384611K->133424K(2944192K), 0.0356840 secs]
[GC 389552K->136046K(2944192K), 0.0353630 secs]
[GC 392174K->133034K(2944192K), 0.0374020 secs]
[GC 389162K->135076K(2944192K), 0.0344000 secs]
[GC 391204K->130653K(2944192K), 0.0359930 secs]
[GC 386781K->131983K(2944192K), 0.0387990 secs]
[GC 388111K->139295K(2944192K), 0.0376310 secs]
[GC 395423K->134539K(2944192K), 0.0342420 secs]
[GC 390667K->135845K(2944192K), 0.0360050 secs]
[GC 391973K->143024K(2944192K), 0.0386070 secs]
[GC 399152K->144206K(2944192K), 0.0361690 secs]
[GC 400334K->145305K(2944192K), 0.0383480 secs]
[GC 401433K->146467K(2944192K), 0.0349460 secs]
[GC 402595K->147612K(2944192K), 0.0345810 secs]
[GC 403740K->148731K(2944192K), 0.0443910 secs]
[GC 404859K->144513K(2944192K), 0.0379560 secs]
[GC 400641K->151189K(2944192K), 0.0402740 secs]
[GC 407317K->147259K(2944192K), 0.0346640 secs]
[GC 403387K->153352K(2944192K), 0.0387480 secs]
[GC 409480K->159199K(2944192K), 0.0381330 secs]
[GC 415327K->150683K(2944192K), 0.0393980 secs]
[GC 406811K->158756K(2944192K), 0.0358040 secs]
[GC 414884K->157744K(2944192K), 0.0384380 secs]
[GC 413872K->159825K(2944192K), 0.0517480 secs]
[GC 415953K->161287K(2944192K), 0.0389440 secs]
[GC 417415K->162741K(2944192K), 0.0396130 secs]
[GC 418869K->164328K(2944192K), 0.0400900 secs]
[GC 420456K->160648K(2944192K), 0.0387300 secs]
[GC 416776K->167413K(2944192K), 0.0400760 secs]
[GC 423541K->169139K(2944192K), 0.0397910 secs]
[GC 425267K->170827K(2944192K), 0.0404330 secs]
[GC 426955K->167052K(2944192K), 0.0369300 secs]
[GC 423180K->173729K(2944192K), 0.0370940 secs]
[GC 429857K->169786K(2944192K), 0.0424180 secs]
[GC 425914K->181818K(2944192K), 0.0403840 secs]
[GC 437946K->172555K(2944192K), 0.0377340 secs]
[GC 428683K->181118K(2944192K), 0.0368080 secs]
[GC 437246K->180213K(2944192K), 0.0393800 secs]
[GC 436341K->182269K(2944192K), 0.0364270 secs]
[GC 438397K->183916K(2944192K), 0.0382850 secs]
[GC 440044K->185363K(2944192K), 0.0328110 secs]
[GC 441491K->186653K(2944192K), 0.0486210 secs]
[GC 442781K->187959K(2944192K), 0.0342700 secs]
[GC 444087K->189273K(2944192K), 0.0390730 secs]
[GC 445401K->190545K(2944192K), 0.0412900 secs]
[GC 446673K->191852K(2944192K), 0.0469020 secs]
[GC 447980K->193069K(2944192K), 0.0383440 secs]
[GC 449197K->194530K(2944192K), 0.0451920 secs]
[GC 450658K->195958K(2944192K), 0.0414730 secs]
[GC 452086K->192273K(2944192K), 0.0385490 secs]
[GC 448401K->193650K(2944192K), 0.0391920 secs]
[GC 449778K->200234K(2944192K), 0.0447630 secs]
[GC 456362K->196505K(2944192K), 0.0412300 secs]
[GC 452633K->197677K(2944192K), 0.0446450 secs]
 INFO  [pool-1-thread-1] {org.radargun.stressors.StressTestStressor} Started 4 stressor threads.
 INFO  [Stressor-0] {org.radargun.stressors.StressTestStressor} Number of ops executed so far: 1. Elapsed time: 0.000 secs. Remaining: 1 mins 0 secs. Total: 1 mins 0 secs
[GC 453805K->214443K(2944192K), 0.0401710 secs]
[GC 470571K->217003K(2944192K), 0.0391550 secs]
[GC 473131K->214851K(2944192K), 0.0531160 secs]
[GC 470979K->231542K(2944192K), 0.0436280 secs]
[GC 487670K->214070K(2944192K), 0.0532610 secs]
[GC 470198K->227083K(2944192K), 0.0429590 secs]
 INFO  [Stressor-1] {org.radargun.stressors.StressTestStressor} Number of ops executed so far: 50000. Elapsed time: 22.692 secs. Remaining: 37.308 secs. Total: 1 mins 0 secs
[GC 483211K->233513K(2944192K), 0.0398780 secs]
[GC 489641K->237270K(2944192K), 0.0408720 secs]
[GC 493398K->233138K(2944192K), 0.0454480 secs]
[GC 489266K->244504K(2944192K), 0.0434490 secs]
[GC 500632K->229381K(2944192K), 0.0414400 secs]
 INFO  [Stressor-0] {org.radargun.stressors.StressTestStressor} Number of ops executed so far: 70000. Elapsed time: 44.665 secs. Remaining: 15.335 secs. Total: 1 mins 0 secs
[GC 485509K->251188K(2944192K), 0.0435660 secs]
[GC 507316K->232183K(2944192K), 0.0422290 secs]
[GC 488311K->258595K(2944192K), 0.0408510 secs]
[GC 514723K->243468K(2944192K), 0.0428220 secs]
[GC 499596K->249444K(2944192K), 0.0457380 secs]
[GC 505572K->254117K(2944192K), 0.0471140 secs]
 INFO  [Stressor-0] {org.radargun.stressors.StressTestStressor} Number of ops executed so far: 90000. Elapsed time: 1 mins 6 secs. Remaining: 0.000 secs. Total: 1 mins 0 secs
[GC 510245K->246520K(2944192K), 0.0419960 secs]
[GC 502648K->248268K(2944192K), 0.0836320 secs]
 INFO  [pool-1-thread-1] {org.radargun.stressors.StressTestStressor} Finished generating report. Test duration is: 11 mins 40 secs
 INFO  [pool-1-thread-1] {org.radargun.stages.StressTestStage} size info: FFWrapper using hazelcast3, clusterSize:12, nodeIndex:7, cacheSize: -1
 INFO  [pool-1-thread-1] {org.radargun.Slave} Finished stage: StressTest {bulkSize=1, cacheSpecificKeyGenerator=false, commitTransactions=true, duration=1 mins 0 secs, entrySize=1000, exitBenchmarkOnSlaveFailure=false, fixedKeys=true, generateHistogramRange=false, keyGeneratorClass=org.radargun.stressors.StringKeyGenerator, keyGeneratorParam=null, loadAllKeys=false, numEntries=10000, numOfThreads=4, numRequests=10000000, numThreads=4, numberOfAttributes=10000, numberOfRequests=10000000, opsCountStatusLog=500000, poolKeys=true, preferAsyncOperations=false, removePercentage=0, replaceInvalidPercentage=40, runOnAllSlaves=false, sharedKeys=false, sizeOfAnAttribute=1000, slaves=null, transactionSize=10000, useAtomics=false, useHistogramStatistics=false, useSimpleStatistics=true, useSmartClassLoading=true, useTransactions=true, writePercentage=10, writeTxPercentage=50 }
 INFO  [main] {org.radargun.Slave} Ack successfully sent to the master
[GC 504396K->247582K(2944192K), 0.0408390 secs]
[GC 503710K->238859K(2944192K), 0.0420050 secs]
[GC 494987K->255839K(2944192K), 0.0406750 secs]
[GC 511967K->256726K(2944192K), 0.0438610 secs]
[GC 512854K->255701K(2944192K), 0.0366610 secs]
[GC 511829K->255289K(2944192K), 0.0366530 secs]
[GC 511417K->254579K(2944192K), 0.0370560 secs]
[GC 510707K->249990K(2944192K), 0.0371330 secs]
[GC 506118K->250343K(2944192K), 0.0392320 secs]
[GC 506471K->249787K(2944192K), 0.0345790 secs]
[GC 505915K->249745K(2944192K), 0.0385210 secs]
[GC 505873K->250148K(2944192K), 0.0370590 secs]
[GC 506276K->249783K(2944192K), 0.0389810 secs]
[GC 505911K->249193K(2944192K), 0.0355490 secs]
[GC 505321K->249502K(2944192K), 0.0364520 secs]
[GC 505630K->251499K(2944192K), 0.0353720 secs]
[GC 507627K->251450K(2944192K), 0.0322320 secs]
[GC 507578K->252016K(2944192K), 0.0317770 secs]
[GC 508144K->250240K(2944192K), 0.0362630 secs]
[GC 506368K->255705K(2944192K), 0.0337650 secs]
[GC 511833K->253045K(2944192K), 0.0313230 secs]
[GC 509173K->255366K(2944192K), 0.0313800 secs]
[GC 511494K->254937K(2944192K), 0.0342130 secs]
[GC 511065K->255803K(2944192K), 0.0319170 secs]
[GC 511931K->258906K(2944192K), 0.0300870 secs]
[GC 515034K->256234K(2944192K), 0.0343400 secs]
[GC 512362K->258627K(2944192K), 0.0323010 secs]
[GC 514755K->260444K(2944192K), 0.0338380 secs]
[GC 516572K->256566K(2944192K), 0.0472620 secs]
[GC 512694K->256113K(2944192K), 0.0343220 secs]
[GC 512241K->257662K(2944192K), 0.0477470 secs]
[GC 513790K->261003K(2944192K), 0.0311100 secs]
[GC 517131K->259224K(2944192K), 0.0425230 secs]
[GC 515352K->262380K(2944192K), 0.0551780 secs]
[GC 518508K->260561K(2944192K), 0.0334590 secs]
[GC 516689K->261269K(2944192K), 0.0325110 secs]
[GC 517397K->264340K(2944192K), 0.0315200 secs]
[GC 520468K->264947K(2944192K), 0.0348720 secs]
[GC 521075K->265698K(2944192K), 0.0313880 secs]
[GC 521826K->266348K(2944192K), 0.0348630 secs]
[GC 522476K->264632K(2944192K), 0.0330210 secs]
[GC 520760K->267693K(2944192K), 0.0321660 secs]
[GC 523821K->268432K(2944192K), 0.0333940 secs]
[GC 524560K->269115K(2944192K), 0.0578450 secs]
[GC 525243K->267380K(2944192K), 0.0330160 secs]
[GC 523508K->270554K(2944192K), 0.0308570 secs]
[GC 526682K->273770K(2944192K), 0.0315090 secs]
[GC 529898K->271054K(2944192K), 0.0343030 secs]
[GC 527182K->273582K(2944192K), 0.0351220 secs]
[GC 529710K->275549K(2944192K), 0.0336110 secs]
[GC 531677K->272974K(2944192K), 0.0331880 secs]
[GC 529102K->273354K(2944192K), 0.0328320 secs]
[GC 529482K->275095K(2944192K), 0.0361720 secs]
[GC 531223K->273494K(2944192K), 0.0333110 secs]
[GC 529622K->276834K(2944192K), 0.0372260 secs]
[GC 532962K->277471K(2944192K), 0.0330410 secs]
[GC 533599K->278231K(2944192K), 0.0314450 secs]
[GC 534359K->276365K(2944192K), 0.0318870 secs]
[GC 532493K->279591K(2944192K), 0.0365280 secs]
[GC 535719K->280224K(2944192K), 0.0771310 secs]
[GC 536352K->280930K(2944192K), 0.0329760 secs]
[GC 537058K->281641K(2944192K), 0.1013620 secs]
[GC 537769K->279696K(2944192K), 0.0335740 secs]
[GC 535824K->280376K(2944192K), 0.0310600 secs]
[GC 536504K->283565K(2944192K), 0.0347980 secs]
[GC 539693K->284332K(2944192K), 0.0335510 secs]
[GC 540460K->285022K(2944192K), 0.0356740 secs]
[GC 541150K->283192K(2944192K), 0.0363540 secs]
[GC 539320K->286436K(2944192K), 0.0348690 secs]
[GC 542564K->284547K(2944192K), 0.0340700 secs]
[GC 540675K->287878K(2944192K), 0.0340320 secs]
[GC 544006K->288521K(2944192K), 0.0340020 secs]
[GC 544649K->286657K(2944192K), 0.0323610 secs]
[GC 542785K->290076K(2944192K), 0.0368510 secs]
[GC 546204K->290752K(2944192K), 0.0337730 secs]
[GC 546880K->288934K(2944192K), 0.0671660 secs]
[GC 545062K->292187K(2944192K), 0.0346440 secs]
[GC 548315K->290315K(2944192K), 0.0330340 secs]
[GC 546443K->293643K(2944192K), 0.0361700 secs]
[GC 549771K->294390K(2944192K), 0.0362760 secs]
[GC 550518K->292360K(2944192K), 0.0308100 secs]
[GC 548488K->293092K(2944192K), 0.0336620 secs]
[GC 549220K->296407K(2944192K), 0.0680240 secs]
[GC 552535K->294465K(2944192K), 0.0324120 secs]
[GC 550593K->297868K(2944192K), 0.0358430 secs]
[GC 553996K->295910K(2944192K), 0.0387540 secs]
[GC 552038K->299362K(2944192K), 0.0567490 secs]
[GC 555490K->300081K(2944192K), 0.0341980 secs]
[GC 556209K->298072K(2944192K), 0.0362060 secs]
[GC 554200K->301447K(2944192K), 0.0386680 secs]
[GC 557575K->299469K(2944192K), 0.0340610 secs]
[GC 555597K->300202K(2944192K), 0.0565950 secs]
[GC 556330K->300878K(2944192K), 0.0619730 secs]
[GC 557006K->301542K(2944192K), 0.0319230 secs]
[GC 557670K->302183K(2944192K), 0.0360630 secs]
[GC 558311K->302990K(2944192K), 0.0319820 secs]
[GC 559118K->306316K(2944192K), 0.0853650 secs]
[GC 562444K->304421K(2944192K), 0.0454980 secs]
[GC 560549K->305199K(2944192K), 0.0322680 secs]
[GC 561327K->305889K(2944192K), 0.0343270 secs]
[GC 562017K->311898K(2944192K), 0.0309790 secs]
[GC 568026K->308912K(2944192K), 0.0328170 secs]
[GC 565040K->309071K(2944192K), 0.0321290 secs]
[GC 565199K->310821K(2944192K), 0.0348020 secs]
[GC 566949K->309238K(2944192K), 0.0781420 secs]
[GC 565366K->310005K(2944192K), 0.0399350 secs]
[GC 566133K->310713K(2944192K), 0.0372650 secs]
[GC 566841K->316600K(2944192K), 0.0334010 secs]
[GC 572728K->313715K(2944192K), 0.0342670 secs]
[GC 569843K->316396K(2944192K), 0.0325140 secs]
[GC 572524K->313168K(2944192K), 0.0383950 secs]
[GC 569296K->314114K(2944192K), 0.0355950 secs]
[GC 570242K->314916K(2944192K), 0.0338720 secs]
[GC 571044K->318195K(2944192K), 0.0329240 secs]
[GC 574323K->316270K(2944192K), 0.0352610 secs]
[GC 572398K->316899K(2944192K), 0.0725850 secs]
[GC 573027K->320166K(2944192K), 0.0338310 secs]
[GC 576294K->318209K(2944192K), 0.0697100 secs]
[GC 574337K->318952K(2944192K), 0.0448790 secs]
[GC 575080K->322237K(2944192K), 0.0331580 secs]
[GC 578365K->320389K(2944192K), 0.0579080 secs]
[GC 576517K->321085K(2944192K), 0.0375100 secs]
[GC 577213K->321716K(2944192K), 0.0346500 secs]
[GC 577844K->322431K(2944192K), 0.0359760 secs]
[GC 578559K->323058K(2944192K), 0.0369880 secs]
[GC 579186K->323857K(2944192K), 0.0358160 secs]
[GC 579985K->324556K(2944192K), 0.0332410 secs]
[GC 580684K->325211K(2944192K), 0.0652310 secs]
[GC 581339K->325920K(2944192K), 0.0665810 secs]
[GC 582048K->326591K(2944192K), 0.0334170 secs]
[GC 582719K->329852K(2944192K), 0.0764520 secs]
[GC 585980K->330532K(2944192K), 0.0325730 secs]
[GC 586660K->328736K(2944192K), 0.0388580 secs]
[GC 584864K->329480K(2944192K), 0.0336550 secs]
[GC 585608K->330312K(2944192K), 0.0700760 secs]
[GC 586440K->333651K(2944192K), 0.0354630 secs]
[GC 589779K->331621K(2944192K), 0.0330610 secs]
[GC 587749K->332397K(2944192K), 0.0342080 secs]
[GC 588525K->333070K(2944192K), 0.0568350 secs]
[GC 589198K->336419K(2944192K), 0.0352570 secs]
[GC 592547K->337174K(2944192K), 0.0339070 secs]
[GC 593302K->337904K(2944192K), 0.0315520 secs]
[GC 594032K->338653K(2944192K), 0.0362410 secs]
[GC 594781K->336654K(2944192K), 0.0354590 secs]
[GC 592782K->337313K(2944192K), 0.0325040 secs]
[GC 593441K->338011K(2944192K), 0.0630690 secs]
[GC 594139K->341425K(2944192K), 0.0336710 secs]
[GC 597553K->339423K(2944192K), 0.0331830 secs]
[GC 595551K->342818K(2944192K), 0.0373490 secs]
[GC 598946K->340863K(2944192K), 0.0334860 secs]
[GC 596991K->341547K(2944192K), 0.0551030 secs]
[GC 597675K->344922K(2944192K), 0.0352640 secs]
[GC 601050K->345651K(2944192K), 0.0355770 secs]
[GC 601779K->346361K(2944192K), 0.0367290 secs]
[GC 602489K->347084K(2944192K), 0.0321750 secs]
[GC 603212K->345232K(2944192K), 0.0379590 secs]
[GC 601360K->345865K(2944192K), 0.0382560 secs]
[GC 601993K->351936K(2944192K), 0.0323980 secs]
[GC 608064K->348945K(2944192K), 0.0394170 secs]
[GC 605073K->351600K(2944192K), 0.0331100 secs]
[GC 607728K->353637K(2944192K), 0.0353860 secs]
[GC 609765K->350951K(2944192K), 0.0395540 secs]
[GC 607079K->351292K(2944192K), 0.0361630 secs]
[GC 607420K->355829K(2944192K), 0.0375720 secs]
[GC 611957K->353134K(2944192K), 0.0364100 secs]
[GC 609262K->353444K(2944192K), 0.0394830 secs]
[GC 609572K->355359K(2944192K), 0.0389150 secs]
[GC 611487K->353714K(2944192K), 0.0350260 secs]
[GC 609842K->357125K(2944192K), 0.0373440 secs]
[GC 613253K->357926K(2944192K), 0.0334610 secs]
[GC 614054K->355938K(2944192K), 0.0395740 secs]
[GC 612066K->356615K(2944192K), 0.0358160 secs]
[GC 612743K->357374K(2944192K), 0.0384770 secs]
[GC 613502K->360729K(2944192K), 0.0315750 secs]
[GC 616857K->361528K(2944192K), 0.0353520 secs]
[GC 617656K->359493K(2944192K), 0.0357440 secs]
[GC 615621K->362881K(2944192K), 0.0373130 secs]
[GC 619009K->363649K(2944192K), 0.0319690 secs]
[GC 619777K->364339K(2944192K), 0.0356520 secs]
[GC 620467K->365119K(2944192K), 0.0611920 secs]
[GC 621247K->363082K(2944192K), 0.0674040 secs]
[GC 619210K->366483K(2944192K), 0.0396340 secs]
[GC 622611K->364535K(2944192K), 0.0367110 secs]
[GC 620663K->367908K(2944192K), 0.0343900 secs]
[GC 624036K->365927K(2944192K), 0.0328320 secs]
[GC 622055K->366623K(2944192K), 0.0359430 secs]
[GC 622751K->370029K(2944192K), 0.0373560 secs]
[GC 626157K->373390K(2944192K), 0.0329660 secs]
[GC 629518K->370434K(2944192K), 0.0373290 secs]
[GC 626562K->370593K(2944192K), 0.0354080 secs]
[GC 626721K->372388K(2944192K), 0.0306610 secs]
[GC 628516K->370743K(2944192K), 0.0724130 secs]
[GC 626871K->371481K(2944192K), 0.0344510 secs]
[GC 627609K->372255K(2944192K), 0.0353220 secs]
[GC 628383K->375666K(2944192K), 0.0321750 secs]
[GC 631794K->373786K(2944192K), 0.0337190 secs]
[GC 629914K->374594K(2944192K), 0.0688440 secs]
[GC 630722K->377911K(2944192K), 0.0315640 secs]
[GC 634039K->378546K(2944192K), 0.0324710 secs]
[GC 634674K->376616K(2944192K), 0.0361140 secs]
[GC 632744K->377351K(2944192K), 0.0362480 secs]
[GC 633479K->378071K(2944192K), 0.0385410 secs]
[GC 634199K->378900K(2944192K), 0.0472990 secs]
[GC 635028K->382241K(2944192K), 0.0298500 secs]
[GC 638369K->380271K(2944192K), 0.0323330 secs]
[GC 636399K->380922K(2944192K), 0.0360380 secs]
[GC 637050K->381638K(2944192K), 0.0338390 secs]
[GC 637766K->385032K(2944192K), 0.0471880 secs]
[GC 641160K->383122K(2944192K), 0.0358860 secs]
[GC 639250K->386581K(2944192K), 0.0559900 secs]
[GC 642709K->387277K(2944192K), 0.0332040 secs]
[GC 643405K->385252K(2944192K), 0.0390090 secs]
[GC 641380K->385910K(2944192K), 0.0374260 secs]
[GC 642038K->389362K(2944192K), 0.0608450 secs]
[GC 645490K->390141K(2944192K), 0.0348200 secs]
[GC 646269K->390825K(2944192K), 0.0358290 secs]
[GC 646953K->391524K(2944192K), 0.0331310 secs]
[GC 647652K->392163K(2944192K), 0.0706360 secs]
[GC 648291K->392909K(2944192K), 0.0367400 secs]
[GC 649037K->391009K(2944192K), 0.0361430 secs]
[GC 647137K->394459K(2944192K), 0.0334430 secs]
[GC 650587K->392485K(2944192K), 0.0330740 secs]
[GC 648613K->393314K(2944192K), 0.0342710 secs]
[GC 649442K->394086K(2944192K), 0.0345730 secs]
[GC 650214K->394684K(2944192K), 0.0322260 secs]
[GC 650812K->395421K(2944192K), 0.0783540 secs]
[GC 651549K->396107K(2944192K), 0.0352030 secs]
[GC 652235K->396920K(2944192K), 0.0332500 secs]
[GC 653048K->400359K(2944192K), 0.0349920 secs]
[GC 656487K->398363K(2944192K), 0.0341490 secs]
[GC 654491K->399161K(2944192K), 0.0329500 secs]
[GC 655289K->399843K(2944192K), 0.0951610 secs]
[GC 655971K->400568K(2944192K), 0.0347100 secs]
[GC 656696K->404104K(2944192K), 0.0337160 secs]
[GC 660232K->402103K(2944192K), 0.0322970 secs]
[GC 658231K->405523K(2944192K), 0.0504440 secs]
[GC 661651K->403553K(2944192K), 0.0361830 secs]
[GC 659681K->404288K(2944192K), 0.0332870 secs]
[GC 660416K->404941K(2944192K), 0.0465220 secs]
[GC 661069K->408497K(2944192K), 0.0388770 secs]
[GC 664625K->409276K(2944192K), 0.0345750 secs]
[GC 665404K->407262K(2944192K), 0.0374520 secs]
[GC 663390K->410785K(2944192K), 0.0364720 secs]
[GC 666913K->408734K(2944192K), 0.0347070 secs]
[GC 664862K->412252K(2944192K), 0.0335170 secs]
[GC 668380K->410206K(2944192K), 0.0359290 secs]
[GC 666334K->413680K(2944192K), 0.0365810 secs]
[GC 669808K->411719K(2944192K), 0.0576110 secs]
[GC 667847K->417957K(2944192K), 0.0341390 secs]
[GC 674085K->414854K(2944192K), 0.0320770 secs]
[GC 670982K->417585K(2944192K), 0.0314740 secs]
[GC 673713K->417000K(2944192K), 0.0329450 secs]
[GC 673128K->415203K(2944192K), 0.0364900 secs]
[GC 671331K->416032K(2944192K), 0.0348820 secs]
[GC 672160K->419589K(2944192K), 0.0345800 secs]
[GC 675717K->420363K(2944192K), 0.0353920 secs]
[GC 676491K->421123K(2944192K), 0.0349410 secs]
[GC 677251K->421824K(2944192K), 0.0351090 secs]
[GC 677952K->428740K(2944192K), 0.0324530 secs]
[GC 684868K->423943K(2944192K), 0.0400210 secs]
[GC 680071K->429526K(2944192K), 0.0397090 secs]
[GC 685654K->438086K(2944192K), 0.0381660 secs]
[GC 694214K->431927K(2944192K), 0.0412490 secs]
[GC 688055K->438797K(2944192K), 0.0378770 secs]
[GC 694925K->449134K(2944192K), 0.0586380 secs]
[GC 705262K->437083K(2944192K), 0.0402760 secs]
[GC 693211K->452891K(2944192K), 0.0479110 secs]
[GC 709019K->441075K(2944192K), 0.0605140 secs]
[GC 697203K->453327K(2944192K), 0.0440890 secs]
[GC 709455K->459411K(2944192K), 0.0462860 secs]
[GC 715539K->463379K(2944192K), 0.0433940 secs]
[GC 719507K->465996K(2944192K), 0.0454660 secs]
[GC 722124K->452917K(2944192K), 0.0441720 secs]
[GC 709045K->464598K(2944192K), 0.0457730 secs]
[GC 720726K->461798K(2944192K), 0.0455100 secs]
[GC 717926K->463169K(2944192K), 0.0413320 secs]
[GC 719297K->450641K(2944192K), 0.0434330 secs]
[GC 706769K->457775K(2944192K), 0.0400230 secs]
[GC 713903K->452347K(2944192K), 0.0428120 secs]
[GC 708475K->453329K(2944192K), 0.0865960 secs]
[GC 709457K->454050K(2944192K), 0.0396850 secs]
[GC 710178K->460043K(2944192K), 0.0390830 secs]
[GC 716171K->460567K(2944192K), 0.0420200 secs]
[GC 716695K->461050K(2944192K), 0.0413430 secs]
[GC 717178K->461755K(2944192K), 0.0439000 secs]
[GC 717883K->461518K(2944192K), 0.0353950 secs]
[GC 717646K->460982K(2944192K), 0.0365880 secs]
[GC 717110K->461390K(2944192K), 0.0377600 secs]
[GC 717518K->465321K(2944192K), 0.0400240 secs]
[GC 721449K->466206K(2944192K), 0.0384900 secs]
[GC 722334K->467021K(2944192K), 0.0364520 secs]
[GC 723149K->467873K(2944192K), 0.0427030 secs]
[GC 724001K->471867K(2944192K), 0.0336140 secs]
[GC 727995K->466504K(2944192K), 0.0346840 secs]
[GC 722632K->468674K(2944192K), 0.0344300 secs]
[GC 724802K->473944K(2944192K), 0.0341580 secs]
[GC 730072K->468830K(2944192K), 0.0356840 secs]
[GC 724958K->471177K(2944192K), 0.0367460 secs]
[GC 727305K->473389K(2944192K), 0.0384700 secs]
[GC 729517K->471419K(2944192K), 0.0354940 secs]
[GC 727547K->472286K(2944192K), 0.0341900 secs]
[GC 728414K->476310K(2944192K), 0.0362020 secs]
[GC 732438K->473995K(2944192K), 0.0342720 secs]
[GC 730123K->474872K(2944192K), 0.0389070 secs]
[GC 731000K->478908K(2944192K), 0.0398220 secs]
[GC 735036K->479745K(2944192K), 0.0400560 secs]
[GC 735873K->477355K(2944192K), 0.0338400 secs]
[GC 733483K->478168K(2944192K), 0.0320320 secs]
[GC 734296K->482186K(2944192K), 0.0396080 secs]
[GC 738314K->482912K(2944192K), 0.0347990 secs]
[GC 739040K->483730K(2944192K), 0.0372030 secs]
[GC 739858K->481500K(2944192K), 0.0369980 secs]
[GC 737628K->488596K(2944192K), 0.0341740 secs]
[GC 744724K->483118K(2944192K), 0.0382640 secs]
[GC 739246K->488177K(2944192K), 0.0324830 secs]
[GC 744305K->490528K(2944192K), 0.0403760 secs]
[GC 746656K->485495K(2944192K), 0.0398380 secs]
[GC 741623K->493486K(2944192K), 0.0364990 secs]
[GC 749614K->486733K(2944192K), 0.0722310 secs]
[GC 742861K->492126K(2944192K), 0.0366710 secs]
[GC 748254K->491543K(2944192K), 0.0409680 secs]
[GC 747671K->492775K(2944192K), 0.0374250 secs]
[GC 748903K->490624K(2944192K), 0.0359800 secs]
[GC 746752K->494561K(2944192K), 0.0354370 secs]
[GC 750689K->492280K(2944192K), 0.0396770 secs]
[GC 748408K->496381K(2944192K), 0.0352610 secs]
[GC 752509K->494009K(2944192K), 0.0353750 secs]
[GC 750137K->494830K(2944192K), 0.0343180 secs]
[GC 750958K->498840K(2944192K), 0.0431580 secs]
[GC 754968K->496559K(2944192K), 0.0339290 secs]
[GC 752687K->497391K(2944192K), 0.0376870 secs]
[GC 753519K->498285K(2944192K), 0.0353840 secs]
[GC 754413K->502237K(2944192K), 0.0384050 secs]
[GC 758365K->499862K(2944192K), 0.0391250 secs]
[GC 755990K->506969K(2944192K), 0.0371740 secs]
[GC 763097K->501603K(2944192K), 0.0376630 secs]
[GC 757731K->506720K(2944192K), 0.0311070 secs]
[GC 762848K->502942K(2944192K), 0.0346060 secs]
[GC 759070K->504068K(2944192K), 0.0365560 secs]
[GC 760196K->511214K(2944192K), 0.0403870 secs]
[GC 767342K->509922K(2944192K), 0.0369590 secs]
[GC 766050K->513387K(2944192K), 0.0392620 secs]
[GC 769515K->518423K(2944192K), 0.0387060 secs]
[GC 774551K->526775K(2944192K), 0.0401340 secs]
[GC 782903K->516397K(2944192K), 0.0389780 secs]
[GC 772525K->526748K(2944192K), 0.0426410 secs]
[GC 782876K->532686K(2944192K), 0.0462600 secs]
[GC 788814K->536739K(2944192K), 0.0419210 secs]
[GC 792867K->540362K(2944192K), 0.0476020 secs]
[GC 796490K->550498K(2944192K), 0.0424300 secs]
[GC 806626K->532870K(2944192K), 0.0466970 secs]
[GC 788998K->552672K(2944192K), 0.0411320 secs]
[GC 808800K->535769K(2944192K), 0.0390490 secs]
[GC 791897K->548058K(2944192K), 0.0436980 secs]
[GC 804186K->553408K(2944192K), 0.0435020 secs]
[GC 809536K->541253K(2944192K), 0.0455890 secs]
[GC 797381K->552328K(2944192K), 0.0446600 secs]
[GC 808456K->549559K(2944192K), 0.0448270 secs]
[GC 805687K->543800K(2944192K), 0.0413220 secs]
[GC 799928K->551259K(2944192K), 0.0428850 secs]
[GC 807387K->545363K(2944192K), 0.0404860 secs]
[GC 801491K->546007K(2944192K), 0.0407700 secs]
[GC 802135K->546564K(2944192K), 0.0436750 secs]
[GC 802692K->547126K(2944192K), 0.0426240 secs]
[GC 803254K->547914K(2944192K), 0.0422060 secs]
[GC 804042K->548445K(2944192K), 0.0403140 secs]
[GC 804573K->547131K(2944192K), 0.0403830 secs]
[GC 803259K->550965K(2944192K), 0.0372690 secs]
[GC 807093K->551812K(2944192K), 0.0344800 secs]
[GC 807940K->552631K(2944192K), 0.0386230 secs]
[GC 808759K->550091K(2944192K), 0.0360750 secs]
[GC 806219K->554423K(2944192K), 0.0409090 secs]
[GC 810551K->555315K(2944192K), 0.0390860 secs]
[GC 811443K->556423K(2944192K), 0.0417090 secs]
[GC 812551K->553840K(2944192K), 0.0446900 secs]
[GC 809968K->558198K(2944192K), 0.0362270 secs]
[GC 814326K->559033K(2944192K), 0.0368760 secs]
[GC 815161K->559965K(2944192K), 0.0420840 secs]
[GC 816093K->564372K(2944192K), 0.0362150 secs]
[GC 820500K->560610K(2944192K), 0.0401760 secs]
[GC 816738K->563993K(2944192K), 0.0354450 secs]
[GC 820121K->566454K(2944192K), 0.0349250 secs]
[GC 822582K->569272K(2944192K), 0.0362410 secs]
[GC 825400K->572914K(2944192K), 0.0385130 secs]
[GC 829042K->581386K(2944192K), 0.0414920 secs]
[GC 837514K->573763K(2944192K), 0.0394490 secs]
[GC 829891K->581677K(2944192K), 0.0451420 secs]
[GC 837805K->588142K(2944192K), 0.0440450 secs]
[GC 844270K->598966K(2944192K), 0.0414750 secs]
[GC 855094K->587090K(2944192K), 0.0474260 secs]
[GC 843218K->602661K(2944192K), 0.0435930 secs]
[GC 858789K->587728K(2944192K), 0.0465330 secs]
[GC 843856K->608866K(2944192K), 0.0731290 secs]
[GC 864994K->591242K(2944192K), 0.0462120 secs]
[GC 847370K->604328K(2944192K), 0.0456940 secs]
[GC 860456K->609654K(2944192K), 0.0451100 secs]
[GC 865782K->596679K(2944192K), 0.0438570 secs]
[GC 852807K->609493K(2944192K), 0.0472460 secs]
[GC 865621K->599152K(2944192K), 0.0433660 secs]
[GC 855280K->608073K(2944192K), 0.0436130 secs]
[GC 864201K->594700K(2944192K), 0.0477600 secs]
[GC 850828K->602555K(2944192K), 0.0433370 secs]
[GC 858683K->610845K(2944192K), 0.0440160 secs]
[GC 866973K->619900K(2944192K), 0.0435880 secs]
[GC 876028K->614198K(2944192K), 0.0462010 secs]
[GC 870326K->622281K(2944192K), 0.0455640 secs]
[GC 878409K->627236K(2944192K), 0.0504870 secs]
[GC 883364K->630856K(2944192K), 0.0479890 secs]
[GC 886984K->635260K(2944192K), 0.0442180 secs]
[GC 891388K->647293K(2944192K), 0.0648410 secs]
[GC 903421K->627158K(2944192K), 0.0457920 secs]
[GC 883286K->648860K(2944192K), 0.0466990 secs]
[GC 904988K->629807K(2944192K), 0.0457260 secs]
[GC 885935K->651827K(2944192K), 0.0437300 secs]
[GC 907955K->637642K(2944192K), 0.0490210 secs]
[GC 893770K->654790K(2944192K), 0.0463260 secs]
[GC 910918K->635843K(2944192K), 0.0504920 secs]
[GC 891971K->643320K(2944192K), 0.0493920 secs]
[GC 899448K->631970K(2944192K), 0.0455170 secs]
[GC 888098K->642235K(2944192K), 0.0478720 secs]
[GC 898363K->635768K(2944192K), 0.0447790 secs]
[GC 891896K->651478K(2944192K), 0.0447010 secs]
[GC 907606K->660931K(2944192K), 0.0452040 secs]
[GC 917059K->650460K(2944192K), 0.0456220 secs]
[GC 906588K->663541K(2944192K), 0.0487190 secs]
[GC 919669K->676383K(2944192K), 0.0473430 secs]
[GC 932511K->663179K(2944192K), 0.0500290 secs]
[GC 919307K->681193K(2944192K), 0.0491350 secs]
[GC 937321K->691312K(2944192K), 0.0505060 secs]
[GC 947440K->669580K(2944192K), 0.0470140 secs]
[GC 925708K->692819K(2944192K), 0.0475070 secs]
[GC 948947K->672144K(2944192K), 0.0487470 secs]
[GC 928272K->696391K(2944192K), 0.0509190 secs]
[GC 952519K->675351K(2944192K), 0.0491810 secs]
[GC 931479K->699998K(2944192K), 0.0490060 secs]
[GC 956126K->678507K(2944192K), 0.0500540 secs]
[GC 934635K->696540K(2944192K), 0.0495530 secs]
[GC 952668K->694209K(2944192K), 0.0494750 secs]
[GC 950337K->678211K(2944192K), 0.0494520 secs]
[GC 934339K->689053K(2944192K), 0.0491580 secs]
[GC 945181K->700171K(2944192K), 0.0503570 secs]
 WARN  [Thread-0] {org.radargun.ShutDownHook} Slave process: unexpected shutdown!
 INFO  [hz._hzInstance_1_FenixFrameworkGroup.IO.thread-in-1] {com.hazelcast.nio.TcpIpConnection} [127.0.0.1]:5709 [FenixFrameworkGroup] Connection [Address[127.0.0.1]:5705] lost. Reason: java.io.EOFException[Remote socket closed!]
 INFO  [hz._hzInstance_1_FenixFrameworkGroup.IO.thread-in-2] {com.hazelcast.nio.TcpIpConnection} [127.0.0.1]:5709 [FenixFrameworkGroup] Connection [Address[127.0.0.1]:5711] lost. Reason: java.io.EOFException[Remote socket closed!]
 INFO  [hz._hzInstance_1_FenixFrameworkGroup.IO.thread-in-0] {com.hazelcast.nio.TcpIpConnection} [127.0.0.1]:5709 [FenixFrameworkGroup] Connection [Address[127.0.0.1]:5701] lost. Reason: java.io.EOFException[Remote socket closed!]
 INFO  [hz._hzInstance_1_FenixFrameworkGroup.IO.thread-in-1] {com.hazelcast.nio.TcpIpConnection} [127.0.0.1]:5709 [FenixFrameworkGroup] Connection [Address[127.0.0.1]:5712] lost. Reason: java.io.EOFException[Remote socket closed!]
 INFO  [hz._hzInstance_1_FenixFrameworkGroup.IO.thread-in-2] {com.hazelcast.nio.TcpIpConnection} [127.0.0.1]:5709 [FenixFrameworkGroup] Connection [Address[127.0.0.1]:5710] lost. Reason: java.io.EOFException[Remote socket closed!]
 INFO  [hz.ShutdownThread] {com.hazelcast.nio.TcpIpConnection} [127.0.0.1]:5709 [FenixFrameworkGroup] Connection [Address[127.0.0.1]:5707] lost. Reason: Socket explicitly closed
 INFO  [hz._hzInstance_1_FenixFrameworkGroup.IO.thread-in-0] {com.hazelcast.nio.TcpIpConnection} [127.0.0.1]:5709 [FenixFrameworkGroup] Connection [Address[127.0.0.1]:5712] lost. Reason: java.io.EOFException[Remote socket closed!]
 INFO  [hz._hzInstance_1_FenixFrameworkGroup.IO.thread-in-2] {com.hazelcast.nio.TcpIpConnection} [127.0.0.1]:5709 [FenixFrameworkGroup] Connection [Address[127.0.0.1]:5708] lost. Reason: java.io.EOFException[Remote socket closed!]
 INFO  [hz.ShutdownThread] {com.hazelcast.nio.TcpIpConnection} [127.0.0.1]:5709 [FenixFrameworkGroup] Connection [Address[127.0.0.1]:5706] lost. Reason: Socket explicitly closed
 INFO  [hz.ShutdownThread] {com.hazelcast.nio.TcpIpConnection} [127.0.0.1]:5709 [FenixFrameworkGroup] Connection [Address[127.0.0.1]:5704] lost. Reason: Socket explicitly closed
 INFO  [hz.ShutdownThread] {com.hazelcast.nio.TcpIpConnection} [127.0.0.1]:5709 [FenixFrameworkGroup] Connection [Address[127.0.0.1]:5710] lost. Reason: Socket explicitly closed
 INFO  [hz.ShutdownThread] {com.hazelcast.nio.TcpIpConnection} [127.0.0.1]:5709 [FenixFrameworkGroup] Connection [Address[127.0.0.1]:5703] lost. Reason: Socket explicitly closed
 INFO  [hz.ShutdownThread] {com.hazelcast.nio.TcpIpConnection} [127.0.0.1]:5709 [FenixFrameworkGroup] Connection [Address[127.0.0.1]:5713] lost. Reason: Socket explicitly closed
 INFO  [hz._hzInstance_1_FenixFrameworkGroup.IO.thread-in-0] {com.hazelcast.nio.TcpIpConnection} [127.0.0.1]:5709 [FenixFrameworkGroup] Connection [Address[127.0.0.1]:5708] lost. Reason: java.io.EOFException[Remote socket closed!]
 INFO  [hz.ShutdownThread] {com.hazelcast.nio.TcpIpConnection} [127.0.0.1]:5709 [FenixFrameworkGroup] Connection [Address[127.0.0.1]:5713] lost. Reason: Socket explicitly closed
 INFO  [hz.ShutdownThread] {com.hazelcast.nio.TcpIpConnection} [127.0.0.1]:5709 [FenixFrameworkGroup] Connection [Address[127.0.0.1]:5704] lost. Reason: Socket explicitly closed
 INFO  [hz.ShutdownThread] {com.hazelcast.nio.TcpIpConnection} [127.0.0.1]:5709 [FenixFrameworkGroup] Connection [Address[127.0.0.1]:5706] lost. Reason: Socket explicitly closed
 INFO  [hz.ShutdownThread] {com.hazelcast.initializer} [127.0.0.1]:5709 [FenixFrameworkGroup] Destroying node initializer.
 INFO  [hz.ShutdownThread] {com.hazelcast.instance.Node} [127.0.0.1]:5709 [FenixFrameworkGroup] Hazelcast Shutdown is completed in 77 ms.
 INFO  [hz._hzInstance_2_dev.IO.thread-in-0] {com.hazelcast.nio.TcpIpConnection} [127.0.0.1]:5719 [dev] Connection [Address[127.0.0.1]:5721] lost. Reason: java.io.EOFException[Remote socket closed!]
 INFO  [hz._hzInstance_2_dev.IO.thread-in-1] {com.hazelcast.nio.TcpIpConnection} [127.0.0.1]:5719 [dev] Connection [Address[127.0.0.1]:5702] lost. Reason: java.io.EOFException[Remote socket closed!]
 INFO  [hz._hzInstance_2_dev.IO.thread-in-2] {com.hazelcast.nio.TcpIpConnection} [127.0.0.1]:5719 [dev] Connection [Address[127.0.0.1]:5722] lost. Reason: java.io.EOFException[Remote socket closed!]
 INFO  [hz._hzInstance_2_dev.IO.thread-in-1] {com.hazelcast.nio.TcpIpConnection} [127.0.0.1]:5719 [dev] Connection [Address[127.0.0.1]:5721] lost. Reason: java.io.EOFException[Remote socket closed!]
 INFO  [hz._hzInstance_2_dev.IO.thread-in-2] {com.hazelcast.nio.TcpIpConnection} [127.0.0.1]:5719 [dev] Connection [Address[127.0.0.1]:5724] lost. Reason: java.io.EOFException[Remote socket closed!]
 INFO  [hz._hzInstance_2_dev.IO.thread-in-0] {com.hazelcast.nio.TcpIpConnection} [127.0.0.1]:5719 [dev] Connection [Address[127.0.0.1]:5722] lost. Reason: java.io.EOFException[Remote socket closed!]
 INFO  [hz._hzInstance_2_dev.IO.thread-in-0] {com.hazelcast.nio.TcpIpConnection} [127.0.0.1]:5719 [dev] Connection [Address[127.0.0.1]:5716] lost. Reason: java.io.EOFException[Remote socket closed!]
 INFO  [hz._hzInstance_2_dev.IO.thread-in-2] {com.hazelcast.nio.TcpIpConnection} [127.0.0.1]:5719 [dev] Connection [Address[127.0.0.1]:5723] lost. Reason: java.io.EOFException[Remote socket closed!]
 INFO  [hz._hzInstance_2_dev.IO.thread-in-0] {com.hazelcast.nio.TcpIpConnection} [127.0.0.1]:5719 [dev] Connection [Address[127.0.0.1]:5716] lost. Reason: java.io.EOFException[Remote socket closed!]
 INFO  [hz._hzInstance_2_dev.IO.thread-in-0] {com.hazelcast.nio.TcpIpConnection} [127.0.0.1]:5719 [dev] Connection [Address[127.0.0.1]:5717] lost. Reason: java.io.EOFException[Remote socket closed!]
 INFO  [hz._hzInstance_2_dev.IO.thread-in-1] {com.hazelcast.nio.TcpIpConnection} [127.0.0.1]:5719 [dev] Connection [Address[127.0.0.1]:5717] lost. Reason: java.io.EOFException[Remote socket closed!]
 INFO  [hz._hzInstance_2_dev.IO.thread-in-2] {com.hazelcast.nio.TcpIpConnection} [127.0.0.1]:5719 [dev] Connection [Address[127.0.0.1]:5715] lost. Reason: java.io.EOFException[Remote socket closed!]
 INFO  [hz._hzInstance_2_dev.IO.thread-in-0] {com.hazelcast.nio.TcpIpConnection} [127.0.0.1]:5719 [dev] Connection [Address[127.0.0.1]:5720] lost. Reason: java.io.EOFException[Remote socket closed!]
 INFO  [hz._hzInstance_2_dev.IO.thread-in-2] {com.hazelcast.nio.TcpIpConnection} [127.0.0.1]:5719 [dev] Connection [Address[127.0.0.1]:5715] lost. Reason: java.io.EOFException[Remote socket closed!]
 INFO  [hz._hzInstance_2_dev.IO.thread-in-1] {com.hazelcast.nio.TcpIpConnection} [127.0.0.1]:5719 [dev] Connection [Address[127.0.0.1]:5718] lost. Reason: java.io.EOFException[Remote socket closed!]
 INFO  [hz._hzInstance_2_dev.IO.thread-in-2] {com.hazelcast.nio.TcpIpConnection} [127.0.0.1]:5719 [dev] Connection [Address[127.0.0.1]:5718] lost. Reason: java.io.EOFException[Remote socket closed!]
 INFO  [main] {org.radargun.Slave} Master shutdown!
 INFO  [hz.ShutdownThread] {com.hazelcast.nio.TcpIpConnection} [127.0.0.1]:5719 [dev] Connection [Address[127.0.0.1]:5723] lost. Reason: Socket explicitly closed
 INFO  [hz.ShutdownThread] {com.hazelcast.nio.TcpIpConnection} [127.0.0.1]:5719 [dev] Connection [Address[127.0.0.1]:5714] lost. Reason: Socket explicitly closed
 INFO  [hz.ShutdownThread] {com.hazelcast.nio.TcpIpConnection} [127.0.0.1]:5719 [dev] Connection [Address[127.0.0.1]:5720] lost. Reason: Socket explicitly closed
 INFO  [hz.ShutdownThread] {com.hazelcast.nio.TcpIpConnection} [127.0.0.1]:5719 [dev] Connection [Address[127.0.0.1]:5724] lost. Reason: Socket explicitly closed
 INFO  [hz.ShutdownThread] {com.hazelcast.nio.TcpIpConnection} [127.0.0.1]:5719 [dev] Connection [Address[127.0.0.1]:5714] lost. Reason: Socket explicitly closed
 INFO  [hz.ShutdownThread] {com.hazelcast.initializer} [127.0.0.1]:5719 [dev] Destroying node initializer.
 INFO  [hz.ShutdownThread] {com.hazelcast.instance.Node} [127.0.0.1]:5719 [dev] Hazelcast Shutdown is completed in 326 ms.
