/usr/java/jdk1.7.0_21/bin/java -server -Xmx1024M -Xms1024M -Dresolve.dns=false -Djgroups.timer.num_threads=4 -verbose:gc -Xmx5000M -Xms3000M -server -XX:+UseConcMarkSweepGC -XX:+AggressiveOpts -verbose:gc -XX:ParallelGCThreads=4 -XX:NewRatio=5 -XX:SurvivorRatio=2 -Dhazelcast.operation.thread.count=4 -Djava.net.preferIPv4Stack=true -Dlog4j.file.prefix=deimos-esw-31936 -Dbind.address= -Djgroups.bind_addr= -classpath /home/smf/github/radargun/target/distribution/RadarGun-1.1.0-SNAPSHOT/lib/activation-1.1.jar:/home/smf/github/radargun/target/distribution/RadarGun-1.1.0-SNAPSHOT/lib/commons-beanutils-1.8.0.jar:/home/smf/github/radargun/target/distribution/RadarGun-1.1.0-SNAPSHOT/lib/commons-digester-2.0.jar:/home/smf/github/radargun/target/distribution/RadarGun-1.1.0-SNAPSHOT/lib/commons-logging-1.1.1.jar:/home/smf/github/radargun/target/distribution/RadarGun-1.1.0-SNAPSHOT/lib/commons-math-1.2.jar:/home/smf/github/radargun/target/distribution/RadarGun-1.1.0-SNAPSHOT/lib/jboss-transaction-api-1.0.1.GA.jar:/home/smf/github/radargun/target/distribution/RadarGun-1.1.0-SNAPSHOT/lib/jcommon-1.0.15.jar:/home/smf/github/radargun/target/distribution/RadarGun-1.1.0-SNAPSHOT/lib/jfreechart-1.0.12.jar:/home/smf/github/radargun/target/distribution/RadarGun-1.1.0-SNAPSHOT/lib/log4j-1.2.14.jar:/home/smf/github/radargun/target/distribution/RadarGun-1.1.0-SNAPSHOT/lib/mail-1.4.2.jar:/home/smf/github/radargun/target/distribution/RadarGun-1.1.0-SNAPSHOT/lib/radargun-framework-1.1.0-SNAPSHOT.jar:/home/smf/github/radargun/target/distribution/RadarGun-1.1.0-SNAPSHOT/conf org.radargun.Slave -master 127.0.0.1:2103
--------------------------------------------------------------------------------
PerNodeRollingFileAppender::Using file prefix:deimos-esw-31936
 INFO  [main] {org.radargun.Slave} Attempting to connect to master 127.0.0.1:2103
 INFO  [main] {org.radargun.Slave} Successfully established connection with master at: 127.0.0.1:2103
Loading JARS from /home/smf/github/radargun/target/distribution/RadarGun-1.1.0-SNAPSHOT/lib/radargun-framework-1.1.0-SNAPSHOT.jar
 INFO  [pool-1-thread-1] {org.radargun.config.AnnotatedHelper} Loading JARS from /home/smf/github/radargun/target/distribution/RadarGun-1.1.0-SNAPSHOT/lib/radargun-framework-1.1.0-SNAPSHOT.jar
 INFO  [pool-1-thread-1] {org.radargun.config.AnnotatedHelper} Loading JARS from /home/smf/github/radargun/target/distribution/RadarGun-1.1.0-SNAPSHOT/lib/radargun-framework-1.1.0-SNAPSHOT.jar
 INFO  [pool-1-thread-1] {org.radargun.Slave} Executing stage: DestroyWrapper {enforceMemoryThrashHold=true, exitBenchmarkOnSlaveFailure=false, heapDumpDir=null, memoryThreshold=95, runOnAllSlaves=true, slaves=null, useSmartClassLoading=true }
 INFO  [pool-1-thread-1] {org.radargun.stages.DestroyWrapperStage} Received destroy cache wrapper request from master...
 INFO  [pool-1-thread-1] {org.radargun.stages.DestroyWrapperStage} No cache wrapper deployed on this slave, nothing to do.
 INFO  [pool-1-thread-1] {org.radargun.stages.DestroyWrapperStage} Before executing clear, memory looks like this: Memory - free: 2,928,638 kb - max:4,906,688 kb- total:2,944,000 kb
[Full GC 15361K->3631K(2944000K), 0.0637860 secs]
 INFO  [pool-1-thread-1] {org.radargun.stages.DestroyWrapperStage} After executing cleanup, memory looks like this: Memory - free: 2,935,311 kb - max:4,906,688 kb- total:2,944,064 kb
 INFO  [pool-1-thread-1] {org.radargun.Slave} Finished stage: DestroyWrapper {enforceMemoryThrashHold=true, exitBenchmarkOnSlaveFailure=false, heapDumpDir=null, memoryThreshold=95, runOnAllSlaves=true, slaves=null, useSmartClassLoading=true }
 INFO  [main] {org.radargun.Slave} Ack successfully sent to the master
 INFO  [pool-1-thread-1] {org.radargun.Slave} Executing stage: StartCluster {config=ispn52-repl-sync-rc.xml, delayAfterFirstSlaveStarts=5.000 secs, delayBetweenStartingSlaves=0.500 secs, exitBenchmarkOnSlaveFailure=true, expectNumSlaves=null, mayFailOn=null, reachable=null, runOnAllSlaves=false, slaves=null, staggerSlaveStartup=true, useSmartClassLoading=true, validateCluster=true }
 INFO  [pool-1-thread-1] {org.radargun.stages.StartClusterStage}  Startup staggering, starting 8 slaves. This is the slave with index 1. Sleeping for 5500 millis.
 INFO  [pool-1-thread-1] {org.radargun.stages.StartClusterStage} Ack master's StartCluster stage. Local address is: /127.0.0.1. This slave's index is: 1
 INFO  [pool-1-thread-1] {org.radargun.utils.ClassLoadHelper} Creating newInstance org.radargun.cachewrappers.FFWrapper with classloader java.net.URLClassLoader@49de5afd
 INFO  [pool-1-thread-1] {org.radargun.cachewrappers.FFWrapper} config=ispn52-repl-sync-rc.xml, isLocal=false, nodeIndex=1, confAttributes={name=ispn52-repl-sync-rc.xml, decorate=infinispan52}
 INFO  [pool-1-thread-1] {org.radargun.cachewrappers.FFWrapper} Found fenix framework config options in 'rg-fenix-framework-config-options.properties'.
 INFO  [pool-1-thread-1] {org.radargun.cachewrappers.FFWrapper} Setting extra config properties for Fenix Framework.
 INFO  [pool-1-thread-1] {org.radargun.cachewrappers.FFWrapper} Will initialize Fenix Framework with RadarGunDataGridConfig
 TRACE [pool-1-thread-1] {pt.ist.fenixframework.FenixFramework} Static initializer block for FenixFramework class [BEGIN]
 INFO  [pool-1-thread-1] {pt.ist.fenixframework.FenixFramework} Trying auto-initialization with configuration by convention
 INFO  [pool-1-thread-1] {pt.ist.fenixframework.FenixFramework} Resource 'fenix-framework.properties' not found
 DEBUG [pool-1-thread-1] {pt.ist.fenixframework.FenixFramework} Fenix Framework properties after reading default config file:{}
 DEBUG [pool-1-thread-1] {pt.ist.fenixframework.FenixFramework} CurrentBackEndName = jvstm-datagrid
 INFO  [pool-1-thread-1] {pt.ist.fenixframework.FenixFramework} Resource 'fenix-framework-jvstm-datagrid.properties' not found
 DEBUG [pool-1-thread-1] {pt.ist.fenixframework.FenixFramework} Fenix Framework properties after reading backend config file:{}
 DEBUG [pool-1-thread-1] {pt.ist.fenixframework.FenixFramework} Fenix Framework properties after enforcing system properties:{}
 INFO  [pool-1-thread-1] {pt.ist.fenixframework.FenixFramework} Skipping configuration by convention.
 TRACE [pool-1-thread-1] {pt.ist.fenixframework.FenixFramework} Static initializer block for FenixFramework class [END]
 INFO  [pool-1-thread-1] {pt.ist.fenixframework.FenixFramework} Initializing Fenix Framework with config.class=pt.ist.fenixframework.backend.jvstm.datagrid.radargun.RadarGunDataGridConfig
 INFO  [pool-1-thread-1] {pt.ist.fenixframework.backend.jvstm.cluster.JvstmClusterBackEnd} initializeGroupCommunication()
 INFO  [pool-1-thread-1] {com.hazelcast.config.ClasspathXmlConfig} Configuring Hazelcast from 'hazelcast-ff.xml'.
 INFO  [pool-1-thread-1] {com.hazelcast.instance.DefaultAddressPicker} Interfaces is disabled, trying to pick one address from TCP-IP config addresses: [127.0.0.1]
 INFO  [pool-1-thread-1] {com.hazelcast.instance.DefaultAddressPicker} Picked Address[127.0.0.1]:5702, using socket ServerSocket[addr=/0.0.0.0,localport=5702], bind any local is true
 INFO  [pool-1-thread-1] {com.hazelcast.system} [127.0.0.1]:5702 [FenixFrameworkGroup] Hazelcast Community Edition 3.0-RC1 (20130627) starting at Address[127.0.0.1]:5702
 INFO  [pool-1-thread-1] {com.hazelcast.system} [127.0.0.1]:5702 [FenixFrameworkGroup] Copyright (C) 2008-2013 Hazelcast.com
 INFO  [pool-1-thread-1] {com.hazelcast.core.LifecycleService} [127.0.0.1]:5702 [FenixFrameworkGroup] Address[127.0.0.1]:5702 is STARTING
 INFO  [pool-1-thread-1] {com.hazelcast.cluster.TcpIpJoiner} [127.0.0.1]:5702 [FenixFrameworkGroup] Connecting to possible member: Address[127.0.0.1]:5703
 INFO  [pool-1-thread-1] {com.hazelcast.cluster.TcpIpJoiner} [127.0.0.1]:5702 [FenixFrameworkGroup] Connecting to possible member: Address[127.0.0.1]:5701
 INFO  [hz._hzInstance_1_FenixFrameworkGroup.cached.thread-2] {com.hazelcast.nio.SocketConnector} [127.0.0.1]:5702 [FenixFrameworkGroup] Connecting to /127.0.0.1:5703, timeout: 0, bind-any: true
 INFO  [hz._hzInstance_1_FenixFrameworkGroup.cached.thread-3] {com.hazelcast.nio.SocketConnector} [127.0.0.1]:5702 [FenixFrameworkGroup] Connecting to /127.0.0.1:5701, timeout: 0, bind-any: true
 INFO  [hz._hzInstance_1_FenixFrameworkGroup.cached.thread-2] {com.hazelcast.nio.TcpIpConnectionManager} [127.0.0.1]:5702 [FenixFrameworkGroup] 49941 accepted socket connection from /127.0.0.1:5703
 INFO  [hz._hzInstance_1_FenixFrameworkGroup.cached.thread-3] {com.hazelcast.nio.TcpIpConnectionManager} [127.0.0.1]:5702 [FenixFrameworkGroup] 50079 accepted socket connection from /127.0.0.1:5701
 INFO  [hz._hzInstance_1_FenixFrameworkGroup.cached.thread-2] {com.hazelcast.nio.SocketAcceptor} [127.0.0.1]:5702 [FenixFrameworkGroup] 5702 is accepting socket connection from /127.0.0.1:49634
 INFO  [hz._hzInstance_1_FenixFrameworkGroup.cached.thread-2] {com.hazelcast.nio.TcpIpConnectionManager} [127.0.0.1]:5702 [FenixFrameworkGroup] 5702 accepted socket connection from /127.0.0.1:49634
 INFO  [hz._hzInstance_1_FenixFrameworkGroup.cached.thread-3] {com.hazelcast.nio.SocketAcceptor} [127.0.0.1]:5702 [FenixFrameworkGroup] 5702 is accepting socket connection from /127.0.0.1:57319
 INFO  [hz._hzInstance_1_FenixFrameworkGroup.cached.thread-3] {com.hazelcast.nio.TcpIpConnectionManager} [127.0.0.1]:5702 [FenixFrameworkGroup] 5702 accepted socket connection from /127.0.0.1:57319
 INFO  [hz._hzInstance_1_FenixFrameworkGroup.cached.thread-1] {com.hazelcast.nio.SocketAcceptor} [127.0.0.1]:5702 [FenixFrameworkGroup] 5702 is accepting socket connection from /127.0.0.1:34638
 INFO  [hz._hzInstance_1_FenixFrameworkGroup.cached.thread-1] {com.hazelcast.nio.TcpIpConnectionManager} [127.0.0.1]:5702 [FenixFrameworkGroup] 5702 accepted socket connection from /127.0.0.1:34638
 INFO  [hz._hzInstance_1_FenixFrameworkGroup.cached.thread-3] {com.hazelcast.nio.SocketAcceptor} [127.0.0.1]:5702 [FenixFrameworkGroup] 5702 is accepting socket connection from /127.0.0.1:50970
 INFO  [hz._hzInstance_1_FenixFrameworkGroup.cached.thread-3] {com.hazelcast.nio.TcpIpConnectionManager} [127.0.0.1]:5702 [FenixFrameworkGroup] 5702 accepted socket connection from /127.0.0.1:50970
 INFO  [hz._hzInstance_1_FenixFrameworkGroup.cached.thread-3] {com.hazelcast.nio.SocketAcceptor} [127.0.0.1]:5702 [FenixFrameworkGroup] 5702 is accepting socket connection from /127.0.0.1:34870
 INFO  [hz._hzInstance_1_FenixFrameworkGroup.cached.thread-3] {com.hazelcast.nio.TcpIpConnectionManager} [127.0.0.1]:5702 [FenixFrameworkGroup] 5702 accepted socket connection from /127.0.0.1:34870
 INFO  [hz._hzInstance_1_FenixFrameworkGroup.cached.thread-3] {com.hazelcast.cluster.ClusterService} [127.0.0.1]:5702 [FenixFrameworkGroup] 

Members [8] {
	Member [127.0.0.1]:5701
	Member [127.0.0.1]:5702 this
	Member [127.0.0.1]:5704
	Member [127.0.0.1]:5705
	Member [127.0.0.1]:5706
	Member [127.0.0.1]:5703
	Member [127.0.0.1]:5707
	Member [127.0.0.1]:5708
}

 INFO  [pool-1-thread-1] {com.hazelcast.core.LifecycleService} [127.0.0.1]:5702 [FenixFrameworkGroup] Address[127.0.0.1]:5702 is STARTED
 INFO  [pool-1-thread-1] {pt.ist.fenixframework.backend.jvstm.cluster.ClusterUtils} Got (long) serverId: 1
 INFO  [pool-1-thread-1] {pt.ist.fenixframework.backend.jvstm.cluster.JvstmClusterBackEnd} This is NOT the first node.
 INFO  [pool-1-thread-1] {pt.ist.fenixframework.backend.jvstm.cluster.ClusterUtils} Waiting for startup from first node
 INFO  [pool-1-thread-1] {pt.ist.fenixframework.backend.jvstm.JVSTMBackEnd} initializeRepository()
 INFO  [pool-1-thread-1] {pt.ist.fenixframework.backend.jvstm.datagrid.radargun.DataGridDecorator} config=ispn52-repl-sync-rc.xml, isLocal=false, nodeIndex=1, confAttributes={name=ispn52-repl-sync-rc.xml}
 INFO  [pool-1-thread-1] {org.radargun.cachewrappers.InfinispanXSWrapper} Cannot find any site for slave index 1
[GC 259695K->10779K(2944064K), 0.0380490 secs]
 INFO  [pool-1-thread-1] {org.infinispan.remoting.transport.jgroups.JGroupsTransport} ISPN000078: Starting JGroups Channel
 WARN  [pool-1-thread-1] {org.jgroups.protocols.UDP} [JGRP00014] the send buffer of socket DatagramSocket was set to 640KB, but the OS only allocated 229.38KB. This might lead to performance problems. Please set your max send buffer in the OS correctly (e.g. net.core.wmem_max on Linux)
 WARN  [pool-1-thread-1] {org.jgroups.protocols.UDP} [JGRP00014] the receive buffer of socket DatagramSocket was set to 20MB, but the OS only allocated 229.38KB. This might lead to performance problems. Please set your max receive buffer in the OS correctly (e.g. net.core.rmem_max on Linux)
 WARN  [pool-1-thread-1] {org.jgroups.protocols.UDP} [JGRP00014] the send buffer of socket MulticastSocket was set to 640KB, but the OS only allocated 229.38KB. This might lead to performance problems. Please set your max send buffer in the OS correctly (e.g. net.core.wmem_max on Linux)
 WARN  [pool-1-thread-1] {org.jgroups.protocols.UDP} [JGRP00014] the receive buffer of socket MulticastSocket was set to 25MB, but the OS only allocated 229.38KB. This might lead to performance problems. Please set your max receive buffer in the OS correctly (e.g. net.core.rmem_max on Linux)
 INFO  [pool-1-thread-1] {org.infinispan.remoting.transport.jgroups.JGroupsTransport} ISPN000094: Received new cluster view: [deimos-esw-29231|1] [deimos-esw-29231, deimos-esw-877, deimos-esw-54848]
 INFO  [pool-1-thread-1] {org.infinispan.remoting.transport.jgroups.JGroupsTransport} ISPN000079: Cache local address is deimos-esw-54848, physical addresses are [127.0.0.1:52002]
 INFO  [pool-1-thread-1] {org.infinispan.factories.GlobalComponentRegistry} ISPN000128: Infinispan version: Infinispan 'Delirium' 5.2.6.Final
 INFO  [Incoming-4,deimos-esw-54848] {org.infinispan.remoting.transport.jgroups.JGroupsTransport} ISPN000094: Received new cluster view: [deimos-esw-29231|2] [deimos-esw-29231, deimos-esw-877, deimos-esw-54848, deimos-esw-58796]
 INFO  [pool-1-thread-1] {org.infinispan.transaction.lookup.JBossStandaloneJTAManagerLookup} ISPN000107: Retrieving transaction manager Transaction: unknown
 INFO  [Incoming-4,deimos-esw-54848] {org.infinispan.remoting.transport.jgroups.JGroupsTransport} ISPN000094: Received new cluster view: [deimos-esw-29231|3] [deimos-esw-29231, deimos-esw-877, deimos-esw-54848, deimos-esw-58796, deimos-esw-38580]
 INFO  [Incoming-4,deimos-esw-54848] {org.infinispan.remoting.transport.jgroups.JGroupsTransport} ISPN000094: Received new cluster view: [deimos-esw-29231|4] [deimos-esw-29231, deimos-esw-877, deimos-esw-54848, deimos-esw-58796, deimos-esw-38580, deimos-esw-23679, deimos-esw-16133]
 INFO  [pool-1-thread-1] {org.infinispan.jmx.CacheJmxRegistration} ISPN000031: MBeans were successfully registered to the platform MBean server.
 INFO  [Incoming-4,deimos-esw-54848] {org.infinispan.remoting.transport.jgroups.JGroupsTransport} ISPN000094: Received new cluster view: [deimos-esw-29231|5] [deimos-esw-29231, deimos-esw-877, deimos-esw-54848, deimos-esw-58796, deimos-esw-38580, deimos-esw-23679, deimos-esw-16133, deimos-esw-39823]
 INFO  [pool-1-thread-1] {org.radargun.cachewrappers.InfinispanXSWrapper} Using transaction manager: Transaction: unknown
 INFO  [pool-1-thread-1] {org.radargun.cachewrappers.InfinispanXSWrapper} No RELAY2 protocol in XS wrapper
 INFO  [pool-1-thread-1] {org.radargun.cachewrappers.InfinispanXSWrapper} JGroups version: JGroups 3.2.7.Final
 INFO  [pool-1-thread-1] {org.radargun.cachewrappers.InfinispanXSWrapper} Using config attributes: {name=ispn52-repl-sync-rc.xml}
 INFO  [pool-1-thread-1] {pt.ist.fenixframework.backend.jvstm.datagrid.DataGridRepository} Initialization marker is present. Data Grid already existed.
 INFO  [pool-1-thread-1] {pt.ist.fenixframework.backend.jvstm.JVSTMBackEnd} initializeDomainClassInfos
 INFO  [pool-1-thread-1] {pt.ist.fenixframework.backend.jvstm.pstm.DomainClassInfo} serverId: 1, serverOidBase: 1000000000000
 INFO  [pool-1-thread-1] {pt.ist.fenixframework.backend.jvstm.pstm.DomainClassInfo} Existing domain class 'pt.ist.fenixframework.adt.linkedlist.LinkedList' with id '9'
 INFO  [pool-1-thread-1] {pt.ist.fenixframework.backend.jvstm.pstm.DomainClassInfo} Existing domain class 'pt.ist.fenixframework.adt.bplustree.AbstractNodeArray' with id 'a'
 INFO  [pool-1-thread-1] {pt.ist.fenixframework.backend.jvstm.pstm.DomainClassInfo} Existing domain class 'pt.ist.fenixframework.adt.bplustree.BPlusTreeArray' with id '2'
 INFO  [pool-1-thread-1] {pt.ist.fenixframework.backend.jvstm.pstm.DomainClassInfo} Existing domain class 'pt.ist.fenixframework.adt.bplustree.AbstractNode' with id 'f'
 INFO  [pool-1-thread-1] {pt.ist.fenixframework.backend.jvstm.pstm.DomainClassInfo} Existing domain class 'pt.ist.fenixframework.adt.bplustree.DomainInnerNode' with id '3'
 INFO  [pool-1-thread-1] {pt.ist.fenixframework.backend.jvstm.pstm.DomainClassInfo} Existing domain class 'pt.ist.fenixframework.adt.linkedlist.ListNode' with id '6'
 INFO  [pool-1-thread-1] {pt.ist.fenixframework.backend.jvstm.pstm.DomainClassInfo} Existing domain class 'pt.ist.fenixframework.adt.bplustree.InnerNode' with id '8'
 INFO  [pool-1-thread-1] {pt.ist.fenixframework.backend.jvstm.pstm.DomainClassInfo} Existing domain class 'pt.ist.fenixframework.DomainRoot' with id '0'
 INFO  [pool-1-thread-1] {pt.ist.fenixframework.backend.jvstm.pstm.DomainClassInfo} Existing domain class 'pt.ist.fenixframework.adt.bplustree.LeafNode' with id '4'
 INFO  [pool-1-thread-1] {pt.ist.fenixframework.backend.jvstm.pstm.DomainClassInfo} Existing domain class 'pt.ist.fenixframework.adt.bplustree.InnerNodeArray' with id 'b'
 INFO  [pool-1-thread-1] {pt.ist.fenixframework.backend.jvstm.pstm.DomainClassInfo} Existing domain class 'pt.ist.fenixframework.adt.bplustree.LeafNodeArray' with id 'c'
 INFO  [pool-1-thread-1] {pt.ist.fenixframework.backend.jvstm.pstm.DomainClassInfo} Existing domain class 'pt.ist.fenixframework.backend.jvstm.pstm.FenixFrameworkData' with id 'd'
 INFO  [pool-1-thread-1] {pt.ist.fenixframework.backend.jvstm.pstm.DomainClassInfo} Existing domain class 'pt.ist.fenixframework.adt.bplustree.BPlusTree' with id '7'
 INFO  [pool-1-thread-1] {pt.ist.fenixframework.backend.jvstm.pstm.DomainClassInfo} Existing domain class 'pt.ist.fenixframework.adt.bplustree.DomainBPlusTree' with id 'e'
 INFO  [pool-1-thread-1] {pt.ist.fenixframework.backend.jvstm.pstm.DomainClassInfo} Existing domain class 'pt.ist.fenixframework.adt.bplustree.DomainLeafNode' with id '1'
 INFO  [pool-1-thread-1] {pt.ist.fenixframework.backend.jvstm.pstm.DomainClassInfo} Existing domain class 'pt.ist.fenixframework.backend.jvstm.pstm.TransactionStatisticsEntry' with id '5'
 INFO  [pool-1-thread-1] {pt.ist.fenixframework.backend.jvstm.JVSTMBackEnd} setupJVSTM
 INFO  [pool-1-thread-1] {pt.ist.fenixframework.backend.jvstm.JVSTMBackEnd} Setting the last committed TX number to 2
 INFO  [pool-1-thread-1] {pt.ist.fenixframework.backend.jvstm.JVSTMBackEnd} createDomainRootIfNeeded
 INFO  [pool-1-thread-1] {pt.ist.fenixframework.backend.jvstm.JVSTMBackEnd} ensureFenixFrameworkDataExists
 INFO  [pool-1-thread-1] {pt.ist.fenixframework.hibernatesearch.HibernateSearchConfig} Resource 'fenix-framework-hibernate-search.properties' not found. Hibernate Search disabled
 INFO  [pool-1-thread-1] {pt.ist.fenixframework.FenixFramework} Initialization of Fenix Framework is now complete.
 INFO  [pool-1-thread-1] {org.radargun.cachewrappers.FFWrapper} FF STARTED=true
 INFO  [pool-1-thread-1] {org.radargun.stages.helpers.StartHelper} Number of members is the one expected: 8
 INFO  [pool-1-thread-1] {org.radargun.stages.StartClusterStage} Successfully started cache wrapper on slave 1: org.radargun.cachewrappers.FFWrapper@11241756
 INFO  [pool-1-thread-1] {org.radargun.Slave} Finished stage: StartCluster {config=ispn52-repl-sync-rc.xml, delayAfterFirstSlaveStarts=5.000 secs, delayBetweenStartingSlaves=0.500 secs, exitBenchmarkOnSlaveFailure=true, expectNumSlaves=null, mayFailOn=null, reachable=null, runOnAllSlaves=false, slaves=null, staggerSlaveStartup=true, useSmartClassLoading=true, validateCluster=true }
 INFO  [main] {org.radargun.Slave} Ack successfully sent to the master
 INFO  [pool-1-thread-1] {org.radargun.Slave} Executing stage: ClusterValidation {exitBenchmarkOnSlaveFailure=false, partialReplication=false, replicationTimeSleep=2000, replicationTryCount=60, runOnAllSlaves=false, slaves=null, useSmartClassLoading=true }
 INFO  [pool-1-thread-1] {org.radargun.stages.ClusterValidationStage} Number of caches that replicated here is 2
 INFO  [pool-1-thread-1] {org.radargun.stages.ClusterValidationStage} Replication test failed, 1 tries so far. Sleeping for 2 seconds and trying again.
 INFO  [pool-1-thread-1] {org.radargun.stages.ClusterValidationStage} Number of caches that replicated here is 7
 INFO  [pool-1-thread-1] {org.radargun.stages.ClusterValidationStage} Replication test successfully passed. partialReplication? false, replicationCount = 7
 INFO  [pool-1-thread-1] {org.radargun.stages.ClusterValidationStage} Confirm phase successful.
 INFO  [pool-1-thread-1] {org.radargun.Slave} Finished stage: ClusterValidation {exitBenchmarkOnSlaveFailure=false, partialReplication=false, replicationTimeSleep=2000, replicationTryCount=60, runOnAllSlaves=false, slaves=[ 0, 1, 2, 3, 4, 5, 6, 7 ], useSmartClassLoading=true }
 INFO  [main] {org.radargun.Slave} Ack successfully sent to the master
 INFO  [pool-1-thread-1] {org.radargun.Slave} Executing stage: StressTestWarmup {bulkSize=1, cacheSpecificKeyGenerator=false, commitTransactions=true, duration=1 mins 0 secs, entrySize=1000, exitBenchmarkOnSlaveFailure=false, fixedKeys=true, generateHistogramRange=false, keyGeneratorClass=org.radargun.stressors.StringKeyGenerator, keyGeneratorParam=null, loadAllKeys=false, numEntries=100, numOfThreads=4, numRequests=10000, numThreads=4, numberOfAttributes=100, numberOfRequests=10000, opsCountStatusLog=100000, poolKeys=true, preferAsyncOperations=false, removePercentage=0, replaceInvalidPercentage=40, runOnAllSlaves=false, sharedKeys=false, sizeOfAnAttribute=1000, slaves=null, transactionSize=50, useAtomics=false, useHistogramStatistics=false, useSimpleStatistics=true, useSmartClassLoading=true, useTransactions=null, writePercentage=20, writeTxPercentage=20 }
 INFO  [pool-1-thread-1] {org.radargun.stages.StressTestWarmupStage} Starting StressTestWarmupStage: StressTestWarmup {bulkSize=1, cacheSpecificKeyGenerator=false, commitTransactions=true, duration=1 mins 0 secs, entrySize=1000, exitBenchmarkOnSlaveFailure=false, fixedKeys=true, generateHistogramRange=false, keyGeneratorClass=org.radargun.stressors.StringKeyGenerator, keyGeneratorParam=null, loadAllKeys=false, numEntries=100, numOfThreads=4, numRequests=10000, numThreads=4, numberOfAttributes=100, numberOfRequests=10000, opsCountStatusLog=100000, poolKeys=true, preferAsyncOperations=false, removePercentage=0, replaceInvalidPercentage=40, runOnAllSlaves=false, sharedKeys=false, sizeOfAnAttribute=1000, slaves=null, transactionSize=50, useAtomics=false, useHistogramStatistics=false, useSimpleStatistics=true, useSmartClassLoading=true, useTransactions=null, writePercentage=20, writeTxPercentage=20 }
 INFO  [pool-1-thread-1] {org.radargun.stressors.StressTestStressor} Using key generator org.radargun.stressors.StringKeyGenerator, param null
 INFO  [pool-1-thread-1] {org.radargun.stressors.StressTestStressor} Executing: StressTestStressor{opsCountStatusLog=100000, numRequests=10000, numEntries=100, entrySize=1000, writePercentage=20, numThreads=4, cacheWrapper=org.radargun.cachewrappers.FFWrapper@11241756, nodeIndex=1, useTransactions=true, transactionSize=50, commitTransactions=true, durationMillis=60000}
 INFO  [pool-1-thread-1] {org.radargun.stressors.StressTestStressor} Cache wrapper info is: FFWrapper using infinispan52
[GC 266843K->20929K(2944064K), 0.0538300 secs]
[GC 276993K->17153K(2944064K), 0.0365850 secs]
 INFO  [pool-1-thread-1] {org.radargun.stressors.StressTestStressor} Started 4 stressor threads.
 INFO  [Stressor-2] {org.radargun.stressors.StressTestStressor} Number of ops executed so far: 1. Elapsed time: 0.001 secs. Remaining: 59.999 secs. Total: 1 mins 0 secs
[GC 273217K->19229K(2944064K), 0.0354110 secs]
[GC 275293K->23455K(2944064K), 0.0377380 secs]
[GC 279519K->34208K(2944064K), 0.0396080 secs]
[GC 290272K->38795K(2944064K), 0.0453600 secs]
 INFO  [Stressor-1] {org.radargun.stressors.StressTestStressor} Number of ops executed so far: 22550. Elapsed time: 20.033 secs. Remaining: 39.967 secs. Total: 1 mins 0 secs
[GC 294859K->43261K(2944064K), 0.0480100 secs]
[GC 299325K->45835K(2944064K), 0.0473320 secs]
[GC 301899K->49816K(2944064K), 0.0469400 secs]
[GC 305880K->53496K(2944064K), 0.0451920 secs]
 INFO  [Stressor-2] {org.radargun.stressors.StressTestStressor} Number of ops executed so far: 41500. Elapsed time: 40.041 secs. Remaining: 19.959 secs. Total: 1 mins 0 secs
[GC 309560K->58855K(2944064K), 0.0465730 secs]
[GC 314919K->66594K(2944064K), 0.0516920 secs]
[GC 322658K->73800K(2944064K), 0.0503740 secs]
[GC 329864K->94975K(2944064K), 0.0558720 secs]
[GC 351039K->90570K(2944064K), 0.0680330 secs]
 INFO  [pool-1-thread-1] {org.radargun.stressors.StressTestStressor} Finished generating report. Test duration is: 1 mins 14 secs
 INFO  [pool-1-thread-1] {org.radargun.stages.StressTestWarmupStage} The warmup took: 74 seconds.
 INFO  [pool-1-thread-1] {org.radargun.Slave} Finished stage: StressTestWarmup {bulkSize=1, cacheSpecificKeyGenerator=false, commitTransactions=true, duration=1 mins 0 secs, entrySize=1000, exitBenchmarkOnSlaveFailure=false, fixedKeys=true, generateHistogramRange=false, keyGeneratorClass=org.radargun.stressors.StringKeyGenerator, keyGeneratorParam=null, loadAllKeys=false, numEntries=100, numOfThreads=4, numRequests=10000, numThreads=4, numberOfAttributes=100, numberOfRequests=10000, opsCountStatusLog=100000, poolKeys=true, preferAsyncOperations=false, removePercentage=0, replaceInvalidPercentage=40, runOnAllSlaves=false, sharedKeys=false, sizeOfAnAttribute=1000, slaves=null, transactionSize=50, useAtomics=false, useHistogramStatistics=false, useSimpleStatistics=true, useSmartClassLoading=true, useTransactions=null, writePercentage=20, writeTxPercentage=20 }
 INFO  [main] {org.radargun.Slave} Ack successfully sent to the master
[GC 346634K->101706K(2944064K), 0.0674920 secs]
[GC 357770K->106101K(2944064K), 0.0610370 secs]
[GC 362141K->105225K(2944064K), 0.0584920 secs]
[GC 361289K->94324K(2944064K), 0.0553670 secs]
[GC 350381K->111182K(2944064K), 0.0534720 secs]
[GC 367246K->117334K(2944064K), 0.0552070 secs]
[GC 373398K->128732K(2944064K), 0.0602330 secs]
[GC 384796K->132864K(2944064K), 0.0594630 secs]
[GC 388928K->144034K(2944064K), 0.0618980 secs]
[GC 400098K->147757K(2944064K), 0.0634580 secs]
[GC 403821K->159734K(2944064K), 0.0698960 secs]
[GC 415798K->164019K(2944064K), 0.0652430 secs]
 INFO  [pool-1-thread-1] {org.radargun.Slave} Executing stage: ClearClusterStage {ClearCluster {exitBenchmarkOnSlaveFailure=false, runOnAllSlaves=false, slaves=[ 0 ], useSmartClassLoading=true }
 INFO  [pool-1-thread-1] {org.radargun.stages.ClearClusterStage} Before executing clear, memory looks like this: Memory - free: 2,688,250 kb - max:4,906,688 kb- total:2,944,064 kb
[Full GC 255813K->144469K(2944064K), 0.6848750 secs]
 INFO  [pool-1-thread-1] {org.radargun.stages.ClearClusterStage} After executing cleanup, memory looks like this: Memory - free: 2,798,297 kb - max:4,906,688 kb- total:2,944,192 kb
 INFO  [pool-1-thread-1] {org.radargun.Slave} Finished stage: ClearClusterStage {ClearCluster {exitBenchmarkOnSlaveFailure=false, runOnAllSlaves=false, slaves=[ 0 ], useSmartClassLoading=true }
 INFO  [main] {org.radargun.Slave} Ack successfully sent to the master
 INFO  [pool-1-thread-1] {org.radargun.Slave} Executing stage: StressTest {bulkSize=1, cacheSpecificKeyGenerator=false, commitTransactions=true, duration=1 mins 0 secs, entrySize=1000, exitBenchmarkOnSlaveFailure=false, fixedKeys=true, generateHistogramRange=false, keyGeneratorClass=org.radargun.stressors.StringKeyGenerator, keyGeneratorParam=null, loadAllKeys=false, numEntries=10000, numOfThreads=4, numRequests=10000000, numThreads=4, numberOfAttributes=10000, numberOfRequests=10000000, opsCountStatusLog=500000, poolKeys=true, preferAsyncOperations=false, removePercentage=0, replaceInvalidPercentage=40, runOnAllSlaves=false, sharedKeys=false, sizeOfAnAttribute=1000, slaves=null, transactionSize=10000, useAtomics=false, useHistogramStatistics=false, useSimpleStatistics=true, useSmartClassLoading=true, useTransactions=true, writePercentage=10, writeTxPercentage=50 }
 INFO  [pool-1-thread-1] {org.radargun.stages.StressTestStage} Starting StressTestStage: StressTest {bulkSize=1, cacheSpecificKeyGenerator=false, commitTransactions=true, duration=1 mins 0 secs, entrySize=1000, exitBenchmarkOnSlaveFailure=false, fixedKeys=true, generateHistogramRange=false, keyGeneratorClass=org.radargun.stressors.StringKeyGenerator, keyGeneratorParam=null, loadAllKeys=false, numEntries=10000, numOfThreads=4, numRequests=10000000, numThreads=4, numberOfAttributes=10000, numberOfRequests=10000000, opsCountStatusLog=500000, poolKeys=true, preferAsyncOperations=false, removePercentage=0, replaceInvalidPercentage=40, runOnAllSlaves=false, sharedKeys=false, sizeOfAnAttribute=1000, slaves=null, transactionSize=10000, useAtomics=false, useHistogramStatistics=false, useSimpleStatistics=true, useSmartClassLoading=true, useTransactions=true, writePercentage=10, writeTxPercentage=50 }
 INFO  [pool-1-thread-1] {org.radargun.stressors.StressTestStressor} Using key generator org.radargun.stressors.StringKeyGenerator, param null
 INFO  [pool-1-thread-1] {org.radargun.stressors.StressTestStressor} Executing: StressTestStressor{opsCountStatusLog=500000, numRequests=10000000, numEntries=10000, entrySize=1000, writePercentage=10, numThreads=4, cacheWrapper=org.radargun.cachewrappers.FFWrapper@11241756, nodeIndex=1, useTransactions=true, transactionSize=10000, commitTransactions=true, durationMillis=60000}
 INFO  [pool-1-thread-1] {org.radargun.stressors.StressTestStressor} Cache wrapper info is: FFWrapper using infinispan52
[GC 400597K->219953K(2944192K), 0.0301780 secs]
[GC 476081K->163939K(2944192K), 0.0293350 secs]
[GC 420067K->157058K(2944192K), 0.0309620 secs]
[GC 413186K->157730K(2944192K), 0.0341600 secs]
[GC 413858K->163606K(2944192K), 0.0327870 secs]
[GC 419734K->162124K(2944192K), 0.0360690 secs]
[GC 418252K->168364K(2944192K), 0.0370670 secs]
[GC 424492K->164185K(2944192K), 0.0363100 secs]
[GC 420313K->170060K(2944192K), 0.0338840 secs]
[GC 426188K->173141K(2944192K), 0.0362860 secs]
[GC 429269K->176396K(2944192K), 0.0381370 secs]
[GC 432524K->179783K(2944192K), 0.0417370 secs]
[GC 435911K->183156K(2944192K), 0.0440290 secs]
[GC 439284K->193572K(2944192K), 0.0431250 secs]
[GC 449700K->197551K(2944192K), 0.0405440 secs]
[GC 453679K->196263K(2944192K), 0.0618990 secs]
[GC 452391K->196666K(2944192K), 0.0479600 secs]
[GC 452794K->199004K(2944192K), 0.0488610 secs]
[GC 455132K->209822K(2944192K), 0.0484130 secs]
[GC 465950K->196106K(2944192K), 0.0491600 secs]
[GC 452234K->215127K(2944192K), 0.0604500 secs]
[GC 471255K->202782K(2944192K), 0.0489680 secs]
[GC 458910K->212083K(2944192K), 0.0470870 secs]
[GC 468211K->218886K(2944192K), 0.0507940 secs]
[GC 475014K->204781K(2944192K), 0.0470750 secs]
[GC 460909K->224936K(2944192K), 0.0481230 secs]
[GC 481064K->212816K(2944192K), 0.0463100 secs]
[GC 468944K->230162K(2944192K), 0.0437250 secs]
[GC 486290K->211595K(2944192K), 0.0424850 secs]
[GC 467723K->225124K(2944192K), 0.0551110 secs]
[GC 481252K->231900K(2944192K), 0.0446900 secs]
[GC 488028K->219540K(2944192K), 0.0426500 secs]
[GC 475668K->239564K(2944192K), 0.0478150 secs]
[GC 495692K->227217K(2944192K), 0.0432630 secs]
[GC 483345K->237566K(2944192K), 0.0475740 secs]
[GC 493694K->244441K(2944192K), 0.0449900 secs]
[GC 500569K->234791K(2944192K), 0.0627270 secs]
[GC 490919K->243144K(2944192K), 0.0617730 secs]
[GC 499272K->241736K(2944192K), 0.0534690 secs]
[GC 497864K->264584K(2944192K), 0.0549220 secs]
[GC 519682K->284728K(2944192K), 0.0571100 secs]
[GC 540856K->310410K(2944192K), 0.0576280 secs]
[GC 566538K->337978K(2944192K), 0.0786700 secs]
[GC 594106K->332738K(2944192K), 0.0918900 secs]
[GC 588866K->363724K(2944192K), 0.0776360 secs]
[GC 619087K->367132K(2944192K), 0.0760060 secs]
[GC 623260K->366682K(2944192K), 0.0739490 secs]
[GC 622801K->415892K(2944192K), 0.0798940 secs]
[GC 672020K->396448K(2944192K), 0.0782110 secs]
[GC 651524K->434569K(2944192K), 0.0712310 secs]
[GC 690697K->442074K(2944192K), 0.0751540 secs]
[GC 698202K->474272K(2944192K), 0.0681170 secs]
[GC 730400K->453621K(2944192K), 0.0667560 secs]
[GC 709749K->506383K(2944192K), 0.0698070 secs]
[GC 762511K->482588K(2944192K), 0.0680790 secs]
[GC 737860K->527682K(2944192K), 0.0733680 secs]
[GC 783810K->531956K(2944192K), 0.0705310 secs]
[GC 788084K->565780K(2944192K), 0.0740670 secs]
[GC 821908K->547262K(2944192K), 0.0718380 secs]
[GC 803390K->596223K(2944192K), 0.0703520 secs]
[GC 852351K->570679K(2944192K), 0.0708450 secs]
[GC 826807K->626645K(2944192K), 0.0741130 secs]
[GC 882773K->601544K(2944192K), 0.0722440 secs]
[GC 857672K->644765K(2944192K), 0.0742050 secs]
[GC 900893K->671644K(2944192K), 0.0862200 secs]
[GC 927772K->673365K(2944192K), 0.0776260 secs]
[GC 929493K->701484K(2944192K), 0.0796350 secs]
[GC 957566K->688433K(2944192K), 0.0770750 secs]
[GC 944561K->720703K(2944192K), 0.0765130 secs]
[GC 976831K->733267K(2944192K), 0.0756700 secs]
[GC 989064K->750203K(2944192K), 0.0789420 secs]
[GC 1006331K->744451K(2944192K), 0.0784610 secs]
[GC 1000579K->735590K(2944192K), 0.0712430 secs]
[GC 991718K->740245K(2944192K), 0.0556090 secs]
[GC 996373K->771758K(2944192K), 0.0563150 secs]
[GC 1027886K->750848K(2944192K), 0.0733930 secs]
 WARN  [hz._hzInstance_1_FenixFrameworkGroup.event] {com.hazelcast.spi.EventService} [127.0.0.1]:5702 [FenixFrameworkGroup] Caution: Off-load event processing to your own thread-pool, don't use event thread!
[GC 1006976K->755692K(2944192K), 0.0518800 secs]
[GC 1011820K->783222K(2944192K), 0.0604070 secs]
[GC 1039350K->775855K(2944192K), 0.0595020 secs]
[GC 1031983K->786011K(2944192K), 0.0726470 secs]
[GC 1042139K->776430K(2944192K), 0.0626460 secs]
[GC 1032558K->794303K(2944192K), 0.0830300 secs]
[GC 1050431K->793891K(2944192K), 0.0621090 secs]
[GC 1050019K->795118K(2944192K), 0.0736700 secs]
[GC 1051246K->807497K(2944192K), 0.0619190 secs]
[GC 1063625K->817840K(2944192K), 0.0638070 secs]
[GC 1073968K->804310K(2944192K), 0.0573250 secs]
[GC 1060438K->817919K(2944192K), 0.0628420 secs]
[GC 1074047K->822661K(2944192K), 0.0690650 secs]
[GC 1078789K->832679K(2944192K), 0.0664610 secs]
[GC 1088807K->817100K(2944192K), 0.0613850 secs]
[GC 1073228K->832697K(2944192K), 0.0617470 secs]
[GC 1088825K->831804K(2944192K), 0.1040880 secs]
[GC 1087932K->827539K(2944192K), 0.0615840 secs]
[GC 1083667K->832322K(2944192K), 0.0760720 secs]
[GC 1088450K->839121K(2944192K), 0.0638330 secs]
[GC 1095249K->846293K(2944192K), 0.0653670 secs]
 INFO  [pool-1-thread-1] {org.radargun.stressors.StressTestStressor} Started 4 stressor threads.
 INFO  [Stressor-2] {org.radargun.stressors.StressTestStressor} Number of ops executed so far: 1. Elapsed time: 0.000 secs. Remaining: 1 mins 0 secs. Total: 1 mins 0 secs
[GC 1102370K->874001K(2944192K), 0.0738200 secs]
[GC 1129895K->866888K(2944192K), 0.0871560 secs]
[GC 1123016K->869025K(2944192K), 0.0766190 secs]
[GC 1125153K->894368K(2944192K), 0.0668990 secs]
[GC 1149720K->896523K(2944192K), 0.0835940 secs]
[GC 1151816K->903092K(2944192K), 0.0537010 secs]
[GC 1159220K->909412K(2944192K), 0.0639620 secs]
[GC 1165540K->944134K(2944192K), 0.0573510 secs]
[GC 1199806K->947879K(2944192K), 0.0739550 secs]
[GC 1203051K->967001K(2944192K), 0.0628580 secs]
[GC 1223092K->971773K(2944192K), 0.0742900 secs]
[GC 1227901K->996073K(2944192K), 0.0615570 secs]
[GC 1252201K->987118K(2944192K), 0.0753070 secs]
[GC 1243038K->1001760K(2944192K), 0.0628630 secs]
[GC 1257833K->1015344K(2944192K), 0.0785400 secs]
[GC 1271472K->1037615K(2944192K), 0.0566590 secs]
[GC 1293743K->1026475K(2944192K), 0.0714940 secs]
[GC 1280000K->1057067K(2944192K), 0.0816980 secs]
 INFO  [Stressor-0] {org.radargun.stressors.StressTestStressor} Number of ops executed so far: 570000. Elapsed time: 20.097 secs. Remaining: 39.903 secs. Total: 1 mins 0 secs
[GC 1313161K->1061991K(2944192K), 0.0646980 secs]
[GC 1318119K->1057507K(2944192K), 0.0719180 secs]
 WARN  [hz._hzInstance_1_FenixFrameworkGroup.event] {com.hazelcast.spi.EventService} [127.0.0.1]:5702 [FenixFrameworkGroup] Caution: Off-load event processing to your own thread-pool, don't use event thread!
[GC 1313635K->1072321K(2944192K), 0.0612190 secs]
[GC 1328126K->1107075K(2944192K), 0.0650510 secs]
[GC 1362158K->1102009K(2944192K), 0.0705960 secs]
[GC 1358137K->1130846K(2944192K), 0.0580180 secs]
 WARN  [hz._hzInstance_1_FenixFrameworkGroup.event] {com.hazelcast.spi.EventService} [127.0.0.1]:5702 [FenixFrameworkGroup] Caution: Off-load event processing to your own thread-pool, don't use event thread!
[GC 1386974K->1127359K(2944192K), 0.0604870 secs]
[GC 1383487K->1157314K(2944192K), 0.0600530 secs]
[GC 1413442K->1167174K(2944192K), 0.0744140 secs]
[GC 1423288K->1196892K(2944192K), 0.0700510 secs]
[GC 1453020K->1176422K(2944192K), 0.0663490 secs]
[GC 1432550K->1205257K(2944192K), 0.0621350 secs]
[GC 1457332K->1202113K(2944192K), 0.0716240 secs]
[GC 1456275K->1226081K(2944192K), 0.0606670 secs]
[GC 1482209K->1221747K(2944192K), 0.0770670 secs]
[GC 1477875K->1250642K(2944192K), 0.0595580 secs]
[GC 1503996K->1255299K(2944192K), 0.0752950 secs]
 INFO  [Stressor-2] {org.radargun.stressors.StressTestStressor} Number of ops executed so far: 1330000. Elapsed time: 40.144 secs. Remaining: 19.856 secs. Total: 1 mins 0 secs
[GC 1511389K->1275446K(2944192K), 0.0689880 secs]
[GC 1531574K->1277266K(2944192K), 0.0746820 secs]
[GC 1533394K->1274318K(2944192K), 0.0526870 secs]
[GC 1530435K->1295166K(2944192K), 0.0692250 secs]
[GC 1549332K->1305729K(2944192K), 0.0695110 secs]
[GC 1561857K->1342340K(2944192K), 0.0599080 secs]
[GC 1598468K->1324242K(2944192K), 0.0802160 secs]
[GC 1577950K->1353127K(2944192K), 0.0594550 secs]
[GC 1609255K->1352831K(2944192K), 0.0770110 secs]
[GC 1608959K->1340416K(2944192K), 0.0636670 secs]
[GC 1596544K->1386883K(2944192K), 0.0597520 secs]
[GC 1642635K->1372456K(2944192K), 0.0796460 secs]
[GC 1376897K(2944192K), 0.0369020 secs]
[GC 1628584K->1411015K(2944192K), 0.0610420 secs]
[GC 1552577K(2944192K), 0.0622860 secs]
[GC 1332498K->1068040K(2944192K), 0.0841410 secs]
[GC 1320370K->1100926K(2944192K), 0.0618010 secs]
[GC 1357054K->1086783K(2944192K), 0.0820760 secs]
[GC 1342911K->1094979K(2944192K), 0.0736600 secs]
 INFO  [Stressor-0] {org.radargun.stressors.StressTestStressor} Number of ops executed so far: 1590000. Elapsed time: 1 mins 0 secs. Remaining: 0.000 secs. Total: 1 mins 0 secs
[GC 1350255K->1130845K(2944192K), 0.0750180 secs]
 INFO  [pool-1-thread-1] {org.radargun.stressors.StressTestStressor} Finished generating report. Test duration is: 7 mins 57 secs
 INFO  [pool-1-thread-1] {org.radargun.stages.StressTestStage} size info: FFWrapper using infinispan52, clusterSize:8, nodeIndex:1, cacheSize: -1
 INFO  [pool-1-thread-1] {org.radargun.Slave} Finished stage: StressTest {bulkSize=1, cacheSpecificKeyGenerator=false, commitTransactions=true, duration=1 mins 0 secs, entrySize=1000, exitBenchmarkOnSlaveFailure=false, fixedKeys=true, generateHistogramRange=false, keyGeneratorClass=org.radargun.stressors.StringKeyGenerator, keyGeneratorParam=null, loadAllKeys=false, numEntries=10000, numOfThreads=4, numRequests=10000000, numThreads=4, numberOfAttributes=10000, numberOfRequests=10000000, opsCountStatusLog=500000, poolKeys=true, preferAsyncOperations=false, removePercentage=0, replaceInvalidPercentage=40, runOnAllSlaves=false, sharedKeys=false, sizeOfAnAttribute=1000, slaves=null, transactionSize=10000, useAtomics=false, useHistogramStatistics=false, useSimpleStatistics=true, useSmartClassLoading=true, useTransactions=true, writePercentage=10, writeTxPercentage=50 }
 INFO  [main] {org.radargun.Slave} Ack successfully sent to the master
[GC 1386973K->1129040K(2944192K), 0.0697840 secs]
[GC 1385168K->1095670K(2944192K), 0.0450320 secs]
[GC 1351798K->1112689K(2944192K), 0.0462570 secs]
[GC 1368817K->1099631K(2944192K), 0.0549490 secs]
[GC 1355759K->1109991K(2944192K), 0.0562250 secs]
[GC 1366119K->1105312K(2944192K), 0.0563010 secs]
[GC 1361440K->1109597K(2944192K), 0.0477880 secs]
[GC 1365725K->1122886K(2944192K), 0.0516000 secs]
[GC 1379014K->1095017K(2944192K), 0.0541510 secs]
[GC 1351145K->1122951K(2944192K), 0.0536010 secs]
[GC 1379079K->1097935K(2944192K), 0.0562690 secs]
[GC 1354063K->1129259K(2944192K), 0.0559500 secs]
[GC 1385387K->1102474K(2944192K), 0.0624780 secs]
 WARN  [hz._hzInstance_1_FenixFrameworkGroup.event] {com.hazelcast.spi.EventService} [127.0.0.1]:5702 [FenixFrameworkGroup] Caution: Off-load event processing to your own thread-pool, don't use event thread!
[GC 1358602K->1102815K(2944192K), 0.0711620 secs]
[GC 1358943K->1111738K(2944192K), 0.0626430 secs]
[GC 1367866K->1105535K(2944192K), 0.0556380 secs]
[GC 1361663K->1111979K(2944192K), 0.0481360 secs]
[GC 1368107K->1120265K(2944192K), 0.0491250 secs]
[GC 1376393K->1114783K(2944192K), 0.0485100 secs]
[GC 1370911K->1124354K(2944192K), 0.0483890 secs]
[GC 1380482K->1126295K(2944192K), 0.0487650 secs]
[GC 1382423K->1121009K(2944192K), 0.0491170 secs]
[GC 1377137K->1123167K(2944192K), 0.0488020 secs]
[GC 1379295K->1132549K(2944192K), 0.0510580 secs]
[GC 1388677K->1127286K(2944192K), 0.0493400 secs]
[GC 1383414K->1129268K(2944192K), 0.0486230 secs]
[GC 1385396K->1138789K(2944192K), 0.0562470 secs]
[GC 1394917K->1140991K(2944192K), 0.0543670 secs]
[GC 1397119K->1150747K(2944192K), 0.0525820 secs]
[GC 1406875K->1137369K(2944192K), 0.0537740 secs]
[GC 1393497K->1156880K(2944192K), 0.0484150 secs]
[GC 1413008K->1140196K(2944192K), 0.0483900 secs]
[GC 1396324K->1160547K(2944192K), 0.0517270 secs]
[GC 1416675K->1144457K(2944192K), 0.0515100 secs]
[GC 1400585K->1165149K(2944192K), 0.0551770 secs]
[GC 1421277K->1148311K(2944192K), 0.0495660 secs]
[GC 1404439K->1169243K(2944192K), 0.0458710 secs]
[GC 1425371K->1152587K(2944192K), 0.0517100 secs]
[GC 1408715K->1173184K(2944192K), 0.0500090 secs]
[GC 1429312K->1156656K(2944192K), 0.0485070 secs]
[GC 1412784K->1177467K(2944192K), 0.0515850 secs]
[GC 1433595K->1160531K(2944192K), 0.0501640 secs]
[GC 1416659K->1181637K(2944192K), 0.0530900 secs]
[GC 1437765K->1164773K(2944192K), 0.0556370 secs]
[GC 1420901K->1185631K(2944192K), 0.0514910 secs]
[GC 1441759K->1168848K(2944192K), 0.0526270 secs]
[GC 1424976K->1182577K(2944192K), 0.0561910 secs]
[GC 1438705K->1189113K(2944192K), 0.0468630 secs]
[GC 1445241K->1176291K(2944192K), 0.0561600 secs]
[GC 1432419K->1195816K(2944192K), 0.0542630 secs]
[GC 1451944K->1179190K(2944192K), 0.0484450 secs]
[GC 1435318K->1192908K(2944192K), 0.0565560 secs]
 WARN  [hz._hzInstance_1_FenixFrameworkGroup.event] {com.hazelcast.spi.EventService} [127.0.0.1]:5702 [FenixFrameworkGroup] Caution: Off-load event processing to your own thread-pool, don't use event thread!
[GC 1449036K->1198706K(2944192K), 0.0476550 secs]
[GC 1454834K->1186335K(2944192K), 0.0483830 secs]
[GC 1442463K->1206045K(2944192K), 0.0467420 secs]
[GC 1462173K->1189245K(2944192K), 0.0552040 secs]
[GC 1445373K->1209773K(2944192K), 0.0491990 secs]
[GC 1465901K->1193099K(2944192K), 0.0515320 secs]
[GC 1449227K->1214200K(2944192K), 0.0478920 secs]
[GC 1470328K->1197390K(2944192K), 0.0465510 secs]
[GC 1453518K->1217949K(2944192K), 0.0728590 secs]
[GC 1474077K->1201501K(2944192K), 0.0478260 secs]
[GC 1457629K->1222095K(2944192K), 0.0572170 secs]
[GC 1478223K->1205593K(2944192K), 0.0464840 secs]
[GC 1461721K->1219433K(2944192K), 0.0484370 secs]
[GC 1475561K->1225126K(2944192K), 0.0545290 secs]
[GC 1481254K->1212887K(2944192K), 0.0454480 secs]
[GC 1469015K->1232825K(2944192K), 0.0563070 secs]
[GC 1488953K->1215902K(2944192K), 0.0482860 secs]
[GC 1472030K->1229896K(2944192K), 0.0557330 secs]
[GC 1486024K->1236101K(2944192K), 0.0613230 secs]
[GC 1492229K->1223684K(2944192K), 0.0630220 secs]
[GC 1479812K->1243817K(2944192K), 0.0564080 secs]
 WARN  [hz._hzInstance_1_FenixFrameworkGroup.event] {com.hazelcast.spi.EventService} [127.0.0.1]:5702 [FenixFrameworkGroup] Caution: Off-load event processing to your own thread-pool, don't use event thread!
[GC 1499945K->1231249K(2944192K), 0.0571700 secs]
[GC 1487377K->1240648K(2944192K), 0.0529090 secs]
[GC 1496776K->1246766K(2944192K), 0.0525530 secs]
[GC 1502894K->1233882K(2944192K), 0.0559850 secs]
[GC 1490010K->1247162K(2944192K), 0.0543620 secs]
[GC 1503290K->1245338K(2944192K), 0.0515200 secs]
[GC 1501466K->1248513K(2944192K), 0.0482740 secs]
[GC 1504641K->1250879K(2944192K), 0.0557000 secs]
 WARN  [hz._hzInstance_1_FenixFrameworkGroup.event] {com.hazelcast.spi.EventService} [127.0.0.1]:5702 [FenixFrameworkGroup] Caution: Off-load event processing to your own thread-pool, don't use event thread!
[GC 1507007K->1253033K(2944192K), 0.0543680 secs]
[GC 1509161K->1255266K(2944192K), 0.0591810 secs]
[GC 1511394K->1257225K(2944192K), 0.0449840 secs]
[GC 1513353K->1259267K(2944192K), 0.0575430 secs]
[GC 1515395K->1261571K(2944192K), 0.0491210 secs]
[GC 1517699K->1263330K(2944192K), 0.0910640 secs]
[GC 1519458K->1257660K(2944192K), 0.0480610 secs]
[GC 1513788K->1267604K(2944192K), 0.0494330 secs]
[GC 1523732K->1269658K(2944192K), 0.0461270 secs]
[GC 1525786K->1271972K(2944192K), 0.0454470 secs]
[GC 1528100K->1274027K(2944192K), 0.0492120 secs]
[GC 1530155K->1268277K(2944192K), 0.0480300 secs]
[GC 1524405K->1278420K(2944192K), 0.0568340 secs]
[GC 1534548K->1280293K(2944192K), 0.0480330 secs]
[GC 1536421K->1274506K(2944192K), 0.0500200 secs]
[GC 1530634K->1284502K(2944192K), 0.0488760 secs]
[GC 1540630K->1286489K(2944192K), 0.0501680 secs]
 WARN  [hz._hzInstance_1_FenixFrameworkGroup.event] {com.hazelcast.spi.EventService} [127.0.0.1]:5702 [FenixFrameworkGroup] Caution: Off-load event processing to your own thread-pool, don't use event thread!
[GC 1542617K->1288715K(2944192K), 0.0544270 secs]
[GC 1544843K->1290851K(2944192K), 0.0494840 secs]
[GC 1546979K->1301176K(2944192K), 0.0554300 secs]
 WARN  [hz._hzInstance_1_FenixFrameworkGroup.event] {com.hazelcast.spi.EventService} [127.0.0.1]:5702 [FenixFrameworkGroup] Caution: Off-load event processing to your own thread-pool, don't use event thread!
[GC 1557304K->1287208K(2944192K), 0.0590790 secs]
 WARN  [hz._hzInstance_1_FenixFrameworkGroup.event] {com.hazelcast.spi.EventService} [127.0.0.1]:5702 [FenixFrameworkGroup] Caution: Off-load event processing to your own thread-pool, don't use event thread!
[GC 1543321K->1307225K(2944192K), 0.0590360 secs]
[GC 1563353K->1315165K(2944192K), 0.0706850 secs]
[GC 1571293K->1342590K(2944192K), 0.0776810 secs]
[GC 1598718K->1387929K(2944192K), 0.0916510 secs]
[GC 1644045K->1391016K(2944192K), 0.1103690 secs]
[GC 1647144K->1389581K(2944192K), 0.0867970 secs]
[GC 1645709K->1388413K(2944192K), 0.0857890 secs]
[GC 1644541K->1420385K(2944192K), 0.0882300 secs]
[GC 1676513K->1451575K(2944192K), 0.0897440 secs]
[GC 1707703K->1468462K(2944192K), 0.0881630 secs]
[GC 1724590K->1478213K(2944192K), 0.0802330 secs]
[GC 1734341K->1511784K(2944192K), 0.0871890 secs]
[GC 1767912K->1502555K(2944192K), 0.0860400 secs]
[GC 1758683K->1523286K(2944192K), 0.0823170 secs]
[GC 1779414K->1537860K(2944192K), 0.0852160 secs]
[GC 1793988K->1539163K(2944192K), 0.0834220 secs]
[GC 1795291K->1570654K(2944192K), 0.0834130 secs]
[GC 1826782K->1604848K(2944192K), 0.0859720 secs]
[GC 1860976K->1585162K(2944192K), 0.0877420 secs]
[GC 1841252K->1635058K(2944192K), 0.0816680 secs]
[GC 1891186K->1609956K(2944192K), 0.0821840 secs]
[GC 1866084K->1666106K(2944192K), 0.0817820 secs]
[GC 1922234K->1643043K(2944192K), 0.0854840 secs]
[GC 1899171K->1632463K(2944192K), 0.0718350 secs]
 WARN  [hz._hzInstance_1_FenixFrameworkGroup.event] {com.hazelcast.spi.EventService} [127.0.0.1]:5702 [FenixFrameworkGroup] Caution: Off-load event processing to your own thread-pool, don't use event thread!
[GC 1888591K->1670816K(2944192K), 0.0578730 secs]
[GC 1926944K->1642306K(2944192K), 0.0643000 secs]
[GC 1898434K->1679716K(2944192K), 0.0625890 secs]
[GC 1935844K->1661789K(2944192K), 0.0724230 secs]
[GC 1917917K->1679555K(2944192K), 0.0561850 secs]
[GC 1935683K->1648628K(2944192K), 0.0730280 secs]
 WARN  [hz._hzInstance_1_FenixFrameworkGroup.event] {com.hazelcast.spi.EventService} [127.0.0.1]:5702 [FenixFrameworkGroup] Caution: Off-load event processing to your own thread-pool, don't use event thread!
[GC 1904756K->1671548K(2944192K), 0.0614490 secs]
[GC 1927676K->1696141K(2944192K), 0.0626790 secs]
 WARN  [hz._hzInstance_1_FenixFrameworkGroup.event] {com.hazelcast.spi.EventService} [127.0.0.1]:5702 [FenixFrameworkGroup] Caution: Off-load event processing to your own thread-pool, don't use event thread!
[GC 1952269K->1658195K(2944192K), 0.0644620 secs]
[GC 1914323K->1696966K(2944192K), 0.0635880 secs]
[GC 1953094K->1682175K(2944192K), 0.0807880 secs]
[GC 1938303K->1695207K(2944192K), 0.0611670 secs]
[GC 1951335K->1665211K(2944192K), 0.0629740 secs]
[GC 1921339K->1714679K(2944192K), 0.0861160 secs]
[GC 1970807K->1731586K(2944192K), 0.0769340 secs]
[GC 1987714K->1759463K(2944192K), 0.0914270 secs]
[GC 2015591K->1749394K(2944192K), 0.1016770 secs]
[GC 2005475K->1793801K(2944192K), 0.0897040 secs]
[GC 2049567K->1775750K(2944192K), 0.0913960 secs]
[GC 2031878K->1826323K(2944192K), 0.0881150 secs]
[GC 2082451K->1803429K(2944192K), 0.0875730 secs]
[GC 2059543K->1835164K(2944192K), 0.0849590 secs]
[GC 2091292K->1857556K(2944192K), 0.0880120 secs]
[GC 2113147K->1878922K(2944192K), 0.0929120 secs]
[GC 2135050K->1875660K(2944192K), 0.0833840 secs]
[GC 2131219K->1886771K(2944192K), 0.0855730 secs]
[GC 2142446K->1902862K(2944192K), 0.0882070 secs]
[GC 2158950K->1918883K(2944192K), 0.0884060 secs]
[GC 2175011K->1967440K(2944192K), 0.0857350 secs]
[GC 2223568K->1967617K(2944192K), 0.1048270 secs]
[GC 2223745K->1972500K(2944192K), 0.0836870 secs]
[GC 2228628K->2013917K(2944192K), 0.0666390 secs]
[GC 2270045K->2016909K(2944192K), 0.0848010 secs]
[GC 2273037K->2017006K(2944192K), 0.0876000 secs]
 WARN  [hz._hzInstance_1_FenixFrameworkGroup.event] {com.hazelcast.spi.EventService} [127.0.0.1]:5702 [FenixFrameworkGroup] Caution: Off-load event processing to your own thread-pool, don't use event thread!
[GC 2273134K->2033918K(2944192K), 0.0846660 secs]
 WARN  [hz._hzInstance_1_FenixFrameworkGroup.event] {com.hazelcast.spi.EventService} [127.0.0.1]:5702 [FenixFrameworkGroup] Caution: Off-load event processing to your own thread-pool, don't use event thread!
[GC 2290046K->2025765K(2944192K), 0.0744700 secs]
[GC 2281893K->2027378K(2944192K), 0.0585910 secs]
[GC 2283506K->2068768K(2944192K), 0.0640360 secs]
[GC 2324896K->2075864K(2944192K), 0.0883270 secs]
[GC 2331992K->2103472K(2944192K), 0.0910130 secs]
[GC 2359600K->2130436K(2944192K), 0.0899180 secs]
[GC 2386547K->2116122K(2944192K), 0.1049210 secs]
[GC 2372250K->2156918K(2944192K), 0.0854930 secs]
[GC 2413021K->2158397K(2944192K), 0.0882090 secs]
[GC 2414525K->2201497K(2944192K), 0.0711220 secs]
[GC 2457625K->2203846K(2944192K), 0.0998010 secs]
[GC 2459974K->2231940K(2944192K), 0.0892100 secs]
[GC 2488068K->2226225K(2944192K), 0.0826290 secs]
[GC 2481713K->2261700K(2944192K), 0.0874400 secs]
[GC 2517828K->2262040K(2944192K), 0.0822580 secs]
[GC 2518168K->2307735K(2944192K), 0.0691000 secs]
[GC 2563232K->2314195K(2944192K), 0.1013010 secs]
[GC 2570323K->2322872K(2944192K), 0.0861920 secs]
[GC 2579000K->2352209K(2944192K), 0.0926940 secs]
[GC 2608337K->2383873K(2944192K), 0.0858050 secs]
[GC 2640001K->2377202K(2944192K), 0.0922280 secs]
[GC 2631314K->2429401K(2944192K), 0.1086250 secs]
[GC 2685529K->2415940K(2944192K), 0.0990040 secs]
[GC 2672068K->2447271K(2944192K), 0.0991380 secs]
[GC 2703399K->2457272K(2944192K), 0.0960740 secs]
[GC 2457359K(2944192K), 0.0603600 secs]
[GC 2594668K(2944192K), 0.2098650 secs]
[GC 2388578K->2133604K(3789628K), 0.0943820 secs]
[GC 2389732K->2133112K(3789628K), 0.0710210 secs]
[GC 2389240K->2173023K(3789628K), 0.0713150 secs]
[GC 2429151K->2135952K(3789628K), 0.0737650 secs]
[GC 2392080K->2176443K(3789628K), 0.0776850 secs]
[GC 2432571K->2167232K(3789628K), 0.1052880 secs]
[GC 2423360K->2179752K(3789628K), 0.0648880 secs]
[GC 2435880K->2158434K(3789628K), 0.0700210 secs]
[GC 2414562K->2188350K(3789628K), 0.0726790 secs]
[GC 2444478K->2203848K(3789628K), 0.0748930 secs]
[GC 2459976K->2166094K(3789628K), 0.0748540 secs]
[GC 2422222K->2170432K(3789628K), 0.0968980 secs]
[GC 2426560K->2204871K(3789628K), 0.0701950 secs]
[GC 2459304K->2205190K(3789628K), 0.0810620 secs]
[GC 2461318K->2248065K(3789628K), 0.1092520 secs]
[GC 2504141K->2256960K(3789628K), 0.1253810 secs]
[GC 2513088K->2275262K(3789628K), 0.1115920 secs]
[GC 2531390K->2271566K(3789628K), 0.1057990 secs]
[GC 2527694K->2318497K(3789628K), 0.0794060 secs]
[GC 2574588K->2305839K(3789628K), 0.1063820 secs]
[GC 2561928K->2353665K(3789628K), 0.0812670 secs]
[GC 2609789K->2338463K(3789628K), 0.1125780 secs]
 WARN  [hz._hzInstance_1_FenixFrameworkGroup.event] {com.hazelcast.spi.EventService} [127.0.0.1]:5702 [FenixFrameworkGroup] Caution: Off-load event processing to your own thread-pool, don't use event thread!
[GC 2594591K->2364289K(3789628K), 0.0885700 secs]
[GC 2620417K->2395656K(3789628K), 0.0901330 secs]
[GC 2650838K->2399542K(3789628K), 0.0887260 secs]
[GC 2655670K->2415241K(3789628K), 0.0908700 secs]
[GC 2671369K->2448996K(3789628K), 0.0856880 secs]
[GC 2705124K->2452593K(3789628K), 0.0895620 secs]
[GC 2708721K->2468000K(3789628K), 0.0963370 secs]
[GC 2722206K->2505171K(3789628K), 0.0893820 secs]
[GC 2761299K->2504738K(3789628K), 0.0879110 secs]
[GC 2759127K->2541320K(3789628K), 0.0970100 secs]
[GC 2797448K->2564180K(3789628K), 0.0906580 secs]
[GC 2820306K->2585238K(3789628K), 0.0995760 secs]
[GC 2840776K->2623103K(3789628K), 0.1020940 secs]
[GC 2879231K->2631181K(3789628K), 0.1052780 secs]
[GC 2887302K->2659003K(3789628K), 0.1046150 secs]
[GC 2913626K->2693738K(3789628K), 0.1083210 secs]
[GC 2949866K->2687060K(3789628K), 0.1113900 secs]
[GC 2943073K->2710643K(3789628K), 0.1087610 secs]
[GC 2966771K->2732611K(3789628K), 0.1006050 secs]
[GC 2988713K->2758558K(3789628K), 0.0992460 secs]
[GC 3014686K->2800171K(3789628K), 0.1026860 secs]
[GC 3054826K->2822054K(3789628K), 0.1052860 secs]
[GC 3078182K->2845994K(3789628K), 0.1057250 secs]
[GC 3102104K->2848205K(3789628K), 0.1026600 secs]
[GC 3104333K->2891115K(3789628K), 0.1025480 secs]
[GC 3147243K->2916031K(3789628K), 0.1019130 secs]
[GC 3172054K->2915322K(3789628K), 0.1046090 secs]
[GC 3171450K->2961518K(3789628K), 0.1045470 secs]
[GC 3217612K->2980820K(3789628K), 0.1008540 secs]
[GC 3236948K->3005757K(3789628K), 0.1020020 secs]
[GC 3261885K->3031967K(3789628K), 0.0992530 secs]
[GC 3286045K->3049503K(3789628K), 0.1014460 secs]
[GC 3305631K->3074018K(3789628K), 0.0980810 secs]
[GC 3330132K->3098096K(3789628K), 0.0973080 secs]
[GC 3354185K->3119257K(3789628K), 0.0971040 secs]
[GC 3375335K->3142446K(3789628K), 0.1024600 secs]
[GC 3398574K->3160906K(3789628K), 0.0973960 secs]
[GC 3417034K->3163909K(3789628K), 0.0997450 secs]
 INFO  [main] {org.radargun.Slave} Master shutdown!
 INFO  [Thread-0] {org.radargun.ShutDownHook} Slave process is being shutdown
 INFO  [hz._hzInstance_1_FenixFrameworkGroup.IO.thread-in-1] {com.hazelcast.nio.TcpIpConnection} [127.0.0.1]:5702 [FenixFrameworkGroup] Connection [Address[127.0.0.1]:5701] lost. Reason: java.io.EOFException[Remote socket closed!]
 INFO  [hz.ShutdownThread] {com.hazelcast.nio.TcpIpConnection} [127.0.0.1]:5702 [FenixFrameworkGroup] Connection [Address[127.0.0.1]:5707] lost. Reason: Explicit close
 INFO  [hz.ShutdownThread] {com.hazelcast.nio.TcpIpConnection} [127.0.0.1]:5702 [FenixFrameworkGroup] Connection [Address[127.0.0.1]:5708] lost. Reason: Explicit close
 INFO  [hz.ShutdownThread] {com.hazelcast.nio.TcpIpConnection} [127.0.0.1]:5702 [FenixFrameworkGroup] Connection [Address[127.0.0.1]:5706] lost. Reason: Explicit close
 INFO  [hz.ShutdownThread] {com.hazelcast.nio.TcpIpConnection} [127.0.0.1]:5702 [FenixFrameworkGroup] Connection [Address[127.0.0.1]:5705] lost. Reason: Explicit close
 INFO  [hz.ShutdownThread] {com.hazelcast.nio.TcpIpConnection} [127.0.0.1]:5702 [FenixFrameworkGroup] Connection [Address[127.0.0.1]:5704] lost. Reason: Explicit close
 INFO  [hz.ShutdownThread] {com.hazelcast.nio.TcpIpConnection} [127.0.0.1]:5702 [FenixFrameworkGroup] Connection [Address[127.0.0.1]:5703] lost. Reason: Explicit close
 INFO  [hz.ShutdownThread] {com.hazelcast.initializer} [127.0.0.1]:5702 [FenixFrameworkGroup] Destroying node initializer.
 INFO  [hz.ShutdownThread] {com.hazelcast.instance.Node} [127.0.0.1]:5702 [FenixFrameworkGroup] Hazelcast Shutdown is completed in 55 ms.
