/usr/java/jdk1.7.0_21/bin/java -server -Xmx1024M -Xms1024M -Dresolve.dns=false -Djgroups.timer.num_threads=4 -verbose:gc -Xmx5000M -Xms3000M -server -XX:+UseConcMarkSweepGC -XX:+AggressiveOpts -verbose:gc -XX:ParallelGCThreads=4 -XX:NewRatio=5 -XX:SurvivorRatio=2 -Dhazelcast.operation.thread.count=4 -Djava.net.preferIPv4Stack=true -Dlog4j.file.prefix=deimos-esw-9941 -Dbind.address= -Djgroups.bind_addr= -classpath /home/smf/github/radargun/target/distribution/RadarGun-1.1.0-SNAPSHOT/lib/activation-1.1.jar:/home/smf/github/radargun/target/distribution/RadarGun-1.1.0-SNAPSHOT/lib/commons-beanutils-1.8.0.jar:/home/smf/github/radargun/target/distribution/RadarGun-1.1.0-SNAPSHOT/lib/commons-digester-2.0.jar:/home/smf/github/radargun/target/distribution/RadarGun-1.1.0-SNAPSHOT/lib/commons-logging-1.1.1.jar:/home/smf/github/radargun/target/distribution/RadarGun-1.1.0-SNAPSHOT/lib/commons-math-1.2.jar:/home/smf/github/radargun/target/distribution/RadarGun-1.1.0-SNAPSHOT/lib/jboss-transaction-api-1.0.1.GA.jar:/home/smf/github/radargun/target/distribution/RadarGun-1.1.0-SNAPSHOT/lib/jcommon-1.0.15.jar:/home/smf/github/radargun/target/distribution/RadarGun-1.1.0-SNAPSHOT/lib/jfreechart-1.0.12.jar:/home/smf/github/radargun/target/distribution/RadarGun-1.1.0-SNAPSHOT/lib/log4j-1.2.14.jar:/home/smf/github/radargun/target/distribution/RadarGun-1.1.0-SNAPSHOT/lib/mail-1.4.2.jar:/home/smf/github/radargun/target/distribution/RadarGun-1.1.0-SNAPSHOT/lib/radargun-framework-1.1.0-SNAPSHOT.jar:/home/smf/github/radargun/target/distribution/RadarGun-1.1.0-SNAPSHOT/conf org.radargun.Slave -master 127.0.0.1:2103
--------------------------------------------------------------------------------
PerNodeRollingFileAppender::Using file prefix:deimos-esw-9941
 INFO  [main] {org.radargun.Slave} Attempting to connect to master 127.0.0.1:2103
 INFO  [main] {org.radargun.Slave} Successfully established connection with master at: 127.0.0.1:2103
Loading JARS from /home/smf/github/radargun/target/distribution/RadarGun-1.1.0-SNAPSHOT/lib/radargun-framework-1.1.0-SNAPSHOT.jar
 INFO  [pool-1-thread-1] {org.radargun.config.AnnotatedHelper} Loading JARS from /home/smf/github/radargun/target/distribution/RadarGun-1.1.0-SNAPSHOT/lib/radargun-framework-1.1.0-SNAPSHOT.jar
 INFO  [pool-1-thread-1] {org.radargun.config.AnnotatedHelper} Loading JARS from /home/smf/github/radargun/target/distribution/RadarGun-1.1.0-SNAPSHOT/lib/radargun-framework-1.1.0-SNAPSHOT.jar
 INFO  [pool-1-thread-1] {org.radargun.Slave} Executing stage: DestroyWrapper {enforceMemoryThrashHold=true, exitBenchmarkOnSlaveFailure=false, heapDumpDir=null, memoryThreshold=95, runOnAllSlaves=true, slaves=null, useSmartClassLoading=true }
 INFO  [pool-1-thread-1] {org.radargun.stages.DestroyWrapperStage} Received destroy cache wrapper request from master...
 INFO  [pool-1-thread-1] {org.radargun.stages.DestroyWrapperStage} No cache wrapper deployed on this slave, nothing to do.
 INFO  [pool-1-thread-1] {org.radargun.stages.DestroyWrapperStage} Before executing clear, memory looks like this: Memory - free: 2,928,638 kb - max:4,906,688 kb- total:2,944,000 kb
[Full GC 15361K->3631K(2944000K), 0.0866470 secs]
 INFO  [pool-1-thread-1] {org.radargun.stages.DestroyWrapperStage} After executing cleanup, memory looks like this: Memory - free: 2,935,311 kb - max:4,906,688 kb- total:2,944,064 kb
 INFO  [pool-1-thread-1] {org.radargun.Slave} Finished stage: DestroyWrapper {enforceMemoryThrashHold=true, exitBenchmarkOnSlaveFailure=false, heapDumpDir=null, memoryThreshold=95, runOnAllSlaves=true, slaves=null, useSmartClassLoading=true }
 INFO  [main] {org.radargun.Slave} Ack successfully sent to the master
 INFO  [pool-1-thread-1] {org.radargun.Slave} Executing stage: StartCluster {config=hzl3-repl-sync.xml, delayAfterFirstSlaveStarts=5.000 secs, delayBetweenStartingSlaves=0.500 secs, exitBenchmarkOnSlaveFailure=true, expectNumSlaves=null, mayFailOn=null, reachable=null, runOnAllSlaves=false, slaves=null, staggerSlaveStartup=true, useSmartClassLoading=true, validateCluster=true }
 INFO  [pool-1-thread-1] {org.radargun.stages.StartClusterStage}  Startup staggering, starting 12 slaves. This is the slave with index 6. Sleeping for 8000 millis.
 INFO  [pool-1-thread-1] {org.radargun.stages.StartClusterStage} Ack master's StartCluster stage. Local address is: /127.0.0.1. This slave's index is: 6
 INFO  [pool-1-thread-1] {org.radargun.utils.ClassLoadHelper} Creating newInstance org.radargun.cachewrappers.FFWrapper with classloader java.net.URLClassLoader@3fbefe6e
 INFO  [pool-1-thread-1] {org.radargun.cachewrappers.FFWrapper} config=hzl3-repl-sync.xml, isLocal=false, nodeIndex=6, confAttributes={name=hzl3-repl-sync.xml, decorate=hazelcast3}
 INFO  [pool-1-thread-1] {org.radargun.cachewrappers.FFWrapper} Found fenix framework config options in 'rg-fenix-framework-config-options.properties'.
 INFO  [pool-1-thread-1] {org.radargun.cachewrappers.FFWrapper} Setting extra config properties for Fenix Framework.
 INFO  [pool-1-thread-1] {org.radargun.cachewrappers.FFWrapper} Will initialize Fenix Framework with RadarGunDataGridConfig
 TRACE [pool-1-thread-1] {pt.ist.fenixframework.FenixFramework} Static initializer block for FenixFramework class [BEGIN]
 INFO  [pool-1-thread-1] {pt.ist.fenixframework.FenixFramework} Trying auto-initialization with configuration by convention
 INFO  [pool-1-thread-1] {pt.ist.fenixframework.FenixFramework} Resource 'fenix-framework.properties' not found
 DEBUG [pool-1-thread-1] {pt.ist.fenixframework.FenixFramework} Fenix Framework properties after reading default config file:{}
 DEBUG [pool-1-thread-1] {pt.ist.fenixframework.FenixFramework} CurrentBackEndName = jvstm-datagrid
 INFO  [pool-1-thread-1] {pt.ist.fenixframework.FenixFramework} Resource 'fenix-framework-jvstm-datagrid.properties' not found
 DEBUG [pool-1-thread-1] {pt.ist.fenixframework.FenixFramework} Fenix Framework properties after reading backend config file:{}
 DEBUG [pool-1-thread-1] {pt.ist.fenixframework.FenixFramework} Fenix Framework properties after enforcing system properties:{}
 INFO  [pool-1-thread-1] {pt.ist.fenixframework.FenixFramework} Skipping configuration by convention.
 TRACE [pool-1-thread-1] {pt.ist.fenixframework.FenixFramework} Static initializer block for FenixFramework class [END]
 INFO  [pool-1-thread-1] {pt.ist.fenixframework.FenixFramework} Initializing Fenix Framework with config.class=pt.ist.fenixframework.backend.jvstm.datagrid.radargun.RadarGunDataGridConfig
 INFO  [pool-1-thread-1] {pt.ist.fenixframework.backend.jvstm.cluster.JvstmClusterBackEnd} initializeGroupCommunication()
 INFO  [pool-1-thread-1] {com.hazelcast.config.ClasspathXmlConfig} Configuring Hazelcast from 'hazelcast-ff.xml'.
 INFO  [pool-1-thread-1] {com.hazelcast.instance.DefaultAddressPicker} Interfaces is disabled, trying to pick one address from TCP-IP config addresses: [127.0.0.1]
 INFO  [pool-1-thread-1] {com.hazelcast.instance.DefaultAddressPicker} Picked Address[127.0.0.1]:5708, using socket ServerSocket[addr=/0.0.0.0,localport=5708], bind any local is true
 INFO  [pool-1-thread-1] {com.hazelcast.system} [127.0.0.1]:5708 [FenixFrameworkGroup] Hazelcast Community Edition 3.0.2 (20130906) starting at Address[127.0.0.1]:5708
 INFO  [pool-1-thread-1] {com.hazelcast.system} [127.0.0.1]:5708 [FenixFrameworkGroup] Copyright (C) 2008-2013 Hazelcast.com
 INFO  [pool-1-thread-1] {com.hazelcast.instance.Node} [127.0.0.1]:5708 [FenixFrameworkGroup] Creating MulticastJoiner
 INFO  [pool-1-thread-1] {com.hazelcast.core.LifecycleService} [127.0.0.1]:5708 [FenixFrameworkGroup] Address[127.0.0.1]:5708 is STARTING
 INFO  [pool-1-thread-1] {com.hazelcast.cluster.TcpIpJoiner} [127.0.0.1]:5708 [FenixFrameworkGroup] Connecting to possible member: Address[127.0.0.1]:5703
 INFO  [pool-1-thread-1] {com.hazelcast.cluster.TcpIpJoiner} [127.0.0.1]:5708 [FenixFrameworkGroup] Connecting to possible member: Address[127.0.0.1]:5702
 INFO  [pool-1-thread-1] {com.hazelcast.cluster.TcpIpJoiner} [127.0.0.1]:5708 [FenixFrameworkGroup] Connecting to possible member: Address[127.0.0.1]:5701
 INFO  [hz._hzInstance_1_FenixFrameworkGroup.cached.thread-1] {com.hazelcast.nio.SocketConnector} [127.0.0.1]:5708 [FenixFrameworkGroup] Connecting to /127.0.0.1:5701, timeout: 0, bind-any: true
 INFO  [hz._hzInstance_1_FenixFrameworkGroup.cached.thread-3] {com.hazelcast.nio.SocketConnector} [127.0.0.1]:5708 [FenixFrameworkGroup] Connecting to /127.0.0.1:5702, timeout: 0, bind-any: true
 INFO  [hz._hzInstance_1_FenixFrameworkGroup.cached.thread-2] {com.hazelcast.nio.SocketConnector} [127.0.0.1]:5708 [FenixFrameworkGroup] Connecting to /127.0.0.1:5703, timeout: 0, bind-any: true
 INFO  [hz._hzInstance_1_FenixFrameworkGroup.cached.thread-3] {com.hazelcast.nio.TcpIpConnectionManager} [127.0.0.1]:5708 [FenixFrameworkGroup] 40118 accepted socket connection from /127.0.0.1:5702
 INFO  [hz._hzInstance_1_FenixFrameworkGroup.cached.thread-2] {com.hazelcast.nio.TcpIpConnectionManager} [127.0.0.1]:5708 [FenixFrameworkGroup] 48570 accepted socket connection from /127.0.0.1:5703
 INFO  [hz._hzInstance_1_FenixFrameworkGroup.cached.thread-1] {com.hazelcast.nio.TcpIpConnectionManager} [127.0.0.1]:5708 [FenixFrameworkGroup] 50807 accepted socket connection from /127.0.0.1:5701
 INFO  [hz._hzInstance_1_FenixFrameworkGroup.IO.thread-in-1] {com.hazelcast.nio.TcpIpConnection} [127.0.0.1]:5708 [FenixFrameworkGroup] Connection [Address[127.0.0.1]:5702] lost. Reason: java.io.EOFException[Remote socket closed!]
 WARN  [hz._hzInstance_1_FenixFrameworkGroup.IO.thread-in-1] {com.hazelcast.nio.ReadHandler} [127.0.0.1]:5708 [FenixFrameworkGroup] hz._hzInstance_1_FenixFrameworkGroup.IO.thread-in-1 Closing socket to endpoint Address[127.0.0.1]:5702, Cause:java.io.EOFException: Remote socket closed!
 INFO  [hz._hzInstance_1_FenixFrameworkGroup.cached.thread-1] {com.hazelcast.cluster.ClusterService} [127.0.0.1]:5708 [FenixFrameworkGroup] 

Members [12] {
	Member [127.0.0.1]:5701
	Member [127.0.0.1]:5703
	Member [127.0.0.1]:5704
	Member [127.0.0.1]:5705
	Member [127.0.0.1]:5706
	Member [127.0.0.1]:5707
	Member [127.0.0.1]:5708 this
	Member [127.0.0.1]:5709
	Member [127.0.0.1]:5710
	Member [127.0.0.1]:5711
	Member [127.0.0.1]:5712
	Member [127.0.0.1]:5713
}

 INFO  [hz._hzInstance_1_FenixFrameworkGroup.IO.thread-Acceptor] {com.hazelcast.nio.SocketAcceptor} [127.0.0.1]:5708 [FenixFrameworkGroup] Accepting socket connection from /127.0.0.1:49197
 INFO  [hz._hzInstance_1_FenixFrameworkGroup.IO.thread-Acceptor] {com.hazelcast.nio.TcpIpConnectionManager} [127.0.0.1]:5708 [FenixFrameworkGroup] 5708 accepted socket connection from /127.0.0.1:49197
 INFO  [hz._hzInstance_1_FenixFrameworkGroup.IO.thread-Acceptor] {com.hazelcast.nio.SocketAcceptor} [127.0.0.1]:5708 [FenixFrameworkGroup] Accepting socket connection from /127.0.0.1:37216
 INFO  [hz._hzInstance_1_FenixFrameworkGroup.IO.thread-Acceptor] {com.hazelcast.nio.TcpIpConnectionManager} [127.0.0.1]:5708 [FenixFrameworkGroup] 5708 accepted socket connection from /127.0.0.1:37216
 INFO  [hz._hzInstance_1_FenixFrameworkGroup.cached.thread-2] {com.hazelcast.nio.SocketConnector} [127.0.0.1]:5708 [FenixFrameworkGroup] Connecting to /127.0.0.1:5704, timeout: 0, bind-any: true
 INFO  [hz._hzInstance_1_FenixFrameworkGroup.cached.thread-7] {com.hazelcast.nio.SocketConnector} [127.0.0.1]:5708 [FenixFrameworkGroup] Connecting to /127.0.0.1:5705, timeout: 0, bind-any: true
 INFO  [hz._hzInstance_1_FenixFrameworkGroup.cached.thread-2] {com.hazelcast.nio.TcpIpConnectionManager} [127.0.0.1]:5708 [FenixFrameworkGroup] 59134 accepted socket connection from /127.0.0.1:5704
 INFO  [hz._hzInstance_1_FenixFrameworkGroup.cached.thread-4] {com.hazelcast.nio.SocketConnector} [127.0.0.1]:5708 [FenixFrameworkGroup] Connecting to /127.0.0.1:5707, timeout: 0, bind-any: true
 INFO  [hz._hzInstance_1_FenixFrameworkGroup.cached.thread-2] {com.hazelcast.nio.SocketConnector} [127.0.0.1]:5708 [FenixFrameworkGroup] Connecting to /127.0.0.1:5709, timeout: 0, bind-any: true
 INFO  [hz._hzInstance_1_FenixFrameworkGroup.cached.thread-7] {com.hazelcast.nio.TcpIpConnectionManager} [127.0.0.1]:5708 [FenixFrameworkGroup] 53272 accepted socket connection from /127.0.0.1:5705
 INFO  [hz._hzInstance_1_FenixFrameworkGroup.cached.thread-9] {com.hazelcast.nio.SocketConnector} [127.0.0.1]:5708 [FenixFrameworkGroup] Connecting to /127.0.0.1:5706, timeout: 0, bind-any: true
 INFO  [hz._hzInstance_1_FenixFrameworkGroup.IO.thread-Acceptor] {com.hazelcast.nio.SocketAcceptor} [127.0.0.1]:5708 [FenixFrameworkGroup] Accepting socket connection from /127.0.0.1:45542
 INFO  [hz._hzInstance_1_FenixFrameworkGroup.cached.thread-2] {com.hazelcast.nio.TcpIpConnectionManager} [127.0.0.1]:5708 [FenixFrameworkGroup] 50381 accepted socket connection from /127.0.0.1:5709
 INFO  [hz._hzInstance_1_FenixFrameworkGroup.IO.thread-Acceptor] {com.hazelcast.nio.TcpIpConnectionManager} [127.0.0.1]:5708 [FenixFrameworkGroup] 5708 accepted socket connection from /127.0.0.1:45542
 INFO  [hz._hzInstance_1_FenixFrameworkGroup.cached.thread-9] {com.hazelcast.nio.TcpIpConnectionManager} [127.0.0.1]:5708 [FenixFrameworkGroup] 41280 accepted socket connection from /127.0.0.1:5706
 INFO  [hz._hzInstance_1_FenixFrameworkGroup.cached.thread-7] {com.hazelcast.nio.SocketConnector} [127.0.0.1]:5708 [FenixFrameworkGroup] Connecting to /127.0.0.1:5710, timeout: 0, bind-any: true
 INFO  [hz._hzInstance_1_FenixFrameworkGroup.cached.thread-4] {com.hazelcast.nio.TcpIpConnectionManager} [127.0.0.1]:5708 [FenixFrameworkGroup] 59966 accepted socket connection from /127.0.0.1:5707
 INFO  [hz._hzInstance_1_FenixFrameworkGroup.cached.thread-7] {com.hazelcast.nio.TcpIpConnectionManager} [127.0.0.1]:5708 [FenixFrameworkGroup] 45788 accepted socket connection from /127.0.0.1:5710
 INFO  [hz._hzInstance_1_FenixFrameworkGroup.IO.thread-Acceptor] {com.hazelcast.nio.SocketAcceptor} [127.0.0.1]:5708 [FenixFrameworkGroup] Accepting socket connection from /127.0.0.1:39015
 INFO  [hz._hzInstance_1_FenixFrameworkGroup.cached.thread-6] {com.hazelcast.nio.SocketConnector} [127.0.0.1]:5708 [FenixFrameworkGroup] Connecting to /127.0.0.1:5712, timeout: 0, bind-any: true
 INFO  [hz._hzInstance_1_FenixFrameworkGroup.IO.thread-Acceptor] {com.hazelcast.nio.TcpIpConnectionManager} [127.0.0.1]:5708 [FenixFrameworkGroup] 5708 accepted socket connection from /127.0.0.1:39015
 INFO  [hz._hzInstance_1_FenixFrameworkGroup.cached.thread-6] {com.hazelcast.nio.TcpIpConnectionManager} [127.0.0.1]:5708 [FenixFrameworkGroup] 41066 accepted socket connection from /127.0.0.1:5712
 INFO  [hz._hzInstance_1_FenixFrameworkGroup.IO.thread-Acceptor] {com.hazelcast.nio.SocketAcceptor} [127.0.0.1]:5708 [FenixFrameworkGroup] Accepting socket connection from /127.0.0.1:50690
 INFO  [hz._hzInstance_1_FenixFrameworkGroup.IO.thread-Acceptor] {com.hazelcast.nio.TcpIpConnectionManager} [127.0.0.1]:5708 [FenixFrameworkGroup] 5708 accepted socket connection from /127.0.0.1:50690
 INFO  [hz._hzInstance_1_FenixFrameworkGroup.IO.thread-Acceptor] {com.hazelcast.nio.SocketAcceptor} [127.0.0.1]:5708 [FenixFrameworkGroup] Accepting socket connection from /127.0.0.1:51406
 INFO  [hz._hzInstance_1_FenixFrameworkGroup.IO.thread-Acceptor] {com.hazelcast.nio.TcpIpConnectionManager} [127.0.0.1]:5708 [FenixFrameworkGroup] 5708 accepted socket connection from /127.0.0.1:51406
 INFO  [hz._hzInstance_1_FenixFrameworkGroup.IO.thread-Acceptor] {com.hazelcast.nio.SocketAcceptor} [127.0.0.1]:5708 [FenixFrameworkGroup] Accepting socket connection from /127.0.0.1:36672
 INFO  [hz._hzInstance_1_FenixFrameworkGroup.IO.thread-Acceptor] {com.hazelcast.nio.TcpIpConnectionManager} [127.0.0.1]:5708 [FenixFrameworkGroup] 5708 accepted socket connection from /127.0.0.1:36672
 INFO  [pool-1-thread-1] {com.hazelcast.core.LifecycleService} [127.0.0.1]:5708 [FenixFrameworkGroup] Address[127.0.0.1]:5708 is STARTED
 INFO  [pool-1-thread-1] {pt.ist.fenixframework.backend.jvstm.cluster.ClusterUtils} Got (long) serverId: 5
 INFO  [pool-1-thread-1] {pt.ist.fenixframework.backend.jvstm.cluster.JvstmClusterBackEnd} This is NOT the first node.
 INFO  [pool-1-thread-1] {pt.ist.fenixframework.backend.jvstm.cluster.ClusterUtils} Waiting for startup from first node
 INFO  [pool-1-thread-1] {pt.ist.fenixframework.backend.jvstm.JVSTMBackEnd} initializeRepository()
 INFO  [pool-1-thread-1] {pt.ist.fenixframework.backend.jvstm.datagrid.radargun.DataGridDecorator} config=hzl3-repl-sync.xml, isLocal=false, nodeIndex=6, confAttributes={name=hzl3-repl-sync.xml}
 INFO  [pool-1-thread-1] {org.radargun.cachewrappers.Hazelcast3Wrapper} Creating cache with the following configuration: hzl3-repl-sync.xml
 INFO  [pool-1-thread-1] {com.hazelcast.instance.DefaultAddressPicker} Interfaces is disabled, trying to pick one address from TCP-IP config addresses: [127.0.0.1]
 INFO  [pool-1-thread-1] {com.hazelcast.instance.DefaultAddressPicker} Picked Address[127.0.0.1]:5718, using socket ServerSocket[addr=/0.0.0.0,localport=5718], bind any local is true
 INFO  [pool-1-thread-1] {com.hazelcast.system} [127.0.0.1]:5718 [dev] Hazelcast Community Edition 3.0.2 (20130906) starting at Address[127.0.0.1]:5718
 INFO  [pool-1-thread-1] {com.hazelcast.system} [127.0.0.1]:5718 [dev] Copyright (C) 2008-2013 Hazelcast.com
 INFO  [pool-1-thread-1] {com.hazelcast.instance.Node} [127.0.0.1]:5718 [dev] Creating MulticastJoiner
 INFO  [pool-1-thread-1] {com.hazelcast.core.LifecycleService} [127.0.0.1]:5718 [dev] Address[127.0.0.1]:5718 is STARTING
 INFO  [pool-1-thread-1] {com.hazelcast.cluster.TcpIpJoiner} [127.0.0.1]:5718 [dev] Connecting to possible member: Address[127.0.0.1]:5703
 INFO  [pool-1-thread-1] {com.hazelcast.cluster.TcpIpJoiner} [127.0.0.1]:5718 [dev] Connecting to possible member: Address[127.0.0.1]:5702
 INFO  [pool-1-thread-1] {com.hazelcast.cluster.TcpIpJoiner} [127.0.0.1]:5718 [dev] Connecting to possible member: Address[127.0.0.1]:5701
 INFO  [hz._hzInstance_2_dev.cached.thread-3] {com.hazelcast.nio.SocketConnector} [127.0.0.1]:5718 [dev] Connecting to /127.0.0.1:5703, timeout: 0, bind-any: true
 INFO  [hz._hzInstance_2_dev.cached.thread-2] {com.hazelcast.nio.SocketConnector} [127.0.0.1]:5718 [dev] Connecting to /127.0.0.1:5702, timeout: 0, bind-any: true
 INFO  [hz._hzInstance_2_dev.cached.thread-3] {com.hazelcast.nio.TcpIpConnectionManager} [127.0.0.1]:5718 [dev] 57444 accepted socket connection from /127.0.0.1:5703
 INFO  [hz._hzInstance_2_dev.cached.thread-1] {com.hazelcast.nio.SocketConnector} [127.0.0.1]:5718 [dev] Connecting to /127.0.0.1:5701, timeout: 0, bind-any: true
 INFO  [hz._hzInstance_2_dev.cached.thread-2] {com.hazelcast.nio.TcpIpConnectionManager} [127.0.0.1]:5718 [dev] 45822 accepted socket connection from /127.0.0.1:5702
 INFO  [hz._hzInstance_2_dev.cached.thread-1] {com.hazelcast.nio.TcpIpConnectionManager} [127.0.0.1]:5718 [dev] 40888 accepted socket connection from /127.0.0.1:5701
 INFO  [hz._hzInstance_2_dev.IO.thread-in-2] {com.hazelcast.nio.TcpIpConnection} [127.0.0.1]:5718 [dev] Connection [Address[127.0.0.1]:5701] lost. Reason: java.io.EOFException[Remote socket closed!]
 INFO  [hz._hzInstance_2_dev.IO.thread-in-0] {com.hazelcast.nio.TcpIpConnection} [127.0.0.1]:5718 [dev] Connection [Address[127.0.0.1]:5703] lost. Reason: java.io.EOFException[Remote socket closed!]
 WARN  [hz._hzInstance_2_dev.IO.thread-in-2] {com.hazelcast.nio.ReadHandler} [127.0.0.1]:5718 [dev] hz._hzInstance_2_dev.IO.thread-in-2 Closing socket to endpoint Address[127.0.0.1]:5701, Cause:java.io.EOFException: Remote socket closed!
 WARN  [hz._hzInstance_2_dev.IO.thread-in-0] {com.hazelcast.nio.ReadHandler} [127.0.0.1]:5718 [dev] hz._hzInstance_2_dev.IO.thread-in-0 Closing socket to endpoint Address[127.0.0.1]:5703, Cause:java.io.EOFException: Remote socket closed!
 INFO  [hz._hzInstance_2_dev.cached.thread-1] {com.hazelcast.cluster.ClusterService} [127.0.0.1]:5718 [dev] 

Members [12] {
	Member [127.0.0.1]:5702
	Member [127.0.0.1]:5714
	Member [127.0.0.1]:5715
	Member [127.0.0.1]:5716
	Member [127.0.0.1]:5717
	Member [127.0.0.1]:5718 this
	Member [127.0.0.1]:5719
	Member [127.0.0.1]:5720
	Member [127.0.0.1]:5721
	Member [127.0.0.1]:5722
	Member [127.0.0.1]:5723
	Member [127.0.0.1]:5724
}

 INFO  [hz._hzInstance_2_dev.IO.thread-Acceptor] {com.hazelcast.nio.SocketAcceptor} [127.0.0.1]:5718 [dev] Accepting socket connection from /127.0.0.1:48758
 INFO  [hz._hzInstance_2_dev.IO.thread-Acceptor] {com.hazelcast.nio.TcpIpConnectionManager} [127.0.0.1]:5718 [dev] 5718 accepted socket connection from /127.0.0.1:48758
 INFO  [hz._hzInstance_2_dev.IO.thread-Acceptor] {com.hazelcast.nio.SocketAcceptor} [127.0.0.1]:5718 [dev] Accepting socket connection from /127.0.0.1:40967
 INFO  [hz._hzInstance_2_dev.IO.thread-Acceptor] {com.hazelcast.nio.TcpIpConnectionManager} [127.0.0.1]:5718 [dev] 5718 accepted socket connection from /127.0.0.1:40967
 INFO  [hz._hzInstance_2_dev.cached.thread-3] {com.hazelcast.nio.SocketConnector} [127.0.0.1]:5718 [dev] Connecting to /127.0.0.1:5717, timeout: 0, bind-any: true
 INFO  [hz._hzInstance_2_dev.cached.thread-6] {com.hazelcast.nio.SocketConnector} [127.0.0.1]:5718 [dev] Connecting to /127.0.0.1:5714, timeout: 0, bind-any: true
 INFO  [hz._hzInstance_2_dev.cached.thread-4] {com.hazelcast.nio.SocketConnector} [127.0.0.1]:5718 [dev] Connecting to /127.0.0.1:5715, timeout: 0, bind-any: true
 INFO  [hz._hzInstance_2_dev.cached.thread-2] {com.hazelcast.nio.SocketConnector} [127.0.0.1]:5718 [dev] Connecting to /127.0.0.1:5719, timeout: 0, bind-any: true
 INFO  [hz._hzInstance_2_dev.IO.thread-Acceptor] {com.hazelcast.nio.SocketAcceptor} [127.0.0.1]:5718 [dev] Accepting socket connection from /127.0.0.1:37569
 INFO  [hz._hzInstance_2_dev.cached.thread-6] {com.hazelcast.nio.TcpIpConnectionManager} [127.0.0.1]:5718 [dev] 55713 accepted socket connection from /127.0.0.1:5714
 INFO  [hz._hzInstance_2_dev.cached.thread-5] {com.hazelcast.nio.SocketConnector} [127.0.0.1]:5718 [dev] Connecting to /127.0.0.1:5716, timeout: 0, bind-any: true
 INFO  [hz._hzInstance_2_dev.cached.thread-2] {com.hazelcast.nio.TcpIpConnectionManager} [127.0.0.1]:5718 [dev] 43341 accepted socket connection from /127.0.0.1:5719
 INFO  [hz._hzInstance_2_dev.cached.thread-3] {com.hazelcast.nio.TcpIpConnectionManager} [127.0.0.1]:5718 [dev] 46039 accepted socket connection from /127.0.0.1:5717
 INFO  [hz._hzInstance_2_dev.cached.thread-6] {com.hazelcast.nio.SocketConnector} [127.0.0.1]:5718 [dev] Connecting to /127.0.0.1:5720, timeout: 0, bind-any: true
 INFO  [hz._hzInstance_2_dev.IO.thread-Acceptor] {com.hazelcast.nio.TcpIpConnectionManager} [127.0.0.1]:5718 [dev] 5718 accepted socket connection from /127.0.0.1:37569
 INFO  [hz._hzInstance_2_dev.cached.thread-3] {com.hazelcast.nio.SocketConnector} [127.0.0.1]:5718 [dev] Connecting to /127.0.0.1:5721, timeout: 0, bind-any: true
 INFO  [hz._hzInstance_2_dev.IO.thread-Acceptor] {com.hazelcast.nio.SocketAcceptor} [127.0.0.1]:5718 [dev] Accepting socket connection from /127.0.0.1:36764
 INFO  [hz._hzInstance_2_dev.cached.thread-2] {com.hazelcast.nio.SocketConnector} [127.0.0.1]:5718 [dev] Connecting to /127.0.0.1:5722, timeout: 0, bind-any: true
 INFO  [hz._hzInstance_2_dev.cached.thread-3] {com.hazelcast.nio.TcpIpConnectionManager} [127.0.0.1]:5718 [dev] 46777 accepted socket connection from /127.0.0.1:5721
 INFO  [hz._hzInstance_2_dev.cached.thread-4] {com.hazelcast.nio.TcpIpConnectionManager} [127.0.0.1]:5718 [dev] 33207 accepted socket connection from /127.0.0.1:5715
 INFO  [hz._hzInstance_2_dev.cached.thread-4] {com.hazelcast.nio.SocketConnector} [127.0.0.1]:5718 [dev] Connecting to /127.0.0.1:5724, timeout: 0, bind-any: true
 INFO  [hz._hzInstance_2_dev.IO.thread-Acceptor] {com.hazelcast.nio.TcpIpConnectionManager} [127.0.0.1]:5718 [dev] 5718 accepted socket connection from /127.0.0.1:36764
 INFO  [hz._hzInstance_2_dev.cached.thread-6] {com.hazelcast.nio.TcpIpConnectionManager} [127.0.0.1]:5718 [dev] 38567 accepted socket connection from /127.0.0.1:5720
 INFO  [hz._hzInstance_2_dev.cached.thread-2] {com.hazelcast.nio.TcpIpConnectionManager} [127.0.0.1]:5718 [dev] 56407 accepted socket connection from /127.0.0.1:5722
 INFO  [hz._hzInstance_2_dev.cached.thread-8] {com.hazelcast.nio.SocketConnector} [127.0.0.1]:5718 [dev] Connecting to /127.0.0.1:5723, timeout: 0, bind-any: true
 INFO  [hz._hzInstance_2_dev.cached.thread-8] {com.hazelcast.nio.TcpIpConnectionManager} [127.0.0.1]:5718 [dev] 44839 accepted socket connection from /127.0.0.1:5723
 INFO  [hz._hzInstance_2_dev.cached.thread-5] {com.hazelcast.nio.TcpIpConnectionManager} [127.0.0.1]:5718 [dev] 55616 accepted socket connection from /127.0.0.1:5716
 INFO  [hz._hzInstance_2_dev.IO.thread-Acceptor] {com.hazelcast.nio.SocketAcceptor} [127.0.0.1]:5718 [dev] Accepting socket connection from /127.0.0.1:56808
 INFO  [hz._hzInstance_2_dev.cached.thread-4] {com.hazelcast.nio.TcpIpConnectionManager} [127.0.0.1]:5718 [dev] 32957 accepted socket connection from /127.0.0.1:5724
 INFO  [hz._hzInstance_2_dev.IO.thread-Acceptor] {com.hazelcast.nio.TcpIpConnectionManager} [127.0.0.1]:5718 [dev] 5718 accepted socket connection from /127.0.0.1:56808
 INFO  [hz._hzInstance_2_dev.IO.thread-Acceptor] {com.hazelcast.nio.SocketAcceptor} [127.0.0.1]:5718 [dev] Accepting socket connection from /127.0.0.1:42350
 INFO  [hz._hzInstance_2_dev.IO.thread-Acceptor] {com.hazelcast.nio.TcpIpConnectionManager} [127.0.0.1]:5718 [dev] 5718 accepted socket connection from /127.0.0.1:42350
 INFO  [hz._hzInstance_2_dev.IO.thread-Acceptor] {com.hazelcast.nio.SocketAcceptor} [127.0.0.1]:5718 [dev] Accepting socket connection from /127.0.0.1:36194
 INFO  [hz._hzInstance_2_dev.IO.thread-Acceptor] {com.hazelcast.nio.TcpIpConnectionManager} [127.0.0.1]:5718 [dev] 5718 accepted socket connection from /127.0.0.1:36194
 INFO  [hz._hzInstance_2_dev.IO.thread-Acceptor] {com.hazelcast.nio.SocketAcceptor} [127.0.0.1]:5718 [dev] Accepting socket connection from /127.0.0.1:41453
 INFO  [hz._hzInstance_2_dev.IO.thread-Acceptor] {com.hazelcast.nio.TcpIpConnectionManager} [127.0.0.1]:5718 [dev] 5718 accepted socket connection from /127.0.0.1:41453
 INFO  [hz._hzInstance_2_dev.IO.thread-Acceptor] {com.hazelcast.nio.SocketAcceptor} [127.0.0.1]:5718 [dev] Accepting socket connection from /127.0.0.1:48826
 INFO  [hz._hzInstance_2_dev.IO.thread-Acceptor] {com.hazelcast.nio.TcpIpConnectionManager} [127.0.0.1]:5718 [dev] 5718 accepted socket connection from /127.0.0.1:48826
 INFO  [hz._hzInstance_2_dev.IO.thread-Acceptor] {com.hazelcast.nio.SocketAcceptor} [127.0.0.1]:5718 [dev] Accepting socket connection from /127.0.0.1:39285
 INFO  [hz._hzInstance_2_dev.IO.thread-Acceptor] {com.hazelcast.nio.TcpIpConnectionManager} [127.0.0.1]:5718 [dev] 5718 accepted socket connection from /127.0.0.1:39285
[GC 259695K->12937K(2944064K), 0.0428790 secs]
 WARN  [pool-1-thread-1] {com.hazelcast.instance.Node} [127.0.0.1]:5718 [dev] Config seed port is 5701 and cluster size is 12. Some of the ports seem occupied!
 INFO  [pool-1-thread-1] {com.hazelcast.core.LifecycleService} [127.0.0.1]:5718 [dev] Address[127.0.0.1]:5718 is STARTED
 INFO  [pool-1-thread-1] {org.radargun.cachewrappers.Hazelcast3Wrapper} Hazelcast configuration:Config{groupConfig=GroupConfig [name=dev, password=********], properties={hazelcast.logging.type=log4j}, networkConfig=NetworkConfig {publicAddress='null', port=5701, portCount=100, portAutoIncrement=true, join=JoinConfig{multicastConfig=MulticastConfig [enabled=true, multicastGroup=224.0.2.128, multicastPort=54327, multicastTimeToLive=32, multicastTimeoutSeconds=2, trustedInterfaces=[]], tcpIpConfig=TcpIpConfig [enabled=true, connectionTimeoutSeconds=5, members=[127.0.0.1], requiredMember=null], awsConfig=AwsConfig{enabled=false, region='us-east-1', securityGroupName='null', tagKey='null', tagValue='null', hostHeader='ec2.amazonaws.com', connectionTimeoutSeconds=5}}, interfaces=InterfacesConfig{enabled=false, interfaces=[]}, sslConfig=null, socketInterceptorConfig=null, symmetricEncryptionConfig=null}, mapConfigs={default=MapConfig{name='default', inMemoryFormat=BINARY', backupCount=5, asyncBackupCount=0, timeToLiveSeconds=0, maxIdleSeconds=0, evictionPolicy='NONE', evictionPercentage=0, maxSizeConfig=MaxSizeConfig{maxSizePolicy='PER_PARTITION', size=2147483647}, readBackupData=true, nearCacheConfig=null, mapStoreConfig=null, mergePolicyConfig='hz.ADD_NEW_ENTRY', wanReplicationRef=null, listenerConfigs=[], mapIndexConfigs=[], storageType=null}}, topicConfigs={}, queueConfigs={}, multiMapConfigs={}, executorConfigs={default=ExecutorConfig{name='default', poolSize=8, queueCapacity=2147483647}}, semaphoreConfigs={}, wanReplicationConfigs={}, listenerConfigs=[], partitionGroupConfig=PartitionGroupConfig{enabled=false, groupType=PER_MEMBER, memberGroupConfigs=[]}, managementCenterConfig=ManagementCenterConfig{enabled=false, url='null', updateInterval=5}, securityConfig=SecurityConfig{enabled=false, memberCredentialsConfig=CredentialsFactoryConfig{className='null', implementation=null, properties={}}, memberLoginModuleConfigs=[], clientLoginModuleConfigs=[], clientPolicyConfig=PermissionPolicyConfig{className='null', implementation=null, properties={}}, clientPermissionConfigs=[]}}
 INFO  [pool-1-thread-1] {pt.ist.fenixframework.backend.jvstm.datagrid.DataGridRepository} Initialization marker is present. Data Grid already existed.
 INFO  [pool-1-thread-1] {pt.ist.fenixframework.backend.jvstm.JVSTMBackEnd} initializeDomainClassInfos
 INFO  [pool-1-thread-1] {pt.ist.fenixframework.backend.jvstm.pstm.DomainClassInfo} serverId: 5, serverOidBase: 5000000000000
 INFO  [pool-1-thread-1] {pt.ist.fenixframework.backend.jvstm.pstm.DomainClassInfo} Existing domain class 'pt.ist.fenixframework.DomainRoot' with id '0'
 INFO  [pool-1-thread-1] {pt.ist.fenixframework.backend.jvstm.pstm.DomainClassInfo} Existing domain class 'pt.ist.fenixframework.adt.bplustree.DomainLeafNode' with id '1'
 INFO  [pool-1-thread-1] {pt.ist.fenixframework.backend.jvstm.pstm.DomainClassInfo} Existing domain class 'pt.ist.fenixframework.adt.bplustree.InnerNodeArray' with id 'b'
 INFO  [pool-1-thread-1] {pt.ist.fenixframework.backend.jvstm.pstm.DomainClassInfo} Existing domain class 'pt.ist.fenixframework.adt.bplustree.LeafNodeArray' with id 'c'
 INFO  [pool-1-thread-1] {pt.ist.fenixframework.backend.jvstm.pstm.DomainClassInfo} Existing domain class 'pt.ist.fenixframework.adt.bplustree.BPlusTreeArray' with id '2'
 INFO  [pool-1-thread-1] {pt.ist.fenixframework.backend.jvstm.pstm.DomainClassInfo} Existing domain class 'pt.ist.fenixframework.adt.bplustree.DomainBPlusTree' with id 'e'
 INFO  [pool-1-thread-1] {pt.ist.fenixframework.backend.jvstm.pstm.DomainClassInfo} Existing domain class 'pt.ist.fenixframework.adt.bplustree.InnerNode' with id '8'
 INFO  [pool-1-thread-1] {pt.ist.fenixframework.backend.jvstm.pstm.DomainClassInfo} Existing domain class 'pt.ist.fenixframework.adt.bplustree.LeafNode' with id '4'
 INFO  [pool-1-thread-1] {pt.ist.fenixframework.backend.jvstm.pstm.DomainClassInfo} Existing domain class 'pt.ist.fenixframework.adt.bplustree.AbstractNode' with id 'f'
 INFO  [pool-1-thread-1] {pt.ist.fenixframework.backend.jvstm.pstm.DomainClassInfo} Existing domain class 'pt.ist.fenixframework.adt.bplustree.DomainInnerNode' with id '3'
 INFO  [pool-1-thread-1] {pt.ist.fenixframework.backend.jvstm.pstm.DomainClassInfo} Existing domain class 'pt.ist.fenixframework.adt.bplustree.BPlusTree' with id '7'
 INFO  [pool-1-thread-1] {pt.ist.fenixframework.backend.jvstm.pstm.DomainClassInfo} Existing domain class 'pt.ist.fenixframework.backend.jvstm.pstm.TransactionStatisticsEntry' with id '5'
 INFO  [pool-1-thread-1] {pt.ist.fenixframework.backend.jvstm.pstm.DomainClassInfo} Existing domain class 'pt.ist.fenixframework.adt.linkedlist.ListNode' with id '6'
 INFO  [pool-1-thread-1] {pt.ist.fenixframework.backend.jvstm.pstm.DomainClassInfo} Existing domain class 'pt.ist.fenixframework.adt.linkedlist.LinkedList' with id '9'
 INFO  [pool-1-thread-1] {pt.ist.fenixframework.backend.jvstm.pstm.DomainClassInfo} Existing domain class 'pt.ist.fenixframework.adt.bplustree.AbstractNodeArray' with id 'a'
 INFO  [pool-1-thread-1] {pt.ist.fenixframework.backend.jvstm.pstm.DomainClassInfo} Existing domain class 'pt.ist.fenixframework.backend.jvstm.pstm.FenixFrameworkData' with id 'd'
 INFO  [pool-1-thread-1] {pt.ist.fenixframework.backend.jvstm.JVSTMBackEnd} setupJVSTM
 INFO  [pool-1-thread-1] {pt.ist.fenixframework.backend.jvstm.JVSTMBackEnd} Setting the last committed TX number to 2
 INFO  [pool-1-thread-1] {pt.ist.fenixframework.backend.jvstm.JVSTMBackEnd} createDomainRootIfNeeded
 INFO  [pool-1-thread-1] {pt.ist.fenixframework.backend.jvstm.JVSTMBackEnd} ensureFenixFrameworkDataExists
 INFO  [pool-1-thread-1] {pt.ist.fenixframework.hibernatesearch.HibernateSearchConfig} Resource 'fenix-framework-hibernate-search.properties' not found. Hibernate Search disabled
 INFO  [pool-1-thread-1] {pt.ist.fenixframework.FenixFramework} Initialization of Fenix Framework is now complete.
 INFO  [pool-1-thread-1] {org.radargun.cachewrappers.FFWrapper} FF STARTED=true
 INFO  [pool-1-thread-1] {org.radargun.stages.helpers.StartHelper} Number of members is the one expected: 12
 INFO  [pool-1-thread-1] {org.radargun.stages.StartClusterStage} Successfully started cache wrapper on slave 6: org.radargun.cachewrappers.FFWrapper@4fce5bc9
 INFO  [pool-1-thread-1] {org.radargun.Slave} Finished stage: StartCluster {config=hzl3-repl-sync.xml, delayAfterFirstSlaveStarts=5.000 secs, delayBetweenStartingSlaves=0.500 secs, exitBenchmarkOnSlaveFailure=true, expectNumSlaves=null, mayFailOn=null, reachable=null, runOnAllSlaves=false, slaves=null, staggerSlaveStartup=true, useSmartClassLoading=true, validateCluster=true }
 INFO  [main] {org.radargun.Slave} Ack successfully sent to the master
 INFO  [pool-1-thread-1] {org.radargun.Slave} Executing stage: ClusterValidation {exitBenchmarkOnSlaveFailure=false, partialReplication=false, replicationTimeSleep=2000, replicationTryCount=60, runOnAllSlaves=false, slaves=null, useSmartClassLoading=true }
 WARN  [hz._hzInstance_2_dev.cached.thread-13] {com.hazelcast.transaction.TransactionManagerService} [127.0.0.1]:5718 [dev] No tx backup log is found, tx -> f2652ed5-70dc-40d7-be7b-63085fec1ddb
 WARN  [hz._hzInstance_2_dev.cached.thread-13] {com.hazelcast.transaction.TransactionManagerService} [127.0.0.1]:5718 [dev] No tx backup log is found, tx -> 30d14729-dc09-4e23-a3f6-6df08c764c16
 INFO  [pool-1-thread-1] {org.radargun.stages.ClusterValidationStage} Number of caches that replicated here is 4
 WARN  [hz._hzInstance_2_dev.cached.thread-13] {com.hazelcast.transaction.TransactionManagerService} [127.0.0.1]:5718 [dev] No tx backup log is found, tx -> 695b454b-3a97-467d-af67-a3eac82cd0f0
 WARN  [hz._hzInstance_2_dev.cached.thread-12] {com.hazelcast.transaction.TransactionManagerService} [127.0.0.1]:5718 [dev] No tx backup log is found, tx -> b8b5febf-35e1-4149-a86f-4039bbbbb837
 INFO  [pool-1-thread-1] {org.radargun.stages.ClusterValidationStage} Replication test failed, 1 tries so far. Sleeping for 2 seconds and trying again.
 INFO  [pool-1-thread-1] {org.radargun.stages.ClusterValidationStage} Number of caches that replicated here is 11
 INFO  [pool-1-thread-1] {org.radargun.stages.ClusterValidationStage} Replication test successfully passed. partialReplication? false, replicationCount = 11
 WARN  [hz._hzInstance_2_dev.cached.thread-2] {com.hazelcast.transaction.TransactionManagerService} [127.0.0.1]:5718 [dev] No tx backup log is found, tx -> bfd63b8a-9065-48a8-9d96-99d9984adb08
 INFO  [pool-1-thread-1] {org.radargun.stages.ClusterValidationStage} Confirm phase successful.
 INFO  [pool-1-thread-1] {org.radargun.Slave} Finished stage: ClusterValidation {exitBenchmarkOnSlaveFailure=false, partialReplication=false, replicationTimeSleep=2000, replicationTryCount=60, runOnAllSlaves=false, slaves=[ 0, 1, 2, 3, 4, 5, 6, 7, 8, 9, 10, 11 ], useSmartClassLoading=true }
 INFO  [main] {org.radargun.Slave} Ack successfully sent to the master
 INFO  [pool-1-thread-1] {org.radargun.Slave} Executing stage: StressTestWarmup {bulkSize=1, cacheSpecificKeyGenerator=false, commitTransactions=true, duration=1 mins 0 secs, entrySize=1000, exitBenchmarkOnSlaveFailure=false, fixedKeys=true, generateHistogramRange=false, keyGeneratorClass=org.radargun.stressors.StringKeyGenerator, keyGeneratorParam=null, loadAllKeys=false, numEntries=100, numOfThreads=4, numRequests=10000, numThreads=4, numberOfAttributes=100, numberOfRequests=10000, opsCountStatusLog=100000, poolKeys=true, preferAsyncOperations=false, removePercentage=0, replaceInvalidPercentage=40, runOnAllSlaves=false, sharedKeys=false, sizeOfAnAttribute=1000, slaves=null, transactionSize=50, useAtomics=false, useHistogramStatistics=false, useSimpleStatistics=true, useSmartClassLoading=true, useTransactions=null, writePercentage=20, writeTxPercentage=20 }
 INFO  [pool-1-thread-1] {org.radargun.stages.StressTestWarmupStage} Starting StressTestWarmupStage: StressTestWarmup {bulkSize=1, cacheSpecificKeyGenerator=false, commitTransactions=true, duration=1 mins 0 secs, entrySize=1000, exitBenchmarkOnSlaveFailure=false, fixedKeys=true, generateHistogramRange=false, keyGeneratorClass=org.radargun.stressors.StringKeyGenerator, keyGeneratorParam=null, loadAllKeys=false, numEntries=100, numOfThreads=4, numRequests=10000, numThreads=4, numberOfAttributes=100, numberOfRequests=10000, opsCountStatusLog=100000, poolKeys=true, preferAsyncOperations=false, removePercentage=0, replaceInvalidPercentage=40, runOnAllSlaves=false, sharedKeys=false, sizeOfAnAttribute=1000, slaves=null, transactionSize=50, useAtomics=false, useHistogramStatistics=false, useSimpleStatistics=true, useSmartClassLoading=true, useTransactions=null, writePercentage=20, writeTxPercentage=20 }
 INFO  [pool-1-thread-1] {org.radargun.stressors.StressTestStressor} Using key generator org.radargun.stressors.StringKeyGenerator, param null
 INFO  [pool-1-thread-1] {org.radargun.stressors.StressTestStressor} Executing: StressTestStressor{opsCountStatusLog=100000, numRequests=10000, numEntries=100, entrySize=1000, writePercentage=20, numThreads=4, cacheWrapper=org.radargun.cachewrappers.FFWrapper@4fce5bc9, nodeIndex=6, useTransactions=true, transactionSize=50, commitTransactions=true, durationMillis=60000}
 INFO  [pool-1-thread-1] {org.radargun.stressors.StressTestStressor} Cache wrapper info is: FFWrapper using hazelcast3
[GC 269001K->11888K(2944064K), 0.0327260 secs]
 INFO  [hz._hzInstance_2_dev.scheduled] {com.hazelcast.partition.PartitionService} [127.0.0.1]:5718 [dev] Re-sending sync replica request for partition: 0, replica: 5
[GC 267952K->14080K(2944064K), 0.0326420 secs]
[GC 270144K->13099K(2944064K), 0.0294770 secs]
 INFO  [pool-1-thread-1] {org.radargun.stressors.StressTestStressor} Started 4 stressor threads.
 INFO  [Stressor-3] {org.radargun.stressors.StressTestStressor} Number of ops executed so far: 1. Elapsed time: 0.001 secs. Remaining: 59.999 secs. Total: 1 mins 0 secs
[GC 269163K->14178K(2944064K), 0.0317350 secs]
[GC 270242K->15154K(2944064K), 0.0305360 secs]
[GC 271218K->13943K(2944064K), 0.0316060 secs]
[GC 270007K->16807K(2944064K), 0.0296460 secs]
[GC 272871K->17590K(2944064K), 0.0321200 secs]
 INFO  [Stressor-0] {org.radargun.stressors.StressTestStressor} Number of ops executed so far: 12200. Elapsed time: 20.089 secs. Remaining: 39.911 secs. Total: 1 mins 0 secs
[GC 273654K->20936K(2944064K), 0.0314490 secs]
[GC 277000K->19298K(2944064K), 0.0337980 secs]
[GC 275362K->20157K(2944064K), 0.0336600 secs]
[GC 276221K->21102K(2944064K), 0.0337050 secs]
 INFO  [Stressor-3] {org.radargun.stressors.StressTestStressor} Number of ops executed so far: 25350. Elapsed time: 40.117 secs. Remaining: 19.883 secs. Total: 1 mins 0 secs
[GC 277166K->22011K(2944064K), 0.0362590 secs]
[GC 278075K->22867K(2944064K), 0.0337120 secs]
[GC 278931K->29313K(2944064K), 0.0576640 secs]
[GC 285377K->23444K(2944064K), 0.0315680 secs]
[GC 279508K->22987K(2944064K), 0.0334450 secs]
 INFO  [Stressor-2] {org.radargun.stressors.StressTestStressor} Number of ops executed so far: 39100. Elapsed time: 1 mins 0 secs. Remaining: 0.000 secs. Total: 1 mins 0 secs
 INFO  [pool-1-thread-1] {org.radargun.stressors.StressTestStressor} Finished generating report. Test duration is: 1 mins 16 secs
 INFO  [pool-1-thread-1] {org.radargun.stages.StressTestWarmupStage} The warmup took: 76 seconds.
 INFO  [pool-1-thread-1] {org.radargun.Slave} Finished stage: StressTestWarmup {bulkSize=1, cacheSpecificKeyGenerator=false, commitTransactions=true, duration=1 mins 0 secs, entrySize=1000, exitBenchmarkOnSlaveFailure=false, fixedKeys=true, generateHistogramRange=false, keyGeneratorClass=org.radargun.stressors.StringKeyGenerator, keyGeneratorParam=null, loadAllKeys=false, numEntries=100, numOfThreads=4, numRequests=10000, numThreads=4, numberOfAttributes=100, numberOfRequests=10000, opsCountStatusLog=100000, poolKeys=true, preferAsyncOperations=false, removePercentage=0, replaceInvalidPercentage=40, runOnAllSlaves=false, sharedKeys=false, sizeOfAnAttribute=1000, slaves=null, transactionSize=50, useAtomics=false, useHistogramStatistics=false, useSimpleStatistics=true, useSmartClassLoading=true, useTransactions=null, writePercentage=20, writeTxPercentage=20 }
 INFO  [main] {org.radargun.Slave} Ack successfully sent to the master
[GC 279051K->24448K(2944064K), 0.0326030 secs]
[GC 280512K->25457K(2944064K), 0.0305480 secs]
[GC 281521K->26302K(2944064K), 0.0304910 secs]
[GC 282366K->27060K(2944064K), 0.0291900 secs]
[GC 283124K->27813K(2944064K), 0.0310660 secs]
[GC 283877K->28814K(2944064K), 0.0291370 secs]
[GC 284878K->29677K(2944064K), 0.0334960 secs]
[GC 285740K->30685K(2944064K), 0.0329860 secs]
[GC 286749K->31774K(2944064K), 0.0321050 secs]
[GC 287838K->32848K(2944064K), 0.0303730 secs]
[GC 288912K->33923K(2944064K), 0.0342180 secs]
[GC 289987K->35121K(2944064K), 0.0338820 secs]
[GC 291185K->39513K(2944064K), 0.0316490 secs]
[GC 295577K->36364K(2944064K), 0.0326350 secs]
[GC 292428K->40411K(2944064K), 0.0332130 secs]
[GC 296475K->47625K(2944064K), 0.0361040 secs]
 INFO  [pool-1-thread-1] {org.radargun.Slave} Executing stage: ClearClusterStage {ClearCluster {exitBenchmarkOnSlaveFailure=false, runOnAllSlaves=false, slaves=[ 0 ], useSmartClassLoading=true }
 INFO  [pool-1-thread-1] {org.radargun.stages.ClearClusterStage} Before executing clear, memory looks like this: Memory - free: 2,714,753 kb - max:4,906,688 kb- total:2,944,064 kb
[Full GC 229310K->40267K(2944064K), 0.3371740 secs]
 INFO  [pool-1-thread-1] {org.radargun.stages.ClearClusterStage} After executing cleanup, memory looks like this: Memory - free: 2,903,248 kb - max:4,906,688 kb- total:2,944,192 kb
 INFO  [pool-1-thread-1] {org.radargun.Slave} Finished stage: ClearClusterStage {ClearCluster {exitBenchmarkOnSlaveFailure=false, runOnAllSlaves=false, slaves=[ 0 ], useSmartClassLoading=true }
 INFO  [main] {org.radargun.Slave} Ack successfully sent to the master
 INFO  [pool-1-thread-1] {org.radargun.Slave} Executing stage: StressTest {bulkSize=1, cacheSpecificKeyGenerator=false, commitTransactions=true, duration=1 mins 0 secs, entrySize=1000, exitBenchmarkOnSlaveFailure=false, fixedKeys=true, generateHistogramRange=false, keyGeneratorClass=org.radargun.stressors.StringKeyGenerator, keyGeneratorParam=null, loadAllKeys=false, numEntries=10000, numOfThreads=4, numRequests=10000000, numThreads=4, numberOfAttributes=10000, numberOfRequests=10000000, opsCountStatusLog=500000, poolKeys=true, preferAsyncOperations=false, removePercentage=0, replaceInvalidPercentage=40, runOnAllSlaves=false, sharedKeys=false, sizeOfAnAttribute=1000, slaves=null, transactionSize=10000, useAtomics=false, useHistogramStatistics=false, useSimpleStatistics=true, useSmartClassLoading=true, useTransactions=true, writePercentage=10, writeTxPercentage=50 }
 INFO  [pool-1-thread-1] {org.radargun.stages.StressTestStage} Starting StressTestStage: StressTest {bulkSize=1, cacheSpecificKeyGenerator=false, commitTransactions=true, duration=1 mins 0 secs, entrySize=1000, exitBenchmarkOnSlaveFailure=false, fixedKeys=true, generateHistogramRange=false, keyGeneratorClass=org.radargun.stressors.StringKeyGenerator, keyGeneratorParam=null, loadAllKeys=false, numEntries=10000, numOfThreads=4, numRequests=10000000, numThreads=4, numberOfAttributes=10000, numberOfRequests=10000000, opsCountStatusLog=500000, poolKeys=true, preferAsyncOperations=false, removePercentage=0, replaceInvalidPercentage=40, runOnAllSlaves=false, sharedKeys=false, sizeOfAnAttribute=1000, slaves=null, transactionSize=10000, useAtomics=false, useHistogramStatistics=false, useSimpleStatistics=true, useSmartClassLoading=true, useTransactions=true, writePercentage=10, writeTxPercentage=50 }
 INFO  [pool-1-thread-1] {org.radargun.stressors.StressTestStressor} Using key generator org.radargun.stressors.StringKeyGenerator, param null
 INFO  [pool-1-thread-1] {org.radargun.stressors.StressTestStressor} Executing: StressTestStressor{opsCountStatusLog=500000, numRequests=10000000, numEntries=10000, entrySize=1000, writePercentage=10, numThreads=4, cacheWrapper=org.radargun.cachewrappers.FFWrapper@4fce5bc9, nodeIndex=6, useTransactions=true, transactionSize=10000, commitTransactions=true, durationMillis=60000}
 INFO  [pool-1-thread-1] {org.radargun.stressors.StressTestStressor} Cache wrapper info is: FFWrapper using hazelcast3
[GC 296395K->49985K(2944192K), 0.0292280 secs]
[GC 306113K->44356K(2944192K), 0.0287440 secs]
[GC 300484K->45609K(2944192K), 0.0274270 secs]
[GC 301737K->46332K(2944192K), 0.0309670 secs]
[GC 302460K->48087K(2944192K), 0.0329260 secs]
[GC 304215K->49930K(2944192K), 0.0342350 secs]
[GC 306058K->50138K(2944192K), 0.0362870 secs]
[GC 306266K->51743K(2944192K), 0.0369880 secs]
[GC 307871K->53404K(2944192K), 0.0436570 secs]
[GC 309532K->55032K(2944192K), 0.0502460 secs]
[GC 311160K->56705K(2944192K), 0.0504440 secs]
[GC 312833K->58355K(2944192K), 0.0496740 secs]
[GC 314483K->60053K(2944192K), 0.0401830 secs]
[GC 316181K->61756K(2944192K), 0.0461890 secs]
[GC 317884K->63469K(2944192K), 0.0587780 secs]
[GC 319597K->62931K(2944192K), 0.0533650 secs]
[GC 319059K->64056K(2944192K), 0.0359990 secs]
[GC 320184K->65265K(2944192K), 0.0364720 secs]
[GC 321393K->66453K(2944192K), 0.0368540 secs]
[GC 322581K->67679K(2944192K), 0.0376230 secs]
[GC 323807K->68908K(2944192K), 0.0377820 secs]
[GC 325036K->70191K(2944192K), 0.0386970 secs]
[GC 326319K->71548K(2944192K), 0.0371480 secs]
[GC 327676K->72786K(2944192K), 0.0393510 secs]
[GC 328914K->74105K(2944192K), 0.0369140 secs]
[GC 330233K->79845K(2944192K), 0.0378380 secs]
[GC 335973K->81182K(2944192K), 0.0350720 secs]
[GC 337310K->77962K(2944192K), 0.0357610 secs]
[GC 334090K->79259K(2944192K), 0.0381370 secs]
[GC 335387K->80496K(2944192K), 0.0359650 secs]
[GC 336624K->81838K(2944192K), 0.0369040 secs]
[GC 337966K->83090K(2944192K), 0.0382710 secs]
[GC 339218K->84215K(2944192K), 0.0358600 secs]
[GC 340343K->90056K(2944192K), 0.0354530 secs]
[GC 346184K->86664K(2944192K), 0.0359370 secs]
[GC 342792K->87953K(2944192K), 0.0487660 secs]
[GC 344081K->89214K(2944192K), 0.0458240 secs]
[GC 345342K->94973K(2944192K), 0.0346970 secs]
[GC 351101K->91591K(2944192K), 0.0374310 secs]
[GC 347719K->92858K(2944192K), 0.0440460 secs]
[GC 348986K->98564K(2944192K), 0.0373360 secs]
[GC 354692K->95161K(2944192K), 0.0362400 secs]
[GC 349502K->100862K(2944192K), 0.0379510 secs]
[GC 356990K->102042K(2944192K), 0.0380400 secs]
[GC 358170K->98802K(2944192K), 0.0339330 secs]
[GC 354930K->100098K(2944192K), 0.0351480 secs]
[GC 356226K->105653K(2944192K), 0.0379030 secs]
[GC 361781K->111561K(2944192K), 0.0367710 secs]
[GC 367689K->106644K(2944192K), 0.0480680 secs]
[GC 362772K->111473K(2944192K), 0.0346740 secs]
[GC 367601K->110563K(2944192K), 0.0367000 secs]
[GC 366691K->112350K(2944192K), 0.0362110 secs]
[GC 368478K->113713K(2944192K), 0.0357240 secs]
[GC 369841K->110272K(2944192K), 0.0393960 secs]
[GC 366400K->111614K(2944192K), 0.0365240 secs]
[GC 367742K->117488K(2944192K), 0.0537450 secs]
[GC 373616K->114045K(2944192K), 0.0404460 secs]
[GC 370173K->115348K(2944192K), 0.0391340 secs]
[GC 371476K->116486K(2944192K), 0.0408720 secs]
[GC 372614K->117667K(2944192K), 0.0401760 secs]
[GC 373795K->118871K(2944192K), 0.0406110 secs]
[GC 374999K->120216K(2944192K), 0.0400200 secs]
[GC 376344K->121418K(2944192K), 0.0378070 secs]
[GC 377546K->122653K(2944192K), 0.0467110 secs]
[GC 378781K->123779K(2944192K), 0.0356210 secs]
[GC 379907K->129374K(2944192K), 0.0364330 secs]
[GC 385502K->134994K(2944192K), 0.0402720 secs]
[GC 391122K->127141K(2944192K), 0.0389040 secs]
[GC 383269K->134371K(2944192K), 0.0435820 secs]
[GC 390499K->133424K(2944192K), 0.0381760 secs]
[GC 389552K->134921K(2944192K), 0.0339510 secs]
[GC 391049K->136313K(2944192K), 0.0357640 secs]
[GC 392441K->137451K(2944192K), 0.0393270 secs]
[GC 393579K->138661K(2944192K), 0.0417350 secs]
[GC 394789K->139832K(2944192K), 0.0351970 secs]
[GC 395960K->141113K(2944192K), 0.0370890 secs]
[GC 397241K->146648K(2944192K), 0.0374120 secs]
[GC 402776K->138953K(2944192K), 0.0363950 secs]
[GC 395081K->146187K(2944192K), 0.0384980 secs]
[GC 402315K->145238K(2944192K), 0.0352390 secs]
 INFO  [pool-1-thread-1] {org.radargun.stressors.StressTestStressor} Started 4 stressor threads.
 INFO  [Stressor-0] {org.radargun.stressors.StressTestStressor} Number of ops executed so far: 1. Elapsed time: 0.000 secs. Remaining: 1 mins 0 secs. Total: 1 mins 0 secs
[GC 401366K->155868K(2944192K), 0.0363690 secs]
[GC 411996K->159553K(2944192K), 0.0391890 secs]
[GC 415681K->165310K(2944192K), 0.0401430 secs]
[GC 421438K->175466K(2944192K), 0.0367760 secs]
[GC 431594K->162609K(2944192K), 0.0421650 secs]
 INFO  [Stressor-2] {org.radargun.stressors.StressTestStressor} Number of ops executed so far: 30000. Elapsed time: 20.146 secs. Remaining: 39.854 secs. Total: 1 mins 0 secs
[GC 418737K->170814K(2944192K), 0.0397010 secs]
[GC 426942K->178361K(2944192K), 0.0412110 secs]
[GC 434489K->190080K(2944192K), 0.0413700 secs]
[GC 446208K->169214K(2944192K), 0.0376500 secs]
[GC 425342K->175916K(2944192K), 0.0400820 secs]
 INFO  [Stressor-0] {org.radargun.stressors.StressTestStressor} Number of ops executed so far: 50000. Elapsed time: 42.203 secs. Remaining: 17.797 secs. Total: 1 mins 0 secs
[GC 432044K->199040K(2944192K), 0.0421760 secs]
[GC 455168K->176764K(2944192K), 0.0412450 secs]
[GC 432892K->201351K(2944192K), 0.0402860 secs]
[GC 457479K->180480K(2944192K), 0.0461350 secs]
[GC 436608K->208004K(2944192K), 0.0447800 secs]
[GC 464132K->188620K(2944192K), 0.0429840 secs]
 INFO  [Stressor-1] {org.radargun.stressors.StressTestStressor} Number of ops executed so far: 130000. Elapsed time: 1 mins 4 secs. Remaining: 0.000 secs. Total: 1 mins 0 secs
[GC 444748K->194606K(2944192K), 0.0444280 secs]
[GC 450734K->198308K(2944192K), 0.0396640 secs]
 INFO  [pool-1-thread-1] {org.radargun.stressors.StressTestStressor} Finished generating report. Test duration is: 6 mins 52 secs
 INFO  [pool-1-thread-1] {org.radargun.stages.StressTestStage} size info: FFWrapper using hazelcast3, clusterSize:12, nodeIndex:6, cacheSize: -1
 INFO  [pool-1-thread-1] {org.radargun.Slave} Finished stage: StressTest {bulkSize=1, cacheSpecificKeyGenerator=false, commitTransactions=true, duration=1 mins 0 secs, entrySize=1000, exitBenchmarkOnSlaveFailure=false, fixedKeys=true, generateHistogramRange=false, keyGeneratorClass=org.radargun.stressors.StringKeyGenerator, keyGeneratorParam=null, loadAllKeys=false, numEntries=10000, numOfThreads=4, numRequests=10000000, numThreads=4, numberOfAttributes=10000, numberOfRequests=10000000, opsCountStatusLog=500000, poolKeys=true, preferAsyncOperations=false, removePercentage=0, replaceInvalidPercentage=40, runOnAllSlaves=false, sharedKeys=false, sizeOfAnAttribute=1000, slaves=null, transactionSize=10000, useAtomics=false, useHistogramStatistics=false, useSimpleStatistics=true, useSmartClassLoading=true, useTransactions=true, writePercentage=10, writeTxPercentage=50 }
 INFO  [main] {org.radargun.Slave} Ack successfully sent to the master
[GC 454436K->189935K(2944192K), 0.0431570 secs]
[GC 446063K->190081K(2944192K), 0.0392470 secs]
[GC 446209K->191267K(2944192K), 0.0392250 secs]
[GC 447395K->183359K(2944192K), 0.0392690 secs]
[GC 439487K->191260K(2944192K), 0.0388510 secs]
[GC 447388K->198580K(2944192K), 0.0440700 secs]
[GC 454708K->192180K(2944192K), 0.0468560 secs]
[GC 448308K->193358K(2944192K), 0.0415850 secs]
[GC 449486K->198710K(2944192K), 0.0384150 secs]
[GC 454838K->193836K(2944192K), 0.0411370 secs]
[GC 449964K->192411K(2944192K), 0.0417410 secs]
[GC 448539K->193595K(2944192K), 0.0393090 secs]
[GC 449723K->193370K(2944192K), 0.0397970 secs]
[GC 449498K->193862K(2944192K), 0.0334810 secs]
[GC 449990K->194439K(2944192K), 0.0353720 secs]
[GC 450567K->194163K(2944192K), 0.0374380 secs]
[GC 450291K->194706K(2944192K), 0.0349060 secs]
[GC 450834K->201428K(2944192K), 0.0315610 secs]
[GC 457556K->198148K(2944192K), 0.0404470 secs]
[GC 454276K->198499K(2944192K), 0.0376460 secs]
[GC 454627K->200593K(2944192K), 0.0335020 secs]
[GC 456721K->201773K(2944192K), 0.0668830 secs]
[GC 457901K->199637K(2944192K), 0.0373000 secs]
[GC 455765K->200504K(2944192K), 0.0490860 secs]
[GC 456632K->204387K(2944192K), 0.0360770 secs]
[GC 460515K->205207K(2944192K), 0.0388820 secs]
[GC 461335K->206053K(2944192K), 0.0318260 secs]
[GC 462181K->206967K(2944192K), 0.0310210 secs]
[GC 463095K->207715K(2944192K), 0.0348230 secs]
[GC 463843K->208476K(2944192K), 0.0343990 secs]
[GC 464604K->209261K(2944192K), 0.0381630 secs]
[GC 465389K->213107K(2944192K), 0.0385030 secs]
[GC 469235K->207841K(2944192K), 0.0324000 secs]
[GC 463969K->212783K(2944192K), 0.0511340 secs]
[GC 468911K->212133K(2944192K), 0.0335140 secs]
[GC 468261K->213290K(2944192K), 0.0365500 secs]
[GC 469418K->214101K(2944192K), 0.0321180 secs]
[GC 470229K->214964K(2944192K), 0.0315330 secs]
[GC 471092K->215714K(2944192K), 0.0333110 secs]
[GC 471842K->216547K(2944192K), 0.0326790 secs]
[GC 472675K->218173K(2944192K), 0.0448740 secs]
[GC 474301K->227254K(2944192K), 0.0383770 secs]
[GC 483382K->219022K(2944192K), 0.0392210 secs]
[GC 475150K->231149K(2944192K), 0.0359610 secs]
[GC 487277K->232396K(2944192K), 0.0418340 secs]
[GC 488524K->231237K(2944192K), 0.0391160 secs]
[GC 487365K->239202K(2944192K), 0.0438510 secs]
[GC 495330K->247881K(2944192K), 0.0392940 secs]
[GC 504009K->233494K(2944192K), 0.0394900 secs]
[GC 489622K->250191K(2944192K), 0.0396930 secs]
[GC 506319K->237045K(2944192K), 0.0380540 secs]
[GC 493173K->256072K(2944192K), 0.0381930 secs]
[GC 512200K->241386K(2944192K), 0.0396900 secs]
[GC 497514K->260626K(2944192K), 0.0438240 secs]
[GC 516754K->244575K(2944192K), 0.0406790 secs]
[GC 500703K->263401K(2944192K), 0.0421660 secs]
[GC 519529K->247135K(2944192K), 0.0401410 secs]
[GC 503263K->257536K(2944192K), 0.0415950 secs]
[GC 513664K->248241K(2944192K), 0.0391900 secs]
[GC 504369K->257488K(2944192K), 0.0393400 secs]
[GC 513616K->249193K(2944192K), 0.0385460 secs]
[GC 505321K->252751K(2944192K), 0.0378550 secs]
[GC 508879K->250508K(2944192K), 0.0403610 secs]
[GC 506636K->251377K(2944192K), 0.0353490 secs]
[GC 507505K->247771K(2944192K), 0.0347420 secs]
[GC 503899K->248423K(2944192K), 0.0352500 secs]
[GC 504551K->249377K(2944192K), 0.0392190 secs]
[GC 505505K->251571K(2944192K), 0.0341290 secs]
[GC 507699K->251613K(2944192K), 0.0336670 secs]
[GC 507741K->252264K(2944192K), 0.0328850 secs]
[GC 508392K->255794K(2944192K), 0.0295560 secs]
[GC 511922K->253675K(2944192K), 0.0327780 secs]
[GC 509803K->254423K(2944192K), 0.0451490 secs]
[GC 510551K->260894K(2944192K), 0.0355700 secs]
[GC 517022K->257786K(2944192K), 0.0364930 secs]
[GC 513914K->258087K(2944192K), 0.0354120 secs]
[GC 514215K->257269K(2944192K), 0.0342120 secs]
[GC 513397K->258286K(2944192K), 0.0386880 secs]
[GC 514414K->259126K(2944192K), 0.0363450 secs]
[GC 515254K->262792K(2944192K), 0.0311830 secs]
[GC 518920K->266471K(2944192K), 0.0359850 secs]
[GC 522599K->263303K(2944192K), 0.0318570 secs]
[GC 519431K->263530K(2944192K), 0.0357470 secs]
[GC 519658K->262725K(2944192K), 0.0354460 secs]
[GC 518853K->263811K(2944192K), 0.0320160 secs]
[GC 519939K->264587K(2944192K), 0.0337650 secs]
[GC 520715K->265449K(2944192K), 0.0378100 secs]
[GC 521577K->266278K(2944192K), 0.0366740 secs]
[GC 522406K->267079K(2944192K), 0.0329090 secs]
[GC 523207K->267824K(2944192K), 0.0369850 secs]
[GC 523952K->268608K(2944192K), 0.0384060 secs]
[GC 524736K->269452K(2944192K), 0.0353070 secs]
[GC 525580K->273109K(2944192K), 0.0346450 secs]
[GC 529237K->270991K(2944192K), 0.0355990 secs]
[GC 527119K->271742K(2944192K), 0.0346970 secs]
[GC 527870K->275500K(2944192K), 0.0385200 secs]
[GC 531628K->276333K(2944192K), 0.0314550 secs]
[GC 532461K->274166K(2944192K), 0.0347020 secs]
[GC 530294K->274947K(2944192K), 0.0356970 secs]
[GC 531075K->278654K(2944192K), 0.0377040 secs]
[GC 534782K->279496K(2944192K), 0.0367730 secs]
[GC 535624K->277335K(2944192K), 0.0392520 secs]
[GC 533463K->278079K(2944192K), 0.0360490 secs]
[GC 534207K->281850K(2944192K), 0.0364890 secs]
[GC 537978K->279725K(2944192K), 0.0328860 secs]
[GC 535853K->280522K(2944192K), 0.0368420 secs]
[GC 536650K->284321K(2944192K), 0.0321920 secs]
[GC 540449K->282236K(2944192K), 0.0332310 secs]
[GC 538364K->283049K(2944192K), 0.0372370 secs]
[GC 539177K->283851K(2944192K), 0.0349090 secs]
[GC 539979K->290619K(2944192K), 0.0360020 secs]
[GC 546747K->287332K(2944192K), 0.0337240 secs]
[GC 543460K->290223K(2944192K), 0.0353070 secs]
[GC 546351K->286722K(2944192K), 0.0374640 secs]
[GC 542850K->290783K(2944192K), 0.0345640 secs]
[GC 546911K->288648K(2944192K), 0.0329980 secs]
[GC 544776K->289461K(2944192K), 0.0330830 secs]
[GC 545589K->293432K(2944192K), 0.0349420 secs]
[GC 549560K->291119K(2944192K), 0.0361340 secs]
[GC 547247K->294992K(2944192K), 0.0327380 secs]
[GC 551120K->292817K(2944192K), 0.0335380 secs]
[GC 548945K->293628K(2944192K), 0.0387680 secs]
[GC 549756K->294455K(2944192K), 0.0358260 secs]
[GC 550583K->298284K(2944192K), 0.0336720 secs]
[GC 554412K->296031K(2944192K), 0.0357190 secs]
[GC 552159K->296926K(2944192K), 0.0352550 secs]
[GC 553054K->297707K(2944192K), 0.0380000 secs]
[GC 553835K->298556K(2944192K), 0.0370230 secs]
[GC 554684K->302444K(2944192K), 0.0300080 secs]
[GC 558572K->300234K(2944192K), 0.0384050 secs]
[GC 556362K->301006K(2944192K), 0.0357410 secs]
[GC 557134K->301833K(2944192K), 0.0346140 secs]
[GC 557961K->305713K(2944192K), 0.0329640 secs]
[GC 561841K->303511K(2944192K), 0.0360000 secs]
[GC 559639K->304323K(2944192K), 0.0376790 secs]
[GC 560451K->308281K(2944192K), 0.0387820 secs]
[GC 564409K->306085K(2944192K), 0.0352810 secs]
[GC 562213K->312939K(2944192K), 0.0335220 secs]
[GC 569067K->309541K(2944192K), 0.0360570 secs]
[GC 565669K->312520K(2944192K), 0.0394550 secs]
[GC 568648K->308866K(2944192K), 0.0377030 secs]
[GC 564994K->309925K(2944192K), 0.0377120 secs]
[GC 566053K->313906K(2944192K), 0.0319730 secs]
[GC 570034K->311705K(2944192K), 0.0398290 secs]
[GC 567833K->312530K(2944192K), 0.0369080 secs]
[GC 568658K->313246K(2944192K), 0.0357370 secs]
[GC 569374K->317210K(2944192K), 0.0333850 secs]
[GC 573338K->321097K(2944192K), 0.0332750 secs]
[GC 577225K->317699K(2944192K), 0.0380550 secs]
[GC 573827K->320758K(2944192K), 0.0324560 secs]
[GC 576886K->320062K(2944192K), 0.0361410 secs]
[GC 576190K->321076K(2944192K), 0.0312510 secs]
[GC 577204K->322171K(2944192K), 0.0328200 secs]
[GC 578299K->319860K(2944192K), 0.0379860 secs]
[GC 575988K->320728K(2944192K), 0.0359040 secs]
[GC 576856K->321516K(2944192K), 0.0341010 secs]
[GC 577644K->322341K(2944192K), 0.0341250 secs]
[GC 578469K->326214K(2944192K), 0.0319730 secs]
[GC 582342K->327027K(2944192K), 0.0392140 secs]
[GC 583155K->324802K(2944192K), 0.0354020 secs]
[GC 580930K->325587K(2944192K), 0.0374400 secs]
[GC 581715K->326386K(2944192K), 0.0355260 secs]
[GC 582514K->327136K(2944192K), 0.0329330 secs]
[GC 583264K->327925K(2944192K), 0.0365890 secs]
[GC 584053K->328725K(2944192K), 0.0388350 secs]
[GC 584853K->329586K(2944192K), 0.0368350 secs]
[GC 585714K->330448K(2944192K), 0.0383940 secs]
[GC 586576K->334266K(2944192K), 0.0332010 secs]
[GC 590394K->332028K(2944192K), 0.0386030 secs]
[GC 588156K->335839K(2944192K), 0.0320900 secs]
[GC 591967K->333611K(2944192K), 0.0313950 secs]
[GC 589739K->337508K(2944192K), 0.0346800 secs]
[GC 593636K->335320K(2944192K), 0.0401020 secs]
[GC 591448K->339160K(2944192K), 0.0332150 secs]
[GC 595288K->339945K(2944192K), 0.0330250 secs]
[GC 596073K->340713K(2944192K), 0.0317530 secs]
[GC 596841K->341470K(2944192K), 0.0319740 secs]
[GC 597598K->339312K(2944192K), 0.0384540 secs]
[GC 595440K->343280K(2944192K), 0.0302990 secs]
[GC 599408K->344126K(2944192K), 0.0365890 secs]
[GC 600254K->344965K(2944192K), 0.0351440 secs]
[GC 601093K->345806K(2944192K), 0.0312790 secs]
[GC 601934K->343481K(2944192K), 0.0389500 secs]
[GC 599609K->344258K(2944192K), 0.0333990 secs]
[GC 600386K->348178K(2944192K), 0.0321160 secs]
[GC 604306K->346011K(2944192K), 0.0327550 secs]
[GC 602139K->349941K(2944192K), 0.0342960 secs]
[GC 606069K->347676K(2944192K), 0.0375660 secs]
[GC 603804K->351574K(2944192K), 0.0357350 secs]
[GC 607702K->349261K(2944192K), 0.0337060 secs]
[GC 605389K->353139K(2944192K), 0.0329410 secs]
[GC 609267K->354088K(2944192K), 0.0333940 secs]
[GC 610216K->351867K(2944192K), 0.0398690 secs]
[GC 607995K->355787K(2944192K), 0.0336510 secs]
[GC 611915K->356576K(2944192K), 0.0314110 secs]
[GC 612704K->357393K(2944192K), 0.0344380 secs]
[GC 613521K->358203K(2944192K), 0.0312170 secs]
[GC 614331K->355887K(2944192K), 0.0379230 secs]
[GC 612015K->356799K(2944192K), 0.0395830 secs]
[GC 612927K->360870K(2944192K), 0.0407310 secs]
[GC 616998K->361644K(2944192K), 0.0347570 secs]
[GC 617772K->362354K(2944192K), 0.0356100 secs]
[GC 618482K->360118K(2944192K), 0.0353060 secs]
[GC 616246K->364064K(2944192K), 0.0320370 secs]
[GC 620192K->361855K(2944192K), 0.0369560 secs]
[GC 617983K->362747K(2944192K), 0.0374600 secs]
[GC 618875K->363623K(2944192K), 0.0339130 secs]
[GC 619751K->367529K(2944192K), 0.0336360 secs]
[GC 623657K->368297K(2944192K), 0.0400690 secs]
[GC 624425K->366052K(2944192K), 0.0398310 secs]
[GC 622180K->366950K(2944192K), 0.0381680 secs]
[GC 623078K->367680K(2944192K), 0.0349550 secs]
[GC 623808K->371840K(2944192K), 0.0352340 secs]
[GC 627968K->369518K(2944192K), 0.0405580 secs]
[GC 625646K->373440K(2944192K), 0.0336440 secs]
[GC 629568K->374261K(2944192K), 0.0359600 secs]
[GC 630389K->375178K(2944192K), 0.0355630 secs]
[GC 631306K->372929K(2944192K), 0.0484850 secs]
[GC 629057K->373735K(2944192K), 0.0379260 secs]
[GC 629863K->377716K(2944192K), 0.0345300 secs]
[GC 633844K->381654K(2944192K), 0.0320450 secs]
[GC 637782K->376199K(2944192K), 0.0350740 secs]
[GC 632327K->381310K(2944192K), 0.0353960 secs]
[GC 637438K->380737K(2944192K), 0.0350030 secs]
[GC 636865K->378714K(2944192K), 0.0373470 secs]
[GC 634842K->379569K(2944192K), 0.0410100 secs]
[GC 635697K->380469K(2944192K), 0.0378970 secs]
[GC 636597K->381239K(2944192K), 0.0392310 secs]
[GC 637367K->385156K(2944192K), 0.0339750 secs]
[GC 641284K->386118K(2944192K), 0.0349740 secs]
[GC 642246K->383770K(2944192K), 0.0361280 secs]
[GC 639898K->384625K(2944192K), 0.0355590 secs]
[GC 640753K->385460K(2944192K), 0.0383860 secs]
[GC 641588K->386268K(2944192K), 0.0339000 secs]
[GC 642396K->393369K(2944192K), 0.0344910 secs]
[GC 649497K->390013K(2944192K), 0.0416980 secs]
[GC 646141K->393056K(2944192K), 0.0365210 secs]
[GC 649184K->392457K(2944192K), 0.0362030 secs]
[GC 648585K->393641K(2944192K), 0.0399240 secs]
[GC 649769K->394503K(2944192K), 0.0422330 secs]
[GC 650631K->392220K(2944192K), 0.0368160 secs]
[GC 648348K->393051K(2944192K), 0.0418840 secs]
[GC 649179K->397051K(2944192K), 0.0342680 secs]
[GC 653179K->397969K(2944192K), 0.0341500 secs]
[GC 654097K->401910K(2944192K), 0.0334470 secs]
[GC 658038K->398359K(2944192K), 0.0322340 secs]
[GC 654487K->395767K(2944192K), 0.0355950 secs]
[GC 651895K->400692K(2944192K), 0.0372310 secs]
[GC 656820K->404977K(2944192K), 0.0342920 secs]
[GC 661105K->401672K(2944192K), 0.0319770 secs]
[GC 657800K->404783K(2944192K), 0.0330650 secs]
[GC 660911K->401081K(2944192K), 0.0393040 secs]
[GC 657209K->405328K(2944192K), 0.0350290 secs]
[GC 661456K->406167K(2944192K), 0.0352330 secs]
[GC 662295K->403947K(2944192K), 0.0356210 secs]
[GC 660075K->404829K(2944192K), 0.0362960 secs]
[GC 660957K->405627K(2944192K), 0.0414740 secs]
[GC 661755K->409697K(2944192K), 0.0328030 secs]
[GC 665825K->407366K(2944192K), 0.0389600 secs]
[GC 663494K->414574K(2944192K), 0.0320940 secs]
[GC 670702K->411080K(2944192K), 0.0362260 secs]
[GC 667208K->411362K(2944192K), 0.0366040 secs]
[GC 667490K->410373K(2944192K), 0.0383030 secs]
[GC 666501K->417947K(2944192K), 0.0335740 secs]
[GC 674075K->414502K(2944192K), 0.0388120 secs]
[GC 670630K->414766K(2944192K), 0.0376760 secs]
[GC 670894K->413845K(2944192K), 0.0378870 secs]
[GC 669973K->414986K(2944192K), 0.0390300 secs]
[GC 671114K->419129K(2944192K), 0.0337530 secs]
[GC 675257K->416838K(2944192K), 0.0413640 secs]
[GC 672966K->420853K(2944192K), 0.0343300 secs]
[GC 676981K->423318K(2944192K), 0.0365590 secs]
[GC 679446K->430352K(2944192K), 0.0371250 secs]
[GC 686480K->438471K(2944192K), 0.0407850 secs]
[GC 694599K->428237K(2944192K), 0.0371440 secs]
[GC 684365K->443555K(2944192K), 0.0456480 secs]
[GC 699683K->445126K(2944192K), 0.0461640 secs]
[GC 701254K->455315K(2944192K), 0.0416850 secs]
[GC 711443K->443818K(2944192K), 0.0437570 secs]
[GC 699946K->458620K(2944192K), 0.0452080 secs]
[GC 714748K->448455K(2944192K), 0.0436130 secs]
[GC 704583K->465677K(2944192K), 0.0389370 secs]
[GC 721805K->448668K(2944192K), 0.0457830 secs]
[GC 704796K->461626K(2944192K), 0.0436010 secs]
[GC 717754K->459101K(2944192K), 0.0434730 secs]
[GC 715229K->462106K(2944192K), 0.0415700 secs]
[GC 718234K->455790K(2944192K), 0.0433070 secs]
[GC 711918K->464117K(2944192K), 0.0415640 secs]
[GC 720245K->450579K(2944192K), 0.0445160 secs]
[GC 706707K->458365K(2944192K), 0.0456410 secs]
[GC 714493K->459054K(2944192K), 0.0428260 secs]
[GC 715182K->459543K(2944192K), 0.0389080 secs]
[GC 715671K->460238K(2944192K), 0.0389800 secs]
[GC 716366K->460868K(2944192K), 0.0375470 secs]
[GC 716996K->461598K(2944192K), 0.0410920 secs]
[GC 717726K->462406K(2944192K), 0.0416500 secs]
[GC 718534K->464926K(2944192K), 0.0346970 secs]
[GC 721054K->461335K(2944192K), 0.0386480 secs]
[GC 717463K->462180K(2944192K), 0.0363920 secs]
[GC 718308K->463124K(2944192K), 0.0381800 secs]
[GC 719252K->464134K(2944192K), 0.0416870 secs]
[GC 720262K->465171K(2944192K), 0.0426600 secs]
[GC 721299K->469954K(2944192K), 0.0424350 secs]
[GC 726082K->470874K(2944192K), 0.0418610 secs]
[GC 727002K->471953K(2944192K), 0.0394230 secs]
[GC 728081K->469200K(2944192K), 0.0386540 secs]
[GC 725328K->470180K(2944192K), 0.0355330 secs]
[GC 726308K->478554K(2944192K), 0.0394660 secs]
[GC 734682K->472152K(2944192K), 0.0376500 secs]
[GC 728280K->481475K(2944192K), 0.0367330 secs]
[GC 737603K->473328K(2944192K), 0.0568190 secs]
[GC 729456K->483165K(2944192K), 0.0371200 secs]
[GC 739293K->477458K(2944192K), 0.0384980 secs]
[GC 733586K->481756K(2944192K), 0.0369490 secs]
[GC 737884K->477445K(2944192K), 0.0366440 secs]
[GC 733573K->478725K(2944192K), 0.0419400 secs]
[GC 734853K->483439K(2944192K), 0.0352370 secs]
[GC 739567K->484505K(2944192K), 0.0346170 secs]
[GC 740633K->481831K(2944192K), 0.0442880 secs]
[GC 737959K->490102K(2944192K), 0.0372050 secs]
[GC 746230K->483768K(2944192K), 0.0376330 secs]
[GC 739896K->492996K(2944192K), 0.0402610 secs]
[GC 749124K->487304K(2944192K), 0.0465350 secs]
[GC 743432K->491564K(2944192K), 0.0389820 secs]
[GC 747692K->487250K(2944192K), 0.0387580 secs]
[GC 743378K->488604K(2944192K), 0.0415550 secs]
[GC 744732K->493426K(2944192K), 0.0376230 secs]
[GC 749554K->490769K(2944192K), 0.0436620 secs]
[GC 746897K->495330K(2944192K), 0.0439190 secs]
[GC 751458K->492675K(2944192K), 0.0438620 secs]
[GC 748803K->493672K(2944192K), 0.0423360 secs]
[GC 749800K->498376K(2944192K), 0.0393690 secs]
[GC 754504K->499439K(2944192K), 0.0358250 secs]
[GC 755567K->500448K(2944192K), 0.0396170 secs]
[GC 756576K->501429K(2944192K), 0.0340910 secs]
[GC 757557K->506134K(2944192K), 0.0381050 secs]
[GC 762262K->499658K(2944192K), 0.0343370 secs]
[GC 755786K->508887K(2944192K), 0.0374580 secs]
[GC 765015K->503053K(2944192K), 0.0398490 secs]
[GC 759181K->510562K(2944192K), 0.0370660 secs]
[GC 766690K->512164K(2944192K), 0.0379990 secs]
[GC 768292K->520855K(2944192K), 0.0381770 secs]
[GC 776983K->513659K(2944192K), 0.0416540 secs]
[GC 769787K->526711K(2944192K), 0.0437670 secs]
[GC 782839K->528410K(2944192K), 0.0416760 secs]
[GC 784538K->533013K(2944192K), 0.0429760 secs]
[GC 789141K->530568K(2944192K), 0.0478840 secs]
[GC 786696K->541089K(2944192K), 0.0476470 secs]
[GC 797217K->537504K(2944192K), 0.0459210 secs]
[GC 793632K->540380K(2944192K), 0.0458110 secs]
[GC 796508K->542004K(2944192K), 0.0486090 secs]
[GC 798132K->543287K(2944192K), 0.0473480 secs]
[GC 799415K->544445K(2944192K), 0.0447770 secs]
[GC 800573K->545699K(2944192K), 0.0434880 secs]
[GC 801827K->540079K(2944192K), 0.0600420 secs]
[GC 796207K->541556K(2944192K), 0.0482570 secs]
[GC 797684K->542727K(2944192K), 0.0438460 secs]
[GC 798855K->536218K(2944192K), 0.0429760 secs]
[GC 792346K->544239K(2944192K), 0.0446070 secs]
[GC 800367K->544949K(2944192K), 0.0447940 secs]
[GC 801077K->545813K(2944192K), 0.0495420 secs]
[GC 801941K->546409K(2944192K), 0.0434510 secs]
[GC 802537K->547346K(2944192K), 0.0454990 secs]
[GC 803474K->547273K(2944192K), 0.0460340 secs]
[GC 803401K->550737K(2944192K), 0.0358900 secs]
[GC 806865K->551234K(2944192K), 0.0380050 secs]
[GC 807362K->552187K(2944192K), 0.0364940 secs]
[GC 808315K->549233K(2944192K), 0.0475100 secs]
[GC 805361K->554328K(2944192K), 0.0462260 secs]
[GC 810456K->555255K(2944192K), 0.0350560 secs]
[GC 811383K->556358K(2944192K), 0.0440420 secs]
[GC 812486K->557433K(2944192K), 0.0351080 secs]
[GC 813561K->554510K(2944192K), 0.0372160 secs]
[GC 810638K->559509K(2944192K), 0.0435730 secs]
[GC 815637K->568785K(2944192K), 0.0370110 secs]
[GC 824913K->561472K(2944192K), 0.0444070 secs]
[GC 817600K->573668K(2944192K), 0.0377440 secs]
[GC 829796K->576046K(2944192K), 0.0448060 secs]
[GC 832174K->581292K(2944192K), 0.0435590 secs]
[GC 837420K->585979K(2944192K), 0.0720830 secs]
[GC 842107K->590492K(2944192K), 0.0445530 secs]
[GC 846620K->602235K(2944192K), 0.0427670 secs]
[GC 858363K->583166K(2944192K), 0.0453250 secs]
[GC 839294K->597854K(2944192K), 0.0451320 secs]
[GC 853982K->603866K(2944192K), 0.0465350 secs]
[GC 859994K->589473K(2944192K), 0.0464740 secs]
[GC 845601K->610414K(2944192K), 0.0467030 secs]
[GC 866542K->590824K(2944192K), 0.0468050 secs]
[GC 846952K->605164K(2944192K), 0.0444050 secs]
[GC 861292K->603937K(2944192K), 0.0465670 secs]
[GC 860065K->598248K(2944192K), 0.0445660 secs]
[GC 854376K->607842K(2944192K), 0.0454890 secs]
[GC 863970K->618363K(2944192K), 0.0466520 secs]
[GC 874491K->605530K(2944192K), 0.0711060 secs]
[GC 861658K->613341K(2944192K), 0.0488580 secs]
[GC 869469K->628750K(2944192K), 0.0484370 secs]
[GC 884878K->616764K(2944192K), 0.0503750 secs]
[GC 872892K->639051K(2944192K), 0.0509030 secs]
[GC 895179K->619947K(2944192K), 0.0527730 secs]
[GC 876075K->644466K(2944192K), 0.0474190 secs]
[GC 900594K->624686K(2944192K), 0.0510510 secs]
[GC 880814K->648230K(2944192K), 0.0476800 secs]
[GC 904358K->627834K(2944192K), 0.0475820 secs]
[GC 883962K->643327K(2944192K), 0.0484280 secs]
[GC 899455K->640854K(2944192K), 0.0509310 secs]
[GC 896982K->643560K(2944192K), 0.0476230 secs]
[GC 899688K->637176K(2944192K), 0.0491970 secs]
[GC 893304K->639646K(2944192K), 0.0512890 secs]
[GC 895774K->650326K(2944192K), 0.0521100 secs]
[GC 906454K->653806K(2944192K), 0.0494470 secs]
[GC 909934K->667355K(2944192K), 0.0520570 secs]
[GC 923483K->659419K(2944192K), 0.0547050 secs]
[GC 915547K->670592K(2944192K), 0.0602870 secs]
[GC 926720K->679158K(2944192K), 0.0531810 secs]
[GC 935286K->663217K(2944192K), 0.0490300 secs]
[GC 919345K->688264K(2944192K), 0.0485200 secs]
[GC 944392K->666420K(2944192K), 0.0489100 secs]
[GC 922548K->683203K(2944192K), 0.0525360 secs]
[GC 939331K->690528K(2944192K), 0.0483670 secs]
[GC 946656K->673350K(2944192K), 0.0525800 secs]
[GC 929478K->698790K(2944192K), 0.0540960 secs]
[GC 954918K->675538K(2944192K), 0.0532860 secs]
[GC 931666K->702586K(2944192K), 0.0539920 secs]
[GC 958714K->681394K(2944192K), 0.0568470 secs]
[GC 937522K->710426K(2944192K), 0.0545660 secs]
 WARN  [Thread-0] {org.radargun.ShutDownHook} Slave process: unexpected shutdown!
 INFO  [hz._hzInstance_1_FenixFrameworkGroup.IO.thread-in-2] {com.hazelcast.nio.TcpIpConnection} [127.0.0.1]:5708 [FenixFrameworkGroup] Connection [Address[127.0.0.1]:5710] lost. Reason: java.io.EOFException[Remote socket closed!]
 INFO  [hz._hzInstance_1_FenixFrameworkGroup.IO.thread-in-0] {com.hazelcast.nio.TcpIpConnection} [127.0.0.1]:5708 [FenixFrameworkGroup] Connection [Address[127.0.0.1]:5701] lost. Reason: java.io.EOFException[Remote socket closed!]
 INFO  [hz._hzInstance_1_FenixFrameworkGroup.IO.thread-in-1] {com.hazelcast.nio.TcpIpConnection} [127.0.0.1]:5708 [FenixFrameworkGroup] Connection [Address[127.0.0.1]:5711] lost. Reason: java.io.EOFException[Remote socket closed!]
 INFO  [hz._hzInstance_1_FenixFrameworkGroup.IO.thread-in-0] {com.hazelcast.nio.TcpIpConnection} [127.0.0.1]:5708 [FenixFrameworkGroup] Connection [Address[127.0.0.1]:5705] lost. Reason: java.io.EOFException[Remote socket closed!]
 INFO  [hz._hzInstance_1_FenixFrameworkGroup.IO.thread-in-0] {com.hazelcast.nio.TcpIpConnection} [127.0.0.1]:5708 [FenixFrameworkGroup] Connection [Address[127.0.0.1]:5712] lost. Reason: java.io.EOFException[Remote socket closed!]
 INFO  [hz.ShutdownThread] {com.hazelcast.nio.TcpIpConnection} [127.0.0.1]:5708 [FenixFrameworkGroup] Connection [Address[127.0.0.1]:5707] lost. Reason: Socket explicitly closed
 INFO  [hz.ShutdownThread] {com.hazelcast.nio.TcpIpConnection} [127.0.0.1]:5708 [FenixFrameworkGroup] Connection [Address[127.0.0.1]:5706] lost. Reason: Socket explicitly closed
 INFO  [hz._hzInstance_1_FenixFrameworkGroup.IO.thread-in-1] {com.hazelcast.nio.TcpIpConnection} [127.0.0.1]:5708 [FenixFrameworkGroup] Connection [Address[127.0.0.1]:5712] lost. Reason: java.io.EOFException[Remote socket closed!]
 INFO  [hz.ShutdownThread] {com.hazelcast.nio.TcpIpConnection} [127.0.0.1]:5708 [FenixFrameworkGroup] Connection [Address[127.0.0.1]:5709] lost. Reason: Socket explicitly closed
 INFO  [hz.ShutdownThread] {com.hazelcast.nio.TcpIpConnection} [127.0.0.1]:5708 [FenixFrameworkGroup] Connection [Address[127.0.0.1]:5704] lost. Reason: Socket explicitly closed
 INFO  [hz.ShutdownThread] {com.hazelcast.nio.TcpIpConnection} [127.0.0.1]:5708 [FenixFrameworkGroup] Connection [Address[127.0.0.1]:5710] lost. Reason: Socket explicitly closed
 INFO  [hz.ShutdownThread] {com.hazelcast.nio.TcpIpConnection} [127.0.0.1]:5708 [FenixFrameworkGroup] Connection [Address[127.0.0.1]:5703] lost. Reason: Socket explicitly closed
 INFO  [hz.ShutdownThread] {com.hazelcast.nio.TcpIpConnection} [127.0.0.1]:5708 [FenixFrameworkGroup] Connection [Address[127.0.0.1]:5713] lost. Reason: Socket explicitly closed
 INFO  [hz.ShutdownThread] {com.hazelcast.nio.TcpIpConnection} [127.0.0.1]:5708 [FenixFrameworkGroup] Connection [Address[127.0.0.1]:5704] lost. Reason: Socket explicitly closed
 INFO  [hz.ShutdownThread] {com.hazelcast.nio.TcpIpConnection} [127.0.0.1]:5708 [FenixFrameworkGroup] Connection [Address[127.0.0.1]:5706] lost. Reason: Socket explicitly closed
 INFO  [hz.ShutdownThread] {com.hazelcast.nio.TcpIpConnection} [127.0.0.1]:5708 [FenixFrameworkGroup] Connection [Address[127.0.0.1]:5709] lost. Reason: Socket explicitly closed
 INFO  [hz.ShutdownThread] {com.hazelcast.initializer} [127.0.0.1]:5708 [FenixFrameworkGroup] Destroying node initializer.
 INFO  [hz.ShutdownThread] {com.hazelcast.instance.Node} [127.0.0.1]:5708 [FenixFrameworkGroup] Hazelcast Shutdown is completed in 74 ms.
 INFO  [hz._hzInstance_2_dev.IO.thread-in-0] {com.hazelcast.nio.TcpIpConnection} [127.0.0.1]:5718 [dev] Connection [Address[127.0.0.1]:5721] lost. Reason: java.io.EOFException[Remote socket closed!]
 INFO  [hz._hzInstance_2_dev.IO.thread-in-2] {com.hazelcast.nio.TcpIpConnection} [127.0.0.1]:5718 [dev] Connection [Address[127.0.0.1]:5721] lost. Reason: java.io.EOFException[Remote socket closed!]
 INFO  [hz._hzInstance_2_dev.IO.thread-in-1] {com.hazelcast.nio.TcpIpConnection} [127.0.0.1]:5718 [dev] Connection [Address[127.0.0.1]:5722] lost. Reason: java.io.EOFException[Remote socket closed!]
 INFO  [hz._hzInstance_2_dev.IO.thread-in-1] {com.hazelcast.nio.TcpIpConnection} [127.0.0.1]:5718 [dev] Connection [Address[127.0.0.1]:5702] lost. Reason: java.io.EOFException[Remote socket closed!]
 INFO  [hz._hzInstance_2_dev.IO.thread-in-0] {com.hazelcast.nio.TcpIpConnection} [127.0.0.1]:5718 [dev] Connection [Address[127.0.0.1]:5722] lost. Reason: java.io.EOFException[Remote socket closed!]
 INFO  [hz._hzInstance_2_dev.IO.thread-in-0] {com.hazelcast.nio.TcpIpConnection} [127.0.0.1]:5718 [dev] Connection [Address[127.0.0.1]:5724] lost. Reason: java.io.EOFException[Remote socket closed!]
 INFO  [hz._hzInstance_2_dev.IO.thread-in-1] {com.hazelcast.nio.TcpIpConnection} [127.0.0.1]:5718 [dev] Connection [Address[127.0.0.1]:5716] lost. Reason: java.io.EOFException[Remote socket closed!]
 INFO  [hz._hzInstance_2_dev.IO.thread-in-1] {com.hazelcast.nio.TcpIpConnection} [127.0.0.1]:5718 [dev] Connection [Address[127.0.0.1]:5716] lost. Reason: java.io.EOFException[Remote socket closed!]
 INFO  [hz._hzInstance_2_dev.IO.thread-in-1] {com.hazelcast.nio.TcpIpConnection} [127.0.0.1]:5718 [dev] Connection [Address[127.0.0.1]:5723] lost. Reason: java.io.EOFException[Remote socket closed!]
 INFO  [hz._hzInstance_2_dev.IO.thread-in-2] {com.hazelcast.nio.TcpIpConnection} [127.0.0.1]:5718 [dev] Connection [Address[127.0.0.1]:5717] lost. Reason: java.io.EOFException[Remote socket closed!]
 INFO  [hz._hzInstance_2_dev.IO.thread-in-2] {com.hazelcast.nio.TcpIpConnection} [127.0.0.1]:5718 [dev] Connection [Address[127.0.0.1]:5717] lost. Reason: java.io.EOFException[Remote socket closed!]
 INFO  [hz._hzInstance_2_dev.IO.thread-in-1] {com.hazelcast.nio.TcpIpConnection} [127.0.0.1]:5718 [dev] Connection [Address[127.0.0.1]:5715] lost. Reason: java.io.EOFException[Remote socket closed!]
 INFO  [hz._hzInstance_2_dev.IO.thread-in-1] {com.hazelcast.nio.TcpIpConnection} [127.0.0.1]:5718 [dev] Connection [Address[127.0.0.1]:5715] lost. Reason: java.io.EOFException[Remote socket closed!]
 INFO  [hz._hzInstance_2_dev.IO.thread-in-0] {com.hazelcast.nio.TcpIpConnection} [127.0.0.1]:5718 [dev] Connection [Address[127.0.0.1]:5724] lost. Reason: java.io.EOFException[Remote socket closed!]
 INFO  [hz.ShutdownThread] {com.hazelcast.nio.TcpIpConnection} [127.0.0.1]:5718 [dev] Connection [Address[127.0.0.1]:5719] lost. Reason: Socket explicitly closed
 INFO  [hz.ShutdownThread] {com.hazelcast.nio.TcpIpConnection} [127.0.0.1]:5718 [dev] Connection [Address[127.0.0.1]:5723] lost. Reason: Socket explicitly closed
 INFO  [hz.ShutdownThread] {com.hazelcast.nio.TcpIpConnection} [127.0.0.1]:5718 [dev] Connection [Address[127.0.0.1]:5714] lost. Reason: Socket explicitly closed
 INFO  [hz.ShutdownThread] {com.hazelcast.nio.TcpIpConnection} [127.0.0.1]:5718 [dev] Connection [Address[127.0.0.1]:5720] lost. Reason: Socket explicitly closed
 INFO  [hz.ShutdownThread] {com.hazelcast.nio.TcpIpConnection} [127.0.0.1]:5718 [dev] Connection [Address[127.0.0.1]:5714] lost. Reason: Socket explicitly closed
 INFO  [hz.ShutdownThread] {com.hazelcast.nio.TcpIpConnection} [127.0.0.1]:5718 [dev] Connection [Address[127.0.0.1]:5720] lost. Reason: Socket explicitly closed
 INFO  [hz.ShutdownThread] {com.hazelcast.nio.TcpIpConnection} [127.0.0.1]:5718 [dev] Connection [Address[127.0.0.1]:5719] lost. Reason: Socket explicitly closed
 INFO  [hz.ShutdownThread] {com.hazelcast.initializer} [127.0.0.1]:5718 [dev] Destroying node initializer.
 INFO  [hz.ShutdownThread] {com.hazelcast.instance.Node} [127.0.0.1]:5718 [dev] Hazelcast Shutdown is completed in 317 ms.
 INFO  [main] {org.radargun.Slave} Master shutdown!
