/usr/java/jdk1.7.0_21/bin/java -server -Xmx1024M -Xms1024M -Dresolve.dns=false -Djgroups.timer.num_threads=4 -verbose:gc -Xmx5000M -Xms3000M -server -XX:+UseConcMarkSweepGC -XX:+AggressiveOpts -verbose:gc -XX:ParallelGCThreads=4 -XX:NewRatio=5 -XX:SurvivorRatio=2 -Dhazelcast.operation.thread.count=4 -Djava.net.preferIPv4Stack=true -Dlog4j.file.prefix=deimos-esw-28823 -Dbind.address= -Djgroups.bind_addr= -classpath /home/smf/github/radargun/target/distribution/RadarGun-1.1.0-SNAPSHOT/lib/activation-1.1.jar:/home/smf/github/radargun/target/distribution/RadarGun-1.1.0-SNAPSHOT/lib/commons-beanutils-1.8.0.jar:/home/smf/github/radargun/target/distribution/RadarGun-1.1.0-SNAPSHOT/lib/commons-digester-2.0.jar:/home/smf/github/radargun/target/distribution/RadarGun-1.1.0-SNAPSHOT/lib/commons-logging-1.1.1.jar:/home/smf/github/radargun/target/distribution/RadarGun-1.1.0-SNAPSHOT/lib/commons-math-1.2.jar:/home/smf/github/radargun/target/distribution/RadarGun-1.1.0-SNAPSHOT/lib/jboss-transaction-api-1.0.1.GA.jar:/home/smf/github/radargun/target/distribution/RadarGun-1.1.0-SNAPSHOT/lib/jcommon-1.0.15.jar:/home/smf/github/radargun/target/distribution/RadarGun-1.1.0-SNAPSHOT/lib/jfreechart-1.0.12.jar:/home/smf/github/radargun/target/distribution/RadarGun-1.1.0-SNAPSHOT/lib/log4j-1.2.14.jar:/home/smf/github/radargun/target/distribution/RadarGun-1.1.0-SNAPSHOT/lib/mail-1.4.2.jar:/home/smf/github/radargun/target/distribution/RadarGun-1.1.0-SNAPSHOT/lib/radargun-framework-1.1.0-SNAPSHOT.jar:/home/smf/github/radargun/target/distribution/RadarGun-1.1.0-SNAPSHOT/conf org.radargun.Slave -master 127.0.0.1:2103
--------------------------------------------------------------------------------
PerNodeRollingFileAppender::Using file prefix:deimos-esw-28823
 INFO  [main] {org.radargun.Slave} Attempting to connect to master 127.0.0.1:2103
 INFO  [main] {org.radargun.Slave} Successfully established connection with master at: 127.0.0.1:2103
Loading JARS from /home/smf/github/radargun/target/distribution/RadarGun-1.1.0-SNAPSHOT/lib/radargun-framework-1.1.0-SNAPSHOT.jar
 INFO  [pool-1-thread-1] {org.radargun.config.AnnotatedHelper} Loading JARS from /home/smf/github/radargun/target/distribution/RadarGun-1.1.0-SNAPSHOT/lib/radargun-framework-1.1.0-SNAPSHOT.jar
 INFO  [pool-1-thread-1] {org.radargun.config.AnnotatedHelper} Loading JARS from /home/smf/github/radargun/target/distribution/RadarGun-1.1.0-SNAPSHOT/lib/radargun-framework-1.1.0-SNAPSHOT.jar
 INFO  [pool-1-thread-1] {org.radargun.Slave} Executing stage: DestroyWrapper {enforceMemoryThrashHold=true, exitBenchmarkOnSlaveFailure=false, heapDumpDir=null, memoryThreshold=95, runOnAllSlaves=true, slaves=null, useSmartClassLoading=true }
 INFO  [pool-1-thread-1] {org.radargun.stages.DestroyWrapperStage} Received destroy cache wrapper request from master...
 INFO  [pool-1-thread-1] {org.radargun.stages.DestroyWrapperStage} No cache wrapper deployed on this slave, nothing to do.
 INFO  [pool-1-thread-1] {org.radargun.stages.DestroyWrapperStage} Before executing clear, memory looks like this: Memory - free: 2,928,638 kb - max:4,906,688 kb- total:2,944,000 kb
[Full GC 15361K->3631K(2944000K), 0.0718720 secs]
 INFO  [pool-1-thread-1] {org.radargun.stages.DestroyWrapperStage} After executing cleanup, memory looks like this: Memory - free: 2,935,311 kb - max:4,906,688 kb- total:2,944,064 kb
 INFO  [pool-1-thread-1] {org.radargun.Slave} Finished stage: DestroyWrapper {enforceMemoryThrashHold=true, exitBenchmarkOnSlaveFailure=false, heapDumpDir=null, memoryThreshold=95, runOnAllSlaves=true, slaves=null, useSmartClassLoading=true }
 INFO  [main] {org.radargun.Slave} Ack successfully sent to the master
 INFO  [pool-1-thread-1] {org.radargun.Slave} Executing stage: StartCluster {config=ispn52-repl-sync-rc.xml, delayAfterFirstSlaveStarts=5.000 secs, delayBetweenStartingSlaves=0.500 secs, exitBenchmarkOnSlaveFailure=true, expectNumSlaves=null, mayFailOn=null, reachable=null, runOnAllSlaves=false, slaves=null, staggerSlaveStartup=true, useSmartClassLoading=true, validateCluster=true }
 INFO  [pool-1-thread-1] {org.radargun.stages.StartClusterStage}  Startup staggering, starting 10 slaves. This is the slave with index 8. Sleeping for 9000 millis.
 INFO  [pool-1-thread-1] {org.radargun.stages.StartClusterStage} Ack master's StartCluster stage. Local address is: /127.0.0.1. This slave's index is: 8
 INFO  [pool-1-thread-1] {org.radargun.utils.ClassLoadHelper} Creating newInstance org.radargun.cachewrappers.FFWrapper with classloader java.net.URLClassLoader@2527bdee
 INFO  [pool-1-thread-1] {org.radargun.cachewrappers.FFWrapper} config=ispn52-repl-sync-rc.xml, isLocal=false, nodeIndex=8, confAttributes={name=ispn52-repl-sync-rc.xml, decorate=infinispan52}
 INFO  [pool-1-thread-1] {org.radargun.cachewrappers.FFWrapper} Found fenix framework config options in 'rg-fenix-framework-config-options.properties'.
 INFO  [pool-1-thread-1] {org.radargun.cachewrappers.FFWrapper} Setting extra config properties for Fenix Framework.
 INFO  [pool-1-thread-1] {org.radargun.cachewrappers.FFWrapper} Will initialize Fenix Framework with RadarGunDataGridConfig
 TRACE [pool-1-thread-1] {pt.ist.fenixframework.FenixFramework} Static initializer block for FenixFramework class [BEGIN]
 INFO  [pool-1-thread-1] {pt.ist.fenixframework.FenixFramework} Trying auto-initialization with configuration by convention
 INFO  [pool-1-thread-1] {pt.ist.fenixframework.FenixFramework} Resource 'fenix-framework.properties' not found
 DEBUG [pool-1-thread-1] {pt.ist.fenixframework.FenixFramework} Fenix Framework properties after reading default config file:{}
 DEBUG [pool-1-thread-1] {pt.ist.fenixframework.FenixFramework} CurrentBackEndName = jvstm-datagrid
 INFO  [pool-1-thread-1] {pt.ist.fenixframework.FenixFramework} Resource 'fenix-framework-jvstm-datagrid.properties' not found
 DEBUG [pool-1-thread-1] {pt.ist.fenixframework.FenixFramework} Fenix Framework properties after reading backend config file:{}
 DEBUG [pool-1-thread-1] {pt.ist.fenixframework.FenixFramework} Fenix Framework properties after enforcing system properties:{}
 INFO  [pool-1-thread-1] {pt.ist.fenixframework.FenixFramework} Skipping configuration by convention.
 TRACE [pool-1-thread-1] {pt.ist.fenixframework.FenixFramework} Static initializer block for FenixFramework class [END]
 INFO  [pool-1-thread-1] {pt.ist.fenixframework.FenixFramework} Initializing Fenix Framework with config.class=pt.ist.fenixframework.backend.jvstm.datagrid.radargun.RadarGunDataGridConfig
 INFO  [pool-1-thread-1] {pt.ist.fenixframework.backend.jvstm.cluster.JvstmClusterBackEnd} initializeGroupCommunication()
 INFO  [pool-1-thread-1] {com.hazelcast.config.ClasspathXmlConfig} Configuring Hazelcast from 'hazelcast-ff.xml'.
 INFO  [pool-1-thread-1] {com.hazelcast.instance.DefaultAddressPicker} Interfaces is disabled, trying to pick one address from TCP-IP config addresses: [127.0.0.1]
 INFO  [pool-1-thread-1] {com.hazelcast.instance.DefaultAddressPicker} Picked Address[127.0.0.1]:5709, using socket ServerSocket[addr=/0.0.0.0,localport=5709], bind any local is true
 INFO  [pool-1-thread-1] {com.hazelcast.system} [127.0.0.1]:5709 [FenixFrameworkGroup] Hazelcast Community Edition 3.0-RC1 (20130627) starting at Address[127.0.0.1]:5709
 INFO  [pool-1-thread-1] {com.hazelcast.system} [127.0.0.1]:5709 [FenixFrameworkGroup] Copyright (C) 2008-2013 Hazelcast.com
 INFO  [pool-1-thread-1] {com.hazelcast.core.LifecycleService} [127.0.0.1]:5709 [FenixFrameworkGroup] Address[127.0.0.1]:5709 is STARTING
 INFO  [pool-1-thread-1] {com.hazelcast.cluster.TcpIpJoiner} [127.0.0.1]:5709 [FenixFrameworkGroup] Connecting to possible member: Address[127.0.0.1]:5703
 INFO  [pool-1-thread-1] {com.hazelcast.cluster.TcpIpJoiner} [127.0.0.1]:5709 [FenixFrameworkGroup] Connecting to possible member: Address[127.0.0.1]:5702
 INFO  [pool-1-thread-1] {com.hazelcast.cluster.TcpIpJoiner} [127.0.0.1]:5709 [FenixFrameworkGroup] Connecting to possible member: Address[127.0.0.1]:5701
 INFO  [hz._hzInstance_1_FenixFrameworkGroup.cached.thread-3] {com.hazelcast.nio.SocketConnector} [127.0.0.1]:5709 [FenixFrameworkGroup] Connecting to /127.0.0.1:5703, timeout: 0, bind-any: true
 INFO  [hz._hzInstance_1_FenixFrameworkGroup.cached.thread-2] {com.hazelcast.nio.SocketConnector} [127.0.0.1]:5709 [FenixFrameworkGroup] Connecting to /127.0.0.1:5702, timeout: 0, bind-any: true
 INFO  [hz._hzInstance_1_FenixFrameworkGroup.cached.thread-1] {com.hazelcast.nio.SocketConnector} [127.0.0.1]:5709 [FenixFrameworkGroup] Connecting to /127.0.0.1:5701, timeout: 0, bind-any: true
 INFO  [hz._hzInstance_1_FenixFrameworkGroup.cached.thread-3] {com.hazelcast.nio.TcpIpConnectionManager} [127.0.0.1]:5709 [FenixFrameworkGroup] 59961 accepted socket connection from /127.0.0.1:5703
 INFO  [hz._hzInstance_1_FenixFrameworkGroup.cached.thread-2] {com.hazelcast.nio.TcpIpConnectionManager} [127.0.0.1]:5709 [FenixFrameworkGroup] 45743 accepted socket connection from /127.0.0.1:5702
 INFO  [hz._hzInstance_1_FenixFrameworkGroup.cached.thread-1] {com.hazelcast.nio.TcpIpConnectionManager} [127.0.0.1]:5709 [FenixFrameworkGroup] 36026 accepted socket connection from /127.0.0.1:5701
 INFO  [hz._hzInstance_1_FenixFrameworkGroup.cached.thread-3] {com.hazelcast.cluster.ClusterService} [127.0.0.1]:5709 [FenixFrameworkGroup] 

Members [10] {
	Member [127.0.0.1]:5701
	Member [127.0.0.1]:5702
	Member [127.0.0.1]:5704
	Member [127.0.0.1]:5705
	Member [127.0.0.1]:5706
	Member [127.0.0.1]:5703
	Member [127.0.0.1]:5707
	Member [127.0.0.1]:5708
	Member [127.0.0.1]:5709 this
	Member [127.0.0.1]:5710
}

 INFO  [hz._hzInstance_1_FenixFrameworkGroup.cached.thread-1] {com.hazelcast.nio.SocketAcceptor} [127.0.0.1]:5709 [FenixFrameworkGroup] 5709 is accepting socket connection from /127.0.0.1:52854
 INFO  [hz._hzInstance_1_FenixFrameworkGroup.cached.thread-1] {com.hazelcast.nio.TcpIpConnectionManager} [127.0.0.1]:5709 [FenixFrameworkGroup] 5709 accepted socket connection from /127.0.0.1:52854
 INFO  [hz._hzInstance_1_FenixFrameworkGroup.cached.thread-5] {com.hazelcast.nio.SocketAcceptor} [127.0.0.1]:5709 [FenixFrameworkGroup] 5709 is accepting socket connection from /127.0.0.1:44788
 INFO  [hz._hzInstance_1_FenixFrameworkGroup.cached.thread-5] {com.hazelcast.nio.TcpIpConnectionManager} [127.0.0.1]:5709 [FenixFrameworkGroup] 5709 accepted socket connection from /127.0.0.1:44788
 INFO  [hz._hzInstance_1_FenixFrameworkGroup.cached.thread-5] {com.hazelcast.nio.SocketAcceptor} [127.0.0.1]:5709 [FenixFrameworkGroup] 5709 is accepting socket connection from /127.0.0.1:51403
 INFO  [hz._hzInstance_1_FenixFrameworkGroup.cached.thread-5] {com.hazelcast.nio.TcpIpConnectionManager} [127.0.0.1]:5709 [FenixFrameworkGroup] 5709 accepted socket connection from /127.0.0.1:51403
 INFO  [hz._hzInstance_1_FenixFrameworkGroup.cached.thread-5] {com.hazelcast.nio.SocketAcceptor} [127.0.0.1]:5709 [FenixFrameworkGroup] 5709 is accepting socket connection from /127.0.0.1:37971
 INFO  [hz._hzInstance_1_FenixFrameworkGroup.cached.thread-1] {com.hazelcast.nio.SocketConnector} [127.0.0.1]:5709 [FenixFrameworkGroup] Connecting to /127.0.0.1:5704, timeout: 0, bind-any: true
 INFO  [hz._hzInstance_1_FenixFrameworkGroup.cached.thread-5] {com.hazelcast.nio.TcpIpConnectionManager} [127.0.0.1]:5709 [FenixFrameworkGroup] 5709 accepted socket connection from /127.0.0.1:37971
 INFO  [hz._hzInstance_1_FenixFrameworkGroup.cached.thread-1] {com.hazelcast.nio.TcpIpConnectionManager} [127.0.0.1]:5709 [FenixFrameworkGroup] 52455 accepted socket connection from /127.0.0.1:5704
 INFO  [hz._hzInstance_1_FenixFrameworkGroup.cached.thread-8] {com.hazelcast.nio.SocketConnector} [127.0.0.1]:5709 [FenixFrameworkGroup] Connecting to /127.0.0.1:5705, timeout: 0, bind-any: true
 INFO  [hz._hzInstance_1_FenixFrameworkGroup.cached.thread-5] {com.hazelcast.nio.SocketConnector} [127.0.0.1]:5709 [FenixFrameworkGroup] Connecting to /127.0.0.1:5706, timeout: 0, bind-any: true
 INFO  [hz._hzInstance_1_FenixFrameworkGroup.cached.thread-4] {com.hazelcast.nio.SocketAcceptor} [127.0.0.1]:5709 [FenixFrameworkGroup] 5709 is accepting socket connection from /127.0.0.1:38966
 INFO  [hz._hzInstance_1_FenixFrameworkGroup.cached.thread-8] {com.hazelcast.nio.TcpIpConnectionManager} [127.0.0.1]:5709 [FenixFrameworkGroup] 57741 accepted socket connection from /127.0.0.1:5705
 INFO  [hz._hzInstance_1_FenixFrameworkGroup.cached.thread-5] {com.hazelcast.nio.TcpIpConnectionManager} [127.0.0.1]:5709 [FenixFrameworkGroup] 60884 accepted socket connection from /127.0.0.1:5706
 INFO  [hz._hzInstance_1_FenixFrameworkGroup.cached.thread-8] {com.hazelcast.nio.SocketAcceptor} [127.0.0.1]:5709 [FenixFrameworkGroup] 5709 is accepting socket connection from /127.0.0.1:45750
 INFO  [hz._hzInstance_1_FenixFrameworkGroup.cached.thread-4] {com.hazelcast.nio.TcpIpConnectionManager} [127.0.0.1]:5709 [FenixFrameworkGroup] 5709 accepted socket connection from /127.0.0.1:38966
 INFO  [hz._hzInstance_1_FenixFrameworkGroup.cached.thread-8] {com.hazelcast.nio.TcpIpConnectionManager} [127.0.0.1]:5709 [FenixFrameworkGroup] 5709 accepted socket connection from /127.0.0.1:45750
 INFO  [hz._hzInstance_1_FenixFrameworkGroup.cached.thread-7] {com.hazelcast.nio.SocketConnector} [127.0.0.1]:5709 [FenixFrameworkGroup] Connecting to /127.0.0.1:5707, timeout: 0, bind-any: true
 INFO  [hz._hzInstance_1_FenixFrameworkGroup.cached.thread-7] {com.hazelcast.nio.TcpIpConnectionManager} [127.0.0.1]:5709 [FenixFrameworkGroup] 48562 accepted socket connection from /127.0.0.1:5707
 INFO  [pool-1-thread-1] {com.hazelcast.core.LifecycleService} [127.0.0.1]:5709 [FenixFrameworkGroup] Address[127.0.0.1]:5709 is STARTED
 INFO  [pool-1-thread-1] {pt.ist.fenixframework.backend.jvstm.cluster.ClusterUtils} Got (long) serverId: 8
 INFO  [pool-1-thread-1] {pt.ist.fenixframework.backend.jvstm.cluster.JvstmClusterBackEnd} This is NOT the first node.
 INFO  [pool-1-thread-1] {pt.ist.fenixframework.backend.jvstm.cluster.ClusterUtils} Waiting for startup from first node
 INFO  [pool-1-thread-1] {pt.ist.fenixframework.backend.jvstm.JVSTMBackEnd} initializeRepository()
 INFO  [pool-1-thread-1] {pt.ist.fenixframework.backend.jvstm.datagrid.radargun.DataGridDecorator} config=ispn52-repl-sync-rc.xml, isLocal=false, nodeIndex=8, confAttributes={name=ispn52-repl-sync-rc.xml}
 INFO  [pool-1-thread-1] {org.radargun.cachewrappers.InfinispanXSWrapper} Cannot find any site for slave index 8
[GC 259695K->11665K(2944064K), 0.0450100 secs]
 INFO  [pool-1-thread-1] {org.infinispan.remoting.transport.jgroups.JGroupsTransport} ISPN000078: Starting JGroups Channel
 WARN  [pool-1-thread-1] {org.jgroups.protocols.UDP} [JGRP00014] the send buffer of socket DatagramSocket was set to 640KB, but the OS only allocated 229.38KB. This might lead to performance problems. Please set your max send buffer in the OS correctly (e.g. net.core.wmem_max on Linux)
 WARN  [pool-1-thread-1] {org.jgroups.protocols.UDP} [JGRP00014] the receive buffer of socket DatagramSocket was set to 20MB, but the OS only allocated 229.38KB. This might lead to performance problems. Please set your max receive buffer in the OS correctly (e.g. net.core.rmem_max on Linux)
 WARN  [pool-1-thread-1] {org.jgroups.protocols.UDP} [JGRP00014] the send buffer of socket MulticastSocket was set to 640KB, but the OS only allocated 229.38KB. This might lead to performance problems. Please set your max send buffer in the OS correctly (e.g. net.core.wmem_max on Linux)
 WARN  [pool-1-thread-1] {org.jgroups.protocols.UDP} [JGRP00014] the receive buffer of socket MulticastSocket was set to 25MB, but the OS only allocated 229.38KB. This might lead to performance problems. Please set your max receive buffer in the OS correctly (e.g. net.core.rmem_max on Linux)
 INFO  [pool-1-thread-1] {org.infinispan.remoting.transport.jgroups.JGroupsTransport} ISPN000094: Received new cluster view: [deimos-esw-56913|5] [deimos-esw-56913, deimos-esw-24151, deimos-esw-47716, deimos-esw-40944, deimos-esw-26764, deimos-esw-4805, deimos-esw-60537, deimos-esw-49873, deimos-esw-17547]
 INFO  [pool-1-thread-1] {org.infinispan.remoting.transport.jgroups.JGroupsTransport} ISPN000079: Cache local address is deimos-esw-17547, physical addresses are [127.0.0.1:52008]
 INFO  [pool-1-thread-1] {org.infinispan.factories.GlobalComponentRegistry} ISPN000128: Infinispan version: Infinispan 'Delirium' 5.2.6.Final
 INFO  [Incoming-4,deimos-esw-17547] {org.infinispan.remoting.transport.jgroups.JGroupsTransport} ISPN000094: Received new cluster view: [deimos-esw-56913|6] [deimos-esw-56913, deimos-esw-24151, deimos-esw-47716, deimos-esw-40944, deimos-esw-26764, deimos-esw-4805, deimos-esw-60537, deimos-esw-49873, deimos-esw-17547, deimos-esw-20378]
 INFO  [pool-1-thread-1] {org.infinispan.transaction.lookup.JBossStandaloneJTAManagerLookup} ISPN000107: Retrieving transaction manager Transaction: unknown
 INFO  [pool-1-thread-1] {org.infinispan.jmx.CacheJmxRegistration} ISPN000031: MBeans were successfully registered to the platform MBean server.
 INFO  [pool-1-thread-1] {org.radargun.cachewrappers.InfinispanXSWrapper} Using transaction manager: Transaction: unknown
 INFO  [pool-1-thread-1] {org.radargun.cachewrappers.InfinispanXSWrapper} No RELAY2 protocol in XS wrapper
 INFO  [pool-1-thread-1] {org.radargun.cachewrappers.InfinispanXSWrapper} JGroups version: JGroups 3.2.7.Final
 INFO  [pool-1-thread-1] {org.radargun.cachewrappers.InfinispanXSWrapper} Using config attributes: {name=ispn52-repl-sync-rc.xml}
 INFO  [pool-1-thread-1] {pt.ist.fenixframework.backend.jvstm.datagrid.DataGridRepository} Initialization marker is present. Data Grid already existed.
 INFO  [pool-1-thread-1] {pt.ist.fenixframework.backend.jvstm.JVSTMBackEnd} initializeDomainClassInfos
 INFO  [pool-1-thread-1] {pt.ist.fenixframework.backend.jvstm.pstm.DomainClassInfo} serverId: 8, serverOidBase: 8000000000000
 INFO  [pool-1-thread-1] {pt.ist.fenixframework.backend.jvstm.pstm.DomainClassInfo} Existing domain class 'pt.ist.fenixframework.adt.bplustree.InnerNode' with id '8'
 INFO  [pool-1-thread-1] {pt.ist.fenixframework.backend.jvstm.pstm.DomainClassInfo} Existing domain class 'pt.ist.fenixframework.backend.jvstm.pstm.FenixFrameworkData' with id 'd'
 INFO  [pool-1-thread-1] {pt.ist.fenixframework.backend.jvstm.pstm.DomainClassInfo} Existing domain class 'pt.ist.fenixframework.backend.jvstm.pstm.TransactionStatisticsEntry' with id '5'
 INFO  [pool-1-thread-1] {pt.ist.fenixframework.backend.jvstm.pstm.DomainClassInfo} Existing domain class 'pt.ist.fenixframework.adt.bplustree.DomainLeafNode' with id '1'
 INFO  [pool-1-thread-1] {pt.ist.fenixframework.backend.jvstm.pstm.DomainClassInfo} Existing domain class 'pt.ist.fenixframework.adt.linkedlist.ListNode' with id '6'
 INFO  [pool-1-thread-1] {pt.ist.fenixframework.backend.jvstm.pstm.DomainClassInfo} Existing domain class 'pt.ist.fenixframework.adt.bplustree.LeafNode' with id '4'
 INFO  [pool-1-thread-1] {pt.ist.fenixframework.backend.jvstm.pstm.DomainClassInfo} Existing domain class 'pt.ist.fenixframework.adt.bplustree.InnerNodeArray' with id 'b'
 INFO  [pool-1-thread-1] {pt.ist.fenixframework.backend.jvstm.pstm.DomainClassInfo} Existing domain class 'pt.ist.fenixframework.DomainRoot' with id '0'
 INFO  [pool-1-thread-1] {pt.ist.fenixframework.backend.jvstm.pstm.DomainClassInfo} Existing domain class 'pt.ist.fenixframework.adt.bplustree.BPlusTree' with id '7'
 INFO  [pool-1-thread-1] {pt.ist.fenixframework.backend.jvstm.pstm.DomainClassInfo} Existing domain class 'pt.ist.fenixframework.adt.bplustree.AbstractNode' with id 'f'
 INFO  [pool-1-thread-1] {pt.ist.fenixframework.backend.jvstm.pstm.DomainClassInfo} Existing domain class 'pt.ist.fenixframework.adt.bplustree.BPlusTreeArray' with id '2'
 INFO  [pool-1-thread-1] {pt.ist.fenixframework.backend.jvstm.pstm.DomainClassInfo} Existing domain class 'pt.ist.fenixframework.adt.bplustree.AbstractNodeArray' with id 'a'
 INFO  [pool-1-thread-1] {pt.ist.fenixframework.backend.jvstm.pstm.DomainClassInfo} Existing domain class 'pt.ist.fenixframework.adt.linkedlist.LinkedList' with id '9'
 INFO  [pool-1-thread-1] {pt.ist.fenixframework.backend.jvstm.pstm.DomainClassInfo} Existing domain class 'pt.ist.fenixframework.adt.bplustree.DomainBPlusTree' with id 'e'
 INFO  [pool-1-thread-1] {pt.ist.fenixframework.backend.jvstm.pstm.DomainClassInfo} Existing domain class 'pt.ist.fenixframework.adt.bplustree.LeafNodeArray' with id 'c'
 INFO  [pool-1-thread-1] {pt.ist.fenixframework.backend.jvstm.pstm.DomainClassInfo} Existing domain class 'pt.ist.fenixframework.adt.bplustree.DomainInnerNode' with id '3'
 INFO  [pool-1-thread-1] {pt.ist.fenixframework.backend.jvstm.JVSTMBackEnd} setupJVSTM
 INFO  [pool-1-thread-1] {pt.ist.fenixframework.backend.jvstm.JVSTMBackEnd} Setting the last committed TX number to 2
 INFO  [pool-1-thread-1] {pt.ist.fenixframework.backend.jvstm.JVSTMBackEnd} createDomainRootIfNeeded
 INFO  [pool-1-thread-1] {pt.ist.fenixframework.backend.jvstm.JVSTMBackEnd} ensureFenixFrameworkDataExists
 INFO  [pool-1-thread-1] {pt.ist.fenixframework.hibernatesearch.HibernateSearchConfig} Resource 'fenix-framework-hibernate-search.properties' not found. Hibernate Search disabled
 INFO  [pool-1-thread-1] {pt.ist.fenixframework.FenixFramework} Initialization of Fenix Framework is now complete.
 INFO  [pool-1-thread-1] {org.radargun.cachewrappers.FFWrapper} FF STARTED=true
 INFO  [pool-1-thread-1] {org.radargun.stages.helpers.StartHelper} Number of members is the one expected: 10
 INFO  [pool-1-thread-1] {org.radargun.stages.StartClusterStage} Successfully started cache wrapper on slave 8: org.radargun.cachewrappers.FFWrapper@2f97b981
 INFO  [pool-1-thread-1] {org.radargun.Slave} Finished stage: StartCluster {config=ispn52-repl-sync-rc.xml, delayAfterFirstSlaveStarts=5.000 secs, delayBetweenStartingSlaves=0.500 secs, exitBenchmarkOnSlaveFailure=true, expectNumSlaves=null, mayFailOn=null, reachable=null, runOnAllSlaves=false, slaves=null, staggerSlaveStartup=true, useSmartClassLoading=true, validateCluster=true }
 INFO  [main] {org.radargun.Slave} Ack successfully sent to the master
 INFO  [pool-1-thread-1] {org.radargun.Slave} Executing stage: ClusterValidation {exitBenchmarkOnSlaveFailure=false, partialReplication=false, replicationTimeSleep=2000, replicationTryCount=60, runOnAllSlaves=false, slaves=null, useSmartClassLoading=true }
 INFO  [pool-1-thread-1] {org.radargun.stages.ClusterValidationStage} Number of caches that replicated here is 4
 INFO  [pool-1-thread-1] {org.radargun.stages.ClusterValidationStage} Replication test failed, 1 tries so far. Sleeping for 2 seconds and trying again.
 INFO  [pool-1-thread-1] {org.radargun.stages.ClusterValidationStage} Number of caches that replicated here is 9
 INFO  [pool-1-thread-1] {org.radargun.stages.ClusterValidationStage} Replication test successfully passed. partialReplication? false, replicationCount = 9
 INFO  [pool-1-thread-1] {org.radargun.stages.ClusterValidationStage} Confirm phase successful.
 INFO  [pool-1-thread-1] {org.radargun.Slave} Finished stage: ClusterValidation {exitBenchmarkOnSlaveFailure=false, partialReplication=false, replicationTimeSleep=2000, replicationTryCount=60, runOnAllSlaves=false, slaves=[ 0, 1, 2, 3, 4, 5, 6, 7, 8, 9 ], useSmartClassLoading=true }
 INFO  [main] {org.radargun.Slave} Ack successfully sent to the master
 INFO  [pool-1-thread-1] {org.radargun.Slave} Executing stage: StressTestWarmup {bulkSize=1, cacheSpecificKeyGenerator=false, commitTransactions=true, duration=1 mins 0 secs, entrySize=1000, exitBenchmarkOnSlaveFailure=false, fixedKeys=true, generateHistogramRange=false, keyGeneratorClass=org.radargun.stressors.StringKeyGenerator, keyGeneratorParam=null, loadAllKeys=false, numEntries=100, numOfThreads=4, numRequests=10000, numThreads=4, numberOfAttributes=100, numberOfRequests=10000, opsCountStatusLog=100000, poolKeys=true, preferAsyncOperations=false, removePercentage=0, replaceInvalidPercentage=40, runOnAllSlaves=false, sharedKeys=false, sizeOfAnAttribute=1000, slaves=null, transactionSize=50, useAtomics=false, useHistogramStatistics=false, useSimpleStatistics=true, useSmartClassLoading=true, useTransactions=null, writePercentage=20, writeTxPercentage=20 }
 INFO  [pool-1-thread-1] {org.radargun.stages.StressTestWarmupStage} Starting StressTestWarmupStage: StressTestWarmup {bulkSize=1, cacheSpecificKeyGenerator=false, commitTransactions=true, duration=1 mins 0 secs, entrySize=1000, exitBenchmarkOnSlaveFailure=false, fixedKeys=true, generateHistogramRange=false, keyGeneratorClass=org.radargun.stressors.StringKeyGenerator, keyGeneratorParam=null, loadAllKeys=false, numEntries=100, numOfThreads=4, numRequests=10000, numThreads=4, numberOfAttributes=100, numberOfRequests=10000, opsCountStatusLog=100000, poolKeys=true, preferAsyncOperations=false, removePercentage=0, replaceInvalidPercentage=40, runOnAllSlaves=false, sharedKeys=false, sizeOfAnAttribute=1000, slaves=null, transactionSize=50, useAtomics=false, useHistogramStatistics=false, useSimpleStatistics=true, useSmartClassLoading=true, useTransactions=null, writePercentage=20, writeTxPercentage=20 }
 INFO  [pool-1-thread-1] {org.radargun.stressors.StressTestStressor} Using key generator org.radargun.stressors.StringKeyGenerator, param null
 INFO  [pool-1-thread-1] {org.radargun.stressors.StressTestStressor} Executing: StressTestStressor{opsCountStatusLog=100000, numRequests=10000, numEntries=100, entrySize=1000, writePercentage=20, numThreads=4, cacheWrapper=org.radargun.cachewrappers.FFWrapper@2f97b981, nodeIndex=8, useTransactions=true, transactionSize=50, commitTransactions=true, durationMillis=60000}
 INFO  [pool-1-thread-1] {org.radargun.stressors.StressTestStressor} Cache wrapper info is: FFWrapper using infinispan52
[GC 267729K->21040K(2944064K), 0.0565750 secs]
[GC 277104K->17828K(2944064K), 0.0371040 secs]
 INFO  [pool-1-thread-1] {org.radargun.stressors.StressTestStressor} Started 4 stressor threads.
 INFO  [Stressor-3] {org.radargun.stressors.StressTestStressor} Number of ops executed so far: 1. Elapsed time: 0.000 secs. Remaining: 1 mins 0 secs. Total: 1 mins 0 secs
[GC 273892K->21769K(2944064K), 0.0379270 secs]
[GC 277833K->22518K(2944064K), 0.0400310 secs]
[GC 278582K->26750K(2944064K), 0.0395630 secs]
[GC 282814K->36428K(2944064K), 0.0398890 secs]
[GC 292492K->38942K(2944064K), 0.0440790 secs]
 INFO  [Stressor-0] {org.radargun.stressors.StressTestStressor} Number of ops executed so far: 25450. Elapsed time: 20.037 secs. Remaining: 39.963 secs. Total: 1 mins 0 secs
[GC 295006K->46689K(2944064K), 0.0470520 secs]
[GC 302753K->48130K(2944064K), 0.0459630 secs]
[GC 304194K->55755K(2944064K), 0.0476560 secs]
[GC 311819K->63667K(2944064K), 0.0487660 secs]
[GC 319731K->51955K(2944064K), 0.0494350 secs]
 INFO  [Stressor-3] {org.radargun.stressors.StressTestStressor} Number of ops executed so far: 57300. Elapsed time: 40.049 secs. Remaining: 19.951 secs. Total: 1 mins 0 secs
[GC 308019K->66946K(2944064K), 0.0512240 secs]
[GC 323010K->71340K(2944064K), 0.0497120 secs]
[GC 327404K->86330K(2944064K), 0.0682490 secs]
[GC 342394K->74992K(2944064K), 0.0617980 secs]
[GC 331056K->87388K(2944064K), 0.0531780 secs]
[GC 343452K->93501K(2944064K), 0.0537010 secs]
 INFO  [Stressor-2] {org.radargun.stressors.StressTestStressor} Number of ops executed so far: 97500. Elapsed time: 1 mins 0 secs. Remaining: 0.000 secs. Total: 1 mins 0 secs
 INFO  [pool-1-thread-1] {org.radargun.stressors.StressTestStressor} Finished generating report. Test duration is: 1 mins 14 secs
 INFO  [pool-1-thread-1] {org.radargun.stages.StressTestWarmupStage} The warmup took: 74 seconds.
 INFO  [pool-1-thread-1] {org.radargun.Slave} Finished stage: StressTestWarmup {bulkSize=1, cacheSpecificKeyGenerator=false, commitTransactions=true, duration=1 mins 0 secs, entrySize=1000, exitBenchmarkOnSlaveFailure=false, fixedKeys=true, generateHistogramRange=false, keyGeneratorClass=org.radargun.stressors.StringKeyGenerator, keyGeneratorParam=null, loadAllKeys=false, numEntries=100, numOfThreads=4, numRequests=10000, numThreads=4, numberOfAttributes=100, numberOfRequests=10000, opsCountStatusLog=100000, poolKeys=true, preferAsyncOperations=false, removePercentage=0, replaceInvalidPercentage=40, runOnAllSlaves=false, sharedKeys=false, sizeOfAnAttribute=1000, slaves=null, transactionSize=50, useAtomics=false, useHistogramStatistics=false, useSimpleStatistics=true, useSmartClassLoading=true, useTransactions=null, writePercentage=20, writeTxPercentage=20 }
 INFO  [main] {org.radargun.Slave} Ack successfully sent to the master
[GC 349565K->106463K(2944064K), 0.0515410 secs]
[GC 362527K->79878K(2944064K), 0.0514260 secs]
[GC 335942K->96715K(2944064K), 0.0500900 secs]
[GC 352779K->79770K(2944064K), 0.0465010 secs]
[GC 335834K->87881K(2944064K), 0.0488870 secs]
[GC 343945K->89555K(2944064K), 0.0491700 secs]
[GC 345619K->92333K(2944064K), 0.0513460 secs]
[GC 348397K->96801K(2944064K), 0.0518900 secs]
[GC 352865K->101740K(2944064K), 0.0557490 secs]
[GC 357804K->107332K(2944064K), 0.0549880 secs]
[GC 363396K->113216K(2944064K), 0.0538990 secs]
[GC 369280K->118959K(2944064K), 0.0523170 secs]
[GC 375023K->124787K(2944064K), 0.0550540 secs]
[GC 380851K->130635K(2944064K), 0.0567630 secs]
[GC 386699K->138043K(2944064K), 0.0617440 secs]
[GC 394107K->147771K(2944064K), 0.0626980 secs]
 INFO  [pool-1-thread-1] {org.radargun.Slave} Executing stage: ClearClusterStage {ClearCluster {exitBenchmarkOnSlaveFailure=false, runOnAllSlaves=false, slaves=[ 0 ], useSmartClassLoading=true }
 INFO  [pool-1-thread-1] {org.radargun.stages.ClearClusterStage} Before executing clear, memory looks like this: Memory - free: 2,631,921 kb - max:4,906,688 kb- total:2,944,064 kb
[Full GC 312142K->130467K(2944064K), 0.6068630 secs]
 INFO  [pool-1-thread-1] {org.radargun.stages.ClearClusterStage} After executing cleanup, memory looks like this: Memory - free: 2,812,774 kb - max:4,906,688 kb- total:2,944,192 kb
 INFO  [pool-1-thread-1] {org.radargun.Slave} Finished stage: ClearClusterStage {ClearCluster {exitBenchmarkOnSlaveFailure=false, runOnAllSlaves=false, slaves=[ 0 ], useSmartClassLoading=true }
 INFO  [main] {org.radargun.Slave} Ack successfully sent to the master
 INFO  [pool-1-thread-1] {org.radargun.Slave} Executing stage: StressTest {bulkSize=1, cacheSpecificKeyGenerator=false, commitTransactions=true, duration=1 mins 0 secs, entrySize=1000, exitBenchmarkOnSlaveFailure=false, fixedKeys=true, generateHistogramRange=false, keyGeneratorClass=org.radargun.stressors.StringKeyGenerator, keyGeneratorParam=null, loadAllKeys=false, numEntries=10000, numOfThreads=4, numRequests=10000000, numThreads=4, numberOfAttributes=10000, numberOfRequests=10000000, opsCountStatusLog=500000, poolKeys=true, preferAsyncOperations=false, removePercentage=0, replaceInvalidPercentage=40, runOnAllSlaves=false, sharedKeys=false, sizeOfAnAttribute=1000, slaves=null, transactionSize=10000, useAtomics=false, useHistogramStatistics=false, useSimpleStatistics=true, useSmartClassLoading=true, useTransactions=true, writePercentage=10, writeTxPercentage=50 }
 INFO  [pool-1-thread-1] {org.radargun.stages.StressTestStage} Starting StressTestStage: StressTest {bulkSize=1, cacheSpecificKeyGenerator=false, commitTransactions=true, duration=1 mins 0 secs, entrySize=1000, exitBenchmarkOnSlaveFailure=false, fixedKeys=true, generateHistogramRange=false, keyGeneratorClass=org.radargun.stressors.StringKeyGenerator, keyGeneratorParam=null, loadAllKeys=false, numEntries=10000, numOfThreads=4, numRequests=10000000, numThreads=4, numberOfAttributes=10000, numberOfRequests=10000000, opsCountStatusLog=500000, poolKeys=true, preferAsyncOperations=false, removePercentage=0, replaceInvalidPercentage=40, runOnAllSlaves=false, sharedKeys=false, sizeOfAnAttribute=1000, slaves=null, transactionSize=10000, useAtomics=false, useHistogramStatistics=false, useSimpleStatistics=true, useSmartClassLoading=true, useTransactions=true, writePercentage=10, writeTxPercentage=50 }
 INFO  [pool-1-thread-1] {org.radargun.stressors.StressTestStressor} Using key generator org.radargun.stressors.StringKeyGenerator, param null
 INFO  [pool-1-thread-1] {org.radargun.stressors.StressTestStressor} Executing: StressTestStressor{opsCountStatusLog=500000, numRequests=10000000, numEntries=10000, entrySize=1000, writePercentage=10, numThreads=4, cacheWrapper=org.radargun.cachewrappers.FFWrapper@2f97b981, nodeIndex=8, useTransactions=true, transactionSize=10000, commitTransactions=true, durationMillis=60000}
 INFO  [pool-1-thread-1] {org.radargun.stressors.StressTestStressor} Cache wrapper info is: FFWrapper using infinispan52
[GC 386595K->196882K(2944192K), 0.0276170 secs]
[GC 453010K->147581K(2944192K), 0.0268350 secs]
[GC 403709K->138625K(2944192K), 0.0292500 secs]
[GC 394753K->142982K(2944192K), 0.0313770 secs]
[GC 399110K->146217K(2944192K), 0.0316750 secs]
[GC 402345K->147613K(2944192K), 0.0307650 secs]
[GC 403741K->150970K(2944192K), 0.0327660 secs]
[GC 407098K->154055K(2944192K), 0.0344300 secs]
[GC 410183K->157208K(2944192K), 0.0349390 secs]
[GC 413336K->160820K(2944192K), 0.0316680 secs]
[GC 416948K->164841K(2944192K), 0.0356440 secs]
[GC 420969K->163178K(2944192K), 0.0362600 secs]
[GC 419306K->166321K(2944192K), 0.0410250 secs]
[GC 422449K->175787K(2944192K), 0.0377390 secs]
[GC 431915K->172659K(2944192K), 0.0418240 secs]
[GC 428787K->171131K(2944192K), 0.0452890 secs]
[GC 427259K->178858K(2944192K), 0.0486570 secs]
[GC 434986K->180551K(2944192K), 0.0467260 secs]
[GC 436679K->175403K(2944192K), 0.0436260 secs]
[GC 431531K->184278K(2944192K), 0.0485070 secs]
[GC 440406K->186724K(2944192K), 0.0430630 secs]
[GC 442852K->189465K(2944192K), 0.0458750 secs]
[GC 445593K->200529K(2944192K), 0.0461970 secs]
[GC 456657K->192352K(2944192K), 0.0517480 secs]
[GC 448480K->201072K(2944192K), 0.0449510 secs]
[GC 457200K->198799K(2944192K), 0.0495900 secs]
[GC 454927K->201942K(2944192K), 0.0441870 secs]
[GC 458070K->204434K(2944192K), 0.0468120 secs]
[GC 460562K->198825K(2944192K), 0.0561520 secs]
[GC 454953K->209139K(2944192K), 0.0459840 secs]
[GC 465267K->211453K(2944192K), 0.0442740 secs]
[GC 467581K->213700K(2944192K), 0.0473360 secs]
[GC 469828K->203164K(2944192K), 0.0507320 secs]
[GC 459292K->220438K(2944192K), 0.0407940 secs]
[GC 476566K->208745K(2944192K), 0.0465550 secs]
[GC 464873K->218587K(2944192K), 0.0569060 secs]
[GC 474715K->225370K(2944192K), 0.0434340 secs]
[GC 481498K->212934K(2944192K), 0.0580630 secs]
[GC 469062K->232778K(2944192K), 0.0565610 secs]
[GC 488906K->219209K(2944192K), 0.0448300 secs]
[GC 475337K->213898K(2944192K), 0.0486210 secs]
[GC 470026K->233200K(2944192K), 0.0456510 secs]
[GC 489328K->220389K(2944192K), 0.0442150 secs]
[GC 476517K->226884K(2944192K), 0.0454410 secs]
[GC 483012K->224888K(2944192K), 0.0463570 secs]
[GC 481016K->236818K(2944192K), 0.0457810 secs]
[GC 492946K->240133K(2944192K), 0.0437360 secs]
[GC 496261K->234691K(2944192K), 0.0467100 secs]
[GC 490819K->242507K(2944192K), 0.0408250 secs]
[GC 498635K->243984K(2944192K), 0.0468840 secs]
[GC 500112K->253587K(2944192K), 0.0412300 secs]
[GC 509715K->239341K(2944192K), 0.0417770 secs]
[GC 495469K->253443K(2944192K), 0.0439670 secs]
[GC 509571K->261036K(2944192K), 0.0440950 secs]
[GC 517164K->248382K(2944192K), 0.0466900 secs]
[GC 504510K->258827K(2944192K), 0.0458670 secs]
[GC 514955K->251905K(2944192K), 0.0514620 secs]
[GC 508033K->254215K(2944192K), 0.0504280 secs]
[GC 510343K->256699K(2944192K), 0.0496540 secs]
[GC 512827K->267536K(2944192K), 0.0484070 secs]
[GC 523664K->260788K(2944192K), 0.0652880 secs]
[GC 516916K->272407K(2944192K), 0.0503040 secs]
[GC 528535K->266540K(2944192K), 0.0483500 secs]
[GC 522668K->286702K(2944192K), 0.0470640 secs]
[GC 542830K->276505K(2944192K), 0.0541460 secs]
[GC 532633K->293818K(2944192K), 0.0471830 secs]
[GC 549946K->273987K(2944192K), 0.0433120 secs]
[GC 530115K->290737K(2944192K), 0.0446750 secs]
[GC 546865K->298641K(2944192K), 0.0451130 secs]
[GC 554769K->282662K(2944192K), 0.0460630 secs]
[GC 538790K->289811K(2944192K), 0.0401830 secs]
[GC 545939K->287832K(2944192K), 0.0461100 secs]
[GC 543960K->283191K(2944192K), 0.0611010 secs]
[GC 539319K->294571K(2944192K), 0.0460530 secs]
[GC 550699K->297299K(2944192K), 0.0447210 secs]
[GC 553427K->300387K(2944192K), 0.0435160 secs]
[GC 556515K->293734K(2944192K), 0.0487930 secs]
[GC 549862K->296357K(2944192K), 0.0439810 secs]
[GC 552485K->292887K(2944192K), 0.0463880 secs]
[GC 549015K->293844K(2944192K), 0.0480120 secs]
[GC 549972K->304818K(2944192K), 0.0444470 secs]
[GC 560946K->299309K(2944192K), 0.0461540 secs]
[GC 555437K->318503K(2944192K), 0.0694690 secs]
[GC 574631K->303776K(2944192K), 0.0424060 secs]
[GC 559904K->310682K(2944192K), 0.0446390 secs]
[GC 566810K->312712K(2944192K), 0.0437390 secs]
[GC 568840K->314049K(2944192K), 0.0446810 secs]
[GC 570177K->316198K(2944192K), 0.0497760 secs]
[GC 572326K->318869K(2944192K), 0.0406770 secs]
[GC 574997K->313260K(2944192K), 0.0511620 secs]
[GC 569388K->324264K(2944192K), 0.0485240 secs]
[GC 580392K->335990K(2944192K), 0.0422640 secs]
[GC 592118K->327203K(2944192K), 0.0588970 secs]
[GC 583331K->352772K(2944192K), 0.0634670 secs]
[GC 608900K->387613K(2944192K), 0.0655030 secs]
[GC 643741K->414120K(2944192K), 0.0741950 secs]
[GC 670248K->400751K(2944192K), 0.1003080 secs]
[GC 656879K->434214K(2944192K), 0.0788670 secs]
[GC 690342K->421008K(2944192K), 0.0750480 secs]
[GC 677136K->458304K(2944192K), 0.0803610 secs]
[GC 713557K->451595K(2944192K), 0.0757610 secs]
[GC 707723K->480604K(2944192K), 0.0672080 secs]
[GC 736732K->494828K(2944192K), 0.0811810 secs]
[GC 750956K->508649K(2944192K), 0.0698490 secs]
[GC 764777K->539344K(2944192K), 0.0681570 secs]
[GC 795472K->519226K(2944192K), 0.0688140 secs]
[GC 775325K->556263K(2944192K), 0.0702900 secs]
[GC 812391K->579290K(2944192K), 0.0675760 secs]
[GC 835418K->560089K(2944192K), 0.0687440 secs]
[GC 816217K->608650K(2944192K), 0.0698720 secs]
[GC 864778K->583938K(2944192K), 0.0724620 secs]
[GC 840066K->640712K(2944192K), 0.0706710 secs]
[GC 896798K->611245K(2944192K), 0.0669860 secs]
[GC 867373K->649855K(2944192K), 0.0667030 secs]
[GC 905983K->673954K(2944192K), 0.0696090 secs]
[GC 930026K->674245K(2944192K), 0.0698500 secs]
[GC 930373K->703039K(2944192K), 0.0702200 secs]
[GC 959167K->684632K(2944192K), 0.0703170 secs]
[GC 940760K->722703K(2944192K), 0.0790300 secs]
[GC 978831K->730100K(2944192K), 0.0796080 secs]
[GC 986228K->749265K(2944192K), 0.0814240 secs]
[GC 1005393K->759631K(2944192K), 0.0815270 secs]
[GC 1015759K->757995K(2944192K), 0.0792740 secs]
[GC 1014123K->771429K(2944192K), 0.0734690 secs]
[GC 1027557K->784178K(2944192K), 0.0559940 secs]
[GC 1040306K->769013K(2944192K), 0.0693800 secs]
[GC 1025141K->792111K(2944192K), 0.0594120 secs]
[GC 1048239K->825249K(2944192K), 0.0578400 secs]
[GC 1081377K->797886K(2944192K), 0.0718550 secs]
[GC 1054014K->821026K(2944192K), 0.0536510 secs]
[GC 1077154K->788419K(2944192K), 0.0549050 secs]
 INFO  [pool-1-thread-1] {org.radargun.stressors.StressTestStressor} Started 4 stressor threads.
 INFO  [Stressor-1] {org.radargun.stressors.StressTestStressor} Number of ops executed so far: 1. Elapsed time: 0.000 secs. Remaining: 1 mins 0 secs. Total: 1 mins 0 secs
[GC 1044547K->792731K(2944192K), 0.0713850 secs]
[GC 1048859K->846620K(2944192K), 0.0664980 secs]
[GC 1102748K->845453K(2944192K), 0.0870340 secs]
[GC 1099814K->870640K(2944192K), 0.0685170 secs]
[GC 1126768K->900584K(2944192K), 0.0775080 secs]
[GC 1154819K->891023K(2944192K), 0.0591460 secs]
[GC 1145572K->881785K(2944192K), 0.0564880 secs]
[GC 1137913K->897931K(2944192K), 0.0530330 secs]
[GC 1154059K->913592K(2944192K), 0.0619380 secs]
[GC 1169720K->921119K(2944192K), 0.0579790 secs]
[GC 1176878K->945342K(2944192K), 0.0742800 secs]
[GC 1201141K->953610K(2944192K), 0.0678040 secs]
[GC 1209738K->940896K(2944192K), 0.0542240 secs]
[GC 1197024K->961521K(2944192K), 0.0499820 secs]
[GC 1215469K->976609K(2944192K), 0.0584430 secs]
[GC 1232737K->1002945K(2944192K), 0.0665860 secs]
[GC 1259073K->1039574K(2944192K), 0.0810320 secs]
 INFO  [Stressor-2] {org.radargun.stressors.StressTestStressor} Number of ops executed so far: 500000. Elapsed time: 20.066 secs. Remaining: 39.934 secs. Total: 1 mins 0 secs
[GC 1295702K->1064127K(2944192K), 0.0803990 secs]
[GC 1319282K->1050670K(2944192K), 0.0618850 secs]
[GC 1306798K->1073612K(2944192K), 0.0628100 secs]
[GC 1329740K->1050756K(2944192K), 0.0652870 secs]
[GC 1302935K->1074110K(2944192K), 0.0571880 secs]
[GC 1329669K->1094599K(2944192K), 0.0664870 secs]
[GC 1350727K->1117032K(2944192K), 0.0600870 secs]
[GC 1373160K->1106670K(2944192K), 0.0760900 secs]
[GC 1362752K->1146396K(2944192K), 0.0648300 secs]
[GC 1402473K->1156716K(2944192K), 0.0697290 secs]
[GC 1412844K->1144197K(2944192K), 0.0620920 secs]
[GC 1400325K->1147171K(2944192K), 0.0579060 secs]
[GC 1403299K->1179429K(2944192K), 0.0661120 secs]
[GC 1435557K->1177692K(2944192K), 0.0682850 secs]
[GC 1433820K->1207580K(2944192K), 0.0693320 secs]
[GC 1462147K->1210327K(2944192K), 0.0707240 secs]
 INFO  [Stressor-2] {org.radargun.stressors.StressTestStressor} Number of ops executed so far: 940000. Elapsed time: 40.147 secs. Remaining: 19.853 secs. Total: 1 mins 0 secs
[GC 1464891K->1196201K(2944192K), 0.0779160 secs]
[GC 1451478K->1228437K(2944192K), 0.0583970 secs]
[GC 1484565K->1254923K(2944192K), 0.0677460 secs]
[GC 1511051K->1249538K(2944192K), 0.0686640 secs]
[GC 1505666K->1260046K(2944192K), 0.0729520 secs]
[GC 1516174K->1261686K(2944192K), 0.0542690 secs]
[GC 1517814K->1269845K(2944192K), 0.0655850 secs]
[GC 1521976K->1307650K(2944192K), 0.0698060 secs]
[GC 1563778K->1295320K(2944192K), 0.0731850 secs]
[GC 1551448K->1321185K(2944192K), 0.0598730 secs]
[GC 1577313K->1324523K(2944192K), 0.0805260 secs]
[GC 1579275K->1322036K(2944192K), 0.0681460 secs]
[GC 1578117K->1363663K(2944192K), 0.0687010 secs]
[GC 1619045K->1370804K(2944192K), 0.0752790 secs]
[GC 1625636K->1346106K(2944192K), 0.0604070 secs]
[GC 1348249K(2944192K), 0.0235760 secs]
[GC 1602234K->1380910K(2944192K), 0.0548720 secs]
[GC 1543855K(2944192K), 0.0498750 secs]
[GC 1382960K->1142025K(2944192K), 0.0584910 secs]
 INFO  [Stressor-0] {org.radargun.stressors.StressTestStressor} Number of ops executed so far: 1450000. Elapsed time: 1 mins 0 secs. Remaining: 0.000 secs. Total: 1 mins 0 secs
 INFO  [pool-1-thread-1] {org.radargun.stressors.StressTestStressor} Finished generating report. Test duration is: 9 mins 18 secs
 INFO  [pool-1-thread-1] {org.radargun.stages.StressTestStage} size info: FFWrapper using infinispan52, clusterSize:10, nodeIndex:8, cacheSize: -1
 INFO  [pool-1-thread-1] {org.radargun.Slave} Finished stage: StressTest {bulkSize=1, cacheSpecificKeyGenerator=false, commitTransactions=true, duration=1 mins 0 secs, entrySize=1000, exitBenchmarkOnSlaveFailure=false, fixedKeys=true, generateHistogramRange=false, keyGeneratorClass=org.radargun.stressors.StringKeyGenerator, keyGeneratorParam=null, loadAllKeys=false, numEntries=10000, numOfThreads=4, numRequests=10000000, numThreads=4, numberOfAttributes=10000, numberOfRequests=10000000, opsCountStatusLog=500000, poolKeys=true, preferAsyncOperations=false, removePercentage=0, replaceInvalidPercentage=40, runOnAllSlaves=false, sharedKeys=false, sizeOfAnAttribute=1000, slaves=null, transactionSize=10000, useAtomics=false, useHistogramStatistics=false, useSimpleStatistics=true, useSmartClassLoading=true, useTransactions=true, writePercentage=10, writeTxPercentage=50 }
 INFO  [main] {org.radargun.Slave} Ack successfully sent to the master
[GC 1265579K->1002626K(2944192K), 0.0718980 secs]
[GC 1258754K->986065K(2944192K), 0.0496450 secs]
[GC 1242193K->1000048K(2944192K), 0.0498230 secs]
[GC 1256176K->1008880K(2944192K), 0.0502150 secs]
[GC 1265008K->995960K(2944192K), 0.0496580 secs]
[GC 1252088K->1005282K(2944192K), 0.0498590 secs]
[GC 1261410K->994095K(2944192K), 0.0472340 secs]
[GC 1250223K->997073K(2944192K), 0.0482180 secs]
[GC 1253201K->999496K(2944192K), 0.0454860 secs]
[GC 1255624K->981965K(2944192K), 0.0506780 secs]
[GC 1238093K->1006406K(2944192K), 0.0525420 secs]
[GC 1262534K->985306K(2944192K), 0.0530100 secs]
[GC 1241434K->1002199K(2944192K), 0.0489020 secs]
[GC 1258327K->983802K(2944192K), 0.0529950 secs]
[GC 1239930K->986061K(2944192K), 0.0486180 secs]
[GC 1242189K->981682K(2944192K), 0.0447900 secs]
[GC 1237810K->982166K(2944192K), 0.0407690 secs]
[GC 1238294K->986593K(2944192K), 0.0441260 secs]
[GC 1242721K->992327K(2944192K), 0.0404080 secs]
[GC 1248455K->983915K(2944192K), 0.0385040 secs]
[GC 1240043K->995828K(2944192K), 0.0412340 secs]
[GC 1251956K->985450K(2944192K), 0.0408630 secs]
[GC 1241578K->994052K(2944192K), 0.0414440 secs]
[GC 1250180K->997921K(2944192K), 0.0401070 secs]
[GC 1254049K->990058K(2944192K), 0.0407130 secs]
[GC 1246186K->1002646K(2944192K), 0.0402970 secs]
[GC 1258774K->995123K(2944192K), 0.0367940 secs]
[GC 1251251K->1000831K(2944192K), 0.0450340 secs]
[GC 1256959K->1004931K(2944192K), 0.0396630 secs]
[GC 1261059K->997048K(2944192K), 0.0386000 secs]
[GC 1253176K->1005628K(2944192K), 0.0379920 secs]
[GC 1261756K->1004491K(2944192K), 0.0437080 secs]
[GC 1260619K->1006435K(2944192K), 0.0401070 secs]
[GC 1262563K->1008026K(2944192K), 0.0439020 secs]
[GC 1264154K->1009450K(2944192K), 0.0411380 secs]
[GC 1265578K->1010965K(2944192K), 0.0418550 secs]
[GC 1267093K->1012574K(2944192K), 0.0373200 secs]
[GC 1268702K->1014192K(2944192K), 0.0411950 secs]
[GC 1270320K->1015556K(2944192K), 0.0425150 secs]
[GC 1271684K->1016942K(2944192K), 0.0415490 secs]
[GC 1273070K->1018558K(2944192K), 0.0424410 secs]
[GC 1274686K->1020239K(2944192K), 0.0402900 secs]
[GC 1276367K->1021611K(2944192K), 0.0448380 secs]
[GC 1277739K->1023384K(2944192K), 0.0439970 secs]
[GC 1279512K->1024765K(2944192K), 0.0449050 secs]
[GC 1280893K->1026164K(2944192K), 0.0435760 secs]
[GC 1282292K->1027751K(2944192K), 0.0431380 secs]
[GC 1283879K->1029294K(2944192K), 0.0430670 secs]
[GC 1285422K->1030973K(2944192K), 0.0420450 secs]
[GC 1287101K->1032579K(2944192K), 0.0465620 secs]
[GC 1288707K->1033997K(2944192K), 0.0385390 secs]
[GC 1290125K->1041134K(2944192K), 0.0395890 secs]
[GC 1297262K->1031560K(2944192K), 0.0409110 secs]
[GC 1287688K->1045675K(2944192K), 0.0409050 secs]
[GC 1301803K->1033520K(2944192K), 0.0431940 secs]
[GC 1289648K->1048916K(2944192K), 0.0433370 secs]
[GC 1305044K->1036915K(2944192K), 0.0439580 secs]
[GC 1293043K->1052432K(2944192K), 0.0444120 secs]
[GC 1308560K->1040136K(2944192K), 0.0488210 secs]
[GC 1296264K->1056180K(2944192K), 0.0419680 secs]
[GC 1312308K->1043533K(2944192K), 0.0431130 secs]
[GC 1299661K->1059405K(2944192K), 0.0443410 secs]
[GC 1315533K->1046722K(2944192K), 0.0441180 secs]
[GC 1302850K->1057415K(2944192K), 0.0450210 secs]
[GC 1313543K->1061888K(2944192K), 0.0451930 secs]
[GC 1318016K->1052299K(2944192K), 0.0427750 secs]
[GC 1308427K->1067848K(2944192K), 0.0431870 secs]
[GC 1323976K->1054977K(2944192K), 0.0444260 secs]
[GC 1311105K->1071303K(2944192K), 0.0426190 secs]
[GC 1327431K->1058175K(2944192K), 0.0448350 secs]
[GC 1314303K->1074904K(2944192K), 0.0427400 secs]
[GC 1331032K->1061648K(2944192K), 0.0440190 secs]
[GC 1317776K->1077963K(2944192K), 0.0417530 secs]
[GC 1334091K->1064877K(2944192K), 0.0432910 secs]
[GC 1321005K->1081415K(2944192K), 0.0407430 secs]
[GC 1337543K->1068315K(2944192K), 0.0442170 secs]
[GC 1324443K->1084791K(2944192K), 0.0417260 secs]
[GC 1340919K->1071705K(2944192K), 0.0423910 secs]
[GC 1327833K->1088626K(2944192K), 0.0394660 secs]
[GC 1344754K->1075145K(2944192K), 0.0525410 secs]
[GC 1331273K->1091970K(2944192K), 0.0425450 secs]
[GC 1348098K->1078574K(2944192K), 0.0507640 secs]
[GC 1334702K->1095628K(2944192K), 0.0449030 secs]
[GC 1351756K->1081915K(2944192K), 0.0436000 secs]
[GC 1338043K->1098799K(2944192K), 0.0425380 secs]
[GC 1354927K->1085207K(2944192K), 0.0434410 secs]
[GC 1341335K->1102320K(2944192K), 0.0456940 secs]
[GC 1358448K->1088617K(2944192K), 0.0445690 secs]
[GC 1344745K->1105340K(2944192K), 0.0451650 secs]
[GC 1361468K->1091893K(2944192K), 0.0458750 secs]
[GC 1348021K->1108842K(2944192K), 0.0443270 secs]
[GC 1364970K->1095214K(2944192K), 0.0460280 secs]
[GC 1351342K->1111831K(2944192K), 0.0430740 secs]
[GC 1367959K->1098384K(2944192K), 0.0489740 secs]
[GC 1354512K->1109691K(2944192K), 0.0518050 secs]
[GC 1365819K->1108276K(2944192K), 0.0502760 secs]
 WARN  [hz._hzInstance_1_FenixFrameworkGroup.event] {com.hazelcast.spi.EventService} [127.0.0.1]:5709 [FenixFrameworkGroup] Caution: Off-load event processing to your own thread-pool, don't use event thread!
[GC 1364404K->1116993K(2944192K), 0.0450010 secs]
[GC 1373121K->1106192K(2944192K), 0.0485960 secs]
[GC 1362320K->1122160K(2944192K), 0.0459120 secs]
[GC 1378288K->1108299K(2944192K), 0.0442410 secs]
[GC 1364427K->1125182K(2944192K), 0.0448750 secs]
[GC 1381310K->1111726K(2944192K), 0.0470040 secs]
[GC 1367854K->1128638K(2944192K), 0.0453050 secs]
[GC 1384766K->1114945K(2944192K), 0.0491300 secs]
[GC 1371073K->1131999K(2944192K), 0.0428360 secs]
[GC 1388127K->1118359K(2944192K), 0.0485650 secs]
[GC 1374487K->1135433K(2944192K), 0.0451330 secs]
[GC 1391561K->1121594K(2944192K), 0.0423760 secs]
[GC 1377722K->1137979K(2944192K), 0.0438540 secs]
[GC 1394107K->1124579K(2944192K), 0.0510580 secs]
[GC 1380707K->1141128K(2944192K), 0.0452460 secs]
[GC 1397256K->1127489K(2944192K), 0.0433650 secs]
[GC 1383617K->1144010K(2944192K), 0.0412630 secs]
[GC 1400138K->1130701K(2944192K), 0.0459790 secs]
[GC 1386829K->1147038K(2944192K), 0.0469710 secs]
[GC 1403166K->1133856K(2944192K), 0.0470330 secs]
[GC 1389984K->1149849K(2944192K), 0.0432240 secs]
[GC 1405977K->1136810K(2944192K), 0.0442540 secs]
[GC 1392938K->1142012K(2944192K), 0.0465610 secs]
[GC 1398140K->1145985K(2944192K), 0.0478530 secs]
[GC 1402113K->1147978K(2944192K), 0.0483330 secs]
[GC 1404106K->1155751K(2944192K), 0.0422510 secs]
[GC 1411879K->1145663K(2944192K), 0.0420520 secs]
[GC 1401791K->1160423K(2944192K), 0.0429190 secs]
[GC 1416551K->1147483K(2944192K), 0.0451570 secs]
[GC 1403611K->1158135K(2944192K), 0.0471200 secs]
[GC 1414263K->1162800K(2944192K), 0.0453330 secs]
[GC 1418928K->1153160K(2944192K), 0.0404810 secs]
[GC 1409288K->1168087K(2944192K), 0.0455280 secs]
[GC 1424215K->1155349K(2944192K), 0.0449460 secs]
[GC 1411477K->1165925K(2944192K), 0.0440600 secs]
[GC 1422053K->1164783K(2944192K), 0.0428150 secs]
[GC 1420911K->1166799K(2944192K), 0.0520740 secs]
[GC 1422927K->1168617K(2944192K), 0.0437370 secs]
[GC 1424745K->1164257K(2944192K), 0.0455550 secs]
[GC 1420385K->1166001K(2944192K), 0.0416430 secs]
[GC 1422129K->1173221K(2944192K), 0.0574910 secs]
[GC 1429349K->1174558K(2944192K), 0.0410740 secs]
[GC 1430686K->1170233K(2944192K), 0.0429450 secs]
[GC 1426361K->1171881K(2944192K), 0.0471920 secs]
[GC 1428009K->1173247K(2944192K), 0.0494520 secs]
[GC 1429375K->1174876K(2944192K), 0.0427930 secs]
[GC 1431004K->1182360K(2944192K), 0.0413930 secs]
 WARN  [hz._hzInstance_1_FenixFrameworkGroup.event] {com.hazelcast.spi.EventService} [127.0.0.1]:5709 [FenixFrameworkGroup] Caution: Off-load event processing to your own thread-pool, don't use event thread!
[GC 1438488K->1183969K(2944192K), 0.0415340 secs]
[GC 1440097K->1179402K(2944192K), 0.0413900 secs]
[GC 1435530K->1180897K(2944192K), 0.0495810 secs]
[GC 1437025K->1182290K(2944192K), 0.0487820 secs]
[GC 1438418K->1189806K(2944192K), 0.0413550 secs]
[GC 1445934K->1196925K(2944192K), 0.0449600 secs]
[GC 1453053K->1186805K(2944192K), 0.0478220 secs]
[GC 1442933K->1196098K(2944192K), 0.0483760 secs]
[GC 1452226K->1200469K(2944192K), 0.0423290 secs]
[GC 1456597K->1191057K(2944192K), 0.0469140 secs]
[GC 1447185K->1205766K(2944192K), 0.0420960 secs]
[GC 1461894K->1193350K(2944192K), 0.0466570 secs]
[GC 1449478K->1203405K(2944192K), 0.0450940 secs]
[GC 1459533K->1208010K(2944192K), 0.0484550 secs]
[GC 1464138K->1198437K(2944192K), 0.0468120 secs]
[GC 1454565K->1208016K(2944192K), 0.0452710 secs]
[GC 1464144K->1212503K(2944192K), 0.0467940 secs]
[GC 1468631K->1203205K(2944192K), 0.0467740 secs]
[GC 1459333K->1212844K(2944192K), 0.0466920 secs]
[GC 1468972K->1211625K(2944192K), 0.0481390 secs]
[GC 1467753K->1213922K(2944192K), 0.0500200 secs]
[GC 1470043K->1221509K(2944192K), 0.0449980 secs]
[GC 1477637K->1230680K(2944192K), 0.0557010 secs]
[GC 1486808K->1257980K(2944192K), 0.0694270 secs]
[GC 1514108K->1288393K(2944192K), 0.0786600 secs]
[GC 1544521K->1309303K(2944192K), 0.1009730 secs]
[GC 1565431K->1312903K(2944192K), 0.1029720 secs]
[GC 1569031K->1342126K(2944192K), 0.0764530 secs]
[GC 1598203K->1336996K(2944192K), 0.0806900 secs]
[GC 1593124K->1367677K(2944192K), 0.0924240 secs]
[GC 1623805K->1398787K(2944192K), 0.0858200 secs]
[GC 1654915K->1378079K(2944192K), 0.0768550 secs]
[GC 1634207K->1428510K(2944192K), 0.0790630 secs]
[GC 1684638K->1405516K(2944192K), 0.0812240 secs]
[GC 1661644K->1457666K(2944192K), 0.0770720 secs]
[GC 1713794K->1434035K(2944192K), 0.0803600 secs]
[GC 1690163K->1477323K(2944192K), 0.0814080 secs]
[GC 1733451K->1463219K(2944192K), 0.0836180 secs]
 WARN  [hz._hzInstance_1_FenixFrameworkGroup.event] {com.hazelcast.spi.EventService} [127.0.0.1]:5709 [FenixFrameworkGroup] Caution: Off-load event processing to your own thread-pool, don't use event thread!
[GC 1719347K->1512509K(2944192K), 0.0874390 secs]
[GC 1768637K->1506404K(2944192K), 0.0811480 secs]
[GC 1762532K->1535648K(2944192K), 0.0827760 secs]
[GC 1791776K->1540118K(2944192K), 0.0808700 secs]
[GC 1796246K->1554624K(2944192K), 0.0832270 secs]
[GC 1810752K->1591274K(2944192K), 0.0839630 secs]
[GC 1847402K->1566271K(2944192K), 0.0746210 secs]
 WARN  [hz._hzInstance_1_FenixFrameworkGroup.event] {com.hazelcast.spi.EventService} [127.0.0.1]:5709 [FenixFrameworkGroup] Caution: Off-load event processing to your own thread-pool, don't use event thread!
[GC 1822209K->1601560K(2944192K), 0.0880440 secs]
[GC 1857688K->1629414K(2944192K), 0.0823460 secs]
[GC 1885542K->1612163K(2944192K), 0.0710750 secs]
[GC 1868291K->1632394K(2944192K), 0.0547980 secs]
[GC 1888522K->1595831K(2944192K), 0.0600260 secs]
 WARN  [hz._hzInstance_1_FenixFrameworkGroup.event] {com.hazelcast.spi.EventService} [127.0.0.1]:5709 [FenixFrameworkGroup] Caution: Off-load event processing to your own thread-pool, don't use event thread!
[GC 1851959K->1633862K(2944192K), 0.0612560 secs]
[GC 1889990K->1598734K(2944192K), 0.0572480 secs]
[GC 1854862K->1596909K(2944192K), 0.0703040 secs]
[GC 1853037K->1632152K(2944192K), 0.0556390 secs]
[GC 1888280K->1605706K(2944192K), 0.0572210 secs]
[GC 1861834K->1638267K(2944192K), 0.0578800 secs]
[GC 1894395K->1606417K(2944192K), 0.0581070 secs]
[GC 1862545K->1643534K(2944192K), 0.0574520 secs]
[GC 1899662K->1610277K(2944192K), 0.0628510 secs]
[GC 1866405K->1649866K(2944192K), 0.0622940 secs]
[GC 1905994K->1632143K(2944192K), 0.0750470 secs]
[GC 1888271K->1619904K(2944192K), 0.0703640 secs]
[GC 1876032K->1616336K(2944192K), 0.0552700 secs]
 WARN  [hz._hzInstance_1_FenixFrameworkGroup.event] {com.hazelcast.spi.EventService} [127.0.0.1]:5709 [FenixFrameworkGroup] Caution: Off-load event processing to your own thread-pool, don't use event thread!
[GC 1872464K->1618998K(2944192K), 0.0445350 secs]
[GC 1875126K->1631976K(2944192K), 0.0457440 secs]
[GC 1888104K->1619922K(2944192K), 0.0487290 secs]
[GC 1876050K->1630589K(2944192K), 0.0514180 secs]
[GC 1886717K->1635300K(2944192K), 0.0461150 secs]
[GC 1891428K->1624642K(2944192K), 0.0442080 secs]
[GC 1880770K->1641233K(2944192K), 0.0495270 secs]
[GC 1897361K->1627034K(2944192K), 0.0447890 secs]
[GC 1883162K->1638622K(2944192K), 0.0448950 secs]
[GC 1894750K->1637298K(2944192K), 0.0519780 secs]
[GC 1893426K->1639791K(2944192K), 0.0471710 secs]
[GC 1895919K->1648249K(2944192K), 0.0436540 secs]
[GC 1904377K->1636937K(2944192K), 0.0526160 secs]
[GC 1893065K->1647676K(2944192K), 0.0442970 secs]
[GC 1903804K->1652669K(2944192K), 0.0486110 secs]
[GC 1908797K->1642005K(2944192K), 0.0529880 secs]
[GC 1898133K->1658887K(2944192K), 0.0574320 secs]
[GC 1915015K->1679113K(2944192K), 0.0658850 secs]
[GC 1935241K->1710016K(2944192K), 0.0722740 secs]
[GC 1966144K->1747518K(2944192K), 0.0832860 secs]
[GC 2001861K->1736222K(2944192K), 0.1058670 secs]
[GC 1992350K->1761800K(2944192K), 0.0839690 secs]
 WARN  [hz._hzInstance_1_FenixFrameworkGroup.event] {com.hazelcast.spi.EventService} [127.0.0.1]:5709 [FenixFrameworkGroup] Caution: Off-load event processing to your own thread-pool, don't use event thread!
[GC 2017928K->1794117K(2944192K), 0.0834780 secs]
[GC 2049260K->1774020K(2944192K), 0.0773590 secs]
[GC 2030148K->1827565K(2944192K), 0.0757040 secs]
[GC 2083693K->1799151K(2944192K), 0.0798940 secs]
[GC 2055279K->1847983K(2944192K), 0.0849940 secs]
[GC 2104111K->1852254K(2944192K), 0.0834420 secs]
[GC 2108382K->1884872K(2944192K), 0.0853990 secs]
[GC 2141000K->1867328K(2944192K), 0.0844870 secs]
[GC 2123456K->1917484K(2944192K), 0.0844000 secs]
[GC 2173612K->1890832K(2944192K), 0.0865960 secs]
[GC 2146960K->1947051K(2944192K), 0.0760850 secs]
[GC 2203179K->1918021K(2944192K), 0.0797040 secs]
[GC 2174149K->1976602K(2944192K), 0.0852420 secs]
[GC 2232730K->1955296K(2944192K), 0.0861880 secs]
[GC 2211424K->2005993K(2944192K), 0.0809510 secs]
 WARN  [hz._hzInstance_1_FenixFrameworkGroup.event] {com.hazelcast.spi.EventService} [127.0.0.1]:5709 [FenixFrameworkGroup] Caution: Off-load event processing to your own thread-pool, don't use event thread!
[GC 2262121K->1979502K(2944192K), 0.0770870 secs]
[GC 2235455K->2035049K(2944192K), 0.0801660 secs]
[GC 2291177K->2008804K(2944192K), 0.0773950 secs]
[GC 2264932K->2000498K(2944192K), 0.0688010 secs]
[GC 2256626K->2020743K(2944192K), 0.0529170 secs]
[GC 2276871K->2033898K(2944192K), 0.0547100 secs]
[GC 2290026K->2042848K(2944192K), 0.0634900 secs]
[GC 2298976K->2080885K(2944192K), 0.0854160 secs]
[GC 2337013K->2063849K(2944192K), 0.0991490 secs]
[GC 2319977K->2111826K(2944192K), 0.0845400 secs]
[GC 2367954K->2090759K(2944192K), 0.0893040 secs]
[GC 2346878K->2148019K(2944192K), 0.0784930 secs]
[GC 2404147K->2121588K(2944192K), 0.0888640 secs]
[GC 2377716K->2177701K(2944192K), 0.0895570 secs]
[GC 2433829K->2156823K(2944192K), 0.0856120 secs]
[GC 2411087K->2208739K(2944192K), 0.0939530 secs]
[GC 2464867K->2183684K(2944192K), 0.0828910 secs]
[GC 2439812K->2240027K(2944192K), 0.0959740 secs]
[GC 2496155K->2215212K(2944192K), 0.0820910 secs]
[GC 2471321K->2269250K(2944192K), 0.0837390 secs]
[GC 2525378K->2246438K(2944192K), 0.0909180 secs]
[GC 2502566K->2300705K(2944192K), 0.0825020 secs]
[GC 2556833K->2275599K(2944192K), 0.0871780 secs]
[GC 2531698K->2314966K(2944192K), 0.0874780 secs]
[GC 2571094K->2340539K(2944192K), 0.0802690 secs]
 WARN  [hz._hzInstance_1_FenixFrameworkGroup.event] {com.hazelcast.spi.EventService} [127.0.0.1]:5709 [FenixFrameworkGroup] Caution: Off-load event processing to your own thread-pool, don't use event thread!
[GC 2596667K->2320971K(2944192K), 0.0828260 secs]
 WARN  [hz._hzInstance_1_FenixFrameworkGroup.event] {com.hazelcast.spi.EventService} [127.0.0.1]:5709 [FenixFrameworkGroup] Caution: Off-load event processing to your own thread-pool, don't use event thread!
[GC 2577099K->2375799K(2944192K), 0.0861580 secs]
[GC 2631927K->2349021K(2944192K), 0.0786670 secs]
[GC 2605149K->2369545K(2944192K), 0.0601950 secs]
[GC 2625673K->2334611K(2944192K), 0.0577250 secs]
[GC 2590739K->2373938K(2944192K), 0.0621910 secs]
[GC 2630066K->2356869K(2944192K), 0.0729440 secs]
[GC 2612997K->2374700K(2944192K), 0.0556260 secs]
[GC 2630828K->2343779K(2944192K), 0.0612050 secs]
 WARN  [hz._hzInstance_1_FenixFrameworkGroup.event] {com.hazelcast.spi.EventService} [127.0.0.1]:5709 [FenixFrameworkGroup] Caution: Off-load event processing to your own thread-pool, don't use event thread!
[GC 2599907K->2379017K(2944192K), 0.0593240 secs]
[GC 2635145K->2348772K(2944192K), 0.0666080 secs]
[GC 2604900K->2388378K(2944192K), 0.0643940 secs]
[GC 2644506K->2355357K(2944192K), 0.0702240 secs]
[GC 2611485K->2359238K(2944192K), 0.0819270 secs]
[GC 2615366K->2390724K(2944192K), 0.0580030 secs]
[GC 2646852K->2365180K(2944192K), 0.0606090 secs]
[GC 2621308K->2366249K(2944192K), 0.0713250 secs]
[GC 2622377K->2372741K(2944192K), 0.0513090 secs]
[GC 2628869K->2383862K(2944192K), 0.0605340 secs]
[GC 2639990K->2386168K(2944192K), 0.0564060 secs]
[GC 2642296K->2389098K(2944192K), 0.0680870 secs]
[GC 2645226K->2401753K(2944192K), 0.0678230 secs]
[GC 2657881K->2409563K(2944192K), 0.0729940 secs]
[GC 2665691K->2440539K(2944192K), 0.0811990 secs]
[GC 2696667K->2480842K(2944192K), 0.0978610 secs]
[GC 2736970K->2495541K(2946496K), 0.1017600 secs]
[GC 2496265K(2946496K), 0.0598140 secs]
 WARN  [hz._hzInstance_1_FenixFrameworkGroup.event] {com.hazelcast.spi.EventService} [127.0.0.1]:5709 [FenixFrameworkGroup] Caution: Off-load event processing to your own thread-pool, don't use event thread!
[GC 2751669K->2483439K(2981632K), 0.1226740 secs]
[GC 2618162K(2981632K), 0.0716820 secs]
[GC 2405468K->2177658K(3831764K), 0.1112320 secs]
[GC 2433786K->2190172K(3831764K), 0.1014130 secs]
[GC 2444499K->2209042K(3831764K), 0.1002810 secs]
[GC 2465170K->2252907K(3831764K), 0.0764760 secs]
[GC 2509035K->2259896K(3831764K), 0.1027400 secs]
[GC 2515993K->2238990K(3831764K), 0.0999670 secs]
[GC 2495118K->2292374K(3831764K), 0.0973080 secs]
[GC 2548502K->2286414K(3831764K), 0.1044090 secs]
[GC 2542516K->2335955K(3831764K), 0.0773350 secs]
[GC 2592083K->2313959K(3831764K), 0.0905910 secs]
[GC 2570087K->2368328K(3831764K), 0.0902710 secs]
[GC 2624456K->2370951K(3831764K), 0.1020980 secs]
[GC 2627079K->2372975K(3831764K), 0.0932870 secs]
[GC 2629103K->2406852K(3831764K), 0.0950490 secs]
[GC 2662980K->2420741K(3831764K), 0.0888530 secs]
[GC 2676869K->2396264K(3831764K), 0.0817790 secs]
[GC 2652392K->2409418K(3831764K), 0.0834150 secs]
[GC 2665546K->2426133K(3831764K), 0.0596770 secs]
[GC 2682261K->2453159K(3831764K), 0.0626450 secs]
[GC 2709287K->2411919K(3831764K), 0.0656260 secs]
[GC 2668047K->2437443K(3831764K), 0.0699530 secs]
[GC 2693571K->2439155K(3831764K), 0.0879960 secs]
[GC 2695283K->2476781K(3831764K), 0.0830720 secs]
[GC 2732909K->2490990K(3831764K), 0.1024660 secs]
[GC 2747118K->2520862K(3831764K), 0.0953980 secs]
[GC 2776985K->2530060K(3831764K), 0.1030650 secs]
[GC 2786188K->2547531K(3831764K), 0.0992050 secs]
[GC 2803659K->2541669K(3831764K), 0.1051840 secs]
[GC 2797790K->2547929K(3831764K), 0.0917120 secs]
[GC 2804057K->2606240K(3831764K), 0.0778520 secs]
 WARN  [hz._hzInstance_1_FenixFrameworkGroup.event] {com.hazelcast.spi.EventService} [127.0.0.1]:5709 [FenixFrameworkGroup] Caution: Off-load event processing to your own thread-pool, don't use event thread!
[GC 2862167K->2623340K(3831764K), 0.0935220 secs]
[GC 2879468K->2633664K(3831764K), 0.0954290 secs]
[GC 2889792K->2656617K(3831764K), 0.0976470 secs]
[GC 2912745K->2673872K(3831764K), 0.1069990 secs]
[GC 2929209K->2662543K(3831764K), 0.1099490 secs]
[GC 2918671K->2708023K(3831764K), 0.0792250 secs]
[GC 2964122K->2724182K(3831764K), 0.1029270 secs]
[GC 2980310K->2741409K(3831764K), 0.0927810 secs]
 WARN  [hz._hzInstance_1_FenixFrameworkGroup.event] {com.hazelcast.spi.EventService} [127.0.0.1]:5709 [FenixFrameworkGroup] Caution: Off-load event processing to your own thread-pool, don't use event thread!
[GC 2996465K->2757378K(3831764K), 0.1014080 secs]
[GC 3012011K->2774686K(3831764K), 0.1024960 secs]
[GC 3030814K->2784189K(3831764K), 0.0906770 secs]
[GC 3040317K->2780017K(3831764K), 0.1005370 secs]
[GC 3036145K->2796516K(3831764K), 0.0686100 secs]
[GC 3052644K->2780953K(3831764K), 0.0850380 secs]
[GC 3037081K->2796948K(3831764K), 0.0625930 secs]
[GC 3053076K->2824434K(3831764K), 0.0769080 secs]
[GC 3080562K->2863778K(3831764K), 0.0964390 secs]
[GC 3119906K->2852095K(3831764K), 0.1005220 secs]
 WARN  [hz._hzInstance_1_FenixFrameworkGroup.event] {com.hazelcast.spi.EventService} [127.0.0.1]:5709 [FenixFrameworkGroup] Caution: Off-load event processing to your own thread-pool, don't use event thread!
[GC 3108181K->2888694K(3831764K), 0.0889440 secs]
[GC 3144822K->2899581K(3831764K), 0.1185880 secs]
[GC 3155709K->2922923K(3831764K), 0.0880450 secs]
[GC 3179051K->2933469K(3831764K), 0.0952490 secs]
[GC 3189574K->2937780K(3831764K), 0.0889450 secs]
[GC 3193883K->2970735K(3831764K), 0.0957630 secs]
[GC 3226863K->2972512K(3831764K), 0.0876810 secs]
[GC 3228640K->2992984K(3831764K), 0.0898910 secs]
[GC 3247681K->3029297K(3831764K), 0.0935890 secs]
[GC 3285425K->3028101K(3831764K), 0.0871310 secs]
 WARN  [hz._hzInstance_1_FenixFrameworkGroup.event] {com.hazelcast.spi.EventService} [127.0.0.1]:5709 [FenixFrameworkGroup] Caution: Off-load event processing to your own thread-pool, don't use event thread!
[GC 3282401K->3073272K(3831764K), 0.0886150 secs]
[GC 3329400K->3058105K(3831764K), 0.1486060 secs]
[GC 3314213K->3087417K(3831764K), 0.0912270 secs]
[GC 3343545K->3132487K(3831764K), 0.0980360 secs]
[GC 3388615K->3120489K(3831764K), 0.0872320 secs]
[GC 3376617K->3145213K(3831764K), 0.0678430 secs]
[GC 3399251K->3140150K(3831764K), 0.0991910 secs]
[GC 3396278K->3201327K(3831764K), 0.1008580 secs]
[GC 3457455K->3179226K(3831764K), 0.1049580 secs]
[GC 3435333K->3216849K(3831764K), 0.1069730 secs]
[GC 3472376K->3258263K(3831764K), 0.0959150 secs]
[GC 3514391K->3242887K(3831764K), 0.0950010 secs]
[GC 3499015K->3300811K(3831764K), 0.0960010 secs]
[GC 3302462K(3831764K), 0.0375350 secs]
[GC 3556939K->3282266K(3831764K), 0.0938260 secs]
[GC 3536630K->3321396K(3831764K), 0.1115660 secs]
[GC 3483325K(3831764K), 0.0534910 secs]
[GC 3298715K->3073157K(4650880K), 0.1120630 secs]
[GC 3329274K->3058886K(4650880K), 0.1148810 secs]
[GC 3315014K->3119332K(4650880K), 0.1058760 secs]
[GC 3375460K->3095415K(4650880K), 0.1034920 secs]
[GC 3351522K->3144603K(4650880K), 0.1045240 secs]
[GC 3400719K->3135732K(4650880K), 0.1039380 secs]
[GC 3391860K->3175058K(4650880K), 0.1016220 secs]
[GC 3431186K->3209822K(4650880K), 0.1040420 secs]
[GC 3464110K->3198959K(4650880K), 0.1088170 secs]
[GC 3455087K->3234970K(4650880K), 0.1025810 secs]
[GC 3491098K->3220863K(4650880K), 0.0961030 secs]
[GC 3476991K->3275649K(4650880K), 0.0826340 secs]
[GC 3531730K->3254053K(4650880K), 0.1022740 secs]
[GC 3510141K->3284784K(4650880K), 0.1021740 secs]
[GC 3540912K->3315941K(4650880K), 0.0899710 secs]
[GC 3572069K->3335749K(4650880K), 0.1221230 secs]
[GC 3591877K->3337380K(4650880K), 0.1025210 secs]
[GC 3593508K->3376484K(4650880K), 0.1099770 secs]
[GC 3632612K->3376296K(4650880K), 0.1022170 secs]
[GC 3632424K->3419938K(4650880K), 0.1039190 secs]
[GC 3676066K->3438632K(4650880K), 0.0988950 secs]
[GC 3694760K->3472561K(4650880K), 0.1063540 secs]
[GC 3727114K->3459376K(4650880K), 0.1025210 secs]
[GC 3715126K->3513211K(4650880K), 0.1028270 secs]
[GC 3769320K->3496022K(4650880K), 0.1036690 secs]
[GC 3752148K->3553199K(4650880K), 0.1003930 secs]
[GC 3809327K->3537151K(4650880K), 0.1022180 secs]
[GC 3793279K->3594081K(4650880K), 0.0998960 secs]
[GC 3850209K->3599063K(4650880K), 0.1037590 secs]
[GC 3855191K->3624296K(4650880K), 0.1005780 secs]
[GC 3880424K->3643126K(4650880K), 0.1016890 secs]
[GC 3899254K->3644284K(4650880K), 0.1030110 secs]
[GC 3900412K->3664277K(4650880K), 0.1055960 secs]
[GC 3920405K->3717655K(4650880K), 0.1043680 secs]
[GC 3971819K->3725754K(4650880K), 0.1019790 secs]
[GC 3981882K->3724808K(4650880K), 0.1050500 secs]
 WARN  [hz._hzInstance_1_FenixFrameworkGroup.event] {com.hazelcast.spi.EventService} [127.0.0.1]:5709 [FenixFrameworkGroup] Caution: Off-load event processing to your own thread-pool, don't use event thread!
 INFO  [main] {org.radargun.Slave} Master shutdown!
 INFO  [Thread-0] {org.radargun.ShutDownHook} Slave process is being shutdown
 INFO  [hz._hzInstance_1_FenixFrameworkGroup.IO.thread-in-0] {com.hazelcast.nio.TcpIpConnection} [127.0.0.1]:5709 [FenixFrameworkGroup] Connection [Address[127.0.0.1]:5701] lost. Reason: java.io.EOFException[Remote socket closed!]
 INFO  [hz._hzInstance_1_FenixFrameworkGroup.IO.thread-in-1] {com.hazelcast.nio.TcpIpConnection} [127.0.0.1]:5709 [FenixFrameworkGroup] Connection [Address[127.0.0.1]:5707] lost. Reason: java.io.EOFException[Remote socket closed!]
 INFO  [hz._hzInstance_1_FenixFrameworkGroup.IO.thread-in-2] {com.hazelcast.nio.TcpIpConnection} [127.0.0.1]:5709 [FenixFrameworkGroup] Connection [Address[127.0.0.1]:5702] lost. Reason: java.io.EOFException[Remote socket closed!]
 INFO  [hz._hzInstance_1_FenixFrameworkGroup.IO.thread-in-1] {com.hazelcast.nio.TcpIpConnection} [127.0.0.1]:5709 [FenixFrameworkGroup] Connection [Address[127.0.0.1]:5710] lost. Reason: java.io.EOFException[Remote socket closed!]
 INFO  [hz._hzInstance_1_FenixFrameworkGroup.IO.thread-in-0] {com.hazelcast.nio.TcpIpConnection} [127.0.0.1]:5709 [FenixFrameworkGroup] Connection [Address[127.0.0.1]:5707] lost. Reason: java.io.EOFException[Remote socket closed!]
 INFO  [hz.ShutdownThread] {com.hazelcast.nio.TcpIpConnection} [127.0.0.1]:5709 [FenixFrameworkGroup] Connection [Address[127.0.0.1]:5708] lost. Reason: Explicit close
 INFO  [hz._hzInstance_1_FenixFrameworkGroup.IO.thread-in-0] {com.hazelcast.nio.TcpIpConnection} [127.0.0.1]:5709 [FenixFrameworkGroup] Connection [Address[127.0.0.1]:5706] lost. Reason: java.io.EOFException[Remote socket closed!]
 INFO  [hz.ShutdownThread] {com.hazelcast.nio.TcpIpConnection} [127.0.0.1]:5709 [FenixFrameworkGroup] Connection [Address[127.0.0.1]:5705] lost. Reason: Explicit close
 INFO  [hz._hzInstance_1_FenixFrameworkGroup.IO.thread-in-2] {com.hazelcast.nio.TcpIpConnection} [127.0.0.1]:5709 [FenixFrameworkGroup] Connection [Address[127.0.0.1]:5706] lost. Reason: java.io.EOFException[Remote socket closed!]
 INFO  [hz.ShutdownThread] {com.hazelcast.nio.TcpIpConnection} [127.0.0.1]:5709 [FenixFrameworkGroup] Connection [Address[127.0.0.1]:5704] lost. Reason: Explicit close
 INFO  [hz.ShutdownThread] {com.hazelcast.nio.TcpIpConnection} [127.0.0.1]:5709 [FenixFrameworkGroup] Connection [Address[127.0.0.1]:5703] lost. Reason: Explicit close
 INFO  [hz.ShutdownThread] {com.hazelcast.nio.TcpIpConnection} [127.0.0.1]:5709 [FenixFrameworkGroup] Connection [Address[127.0.0.1]:5704] lost. Reason: Explicit close
 INFO  [hz.ShutdownThread] {com.hazelcast.nio.TcpIpConnection} [127.0.0.1]:5709 [FenixFrameworkGroup] Connection [Address[127.0.0.1]:5705] lost. Reason: Explicit close
 INFO  [hz.ShutdownThread] {com.hazelcast.initializer} [127.0.0.1]:5709 [FenixFrameworkGroup] Destroying node initializer.
 INFO  [hz.ShutdownThread] {com.hazelcast.instance.Node} [127.0.0.1]:5709 [FenixFrameworkGroup] Hazelcast Shutdown is completed in 57 ms.
