/usr/java/jdk1.7.0_21/bin/java -server -Xmx1024M -Xms1024M -Dresolve.dns=false -Djgroups.timer.num_threads=4 -verbose:gc -Xmx5000M -Xms3000M -server -XX:+UseConcMarkSweepGC -XX:+AggressiveOpts -verbose:gc -XX:ParallelGCThreads=4 -XX:NewRatio=5 -XX:SurvivorRatio=2 -Dhazelcast.operation.thread.count=4 -Djava.net.preferIPv4Stack=true -Dlog4j.file.prefix=deimos-esw-12802 -Dbind.address= -Djgroups.bind_addr= -classpath /home/smf/github/radargun/target/distribution/RadarGun-1.1.0-SNAPSHOT/lib/activation-1.1.jar:/home/smf/github/radargun/target/distribution/RadarGun-1.1.0-SNAPSHOT/lib/commons-beanutils-1.8.0.jar:/home/smf/github/radargun/target/distribution/RadarGun-1.1.0-SNAPSHOT/lib/commons-digester-2.0.jar:/home/smf/github/radargun/target/distribution/RadarGun-1.1.0-SNAPSHOT/lib/commons-logging-1.1.1.jar:/home/smf/github/radargun/target/distribution/RadarGun-1.1.0-SNAPSHOT/lib/commons-math-1.2.jar:/home/smf/github/radargun/target/distribution/RadarGun-1.1.0-SNAPSHOT/lib/jboss-transaction-api-1.0.1.GA.jar:/home/smf/github/radargun/target/distribution/RadarGun-1.1.0-SNAPSHOT/lib/jcommon-1.0.15.jar:/home/smf/github/radargun/target/distribution/RadarGun-1.1.0-SNAPSHOT/lib/jfreechart-1.0.12.jar:/home/smf/github/radargun/target/distribution/RadarGun-1.1.0-SNAPSHOT/lib/log4j-1.2.14.jar:/home/smf/github/radargun/target/distribution/RadarGun-1.1.0-SNAPSHOT/lib/mail-1.4.2.jar:/home/smf/github/radargun/target/distribution/RadarGun-1.1.0-SNAPSHOT/lib/radargun-framework-1.1.0-SNAPSHOT.jar:/home/smf/github/radargun/target/distribution/RadarGun-1.1.0-SNAPSHOT/conf org.radargun.Slave -master 127.0.0.1:2103
--------------------------------------------------------------------------------
PerNodeRollingFileAppender::Using file prefix:deimos-esw-12802
 INFO  [main] {org.radargun.Slave} Attempting to connect to master 127.0.0.1:2103
 INFO  [main] {org.radargun.Slave} Successfully established connection with master at: 127.0.0.1:2103
Loading JARS from /home/smf/github/radargun/target/distribution/RadarGun-1.1.0-SNAPSHOT/lib/radargun-framework-1.1.0-SNAPSHOT.jar
 INFO  [pool-1-thread-1] {org.radargun.config.AnnotatedHelper} Loading JARS from /home/smf/github/radargun/target/distribution/RadarGun-1.1.0-SNAPSHOT/lib/radargun-framework-1.1.0-SNAPSHOT.jar
 INFO  [pool-1-thread-1] {org.radargun.config.AnnotatedHelper} Loading JARS from /home/smf/github/radargun/target/distribution/RadarGun-1.1.0-SNAPSHOT/lib/radargun-framework-1.1.0-SNAPSHOT.jar
 INFO  [pool-1-thread-1] {org.radargun.Slave} Executing stage: DestroyWrapper {enforceMemoryThrashHold=true, exitBenchmarkOnSlaveFailure=false, heapDumpDir=null, memoryThreshold=95, runOnAllSlaves=true, slaves=null, useSmartClassLoading=true }
 INFO  [pool-1-thread-1] {org.radargun.stages.DestroyWrapperStage} Received destroy cache wrapper request from master...
 INFO  [pool-1-thread-1] {org.radargun.stages.DestroyWrapperStage} No cache wrapper deployed on this slave, nothing to do.
 INFO  [pool-1-thread-1] {org.radargun.stages.DestroyWrapperStage} Before executing clear, memory looks like this: Memory - free: 2,928,638 kb - max:4,906,688 kb- total:2,944,000 kb
[Full GC 15361K->3631K(2944000K), 0.1021930 secs]
 INFO  [pool-1-thread-1] {org.radargun.stages.DestroyWrapperStage} After executing cleanup, memory looks like this: Memory - free: 2,935,311 kb - max:4,906,688 kb- total:2,944,064 kb
 INFO  [pool-1-thread-1] {org.radargun.Slave} Finished stage: DestroyWrapper {enforceMemoryThrashHold=true, exitBenchmarkOnSlaveFailure=false, heapDumpDir=null, memoryThreshold=95, runOnAllSlaves=true, slaves=null, useSmartClassLoading=true }
 INFO  [main] {org.radargun.Slave} Ack successfully sent to the master
 INFO  [pool-1-thread-1] {org.radargun.Slave} Executing stage: StartCluster {config=ispn52-repl-sync-rc.xml, delayAfterFirstSlaveStarts=5.000 secs, delayBetweenStartingSlaves=0.500 secs, exitBenchmarkOnSlaveFailure=true, expectNumSlaves=null, mayFailOn=null, reachable=null, runOnAllSlaves=false, slaves=null, staggerSlaveStartup=true, useSmartClassLoading=true, validateCluster=true }
 INFO  [pool-1-thread-1] {org.radargun.stages.StartClusterStage}  Startup staggering, starting 12 slaves. This is the slave with index 8. Sleeping for 9000 millis.
 INFO  [pool-1-thread-1] {org.radargun.stages.StartClusterStage} Ack master's StartCluster stage. Local address is: /127.0.0.1. This slave's index is: 8
 INFO  [pool-1-thread-1] {org.radargun.utils.ClassLoadHelper} Creating newInstance org.radargun.cachewrappers.FFWrapper with classloader java.net.URLClassLoader@52b2f956
 INFO  [pool-1-thread-1] {org.radargun.cachewrappers.FFWrapper} config=ispn52-repl-sync-rc.xml, isLocal=false, nodeIndex=8, confAttributes={name=ispn52-repl-sync-rc.xml, decorate=infinispan52}
 INFO  [pool-1-thread-1] {org.radargun.cachewrappers.FFWrapper} Found fenix framework config options in 'rg-fenix-framework-config-options.properties'.
 INFO  [pool-1-thread-1] {org.radargun.cachewrappers.FFWrapper} Setting extra config properties for Fenix Framework.
 INFO  [pool-1-thread-1] {org.radargun.cachewrappers.FFWrapper} Will initialize Fenix Framework with RadarGunDataGridConfig
 TRACE [pool-1-thread-1] {pt.ist.fenixframework.FenixFramework} Static initializer block for FenixFramework class [BEGIN]
 INFO  [pool-1-thread-1] {pt.ist.fenixframework.FenixFramework} Trying auto-initialization with configuration by convention
 INFO  [pool-1-thread-1] {pt.ist.fenixframework.FenixFramework} Resource 'fenix-framework.properties' not found
 DEBUG [pool-1-thread-1] {pt.ist.fenixframework.FenixFramework} Fenix Framework properties after reading default config file:{}
 DEBUG [pool-1-thread-1] {pt.ist.fenixframework.FenixFramework} CurrentBackEndName = jvstm-datagrid
 INFO  [pool-1-thread-1] {pt.ist.fenixframework.FenixFramework} Resource 'fenix-framework-jvstm-datagrid.properties' not found
 DEBUG [pool-1-thread-1] {pt.ist.fenixframework.FenixFramework} Fenix Framework properties after reading backend config file:{}
 DEBUG [pool-1-thread-1] {pt.ist.fenixframework.FenixFramework} Fenix Framework properties after enforcing system properties:{}
 INFO  [pool-1-thread-1] {pt.ist.fenixframework.FenixFramework} Skipping configuration by convention.
 TRACE [pool-1-thread-1] {pt.ist.fenixframework.FenixFramework} Static initializer block for FenixFramework class [END]
 INFO  [pool-1-thread-1] {pt.ist.fenixframework.FenixFramework} Initializing Fenix Framework with config.class=pt.ist.fenixframework.backend.jvstm.datagrid.radargun.RadarGunDataGridConfig
 INFO  [pool-1-thread-1] {pt.ist.fenixframework.backend.jvstm.cluster.JvstmClusterBackEnd} initializeGroupCommunication()
 INFO  [pool-1-thread-1] {com.hazelcast.config.ClasspathXmlConfig} Configuring Hazelcast from 'hazelcast-ff.xml'.
 INFO  [pool-1-thread-1] {com.hazelcast.instance.DefaultAddressPicker} Interfaces is disabled, trying to pick one address from TCP-IP config addresses: [127.0.0.1]
 INFO  [pool-1-thread-1] {com.hazelcast.instance.DefaultAddressPicker} Picked Address[127.0.0.1]:5709, using socket ServerSocket[addr=/0.0.0.0,localport=5709], bind any local is true
 INFO  [pool-1-thread-1] {com.hazelcast.system} [127.0.0.1]:5709 [FenixFrameworkGroup] Hazelcast Community Edition 3.0-RC1 (20130627) starting at Address[127.0.0.1]:5709
 INFO  [pool-1-thread-1] {com.hazelcast.system} [127.0.0.1]:5709 [FenixFrameworkGroup] Copyright (C) 2008-2013 Hazelcast.com
 INFO  [pool-1-thread-1] {com.hazelcast.core.LifecycleService} [127.0.0.1]:5709 [FenixFrameworkGroup] Address[127.0.0.1]:5709 is STARTING
 INFO  [pool-1-thread-1] {com.hazelcast.cluster.TcpIpJoiner} [127.0.0.1]:5709 [FenixFrameworkGroup] Connecting to possible member: Address[127.0.0.1]:5703
 INFO  [pool-1-thread-1] {com.hazelcast.cluster.TcpIpJoiner} [127.0.0.1]:5709 [FenixFrameworkGroup] Connecting to possible member: Address[127.0.0.1]:5702
 INFO  [pool-1-thread-1] {com.hazelcast.cluster.TcpIpJoiner} [127.0.0.1]:5709 [FenixFrameworkGroup] Connecting to possible member: Address[127.0.0.1]:5701
 INFO  [hz._hzInstance_1_FenixFrameworkGroup.cached.thread-1] {com.hazelcast.nio.SocketConnector} [127.0.0.1]:5709 [FenixFrameworkGroup] Connecting to /127.0.0.1:5701, timeout: 0, bind-any: true
 INFO  [hz._hzInstance_1_FenixFrameworkGroup.cached.thread-2] {com.hazelcast.nio.SocketConnector} [127.0.0.1]:5709 [FenixFrameworkGroup] Connecting to /127.0.0.1:5702, timeout: 0, bind-any: true
 INFO  [hz._hzInstance_1_FenixFrameworkGroup.cached.thread-3] {com.hazelcast.nio.SocketConnector} [127.0.0.1]:5709 [FenixFrameworkGroup] Connecting to /127.0.0.1:5703, timeout: 0, bind-any: true
 INFO  [hz._hzInstance_1_FenixFrameworkGroup.cached.thread-3] {com.hazelcast.nio.TcpIpConnectionManager} [127.0.0.1]:5709 [FenixFrameworkGroup] 47446 accepted socket connection from /127.0.0.1:5703
 INFO  [hz._hzInstance_1_FenixFrameworkGroup.cached.thread-1] {com.hazelcast.nio.TcpIpConnectionManager} [127.0.0.1]:5709 [FenixFrameworkGroup] 37886 accepted socket connection from /127.0.0.1:5701
 INFO  [hz._hzInstance_1_FenixFrameworkGroup.cached.thread-2] {com.hazelcast.nio.TcpIpConnectionManager} [127.0.0.1]:5709 [FenixFrameworkGroup] 39961 accepted socket connection from /127.0.0.1:5702
 INFO  [hz._hzInstance_1_FenixFrameworkGroup.cached.thread-3] {com.hazelcast.cluster.ClusterService} [127.0.0.1]:5709 [FenixFrameworkGroup] 

Members [12] {
	Member [127.0.0.1]:5701
	Member [127.0.0.1]:5702
	Member [127.0.0.1]:5704
	Member [127.0.0.1]:5705
	Member [127.0.0.1]:5706
	Member [127.0.0.1]:5703
	Member [127.0.0.1]:5707
	Member [127.0.0.1]:5708
	Member [127.0.0.1]:5709 this
	Member [127.0.0.1]:5710
	Member [127.0.0.1]:5711
	Member [127.0.0.1]:5712
}

 INFO  [hz._hzInstance_1_FenixFrameworkGroup.cached.thread-9] {com.hazelcast.nio.SocketConnector} [127.0.0.1]:5709 [FenixFrameworkGroup] Connecting to /127.0.0.1:5704, timeout: 0, bind-any: true
 INFO  [hz._hzInstance_1_FenixFrameworkGroup.cached.thread-1] {com.hazelcast.nio.SocketAcceptor} [127.0.0.1]:5709 [FenixFrameworkGroup] 5709 is accepting socket connection from /127.0.0.1:39881
 INFO  [hz._hzInstance_1_FenixFrameworkGroup.cached.thread-9] {com.hazelcast.nio.TcpIpConnectionManager} [127.0.0.1]:5709 [FenixFrameworkGroup] 42154 accepted socket connection from /127.0.0.1:5704
 INFO  [hz._hzInstance_1_FenixFrameworkGroup.cached.thread-5] {com.hazelcast.nio.SocketAcceptor} [127.0.0.1]:5709 [FenixFrameworkGroup] 5709 is accepting socket connection from /127.0.0.1:38276
 INFO  [hz._hzInstance_1_FenixFrameworkGroup.cached.thread-1] {com.hazelcast.nio.TcpIpConnectionManager} [127.0.0.1]:5709 [FenixFrameworkGroup] 5709 accepted socket connection from /127.0.0.1:39881
 INFO  [hz._hzInstance_1_FenixFrameworkGroup.cached.thread-1] {com.hazelcast.nio.SocketAcceptor} [127.0.0.1]:5709 [FenixFrameworkGroup] 5709 is accepting socket connection from /127.0.0.1:34912
 INFO  [hz._hzInstance_1_FenixFrameworkGroup.cached.thread-1] {com.hazelcast.nio.TcpIpConnectionManager} [127.0.0.1]:5709 [FenixFrameworkGroup] 5709 accepted socket connection from /127.0.0.1:34912
 INFO  [hz._hzInstance_1_FenixFrameworkGroup.cached.thread-5] {com.hazelcast.nio.TcpIpConnectionManager} [127.0.0.1]:5709 [FenixFrameworkGroup] 5709 accepted socket connection from /127.0.0.1:38276
 INFO  [hz._hzInstance_1_FenixFrameworkGroup.cached.thread-7] {com.hazelcast.nio.SocketConnector} [127.0.0.1]:5709 [FenixFrameworkGroup] Connecting to /127.0.0.1:5705, timeout: 0, bind-any: true
 INFO  [hz._hzInstance_1_FenixFrameworkGroup.cached.thread-1] {com.hazelcast.nio.SocketAcceptor} [127.0.0.1]:5709 [FenixFrameworkGroup] 5709 is accepting socket connection from /127.0.0.1:35289
 INFO  [hz._hzInstance_1_FenixFrameworkGroup.cached.thread-1] {com.hazelcast.nio.TcpIpConnectionManager} [127.0.0.1]:5709 [FenixFrameworkGroup] 5709 accepted socket connection from /127.0.0.1:35289
 INFO  [hz._hzInstance_1_FenixFrameworkGroup.cached.thread-7] {com.hazelcast.nio.TcpIpConnectionManager} [127.0.0.1]:5709 [FenixFrameworkGroup] 33519 accepted socket connection from /127.0.0.1:5705
 INFO  [hz._hzInstance_1_FenixFrameworkGroup.cached.thread-2] {com.hazelcast.nio.SocketConnector} [127.0.0.1]:5709 [FenixFrameworkGroup] Connecting to /127.0.0.1:5706, timeout: 0, bind-any: true
 INFO  [hz._hzInstance_1_FenixFrameworkGroup.cached.thread-8] {com.hazelcast.nio.SocketAcceptor} [127.0.0.1]:5709 [FenixFrameworkGroup] 5709 is accepting socket connection from /127.0.0.1:55245
 INFO  [hz._hzInstance_1_FenixFrameworkGroup.cached.thread-8] {com.hazelcast.nio.TcpIpConnectionManager} [127.0.0.1]:5709 [FenixFrameworkGroup] 5709 accepted socket connection from /127.0.0.1:55245
 INFO  [hz._hzInstance_1_FenixFrameworkGroup.cached.thread-5] {com.hazelcast.nio.SocketAcceptor} [127.0.0.1]:5709 [FenixFrameworkGroup] 5709 is accepting socket connection from /127.0.0.1:56679
 INFO  [hz._hzInstance_1_FenixFrameworkGroup.cached.thread-2] {com.hazelcast.nio.TcpIpConnectionManager} [127.0.0.1]:5709 [FenixFrameworkGroup] 50241 accepted socket connection from /127.0.0.1:5706
 INFO  [hz._hzInstance_1_FenixFrameworkGroup.cached.thread-4] {com.hazelcast.nio.SocketConnector} [127.0.0.1]:5709 [FenixFrameworkGroup] Connecting to /127.0.0.1:5707, timeout: 0, bind-any: true
 INFO  [hz._hzInstance_1_FenixFrameworkGroup.cached.thread-5] {com.hazelcast.nio.TcpIpConnectionManager} [127.0.0.1]:5709 [FenixFrameworkGroup] 5709 accepted socket connection from /127.0.0.1:56679
 INFO  [hz._hzInstance_1_FenixFrameworkGroup.cached.thread-8] {com.hazelcast.nio.SocketConnector} [127.0.0.1]:5709 [FenixFrameworkGroup] Connecting to /127.0.0.1:5708, timeout: 0, bind-any: true
 INFO  [hz._hzInstance_1_FenixFrameworkGroup.cached.thread-2] {com.hazelcast.nio.SocketConnector} [127.0.0.1]:5709 [FenixFrameworkGroup] Connecting to /127.0.0.1:5711, timeout: 0, bind-any: true
 INFO  [hz._hzInstance_1_FenixFrameworkGroup.cached.thread-9] {com.hazelcast.nio.SocketConnector} [127.0.0.1]:5709 [FenixFrameworkGroup] Connecting to /127.0.0.1:5710, timeout: 0, bind-any: true
 INFO  [hz._hzInstance_1_FenixFrameworkGroup.cached.thread-4] {com.hazelcast.nio.TcpIpConnectionManager} [127.0.0.1]:5709 [FenixFrameworkGroup] 35086 accepted socket connection from /127.0.0.1:5707
 INFO  [hz._hzInstance_1_FenixFrameworkGroup.cached.thread-2] {com.hazelcast.nio.TcpIpConnectionManager} [127.0.0.1]:5709 [FenixFrameworkGroup] 54325 accepted socket connection from /127.0.0.1:5711
 INFO  [hz._hzInstance_1_FenixFrameworkGroup.cached.thread-5] {com.hazelcast.nio.SocketAcceptor} [127.0.0.1]:5709 [FenixFrameworkGroup] 5709 is accepting socket connection from /127.0.0.1:33833
 INFO  [hz._hzInstance_1_FenixFrameworkGroup.cached.thread-8] {com.hazelcast.nio.TcpIpConnectionManager} [127.0.0.1]:5709 [FenixFrameworkGroup] 37522 accepted socket connection from /127.0.0.1:5708
 INFO  [hz._hzInstance_1_FenixFrameworkGroup.cached.thread-9] {com.hazelcast.nio.TcpIpConnectionManager} [127.0.0.1]:5709 [FenixFrameworkGroup] 44966 accepted socket connection from /127.0.0.1:5710
 INFO  [hz._hzInstance_1_FenixFrameworkGroup.cached.thread-5] {com.hazelcast.nio.TcpIpConnectionManager} [127.0.0.1]:5709 [FenixFrameworkGroup] 5709 accepted socket connection from /127.0.0.1:33833
 INFO  [hz._hzInstance_1_FenixFrameworkGroup.cached.thread-8] {com.hazelcast.nio.SocketAcceptor} [127.0.0.1]:5709 [FenixFrameworkGroup] 5709 is accepting socket connection from /127.0.0.1:54065
 INFO  [hz._hzInstance_1_FenixFrameworkGroup.cached.thread-8] {com.hazelcast.nio.TcpIpConnectionManager} [127.0.0.1]:5709 [FenixFrameworkGroup] 5709 accepted socket connection from /127.0.0.1:54065
 INFO  [pool-1-thread-1] {com.hazelcast.core.LifecycleService} [127.0.0.1]:5709 [FenixFrameworkGroup] Address[127.0.0.1]:5709 is STARTED
 INFO  [pool-1-thread-1] {pt.ist.fenixframework.backend.jvstm.cluster.ClusterUtils} Got (long) serverId: 7
 INFO  [pool-1-thread-1] {pt.ist.fenixframework.backend.jvstm.cluster.JvstmClusterBackEnd} This is NOT the first node.
 INFO  [pool-1-thread-1] {pt.ist.fenixframework.backend.jvstm.cluster.ClusterUtils} Waiting for startup from first node
 INFO  [pool-1-thread-1] {pt.ist.fenixframework.backend.jvstm.JVSTMBackEnd} initializeRepository()
 INFO  [pool-1-thread-1] {pt.ist.fenixframework.backend.jvstm.datagrid.radargun.DataGridDecorator} config=ispn52-repl-sync-rc.xml, isLocal=false, nodeIndex=8, confAttributes={name=ispn52-repl-sync-rc.xml}
 INFO  [pool-1-thread-1] {org.radargun.cachewrappers.InfinispanXSWrapper} Cannot find any site for slave index 8
[GC 259695K->13050K(2944064K), 0.0427650 secs]
 INFO  [pool-1-thread-1] {org.infinispan.remoting.transport.jgroups.JGroupsTransport} ISPN000078: Starting JGroups Channel
 WARN  [pool-1-thread-1] {org.jgroups.protocols.UDP} [JGRP00014] the send buffer of socket DatagramSocket was set to 640KB, but the OS only allocated 229.38KB. This might lead to performance problems. Please set your max send buffer in the OS correctly (e.g. net.core.wmem_max on Linux)
 WARN  [pool-1-thread-1] {org.jgroups.protocols.UDP} [JGRP00014] the receive buffer of socket DatagramSocket was set to 20MB, but the OS only allocated 229.38KB. This might lead to performance problems. Please set your max receive buffer in the OS correctly (e.g. net.core.rmem_max on Linux)
 WARN  [pool-1-thread-1] {org.jgroups.protocols.UDP} [JGRP00014] the send buffer of socket MulticastSocket was set to 640KB, but the OS only allocated 229.38KB. This might lead to performance problems. Please set your max send buffer in the OS correctly (e.g. net.core.wmem_max on Linux)
 WARN  [pool-1-thread-1] {org.jgroups.protocols.UDP} [JGRP00014] the receive buffer of socket MulticastSocket was set to 25MB, but the OS only allocated 229.38KB. This might lead to performance problems. Please set your max receive buffer in the OS correctly (e.g. net.core.rmem_max on Linux)
 INFO  [pool-1-thread-1] {org.infinispan.remoting.transport.jgroups.JGroupsTransport} ISPN000094: Received new cluster view: [deimos-esw-1852|5] [deimos-esw-1852, deimos-esw-43043, deimos-esw-64881, deimos-esw-44454, deimos-esw-42077, deimos-esw-40246, deimos-esw-53272, deimos-esw-29961, deimos-esw-58207]
 INFO  [pool-1-thread-1] {org.infinispan.remoting.transport.jgroups.JGroupsTransport} ISPN000079: Cache local address is deimos-esw-29961, physical addresses are [127.0.0.1:52007]
 INFO  [pool-1-thread-1] {org.infinispan.factories.GlobalComponentRegistry} ISPN000128: Infinispan version: Infinispan 'Delirium' 5.2.6.Final
 INFO  [Incoming-3,deimos-esw-29961] {org.infinispan.remoting.transport.jgroups.JGroupsTransport} ISPN000094: Received new cluster view: [deimos-esw-1852|6] [deimos-esw-1852, deimos-esw-43043, deimos-esw-64881, deimos-esw-44454, deimos-esw-42077, deimos-esw-40246, deimos-esw-53272, deimos-esw-29961, deimos-esw-58207, deimos-esw-12403]
 INFO  [pool-1-thread-1] {org.infinispan.transaction.lookup.JBossStandaloneJTAManagerLookup} ISPN000107: Retrieving transaction manager Transaction: unknown
 INFO  [Incoming-3,deimos-esw-29961] {org.infinispan.remoting.transport.jgroups.JGroupsTransport} ISPN000094: Received new cluster view: [deimos-esw-1852|7] [deimos-esw-1852, deimos-esw-43043, deimos-esw-64881, deimos-esw-44454, deimos-esw-42077, deimos-esw-40246, deimos-esw-53272, deimos-esw-29961, deimos-esw-58207, deimos-esw-12403, deimos-esw-20931, deimos-esw-27783]
 INFO  [pool-1-thread-1] {org.infinispan.jmx.CacheJmxRegistration} ISPN000031: MBeans were successfully registered to the platform MBean server.
 INFO  [pool-1-thread-1] {org.radargun.cachewrappers.InfinispanXSWrapper} Using transaction manager: Transaction: unknown
 INFO  [pool-1-thread-1] {org.radargun.cachewrappers.InfinispanXSWrapper} No RELAY2 protocol in XS wrapper
 INFO  [pool-1-thread-1] {org.radargun.cachewrappers.InfinispanXSWrapper} JGroups version: JGroups 3.2.7.Final
 INFO  [pool-1-thread-1] {org.radargun.cachewrappers.InfinispanXSWrapper} Using config attributes: {name=ispn52-repl-sync-rc.xml}
 INFO  [pool-1-thread-1] {pt.ist.fenixframework.backend.jvstm.datagrid.DataGridRepository} Initialization marker is present. Data Grid already existed.
 INFO  [pool-1-thread-1] {pt.ist.fenixframework.backend.jvstm.JVSTMBackEnd} initializeDomainClassInfos
 INFO  [pool-1-thread-1] {pt.ist.fenixframework.backend.jvstm.pstm.DomainClassInfo} serverId: 7, serverOidBase: 7000000000000
 INFO  [pool-1-thread-1] {pt.ist.fenixframework.backend.jvstm.pstm.DomainClassInfo} Existing domain class 'pt.ist.fenixframework.adt.bplustree.DomainLeafNode' with id '1'
 INFO  [pool-1-thread-1] {pt.ist.fenixframework.backend.jvstm.pstm.DomainClassInfo} Existing domain class 'pt.ist.fenixframework.adt.bplustree.AbstractNodeArray' with id 'a'
 INFO  [pool-1-thread-1] {pt.ist.fenixframework.backend.jvstm.pstm.DomainClassInfo} Existing domain class 'pt.ist.fenixframework.backend.jvstm.pstm.FenixFrameworkData' with id 'd'
 INFO  [pool-1-thread-1] {pt.ist.fenixframework.backend.jvstm.pstm.DomainClassInfo} Existing domain class 'pt.ist.fenixframework.adt.bplustree.BPlusTreeArray' with id '2'
 INFO  [pool-1-thread-1] {pt.ist.fenixframework.backend.jvstm.pstm.DomainClassInfo} Existing domain class 'pt.ist.fenixframework.adt.bplustree.DomainBPlusTree' with id 'e'
 INFO  [pool-1-thread-1] {pt.ist.fenixframework.backend.jvstm.pstm.DomainClassInfo} Existing domain class 'pt.ist.fenixframework.adt.bplustree.InnerNodeArray' with id 'b'
 INFO  [pool-1-thread-1] {pt.ist.fenixframework.backend.jvstm.pstm.DomainClassInfo} Existing domain class 'pt.ist.fenixframework.adt.linkedlist.LinkedList' with id '9'
 INFO  [pool-1-thread-1] {pt.ist.fenixframework.backend.jvstm.pstm.DomainClassInfo} Existing domain class 'pt.ist.fenixframework.adt.bplustree.LeafNode' with id '4'
 INFO  [pool-1-thread-1] {pt.ist.fenixframework.backend.jvstm.pstm.DomainClassInfo} Existing domain class 'pt.ist.fenixframework.backend.jvstm.pstm.TransactionStatisticsEntry' with id '5'
 INFO  [pool-1-thread-1] {pt.ist.fenixframework.backend.jvstm.pstm.DomainClassInfo} Existing domain class 'pt.ist.fenixframework.adt.bplustree.BPlusTree' with id '7'
 INFO  [pool-1-thread-1] {pt.ist.fenixframework.backend.jvstm.pstm.DomainClassInfo} Existing domain class 'pt.ist.fenixframework.adt.linkedlist.ListNode' with id '6'
 INFO  [pool-1-thread-1] {pt.ist.fenixframework.backend.jvstm.pstm.DomainClassInfo} Existing domain class 'pt.ist.fenixframework.DomainRoot' with id '0'
 INFO  [pool-1-thread-1] {pt.ist.fenixframework.backend.jvstm.pstm.DomainClassInfo} Existing domain class 'pt.ist.fenixframework.adt.bplustree.InnerNode' with id '8'
 INFO  [pool-1-thread-1] {pt.ist.fenixframework.backend.jvstm.pstm.DomainClassInfo} Existing domain class 'pt.ist.fenixframework.adt.bplustree.LeafNodeArray' with id 'c'
 INFO  [pool-1-thread-1] {pt.ist.fenixframework.backend.jvstm.pstm.DomainClassInfo} Existing domain class 'pt.ist.fenixframework.adt.bplustree.AbstractNode' with id 'f'
 INFO  [pool-1-thread-1] {pt.ist.fenixframework.backend.jvstm.pstm.DomainClassInfo} Existing domain class 'pt.ist.fenixframework.adt.bplustree.DomainInnerNode' with id '3'
 INFO  [pool-1-thread-1] {pt.ist.fenixframework.backend.jvstm.JVSTMBackEnd} setupJVSTM
 INFO  [pool-1-thread-1] {pt.ist.fenixframework.backend.jvstm.JVSTMBackEnd} Setting the last committed TX number to 2
 INFO  [pool-1-thread-1] {pt.ist.fenixframework.backend.jvstm.JVSTMBackEnd} createDomainRootIfNeeded
 INFO  [pool-1-thread-1] {pt.ist.fenixframework.backend.jvstm.JVSTMBackEnd} ensureFenixFrameworkDataExists
 INFO  [pool-1-thread-1] {pt.ist.fenixframework.hibernatesearch.HibernateSearchConfig} Resource 'fenix-framework-hibernate-search.properties' not found. Hibernate Search disabled
 INFO  [pool-1-thread-1] {pt.ist.fenixframework.FenixFramework} Initialization of Fenix Framework is now complete.
 INFO  [pool-1-thread-1] {org.radargun.cachewrappers.FFWrapper} FF STARTED=true
 INFO  [pool-1-thread-1] {org.radargun.stages.helpers.StartHelper} Number of members is the one expected: 12
 INFO  [pool-1-thread-1] {org.radargun.stages.StartClusterStage} Successfully started cache wrapper on slave 8: org.radargun.cachewrappers.FFWrapper@1f49f731
 INFO  [pool-1-thread-1] {org.radargun.Slave} Finished stage: StartCluster {config=ispn52-repl-sync-rc.xml, delayAfterFirstSlaveStarts=5.000 secs, delayBetweenStartingSlaves=0.500 secs, exitBenchmarkOnSlaveFailure=true, expectNumSlaves=null, mayFailOn=null, reachable=null, runOnAllSlaves=false, slaves=null, staggerSlaveStartup=true, useSmartClassLoading=true, validateCluster=true }
 INFO  [main] {org.radargun.Slave} Ack successfully sent to the master
 INFO  [pool-1-thread-1] {org.radargun.Slave} Executing stage: ClusterValidation {exitBenchmarkOnSlaveFailure=false, partialReplication=false, replicationTimeSleep=2000, replicationTryCount=60, runOnAllSlaves=false, slaves=null, useSmartClassLoading=true }
 INFO  [pool-1-thread-1] {org.radargun.stages.ClusterValidationStage} Number of caches that replicated here is 0
 INFO  [pool-1-thread-1] {org.radargun.stages.ClusterValidationStage} Replication test failed, 1 tries so far. Sleeping for 2 seconds and trying again.
 INFO  [pool-1-thread-1] {org.radargun.stages.ClusterValidationStage} Number of caches that replicated here is 11
 INFO  [pool-1-thread-1] {org.radargun.stages.ClusterValidationStage} Replication test successfully passed. partialReplication? false, replicationCount = 11
 INFO  [pool-1-thread-1] {org.radargun.stages.ClusterValidationStage} Confirm phase successful.
 INFO  [pool-1-thread-1] {org.radargun.Slave} Finished stage: ClusterValidation {exitBenchmarkOnSlaveFailure=false, partialReplication=false, replicationTimeSleep=2000, replicationTryCount=60, runOnAllSlaves=false, slaves=[ 0, 1, 2, 3, 4, 5, 6, 7, 8, 9, 10, 11 ], useSmartClassLoading=true }
 INFO  [main] {org.radargun.Slave} Ack successfully sent to the master
 INFO  [pool-1-thread-1] {org.radargun.Slave} Executing stage: StressTestWarmup {bulkSize=1, cacheSpecificKeyGenerator=false, commitTransactions=true, duration=1 mins 0 secs, entrySize=1000, exitBenchmarkOnSlaveFailure=false, fixedKeys=true, generateHistogramRange=false, keyGeneratorClass=org.radargun.stressors.StringKeyGenerator, keyGeneratorParam=null, loadAllKeys=false, numEntries=100, numOfThreads=4, numRequests=10000, numThreads=4, numberOfAttributes=100, numberOfRequests=10000, opsCountStatusLog=100000, poolKeys=true, preferAsyncOperations=false, removePercentage=0, replaceInvalidPercentage=40, runOnAllSlaves=false, sharedKeys=false, sizeOfAnAttribute=1000, slaves=null, transactionSize=50, useAtomics=false, useHistogramStatistics=false, useSimpleStatistics=true, useSmartClassLoading=true, useTransactions=null, writePercentage=20, writeTxPercentage=20 }
 INFO  [pool-1-thread-1] {org.radargun.stages.StressTestWarmupStage} Starting StressTestWarmupStage: StressTestWarmup {bulkSize=1, cacheSpecificKeyGenerator=false, commitTransactions=true, duration=1 mins 0 secs, entrySize=1000, exitBenchmarkOnSlaveFailure=false, fixedKeys=true, generateHistogramRange=false, keyGeneratorClass=org.radargun.stressors.StringKeyGenerator, keyGeneratorParam=null, loadAllKeys=false, numEntries=100, numOfThreads=4, numRequests=10000, numThreads=4, numberOfAttributes=100, numberOfRequests=10000, opsCountStatusLog=100000, poolKeys=true, preferAsyncOperations=false, removePercentage=0, replaceInvalidPercentage=40, runOnAllSlaves=false, sharedKeys=false, sizeOfAnAttribute=1000, slaves=null, transactionSize=50, useAtomics=false, useHistogramStatistics=false, useSimpleStatistics=true, useSmartClassLoading=true, useTransactions=null, writePercentage=20, writeTxPercentage=20 }
 INFO  [pool-1-thread-1] {org.radargun.stressors.StressTestStressor} Using key generator org.radargun.stressors.StringKeyGenerator, param null
 INFO  [pool-1-thread-1] {org.radargun.stressors.StressTestStressor} Executing: StressTestStressor{opsCountStatusLog=100000, numRequests=10000, numEntries=100, entrySize=1000, writePercentage=20, numThreads=4, cacheWrapper=org.radargun.cachewrappers.FFWrapper@1f49f731, nodeIndex=8, useTransactions=true, transactionSize=50, commitTransactions=true, durationMillis=60000}
 INFO  [pool-1-thread-1] {org.radargun.stressors.StressTestStressor} Cache wrapper info is: FFWrapper using infinispan52
[GC 269114K->21742K(2944064K), 0.0533650 secs]
[GC 277806K->16938K(2944064K), 0.0394260 secs]
[GC 273002K->20267K(2944064K), 0.0392490 secs]
 INFO  [pool-1-thread-1] {org.radargun.stressors.StressTestStressor} Started 4 stressor threads.
 INFO  [Stressor-0] {org.radargun.stressors.StressTestStressor} Number of ops executed so far: 1. Elapsed time: 0.001 secs. Remaining: 59.999 secs. Total: 1 mins 0 secs
[GC 276331K->22248K(2944064K), 0.0391160 secs]
[GC 278312K->25343K(2944064K), 0.0396800 secs]
[GC 281407K->29126K(2944064K), 0.0399490 secs]
[GC 285190K->35100K(2944064K), 0.0420520 secs]
[GC 291164K->41078K(2944064K), 0.0421360 secs]
[GC 297142K->47384K(2944064K), 0.0467780 secs]
 INFO  [Stressor-0] {org.radargun.stressors.StressTestStressor} Number of ops executed so far: 19650. Elapsed time: 20.024 secs. Remaining: 39.976 secs. Total: 1 mins 0 secs
[GC 303448K->54796K(2944064K), 0.0480860 secs]
[GC 310860K->62677K(2944064K), 0.0492900 secs]
[GC 318741K->61051K(2944064K), 0.0476550 secs]
[GC 317115K->58560K(2944064K), 0.0482740 secs]
[GC 314624K->73298K(2944064K), 0.0523410 secs]
 INFO  [Stressor-1] {org.radargun.stressors.StressTestStressor} Number of ops executed so far: 52450. Elapsed time: 40.030 secs. Remaining: 19.970 secs. Total: 1 mins 0 secs
[GC 329362K->85980K(2944064K), 0.0652700 secs]
[GC 342044K->70725K(2944064K), 0.0613110 secs]
[GC 326789K->76529K(2944064K), 0.0485790 secs]
[GC 332593K->77458K(2944064K), 0.0477360 secs]
[GC 333522K->77372K(2944064K), 0.0482410 secs]
[GC 333425K->84353K(2944064K), 0.0420840 secs]
 INFO  [Stressor-1] {org.radargun.stressors.StressTestStressor} Number of ops executed so far: 93050. Elapsed time: 1 mins 0 secs. Remaining: 0.000 secs. Total: 1 mins 0 secs
 INFO  [pool-1-thread-1] {org.radargun.stressors.StressTestStressor} Finished generating report. Test duration is: 1 mins 16 secs
 INFO  [pool-1-thread-1] {org.radargun.stages.StressTestWarmupStage} The warmup took: 76 seconds.
 INFO  [pool-1-thread-1] {org.radargun.Slave} Finished stage: StressTestWarmup {bulkSize=1, cacheSpecificKeyGenerator=false, commitTransactions=true, duration=1 mins 0 secs, entrySize=1000, exitBenchmarkOnSlaveFailure=false, fixedKeys=true, generateHistogramRange=false, keyGeneratorClass=org.radargun.stressors.StringKeyGenerator, keyGeneratorParam=null, loadAllKeys=false, numEntries=100, numOfThreads=4, numRequests=10000, numThreads=4, numberOfAttributes=100, numberOfRequests=10000, opsCountStatusLog=100000, poolKeys=true, preferAsyncOperations=false, removePercentage=0, replaceInvalidPercentage=40, runOnAllSlaves=false, sharedKeys=false, sizeOfAnAttribute=1000, slaves=null, transactionSize=50, useAtomics=false, useHistogramStatistics=false, useSimpleStatistics=true, useSmartClassLoading=true, useTransactions=null, writePercentage=20, writeTxPercentage=20 }
 INFO  [main] {org.radargun.Slave} Ack successfully sent to the master
[GC 340417K->84029K(2944064K), 0.0454400 secs]
[GC 340093K->89078K(2944064K), 0.0476020 secs]
[GC 345142K->79052K(2944064K), 0.0466610 secs]
[GC 335116K->79891K(2944064K), 0.0453700 secs]
[GC 335955K->80586K(2944064K), 0.0469760 secs]
[GC 336650K->81060K(2944064K), 0.0447930 secs]
[GC 337124K->71350K(2944064K), 0.0441350 secs]
[GC 327414K->84888K(2944064K), 0.0464680 secs]
[GC 340952K->85865K(2944064K), 0.0434820 secs]
[GC 341929K->84737K(2944064K), 0.0484130 secs]
[GC 340801K->87122K(2944064K), 0.0455550 secs]
[GC 343186K->90780K(2944064K), 0.0455520 secs]
[GC 346844K->94948K(2944064K), 0.0481200 secs]
[GC 351012K->99116K(2944064K), 0.0481710 secs]
[GC 355180K->103335K(2944064K), 0.0525280 secs]
[GC 359399K->107953K(2944064K), 0.0523960 secs]
[GC 364017K->108908K(2944064K), 0.0483130 secs]
[GC 364972K->113038K(2944064K), 0.0510710 secs]
 WARN  [hz._hzInstance_1_FenixFrameworkGroup.event] {com.hazelcast.spi.EventService} [127.0.0.1]:5709 [FenixFrameworkGroup] Caution: Off-load event processing to your own thread-pool, don't use event thread!
[GC 369102K->141067K(2944064K), 0.0517610 secs]
[GC 397118K->128008K(2944064K), 0.0553520 secs]
[GC 384070K->162201K(2944064K), 0.0661830 secs]
 INFO  [pool-1-thread-1] {org.radargun.Slave} Executing stage: ClearClusterStage {ClearCluster {exitBenchmarkOnSlaveFailure=false, runOnAllSlaves=false, slaves=[ 0 ], useSmartClassLoading=true }
 INFO  [pool-1-thread-1] {org.radargun.stages.ClearClusterStage} Before executing clear, memory looks like this: Memory - free: 2,716,102 kb - max:4,906,688 kb- total:2,944,064 kb
[Full GC 227961K->133092K(2944064K), 0.5607710 secs]
 INFO  [pool-1-thread-1] {org.radargun.stages.ClearClusterStage} After executing cleanup, memory looks like this: Memory - free: 2,809,776 kb - max:4,906,688 kb- total:2,944,192 kb
 INFO  [pool-1-thread-1] {org.radargun.Slave} Finished stage: ClearClusterStage {ClearCluster {exitBenchmarkOnSlaveFailure=false, runOnAllSlaves=false, slaves=[ 0 ], useSmartClassLoading=true }
 INFO  [main] {org.radargun.Slave} Ack successfully sent to the master
 INFO  [pool-1-thread-1] {org.radargun.Slave} Executing stage: StressTest {bulkSize=1, cacheSpecificKeyGenerator=false, commitTransactions=true, duration=1 mins 0 secs, entrySize=1000, exitBenchmarkOnSlaveFailure=false, fixedKeys=true, generateHistogramRange=false, keyGeneratorClass=org.radargun.stressors.StringKeyGenerator, keyGeneratorParam=null, loadAllKeys=false, numEntries=10000, numOfThreads=4, numRequests=10000000, numThreads=4, numberOfAttributes=10000, numberOfRequests=10000000, opsCountStatusLog=500000, poolKeys=true, preferAsyncOperations=false, removePercentage=0, replaceInvalidPercentage=40, runOnAllSlaves=false, sharedKeys=false, sizeOfAnAttribute=1000, slaves=null, transactionSize=10000, useAtomics=false, useHistogramStatistics=false, useSimpleStatistics=true, useSmartClassLoading=true, useTransactions=true, writePercentage=10, writeTxPercentage=50 }
 INFO  [pool-1-thread-1] {org.radargun.stages.StressTestStage} Starting StressTestStage: StressTest {bulkSize=1, cacheSpecificKeyGenerator=false, commitTransactions=true, duration=1 mins 0 secs, entrySize=1000, exitBenchmarkOnSlaveFailure=false, fixedKeys=true, generateHistogramRange=false, keyGeneratorClass=org.radargun.stressors.StringKeyGenerator, keyGeneratorParam=null, loadAllKeys=false, numEntries=10000, numOfThreads=4, numRequests=10000000, numThreads=4, numberOfAttributes=10000, numberOfRequests=10000000, opsCountStatusLog=500000, poolKeys=true, preferAsyncOperations=false, removePercentage=0, replaceInvalidPercentage=40, runOnAllSlaves=false, sharedKeys=false, sizeOfAnAttribute=1000, slaves=null, transactionSize=10000, useAtomics=false, useHistogramStatistics=false, useSimpleStatistics=true, useSmartClassLoading=true, useTransactions=true, writePercentage=10, writeTxPercentage=50 }
 INFO  [pool-1-thread-1] {org.radargun.stressors.StressTestStressor} Using key generator org.radargun.stressors.StringKeyGenerator, param null
 INFO  [pool-1-thread-1] {org.radargun.stressors.StressTestStressor} Executing: StressTestStressor{opsCountStatusLog=500000, numRequests=10000000, numEntries=10000, entrySize=1000, writePercentage=10, numThreads=4, cacheWrapper=org.radargun.cachewrappers.FFWrapper@1f49f731, nodeIndex=8, useTransactions=true, transactionSize=10000, commitTransactions=true, durationMillis=60000}
 INFO  [pool-1-thread-1] {org.radargun.stressors.StressTestStressor} Cache wrapper info is: FFWrapper using infinispan52
[GC 389220K->206079K(2944192K), 0.0350270 secs]
[GC 462207K->151788K(2944192K), 0.0307230 secs]
[GC 407916K->140205K(2944192K), 0.0322350 secs]
[GC 396333K->142903K(2944192K), 0.0307140 secs]
[GC 399031K->144864K(2944192K), 0.0293010 secs]
[GC 400992K->145264K(2944192K), 0.0313270 secs]
[GC 401392K->149935K(2944192K), 0.0324790 secs]
[GC 406063K->152684K(2944192K), 0.0330380 secs]
[GC 408812K->151981K(2944192K), 0.0336360 secs]
[GC 408109K->154006K(2944192K), 0.0347920 secs]
[GC 410134K->156162K(2944192K), 0.0348970 secs]
[GC 412290K->158572K(2944192K), 0.0359280 secs]
[GC 414700K->160913K(2944192K), 0.0391750 secs]
[GC 417041K->163835K(2944192K), 0.0351520 secs]
[GC 419963K->166338K(2944192K), 0.0393900 secs]
[GC 422466K->171685K(2944192K), 0.0471360 secs]
[GC 427813K->172985K(2944192K), 0.0407430 secs]
[GC 429113K->174544K(2944192K), 0.0415910 secs]
[GC 430672K->176175K(2944192K), 0.0434830 secs]
[GC 432303K->177821K(2944192K), 0.0432800 secs]
[GC 433949K->179862K(2944192K), 0.0458790 secs]
[GC 435990K->175499K(2944192K), 0.0460370 secs]
[GC 431627K->177212K(2944192K), 0.0463690 secs]
[GC 433340K->179024K(2944192K), 0.0457410 secs]
[GC 435152K->180651K(2944192K), 0.0408900 secs]
[GC 436779K->181114K(2944192K), 0.0427690 secs]
[GC 437242K->188983K(2944192K), 0.0410720 secs]
[GC 445111K->191646K(2944192K), 0.0425840 secs]
[GC 447774K->193239K(2944192K), 0.0392930 secs]
[GC 449367K->194895K(2944192K), 0.0438640 secs]
[GC 451023K->196657K(2944192K), 0.0409970 secs]
[GC 452785K->198576K(2944192K), 0.0422920 secs]
[GC 454704K->200430K(2944192K), 0.0734650 secs]
[GC 456558K->202957K(2944192K), 0.0450080 secs]
[GC 459085K->205108K(2944192K), 0.0479690 secs]
[GC 461236K->206928K(2944192K), 0.0431670 secs]
[GC 463056K->208634K(2944192K), 0.0542140 secs]
[GC 464762K->210063K(2944192K), 0.0458340 secs]
[GC 466191K->210199K(2944192K), 0.0446650 secs]
[GC 466327K->211893K(2944192K), 0.0443680 secs]
[GC 468021K->214067K(2944192K), 0.0466730 secs]
[GC 470195K->216184K(2944192K), 0.0430460 secs]
[GC 472312K->218096K(2944192K), 0.0426180 secs]
[GC 474224K->219699K(2944192K), 0.0431820 secs]
[GC 475827K->214623K(2944192K), 0.0442580 secs]
[GC 470751K->216723K(2944192K), 0.0443120 secs]
[GC 472851K->218630K(2944192K), 0.0471240 secs]
[GC 474758K->228131K(2944192K), 0.0447040 secs]
[GC 484259K->222239K(2944192K), 0.0482810 secs]
[GC 478367K->228556K(2944192K), 0.0448740 secs]
[GC 484684K->237164K(2944192K), 0.0430980 secs]
[GC 493292K->225787K(2944192K), 0.0460660 secs]
[GC 481915K->238187K(2944192K), 0.0458020 secs]
[GC 494315K->243965K(2944192K), 0.0433190 secs]
[GC 500093K->236884K(2944192K), 0.0430150 secs]
[GC 493012K->237937K(2944192K), 0.0462980 secs]
[GC 494065K->243043K(2944192K), 0.0436100 secs]
[GC 499171K->246103K(2944192K), 0.0477150 secs]
[GC 502231K->248611K(2944192K), 0.0457370 secs]
[GC 504739K->250718K(2944192K), 0.0423020 secs]
[GC 506846K->250332K(2944192K), 0.0434930 secs]
[GC 506460K->251494K(2944192K), 0.0466440 secs]
[GC 507622K->253467K(2944192K), 0.0466980 secs]
[GC 509595K->248626K(2944192K), 0.0519300 secs]
[GC 504754K->251127K(2944192K), 0.0536540 secs]
[GC 507255K->253543K(2944192K), 0.0532100 secs]
[GC 509671K->254990K(2944192K), 0.0533730 secs]
[GC 511118K->256925K(2944192K), 0.0508990 secs]
[GC 513053K->259383K(2944192K), 0.0532010 secs]
[GC 515511K->261609K(2944192K), 0.0486670 secs]
[GC 517737K->263607K(2944192K), 0.0466080 secs]
[GC 519735K->264157K(2944192K), 0.0475690 secs]
[GC 520285K->272083K(2944192K), 0.0505820 secs]
[GC 528211K->274184K(2944192K), 0.0524850 secs]
[GC 530312K->276796K(2944192K), 0.0527640 secs]
[GC 532924K->279631K(2944192K), 0.0525250 secs]
[GC 535759K->281530K(2944192K), 0.0524490 secs]
[GC 537658K->283688K(2944192K), 0.0476510 secs]
[GC 539816K->285838K(2944192K), 0.0494040 secs]
[GC 541966K->287705K(2944192K), 0.0495610 secs]
[GC 543833K->289565K(2944192K), 0.0440640 secs]
[GC 545693K->284162K(2944192K), 0.0467420 secs]
[GC 540290K->284907K(2944192K), 0.0459830 secs]
[GC 541035K->285424K(2944192K), 0.0441390 secs]
[GC 541552K->293777K(2944192K), 0.0474300 secs]
[GC 549905K->296801K(2944192K), 0.0429380 secs]
[GC 552929K->299436K(2944192K), 0.0479550 secs]
[GC 555564K->294218K(2944192K), 0.0476530 secs]
[GC 550346K->296388K(2944192K), 0.0446200 secs]
[GC 552516K->298425K(2944192K), 0.0442530 secs]
[GC 554553K->300246K(2944192K), 0.0435230 secs]
[GC 556374K->302413K(2944192K), 0.0441780 secs]
[GC 558541K->304253K(2944192K), 0.0425840 secs]
[GC 560381K->312299K(2944192K), 0.0472320 secs]
[GC 568426K->313131K(2944192K), 0.0445760 secs]
[GC 569259K->315013K(2944192K), 0.0475800 secs]
[GC 571141K->324818K(2944192K), 0.0512670 secs]
[GC 580946K->312451K(2944192K), 0.0498000 secs]
[GC 568579K->325025K(2944192K), 0.0489280 secs]
[GC 581153K->331136K(2944192K), 0.0458480 secs]
[GC 587264K->318194K(2944192K), 0.0469520 secs]
[GC 574322K->330566K(2944192K), 0.0447590 secs]
[GC 586694K->329644K(2944192K), 0.0467380 secs]
[GC 585772K->332264K(2944192K), 0.0445160 secs]
[GC 588392K->325962K(2944192K), 0.0428250 secs]
[GC 582090K->327498K(2944192K), 0.0466950 secs]
[GC 583626K->335990K(2944192K), 0.0476440 secs]
[GC 592118K->338147K(2944192K), 0.0509240 secs]
[GC 594275K->340436K(2944192K), 0.0472600 secs]
[GC 596564K->343004K(2944192K), 0.0482200 secs]
[GC 599132K->344972K(2944192K), 0.0473520 secs]
[GC 601100K->346834K(2944192K), 0.0441410 secs]
[GC 602962K->348543K(2944192K), 0.0450870 secs]
[GC 604671K->343217K(2944192K), 0.0418770 secs]
[GC 599345K->345156K(2944192K), 0.0417840 secs]
[GC 601284K->346190K(2944192K), 0.0475230 secs]
[GC 602318K->348154K(2944192K), 0.0415510 secs]
[GC 604282K->355783K(2944192K), 0.0526360 secs]
[GC 611911K->372028K(2944192K), 0.0595380 secs]
[GC 628156K->386521K(2944192K), 0.0617260 secs]
[GC 642649K->408146K(2944192K), 0.0673620 secs]
[GC 664274K->432817K(2944192K), 0.0724850 secs]
[GC 688945K->451574K(2944192K), 0.0854040 secs]
[GC 707702K->446589K(2944192K), 0.0937330 secs]
[GC 702717K->454093K(2944192K), 0.0705220 secs]
[GC 710221K->493518K(2944192K), 0.0630970 secs]
[GC 749646K->466754K(2944192K), 0.0788800 secs]
[GC 722882K->521579K(2944192K), 0.0812150 secs]
[GC 777707K->497799K(2944192K), 0.0765220 secs]
[GC 753927K->545621K(2944192K), 0.0710180 secs]
[GC 801711K->520754K(2944192K), 0.0719760 secs]
[GC 776882K->570184K(2944192K), 0.0707420 secs]
[GC 824285K->543824K(2944192K), 0.0734770 secs]
[GC 798484K->594259K(2944192K), 0.0753220 secs]
[GC 850387K->569566K(2944192K), 0.0684210 secs]
[GC 825694K->570829K(2944192K), 0.0800040 secs]
[GC 826957K->628421K(2944192K), 0.0582160 secs]
[GC 884549K->599358K(2944192K), 0.0716040 secs]
[GC 855486K->654627K(2944192K), 0.0708630 secs]
[GC 910755K->630240K(2944192K), 0.0752260 secs]
[GC 886357K->679323K(2944192K), 0.0718150 secs]
[GC 935451K->652502K(2944192K), 0.0701650 secs]
[GC 908578K->692769K(2944192K), 0.0722870 secs]
[GC 948897K->695129K(2944192K), 0.0729810 secs]
[GC 951257K->711079K(2944192K), 0.0785000 secs]
[GC 967207K->704042K(2944192K), 0.0742020 secs]
[GC 960009K->734111K(2944192K), 0.0832350 secs]
[GC 990239K->748042K(2944192K), 0.0779990 secs]
[GC 1004144K->742075K(2944192K), 0.0779780 secs]
[GC 998203K->786879K(2944192K), 0.0824880 secs]
[GC 1043007K->764947K(2944192K), 0.0862830 secs]
[GC 1021075K->762571K(2944192K), 0.0550830 secs]
[GC 1018699K->775088K(2944192K), 0.0577670 secs]
[GC 1031216K->808693K(2944192K), 0.0570450 secs]
[GC 1064821K->780714K(2944192K), 0.0740980 secs]
[GC 1036842K->788784K(2944192K), 0.0563200 secs]
[GC 1044912K->797638K(2944192K), 0.0579510 secs]
[GC 1053766K->804926K(2944192K), 0.0591820 secs]
[GC 1061054K->796040K(2944192K), 0.0742590 secs]
 INFO  [pool-1-thread-1] {org.radargun.stressors.StressTestStressor} Started 4 stressor threads.
 INFO  [Stressor-3] {org.radargun.stressors.StressTestStressor} Number of ops executed so far: 1. Elapsed time: 0.000 secs. Remaining: 1 mins 0 secs. Total: 1 mins 0 secs
[GC 1052168K->798777K(2944192K), 0.0597450 secs]
[GC 1054905K->845422K(2944192K), 0.0749400 secs]
[GC 1101529K->871212K(2944192K), 0.0975790 secs]
[GC 1127340K->858109K(2944192K), 0.0684840 secs]
[GC 1114187K->885945K(2944192K), 0.0728040 secs]
[GC 1142073K->865633K(2944192K), 0.1340210 secs]
[GC 1121761K->901394K(2944192K), 0.0601130 secs]
[GC 1156440K->894475K(2944192K), 0.0774850 secs]
[GC 1150603K->899431K(2944192K), 0.0616130 secs]
[GC 1154353K->926559K(2944192K), 0.0633740 secs]
[GC 1182687K->926949K(2944192K), 0.0649000 secs]
[GC 1182435K->937928K(2944192K), 0.0626590 secs]
[GC 1194056K->944679K(2944192K), 0.0560270 secs]
[GC 1200807K->954314K(2944192K), 0.0699530 secs]
[GC 1210442K->970257K(2944192K), 0.0577840 secs]
[GC 1226385K->980704K(2944192K), 0.0657270 secs]
 INFO  [Stressor-0] {org.radargun.stressors.StressTestStressor} Number of ops executed so far: 440000. Elapsed time: 20.073 secs. Remaining: 39.927 secs. Total: 1 mins 0 secs
[GC 1236788K->987360K(2944192K), 0.0678580 secs]
[GC 1243488K->1001038K(2944192K), 0.0634270 secs]
[GC 1255398K->1037357K(2944192K), 0.0696960 secs]
[GC 1293485K->1043808K(2944192K), 0.0736520 secs]
[GC 1299936K->1052948K(2944192K), 0.0687970 secs]
[GC 1309076K->1062026K(2944192K), 0.0655140 secs]
[GC 1318154K->1058065K(2944192K), 0.0629180 secs]
[GC 1314193K->1080069K(2944192K), 0.0631360 secs]
[GC 1335949K->1088598K(2944192K), 0.0602210 secs]
[GC 1344670K->1094161K(2944192K), 0.0567910 secs]
[GC 1350289K->1117559K(2944192K), 0.0686170 secs]
[GC 1373320K->1101169K(2944192K), 0.0665880 secs]
[GC 1357297K->1134443K(2944192K), 0.0636010 secs]
 WARN  [hz._hzInstance_1_FenixFrameworkGroup.event] {com.hazelcast.spi.EventService} [127.0.0.1]:5709 [FenixFrameworkGroup] Caution: Off-load event processing to your own thread-pool, don't use event thread!
[GC 1390571K->1148342K(2944192K), 0.0651820 secs]
[GC 1404470K->1153115K(2944192K), 0.0836690 secs]
[GC 1409243K->1162935K(2944192K), 0.0640810 secs]
 INFO  [Stressor-0] {org.radargun.stressors.StressTestStressor} Number of ops executed so far: 930000. Elapsed time: 40.212 secs. Remaining: 19.788 secs. Total: 1 mins 0 secs
[GC 1419063K->1183831K(2944192K), 0.0651600 secs]
[GC 1439931K->1184677K(2944192K), 0.0607670 secs]
[GC 1440805K->1193932K(2944192K), 0.0670340 secs]
[GC 1450030K->1208742K(2944192K), 0.0603570 secs]
[GC 1464817K->1207199K(2944192K), 0.0633660 secs]
[GC 1463327K->1232633K(2944192K), 0.0554650 secs]
[GC 1488761K->1242681K(2944192K), 0.0673030 secs]
[GC 1497688K->1245167K(2944192K), 0.0702660 secs]
[GC 1501295K->1236131K(2944192K), 0.0655450 secs]
[GC 1492207K->1297025K(2944192K), 0.0703810 secs]
[GC 1553153K->1292793K(2944192K), 0.0721270 secs]
[GC 1548677K->1284925K(2944192K), 0.0597670 secs]
[GC 1541052K->1302203K(2944192K), 0.0609850 secs]
[GC 1558331K->1307411K(2944192K), 0.0571630 secs]
[GC 1563521K->1319765K(2944192K), 0.0554230 secs]
[GC 1575893K->1326565K(2944192K), 0.0655820 secs]
 INFO  [Stressor-1] {org.radargun.stressors.StressTestStressor} Number of ops executed so far: 1240000. Elapsed time: 1 mins 0 secs. Remaining: 0.000 secs. Total: 1 mins 0 secs
[GC 1582693K->1333118K(2944192K), 0.0665980 secs]
 INFO  [pool-1-thread-1] {org.radargun.stressors.StressTestStressor} Finished generating report. Test duration is: 10 mins 6 secs
 INFO  [pool-1-thread-1] {org.radargun.stages.StressTestStage} size info: FFWrapper using infinispan52, clusterSize:12, nodeIndex:8, cacheSize: -1
 INFO  [pool-1-thread-1] {org.radargun.Slave} Finished stage: StressTest {bulkSize=1, cacheSpecificKeyGenerator=false, commitTransactions=true, duration=1 mins 0 secs, entrySize=1000, exitBenchmarkOnSlaveFailure=false, fixedKeys=true, generateHistogramRange=false, keyGeneratorClass=org.radargun.stressors.StringKeyGenerator, keyGeneratorParam=null, loadAllKeys=false, numEntries=10000, numOfThreads=4, numRequests=10000000, numThreads=4, numberOfAttributes=10000, numberOfRequests=10000000, opsCountStatusLog=500000, poolKeys=true, preferAsyncOperations=false, removePercentage=0, replaceInvalidPercentage=40, runOnAllSlaves=false, sharedKeys=false, sizeOfAnAttribute=1000, slaves=null, transactionSize=10000, useAtomics=false, useHistogramStatistics=false, useSimpleStatistics=true, useSmartClassLoading=true, useTransactions=true, writePercentage=10, writeTxPercentage=50 }
 INFO  [main] {org.radargun.Slave} Ack successfully sent to the master
[GC 1589246K->1342660K(2944192K), 0.0609210 secs]
[GC 1598788K->1346002K(2944192K), 0.0590710 secs]
[GC 1346255K(2944192K), 0.0138980 secs]
[GC 1602129K->1332389K(2944192K), 0.0433740 secs]
[GC 1385431K(2944192K), 0.0357050 secs]
[GC 1189123K->935528K(2944192K), 0.0427690 secs]
[GC 1191656K->936527K(2944192K), 0.0433260 secs]
[GC 1192655K->937885K(2944192K), 0.0452190 secs]
[GC 1194013K->939299K(2944192K), 0.0407500 secs]
[GC 1195427K->940854K(2944192K), 0.0438340 secs]
[GC 1196982K->926016K(2944192K), 0.0407160 secs]
[GC 1182144K->927530K(2944192K), 0.0540790 secs]
[GC 1183658K->929074K(2944192K), 0.0393210 secs]
[GC 1185202K->930705K(2944192K), 0.0571450 secs]
[GC 1186833K->932304K(2944192K), 0.0405020 secs]
[GC 1188432K->928707K(2944192K), 0.0464610 secs]
[GC 1184835K->928222K(2944192K), 0.0801290 secs]
[GC 1184350K->927382K(2944192K), 0.0389900 secs]
[GC 1183510K->926453K(2944192K), 0.0342540 secs]
[GC 1182581K->926951K(2944192K), 0.0344680 secs]
[GC 1183079K->931247K(2944192K), 0.0385710 secs]
[GC 1187375K->932103K(2944192K), 0.0378910 secs]
[GC 1188231K->933077K(2944192K), 0.0329570 secs]
[GC 1189205K->934029K(2944192K), 0.0354470 secs]
[GC 1190157K->938508K(2944192K), 0.0387840 secs]
[GC 1194636K->934626K(2944192K), 0.0636300 secs]
[GC 1190754K->938186K(2944192K), 0.0338300 secs]
[GC 1194314K->940944K(2944192K), 0.0356970 secs]
[GC 1197072K->935130K(2944192K), 0.0349600 secs]
[GC 1191258K->941051K(2944192K), 0.0362580 secs]
[GC 1197179K->943759K(2944192K), 0.0371510 secs]
[GC 1199887K->937998K(2944192K), 0.0332610 secs]
[GC 1194126K->937421K(2944192K), 0.0573260 secs]
[GC 1193549K->943099K(2944192K), 0.0383610 secs]
[GC 1199227K->944362K(2944192K), 0.0344280 secs]
[GC 1200490K->941728K(2944192K), 0.0356870 secs]
[GC 1197856K->946430K(2944192K), 0.0352590 secs]
[GC 1202558K->950927K(2944192K), 0.0341990 secs]
[GC 1207055K->944690K(2944192K), 0.0351500 secs]
[GC 1200818K->953676K(2944192K), 0.0378440 secs]
[GC 1209804K->945834K(2944192K), 0.0384520 secs]
[GC 1201962K->955548K(2944192K), 0.0388470 secs]
[GC 1211676K->947804K(2944192K), 0.0379790 secs]
[GC 1203932K->957556K(2944192K), 0.0361740 secs]
[GC 1213684K->949722K(2944192K), 0.0366640 secs]
[GC 1205850K->959521K(2944192K), 0.0369600 secs]
[GC 1215649K->951741K(2944192K), 0.0353920 secs]
[GC 1207869K->961492K(2944192K), 0.0383810 secs]
[GC 1217620K->953637K(2944192K), 0.0602430 secs]
[GC 1209765K->960179K(2944192K), 0.0486700 secs]
[GC 1216307K->959567K(2944192K), 0.0407130 secs]
[GC 1215695K->957277K(2944192K), 0.0356310 secs]
[GC 1213405K->962017K(2944192K), 0.0362330 secs]
[GC 1218145K->963060K(2944192K), 0.0346160 secs]
[GC 1219188K->964129K(2944192K), 0.0472100 secs]
[GC 1220257K->965140K(2944192K), 0.0349090 secs]
[GC 1221268K->969981K(2944192K), 0.0467800 secs]
[GC 1226109K->963431K(2944192K), 0.0378300 secs]
[GC 1219559K->972924K(2944192K), 0.0343630 secs]
[GC 1229052K->964773K(2944192K), 0.0367000 secs]
[GC 1220901K->971547K(2944192K), 0.0389520 secs]
[GC 1227675K->974597K(2944192K), 0.0372940 secs]
[GC 1230725K->970817K(2944192K), 0.0774140 secs]
[GC 1226945K->974913K(2944192K), 0.0366590 secs]
[GC 1231041K->973955K(2944192K), 0.0382420 secs]
[GC 1230083K->975431K(2944192K), 0.0353910 secs]
[GC 1231559K->976543K(2944192K), 0.0356860 secs]
[GC 1232671K->977584K(2944192K), 0.0361970 secs]
[GC 1233712K->982593K(2944192K), 0.0674680 secs]
[GC 1238721K->975672K(2944192K), 0.0335140 secs]
[GC 1231800K->985448K(2944192K), 0.0669870 secs]
[GC 1241576K->976923K(2944192K), 0.0365520 secs]
[GC 1233051K->983812K(2944192K), 0.0372310 secs]
[GC 1239940K->986923K(2944192K), 0.0379880 secs]
[GC 1243051K->980649K(2944192K), 0.0359640 secs]
[GC 1236777K->990816K(2944192K), 0.0763350 secs]
[GC 1246944K->982290K(2944192K), 0.0356850 secs]
[GC 1238418K->989165K(2944192K), 0.0365870 secs]
[GC 1245293K->992321K(2944192K), 0.0369070 secs]
[GC 1248449K->986059K(2944192K), 0.0369040 secs]
[GC 1242187K->996145K(2944192K), 0.0392420 secs]
[GC 1252273K->987608K(2944192K), 0.0405990 secs]
[GC 1243736K->998340K(2944192K), 0.0379450 secs]
[GC 1254468K->989676K(2944192K), 0.0354700 secs]
[GC 1245804K->996758K(2944192K), 0.0357600 secs]
[GC 1252886K->996080K(2944192K), 0.0343140 secs]
[GC 1252208K->997664K(2944192K), 0.0371520 secs]
[GC 1253792K->994820K(2944192K), 0.0365950 secs]
[GC 1250948K->1004189K(2944192K), 0.0383220 secs]
[GC 1260317K->997153K(2944192K), 0.0399860 secs]
[GC 1253281K->1007449K(2944192K), 0.0342560 secs]
[GC 1263577K->1001096K(2944192K), 0.0359730 secs]
[GC 1257224K->1009868K(2944192K), 0.0375860 secs]
[GC 1265996K->1003440K(2944192K), 0.0388820 secs]
[GC 1259568K->1012110K(2944192K), 0.0503450 secs]
[GC 1268238K->1003164K(2944192K), 0.0391670 secs]
[GC 1259292K->1014325K(2944192K), 0.0398860 secs]
[GC 1270453K->1005262K(2944192K), 0.0370770 secs]
[GC 1261390K->1012874K(2944192K), 0.0355830 secs]
[GC 1269002K->1016313K(2944192K), 0.0368910 secs]
[GC 1272441K->1009350K(2944192K), 0.0635040 secs]
[GC 1265478K->1016405K(2944192K), 0.0571580 secs]
[GC 1272533K->1015403K(2944192K), 0.0381990 secs]
[GC 1271531K->1016908K(2944192K), 0.0384060 secs]
[GC 1273036K->1022472K(2944192K), 0.0359110 secs]
[GC 1278600K->1015200K(2944192K), 0.0377340 secs]
[GC 1271328K->1025770K(2944192K), 0.0369350 secs]
[GC 1281898K->1016467K(2944192K), 0.0376040 secs]
[GC 1272595K->1027626K(2944192K), 0.0674360 secs]
[GC 1283754K->1018522K(2944192K), 0.0384520 secs]
[GC 1274650K->1029723K(2944192K), 0.0394470 secs]
[GC 1285851K->1020779K(2944192K), 0.0454890 secs]
[GC 1276907K->1028250K(2944192K), 0.0348860 secs]
[GC 1284378K->1027430K(2944192K), 0.0378420 secs]
[GC 1283558K->1024732K(2944192K), 0.0654890 secs]
[GC 1280860K->1026026K(2944192K), 0.0674430 secs]
[GC 1282154K->1027222K(2944192K), 0.0429740 secs]
[GC 1283350K->1028416K(2944192K), 0.0451500 secs]
[GC 1284544K->1029688K(2944192K), 0.0385490 secs]
[GC 1285816K->1030833K(2944192K), 0.0359840 secs]
[GC 1286961K->1036215K(2944192K), 0.0387650 secs]
[GC 1292343K->1037289K(2944192K), 0.0422560 secs]
[GC 1293417K->1038555K(2944192K), 0.0366000 secs]
[GC 1294683K->1039826K(2944192K), 0.0590380 secs]
[GC 1295954K->1041224K(2944192K), 0.0387140 secs]
[GC 1297352K->1037886K(2944192K), 0.0387260 secs]
[GC 1294014K->1043520K(2944192K), 0.0359750 secs]
[GC 1299648K->1044538K(2944192K), 0.0373440 secs]
[GC 1300666K->1045744K(2944192K), 0.0371480 secs]
[GC 1301872K->1046984K(2944192K), 0.0379550 secs]
[GC 1303112K->1048427K(2944192K), 0.0402580 secs]
[GC 1304555K->1049499K(2944192K), 0.0379690 secs]
[GC 1305627K->1050689K(2944192K), 0.0373110 secs]
[GC 1306817K->1051864K(2944192K), 0.0388790 secs]
[GC 1307992K->1053039K(2944192K), 0.0618080 secs]
[GC 1309167K->1054189K(2944192K), 0.0514350 secs]
[GC 1310317K->1055576K(2944192K), 0.0379810 secs]
[GC 1311704K->1056770K(2944192K), 0.0407480 secs]
[GC 1312898K->1058107K(2944192K), 0.0405130 secs]
[GC 1314235K->1054643K(2944192K), 0.0482770 secs]
[GC 1310771K->1060492K(2944192K), 0.0391590 secs]
[GC 1316620K->1057028K(2944192K), 0.0421200 secs]
[GC 1313156K->1067654K(2944192K), 0.0378690 secs]
[GC 1323782K->1059595K(2944192K), 0.0463540 secs]
[GC 1315723K->1067211K(2944192K), 0.0752820 secs]
[GC 1323339K->1065899K(2944192K), 0.0422430 secs]
[GC 1322027K->1062934K(2944192K), 0.0375730 secs]
[GC 1319062K->1073369K(2944192K), 0.0625500 secs]
[GC 1329497K->1065442K(2944192K), 0.0641890 secs]
[GC 1321570K->1076972K(2944192K), 0.0386810 secs]
[GC 1333100K->1067024K(2944192K), 0.0546730 secs]
[GC 1323152K->1075242K(2944192K), 0.0408720 secs]
[GC 1331370K->1078712K(2944192K), 0.0398820 secs]
[GC 1334840K->1071307K(2944192K), 0.0392870 secs]
[GC 1327435K->1079206K(2944192K), 0.0389050 secs]
[GC 1335334K->1078167K(2944192K), 0.0378010 secs]
[GC 1334295K->1084782K(2944192K), 0.0366860 secs]
[GC 1340910K->1076631K(2944192K), 0.0378770 secs]
[GC 1332759K->1088390K(2944192K), 0.0388080 secs]
[GC 1344518K->1080872K(2944192K), 0.0380780 secs]
[GC 1337000K->1090701K(2944192K), 0.0370250 secs]
[GC 1346829K->1080566K(2944192K), 0.0375110 secs]
[GC 1336694K->1088989K(2944192K), 0.0350000 secs]
[GC 1345117K->1087987K(2944192K), 0.0408310 secs]
[GC 1344115K->1089669K(2944192K), 0.0398660 secs]
[GC 1345797K->1090862K(2944192K), 0.0407140 secs]
[GC 1346990K->1092185K(2944192K), 0.0415830 secs]
[GC 1348313K->1093703K(2944192K), 0.0402190 secs]
[GC 1349831K->1099334K(2944192K), 0.0641630 secs]
[GC 1355462K->1091250K(2944192K), 0.0388720 secs]
[GC 1347378K->1102960K(2944192K), 0.0396290 secs]
[GC 1359088K->1092686K(2944192K), 0.0398410 secs]
[GC 1348814K->1100822K(2944192K), 0.0420280 secs]
[GC 1356950K->1100166K(2944192K), 0.0376040 secs]
[GC 1356294K->1102052K(2944192K), 0.0654480 secs]
[GC 1358180K->1098611K(2944192K), 0.0384060 secs]
[GC 1354739K->1099811K(2944192K), 0.0429690 secs]
[GC 1355939K->1105592K(2944192K), 0.0386380 secs]
[GC 1361720K->1111504K(2944192K), 0.0395010 secs]
[GC 1367632K->1103515K(2944192K), 0.0417470 secs]
[GC 1359643K->1111489K(2944192K), 0.0713540 secs]
[GC 1367617K->1105751K(2944192K), 0.0381180 secs]
[GC 1361879K->1112054K(2944192K), 0.0381990 secs]
[GC 1368182K->1113545K(2944192K), 0.0400230 secs]
[GC 1369673K->1114578K(2944192K), 0.0413950 secs]
[GC 1370706K->1120609K(2944192K), 0.0433410 secs]
[GC 1376737K->1112488K(2944192K), 0.0390550 secs]
[GC 1368616K->1124483K(2944192K), 0.0933390 secs]
[GC 1380611K->1114104K(2944192K), 0.0686060 secs]
[GC 1370232K->1126652K(2944192K), 0.0394480 secs]
[GC 1382780K->1116309K(2944192K), 0.0387800 secs]
[GC 1372437K->1129121K(2944192K), 0.0447330 secs]
[GC 1385249K->1118990K(2944192K), 0.0375120 secs]
[GC 1375118K->1131696K(2944192K), 0.0449160 secs]
[GC 1387824K->1121369K(2944192K), 0.0386920 secs]
[GC 1377497K->1125135K(2944192K), 0.0424940 secs]
[GC 1381263K->1128133K(2944192K), 0.0423810 secs]
[GC 1384261K->1125181K(2944192K), 0.0390200 secs]
[GC 1381309K->1126533K(2944192K), 0.0369540 secs]
[GC 1382661K->1137098K(2944192K), 0.0565470 secs]
[GC 1393226K->1129001K(2944192K), 0.0587030 secs]
[GC 1385129K->1136219K(2944192K), 0.0391670 secs]
[GC 1392347K->1130660K(2944192K), 0.0442000 secs]
[GC 1386788K->1136696K(2944192K), 0.0413210 secs]
[GC 1392824K->1137987K(2944192K), 0.0460760 secs]
[GC 1394115K->1139441K(2944192K), 0.0402180 secs]
[GC 1395569K->1136095K(2944192K), 0.0361210 secs]
[GC 1392223K->1141746K(2944192K), 0.0386060 secs]
[GC 1397874K->1142880K(2944192K), 0.0372970 secs]
[GC 1399008K->1148575K(2944192K), 0.0553860 secs]
[GC 1404703K->1140629K(2944192K), 0.0407540 secs]
[GC 1396757K->1148131K(2944192K), 0.0397220 secs]
[GC 1404259K->1151613K(2944192K), 0.0413380 secs]
[GC 1407741K->1144128K(2944192K), 0.0372930 secs]
[GC 1400256K->1147573K(2944192K), 0.0438320 secs]
[GC 1403701K->1150655K(2944192K), 0.0408390 secs]
[GC 1406783K->1156878K(2944192K), 0.0363500 secs]
[GC 1413006K->1149156K(2944192K), 0.0395770 secs]
[GC 1405284K->1160979K(2944192K), 0.0365930 secs]
[GC 1417107K->1150922K(2944192K), 0.0404320 secs]
[GC 1407050K->1158705K(2944192K), 0.0583670 secs]
[GC 1414833K->1157525K(2944192K), 0.0380930 secs]
[GC 1413653K->1159230K(2944192K), 0.0357560 secs]
[GC 1415358K->1156011K(2944192K), 0.0749620 secs]
[GC 1412139K->1161813K(2944192K), 0.0424070 secs]
[GC 1417941K->1158472K(2944192K), 0.0417970 secs]
[GC 1414600K->1164097K(2944192K), 0.0546520 secs]
[GC 1420225K->1169661K(2944192K), 0.0402050 secs]
[GC 1425789K->1161884K(2944192K), 0.0399230 secs]
[GC 1418012K->1168821K(2944192K), 0.0643130 secs]
[GC 1424949K->1168035K(2944192K), 0.0430540 secs]
[GC 1424163K->1169647K(2944192K), 0.0400100 secs]
[GC 1425775K->1170863K(2944192K), 0.0379740 secs]
[GC 1426991K->1171813K(2944192K), 0.0351910 secs]
[GC 1427941K->1177237K(2944192K), 0.0367350 secs]
[GC 1433365K->1169544K(2944192K), 0.0802130 secs]
[GC 1425672K->1180811K(2944192K), 0.0384540 secs]
[GC 1436939K->1171182K(2944192K), 0.0370420 secs]
[GC 1427310K->1182809K(2944192K), 0.0382780 secs]
[GC 1438937K->1173373K(2944192K), 0.0379900 secs]
[GC 1429501K->1181079K(2944192K), 0.0369850 secs]
[GC 1437207K->1184460K(2944192K), 0.0366200 secs]
[GC 1440588K->1177342K(2944192K), 0.0425130 secs]
[GC 1433470K->1184668K(2944192K), 0.0358680 secs]
[GC 1440796K->1183647K(2944192K), 0.0435170 secs]
[GC 1439775K->1185241K(2944192K), 0.0389890 secs]
[GC 1441369K->1186379K(2944192K), 0.0401730 secs]
[GC 1442507K->1187428K(2944192K), 0.0668770 secs]
[GC 1443556K->1184202K(2944192K), 0.0363640 secs]
[GC 1440330K->1194194K(2944192K), 0.0401460 secs]
[GC 1450322K->1186430K(2944192K), 0.0352200 secs]
[GC 1442558K->1189388K(2944192K), 0.0787600 secs]
[GC 1445516K->1192362K(2944192K), 0.0360870 secs]
[GC 1448490K->1193920K(2944192K), 0.0384600 secs]
[GC 1450048K->1195117K(2944192K), 0.0403380 secs]
[GC 1451245K->1200675K(2944192K), 0.0386210 secs]
[GC 1456803K->1193274K(2944192K), 0.0403970 secs]
[GC 1449402K->1200283K(2944192K), 0.0379910 secs]
[GC 1456411K->1199297K(2944192K), 0.0375680 secs]
[GC 1455425K->1200903K(2944192K), 0.0352890 secs]
[GC 1457031K->1197693K(2944192K), 0.0363830 secs]
[GC 1453821K->1207428K(2944192K), 0.0409850 secs]
[GC 1463556K->1199924K(2944192K), 0.0388020 secs]
[GC 1456052K->1210928K(2944192K), 0.0400580 secs]
[GC 1467056K->1201407K(2944192K), 0.0371490 secs]
[GC 1457535K->1209111K(2944192K), 0.0954010 secs]
[GC 1465239K->1212374K(2944192K), 0.0377450 secs]
[GC 1468502K->1205343K(2944192K), 0.0384090 secs]
[GC 1461471K->1212223K(2944192K), 0.0373240 secs]
[GC 1468351K->1211377K(2944192K), 0.0363140 secs]
[GC 1467505K->1212966K(2944192K), 0.0384380 secs]
[GC 1469094K->1214199K(2944192K), 0.0388430 secs]
[GC 1470327K->1210895K(2944192K), 0.0393880 secs]
[GC 1467023K->1216180K(2944192K), 0.0389890 secs]
[GC 1472308K->1217405K(2944192K), 0.0353240 secs]
[GC 1473533K->1214322K(2944192K), 0.0386460 secs]
[GC 1470450K->1215558K(2944192K), 0.0393150 secs]
[GC 1471686K->1220969K(2944192K), 0.0400100 secs]
[GC 1477097K->1217678K(2944192K), 0.0407630 secs]
[GC 1473806K->1218774K(2944192K), 0.0444610 secs]
[GC 1474902K->1223979K(2944192K), 0.0388580 secs]
[GC 1480107K->1225221K(2944192K), 0.0411610 secs]
[GC 1481349K->1222003K(2944192K), 0.0408570 secs]
[GC 1478131K->1227515K(2944192K), 0.0432360 secs]
[GC 1483643K->1228690K(2944192K), 0.0434360 secs]
[GC 1484818K->1229732K(2944192K), 0.0429510 secs]
[GC 1485860K->1226525K(2944192K), 0.0408140 secs]
[GC 1482653K->1231960K(2944192K), 0.0374360 secs]
[GC 1488088K->1233213K(2944192K), 0.0392410 secs]
[GC 1489341K->1238686K(2944192K), 0.0386260 secs]
[GC 1494814K->1231181K(2944192K), 0.0372850 secs]
[GC 1487309K->1241783K(2944192K), 0.0352430 secs]
[GC 1497911K->1232443K(2944192K), 0.0381470 secs]
[GC 1488571K->1240102K(2944192K), 0.0371330 secs]
[GC 1496230K->1239314K(2944192K), 0.0374690 secs]
[GC 1495442K->1240940K(2944192K), 0.0368330 secs]
[GC 1497068K->1242236K(2944192K), 0.0420220 secs]
[GC 1498364K->1247645K(2944192K), 0.0509380 secs]
[GC 1503773K->1240130K(2944192K), 0.0556280 secs]
[GC 1496258K->1243115K(2944192K), 0.0362280 secs]
[GC 1499243K->1246086K(2944192K), 0.0360810 secs]
[GC 1502214K->1251980K(2944192K), 0.0373980 secs]
[GC 1508108K->1244646K(2944192K), 0.0360210 secs]
[GC 1500774K->1251741K(2944192K), 0.0366050 secs]
[GC 1507869K->1250743K(2944192K), 0.0404080 secs]
[GC 1506871K->1256594K(2944192K), 0.0368480 secs]
[GC 1512722K->1249207K(2944192K), 0.0685850 secs]
[GC 1505335K->1256415K(2944192K), 0.0399050 secs]
[GC 1512543K->1259663K(2944192K), 0.0423610 secs]
[GC 1515791K->1252520K(2944192K), 0.0583080 secs]
[GC 1508648K->1259687K(2944192K), 0.0373850 secs]
[GC 1515815K->1262952K(2944192K), 0.0357490 secs]
[GC 1519080K->1258555K(2944192K), 0.0551920 secs]
[GC 1514683K->1263009K(2944192K), 0.0374700 secs]
[GC 1519137K->1262056K(2944192K), 0.0373490 secs]
[GC 1518184K->1259293K(2944192K), 0.0402280 secs]
[GC 1515421K->1265067K(2944192K), 0.0458960 secs]
[GC 1521195K->1266129K(2944192K), 0.0401530 secs]
[GC 1522257K->1271443K(2944192K), 0.0670230 secs]
[GC 1527571K->1263869K(2944192K), 0.0374410 secs]
[GC 1519997K->1270860K(2944192K), 0.0347950 secs]
[GC 1526988K->1274250K(2944192K), 0.0383750 secs]
[GC 1530378K->1267188K(2944192K), 0.0359390 secs]
[GC 1523316K->1274384K(2944192K), 0.0366050 secs]
[GC 1530512K->1273303K(2944192K), 0.0354760 secs]
[GC 1529431K->1274906K(2944192K), 0.0382480 secs]
[GC 1531034K->1276146K(2944192K), 0.0367180 secs]
[GC 1532274K->1277333K(2944192K), 0.0392330 secs]
[GC 1533461K->1282912K(2944192K), 0.0390000 secs]
[GC 1539040K->1275328K(2944192K), 0.0606900 secs]
 WARN  [hz._hzInstance_1_FenixFrameworkGroup.event] {com.hazelcast.spi.EventService} [127.0.0.1]:5709 [FenixFrameworkGroup] Caution: Off-load event processing to your own thread-pool, don't use event thread!
[GC 1531456K->1282250K(2944192K), 0.0403290 secs]
[GC 1538378K->1281205K(2944192K), 0.0931390 secs]
[GC 1537333K->1282799K(2944192K), 0.0389690 secs]
[GC 1538927K->1284194K(2944192K), 0.0382840 secs]
[GC 1540322K->1289664K(2944192K), 0.0372220 secs]
[GC 1545792K->1282061K(2944192K), 0.0334840 secs]
[GC 1538189K->1289203K(2944192K), 0.0433500 secs]
[GC 1545331K->1288027K(2944192K), 0.0360860 secs]
[GC 1544155K->1293875K(2944192K), 0.0388490 secs]
[GC 1550003K->1286421K(2944192K), 0.0377810 secs]
[GC 1542549K->1297379K(2944192K), 0.0376010 secs]
[GC 1553507K->1287981K(2944192K), 0.0395060 secs]
[GC 1544109K->1299527K(2944192K), 0.0385580 secs]
[GC 1555655K->1290178K(2944192K), 0.0342240 secs]
[GC 1546306K->1297861K(2944192K), 0.0336910 secs]
[GC 1553989K->1297015K(2944192K), 0.0418750 secs]
[GC 1553143K->1303150K(2944192K), 0.0392200 secs]
[GC 1559278K->1295661K(2944192K), 0.0649580 secs]
[GC 1551789K->1302642K(2944192K), 0.0372400 secs]
[GC 1558770K->1301671K(2944192K), 0.0374550 secs]
[GC 1557799K->1305427K(2944192K), 0.0388810 secs]
[GC 1561555K->1316989K(2944192K), 0.0512520 secs]
[GC 1572315K->1337408K(2944192K), 0.0605780 secs]
[GC 1593536K->1365394K(2944192K), 0.0624450 secs]
[GC 1621522K->1391148K(2944192K), 0.0686850 secs]
[GC 1647276K->1414021K(2944192K), 0.0786210 secs]
[GC 1670149K->1394573K(2944192K), 0.0855500 secs]
[GC 1649008K->1444522K(2944192K), 0.0799730 secs]
[GC 1700650K->1418711K(2944192K), 0.0758820 secs]
[GC 1674839K->1444771K(2944192K), 0.0774660 secs]
[GC 1700899K->1480282K(2944192K), 0.0760700 secs]
[GC 1736410K->1456650K(2944192K), 0.0751060 secs]
[GC 1712778K->1502638K(2944192K), 0.0822970 secs]
[GC 1758766K->1519204K(2944192K), 0.0769660 secs]
[GC 1775332K->1493755K(2944192K), 0.0751060 secs]
[GC 1749883K->1532829K(2944192K), 0.0973170 secs]
[GC 1787773K->1550443K(2944192K), 0.0775440 secs]
[GC 1806571K->1541247K(2944192K), 0.0810520 secs]
[GC 1797375K->1581064K(2944192K), 0.0846120 secs]
[GC 1837192K->1553534K(2944192K), 0.0797690 secs]
[GC 1809662K->1604349K(2944192K), 0.0760780 secs]
[GC 1860477K->1591555K(2944192K), 0.0840510 secs]
 WARN  [hz._hzInstance_1_FenixFrameworkGroup.event] {com.hazelcast.spi.EventService} [127.0.0.1]:5709 [FenixFrameworkGroup] Caution: Off-load event processing to your own thread-pool, don't use event thread!
[GC 1847683K->1616895K(2944192K), 0.0623260 secs]
[GC 1872997K->1599759K(2944192K), 0.0856010 secs]
[GC 1855887K->1654657K(2944192K), 0.0655280 secs]
[GC 1910785K->1629774K(2944192K), 0.0767770 secs]
[GC 1885902K->1618764K(2944192K), 0.0721380 secs]
[GC 1874892K->1644874K(2944192K), 0.0541750 secs]
[GC 1901002K->1659973K(2944192K), 0.0542340 secs]
[GC 1916101K->1630585K(2944192K), 0.0538410 secs]
[GC 1886713K->1668045K(2944192K), 0.0559680 secs]
[GC 1924173K->1645050K(2944192K), 0.0628330 secs]
[GC 1901178K->1664837K(2944192K), 0.0528310 secs]
[GC 1920965K->1631772K(2944192K), 0.0520660 secs]
[GC 1887900K->1664811K(2944192K), 0.0550380 secs]
[GC 1920939K->1666334K(2944192K), 0.0680310 secs]
[GC 1922460K->1703925K(2944192K), 0.0844450 secs]
[GC 1959048K->1683700K(2944192K), 0.1340730 secs]
[GC 1939828K->1739651K(2944192K), 0.0806850 secs]
[GC 1995779K->1711242K(2944192K), 0.0817710 secs]
[GC 1967370K->1712355K(2944192K), 0.0859030 secs]
[GC 1968483K->1773309K(2944192K), 0.0699570 secs]
[GC 2029437K->1768967K(2944192K), 0.0829460 secs]
[GC 2025095K->1787353K(2944192K), 0.0771210 secs]
[GC 2043481K->1793181K(2944192K), 0.0888140 secs]
[GC 2049309K->1796198K(2944192K), 0.0727910 secs]
[GC 2052326K->1788936K(2944192K), 0.0723050 secs]
[GC 2045064K->1848932K(2944192K), 0.0665280 secs]
[GC 2105032K->1862970K(2944192K), 0.0851300 secs]
[GC 2119098K->1843482K(2944192K), 0.0784270 secs]
[GC 2099610K->1891140K(2944192K), 0.0770560 secs]
[GC 2147268K->1881404K(2944192K), 0.0837260 secs]
[GC 2137532K->1901310K(2944192K), 0.0644130 secs]
[GC 2157438K->1928328K(2944192K), 0.0807380 secs]
[GC 2184456K->1915397K(2944192K), 0.0913570 secs]
[GC 2171473K->1939048K(2944192K), 0.0620090 secs]
[GC 2195176K->1965603K(2944192K), 0.0737000 secs]
 WARN  [hz._hzInstance_1_FenixFrameworkGroup.event] {com.hazelcast.spi.EventService} [127.0.0.1]:5709 [FenixFrameworkGroup] Caution: Off-load event processing to your own thread-pool, don't use event thread!
[GC 2221731K->1937668K(2944192K), 0.0771250 secs]
[GC 2193796K->1926097K(2944192K), 0.0657730 secs]
[GC 2182225K->1951205K(2944192K), 0.0560130 secs]
 WARN  [hz._hzInstance_1_FenixFrameworkGroup.event] {com.hazelcast.spi.EventService} [127.0.0.1]:5709 [FenixFrameworkGroup] Caution: Off-load event processing to your own thread-pool, don't use event thread!
[GC 2207333K->1951405K(2944192K), 0.0560230 secs]
[GC 2207533K->1968077K(2944192K), 0.0559430 secs]
[GC 2224205K->1939258K(2944192K), 0.0592840 secs]
[GC 2195386K->1976645K(2944192K), 0.0588510 secs]
[GC 2232773K->1955035K(2944192K), 0.0695680 secs]
 WARN  [hz._hzInstance_1_FenixFrameworkGroup.event] {com.hazelcast.spi.EventService} [127.0.0.1]:5709 [FenixFrameworkGroup] Caution: Off-load event processing to your own thread-pool, don't use event thread!
[GC 2211163K->1973408K(2944192K), 0.0505720 secs]
[GC 2229536K->1941123K(2944192K), 0.0519780 secs]
[GC 2197251K->1974440K(2944192K), 0.0558430 secs]
[GC 2230568K->1943684K(2944192K), 0.0521530 secs]
[GC 2199812K->1979084K(2944192K), 0.0571090 secs]
 WARN  [hz._hzInstance_1_FenixFrameworkGroup.event] {com.hazelcast.spi.EventService} [127.0.0.1]:5709 [FenixFrameworkGroup] Caution: Off-load event processing to your own thread-pool, don't use event thread!
[GC 2235212K->1960771K(2944192K), 0.0662780 secs]
[GC 2216899K->1949616K(2944192K), 0.0599070 secs]
[GC 2205744K->1953449K(2944192K), 0.0499420 secs]
[GC 2209577K->1945001K(2944192K), 0.0451700 secs]
[GC 2201129K->1949571K(2944192K), 0.0435270 secs]
[GC 2205699K->1950213K(2944192K), 0.0459620 secs]
[GC 2206341K->1951341K(2944192K), 0.0439070 secs]
[GC 2207469K->1958004K(2944192K), 0.0431710 secs]
[GC 2214132K->1959577K(2944192K), 0.0382460 secs]
[GC 2215705K->1955565K(2944192K), 0.0425970 secs]
[GC 2211693K->1962301K(2944192K), 0.0441470 secs]
[GC 2218429K->1968991K(2944192K), 0.0396470 secs]
[GC 2225119K->1968650K(2944192K), 0.0463440 secs]
[GC 2224778K->1982838K(2944192K), 0.0544860 secs]
[GC 2238958K->2011540K(2944192K), 0.0626010 secs]
[GC 2267668K->2041474K(2944192K), 0.0744440 secs]
[GC 2297602K->2073907K(2944192K), 0.0845190 secs]
[GC 2329992K->2046357K(2944192K), 0.0912090 secs]
[GC 2302485K->2085759K(2944192K), 0.0839610 secs]
[GC 2341887K->2113186K(2944192K), 0.0765590 secs]
[GC 2369314K->2100628K(2944192K), 0.0802160 secs]
[GC 2356756K->2129938K(2944192K), 0.0813870 secs]
[GC 2386066K->2124694K(2944192K), 0.0781870 secs]
 WARN  [hz._hzInstance_1_FenixFrameworkGroup.event] {com.hazelcast.spi.EventService} [127.0.0.1]:5709 [FenixFrameworkGroup] Caution: Off-load event processing to your own thread-pool, don't use event thread!
[GC 2380822K->2153351K(2944192K), 0.0729580 secs]
[GC 2409479K->2183707K(2944192K), 0.0786830 secs]
[GC 2439835K->2164723K(2944192K), 0.0754370 secs]
[GC 2420851K->2199796K(2944192K), 0.0796660 secs]
[GC 2455924K->2237354K(2944192K), 0.0752390 secs]
[GC 2493482K->2209789K(2944192K), 0.0797310 secs]
[GC 2465917K->2246082K(2944192K), 0.0763740 secs]
[GC 2502210K->2250348K(2944192K), 0.0777400 secs]
[GC 2506476K->2265422K(2944192K), 0.0738220 secs]
[GC 2521535K->2263979K(2944192K), 0.0766340 secs]
[GC 2520107K->2277998K(2944192K), 0.0722570 secs]
[GC 2533845K->2322918K(2944192K), 0.0821260 secs]
[GC 2579046K->2304272K(2944192K), 0.0684770 secs]
[GC 2560400K->2324660K(2944192K), 0.0521420 secs]
[GC 2580788K->2289943K(2944192K), 0.0516660 secs]
[GC 2546071K->2326521K(2944192K), 0.0557850 secs]
[GC 2582649K->2293019K(2944192K), 0.0552260 secs]
[GC 2549147K->2332334K(2944192K), 0.0580790 secs]
[GC 2588462K->2296883K(2944192K), 0.0568740 secs]
[GC 2553011K->2294971K(2944192K), 0.0680070 secs]
[GC 2551099K->2316720K(2944192K), 0.0558380 secs]
[GC 2572848K->2346680K(2944192K), 0.0725500 secs]
[GC 2602025K->2376755K(2944192K), 0.0874620 secs]
[GC 2632883K->2357623K(2944192K), 0.0893160 secs]
[GC 2613751K->2407396K(2944192K), 0.0880200 secs]
[GC 2663524K->2384580K(2944192K), 0.0988790 secs]
[GC 2640180K->2444968K(2944192K), 0.0843040 secs]
[GC 2701096K->2426467K(2957248K), 0.0889980 secs]
[GC 2682402K->2476922K(2973760K), 0.0963040 secs]
[GC 2733038K->2454405K(2989888K), 0.0956240 secs]
[GC 2708901K->2508689K(3005440K), 0.0921570 secs]
[GC 2764817K->2486598K(3022528K), 0.0897800 secs]
[GC 2742719K->2540733K(3037888K), 0.0893500 secs]
[GC 2796828K->2514481K(3053056K), 0.0909270 secs]
[GC 2770609K->2571299K(3068224K), 0.1000640 secs]
[GC 2825813K->2586290K(3083200K), 0.0902800 secs]
[GC 2841906K->2568765K(3099904K), 0.0934560 secs]
[GC 2824893K->2617842K(3114880K), 0.0893720 secs]
[GC 2873970K->2595107K(3131392K), 0.0905050 secs]
[GC 2851235K->2649844K(3146944K), 0.0892840 secs]
[GC 2905969K->2624528K(3162496K), 0.0826420 secs]
[GC 2880656K->2677298K(3176896K), 0.0785350 secs]
[GC 2933426K->2648910K(3193216K), 0.0725300 secs]
[GC 2905038K->2653909K(3193216K), 0.0557430 secs]
[GC 2910037K->2660106K(3193216K), 0.0581520 secs]
[GC 2916234K->2664034K(3193216K), 0.0598670 secs]
[GC 2920162K->2667695K(3193216K), 0.0602880 secs]
 WARN  [hz._hzInstance_1_FenixFrameworkGroup.event] {com.hazelcast.spi.EventService} [127.0.0.1]:5709 [FenixFrameworkGroup] Caution: Off-load event processing to your own thread-pool, don't use event thread!
[GC 2923823K->2641060K(3193216K), 0.0600070 secs]
[GC 2897188K->2664433K(3193216K), 0.0653080 secs]
[GC 2920561K->2675225K(3193216K), 0.0662050 secs]
[GC 2931353K->2649387K(3210112K), 0.0781290 secs]
[GC 2905515K->2651835K(3210112K), 0.0593700 secs]
[GC 2907963K->2676471K(3210112K), 0.0629990 secs]
[GC 2932599K->2651528K(3210112K), 0.0645060 secs]
[GC 2907656K->2684919K(3210112K), 0.0653510 secs]
[GC 2941008K->2669758K(3226816K), 0.0880350 secs]
[GC 2925886K->2715946K(3243136K), 0.0886230 secs]
[GC 2970840K->2721233K(3244480K), 0.0751840 secs]
[GC 2976695K->2755702K(3252736K), 0.0879940 secs]
[GC 3009919K->2743293K(3274624K), 0.1001950 secs]
[GC 2999421K->2775335K(3291136K), 0.0875630 secs]
[GC 3031463K->2786481K(3304768K), 0.0851270 secs]
[GC 3042609K->2803865K(3318016K), 0.0879000 secs]
[GC 3059867K->2813358K(3332800K), 0.0870590 secs]
[GC 3069486K->2815781K(3348928K), 0.0854810 secs]
[GC 3071909K->2847475K(3363328K), 0.0942730 secs]
[GC 3103603K->2878272K(3377344K), 0.0886680 secs]
[GC 3134400K->2857089K(3392128K), 0.0878220 secs]
[GC 3113217K->2911256K(3408640K), 0.0845500 secs]
[GC 2911559K(3408640K), 0.0401740 secs]
[GC 3166479K->2886212K(3423808K), 0.0969060 secs]
[GC 3018267K(3423808K), 0.0585480 secs]
[GC 2702617K->2501637K(4315212K), 0.0949310 secs]
[GC 2757765K->2473202K(4315212K), 0.0970720 secs]
[GC 2729330K->2529938K(4315212K), 0.0935680 secs]
[GC 2785905K->2505417K(4315212K), 0.1000520 secs]
[GC 2761545K->2544818K(4315212K), 0.0961750 secs]
[GC 2800946K->2519721K(4315212K), 0.0834790 secs]
[GC 2775849K->2541815K(4315212K), 0.0658660 secs]
[GC 2797943K->2572159K(4315212K), 0.0766850 secs]
[GC 2828271K->2591398K(4315212K), 0.0925970 secs]
[GC 2847526K->2576490K(4315212K), 0.1025800 secs]
[GC 2832618K->2623049K(4315212K), 0.0982680 secs]
[GC 2879177K->2641910K(4315212K), 0.0977950 secs]
[GC 2898038K->2658786K(4315212K), 0.0923680 secs]
[GC 2914914K->2675426K(4315212K), 0.0999320 secs]
[GC 2931554K->2664580K(4315212K), 0.0961950 secs]
[GC 2920708K->2696419K(4315212K), 0.0912310 secs]
[GC 2952547K->2709590K(4315212K), 0.0921230 secs]
[GC 2965718K->2738895K(4315212K), 0.0959370 secs]
[GC 2995023K->2741118K(4315212K), 0.0923160 secs]
 WARN  [hz._hzInstance_1_FenixFrameworkGroup.event] {com.hazelcast.spi.EventService} [127.0.0.1]:5709 [FenixFrameworkGroup] Caution: Off-load event processing to your own thread-pool, don't use event thread!
[GC 2997050K->2770315K(4315212K), 0.0949330 secs]
[GC 3026443K->2752102K(4315212K), 0.0960080 secs]
[GC 3008230K->2794141K(4315212K), 0.0924520 secs]
[GC 3049105K->2816956K(4315212K), 0.0910260 secs]
[GC 3073084K->2808081K(4315212K), 0.0896410 secs]
[GC 3064209K->2845459K(4315212K), 0.0965150 secs]
[GC 3101587K->2863608K(4315212K), 0.0942840 secs]
[GC 3119736K->2865706K(4315212K), 0.0969780 secs]
[GC 3121834K->2847317K(4315212K), 0.0891790 secs]
[GC 3103445K->2867258K(4315212K), 0.0661500 secs]
[GC 3123386K->2849965K(4315212K), 0.0812110 secs]
[GC 3106093K->2866537K(4315212K), 0.0635330 secs]
[GC 3122665K->2879219K(4315212K), 0.0623760 secs]
[GC 3135347K->2896756K(4315212K), 0.0661550 secs]
[GC 3152884K->2857439K(4315212K), 0.0658280 secs]
[GC 3113567K->2896800K(4315212K), 0.0703040 secs]
 WARN  [hz._hzInstance_1_FenixFrameworkGroup.event] {com.hazelcast.spi.EventService} [127.0.0.1]:5709 [FenixFrameworkGroup] Caution: Off-load event processing to your own thread-pool, don't use event thread!
[GC 3152928K->2881943K(4315212K), 0.0873680 secs]
[GC 3138071K->2908699K(4315212K), 0.0842880 secs]
[GC 3164827K->2951901K(4315212K), 0.1127160 secs]
[GC 3208029K->2928380K(4315212K), 0.1044150 secs]
[GC 3184508K->2981392K(4315212K), 0.1053840 secs]
[GC 3237520K->2967479K(4315212K), 0.1063710 secs]
[GC 3223607K->2973571K(4315212K), 0.0940440 secs]
[GC 3229699K->3033196K(4315212K), 0.0833960 secs]
[GC 3289324K->3050702K(4315212K), 0.1022130 secs]
[GC 3306830K->3035831K(4315212K), 0.1071140 secs]
[GC 3291551K->3083601K(4315212K), 0.0785840 secs]
[GC 3339729K->3089776K(4315212K), 0.0951380 secs]
[GC 3345904K->3085900K(4315212K), 0.1078420 secs]
[GC 3342028K->3134096K(4315212K), 0.0795590 secs]
[GC 3388642K->3117858K(4315212K), 0.1071180 secs]
[GC 3373986K->3168162K(4315212K), 0.0740170 secs]
[GC 3424290K->3184312K(4315212K), 0.0964800 secs]
[GC 3440440K->3172420K(4315212K), 0.1106820 secs]
[GC 3428057K->3177124K(4315212K), 0.0856620 secs]
[GC 3433252K->3236080K(4315212K), 0.0771650 secs]
[GC 3492208K->3201516K(4315212K), 0.0874350 secs]
[GC 3457644K->3211988K(4315212K), 0.0844440 secs]
 WARN  [Thread-0] {org.radargun.ShutDownHook} Slave process: unexpected shutdown!
 INFO  [hz.ShutdownThread] {com.hazelcast.nio.TcpIpConnection} [127.0.0.1]:5709 [FenixFrameworkGroup] Connection [Address[127.0.0.1]:5707] lost. Reason: Explicit close
 INFO  [hz.ShutdownThread] {com.hazelcast.nio.TcpIpConnection} [127.0.0.1]:5709 [FenixFrameworkGroup] Connection [Address[127.0.0.1]:5708] lost. Reason: Explicit close
 INFO  [hz.ShutdownThread] {com.hazelcast.nio.TcpIpConnection} [127.0.0.1]:5709 [FenixFrameworkGroup] Connection [Address[127.0.0.1]:5706] lost. Reason: Explicit close
 INFO  [hz.ShutdownThread] {com.hazelcast.nio.TcpIpConnection} [127.0.0.1]:5709 [FenixFrameworkGroup] Connection [Address[127.0.0.1]:5705] lost. Reason: Explicit close
 INFO  [hz.ShutdownThread] {com.hazelcast.nio.TcpIpConnection} [127.0.0.1]:5709 [FenixFrameworkGroup] Connection [Address[127.0.0.1]:5711] lost. Reason: Explicit close
 INFO  [hz.ShutdownThread] {com.hazelcast.nio.TcpIpConnection} [127.0.0.1]:5709 [FenixFrameworkGroup] Connection [Address[127.0.0.1]:5702] lost. Reason: Explicit close
 INFO  [hz.ShutdownThread] {com.hazelcast.nio.TcpIpConnection} [127.0.0.1]:5709 [FenixFrameworkGroup] Connection [Address[127.0.0.1]:5712] lost. Reason: Explicit close
 INFO  [hz._hzInstance_1_FenixFrameworkGroup.IO.thread-in-0] {com.hazelcast.nio.TcpIpConnection} [127.0.0.1]:5709 [FenixFrameworkGroup] Connection [Address[127.0.0.1]:5701] lost. Reason: java.io.EOFException[Remote socket closed!]
 INFO  [hz.ShutdownThread] {com.hazelcast.nio.TcpIpConnection} [127.0.0.1]:5709 [FenixFrameworkGroup] Connection [Address[127.0.0.1]:5704] lost. Reason: Explicit close
 INFO  [hz.ShutdownThread] {com.hazelcast.nio.TcpIpConnection} [127.0.0.1]:5709 [FenixFrameworkGroup] Connection [Address[127.0.0.1]:5710] lost. Reason: Explicit close
 INFO  [hz.ShutdownThread] {com.hazelcast.nio.TcpIpConnection} [127.0.0.1]:5709 [FenixFrameworkGroup] Connection [Address[127.0.0.1]:5703] lost. Reason: Explicit close
 INFO  [hz.ShutdownThread] {com.hazelcast.nio.TcpIpConnection} [127.0.0.1]:5709 [FenixFrameworkGroup] Connection [Address[127.0.0.1]:5707] lost. Reason: Explicit close
 INFO  [hz.ShutdownThread] {com.hazelcast.nio.TcpIpConnection} [127.0.0.1]:5709 [FenixFrameworkGroup] Connection [Address[127.0.0.1]:5711] lost. Reason: Explicit close
 INFO  [hz.ShutdownThread] {com.hazelcast.nio.TcpIpConnection} [127.0.0.1]:5709 [FenixFrameworkGroup] Connection [Address[127.0.0.1]:5705] lost. Reason: Explicit close
 INFO  [hz.ShutdownThread] {com.hazelcast.nio.TcpIpConnection} [127.0.0.1]:5709 [FenixFrameworkGroup] Connection [Address[127.0.0.1]:5706] lost. Reason: Explicit close
 INFO  [hz.ShutdownThread] {com.hazelcast.nio.TcpIpConnection} [127.0.0.1]:5709 [FenixFrameworkGroup] Connection [Address[127.0.0.1]:5710] lost. Reason: Explicit close
 INFO  [hz.ShutdownThread] {com.hazelcast.nio.TcpIpConnection} [127.0.0.1]:5709 [FenixFrameworkGroup] Connection [Address[127.0.0.1]:5708] lost. Reason: Explicit close
 INFO  [hz.ShutdownThread] {com.hazelcast.nio.TcpIpConnection} [127.0.0.1]:5709 [FenixFrameworkGroup] Connection [Address[127.0.0.1]:5704] lost. Reason: Explicit close
 INFO  [hz.ShutdownThread] {com.hazelcast.initializer} [127.0.0.1]:5709 [FenixFrameworkGroup] Destroying node initializer.
 INFO  [hz.ShutdownThread] {com.hazelcast.instance.Node} [127.0.0.1]:5709 [FenixFrameworkGroup] Hazelcast Shutdown is completed in 58 ms.
