/usr/java/jdk1.7.0_21/bin/java -server -Xmx1024M -Xms1024M -Dresolve.dns=false -Djgroups.timer.num_threads=4 -verbose:gc -Xmx5000M -Xms3000M -server -XX:+UseConcMarkSweepGC -XX:+AggressiveOpts -verbose:gc -XX:ParallelGCThreads=4 -XX:NewRatio=5 -XX:SurvivorRatio=2 -Dhazelcast.operation.thread.count=4 -Djava.net.preferIPv4Stack=true -Dlog4j.file.prefix=deimos-esw-29826 -Dbind.address= -Djgroups.bind_addr= -classpath /home/smf/github/radargun/target/distribution/RadarGun-1.1.0-SNAPSHOT/lib/activation-1.1.jar:/home/smf/github/radargun/target/distribution/RadarGun-1.1.0-SNAPSHOT/lib/commons-beanutils-1.8.0.jar:/home/smf/github/radargun/target/distribution/RadarGun-1.1.0-SNAPSHOT/lib/commons-digester-2.0.jar:/home/smf/github/radargun/target/distribution/RadarGun-1.1.0-SNAPSHOT/lib/commons-logging-1.1.1.jar:/home/smf/github/radargun/target/distribution/RadarGun-1.1.0-SNAPSHOT/lib/commons-math-1.2.jar:/home/smf/github/radargun/target/distribution/RadarGun-1.1.0-SNAPSHOT/lib/jboss-transaction-api-1.0.1.GA.jar:/home/smf/github/radargun/target/distribution/RadarGun-1.1.0-SNAPSHOT/lib/jcommon-1.0.15.jar:/home/smf/github/radargun/target/distribution/RadarGun-1.1.0-SNAPSHOT/lib/jfreechart-1.0.12.jar:/home/smf/github/radargun/target/distribution/RadarGun-1.1.0-SNAPSHOT/lib/log4j-1.2.14.jar:/home/smf/github/radargun/target/distribution/RadarGun-1.1.0-SNAPSHOT/lib/mail-1.4.2.jar:/home/smf/github/radargun/target/distribution/RadarGun-1.1.0-SNAPSHOT/lib/radargun-framework-1.1.0-SNAPSHOT.jar:/home/smf/github/radargun/target/distribution/RadarGun-1.1.0-SNAPSHOT/conf org.radargun.Slave -master 127.0.0.1:2103
--------------------------------------------------------------------------------
PerNodeRollingFileAppender::Using file prefix:deimos-esw-29826
 INFO  [main] {org.radargun.Slave} Attempting to connect to master 127.0.0.1:2103
 INFO  [main] {org.radargun.Slave} Successfully established connection with master at: 127.0.0.1:2103
Loading JARS from /home/smf/github/radargun/target/distribution/RadarGun-1.1.0-SNAPSHOT/lib/radargun-framework-1.1.0-SNAPSHOT.jar
 INFO  [pool-1-thread-1] {org.radargun.config.AnnotatedHelper} Loading JARS from /home/smf/github/radargun/target/distribution/RadarGun-1.1.0-SNAPSHOT/lib/radargun-framework-1.1.0-SNAPSHOT.jar
 INFO  [pool-1-thread-1] {org.radargun.config.AnnotatedHelper} Loading JARS from /home/smf/github/radargun/target/distribution/RadarGun-1.1.0-SNAPSHOT/lib/radargun-framework-1.1.0-SNAPSHOT.jar
 INFO  [pool-1-thread-1] {org.radargun.Slave} Executing stage: DestroyWrapper {enforceMemoryThrashHold=true, exitBenchmarkOnSlaveFailure=false, heapDumpDir=null, memoryThreshold=95, runOnAllSlaves=true, slaves=null, useSmartClassLoading=true }
 INFO  [pool-1-thread-1] {org.radargun.stages.DestroyWrapperStage} Received destroy cache wrapper request from master...
 INFO  [pool-1-thread-1] {org.radargun.stages.DestroyWrapperStage} No cache wrapper deployed on this slave, nothing to do.
 INFO  [pool-1-thread-1] {org.radargun.stages.DestroyWrapperStage} Before executing clear, memory looks like this: Memory - free: 2,928,638 kb - max:4,906,688 kb- total:2,944,000 kb
[Full GC 15361K->3631K(2944000K), 0.0707060 secs]
 INFO  [pool-1-thread-1] {org.radargun.stages.DestroyWrapperStage} After executing cleanup, memory looks like this: Memory - free: 2,935,311 kb - max:4,906,688 kb- total:2,944,064 kb
 INFO  [pool-1-thread-1] {org.radargun.Slave} Finished stage: DestroyWrapper {enforceMemoryThrashHold=true, exitBenchmarkOnSlaveFailure=false, heapDumpDir=null, memoryThreshold=95, runOnAllSlaves=true, slaves=null, useSmartClassLoading=true }
 INFO  [main] {org.radargun.Slave} Ack successfully sent to the master
 INFO  [pool-1-thread-1] {org.radargun.Slave} Executing stage: StartCluster {config=ispn52-repl-sync-rc.xml, delayAfterFirstSlaveStarts=5.000 secs, delayBetweenStartingSlaves=0.500 secs, exitBenchmarkOnSlaveFailure=true, expectNumSlaves=null, mayFailOn=null, reachable=null, runOnAllSlaves=false, slaves=null, staggerSlaveStartup=true, useSmartClassLoading=true, validateCluster=true }
 INFO  [pool-1-thread-1] {org.radargun.stages.StartClusterStage}  Startup staggering, starting 8 slaves. This is the slave with index 2. Sleeping for 6000 millis.
 INFO  [pool-1-thread-1] {org.radargun.stages.StartClusterStage} Ack master's StartCluster stage. Local address is: /127.0.0.1. This slave's index is: 2
 INFO  [pool-1-thread-1] {org.radargun.utils.ClassLoadHelper} Creating newInstance org.radargun.cachewrappers.FFWrapper with classloader java.net.URLClassLoader@2527bdee
 INFO  [pool-1-thread-1] {org.radargun.cachewrappers.FFWrapper} config=ispn52-repl-sync-rc.xml, isLocal=false, nodeIndex=2, confAttributes={name=ispn52-repl-sync-rc.xml, decorate=infinispan52}
 INFO  [pool-1-thread-1] {org.radargun.cachewrappers.FFWrapper} Found fenix framework config options in 'rg-fenix-framework-config-options.properties'.
 INFO  [pool-1-thread-1] {org.radargun.cachewrappers.FFWrapper} Setting extra config properties for Fenix Framework.
 INFO  [pool-1-thread-1] {org.radargun.cachewrappers.FFWrapper} Will initialize Fenix Framework with RadarGunDataGridConfig
 TRACE [pool-1-thread-1] {pt.ist.fenixframework.FenixFramework} Static initializer block for FenixFramework class [BEGIN]
 INFO  [pool-1-thread-1] {pt.ist.fenixframework.FenixFramework} Trying auto-initialization with configuration by convention
 INFO  [pool-1-thread-1] {pt.ist.fenixframework.FenixFramework} Resource 'fenix-framework.properties' not found
 DEBUG [pool-1-thread-1] {pt.ist.fenixframework.FenixFramework} Fenix Framework properties after reading default config file:{}
 DEBUG [pool-1-thread-1] {pt.ist.fenixframework.FenixFramework} CurrentBackEndName = jvstm-datagrid
 INFO  [pool-1-thread-1] {pt.ist.fenixframework.FenixFramework} Resource 'fenix-framework-jvstm-datagrid.properties' not found
 DEBUG [pool-1-thread-1] {pt.ist.fenixframework.FenixFramework} Fenix Framework properties after reading backend config file:{}
 DEBUG [pool-1-thread-1] {pt.ist.fenixframework.FenixFramework} Fenix Framework properties after enforcing system properties:{}
 INFO  [pool-1-thread-1] {pt.ist.fenixframework.FenixFramework} Skipping configuration by convention.
 TRACE [pool-1-thread-1] {pt.ist.fenixframework.FenixFramework} Static initializer block for FenixFramework class [END]
 INFO  [pool-1-thread-1] {pt.ist.fenixframework.FenixFramework} Initializing Fenix Framework with config.class=pt.ist.fenixframework.backend.jvstm.datagrid.radargun.RadarGunDataGridConfig
 INFO  [pool-1-thread-1] {pt.ist.fenixframework.backend.jvstm.cluster.JvstmClusterBackEnd} initializeGroupCommunication()
 INFO  [pool-1-thread-1] {com.hazelcast.config.ClasspathXmlConfig} Configuring Hazelcast from 'hazelcast-ff.xml'.
 INFO  [pool-1-thread-1] {com.hazelcast.instance.DefaultAddressPicker} Interfaces is disabled, trying to pick one address from TCP-IP config addresses: [127.0.0.1]
 INFO  [pool-1-thread-1] {com.hazelcast.instance.DefaultAddressPicker} Picked Address[127.0.0.1]:5703, using socket ServerSocket[addr=/0.0.0.0,localport=5703], bind any local is true
 INFO  [pool-1-thread-1] {com.hazelcast.system} [127.0.0.1]:5703 [FenixFrameworkGroup] Hazelcast Community Edition 3.0-RC1 (20130627) starting at Address[127.0.0.1]:5703
 INFO  [pool-1-thread-1] {com.hazelcast.system} [127.0.0.1]:5703 [FenixFrameworkGroup] Copyright (C) 2008-2013 Hazelcast.com
 INFO  [pool-1-thread-1] {com.hazelcast.core.LifecycleService} [127.0.0.1]:5703 [FenixFrameworkGroup] Address[127.0.0.1]:5703 is STARTING
 INFO  [hz._hzInstance_1_FenixFrameworkGroup.cached.thread-2] {com.hazelcast.nio.SocketAcceptor} [127.0.0.1]:5703 [FenixFrameworkGroup] 5703 is accepting socket connection from /127.0.0.1:49941
 INFO  [hz._hzInstance_1_FenixFrameworkGroup.cached.thread-2] {com.hazelcast.nio.TcpIpConnectionManager} [127.0.0.1]:5703 [FenixFrameworkGroup] 5703 accepted socket connection from /127.0.0.1:49941
 INFO  [pool-1-thread-1] {com.hazelcast.cluster.TcpIpJoiner} [127.0.0.1]:5703 [FenixFrameworkGroup] Connecting to possible member: Address[127.0.0.1]:5702
 INFO  [pool-1-thread-1] {com.hazelcast.cluster.TcpIpJoiner} [127.0.0.1]:5703 [FenixFrameworkGroup] Connecting to possible member: Address[127.0.0.1]:5701
 INFO  [hz._hzInstance_1_FenixFrameworkGroup.cached.thread-3] {com.hazelcast.nio.SocketConnector} [127.0.0.1]:5703 [FenixFrameworkGroup] Connecting to /127.0.0.1:5701, timeout: 0, bind-any: true
 INFO  [hz._hzInstance_1_FenixFrameworkGroup.cached.thread-3] {com.hazelcast.nio.TcpIpConnectionManager} [127.0.0.1]:5703 [FenixFrameworkGroup] 34462 accepted socket connection from /127.0.0.1:5701
 INFO  [hz._hzInstance_1_FenixFrameworkGroup.cached.thread-2] {com.hazelcast.nio.SocketAcceptor} [127.0.0.1]:5703 [FenixFrameworkGroup] 5703 is accepting socket connection from /127.0.0.1:54967
 INFO  [hz._hzInstance_1_FenixFrameworkGroup.cached.thread-2] {com.hazelcast.nio.TcpIpConnectionManager} [127.0.0.1]:5703 [FenixFrameworkGroup] 5703 accepted socket connection from /127.0.0.1:54967
 INFO  [hz._hzInstance_1_FenixFrameworkGroup.cached.thread-3] {com.hazelcast.nio.SocketAcceptor} [127.0.0.1]:5703 [FenixFrameworkGroup] 5703 is accepting socket connection from /127.0.0.1:43286
 INFO  [hz._hzInstance_1_FenixFrameworkGroup.cached.thread-3] {com.hazelcast.nio.TcpIpConnectionManager} [127.0.0.1]:5703 [FenixFrameworkGroup] 5703 accepted socket connection from /127.0.0.1:43286
 INFO  [hz._hzInstance_1_FenixFrameworkGroup.cached.thread-2] {com.hazelcast.nio.SocketAcceptor} [127.0.0.1]:5703 [FenixFrameworkGroup] 5703 is accepting socket connection from /127.0.0.1:39760
 INFO  [hz._hzInstance_1_FenixFrameworkGroup.cached.thread-2] {com.hazelcast.nio.TcpIpConnectionManager} [127.0.0.1]:5703 [FenixFrameworkGroup] 5703 accepted socket connection from /127.0.0.1:39760
 INFO  [hz._hzInstance_1_FenixFrameworkGroup.cached.thread-3] {com.hazelcast.nio.SocketAcceptor} [127.0.0.1]:5703 [FenixFrameworkGroup] 5703 is accepting socket connection from /127.0.0.1:41282
 INFO  [hz._hzInstance_1_FenixFrameworkGroup.cached.thread-3] {com.hazelcast.nio.TcpIpConnectionManager} [127.0.0.1]:5703 [FenixFrameworkGroup] 5703 accepted socket connection from /127.0.0.1:41282
 INFO  [hz._hzInstance_1_FenixFrameworkGroup.cached.thread-3] {com.hazelcast.nio.SocketAcceptor} [127.0.0.1]:5703 [FenixFrameworkGroup] 5703 is accepting socket connection from /127.0.0.1:50200
 INFO  [hz._hzInstance_1_FenixFrameworkGroup.cached.thread-3] {com.hazelcast.nio.TcpIpConnectionManager} [127.0.0.1]:5703 [FenixFrameworkGroup] 5703 accepted socket connection from /127.0.0.1:50200
 INFO  [hz._hzInstance_1_FenixFrameworkGroup.cached.thread-3] {com.hazelcast.cluster.ClusterService} [127.0.0.1]:5703 [FenixFrameworkGroup] 

Members [8] {
	Member [127.0.0.1]:5701
	Member [127.0.0.1]:5702
	Member [127.0.0.1]:5704
	Member [127.0.0.1]:5705
	Member [127.0.0.1]:5706
	Member [127.0.0.1]:5703 this
	Member [127.0.0.1]:5707
	Member [127.0.0.1]:5708
}

[GC 259695K->9146K(2944064K), 0.0370310 secs]
 INFO  [pool-1-thread-1] {com.hazelcast.core.LifecycleService} [127.0.0.1]:5703 [FenixFrameworkGroup] Address[127.0.0.1]:5703 is STARTED
 INFO  [pool-1-thread-1] {pt.ist.fenixframework.backend.jvstm.cluster.ClusterUtils} Got (long) serverId: 2
 INFO  [pool-1-thread-1] {pt.ist.fenixframework.backend.jvstm.cluster.JvstmClusterBackEnd} This is NOT the first node.
 INFO  [pool-1-thread-1] {pt.ist.fenixframework.backend.jvstm.cluster.ClusterUtils} Waiting for startup from first node
 INFO  [pool-1-thread-1] {pt.ist.fenixframework.backend.jvstm.JVSTMBackEnd} initializeRepository()
 INFO  [pool-1-thread-1] {pt.ist.fenixframework.backend.jvstm.datagrid.radargun.DataGridDecorator} config=ispn52-repl-sync-rc.xml, isLocal=false, nodeIndex=2, confAttributes={name=ispn52-repl-sync-rc.xml}
 INFO  [pool-1-thread-1] {org.radargun.cachewrappers.InfinispanXSWrapper} Cannot find any site for slave index 2
 INFO  [pool-1-thread-1] {org.infinispan.remoting.transport.jgroups.JGroupsTransport} ISPN000078: Starting JGroups Channel
 WARN  [pool-1-thread-1] {org.jgroups.protocols.UDP} [JGRP00014] the send buffer of socket DatagramSocket was set to 640KB, but the OS only allocated 229.38KB. This might lead to performance problems. Please set your max send buffer in the OS correctly (e.g. net.core.wmem_max on Linux)
 WARN  [pool-1-thread-1] {org.jgroups.protocols.UDP} [JGRP00014] the receive buffer of socket DatagramSocket was set to 20MB, but the OS only allocated 229.38KB. This might lead to performance problems. Please set your max receive buffer in the OS correctly (e.g. net.core.rmem_max on Linux)
 WARN  [pool-1-thread-1] {org.jgroups.protocols.UDP} [JGRP00014] the send buffer of socket MulticastSocket was set to 640KB, but the OS only allocated 229.38KB. This might lead to performance problems. Please set your max send buffer in the OS correctly (e.g. net.core.wmem_max on Linux)
 WARN  [pool-1-thread-1] {org.jgroups.protocols.UDP} [JGRP00014] the receive buffer of socket MulticastSocket was set to 25MB, but the OS only allocated 229.38KB. This might lead to performance problems. Please set your max receive buffer in the OS correctly (e.g. net.core.rmem_max on Linux)
 INFO  [pool-1-thread-1] {org.infinispan.remoting.transport.jgroups.JGroupsTransport} ISPN000094: Received new cluster view: [deimos-esw-29231|1] [deimos-esw-29231, deimos-esw-877, deimos-esw-54848]
 INFO  [pool-1-thread-1] {org.infinispan.remoting.transport.jgroups.JGroupsTransport} ISPN000079: Cache local address is deimos-esw-877, physical addresses are [127.0.0.1:52001]
 INFO  [pool-1-thread-1] {org.infinispan.factories.GlobalComponentRegistry} ISPN000128: Infinispan version: Infinispan 'Delirium' 5.2.6.Final
 INFO  [Incoming-4,deimos-esw-877] {org.infinispan.remoting.transport.jgroups.JGroupsTransport} ISPN000094: Received new cluster view: [deimos-esw-29231|2] [deimos-esw-29231, deimos-esw-877, deimos-esw-54848, deimos-esw-58796]
 INFO  [pool-1-thread-1] {org.infinispan.transaction.lookup.JBossStandaloneJTAManagerLookup} ISPN000107: Retrieving transaction manager Transaction: unknown
 INFO  [Incoming-4,deimos-esw-877] {org.infinispan.remoting.transport.jgroups.JGroupsTransport} ISPN000094: Received new cluster view: [deimos-esw-29231|3] [deimos-esw-29231, deimos-esw-877, deimos-esw-54848, deimos-esw-58796, deimos-esw-38580]
 INFO  [Incoming-4,deimos-esw-877] {org.infinispan.remoting.transport.jgroups.JGroupsTransport} ISPN000094: Received new cluster view: [deimos-esw-29231|4] [deimos-esw-29231, deimos-esw-877, deimos-esw-54848, deimos-esw-58796, deimos-esw-38580, deimos-esw-23679, deimos-esw-16133]
 INFO  [pool-1-thread-1] {org.infinispan.jmx.CacheJmxRegistration} ISPN000031: MBeans were successfully registered to the platform MBean server.
 INFO  [Incoming-4,deimos-esw-877] {org.infinispan.remoting.transport.jgroups.JGroupsTransport} ISPN000094: Received new cluster view: [deimos-esw-29231|5] [deimos-esw-29231, deimos-esw-877, deimos-esw-54848, deimos-esw-58796, deimos-esw-38580, deimos-esw-23679, deimos-esw-16133, deimos-esw-39823]
 INFO  [pool-1-thread-1] {org.radargun.cachewrappers.InfinispanXSWrapper} Using transaction manager: Transaction: unknown
 INFO  [pool-1-thread-1] {org.radargun.cachewrappers.InfinispanXSWrapper} No RELAY2 protocol in XS wrapper
 INFO  [pool-1-thread-1] {org.radargun.cachewrappers.InfinispanXSWrapper} JGroups version: JGroups 3.2.7.Final
 INFO  [pool-1-thread-1] {org.radargun.cachewrappers.InfinispanXSWrapper} Using config attributes: {name=ispn52-repl-sync-rc.xml}
 INFO  [pool-1-thread-1] {pt.ist.fenixframework.backend.jvstm.datagrid.DataGridRepository} Initialization marker is present. Data Grid already existed.
 INFO  [pool-1-thread-1] {pt.ist.fenixframework.backend.jvstm.JVSTMBackEnd} initializeDomainClassInfos
 INFO  [pool-1-thread-1] {pt.ist.fenixframework.backend.jvstm.pstm.DomainClassInfo} serverId: 2, serverOidBase: 2000000000000
 INFO  [pool-1-thread-1] {pt.ist.fenixframework.backend.jvstm.pstm.DomainClassInfo} Existing domain class 'pt.ist.fenixframework.adt.linkedlist.ListNode' with id '6'
 INFO  [pool-1-thread-1] {pt.ist.fenixframework.backend.jvstm.pstm.DomainClassInfo} Existing domain class 'pt.ist.fenixframework.adt.bplustree.DomainBPlusTree' with id 'e'
 INFO  [pool-1-thread-1] {pt.ist.fenixframework.backend.jvstm.pstm.DomainClassInfo} Existing domain class 'pt.ist.fenixframework.adt.bplustree.LeafNodeArray' with id 'c'
 INFO  [pool-1-thread-1] {pt.ist.fenixframework.backend.jvstm.pstm.DomainClassInfo} Existing domain class 'pt.ist.fenixframework.adt.bplustree.AbstractNodeArray' with id 'a'
 INFO  [pool-1-thread-1] {pt.ist.fenixframework.backend.jvstm.pstm.DomainClassInfo} Existing domain class 'pt.ist.fenixframework.backend.jvstm.pstm.FenixFrameworkData' with id 'd'
 INFO  [pool-1-thread-1] {pt.ist.fenixframework.backend.jvstm.pstm.DomainClassInfo} Existing domain class 'pt.ist.fenixframework.DomainRoot' with id '0'
 INFO  [pool-1-thread-1] {pt.ist.fenixframework.backend.jvstm.pstm.DomainClassInfo} Existing domain class 'pt.ist.fenixframework.adt.bplustree.BPlusTreeArray' with id '2'
 INFO  [pool-1-thread-1] {pt.ist.fenixframework.backend.jvstm.pstm.DomainClassInfo} Existing domain class 'pt.ist.fenixframework.adt.bplustree.DomainLeafNode' with id '1'
 INFO  [pool-1-thread-1] {pt.ist.fenixframework.backend.jvstm.pstm.DomainClassInfo} Existing domain class 'pt.ist.fenixframework.adt.bplustree.DomainInnerNode' with id '3'
 INFO  [pool-1-thread-1] {pt.ist.fenixframework.backend.jvstm.pstm.DomainClassInfo} Existing domain class 'pt.ist.fenixframework.adt.bplustree.InnerNode' with id '8'
 INFO  [pool-1-thread-1] {pt.ist.fenixframework.backend.jvstm.pstm.DomainClassInfo} Existing domain class 'pt.ist.fenixframework.adt.bplustree.BPlusTree' with id '7'
 INFO  [pool-1-thread-1] {pt.ist.fenixframework.backend.jvstm.pstm.DomainClassInfo} Existing domain class 'pt.ist.fenixframework.adt.bplustree.LeafNode' with id '4'
 INFO  [pool-1-thread-1] {pt.ist.fenixframework.backend.jvstm.pstm.DomainClassInfo} Existing domain class 'pt.ist.fenixframework.adt.bplustree.InnerNodeArray' with id 'b'
 INFO  [pool-1-thread-1] {pt.ist.fenixframework.backend.jvstm.pstm.DomainClassInfo} Existing domain class 'pt.ist.fenixframework.adt.bplustree.AbstractNode' with id 'f'
 INFO  [pool-1-thread-1] {pt.ist.fenixframework.backend.jvstm.pstm.DomainClassInfo} Existing domain class 'pt.ist.fenixframework.adt.linkedlist.LinkedList' with id '9'
 INFO  [pool-1-thread-1] {pt.ist.fenixframework.backend.jvstm.pstm.DomainClassInfo} Existing domain class 'pt.ist.fenixframework.backend.jvstm.pstm.TransactionStatisticsEntry' with id '5'
 INFO  [pool-1-thread-1] {pt.ist.fenixframework.backend.jvstm.JVSTMBackEnd} setupJVSTM
 INFO  [pool-1-thread-1] {pt.ist.fenixframework.backend.jvstm.JVSTMBackEnd} Setting the last committed TX number to 2
 INFO  [pool-1-thread-1] {pt.ist.fenixframework.backend.jvstm.JVSTMBackEnd} createDomainRootIfNeeded
 INFO  [pool-1-thread-1] {pt.ist.fenixframework.backend.jvstm.JVSTMBackEnd} ensureFenixFrameworkDataExists
 INFO  [pool-1-thread-1] {pt.ist.fenixframework.hibernatesearch.HibernateSearchConfig} Resource 'fenix-framework-hibernate-search.properties' not found. Hibernate Search disabled
 INFO  [pool-1-thread-1] {pt.ist.fenixframework.FenixFramework} Initialization of Fenix Framework is now complete.
 INFO  [pool-1-thread-1] {org.radargun.cachewrappers.FFWrapper} FF STARTED=true
 INFO  [pool-1-thread-1] {org.radargun.stages.helpers.StartHelper} Number of members is the one expected: 8
 INFO  [pool-1-thread-1] {org.radargun.stages.StartClusterStage} Successfully started cache wrapper on slave 2: org.radargun.cachewrappers.FFWrapper@33211ee7
 INFO  [pool-1-thread-1] {org.radargun.Slave} Finished stage: StartCluster {config=ispn52-repl-sync-rc.xml, delayAfterFirstSlaveStarts=5.000 secs, delayBetweenStartingSlaves=0.500 secs, exitBenchmarkOnSlaveFailure=true, expectNumSlaves=null, mayFailOn=null, reachable=null, runOnAllSlaves=false, slaves=null, staggerSlaveStartup=true, useSmartClassLoading=true, validateCluster=true }
 INFO  [main] {org.radargun.Slave} Ack successfully sent to the master
 INFO  [pool-1-thread-1] {org.radargun.Slave} Executing stage: ClusterValidation {exitBenchmarkOnSlaveFailure=false, partialReplication=false, replicationTimeSleep=2000, replicationTryCount=60, runOnAllSlaves=false, slaves=null, useSmartClassLoading=true }
 INFO  [pool-1-thread-1] {org.radargun.stages.ClusterValidationStage} Number of caches that replicated here is 5
 INFO  [pool-1-thread-1] {org.radargun.stages.ClusterValidationStage} Replication test failed, 1 tries so far. Sleeping for 2 seconds and trying again.
 INFO  [pool-1-thread-1] {org.radargun.stages.ClusterValidationStage} Number of caches that replicated here is 7
 INFO  [pool-1-thread-1] {org.radargun.stages.ClusterValidationStage} Replication test successfully passed. partialReplication? false, replicationCount = 7
 INFO  [pool-1-thread-1] {org.radargun.stages.ClusterValidationStage} Confirm phase successful.
 INFO  [pool-1-thread-1] {org.radargun.Slave} Finished stage: ClusterValidation {exitBenchmarkOnSlaveFailure=false, partialReplication=false, replicationTimeSleep=2000, replicationTryCount=60, runOnAllSlaves=false, slaves=[ 0, 1, 2, 3, 4, 5, 6, 7 ], useSmartClassLoading=true }
 INFO  [main] {org.radargun.Slave} Ack successfully sent to the master
 INFO  [pool-1-thread-1] {org.radargun.Slave} Executing stage: StressTestWarmup {bulkSize=1, cacheSpecificKeyGenerator=false, commitTransactions=true, duration=1 mins 0 secs, entrySize=1000, exitBenchmarkOnSlaveFailure=false, fixedKeys=true, generateHistogramRange=false, keyGeneratorClass=org.radargun.stressors.StringKeyGenerator, keyGeneratorParam=null, loadAllKeys=false, numEntries=100, numOfThreads=4, numRequests=10000, numThreads=4, numberOfAttributes=100, numberOfRequests=10000, opsCountStatusLog=100000, poolKeys=true, preferAsyncOperations=false, removePercentage=0, replaceInvalidPercentage=40, runOnAllSlaves=false, sharedKeys=false, sizeOfAnAttribute=1000, slaves=null, transactionSize=50, useAtomics=false, useHistogramStatistics=false, useSimpleStatistics=true, useSmartClassLoading=true, useTransactions=null, writePercentage=20, writeTxPercentage=20 }
 INFO  [pool-1-thread-1] {org.radargun.stages.StressTestWarmupStage} Starting StressTestWarmupStage: StressTestWarmup {bulkSize=1, cacheSpecificKeyGenerator=false, commitTransactions=true, duration=1 mins 0 secs, entrySize=1000, exitBenchmarkOnSlaveFailure=false, fixedKeys=true, generateHistogramRange=false, keyGeneratorClass=org.radargun.stressors.StringKeyGenerator, keyGeneratorParam=null, loadAllKeys=false, numEntries=100, numOfThreads=4, numRequests=10000, numThreads=4, numberOfAttributes=100, numberOfRequests=10000, opsCountStatusLog=100000, poolKeys=true, preferAsyncOperations=false, removePercentage=0, replaceInvalidPercentage=40, runOnAllSlaves=false, sharedKeys=false, sizeOfAnAttribute=1000, slaves=null, transactionSize=50, useAtomics=false, useHistogramStatistics=false, useSimpleStatistics=true, useSmartClassLoading=true, useTransactions=null, writePercentage=20, writeTxPercentage=20 }
 INFO  [pool-1-thread-1] {org.radargun.stressors.StressTestStressor} Using key generator org.radargun.stressors.StringKeyGenerator, param null
 INFO  [pool-1-thread-1] {org.radargun.stressors.StressTestStressor} Executing: StressTestStressor{opsCountStatusLog=100000, numRequests=10000, numEntries=100, entrySize=1000, writePercentage=20, numThreads=4, cacheWrapper=org.radargun.cachewrappers.FFWrapper@33211ee7, nodeIndex=2, useTransactions=true, transactionSize=50, commitTransactions=true, durationMillis=60000}
 INFO  [pool-1-thread-1] {org.radargun.stressors.StressTestStressor} Cache wrapper info is: FFWrapper using infinispan52
[GC 265210K->21690K(2944064K), 0.0601630 secs]
[GC 277754K->16683K(2944064K), 0.0364440 secs]
 INFO  [pool-1-thread-1] {org.radargun.stressors.StressTestStressor} Started 4 stressor threads.
 INFO  [Stressor-3] {org.radargun.stressors.StressTestStressor} Number of ops executed so far: 1. Elapsed time: 0.001 secs. Remaining: 59.999 secs. Total: 1 mins 0 secs
[GC 272747K->21240K(2944064K), 0.0380760 secs]
[GC 277304K->28114K(2944064K), 0.0437740 secs]
[GC 284178K->38786K(2944064K), 0.0432820 secs]
[GC 294850K->40095K(2944064K), 0.0483040 secs]
 INFO  [Stressor-1] {org.radargun.stressors.StressTestStressor} Number of ops executed so far: 37300. Elapsed time: 20.002 secs. Remaining: 39.998 secs. Total: 1 mins 0 secs
[GC 296159K->57452K(2944064K), 0.0471470 secs]
[GC 313516K->73456K(2944064K), 0.0473550 secs]
[GC 329520K->57683K(2944064K), 0.0521170 secs]
[GC 313747K->73515K(2944064K), 0.0529180 secs]
[GC 329579K->84158K(2944064K), 0.0527630 secs]
 INFO  [Stressor-3] {org.radargun.stressors.StressTestStressor} Number of ops executed so far: 115250. Elapsed time: 40.002 secs. Remaining: 19.998 secs. Total: 1 mins 0 secs
[GC 340217K->87808K(2944064K), 0.0513440 secs]
[GC 343872K->92898K(2944064K), 0.0546950 secs]
[GC 348962K->100370K(2944064K), 0.0558090 secs]
[GC 356434K->111132K(2944064K), 0.0677750 secs]
[GC 367196K->106078K(2944064K), 0.0662400 secs]
 INFO  [Stressor-3] {org.radargun.stressors.StressTestStressor} Number of ops executed so far: 213300. Elapsed time: 1 mins 0 secs. Remaining: 0.000 secs. Total: 1 mins 0 secs
 INFO  [pool-1-thread-1] {org.radargun.stressors.StressTestStressor} Finished generating report. Test duration is: 1 mins 13 secs
 INFO  [pool-1-thread-1] {org.radargun.stages.StressTestWarmupStage} The warmup took: 73 seconds.
 INFO  [pool-1-thread-1] {org.radargun.Slave} Finished stage: StressTestWarmup {bulkSize=1, cacheSpecificKeyGenerator=false, commitTransactions=true, duration=1 mins 0 secs, entrySize=1000, exitBenchmarkOnSlaveFailure=false, fixedKeys=true, generateHistogramRange=false, keyGeneratorClass=org.radargun.stressors.StringKeyGenerator, keyGeneratorParam=null, loadAllKeys=false, numEntries=100, numOfThreads=4, numRequests=10000, numThreads=4, numberOfAttributes=100, numberOfRequests=10000, opsCountStatusLog=100000, poolKeys=true, preferAsyncOperations=false, removePercentage=0, replaceInvalidPercentage=40, runOnAllSlaves=false, sharedKeys=false, sizeOfAnAttribute=1000, slaves=null, transactionSize=50, useAtomics=false, useHistogramStatistics=false, useSimpleStatistics=true, useSmartClassLoading=true, useTransactions=null, writePercentage=20, writeTxPercentage=20 }
 INFO  [main] {org.radargun.Slave} Ack successfully sent to the master
[GC 362142K->107727K(2944064K), 0.0647600 secs]
[GC 363791K->103526K(2944064K), 0.0626050 secs]
 WARN  [hz._hzInstance_1_FenixFrameworkGroup.event] {com.hazelcast.spi.EventService} [127.0.0.1]:5703 [FenixFrameworkGroup] Caution: Off-load event processing to your own thread-pool, don't use event thread!
[GC 359590K->107002K(2944064K), 0.0481960 secs]
[GC 363066K->103469K(2944064K), 0.0493310 secs]
[GC 359533K->112317K(2944064K), 0.0569080 secs]
[GC 368381K->120993K(2944064K), 0.0598160 secs]
[GC 377057K->133794K(2944064K), 0.0607990 secs]
[GC 389858K->142363K(2944064K), 0.0639420 secs]
[GC 398427K->151371K(2944064K), 0.0639020 secs]
[GC 407435K->154745K(2944064K), 0.0637980 secs]
[GC 410796K->169632K(2944064K), 0.0735320 secs]
 INFO  [pool-1-thread-1] {org.radargun.Slave} Executing stage: ClearClusterStage {ClearCluster {exitBenchmarkOnSlaveFailure=false, runOnAllSlaves=false, slaves=[ 0 ], useSmartClassLoading=true }
 INFO  [pool-1-thread-1] {org.radargun.stages.ClearClusterStage} Before executing clear, memory looks like this: Memory - free: 2,700,499 kb - max:4,906,688 kb- total:2,944,064 kb
[Full GC 243564K->144787K(2944064K), 0.6554020 secs]
 INFO  [pool-1-thread-1] {org.radargun.stages.ClearClusterStage} After executing cleanup, memory looks like this: Memory - free: 2,797,797 kb - max:4,906,688 kb- total:2,944,192 kb
 INFO  [pool-1-thread-1] {org.radargun.Slave} Finished stage: ClearClusterStage {ClearCluster {exitBenchmarkOnSlaveFailure=false, runOnAllSlaves=false, slaves=[ 0 ], useSmartClassLoading=true }
 INFO  [main] {org.radargun.Slave} Ack successfully sent to the master
 INFO  [pool-1-thread-1] {org.radargun.Slave} Executing stage: StressTest {bulkSize=1, cacheSpecificKeyGenerator=false, commitTransactions=true, duration=1 mins 0 secs, entrySize=1000, exitBenchmarkOnSlaveFailure=false, fixedKeys=true, generateHistogramRange=false, keyGeneratorClass=org.radargun.stressors.StringKeyGenerator, keyGeneratorParam=null, loadAllKeys=false, numEntries=10000, numOfThreads=4, numRequests=10000000, numThreads=4, numberOfAttributes=10000, numberOfRequests=10000000, opsCountStatusLog=500000, poolKeys=true, preferAsyncOperations=false, removePercentage=0, replaceInvalidPercentage=40, runOnAllSlaves=false, sharedKeys=false, sizeOfAnAttribute=1000, slaves=null, transactionSize=10000, useAtomics=false, useHistogramStatistics=false, useSimpleStatistics=true, useSmartClassLoading=true, useTransactions=true, writePercentage=10, writeTxPercentage=50 }
 INFO  [pool-1-thread-1] {org.radargun.stages.StressTestStage} Starting StressTestStage: StressTest {bulkSize=1, cacheSpecificKeyGenerator=false, commitTransactions=true, duration=1 mins 0 secs, entrySize=1000, exitBenchmarkOnSlaveFailure=false, fixedKeys=true, generateHistogramRange=false, keyGeneratorClass=org.radargun.stressors.StringKeyGenerator, keyGeneratorParam=null, loadAllKeys=false, numEntries=10000, numOfThreads=4, numRequests=10000000, numThreads=4, numberOfAttributes=10000, numberOfRequests=10000000, opsCountStatusLog=500000, poolKeys=true, preferAsyncOperations=false, removePercentage=0, replaceInvalidPercentage=40, runOnAllSlaves=false, sharedKeys=false, sizeOfAnAttribute=1000, slaves=null, transactionSize=10000, useAtomics=false, useHistogramStatistics=false, useSimpleStatistics=true, useSmartClassLoading=true, useTransactions=true, writePercentage=10, writeTxPercentage=50 }
 INFO  [pool-1-thread-1] {org.radargun.stressors.StressTestStressor} Using key generator org.radargun.stressors.StringKeyGenerator, param null
 INFO  [pool-1-thread-1] {org.radargun.stressors.StressTestStressor} Executing: StressTestStressor{opsCountStatusLog=500000, numRequests=10000000, numEntries=10000, entrySize=1000, writePercentage=10, numThreads=4, cacheWrapper=org.radargun.cachewrappers.FFWrapper@33211ee7, nodeIndex=2, useTransactions=true, transactionSize=10000, commitTransactions=true, durationMillis=60000}
 INFO  [pool-1-thread-1] {org.radargun.stressors.StressTestStressor} Cache wrapper info is: FFWrapper using infinispan52
[GC 400915K->222592K(2944192K), 0.0328510 secs]
[GC 478720K->170199K(2944192K), 0.0393220 secs]
[GC 426327K->159132K(2944192K), 0.0442760 secs]
[GC 415260K->169452K(2944192K), 0.0826270 secs]
[GC 425580K->171058K(2944192K), 0.0462300 secs]
[GC 427186K->178046K(2944192K), 0.0520410 secs]
[GC 434174K->185122K(2944192K), 0.0513280 secs]
[GC 441250K->185658K(2944192K), 0.0592110 secs]
[GC 441786K->188681K(2944192K), 0.0572310 secs]
[GC 444809K->194366K(2944192K), 0.0604020 secs]
[GC 450494K->219426K(2944192K), 0.0584290 secs]
[GC 475554K->202401K(2944192K), 0.0570240 secs]
[GC 458529K->197925K(2944192K), 0.0586980 secs]
[GC 454053K->235192K(2944192K), 0.0562190 secs]
[GC 491320K->213193K(2944192K), 0.0587280 secs]
[GC 469321K->247534K(2944192K), 0.0729980 secs]
[GC 503662K->218688K(2944192K), 0.0588860 secs]
[GC 474816K->235211K(2944192K), 0.0550570 secs]
[GC 491339K->246519K(2944192K), 0.0548370 secs]
[GC 502647K->252970K(2944192K), 0.0548750 secs]
[GC 509098K->245860K(2944192K), 0.0556060 secs]
[GC 501988K->237394K(2944192K), 0.0667970 secs]
[GC 493522K->233682K(2944192K), 0.0532490 secs]
[GC 489810K->250139K(2944192K), 0.0541230 secs]
[GC 506267K->241715K(2944192K), 0.0547250 secs]
[GC 497843K->247177K(2944192K), 0.0514880 secs]
[GC 503305K->256837K(2944192K), 0.0532650 secs]
[GC 512965K->260564K(2944192K), 0.0567320 secs]
[GC 516692K->279753K(2944192K), 0.0552840 secs]
[GC 535881K->286231K(2944192K), 0.0557380 secs]
[GC 542359K->262999K(2944192K), 0.0541860 secs]
[GC 519127K->259182K(2944192K), 0.0548130 secs]
[GC 515310K->290424K(2944192K), 0.0552880 secs]
[GC 546552K->266861K(2944192K), 0.0539530 secs]
[GC 522989K->279453K(2944192K), 0.0588210 secs]
[GC 535581K->293442K(2944192K), 0.0520240 secs]
[GC 549570K->271358K(2944192K), 0.0545260 secs]
[GC 527486K->296001K(2944192K), 0.0575750 secs]
[GC 552129K->308913K(2944192K), 0.0564780 secs]
[GC 565041K->272651K(2944192K), 0.0521200 secs]
[GC 528779K->311342K(2944192K), 0.0556360 secs]
[GC 567470K->287645K(2944192K), 0.0610480 secs]
 INFO  [pool-1-thread-1] {org.radargun.stressors.StressTestStressor} Started 4 stressor threads.
 INFO  [Stressor-0] {org.radargun.stressors.StressTestStressor} Number of ops executed so far: 1. Elapsed time: 0.000 secs. Remaining: 1 mins 0 secs. Total: 1 mins 0 secs
[GC 543773K->312159K(2944192K), 0.0678210 secs]
[GC 568287K->329681K(2944192K), 0.0655230 secs]
[GC 584403K->358259K(2944192K), 0.0823970 secs]
[GC 612149K->356042K(2944192K), 0.0793520 secs]
[GC 611898K->392155K(2944192K), 0.0720950 secs]
[GC 647187K->382153K(2944192K), 0.0810260 secs]
[GC 638281K->388922K(2944192K), 0.0586120 secs]
[GC 645050K->379463K(2944192K), 0.0567840 secs]
[GC 635591K->409681K(2944192K), 0.0698850 secs]
[GC 665809K->446937K(2944192K), 0.0747380 secs]
[GC 703065K->442612K(2944192K), 0.0840610 secs]
[GC 698740K->436786K(2944192K), 0.0703210 secs]
[GC 692914K->460638K(2944192K), 0.0638290 secs]
[GC 716766K->456026K(2944192K), 0.0776750 secs]
[GC 711217K->495361K(2944192K), 0.0600570 secs]
[GC 750581K->482367K(2944192K), 0.0722320 secs]
[GC 738479K->519803K(2944192K), 0.0556820 secs]
 INFO  [Stressor-0] {org.radargun.stressors.StressTestStressor} Number of ops executed so far: 550000. Elapsed time: 20.299 secs. Remaining: 39.701 secs. Total: 1 mins 0 secs
[GC 773033K->508342K(2944192K), 0.0689400 secs]
[GC 763506K->546134K(2944192K), 0.0612890 secs]
[GC 800711K->536323K(2944192K), 0.0717020 secs]
[GC 792451K->564875K(2944192K), 0.0656270 secs]
[GC 821003K->545924K(2944192K), 0.0693310 secs]
[GC 800547K->551033K(2944192K), 0.0481460 secs]
[GC 807133K->582015K(2944192K), 0.0508840 secs]
[GC 838022K->593789K(2944192K), 0.0806170 secs]
[GC 849917K->592929K(2944192K), 0.0580820 secs]
[GC 849057K->590363K(2944192K), 0.0570900 secs]
[GC 846491K->641865K(2944192K), 0.0581010 secs]
[GC 897993K->613345K(2944192K), 0.0686510 secs]
[GC 869473K->646787K(2944192K), 0.0551820 secs]
[GC 902781K->653753K(2944192K), 0.0681970 secs]
[GC 909828K->684202K(2944192K), 0.0542290 secs]
[GC 940324K->684702K(2944192K), 0.0666920 secs]
[GC 940830K->689874K(2944192K), 0.0539490 secs]
[GC 945955K->720577K(2944192K), 0.0736930 secs]
 INFO  [Stressor-1] {org.radargun.stressors.StressTestStressor} Number of ops executed so far: 902557. Elapsed time: 40.299 secs. Remaining: 19.701 secs. Total: 1 mins 0 secs
[GC 976662K->727043K(2944192K), 0.0767780 secs]
[GC 983121K->763794K(2944192K), 0.0527620 secs]
[GC 1019922K->747646K(2944192K), 0.0679580 secs]
[GC 1003774K->755460K(2944192K), 0.0554900 secs]
[GC 1011588K->776079K(2944192K), 0.0641860 secs]
[GC 1032207K->795639K(2944192K), 0.0582030 secs]
[GC 1051767K->783401K(2944192K), 0.0754800 secs]
[GC 1039529K->827401K(2944192K), 0.0601890 secs]
[GC 1082907K->820180K(2944192K), 0.0776910 secs]
[GC 1075625K->839470K(2944192K), 0.0638610 secs]
[GC 1095598K->833358K(2944192K), 0.0831040 secs]
[GC 1089486K->871321K(2944192K), 0.0608280 secs]
[GC 1127449K->874525K(2944192K), 0.0805270 secs]
[GC 1130586K->867500K(2944192K), 0.0639350 secs]
[GC 1123581K->890218K(2944192K), 0.0725620 secs]
[GC 1146303K->909685K(2944192K), 0.0754170 secs]
[GC 1164445K->921404K(2944192K), 0.0656650 secs]
 INFO  [Stressor-1] {org.radargun.stressors.StressTestStressor} Number of ops executed so far: 1310000. Elapsed time: 1 mins 0 secs. Remaining: 0.000 secs. Total: 1 mins 0 secs
 INFO  [pool-1-thread-1] {org.radargun.stressors.StressTestStressor} Finished generating report. Test duration is: 4 mins 32 secs
 INFO  [pool-1-thread-1] {org.radargun.stages.StressTestStage} size info: FFWrapper using infinispan52, clusterSize:8, nodeIndex:2, cacheSize: -1
 INFO  [pool-1-thread-1] {org.radargun.Slave} Finished stage: StressTest {bulkSize=1, cacheSpecificKeyGenerator=false, commitTransactions=true, duration=1 mins 0 secs, entrySize=1000, exitBenchmarkOnSlaveFailure=false, fixedKeys=true, generateHistogramRange=false, keyGeneratorClass=org.radargun.stressors.StringKeyGenerator, keyGeneratorParam=null, loadAllKeys=false, numEntries=10000, numOfThreads=4, numRequests=10000000, numThreads=4, numberOfAttributes=10000, numberOfRequests=10000000, opsCountStatusLog=500000, poolKeys=true, preferAsyncOperations=false, removePercentage=0, replaceInvalidPercentage=40, runOnAllSlaves=false, sharedKeys=false, sizeOfAnAttribute=1000, slaves=null, transactionSize=10000, useAtomics=false, useHistogramStatistics=false, useSimpleStatistics=true, useSmartClassLoading=true, useTransactions=true, writePercentage=10, writeTxPercentage=50 }
 INFO  [main] {org.radargun.Slave} Ack successfully sent to the master
[GC 1177532K->919102K(2944192K), 0.0570860 secs]
[GC 1175230K->897840K(2944192K), 0.0490010 secs]
[GC 1153968K->907502K(2944192K), 0.0526390 secs]
[GC 1163630K->919663K(2944192K), 0.0511910 secs]
[GC 1175791K->882776K(2944192K), 0.0463350 secs]
[GC 1138904K->896151K(2944192K), 0.0510010 secs]
[GC 1152279K->913839K(2944192K), 0.0542660 secs]
[GC 1169967K->886836K(2944192K), 0.0528070 secs]
[GC 1142964K->906056K(2944192K), 0.0586370 secs]
[GC 1162184K->915904K(2944192K), 0.0575860 secs]
[GC 1172032K->908532K(2944192K), 0.0572740 secs]
[GC 1164660K->925837K(2944192K), 0.0596880 secs]
[GC 1181965K->929679K(2944192K), 0.0615750 secs]
 WARN  [hz._hzInstance_1_FenixFrameworkGroup.event] {com.hazelcast.spi.EventService} [127.0.0.1]:5703 [FenixFrameworkGroup] Caution: Off-load event processing to your own thread-pool, don't use event thread!
[GC 1185807K->902815K(2944192K), 0.0670750 secs]
[GC 1158943K->908820K(2944192K), 0.0657940 secs]
[GC 1164948K->904478K(2944192K), 0.0550380 secs]
[GC 1160606K->911739K(2944192K), 0.0607230 secs]
[GC 1167867K->922038K(2944192K), 0.0526160 secs]
[GC 1178166K->933540K(2944192K), 0.0565870 secs]
[GC 1189668K->925157K(2944192K), 0.0538450 secs]
[GC 1181285K->948180K(2944192K), 0.0758910 secs]
 WARN  [hz._hzInstance_1_FenixFrameworkGroup.event] {com.hazelcast.spi.EventService} [127.0.0.1]:5703 [FenixFrameworkGroup] Caution: Off-load event processing to your own thread-pool, don't use event thread!
[GC 1204308K->963111K(2944192K), 0.0730880 secs]
[GC 1219239K->1000920K(2944192K), 0.0819260 secs]
[GC 1257048K->989414K(2944192K), 0.1108390 secs]
[GC 1245542K->1042086K(2944192K), 0.0668930 secs]
[GC 1297030K->1026915K(2944192K), 0.0971310 secs]
[GC 1283043K->1076102K(2944192K), 0.0679110 secs]
[GC 1332230K->1081404K(2944192K), 0.1005540 secs]
[GC 1337056K->1085259K(2944192K), 0.0725260 secs]
[GC 1341369K->1115904K(2944192K), 0.0728570 secs]
[GC 1372032K->1118409K(2944192K), 0.0720600 secs]
[GC 1372811K->1164022K(2944192K), 0.0736840 secs]
[GC 1420150K->1150658K(2944192K), 0.0740370 secs]
[GC 1406786K->1184694K(2944192K), 0.0644110 secs]
[GC 1440619K->1181364K(2944192K), 0.0943290 secs]
[GC 1437457K->1224223K(2944192K), 0.0770040 secs]
[GC 1480351K->1250512K(2944192K), 0.0656890 secs]
[GC 1506640K->1234980K(2944192K), 0.0961090 secs]
[GC 1491108K->1244740K(2944192K), 0.0714880 secs]
[GC 1500868K->1302562K(2944192K), 0.0666410 secs]
[GC 1558690K->1286982K(2944192K), 0.0956540 secs]
[GC 1541423K->1313222K(2944192K), 0.0749380 secs]
[GC 1569350K->1342869K(2944192K), 0.0736770 secs]
[GC 1598997K->1372348K(2944192K), 0.0627250 secs]
[GC 1627256K->1356963K(2944192K), 0.0911150 secs]
[GC 1613091K->1365235K(2944192K), 0.0782510 secs]
[GC 1365389K(2944192K), 0.0285580 secs]
[GC 1621363K->1424501K(2944192K), 0.0658310 secs]
[GC 1560664K(2944192K), 0.0702130 secs]
[GC 1330329K->1061370K(2944192K), 0.0980970 secs]
[GC 1317498K->1103551K(2944192K), 0.0812590 secs]
[GC 1359679K->1105939K(2944192K), 0.0833230 secs]
[GC 1362067K->1104877K(2944192K), 0.0953470 secs]
[GC 1361005K->1140553K(2944192K), 0.0585920 secs]
[GC 1396681K->1110612K(2944192K), 0.0590210 secs]
[GC 1366740K->1132771K(2944192K), 0.0758610 secs]
[GC 1388899K->1143347K(2944192K), 0.0598780 secs]
[GC 1399475K->1122946K(2944192K), 0.0762190 secs]
[GC 1379074K->1133619K(2944192K), 0.0533300 secs]
[GC 1389747K->1142797K(2944192K), 0.0533900 secs]
 WARN  [hz._hzInstance_1_FenixFrameworkGroup.event] {com.hazelcast.spi.EventService} [127.0.0.1]:5703 [FenixFrameworkGroup] Caution: Off-load event processing to your own thread-pool, don't use event thread!
[GC 1398925K->1120014K(2944192K), 0.0544340 secs]
[GC 1376142K->1151495K(2944192K), 0.0559590 secs]
[GC 1407623K->1122403K(2944192K), 0.0584840 secs]
[GC 1378531K->1158459K(2944192K), 0.0615310 secs]
[GC 1414587K->1135979K(2944192K), 0.0582990 secs]
[GC 1392107K->1166638K(2944192K), 0.0614590 secs]
[GC 1422766K->1156016K(2944192K), 0.0781370 secs]
[GC 1412144K->1142898K(2944192K), 0.0665570 secs]
[GC 1399026K->1157344K(2944192K), 0.0497300 secs]
[GC 1413472K->1137877K(2944192K), 0.0491120 secs]
[GC 1394005K->1159815K(2944192K), 0.0551910 secs]
 WARN  [hz._hzInstance_1_FenixFrameworkGroup.event] {com.hazelcast.spi.EventService} [127.0.0.1]:5703 [FenixFrameworkGroup] Caution: Off-load event processing to your own thread-pool, don't use event thread!
[GC 1415943K->1141821K(2944192K), 0.0492940 secs]
[GC 1397949K->1156653K(2944192K), 0.0489000 secs]
[GC 1412781K->1155462K(2944192K), 0.0562560 secs]
 WARN  [hz._hzInstance_1_FenixFrameworkGroup.event] {com.hazelcast.spi.EventService} [127.0.0.1]:5703 [FenixFrameworkGroup] Caution: Off-load event processing to your own thread-pool, don't use event thread!
[GC 1411590K->1167164K(2944192K), 0.0511390 secs]
[GC 1423292K->1152785K(2944192K), 0.0508520 secs]
 WARN  [hz._hzInstance_1_FenixFrameworkGroup.event] {com.hazelcast.spi.EventService} [127.0.0.1]:5703 [FenixFrameworkGroup] Caution: Off-load event processing to your own thread-pool, don't use event thread!
[GC 1408913K->1166574K(2944192K), 0.0551120 secs]
[GC 1422702K->1173041K(2944192K), 0.0533200 secs]
[GC 1429169K->1159332K(2944192K), 0.0500590 secs]
[GC 1415460K->1180999K(2944192K), 0.0513830 secs]
[GC 1437127K->1162599K(2944192K), 0.0596740 secs]
[GC 1418727K->1185992K(2944192K), 0.0519300 secs]
[GC 1442120K->1167479K(2944192K), 0.0487470 secs]
[GC 1423607K->1190849K(2944192K), 0.0495320 secs]
[GC 1446977K->1172073K(2944192K), 0.0513010 secs]
[GC 1428201K->1187179K(2944192K), 0.0561000 secs]
[GC 1443307K->1185612K(2944192K), 0.0592150 secs]
[GC 1441740K->1197752K(2944192K), 0.0521450 secs]
[GC 1453880K->1182958K(2944192K), 0.0587150 secs]
 WARN  [hz._hzInstance_1_FenixFrameworkGroup.event] {com.hazelcast.spi.EventService} [127.0.0.1]:5703 [FenixFrameworkGroup] Caution: Off-load event processing to your own thread-pool, don't use event thread!
[GC 1439086K->1204833K(2944192K), 0.0953210 secs]
[GC 1460961K->1185809K(2944192K), 0.0590240 secs]
[GC 1441937K->1200941K(2944192K), 0.0553910 secs]
[GC 1457069K->1207623K(2944192K), 0.0562880 secs]
[GC 1463751K->1193910K(2944192K), 0.0501700 secs]
[GC 1450038K->1200475K(2944192K), 0.0495370 secs]
[GC 1456603K->1215102K(2944192K), 0.0502090 secs]
[GC 1471230K->1200867K(2944192K), 0.0584130 secs]
[GC 1456995K->1214903K(2944192K), 0.0478320 secs]
[GC 1471031K->1221369K(2944192K), 0.0526400 secs]
[GC 1477497K->1207659K(2944192K), 0.0517290 secs]
[GC 1463787K->1229755K(2944192K), 0.0591460 secs]
[GC 1485883K->1210766K(2944192K), 0.0598020 secs]
[GC 1466894K->1233474K(2944192K), 0.0563280 secs]
[GC 1489602K->1214976K(2944192K), 0.0511350 secs]
[GC 1471104K->1222753K(2944192K), 0.0511830 secs]
[GC 1478881K->1237384K(2944192K), 0.0586090 secs]
[GC 1493512K->1223377K(2944192K), 0.0562720 secs]
[GC 1479505K->1245398K(2944192K), 0.0585770 secs]
[GC 1501526K->1231692K(2944192K), 0.0522330 secs]
[GC 1487820K->1241918K(2944192K), 0.0491620 secs]
[GC 1498046K->1240323K(2944192K), 0.0606640 secs]
 WARN  [hz._hzInstance_1_FenixFrameworkGroup.event] {com.hazelcast.spi.EventService} [127.0.0.1]:5703 [FenixFrameworkGroup] Caution: Off-load event processing to your own thread-pool, don't use event thread!
[GC 1496451K->1252231K(2944192K), 0.0578870 secs]
[GC 1508359K->1237342K(2944192K), 0.0485110 secs]
[GC 1493470K->1259147K(2944192K), 0.0475350 secs]
[GC 1515275K->1240532K(2944192K), 0.0529400 secs]
[GC 1496660K->1263929K(2944192K), 0.0568580 secs]
[GC 1520057K->1245231K(2944192K), 0.0576540 secs]
[GC 1501359K->1260714K(2944192K), 0.0541850 secs]
[GC 1516842K->1258924K(2944192K), 0.0513860 secs]
[GC 1515052K->1262204K(2944192K), 0.0477200 secs]
[GC 1518332K->1265047K(2944192K), 0.0605710 secs]
[GC 1521175K->1267402K(2944192K), 0.0574400 secs]
[GC 1523530K->1260880K(2944192K), 0.0582850 secs]
[GC 1517008K->1272095K(2944192K), 0.0592520 secs]
[GC 1528223K->1274440K(2944192K), 0.0497890 secs]
[GC 1530568K->1277109K(2944192K), 0.0599720 secs]
[GC 1533237K->1279372K(2944192K), 0.0563590 secs]
[GC 1535500K->1281584K(2944192K), 0.0497490 secs]
[GC 1537712K->1283760K(2944192K), 0.0486570 secs]
[GC 1539888K->1285967K(2944192K), 0.0600620 secs]
[GC 1542095K->1288625K(2944192K), 0.0498740 secs]
[GC 1544753K->1290734K(2944192K), 0.0540720 secs]
[GC 1546862K->1301870K(2944192K), 0.0496310 secs]
[GC 1557998K->1286467K(2944192K), 0.0584360 secs]
[GC 1542595K->1300877K(2944192K), 0.0587740 secs]
[GC 1557005K->1299088K(2944192K), 0.0515190 secs]
[GC 1555216K->1302296K(2944192K), 0.0584430 secs]
[GC 1558424K->1313665K(2944192K), 0.0582920 secs]
[GC 1569793K->1298219K(2944192K), 0.0493030 secs]
[GC 1554347K->1320631K(2944192K), 0.0472850 secs]
[GC 1576759K->1301334K(2944192K), 0.0610090 secs]
[GC 1557462K->1308971K(2944192K), 0.0478340 secs]
[GC 1565099K->1323823K(2944192K), 0.0487810 secs]
[GC 1579951K->1309359K(2944192K), 0.0583330 secs]
[GC 1565487K->1332039K(2944192K), 0.0677600 secs]
[GC 1588167K->1360490K(2944192K), 0.0663610 secs]
[GC 1616618K->1396544K(2944192K), 0.0792400 secs]
[GC 1652647K->1416469K(2944192K), 0.0933690 secs]
[GC 1672597K->1425557K(2944192K), 0.0966810 secs]
[GC 1681685K->1440671K(2944192K), 0.0852930 secs]
[GC 1696799K->1467854K(2944192K), 0.0834020 secs]
[GC 1723982K->1450450K(2944192K), 0.0805790 secs]
[GC 1706578K->1488140K(2944192K), 0.0820330 secs]
[GC 1744268K->1515504K(2944192K), 0.0901570 secs]
[GC 1771632K->1494097K(2944192K), 0.0805940 secs]
[GC 1750225K->1538277K(2944192K), 0.0779560 secs]
[GC 1794405K->1561499K(2944192K), 0.0797260 secs]
[GC 1817585K->1563922K(2944192K), 0.0818300 secs]
[GC 1820050K->1558306K(2944192K), 0.0809680 secs]
[GC 1814434K->1608689K(2944192K), 0.0794640 secs]
[GC 1864817K->1588583K(2944192K), 0.0811470 secs]
[GC 1844711K->1631541K(2944192K), 0.0824670 secs]
[GC 1887669K->1638906K(2944192K), 0.0771460 secs]
[GC 1895034K->1668234K(2944192K), 0.0795150 secs]
[GC 1924180K->1685525K(2944192K), 0.0801020 secs]
[GC 1941653K->1669832K(2944192K), 0.0738530 secs]
[GC 1925960K->1652774K(2944192K), 0.0706150 secs]
[GC 1908902K->1674431K(2944192K), 0.0561840 secs]
[GC 1930559K->1689266K(2944192K), 0.0558960 secs]
[GC 1945394K->1693440K(2944192K), 0.0572200 secs]
[GC 1949568K->1682665K(2944192K), 0.0633920 secs]
[GC 1938793K->1673816K(2944192K), 0.0763040 secs]
[GC 1929944K->1688582K(2944192K), 0.0556760 secs]
[GC 1944710K->1687336K(2944192K), 0.0594420 secs]
[GC 1943464K->1703496K(2944192K), 0.0620160 secs]
[GC 1959624K->1707738K(2944192K), 0.0642500 secs]
[GC 1963866K->1712194K(2944192K), 0.0687030 secs]
[GC 1968322K->1701486K(2944192K), 0.0717200 secs]
[GC 1957614K->1724506K(2944192K), 0.0894130 secs]
[GC 1980634K->1750697K(2944192K), 0.0709480 secs]
[GC 2006825K->1767623K(2944192K), 0.0878750 secs]
[GC 2023751K->1743516K(2944192K), 0.1057140 secs]
[GC 1999288K->1806578K(2944192K), 0.0914570 secs]
[GC 2062706K->1790549K(2944192K), 0.0910610 secs]
[GC 2046677K->1817569K(2944192K), 0.0871370 secs]
[GC 2073697K->1837647K(2944192K), 0.0870240 secs]
[GC 2093775K->1838435K(2944192K), 0.0962520 secs]
[GC 2094563K->1887223K(2944192K), 0.0668490 secs]
[GC 2143351K->1891650K(2944192K), 0.0845840 secs]
[GC 2147778K->1891852K(2944192K), 0.0829680 secs]
[GC 2147980K->1924144K(2944192K), 0.0818770 secs]
[GC 2178702K->1938802K(2944192K), 0.0884230 secs]
[GC 2193474K->1957113K(2944192K), 0.0861500 secs]
[GC 2213184K->1952766K(2944192K), 0.0833590 secs]
[GC 2208894K->1999765K(2944192K), 0.0856250 secs]
[GC 2255893K->2015686K(2944192K), 0.0846150 secs]
[GC 2271814K->2004091K(2944192K), 0.0988050 secs]
[GC 2258927K->2050089K(2944192K), 0.0664000 secs]
[GC 2305994K->2066184K(2944192K), 0.0854020 secs]
[GC 2322312K->2035744K(2944192K), 0.0810550 secs]
 WARN  [hz._hzInstance_1_FenixFrameworkGroup.event] {com.hazelcast.spi.EventService} [127.0.0.1]:5703 [FenixFrameworkGroup] Caution: Off-load event processing to your own thread-pool, don't use event thread!
[GC 2291872K->2044456K(2944192K), 0.0732410 secs]
[GC 2300584K->2058981K(2944192K), 0.0572210 secs]
[GC 2313433K->2085657K(2944192K), 0.0715160 secs]
[GC 2341785K->2118135K(2944192K), 0.0904320 secs]
[GC 2374263K->2143253K(2944192K), 0.0924750 secs]
[GC 2399381K->2116991K(2944192K), 0.0916730 secs]
 WARN  [hz._hzInstance_1_FenixFrameworkGroup.event] {com.hazelcast.spi.EventService} [127.0.0.1]:5703 [FenixFrameworkGroup] Caution: Off-load event processing to your own thread-pool, don't use event thread!
[GC 2373119K->2161734K(2944192K), 0.0868660 secs]
[GC 2417862K->2180668K(2944192K), 0.0854430 secs]
[GC 2435902K->2214529K(2944192K), 0.0862800 secs]
[GC 2470657K->2198086K(2944192K), 0.0819560 secs]
[GC 2453113K->2255711K(2944192K), 0.0867060 secs]
[GC 2511839K->2240373K(2944192K), 0.0847540 secs]
[GC 2496501K->2264512K(2944192K), 0.0863570 secs]
[GC 2519964K->2286593K(2944192K), 0.0924860 secs]
[GC 2542698K->2290408K(2944192K), 0.0843430 secs]
[GC 2546536K->2323552K(2944192K), 0.0824940 secs]
[GC 2579680K->2341166K(2944192K), 0.0855040 secs]
[GC 2597294K->2366260K(2944192K), 0.0855610 secs]
[GC 2622388K->2400418K(2944192K), 0.0936260 secs]
 WARN  [hz._hzInstance_1_FenixFrameworkGroup.event] {com.hazelcast.spi.EventService} [127.0.0.1]:5703 [FenixFrameworkGroup] Caution: Off-load event processing to your own thread-pool, don't use event thread!
[GC 2656541K->2384172K(2944192K), 0.0898200 secs]
[GC 2640300K->2429416K(2944192K), 0.0968350 secs]
[GC 2685544K->2466614K(2944192K), 0.1013190 secs]
[GC 2722742K->2447128K(2944192K), 0.1026020 secs]
[GC 2447624K(2944192K), 0.0692270 secs]
[GC 2702083K->2480290K(2962432K), 0.1029040 secs]
[GC 2560867K(2962432K), 0.0495050 secs]
[GC 2429419K->2165367K(3838804K), 0.1015500 secs]
[GC 2421495K->2167911K(3838804K), 0.0710640 secs]
[GC 2424039K->2212726K(3838804K), 0.0716490 secs]
[GC 2468854K->2172235K(3838804K), 0.0773030 secs]
[GC 2428363K->2179475K(3838804K), 0.1146070 secs]
[GC 2435603K->2197137K(3838804K), 0.0695590 secs]
[GC 2453265K->2225921K(3838804K), 0.0736540 secs]
[GC 2482049K->2189407K(3838804K), 0.0743420 secs]
[GC 2445535K->2217011K(3838804K), 0.0817080 secs]
[GC 2473139K->2206953K(3838804K), 0.0988690 secs]
[GC 2463081K->2207953K(3838804K), 0.0636660 secs]
[GC 2464081K->2247948K(3838804K), 0.0683980 secs]
[GC 2504076K->2237574K(3838804K), 0.0814620 secs]
[GC 2493702K->2269630K(3838804K), 0.0991670 secs]
[GC 2525758K->2297202K(3838804K), 0.1198720 secs]
[GC 2553330K->2308015K(3838804K), 0.1174600 secs]
[GC 2564143K->2318166K(3838804K), 0.1116010 secs]
[GC 2574294K->2324951K(3838804K), 0.0895040 secs]
[GC 2581079K->2358325K(3838804K), 0.0883000 secs]
[GC 2613390K->2358238K(3838804K), 0.0918400 secs]
[GC 2614366K->2388792K(3838804K), 0.0915560 secs]
[GC 2644920K->2390548K(3838804K), 0.0858650 secs]
[GC 2645682K->2428504K(3838804K), 0.0914330 secs]
[GC 2684626K->2443984K(3838804K), 0.0902120 secs]
[GC 2700112K->2446675K(3838804K), 0.0864760 secs]
[GC 2702803K->2466095K(3838804K), 0.0889190 secs]
[GC 2722223K->2502676K(3838804K), 0.0894650 secs]
[GC 2758804K->2519032K(3838804K), 0.0888140 secs]
[GC 2775160K->2537416K(3838804K), 0.0900870 secs]
[GC 2793544K->2569545K(3838804K), 0.0858150 secs]
[GC 2825673K->2558089K(3838804K), 0.0974380 secs]
[GC 2814193K->2617809K(3838804K), 0.0971690 secs]
[GC 2873937K->2598394K(3838804K), 0.0946070 secs]
[GC 2854522K->2661442K(3838804K), 0.1024320 secs]
[GC 2917570K->2639527K(3838804K), 0.0965280 secs]
[GC 2895655K->2704870K(3838804K), 0.0976680 secs]
[GC 2960998K->2712236K(3838804K), 0.1023750 secs]
[GC 2968364K->2738235K(3838804K), 0.0986280 secs]
[GC 2993822K->2762007K(3838804K), 0.0975910 secs]
[GC 3018135K->2768476K(3838804K), 0.0988160 secs]
[GC 3024602K->2806475K(3838804K), 0.0979420 secs]
[GC 3062603K->2828995K(3838804K), 0.1003380 secs]
[GC 3084956K->2836215K(3838804K), 0.1043920 secs]
[GC 3092343K->2857191K(3838804K), 0.1056000 secs]
[GC 3113319K->2882429K(3838804K), 0.0965720 secs]
[GC 3138557K->2922548K(3838804K), 0.1002990 secs]
[GC 3178676K->2945962K(3838804K), 0.0972260 secs]
[GC 3202085K->2969550K(3838804K), 0.1033140 secs]
[GC 3225678K->2991164K(3838804K), 0.0991690 secs]
[GC 3247292K->2997323K(3838804K), 0.0961650 secs]
[GC 3251978K->3035113K(3838804K), 0.0992900 secs]
[GC 3291241K->3059823K(3838804K), 0.1012740 secs]
[GC 3315951K->3063753K(3838804K), 0.0974680 secs]
[GC 3319881K->3115325K(3838804K), 0.0960600 secs]
[GC 3371449K->3092112K(3838804K), 0.0956320 secs]
 WARN  [hz._hzInstance_1_FenixFrameworkGroup.event] {com.hazelcast.spi.EventService} [127.0.0.1]:5703 [FenixFrameworkGroup] Caution: Off-load event processing to your own thread-pool, don't use event thread!
[GC 3348240K->3150067K(3838804K), 0.0994790 secs]
[GC 3406195K->3155929K(3838804K), 0.0947030 secs]
[GC 3410288K->3178657K(3838804K), 0.0938620 secs]
[GC 3434766K->3195953K(3838804K), 0.0902540 secs]
[GC 3452081K->3230793K(3838804K), 0.0913270 secs]
 INFO  [main] {org.radargun.Slave} Master shutdown!
 INFO  [Thread-0] {org.radargun.ShutDownHook} Slave process is being shutdown
 INFO  [hz._hzInstance_1_FenixFrameworkGroup.IO.thread-in-1] {com.hazelcast.nio.TcpIpConnection} [127.0.0.1]:5703 [FenixFrameworkGroup] Connection [Address[127.0.0.1]:5701] lost. Reason: java.io.EOFException[Remote socket closed!]
 INFO  [hz.ShutdownThread] {com.hazelcast.nio.TcpIpConnection} [127.0.0.1]:5703 [FenixFrameworkGroup] Connection [Address[127.0.0.1]:5707] lost. Reason: Explicit close
 INFO  [hz.ShutdownThread] {com.hazelcast.nio.TcpIpConnection} [127.0.0.1]:5703 [FenixFrameworkGroup] Connection [Address[127.0.0.1]:5708] lost. Reason: Explicit close
 INFO  [hz.ShutdownThread] {com.hazelcast.nio.TcpIpConnection} [127.0.0.1]:5703 [FenixFrameworkGroup] Connection [Address[127.0.0.1]:5706] lost. Reason: Explicit close
 INFO  [hz._hzInstance_1_FenixFrameworkGroup.IO.thread-in-0] {com.hazelcast.nio.TcpIpConnection} [127.0.0.1]:5703 [FenixFrameworkGroup] Connection [Address[127.0.0.1]:5702] lost. Reason: java.io.EOFException[Remote socket closed!]
 INFO  [hz.ShutdownThread] {com.hazelcast.nio.TcpIpConnection} [127.0.0.1]:5703 [FenixFrameworkGroup] Connection [Address[127.0.0.1]:5705] lost. Reason: Explicit close
 INFO  [hz.ShutdownThread] {com.hazelcast.nio.TcpIpConnection} [127.0.0.1]:5703 [FenixFrameworkGroup] Connection [Address[127.0.0.1]:5704] lost. Reason: Explicit close
 INFO  [hz.ShutdownThread] {com.hazelcast.initializer} [127.0.0.1]:5703 [FenixFrameworkGroup] Destroying node initializer.
 INFO  [hz.ShutdownThread] {com.hazelcast.instance.Node} [127.0.0.1]:5703 [FenixFrameworkGroup] Hazelcast Shutdown is completed in 57 ms.
