/usr/java/jdk1.7.0_21/bin/java -server -Xmx1024M -Xms1024M -Dresolve.dns=false -Djgroups.timer.num_threads=4 -verbose:gc -Xmx5000M -Xms3000M -server -XX:+UseConcMarkSweepGC -XX:+AggressiveOpts -verbose:gc -XX:ParallelGCThreads=4 -XX:NewRatio=5 -XX:SurvivorRatio=2 -Dhazelcast.operation.thread.count=4 -Djava.net.preferIPv4Stack=true -Dlog4j.file.prefix=deimos-esw-9825 -Dbind.address= -Djgroups.bind_addr= -classpath /home/smf/github/radargun/target/distribution/RadarGun-1.1.0-SNAPSHOT/lib/activation-1.1.jar:/home/smf/github/radargun/target/distribution/RadarGun-1.1.0-SNAPSHOT/lib/commons-beanutils-1.8.0.jar:/home/smf/github/radargun/target/distribution/RadarGun-1.1.0-SNAPSHOT/lib/commons-digester-2.0.jar:/home/smf/github/radargun/target/distribution/RadarGun-1.1.0-SNAPSHOT/lib/commons-logging-1.1.1.jar:/home/smf/github/radargun/target/distribution/RadarGun-1.1.0-SNAPSHOT/lib/commons-math-1.2.jar:/home/smf/github/radargun/target/distribution/RadarGun-1.1.0-SNAPSHOT/lib/jboss-transaction-api-1.0.1.GA.jar:/home/smf/github/radargun/target/distribution/RadarGun-1.1.0-SNAPSHOT/lib/jcommon-1.0.15.jar:/home/smf/github/radargun/target/distribution/RadarGun-1.1.0-SNAPSHOT/lib/jfreechart-1.0.12.jar:/home/smf/github/radargun/target/distribution/RadarGun-1.1.0-SNAPSHOT/lib/log4j-1.2.14.jar:/home/smf/github/radargun/target/distribution/RadarGun-1.1.0-SNAPSHOT/lib/mail-1.4.2.jar:/home/smf/github/radargun/target/distribution/RadarGun-1.1.0-SNAPSHOT/lib/radargun-framework-1.1.0-SNAPSHOT.jar:/home/smf/github/radargun/target/distribution/RadarGun-1.1.0-SNAPSHOT/conf org.radargun.Slave -master 127.0.0.1:2103
--------------------------------------------------------------------------------
PerNodeRollingFileAppender::Using file prefix:deimos-esw-9825
 INFO  [main] {org.radargun.Slave} Attempting to connect to master 127.0.0.1:2103
 INFO  [main] {org.radargun.Slave} Successfully established connection with master at: 127.0.0.1:2103
Loading JARS from /home/smf/github/radargun/target/distribution/RadarGun-1.1.0-SNAPSHOT/lib/radargun-framework-1.1.0-SNAPSHOT.jar
 INFO  [pool-1-thread-1] {org.radargun.config.AnnotatedHelper} Loading JARS from /home/smf/github/radargun/target/distribution/RadarGun-1.1.0-SNAPSHOT/lib/radargun-framework-1.1.0-SNAPSHOT.jar
 INFO  [pool-1-thread-1] {org.radargun.config.AnnotatedHelper} Loading JARS from /home/smf/github/radargun/target/distribution/RadarGun-1.1.0-SNAPSHOT/lib/radargun-framework-1.1.0-SNAPSHOT.jar
 INFO  [pool-1-thread-1] {org.radargun.Slave} Executing stage: DestroyWrapper {enforceMemoryThrashHold=true, exitBenchmarkOnSlaveFailure=false, heapDumpDir=null, memoryThreshold=95, runOnAllSlaves=true, slaves=null, useSmartClassLoading=true }
 INFO  [pool-1-thread-1] {org.radargun.stages.DestroyWrapperStage} Received destroy cache wrapper request from master...
 INFO  [pool-1-thread-1] {org.radargun.stages.DestroyWrapperStage} No cache wrapper deployed on this slave, nothing to do.
 INFO  [pool-1-thread-1] {org.radargun.stages.DestroyWrapperStage} Before executing clear, memory looks like this: Memory - free: 2,928,638 kb - max:4,906,688 kb- total:2,944,000 kb
[Full GC 15361K->3631K(2944000K), 0.0712410 secs]
 INFO  [pool-1-thread-1] {org.radargun.stages.DestroyWrapperStage} After executing cleanup, memory looks like this: Memory - free: 2,935,311 kb - max:4,906,688 kb- total:2,944,064 kb
 INFO  [pool-1-thread-1] {org.radargun.Slave} Finished stage: DestroyWrapper {enforceMemoryThrashHold=true, exitBenchmarkOnSlaveFailure=false, heapDumpDir=null, memoryThreshold=95, runOnAllSlaves=true, slaves=null, useSmartClassLoading=true }
 INFO  [main] {org.radargun.Slave} Ack successfully sent to the master
 INFO  [pool-1-thread-1] {org.radargun.Slave} Executing stage: StartCluster {config=ispn52-repl-sync-rc.xml, delayAfterFirstSlaveStarts=5.000 secs, delayBetweenStartingSlaves=0.500 secs, exitBenchmarkOnSlaveFailure=true, expectNumSlaves=null, mayFailOn=null, reachable=null, runOnAllSlaves=false, slaves=null, staggerSlaveStartup=true, useSmartClassLoading=true, validateCluster=true }
 INFO  [pool-1-thread-1] {org.radargun.stages.StartClusterStage}  Startup staggering, starting 10 slaves. This is the slave with index 3. Sleeping for 6500 millis.
 INFO  [pool-1-thread-1] {org.radargun.stages.StartClusterStage} Ack master's StartCluster stage. Local address is: /127.0.0.1. This slave's index is: 3
 INFO  [pool-1-thread-1] {org.radargun.utils.ClassLoadHelper} Creating newInstance org.radargun.cachewrappers.FFWrapper with classloader java.net.URLClassLoader@52b2f956
 INFO  [pool-1-thread-1] {org.radargun.cachewrappers.FFWrapper} config=ispn52-repl-sync-rc.xml, isLocal=false, nodeIndex=3, confAttributes={name=ispn52-repl-sync-rc.xml, decorate=infinispan52}
 INFO  [pool-1-thread-1] {org.radargun.cachewrappers.FFWrapper} Found fenix framework config options in 'rg-fenix-framework-config-options.properties'.
 INFO  [pool-1-thread-1] {org.radargun.cachewrappers.FFWrapper} Setting extra config properties for Fenix Framework.
 INFO  [pool-1-thread-1] {org.radargun.cachewrappers.FFWrapper} Will initialize Fenix Framework with RadarGunDataGridConfig
 TRACE [pool-1-thread-1] {pt.ist.fenixframework.FenixFramework} Static initializer block for FenixFramework class [BEGIN]
 INFO  [pool-1-thread-1] {pt.ist.fenixframework.FenixFramework} Trying auto-initialization with configuration by convention
 INFO  [pool-1-thread-1] {pt.ist.fenixframework.FenixFramework} Resource 'fenix-framework.properties' not found
 DEBUG [pool-1-thread-1] {pt.ist.fenixframework.FenixFramework} Fenix Framework properties after reading default config file:{}
 DEBUG [pool-1-thread-1] {pt.ist.fenixframework.FenixFramework} CurrentBackEndName = jvstm-datagrid
 INFO  [pool-1-thread-1] {pt.ist.fenixframework.FenixFramework} Resource 'fenix-framework-jvstm-datagrid.properties' not found
 DEBUG [pool-1-thread-1] {pt.ist.fenixframework.FenixFramework} Fenix Framework properties after reading backend config file:{}
 DEBUG [pool-1-thread-1] {pt.ist.fenixframework.FenixFramework} Fenix Framework properties after enforcing system properties:{}
 INFO  [pool-1-thread-1] {pt.ist.fenixframework.FenixFramework} Skipping configuration by convention.
 TRACE [pool-1-thread-1] {pt.ist.fenixframework.FenixFramework} Static initializer block for FenixFramework class [END]
 INFO  [pool-1-thread-1] {pt.ist.fenixframework.FenixFramework} Initializing Fenix Framework with config.class=pt.ist.fenixframework.backend.jvstm.datagrid.radargun.RadarGunDataGridConfig
 INFO  [pool-1-thread-1] {pt.ist.fenixframework.backend.jvstm.cluster.JvstmClusterBackEnd} initializeGroupCommunication()
 INFO  [pool-1-thread-1] {com.hazelcast.config.ClasspathXmlConfig} Configuring Hazelcast from 'hazelcast-ff.xml'.
 INFO  [pool-1-thread-1] {com.hazelcast.instance.DefaultAddressPicker} Interfaces is disabled, trying to pick one address from TCP-IP config addresses: [127.0.0.1]
 INFO  [pool-1-thread-1] {com.hazelcast.instance.DefaultAddressPicker} Picked Address[127.0.0.1]:5704, using socket ServerSocket[addr=/0.0.0.0,localport=5704], bind any local is true
 INFO  [pool-1-thread-1] {com.hazelcast.system} [127.0.0.1]:5704 [FenixFrameworkGroup] Hazelcast Community Edition 3.0-RC1 (20130627) starting at Address[127.0.0.1]:5704
 INFO  [pool-1-thread-1] {com.hazelcast.system} [127.0.0.1]:5704 [FenixFrameworkGroup] Copyright (C) 2008-2013 Hazelcast.com
 INFO  [pool-1-thread-1] {com.hazelcast.core.LifecycleService} [127.0.0.1]:5704 [FenixFrameworkGroup] Address[127.0.0.1]:5704 is STARTING
 INFO  [pool-1-thread-1] {com.hazelcast.cluster.TcpIpJoiner} [127.0.0.1]:5704 [FenixFrameworkGroup] Connecting to possible member: Address[127.0.0.1]:5703
 INFO  [pool-1-thread-1] {com.hazelcast.cluster.TcpIpJoiner} [127.0.0.1]:5704 [FenixFrameworkGroup] Connecting to possible member: Address[127.0.0.1]:5702
 INFO  [pool-1-thread-1] {com.hazelcast.cluster.TcpIpJoiner} [127.0.0.1]:5704 [FenixFrameworkGroup] Connecting to possible member: Address[127.0.0.1]:5701
 INFO  [hz._hzInstance_1_FenixFrameworkGroup.cached.thread-3] {com.hazelcast.nio.SocketConnector} [127.0.0.1]:5704 [FenixFrameworkGroup] Connecting to /127.0.0.1:5703, timeout: 0, bind-any: true
 INFO  [hz._hzInstance_1_FenixFrameworkGroup.cached.thread-2] {com.hazelcast.nio.SocketConnector} [127.0.0.1]:5704 [FenixFrameworkGroup] Connecting to /127.0.0.1:5702, timeout: 0, bind-any: true
 INFO  [hz._hzInstance_1_FenixFrameworkGroup.cached.thread-1] {com.hazelcast.nio.SocketConnector} [127.0.0.1]:5704 [FenixFrameworkGroup] Connecting to /127.0.0.1:5701, timeout: 0, bind-any: true
 INFO  [hz._hzInstance_1_FenixFrameworkGroup.cached.thread-2] {com.hazelcast.nio.TcpIpConnectionManager} [127.0.0.1]:5704 [FenixFrameworkGroup] 53303 accepted socket connection from /127.0.0.1:5702
 INFO  [hz._hzInstance_1_FenixFrameworkGroup.cached.thread-1] {com.hazelcast.nio.TcpIpConnectionManager} [127.0.0.1]:5704 [FenixFrameworkGroup] 52705 accepted socket connection from /127.0.0.1:5701
 INFO  [hz._hzInstance_1_FenixFrameworkGroup.cached.thread-3] {com.hazelcast.nio.TcpIpConnectionManager} [127.0.0.1]:5704 [FenixFrameworkGroup] 42475 accepted socket connection from /127.0.0.1:5703
 INFO  [hz._hzInstance_1_FenixFrameworkGroup.cached.thread-3] {com.hazelcast.cluster.ClusterService} [127.0.0.1]:5704 [FenixFrameworkGroup] 

Members [10] {
	Member [127.0.0.1]:5701
	Member [127.0.0.1]:5702
	Member [127.0.0.1]:5704 this
	Member [127.0.0.1]:5705
	Member [127.0.0.1]:5706
	Member [127.0.0.1]:5703
	Member [127.0.0.1]:5707
	Member [127.0.0.1]:5708
	Member [127.0.0.1]:5709
	Member [127.0.0.1]:5710
}

 INFO  [hz._hzInstance_1_FenixFrameworkGroup.cached.thread-7] {com.hazelcast.nio.SocketConnector} [127.0.0.1]:5704 [FenixFrameworkGroup] Connecting to /127.0.0.1:5705, timeout: 0, bind-any: true
 INFO  [hz._hzInstance_1_FenixFrameworkGroup.cached.thread-2] {com.hazelcast.nio.SocketAcceptor} [127.0.0.1]:5704 [FenixFrameworkGroup] 5704 is accepting socket connection from /127.0.0.1:53744
 INFO  [hz._hzInstance_1_FenixFrameworkGroup.cached.thread-10] {com.hazelcast.nio.SocketAcceptor} [127.0.0.1]:5704 [FenixFrameworkGroup] 5704 is accepting socket connection from /127.0.0.1:39647
 INFO  [hz._hzInstance_1_FenixFrameworkGroup.cached.thread-11] {com.hazelcast.nio.SocketAcceptor} [127.0.0.1]:5704 [FenixFrameworkGroup] 5704 is accepting socket connection from /127.0.0.1:40025
 INFO  [hz._hzInstance_1_FenixFrameworkGroup.cached.thread-2] {com.hazelcast.nio.TcpIpConnectionManager} [127.0.0.1]:5704 [FenixFrameworkGroup] 5704 accepted socket connection from /127.0.0.1:53744
 INFO  [hz._hzInstance_1_FenixFrameworkGroup.cached.thread-5] {com.hazelcast.nio.SocketAcceptor} [127.0.0.1]:5704 [FenixFrameworkGroup] 5704 is accepting socket connection from /127.0.0.1:58278
 INFO  [hz._hzInstance_1_FenixFrameworkGroup.cached.thread-7] {com.hazelcast.nio.TcpIpConnectionManager} [127.0.0.1]:5704 [FenixFrameworkGroup] 55380 accepted socket connection from /127.0.0.1:5705
 INFO  [hz._hzInstance_1_FenixFrameworkGroup.cached.thread-1] {com.hazelcast.nio.SocketAcceptor} [127.0.0.1]:5704 [FenixFrameworkGroup] 5704 is accepting socket connection from /127.0.0.1:42147
 INFO  [hz._hzInstance_1_FenixFrameworkGroup.cached.thread-11] {com.hazelcast.nio.TcpIpConnectionManager} [127.0.0.1]:5704 [FenixFrameworkGroup] 5704 accepted socket connection from /127.0.0.1:40025
 INFO  [hz._hzInstance_1_FenixFrameworkGroup.cached.thread-10] {com.hazelcast.nio.TcpIpConnectionManager} [127.0.0.1]:5704 [FenixFrameworkGroup] 5704 accepted socket connection from /127.0.0.1:39647
 INFO  [hz._hzInstance_1_FenixFrameworkGroup.cached.thread-11] {com.hazelcast.nio.SocketConnector} [127.0.0.1]:5704 [FenixFrameworkGroup] Connecting to /127.0.0.1:5710, timeout: 0, bind-any: true
 INFO  [hz._hzInstance_1_FenixFrameworkGroup.cached.thread-1] {com.hazelcast.nio.TcpIpConnectionManager} [127.0.0.1]:5704 [FenixFrameworkGroup] 5704 accepted socket connection from /127.0.0.1:42147
 INFO  [hz._hzInstance_1_FenixFrameworkGroup.cached.thread-7] {com.hazelcast.nio.SocketConnector} [127.0.0.1]:5704 [FenixFrameworkGroup] Connecting to /127.0.0.1:5709, timeout: 0, bind-any: true
 INFO  [hz._hzInstance_1_FenixFrameworkGroup.cached.thread-5] {com.hazelcast.nio.TcpIpConnectionManager} [127.0.0.1]:5704 [FenixFrameworkGroup] 5704 accepted socket connection from /127.0.0.1:58278
 INFO  [hz._hzInstance_1_FenixFrameworkGroup.cached.thread-6] {com.hazelcast.nio.SocketConnector} [127.0.0.1]:5704 [FenixFrameworkGroup] Connecting to /127.0.0.1:5706, timeout: 0, bind-any: true
 INFO  [hz._hzInstance_1_FenixFrameworkGroup.cached.thread-2] {com.hazelcast.nio.SocketConnector} [127.0.0.1]:5704 [FenixFrameworkGroup] Connecting to /127.0.0.1:5708, timeout: 0, bind-any: true
 INFO  [hz._hzInstance_1_FenixFrameworkGroup.cached.thread-6] {com.hazelcast.nio.TcpIpConnectionManager} [127.0.0.1]:5704 [FenixFrameworkGroup] 51229 accepted socket connection from /127.0.0.1:5706
 INFO  [hz._hzInstance_1_FenixFrameworkGroup.cached.thread-7] {com.hazelcast.nio.TcpIpConnectionManager} [127.0.0.1]:5704 [FenixFrameworkGroup] 37971 accepted socket connection from /127.0.0.1:5709
 INFO  [hz._hzInstance_1_FenixFrameworkGroup.cached.thread-11] {com.hazelcast.nio.TcpIpConnectionManager} [127.0.0.1]:5704 [FenixFrameworkGroup] 33508 accepted socket connection from /127.0.0.1:5710
 INFO  [hz._hzInstance_1_FenixFrameworkGroup.cached.thread-9] {com.hazelcast.nio.SocketConnector} [127.0.0.1]:5704 [FenixFrameworkGroup] Connecting to /127.0.0.1:5707, timeout: 0, bind-any: true
 INFO  [hz._hzInstance_1_FenixFrameworkGroup.cached.thread-9] {com.hazelcast.nio.TcpIpConnectionManager} [127.0.0.1]:5704 [FenixFrameworkGroup] 34345 accepted socket connection from /127.0.0.1:5707
 INFO  [hz._hzInstance_1_FenixFrameworkGroup.cached.thread-6] {com.hazelcast.nio.SocketAcceptor} [127.0.0.1]:5704 [FenixFrameworkGroup] 5704 is accepting socket connection from /127.0.0.1:52455
 INFO  [hz._hzInstance_1_FenixFrameworkGroup.cached.thread-2] {com.hazelcast.nio.TcpIpConnectionManager} [127.0.0.1]:5704 [FenixFrameworkGroup] 33943 accepted socket connection from /127.0.0.1:5708
 INFO  [hz._hzInstance_1_FenixFrameworkGroup.cached.thread-6] {com.hazelcast.nio.TcpIpConnectionManager} [127.0.0.1]:5704 [FenixFrameworkGroup] 5704 accepted socket connection from /127.0.0.1:52455
 INFO  [pool-1-thread-1] {com.hazelcast.core.LifecycleService} [127.0.0.1]:5704 [FenixFrameworkGroup] Address[127.0.0.1]:5704 is STARTED
 INFO  [pool-1-thread-1] {pt.ist.fenixframework.backend.jvstm.cluster.ClusterUtils} Got (long) serverId: 3
 INFO  [pool-1-thread-1] {pt.ist.fenixframework.backend.jvstm.cluster.JvstmClusterBackEnd} This is NOT the first node.
 INFO  [pool-1-thread-1] {pt.ist.fenixframework.backend.jvstm.cluster.ClusterUtils} Waiting for startup from first node
 INFO  [pool-1-thread-1] {pt.ist.fenixframework.backend.jvstm.JVSTMBackEnd} initializeRepository()
 INFO  [pool-1-thread-1] {pt.ist.fenixframework.backend.jvstm.datagrid.radargun.DataGridDecorator} config=ispn52-repl-sync-rc.xml, isLocal=false, nodeIndex=3, confAttributes={name=ispn52-repl-sync-rc.xml}
 INFO  [pool-1-thread-1] {org.radargun.cachewrappers.InfinispanXSWrapper} Cannot find any site for slave index 3
[GC 259695K->12537K(2944064K), 0.0441350 secs]
 INFO  [pool-1-thread-1] {org.infinispan.remoting.transport.jgroups.JGroupsTransport} ISPN000078: Starting JGroups Channel
 WARN  [pool-1-thread-1] {org.jgroups.protocols.UDP} [JGRP00014] the send buffer of socket DatagramSocket was set to 640KB, but the OS only allocated 229.38KB. This might lead to performance problems. Please set your max send buffer in the OS correctly (e.g. net.core.wmem_max on Linux)
 WARN  [pool-1-thread-1] {org.jgroups.protocols.UDP} [JGRP00014] the receive buffer of socket DatagramSocket was set to 20MB, but the OS only allocated 229.38KB. This might lead to performance problems. Please set your max receive buffer in the OS correctly (e.g. net.core.rmem_max on Linux)
 WARN  [pool-1-thread-1] {org.jgroups.protocols.UDP} [JGRP00014] the send buffer of socket MulticastSocket was set to 640KB, but the OS only allocated 229.38KB. This might lead to performance problems. Please set your max send buffer in the OS correctly (e.g. net.core.wmem_max on Linux)
 WARN  [pool-1-thread-1] {org.jgroups.protocols.UDP} [JGRP00014] the receive buffer of socket MulticastSocket was set to 25MB, but the OS only allocated 229.38KB. This might lead to performance problems. Please set your max receive buffer in the OS correctly (e.g. net.core.rmem_max on Linux)
 INFO  [pool-1-thread-1] {org.infinispan.remoting.transport.jgroups.JGroupsTransport} ISPN000094: Received new cluster view: [deimos-esw-56913|2] [deimos-esw-56913, deimos-esw-24151, deimos-esw-47716, deimos-esw-40944]
 INFO  [pool-1-thread-1] {org.infinispan.remoting.transport.jgroups.JGroupsTransport} ISPN000079: Cache local address is deimos-esw-40944, physical addresses are [127.0.0.1:52003]
 INFO  [pool-1-thread-1] {org.infinispan.factories.GlobalComponentRegistry} ISPN000128: Infinispan version: Infinispan 'Delirium' 5.2.6.Final
 INFO  [Incoming-3,deimos-esw-40944] {org.infinispan.remoting.transport.jgroups.JGroupsTransport} ISPN000094: Received new cluster view: [deimos-esw-56913|3] [deimos-esw-56913, deimos-esw-24151, deimos-esw-47716, deimos-esw-40944, deimos-esw-26764, deimos-esw-4805]
 INFO  [pool-1-thread-1] {org.infinispan.transaction.lookup.JBossStandaloneJTAManagerLookup} ISPN000107: Retrieving transaction manager Transaction: unknown
 INFO  [Incoming-3,deimos-esw-40944] {org.infinispan.remoting.transport.jgroups.JGroupsTransport} ISPN000094: Received new cluster view: [deimos-esw-56913|4] [deimos-esw-56913, deimos-esw-24151, deimos-esw-47716, deimos-esw-40944, deimos-esw-26764, deimos-esw-4805, deimos-esw-60537]
 INFO  [Incoming-3,deimos-esw-40944] {org.infinispan.remoting.transport.jgroups.JGroupsTransport} ISPN000094: Received new cluster view: [deimos-esw-56913|5] [deimos-esw-56913, deimos-esw-24151, deimos-esw-47716, deimos-esw-40944, deimos-esw-26764, deimos-esw-4805, deimos-esw-60537, deimos-esw-49873, deimos-esw-17547]
 INFO  [pool-1-thread-1] {org.infinispan.jmx.CacheJmxRegistration} ISPN000031: MBeans were successfully registered to the platform MBean server.
 INFO  [Incoming-3,deimos-esw-40944] {org.infinispan.remoting.transport.jgroups.JGroupsTransport} ISPN000094: Received new cluster view: [deimos-esw-56913|6] [deimos-esw-56913, deimos-esw-24151, deimos-esw-47716, deimos-esw-40944, deimos-esw-26764, deimos-esw-4805, deimos-esw-60537, deimos-esw-49873, deimos-esw-17547, deimos-esw-20378]
 INFO  [pool-1-thread-1] {org.radargun.cachewrappers.InfinispanXSWrapper} Using transaction manager: Transaction: unknown
 INFO  [pool-1-thread-1] {org.radargun.cachewrappers.InfinispanXSWrapper} No RELAY2 protocol in XS wrapper
 INFO  [pool-1-thread-1] {org.radargun.cachewrappers.InfinispanXSWrapper} JGroups version: JGroups 3.2.7.Final
 INFO  [pool-1-thread-1] {org.radargun.cachewrappers.InfinispanXSWrapper} Using config attributes: {name=ispn52-repl-sync-rc.xml}
 INFO  [pool-1-thread-1] {pt.ist.fenixframework.backend.jvstm.datagrid.DataGridRepository} Initialization marker is present. Data Grid already existed.
 INFO  [pool-1-thread-1] {pt.ist.fenixframework.backend.jvstm.JVSTMBackEnd} initializeDomainClassInfos
 INFO  [pool-1-thread-1] {pt.ist.fenixframework.backend.jvstm.pstm.DomainClassInfo} serverId: 3, serverOidBase: 3000000000000
 INFO  [pool-1-thread-1] {pt.ist.fenixframework.backend.jvstm.pstm.DomainClassInfo} Existing domain class 'pt.ist.fenixframework.backend.jvstm.pstm.TransactionStatisticsEntry' with id '5'
 INFO  [pool-1-thread-1] {pt.ist.fenixframework.backend.jvstm.pstm.DomainClassInfo} Existing domain class 'pt.ist.fenixframework.adt.bplustree.LeafNodeArray' with id 'c'
 INFO  [pool-1-thread-1] {pt.ist.fenixframework.backend.jvstm.pstm.DomainClassInfo} Existing domain class 'pt.ist.fenixframework.adt.bplustree.AbstractNodeArray' with id 'a'
 INFO  [pool-1-thread-1] {pt.ist.fenixframework.backend.jvstm.pstm.DomainClassInfo} Existing domain class 'pt.ist.fenixframework.adt.bplustree.InnerNode' with id '8'
 INFO  [pool-1-thread-1] {pt.ist.fenixframework.backend.jvstm.pstm.DomainClassInfo} Existing domain class 'pt.ist.fenixframework.adt.bplustree.InnerNodeArray' with id 'b'
 INFO  [pool-1-thread-1] {pt.ist.fenixframework.backend.jvstm.pstm.DomainClassInfo} Existing domain class 'pt.ist.fenixframework.adt.bplustree.LeafNode' with id '4'
 INFO  [pool-1-thread-1] {pt.ist.fenixframework.backend.jvstm.pstm.DomainClassInfo} Existing domain class 'pt.ist.fenixframework.adt.bplustree.DomainBPlusTree' with id 'e'
 INFO  [pool-1-thread-1] {pt.ist.fenixframework.backend.jvstm.pstm.DomainClassInfo} Existing domain class 'pt.ist.fenixframework.adt.bplustree.AbstractNode' with id 'f'
 INFO  [pool-1-thread-1] {pt.ist.fenixframework.backend.jvstm.pstm.DomainClassInfo} Existing domain class 'pt.ist.fenixframework.adt.bplustree.DomainLeafNode' with id '1'
 INFO  [pool-1-thread-1] {pt.ist.fenixframework.backend.jvstm.pstm.DomainClassInfo} Existing domain class 'pt.ist.fenixframework.adt.linkedlist.ListNode' with id '6'
 INFO  [pool-1-thread-1] {pt.ist.fenixframework.backend.jvstm.pstm.DomainClassInfo} Existing domain class 'pt.ist.fenixframework.DomainRoot' with id '0'
 INFO  [pool-1-thread-1] {pt.ist.fenixframework.backend.jvstm.pstm.DomainClassInfo} Existing domain class 'pt.ist.fenixframework.adt.bplustree.BPlusTreeArray' with id '2'
 INFO  [pool-1-thread-1] {pt.ist.fenixframework.backend.jvstm.pstm.DomainClassInfo} Existing domain class 'pt.ist.fenixframework.adt.linkedlist.LinkedList' with id '9'
 INFO  [pool-1-thread-1] {pt.ist.fenixframework.backend.jvstm.pstm.DomainClassInfo} Existing domain class 'pt.ist.fenixframework.backend.jvstm.pstm.FenixFrameworkData' with id 'd'
 INFO  [pool-1-thread-1] {pt.ist.fenixframework.backend.jvstm.pstm.DomainClassInfo} Existing domain class 'pt.ist.fenixframework.adt.bplustree.BPlusTree' with id '7'
 INFO  [pool-1-thread-1] {pt.ist.fenixframework.backend.jvstm.pstm.DomainClassInfo} Existing domain class 'pt.ist.fenixframework.adt.bplustree.DomainInnerNode' with id '3'
 INFO  [pool-1-thread-1] {pt.ist.fenixframework.backend.jvstm.JVSTMBackEnd} setupJVSTM
 INFO  [pool-1-thread-1] {pt.ist.fenixframework.backend.jvstm.JVSTMBackEnd} Setting the last committed TX number to 2
 INFO  [pool-1-thread-1] {pt.ist.fenixframework.backend.jvstm.JVSTMBackEnd} createDomainRootIfNeeded
 INFO  [pool-1-thread-1] {pt.ist.fenixframework.backend.jvstm.JVSTMBackEnd} ensureFenixFrameworkDataExists
 INFO  [pool-1-thread-1] {pt.ist.fenixframework.hibernatesearch.HibernateSearchConfig} Resource 'fenix-framework-hibernate-search.properties' not found. Hibernate Search disabled
 INFO  [pool-1-thread-1] {pt.ist.fenixframework.FenixFramework} Initialization of Fenix Framework is now complete.
 INFO  [pool-1-thread-1] {org.radargun.cachewrappers.FFWrapper} FF STARTED=true
 INFO  [pool-1-thread-1] {org.radargun.stages.helpers.StartHelper} Number of members is the one expected: 10
 INFO  [pool-1-thread-1] {org.radargun.stages.StartClusterStage} Successfully started cache wrapper on slave 3: org.radargun.cachewrappers.FFWrapper@6f02243e
 INFO  [pool-1-thread-1] {org.radargun.Slave} Finished stage: StartCluster {config=ispn52-repl-sync-rc.xml, delayAfterFirstSlaveStarts=5.000 secs, delayBetweenStartingSlaves=0.500 secs, exitBenchmarkOnSlaveFailure=true, expectNumSlaves=null, mayFailOn=null, reachable=null, runOnAllSlaves=false, slaves=null, staggerSlaveStartup=true, useSmartClassLoading=true, validateCluster=true }
 INFO  [main] {org.radargun.Slave} Ack successfully sent to the master
 INFO  [pool-1-thread-1] {org.radargun.Slave} Executing stage: ClusterValidation {exitBenchmarkOnSlaveFailure=false, partialReplication=false, replicationTimeSleep=2000, replicationTryCount=60, runOnAllSlaves=false, slaves=null, useSmartClassLoading=true }
 INFO  [pool-1-thread-1] {org.radargun.stages.ClusterValidationStage} Number of caches that replicated here is 0
 INFO  [pool-1-thread-1] {org.radargun.stages.ClusterValidationStage} Replication test failed, 1 tries so far. Sleeping for 2 seconds and trying again.
 INFO  [pool-1-thread-1] {org.radargun.stages.ClusterValidationStage} Number of caches that replicated here is 9
 INFO  [pool-1-thread-1] {org.radargun.stages.ClusterValidationStage} Replication test successfully passed. partialReplication? false, replicationCount = 9
 INFO  [pool-1-thread-1] {org.radargun.stages.ClusterValidationStage} Confirm phase successful.
 INFO  [pool-1-thread-1] {org.radargun.Slave} Finished stage: ClusterValidation {exitBenchmarkOnSlaveFailure=false, partialReplication=false, replicationTimeSleep=2000, replicationTryCount=60, runOnAllSlaves=false, slaves=[ 0, 1, 2, 3, 4, 5, 6, 7, 8, 9 ], useSmartClassLoading=true }
 INFO  [main] {org.radargun.Slave} Ack successfully sent to the master
 INFO  [pool-1-thread-1] {org.radargun.Slave} Executing stage: StressTestWarmup {bulkSize=1, cacheSpecificKeyGenerator=false, commitTransactions=true, duration=1 mins 0 secs, entrySize=1000, exitBenchmarkOnSlaveFailure=false, fixedKeys=true, generateHistogramRange=false, keyGeneratorClass=org.radargun.stressors.StringKeyGenerator, keyGeneratorParam=null, loadAllKeys=false, numEntries=100, numOfThreads=4, numRequests=10000, numThreads=4, numberOfAttributes=100, numberOfRequests=10000, opsCountStatusLog=100000, poolKeys=true, preferAsyncOperations=false, removePercentage=0, replaceInvalidPercentage=40, runOnAllSlaves=false, sharedKeys=false, sizeOfAnAttribute=1000, slaves=null, transactionSize=50, useAtomics=false, useHistogramStatistics=false, useSimpleStatistics=true, useSmartClassLoading=true, useTransactions=null, writePercentage=20, writeTxPercentage=20 }
 INFO  [pool-1-thread-1] {org.radargun.stages.StressTestWarmupStage} Starting StressTestWarmupStage: StressTestWarmup {bulkSize=1, cacheSpecificKeyGenerator=false, commitTransactions=true, duration=1 mins 0 secs, entrySize=1000, exitBenchmarkOnSlaveFailure=false, fixedKeys=true, generateHistogramRange=false, keyGeneratorClass=org.radargun.stressors.StringKeyGenerator, keyGeneratorParam=null, loadAllKeys=false, numEntries=100, numOfThreads=4, numRequests=10000, numThreads=4, numberOfAttributes=100, numberOfRequests=10000, opsCountStatusLog=100000, poolKeys=true, preferAsyncOperations=false, removePercentage=0, replaceInvalidPercentage=40, runOnAllSlaves=false, sharedKeys=false, sizeOfAnAttribute=1000, slaves=null, transactionSize=50, useAtomics=false, useHistogramStatistics=false, useSimpleStatistics=true, useSmartClassLoading=true, useTransactions=null, writePercentage=20, writeTxPercentage=20 }
 INFO  [pool-1-thread-1] {org.radargun.stressors.StressTestStressor} Using key generator org.radargun.stressors.StringKeyGenerator, param null
 INFO  [pool-1-thread-1] {org.radargun.stressors.StressTestStressor} Executing: StressTestStressor{opsCountStatusLog=100000, numRequests=10000, numEntries=100, entrySize=1000, writePercentage=20, numThreads=4, cacheWrapper=org.radargun.cachewrappers.FFWrapper@6f02243e, nodeIndex=3, useTransactions=true, transactionSize=50, commitTransactions=true, durationMillis=60000}
 INFO  [pool-1-thread-1] {org.radargun.stressors.StressTestStressor} Cache wrapper info is: FFWrapper using infinispan52
[GC 268601K->20448K(2944064K), 0.0557090 secs]
[GC 276512K->18174K(2944064K), 0.0379890 secs]
[GC 274238K->22154K(2944064K), 0.0362700 secs]
 INFO  [pool-1-thread-1] {org.radargun.stressors.StressTestStressor} Started 4 stressor threads.
 INFO  [Stressor-2] {org.radargun.stressors.StressTestStressor} Number of ops executed so far: 1. Elapsed time: 0.001 secs. Remaining: 59.999 secs. Total: 1 mins 0 secs
[GC 278218K->22373K(2944064K), 0.0394240 secs]
[GC 278437K->34531K(2944064K), 0.0404300 secs]
[GC 290595K->35298K(2944064K), 0.0414280 secs]
[GC 291362K->43297K(2944064K), 0.0438340 secs]
 INFO  [Stressor-3] {org.radargun.stressors.StressTestStressor} Number of ops executed so far: 27800. Elapsed time: 20.009 secs. Remaining: 39.991 secs. Total: 1 mins 0 secs
[GC 299361K->45808K(2944064K), 0.0450880 secs]
[GC 301872K->53319K(2944064K), 0.0479600 secs]
[GC 309383K->69477K(2944064K), 0.0508280 secs]
[GC 325541K->72266K(2944064K), 0.0475170 secs]
[GC 328330K->53549K(2944064K), 0.0484740 secs]
 INFO  [Stressor-2] {org.radargun.stressors.StressTestStressor} Number of ops executed so far: 61800. Elapsed time: 40.009 secs. Remaining: 19.991 secs. Total: 1 mins 0 secs
[GC 309613K->68358K(2944064K), 0.0511680 secs]
[GC 324422K->83780K(2944064K), 0.0493380 secs]
[GC 339844K->91270K(2944064K), 0.0699500 secs]
[GC 347334K->90182K(2944064K), 0.0603640 secs]
[GC 346246K->87729K(2944064K), 0.0556400 secs]
 INFO  [Stressor-1] {org.radargun.stressors.StressTestStressor} Number of ops executed so far: 112400. Elapsed time: 1 mins 0 secs. Remaining: 0.000 secs. Total: 1 mins 0 secs
 INFO  [pool-1-thread-1] {org.radargun.stressors.StressTestStressor} Finished generating report. Test duration is: 1 mins 17 secs
 INFO  [pool-1-thread-1] {org.radargun.stages.StressTestWarmupStage} The warmup took: 77 seconds.
 INFO  [pool-1-thread-1] {org.radargun.Slave} Finished stage: StressTestWarmup {bulkSize=1, cacheSpecificKeyGenerator=false, commitTransactions=true, duration=1 mins 0 secs, entrySize=1000, exitBenchmarkOnSlaveFailure=false, fixedKeys=true, generateHistogramRange=false, keyGeneratorClass=org.radargun.stressors.StringKeyGenerator, keyGeneratorParam=null, loadAllKeys=false, numEntries=100, numOfThreads=4, numRequests=10000, numThreads=4, numberOfAttributes=100, numberOfRequests=10000, opsCountStatusLog=100000, poolKeys=true, preferAsyncOperations=false, removePercentage=0, replaceInvalidPercentage=40, runOnAllSlaves=false, sharedKeys=false, sizeOfAnAttribute=1000, slaves=null, transactionSize=50, useAtomics=false, useHistogramStatistics=false, useSimpleStatistics=true, useSmartClassLoading=true, useTransactions=null, writePercentage=20, writeTxPercentage=20 }
 INFO  [main] {org.radargun.Slave} Ack successfully sent to the master
[GC 343793K->92051K(2944064K), 0.0532090 secs]
[GC 348115K->102551K(2944064K), 0.0549990 secs]
[GC 358615K->91532K(2944064K), 0.0499460 secs]
[GC 347596K->86646K(2944064K), 0.0513340 secs]
[GC 342710K->88784K(2944064K), 0.0508420 secs]
[GC 344848K->96725K(2944064K), 0.0518240 secs]
[GC 352782K->111859K(2944064K), 0.0546680 secs]
[GC 367923K->105208K(2944064K), 0.0541590 secs]
[GC 361272K->111613K(2944064K), 0.0548060 secs]
[GC 367677K->118335K(2944064K), 0.0578670 secs]
[GC 374399K->125172K(2944064K), 0.0561900 secs]
[GC 381236K->132106K(2944064K), 0.0575900 secs]
[GC 388170K->140223K(2944064K), 0.0627510 secs]
[GC 396282K->172578K(2944064K), 0.0672080 secs]
 INFO  [pool-1-thread-1] {org.radargun.Slave} Executing stage: ClearClusterStage {ClearCluster {exitBenchmarkOnSlaveFailure=false, runOnAllSlaves=false, slaves=[ 0 ], useSmartClassLoading=true }
 INFO  [pool-1-thread-1] {org.radargun.stages.ClearClusterStage} Before executing clear, memory looks like this: Memory - free: 2,679,506 kb - max:4,906,688 kb- total:2,944,064 kb
[Full GC 264557K->130384K(2944064K), 0.5812890 secs]
 INFO  [pool-1-thread-1] {org.radargun.stages.ClearClusterStage} After executing cleanup, memory looks like this: Memory - free: 2,812,590 kb - max:4,906,688 kb- total:2,944,192 kb
 INFO  [pool-1-thread-1] {org.radargun.Slave} Finished stage: ClearClusterStage {ClearCluster {exitBenchmarkOnSlaveFailure=false, runOnAllSlaves=false, slaves=[ 0 ], useSmartClassLoading=true }
 INFO  [main] {org.radargun.Slave} Ack successfully sent to the master
 INFO  [pool-1-thread-1] {org.radargun.Slave} Executing stage: StressTest {bulkSize=1, cacheSpecificKeyGenerator=false, commitTransactions=true, duration=1 mins 0 secs, entrySize=1000, exitBenchmarkOnSlaveFailure=false, fixedKeys=true, generateHistogramRange=false, keyGeneratorClass=org.radargun.stressors.StringKeyGenerator, keyGeneratorParam=null, loadAllKeys=false, numEntries=10000, numOfThreads=4, numRequests=10000000, numThreads=4, numberOfAttributes=10000, numberOfRequests=10000000, opsCountStatusLog=500000, poolKeys=true, preferAsyncOperations=false, removePercentage=0, replaceInvalidPercentage=40, runOnAllSlaves=false, sharedKeys=false, sizeOfAnAttribute=1000, slaves=null, transactionSize=10000, useAtomics=false, useHistogramStatistics=false, useSimpleStatistics=true, useSmartClassLoading=true, useTransactions=true, writePercentage=10, writeTxPercentage=50 }
 INFO  [pool-1-thread-1] {org.radargun.stages.StressTestStage} Starting StressTestStage: StressTest {bulkSize=1, cacheSpecificKeyGenerator=false, commitTransactions=true, duration=1 mins 0 secs, entrySize=1000, exitBenchmarkOnSlaveFailure=false, fixedKeys=true, generateHistogramRange=false, keyGeneratorClass=org.radargun.stressors.StringKeyGenerator, keyGeneratorParam=null, loadAllKeys=false, numEntries=10000, numOfThreads=4, numRequests=10000000, numThreads=4, numberOfAttributes=10000, numberOfRequests=10000000, opsCountStatusLog=500000, poolKeys=true, preferAsyncOperations=false, removePercentage=0, replaceInvalidPercentage=40, runOnAllSlaves=false, sharedKeys=false, sizeOfAnAttribute=1000, slaves=null, transactionSize=10000, useAtomics=false, useHistogramStatistics=false, useSimpleStatistics=true, useSmartClassLoading=true, useTransactions=true, writePercentage=10, writeTxPercentage=50 }
 INFO  [pool-1-thread-1] {org.radargun.stressors.StressTestStressor} Using key generator org.radargun.stressors.StringKeyGenerator, param null
 INFO  [pool-1-thread-1] {org.radargun.stressors.StressTestStressor} Executing: StressTestStressor{opsCountStatusLog=500000, numRequests=10000000, numEntries=10000, entrySize=1000, writePercentage=10, numThreads=4, cacheWrapper=org.radargun.cachewrappers.FFWrapper@6f02243e, nodeIndex=3, useTransactions=true, transactionSize=10000, commitTransactions=true, durationMillis=60000}
 INFO  [pool-1-thread-1] {org.radargun.stressors.StressTestStressor} Cache wrapper info is: FFWrapper using infinispan52
[GC 386512K->202470K(2944192K), 0.0295810 secs]
[GC 458598K->148944K(2944192K), 0.0296060 secs]
[GC 405072K->139246K(2944192K), 0.0323630 secs]
[GC 395374K->144280K(2944192K), 0.0309770 secs]
[GC 400408K->145807K(2944192K), 0.0355220 secs]
[GC 401935K->149347K(2944192K), 0.0346820 secs]
[GC 405475K->152962K(2944192K), 0.0350930 secs]
[GC 409090K->157234K(2944192K), 0.0379780 secs]
[GC 413362K->161063K(2944192K), 0.0394340 secs]
[GC 417191K->160199K(2944192K), 0.0399110 secs]
[GC 416327K->163551K(2944192K), 0.0412370 secs]
[GC 419679K->167074K(2944192K), 0.0430770 secs]
[GC 423202K->177496K(2944192K), 0.0436050 secs]
[GC 433624K->181908K(2944192K), 0.0409430 secs]
[GC 438036K->186553K(2944192K), 0.0409340 secs]
[GC 442681K->174291K(2944192K), 0.0479510 secs]
[GC 430419K->187684K(2944192K), 0.0478200 secs]
[GC 443812K->186096K(2944192K), 0.0450300 secs]
[GC 442224K->197996K(2944192K), 0.0454670 secs]
[GC 454124K->192975K(2944192K), 0.0504740 secs]
[GC 449103K->196838K(2944192K), 0.0501090 secs]
[GC 452966K->201292K(2944192K), 0.0626720 secs]
[GC 457420K->194547K(2944192K), 0.0499390 secs]
[GC 450675K->214113K(2944192K), 0.0472430 secs]
[GC 470241K->197749K(2944192K), 0.0481440 secs]
[GC 453877K->213672K(2944192K), 0.0451160 secs]
[GC 469800K->212137K(2944192K), 0.0493770 secs]
[GC 468265K->224776K(2944192K), 0.0475300 secs]
[GC 480904K->208139K(2944192K), 0.0516810 secs]
[GC 464267K->226178K(2944192K), 0.0452970 secs]
[GC 482306K->222666K(2944192K), 0.0493190 secs]
[GC 478794K->226516K(2944192K), 0.0500990 secs]
[GC 482644K->219497K(2944192K), 0.0516460 secs]
[GC 475625K->222567K(2944192K), 0.0564770 secs]
[GC 478695K->245814K(2944192K), 0.0480110 secs]
[GC 501942K->227311K(2944192K), 0.0481660 secs]
[GC 483439K->244593K(2944192K), 0.0465510 secs]
[GC 500721K->240306K(2944192K), 0.0497610 secs]
[GC 496434K->254649K(2944192K), 0.0455420 secs]
[GC 510777K->237275K(2944192K), 0.0484930 secs]
[GC 493403K->244853K(2944192K), 0.0491540 secs]
[GC 500981K->262033K(2944192K), 0.0507610 secs]
[GC 518161K->251365K(2944192K), 0.0500880 secs]
[GC 507493K->253406K(2944192K), 0.0480490 secs]
[GC 509534K->258034K(2944192K), 0.0522160 secs]
[GC 514162K->262102K(2944192K), 0.0533470 secs]
[GC 518230K->254863K(2944192K), 0.0519240 secs]
[GC 510991K->267996K(2944192K), 0.0534920 secs]
[GC 524124K->281027K(2944192K), 0.0528620 secs]
 WARN  [hz._hzInstance_1_FenixFrameworkGroup.event] {com.hazelcast.spi.EventService} [127.0.0.1]:5704 [FenixFrameworkGroup] Caution: Off-load event processing to your own thread-pool, don't use event thread!
[GC 537155K->269031K(2944192K), 0.0496300 secs]
[GC 525159K->260742K(2944192K), 0.0616090 secs]
[GC 516870K->273858K(2944192K), 0.0500690 secs]
[GC 529986K->278203K(2944192K), 0.0511790 secs]
[GC 534331K->281213K(2944192K), 0.0492200 secs]
[GC 537341K->284781K(2944192K), 0.0479760 secs]
[GC 540909K->297698K(2944192K), 0.0488100 secs]
[GC 553826K->286227K(2944192K), 0.0565330 secs]
[GC 542355K->278056K(2944192K), 0.0635250 secs]
[GC 534184K->281128K(2944192K), 0.0543280 secs]
[GC 537256K->295375K(2944192K), 0.0576720 secs]
[GC 551503K->298319K(2944192K), 0.0560220 secs]
[GC 554447K->301729K(2944192K), 0.0674330 secs]
[GC 557857K->303946K(2944192K), 0.0486680 secs]
[GC 560074K->306731K(2944192K), 0.0496250 secs]
[GC 562859K->310084K(2944192K), 0.0475880 secs]
[GC 566212K->302697K(2944192K), 0.0446440 secs]
[GC 558825K->322360K(2944192K), 0.0491510 secs]
[GC 578488K->310671K(2944192K), 0.0515140 secs]
[GC 566799K->321215K(2944192K), 0.0479460 secs]
[GC 577343K->328053K(2944192K), 0.0512080 secs]
[GC 584181K->311725K(2944192K), 0.0523600 secs]
[GC 567853K->339182K(2944192K), 0.0504530 secs]
[GC 595310K->316583K(2944192K), 0.0471220 secs]
[GC 572711K->331598K(2944192K), 0.0519450 secs]
[GC 587726K->329804K(2944192K), 0.0536640 secs]
[GC 585932K->334142K(2944192K), 0.0494170 secs]
[GC 590270K->336164K(2944192K), 0.0534140 secs]
[GC 592292K->349508K(2944192K), 0.0509060 secs]
 WARN  [hz._hzInstance_1_FenixFrameworkGroup.event] {com.hazelcast.spi.EventService} [127.0.0.1]:5704 [FenixFrameworkGroup] Caution: Off-load event processing to your own thread-pool, don't use event thread!
[GC 605636K->331782K(2944192K), 0.0503540 secs]
[GC 587910K->349565K(2944192K), 0.0507120 secs]
[GC 605693K->339635K(2944192K), 0.0522410 secs]
[GC 595763K->351212K(2944192K), 0.0702830 secs]
[GC 607340K->339738K(2944192K), 0.0532520 secs]
[GC 595866K->362653K(2944192K), 0.0501200 secs]
[GC 618781K->345264K(2944192K), 0.0485460 secs]
[GC 601392K->353733K(2944192K), 0.0497500 secs]
 INFO  [pool-1-thread-1] {org.radargun.stressors.StressTestStressor} Started 4 stressor threads.
 INFO  [Stressor-3] {org.radargun.stressors.StressTestStressor} Number of ops executed so far: 1. Elapsed time: 0.000 secs. Remaining: 1 mins 0 secs. Total: 1 mins 0 secs
[GC 609861K->394648K(2944192K), 0.0606920 secs]
[GC 650558K->409071K(2944192K), 0.0856890 secs]
[GC 665199K->413252K(2944192K), 0.0878680 secs]
[GC 669380K->422413K(2944192K), 0.0525980 secs]
[GC 678517K->442051K(2944192K), 0.0543540 secs]
[GC 698179K->461653K(2944192K), 0.0756130 secs]
[GC 714478K->458554K(2944192K), 0.0661260 secs]
[GC 714682K->467312K(2944192K), 0.0631530 secs]
[GC 723440K->499236K(2944192K), 0.0683210 secs]
[GC 755364K->503600K(2944192K), 0.0744210 secs]
[GC 759728K->504813K(2944192K), 0.0625580 secs]
[GC 760941K->525867K(2944192K), 0.0633790 secs]
[GC 781984K->545451K(2944192K), 0.0660530 secs]
[GC 801579K->560575K(2944192K), 0.0631200 secs]
[GC 816703K->595174K(2944192K), 0.0813940 secs]
 INFO  [Stressor-1] {org.radargun.stressors.StressTestStressor} Number of ops executed so far: 400000. Elapsed time: 20.129 secs. Remaining: 39.871 secs. Total: 1 mins 0 secs
[GC 851302K->634051K(2944192K), 0.0868190 secs]
[GC 888445K->628102K(2944192K), 0.0687740 secs]
[GC 884230K->623262K(2944192K), 0.0573140 secs]
[GC 878826K->644465K(2944192K), 0.0569140 secs]
[GC 900593K->665489K(2944192K), 0.0667250 secs]
[GC 921617K->715815K(2944192K), 0.0794580 secs]
[GC 971909K->710923K(2944192K), 0.0778070 secs]
[GC 965876K->753072K(2944192K), 0.0704930 secs]
[GC 1009200K->757740K(2944192K), 0.0608640 secs]
[GC 1011783K->784723K(2944192K), 0.0670260 secs]
[GC 1040851K->780870K(2944192K), 0.0604490 secs]
[GC 1036998K->813123K(2944192K), 0.0554420 secs]
[GC 1069234K->829093K(2944192K), 0.0725120 secs]
[GC 1085190K->858490K(2944192K), 0.0732110 secs]
[GC 1114264K->894552K(2944192K), 0.0708810 secs]
[GC 1150680K->879135K(2944192K), 0.0589680 secs]
[GC 1135217K->915104K(2944192K), 0.0563060 secs]
 INFO  [Stressor-0] {org.radargun.stressors.StressTestStressor} Number of ops executed so far: 910000. Elapsed time: 40.202 secs. Remaining: 19.798 secs. Total: 1 mins 0 secs
[GC 1170926K->913523K(2944192K), 0.0692480 secs]
[GC 1169020K->950249K(2944192K), 0.0584040 secs]
[GC 1206377K->944742K(2944192K), 0.0690810 secs]
[GC 1200815K->990426K(2944192K), 0.0571890 secs]
[GC 1246554K->977123K(2944192K), 0.0721440 secs]
[GC 1233251K->982387K(2944192K), 0.0563100 secs]
[GC 1235409K->1009017K(2944192K), 0.0607900 secs]
[GC 1265145K->1010146K(2944192K), 0.0767740 secs]
[GC 1266274K->1044524K(2944192K), 0.0830150 secs]
[GC 1299181K->1043630K(2944192K), 0.0772040 secs]
[GC 1299758K->1114261K(2944192K), 0.0626600 secs]
[GC 1370389K->1103204K(2944192K), 0.0853870 secs]
[GC 1358370K->1083305K(2944192K), 0.0575380 secs]
[GC 1339433K->1117245K(2944192K), 0.0514890 secs]
[GC 1373373K->1115699K(2944192K), 0.0651610 secs]
[GC 1371773K->1164509K(2944192K), 0.0635890 secs]
 INFO  [Stressor-2] {org.radargun.stressors.StressTestStressor} Number of ops executed so far: 1410000. Elapsed time: 1 mins 0 secs. Remaining: 0.000 secs. Total: 1 mins 0 secs
 INFO  [pool-1-thread-1] {org.radargun.stressors.StressTestStressor} Finished generating report. Test duration is: 7 mins 41 secs
 INFO  [pool-1-thread-1] {org.radargun.stages.StressTestStage} size info: FFWrapper using infinispan52, clusterSize:10, nodeIndex:3, cacheSize: -1
 INFO  [pool-1-thread-1] {org.radargun.Slave} Finished stage: StressTest {bulkSize=1, cacheSpecificKeyGenerator=false, commitTransactions=true, duration=1 mins 0 secs, entrySize=1000, exitBenchmarkOnSlaveFailure=false, fixedKeys=true, generateHistogramRange=false, keyGeneratorClass=org.radargun.stressors.StringKeyGenerator, keyGeneratorParam=null, loadAllKeys=false, numEntries=10000, numOfThreads=4, numRequests=10000000, numThreads=4, numberOfAttributes=10000, numberOfRequests=10000000, opsCountStatusLog=500000, poolKeys=true, preferAsyncOperations=false, removePercentage=0, replaceInvalidPercentage=40, runOnAllSlaves=false, sharedKeys=false, sizeOfAnAttribute=1000, slaves=null, transactionSize=10000, useAtomics=false, useHistogramStatistics=false, useSimpleStatistics=true, useSmartClassLoading=true, useTransactions=true, writePercentage=10, writeTxPercentage=50 }
 INFO  [main] {org.radargun.Slave} Ack successfully sent to the master
[GC 1420637K->1138606K(2944192K), 0.0802350 secs]
[GC 1394734K->1117433K(2944192K), 0.0303270 secs]
[GC 1373561K->1116170K(2944192K), 0.0290890 secs]
[GC 1372298K->1119831K(2944192K), 0.0329220 secs]
[GC 1375959K->1124031K(2944192K), 0.0350450 secs]
[GC 1380159K->1124480K(2944192K), 0.0330590 secs]
[GC 1380608K->1145007K(2944192K), 0.0509420 secs]
[GC 1401135K->1162633K(2944192K), 0.0581230 secs]
[GC 1417793K->1198755K(2944192K), 0.0646170 secs]
[GC 1453570K->1234163K(2944192K), 0.0907690 secs]
[GC 1490291K->1241942K(2944192K), 0.0892250 secs]
[GC 1498070K->1236614K(2944192K), 0.0818850 secs]
[GC 1492742K->1272061K(2944192K), 0.0789820 secs]
[GC 1528189K->1289136K(2944192K), 0.0776000 secs]
[GC 1545264K->1303468K(2944192K), 0.0814000 secs]
[GC 1559563K->1316777K(2944192K), 0.0819280 secs]
[GC 1572905K->1331696K(2944192K), 0.0779660 secs]
[GC 1587824K->1351778K(2944192K), 0.0854950 secs]
[GC 1607906K->1363742K(2944192K), 0.0768620 secs]
[GC 1619870K->1394109K(2944192K), 0.0775560 secs]
[GC 1650237K->1377484K(2944192K), 0.0773820 secs]
[GC 1377782K(2944192K), 0.0396550 secs]
[GC 1632234K->1408383K(2944192K), 0.0860380 secs]
[GC 1550630K(2944192K), 0.0817130 secs]
[GC 1094775K->855137K(2944192K), 0.0919750 secs]
[GC 1109432K->872157K(2944192K), 0.0827180 secs]
[GC 1128226K->887402K(2944192K), 0.0807770 secs]
[GC 1143492K->901389K(2944192K), 0.0816260 secs]
[GC 1157517K->932925K(2944192K), 0.0827310 secs]
[GC 1189053K->917864K(2944192K), 0.1003270 secs]
[GC 1173992K->950375K(2944192K), 0.0855920 secs]
[GC 1206503K->948607K(2944192K), 0.0838800 secs]
[GC 1204735K->982586K(2944192K), 0.0850260 secs]
[GC 1238714K->1011093K(2944192K), 0.0803250 secs]
[GC 1267221K->1027025K(2944192K), 0.0942560 secs]
[GC 1282707K->1030815K(2944192K), 0.0885690 secs]
[GC 1286925K->1025142K(2944192K), 0.0842670 secs]
 WARN  [hz._hzInstance_1_FenixFrameworkGroup.event] {com.hazelcast.spi.EventService} [127.0.0.1]:5704 [FenixFrameworkGroup] Caution: Off-load event processing to your own thread-pool, don't use event thread!
[GC 1281270K->1020144K(2944192K), 0.0812860 secs]
[GC 1276272K->1033496K(2944192K), 0.0784990 secs]
[GC 1289624K->1050263K(2944192K), 0.0527100 secs]
[GC 1306391K->1061642K(2944192K), 0.0570750 secs]
[GC 1317770K->1033846K(2944192K), 0.0542030 secs]
 WARN  [hz._hzInstance_1_FenixFrameworkGroup.event] {com.hazelcast.spi.EventService} [127.0.0.1]:5704 [FenixFrameworkGroup] Caution: Off-load event processing to your own thread-pool, don't use event thread!
[GC 1289974K->1068747K(2944192K), 0.0572330 secs]
[GC 1324875K->1034236K(2944192K), 0.0589810 secs]
[GC 1290364K->1073233K(2944192K), 0.0619350 secs]
[GC 1329361K->1037540K(2944192K), 0.0602860 secs]
[GC 1293668K->1037571K(2944192K), 0.0732100 secs]
[GC 1293699K->1056565K(2944192K), 0.0553900 secs]
[GC 1312693K->1068561K(2944192K), 0.0587030 secs]
[GC 1324689K->1044106K(2944192K), 0.0575800 secs]
[GC 1300234K->1064168K(2944192K), 0.0599970 secs]
[GC 1320296K->1053059K(2944192K), 0.0687260 secs]
[GC 1309187K->1056200K(2944192K), 0.0567700 secs]
[GC 1312328K->1054126K(2944192K), 0.0437970 secs]
[GC 1310254K->1061454K(2944192K), 0.0417280 secs]
[GC 1317582K->1047560K(2944192K), 0.0443570 secs]
[GC 1303688K->1057041K(2944192K), 0.0487060 secs]
[GC 1313169K->1056148K(2944192K), 0.0409510 secs]
[GC 1312276K->1063904K(2944192K), 0.0438900 secs]
[GC 1320032K->1054255K(2944192K), 0.0443650 secs]
[GC 1310383K->1068949K(2944192K), 0.0458790 secs]
[GC 1325077K->1056506K(2944192K), 0.0418640 secs]
[GC 1312634K->1072332K(2944192K), 0.0464250 secs]
[GC 1328460K->1059953K(2944192K), 0.0491270 secs]
[GC 1316081K->1075816K(2944192K), 0.0436600 secs]
[GC 1331944K->1063174K(2944192K), 0.0433490 secs]
[GC 1319302K->1079355K(2944192K), 0.0446110 secs]
[GC 1335483K->1066630K(2944192K), 0.0464650 secs]
[GC 1322758K->1083067K(2944192K), 0.0478600 secs]
[GC 1339195K->1070074K(2944192K), 0.0701730 secs]
[GC 1326202K->1086826K(2944192K), 0.0430900 secs]
[GC 1342954K->1073739K(2944192K), 0.0508190 secs]
[GC 1329867K->1090520K(2944192K), 0.0482660 secs]
[GC 1346648K->1077237K(2944192K), 0.0477360 secs]
[GC 1333365K->1094337K(2944192K), 0.0487500 secs]
[GC 1350465K->1084733K(2944192K), 0.0536350 secs]
[GC 1340861K->1086617K(2944192K), 0.0482910 secs]
[GC 1342745K->1097573K(2944192K), 0.0458410 secs]
[GC 1353701K->1087232K(2944192K), 0.0518280 secs]
[GC 1343360K->1092220K(2944192K), 0.0541750 secs]
[GC 1348348K->1096783K(2944192K), 0.0511400 secs]
 WARN  [hz._hzInstance_1_FenixFrameworkGroup.event] {com.hazelcast.spi.EventService} [127.0.0.1]:5704 [FenixFrameworkGroup] Caution: Off-load event processing to your own thread-pool, don't use event thread!
[GC 1352911K->1099547K(2944192K), 0.0462890 secs]
[GC 1355675K->1101419K(2944192K), 0.0531350 secs]
[GC 1357547K->1103450K(2944192K), 0.0459850 secs]
[GC 1359578K->1105372K(2944192K), 0.0490610 secs]
[GC 1361500K->1100816K(2944192K), 0.0469110 secs]
[GC 1356944K->1109436K(2944192K), 0.0522450 secs]
[GC 1365564K->1111676K(2944192K), 0.0488630 secs]
[GC 1367804K->1113493K(2944192K), 0.0484690 secs]
[GC 1369621K->1108589K(2944192K), 0.0567750 secs]
[GC 1364717K->1117326K(2944192K), 0.0481730 secs]
[GC 1373454K->1112283K(2944192K), 0.0560240 secs]
[GC 1368411K->1128239K(2944192K), 0.0506000 secs]
[GC 1384367K->1116014K(2944192K), 0.0491500 secs]
[GC 1372142K->1133848K(2944192K), 0.0559280 secs]
[GC 1389976K->1118710K(2944192K), 0.0504930 secs]
[GC 1374838K->1137690K(2944192K), 0.0512490 secs]
[GC 1393818K->1122486K(2944192K), 0.0490620 secs]
[GC 1378614K->1142233K(2944192K), 0.0502660 secs]
[GC 1398361K->1126650K(2944192K), 0.0524020 secs]
[GC 1382778K->1139441K(2944192K), 0.0531980 secs]
[GC 1395569K->1145522K(2944192K), 0.0522190 secs]
[GC 1401650K->1133816K(2944192K), 0.0495670 secs]
[GC 1389944K->1152398K(2944192K), 0.0507920 secs]
[GC 1408526K->1136559K(2944192K), 0.0518630 secs]
[GC 1392687K->1156144K(2944192K), 0.0522340 secs]
[GC 1412272K->1140430K(2944192K), 0.0513390 secs]
[GC 1396558K->1160180K(2944192K), 0.0481760 secs]
[GC 1416308K->1144488K(2944192K), 0.0502540 secs]
[GC 1400616K->1164178K(2944192K), 0.0483270 secs]
[GC 1420306K->1148219K(2944192K), 0.0533120 secs]
[GC 1404347K->1168196K(2944192K), 0.0508590 secs]
[GC 1424324K->1152313K(2944192K), 0.0492110 secs]
[GC 1408441K->1171811K(2944192K), 0.0496180 secs]
[GC 1427939K->1156089K(2944192K), 0.0552530 secs]
[GC 1412217K->1169249K(2944192K), 0.0536560 secs]
[GC 1425377K->1160592K(2944192K), 0.0544860 secs]
[GC 1416720K->1177752K(2944192K), 0.0531730 secs]
[GC 1433880K->1165172K(2944192K), 0.0523430 secs]
[GC 1421300K->1177041K(2944192K), 0.0500470 secs]
[GC 1433169K->1189933K(2944192K), 0.0485920 secs]
[GC 1446061K->1170745K(2944192K), 0.0522200 secs]
[GC 1426873K->1189683K(2944192K), 0.0489780 secs]
[GC 1445811K->1173637K(2944192K), 0.0506100 secs]
[GC 1429765K->1193638K(2944192K), 0.0509130 secs]
[GC 1449766K->1177725K(2944192K), 0.0545750 secs]
[GC 1433853K->1197377K(2944192K), 0.0561590 secs]
[GC 1453505K->1181475K(2944192K), 0.0528500 secs]
[GC 1437603K->1200984K(2944192K), 0.0512470 secs]
[GC 1457112K->1185253K(2944192K), 0.0479640 secs]
[GC 1441381K->1204508K(2944192K), 0.0489800 secs]
[GC 1460636K->1188602K(2944192K), 0.0472150 secs]
[GC 1444730K->1207925K(2944192K), 0.0481130 secs]
[GC 1464053K->1192251K(2944192K), 0.0544480 secs]
[GC 1448379K->1211357K(2944192K), 0.0539460 secs]
[GC 1467485K->1195968K(2944192K), 0.0511510 secs]
[GC 1452096K->1214886K(2944192K), 0.0485380 secs]
[GC 1471014K->1199639K(2944192K), 0.0490230 secs]
[GC 1455767K->1217936K(2944192K), 0.0528890 secs]
[GC 1474064K->1202944K(2944192K), 0.0476270 secs]
[GC 1459072K->1221601K(2944192K), 0.0450550 secs]
[GC 1477729K->1206700K(2944192K), 0.0451280 secs]
[GC 1462828K->1212518K(2944192K), 0.0443370 secs]
[GC 1468646K->1224501K(2944192K), 0.0461680 secs]
[GC 1480629K->1213156K(2944192K), 0.0514000 secs]
[GC 1469284K->1218233K(2944192K), 0.0436150 secs]
[GC 1474361K->1230045K(2944192K), 0.0460670 secs]
[GC 1486173K->1218615K(2944192K), 0.0523010 secs]
[GC 1474743K->1236616K(2944192K), 0.0520120 secs]
[GC 1492744K->1221311K(2944192K), 0.0473060 secs]
[GC 1477439K->1239862K(2944192K), 0.0442660 secs]
[GC 1495990K->1224714K(2944192K), 0.0458110 secs]
[GC 1480842K->1243405K(2944192K), 0.0519400 secs]
[GC 1499533K->1228309K(2944192K), 0.0441980 secs]
[GC 1484437K->1240735K(2944192K), 0.0469980 secs]
[GC 1496863K->1245909K(2944192K), 0.0470390 secs]
[GC 1502037K->1234668K(2944192K), 0.0453850 secs]
[GC 1490796K->1252463K(2944192K), 0.0543220 secs]
[GC 1508591K->1237405K(2944192K), 0.0505940 secs]
[GC 1493533K->1255971K(2944192K), 0.0441980 secs]
[GC 1512099K->1240978K(2944192K), 0.0468940 secs]
[GC 1497106K->1259301K(2944192K), 0.0535670 secs]
[GC 1515429K->1244460K(2944192K), 0.0512050 secs]
[GC 1500588K->1262806K(2944192K), 0.0451330 secs]
[GC 1518934K->1247947K(2944192K), 0.0439120 secs]
[GC 1504075K->1266210K(2944192K), 0.0470240 secs]
[GC 1522338K->1251427K(2944192K), 0.0542410 secs]
[GC 1507555K->1263413K(2944192K), 0.0533360 secs]
[GC 1519541K->1268705K(2944192K), 0.0825090 secs]
[GC 1524833K->1257849K(2944192K), 0.0463790 secs]
[GC 1513977K->1269223K(2944192K), 0.0451670 secs]
[GC 1525351K->1260945K(2944192K), 0.0479060 secs]
[GC 1517073K->1270271K(2944192K), 0.0491770 secs]
[GC 1526399K->1272254K(2944192K), 0.0450970 secs]
[GC 1528382K->1274251K(2944192K), 0.0447420 secs]
[GC 1530379K->1275944K(2944192K), 0.0504050 secs]
[GC 1532072K->1284948K(2944192K), 0.0506440 secs]
[GC 1541076K->1296183K(2944192K), 0.0595540 secs]
[GC 1552311K->1323978K(2944192K), 0.0725450 secs]
[GC 1578491K->1348451K(2944192K), 0.0814810 secs]
[GC 1604579K->1385839K(2944192K), 0.0938240 secs]
[GC 1641967K->1392958K(2944192K), 0.1224710 secs]
[GC 1649086K->1406905K(2944192K), 0.0839950 secs]
[GC 1661216K->1417628K(2944192K), 0.0904150 secs]
[GC 1673756K->1435139K(2944192K), 0.0829160 secs]
[GC 1691267K->1449941K(2944192K), 0.0846960 secs]
[GC 1706069K->1446836K(2944192K), 0.0775490 secs]
[GC 1702964K->1477121K(2944192K), 0.0823620 secs]
[GC 1733249K->1478909K(2944192K), 0.0812260 secs]
[GC 1734998K->1509962K(2944192K), 0.0770230 secs]
[GC 1766073K->1523247K(2944192K), 0.0801990 secs]
[GC 1778424K->1538641K(2944192K), 0.0766520 secs]
[GC 1794769K->1541841K(2944192K), 0.0837820 secs]
[GC 1797969K->1550936K(2944192K), 0.0786330 secs]
[GC 1807064K->1602825K(2944192K), 0.0788390 secs]
[GC 1858953K->1580148K(2944192K), 0.0763550 secs]
[GC 1836276K->1625531K(2944192K), 0.0790570 secs]
[GC 1881659K->1647732K(2944192K), 0.0810470 secs]
[GC 1903860K->1625479K(2944192K), 0.0863980 secs]
[GC 1881607K->1678390K(2944192K), 0.0778260 secs]
[GC 1934518K->1654198K(2944192K), 0.0771110 secs]
[GC 1910326K->1660869K(2944192K), 0.0643250 secs]
[GC 1916997K->1684114K(2944192K), 0.0557850 secs]
[GC 1940242K->1655280K(2944192K), 0.0528780 secs]
[GC 1911408K->1677828K(2944192K), 0.0562870 secs]
[GC 1933956K->1688661K(2944192K), 0.0572480 secs]
[GC 1944789K->1662627K(2944192K), 0.0674300 secs]
[GC 1918755K->1665813K(2944192K), 0.0523040 secs]
[GC 1921941K->1704158K(2944192K), 0.0551920 secs]
[GC 1960286K->1665864K(2944192K), 0.0565020 secs]
 WARN  [hz._hzInstance_1_FenixFrameworkGroup.event] {com.hazelcast.spi.EventService} [127.0.0.1]:5704 [FenixFrameworkGroup] Caution: Off-load event processing to your own thread-pool, don't use event thread!
[GC 1921992K->1700087K(2944192K), 0.0553490 secs]
[GC 1956215K->1667689K(2944192K), 0.0577810 secs]
[GC 1923817K->1706641K(2944192K), 0.0588900 secs]
[GC 1962769K->1672460K(2944192K), 0.0627870 secs]
 WARN  [hz._hzInstance_1_FenixFrameworkGroup.event] {com.hazelcast.spi.EventService} [127.0.0.1]:5704 [FenixFrameworkGroup] Caution: Off-load event processing to your own thread-pool, don't use event thread!
[GC 1928588K->1674502K(2944192K), 0.1270290 secs]
[GC 1930630K->1687027K(2944192K), 0.0633300 secs]
[GC 1943155K->1683317K(2944192K), 0.0440460 secs]
[GC 1939445K->1688805K(2944192K), 0.0531790 secs]
[GC 1944933K->1681763K(2944192K), 0.0427000 secs]
[GC 1937891K->1691302K(2944192K), 0.0483800 secs]
[GC 1947430K->1693051K(2944192K), 0.0421540 secs]
[GC 1949179K->1695255K(2944192K), 0.0476890 secs]
[GC 1951383K->1697168K(2944192K), 0.0431790 secs]
[GC 1953296K->1706791K(2944192K), 0.0436880 secs]
[GC 1962919K->1693477K(2944192K), 0.0497410 secs]
[GC 1949605K->1705857K(2944192K), 0.0432460 secs]
[GC 1961985K->1704160K(2944192K), 0.0418140 secs]
[GC 1960288K->1707322K(2944192K), 0.0447970 secs]
[GC 1962542K->1725235K(2944192K), 0.0583580 secs]
[GC 1981363K->1750545K(2944192K), 0.0664970 secs]
[GC 2006443K->1780771K(2944192K), 0.0754140 secs]
[GC 2036870K->1809075K(2944192K), 0.0880790 secs]
[GC 2065187K->1815289K(2944192K), 0.0897290 secs]
[GC 2071417K->1809953K(2944192K), 0.0902590 secs]
[GC 2066081K->1860095K(2944192K), 0.0841430 secs]
[GC 2116223K->1841229K(2944192K), 0.0838300 secs]
[GC 2097357K->1889622K(2944192K), 0.0783940 secs]
[GC 2143927K->1889833K(2944192K), 0.0862160 secs]
[GC 2145431K->1905544K(2944192K), 0.0843280 secs]
[GC 2161672K->1936957K(2944192K), 0.0830170 secs]
[GC 2193079K->1916661K(2944192K), 0.0806410 secs]
[GC 2172789K->1953577K(2944192K), 0.0810780 secs]
[GC 2209696K->1981235K(2944192K), 0.0806340 secs]
[GC 2237363K->1961628K(2944192K), 0.0823050 secs]
[GC 2217751K->2012080K(2944192K), 0.0820610 secs]
[GC 2268208K->2001551K(2944192K), 0.0848040 secs]
[GC 2257679K->2042971K(2944192K), 0.0739310 secs]
[GC 2299099K->2022207K(2944192K), 0.0823300 secs]
[GC 2278335K->2068400K(2944192K), 0.0804960 secs]
[GC 2324528K->2072613K(2944192K), 0.0815850 secs]
[GC 2328741K->2052295K(2944192K), 0.0755930 secs]
[GC 2308423K->2063112K(2944192K), 0.0658180 secs]
[GC 2319240K->2049860K(2944192K), 0.0492460 secs]
[GC 2305988K->2087414K(2944192K), 0.0744240 secs]
[GC 2343542K->2132245K(2944192K), 0.0768240 secs]
[GC 2387893K->2115634K(2944192K), 0.0892350 secs]
[GC 2371512K->2149718K(2944192K), 0.0676840 secs]
[GC 2404106K->2185126K(2944192K), 0.0928190 secs]
[GC 2441246K->2164747K(2944192K), 0.0773680 secs]
[GC 2420875K->2208122K(2944192K), 0.0714460 secs]
[GC 2462999K->2215463K(2944192K), 0.0837560 secs]
[GC 2471578K->2233428K(2944192K), 0.0817550 secs]
[GC 2489556K->2228613K(2944192K), 0.0793940 secs]
[GC 2483589K->2261910K(2944192K), 0.0920500 secs]
[GC 2518021K->2260194K(2944192K), 0.0791290 secs]
[GC 2516322K->2294047K(2944192K), 0.0812510 secs]
[GC 2549071K->2312750K(2944192K), 0.0808230 secs]
[GC 2567736K->2326099K(2944192K), 0.0872250 secs]
[GC 2582227K->2344360K(2944192K), 0.0789910 secs]
[GC 2600438K->2356707K(2944192K), 0.0874570 secs]
[GC 2612835K->2353252K(2944192K), 0.0795810 secs]
[GC 2609322K->2386513K(2944192K), 0.0808910 secs]
[GC 2642612K->2404126K(2944192K), 0.0807970 secs]
[GC 2660254K->2383841K(2944192K), 0.0811840 secs]
[GC 2639969K->2405796K(2944192K), 0.0578920 secs]
[GC 2661924K->2390043K(2959744K), 0.0683090 secs]
[GC 2646171K->2406697K(2959744K), 0.0575420 secs]
[GC 2662825K->2419927K(2959744K), 0.0609470 secs]
[GC 2676055K->2438082K(2959744K), 0.0595640 secs]
[GC 2694210K->2398544K(2959744K), 0.0618920 secs]
[GC 2654672K->2424100K(2959744K), 0.0682520 secs]
[GC 2680228K->2407809K(2978368K), 0.0815620 secs]
[GC 2663937K->2438936K(2978368K), 0.0608830 secs]
[GC 2695064K->2411643K(2978368K), 0.0553850 secs]
[GC 2667771K->2446733K(2978368K), 0.0610830 secs]
[GC 2702861K->2415010K(2978368K), 0.0639660 secs]
[GC 2671138K->2457228K(2978368K), 0.0638590 secs]
[GC 2713356K->2442705K(2999296K), 0.0842090 secs]
[GC 2698833K->2451724K(3004288K), 0.0780920 secs]
[GC 2707852K->2432133K(3006976K), 0.0663950 secs]
[GC 2688261K->2462987K(3010048K), 0.0918450 secs]
[GC 2719115K->2496816K(3013120K), 0.0864200 secs]
[GC 2752939K->2526782K(3033472K), 0.1178240 secs]
[GC 2782910K->2534407K(3067072K), 0.1295780 secs]
[GC 2790535K->2543657K(3086848K), 0.0935450 secs]
[GC 2799785K->2559722K(3105664K), 0.0888670 secs]
 WARN  [hz._hzInstance_1_FenixFrameworkGroup.event] {com.hazelcast.spi.EventService} [127.0.0.1]:5704 [FenixFrameworkGroup] Caution: Off-load event processing to your own thread-pool, don't use event thread!
[GC 2815850K->2575137K(3125056K), 0.0963990 secs]
[GC 2831265K->2612490K(3145216K), 0.0910110 secs]
[GC 2868575K->2627303K(3164032K), 0.0873610 secs]
[GC 2883431K->2657285K(3164032K), 0.0701100 secs]
[GC 2912792K->2640142K(3199936K), 0.1058030 secs]
[GC 2896235K->2692855K(3199936K), 0.0683120 secs]
[GC 2948951K->2693430K(3215488K), 0.0892260 secs]
[GC 2949558K->2724898K(3231808K), 0.0878480 secs]
[GC 2981026K->2709642K(3265216K), 0.1018440 secs]
[GC 2965770K->2715675K(3282688K), 0.0841120 secs]
[GC 2971803K->2773767K(3282688K), 0.0716470 secs]
[GC 3029895K->2760035K(3317248K), 0.1041010 secs]
[GC 3016144K->2766816K(3334144K), 0.0852560 secs]
[GC 3022944K->2810063K(3334144K), 0.0720060 secs]
[GC 3066191K->2789410K(3351808K), 0.0871660 secs]
[GC 3045538K->2830384K(3351808K), 0.0647280 secs]
[GC 3086512K->2807787K(3371584K), 0.0819600 secs]
[GC 3063915K->2819108K(3371584K), 0.0655240 secs]
[GC 3075236K->2827114K(3371584K), 0.0703850 secs]
[GC 3083218K->2847776K(3371584K), 0.0806230 secs]
[GC 3103904K->2884546K(3391936K), 0.1046810 secs]
[GC 3140674K->2893447K(3410176K), 0.1051390 secs]
[GC 3148355K->2887206K(3441664K), 0.1363700 secs]
[GC 3143325K->2894225K(3460480K), 0.0896990 secs]
[GC 3149710K->2925423K(3478720K), 0.0908420 secs]
[GC 3181551K->2941780K(3495424K), 0.0876410 secs]
[GC 3197257K->2959406K(3514048K), 0.0905730 secs]
[GC 3215526K->2979049K(3532288K), 0.0892920 secs]
[GC 2979118K(3532288K), 0.0306730 secs]
[GC 3235177K->3012662K(3550336K), 0.0935790 secs]
[GC 3175171K(3550336K), 0.0614880 secs]
[GC 2791599K->2552659K(4446736K), 0.1091770 secs]
[GC 2808787K->2592326K(4446736K), 0.1057750 secs]
[GC 2848444K->2587939K(4446736K), 0.1155980 secs]
[GC 2842176K->2614859K(4446736K), 0.1013670 secs]
[GC 2870987K->2627204K(4446736K), 0.0997210 secs]
[GC 2883332K->2629353K(4446736K), 0.0976010 secs]
[GC 2885352K->2662086K(4446736K), 0.0976780 secs]
[GC 2918214K->2664759K(4446736K), 0.0998580 secs]
[GC 2920887K->2710628K(4446736K), 0.0829670 secs]
[GC 2966756K->2697373K(4446736K), 0.1116660 secs]
[GC 2953501K->2698843K(4446736K), 0.0686630 secs]
[GC 2954971K->2702661K(4446736K), 0.0888130 secs]
[GC 2958789K->2730985K(4446736K), 0.0832800 secs]
[GC 2987080K->2770345K(4446736K), 0.1037050 secs]
[GC 3026473K->2781261K(4446736K), 0.0909030 secs]
[GC 3037379K->2812143K(4446736K), 0.1224340 secs]
[GC 3068271K->2808698K(4446736K), 0.1139350 secs]
[GC 3064826K->2819180K(4446736K), 0.1073500 secs]
[GC 3073380K->2864521K(4446736K), 0.1058760 secs]
[GC 3120649K->2851800K(4446736K), 0.1154780 secs]
[GC 3107928K->2912061K(4446736K), 0.1000630 secs]
[GC 3168189K->2886273K(4446736K), 0.1068090 secs]
[GC 3142401K->2930591K(4446736K), 0.1053830 secs]
[GC 3186675K->2924255K(4446736K), 0.1156600 secs]
[GC 3180383K->2960286K(4446736K), 0.1013040 secs]
[GC 3216414K->2980422K(4446736K), 0.1136330 secs]
[GC 3235591K->3016279K(4446736K), 0.1077850 secs]
[GC 3272407K->3001168K(4446736K), 0.1046560 secs]
[GC 3257296K->3056863K(4446736K), 0.1026200 secs]
[GC 3312991K->3033876K(4446736K), 0.0964980 secs]
[GC 3290004K->3063829K(4446736K), 0.0781980 secs]
[GC 3319957K->3100319K(4446736K), 0.1046660 secs]
[GC 3355790K->3125451K(4446736K), 0.1144910 secs]
[GC 3381579K->3107809K(4446736K), 0.1094950 secs]
[GC 3363937K->3117357K(4446736K), 0.1132930 secs]
[GC 3373460K->3168046K(4446736K), 0.1006680 secs]
[GC 3424068K->3169967K(4446736K), 0.1048460 secs]
[GC 3426081K->3188997K(4446736K), 0.1008110 secs]
[GC 3445084K->3225223K(4446736K), 0.0958730 secs]
[GC 3479844K->3227105K(4446736K), 0.1009640 secs]
[GC 3483233K->3269768K(4446736K), 0.1150260 secs]
[GC 3525300K->3283953K(4446736K), 0.0993960 secs]
[GC 3540070K->3286851K(4446736K), 0.0968390 secs]
 WARN  [hz._hzInstance_1_FenixFrameworkGroup.event] {com.hazelcast.spi.EventService} [127.0.0.1]:5704 [FenixFrameworkGroup] Caution: Off-load event processing to your own thread-pool, don't use event thread!
[GC 3542979K->3323016K(4446736K), 0.1144050 secs]
[GC 3579144K->3360581K(4446736K), 0.1017520 secs]
[GC 3616709K->3344517K(4446736K), 0.1040850 secs]
[GC 3600645K->3403846K(4446736K), 0.0975860 secs]
[GC 3659136K->3380943K(4446736K), 0.0989730 secs]
[GC 3637071K->3443217K(4446736K), 0.0984290 secs]
[GC 3699345K->3421667K(4446736K), 0.1040130 secs]
[GC 3677795K->3416842K(4446736K), 0.0928110 secs]
[GC 3672197K->3456291K(4446736K), 0.0858400 secs]
[GC 3712393K->3485533K(4446736K), 0.1085140 secs]
[GC 3741625K->3520159K(4446736K), 0.1071690 secs]
[GC 3776287K->3504052K(4446736K), 0.1048830 secs]
 WARN  [hz._hzInstance_1_FenixFrameworkGroup.event] {com.hazelcast.spi.EventService} [127.0.0.1]:5704 [FenixFrameworkGroup] Caution: Off-load event processing to your own thread-pool, don't use event thread!
[GC 3760160K->3564137K(4446736K), 0.1008320 secs]
[GC 3820265K->3547410K(4446736K), 0.1153280 secs]
[GC 3803538K->3605163K(4446736K), 0.1110500 secs]
[GC 3861291K->3590807K(4446736K), 0.0999000 secs]
 WARN  [hz._hzInstance_1_FenixFrameworkGroup.event] {com.hazelcast.spi.EventService} [127.0.0.1]:5704 [FenixFrameworkGroup] Caution: Off-load event processing to your own thread-pool, don't use event thread!
[GC 3846935K->3646055K(4446736K), 0.0984880 secs]
[GC 3902183K->3631532K(4446736K), 0.0974000 secs]
[GC 3887660K->3681720K(4446736K), 0.1019940 secs]
[GC 3937848K->3707242K(4446736K), 0.1051150 secs]
[GC 3961982K->3727901K(4446736K), 0.1080020 secs]
[GC 3983739K->3713998K(4446736K), 0.0991900 secs]
[GC 3970104K->3768676K(4446736K), 0.0938380 secs]
[GC 4024804K->3749102K(4446736K), 0.1064730 secs]
[GC 4005230K->3808925K(4446736K), 0.1011920 secs]
[GC 4065053K->3816204K(4446736K), 0.1038860 secs]
[GC 4072332K->3836203K(4446736K), 0.0989130 secs]
[GC 4092331K->3838174K(4446736K), 0.0965090 secs]
[GC 3838671K(4446736K), 0.0387170 secs]
[GC 4094302K->3891142K(4446736K), 0.0956150 secs]
[GC 4147270K->3877005K(4446736K), 0.1003600 secs]
[GC 4028203K(4446736K), 0.0541830 secs]
[GC 4002345K->3796567K(4446736K), 0.1166230 secs]
[GC 3862885K->3633724K(4650880K), 0.1156640 secs]
 WARN  [hz._hzInstance_1_FenixFrameworkGroup.event] {com.hazelcast.spi.EventService} [127.0.0.1]:5704 [FenixFrameworkGroup] Caution: Off-load event processing to your own thread-pool, don't use event thread!
 INFO  [main] {org.radargun.Slave} Master shutdown!
 INFO  [Thread-0] {org.radargun.ShutDownHook} Slave process is being shutdown
 INFO  [hz._hzInstance_1_FenixFrameworkGroup.IO.thread-in-2] {com.hazelcast.nio.TcpIpConnection} [127.0.0.1]:5704 [FenixFrameworkGroup] Connection [Address[127.0.0.1]:5701] lost. Reason: java.io.EOFException[Remote socket closed!]
 INFO  [hz._hzInstance_1_FenixFrameworkGroup.IO.thread-in-1] {com.hazelcast.nio.TcpIpConnection} [127.0.0.1]:5704 [FenixFrameworkGroup] Connection [Address[127.0.0.1]:5707] lost. Reason: java.io.EOFException[Remote socket closed!]
 INFO  [hz._hzInstance_1_FenixFrameworkGroup.IO.thread-in-2] {com.hazelcast.nio.TcpIpConnection} [127.0.0.1]:5704 [FenixFrameworkGroup] Connection [Address[127.0.0.1]:5710] lost. Reason: java.io.EOFException[Remote socket closed!]
 INFO  [hz._hzInstance_1_FenixFrameworkGroup.IO.thread-in-0] {com.hazelcast.nio.TcpIpConnection} [127.0.0.1]:5704 [FenixFrameworkGroup] Connection [Address[127.0.0.1]:5710] lost. Reason: java.io.EOFException[Remote socket closed!]
 INFO  [hz._hzInstance_1_FenixFrameworkGroup.IO.thread-in-1] {com.hazelcast.nio.TcpIpConnection} [127.0.0.1]:5704 [FenixFrameworkGroup] Connection [Address[127.0.0.1]:5702] lost. Reason: java.io.EOFException[Remote socket closed!]
 INFO  [hz._hzInstance_1_FenixFrameworkGroup.IO.thread-in-2] {com.hazelcast.nio.TcpIpConnection} [127.0.0.1]:5704 [FenixFrameworkGroup] Connection [Address[127.0.0.1]:5706] lost. Reason: java.io.EOFException[Remote socket closed!]
 INFO  [hz._hzInstance_1_FenixFrameworkGroup.IO.thread-in-1] {com.hazelcast.nio.TcpIpConnection} [127.0.0.1]:5704 [FenixFrameworkGroup] Connection [Address[127.0.0.1]:5707] lost. Reason: java.io.EOFException[Remote socket closed!]
 INFO  [hz.ShutdownThread] {com.hazelcast.nio.TcpIpConnection} [127.0.0.1]:5704 [FenixFrameworkGroup] Connection [Address[127.0.0.1]:5708] lost. Reason: Explicit close
 INFO  [hz._hzInstance_1_FenixFrameworkGroup.IO.thread-in-2] {com.hazelcast.nio.TcpIpConnection} [127.0.0.1]:5704 [FenixFrameworkGroup] Connection [Address[127.0.0.1]:5706] lost. Reason: java.io.EOFException[Remote socket closed!]
 INFO  [hz._hzInstance_1_FenixFrameworkGroup.IO.thread-in-1] {com.hazelcast.nio.TcpIpConnection} [127.0.0.1]:5704 [FenixFrameworkGroup] Connection [Address[127.0.0.1]:5709] lost. Reason: java.io.EOFException[Remote socket closed!]
 INFO  [hz.ShutdownThread] {com.hazelcast.nio.TcpIpConnection} [127.0.0.1]:5704 [FenixFrameworkGroup] Connection [Address[127.0.0.1]:5705] lost. Reason: Explicit close
 INFO  [hz.ShutdownThread] {com.hazelcast.nio.TcpIpConnection} [127.0.0.1]:5704 [FenixFrameworkGroup] Connection [Address[127.0.0.1]:5709] lost. Reason: Explicit close
 INFO  [hz.ShutdownThread] {com.hazelcast.nio.TcpIpConnection} [127.0.0.1]:5704 [FenixFrameworkGroup] Connection [Address[127.0.0.1]:5703] lost. Reason: Explicit close
 INFO  [hz.ShutdownThread] {com.hazelcast.nio.TcpIpConnection} [127.0.0.1]:5704 [FenixFrameworkGroup] Connection [Address[127.0.0.1]:5708] lost. Reason: Explicit close
 INFO  [hz.ShutdownThread] {com.hazelcast.nio.TcpIpConnection} [127.0.0.1]:5704 [FenixFrameworkGroup] Connection [Address[127.0.0.1]:5705] lost. Reason: Explicit close
 INFO  [hz.ShutdownThread] {com.hazelcast.initializer} [127.0.0.1]:5704 [FenixFrameworkGroup] Destroying node initializer.
 INFO  [hz.ShutdownThread] {com.hazelcast.instance.Node} [127.0.0.1]:5704 [FenixFrameworkGroup] Hazelcast Shutdown is completed in 59 ms.
