/usr/java/jdk1.7.0_21/bin/java -server -Xmx1024M -Xms1024M -Dresolve.dns=false -Djgroups.timer.num_threads=4 -verbose:gc -Xmx5000M -Xms3000M -server -XX:+UseConcMarkSweepGC -XX:+AggressiveOpts -verbose:gc -XX:ParallelGCThreads=4 -XX:NewRatio=5 -XX:SurvivorRatio=2 -Dhazelcast.operation.thread.count=4 -Djava.net.preferIPv4Stack=true -Dlog4j.file.prefix=deimos-esw-17384 -Dbind.address= -Djgroups.bind_addr= -classpath /home/smf/github/radargun/target/distribution/RadarGun-1.1.0-SNAPSHOT/lib/activation-1.1.jar:/home/smf/github/radargun/target/distribution/RadarGun-1.1.0-SNAPSHOT/lib/commons-beanutils-1.8.0.jar:/home/smf/github/radargun/target/distribution/RadarGun-1.1.0-SNAPSHOT/lib/commons-digester-2.0.jar:/home/smf/github/radargun/target/distribution/RadarGun-1.1.0-SNAPSHOT/lib/commons-logging-1.1.1.jar:/home/smf/github/radargun/target/distribution/RadarGun-1.1.0-SNAPSHOT/lib/commons-math-1.2.jar:/home/smf/github/radargun/target/distribution/RadarGun-1.1.0-SNAPSHOT/lib/jboss-transaction-api-1.0.1.GA.jar:/home/smf/github/radargun/target/distribution/RadarGun-1.1.0-SNAPSHOT/lib/jcommon-1.0.15.jar:/home/smf/github/radargun/target/distribution/RadarGun-1.1.0-SNAPSHOT/lib/jfreechart-1.0.12.jar:/home/smf/github/radargun/target/distribution/RadarGun-1.1.0-SNAPSHOT/lib/log4j-1.2.14.jar:/home/smf/github/radargun/target/distribution/RadarGun-1.1.0-SNAPSHOT/lib/mail-1.4.2.jar:/home/smf/github/radargun/target/distribution/RadarGun-1.1.0-SNAPSHOT/lib/radargun-framework-1.1.0-SNAPSHOT.jar:/home/smf/github/radargun/target/distribution/RadarGun-1.1.0-SNAPSHOT/conf org.radargun.Slave -master 127.0.0.1:2103
--------------------------------------------------------------------------------
PerNodeRollingFileAppender::Using file prefix:deimos-esw-17384
 INFO  [main] {org.radargun.Slave} Attempting to connect to master 127.0.0.1:2103
 INFO  [main] {org.radargun.Slave} Successfully established connection with master at: 127.0.0.1:2103
Loading JARS from /home/smf/github/radargun/target/distribution/RadarGun-1.1.0-SNAPSHOT/lib/radargun-framework-1.1.0-SNAPSHOT.jar
 INFO  [pool-1-thread-1] {org.radargun.config.AnnotatedHelper} Loading JARS from /home/smf/github/radargun/target/distribution/RadarGun-1.1.0-SNAPSHOT/lib/radargun-framework-1.1.0-SNAPSHOT.jar
 INFO  [pool-1-thread-1] {org.radargun.config.AnnotatedHelper} Loading JARS from /home/smf/github/radargun/target/distribution/RadarGun-1.1.0-SNAPSHOT/lib/radargun-framework-1.1.0-SNAPSHOT.jar
 INFO  [pool-1-thread-1] {org.radargun.Slave} Executing stage: DestroyWrapper {enforceMemoryThrashHold=true, exitBenchmarkOnSlaveFailure=false, heapDumpDir=null, memoryThreshold=95, runOnAllSlaves=true, slaves=null, useSmartClassLoading=true }
 INFO  [pool-1-thread-1] {org.radargun.stages.DestroyWrapperStage} Received destroy cache wrapper request from master...
 INFO  [pool-1-thread-1] {org.radargun.stages.DestroyWrapperStage} No cache wrapper deployed on this slave, nothing to do.
 INFO  [pool-1-thread-1] {org.radargun.stages.DestroyWrapperStage} Before executing clear, memory looks like this: Memory - free: 2,928,638 kb - max:4,906,688 kb- total:2,944,000 kb
[Full GC 15361K->3631K(2944000K), 0.0653330 secs]
 INFO  [pool-1-thread-1] {org.radargun.stages.DestroyWrapperStage} After executing cleanup, memory looks like this: Memory - free: 2,935,311 kb - max:4,906,688 kb- total:2,944,064 kb
 INFO  [pool-1-thread-1] {org.radargun.Slave} Finished stage: DestroyWrapper {enforceMemoryThrashHold=true, exitBenchmarkOnSlaveFailure=false, heapDumpDir=null, memoryThreshold=95, runOnAllSlaves=true, slaves=null, useSmartClassLoading=true }
 INFO  [main] {org.radargun.Slave} Ack successfully sent to the master
 INFO  [pool-1-thread-1] {org.radargun.Slave} Executing stage: StartCluster {config=ispn52-repl-sync-rc.xml, delayAfterFirstSlaveStarts=5.000 secs, delayBetweenStartingSlaves=0.500 secs, exitBenchmarkOnSlaveFailure=true, expectNumSlaves=null, mayFailOn=null, reachable=null, runOnAllSlaves=false, slaves=null, staggerSlaveStartup=true, useSmartClassLoading=true, validateCluster=true }
 INFO  [pool-1-thread-1] {org.radargun.stages.StartClusterStage}  Startup staggering, starting 12 slaves. This is the slave with index 3. Sleeping for 6500 millis.
 INFO  [pool-1-thread-1] {org.radargun.stages.StartClusterStage} Ack master's StartCluster stage. Local address is: /127.0.0.1. This slave's index is: 3
 INFO  [pool-1-thread-1] {org.radargun.utils.ClassLoadHelper} Creating newInstance org.radargun.cachewrappers.FFWrapper with classloader java.net.URLClassLoader@56e43ef
 INFO  [pool-1-thread-1] {org.radargun.cachewrappers.FFWrapper} config=ispn52-repl-sync-rc.xml, isLocal=false, nodeIndex=3, confAttributes={name=ispn52-repl-sync-rc.xml, decorate=infinispan52}
 INFO  [pool-1-thread-1] {org.radargun.cachewrappers.FFWrapper} Found fenix framework config options in 'rg-fenix-framework-config-options.properties'.
 INFO  [pool-1-thread-1] {org.radargun.cachewrappers.FFWrapper} Setting extra config properties for Fenix Framework.
 INFO  [pool-1-thread-1] {org.radargun.cachewrappers.FFWrapper} Will initialize Fenix Framework with RadarGunDataGridConfig
 TRACE [pool-1-thread-1] {pt.ist.fenixframework.FenixFramework} Static initializer block for FenixFramework class [BEGIN]
 INFO  [pool-1-thread-1] {pt.ist.fenixframework.FenixFramework} Trying auto-initialization with configuration by convention
 INFO  [pool-1-thread-1] {pt.ist.fenixframework.FenixFramework} Resource 'fenix-framework.properties' not found
 DEBUG [pool-1-thread-1] {pt.ist.fenixframework.FenixFramework} Fenix Framework properties after reading default config file:{}
 DEBUG [pool-1-thread-1] {pt.ist.fenixframework.FenixFramework} CurrentBackEndName = jvstm-datagrid
 INFO  [pool-1-thread-1] {pt.ist.fenixframework.FenixFramework} Resource 'fenix-framework-jvstm-datagrid.properties' not found
 DEBUG [pool-1-thread-1] {pt.ist.fenixframework.FenixFramework} Fenix Framework properties after reading backend config file:{}
 DEBUG [pool-1-thread-1] {pt.ist.fenixframework.FenixFramework} Fenix Framework properties after enforcing system properties:{}
 INFO  [pool-1-thread-1] {pt.ist.fenixframework.FenixFramework} Skipping configuration by convention.
 TRACE [pool-1-thread-1] {pt.ist.fenixframework.FenixFramework} Static initializer block for FenixFramework class [END]
 INFO  [pool-1-thread-1] {pt.ist.fenixframework.FenixFramework} Initializing Fenix Framework with config.class=pt.ist.fenixframework.backend.jvstm.datagrid.radargun.RadarGunDataGridConfig
 INFO  [pool-1-thread-1] {pt.ist.fenixframework.backend.jvstm.cluster.JvstmClusterBackEnd} initializeGroupCommunication()
 INFO  [pool-1-thread-1] {com.hazelcast.config.ClasspathXmlConfig} Configuring Hazelcast from 'hazelcast-ff.xml'.
 INFO  [pool-1-thread-1] {com.hazelcast.instance.DefaultAddressPicker} Interfaces is disabled, trying to pick one address from TCP-IP config addresses: [127.0.0.1]
 INFO  [pool-1-thread-1] {com.hazelcast.instance.DefaultAddressPicker} Picked Address[127.0.0.1]:5704, using socket ServerSocket[addr=/0.0.0.0,localport=5704], bind any local is true
 INFO  [pool-1-thread-1] {com.hazelcast.system} [127.0.0.1]:5704 [FenixFrameworkGroup] Hazelcast Community Edition 3.0.2 (20130906) starting at Address[127.0.0.1]:5704
 INFO  [pool-1-thread-1] {com.hazelcast.system} [127.0.0.1]:5704 [FenixFrameworkGroup] Copyright (C) 2008-2013 Hazelcast.com
 INFO  [pool-1-thread-1] {com.hazelcast.instance.Node} [127.0.0.1]:5704 [FenixFrameworkGroup] Creating MulticastJoiner
 INFO  [pool-1-thread-1] {com.hazelcast.core.LifecycleService} [127.0.0.1]:5704 [FenixFrameworkGroup] Address[127.0.0.1]:5704 is STARTING
 INFO  [pool-1-thread-1] {com.hazelcast.cluster.TcpIpJoiner} [127.0.0.1]:5704 [FenixFrameworkGroup] Connecting to possible member: Address[127.0.0.1]:5703
 INFO  [pool-1-thread-1] {com.hazelcast.cluster.TcpIpJoiner} [127.0.0.1]:5704 [FenixFrameworkGroup] Connecting to possible member: Address[127.0.0.1]:5702
 INFO  [pool-1-thread-1] {com.hazelcast.cluster.TcpIpJoiner} [127.0.0.1]:5704 [FenixFrameworkGroup] Connecting to possible member: Address[127.0.0.1]:5701
 INFO  [hz._hzInstance_1_FenixFrameworkGroup.cached.thread-2] {com.hazelcast.nio.SocketConnector} [127.0.0.1]:5704 [FenixFrameworkGroup] Connecting to /127.0.0.1:5703, timeout: 0, bind-any: true
 INFO  [hz._hzInstance_1_FenixFrameworkGroup.cached.thread-1] {com.hazelcast.nio.SocketConnector} [127.0.0.1]:5704 [FenixFrameworkGroup] Connecting to /127.0.0.1:5701, timeout: 0, bind-any: true
 INFO  [hz._hzInstance_1_FenixFrameworkGroup.cached.thread-3] {com.hazelcast.nio.SocketConnector} [127.0.0.1]:5704 [FenixFrameworkGroup] Connecting to /127.0.0.1:5702, timeout: 0, bind-any: true
 INFO  [hz._hzInstance_1_FenixFrameworkGroup.cached.thread-2] {com.hazelcast.nio.TcpIpConnectionManager} [127.0.0.1]:5704 [FenixFrameworkGroup] 50838 accepted socket connection from /127.0.0.1:5703
 INFO  [hz._hzInstance_1_FenixFrameworkGroup.cached.thread-1] {com.hazelcast.nio.TcpIpConnectionManager} [127.0.0.1]:5704 [FenixFrameworkGroup] 52378 accepted socket connection from /127.0.0.1:5701
 INFO  [hz._hzInstance_1_FenixFrameworkGroup.cached.thread-3] {com.hazelcast.nio.TcpIpConnectionManager} [127.0.0.1]:5704 [FenixFrameworkGroup] 54363 accepted socket connection from /127.0.0.1:5702
 INFO  [hz._hzInstance_1_FenixFrameworkGroup.cached.thread-2] {com.hazelcast.cluster.ClusterService} [127.0.0.1]:5704 [FenixFrameworkGroup] 

Members [12] {
	Member [127.0.0.1]:5701
	Member [127.0.0.1]:5702
	Member [127.0.0.1]:5704 this
	Member [127.0.0.1]:5705
	Member [127.0.0.1]:5706
	Member [127.0.0.1]:5703
	Member [127.0.0.1]:5707
	Member [127.0.0.1]:5708
	Member [127.0.0.1]:5709
	Member [127.0.0.1]:5710
	Member [127.0.0.1]:5711
	Member [127.0.0.1]:5712
}

 INFO  [hz._hzInstance_1_FenixFrameworkGroup.IO.thread-Acceptor] {com.hazelcast.nio.SocketAcceptor} [127.0.0.1]:5704 [FenixFrameworkGroup] Accepting socket connection from /127.0.0.1:52912
 INFO  [hz._hzInstance_1_FenixFrameworkGroup.IO.thread-Acceptor] {com.hazelcast.nio.TcpIpConnectionManager} [127.0.0.1]:5704 [FenixFrameworkGroup] 5704 accepted socket connection from /127.0.0.1:52912
 INFO  [hz._hzInstance_1_FenixFrameworkGroup.IO.thread-Acceptor] {com.hazelcast.nio.SocketAcceptor} [127.0.0.1]:5704 [FenixFrameworkGroup] Accepting socket connection from /127.0.0.1:33938
 INFO  [hz._hzInstance_1_FenixFrameworkGroup.IO.thread-Acceptor] {com.hazelcast.nio.TcpIpConnectionManager} [127.0.0.1]:5704 [FenixFrameworkGroup] 5704 accepted socket connection from /127.0.0.1:33938
 INFO  [hz._hzInstance_1_FenixFrameworkGroup.IO.thread-Acceptor] {com.hazelcast.nio.SocketAcceptor} [127.0.0.1]:5704 [FenixFrameworkGroup] Accepting socket connection from /127.0.0.1:56993
 INFO  [hz._hzInstance_1_FenixFrameworkGroup.IO.thread-Acceptor] {com.hazelcast.nio.TcpIpConnectionManager} [127.0.0.1]:5704 [FenixFrameworkGroup] 5704 accepted socket connection from /127.0.0.1:56993
 INFO  [hz._hzInstance_1_FenixFrameworkGroup.IO.thread-Acceptor] {com.hazelcast.nio.SocketAcceptor} [127.0.0.1]:5704 [FenixFrameworkGroup] Accepting socket connection from /127.0.0.1:46055
 INFO  [hz._hzInstance_1_FenixFrameworkGroup.IO.thread-Acceptor] {com.hazelcast.nio.TcpIpConnectionManager} [127.0.0.1]:5704 [FenixFrameworkGroup] 5704 accepted socket connection from /127.0.0.1:46055
 INFO  [hz._hzInstance_1_FenixFrameworkGroup.cached.thread-10] {com.hazelcast.nio.SocketConnector} [127.0.0.1]:5704 [FenixFrameworkGroup] Connecting to /127.0.0.1:5705, timeout: 0, bind-any: true
 INFO  [hz._hzInstance_1_FenixFrameworkGroup.cached.thread-10] {com.hazelcast.nio.TcpIpConnectionManager} [127.0.0.1]:5704 [FenixFrameworkGroup] 36412 accepted socket connection from /127.0.0.1:5705
 INFO  [hz._hzInstance_1_FenixFrameworkGroup.IO.thread-Acceptor] {com.hazelcast.nio.SocketAcceptor} [127.0.0.1]:5704 [FenixFrameworkGroup] Accepting socket connection from /127.0.0.1:46536
 INFO  [hz._hzInstance_1_FenixFrameworkGroup.IO.thread-Acceptor] {com.hazelcast.nio.TcpIpConnectionManager} [127.0.0.1]:5704 [FenixFrameworkGroup] 5704 accepted socket connection from /127.0.0.1:46536
 INFO  [hz._hzInstance_1_FenixFrameworkGroup.IO.thread-Acceptor] {com.hazelcast.nio.SocketAcceptor} [127.0.0.1]:5704 [FenixFrameworkGroup] Accepting socket connection from /127.0.0.1:42822
 INFO  [hz._hzInstance_1_FenixFrameworkGroup.IO.thread-Acceptor] {com.hazelcast.nio.TcpIpConnectionManager} [127.0.0.1]:5704 [FenixFrameworkGroup] 5704 accepted socket connection from /127.0.0.1:42822
 INFO  [hz._hzInstance_1_FenixFrameworkGroup.cached.thread-10] {com.hazelcast.nio.SocketConnector} [127.0.0.1]:5704 [FenixFrameworkGroup] Connecting to /127.0.0.1:5708, timeout: 0, bind-any: true
 INFO  [hz._hzInstance_1_FenixFrameworkGroup.cached.thread-9] {com.hazelcast.nio.SocketConnector} [127.0.0.1]:5704 [FenixFrameworkGroup] Connecting to /127.0.0.1:5709, timeout: 0, bind-any: true
 INFO  [hz._hzInstance_1_FenixFrameworkGroup.cached.thread-8] {com.hazelcast.nio.SocketConnector} [127.0.0.1]:5704 [FenixFrameworkGroup] Connecting to /127.0.0.1:5711, timeout: 0, bind-any: true
 INFO  [hz._hzInstance_1_FenixFrameworkGroup.IO.thread-Acceptor] {com.hazelcast.nio.SocketAcceptor} [127.0.0.1]:5704 [FenixFrameworkGroup] Accepting socket connection from /127.0.0.1:35934
 INFO  [hz._hzInstance_1_FenixFrameworkGroup.cached.thread-10] {com.hazelcast.nio.TcpIpConnectionManager} [127.0.0.1]:5704 [FenixFrameworkGroup] 37138 accepted socket connection from /127.0.0.1:5708
 INFO  [hz._hzInstance_1_FenixFrameworkGroup.cached.thread-8] {com.hazelcast.nio.TcpIpConnectionManager} [127.0.0.1]:5704 [FenixFrameworkGroup] 56248 accepted socket connection from /127.0.0.1:5711
 INFO  [hz._hzInstance_1_FenixFrameworkGroup.cached.thread-9] {com.hazelcast.nio.TcpIpConnectionManager} [127.0.0.1]:5704 [FenixFrameworkGroup] 44963 accepted socket connection from /127.0.0.1:5709
 INFO  [hz._hzInstance_1_FenixFrameworkGroup.IO.thread-Acceptor] {com.hazelcast.nio.TcpIpConnectionManager} [127.0.0.1]:5704 [FenixFrameworkGroup] 5704 accepted socket connection from /127.0.0.1:35934
 INFO  [hz._hzInstance_1_FenixFrameworkGroup.IO.thread-Acceptor] {com.hazelcast.nio.SocketAcceptor} [127.0.0.1]:5704 [FenixFrameworkGroup] Accepting socket connection from /127.0.0.1:41799
 INFO  [hz._hzInstance_1_FenixFrameworkGroup.IO.thread-Acceptor] {com.hazelcast.nio.TcpIpConnectionManager} [127.0.0.1]:5704 [FenixFrameworkGroup] 5704 accepted socket connection from /127.0.0.1:41799
 INFO  [pool-1-thread-1] {com.hazelcast.core.LifecycleService} [127.0.0.1]:5704 [FenixFrameworkGroup] Address[127.0.0.1]:5704 is STARTED
 INFO  [pool-1-thread-1] {pt.ist.fenixframework.backend.jvstm.cluster.ClusterUtils} Got (long) serverId: 2
 INFO  [pool-1-thread-1] {pt.ist.fenixframework.backend.jvstm.cluster.JvstmClusterBackEnd} This is NOT the first node.
 INFO  [pool-1-thread-1] {pt.ist.fenixframework.backend.jvstm.cluster.ClusterUtils} Waiting for startup from first node
 INFO  [pool-1-thread-1] {pt.ist.fenixframework.backend.jvstm.JVSTMBackEnd} initializeRepository()
 INFO  [pool-1-thread-1] {pt.ist.fenixframework.backend.jvstm.datagrid.radargun.DataGridDecorator} config=ispn52-repl-sync-rc.xml, isLocal=false, nodeIndex=3, confAttributes={name=ispn52-repl-sync-rc.xml}
 INFO  [pool-1-thread-1] {org.radargun.cachewrappers.InfinispanXSWrapper} Cannot find any site for slave index 3
 INFO  [pool-1-thread-1] {org.infinispan.remoting.transport.jgroups.JGroupsTransport} ISPN000078: Starting JGroups Channel
 WARN  [pool-1-thread-1] {org.jgroups.protocols.UDP} [JGRP00014] the send buffer of socket DatagramSocket was set to 640KB, but the OS only allocated 229.38KB. This might lead to performance problems. Please set your max send buffer in the OS correctly (e.g. net.core.wmem_max on Linux)
 WARN  [pool-1-thread-1] {org.jgroups.protocols.UDP} [JGRP00014] the receive buffer of socket DatagramSocket was set to 20MB, but the OS only allocated 229.38KB. This might lead to performance problems. Please set your max receive buffer in the OS correctly (e.g. net.core.rmem_max on Linux)
 WARN  [pool-1-thread-1] {org.jgroups.protocols.UDP} [JGRP00014] the send buffer of socket MulticastSocket was set to 640KB, but the OS only allocated 229.38KB. This might lead to performance problems. Please set your max send buffer in the OS correctly (e.g. net.core.wmem_max on Linux)
 WARN  [pool-1-thread-1] {org.jgroups.protocols.UDP} [JGRP00014] the receive buffer of socket MulticastSocket was set to 25MB, but the OS only allocated 229.38KB. This might lead to performance problems. Please set your max receive buffer in the OS correctly (e.g. net.core.rmem_max on Linux)
[GC 259695K->17769K(2944064K), 0.0530250 secs]
 INFO  [pool-1-thread-1] {org.infinispan.remoting.transport.jgroups.JGroupsTransport} ISPN000094: Received new cluster view: [deimos-esw-37579|2] [deimos-esw-37579, deimos-esw-25077, deimos-esw-21025]
 INFO  [pool-1-thread-1] {org.infinispan.remoting.transport.jgroups.JGroupsTransport} ISPN000079: Cache local address is deimos-esw-21025, physical addresses are [127.0.0.1:52002]
 INFO  [pool-1-thread-1] {org.infinispan.factories.GlobalComponentRegistry} ISPN000128: Infinispan version: Infinispan 'Delirium' 5.2.6.Final
 INFO  [Incoming-4,deimos-esw-21025] {org.infinispan.remoting.transport.jgroups.JGroupsTransport} ISPN000094: Received new cluster view: [deimos-esw-37579|3] [deimos-esw-37579, deimos-esw-25077, deimos-esw-21025, deimos-esw-27454, deimos-esw-58841]
 INFO  [pool-1-thread-1] {org.infinispan.transaction.lookup.JBossStandaloneJTAManagerLookup} ISPN000107: Retrieving transaction manager Transaction: unknown
 INFO  [Incoming-4,deimos-esw-21025] {org.infinispan.remoting.transport.jgroups.JGroupsTransport} ISPN000094: Received new cluster view: [deimos-esw-37579|4] [deimos-esw-37579, deimos-esw-25077, deimos-esw-21025, deimos-esw-27454, deimos-esw-58841, deimos-esw-10669]
 INFO  [Incoming-4,deimos-esw-21025] {org.infinispan.remoting.transport.jgroups.JGroupsTransport} ISPN000094: Received new cluster view: [deimos-esw-37579|5] [deimos-esw-37579, deimos-esw-25077, deimos-esw-21025, deimos-esw-27454, deimos-esw-58841, deimos-esw-10669, deimos-esw-58984, deimos-esw-38548]
 INFO  [pool-1-thread-1] {org.infinispan.jmx.CacheJmxRegistration} ISPN000031: MBeans were successfully registered to the platform MBean server.
 INFO  [Incoming-4,deimos-esw-21025] {org.infinispan.remoting.transport.jgroups.JGroupsTransport} ISPN000094: Received new cluster view: [deimos-esw-37579|6] [deimos-esw-37579, deimos-esw-25077, deimos-esw-21025, deimos-esw-27454, deimos-esw-58841, deimos-esw-10669, deimos-esw-58984, deimos-esw-38548, deimos-esw-45206, deimos-esw-9499]
 INFO  [Incoming-4,deimos-esw-21025] {org.infinispan.remoting.transport.jgroups.JGroupsTransport} ISPN000094: Received new cluster view: [deimos-esw-37579|7] [deimos-esw-37579, deimos-esw-25077, deimos-esw-21025, deimos-esw-27454, deimos-esw-58841, deimos-esw-10669, deimos-esw-58984, deimos-esw-38548, deimos-esw-45206, deimos-esw-9499, deimos-esw-55659, deimos-esw-309]
 INFO  [pool-1-thread-1] {org.radargun.cachewrappers.InfinispanXSWrapper} Using transaction manager: Transaction: unknown
 INFO  [pool-1-thread-1] {org.radargun.cachewrappers.InfinispanXSWrapper} No RELAY2 protocol in XS wrapper
 INFO  [pool-1-thread-1] {org.radargun.cachewrappers.InfinispanXSWrapper} JGroups version: JGroups 3.2.7.Final
 INFO  [pool-1-thread-1] {org.radargun.cachewrappers.InfinispanXSWrapper} Using config attributes: {name=ispn52-repl-sync-rc.xml}
 INFO  [pool-1-thread-1] {pt.ist.fenixframework.backend.jvstm.datagrid.DataGridRepository} Initialization marker is present. Data Grid already existed.
 INFO  [pool-1-thread-1] {pt.ist.fenixframework.backend.jvstm.JVSTMBackEnd} initializeDomainClassInfos
 INFO  [pool-1-thread-1] {pt.ist.fenixframework.backend.jvstm.pstm.DomainClassInfo} serverId: 2, serverOidBase: 2000000000000
 INFO  [pool-1-thread-1] {pt.ist.fenixframework.backend.jvstm.pstm.DomainClassInfo} Existing domain class 'pt.ist.fenixframework.adt.bplustree.LeafNode' with id '4'
 INFO  [pool-1-thread-1] {pt.ist.fenixframework.backend.jvstm.pstm.DomainClassInfo} Existing domain class 'pt.ist.fenixframework.backend.jvstm.pstm.TransactionStatisticsEntry' with id '5'
 INFO  [pool-1-thread-1] {pt.ist.fenixframework.backend.jvstm.pstm.DomainClassInfo} Existing domain class 'pt.ist.fenixframework.adt.bplustree.BPlusTree' with id '7'
 INFO  [pool-1-thread-1] {pt.ist.fenixframework.backend.jvstm.pstm.DomainClassInfo} Existing domain class 'pt.ist.fenixframework.adt.linkedlist.ListNode' with id '6'
 INFO  [pool-1-thread-1] {pt.ist.fenixframework.backend.jvstm.pstm.DomainClassInfo} Existing domain class 'pt.ist.fenixframework.adt.bplustree.BPlusTreeArray' with id '2'
 INFO  [pool-1-thread-1] {pt.ist.fenixframework.backend.jvstm.pstm.DomainClassInfo} Existing domain class 'pt.ist.fenixframework.adt.bplustree.AbstractNodeArray' with id 'a'
 INFO  [pool-1-thread-1] {pt.ist.fenixframework.backend.jvstm.pstm.DomainClassInfo} Existing domain class 'pt.ist.fenixframework.adt.bplustree.LeafNodeArray' with id 'c'
 INFO  [pool-1-thread-1] {pt.ist.fenixframework.backend.jvstm.pstm.DomainClassInfo} Existing domain class 'pt.ist.fenixframework.adt.bplustree.DomainInnerNode' with id '3'
 INFO  [pool-1-thread-1] {pt.ist.fenixframework.backend.jvstm.pstm.DomainClassInfo} Existing domain class 'pt.ist.fenixframework.adt.bplustree.InnerNodeArray' with id 'b'
 INFO  [pool-1-thread-1] {pt.ist.fenixframework.backend.jvstm.pstm.DomainClassInfo} Existing domain class 'pt.ist.fenixframework.adt.bplustree.DomainBPlusTree' with id 'e'
 INFO  [pool-1-thread-1] {pt.ist.fenixframework.backend.jvstm.pstm.DomainClassInfo} Existing domain class 'pt.ist.fenixframework.adt.linkedlist.LinkedList' with id '9'
 INFO  [pool-1-thread-1] {pt.ist.fenixframework.backend.jvstm.pstm.DomainClassInfo} Existing domain class 'pt.ist.fenixframework.adt.bplustree.DomainLeafNode' with id '1'
 INFO  [pool-1-thread-1] {pt.ist.fenixframework.backend.jvstm.pstm.DomainClassInfo} Existing domain class 'pt.ist.fenixframework.adt.bplustree.InnerNode' with id '8'
 INFO  [pool-1-thread-1] {pt.ist.fenixframework.backend.jvstm.pstm.DomainClassInfo} Existing domain class 'pt.ist.fenixframework.backend.jvstm.pstm.FenixFrameworkData' with id 'd'
 INFO  [pool-1-thread-1] {pt.ist.fenixframework.backend.jvstm.pstm.DomainClassInfo} Existing domain class 'pt.ist.fenixframework.adt.bplustree.AbstractNode' with id 'f'
 INFO  [pool-1-thread-1] {pt.ist.fenixframework.backend.jvstm.pstm.DomainClassInfo} Existing domain class 'pt.ist.fenixframework.DomainRoot' with id '0'
 INFO  [pool-1-thread-1] {pt.ist.fenixframework.backend.jvstm.JVSTMBackEnd} setupJVSTM
 INFO  [pool-1-thread-1] {pt.ist.fenixframework.backend.jvstm.JVSTMBackEnd} Setting the last committed TX number to 2
 INFO  [pool-1-thread-1] {pt.ist.fenixframework.backend.jvstm.JVSTMBackEnd} createDomainRootIfNeeded
 INFO  [pool-1-thread-1] {pt.ist.fenixframework.backend.jvstm.JVSTMBackEnd} ensureFenixFrameworkDataExists
 INFO  [pool-1-thread-1] {pt.ist.fenixframework.hibernatesearch.HibernateSearchConfig} Resource 'fenix-framework-hibernate-search.properties' not found. Hibernate Search disabled
 INFO  [pool-1-thread-1] {pt.ist.fenixframework.FenixFramework} Initialization of Fenix Framework is now complete.
 INFO  [pool-1-thread-1] {org.radargun.cachewrappers.FFWrapper} FF STARTED=true
 INFO  [pool-1-thread-1] {org.radargun.stages.helpers.StartHelper} Number of members is the one expected: 12
 INFO  [pool-1-thread-1] {org.radargun.stages.StartClusterStage} Successfully started cache wrapper on slave 3: org.radargun.cachewrappers.FFWrapper@1475a7cf
 INFO  [pool-1-thread-1] {org.radargun.Slave} Finished stage: StartCluster {config=ispn52-repl-sync-rc.xml, delayAfterFirstSlaveStarts=5.000 secs, delayBetweenStartingSlaves=0.500 secs, exitBenchmarkOnSlaveFailure=true, expectNumSlaves=null, mayFailOn=null, reachable=null, runOnAllSlaves=false, slaves=null, staggerSlaveStartup=true, useSmartClassLoading=true, validateCluster=true }
 INFO  [main] {org.radargun.Slave} Ack successfully sent to the master
 INFO  [pool-1-thread-1] {org.radargun.Slave} Executing stage: ClusterValidation {exitBenchmarkOnSlaveFailure=false, partialReplication=false, replicationTimeSleep=2000, replicationTryCount=60, runOnAllSlaves=false, slaves=null, useSmartClassLoading=true }
 INFO  [pool-1-thread-1] {org.radargun.stages.ClusterValidationStage} Number of caches that replicated here is 6
 INFO  [pool-1-thread-1] {org.radargun.stages.ClusterValidationStage} Replication test failed, 1 tries so far. Sleeping for 2 seconds and trying again.
 INFO  [pool-1-thread-1] {org.radargun.stages.ClusterValidationStage} Number of caches that replicated here is 11
 INFO  [pool-1-thread-1] {org.radargun.stages.ClusterValidationStage} Replication test successfully passed. partialReplication? false, replicationCount = 11
 INFO  [pool-1-thread-1] {org.radargun.stages.ClusterValidationStage} Confirm phase successful.
 INFO  [pool-1-thread-1] {org.radargun.Slave} Finished stage: ClusterValidation {exitBenchmarkOnSlaveFailure=false, partialReplication=false, replicationTimeSleep=2000, replicationTryCount=60, runOnAllSlaves=false, slaves=[ 0, 1, 2, 3, 4, 5, 6, 7, 8, 9, 10, 11 ], useSmartClassLoading=true }
 INFO  [main] {org.radargun.Slave} Ack successfully sent to the master
 INFO  [pool-1-thread-1] {org.radargun.Slave} Executing stage: StressTestWarmup {bulkSize=1, cacheSpecificKeyGenerator=false, commitTransactions=true, duration=1 mins 0 secs, entrySize=1000, exitBenchmarkOnSlaveFailure=false, fixedKeys=true, generateHistogramRange=false, keyGeneratorClass=org.radargun.stressors.StringKeyGenerator, keyGeneratorParam=null, loadAllKeys=false, numEntries=100, numOfThreads=4, numRequests=10000, numThreads=4, numberOfAttributes=100, numberOfRequests=10000, opsCountStatusLog=100000, poolKeys=true, preferAsyncOperations=false, removePercentage=0, replaceInvalidPercentage=40, runOnAllSlaves=false, sharedKeys=false, sizeOfAnAttribute=1000, slaves=null, transactionSize=50, useAtomics=false, useHistogramStatistics=false, useSimpleStatistics=true, useSmartClassLoading=true, useTransactions=null, writePercentage=20, writeTxPercentage=20 }
 INFO  [pool-1-thread-1] {org.radargun.stages.StressTestWarmupStage} Starting StressTestWarmupStage: StressTestWarmup {bulkSize=1, cacheSpecificKeyGenerator=false, commitTransactions=true, duration=1 mins 0 secs, entrySize=1000, exitBenchmarkOnSlaveFailure=false, fixedKeys=true, generateHistogramRange=false, keyGeneratorClass=org.radargun.stressors.StringKeyGenerator, keyGeneratorParam=null, loadAllKeys=false, numEntries=100, numOfThreads=4, numRequests=10000, numThreads=4, numberOfAttributes=100, numberOfRequests=10000, opsCountStatusLog=100000, poolKeys=true, preferAsyncOperations=false, removePercentage=0, replaceInvalidPercentage=40, runOnAllSlaves=false, sharedKeys=false, sizeOfAnAttribute=1000, slaves=null, transactionSize=50, useAtomics=false, useHistogramStatistics=false, useSimpleStatistics=true, useSmartClassLoading=true, useTransactions=null, writePercentage=20, writeTxPercentage=20 }
 INFO  [pool-1-thread-1] {org.radargun.stressors.StressTestStressor} Using key generator org.radargun.stressors.StringKeyGenerator, param null
 INFO  [pool-1-thread-1] {org.radargun.stressors.StressTestStressor} Executing: StressTestStressor{opsCountStatusLog=100000, numRequests=10000, numEntries=100, entrySize=1000, writePercentage=20, numThreads=4, cacheWrapper=org.radargun.cachewrappers.FFWrapper@1475a7cf, nodeIndex=3, useTransactions=true, transactionSize=50, commitTransactions=true, durationMillis=60000}
 INFO  [pool-1-thread-1] {org.radargun.stressors.StressTestStressor} Cache wrapper info is: FFWrapper using infinispan52
[GC 273833K->19274K(2944064K), 0.0448770 secs]
[GC 275338K->17644K(2944064K), 0.0331070 secs]
 INFO  [pool-1-thread-1] {org.radargun.stressors.StressTestStressor} Started 4 stressor threads.
 INFO  [Stressor-3] {org.radargun.stressors.StressTestStressor} Number of ops executed so far: 1. Elapsed time: 0.000 secs. Remaining: 1 mins 0 secs. Total: 1 mins 0 secs
[GC 273708K->21093K(2944064K), 0.0345490 secs]
[GC 277157K->29390K(2944064K), 0.0400900 secs]
[GC 285454K->32109K(2944064K), 0.0424620 secs]
[GC 288173K->39699K(2944064K), 0.0407390 secs]
[GC 295763K->47652K(2944064K), 0.0443490 secs]
 INFO  [Stressor-0] {org.radargun.stressors.StressTestStressor} Number of ops executed so far: 26650. Elapsed time: 20.003 secs. Remaining: 39.997 secs. Total: 1 mins 0 secs
[GC 303716K->56871K(2944064K), 0.0446470 secs]
[GC 312935K->67641K(2944064K), 0.0500780 secs]
[GC 323705K->67692K(2944064K), 0.0502030 secs]
[GC 323726K->75254K(2944064K), 0.0498700 secs]
[GC 331318K->84981K(2944064K), 0.0521530 secs]
 INFO  [Stressor-0] {org.radargun.stressors.StressTestStressor} Number of ops executed so far: 71700. Elapsed time: 40.006 secs. Remaining: 19.994 secs. Total: 1 mins 0 secs
[GC 341026K->84302K(2944064K), 0.0514510 secs]
[GC 340366K->109727K(2944064K), 0.0526490 secs]
[GC 365791K->91886K(2944064K), 0.0717330 secs]
[GC 347950K->85414K(2944064K), 0.0546940 secs]
[GC 341478K->96876K(2944064K), 0.0530030 secs]
[GC 352940K->96355K(2944064K), 0.0524630 secs]
 INFO  [Stressor-1] {org.radargun.stressors.StressTestStressor} Number of ops executed so far: 151300. Elapsed time: 1 mins 0 secs. Remaining: 0.000 secs. Total: 1 mins 0 secs
 INFO  [pool-1-thread-1] {org.radargun.stressors.StressTestStressor} Finished generating report. Test duration is: 1 mins 11 secs
 INFO  [pool-1-thread-1] {org.radargun.stages.StressTestWarmupStage} The warmup took: 71 seconds.
 INFO  [pool-1-thread-1] {org.radargun.Slave} Finished stage: StressTestWarmup {bulkSize=1, cacheSpecificKeyGenerator=false, commitTransactions=true, duration=1 mins 0 secs, entrySize=1000, exitBenchmarkOnSlaveFailure=false, fixedKeys=true, generateHistogramRange=false, keyGeneratorClass=org.radargun.stressors.StringKeyGenerator, keyGeneratorParam=null, loadAllKeys=false, numEntries=100, numOfThreads=4, numRequests=10000, numThreads=4, numberOfAttributes=100, numberOfRequests=10000, opsCountStatusLog=100000, poolKeys=true, preferAsyncOperations=false, removePercentage=0, replaceInvalidPercentage=40, runOnAllSlaves=false, sharedKeys=false, sizeOfAnAttribute=1000, slaves=null, transactionSize=50, useAtomics=false, useHistogramStatistics=false, useSimpleStatistics=true, useSmartClassLoading=true, useTransactions=null, writePercentage=20, writeTxPercentage=20 }
 INFO  [main] {org.radargun.Slave} Ack successfully sent to the master
[GC 352419K->107917K(2944064K), 0.0446800 secs]
[GC 363981K->79948K(2944064K), 0.0475920 secs]
[GC 336012K->107709K(2944064K), 0.0494590 secs]
[GC 363773K->115388K(2944064K), 0.0471830 secs]
[GC 371452K->82187K(2944064K), 0.0486400 secs]
[GC 338251K->85347K(2944064K), 0.0462820 secs]
[GC 341411K->89721K(2944064K), 0.0463740 secs]
[GC 345785K->89742K(2944064K), 0.0500890 secs]
[GC 345806K->93252K(2944064K), 0.0469500 secs]
[GC 349316K->97563K(2944064K), 0.0480980 secs]
[GC 353627K->102350K(2944064K), 0.0453440 secs]
[GC 358414K->107087K(2944064K), 0.0493990 secs]
[GC 363151K->112200K(2944064K), 0.0470880 secs]
[GC 368264K->117647K(2944064K), 0.0481030 secs]
[GC 373711K->122219K(2944064K), 0.0488450 secs]
[GC 378283K->127719K(2944064K), 0.0530660 secs]
[GC 383783K->131474K(2944064K), 0.0500890 secs]
[GC 387538K->149148K(2944064K), 0.0539840 secs]
[GC 405212K->177594K(2944064K), 0.0615780 secs]
 INFO  [pool-1-thread-1] {org.radargun.Slave} Executing stage: ClearClusterStage {ClearCluster {exitBenchmarkOnSlaveFailure=false, runOnAllSlaves=false, slaves=[ 0 ], useSmartClassLoading=true }
 INFO  [pool-1-thread-1] {org.radargun.stages.ClearClusterStage} Before executing clear, memory looks like this: Memory - free: 2,754,780 kb - max:4,906,688 kb- total:2,944,064 kb
[Full GC 189283K->134382K(2944064K), 0.5967880 secs]
 INFO  [pool-1-thread-1] {org.radargun.stages.ClearClusterStage} After executing cleanup, memory looks like this: Memory - free: 2,808,040 kb - max:4,906,688 kb- total:2,944,192 kb
 INFO  [pool-1-thread-1] {org.radargun.Slave} Finished stage: ClearClusterStage {ClearCluster {exitBenchmarkOnSlaveFailure=false, runOnAllSlaves=false, slaves=[ 0 ], useSmartClassLoading=true }
 INFO  [main] {org.radargun.Slave} Ack successfully sent to the master
 INFO  [pool-1-thread-1] {org.radargun.Slave} Executing stage: StressTest {bulkSize=1, cacheSpecificKeyGenerator=false, commitTransactions=true, duration=1 mins 0 secs, entrySize=1000, exitBenchmarkOnSlaveFailure=false, fixedKeys=true, generateHistogramRange=false, keyGeneratorClass=org.radargun.stressors.StringKeyGenerator, keyGeneratorParam=null, loadAllKeys=false, numEntries=10000, numOfThreads=4, numRequests=10000000, numThreads=4, numberOfAttributes=10000, numberOfRequests=10000000, opsCountStatusLog=500000, poolKeys=true, preferAsyncOperations=false, removePercentage=0, replaceInvalidPercentage=40, runOnAllSlaves=false, sharedKeys=false, sizeOfAnAttribute=1000, slaves=null, transactionSize=10000, useAtomics=false, useHistogramStatistics=false, useSimpleStatistics=true, useSmartClassLoading=true, useTransactions=true, writePercentage=0, writeTxPercentage=0 }
 INFO  [pool-1-thread-1] {org.radargun.stages.StressTestStage} Starting StressTestStage: StressTest {bulkSize=1, cacheSpecificKeyGenerator=false, commitTransactions=true, duration=1 mins 0 secs, entrySize=1000, exitBenchmarkOnSlaveFailure=false, fixedKeys=true, generateHistogramRange=false, keyGeneratorClass=org.radargun.stressors.StringKeyGenerator, keyGeneratorParam=null, loadAllKeys=false, numEntries=10000, numOfThreads=4, numRequests=10000000, numThreads=4, numberOfAttributes=10000, numberOfRequests=10000000, opsCountStatusLog=500000, poolKeys=true, preferAsyncOperations=false, removePercentage=0, replaceInvalidPercentage=40, runOnAllSlaves=false, sharedKeys=false, sizeOfAnAttribute=1000, slaves=null, transactionSize=10000, useAtomics=false, useHistogramStatistics=false, useSimpleStatistics=true, useSmartClassLoading=true, useTransactions=true, writePercentage=0, writeTxPercentage=0 }
 INFO  [pool-1-thread-1] {org.radargun.stressors.StressTestStressor} Using key generator org.radargun.stressors.StringKeyGenerator, param null
 INFO  [pool-1-thread-1] {org.radargun.stressors.StressTestStressor} Executing: StressTestStressor{opsCountStatusLog=500000, numRequests=10000000, numEntries=10000, entrySize=1000, writePercentage=0, numThreads=4, cacheWrapper=org.radargun.cachewrappers.FFWrapper@1475a7cf, nodeIndex=3, useTransactions=true, transactionSize=10000, commitTransactions=true, durationMillis=60000}
 INFO  [pool-1-thread-1] {org.radargun.stressors.StressTestStressor} Cache wrapper info is: FFWrapper using infinispan52
[GC 390510K->208290K(2944192K), 0.0308070 secs]
[GC 464418K->153521K(2944192K), 0.0265820 secs]
[GC 409649K->145467K(2944192K), 0.0301630 secs]
[GC 401595K->148848K(2944192K), 0.0348570 secs]
[GC 404976K->153896K(2944192K), 0.0316710 secs]
[GC 410024K->155403K(2944192K), 0.0352680 secs]
[GC 411531K->159740K(2944192K), 0.0367180 secs]
[GC 415868K->164248K(2944192K), 0.0356060 secs]
[GC 420376K->168675K(2944192K), 0.0370540 secs]
[GC 424803K->173124K(2944192K), 0.0386370 secs]
[GC 429252K->184929K(2944192K), 0.0388250 secs]
[GC 441057K->182144K(2944192K), 0.0400490 secs]
[GC 438272K->186951K(2944192K), 0.0427100 secs]
[GC 443079K->191400K(2944192K), 0.0439550 secs]
[GC 447528K->195890K(2944192K), 0.0431820 secs]
[GC 452018K->204394K(2944192K), 0.0528760 secs]
[GC 460522K->207866K(2944192K), 0.0581200 secs]
[GC 463994K->211452K(2944192K), 0.0539770 secs]
[GC 467580K->214703K(2944192K), 0.0497530 secs]
[GC 470831K->217961K(2944192K), 0.0469830 secs]
[GC 474089K->222044K(2944192K), 0.0499240 secs]
[GC 478172K->225518K(2944192K), 0.0489350 secs]
[GC 481646K->230019K(2944192K), 0.0489930 secs]
[GC 486147K->234257K(2944192K), 0.1284500 secs]
[GC 490385K->238006K(2944192K), 0.0538520 secs]
[GC 494134K->241596K(2944192K), 0.0490910 secs]
[GC 497724K->245842K(2944192K), 0.0516940 secs]
[GC 501970K->236069K(2944192K), 0.0472410 secs]
[GC 492197K->244138K(2944192K), 0.0444980 secs]
[GC 500266K->246237K(2944192K), 0.0511840 secs]
[GC 502365K->250218K(2944192K), 0.0495650 secs]
[GC 506346K->254357K(2944192K), 0.0952180 secs]
[GC 510485K->259031K(2944192K), 0.0520140 secs]
[GC 515159K->264762K(2944192K), 0.0537480 secs]
[GC 520890K->269600K(2944192K), 0.0528100 secs]
[GC 525728K->286437K(2944192K), 0.0534910 secs]
[GC 542565K->263151K(2944192K), 0.0548750 secs]
[GC 519239K->259651K(2944192K), 0.0522520 secs]
[GC 515779K->271096K(2944192K), 0.0485900 secs]
[GC 527224K->262232K(2944192K), 0.0502340 secs]
[GC 518360K->290662K(2944192K), 0.0529550 secs]
[GC 546790K->283702K(2944192K), 0.0529320 secs]
[GC 539830K->288554K(2944192K), 0.0522800 secs]
[GC 544682K->293651K(2944192K), 0.0544060 secs]
[GC 549777K->297825K(2944192K), 0.0554600 secs]
[GC 553953K->301279K(2944192K), 0.0541940 secs]
[GC 557407K->304669K(2944192K), 0.0558210 secs]
[GC 560797K->308226K(2944192K), 0.0568310 secs]
[GC 564354K->311452K(2944192K), 0.0533830 secs]
[GC 567580K->314386K(2944192K), 0.0576040 secs]
[GC 570514K->318124K(2944192K), 0.0562920 secs]
[GC 574252K->320910K(2944192K), 0.0539630 secs]
[GC 577038K->324135K(2944192K), 0.0610990 secs]
[GC 580263K->327589K(2944192K), 0.0553720 secs]
[GC 583717K->344406K(2944192K), 0.0529640 secs]
[GC 600534K->321772K(2944192K), 0.0539730 secs]
[GC 577900K->330021K(2944192K), 0.0482240 secs]
[GC 586149K->328356K(2944192K), 0.0502850 secs]
[GC 584484K->331334K(2944192K), 0.0481430 secs]
[GC 587462K->347021K(2944192K), 0.0505310 secs]
 INFO  [pool-1-thread-1] {org.radargun.stressors.StressTestStressor} Started 4 stressor threads.
 INFO  [Stressor-3] {org.radargun.stressors.StressTestStressor} Number of ops executed so far: 1. Elapsed time: 0.000 secs. Remaining: 1 mins 0 secs. Total: 1 mins 0 secs
[GC 603149K->334387K(2944192K), 0.0500990 secs]
[GC 590515K->335127K(2944192K), 0.0592400 secs]
[GC 591255K->330724K(2944192K), 0.0524560 secs]
[GC 586852K->331584K(2944192K), 0.0560420 secs]
[GC 587694K->331750K(2944192K), 0.0504560 secs]
[GC 587878K->331002K(2944192K), 0.0446910 secs]
[GC 587130K->330235K(2944192K), 0.0442320 secs]
[GC 586363K->329891K(2944192K), 0.0488400 secs]
[GC 586019K->329395K(2944192K), 0.0418700 secs]
[GC 585523K->329023K(2944192K), 0.0483190 secs]
[GC 585151K->329037K(2944192K), 0.0401680 secs]
[GC 585165K->327957K(2944192K), 0.0448000 secs]
[GC 584085K->327271K(2944192K), 0.0384340 secs]
[GC 583399K->321119K(2944192K), 0.0361280 secs]
[GC 577247K->322937K(2944192K), 0.0324470 secs]
[GC 579065K->321570K(2944192K), 0.0293830 secs]
[GC 577698K->320960K(2944192K), 0.0287000 secs]
[GC 577088K->324400K(2944192K), 0.0260140 secs]
[GC 580528K->322433K(2944192K), 0.0260280 secs]
[GC 578561K->322460K(2944192K), 0.0250860 secs]
 INFO  [Stressor-1] {org.radargun.stressors.StressTestStressor} Number of ops executed so far: 14573483. Elapsed time: 20.000 secs. Remaining: 40.000 secs. Total: 1 mins 0 secs
[GC 578588K->322704K(2944192K), 0.0276910 secs]
[GC 578832K->322220K(2944192K), 0.0250910 secs]
[GC 578348K->324100K(2944192K), 0.0291210 secs]
[GC 580228K->324076K(2944192K), 0.0282740 secs]
[GC 580204K->324283K(2944192K), 0.0278190 secs]
[GC 580411K->324744K(2944192K), 0.0282310 secs]
[GC 580872K->325109K(2944192K), 0.0266730 secs]
[GC 581237K->324938K(2944192K), 0.0253720 secs]
[GC 581066K->326230K(2944192K), 0.0295170 secs]
[GC 582358K->324490K(2944192K), 0.0244480 secs]
[GC 580618K->325499K(2944192K), 0.0281750 secs]
[GC 581627K->326916K(2944192K), 0.0283010 secs]
[GC 583044K->327564K(2944192K), 0.0286650 secs]
[GC 583692K->326333K(2944192K), 0.0291780 secs]
[GC 582461K->326520K(2944192K), 0.0288440 secs]
[GC 582648K->325873K(2944192K), 0.0306110 secs]
[GC 582001K->326209K(2944192K), 0.0280880 secs]
[GC 582337K->326600K(2944192K), 0.0285120 secs]
[GC 582728K->328733K(2944192K), 0.0279850 secs]
[GC 584861K->326779K(2944192K), 0.0266190 secs]
 INFO  [Stressor-0] {org.radargun.stressors.StressTestStressor} Number of ops executed so far: 29433887. Elapsed time: 40.000 secs. Remaining: 20.000 secs. Total: 1 mins 0 secs
[GC 582907K->327803K(2944192K), 0.0278160 secs]
[GC 583931K->328448K(2944192K), 0.0260030 secs]
[GC 584576K->329679K(2944192K), 0.0289350 secs]
[GC 585807K->329197K(2944192K), 0.0269120 secs]
[GC 585325K->329350K(2944192K), 0.0276570 secs]
[GC 585478K->329786K(2944192K), 0.0241320 secs]
[GC 585914K->327786K(2944192K), 0.0268250 secs]
[GC 583914K->331121K(2944192K), 0.0258520 secs]
[GC 587249K->329179K(2944192K), 0.0261080 secs]
[GC 585307K->331826K(2944192K), 0.0276460 secs]
[GC 587954K->331234K(2944192K), 0.0277830 secs]
[GC 587362K->331448K(2944192K), 0.0284950 secs]
[GC 587576K->332855K(2944192K), 0.0295940 secs]
[GC 588983K->331040K(2944192K), 0.0289290 secs]
[GC 587168K->332513K(2944192K), 0.0296130 secs]
[GC 588641K->331591K(2944192K), 0.0256450 secs]
[GC 587719K->332951K(2944192K), 0.0261000 secs]
[GC 589079K->333444K(2944192K), 0.0273110 secs]
[GC 589572K->334114K(2944192K), 0.0278840 secs]
[GC 590242K->334387K(2944192K), 0.0270660 secs]
 INFO  [Stressor-1] {org.radargun.stressors.StressTestStressor} Number of ops executed so far: 44160800. Elapsed time: 1 mins 0 secs. Remaining: 0.000 secs. Total: 1 mins 0 secs
 INFO  [pool-1-thread-1] {org.radargun.stressors.StressTestStressor} Finished generating report. Test duration is: 4 mins 50 secs
 INFO  [pool-1-thread-1] {org.radargun.stages.StressTestStage} size info: FFWrapper using infinispan52, clusterSize:12, nodeIndex:3, cacheSize: -1
 INFO  [pool-1-thread-1] {org.radargun.Slave} Finished stage: StressTest {bulkSize=1, cacheSpecificKeyGenerator=false, commitTransactions=true, duration=1 mins 0 secs, entrySize=1000, exitBenchmarkOnSlaveFailure=false, fixedKeys=true, generateHistogramRange=false, keyGeneratorClass=org.radargun.stressors.StringKeyGenerator, keyGeneratorParam=null, loadAllKeys=false, numEntries=10000, numOfThreads=4, numRequests=10000000, numThreads=4, numberOfAttributes=10000, numberOfRequests=10000000, opsCountStatusLog=500000, poolKeys=true, preferAsyncOperations=false, removePercentage=0, replaceInvalidPercentage=40, runOnAllSlaves=false, sharedKeys=false, sizeOfAnAttribute=1000, slaves=null, transactionSize=10000, useAtomics=false, useHistogramStatistics=false, useSimpleStatistics=true, useSmartClassLoading=true, useTransactions=true, writePercentage=0, writeTxPercentage=0 }
 INFO  [main] {org.radargun.Slave} Ack successfully sent to the master
[GC 590515K->334426K(2944192K), 0.0282370 secs]
[GC 590554K->335569K(2944192K), 0.0276370 secs]
[GC 591697K->338995K(2944192K), 0.0308980 secs]
[GC 595123K->339978K(2944192K), 0.0286080 secs]
[GC 596106K->342509K(2944192K), 0.0309550 secs]
[GC 598637K->347596K(2944192K), 0.0317420 secs]
[GC 603724K->345096K(2944192K), 0.0299200 secs]
[GC 601224K->348129K(2944192K), 0.0352640 secs]
[GC 604257K->351863K(2944192K), 0.0338690 secs]
[GC 607991K->351311K(2944192K), 0.0363580 secs]
[GC 607439K->353894K(2944192K), 0.0357250 secs]
[GC 610022K->360769K(2944192K), 0.0657170 secs]
[GC 616897K->362833K(2944192K), 0.0367880 secs]
[GC 618961K->365283K(2944192K), 0.0366150 secs]
[GC 621411K->362659K(2944192K), 0.0403120 secs]
[GC 618787K->371426K(2944192K), 0.0407180 secs]
[GC 627554K->368736K(2944192K), 0.0396420 secs]
[GC 624864K->376930K(2944192K), 0.0784080 secs]
[GC 633058K->370137K(2944192K), 0.0493960 secs]
[GC 626265K->376401K(2944192K), 0.0424780 secs]
[GC 632529K->381353K(2944192K), 0.0509890 secs]
[GC 637481K->371295K(2944192K), 0.0430750 secs]
[GC 627423K->381754K(2944192K), 0.0419530 secs]
[GC 637882K->380674K(2944192K), 0.0468830 secs]
[GC 636802K->383075K(2944192K), 0.0510160 secs]
[GC 639203K->391388K(2944192K), 0.0433500 secs]
[GC 647516K->380353K(2944192K), 0.0450270 secs]
[GC 636481K->390848K(2944192K), 0.0437670 secs]
[GC 646976K->395094K(2944192K), 0.0471040 secs]
[GC 651222K->384056K(2944192K), 0.0434310 secs]
[GC 640184K->387664K(2944192K), 0.0413620 secs]
[GC 643792K->385253K(2944192K), 0.0396900 secs]
[GC 641381K->386941K(2944192K), 0.0424150 secs]
[GC 643069K->399463K(2944192K), 0.0394470 secs]
[GC 655591K->389378K(2944192K), 0.0395620 secs]
[GC 645506K->397434K(2944192K), 0.0442550 secs]
[GC 653562K->395672K(2944192K), 0.0429790 secs]
[GC 651800K->397085K(2944192K), 0.0388940 secs]
[GC 653213K->393019K(2944192K), 0.0383040 secs]
[GC 649147K->399331K(2944192K), 0.0397300 secs]
[GC 655459K->405413K(2944192K), 0.0404200 secs]
[GC 661541K->396977K(2944192K), 0.0388160 secs]
[GC 653105K->403674K(2944192K), 0.0389250 secs]
[GC 659802K->402343K(2944192K), 0.0402900 secs]
[GC 658471K->404066K(2944192K), 0.0377780 secs]
[GC 660194K->400988K(2944192K), 0.0394880 secs]
[GC 657116K->406931K(2944192K), 0.0410050 secs]
[GC 663059K->407976K(2944192K), 0.0386110 secs]
[GC 664104K->409406K(2944192K), 0.0384830 secs]
[GC 665534K->415601K(2944192K), 0.0404320 secs]
[GC 671729K->407597K(2944192K), 0.0390690 secs]
[GC 663725K->415575K(2944192K), 0.0393740 secs]
[GC 671703K->409716K(2944192K), 0.0421290 secs]
[GC 665844K->416501K(2944192K), 0.0375130 secs]
[GC 672629K->418163K(2944192K), 0.0406120 secs]
[GC 674291K->419629K(2944192K), 0.0373760 secs]
[GC 675757K->421047K(2944192K), 0.0366270 secs]
[GC 677175K->422206K(2944192K), 0.0412680 secs]
[GC 678334K->428479K(2944192K), 0.0422090 secs]
[GC 684607K->419947K(2944192K), 0.0398340 secs]
[GC 676075K->428064K(2944192K), 0.0444160 secs]
[GC 684192K->431836K(2944192K), 0.0395600 secs]
[GC 687964K->426716K(2944192K), 0.0420390 secs]
[GC 682844K->427396K(2944192K), 0.0446360 secs]
[GC 683524K->436045K(2944192K), 0.0409370 secs]
[GC 692173K->431087K(2944192K), 0.0447130 secs]
[GC 687215K->435921K(2944192K), 0.0441020 secs]
[GC 692049K->439885K(2944192K), 0.0423520 secs]
[GC 696013K->434927K(2944192K), 0.0441650 secs]
[GC 691055K->440310K(2944192K), 0.0436390 secs]
[GC 696438K->444102K(2944192K), 0.0388660 secs]
[GC 700230K->435670K(2944192K), 0.0396880 secs]
[GC 691798K->444083K(2944192K), 0.0420600 secs]
[GC 700211K->443128K(2944192K), 0.0403870 secs]
[GC 699256K->439889K(2944192K), 0.0449950 secs]
[GC 696017K->446314K(2944192K), 0.0409040 secs]
[GC 702442K->447508K(2944192K), 0.0419350 secs]
[GC 703636K->448967K(2944192K), 0.0410640 secs]
[GC 705095K->455575K(2944192K), 0.0412220 secs]
[GC 711703K->449956K(2944192K), 0.0440040 secs]
[GC 706084K->454856K(2944192K), 0.0438390 secs]
[GC 710984K->458677K(2944192K), 0.0411570 secs]
[GC 714805K->453555K(2944192K), 0.0429020 secs]
[GC 709683K->458885K(2944192K), 0.0421540 secs]
[GC 715013K->462749K(2944192K), 0.0400250 secs]
[GC 718877K->454409K(2944192K), 0.0455950 secs]
[GC 710537K->462756K(2944192K), 0.0442000 secs]
[GC 718884K->461695K(2944192K), 0.0484030 secs]
[GC 717823K->463772K(2944192K), 0.0418840 secs]
[GC 719900K->465399K(2944192K), 0.0473640 secs]
[GC 721527K->466687K(2944192K), 0.0430960 secs]
[GC 722815K->468010K(2944192K), 0.0457350 secs]
[GC 724138K->469512K(2944192K), 0.0473480 secs]
[GC 725640K->471044K(2944192K), 0.0414800 secs]
[GC 727172K->472423K(2944192K), 0.0408210 secs]
[GC 728551K->468473K(2944192K), 0.0415180 secs]
[GC 724601K->474938K(2944192K), 0.0442100 secs]
[GC 731066K->476383K(2944192K), 0.0488330 secs]
[GC 732511K->483273K(2944192K), 0.0448290 secs]
[GC 739401K->474153K(2944192K), 0.0417700 secs]
[GC 730281K->482717K(2944192K), 0.0431340 secs]
[GC 738845K->486581K(2944192K), 0.1033600 secs]
[GC 742709K->481502K(2944192K), 0.0449580 secs]
[GC 737630K->487004K(2944192K), 0.0483310 secs]
[GC 743132K->491060K(2944192K), 0.0402240 secs]
[GC 747188K->482430K(2944192K), 0.0456120 secs]
[GC 738558K->491123K(2944192K), 0.0458460 secs]
[GC 747251K->489904K(2944192K), 0.0377230 secs]
[GC 746032K->492046K(2944192K), 0.0856330 secs]
[GC 748174K->498963K(2944192K), 0.0470450 secs]
[GC 755091K->489725K(2944192K), 0.0409510 secs]
[GC 745853K->498331K(2944192K), 0.0454980 secs]
[GC 754459K->491949K(2944192K), 0.0418620 secs]
[GC 748077K->504584K(2944192K), 0.0417950 secs]
[GC 760712K->495433K(2944192K), 0.0418810 secs]
[GC 751561K->509065K(2944192K), 0.0396730 secs]
[GC 765193K->500444K(2944192K), 0.0408020 secs]
[GC 756572K->506660K(2944192K), 0.0431160 secs]
[GC 762788K->510957K(2944192K), 0.0448740 secs]
[GC 767085K->505751K(2944192K), 0.0455240 secs]
[GC 761879K->511260K(2944192K), 0.0435170 secs]
[GC 767388K->515145K(2944192K), 0.0412210 secs]
[GC 771273K->509891K(2944192K), 0.0434360 secs]
[GC 766019K->520612K(2944192K), 0.0416050 secs]
[GC 776740K->508846K(2944192K), 0.0413940 secs]
[GC 764974K->518449K(2944192K), 0.0383660 secs]
[GC 774577K->522494K(2944192K), 0.0412170 secs]
[GC 778622K->513761K(2944192K), 0.0423660 secs]
[GC 769889K->527676K(2944192K), 0.0434600 secs]
[GC 783804K->515959K(2944192K), 0.0439730 secs]
[GC 772087K->530658K(2944192K), 0.0437650 secs]
[GC 786786K->518783K(2944192K), 0.0398940 secs]
[GC 774911K->528494K(2944192K), 0.0421850 secs]
[GC 784622K->532933K(2944192K), 0.0429840 secs]
[GC 789061K->524054K(2944192K), 0.0448480 secs]
[GC 780182K->538315K(2944192K), 0.0391660 secs]
[GC 794443K->526090K(2944192K), 0.0386990 secs]
[GC 782218K->535762K(2944192K), 0.0417920 secs]
[GC 791890K->534780K(2944192K), 0.0418510 secs]
[GC 790908K->542487K(2944192K), 0.0414400 secs]
[GC 798615K->532978K(2944192K), 0.0490100 secs]
[GC 789106K->547174K(2944192K), 0.0430060 secs]
[GC 803302K->534852K(2944192K), 0.0421550 secs]
[GC 790980K->544718K(2944192K), 0.0466180 secs]
[GC 800846K->538305K(2944192K), 0.0438790 secs]
[GC 794433K->546077K(2944192K), 0.0424360 secs]
[GC 802205K->541981K(2944192K), 0.0423620 secs]
[GC 798109K->554296K(2944192K), 0.0488710 secs]
[GC 810424K->548204K(2944192K), 0.0461500 secs]
[GC 804332K->558893K(2944192K), 0.0416280 secs]
[GC 815021K->546752K(2944192K), 0.0428190 secs]
[GC 802880K->561681K(2944192K), 0.0418680 secs]
[GC 817809K->552815K(2944192K), 0.0433140 secs]
[GC 808943K->559293K(2944192K), 0.0442300 secs]
[GC 815421K->558365K(2944192K), 0.0440110 secs]
[GC 814493K->560650K(2944192K), 0.0435890 secs]
[GC 816778K->556588K(2944192K), 0.0423670 secs]
[GC 812716K->569119K(2944192K), 0.0455510 secs]
[GC 825247K->559459K(2944192K), 0.0454130 secs]
[GC 815587K->573660K(2944192K), 0.0436750 secs]
[GC 829788K->564855K(2944192K), 0.0436290 secs]
[GC 820983K->566342K(2944192K), 0.0406130 secs]
[GC 822470K->575869K(2944192K), 0.0443050 secs]
[GC 831997K->566556K(2944192K), 0.0410140 secs]
[GC 822684K->580878K(2944192K), 0.0443820 secs]
[GC 837006K->568807K(2944192K), 0.0431810 secs]
[GC 824935K->578669K(2944192K), 0.0451660 secs]
[GC 834797K->572146K(2944192K), 0.0417990 secs]
[GC 828274K->579621K(2944192K), 0.0413720 secs]
[GC 835749K->581247K(2944192K), 0.0430900 secs]
[GC 837375K->577257K(2944192K), 0.0394290 secs]
[GC 833385K->584426K(2944192K), 0.0425070 secs]
[GC 840554K->580281K(2944192K), 0.0411890 secs]
[GC 836409K->587112K(2944192K), 0.0484230 secs]
[GC 843240K->588663K(2944192K), 0.0435270 secs]
[GC 844791K->590232K(2944192K), 0.0433330 secs]
[GC 846360K->586051K(2944192K), 0.0420900 secs]
[GC 842179K->587603K(2944192K), 0.0447780 secs]
[GC 843731K->589024K(2944192K), 0.0406100 secs]
[GC 845152K->596048K(2944192K), 0.0433850 secs]
[GC 852176K->591925K(2944192K), 0.0424030 secs]
[GC 848053K->599045K(2944192K), 0.0432240 secs]
[GC 855173K->600594K(2944192K), 0.0446570 secs]
[GC 856722K->602049K(2944192K), 0.0432580 secs]
[GC 858177K->603450K(2944192K), 0.0440760 secs]
[GC 859578K->610532K(2944192K), 0.0449290 secs]
[GC 866660K->600722K(2944192K), 0.0408030 secs]
[GC 856850K->610097K(2944192K), 0.0428330 secs]
[GC 866225K->608764K(2944192K), 0.0408090 secs]
[GC 864892K->616323K(2944192K), 0.0452850 secs]
[GC 872451K->606687K(2944192K), 0.0435940 secs]
[GC 862815K->615990K(2944192K), 0.0478760 secs]
[GC 872118K->614846K(2944192K), 0.0482750 secs]
[GC 870974K->622694K(2944192K), 0.0399220 secs]
[GC 878822K->612817K(2944192K), 0.0430460 secs]
[GC 868945K->621885K(2944192K), 0.0408020 secs]
[GC 878013K->620819K(2944192K), 0.0425120 secs]
[GC 876947K->628750K(2944192K), 0.0423930 secs]
[GC 884878K->622483K(2944192K), 0.0478540 secs]
[GC 878611K->628081K(2944192K), 0.0420460 secs]
[GC 884209K->626601K(2944192K), 0.0476350 secs]
[GC 882729K->634520K(2944192K), 0.0479950 secs]
[GC 890648K->624783K(2944192K), 0.0441870 secs]
[GC 880911K->639424K(2944192K), 0.0408520 secs]
[GC 895552K->626850K(2944192K), 0.0418740 secs]
[GC 882978K->636691K(2944192K), 0.0443020 secs]
[GC 892819K->635836K(2944192K), 0.0411480 secs]
[GC 891964K->644032K(2944192K), 0.0432220 secs]
[GC 900160K->634072K(2944192K), 0.0441150 secs]
[GC 890200K->643736K(2944192K), 0.0478430 secs]
[GC 899864K->642425K(2944192K), 0.0493830 secs]
[GC 898553K->644197K(2944192K), 0.0437590 secs]
[GC 900325K->651734K(2944192K), 0.0416690 secs]
[GC 907862K->641731K(2944192K), 0.0426440 secs]
[GC 897859K->651642K(2944192K), 0.0434560 secs]
[GC 907770K->650211K(2944192K), 0.0432770 secs]
[GC 906339K->646421K(2944192K), 0.0439300 secs]
[GC 902549K->648127K(2944192K), 0.0453600 secs]
[GC 904255K->649736K(2944192K), 0.0460670 secs]
[GC 905864K->657420K(2944192K), 0.0452630 secs]
[GC 913548K->658914K(2944192K), 0.0456270 secs]
[GC 915042K->660250K(2944192K), 0.0416050 secs]
[GC 916378K->661647K(2944192K), 0.0499220 secs]
[GC 917775K->663312K(2944192K), 0.0459640 secs]
[GC 919440K->670988K(2944192K), 0.0417370 secs]
[GC 927116K->660560K(2944192K), 0.0396860 secs]
[GC 916688K->670114K(2944192K), 0.0518800 secs]
[GC 926242K->675025K(2944192K), 0.0448090 secs]
[GC 931153K->665577K(2944192K), 0.0425350 secs]
[GC 921705K->680721K(2944192K), 0.0481100 secs]
[GC 936849K->671384K(2944192K), 0.0470580 secs]
[GC 927512K->683978K(2944192K), 0.0427860 secs]
[GC 940106K->671195K(2944192K), 0.0418000 secs]
[GC 927323K->687985K(2944192K), 0.0427910 secs]
[GC 944113K->674869K(2944192K), 0.0446610 secs]
[GC 930997K->692208K(2944192K), 0.0431610 secs]
[GC 948336K->678427K(2944192K), 0.0424790 secs]
[GC 934555K->690106K(2944192K), 0.0412490 secs]
[GC 946234K->695781K(2944192K), 0.0457210 secs]
[GC 951909K->684950K(2944192K), 0.0473010 secs]
[GC 941078K->702229K(2944192K), 0.0492400 secs]
[GC 958357K->687980K(2944192K), 0.0438560 secs]
[GC 944108K->699356K(2944192K), 0.0463680 secs]
[GC 955484K->698236K(2944192K), 0.0501150 secs]
[GC 954364K->694475K(2944192K), 0.0465400 secs]
[GC 950603K->703308K(2944192K), 0.0469960 secs]
[GC 959436K->698460K(2944192K), 0.0494700 secs]
[GC 954588K->707325K(2944192K), 0.0483400 secs]
[GC 963453K->715732K(2944192K), 0.0448570 secs]
[GC 971860K->703753K(2944192K), 0.0452400 secs]
[GC 959881K->714870K(2944192K), 0.0530190 secs]
[GC 970998K->720117K(2944192K), 0.0511090 secs]
[GC 976245K->708868K(2944192K), 0.0481880 secs]
[GC 964996K->720200K(2944192K), 0.0550720 secs]
[GC 976328K->718694K(2944192K), 0.0508960 secs]
[GC 974822K->721160K(2944192K), 0.0458390 secs]
[GC 977288K->730229K(2944192K), 0.0439660 secs]
[GC 986357K->718222K(2944192K), 0.0497020 secs]
[GC 974350K->735304K(2944192K), 0.0452780 secs]
[GC 991432K->720296K(2944192K), 0.0486050 secs]
[GC 976424K->732082K(2944192K), 0.0445840 secs]
[GC 988210K->730707K(2944192K), 0.0436930 secs]
[GC 986835K->726463K(2944192K), 0.0466040 secs]
[GC 982591K->735131K(2944192K), 0.0458700 secs]
[GC 991259K->730076K(2944192K), 0.0472370 secs]
[GC 986204K->731809K(2944192K), 0.0507070 secs]
[GC 987937K->733504K(2944192K), 0.0647560 secs]
[GC 989632K->741538K(2944192K), 0.0441980 secs]
[GC 997666K->743346K(2944192K), 0.0438540 secs]
[GC 999474K->738478K(2944192K), 0.0521810 secs]
[GC 994606K->739895K(2944192K), 0.0471860 secs]
[GC 996023K->747940K(2944192K), 0.0447270 secs]
[GC 1004068K->749868K(2944192K), 0.0435850 secs]
[GC 1005996K->751468K(2944192K), 0.0497690 secs]
[GC 1007596K->753113K(2944192K), 0.0485750 secs]
[GC 1009241K->748341K(2944192K), 0.0443640 secs]
[GC 1004469K->756303K(2944192K), 0.0507030 secs]
[GC 1012431K->757929K(2944192K), 0.0469750 secs]
[GC 1014057K->753292K(2944192K), 0.0433730 secs]
[GC 1009420K->767620K(2944192K), 0.0442450 secs]
[GC 1023748K->760360K(2944192K), 0.0454020 secs]
[GC 1016488K->766774K(2944192K), 0.0473130 secs]
[GC 1022902K->759148K(2944192K), 0.0438920 secs]
[GC 1015276K->767605K(2944192K), 0.0516720 secs]
[GC 1023733K->769498K(2944192K), 0.0466740 secs]
[GC 1025626K->764773K(2944192K), 0.0536930 secs]
[GC 1020901K->772954K(2944192K), 0.0429460 secs]
[GC 1029082K->774865K(2944192K), 0.0393560 secs]
[GC 1030993K->776269K(2944192K), 0.0434290 secs]
[GC 1032397K->778040K(2944192K), 0.0462990 secs]
[GC 1034168K->779962K(2944192K), 0.0417560 secs]
[GC 1036090K->775292K(2944192K), 0.0444510 secs]
[GC 1031420K->783589K(2944192K), 0.0468720 secs]
[GC 1039717K->785350K(2944192K), 0.0494180 secs]
[GC 1041478K->787524K(2944192K), 0.0427630 secs]
[GC 1043652K->796098K(2944192K), 0.0449590 secs]
[GC 1052226K->784651K(2944192K), 0.0534970 secs]
[GC 1040779K->795343K(2944192K), 0.0470110 secs]
[GC 1051471K->807569K(2944192K), 0.0456910 secs]
[GC 1063697K->794307K(2944192K), 0.0507690 secs]
[GC 1050435K->807825K(2944192K), 0.0429960 secs]
[GC 1063953K->792983K(2944192K), 0.0454340 secs]
[GC 1049111K->811784K(2944192K), 0.0525500 secs]
[GC 1067912K->796918K(2944192K), 0.0444780 secs]
[GC 1053046K->815836K(2944192K), 0.0440610 secs]
[GC 1071964K->800920K(2944192K), 0.0532840 secs]
[GC 1057048K->813672K(2944192K), 0.0474520 secs]
[GC 1069800K->827248K(2944192K), 0.0450660 secs]
[GC 1083376K->808521K(2944192K), 0.0518890 secs]
[GC 1064649K->814079K(2944192K), 0.0544880 secs]
[GC 1070207K->826408K(2944192K), 0.0460420 secs]
[GC 1082536K->814664K(2944192K), 0.0463830 secs]
[GC 1070792K->834339K(2944192K), 0.0453990 secs]
[GC 1090467K->817949K(2944192K), 0.0472740 secs]
[GC 1074077K->831567K(2944192K), 0.0531700 secs]
[GC 1087695K->822867K(2944192K), 0.0503960 secs]
[GC 1078995K->833240K(2944192K), 0.0484070 secs]
[GC 1089368K->828035K(2944192K), 0.0527320 secs]
[GC 1084163K->830187K(2944192K), 0.0442630 secs]
[GC 1086315K->839997K(2944192K), 0.0471600 secs]
[GC 1096125K->834708K(2944192K), 0.0454810 secs]
[GC 1090836K->836963K(2944192K), 0.0479850 secs]
[GC 1093091K->855228K(2944192K), 0.0483920 secs]
[GC 1111356K->841523K(2944192K), 0.0483330 secs]
[GC 1097651K->861768K(2944192K), 0.0492000 secs]
[GC 1117896K->844240K(2944192K), 0.0469080 secs]
[GC 1100368K->858737K(2944192K), 0.0441940 secs]
[GC 1114865K->864811K(2944192K), 0.0611730 secs]
[GC 1120939K->851695K(2944192K), 0.0458190 secs]
[GC 1107823K->872847K(2944192K), 0.0452480 secs]
[GC 1128975K->855077K(2944192K), 0.0481730 secs]
[GC 1111205K->876546K(2944192K), 0.1021580 secs]
[GC 1132674K->859378K(2944192K), 0.0483470 secs]
[GC 1115506K->873834K(2944192K), 0.0464490 secs]
[GC 1129962K->872403K(2944192K), 0.0494830 secs]
[GC 1128531K->875995K(2944192K), 0.0469810 secs]
[GC 1132123K->878190K(2944192K), 0.0500070 secs]
[GC 1134318K->880103K(2944192K), 0.0486230 secs]
[GC 1136231K->882624K(2944192K), 0.0487980 secs]
[GC 1138752K->876509K(2944192K), 0.0475110 secs]
[GC 1132637K->895244K(2944192K), 0.0468180 secs]
[GC 1151372K->880999K(2944192K), 0.0482570 secs]
[GC 1137127K->895219K(2944192K), 0.0478760 secs]
[GC 1151347K->901948K(2944192K), 0.0518430 secs]
[GC 1158076K->888407K(2944192K), 0.0471920 secs]
[GC 1144535K->911372K(2944192K), 0.0569240 secs]
[GC 1167500K->893225K(2944192K), 0.0585940 secs]
[GC 1149353K->910833K(2944192K), 0.0516830 secs]
[GC 1166961K->928615K(2944192K), 0.0530070 secs]
[GC 1184743K->905147K(2944192K), 0.0504360 secs]
[GC 1161275K->923562K(2944192K), 0.0494230 secs]
[GC 1179690K->923133K(2944192K), 0.0523280 secs]
[GC 1179261K->939792K(2944192K), 0.0593400 secs]
[GC 1195920K->945268K(2944192K), 0.0576110 secs]
[GC 1201396K->951612K(2944192K), 0.0703590 secs]
[GC 1207740K->945824K(2944192K), 0.0594050 secs]
 INFO  [main] {org.radargun.Slave} Master shutdown!
 INFO  [Thread-0] {org.radargun.ShutDownHook} Slave process is being shutdown
 INFO  [hz.ShutdownThread] {com.hazelcast.nio.TcpIpConnection} [127.0.0.1]:5704 [FenixFrameworkGroup] Connection [Address[127.0.0.1]:5707] lost. Reason: Socket explicitly closed
 INFO  [hz.ShutdownThread] {com.hazelcast.nio.TcpIpConnection} [127.0.0.1]:5704 [FenixFrameworkGroup] Connection [Address[127.0.0.1]:5708] lost. Reason: Socket explicitly closed
 INFO  [hz.ShutdownThread] {com.hazelcast.nio.TcpIpConnection} [127.0.0.1]:5704 [FenixFrameworkGroup] Connection [Address[127.0.0.1]:5706] lost. Reason: Socket explicitly closed
 INFO  [hz.ShutdownThread] {com.hazelcast.nio.TcpIpConnection} [127.0.0.1]:5704 [FenixFrameworkGroup] Connection [Address[127.0.0.1]:5705] lost. Reason: Socket explicitly closed
 INFO  [hz.ShutdownThread] {com.hazelcast.nio.TcpIpConnection} [127.0.0.1]:5704 [FenixFrameworkGroup] Connection [Address[127.0.0.1]:5711] lost. Reason: Socket explicitly closed
 INFO  [hz.ShutdownThread] {com.hazelcast.nio.TcpIpConnection} [127.0.0.1]:5704 [FenixFrameworkGroup] Connection [Address[127.0.0.1]:5702] lost. Reason: Socket explicitly closed
 INFO  [hz.ShutdownThread] {com.hazelcast.nio.TcpIpConnection} [127.0.0.1]:5704 [FenixFrameworkGroup] Connection [Address[127.0.0.1]:5712] lost. Reason: Socket explicitly closed
 INFO  [hz.ShutdownThread] {com.hazelcast.nio.TcpIpConnection} [127.0.0.1]:5704 [FenixFrameworkGroup] Connection [Address[127.0.0.1]:5701] lost. Reason: Socket explicitly closed
 INFO  [hz.ShutdownThread] {com.hazelcast.nio.TcpIpConnection} [127.0.0.1]:5704 [FenixFrameworkGroup] Connection [Address[127.0.0.1]:5709] lost. Reason: Socket explicitly closed
 INFO  [hz.ShutdownThread] {com.hazelcast.nio.TcpIpConnection} [127.0.0.1]:5704 [FenixFrameworkGroup] Connection [Address[127.0.0.1]:5710] lost. Reason: Socket explicitly closed
 INFO  [hz.ShutdownThread] {com.hazelcast.nio.TcpIpConnection} [127.0.0.1]:5704 [FenixFrameworkGroup] Connection [Address[127.0.0.1]:5703] lost. Reason: Socket explicitly closed
 INFO  [hz.ShutdownThread] {com.hazelcast.nio.TcpIpConnection} [127.0.0.1]:5704 [FenixFrameworkGroup] Connection [Address[127.0.0.1]:5709] lost. Reason: Socket explicitly closed
 INFO  [hz.ShutdownThread] {com.hazelcast.nio.TcpIpConnection} [127.0.0.1]:5704 [FenixFrameworkGroup] Connection [Address[127.0.0.1]:5711] lost. Reason: Socket explicitly closed
 INFO  [hz.ShutdownThread] {com.hazelcast.nio.TcpIpConnection} [127.0.0.1]:5704 [FenixFrameworkGroup] Connection [Address[127.0.0.1]:5708] lost. Reason: Socket explicitly closed
 INFO  [hz._hzInstance_1_FenixFrameworkGroup.IO.thread-in-1] {com.hazelcast.nio.TcpIpConnection} [127.0.0.1]:5704 [FenixFrameworkGroup] Connection [Address[127.0.0.1]:5705] lost. Reason: java.io.EOFException[Remote socket closed!]
 INFO  [hz.ShutdownThread] {com.hazelcast.initializer} [127.0.0.1]:5704 [FenixFrameworkGroup] Destroying node initializer.
 INFO  [hz.ShutdownThread] {com.hazelcast.instance.Node} [127.0.0.1]:5704 [FenixFrameworkGroup] Hazelcast Shutdown is completed in 46 ms.
