/usr/java/jdk1.7.0_21/bin/java -server -Xmx1024M -Xms1024M -Dresolve.dns=false -Djgroups.timer.num_threads=4 -verbose:gc -Xmx5000M -Xms3000M -server -XX:+UseConcMarkSweepGC -XX:+AggressiveOpts -verbose:gc -XX:ParallelGCThreads=4 -XX:NewRatio=5 -XX:SurvivorRatio=2 -Dhazelcast.operation.thread.count=4 -Djava.net.preferIPv4Stack=true -Dlog4j.file.prefix=deimos-esw-5816 -Dbind.address= -Djgroups.bind_addr= -classpath /home/smf/github/radargun/target/distribution/RadarGun-1.1.0-SNAPSHOT/lib/activation-1.1.jar:/home/smf/github/radargun/target/distribution/RadarGun-1.1.0-SNAPSHOT/lib/commons-beanutils-1.8.0.jar:/home/smf/github/radargun/target/distribution/RadarGun-1.1.0-SNAPSHOT/lib/commons-digester-2.0.jar:/home/smf/github/radargun/target/distribution/RadarGun-1.1.0-SNAPSHOT/lib/commons-logging-1.1.1.jar:/home/smf/github/radargun/target/distribution/RadarGun-1.1.0-SNAPSHOT/lib/commons-math-1.2.jar:/home/smf/github/radargun/target/distribution/RadarGun-1.1.0-SNAPSHOT/lib/jboss-transaction-api-1.0.1.GA.jar:/home/smf/github/radargun/target/distribution/RadarGun-1.1.0-SNAPSHOT/lib/jcommon-1.0.15.jar:/home/smf/github/radargun/target/distribution/RadarGun-1.1.0-SNAPSHOT/lib/jfreechart-1.0.12.jar:/home/smf/github/radargun/target/distribution/RadarGun-1.1.0-SNAPSHOT/lib/log4j-1.2.14.jar:/home/smf/github/radargun/target/distribution/RadarGun-1.1.0-SNAPSHOT/lib/mail-1.4.2.jar:/home/smf/github/radargun/target/distribution/RadarGun-1.1.0-SNAPSHOT/lib/radargun-framework-1.1.0-SNAPSHOT.jar:/home/smf/github/radargun/target/distribution/RadarGun-1.1.0-SNAPSHOT/conf org.radargun.Slave -master 127.0.0.1:2103
--------------------------------------------------------------------------------
PerNodeRollingFileAppender::Using file prefix:deimos-esw-5816
 INFO  [main] {org.radargun.Slave} Attempting to connect to master 127.0.0.1:2103
 INFO  [main] {org.radargun.Slave} Successfully established connection with master at: 127.0.0.1:2103
Loading JARS from /home/smf/github/radargun/target/distribution/RadarGun-1.1.0-SNAPSHOT/lib/radargun-framework-1.1.0-SNAPSHOT.jar
 INFO  [pool-1-thread-1] {org.radargun.config.AnnotatedHelper} Loading JARS from /home/smf/github/radargun/target/distribution/RadarGun-1.1.0-SNAPSHOT/lib/radargun-framework-1.1.0-SNAPSHOT.jar
 INFO  [pool-1-thread-1] {org.radargun.config.AnnotatedHelper} Loading JARS from /home/smf/github/radargun/target/distribution/RadarGun-1.1.0-SNAPSHOT/lib/radargun-framework-1.1.0-SNAPSHOT.jar
 INFO  [pool-1-thread-1] {org.radargun.Slave} Executing stage: DestroyWrapper {enforceMemoryThrashHold=true, exitBenchmarkOnSlaveFailure=false, heapDumpDir=null, memoryThreshold=95, runOnAllSlaves=true, slaves=null, useSmartClassLoading=true }
 INFO  [pool-1-thread-1] {org.radargun.stages.DestroyWrapperStage} Received destroy cache wrapper request from master...
 INFO  [pool-1-thread-1] {org.radargun.stages.DestroyWrapperStage} No cache wrapper deployed on this slave, nothing to do.
 INFO  [pool-1-thread-1] {org.radargun.stages.DestroyWrapperStage} Before executing clear, memory looks like this: Memory - free: 2,928,638 kb - max:4,906,688 kb- total:2,944,000 kb
[Full GC 15361K->3631K(2944000K), 0.1323770 secs]
 INFO  [pool-1-thread-1] {org.radargun.stages.DestroyWrapperStage} After executing cleanup, memory looks like this: Memory - free: 2,935,311 kb - max:4,906,688 kb- total:2,944,064 kb
 INFO  [pool-1-thread-1] {org.radargun.Slave} Finished stage: DestroyWrapper {enforceMemoryThrashHold=true, exitBenchmarkOnSlaveFailure=false, heapDumpDir=null, memoryThreshold=95, runOnAllSlaves=true, slaves=null, useSmartClassLoading=true }
 INFO  [main] {org.radargun.Slave} Ack successfully sent to the master
 INFO  [pool-1-thread-1] {org.radargun.Slave} Executing stage: StartCluster {config=ispn52-repl-sync-rc.xml, delayAfterFirstSlaveStarts=5.000 secs, delayBetweenStartingSlaves=0.500 secs, exitBenchmarkOnSlaveFailure=true, expectNumSlaves=null, mayFailOn=null, reachable=null, runOnAllSlaves=false, slaves=null, staggerSlaveStartup=true, useSmartClassLoading=true, validateCluster=true }
 INFO  [pool-1-thread-1] {org.radargun.stages.StartClusterStage}  Startup staggering, starting 12 slaves. This is the slave with index 8. Sleeping for 9000 millis.
 INFO  [pool-1-thread-1] {org.radargun.stages.StartClusterStage} Ack master's StartCluster stage. Local address is: /127.0.0.1. This slave's index is: 8
 INFO  [pool-1-thread-1] {org.radargun.utils.ClassLoadHelper} Creating newInstance org.radargun.cachewrappers.FFWrapper with classloader java.net.URLClassLoader@4797e7b
 INFO  [pool-1-thread-1] {org.radargun.cachewrappers.FFWrapper} config=ispn52-repl-sync-rc.xml, isLocal=false, nodeIndex=8, confAttributes={name=ispn52-repl-sync-rc.xml, decorate=infinispan52}
 INFO  [pool-1-thread-1] {org.radargun.cachewrappers.FFWrapper} Found fenix framework config options in 'rg-fenix-framework-config-options.properties'.
 INFO  [pool-1-thread-1] {org.radargun.cachewrappers.FFWrapper} Setting extra config properties for Fenix Framework.
 INFO  [pool-1-thread-1] {org.radargun.cachewrappers.FFWrapper} Will initialize Fenix Framework with RadarGunDataGridConfig
 TRACE [pool-1-thread-1] {pt.ist.fenixframework.FenixFramework} Static initializer block for FenixFramework class [BEGIN]
 INFO  [pool-1-thread-1] {pt.ist.fenixframework.FenixFramework} Trying auto-initialization with configuration by convention
 INFO  [pool-1-thread-1] {pt.ist.fenixframework.FenixFramework} Resource 'fenix-framework.properties' not found
 DEBUG [pool-1-thread-1] {pt.ist.fenixframework.FenixFramework} Fenix Framework properties after reading default config file:{}
 DEBUG [pool-1-thread-1] {pt.ist.fenixframework.FenixFramework} CurrentBackEndName = jvstm-datagrid
 INFO  [pool-1-thread-1] {pt.ist.fenixframework.FenixFramework} Resource 'fenix-framework-jvstm-datagrid.properties' not found
 DEBUG [pool-1-thread-1] {pt.ist.fenixframework.FenixFramework} Fenix Framework properties after reading backend config file:{}
 DEBUG [pool-1-thread-1] {pt.ist.fenixframework.FenixFramework} Fenix Framework properties after enforcing system properties:{}
 INFO  [pool-1-thread-1] {pt.ist.fenixframework.FenixFramework} Skipping configuration by convention.
 TRACE [pool-1-thread-1] {pt.ist.fenixframework.FenixFramework} Static initializer block for FenixFramework class [END]
 INFO  [pool-1-thread-1] {pt.ist.fenixframework.FenixFramework} Initializing Fenix Framework with config.class=pt.ist.fenixframework.backend.jvstm.datagrid.radargun.RadarGunDataGridConfig
 INFO  [pool-1-thread-1] {pt.ist.fenixframework.backend.jvstm.cluster.JvstmClusterBackEnd} initializeGroupCommunication()
 INFO  [pool-1-thread-1] {com.hazelcast.config.ClasspathXmlConfig} Configuring Hazelcast from 'hazelcast-ff.xml'.
 INFO  [pool-1-thread-1] {com.hazelcast.instance.DefaultAddressPicker} Interfaces is disabled, trying to pick one address from TCP-IP config addresses: [127.0.0.1]
 INFO  [pool-1-thread-1] {com.hazelcast.instance.DefaultAddressPicker} Picked Address[127.0.0.1]:5709, using socket ServerSocket[addr=/0.0.0.0,localport=5709], bind any local is true
 INFO  [pool-1-thread-1] {com.hazelcast.system} [127.0.0.1]:5709 [FenixFrameworkGroup] Hazelcast Community Edition 3.0.2 (20130906) starting at Address[127.0.0.1]:5709
 INFO  [pool-1-thread-1] {com.hazelcast.system} [127.0.0.1]:5709 [FenixFrameworkGroup] Copyright (C) 2008-2013 Hazelcast.com
 INFO  [pool-1-thread-1] {com.hazelcast.instance.Node} [127.0.0.1]:5709 [FenixFrameworkGroup] Creating MulticastJoiner
 INFO  [pool-1-thread-1] {com.hazelcast.core.LifecycleService} [127.0.0.1]:5709 [FenixFrameworkGroup] Address[127.0.0.1]:5709 is STARTING
 INFO  [pool-1-thread-1] {com.hazelcast.cluster.TcpIpJoiner} [127.0.0.1]:5709 [FenixFrameworkGroup] Connecting to possible member: Address[127.0.0.1]:5703
 INFO  [pool-1-thread-1] {com.hazelcast.cluster.TcpIpJoiner} [127.0.0.1]:5709 [FenixFrameworkGroup] Connecting to possible member: Address[127.0.0.1]:5702
 INFO  [pool-1-thread-1] {com.hazelcast.cluster.TcpIpJoiner} [127.0.0.1]:5709 [FenixFrameworkGroup] Connecting to possible member: Address[127.0.0.1]:5701
 INFO  [hz._hzInstance_1_FenixFrameworkGroup.cached.thread-1] {com.hazelcast.nio.SocketConnector} [127.0.0.1]:5709 [FenixFrameworkGroup] Connecting to /127.0.0.1:5701, timeout: 0, bind-any: true
 INFO  [hz._hzInstance_1_FenixFrameworkGroup.cached.thread-3] {com.hazelcast.nio.SocketConnector} [127.0.0.1]:5709 [FenixFrameworkGroup] Connecting to /127.0.0.1:5702, timeout: 0, bind-any: true
 INFO  [hz._hzInstance_1_FenixFrameworkGroup.cached.thread-2] {com.hazelcast.nio.SocketConnector} [127.0.0.1]:5709 [FenixFrameworkGroup] Connecting to /127.0.0.1:5703, timeout: 0, bind-any: true
 INFO  [hz._hzInstance_1_FenixFrameworkGroup.cached.thread-2] {com.hazelcast.nio.TcpIpConnectionManager} [127.0.0.1]:5709 [FenixFrameworkGroup] 52570 accepted socket connection from /127.0.0.1:5703
 INFO  [hz._hzInstance_1_FenixFrameworkGroup.cached.thread-3] {com.hazelcast.nio.TcpIpConnectionManager} [127.0.0.1]:5709 [FenixFrameworkGroup] 40171 accepted socket connection from /127.0.0.1:5702
 INFO  [hz._hzInstance_1_FenixFrameworkGroup.cached.thread-1] {com.hazelcast.nio.TcpIpConnectionManager} [127.0.0.1]:5709 [FenixFrameworkGroup] 47265 accepted socket connection from /127.0.0.1:5701
 INFO  [hz._hzInstance_1_FenixFrameworkGroup.cached.thread-2] {com.hazelcast.cluster.ClusterService} [127.0.0.1]:5709 [FenixFrameworkGroup] 

Members [12] {
	Member [127.0.0.1]:5701
	Member [127.0.0.1]:5702
	Member [127.0.0.1]:5704
	Member [127.0.0.1]:5705
	Member [127.0.0.1]:5706
	Member [127.0.0.1]:5703
	Member [127.0.0.1]:5707
	Member [127.0.0.1]:5708
	Member [127.0.0.1]:5709 this
	Member [127.0.0.1]:5710
	Member [127.0.0.1]:5711
	Member [127.0.0.1]:5712
}

 INFO  [hz._hzInstance_1_FenixFrameworkGroup.IO.thread-Acceptor] {com.hazelcast.nio.SocketAcceptor} [127.0.0.1]:5709 [FenixFrameworkGroup] Accepting socket connection from /127.0.0.1:56782
 INFO  [hz._hzInstance_1_FenixFrameworkGroup.IO.thread-Acceptor] {com.hazelcast.nio.TcpIpConnectionManager} [127.0.0.1]:5709 [FenixFrameworkGroup] 5709 accepted socket connection from /127.0.0.1:56782
 INFO  [hz._hzInstance_1_FenixFrameworkGroup.IO.thread-Acceptor] {com.hazelcast.nio.SocketAcceptor} [127.0.0.1]:5709 [FenixFrameworkGroup] Accepting socket connection from /127.0.0.1:36696
 INFO  [hz._hzInstance_1_FenixFrameworkGroup.IO.thread-Acceptor] {com.hazelcast.nio.TcpIpConnectionManager} [127.0.0.1]:5709 [FenixFrameworkGroup] 5709 accepted socket connection from /127.0.0.1:36696
 INFO  [hz._hzInstance_1_FenixFrameworkGroup.IO.thread-Acceptor] {com.hazelcast.nio.SocketAcceptor} [127.0.0.1]:5709 [FenixFrameworkGroup] Accepting socket connection from /127.0.0.1:35660
 INFO  [hz._hzInstance_1_FenixFrameworkGroup.IO.thread-Acceptor] {com.hazelcast.nio.TcpIpConnectionManager} [127.0.0.1]:5709 [FenixFrameworkGroup] 5709 accepted socket connection from /127.0.0.1:35660
 INFO  [hz._hzInstance_1_FenixFrameworkGroup.IO.thread-Acceptor] {com.hazelcast.nio.SocketAcceptor} [127.0.0.1]:5709 [FenixFrameworkGroup] Accepting socket connection from /127.0.0.1:51988
 INFO  [hz._hzInstance_1_FenixFrameworkGroup.IO.thread-Acceptor] {com.hazelcast.nio.TcpIpConnectionManager} [127.0.0.1]:5709 [FenixFrameworkGroup] 5709 accepted socket connection from /127.0.0.1:51988
 INFO  [hz._hzInstance_1_FenixFrameworkGroup.cached.thread-8] {com.hazelcast.nio.SocketConnector} [127.0.0.1]:5709 [FenixFrameworkGroup] Connecting to /127.0.0.1:5704, timeout: 0, bind-any: true
 INFO  [hz._hzInstance_1_FenixFrameworkGroup.cached.thread-8] {com.hazelcast.nio.TcpIpConnectionManager} [127.0.0.1]:5709 [FenixFrameworkGroup] 42822 accepted socket connection from /127.0.0.1:5704
 INFO  [hz._hzInstance_1_FenixFrameworkGroup.IO.thread-Acceptor] {com.hazelcast.nio.SocketAcceptor} [127.0.0.1]:5709 [FenixFrameworkGroup] Accepting socket connection from /127.0.0.1:51503
 INFO  [hz._hzInstance_1_FenixFrameworkGroup.IO.thread-Acceptor] {com.hazelcast.nio.TcpIpConnectionManager} [127.0.0.1]:5709 [FenixFrameworkGroup] 5709 accepted socket connection from /127.0.0.1:51503
 INFO  [hz._hzInstance_1_FenixFrameworkGroup.IO.thread-Acceptor] {com.hazelcast.nio.SocketAcceptor} [127.0.0.1]:5709 [FenixFrameworkGroup] Accepting socket connection from /127.0.0.1:44963
 INFO  [hz._hzInstance_1_FenixFrameworkGroup.cached.thread-8] {com.hazelcast.nio.SocketConnector} [127.0.0.1]:5709 [FenixFrameworkGroup] Connecting to /127.0.0.1:5708, timeout: 0, bind-any: true
 INFO  [hz._hzInstance_1_FenixFrameworkGroup.cached.thread-6] {com.hazelcast.nio.SocketConnector} [127.0.0.1]:5709 [FenixFrameworkGroup] Connecting to /127.0.0.1:5710, timeout: 0, bind-any: true
 INFO  [hz._hzInstance_1_FenixFrameworkGroup.IO.thread-Acceptor] {com.hazelcast.nio.TcpIpConnectionManager} [127.0.0.1]:5709 [FenixFrameworkGroup] 5709 accepted socket connection from /127.0.0.1:44963
 INFO  [hz._hzInstance_1_FenixFrameworkGroup.cached.thread-8] {com.hazelcast.nio.TcpIpConnectionManager} [127.0.0.1]:5709 [FenixFrameworkGroup] 48374 accepted socket connection from /127.0.0.1:5708
 INFO  [hz._hzInstance_1_FenixFrameworkGroup.IO.thread-Acceptor] {com.hazelcast.nio.SocketAcceptor} [127.0.0.1]:5709 [FenixFrameworkGroup] Accepting socket connection from /127.0.0.1:43034
 INFO  [hz._hzInstance_1_FenixFrameworkGroup.cached.thread-6] {com.hazelcast.nio.TcpIpConnectionManager} [127.0.0.1]:5709 [FenixFrameworkGroup] 42994 accepted socket connection from /127.0.0.1:5710
 INFO  [hz._hzInstance_1_FenixFrameworkGroup.cached.thread-8] {com.hazelcast.nio.SocketConnector} [127.0.0.1]:5709 [FenixFrameworkGroup] Connecting to /127.0.0.1:5711, timeout: 0, bind-any: true
 INFO  [hz._hzInstance_1_FenixFrameworkGroup.cached.thread-8] {com.hazelcast.nio.TcpIpConnectionManager} [127.0.0.1]:5709 [FenixFrameworkGroup] 47970 accepted socket connection from /127.0.0.1:5711
 INFO  [hz._hzInstance_1_FenixFrameworkGroup.IO.thread-Acceptor] {com.hazelcast.nio.TcpIpConnectionManager} [127.0.0.1]:5709 [FenixFrameworkGroup] 5709 accepted socket connection from /127.0.0.1:43034
 INFO  [hz._hzInstance_1_FenixFrameworkGroup.IO.thread-Acceptor] {com.hazelcast.nio.SocketAcceptor} [127.0.0.1]:5709 [FenixFrameworkGroup] Accepting socket connection from /127.0.0.1:53766
 INFO  [hz._hzInstance_1_FenixFrameworkGroup.IO.thread-Acceptor] {com.hazelcast.nio.TcpIpConnectionManager} [127.0.0.1]:5709 [FenixFrameworkGroup] 5709 accepted socket connection from /127.0.0.1:53766
 INFO  [pool-1-thread-1] {com.hazelcast.core.LifecycleService} [127.0.0.1]:5709 [FenixFrameworkGroup] Address[127.0.0.1]:5709 is STARTED
 INFO  [pool-1-thread-1] {pt.ist.fenixframework.backend.jvstm.cluster.ClusterUtils} Got (long) serverId: 7
 INFO  [pool-1-thread-1] {pt.ist.fenixframework.backend.jvstm.cluster.JvstmClusterBackEnd} This is NOT the first node.
 INFO  [pool-1-thread-1] {pt.ist.fenixframework.backend.jvstm.cluster.ClusterUtils} Waiting for startup from first node
 INFO  [pool-1-thread-1] {pt.ist.fenixframework.backend.jvstm.JVSTMBackEnd} initializeRepository()
 INFO  [pool-1-thread-1] {pt.ist.fenixframework.backend.jvstm.datagrid.radargun.DataGridDecorator} config=ispn52-repl-sync-rc.xml, isLocal=false, nodeIndex=8, confAttributes={name=ispn52-repl-sync-rc.xml}
 INFO  [pool-1-thread-1] {org.radargun.cachewrappers.InfinispanXSWrapper} Cannot find any site for slave index 8
 INFO  [pool-1-thread-1] {org.infinispan.remoting.transport.jgroups.JGroupsTransport} ISPN000078: Starting JGroups Channel
 WARN  [pool-1-thread-1] {org.jgroups.protocols.UDP} [JGRP00014] the send buffer of socket DatagramSocket was set to 640KB, but the OS only allocated 229.38KB. This might lead to performance problems. Please set your max send buffer in the OS correctly (e.g. net.core.wmem_max on Linux)
 WARN  [pool-1-thread-1] {org.jgroups.protocols.UDP} [JGRP00014] the receive buffer of socket DatagramSocket was set to 20MB, but the OS only allocated 229.38KB. This might lead to performance problems. Please set your max receive buffer in the OS correctly (e.g. net.core.rmem_max on Linux)
 WARN  [pool-1-thread-1] {org.jgroups.protocols.UDP} [JGRP00014] the send buffer of socket MulticastSocket was set to 640KB, but the OS only allocated 229.38KB. This might lead to performance problems. Please set your max send buffer in the OS correctly (e.g. net.core.wmem_max on Linux)
 WARN  [pool-1-thread-1] {org.jgroups.protocols.UDP} [JGRP00014] the receive buffer of socket MulticastSocket was set to 25MB, but the OS only allocated 229.38KB. This might lead to performance problems. Please set your max receive buffer in the OS correctly (e.g. net.core.rmem_max on Linux)
[GC 259695K->17820K(2944064K), 0.0533450 secs]
 INFO  [pool-1-thread-1] {org.infinispan.remoting.transport.jgroups.JGroupsTransport} ISPN000094: Received new cluster view: [deimos-esw-37579|6] [deimos-esw-37579, deimos-esw-25077, deimos-esw-21025, deimos-esw-27454, deimos-esw-58841, deimos-esw-10669, deimos-esw-58984, deimos-esw-38548, deimos-esw-45206, deimos-esw-9499]
 INFO  [pool-1-thread-1] {org.infinispan.remoting.transport.jgroups.JGroupsTransport} ISPN000079: Cache local address is deimos-esw-45206, physical addresses are [127.0.0.1:52008]
 INFO  [pool-1-thread-1] {org.infinispan.factories.GlobalComponentRegistry} ISPN000128: Infinispan version: Infinispan 'Delirium' 5.2.6.Final
 INFO  [Incoming-4,deimos-esw-45206] {org.infinispan.remoting.transport.jgroups.JGroupsTransport} ISPN000094: Received new cluster view: [deimos-esw-37579|7] [deimos-esw-37579, deimos-esw-25077, deimos-esw-21025, deimos-esw-27454, deimos-esw-58841, deimos-esw-10669, deimos-esw-58984, deimos-esw-38548, deimos-esw-45206, deimos-esw-9499, deimos-esw-55659, deimos-esw-309]
 INFO  [pool-1-thread-1] {org.infinispan.transaction.lookup.JBossStandaloneJTAManagerLookup} ISPN000107: Retrieving transaction manager Transaction: unknown
 INFO  [pool-1-thread-1] {org.infinispan.jmx.CacheJmxRegistration} ISPN000031: MBeans were successfully registered to the platform MBean server.
 INFO  [pool-1-thread-1] {org.radargun.cachewrappers.InfinispanXSWrapper} Using transaction manager: Transaction: unknown
 INFO  [pool-1-thread-1] {org.radargun.cachewrappers.InfinispanXSWrapper} No RELAY2 protocol in XS wrapper
 INFO  [pool-1-thread-1] {org.radargun.cachewrappers.InfinispanXSWrapper} JGroups version: JGroups 3.2.7.Final
 INFO  [pool-1-thread-1] {org.radargun.cachewrappers.InfinispanXSWrapper} Using config attributes: {name=ispn52-repl-sync-rc.xml}
 INFO  [pool-1-thread-1] {pt.ist.fenixframework.backend.jvstm.datagrid.DataGridRepository} Initialization marker is present. Data Grid already existed.
 INFO  [pool-1-thread-1] {pt.ist.fenixframework.backend.jvstm.JVSTMBackEnd} initializeDomainClassInfos
 INFO  [pool-1-thread-1] {pt.ist.fenixframework.backend.jvstm.pstm.DomainClassInfo} serverId: 7, serverOidBase: 7000000000000
 INFO  [pool-1-thread-1] {pt.ist.fenixframework.backend.jvstm.pstm.DomainClassInfo} Existing domain class 'pt.ist.fenixframework.adt.linkedlist.LinkedList' with id '9'
 INFO  [pool-1-thread-1] {pt.ist.fenixframework.backend.jvstm.pstm.DomainClassInfo} Existing domain class 'pt.ist.fenixframework.adt.bplustree.DomainLeafNode' with id '1'
 INFO  [pool-1-thread-1] {pt.ist.fenixframework.backend.jvstm.pstm.DomainClassInfo} Existing domain class 'pt.ist.fenixframework.adt.bplustree.DomainInnerNode' with id '3'
 INFO  [pool-1-thread-1] {pt.ist.fenixframework.backend.jvstm.pstm.DomainClassInfo} Existing domain class 'pt.ist.fenixframework.backend.jvstm.pstm.FenixFrameworkData' with id 'd'
 INFO  [pool-1-thread-1] {pt.ist.fenixframework.backend.jvstm.pstm.DomainClassInfo} Existing domain class 'pt.ist.fenixframework.adt.bplustree.AbstractNode' with id 'f'
 INFO  [pool-1-thread-1] {pt.ist.fenixframework.backend.jvstm.pstm.DomainClassInfo} Existing domain class 'pt.ist.fenixframework.adt.linkedlist.ListNode' with id '6'
 INFO  [pool-1-thread-1] {pt.ist.fenixframework.backend.jvstm.pstm.DomainClassInfo} Existing domain class 'pt.ist.fenixframework.backend.jvstm.pstm.TransactionStatisticsEntry' with id '5'
 INFO  [pool-1-thread-1] {pt.ist.fenixframework.backend.jvstm.pstm.DomainClassInfo} Existing domain class 'pt.ist.fenixframework.adt.bplustree.DomainBPlusTree' with id 'e'
 INFO  [pool-1-thread-1] {pt.ist.fenixframework.backend.jvstm.pstm.DomainClassInfo} Existing domain class 'pt.ist.fenixframework.adt.bplustree.LeafNode' with id '4'
 INFO  [pool-1-thread-1] {pt.ist.fenixframework.backend.jvstm.pstm.DomainClassInfo} Existing domain class 'pt.ist.fenixframework.adt.bplustree.BPlusTreeArray' with id '2'
 INFO  [pool-1-thread-1] {pt.ist.fenixframework.backend.jvstm.pstm.DomainClassInfo} Existing domain class 'pt.ist.fenixframework.adt.bplustree.BPlusTree' with id '7'
 INFO  [pool-1-thread-1] {pt.ist.fenixframework.backend.jvstm.pstm.DomainClassInfo} Existing domain class 'pt.ist.fenixframework.adt.bplustree.InnerNode' with id '8'
 INFO  [pool-1-thread-1] {pt.ist.fenixframework.backend.jvstm.pstm.DomainClassInfo} Existing domain class 'pt.ist.fenixframework.adt.bplustree.LeafNodeArray' with id 'c'
 INFO  [pool-1-thread-1] {pt.ist.fenixframework.backend.jvstm.pstm.DomainClassInfo} Existing domain class 'pt.ist.fenixframework.adt.bplustree.InnerNodeArray' with id 'b'
 INFO  [pool-1-thread-1] {pt.ist.fenixframework.backend.jvstm.pstm.DomainClassInfo} Existing domain class 'pt.ist.fenixframework.DomainRoot' with id '0'
 INFO  [pool-1-thread-1] {pt.ist.fenixframework.backend.jvstm.pstm.DomainClassInfo} Existing domain class 'pt.ist.fenixframework.adt.bplustree.AbstractNodeArray' with id 'a'
 INFO  [pool-1-thread-1] {pt.ist.fenixframework.backend.jvstm.JVSTMBackEnd} setupJVSTM
 INFO  [pool-1-thread-1] {pt.ist.fenixframework.backend.jvstm.JVSTMBackEnd} Setting the last committed TX number to 2
 INFO  [pool-1-thread-1] {pt.ist.fenixframework.backend.jvstm.JVSTMBackEnd} createDomainRootIfNeeded
 INFO  [pool-1-thread-1] {pt.ist.fenixframework.backend.jvstm.JVSTMBackEnd} ensureFenixFrameworkDataExists
 INFO  [pool-1-thread-1] {pt.ist.fenixframework.hibernatesearch.HibernateSearchConfig} Resource 'fenix-framework-hibernate-search.properties' not found. Hibernate Search disabled
 INFO  [pool-1-thread-1] {pt.ist.fenixframework.FenixFramework} Initialization of Fenix Framework is now complete.
 INFO  [pool-1-thread-1] {org.radargun.cachewrappers.FFWrapper} FF STARTED=true
 INFO  [pool-1-thread-1] {org.radargun.stages.helpers.StartHelper} Number of members is the one expected: 12
 INFO  [pool-1-thread-1] {org.radargun.stages.StartClusterStage} Successfully started cache wrapper on slave 8: org.radargun.cachewrappers.FFWrapper@73e87c50
 INFO  [pool-1-thread-1] {org.radargun.Slave} Finished stage: StartCluster {config=ispn52-repl-sync-rc.xml, delayAfterFirstSlaveStarts=5.000 secs, delayBetweenStartingSlaves=0.500 secs, exitBenchmarkOnSlaveFailure=true, expectNumSlaves=null, mayFailOn=null, reachable=null, runOnAllSlaves=false, slaves=null, staggerSlaveStartup=true, useSmartClassLoading=true, validateCluster=true }
 INFO  [main] {org.radargun.Slave} Ack successfully sent to the master
 INFO  [pool-1-thread-1] {org.radargun.Slave} Executing stage: ClusterValidation {exitBenchmarkOnSlaveFailure=false, partialReplication=false, replicationTimeSleep=2000, replicationTryCount=60, runOnAllSlaves=false, slaves=null, useSmartClassLoading=true }
 INFO  [pool-1-thread-1] {org.radargun.stages.ClusterValidationStage} Number of caches that replicated here is 4
 INFO  [pool-1-thread-1] {org.radargun.stages.ClusterValidationStage} Replication test failed, 1 tries so far. Sleeping for 2 seconds and trying again.
 INFO  [pool-1-thread-1] {org.radargun.stages.ClusterValidationStage} Number of caches that replicated here is 11
 INFO  [pool-1-thread-1] {org.radargun.stages.ClusterValidationStage} Replication test successfully passed. partialReplication? false, replicationCount = 11
 INFO  [pool-1-thread-1] {org.radargun.stages.ClusterValidationStage} Confirm phase successful.
 INFO  [pool-1-thread-1] {org.radargun.Slave} Finished stage: ClusterValidation {exitBenchmarkOnSlaveFailure=false, partialReplication=false, replicationTimeSleep=2000, replicationTryCount=60, runOnAllSlaves=false, slaves=[ 0, 1, 2, 3, 4, 5, 6, 7, 8, 9, 10, 11 ], useSmartClassLoading=true }
 INFO  [main] {org.radargun.Slave} Ack successfully sent to the master
 INFO  [pool-1-thread-1] {org.radargun.Slave} Executing stage: StressTestWarmup {bulkSize=1, cacheSpecificKeyGenerator=false, commitTransactions=true, duration=1 mins 0 secs, entrySize=1000, exitBenchmarkOnSlaveFailure=false, fixedKeys=true, generateHistogramRange=false, keyGeneratorClass=org.radargun.stressors.StringKeyGenerator, keyGeneratorParam=null, loadAllKeys=false, numEntries=100, numOfThreads=4, numRequests=10000, numThreads=4, numberOfAttributes=100, numberOfRequests=10000, opsCountStatusLog=100000, poolKeys=true, preferAsyncOperations=false, removePercentage=0, replaceInvalidPercentage=40, runOnAllSlaves=false, sharedKeys=false, sizeOfAnAttribute=1000, slaves=null, transactionSize=50, useAtomics=false, useHistogramStatistics=false, useSimpleStatistics=true, useSmartClassLoading=true, useTransactions=null, writePercentage=20, writeTxPercentage=20 }
 INFO  [pool-1-thread-1] {org.radargun.stages.StressTestWarmupStage} Starting StressTestWarmupStage: StressTestWarmup {bulkSize=1, cacheSpecificKeyGenerator=false, commitTransactions=true, duration=1 mins 0 secs, entrySize=1000, exitBenchmarkOnSlaveFailure=false, fixedKeys=true, generateHistogramRange=false, keyGeneratorClass=org.radargun.stressors.StringKeyGenerator, keyGeneratorParam=null, loadAllKeys=false, numEntries=100, numOfThreads=4, numRequests=10000, numThreads=4, numberOfAttributes=100, numberOfRequests=10000, opsCountStatusLog=100000, poolKeys=true, preferAsyncOperations=false, removePercentage=0, replaceInvalidPercentage=40, runOnAllSlaves=false, sharedKeys=false, sizeOfAnAttribute=1000, slaves=null, transactionSize=50, useAtomics=false, useHistogramStatistics=false, useSimpleStatistics=true, useSmartClassLoading=true, useTransactions=null, writePercentage=20, writeTxPercentage=20 }
 INFO  [pool-1-thread-1] {org.radargun.stressors.StressTestStressor} Using key generator org.radargun.stressors.StringKeyGenerator, param null
 INFO  [pool-1-thread-1] {org.radargun.stressors.StressTestStressor} Executing: StressTestStressor{opsCountStatusLog=100000, numRequests=10000, numEntries=100, entrySize=1000, writePercentage=20, numThreads=4, cacheWrapper=org.radargun.cachewrappers.FFWrapper@73e87c50, nodeIndex=8, useTransactions=true, transactionSize=50, commitTransactions=true, durationMillis=60000}
 INFO  [pool-1-thread-1] {org.radargun.stressors.StressTestStressor} Cache wrapper info is: FFWrapper using infinispan52
[GC 273884K->17278K(2944064K), 0.0525770 secs]
[GC 273342K->17390K(2944064K), 0.0367510 secs]
[GC 273454K->22688K(2944064K), 0.0358820 secs]
 INFO  [pool-1-thread-1] {org.radargun.stressors.StressTestStressor} Started 4 stressor threads.
 INFO  [Stressor-0] {org.radargun.stressors.StressTestStressor} Number of ops executed so far: 1. Elapsed time: 0.001 secs. Remaining: 59.999 secs. Total: 1 mins 0 secs
[GC 278752K->21880K(2944064K), 0.0392740 secs]
[GC 277944K->26684K(2944064K), 0.0403830 secs]
[GC 282748K->25717K(2944064K), 0.0397280 secs]
[GC 281781K->29758K(2944064K), 0.0427660 secs]
[GC 285822K->34931K(2944064K), 0.0445210 secs]
[GC 290995K->40776K(2944064K), 0.0432780 secs]
 INFO  [Stressor-3] {org.radargun.stressors.StressTestStressor} Number of ops executed so far: 14900. Elapsed time: 20.136 secs. Remaining: 39.864 secs. Total: 1 mins 0 secs
[GC 296840K->54684K(2944064K), 0.0497670 secs]
[GC 310748K->62368K(2944064K), 0.0486100 secs]
[GC 318432K->51124K(2944064K), 0.0485070 secs]
[GC 307188K->54178K(2944064K), 0.0491770 secs]
[GC 310242K->56692K(2944064K), 0.0480980 secs]
 INFO  [Stressor-2] {org.radargun.stressors.StressTestStressor} Number of ops executed so far: 35400. Elapsed time: 40.157 secs. Remaining: 19.843 secs. Total: 1 mins 0 secs
[GC 312756K->68744K(2944064K), 0.0737540 secs]
[GC 324808K->78946K(2944064K), 0.0504460 secs]
[GC 335010K->67169K(2944064K), 0.0496650 secs]
[GC 323233K->76430K(2944064K), 0.0508360 secs]
[GC 332494K->78400K(2944064K), 0.0480770 secs]
[GC 334464K->84604K(2944064K), 0.0520130 secs]
 INFO  [pool-1-thread-1] {org.radargun.stressors.StressTestStressor} Finished generating report. Test duration is: 1 mins 17 secs
 INFO  [pool-1-thread-1] {org.radargun.stages.StressTestWarmupStage} The warmup took: 77 seconds.
 INFO  [pool-1-thread-1] {org.radargun.Slave} Finished stage: StressTestWarmup {bulkSize=1, cacheSpecificKeyGenerator=false, commitTransactions=true, duration=1 mins 0 secs, entrySize=1000, exitBenchmarkOnSlaveFailure=false, fixedKeys=true, generateHistogramRange=false, keyGeneratorClass=org.radargun.stressors.StringKeyGenerator, keyGeneratorParam=null, loadAllKeys=false, numEntries=100, numOfThreads=4, numRequests=10000, numThreads=4, numberOfAttributes=100, numberOfRequests=10000, opsCountStatusLog=100000, poolKeys=true, preferAsyncOperations=false, removePercentage=0, replaceInvalidPercentage=40, runOnAllSlaves=false, sharedKeys=false, sizeOfAnAttribute=1000, slaves=null, transactionSize=50, useAtomics=false, useHistogramStatistics=false, useSimpleStatistics=true, useSmartClassLoading=true, useTransactions=null, writePercentage=20, writeTxPercentage=20 }
 INFO  [main] {org.radargun.Slave} Ack successfully sent to the master
[GC 340668K->96512K(2944064K), 0.0513810 secs]
[GC 352576K->102309K(2944064K), 0.0474650 secs]
[GC 358373K->104029K(2944064K), 0.0496690 secs]
[GC 360093K->104746K(2944064K), 0.0479690 secs]
[GC 360810K->105018K(2944064K), 0.0489380 secs]
[GC 361082K->82489K(2944064K), 0.0490730 secs]
[GC 338553K->95547K(2944064K), 0.0511340 secs]
[GC 351611K->91252K(2944064K), 0.0457560 secs]
[GC 347316K->95396K(2944064K), 0.0476940 secs]
[GC 351460K->96357K(2944064K), 0.0465620 secs]
[GC 352421K->99016K(2944064K), 0.0479230 secs]
[GC 355080K->103117K(2944064K), 0.0470490 secs]
[GC 359181K->107287K(2944064K), 0.0481000 secs]
[GC 363342K->111122K(2944064K), 0.0506260 secs]
[GC 367166K->114351K(2944064K), 0.0485650 secs]
[GC 370415K->116154K(2944064K), 0.0486780 secs]
[GC 372218K->119984K(2944064K), 0.0503520 secs]
[GC 376048K->136809K(2944064K), 0.0525470 secs]
[GC 392855K->145004K(2944064K), 0.0535840 secs]
[GC 401068K->157156K(2944064K), 0.0619850 secs]
 INFO  [pool-1-thread-1] {org.radargun.Slave} Executing stage: ClearClusterStage {ClearCluster {exitBenchmarkOnSlaveFailure=false, runOnAllSlaves=false, slaves=[ 0 ], useSmartClassLoading=true }
 INFO  [pool-1-thread-1] {org.radargun.stages.ClearClusterStage} Before executing clear, memory looks like this: Memory - free: 2,665,227 kb - max:4,906,688 kb- total:2,944,064 kb
[Full GC 278836K->133850K(2944064K), 0.7070060 secs]
 INFO  [pool-1-thread-1] {org.radargun.stages.ClearClusterStage} After executing cleanup, memory looks like this: Memory - free: 2,809,052 kb - max:4,906,688 kb- total:2,944,192 kb
 INFO  [pool-1-thread-1] {org.radargun.Slave} Finished stage: ClearClusterStage {ClearCluster {exitBenchmarkOnSlaveFailure=false, runOnAllSlaves=false, slaves=[ 0 ], useSmartClassLoading=true }
 INFO  [main] {org.radargun.Slave} Ack successfully sent to the master
 INFO  [pool-1-thread-1] {org.radargun.Slave} Executing stage: StressTest {bulkSize=1, cacheSpecificKeyGenerator=false, commitTransactions=true, duration=1 mins 0 secs, entrySize=1000, exitBenchmarkOnSlaveFailure=false, fixedKeys=true, generateHistogramRange=false, keyGeneratorClass=org.radargun.stressors.StringKeyGenerator, keyGeneratorParam=null, loadAllKeys=false, numEntries=10000, numOfThreads=4, numRequests=10000000, numThreads=4, numberOfAttributes=10000, numberOfRequests=10000000, opsCountStatusLog=500000, poolKeys=true, preferAsyncOperations=false, removePercentage=0, replaceInvalidPercentage=40, runOnAllSlaves=false, sharedKeys=false, sizeOfAnAttribute=1000, slaves=null, transactionSize=10000, useAtomics=false, useHistogramStatistics=false, useSimpleStatistics=true, useSmartClassLoading=true, useTransactions=true, writePercentage=0, writeTxPercentage=0 }
 INFO  [pool-1-thread-1] {org.radargun.stages.StressTestStage} Starting StressTestStage: StressTest {bulkSize=1, cacheSpecificKeyGenerator=false, commitTransactions=true, duration=1 mins 0 secs, entrySize=1000, exitBenchmarkOnSlaveFailure=false, fixedKeys=true, generateHistogramRange=false, keyGeneratorClass=org.radargun.stressors.StringKeyGenerator, keyGeneratorParam=null, loadAllKeys=false, numEntries=10000, numOfThreads=4, numRequests=10000000, numThreads=4, numberOfAttributes=10000, numberOfRequests=10000000, opsCountStatusLog=500000, poolKeys=true, preferAsyncOperations=false, removePercentage=0, replaceInvalidPercentage=40, runOnAllSlaves=false, sharedKeys=false, sizeOfAnAttribute=1000, slaves=null, transactionSize=10000, useAtomics=false, useHistogramStatistics=false, useSimpleStatistics=true, useSmartClassLoading=true, useTransactions=true, writePercentage=0, writeTxPercentage=0 }
 INFO  [pool-1-thread-1] {org.radargun.stressors.StressTestStressor} Using key generator org.radargun.stressors.StringKeyGenerator, param null
 INFO  [pool-1-thread-1] {org.radargun.stressors.StressTestStressor} Executing: StressTestStressor{opsCountStatusLog=500000, numRequests=10000000, numEntries=10000, entrySize=1000, writePercentage=0, numThreads=4, cacheWrapper=org.radargun.cachewrappers.FFWrapper@73e87c50, nodeIndex=8, useTransactions=true, transactionSize=10000, commitTransactions=true, durationMillis=60000}
 INFO  [pool-1-thread-1] {org.radargun.stressors.StressTestStressor} Cache wrapper info is: FFWrapper using infinispan52
[GC 389978K->200406K(2944192K), 0.0323920 secs]
[GC 456534K->150933K(2944192K), 0.0305050 secs]
[GC 407061K->140339K(2944192K), 0.0301400 secs]
[GC 396467K->142577K(2944192K), 0.0309370 secs]
[GC 398705K->144453K(2944192K), 0.0327670 secs]
[GC 400581K->146504K(2944192K), 0.0315550 secs]
[GC 402632K->148734K(2944192K), 0.0333820 secs]
[GC 404862K->151336K(2944192K), 0.0379560 secs]
[GC 407464K->153469K(2944192K), 0.0384360 secs]
[GC 409597K->155572K(2944192K), 0.0351590 secs]
[GC 411700K->157766K(2944192K), 0.0373510 secs]
[GC 413894K->160137K(2944192K), 0.0354200 secs]
[GC 416265K->163074K(2944192K), 0.0374210 secs]
[GC 419202K->165706K(2944192K), 0.0407870 secs]
[GC 421834K->168130K(2944192K), 0.0454650 secs]
[GC 424258K->173006K(2944192K), 0.0628470 secs]
[GC 429134K->163524K(2944192K), 0.0421590 secs]
[GC 419652K->167421K(2944192K), 0.0379950 secs]
[GC 423549K->164806K(2944192K), 0.0363140 secs]
[GC 420934K->166464K(2944192K), 0.0381750 secs]
[GC 422592K->173368K(2944192K), 0.0375220 secs]
[GC 429496K->169675K(2944192K), 0.0422980 secs]
[GC 425803K->177205K(2944192K), 0.0460930 secs]
[GC 433333K->178809K(2944192K), 0.0389610 secs]
[GC 434937K->174894K(2944192K), 0.0394340 secs]
[GC 431022K->176446K(2944192K), 0.0466870 secs]
[GC 432574K->183408K(2944192K), 0.0420380 secs]
[GC 439536K->179414K(2944192K), 0.0381270 secs]
[GC 435542K->186138K(2944192K), 0.0414060 secs]
[GC 442266K->187383K(2944192K), 0.0408600 secs]
[GC 443511K->188221K(2944192K), 0.0490220 secs]
[GC 444349K->189508K(2944192K), 0.0465500 secs]
[GC 445636K->185959K(2944192K), 0.0429390 secs]
[GC 442087K->187609K(2944192K), 0.0394460 secs]
[GC 443737K->189112K(2944192K), 0.0493900 secs]
[GC 445237K->190607K(2944192K), 0.0404720 secs]
[GC 446735K->196426K(2944192K), 0.0406780 secs]
[GC 452554K->192277K(2944192K), 0.0386790 secs]
[GC 448405K->199079K(2944192K), 0.0366020 secs]
[GC 455207K->195062K(2944192K), 0.0370590 secs]
[GC 451190K->196403K(2944192K), 0.0392180 secs]
[GC 452531K->203381K(2944192K), 0.0379680 secs]
[GC 459509K->205362K(2944192K), 0.0436000 secs]
[GC 461490K->201143K(2944192K), 0.0425030 secs]
[GC 457271K->207647K(2944192K), 0.0395540 secs]
[GC 463775K->207390K(2944192K), 0.0396240 secs]
[GC 463518K->208473K(2944192K), 0.0391970 secs]
[GC 464601K->210340K(2944192K), 0.0428100 secs]
[GC 466468K->211838K(2944192K), 0.0420870 secs]
[GC 467966K->213851K(2944192K), 0.0431190 secs]
[GC 469979K->215077K(2944192K), 0.0383120 secs]
[GC 471205K->216300K(2944192K), 0.0478490 secs]
[GC 472428K->218128K(2944192K), 0.0382390 secs]
[GC 474256K->219702K(2944192K), 0.0387410 secs]
[GC 475830K->220941K(2944192K), 0.0400380 secs]
[GC 477069K->221167K(2944192K), 0.0421150 secs]
[GC 477295K->222473K(2944192K), 0.0430700 secs]
[GC 478601K->218876K(2944192K), 0.0486390 secs]
[GC 475004K->231647K(2944192K), 0.0436920 secs]
[GC 487775K->234292K(2944192K), 0.0400010 secs]
[GC 490420K->237825K(2944192K), 0.0419150 secs]
[GC 493953K->234708K(2944192K), 0.0433340 secs]
[GC 490836K->244373K(2944192K), 0.0421290 secs]
[GC 500501K->247801K(2944192K), 0.0473040 secs]
[GC 503929K->244173K(2944192K), 0.0449770 secs]
[GC 500301K->246120K(2944192K), 0.0537420 secs]
[GC 502248K->249049K(2944192K), 0.0449870 secs]
[GC 505177K->252286K(2944192K), 0.0459280 secs]
[GC 508414K->255570K(2944192K), 0.0501740 secs]
[GC 511698K->259034K(2944192K), 0.0435740 secs]
[GC 515162K->262872K(2944192K), 0.0549010 secs]
[GC 519000K->276090K(2944192K), 0.0484430 secs]
[GC 532218K->280704K(2944192K), 0.0548130 secs]
[GC 536832K->271046K(2944192K), 0.0530530 secs]
[GC 527174K->273882K(2944192K), 0.0540710 secs]
[GC 530010K->281848K(2944192K), 0.0586470 secs]
[GC 537976K->286126K(2944192K), 0.0510940 secs]
[GC 542254K->289960K(2944192K), 0.0572840 secs]
[GC 546088K->294266K(2944192K), 0.0508570 secs]
[GC 550394K->296960K(2944192K), 0.0476860 secs]
[GC 553088K->312605K(2944192K), 0.0832290 secs]
[GC 568733K->300873K(2944192K), 0.0553200 secs]
[GC 557001K->302854K(2944192K), 0.0535940 secs]
[GC 558982K->311437K(2944192K), 0.0570530 secs]
[GC 567565K->316946K(2944192K), 0.0528110 secs]
[GC 573074K->321454K(2944192K), 0.0561020 secs]
[GC 577582K->313964K(2944192K), 0.0512750 secs]
[GC 570092K->313305K(2944192K), 0.0530460 secs]
[GC 569433K->322981K(2944192K), 0.0571040 secs]
[GC 579109K->328458K(2944192K), 0.0580500 secs]
[GC 584586K->334204K(2944192K), 0.0569490 secs]
[GC 590332K->339971K(2944192K), 0.0662640 secs]
[GC 596099K->344039K(2944192K), 0.0679440 secs]
[GC 600167K->348240K(2944192K), 0.0610830 secs]
[GC 604368K->352444K(2944192K), 0.0607450 secs]
[GC 608572K->329623K(2944192K), 0.0573150 secs]
[GC 585751K->341730K(2944192K), 0.0512130 secs]
[GC 597858K->350221K(2944192K), 0.0548560 secs]
[GC 606349K->356032K(2944192K), 0.0558900 secs]
[GC 612160K->360917K(2944192K), 0.0572080 secs]
[GC 617045K->366563K(2944192K), 0.0554260 secs]
[GC 622691K->372212K(2944192K), 0.0658660 secs]
[GC 628340K->376611K(2944192K), 0.0696200 secs]
[GC 632739K->380164K(2944192K), 0.0593640 secs]
[GC 636292K->369356K(2944192K), 0.0564720 secs]
[GC 625484K->363679K(2944192K), 0.0568230 secs]
[GC 619807K->364924K(2944192K), 0.0583710 secs]
[GC 621052K->380815K(2944192K), 0.0501310 secs]
[GC 636943K->398586K(2944192K), 0.0521980 secs]
[GC 654714K->385603K(2944192K), 0.0562730 secs]
 INFO  [pool-1-thread-1] {org.radargun.stressors.StressTestStressor} Started 4 stressor threads.
 INFO  [Stressor-2] {org.radargun.stressors.StressTestStressor} Number of ops executed so far: 1. Elapsed time: 0.000 secs. Remaining: 1 mins 0 secs. Total: 1 mins 0 secs
[GC 641731K->400993K(2944192K), 0.0550350 secs]
[GC 657121K->384863K(2944192K), 0.0567600 secs]
[GC 640991K->386580K(2944192K), 0.0586960 secs]
[GC 642708K->386727K(2944192K), 0.0520840 secs]
[GC 642855K->386016K(2944192K), 0.0499310 secs]
[GC 642144K->375444K(2944192K), 0.0468350 secs]
[GC 631572K->375412K(2944192K), 0.0447830 secs]
[GC 631540K->375412K(2944192K), 0.0428520 secs]
[GC 631540K->382972K(2944192K), 0.0399840 secs]
[GC 639097K->382708K(2944192K), 0.0410630 secs]
[GC 638836K->382129K(2944192K), 0.0380840 secs]
[GC 638257K->381831K(2944192K), 0.0371340 secs]
[GC 637959K->376791K(2944192K), 0.0354550 secs]
[GC 632919K->376968K(2944192K), 0.0369300 secs]
[GC 633096K->377276K(2944192K), 0.0359410 secs]
[GC 633404K->373897K(2944192K), 0.0343880 secs]
[GC 630025K->374326K(2944192K), 0.0262100 secs]
[GC 630454K->375084K(2944192K), 0.0269880 secs]
[GC 631212K->375854K(2944192K), 0.0289300 secs]
[GC 631982K->374912K(2944192K), 0.0273790 secs]
[GC 631040K->375048K(2944192K), 0.0264860 secs]
 INFO  [Stressor-3] {org.radargun.stressors.StressTestStressor} Number of ops executed so far: 14959630. Elapsed time: 20.000 secs. Remaining: 40.000 secs. Total: 1 mins 0 secs
[GC 631176K->376244K(2944192K), 0.0269800 secs]
[GC 632372K->374953K(2944192K), 0.0289040 secs]
[GC 631081K->376974K(2944192K), 0.0282340 secs]
[GC 633102K->375799K(2944192K), 0.0301350 secs]
[GC 631927K->377749K(2944192K), 0.0282670 secs]
[GC 633877K->376110K(2944192K), 0.0275680 secs]
[GC 632238K->378242K(2944192K), 0.0269530 secs]
[GC 634370K->377622K(2944192K), 0.0286070 secs]
[GC 633750K->377509K(2944192K), 0.0293410 secs]
[GC 633637K->377973K(2944192K), 0.0307610 secs]
[GC 634101K->377050K(2944192K), 0.0297220 secs]
[GC 633178K->376872K(2944192K), 0.0276270 secs]
[GC 633000K->377931K(2944192K), 0.0266860 secs]
[GC 634059K->378410K(2944192K), 0.0265330 secs]
[GC 634538K->378810K(2944192K), 0.0305490 secs]
[GC 634938K->378921K(2944192K), 0.0270530 secs]
[GC 635049K->377909K(2944192K), 0.0266510 secs]
[GC 634037K->379064K(2944192K), 0.0288100 secs]
[GC 635192K->379468K(2944192K), 0.0286480 secs]
[GC 635596K->378684K(2944192K), 0.0270130 secs]
[GC 634812K->379951K(2944192K), 0.0275660 secs]
 INFO  [Stressor-3] {org.radargun.stressors.StressTestStressor} Number of ops executed so far: 30339793. Elapsed time: 40.000 secs. Remaining: 20.000 secs. Total: 1 mins 0 secs
[GC 636079K->380054K(2944192K), 0.0254010 secs]
[GC 636182K->380182K(2944192K), 0.0263520 secs]
[GC 636310K->379371K(2944192K), 0.0284550 secs]
[GC 635499K->379412K(2944192K), 0.0284240 secs]
[GC 635540K->381126K(2944192K), 0.0270610 secs]
[GC 637254K->379913K(2944192K), 0.0280090 secs]
[GC 636041K->380879K(2944192K), 0.0277240 secs]
[GC 637007K->380353K(2944192K), 0.0254420 secs]
[GC 636481K->381778K(2944192K), 0.0288620 secs]
[GC 637906K->381801K(2944192K), 0.0260310 secs]
[GC 637929K->380960K(2944192K), 0.0305960 secs]
[GC 637088K->382724K(2944192K), 0.0272210 secs]
[GC 638852K->383226K(2944192K), 0.0288130 secs]
[GC 639354K->381669K(2944192K), 0.0558720 secs]
[GC 637737K->382055K(2944192K), 0.0243400 secs]
[GC 638163K->383128K(2944192K), 0.0265380 secs]
[GC 639256K->382376K(2944192K), 0.0275280 secs]
[GC 638504K->382433K(2944192K), 0.0274280 secs]
[GC 638561K->384098K(2944192K), 0.0262620 secs]
[GC 640226K->383702K(2944192K), 0.0251480 secs]
[GC 639830K->382998K(2944192K), 0.0306200 secs]
[GC 639126K->384241K(2944192K), 0.0278830 secs]
 INFO  [Stressor-3] {org.radargun.stressors.StressTestStressor} Number of ops executed so far: 45733373. Elapsed time: 1 mins 0 secs. Remaining: 0.000 secs. Total: 1 mins 0 secs
 INFO  [pool-1-thread-1] {org.radargun.stressors.StressTestStressor} Finished generating report. Test duration is: 8 mins 10 secs
 INFO  [pool-1-thread-1] {org.radargun.stages.StressTestStage} size info: FFWrapper using infinispan52, clusterSize:12, nodeIndex:8, cacheSize: -1
 INFO  [pool-1-thread-1] {org.radargun.Slave} Finished stage: StressTest {bulkSize=1, cacheSpecificKeyGenerator=false, commitTransactions=true, duration=1 mins 0 secs, entrySize=1000, exitBenchmarkOnSlaveFailure=false, fixedKeys=true, generateHistogramRange=false, keyGeneratorClass=org.radargun.stressors.StringKeyGenerator, keyGeneratorParam=null, loadAllKeys=false, numEntries=10000, numOfThreads=4, numRequests=10000000, numThreads=4, numberOfAttributes=10000, numberOfRequests=10000000, opsCountStatusLog=500000, poolKeys=true, preferAsyncOperations=false, removePercentage=0, replaceInvalidPercentage=40, runOnAllSlaves=false, sharedKeys=false, sizeOfAnAttribute=1000, slaves=null, transactionSize=10000, useAtomics=false, useHistogramStatistics=false, useSimpleStatistics=true, useSmartClassLoading=true, useTransactions=true, writePercentage=0, writeTxPercentage=0 }
 INFO  [main] {org.radargun.Slave} Ack successfully sent to the master
[GC 640369K->384487K(2944192K), 0.0261940 secs]
[GC 640615K->386591K(2944192K), 0.0294490 secs]
[GC 642719K->388109K(2944192K), 0.0330260 secs]
[GC 644237K->388572K(2944192K), 0.0291230 secs]
[GC 644700K->391822K(2944192K), 0.0310080 secs]
[GC 647950K->390380K(2944192K), 0.0277980 secs]
[GC 646508K->394224K(2944192K), 0.0327170 secs]
[GC 650352K->395067K(2944192K), 0.0542060 secs]
[GC 651195K->397029K(2944192K), 0.0518680 secs]
[GC 653157K->398831K(2944192K), 0.0317860 secs]
[GC 654959K->397696K(2944192K), 0.0338850 secs]
[GC 653824K->399127K(2944192K), 0.0344710 secs]
[GC 655255K->400597K(2944192K), 0.0360970 secs]
[GC 656725K->405653K(2944192K), 0.0342550 secs]
[GC 661781K->407282K(2944192K), 0.0356700 secs]
[GC 663410K->405651K(2944192K), 0.0453260 secs]
[GC 661779K->407478K(2944192K), 0.0380840 secs]
[GC 663606K->408793K(2944192K), 0.0357890 secs]
[GC 664921K->409939K(2944192K), 0.0361350 secs]
[GC 666067K->411107K(2944192K), 0.0381150 secs]
[GC 667235K->408080K(2944192K), 0.0364970 secs]
[GC 664208K->413480K(2944192K), 0.0383950 secs]
[GC 669608K->414653K(2944192K), 0.0351400 secs]
[GC 670781K->415793K(2944192K), 0.0391570 secs]
[GC 671921K->416888K(2944192K), 0.0388100 secs]
[GC 673016K->417981K(2944192K), 0.0365130 secs]
[GC 674109K->419171K(2944192K), 0.0377460 secs]
[GC 675299K->420277K(2944192K), 0.0372890 secs]
[GC 676405K->417152K(2944192K), 0.0421110 secs]
[GC 673280K->418290K(2944192K), 0.0412500 secs]
[GC 674418K->423600K(2944192K), 0.0406440 secs]
[GC 679728K->420459K(2944192K), 0.0406780 secs]
[GC 676587K->425857K(2944192K), 0.0408130 secs]
[GC 681985K->426929K(2944192K), 0.0377840 secs]
[GC 683057K->428071K(2944192K), 0.0391870 secs]
[GC 684199K->429359K(2944192K), 0.0381950 secs]
[GC 685487K->426106K(2944192K), 0.0418130 secs]
[GC 682234K->431496K(2944192K), 0.0336890 secs]
[GC 687624K->432631K(2944192K), 0.0418910 secs]
[GC 688759K->433761K(2944192K), 0.0369830 secs]
[GC 689889K->434818K(2944192K), 0.0402800 secs]
[GC 690946K->431747K(2944192K), 0.0412190 secs]
[GC 687875K->432890K(2944192K), 0.0417660 secs]
[GC 689018K->442531K(2944192K), 0.0675410 secs]
[GC 698659K->435024K(2944192K), 0.0401770 secs]
[GC 691152K->441927K(2944192K), 0.0694940 secs]
[GC 698055K->440983K(2944192K), 0.0380540 secs]
[GC 697111K->442546K(2944192K), 0.0408650 secs]
[GC 698674K->439544K(2944192K), 0.0952930 secs]
[GC 695672K->445027K(2944192K), 0.0382140 secs]
[GC 701155K->446071K(2944192K), 0.0368800 secs]
[GC 702199K->443006K(2944192K), 0.0370970 secs]
[GC 699134K->448316K(2944192K), 0.0397490 secs]
[GC 704444K->445138K(2944192K), 0.0390120 secs]
[GC 701266K->450521K(2944192K), 0.0383780 secs]
[GC 706649K->447408K(2944192K), 0.0397230 secs]
[GC 703536K->448434K(2944192K), 0.0398340 secs]
[GC 704562K->458146K(2944192K), 0.0387140 secs]
[GC 714274K->450644K(2944192K), 0.0399010 secs]
[GC 706772K->457811K(2944192K), 0.0399450 secs]
[GC 713939K->456962K(2944192K), 0.0398850 secs]
[GC 713090K->458519K(2944192K), 0.0407480 secs]
[GC 714647K->459790K(2944192K), 0.0377210 secs]
[GC 715918K->456638K(2944192K), 0.0366070 secs]
[GC 712766K->457756K(2944192K), 0.0381480 secs]
[GC 713884K->463317K(2944192K), 0.0383970 secs]
[GC 719445K->460126K(2944192K), 0.0410100 secs]
[GC 716254K->461285K(2944192K), 0.0379000 secs]
[GC 717413K->462473K(2944192K), 0.0415750 secs]
[GC 718601K->468022K(2944192K), 0.0388450 secs]
[GC 724150K->464797K(2944192K), 0.0403010 secs]
[GC 720925K->465962K(2944192K), 0.0412050 secs]
[GC 722090K->467247K(2944192K), 0.0422440 secs]
[GC 723375K->472912K(2944192K), 0.0380240 secs]
[GC 729040K->469704K(2944192K), 0.0424750 secs]
[GC 725832K->475221K(2944192K), 0.0393540 secs]
[GC 731349K->471989K(2944192K), 0.0402540 secs]
[GC 728117K->473168K(2944192K), 0.0407760 secs]
[GC 729296K->474390K(2944192K), 0.0408890 secs]
[GC 730518K->475652K(2944192K), 0.0398880 secs]
[GC 731780K->481334K(2944192K), 0.0750340 secs]
[GC 737462K->482444K(2944192K), 0.0435780 secs]
[GC 738572K->479087K(2944192K), 0.0397650 secs]
[GC 735215K->484814K(2944192K), 0.0406800 secs]
[GC 740942K->486062K(2944192K), 0.0420170 secs]
[GC 742190K->487288K(2944192K), 0.0410750 secs]
[GC 743416K->484010K(2944192K), 0.0393660 secs]
[GC 740138K->485071K(2944192K), 0.0399910 secs]
[GC 741199K->491008K(2944192K), 0.0385300 secs]
[GC 747136K->492066K(2944192K), 0.0388200 secs]
[GC 748194K->488827K(2944192K), 0.0430530 secs]
[GC 744955K->489912K(2944192K), 0.0410280 secs]
[GC 746040K->491121K(2944192K), 0.0398070 secs]
[GC 747249K->496822K(2944192K), 0.0392250 secs]
[GC 752950K->498088K(2944192K), 0.0379020 secs]
[GC 754216K->499173K(2944192K), 0.0412340 secs]
[GC 755301K->505094K(2944192K), 0.0404560 secs]
[GC 761222K->499943K(2944192K), 0.0414700 secs]
[GC 756071K->508691K(2944192K), 0.0409810 secs]
[GC 764819K->501374K(2944192K), 0.0360960 secs]
[GC 757502K->506768K(2944192K), 0.0376180 secs]
[GC 762896K->510344K(2944192K), 0.0403170 secs]
[GC 766472K->502955K(2944192K), 0.0395740 secs]
[GC 759083K->514702K(2944192K), 0.0400710 secs]
[GC 770830K->507545K(2944192K), 0.0423060 secs]
[GC 763673K->512891K(2944192K), 0.0423540 secs]
[GC 769019K->507502K(2944192K), 0.0413590 secs]
[GC 763630K->513672K(2944192K), 0.0404580 secs]
[GC 769800K->510367K(2944192K), 0.0456680 secs]
[GC 766495K->516300K(2944192K), 0.0418090 secs]
[GC 772428K->512967K(2944192K), 0.0390510 secs]
[GC 769095K->518805K(2944192K), 0.0384500 secs]
[GC 774933K->520077K(2944192K), 0.0408990 secs]
[GC 776205K->525914K(2944192K), 0.0402010 secs]
[GC 782042K->517845K(2944192K), 0.0397510 secs]
[GC 773973K->529571K(2944192K), 0.0389720 secs]
[GC 785699K->519408K(2944192K), 0.0385200 secs]
[GC 775536K->531867K(2944192K), 0.0416930 secs]
[GC 787995K->521783K(2944192K), 0.0378780 secs]
[GC 777911K->525754K(2944192K), 0.0416260 secs]
[GC 781882K->533667K(2944192K), 0.0402530 secs]
[GC 789795K->526021K(2944192K), 0.0439660 secs]
[GC 782149K->533753K(2944192K), 0.0420570 secs]
[GC 789881K->528307K(2944192K), 0.0402490 secs]
[GC 784435K->534706K(2944192K), 0.0395720 secs]
[GC 790834K->536063K(2944192K), 0.0402660 secs]
[GC 792191K->537255K(2944192K), 0.0418430 secs]
[GC 793383K->533828K(2944192K), 0.0425080 secs]
[GC 789956K->535054K(2944192K), 0.0415750 secs]
[GC 791182K->541039K(2944192K), 0.0396290 secs]
[GC 797167K->537462K(2944192K), 0.0428510 secs]
[GC 793590K->543459K(2944192K), 0.0400670 secs]
[GC 799587K->539859K(2944192K), 0.0386320 secs]
[GC 795987K->541218K(2944192K), 0.0389110 secs]
[GC 797346K->547186K(2944192K), 0.0410330 secs]
[GC 803314K->543701K(2944192K), 0.0412710 secs]
[GC 799829K->544924K(2944192K), 0.0402270 secs]
[GC 801052K->546196K(2944192K), 0.0400850 secs]
[GC 802324K->547303K(2944192K), 0.0431750 secs]
[GC 803431K->548530K(2944192K), 0.0407570 secs]
[GC 804658K->549810K(2944192K), 0.0395850 secs]
[GC 805938K->551056K(2944192K), 0.0405210 secs]
[GC 807184K->552175K(2944192K), 0.0420350 secs]
[GC 808303K->553512K(2944192K), 0.0409070 secs]
[GC 809640K->554694K(2944192K), 0.0439410 secs]
[GC 810822K->565628K(2944192K), 0.0409450 secs]
[GC 821756K->557280K(2944192K), 0.0471390 secs]
[GC 813408K->565005K(2944192K), 0.0437440 secs]
[GC 821133K->559219K(2944192K), 0.0423740 secs]
[GC 815347K->560929K(2944192K), 0.0401860 secs]
[GC 817057K->562039K(2944192K), 0.0424840 secs]
[GC 818167K->568185K(2944192K), 0.0403980 secs]
[GC 824313K->574262K(2944192K), 0.0380320 secs]
[GC 830390K->568991K(2944192K), 0.0385420 secs]
[GC 825119K->578024K(2944192K), 0.0419060 secs]
[GC 834152K->570467K(2944192K), 0.0435270 secs]
[GC 826595K->580207K(2944192K), 0.0409530 secs]
[GC 836335K->570058K(2944192K), 0.0407660 secs]
[GC 826186K->582790K(2944192K), 0.0427770 secs]
[GC 838918K->572422K(2944192K), 0.0411430 secs]
[GC 828550K->580847K(2944192K), 0.0429560 secs]
[GC 836975K->584582K(2944192K), 0.0397250 secs]
[GC 840710K->576723K(2944192K), 0.0425120 secs]
[GC 832851K->584715K(2944192K), 0.0414270 secs]
[GC 840843K->579013K(2944192K), 0.0418120 secs]
[GC 835141K->580647K(2944192K), 0.0415730 secs]
[GC 836775K->581981K(2944192K), 0.0433410 secs]
[GC 838109K->588159K(2944192K), 0.0448490 secs]
[GC 844287K->584451K(2944192K), 0.0415320 secs]
[GC 840579K->585698K(2944192K), 0.0386660 secs]
[GC 841826K->586849K(2944192K), 0.0433600 secs]
[GC 842977K->592937K(2944192K), 0.0590460 secs]
[GC 849065K->598921K(2944192K), 0.0429110 secs]
[GC 855049K->590637K(2944192K), 0.0401260 secs]
[GC 846765K->602705K(2944192K), 0.0442280 secs]
[GC 858833K->592352K(2944192K), 0.0392480 secs]
[GC 848480K->604919K(2944192K), 0.0385420 secs]
[GC 861047K->594798K(2944192K), 0.0385780 secs]
[GC 850926K->607529K(2944192K), 0.0402980 secs]
[GC 863657K->600063K(2944192K), 0.0408570 secs]
[GC 856191K->609991K(2944192K), 0.0384550 secs]
[GC 866119K->599793K(2944192K), 0.0421750 secs]
[GC 855921K->612602K(2944192K), 0.0428830 secs]
[GC 868730K->602348K(2944192K), 0.0391480 secs]
[GC 858476K->610866K(2944192K), 0.0406100 secs]
[GC 866994K->609926K(2944192K), 0.0418880 secs]
[GC 866054K->606889K(2944192K), 0.0387450 secs]
[GC 863017K->613252K(2944192K), 0.0423990 secs]
[GC 869380K->614412K(2944192K), 0.0404020 secs]
[GC 870540K->615809K(2944192K), 0.0444260 secs]
[GC 871937K->612120K(2944192K), 0.0379770 secs]
[GC 868248K->613355K(2944192K), 0.0367450 secs]
[GC 869483K->614622K(2944192K), 0.0430900 secs]
[GC 870750K->620825K(2944192K), 0.0664780 secs]
[GC 876953K->617243K(2944192K), 0.0429850 secs]
[GC 873371K->618346K(2944192K), 0.0403480 secs]
[GC 874474K->619579K(2944192K), 0.0440630 secs]
[GC 875707K->620910K(2944192K), 0.0401840 secs]
[GC 877038K->622172K(2944192K), 0.0403470 secs]
[GC 878300K->623627K(2944192K), 0.0416100 secs]
[GC 879755K->624880K(2944192K), 0.0448260 secs]
[GC 881008K->626243K(2944192K), 0.0429970 secs]
[GC 882371K->632501K(2944192K), 0.0392650 secs]
[GC 888629K->628913K(2944192K), 0.0426530 secs]
[GC 885041K->630096K(2944192K), 0.0394200 secs]
[GC 886224K->631430K(2944192K), 0.0424380 secs]
[GC 887558K->632748K(2944192K), 0.0386110 secs]
[GC 888876K->639025K(2944192K), 0.0403530 secs]
[GC 895153K->635250K(2944192K), 0.0401020 secs]
[GC 891378K->641652K(2944192K), 0.0416090 secs]
[GC 897780K->643117K(2944192K), 0.0648620 secs]
[GC 899245K->644487K(2944192K), 0.0405780 secs]
[GC 900615K->640803K(2944192K), 0.0409260 secs]
[GC 896931K->647317K(2944192K), 0.0412140 secs]
[GC 903445K->648445K(2944192K), 0.0428570 secs]
[GC 904573K->644639K(2944192K), 0.0434490 secs]
[GC 900767K->650875K(2944192K), 0.0431170 secs]
[GC 907003K->657189K(2944192K), 0.0446710 secs]
[GC 913317K->648470K(2944192K), 0.0394210 secs]
[GC 904598K->656377K(2944192K), 0.0417340 secs]
[GC 912505K->659956K(2944192K), 0.0415510 secs]
[GC 916084K->651884K(2944192K), 0.0411010 secs]
[GC 908012K->664579K(2944192K), 0.0414810 secs]
[GC 920707K->653955K(2944192K), 0.0457850 secs]
[GC 910083K->662847K(2944192K), 0.0470660 secs]
[GC 918975K->666826K(2944192K), 0.0383720 secs]
[GC 922954K->661873K(2944192K), 0.0434500 secs]
[GC 918001K->667173K(2944192K), 0.0404300 secs]
[GC 923301K->661117K(2944192K), 0.0440030 secs]
[GC 917245K->673214K(2944192K), 0.0393520 secs]
[GC 929342K->667779K(2944192K), 0.0481440 secs]
[GC 923907K->668489K(2944192K), 0.0434530 secs]
[GC 924617K->677791K(2944192K), 0.0411950 secs]
[GC 933919K->672661K(2944192K), 0.0434600 secs]
[GC 928789K->683212K(2944192K), 0.0398350 secs]
[GC 939340K->671517K(2944192K), 0.0428540 secs]
[GC 927645K->676174K(2944192K), 0.0473540 secs]
[GC 932302K->685701K(2944192K), 0.0402340 secs]
[GC 941829K->680392K(2944192K), 0.0558660 secs]
[GC 936520K->681307K(2944192K), 0.0459090 secs]
[GC 937435K->679728K(2944192K), 0.0412860 secs]
[GC 935856K->687369K(2944192K), 0.0497360 secs]
[GC 943497K->689079K(2944192K), 0.0485760 secs]
[GC 945207K->684875K(2944192K), 0.0409740 secs]
[GC 941003K->692163K(2944192K), 0.0428630 secs]
[GC 948291K->693740K(2944192K), 0.0421050 secs]
[GC 949868K->695534K(2944192K), 0.0489690 secs]
[GC 951662K->696963K(2944192K), 0.0445580 secs]
[GC 953091K->692720K(2944192K), 0.0454420 secs]
[GC 948848K->694274K(2944192K), 0.0426130 secs]
[GC 950402K->701619K(2944192K), 0.0410690 secs]
[GC 957747K->703246K(2944192K), 0.0430750 secs]
[GC 959374K->698804K(2944192K), 0.0404500 secs]
[GC 954932K->706020K(2944192K), 0.0410790 secs]
[GC 962148K->707449K(2944192K), 0.0685080 secs]
[GC 963577K->708843K(2944192K), 0.0409230 secs]
[GC 964971K->710366K(2944192K), 0.0496780 secs]
[GC 966494K->712025K(2944192K), 0.0431920 secs]
[GC 968153K->707841K(2944192K), 0.0483360 secs]
[GC 963969K->715377K(2944192K), 0.0596960 secs]
[GC 971505K->716962K(2944192K), 0.0438290 secs]
[GC 973090K->718088K(2944192K), 0.0701330 secs]
[GC 974216K->719468K(2944192K), 0.0450850 secs]
[GC 975596K->720552K(2944192K), 0.0420670 secs]
[GC 976680K->721996K(2944192K), 0.0419740 secs]
[GC 978124K->723554K(2944192K), 0.0433610 secs]
[GC 979682K->719356K(2944192K), 0.0431830 secs]
[GC 975484K->726578K(2944192K), 0.0442750 secs]
[GC 982706K->728006K(2944192K), 0.0466930 secs]
[GC 984134K->729552K(2944192K), 0.0410080 secs]
[GC 985680K->730851K(2944192K), 0.0440180 secs]
[GC 986979K->732312K(2944192K), 0.0433910 secs]
[GC 988440K->733280K(2944192K), 0.0430820 secs]
[GC 989408K->734715K(2944192K), 0.0410910 secs]
[GC 990843K->735980K(2944192K), 0.0513920 secs]
[GC 992108K->737302K(2944192K), 0.0389500 secs]
[GC 993430K->738886K(2944192K), 0.0469050 secs]
[GC 995014K->745677K(2944192K), 0.0442790 secs]
[GC 1001805K->736298K(2944192K), 0.0407280 secs]
[GC 992426K->745237K(2944192K), 0.0467750 secs]
[GC 1001365K->743777K(2944192K), 0.0394230 secs]
[GC 999905K->745525K(2944192K), 0.0410230 secs]
[GC 1001653K->741490K(2944192K), 0.0439840 secs]
[GC 997618K->743060K(2944192K), 0.0428900 secs]
[GC 999188K->749880K(2944192K), 0.0424860 secs]
[GC 1006008K->746017K(2944192K), 0.0417790 secs]
[GC 1002145K->747410K(2944192K), 0.0454460 secs]
[GC 1003538K->748886K(2944192K), 0.0444900 secs]
[GC 1005014K->761203K(2944192K), 0.0403440 secs]
[GC 1017331K->751657K(2944192K), 0.0425040 secs]
[GC 1007785K->760193K(2944192K), 0.0433910 secs]
[GC 1016321K->764159K(2944192K), 0.0464770 secs]
[GC 1020287K->755538K(2944192K), 0.0460430 secs]
[GC 1011666K->764384K(2944192K), 0.0406290 secs]
[GC 1020512K->763316K(2944192K), 0.0400970 secs]
[GC 1019444K->765404K(2944192K), 0.0420740 secs]
[GC 1021532K->766895K(2944192K), 0.0464930 secs]
[GC 1023023K->762929K(2944192K), 0.0447480 secs]
[GC 1019057K->769869K(2944192K), 0.0459800 secs]
[GC 1025997K->776935K(2944192K), 0.0441560 secs]
[GC 1033063K->767434K(2944192K), 0.0463570 secs]
[GC 1023562K->776541K(2944192K), 0.0418400 secs]
[GC 1032669K->775190K(2944192K), 0.0407530 secs]
[GC 1031318K->782638K(2944192K), 0.0398210 secs]
[GC 1038766K->773375K(2944192K), 0.0470180 secs]
[GC 1029503K->782869K(2944192K), 0.0453150 secs]
[GC 1038997K->787367K(2944192K), 0.0415180 secs]
[GC 1043495K->781454K(2944192K), 0.0434390 secs]
[GC 1037582K->787682K(2944192K), 0.0467370 secs]
[GC 1043810K->786668K(2944192K), 0.0425950 secs]
[GC 1042796K->788602K(2944192K), 0.0431140 secs]
[GC 1044730K->784798K(2944192K), 0.0445070 secs]
[GC 1040926K->786444K(2944192K), 0.0397990 secs]
[GC 1042572K->793795K(2944192K), 0.0415330 secs]
[GC 1049923K->795748K(2944192K), 0.0445310 secs]
[GC 1051876K->797750K(2944192K), 0.0436830 secs]
[GC 1053878K->799002K(2944192K), 0.0420860 secs]
[GC 1055130K->800736K(2944192K), 0.0451060 secs]
[GC 1056864K->802792K(2944192K), 0.0473420 secs]
[GC 1058920K->804628K(2944192K), 0.0464840 secs]
[GC 1060756K->806220K(2944192K), 0.0438290 secs]
[GC 1062348K->814282K(2944192K), 0.0458010 secs]
[GC 1070410K->803498K(2944192K), 0.0454230 secs]
[GC 1059626K->819575K(2944192K), 0.0459170 secs]
[GC 1075703K->805777K(2944192K), 0.0423180 secs]
[GC 1061905K->823063K(2944192K), 0.0416790 secs]
[GC 1079191K->813260K(2944192K), 0.0506980 secs]
[GC 1069388K->826842K(2944192K), 0.0523580 secs]
[GC 1082970K->817153K(2944192K), 0.0506260 secs]
[GC 1073281K->830533K(2944192K), 0.0428800 secs]
[GC 1086661K->816615K(2944192K), 0.0441900 secs]
[GC 1072743K->828609K(2944192K), 0.0480790 secs]
[GC 1084737K->827220K(2944192K), 0.0500850 secs]
[GC 1083348K->830092K(2944192K), 0.0483360 secs]
[GC 1086220K->831884K(2944192K), 0.0453190 secs]
[GC 1088012K->833863K(2944192K), 0.0461280 secs]
[GC 1089991K->835726K(2944192K), 0.0477080 secs]
[GC 1091854K->837640K(2944192K), 0.0445550 secs]
[GC 1093768K->839822K(2944192K), 0.0430970 secs]
[GC 1095950K->841574K(2944192K), 0.0498870 secs]
[GC 1097702K->843530K(2944192K), 0.0448790 secs]
[GC 1099658K->845330K(2944192K), 0.0451790 secs]
[GC 1101458K->853899K(2944192K), 0.0476610 secs]
[GC 1110027K->842066K(2944192K), 0.0460640 secs]
[GC 1098194K->858953K(2944192K), 0.0433990 secs]
[GC 1115081K->844213K(2944192K), 0.0444690 secs]
[GC 1100341K->856128K(2944192K), 0.0610050 secs]
[GC 1112256K->855056K(2944192K), 0.0478980 secs]
[GC 1111184K->857758K(2944192K), 0.0423170 secs]
[GC 1113886K->859485K(2944192K), 0.0428480 secs]
[GC 1115613K->861785K(2944192K), 0.0436940 secs]
[GC 1117913K->863612K(2944192K), 0.0473700 secs]
[GC 1119740K->872396K(2944192K), 0.0440780 secs]
[GC 1128524K->860360K(2944192K), 0.0452640 secs]
[GC 1116488K->871482K(2944192K), 0.0461630 secs]
[GC 1127610K->870235K(2944192K), 0.0447430 secs]
[GC 1126363K->865676K(2944192K), 0.0505340 secs]
[GC 1121804K->874731K(2944192K), 0.0454670 secs]
[GC 1130859K->876817K(2944192K), 0.0458190 secs]
[GC 1132945K->878779K(2944192K), 0.0491490 secs]
[GC 1134907K->880843K(2944192K), 0.0481420 secs]
[GC 1136971K->882916K(2944192K), 0.0461090 secs]
[GC 1139044K->885149K(2944192K), 0.0450430 secs]
[GC 1141277K->887157K(2944192K), 0.0451510 secs]
[GC 1143285K->889377K(2944192K), 0.0506230 secs]
[GC 1145505K->899077K(2944192K), 0.0487550 secs]
[GC 1155205K->887003K(2944192K), 0.0485090 secs]
[GC 1143131K->907694K(2944192K), 0.0482070 secs]
[GC 1163822K->891351K(2944192K), 0.0467090 secs]
[GC 1147479K->914158K(2944192K), 0.0573120 secs]
[GC 1170286K->897200K(2944192K), 0.0586420 secs]
[GC 1153328K->922014K(2944192K), 0.0507220 secs]
[GC 1178142K->903977K(2944192K), 0.0501010 secs]
[GC 1160105K->930650K(2944192K), 0.0538790 secs]
[GC 1186778K->916865K(2944192K), 0.0667420 secs]
[GC 1172993K->939498K(2944192K), 0.0632280 secs]
[GC 1195626K->918623K(2944192K), 0.0683290 secs]
[GC 1174751K->950533K(2944192K), 0.0697800 secs]
 INFO  [main] {org.radargun.Slave} Master shutdown!
 INFO  [Thread-0] {org.radargun.ShutDownHook} Slave process is being shutdown
 INFO  [hz._hzInstance_1_FenixFrameworkGroup.IO.thread-in-1] {com.hazelcast.nio.TcpIpConnection} [127.0.0.1]:5709 [FenixFrameworkGroup] Connection [Address[127.0.0.1]:5705] lost. Reason: java.io.EOFException[Remote socket closed!]
 INFO  [hz._hzInstance_1_FenixFrameworkGroup.IO.thread-in-1] {com.hazelcast.nio.TcpIpConnection} [127.0.0.1]:5709 [FenixFrameworkGroup] Connection [Address[127.0.0.1]:5704] lost. Reason: java.io.EOFException[Remote socket closed!]
 INFO  [hz._hzInstance_1_FenixFrameworkGroup.IO.thread-in-0] {com.hazelcast.nio.TcpIpConnection} [127.0.0.1]:5709 [FenixFrameworkGroup] Connection [Address[127.0.0.1]:5704] lost. Reason: java.io.EOFException[Remote socket closed!]
 INFO  [hz.ShutdownThread] {com.hazelcast.nio.TcpIpConnection} [127.0.0.1]:5709 [FenixFrameworkGroup] Connection [Address[127.0.0.1]:5707] lost. Reason: Socket explicitly closed
 INFO  [hz.ShutdownThread] {com.hazelcast.nio.TcpIpConnection} [127.0.0.1]:5709 [FenixFrameworkGroup] Connection [Address[127.0.0.1]:5708] lost. Reason: Socket explicitly closed
 INFO  [hz.ShutdownThread] {com.hazelcast.nio.TcpIpConnection} [127.0.0.1]:5709 [FenixFrameworkGroup] Connection [Address[127.0.0.1]:5706] lost. Reason: Socket explicitly closed
 INFO  [hz._hzInstance_1_FenixFrameworkGroup.IO.thread-in-1] {com.hazelcast.nio.TcpIpConnection} [127.0.0.1]:5709 [FenixFrameworkGroup] Connection [Address[127.0.0.1]:5703] lost. Reason: java.io.EOFException[Remote socket closed!]
 INFO  [hz.ShutdownThread] {com.hazelcast.nio.TcpIpConnection} [127.0.0.1]:5709 [FenixFrameworkGroup] Connection [Address[127.0.0.1]:5711] lost. Reason: Socket explicitly closed
 INFO  [hz._hzInstance_1_FenixFrameworkGroup.IO.thread-in-0] {com.hazelcast.nio.TcpIpConnection} [127.0.0.1]:5709 [FenixFrameworkGroup] Connection [Address[127.0.0.1]:5701] lost. Reason: java.io.EOFException[Remote socket closed!]
 INFO  [hz._hzInstance_1_FenixFrameworkGroup.IO.thread-in-1] {com.hazelcast.nio.TcpIpConnection} [127.0.0.1]:5709 [FenixFrameworkGroup] Connection [Address[127.0.0.1]:5708] lost. Reason: java.io.EOFException[Remote socket closed!]
 INFO  [hz.ShutdownThread] {com.hazelcast.nio.TcpIpConnection} [127.0.0.1]:5709 [FenixFrameworkGroup] Connection [Address[127.0.0.1]:5702] lost. Reason: Socket explicitly closed
 INFO  [hz.ShutdownThread] {com.hazelcast.nio.TcpIpConnection} [127.0.0.1]:5709 [FenixFrameworkGroup] Connection [Address[127.0.0.1]:5712] lost. Reason: Socket explicitly closed
 INFO  [hz._hzInstance_1_FenixFrameworkGroup.IO.thread-in-1] {com.hazelcast.nio.TcpIpConnection} [127.0.0.1]:5709 [FenixFrameworkGroup] Connection [Address[127.0.0.1]:5711] lost. Reason: java.io.EOFException[Remote socket closed!]
 INFO  [hz.ShutdownThread] {com.hazelcast.nio.TcpIpConnection} [127.0.0.1]:5709 [FenixFrameworkGroup] Connection [Address[127.0.0.1]:5710] lost. Reason: Socket explicitly closed
 INFO  [hz.ShutdownThread] {com.hazelcast.nio.TcpIpConnection} [127.0.0.1]:5709 [FenixFrameworkGroup] Connection [Address[127.0.0.1]:5710] lost. Reason: Socket explicitly closed
 INFO  [hz.ShutdownThread] {com.hazelcast.initializer} [127.0.0.1]:5709 [FenixFrameworkGroup] Destroying node initializer.
 INFO  [hz.ShutdownThread] {com.hazelcast.instance.Node} [127.0.0.1]:5709 [FenixFrameworkGroup] Hazelcast Shutdown is completed in 64 ms.
