/usr/java/jdk1.7.0_21/bin/java -server -Xmx1024M -Xms1024M -Dresolve.dns=false -Djgroups.timer.num_threads=4 -verbose:gc -Xmx5000M -Xms3000M -server -XX:+UseConcMarkSweepGC -XX:+AggressiveOpts -verbose:gc -XX:ParallelGCThreads=4 -XX:NewRatio=5 -XX:SurvivorRatio=2 -Dhazelcast.operation.thread.count=4 -Djava.net.preferIPv4Stack=true -Dlog4j.file.prefix=deimos-esw-13047 -Dbind.address= -Djgroups.bind_addr= -classpath /home/smf/github/radargun/target/distribution/RadarGun-1.1.0-SNAPSHOT/lib/activation-1.1.jar:/home/smf/github/radargun/target/distribution/RadarGun-1.1.0-SNAPSHOT/lib/commons-beanutils-1.8.0.jar:/home/smf/github/radargun/target/distribution/RadarGun-1.1.0-SNAPSHOT/lib/commons-digester-2.0.jar:/home/smf/github/radargun/target/distribution/RadarGun-1.1.0-SNAPSHOT/lib/commons-logging-1.1.1.jar:/home/smf/github/radargun/target/distribution/RadarGun-1.1.0-SNAPSHOT/lib/commons-math-1.2.jar:/home/smf/github/radargun/target/distribution/RadarGun-1.1.0-SNAPSHOT/lib/jboss-transaction-api-1.0.1.GA.jar:/home/smf/github/radargun/target/distribution/RadarGun-1.1.0-SNAPSHOT/lib/jcommon-1.0.15.jar:/home/smf/github/radargun/target/distribution/RadarGun-1.1.0-SNAPSHOT/lib/jfreechart-1.0.12.jar:/home/smf/github/radargun/target/distribution/RadarGun-1.1.0-SNAPSHOT/lib/log4j-1.2.14.jar:/home/smf/github/radargun/target/distribution/RadarGun-1.1.0-SNAPSHOT/lib/mail-1.4.2.jar:/home/smf/github/radargun/target/distribution/RadarGun-1.1.0-SNAPSHOT/lib/radargun-framework-1.1.0-SNAPSHOT.jar:/home/smf/github/radargun/target/distribution/RadarGun-1.1.0-SNAPSHOT/conf org.radargun.Slave -master 127.0.0.1:2103
--------------------------------------------------------------------------------
PerNodeRollingFileAppender::Using file prefix:deimos-esw-13047
 INFO  [main] {org.radargun.Slave} Attempting to connect to master 127.0.0.1:2103
 INFO  [main] {org.radargun.Slave} Successfully established connection with master at: 127.0.0.1:2103
Loading JARS from /home/smf/github/radargun/target/distribution/RadarGun-1.1.0-SNAPSHOT/lib/radargun-framework-1.1.0-SNAPSHOT.jar
 INFO  [pool-1-thread-1] {org.radargun.config.AnnotatedHelper} Loading JARS from /home/smf/github/radargun/target/distribution/RadarGun-1.1.0-SNAPSHOT/lib/radargun-framework-1.1.0-SNAPSHOT.jar
 INFO  [pool-1-thread-1] {org.radargun.config.AnnotatedHelper} Loading JARS from /home/smf/github/radargun/target/distribution/RadarGun-1.1.0-SNAPSHOT/lib/radargun-framework-1.1.0-SNAPSHOT.jar
 INFO  [pool-1-thread-1] {org.radargun.Slave} Executing stage: DestroyWrapper {enforceMemoryThrashHold=true, exitBenchmarkOnSlaveFailure=false, heapDumpDir=null, memoryThreshold=95, runOnAllSlaves=true, slaves=null, useSmartClassLoading=true }
 INFO  [pool-1-thread-1] {org.radargun.stages.DestroyWrapperStage} Received destroy cache wrapper request from master...
 INFO  [pool-1-thread-1] {org.radargun.stages.DestroyWrapperStage} No cache wrapper deployed on this slave, nothing to do.
 INFO  [pool-1-thread-1] {org.radargun.stages.DestroyWrapperStage} Before executing clear, memory looks like this: Memory - free: 2,928,638 kb - max:4,906,688 kb- total:2,944,000 kb
[Full GC 15361K->3631K(2944000K), 0.0813130 secs]
 INFO  [pool-1-thread-1] {org.radargun.stages.DestroyWrapperStage} After executing cleanup, memory looks like this: Memory - free: 2,935,311 kb - max:4,906,688 kb- total:2,944,064 kb
 INFO  [pool-1-thread-1] {org.radargun.Slave} Finished stage: DestroyWrapper {enforceMemoryThrashHold=true, exitBenchmarkOnSlaveFailure=false, heapDumpDir=null, memoryThreshold=95, runOnAllSlaves=true, slaves=null, useSmartClassLoading=true }
 INFO  [main] {org.radargun.Slave} Ack successfully sent to the master
 INFO  [pool-1-thread-1] {org.radargun.Slave} Executing stage: StartCluster {config=ispn52-repl-sync-rc.xml, delayAfterFirstSlaveStarts=5.000 secs, delayBetweenStartingSlaves=0.500 secs, exitBenchmarkOnSlaveFailure=true, expectNumSlaves=null, mayFailOn=null, reachable=null, runOnAllSlaves=false, slaves=null, staggerSlaveStartup=true, useSmartClassLoading=true, validateCluster=true }
 INFO  [pool-1-thread-1] {org.radargun.stages.StartClusterStage}  Startup staggering, starting 10 slaves. This is the slave with index 2. Sleeping for 6000 millis.
 INFO  [pool-1-thread-1] {org.radargun.stages.StartClusterStage} Ack master's StartCluster stage. Local address is: /127.0.0.1. This slave's index is: 2
 INFO  [pool-1-thread-1] {org.radargun.utils.ClassLoadHelper} Creating newInstance org.radargun.cachewrappers.FFWrapper with classloader java.net.URLClassLoader@a2e02b2
 INFO  [pool-1-thread-1] {org.radargun.cachewrappers.FFWrapper} config=ispn52-repl-sync-rc.xml, isLocal=false, nodeIndex=2, confAttributes={name=ispn52-repl-sync-rc.xml, decorate=infinispan52}
 INFO  [pool-1-thread-1] {org.radargun.cachewrappers.FFWrapper} Found fenix framework config options in 'rg-fenix-framework-config-options.properties'.
 INFO  [pool-1-thread-1] {org.radargun.cachewrappers.FFWrapper} Setting extra config properties for Fenix Framework.
 INFO  [pool-1-thread-1] {org.radargun.cachewrappers.FFWrapper} Will initialize Fenix Framework with RadarGunDataGridConfig
 TRACE [pool-1-thread-1] {pt.ist.fenixframework.FenixFramework} Static initializer block for FenixFramework class [BEGIN]
 INFO  [pool-1-thread-1] {pt.ist.fenixframework.FenixFramework} Trying auto-initialization with configuration by convention
 INFO  [pool-1-thread-1] {pt.ist.fenixframework.FenixFramework} Resource 'fenix-framework.properties' not found
 DEBUG [pool-1-thread-1] {pt.ist.fenixframework.FenixFramework} Fenix Framework properties after reading default config file:{}
 DEBUG [pool-1-thread-1] {pt.ist.fenixframework.FenixFramework} CurrentBackEndName = jvstm-datagrid
 INFO  [pool-1-thread-1] {pt.ist.fenixframework.FenixFramework} Resource 'fenix-framework-jvstm-datagrid.properties' not found
 DEBUG [pool-1-thread-1] {pt.ist.fenixframework.FenixFramework} Fenix Framework properties after reading backend config file:{}
 DEBUG [pool-1-thread-1] {pt.ist.fenixframework.FenixFramework} Fenix Framework properties after enforcing system properties:{}
 INFO  [pool-1-thread-1] {pt.ist.fenixframework.FenixFramework} Skipping configuration by convention.
 TRACE [pool-1-thread-1] {pt.ist.fenixframework.FenixFramework} Static initializer block for FenixFramework class [END]
 INFO  [pool-1-thread-1] {pt.ist.fenixframework.FenixFramework} Initializing Fenix Framework with config.class=pt.ist.fenixframework.backend.jvstm.datagrid.radargun.RadarGunDataGridConfig
 INFO  [pool-1-thread-1] {pt.ist.fenixframework.backend.jvstm.cluster.JvstmClusterBackEnd} initializeGroupCommunication()
 INFO  [pool-1-thread-1] {com.hazelcast.config.ClasspathXmlConfig} Configuring Hazelcast from 'hazelcast-ff.xml'.
 INFO  [pool-1-thread-1] {com.hazelcast.instance.DefaultAddressPicker} Interfaces is disabled, trying to pick one address from TCP-IP config addresses: [127.0.0.1]
 INFO  [pool-1-thread-1] {com.hazelcast.instance.DefaultAddressPicker} Picked Address[127.0.0.1]:5703, using socket ServerSocket[addr=/0.0.0.0,localport=5703], bind any local is true
 INFO  [pool-1-thread-1] {com.hazelcast.system} [127.0.0.1]:5703 [FenixFrameworkGroup] Hazelcast Community Edition 3.0.2 (20130906) starting at Address[127.0.0.1]:5703
 INFO  [pool-1-thread-1] {com.hazelcast.system} [127.0.0.1]:5703 [FenixFrameworkGroup] Copyright (C) 2008-2013 Hazelcast.com
 INFO  [pool-1-thread-1] {com.hazelcast.instance.Node} [127.0.0.1]:5703 [FenixFrameworkGroup] Creating MulticastJoiner
 INFO  [pool-1-thread-1] {com.hazelcast.core.LifecycleService} [127.0.0.1]:5703 [FenixFrameworkGroup] Address[127.0.0.1]:5703 is STARTING
 INFO  [hz._hzInstance_1_FenixFrameworkGroup.IO.thread-Acceptor] {com.hazelcast.nio.SocketAcceptor} [127.0.0.1]:5703 [FenixFrameworkGroup] Accepting socket connection from /127.0.0.1:36197
 INFO  [hz._hzInstance_1_FenixFrameworkGroup.IO.thread-Acceptor] {com.hazelcast.nio.TcpIpConnectionManager} [127.0.0.1]:5703 [FenixFrameworkGroup] 5703 accepted socket connection from /127.0.0.1:36197
 INFO  [pool-1-thread-1] {com.hazelcast.cluster.TcpIpJoiner} [127.0.0.1]:5703 [FenixFrameworkGroup] Connecting to possible member: Address[127.0.0.1]:5702
 INFO  [pool-1-thread-1] {com.hazelcast.cluster.TcpIpJoiner} [127.0.0.1]:5703 [FenixFrameworkGroup] Connecting to possible member: Address[127.0.0.1]:5701
 INFO  [hz._hzInstance_1_FenixFrameworkGroup.cached.thread-3] {com.hazelcast.nio.SocketConnector} [127.0.0.1]:5703 [FenixFrameworkGroup] Connecting to /127.0.0.1:5701, timeout: 0, bind-any: true
 INFO  [hz._hzInstance_1_FenixFrameworkGroup.cached.thread-3] {com.hazelcast.nio.TcpIpConnectionManager} [127.0.0.1]:5703 [FenixFrameworkGroup] 34504 accepted socket connection from /127.0.0.1:5701
 INFO  [hz._hzInstance_1_FenixFrameworkGroup.IO.thread-Acceptor] {com.hazelcast.nio.SocketAcceptor} [127.0.0.1]:5703 [FenixFrameworkGroup] Accepting socket connection from /127.0.0.1:46932
 INFO  [hz._hzInstance_1_FenixFrameworkGroup.IO.thread-Acceptor] {com.hazelcast.nio.TcpIpConnectionManager} [127.0.0.1]:5703 [FenixFrameworkGroup] 5703 accepted socket connection from /127.0.0.1:46932
 INFO  [hz._hzInstance_1_FenixFrameworkGroup.IO.thread-Acceptor] {com.hazelcast.nio.SocketAcceptor} [127.0.0.1]:5703 [FenixFrameworkGroup] Accepting socket connection from /127.0.0.1:48082
 INFO  [hz._hzInstance_1_FenixFrameworkGroup.IO.thread-Acceptor] {com.hazelcast.nio.TcpIpConnectionManager} [127.0.0.1]:5703 [FenixFrameworkGroup] 5703 accepted socket connection from /127.0.0.1:48082
 INFO  [hz._hzInstance_1_FenixFrameworkGroup.IO.thread-Acceptor] {com.hazelcast.nio.SocketAcceptor} [127.0.0.1]:5703 [FenixFrameworkGroup] Accepting socket connection from /127.0.0.1:39697
 INFO  [hz._hzInstance_1_FenixFrameworkGroup.IO.thread-Acceptor] {com.hazelcast.nio.TcpIpConnectionManager} [127.0.0.1]:5703 [FenixFrameworkGroup] 5703 accepted socket connection from /127.0.0.1:39697
 INFO  [hz._hzInstance_1_FenixFrameworkGroup.IO.thread-Acceptor] {com.hazelcast.nio.SocketAcceptor} [127.0.0.1]:5703 [FenixFrameworkGroup] Accepting socket connection from /127.0.0.1:58521
 INFO  [hz._hzInstance_1_FenixFrameworkGroup.IO.thread-Acceptor] {com.hazelcast.nio.TcpIpConnectionManager} [127.0.0.1]:5703 [FenixFrameworkGroup] 5703 accepted socket connection from /127.0.0.1:58521
 INFO  [hz._hzInstance_1_FenixFrameworkGroup.IO.thread-Acceptor] {com.hazelcast.nio.SocketAcceptor} [127.0.0.1]:5703 [FenixFrameworkGroup] Accepting socket connection from /127.0.0.1:50644
 INFO  [hz._hzInstance_1_FenixFrameworkGroup.IO.thread-Acceptor] {com.hazelcast.nio.TcpIpConnectionManager} [127.0.0.1]:5703 [FenixFrameworkGroup] 5703 accepted socket connection from /127.0.0.1:50644
 INFO  [hz._hzInstance_1_FenixFrameworkGroup.IO.thread-Acceptor] {com.hazelcast.nio.SocketAcceptor} [127.0.0.1]:5703 [FenixFrameworkGroup] Accepting socket connection from /127.0.0.1:42975
 INFO  [hz._hzInstance_1_FenixFrameworkGroup.IO.thread-Acceptor] {com.hazelcast.nio.TcpIpConnectionManager} [127.0.0.1]:5703 [FenixFrameworkGroup] 5703 accepted socket connection from /127.0.0.1:42975
 INFO  [hz._hzInstance_1_FenixFrameworkGroup.IO.thread-Acceptor] {com.hazelcast.nio.SocketAcceptor} [127.0.0.1]:5703 [FenixFrameworkGroup] Accepting socket connection from /127.0.0.1:46796
 INFO  [hz._hzInstance_1_FenixFrameworkGroup.IO.thread-Acceptor] {com.hazelcast.nio.TcpIpConnectionManager} [127.0.0.1]:5703 [FenixFrameworkGroup] 5703 accepted socket connection from /127.0.0.1:46796
 INFO  [hz._hzInstance_1_FenixFrameworkGroup.cached.thread-2] {com.hazelcast.cluster.ClusterService} [127.0.0.1]:5703 [FenixFrameworkGroup] 

Members [10] {
	Member [127.0.0.1]:5701
	Member [127.0.0.1]:5702
	Member [127.0.0.1]:5704
	Member [127.0.0.1]:5705
	Member [127.0.0.1]:5706
	Member [127.0.0.1]:5703 this
	Member [127.0.0.1]:5707
	Member [127.0.0.1]:5708
	Member [127.0.0.1]:5709
	Member [127.0.0.1]:5710
}

 INFO  [pool-1-thread-1] {com.hazelcast.core.LifecycleService} [127.0.0.1]:5703 [FenixFrameworkGroup] Address[127.0.0.1]:5703 is STARTED
 INFO  [pool-1-thread-1] {pt.ist.fenixframework.backend.jvstm.cluster.ClusterUtils} Got (long) serverId: 2
 INFO  [pool-1-thread-1] {pt.ist.fenixframework.backend.jvstm.cluster.JvstmClusterBackEnd} This is NOT the first node.
 INFO  [pool-1-thread-1] {pt.ist.fenixframework.backend.jvstm.cluster.ClusterUtils} Waiting for startup from first node
 INFO  [pool-1-thread-1] {pt.ist.fenixframework.backend.jvstm.JVSTMBackEnd} initializeRepository()
 INFO  [pool-1-thread-1] {pt.ist.fenixframework.backend.jvstm.datagrid.radargun.DataGridDecorator} config=ispn52-repl-sync-rc.xml, isLocal=false, nodeIndex=2, confAttributes={name=ispn52-repl-sync-rc.xml}
 INFO  [pool-1-thread-1] {org.radargun.cachewrappers.InfinispanXSWrapper} Cannot find any site for slave index 2
[GC 259695K->12775K(2944064K), 0.0424080 secs]
 INFO  [pool-1-thread-1] {org.infinispan.remoting.transport.jgroups.JGroupsTransport} ISPN000078: Starting JGroups Channel
 WARN  [pool-1-thread-1] {org.jgroups.protocols.UDP} [JGRP00014] the send buffer of socket DatagramSocket was set to 640KB, but the OS only allocated 229.38KB. This might lead to performance problems. Please set your max send buffer in the OS correctly (e.g. net.core.wmem_max on Linux)
 WARN  [pool-1-thread-1] {org.jgroups.protocols.UDP} [JGRP00014] the receive buffer of socket DatagramSocket was set to 20MB, but the OS only allocated 229.38KB. This might lead to performance problems. Please set your max receive buffer in the OS correctly (e.g. net.core.rmem_max on Linux)
 WARN  [pool-1-thread-1] {org.jgroups.protocols.UDP} [JGRP00014] the send buffer of socket MulticastSocket was set to 640KB, but the OS only allocated 229.38KB. This might lead to performance problems. Please set your max send buffer in the OS correctly (e.g. net.core.wmem_max on Linux)
 WARN  [pool-1-thread-1] {org.jgroups.protocols.UDP} [JGRP00014] the receive buffer of socket MulticastSocket was set to 25MB, but the OS only allocated 229.38KB. This might lead to performance problems. Please set your max receive buffer in the OS correctly (e.g. net.core.rmem_max on Linux)
 INFO  [pool-1-thread-1] {org.infinispan.remoting.transport.jgroups.JGroupsTransport} ISPN000094: Received new cluster view: [deimos-esw-47546|1] [deimos-esw-47546, deimos-esw-12055, deimos-esw-60283]
 INFO  [pool-1-thread-1] {org.infinispan.remoting.transport.jgroups.JGroupsTransport} ISPN000079: Cache local address is deimos-esw-60283, physical addresses are [127.0.0.1:52002]
 INFO  [pool-1-thread-1] {org.infinispan.factories.GlobalComponentRegistry} ISPN000128: Infinispan version: Infinispan 'Delirium' 5.2.6.Final
 INFO  [Incoming-4,deimos-esw-60283] {org.infinispan.remoting.transport.jgroups.JGroupsTransport} ISPN000094: Received new cluster view: [deimos-esw-47546|2] [deimos-esw-47546, deimos-esw-12055, deimos-esw-60283, deimos-esw-31385]
 INFO  [pool-1-thread-1] {org.infinispan.transaction.lookup.JBossStandaloneJTAManagerLookup} ISPN000107: Retrieving transaction manager Transaction: unknown
 INFO  [Incoming-4,deimos-esw-60283] {org.infinispan.remoting.transport.jgroups.JGroupsTransport} ISPN000094: Received new cluster view: [deimos-esw-47546|3] [deimos-esw-47546, deimos-esw-12055, deimos-esw-60283, deimos-esw-31385, deimos-esw-41095, deimos-esw-36085]
 INFO  [Incoming-4,deimos-esw-60283] {org.infinispan.remoting.transport.jgroups.JGroupsTransport} ISPN000094: Received new cluster view: [deimos-esw-47546|4] [deimos-esw-47546, deimos-esw-12055, deimos-esw-60283, deimos-esw-31385, deimos-esw-41095, deimos-esw-36085, deimos-esw-53885, deimos-esw-27458]
 INFO  [pool-1-thread-1] {org.infinispan.jmx.CacheJmxRegistration} ISPN000031: MBeans were successfully registered to the platform MBean server.
 INFO  [Incoming-4,deimos-esw-60283] {org.infinispan.remoting.transport.jgroups.JGroupsTransport} ISPN000094: Received new cluster view: [deimos-esw-47546|5] [deimos-esw-47546, deimos-esw-12055, deimos-esw-60283, deimos-esw-31385, deimos-esw-41095, deimos-esw-36085, deimos-esw-53885, deimos-esw-27458, deimos-esw-13405]
 INFO  [Incoming-4,deimos-esw-60283] {org.infinispan.remoting.transport.jgroups.JGroupsTransport} ISPN000094: Received new cluster view: [deimos-esw-47546|6] [deimos-esw-47546, deimos-esw-12055, deimos-esw-60283, deimos-esw-31385, deimos-esw-41095, deimos-esw-36085, deimos-esw-53885, deimos-esw-27458, deimos-esw-13405, deimos-esw-25861]
 INFO  [pool-1-thread-1] {org.radargun.cachewrappers.InfinispanXSWrapper} Using transaction manager: Transaction: unknown
 INFO  [pool-1-thread-1] {org.radargun.cachewrappers.InfinispanXSWrapper} No RELAY2 protocol in XS wrapper
 INFO  [pool-1-thread-1] {org.radargun.cachewrappers.InfinispanXSWrapper} JGroups version: JGroups 3.2.7.Final
 INFO  [pool-1-thread-1] {org.radargun.cachewrappers.InfinispanXSWrapper} Using config attributes: {name=ispn52-repl-sync-rc.xml}
 INFO  [pool-1-thread-1] {pt.ist.fenixframework.backend.jvstm.datagrid.DataGridRepository} Initialization marker is present. Data Grid already existed.
 INFO  [pool-1-thread-1] {pt.ist.fenixframework.backend.jvstm.JVSTMBackEnd} initializeDomainClassInfos
 INFO  [pool-1-thread-1] {pt.ist.fenixframework.backend.jvstm.pstm.DomainClassInfo} serverId: 2, serverOidBase: 2000000000000
 INFO  [pool-1-thread-1] {pt.ist.fenixframework.backend.jvstm.pstm.DomainClassInfo} Existing domain class 'pt.ist.fenixframework.DomainRoot' with id '0'
 INFO  [pool-1-thread-1] {pt.ist.fenixframework.backend.jvstm.pstm.DomainClassInfo} Existing domain class 'pt.ist.fenixframework.adt.bplustree.AbstractNodeArray' with id 'a'
 INFO  [pool-1-thread-1] {pt.ist.fenixframework.backend.jvstm.pstm.DomainClassInfo} Existing domain class 'pt.ist.fenixframework.adt.bplustree.LeafNodeArray' with id 'c'
 INFO  [pool-1-thread-1] {pt.ist.fenixframework.backend.jvstm.pstm.DomainClassInfo} Existing domain class 'pt.ist.fenixframework.adt.bplustree.InnerNode' with id '8'
 INFO  [pool-1-thread-1] {pt.ist.fenixframework.backend.jvstm.pstm.DomainClassInfo} Existing domain class 'pt.ist.fenixframework.backend.jvstm.pstm.TransactionStatisticsEntry' with id '5'
 INFO  [pool-1-thread-1] {pt.ist.fenixframework.backend.jvstm.pstm.DomainClassInfo} Existing domain class 'pt.ist.fenixframework.adt.bplustree.LeafNode' with id '4'
 INFO  [pool-1-thread-1] {pt.ist.fenixframework.backend.jvstm.pstm.DomainClassInfo} Existing domain class 'pt.ist.fenixframework.adt.bplustree.InnerNodeArray' with id 'b'
 INFO  [pool-1-thread-1] {pt.ist.fenixframework.backend.jvstm.pstm.DomainClassInfo} Existing domain class 'pt.ist.fenixframework.adt.bplustree.AbstractNode' with id 'f'
 INFO  [pool-1-thread-1] {pt.ist.fenixframework.backend.jvstm.pstm.DomainClassInfo} Existing domain class 'pt.ist.fenixframework.backend.jvstm.pstm.FenixFrameworkData' with id 'd'
 INFO  [pool-1-thread-1] {pt.ist.fenixframework.backend.jvstm.pstm.DomainClassInfo} Existing domain class 'pt.ist.fenixframework.adt.bplustree.DomainBPlusTree' with id 'e'
 INFO  [pool-1-thread-1] {pt.ist.fenixframework.backend.jvstm.pstm.DomainClassInfo} Existing domain class 'pt.ist.fenixframework.adt.bplustree.BPlusTree' with id '7'
 INFO  [pool-1-thread-1] {pt.ist.fenixframework.backend.jvstm.pstm.DomainClassInfo} Existing domain class 'pt.ist.fenixframework.adt.bplustree.DomainInnerNode' with id '3'
 INFO  [pool-1-thread-1] {pt.ist.fenixframework.backend.jvstm.pstm.DomainClassInfo} Existing domain class 'pt.ist.fenixframework.adt.linkedlist.ListNode' with id '6'
 INFO  [pool-1-thread-1] {pt.ist.fenixframework.backend.jvstm.pstm.DomainClassInfo} Existing domain class 'pt.ist.fenixframework.adt.linkedlist.LinkedList' with id '9'
 INFO  [pool-1-thread-1] {pt.ist.fenixframework.backend.jvstm.pstm.DomainClassInfo} Existing domain class 'pt.ist.fenixframework.adt.bplustree.BPlusTreeArray' with id '2'
 INFO  [pool-1-thread-1] {pt.ist.fenixframework.backend.jvstm.pstm.DomainClassInfo} Existing domain class 'pt.ist.fenixframework.adt.bplustree.DomainLeafNode' with id '1'
 INFO  [pool-1-thread-1] {pt.ist.fenixframework.backend.jvstm.JVSTMBackEnd} setupJVSTM
 INFO  [pool-1-thread-1] {pt.ist.fenixframework.backend.jvstm.JVSTMBackEnd} Setting the last committed TX number to 2
 INFO  [pool-1-thread-1] {pt.ist.fenixframework.backend.jvstm.JVSTMBackEnd} createDomainRootIfNeeded
 INFO  [pool-1-thread-1] {pt.ist.fenixframework.backend.jvstm.JVSTMBackEnd} ensureFenixFrameworkDataExists
 INFO  [pool-1-thread-1] {pt.ist.fenixframework.hibernatesearch.HibernateSearchConfig} Resource 'fenix-framework-hibernate-search.properties' not found. Hibernate Search disabled
 INFO  [pool-1-thread-1] {pt.ist.fenixframework.FenixFramework} Initialization of Fenix Framework is now complete.
 INFO  [pool-1-thread-1] {org.radargun.cachewrappers.FFWrapper} FF STARTED=true
 INFO  [pool-1-thread-1] {org.radargun.stages.helpers.StartHelper} Number of members is the one expected: 10
 INFO  [pool-1-thread-1] {org.radargun.stages.StartClusterStage} Successfully started cache wrapper on slave 2: org.radargun.cachewrappers.FFWrapper@565e329e
 INFO  [pool-1-thread-1] {org.radargun.Slave} Finished stage: StartCluster {config=ispn52-repl-sync-rc.xml, delayAfterFirstSlaveStarts=5.000 secs, delayBetweenStartingSlaves=0.500 secs, exitBenchmarkOnSlaveFailure=true, expectNumSlaves=null, mayFailOn=null, reachable=null, runOnAllSlaves=false, slaves=null, staggerSlaveStartup=true, useSmartClassLoading=true, validateCluster=true }
 INFO  [main] {org.radargun.Slave} Ack successfully sent to the master
 INFO  [pool-1-thread-1] {org.radargun.Slave} Executing stage: ClusterValidation {exitBenchmarkOnSlaveFailure=false, partialReplication=false, replicationTimeSleep=2000, replicationTryCount=60, runOnAllSlaves=false, slaves=null, useSmartClassLoading=true }
 INFO  [pool-1-thread-1] {org.radargun.stages.ClusterValidationStage} Number of caches that replicated here is 2
 INFO  [pool-1-thread-1] {org.radargun.stages.ClusterValidationStage} Replication test failed, 1 tries so far. Sleeping for 2 seconds and trying again.
 INFO  [pool-1-thread-1] {org.radargun.stages.ClusterValidationStage} Number of caches that replicated here is 9
 INFO  [pool-1-thread-1] {org.radargun.stages.ClusterValidationStage} Replication test successfully passed. partialReplication? false, replicationCount = 9
 INFO  [pool-1-thread-1] {org.radargun.stages.ClusterValidationStage} Confirm phase successful.
 INFO  [pool-1-thread-1] {org.radargun.Slave} Finished stage: ClusterValidation {exitBenchmarkOnSlaveFailure=false, partialReplication=false, replicationTimeSleep=2000, replicationTryCount=60, runOnAllSlaves=false, slaves=[ 0, 1, 2, 3, 4, 5, 6, 7, 8, 9 ], useSmartClassLoading=true }
 INFO  [main] {org.radargun.Slave} Ack successfully sent to the master
 INFO  [pool-1-thread-1] {org.radargun.Slave} Executing stage: StressTestWarmup {bulkSize=1, cacheSpecificKeyGenerator=false, commitTransactions=true, duration=1 mins 0 secs, entrySize=1000, exitBenchmarkOnSlaveFailure=false, fixedKeys=true, generateHistogramRange=false, keyGeneratorClass=org.radargun.stressors.StringKeyGenerator, keyGeneratorParam=null, loadAllKeys=false, numEntries=100, numOfThreads=4, numRequests=10000, numThreads=4, numberOfAttributes=100, numberOfRequests=10000, opsCountStatusLog=100000, poolKeys=true, preferAsyncOperations=false, removePercentage=0, replaceInvalidPercentage=40, runOnAllSlaves=false, sharedKeys=false, sizeOfAnAttribute=1000, slaves=null, transactionSize=50, useAtomics=false, useHistogramStatistics=false, useSimpleStatistics=true, useSmartClassLoading=true, useTransactions=null, writePercentage=20, writeTxPercentage=20 }
 INFO  [pool-1-thread-1] {org.radargun.stages.StressTestWarmupStage} Starting StressTestWarmupStage: StressTestWarmup {bulkSize=1, cacheSpecificKeyGenerator=false, commitTransactions=true, duration=1 mins 0 secs, entrySize=1000, exitBenchmarkOnSlaveFailure=false, fixedKeys=true, generateHistogramRange=false, keyGeneratorClass=org.radargun.stressors.StringKeyGenerator, keyGeneratorParam=null, loadAllKeys=false, numEntries=100, numOfThreads=4, numRequests=10000, numThreads=4, numberOfAttributes=100, numberOfRequests=10000, opsCountStatusLog=100000, poolKeys=true, preferAsyncOperations=false, removePercentage=0, replaceInvalidPercentage=40, runOnAllSlaves=false, sharedKeys=false, sizeOfAnAttribute=1000, slaves=null, transactionSize=50, useAtomics=false, useHistogramStatistics=false, useSimpleStatistics=true, useSmartClassLoading=true, useTransactions=null, writePercentage=20, writeTxPercentage=20 }
 INFO  [pool-1-thread-1] {org.radargun.stressors.StressTestStressor} Using key generator org.radargun.stressors.StringKeyGenerator, param null
 INFO  [pool-1-thread-1] {org.radargun.stressors.StressTestStressor} Executing: StressTestStressor{opsCountStatusLog=100000, numRequests=10000, numEntries=100, entrySize=1000, writePercentage=20, numThreads=4, cacheWrapper=org.radargun.cachewrappers.FFWrapper@565e329e, nodeIndex=2, useTransactions=true, transactionSize=50, commitTransactions=true, durationMillis=60000}
 INFO  [pool-1-thread-1] {org.radargun.stressors.StressTestStressor} Cache wrapper info is: FFWrapper using infinispan52
[GC 268839K->20295K(2944064K), 0.0518560 secs]
[GC 276359K->16010K(2944064K), 0.0371290 secs]
 INFO  [pool-1-thread-1] {org.radargun.stressors.StressTestStressor} Started 4 stressor threads.
 INFO  [Stressor-1] {org.radargun.stressors.StressTestStressor} Number of ops executed so far: 1. Elapsed time: 0.001 secs. Remaining: 59.999 secs. Total: 1 mins 0 secs
[GC 272074K->19743K(2944064K), 0.0362530 secs]
[GC 275807K->27732K(2944064K), 0.0407210 secs]
[GC 283796K->36135K(2944064K), 0.0382160 secs]
[GC 292199K->40411K(2944064K), 0.0408600 secs]
 INFO  [Stressor-0] {org.radargun.stressors.StressTestStressor} Number of ops executed so far: 28550. Elapsed time: 20.003 secs. Remaining: 39.997 secs. Total: 1 mins 0 secs
[GC 296475K->51449K(2944064K), 0.0464710 secs]
[GC 307513K->64278K(2944064K), 0.0447880 secs]
[GC 320342K->58986K(2944064K), 0.0460280 secs]
[GC 315050K->71129K(2944064K), 0.0472220 secs]
[GC 327193K->88378K(2944064K), 0.0510950 secs]
 INFO  [Stressor-1] {org.radargun.stressors.StressTestStressor} Number of ops executed so far: 93600. Elapsed time: 40.004 secs. Remaining: 19.996 secs. Total: 1 mins 0 secs
[GC 344442K->92640K(2944064K), 0.0527200 secs]
[GC 348704K->83476K(2944064K), 0.0485880 secs]
[GC 339540K->95198K(2944064K), 0.0527930 secs]
[GC 351262K->112816K(2944064K), 0.0683020 secs]
[GC 368880K->86841K(2944064K), 0.0588610 secs]
[GC 342905K->101361K(2944064K), 0.0571120 secs]
 INFO  [Stressor-1] {org.radargun.stressors.StressTestStressor} Number of ops executed so far: 180600. Elapsed time: 1 mins 0 secs. Remaining: 0.000 secs. Total: 1 mins 0 secs
 INFO  [pool-1-thread-1] {org.radargun.stressors.StressTestStressor} Finished generating report. Test duration is: 1 mins 12 secs
 INFO  [pool-1-thread-1] {org.radargun.stages.StressTestWarmupStage} The warmup took: 72 seconds.
 INFO  [pool-1-thread-1] {org.radargun.Slave} Finished stage: StressTestWarmup {bulkSize=1, cacheSpecificKeyGenerator=false, commitTransactions=true, duration=1 mins 0 secs, entrySize=1000, exitBenchmarkOnSlaveFailure=false, fixedKeys=true, generateHistogramRange=false, keyGeneratorClass=org.radargun.stressors.StringKeyGenerator, keyGeneratorParam=null, loadAllKeys=false, numEntries=100, numOfThreads=4, numRequests=10000, numThreads=4, numberOfAttributes=100, numberOfRequests=10000, opsCountStatusLog=100000, poolKeys=true, preferAsyncOperations=false, removePercentage=0, replaceInvalidPercentage=40, runOnAllSlaves=false, sharedKeys=false, sizeOfAnAttribute=1000, slaves=null, transactionSize=50, useAtomics=false, useHistogramStatistics=false, useSimpleStatistics=true, useSmartClassLoading=true, useTransactions=null, writePercentage=20, writeTxPercentage=20 }
 INFO  [main] {org.radargun.Slave} Ack successfully sent to the master
[GC 357425K->95920K(2944064K), 0.0519130 secs]
[GC 351984K->119709K(2944064K), 0.0468520 secs]
[GC 375773K->90229K(2944064K), 0.0471300 secs]
[GC 346293K->100913K(2944064K), 0.0506570 secs]
[GC 356977K->104190K(2944064K), 0.0505940 secs]
[GC 360254K->107650K(2944064K), 0.0524550 secs]
[GC 363714K->113438K(2944064K), 0.0566850 secs]
[GC 369502K->134496K(2944064K), 0.0574820 secs]
[GC 390560K->126311K(2944064K), 0.0579710 secs]
[GC 382375K->133278K(2944064K), 0.0573980 secs]
[GC 389342K->139993K(2944064K), 0.0632080 secs]
[GC 396057K->151088K(2944064K), 0.0634390 secs]
[GC 407152K->157027K(2944064K), 0.0621750 secs]
[GC 413091K->184071K(2944064K), 0.0680200 secs]
 INFO  [pool-1-thread-1] {org.radargun.Slave} Executing stage: ClearClusterStage {ClearCluster {exitBenchmarkOnSlaveFailure=false, runOnAllSlaves=false, slaves=[ 0 ], useSmartClassLoading=true }
 INFO  [pool-1-thread-1] {org.radargun.stages.ClearClusterStage} Before executing clear, memory looks like this: Memory - free: 2,720,649 kb - max:4,906,688 kb- total:2,944,064 kb
[Full GC 223414K->132967K(2944064K), 0.6784270 secs]
 INFO  [pool-1-thread-1] {org.radargun.stages.ClearClusterStage} After executing cleanup, memory looks like this: Memory - free: 2,809,996 kb - max:4,906,688 kb- total:2,944,192 kb
 INFO  [pool-1-thread-1] {org.radargun.Slave} Finished stage: ClearClusterStage {ClearCluster {exitBenchmarkOnSlaveFailure=false, runOnAllSlaves=false, slaves=[ 0 ], useSmartClassLoading=true }
 INFO  [main] {org.radargun.Slave} Ack successfully sent to the master
 INFO  [pool-1-thread-1] {org.radargun.Slave} Executing stage: StressTest {bulkSize=1, cacheSpecificKeyGenerator=false, commitTransactions=true, duration=1 mins 0 secs, entrySize=1000, exitBenchmarkOnSlaveFailure=false, fixedKeys=true, generateHistogramRange=false, keyGeneratorClass=org.radargun.stressors.StringKeyGenerator, keyGeneratorParam=null, loadAllKeys=false, numEntries=10000, numOfThreads=4, numRequests=10000000, numThreads=4, numberOfAttributes=10000, numberOfRequests=10000000, opsCountStatusLog=500000, poolKeys=true, preferAsyncOperations=false, removePercentage=0, replaceInvalidPercentage=40, runOnAllSlaves=false, sharedKeys=false, sizeOfAnAttribute=1000, slaves=null, transactionSize=10000, useAtomics=false, useHistogramStatistics=false, useSimpleStatistics=true, useSmartClassLoading=true, useTransactions=true, writePercentage=0, writeTxPercentage=0 }
 INFO  [pool-1-thread-1] {org.radargun.stages.StressTestStage} Starting StressTestStage: StressTest {bulkSize=1, cacheSpecificKeyGenerator=false, commitTransactions=true, duration=1 mins 0 secs, entrySize=1000, exitBenchmarkOnSlaveFailure=false, fixedKeys=true, generateHistogramRange=false, keyGeneratorClass=org.radargun.stressors.StringKeyGenerator, keyGeneratorParam=null, loadAllKeys=false, numEntries=10000, numOfThreads=4, numRequests=10000000, numThreads=4, numberOfAttributes=10000, numberOfRequests=10000000, opsCountStatusLog=500000, poolKeys=true, preferAsyncOperations=false, removePercentage=0, replaceInvalidPercentage=40, runOnAllSlaves=false, sharedKeys=false, sizeOfAnAttribute=1000, slaves=null, transactionSize=10000, useAtomics=false, useHistogramStatistics=false, useSimpleStatistics=true, useSmartClassLoading=true, useTransactions=true, writePercentage=0, writeTxPercentage=0 }
 INFO  [pool-1-thread-1] {org.radargun.stressors.StressTestStressor} Using key generator org.radargun.stressors.StringKeyGenerator, param null
 INFO  [pool-1-thread-1] {org.radargun.stressors.StressTestStressor} Executing: StressTestStressor{opsCountStatusLog=500000, numRequests=10000000, numEntries=10000, entrySize=1000, writePercentage=0, numThreads=4, cacheWrapper=org.radargun.cachewrappers.FFWrapper@565e329e, nodeIndex=2, useTransactions=true, transactionSize=10000, commitTransactions=true, durationMillis=60000}
 INFO  [pool-1-thread-1] {org.radargun.stressors.StressTestStressor} Cache wrapper info is: FFWrapper using infinispan52
[GC 389095K->207926K(2944192K), 0.0357350 secs]
[GC 464054K->152434K(2944192K), 0.0410490 secs]
[GC 408562K->148118K(2944192K), 0.0334230 secs]
[GC 404246K->152523K(2944192K), 0.0369950 secs]
[GC 408651K->155776K(2944192K), 0.0407540 secs]
[GC 411904K->161789K(2944192K), 0.0354630 secs]
[GC 417917K->172654K(2944192K), 0.0382320 secs]
[GC 428782K->179396K(2944192K), 0.0384080 secs]
[GC 435524K->179710K(2944192K), 0.0416880 secs]
[GC 435838K->178414K(2944192K), 0.0405260 secs]
[GC 434542K->181967K(2944192K), 0.0466660 secs]
[GC 438095K->187062K(2944192K), 0.0485890 secs]
[GC 443190K->192551K(2944192K), 0.0486540 secs]
[GC 448679K->198340K(2944192K), 0.0529270 secs]
[GC 454468K->204133K(2944192K), 0.0546130 secs]
[GC 460261K->213172K(2944192K), 0.0586940 secs]
[GC 469300K->219641K(2944192K), 0.0570880 secs]
[GC 475769K->218077K(2944192K), 0.0527970 secs]
[GC 474205K->221116K(2944192K), 0.0541230 secs]
[GC 477244K->238198K(2944192K), 0.0562490 secs]
[GC 494326K->231365K(2944192K), 0.0548600 secs]
[GC 487493K->237842K(2944192K), 0.0512350 secs]
[GC 493970K->236921K(2944192K), 0.0557390 secs]
[GC 493049K->243688K(2944192K), 0.0515650 secs]
[GC 499816K->226314K(2944192K), 0.0562190 secs]
[GC 482442K->231449K(2944192K), 0.0517410 secs]
[GC 487577K->253642K(2944192K), 0.0509980 secs]
[GC 509770K->260509K(2944192K), 0.0528020 secs]
[GC 516637K->253038K(2944192K), 0.0533980 secs]
[GC 509166K->273139K(2944192K), 0.0537800 secs]
[GC 529267K->248471K(2944192K), 0.0579820 secs]
[GC 504599K->263189K(2944192K), 0.0646300 secs]
[GC 519317K->273764K(2944192K), 0.0534050 secs]
[GC 529892K->259455K(2944192K), 0.0544750 secs]
[GC 515583K->261687K(2944192K), 0.0552700 secs]
[GC 517815K->286514K(2944192K), 0.0556630 secs]
[GC 542642K->264830K(2944192K), 0.0561850 secs]
[GC 520958K->270468K(2944192K), 0.0483690 secs]
[GC 526596K->272141K(2944192K), 0.0526880 secs]
[GC 528269K->289314K(2944192K), 0.0538140 secs]
[GC 545442K->275965K(2944192K), 0.0572420 secs]
[GC 532093K->278998K(2944192K), 0.0531940 secs]
[GC 535126K->290485K(2944192K), 0.0545330 secs]
[GC 546613K->267268K(2944192K), 0.0519930 secs]
[GC 523396K->288563K(2944192K), 0.0491510 secs]
[GC 544691K->290915K(2944192K), 0.0539780 secs]
[GC 547043K->294848K(2944192K), 0.0613330 secs]
[GC 550976K->312945K(2944192K), 0.0572540 secs]
[GC 569073K->299176K(2944192K), 0.0554500 secs]
[GC 555304K->314825K(2944192K), 0.0566890 secs]
 INFO  [pool-1-thread-1] {org.radargun.stressors.StressTestStressor} Started 4 stressor threads.
 INFO  [Stressor-2] {org.radargun.stressors.StressTestStressor} Number of ops executed so far: 1. Elapsed time: 0.000 secs. Remaining: 1 mins 0 secs. Total: 1 mins 0 secs
[GC 570953K->298229K(2944192K), 0.0685950 secs]
[GC 554357K->293148K(2944192K), 0.0508820 secs]
[GC 549276K->293378K(2944192K), 0.0509190 secs]
[GC 549506K->291193K(2944192K), 0.0470960 secs]
[GC 547321K->290702K(2944192K), 0.0490700 secs]
[GC 546830K->300083K(2944192K), 0.0451990 secs]
[GC 556211K->289993K(2944192K), 0.0421860 secs]
[GC 546121K->289607K(2944192K), 0.0417270 secs]
[GC 545735K->297981K(2944192K), 0.0476510 secs]
[GC 554109K->291225K(2944192K), 0.0466110 secs]
[GC 547353K->286792K(2944192K), 0.0464710 secs]
[GC 542920K->288827K(2944192K), 0.0363640 secs]
[GC 544955K->289263K(2944192K), 0.0417210 secs]
[GC 545391K->281962K(2944192K), 0.0367360 secs]
[GC 538090K->283546K(2944192K), 0.0333860 secs]
[GC 539674K->282420K(2944192K), 0.0289920 secs]
[GC 538548K->282337K(2944192K), 0.0300520 secs]
[GC 538465K->282105K(2944192K), 0.0300480 secs]
[GC 538233K->281938K(2944192K), 0.0278980 secs]
[GC 538066K->283534K(2944192K), 0.0264430 secs]
 INFO  [Stressor-3] {org.radargun.stressors.StressTestStressor} Number of ops executed so far: 15553819. Elapsed time: 20.000 secs. Remaining: 40.000 secs. Total: 1 mins 0 secs
[GC 539662K->285011K(2944192K), 0.0334370 secs]
[GC 541128K->285722K(2944192K), 0.0275390 secs]
[GC 541850K->284970K(2944192K), 0.0278570 secs]
[GC 541098K->284290K(2944192K), 0.0269250 secs]
[GC 540418K->285099K(2944192K), 0.0289120 secs]
[GC 541227K->285587K(2944192K), 0.0298140 secs]
[GC 541715K->284972K(2944192K), 0.0283010 secs]
[GC 541100K->286638K(2944192K), 0.0305730 secs]
[GC 542766K->286708K(2944192K), 0.0292010 secs]
[GC 542836K->286862K(2944192K), 0.0287420 secs]
[GC 542990K->287220K(2944192K), 0.0270310 secs]
[GC 543348K->288518K(2944192K), 0.0281750 secs]
[GC 544646K->286789K(2944192K), 0.0293370 secs]
[GC 542917K->287259K(2944192K), 0.0291740 secs]
[GC 543387K->288541K(2944192K), 0.0283380 secs]
[GC 544669K->288514K(2944192K), 0.0265150 secs]
[GC 544642K->288933K(2944192K), 0.0257090 secs]
[GC 545061K->290262K(2944192K), 0.0291670 secs]
[GC 546390K->288339K(2944192K), 0.0269870 secs]
[GC 544467K->289605K(2944192K), 0.0259220 secs]
[GC 545733K->289757K(2944192K), 0.0287470 secs]
 INFO  [Stressor-1] {org.radargun.stressors.StressTestStressor} Number of ops executed so far: 31000360. Elapsed time: 40.000 secs. Remaining: 20.000 secs. Total: 1 mins 0 secs
[GC 545885K->290587K(2944192K), 0.0280210 secs]
[GC 546715K->292183K(2944192K), 0.0264780 secs]
[GC 548311K->289907K(2944192K), 0.0245270 secs]
[GC 546035K->291141K(2944192K), 0.0281900 secs]
[GC 547269K->290997K(2944192K), 0.0308190 secs]
[GC 547125K->290415K(2944192K), 0.0262090 secs]
[GC 546543K->292064K(2944192K), 0.0277240 secs]
[GC 548192K->293884K(2944192K), 0.0304160 secs]
[GC 550012K->292434K(2944192K), 0.0306170 secs]
[GC 548562K->293059K(2944192K), 0.0281910 secs]
[GC 549187K->293883K(2944192K), 0.0275600 secs]
[GC 550011K->294750K(2944192K), 0.0295060 secs]
[GC 550878K->295314K(2944192K), 0.0267620 secs]
[GC 551442K->295410K(2944192K), 0.0263520 secs]
[GC 551538K->297267K(2944192K), 0.0320670 secs]
[GC 553395K->295577K(2944192K), 0.0270930 secs]
[GC 551705K->296831K(2944192K), 0.0294890 secs]
[GC 552959K->296469K(2944192K), 0.0291060 secs]
[GC 552597K->296733K(2944192K), 0.0279980 secs]
[GC 552861K->298279K(2944192K), 0.0314520 secs]
 INFO  [Stressor-2] {org.radargun.stressors.StressTestStressor} Number of ops executed so far: 46090690. Elapsed time: 1 mins 0 secs. Remaining: 0.000 secs. Total: 1 mins 0 secs
 INFO  [pool-1-thread-1] {org.radargun.stressors.StressTestStressor} Finished generating report. Test duration is: 4 mins 34 secs
 INFO  [pool-1-thread-1] {org.radargun.stages.StressTestStage} size info: FFWrapper using infinispan52, clusterSize:10, nodeIndex:2, cacheSize: -1
 INFO  [pool-1-thread-1] {org.radargun.Slave} Finished stage: StressTest {bulkSize=1, cacheSpecificKeyGenerator=false, commitTransactions=true, duration=1 mins 0 secs, entrySize=1000, exitBenchmarkOnSlaveFailure=false, fixedKeys=true, generateHistogramRange=false, keyGeneratorClass=org.radargun.stressors.StringKeyGenerator, keyGeneratorParam=null, loadAllKeys=false, numEntries=10000, numOfThreads=4, numRequests=10000000, numThreads=4, numberOfAttributes=10000, numberOfRequests=10000000, opsCountStatusLog=500000, poolKeys=true, preferAsyncOperations=false, removePercentage=0, replaceInvalidPercentage=40, runOnAllSlaves=false, sharedKeys=false, sizeOfAnAttribute=1000, slaves=null, transactionSize=10000, useAtomics=false, useHistogramStatistics=false, useSimpleStatistics=true, useSmartClassLoading=true, useTransactions=true, writePercentage=0, writeTxPercentage=0 }
 INFO  [main] {org.radargun.Slave} Ack successfully sent to the master
[GC 554407K->296137K(2944192K), 0.0294440 secs]
[GC 552265K->298935K(2944192K), 0.0290730 secs]
[GC 555063K->300651K(2944192K), 0.0314590 secs]
[GC 556779K->303863K(2944192K), 0.0316900 secs]
[GC 559991K->307613K(2944192K), 0.0297150 secs]
[GC 563741K->311311K(2944192K), 0.0318530 secs]
[GC 567439K->314793K(2944192K), 0.0343560 secs]
[GC 570921K->317854K(2944192K), 0.0595870 secs]
[GC 573982K->321628K(2944192K), 0.0354570 secs]
[GC 577756K->325435K(2944192K), 0.0379270 secs]
[GC 581563K->328879K(2944192K), 0.0413500 secs]
[GC 585007K->332679K(2944192K), 0.0406380 secs]
[GC 588807K->335874K(2944192K), 0.0439600 secs]
[GC 592002K->339534K(2944192K), 0.0436160 secs]
[GC 595662K->350165K(2944192K), 0.1032180 secs]
[GC 606293K->331256K(2944192K), 0.0480490 secs]
[GC 587384K->346518K(2944192K), 0.0444390 secs]
[GC 602646K->345685K(2944192K), 0.0440530 secs]
[GC 601813K->348939K(2944192K), 0.0475430 secs]
[GC 605067K->350561K(2944192K), 0.0442280 secs]
[GC 606689K->351404K(2944192K), 0.0511950 secs]
[GC 607532K->344884K(2944192K), 0.0522160 secs]
[GC 601012K->354081K(2944192K), 0.0492890 secs]
[GC 610209K->354920K(2944192K), 0.0474140 secs]
[GC 611048K->355890K(2944192K), 0.0450900 secs]
[GC 612018K->357330K(2944192K), 0.0445430 secs]
[GC 613458K->351651K(2944192K), 0.0443660 secs]
[GC 607779K->359792K(2944192K), 0.0401680 secs]
[GC 615920K->360828K(2944192K), 0.0422220 secs]
[GC 616956K->356043K(2944192K), 0.0414300 secs]
[GC 612171K->357569K(2944192K), 0.0457900 secs]
[GC 613697K->365612K(2944192K), 0.0452340 secs]
[GC 621740K->360479K(2944192K), 0.0427560 secs]
[GC 616607K->361599K(2944192K), 0.0399660 secs]
[GC 617727K->368935K(2944192K), 0.0410080 secs]
[GC 625063K->370859K(2944192K), 0.0428600 secs]
[GC 626987K->372523K(2944192K), 0.0415300 secs]
[GC 628651K->368334K(2944192K), 0.0414020 secs]
[GC 624462K->370174K(2944192K), 0.0493480 secs]
[GC 626302K->378695K(2944192K), 0.0430320 secs]
[GC 634823K->386764K(2944192K), 0.0443920 secs]
[GC 642892K->375776K(2944192K), 0.0413090 secs]
[GC 631904K->380749K(2944192K), 0.0502160 secs]
[GC 636877K->392246K(2944192K), 0.0494850 secs]
[GC 648374K->381414K(2944192K), 0.0451480 secs]
[GC 637542K->392599K(2944192K), 0.0443970 secs]
[GC 648727K->391239K(2944192K), 0.0454970 secs]
[GC 647367K->393876K(2944192K), 0.0461910 secs]
[GC 650004K->395997K(2944192K), 0.0442680 secs]
[GC 652125K->398036K(2944192K), 0.0414850 secs]
[GC 654164K->399925K(2944192K), 0.0452190 secs]
[GC 656053K->401848K(2944192K), 0.0525730 secs]
[GC 657976K->403772K(2944192K), 0.0472160 secs]
[GC 659900K->398688K(2944192K), 0.0515650 secs]
[GC 654816K->407392K(2944192K), 0.0458840 secs]
[GC 663520K->416168K(2944192K), 0.0437970 secs]
[GC 672296K->404220K(2944192K), 0.0456320 secs]
[GC 660348K->415157K(2944192K), 0.0516270 secs]
[GC 671285K->413655K(2944192K), 0.0445730 secs]
[GC 669783K->423061K(2944192K), 0.0458230 secs]
[GC 679189K->411314K(2944192K), 0.0462640 secs]
[GC 667442K->428824K(2944192K), 0.0472050 secs]
[GC 684952K->418001K(2944192K), 0.0510000 secs]
[GC 674129K->419960K(2944192K), 0.0423810 secs]
[GC 676088K->431676K(2944192K), 0.0443610 secs]
[GC 687804K->420466K(2944192K), 0.0448830 secs]
[GC 676594K->432117K(2944192K), 0.0508440 secs]
[GC 688245K->423956K(2944192K), 0.0428300 secs]
[GC 680084K->433293K(2944192K), 0.0486830 secs]
[GC 689421K->428400K(2944192K), 0.0468360 secs]
[GC 684528K->437219K(2944192K), 0.0428050 secs]
[GC 693347K->432158K(2944192K), 0.0477410 secs]
[GC 688286K->441227K(2944192K), 0.0488280 secs]
[GC 697355K->443157K(2944192K), 0.0479460 secs]
[GC 699285K->445148K(2944192K), 0.0421280 secs]
[GC 701276K->439845K(2944192K), 0.0488150 secs]
[GC 695973K->441916K(2944192K), 0.0456420 secs]
[GC 698044K->443660K(2944192K), 0.0454020 secs]
[GC 699788K->452802K(2944192K), 0.0453780 secs]
[GC 708930K->447415K(2944192K), 0.0423830 secs]
[GC 703543K->449408K(2944192K), 0.0534260 secs]
[GC 705536K->451158K(2944192K), 0.0483030 secs]
[GC 707286K->460232K(2944192K), 0.0471760 secs]
[GC 716360K->469180K(2944192K), 0.0525850 secs]
[GC 725308K->456819K(2944192K), 0.0458180 secs]
[GC 712947K->468522K(2944192K), 0.0449960 secs]
[GC 724650K->466835K(2944192K), 0.0426820 secs]
[GC 722963K->469541K(2944192K), 0.0541490 secs]
[GC 725669K->471408K(2944192K), 0.0453580 secs]
[GC 727536K->473532K(2944192K), 0.0455620 secs]
[GC 729660K->468050K(2944192K), 0.0439120 secs]
[GC 724178K->477111K(2944192K), 0.0439490 secs]
[GC 733239K->486132K(2944192K), 0.0441850 secs]
[GC 742260K->473819K(2944192K), 0.0438800 secs]
[GC 729947K->485690K(2944192K), 0.0484010 secs]
[GC 741818K->484047K(2944192K), 0.0458010 secs]
[GC 740175K->486830K(2944192K), 0.0453720 secs]
[GC 742958K->481391K(2944192K), 0.0509820 secs]
[GC 737519K->483508K(2944192K), 0.0487780 secs]
[GC 739636K->492409K(2944192K), 0.0473800 secs]
[GC 748537K->487261K(2944192K), 0.0494590 secs]
[GC 743389K->496036K(2944192K), 0.0426940 secs]
[GC 752164K->498014K(2944192K), 0.0490360 secs]
[GC 754142K->499888K(2944192K), 0.0434120 secs]
[GC 756016K->494682K(2944192K), 0.0434750 secs]
[GC 750810K->503822K(2944192K), 0.0445760 secs]
[GC 759950K->512813K(2944192K), 0.0526980 secs]
[GC 768941K->500436K(2944192K), 0.0535340 secs]
[GC 756564K->511732K(2944192K), 0.0447240 secs]
[GC 767860K->510175K(2944192K), 0.0454760 secs]
[GC 766303K->512487K(2944192K), 0.0630130 secs]
[GC 768615K->514863K(2944192K), 0.0453130 secs]
[GC 770991K->516881K(2944192K), 0.0455480 secs]
[GC 773009K->518760K(2944192K), 0.0532270 secs]
[GC 774888K->520861K(2944192K), 0.0457730 secs]
[GC 776989K->515429K(2944192K), 0.0436110 secs]
[GC 771557K->524769K(2944192K), 0.0435700 secs]
[GC 780897K->526647K(2944192K), 0.0435250 secs]
[GC 782775K->521302K(2944192K), 0.0466810 secs]
[GC 777430K->523001K(2944192K), 0.0519830 secs]
[GC 779129K->532241K(2944192K), 0.0484710 secs]
[GC 788369K->534139K(2944192K), 0.0497610 secs]
[GC 790267K->536149K(2944192K), 0.0457690 secs]
[GC 792277K->538265K(2944192K), 0.0470350 secs]
[GC 794393K->532688K(2944192K), 0.0530180 secs]
[GC 788816K->534786K(2944192K), 0.0511480 secs]
[GC 790914K->536495K(2944192K), 0.0494630 secs]
[GC 792623K->545726K(2944192K), 0.0453980 secs]
[GC 801854K->547491K(2944192K), 0.0477980 secs]
[GC 803619K->549394K(2944192K), 0.0518390 secs]
[GC 805522K->551493K(2944192K), 0.0452410 secs]
[GC 807621K->560661K(2944192K), 0.0644560 secs]
[GC 816789K->548030K(2944192K), 0.0438230 secs]
[GC 804158K->559822K(2944192K), 0.0521330 secs]
[GC 815950K->558395K(2944192K), 0.0464020 secs]
[GC 814523K->568227K(2944192K), 0.0465940 secs]
[GC 824355K->555733K(2944192K), 0.0462480 secs]
[GC 811861K->574256K(2944192K), 0.0464540 secs]
[GC 830384K->562907K(2944192K), 0.0445070 secs]
[GC 819035K->578291K(2944192K), 0.0473980 secs]
[GC 834419K->562307K(2944192K), 0.0476160 secs]
[GC 818435K->582319K(2944192K), 0.0437190 secs]
[GC 838447K->566313K(2944192K), 0.0451060 secs]
[GC 822441K->579361K(2944192K), 0.0521370 secs]
[GC 835489K->577889K(2944192K), 0.0468680 secs]
[GC 834017K->573328K(2944192K), 0.0470200 secs]
[GC 829456K->582875K(2944192K), 0.0565500 secs]
[GC 839003K->584880K(2944192K), 0.0507110 secs]
[GC 841008K->579569K(2944192K), 0.0489900 secs]
[GC 835697K->588889K(2944192K), 0.0455750 secs]
[GC 845017K->583517K(2944192K), 0.0533750 secs]
[GC 839645K->592775K(2944192K), 0.0467390 secs]
[GC 848903K->594837K(2944192K), 0.0457880 secs]
[GC 850965K->596605K(2944192K), 0.0428120 secs]
[GC 852733K->598491K(2944192K), 0.0468040 secs]
[GC 854619K->592995K(2944192K), 0.0616830 secs]
[GC 849123K->602508K(2944192K), 0.0457400 secs]
[GC 858636K->597171K(2944192K), 0.0501870 secs]
[GC 853299K->599011K(2944192K), 0.0498020 secs]
[GC 855139K->601068K(2944192K), 0.0545820 secs]
[GC 857196K->610652K(2944192K), 0.0470460 secs]
[GC 866780K->612813K(2944192K), 0.0506610 secs]
[GC 868941K->614602K(2944192K), 0.0435050 secs]
[GC 870730K->616714K(2944192K), 0.0448240 secs]
[GC 872842K->626448K(2944192K), 0.0467140 secs]
[GC 882576K->613372K(2944192K), 0.0451510 secs]
[GC 869500K->632880K(2944192K), 0.0446050 secs]
[GC 889008K->616149K(2944192K), 0.0515350 secs]
[GC 872277K->622783K(2944192K), 0.0536940 secs]
[GC 878911K->620660K(2944192K), 0.0564430 secs]
[GC 876788K->639055K(2944192K), 0.0791440 secs]
[GC 895183K->625751K(2944192K), 0.0472570 secs]
[GC 881879K->638216K(2944192K), 0.0516140 secs]
[GC 894344K->636745K(2944192K), 0.0538780 secs]
[GC 892873K->647626K(2944192K), 0.0476260 secs]
[GC 903754K->634426K(2944192K), 0.0488790 secs]
[GC 890554K->647057K(2944192K), 0.0483750 secs]
[GC 903185K->645504K(2944192K), 0.0504940 secs]
[GC 901632K->648357K(2944192K), 0.0535980 secs]
[GC 904485K->650804K(2944192K), 0.0458260 secs]
[GC 906932K->660941K(2944192K), 0.0466610 secs]
[GC 917069K->647193K(2944192K), 0.0470240 secs]
[GC 903321K->660419K(2944192K), 0.0458230 secs]
[GC 916547K->666432K(2944192K), 0.0469710 secs]
[GC 922560K->653574K(2944192K), 0.0473240 secs]
[GC 909702K->666532K(2944192K), 0.0585010 secs]
[GC 922660K->664924K(2944192K), 0.0471990 secs]
[GC 921052K->667821K(2944192K), 0.0496490 secs]
[GC 923949K->662137K(2944192K), 0.0509210 secs]
[GC 918265K->672261K(2944192K), 0.0502470 secs]
[GC 928389K->674472K(2944192K), 0.0483880 secs]
[GC 930600K->668446K(2944192K), 0.0486600 secs]
[GC 924574K->678403K(2944192K), 0.0560630 secs]
[GC 934531K->672569K(2944192K), 0.0576650 secs]
[GC 928697K->674616K(2944192K), 0.0590120 secs]
[GC 930744K->684658K(2944192K), 0.0552790 secs]
[GC 940786K->686665K(2944192K), 0.0547320 secs]
[GC 942793K->688570K(2944192K), 0.0508250 secs]
[GC 944698K->690772K(2944192K), 0.0488140 secs]
[GC 946900K->692529K(2944192K), 0.0543580 secs]
[GC 948657K->694491K(2944192K), 0.0527190 secs]
[GC 950619K->696294K(2944192K), 0.0537660 secs]
[GC 952422K->698455K(2944192K), 0.0531280 secs]
[GC 954583K->700413K(2944192K), 0.0659270 secs]
[GC 956541K->702394K(2944192K), 0.0493310 secs]
[GC 958522K->704547K(2944192K), 0.0470490 secs]
[GC 960675K->698559K(2944192K), 0.0451020 secs]
[GC 954687K->708359K(2944192K), 0.0539580 secs]
[GC 964487K->710309K(2944192K), 0.0463960 secs]
[GC 966437K->712362K(2944192K), 0.0484050 secs]
[GC 968490K->714196K(2944192K), 0.0495930 secs]
[GC 970324K->716124K(2944192K), 0.0482740 secs]
[GC 972252K->725642K(2944192K), 0.0471710 secs]
[GC 981770K->712557K(2944192K), 0.0500620 secs]
[GC 968685K->725506K(2944192K), 0.1106250 secs]
[GC 981634K->724316K(2944192K), 0.0450830 secs]
[GC 980444K->727680K(2944192K), 0.0463470 secs]
[GC 983808K->730621K(2944192K), 0.0497310 secs]
[GC 986749K->733575K(2944192K), 0.0494670 secs]
[GC 989703K->745191K(2944192K), 0.0504610 secs]
[GC 1001319K->731107K(2944192K), 0.0630270 secs]
[GC 987235K->747107K(2944192K), 0.0633950 secs]
[GC 1003235K->755381K(2944192K), 0.0591980 secs]
[GC 1011509K->751111K(2944192K), 0.0632900 secs]
[GC 1007239K->755075K(2944192K), 0.0587780 secs]
[GC 1011203K->768465K(2944192K), 0.0610600 secs]
[GC 1024593K->757940K(2944192K), 0.0655200 secs]
[GC 1014068K->769704K(2944192K), 0.0660290 secs]
[GC 1025832K->779286K(2944192K), 0.0649940 secs]
[GC 1035414K->784714K(2944192K), 0.0548070 secs]
[GC 1040842K->765898K(2944192K), 0.0538360 secs]
[GC 1022026K->795326K(2944192K), 0.0597090 secs]
[GC 1051454K->777954K(2944192K), 0.0691920 secs]
[GC 1034082K->803863K(2944192K), 0.0775510 secs]
 INFO  [main] {org.radargun.Slave} Master shutdown!
 INFO  [Thread-0] {org.radargun.ShutDownHook} Slave process is being shutdown
 INFO  [hz._hzInstance_1_FenixFrameworkGroup.IO.thread-in-1] {com.hazelcast.nio.TcpIpConnection} [127.0.0.1]:5703 [FenixFrameworkGroup] Connection [Address[127.0.0.1]:5701] lost. Reason: java.io.EOFException[Remote socket closed!]
 INFO  [hz.ShutdownThread] {com.hazelcast.nio.TcpIpConnection} [127.0.0.1]:5703 [FenixFrameworkGroup] Connection [Address[127.0.0.1]:5707] lost. Reason: Socket explicitly closed
 INFO  [hz.ShutdownThread] {com.hazelcast.nio.TcpIpConnection} [127.0.0.1]:5703 [FenixFrameworkGroup] Connection [Address[127.0.0.1]:5708] lost. Reason: Socket explicitly closed
 INFO  [hz._hzInstance_1_FenixFrameworkGroup.IO.thread-in-2] {com.hazelcast.nio.TcpIpConnection} [127.0.0.1]:5703 [FenixFrameworkGroup] Connection [Address[127.0.0.1]:5710] lost. Reason: java.io.EOFException[Remote socket closed!]
 INFO  [hz.ShutdownThread] {com.hazelcast.nio.TcpIpConnection} [127.0.0.1]:5703 [FenixFrameworkGroup] Connection [Address[127.0.0.1]:5706] lost. Reason: Socket explicitly closed
 INFO  [hz._hzInstance_1_FenixFrameworkGroup.IO.thread-in-0] {com.hazelcast.nio.TcpIpConnection} [127.0.0.1]:5703 [FenixFrameworkGroup] Connection [Address[127.0.0.1]:5702] lost. Reason: java.io.EOFException[Remote socket closed!]
 INFO  [hz.ShutdownThread] {com.hazelcast.nio.TcpIpConnection} [127.0.0.1]:5703 [FenixFrameworkGroup] Connection [Address[127.0.0.1]:5705] lost. Reason: Socket explicitly closed
 INFO  [hz.ShutdownThread] {com.hazelcast.nio.TcpIpConnection} [127.0.0.1]:5703 [FenixFrameworkGroup] Connection [Address[127.0.0.1]:5709] lost. Reason: Socket explicitly closed
 INFO  [hz.ShutdownThread] {com.hazelcast.nio.TcpIpConnection} [127.0.0.1]:5703 [FenixFrameworkGroup] Connection [Address[127.0.0.1]:5704] lost. Reason: Socket explicitly closed
 INFO  [hz.ShutdownThread] {com.hazelcast.initializer} [127.0.0.1]:5703 [FenixFrameworkGroup] Destroying node initializer.
 INFO  [hz.ShutdownThread] {com.hazelcast.instance.Node} [127.0.0.1]:5703 [FenixFrameworkGroup] Hazelcast Shutdown is completed in 52 ms.
