/usr/java/jdk1.7.0_21/bin/java -server -Xmx1024M -Xms1024M -Dresolve.dns=false -Djgroups.timer.num_threads=4 -verbose:gc -Xmx5000M -Xms3000M -server -XX:+UseConcMarkSweepGC -XX:+AggressiveOpts -verbose:gc -XX:ParallelGCThreads=4 -XX:NewRatio=5 -XX:SurvivorRatio=2 -Dhazelcast.operation.thread.count=4 -Djava.net.preferIPv4Stack=true -Dlog4j.file.prefix=deimos-esw-31860 -Dbind.address= -Djgroups.bind_addr= -classpath /home/smf/github/radargun/target/distribution/RadarGun-1.1.0-SNAPSHOT/lib/activation-1.1.jar:/home/smf/github/radargun/target/distribution/RadarGun-1.1.0-SNAPSHOT/lib/commons-beanutils-1.8.0.jar:/home/smf/github/radargun/target/distribution/RadarGun-1.1.0-SNAPSHOT/lib/commons-digester-2.0.jar:/home/smf/github/radargun/target/distribution/RadarGun-1.1.0-SNAPSHOT/lib/commons-logging-1.1.1.jar:/home/smf/github/radargun/target/distribution/RadarGun-1.1.0-SNAPSHOT/lib/commons-math-1.2.jar:/home/smf/github/radargun/target/distribution/RadarGun-1.1.0-SNAPSHOT/lib/jboss-transaction-api-1.0.1.GA.jar:/home/smf/github/radargun/target/distribution/RadarGun-1.1.0-SNAPSHOT/lib/jcommon-1.0.15.jar:/home/smf/github/radargun/target/distribution/RadarGun-1.1.0-SNAPSHOT/lib/jfreechart-1.0.12.jar:/home/smf/github/radargun/target/distribution/RadarGun-1.1.0-SNAPSHOT/lib/log4j-1.2.14.jar:/home/smf/github/radargun/target/distribution/RadarGun-1.1.0-SNAPSHOT/lib/mail-1.4.2.jar:/home/smf/github/radargun/target/distribution/RadarGun-1.1.0-SNAPSHOT/lib/radargun-framework-1.1.0-SNAPSHOT.jar:/home/smf/github/radargun/target/distribution/RadarGun-1.1.0-SNAPSHOT/conf org.radargun.Slave -master 127.0.0.1:2103
--------------------------------------------------------------------------------
PerNodeRollingFileAppender::Using file prefix:deimos-esw-31860
 INFO  [main] {org.radargun.Slave} Attempting to connect to master 127.0.0.1:2103
 INFO  [main] {org.radargun.Slave} Successfully established connection with master at: 127.0.0.1:2103
Loading JARS from /home/smf/github/radargun/target/distribution/RadarGun-1.1.0-SNAPSHOT/lib/radargun-framework-1.1.0-SNAPSHOT.jar
 INFO  [pool-1-thread-1] {org.radargun.config.AnnotatedHelper} Loading JARS from /home/smf/github/radargun/target/distribution/RadarGun-1.1.0-SNAPSHOT/lib/radargun-framework-1.1.0-SNAPSHOT.jar
 INFO  [pool-1-thread-1] {org.radargun.config.AnnotatedHelper} Loading JARS from /home/smf/github/radargun/target/distribution/RadarGun-1.1.0-SNAPSHOT/lib/radargun-framework-1.1.0-SNAPSHOT.jar
 INFO  [pool-1-thread-1] {org.radargun.Slave} Executing stage: DestroyWrapper {enforceMemoryThrashHold=true, exitBenchmarkOnSlaveFailure=false, heapDumpDir=null, memoryThreshold=95, runOnAllSlaves=true, slaves=null, useSmartClassLoading=true }
 INFO  [pool-1-thread-1] {org.radargun.stages.DestroyWrapperStage} Received destroy cache wrapper request from master...
 INFO  [pool-1-thread-1] {org.radargun.stages.DestroyWrapperStage} No cache wrapper deployed on this slave, nothing to do.
 INFO  [pool-1-thread-1] {org.radargun.stages.DestroyWrapperStage} Before executing clear, memory looks like this: Memory - free: 2,928,638 kb - max:4,906,688 kb- total:2,944,000 kb
[Full GC 15361K->3631K(2944000K), 0.0813140 secs]
 INFO  [pool-1-thread-1] {org.radargun.stages.DestroyWrapperStage} After executing cleanup, memory looks like this: Memory - free: 2,935,311 kb - max:4,906,688 kb- total:2,944,064 kb
 INFO  [pool-1-thread-1] {org.radargun.Slave} Finished stage: DestroyWrapper {enforceMemoryThrashHold=true, exitBenchmarkOnSlaveFailure=false, heapDumpDir=null, memoryThreshold=95, runOnAllSlaves=true, slaves=null, useSmartClassLoading=true }
 INFO  [main] {org.radargun.Slave} Ack successfully sent to the master
 INFO  [pool-1-thread-1] {org.radargun.Slave} Executing stage: StartCluster {config=ispn52-repl-sync-rc.xml, delayAfterFirstSlaveStarts=5.000 secs, delayBetweenStartingSlaves=0.500 secs, exitBenchmarkOnSlaveFailure=true, expectNumSlaves=null, mayFailOn=null, reachable=null, runOnAllSlaves=false, slaves=null, staggerSlaveStartup=true, useSmartClassLoading=true, validateCluster=true }
 INFO  [pool-1-thread-1] {org.radargun.stages.StartClusterStage}  Startup staggering, starting 10 slaves. This is the slave with index 8. Sleeping for 9000 millis.
 INFO  [pool-1-thread-1] {org.radargun.stages.StartClusterStage} Ack master's StartCluster stage. Local address is: /127.0.0.1. This slave's index is: 8
 INFO  [pool-1-thread-1] {org.radargun.utils.ClassLoadHelper} Creating newInstance org.radargun.cachewrappers.FFWrapper with classloader java.net.URLClassLoader@52b2f956
 INFO  [pool-1-thread-1] {org.radargun.cachewrappers.FFWrapper} config=ispn52-repl-sync-rc.xml, isLocal=false, nodeIndex=8, confAttributes={name=ispn52-repl-sync-rc.xml, decorate=infinispan52}
 INFO  [pool-1-thread-1] {org.radargun.cachewrappers.FFWrapper} Found fenix framework config options in 'rg-fenix-framework-config-options.properties'.
 INFO  [pool-1-thread-1] {org.radargun.cachewrappers.FFWrapper} Setting extra config properties for Fenix Framework.
 INFO  [pool-1-thread-1] {org.radargun.cachewrappers.FFWrapper} Will initialize Fenix Framework with RadarGunDataGridConfig
 TRACE [pool-1-thread-1] {pt.ist.fenixframework.FenixFramework} Static initializer block for FenixFramework class [BEGIN]
 INFO  [pool-1-thread-1] {pt.ist.fenixframework.FenixFramework} Trying auto-initialization with configuration by convention
 INFO  [pool-1-thread-1] {pt.ist.fenixframework.FenixFramework} Resource 'fenix-framework.properties' not found
 DEBUG [pool-1-thread-1] {pt.ist.fenixframework.FenixFramework} Fenix Framework properties after reading default config file:{}
 DEBUG [pool-1-thread-1] {pt.ist.fenixframework.FenixFramework} CurrentBackEndName = jvstm-datagrid
 INFO  [pool-1-thread-1] {pt.ist.fenixframework.FenixFramework} Resource 'fenix-framework-jvstm-datagrid.properties' not found
 DEBUG [pool-1-thread-1] {pt.ist.fenixframework.FenixFramework} Fenix Framework properties after reading backend config file:{}
 DEBUG [pool-1-thread-1] {pt.ist.fenixframework.FenixFramework} Fenix Framework properties after enforcing system properties:{}
 INFO  [pool-1-thread-1] {pt.ist.fenixframework.FenixFramework} Skipping configuration by convention.
 TRACE [pool-1-thread-1] {pt.ist.fenixframework.FenixFramework} Static initializer block for FenixFramework class [END]
 INFO  [pool-1-thread-1] {pt.ist.fenixframework.FenixFramework} Initializing Fenix Framework with config.class=pt.ist.fenixframework.backend.jvstm.datagrid.radargun.RadarGunDataGridConfig
 INFO  [pool-1-thread-1] {pt.ist.fenixframework.backend.jvstm.cluster.JvstmClusterBackEnd} initializeGroupCommunication()
 INFO  [pool-1-thread-1] {com.hazelcast.config.ClasspathXmlConfig} Configuring Hazelcast from 'hazelcast-ff.xml'.
 INFO  [pool-1-thread-1] {com.hazelcast.instance.DefaultAddressPicker} Interfaces is disabled, trying to pick one address from TCP-IP config addresses: [127.0.0.1]
 INFO  [pool-1-thread-1] {com.hazelcast.instance.DefaultAddressPicker} Picked Address[127.0.0.1]:5709, using socket ServerSocket[addr=/0.0.0.0,localport=5709], bind any local is true
 INFO  [pool-1-thread-1] {com.hazelcast.system} [127.0.0.1]:5709 [FenixFrameworkGroup] Hazelcast Community Edition 3.0.2 (20130906) starting at Address[127.0.0.1]:5709
 INFO  [pool-1-thread-1] {com.hazelcast.system} [127.0.0.1]:5709 [FenixFrameworkGroup] Copyright (C) 2008-2013 Hazelcast.com
 INFO  [pool-1-thread-1] {com.hazelcast.instance.Node} [127.0.0.1]:5709 [FenixFrameworkGroup] Creating MulticastJoiner
 INFO  [pool-1-thread-1] {com.hazelcast.core.LifecycleService} [127.0.0.1]:5709 [FenixFrameworkGroup] Address[127.0.0.1]:5709 is STARTING
 INFO  [pool-1-thread-1] {com.hazelcast.cluster.TcpIpJoiner} [127.0.0.1]:5709 [FenixFrameworkGroup] Connecting to possible member: Address[127.0.0.1]:5703
 INFO  [pool-1-thread-1] {com.hazelcast.cluster.TcpIpJoiner} [127.0.0.1]:5709 [FenixFrameworkGroup] Connecting to possible member: Address[127.0.0.1]:5702
 INFO  [pool-1-thread-1] {com.hazelcast.cluster.TcpIpJoiner} [127.0.0.1]:5709 [FenixFrameworkGroup] Connecting to possible member: Address[127.0.0.1]:5701
 INFO  [hz._hzInstance_1_FenixFrameworkGroup.cached.thread-3] {com.hazelcast.nio.SocketConnector} [127.0.0.1]:5709 [FenixFrameworkGroup] Connecting to /127.0.0.1:5703, timeout: 0, bind-any: true
 INFO  [hz._hzInstance_1_FenixFrameworkGroup.cached.thread-2] {com.hazelcast.nio.SocketConnector} [127.0.0.1]:5709 [FenixFrameworkGroup] Connecting to /127.0.0.1:5702, timeout: 0, bind-any: true
 INFO  [hz._hzInstance_1_FenixFrameworkGroup.cached.thread-1] {com.hazelcast.nio.SocketConnector} [127.0.0.1]:5709 [FenixFrameworkGroup] Connecting to /127.0.0.1:5701, timeout: 0, bind-any: true
 INFO  [hz._hzInstance_1_FenixFrameworkGroup.cached.thread-3] {com.hazelcast.nio.TcpIpConnectionManager} [127.0.0.1]:5709 [FenixFrameworkGroup] 42975 accepted socket connection from /127.0.0.1:5703
 INFO  [hz._hzInstance_1_FenixFrameworkGroup.cached.thread-1] {com.hazelcast.nio.TcpIpConnectionManager} [127.0.0.1]:5709 [FenixFrameworkGroup] 34238 accepted socket connection from /127.0.0.1:5701
 INFO  [hz._hzInstance_1_FenixFrameworkGroup.cached.thread-2] {com.hazelcast.nio.TcpIpConnectionManager} [127.0.0.1]:5709 [FenixFrameworkGroup] 40330 accepted socket connection from /127.0.0.1:5702
 INFO  [hz._hzInstance_1_FenixFrameworkGroup.cached.thread-1] {com.hazelcast.cluster.ClusterService} [127.0.0.1]:5709 [FenixFrameworkGroup] 

Members [10] {
	Member [127.0.0.1]:5701
	Member [127.0.0.1]:5702
	Member [127.0.0.1]:5704
	Member [127.0.0.1]:5705
	Member [127.0.0.1]:5706
	Member [127.0.0.1]:5703
	Member [127.0.0.1]:5707
	Member [127.0.0.1]:5708
	Member [127.0.0.1]:5709 this
	Member [127.0.0.1]:5710
}

 INFO  [hz._hzInstance_1_FenixFrameworkGroup.IO.thread-Acceptor] {com.hazelcast.nio.SocketAcceptor} [127.0.0.1]:5709 [FenixFrameworkGroup] Accepting socket connection from /127.0.0.1:34512
 INFO  [hz._hzInstance_1_FenixFrameworkGroup.IO.thread-Acceptor] {com.hazelcast.nio.TcpIpConnectionManager} [127.0.0.1]:5709 [FenixFrameworkGroup] 5709 accepted socket connection from /127.0.0.1:34512
 INFO  [hz._hzInstance_1_FenixFrameworkGroup.cached.thread-8] {com.hazelcast.nio.SocketConnector} [127.0.0.1]:5709 [FenixFrameworkGroup] Connecting to /127.0.0.1:5704, timeout: 0, bind-any: true
 INFO  [hz._hzInstance_1_FenixFrameworkGroup.cached.thread-8] {com.hazelcast.nio.TcpIpConnectionManager} [127.0.0.1]:5709 [FenixFrameworkGroup] 32909 accepted socket connection from /127.0.0.1:5704
 INFO  [hz._hzInstance_1_FenixFrameworkGroup.cached.thread-2] {com.hazelcast.nio.SocketConnector} [127.0.0.1]:5709 [FenixFrameworkGroup] Connecting to /127.0.0.1:5707, timeout: 0, bind-any: true
 INFO  [hz._hzInstance_1_FenixFrameworkGroup.cached.thread-8] {com.hazelcast.nio.SocketConnector} [127.0.0.1]:5709 [FenixFrameworkGroup] Connecting to /127.0.0.1:5710, timeout: 0, bind-any: true
 INFO  [hz._hzInstance_1_FenixFrameworkGroup.cached.thread-2] {com.hazelcast.nio.TcpIpConnectionManager} [127.0.0.1]:5709 [FenixFrameworkGroup] 45483 accepted socket connection from /127.0.0.1:5707
 INFO  [hz._hzInstance_1_FenixFrameworkGroup.cached.thread-6] {com.hazelcast.nio.SocketConnector} [127.0.0.1]:5709 [FenixFrameworkGroup] Connecting to /127.0.0.1:5705, timeout: 0, bind-any: true
 INFO  [hz._hzInstance_1_FenixFrameworkGroup.cached.thread-8] {com.hazelcast.nio.TcpIpConnectionManager} [127.0.0.1]:5709 [FenixFrameworkGroup] 53572 accepted socket connection from /127.0.0.1:5710
 INFO  [hz._hzInstance_1_FenixFrameworkGroup.cached.thread-9] {com.hazelcast.nio.SocketConnector} [127.0.0.1]:5709 [FenixFrameworkGroup] Connecting to /127.0.0.1:5706, timeout: 0, bind-any: true
 INFO  [hz._hzInstance_1_FenixFrameworkGroup.cached.thread-7] {com.hazelcast.nio.SocketConnector} [127.0.0.1]:5709 [FenixFrameworkGroup] Connecting to /127.0.0.1:5708, timeout: 0, bind-any: true
 INFO  [hz._hzInstance_1_FenixFrameworkGroup.cached.thread-6] {com.hazelcast.nio.TcpIpConnectionManager} [127.0.0.1]:5709 [FenixFrameworkGroup] 45865 accepted socket connection from /127.0.0.1:5705
 INFO  [hz._hzInstance_1_FenixFrameworkGroup.cached.thread-9] {com.hazelcast.nio.TcpIpConnectionManager} [127.0.0.1]:5709 [FenixFrameworkGroup] 34233 accepted socket connection from /127.0.0.1:5706
 INFO  [hz._hzInstance_1_FenixFrameworkGroup.cached.thread-7] {com.hazelcast.nio.TcpIpConnectionManager} [127.0.0.1]:5709 [FenixFrameworkGroup] 45649 accepted socket connection from /127.0.0.1:5708
 INFO  [hz._hzInstance_1_FenixFrameworkGroup.IO.thread-Acceptor] {com.hazelcast.nio.SocketAcceptor} [127.0.0.1]:5709 [FenixFrameworkGroup] Accepting socket connection from /127.0.0.1:42395
 INFO  [hz._hzInstance_1_FenixFrameworkGroup.IO.thread-Acceptor] {com.hazelcast.nio.TcpIpConnectionManager} [127.0.0.1]:5709 [FenixFrameworkGroup] 5709 accepted socket connection from /127.0.0.1:42395
 INFO  [hz._hzInstance_1_FenixFrameworkGroup.IO.thread-Acceptor] {com.hazelcast.nio.SocketAcceptor} [127.0.0.1]:5709 [FenixFrameworkGroup] Accepting socket connection from /127.0.0.1:37675
 INFO  [hz._hzInstance_1_FenixFrameworkGroup.IO.thread-Acceptor] {com.hazelcast.nio.TcpIpConnectionManager} [127.0.0.1]:5709 [FenixFrameworkGroup] 5709 accepted socket connection from /127.0.0.1:37675
 INFO  [hz._hzInstance_1_FenixFrameworkGroup.IO.thread-Acceptor] {com.hazelcast.nio.SocketAcceptor} [127.0.0.1]:5709 [FenixFrameworkGroup] Accepting socket connection from /127.0.0.1:45971
 INFO  [hz._hzInstance_1_FenixFrameworkGroup.IO.thread-Acceptor] {com.hazelcast.nio.TcpIpConnectionManager} [127.0.0.1]:5709 [FenixFrameworkGroup] 5709 accepted socket connection from /127.0.0.1:45971
 INFO  [pool-1-thread-1] {com.hazelcast.core.LifecycleService} [127.0.0.1]:5709 [FenixFrameworkGroup] Address[127.0.0.1]:5709 is STARTED
 INFO  [pool-1-thread-1] {pt.ist.fenixframework.backend.jvstm.cluster.ClusterUtils} Got (long) serverId: 8
 INFO  [pool-1-thread-1] {pt.ist.fenixframework.backend.jvstm.cluster.JvstmClusterBackEnd} This is NOT the first node.
 INFO  [pool-1-thread-1] {pt.ist.fenixframework.backend.jvstm.cluster.ClusterUtils} Waiting for startup from first node
 INFO  [pool-1-thread-1] {pt.ist.fenixframework.backend.jvstm.JVSTMBackEnd} initializeRepository()
 INFO  [pool-1-thread-1] {pt.ist.fenixframework.backend.jvstm.datagrid.radargun.DataGridDecorator} config=ispn52-repl-sync-rc.xml, isLocal=false, nodeIndex=8, confAttributes={name=ispn52-repl-sync-rc.xml}
 INFO  [pool-1-thread-1] {org.radargun.cachewrappers.InfinispanXSWrapper} Cannot find any site for slave index 8
[GC 259695K->12813K(2944064K), 0.0453760 secs]
 INFO  [pool-1-thread-1] {org.infinispan.remoting.transport.jgroups.JGroupsTransport} ISPN000078: Starting JGroups Channel
 WARN  [pool-1-thread-1] {org.jgroups.protocols.UDP} [JGRP00014] the send buffer of socket DatagramSocket was set to 640KB, but the OS only allocated 229.38KB. This might lead to performance problems. Please set your max send buffer in the OS correctly (e.g. net.core.wmem_max on Linux)
 WARN  [pool-1-thread-1] {org.jgroups.protocols.UDP} [JGRP00014] the receive buffer of socket DatagramSocket was set to 20MB, but the OS only allocated 229.38KB. This might lead to performance problems. Please set your max receive buffer in the OS correctly (e.g. net.core.rmem_max on Linux)
 WARN  [pool-1-thread-1] {org.jgroups.protocols.UDP} [JGRP00014] the send buffer of socket MulticastSocket was set to 640KB, but the OS only allocated 229.38KB. This might lead to performance problems. Please set your max send buffer in the OS correctly (e.g. net.core.wmem_max on Linux)
 WARN  [pool-1-thread-1] {org.jgroups.protocols.UDP} [JGRP00014] the receive buffer of socket MulticastSocket was set to 25MB, but the OS only allocated 229.38KB. This might lead to performance problems. Please set your max receive buffer in the OS correctly (e.g. net.core.rmem_max on Linux)
 INFO  [pool-1-thread-1] {org.infinispan.remoting.transport.jgroups.JGroupsTransport} ISPN000094: Received new cluster view: [deimos-esw-47546|5] [deimos-esw-47546, deimos-esw-12055, deimos-esw-60283, deimos-esw-31385, deimos-esw-41095, deimos-esw-36085, deimos-esw-53885, deimos-esw-27458, deimos-esw-13405]
 INFO  [pool-1-thread-1] {org.infinispan.remoting.transport.jgroups.JGroupsTransport} ISPN000079: Cache local address is deimos-esw-13405, physical addresses are [127.0.0.1:52008]
 INFO  [pool-1-thread-1] {org.infinispan.factories.GlobalComponentRegistry} ISPN000128: Infinispan version: Infinispan 'Delirium' 5.2.6.Final
 INFO  [Incoming-4,deimos-esw-13405] {org.infinispan.remoting.transport.jgroups.JGroupsTransport} ISPN000094: Received new cluster view: [deimos-esw-47546|6] [deimos-esw-47546, deimos-esw-12055, deimos-esw-60283, deimos-esw-31385, deimos-esw-41095, deimos-esw-36085, deimos-esw-53885, deimos-esw-27458, deimos-esw-13405, deimos-esw-25861]
 INFO  [pool-1-thread-1] {org.infinispan.transaction.lookup.JBossStandaloneJTAManagerLookup} ISPN000107: Retrieving transaction manager Transaction: unknown
 INFO  [pool-1-thread-1] {org.infinispan.jmx.CacheJmxRegistration} ISPN000031: MBeans were successfully registered to the platform MBean server.
 INFO  [pool-1-thread-1] {org.radargun.cachewrappers.InfinispanXSWrapper} Using transaction manager: Transaction: unknown
 INFO  [pool-1-thread-1] {org.radargun.cachewrappers.InfinispanXSWrapper} No RELAY2 protocol in XS wrapper
 INFO  [pool-1-thread-1] {org.radargun.cachewrappers.InfinispanXSWrapper} JGroups version: JGroups 3.2.7.Final
 INFO  [pool-1-thread-1] {org.radargun.cachewrappers.InfinispanXSWrapper} Using config attributes: {name=ispn52-repl-sync-rc.xml}
 INFO  [pool-1-thread-1] {pt.ist.fenixframework.backend.jvstm.datagrid.DataGridRepository} Initialization marker is present. Data Grid already existed.
 INFO  [pool-1-thread-1] {pt.ist.fenixframework.backend.jvstm.JVSTMBackEnd} initializeDomainClassInfos
 INFO  [pool-1-thread-1] {pt.ist.fenixframework.backend.jvstm.pstm.DomainClassInfo} serverId: 8, serverOidBase: 8000000000000
 INFO  [pool-1-thread-1] {pt.ist.fenixframework.backend.jvstm.pstm.DomainClassInfo} Existing domain class 'pt.ist.fenixframework.adt.linkedlist.LinkedList' with id '9'
 INFO  [pool-1-thread-1] {pt.ist.fenixframework.backend.jvstm.pstm.DomainClassInfo} Existing domain class 'pt.ist.fenixframework.adt.bplustree.DomainBPlusTree' with id 'e'
 INFO  [pool-1-thread-1] {pt.ist.fenixframework.backend.jvstm.pstm.DomainClassInfo} Existing domain class 'pt.ist.fenixframework.adt.linkedlist.ListNode' with id '6'
 INFO  [pool-1-thread-1] {pt.ist.fenixframework.backend.jvstm.pstm.DomainClassInfo} Existing domain class 'pt.ist.fenixframework.adt.bplustree.DomainInnerNode' with id '3'
 INFO  [pool-1-thread-1] {pt.ist.fenixframework.backend.jvstm.pstm.DomainClassInfo} Existing domain class 'pt.ist.fenixframework.adt.bplustree.InnerNodeArray' with id 'b'
 INFO  [pool-1-thread-1] {pt.ist.fenixframework.backend.jvstm.pstm.DomainClassInfo} Existing domain class 'pt.ist.fenixframework.adt.bplustree.LeafNode' with id '4'
 INFO  [pool-1-thread-1] {pt.ist.fenixframework.backend.jvstm.pstm.DomainClassInfo} Existing domain class 'pt.ist.fenixframework.adt.bplustree.BPlusTree' with id '7'
 INFO  [pool-1-thread-1] {pt.ist.fenixframework.backend.jvstm.pstm.DomainClassInfo} Existing domain class 'pt.ist.fenixframework.adt.bplustree.DomainLeafNode' with id '1'
 INFO  [pool-1-thread-1] {pt.ist.fenixframework.backend.jvstm.pstm.DomainClassInfo} Existing domain class 'pt.ist.fenixframework.adt.bplustree.LeafNodeArray' with id 'c'
 INFO  [pool-1-thread-1] {pt.ist.fenixframework.backend.jvstm.pstm.DomainClassInfo} Existing domain class 'pt.ist.fenixframework.adt.bplustree.InnerNode' with id '8'
 INFO  [pool-1-thread-1] {pt.ist.fenixframework.backend.jvstm.pstm.DomainClassInfo} Existing domain class 'pt.ist.fenixframework.backend.jvstm.pstm.FenixFrameworkData' with id 'd'
 INFO  [pool-1-thread-1] {pt.ist.fenixframework.backend.jvstm.pstm.DomainClassInfo} Existing domain class 'pt.ist.fenixframework.adt.bplustree.AbstractNode' with id 'f'
 INFO  [pool-1-thread-1] {pt.ist.fenixframework.backend.jvstm.pstm.DomainClassInfo} Existing domain class 'pt.ist.fenixframework.adt.bplustree.BPlusTreeArray' with id '2'
 INFO  [pool-1-thread-1] {pt.ist.fenixframework.backend.jvstm.pstm.DomainClassInfo} Existing domain class 'pt.ist.fenixframework.backend.jvstm.pstm.TransactionStatisticsEntry' with id '5'
 INFO  [pool-1-thread-1] {pt.ist.fenixframework.backend.jvstm.pstm.DomainClassInfo} Existing domain class 'pt.ist.fenixframework.DomainRoot' with id '0'
 INFO  [pool-1-thread-1] {pt.ist.fenixframework.backend.jvstm.pstm.DomainClassInfo} Existing domain class 'pt.ist.fenixframework.adt.bplustree.AbstractNodeArray' with id 'a'
 INFO  [pool-1-thread-1] {pt.ist.fenixframework.backend.jvstm.JVSTMBackEnd} setupJVSTM
 INFO  [pool-1-thread-1] {pt.ist.fenixframework.backend.jvstm.JVSTMBackEnd} Setting the last committed TX number to 2
 INFO  [pool-1-thread-1] {pt.ist.fenixframework.backend.jvstm.JVSTMBackEnd} createDomainRootIfNeeded
 INFO  [pool-1-thread-1] {pt.ist.fenixframework.backend.jvstm.JVSTMBackEnd} ensureFenixFrameworkDataExists
 INFO  [pool-1-thread-1] {pt.ist.fenixframework.hibernatesearch.HibernateSearchConfig} Resource 'fenix-framework-hibernate-search.properties' not found. Hibernate Search disabled
 INFO  [pool-1-thread-1] {pt.ist.fenixframework.FenixFramework} Initialization of Fenix Framework is now complete.
 INFO  [pool-1-thread-1] {org.radargun.cachewrappers.FFWrapper} FF STARTED=true
 INFO  [pool-1-thread-1] {org.radargun.stages.helpers.StartHelper} Number of members is the one expected: 10
 INFO  [pool-1-thread-1] {org.radargun.stages.StartClusterStage} Successfully started cache wrapper on slave 8: org.radargun.cachewrappers.FFWrapper@8b3ded7
 INFO  [pool-1-thread-1] {org.radargun.Slave} Finished stage: StartCluster {config=ispn52-repl-sync-rc.xml, delayAfterFirstSlaveStarts=5.000 secs, delayBetweenStartingSlaves=0.500 secs, exitBenchmarkOnSlaveFailure=true, expectNumSlaves=null, mayFailOn=null, reachable=null, runOnAllSlaves=false, slaves=null, staggerSlaveStartup=true, useSmartClassLoading=true, validateCluster=true }
 INFO  [main] {org.radargun.Slave} Ack successfully sent to the master
 INFO  [pool-1-thread-1] {org.radargun.Slave} Executing stage: ClusterValidation {exitBenchmarkOnSlaveFailure=false, partialReplication=false, replicationTimeSleep=2000, replicationTryCount=60, runOnAllSlaves=false, slaves=null, useSmartClassLoading=true }
 INFO  [pool-1-thread-1] {org.radargun.stages.ClusterValidationStage} Number of caches that replicated here is 3
 INFO  [pool-1-thread-1] {org.radargun.stages.ClusterValidationStage} Replication test failed, 1 tries so far. Sleeping for 2 seconds and trying again.
 INFO  [pool-1-thread-1] {org.radargun.stages.ClusterValidationStage} Number of caches that replicated here is 9
 INFO  [pool-1-thread-1] {org.radargun.stages.ClusterValidationStage} Replication test successfully passed. partialReplication? false, replicationCount = 9
 INFO  [pool-1-thread-1] {org.radargun.stages.ClusterValidationStage} Confirm phase successful.
 INFO  [pool-1-thread-1] {org.radargun.Slave} Finished stage: ClusterValidation {exitBenchmarkOnSlaveFailure=false, partialReplication=false, replicationTimeSleep=2000, replicationTryCount=60, runOnAllSlaves=false, slaves=[ 0, 1, 2, 3, 4, 5, 6, 7, 8, 9 ], useSmartClassLoading=true }
 INFO  [main] {org.radargun.Slave} Ack successfully sent to the master
 INFO  [pool-1-thread-1] {org.radargun.Slave} Executing stage: StressTestWarmup {bulkSize=1, cacheSpecificKeyGenerator=false, commitTransactions=true, duration=1 mins 0 secs, entrySize=1000, exitBenchmarkOnSlaveFailure=false, fixedKeys=true, generateHistogramRange=false, keyGeneratorClass=org.radargun.stressors.StringKeyGenerator, keyGeneratorParam=null, loadAllKeys=false, numEntries=100, numOfThreads=4, numRequests=10000, numThreads=4, numberOfAttributes=100, numberOfRequests=10000, opsCountStatusLog=100000, poolKeys=true, preferAsyncOperations=false, removePercentage=0, replaceInvalidPercentage=40, runOnAllSlaves=false, sharedKeys=false, sizeOfAnAttribute=1000, slaves=null, transactionSize=50, useAtomics=false, useHistogramStatistics=false, useSimpleStatistics=true, useSmartClassLoading=true, useTransactions=null, writePercentage=20, writeTxPercentage=20 }
 INFO  [pool-1-thread-1] {org.radargun.stages.StressTestWarmupStage} Starting StressTestWarmupStage: StressTestWarmup {bulkSize=1, cacheSpecificKeyGenerator=false, commitTransactions=true, duration=1 mins 0 secs, entrySize=1000, exitBenchmarkOnSlaveFailure=false, fixedKeys=true, generateHistogramRange=false, keyGeneratorClass=org.radargun.stressors.StringKeyGenerator, keyGeneratorParam=null, loadAllKeys=false, numEntries=100, numOfThreads=4, numRequests=10000, numThreads=4, numberOfAttributes=100, numberOfRequests=10000, opsCountStatusLog=100000, poolKeys=true, preferAsyncOperations=false, removePercentage=0, replaceInvalidPercentage=40, runOnAllSlaves=false, sharedKeys=false, sizeOfAnAttribute=1000, slaves=null, transactionSize=50, useAtomics=false, useHistogramStatistics=false, useSimpleStatistics=true, useSmartClassLoading=true, useTransactions=null, writePercentage=20, writeTxPercentage=20 }
 INFO  [pool-1-thread-1] {org.radargun.stressors.StressTestStressor} Using key generator org.radargun.stressors.StringKeyGenerator, param null
 INFO  [pool-1-thread-1] {org.radargun.stressors.StressTestStressor} Executing: StressTestStressor{opsCountStatusLog=100000, numRequests=10000, numEntries=100, entrySize=1000, writePercentage=20, numThreads=4, cacheWrapper=org.radargun.cachewrappers.FFWrapper@8b3ded7, nodeIndex=8, useTransactions=true, transactionSize=50, commitTransactions=true, durationMillis=60000}
 INFO  [pool-1-thread-1] {org.radargun.stressors.StressTestStressor} Cache wrapper info is: FFWrapper using infinispan52
[GC 268877K->20430K(2944064K), 0.0547960 secs]
[GC 276494K->18153K(2944064K), 0.0380060 secs]
 INFO  [pool-1-thread-1] {org.radargun.stressors.StressTestStressor} Started 4 stressor threads.
 INFO  [Stressor-3] {org.radargun.stressors.StressTestStressor} Number of ops executed so far: 1. Elapsed time: 0.000 secs. Remaining: 1 mins 0 secs. Total: 1 mins 0 secs
[GC 274217K->19839K(2944064K), 0.0385170 secs]
[GC 275903K->22824K(2944064K), 0.0381240 secs]
[GC 278888K->27454K(2944064K), 0.0430520 secs]
[GC 283518K->29015K(2944064K), 0.0384270 secs]
[GC 285079K->39242K(2944064K), 0.0435070 secs]
 INFO  [Stressor-1] {org.radargun.stressors.StressTestStressor} Number of ops executed so far: 15450. Elapsed time: 20.000 secs. Remaining: 40.000 secs. Total: 1 mins 0 secs
[GC 295299K->40588K(2944064K), 0.0445730 secs]
[GC 296652K->48931K(2944064K), 0.0468850 secs]
[GC 304995K->48860K(2944064K), 0.0479120 secs]
[GC 304924K->59770K(2944064K), 0.0502780 secs]
[GC 315834K->67649K(2944064K), 0.0472550 secs]
 INFO  [Stressor-3] {org.radargun.stressors.StressTestStressor} Number of ops executed so far: 37200. Elapsed time: 40.001 secs. Remaining: 19.999 secs. Total: 1 mins 0 secs
[GC 323713K->61241K(2944064K), 0.0513550 secs]
[GC 317305K->76043K(2944064K), 0.0495300 secs]
[GC 332107K->77863K(2944064K), 0.0690190 secs]
[GC 333927K->84356K(2944064K), 0.0622280 secs]
[GC 340420K->82895K(2944064K), 0.0574810 secs]
 INFO  [Stressor-3] {org.radargun.stressors.StressTestStressor} Number of ops executed so far: 72800. Elapsed time: 1 mins 0 secs. Remaining: 0.000 secs. Total: 1 mins 0 secs
 INFO  [pool-1-thread-1] {org.radargun.stressors.StressTestStressor} Finished generating report. Test duration is: 1 mins 15 secs
 INFO  [pool-1-thread-1] {org.radargun.stages.StressTestWarmupStage} The warmup took: 75 seconds.
 INFO  [pool-1-thread-1] {org.radargun.Slave} Finished stage: StressTestWarmup {bulkSize=1, cacheSpecificKeyGenerator=false, commitTransactions=true, duration=1 mins 0 secs, entrySize=1000, exitBenchmarkOnSlaveFailure=false, fixedKeys=true, generateHistogramRange=false, keyGeneratorClass=org.radargun.stressors.StringKeyGenerator, keyGeneratorParam=null, loadAllKeys=false, numEntries=100, numOfThreads=4, numRequests=10000, numThreads=4, numberOfAttributes=100, numberOfRequests=10000, opsCountStatusLog=100000, poolKeys=true, preferAsyncOperations=false, removePercentage=0, replaceInvalidPercentage=40, runOnAllSlaves=false, sharedKeys=false, sizeOfAnAttribute=1000, slaves=null, transactionSize=50, useAtomics=false, useHistogramStatistics=false, useSimpleStatistics=true, useSmartClassLoading=true, useTransactions=null, writePercentage=20, writeTxPercentage=20 }
 INFO  [main] {org.radargun.Slave} Ack successfully sent to the master
[GC 338959K->97819K(2944064K), 0.0526600 secs]
[GC 353883K->96193K(2944064K), 0.0460490 secs]
[GC 352257K->99596K(2944064K), 0.0475180 secs]
[GC 355660K->101508K(2944064K), 0.0511720 secs]
[GC 357572K->87545K(2944064K), 0.0501950 secs]
[GC 343609K->77045K(2944064K), 0.0525320 secs]
[GC 333109K->88681K(2944064K), 0.0516440 secs]
[GC 344745K->116894K(2944064K), 0.0532760 secs]
[GC 372958K->96758K(2944064K), 0.0913660 secs]
[GC 352822K->131307K(2944064K), 0.0522940 secs]
[GC 387371K->104536K(2944064K), 0.0570210 secs]
[GC 360600K->142586K(2944064K), 0.0577380 secs]
[GC 398650K->114968K(2944064K), 0.0586480 secs]
[GC 371032K->155844K(2944064K), 0.0618810 secs]
[GC 411908K->126845K(2944064K), 0.0618370 secs]
[GC 382909K->170579K(2944064K), 0.0688470 secs]
 INFO  [pool-1-thread-1] {org.radargun.Slave} Executing stage: ClearClusterStage {ClearCluster {exitBenchmarkOnSlaveFailure=false, runOnAllSlaves=false, slaves=[ 0 ], useSmartClassLoading=true }
 INFO  [pool-1-thread-1] {org.radargun.stages.ClearClusterStage} Before executing clear, memory looks like this: Memory - free: 2,728,224 kb - max:4,906,688 kb- total:2,944,064 kb
[Full GC 215839K->132887K(2944064K), 0.5827440 secs]
 INFO  [pool-1-thread-1] {org.radargun.stages.ClearClusterStage} After executing cleanup, memory looks like this: Memory - free: 2,810,096 kb - max:4,906,688 kb- total:2,944,192 kb
 INFO  [pool-1-thread-1] {org.radargun.Slave} Finished stage: ClearClusterStage {ClearCluster {exitBenchmarkOnSlaveFailure=false, runOnAllSlaves=false, slaves=[ 0 ], useSmartClassLoading=true }
 INFO  [main] {org.radargun.Slave} Ack successfully sent to the master
 INFO  [pool-1-thread-1] {org.radargun.Slave} Executing stage: StressTest {bulkSize=1, cacheSpecificKeyGenerator=false, commitTransactions=true, duration=1 mins 0 secs, entrySize=1000, exitBenchmarkOnSlaveFailure=false, fixedKeys=true, generateHistogramRange=false, keyGeneratorClass=org.radargun.stressors.StringKeyGenerator, keyGeneratorParam=null, loadAllKeys=false, numEntries=10000, numOfThreads=4, numRequests=10000000, numThreads=4, numberOfAttributes=10000, numberOfRequests=10000000, opsCountStatusLog=500000, poolKeys=true, preferAsyncOperations=false, removePercentage=0, replaceInvalidPercentage=40, runOnAllSlaves=false, sharedKeys=false, sizeOfAnAttribute=1000, slaves=null, transactionSize=10000, useAtomics=false, useHistogramStatistics=false, useSimpleStatistics=true, useSmartClassLoading=true, useTransactions=true, writePercentage=0, writeTxPercentage=0 }
 INFO  [pool-1-thread-1] {org.radargun.stages.StressTestStage} Starting StressTestStage: StressTest {bulkSize=1, cacheSpecificKeyGenerator=false, commitTransactions=true, duration=1 mins 0 secs, entrySize=1000, exitBenchmarkOnSlaveFailure=false, fixedKeys=true, generateHistogramRange=false, keyGeneratorClass=org.radargun.stressors.StringKeyGenerator, keyGeneratorParam=null, loadAllKeys=false, numEntries=10000, numOfThreads=4, numRequests=10000000, numThreads=4, numberOfAttributes=10000, numberOfRequests=10000000, opsCountStatusLog=500000, poolKeys=true, preferAsyncOperations=false, removePercentage=0, replaceInvalidPercentage=40, runOnAllSlaves=false, sharedKeys=false, sizeOfAnAttribute=1000, slaves=null, transactionSize=10000, useAtomics=false, useHistogramStatistics=false, useSimpleStatistics=true, useSmartClassLoading=true, useTransactions=true, writePercentage=0, writeTxPercentage=0 }
 INFO  [pool-1-thread-1] {org.radargun.stressors.StressTestStressor} Using key generator org.radargun.stressors.StringKeyGenerator, param null
 INFO  [pool-1-thread-1] {org.radargun.stressors.StressTestStressor} Executing: StressTestStressor{opsCountStatusLog=500000, numRequests=10000000, numEntries=10000, entrySize=1000, writePercentage=0, numThreads=4, cacheWrapper=org.radargun.cachewrappers.FFWrapper@8b3ded7, nodeIndex=8, useTransactions=true, transactionSize=10000, commitTransactions=true, durationMillis=60000}
 INFO  [pool-1-thread-1] {org.radargun.stressors.StressTestStressor} Cache wrapper info is: FFWrapper using infinispan52
[GC 389015K->201008K(2944192K), 0.0293900 secs]
[GC 457136K->150408K(2944192K), 0.0286340 secs]
[GC 406536K->141084K(2944192K), 0.0294080 secs]
[GC 397212K->143347K(2944192K), 0.0347260 secs]
[GC 399475K->145821K(2944192K), 0.0309810 secs]
[GC 401949K->148613K(2944192K), 0.0334070 secs]
[GC 404741K->151517K(2944192K), 0.0332110 secs]
[GC 407645K->151379K(2944192K), 0.0340380 secs]
[GC 407507K->153869K(2944192K), 0.0363370 secs]
[GC 409997K->156403K(2944192K), 0.0362330 secs]
[GC 412531K->158831K(2944192K), 0.0379450 secs]
[GC 414959K->161238K(2944192K), 0.0401040 secs]
[GC 417366K->168869K(2944192K), 0.0402010 secs]
[GC 424997K->171705K(2944192K), 0.0546450 secs]
[GC 427833K->174800K(2944192K), 0.0461390 secs]
[GC 430928K->167468K(2944192K), 0.0632530 secs]
[GC 423596K->173168K(2944192K), 0.0431720 secs]
[GC 429296K->168280K(2944192K), 0.0382120 secs]
[GC 424408K->182385K(2944192K), 0.0388830 secs]
[GC 438513K->175669K(2944192K), 0.0459310 secs]
[GC 431797K->182156K(2944192K), 0.0405220 secs]
[GC 438284K->181040K(2944192K), 0.0436250 secs]
[GC 437168K->190798K(2944192K), 0.0459450 secs]
[GC 446926K->183027K(2944192K), 0.0453270 secs]
[GC 439155K->183757K(2944192K), 0.0437460 secs]
[GC 439885K->194632K(2944192K), 0.0391630 secs]
[GC 450760K->184257K(2944192K), 0.0423840 secs]
[GC 440385K->189113K(2944192K), 0.0496940 secs]
[GC 445241K->194022K(2944192K), 0.0424390 secs]
[GC 450150K->194858K(2944192K), 0.0421980 secs]
[GC 450986K->196455K(2944192K), 0.0392860 secs]
[GC 452583K->198109K(2944192K), 0.0458540 secs]
[GC 454237K->200475K(2944192K), 0.0409870 secs]
[GC 456603K->202343K(2944192K), 0.0412360 secs]
[GC 458471K->204275K(2944192K), 0.0412130 secs]
[GC 460403K->204327K(2944192K), 0.0541720 secs]
[GC 460455K->199297K(2944192K), 0.0428770 secs]
[GC 455425K->200814K(2944192K), 0.0455530 secs]
[GC 456942K->202559K(2944192K), 0.0428050 secs]
[GC 458687K->210682K(2944192K), 0.0408490 secs]
[GC 466810K->206414K(2944192K), 0.0415090 secs]
[GC 462542K->206412K(2944192K), 0.0446160 secs]
[GC 462540K->207872K(2944192K), 0.0503590 secs]
[GC 464000K->209938K(2944192K), 0.0441010 secs]
[GC 466066K->211825K(2944192K), 0.0536060 secs]
[GC 467953K->220106K(2944192K), 0.0407140 secs]
[GC 476234K->222086K(2944192K), 0.0412690 secs]
[GC 478214K->224175K(2944192K), 0.0397040 secs]
[GC 480303K->225456K(2944192K), 0.0748840 secs]
[GC 481584K->235355K(2944192K), 0.0621920 secs]
[GC 491483K->232193K(2944192K), 0.0415960 secs]
[GC 488321K->236247K(2944192K), 0.0441780 secs]
[GC 492375K->257894K(2944192K), 0.0452500 secs]
[GC 514022K->242213K(2944192K), 0.0487810 secs]
[GC 498341K->262528K(2944192K), 0.0618470 secs]
[GC 518656K->247459K(2944192K), 0.0449330 secs]
[GC 503587K->251464K(2944192K), 0.0452530 secs]
[GC 507592K->270860K(2944192K), 0.0494520 secs]
[GC 526988K->278649K(2944192K), 0.0610810 secs]
[GC 534777K->272921K(2944192K), 0.0560310 secs]
[GC 529049K->277828K(2944192K), 0.0528440 secs]
[GC 533956K->269964K(2944192K), 0.0543580 secs]
[GC 526092K->283438K(2944192K), 0.0595740 secs]
[GC 539566K->287419K(2944192K), 0.0599830 secs]
[GC 543547K->292578K(2944192K), 0.0713670 secs]
[GC 548706K->298443K(2944192K), 0.0577160 secs]
[GC 554571K->303395K(2944192K), 0.0566050 secs]
[GC 559523K->322142K(2944192K), 0.0577040 secs]
[GC 578270K->298712K(2944192K), 0.0530270 secs]
[GC 554840K->308538K(2944192K), 0.0533280 secs]
[GC 564666K->299906K(2944192K), 0.0571540 secs]
[GC 556034K->332289K(2944192K), 0.0590350 secs]
[GC 588417K->324070K(2944192K), 0.0562890 secs]
[GC 580198K->329582K(2944192K), 0.0587310 secs]
[GC 585710K->303595K(2944192K), 0.0566400 secs]
[GC 559723K->326428K(2944192K), 0.0559810 secs]
[GC 582556K->329042K(2944192K), 0.0564720 secs]
[GC 585170K->334684K(2944192K), 0.0586330 secs]
[GC 590812K->356128K(2944192K), 0.0600130 secs]
[GC 612256K->347269K(2944192K), 0.0613920 secs]
[GC 603397K->320332K(2944192K), 0.0544340 secs]
[GC 576460K->343385K(2944192K), 0.0555970 secs]
[GC 599513K->345398K(2944192K), 0.0581180 secs]
[GC 601526K->365476K(2944192K), 0.0606830 secs]
[GC 621604K->372419K(2944192K), 0.0610930 secs]
[GC 628547K->363547K(2944192K), 0.0612240 secs]
 INFO  [pool-1-thread-1] {org.radargun.stressors.StressTestStressor} Started 4 stressor threads.
 INFO  [Stressor-2] {org.radargun.stressors.StressTestStressor} Number of ops executed so far: 1. Elapsed time: 0.000 secs. Remaining: 1 mins 0 secs. Total: 1 mins 0 secs
[GC 619675K->352800K(2944192K), 0.0608810 secs]
[GC 608928K->355846K(2944192K), 0.0597550 secs]
[GC 611952K->372458K(2944192K), 0.0570230 secs]
[GC 628586K->342026K(2944192K), 0.0642840 secs]
[GC 598154K->344053K(2944192K), 0.0499290 secs]
[GC 600181K->340556K(2944192K), 0.0493610 secs]
[GC 596684K->339878K(2944192K), 0.0454300 secs]
[GC 596006K->338818K(2944192K), 0.0465250 secs]
[GC 594807K->338435K(2944192K), 0.0448660 secs]
[GC 594563K->347044K(2944192K), 0.0425660 secs]
[GC 603172K->340792K(2944192K), 0.0436970 secs]
[GC 596920K->330698K(2944192K), 0.0379910 secs]
[GC 586826K->332865K(2944192K), 0.0390960 secs]
[GC 588993K->334179K(2944192K), 0.0397750 secs]
[GC 590307K->333777K(2944192K), 0.0371850 secs]
[GC 589905K->330666K(2944192K), 0.0286580 secs]
[GC 586794K->330060K(2944192K), 0.0242690 secs]
[GC 586188K->330012K(2944192K), 0.0317610 secs]
[GC 586140K->330027K(2944192K), 0.0284990 secs]
 INFO  [Stressor-3] {org.radargun.stressors.StressTestStressor} Number of ops executed so far: 14223871. Elapsed time: 20.000 secs. Remaining: 40.000 secs. Total: 1 mins 0 secs
[GC 586155K->331989K(2944192K), 0.0243970 secs]
[GC 588117K->332623K(2944192K), 0.0256960 secs]
[GC 588751K->331442K(2944192K), 0.0266250 secs]
[GC 587570K->331488K(2944192K), 0.0263650 secs]
[GC 587616K->332795K(2944192K), 0.0263640 secs]
[GC 588923K->331553K(2944192K), 0.0248010 secs]
[GC 587681K->332583K(2944192K), 0.0285600 secs]
[GC 588711K->333062K(2944192K), 0.0252180 secs]
[GC 589190K->333123K(2944192K), 0.0268650 secs]
[GC 589251K->333212K(2944192K), 0.0251330 secs]
[GC 589340K->333268K(2944192K), 0.0259780 secs]
[GC 589396K->332702K(2944192K), 0.0261910 secs]
[GC 588830K->333635K(2944192K), 0.0299510 secs]
[GC 589763K->334165K(2944192K), 0.0267200 secs]
[GC 590293K->333376K(2944192K), 0.0282300 secs]
[GC 589504K->335450K(2944192K), 0.0294000 secs]
[GC 591578K->333856K(2944192K), 0.0302780 secs]
[GC 589984K->335026K(2944192K), 0.0281800 secs]
[GC 591154K->334114K(2944192K), 0.0310590 secs]
[GC 590242K->334365K(2944192K), 0.0346250 secs]
 INFO  [Stressor-2] {org.radargun.stressors.StressTestStressor} Number of ops executed so far: 30903185. Elapsed time: 40.000 secs. Remaining: 20.000 secs. Total: 1 mins 0 secs
[GC 590493K->335473K(2944192K), 0.0291000 secs]
[GC 591601K->335540K(2944192K), 0.0313700 secs]
[GC 591668K->337244K(2944192K), 0.0275190 secs]
[GC 593372K->335237K(2944192K), 0.0288910 secs]
[GC 591365K->337022K(2944192K), 0.0325030 secs]
[GC 593150K->336609K(2944192K), 0.0299980 secs]
[GC 592737K->336950K(2944192K), 0.0291300 secs]
[GC 593078K->336114K(2944192K), 0.0269590 secs]
[GC 592242K->338316K(2944192K), 0.0300730 secs]
[GC 594444K->338931K(2944192K), 0.0291320 secs]
[GC 595059K->335963K(2944192K), 0.0277050 secs]
[GC 592091K->337961K(2944192K), 0.0286720 secs]
[GC 594089K->338371K(2944192K), 0.0292940 secs]
[GC 594499K->338600K(2944192K), 0.0282590 secs]
[GC 594728K->338979K(2944192K), 0.0306090 secs]
[GC 595107K->337991K(2944192K), 0.0269920 secs]
[GC 594119K->338355K(2944192K), 0.0324690 secs]
[GC 594483K->338374K(2944192K), 0.0284380 secs]
[GC 594502K->339374K(2944192K), 0.0307260 secs]
[GC 595502K->339844K(2944192K), 0.0295320 secs]
 INFO  [Stressor-0] {org.radargun.stressors.StressTestStressor} Number of ops executed so far: 43505823. Elapsed time: 1 mins 0 secs. Remaining: 0.000 secs. Total: 1 mins 0 secs
 INFO  [pool-1-thread-1] {org.radargun.stressors.StressTestStressor} Finished generating report. Test duration is: 7 mins 20 secs
 INFO  [pool-1-thread-1] {org.radargun.stages.StressTestStage} size info: FFWrapper using infinispan52, clusterSize:10, nodeIndex:8, cacheSize: -1
 INFO  [pool-1-thread-1] {org.radargun.Slave} Finished stage: StressTest {bulkSize=1, cacheSpecificKeyGenerator=false, commitTransactions=true, duration=1 mins 0 secs, entrySize=1000, exitBenchmarkOnSlaveFailure=false, fixedKeys=true, generateHistogramRange=false, keyGeneratorClass=org.radargun.stressors.StringKeyGenerator, keyGeneratorParam=null, loadAllKeys=false, numEntries=10000, numOfThreads=4, numRequests=10000000, numThreads=4, numberOfAttributes=10000, numberOfRequests=10000000, opsCountStatusLog=500000, poolKeys=true, preferAsyncOperations=false, removePercentage=0, replaceInvalidPercentage=40, runOnAllSlaves=false, sharedKeys=false, sizeOfAnAttribute=1000, slaves=null, transactionSize=10000, useAtomics=false, useHistogramStatistics=false, useSimpleStatistics=true, useSmartClassLoading=true, useTransactions=true, writePercentage=0, writeTxPercentage=0 }
 INFO  [main] {org.radargun.Slave} Ack successfully sent to the master
[GC 595972K->341305K(2944192K), 0.0301600 secs]
[GC 597433K->342115K(2944192K), 0.0264360 secs]
[GC 598243K->345237K(2944192K), 0.0283490 secs]
[GC 601365K->347840K(2944192K), 0.0290430 secs]
[GC 603968K->350607K(2944192K), 0.0308910 secs]
[GC 606735K->353294K(2944192K), 0.0301750 secs]
[GC 609422K->349128K(2944192K), 0.0334140 secs]
[GC 605256K->356239K(2944192K), 0.0344880 secs]
[GC 612367K->360397K(2944192K), 0.0341610 secs]
[GC 616525K->354834K(2944192K), 0.0370890 secs]
[GC 610962K->363383K(2944192K), 0.0381440 secs]
[GC 619511K->368110K(2944192K), 0.0350920 secs]
[GC 624238K->360637K(2944192K), 0.0378830 secs]
[GC 616765K->371251K(2944192K), 0.0394820 secs]
[GC 627379K->360878K(2944192K), 0.0416150 secs]
[GC 617006K->377084K(2944192K), 0.0408400 secs]
[GC 633212K->369141K(2944192K), 0.0427960 secs]
[GC 625269K->381127K(2944192K), 0.0408520 secs]
[GC 637255K->369081K(2944192K), 0.0405390 secs]
[GC 625209K->379114K(2944192K), 0.0416200 secs]
[GC 635242K->378053K(2944192K), 0.0458220 secs]
[GC 634181K->380369K(2944192K), 0.0460730 secs]
[GC 636497K->376261K(2944192K), 0.0465230 secs]
[GC 632389K->389444K(2944192K), 0.0431460 secs]
[GC 645572K->379487K(2944192K), 0.0404430 secs]
[GC 635615K->388911K(2944192K), 0.0603310 secs]
[GC 645039K->393450K(2944192K), 0.0401180 secs]
[GC 649578K->383920K(2944192K), 0.0417990 secs]
[GC 640048K->398933K(2944192K), 0.0485530 secs]
[GC 655061K->389728K(2944192K), 0.0448150 secs]
[GC 645856K->391215K(2944192K), 0.0408960 secs]
[GC 647343K->401025K(2944192K), 0.0475050 secs]
[GC 657153K->391693K(2944192K), 0.0399360 secs]
[GC 647821K->406732K(2944192K), 0.0434420 secs]
[GC 662860K->394024K(2944192K), 0.0432790 secs]
[GC 650152K->409348K(2944192K), 0.0438300 secs]
[GC 665476K->396946K(2944192K), 0.0484000 secs]
[GC 653074K->407265K(2944192K), 0.0459040 secs]
[GC 663393K->412077K(2944192K), 0.0401630 secs]
[GC 668205K->402370K(2944192K), 0.0400450 secs]
[GC 658498K->406810K(2944192K), 0.0462360 secs]
[GC 662938K->405163K(2944192K), 0.0496480 secs]
[GC 661291K->413257K(2944192K), 0.0398610 secs]
[GC 669385K->420808K(2944192K), 0.0427010 secs]
[GC 676936K->410590K(2944192K), 0.0505740 secs]
[GC 666718K->420223K(2944192K), 0.0471640 secs]
[GC 676351K->424958K(2944192K), 0.0422390 secs]
[GC 681086K->415466K(2944192K), 0.0407840 secs]
[GC 671594K->425013K(2944192K), 0.0443120 secs]
[GC 681141K->417945K(2944192K), 0.0493450 secs]
[GC 674073K->426059K(2944192K), 0.0431680 secs]
[GC 682187K->433992K(2944192K), 0.0435600 secs]
[GC 690120K->427330K(2944192K), 0.0469860 secs]
[GC 683458K->433270K(2944192K), 0.0492600 secs]
[GC 689398K->432016K(2944192K), 0.0417550 secs]
[GC 688144K->434332K(2944192K), 0.0454420 secs]
[GC 690460K->436180K(2944192K), 0.0502960 secs]
[GC 692308K->437658K(2944192K), 0.0480130 secs]
[GC 693786K->439240K(2944192K), 0.0406270 secs]
[GC 695368K->447105K(2944192K), 0.0440690 secs]
[GC 703233K->436579K(2944192K), 0.0455400 secs]
[GC 692707K->451652K(2944192K), 0.0426890 secs]
[GC 707780K->438300K(2944192K), 0.0498630 secs]
[GC 694428K->454432K(2944192K), 0.0405480 secs]
[GC 710560K->441477K(2944192K), 0.0462470 secs]
[GC 697605K->452373K(2944192K), 0.0445230 secs]
[GC 708501K->451086K(2944192K), 0.0484260 secs]
[GC 707214K->447281K(2944192K), 0.0409520 secs]
[GC 703409K->449021K(2944192K), 0.0425010 secs]
[GC 705149K->456809K(2944192K), 0.0461660 secs]
[GC 712937K->464249K(2944192K), 0.0423690 secs]
[GC 720377K->453799K(2944192K), 0.0524480 secs]
[GC 709927K->469032K(2944192K), 0.0409000 secs]
[GC 725160K->455880K(2944192K), 0.0431280 secs]
[GC 712008K->466424K(2944192K), 0.0457300 secs]
[GC 722552K->459302K(2944192K), 0.0478500 secs]
[GC 715430K->467439K(2944192K), 0.0451560 secs]
[GC 723567K->469433K(2944192K), 0.0441940 secs]
[GC 725561K->471224K(2944192K), 0.0468930 secs]
[GC 727352K->466636K(2944192K), 0.0468500 secs]
[GC 722764K->474351K(2944192K), 0.0456220 secs]
[GC 730479K->475988K(2944192K), 0.0478190 secs]
[GC 732116K->477661K(2944192K), 0.0475930 secs]
[GC 733789K->479146K(2944192K), 0.0423670 secs]
[GC 735274K->480738K(2944192K), 0.0418290 secs]
[GC 736866K->482290K(2944192K), 0.0464010 secs]
[GC 738418K->477819K(2944192K), 0.0486220 secs]
[GC 733947K->485650K(2944192K), 0.0430540 secs]
[GC 741778K->480865K(2944192K), 0.0405290 secs]
[GC 736993K->494754K(2944192K), 0.0498590 secs]
[GC 750882K->484021K(2944192K), 0.0476210 secs]
[GC 740149K->494059K(2944192K), 0.0446010 secs]
[GC 750187K->492692K(2944192K), 0.0457530 secs]
[GC 748820K->494759K(2944192K), 0.0442230 secs]
[GC 750887K->490334K(2944192K), 0.0420610 secs]
[GC 746462K->498038K(2944192K), 0.0441200 secs]
[GC 754166K->499611K(2944192K), 0.0477470 secs]
[GC 755739K->494941K(2944192K), 0.0399760 secs]
[GC 751069K->508733K(2944192K), 0.0434590 secs]
[GC 764861K->498159K(2944192K), 0.0417580 secs]
[GC 754287K->513621K(2944192K), 0.0417360 secs]
[GC 769749K->500510K(2944192K), 0.0489570 secs]
[GC 756638K->511027K(2944192K), 0.0503730 secs]
[GC 767155K->515996K(2944192K), 0.0414580 secs]
[GC 772124K->506136K(2944192K), 0.0432930 secs]
[GC 762264K->516462K(2944192K), 0.0472000 secs]
[GC 772590K->520989K(2944192K), 0.0450410 secs]
[GC 777117K->514797K(2944192K), 0.0484760 secs]
[GC 770925K->526688K(2944192K), 0.0436990 secs]
[GC 782816K->517112K(2944192K), 0.0526280 secs]
[GC 773240K->524415K(2944192K), 0.0438070 secs]
[GC 780543K->522938K(2944192K), 0.0406320 secs]
[GC 779066K->525290K(2944192K), 0.0421540 secs]
[GC 781418K->527078K(2944192K), 0.0416680 secs]
[GC 783206K->528950K(2944192K), 0.0468990 secs]
[GC 785078K->524348K(2944192K), 0.0456290 secs]
[GC 780476K->531870K(2944192K), 0.0424550 secs]
[GC 787998K->533499K(2944192K), 0.0435700 secs]
[GC 789627K->535113K(2944192K), 0.0427390 secs]
[GC 791241K->536902K(2944192K), 0.0477380 secs]
[GC 793030K->532266K(2944192K), 0.0467600 secs]
[GC 788394K->539837K(2944192K), 0.0405110 secs]
[GC 795965K->535317K(2944192K), 0.0413660 secs]
[GC 791445K->537030K(2944192K), 0.0523870 secs]
[GC 793158K->545040K(2944192K), 0.0442020 secs]
[GC 801168K->540278K(2944192K), 0.0418340 secs]
[GC 796406K->548126K(2944192K), 0.0476640 secs]
[GC 804254K->543542K(2944192K), 0.0520710 secs]
[GC 799670K->551608K(2944192K), 0.0426970 secs]
[GC 807736K->546970K(2944192K), 0.0409490 secs]
[GC 803098K->554683K(2944192K), 0.0453510 secs]
[GC 810811K->550184K(2944192K), 0.0458510 secs]
[GC 806312K->558357K(2944192K), 0.0483540 secs]
[GC 814485K->553834K(2944192K), 0.0462570 secs]
[GC 809962K->561589K(2944192K), 0.0478330 secs]
[GC 817717K->569375K(2944192K), 0.0450860 secs]
[GC 825503K->558602K(2944192K), 0.0456990 secs]
[GC 814730K->568756K(2944192K), 0.0496920 secs]
[GC 824884K->573696K(2944192K), 0.0432340 secs]
[GC 829824K->567125K(2944192K), 0.0471290 secs]
[GC 823253K->578984K(2944192K), 0.0405340 secs]
[GC 835112K->565462K(2944192K), 0.0420320 secs]
[GC 821590K->582368K(2944192K), 0.0479510 secs]
[GC 838496K->568892K(2944192K), 0.0450220 secs]
[GC 825020K->579776K(2944192K), 0.0494430 secs]
[GC 835904K->584726K(2944192K), 0.0443450 secs]
[GC 840854K->574709K(2944192K), 0.0444940 secs]
[GC 830837K->585097K(2944192K), 0.0459880 secs]
[GC 841225K->583439K(2944192K), 0.0411790 secs]
[GC 839567K->592134K(2944192K), 0.0427920 secs]
[GC 848262K->581503K(2944192K), 0.0432810 secs]
[GC 837631K->597320K(2944192K), 0.0428180 secs]
[GC 853448K->583672K(2944192K), 0.0488090 secs]
[GC 839800K->600052K(2944192K), 0.0415430 secs]
[GC 856180K->586693K(2944192K), 0.0499240 secs]
[GC 842821K->603776K(2944192K), 0.0435090 secs]
[GC 859904K->593986K(2944192K), 0.0493050 secs]
[GC 850114K->607176K(2944192K), 0.0459600 secs]
[GC 863304K->593535K(2944192K), 0.0433570 secs]
[GC 849663K->610630K(2944192K), 0.0463580 secs]
[GC 866758K->597102K(2944192K), 0.0447600 secs]
[GC 853230K->614249K(2944192K), 0.0411000 secs]
[GC 870377K->604295K(2944192K), 0.0472400 secs]
[GC 860423K->606057K(2944192K), 0.0445550 secs]
[GC 862185K->623355K(2944192K), 0.0420700 secs]
[GC 879483K->606653K(2944192K), 0.0434780 secs]
[GC 862781K->617452K(2944192K), 0.0445540 secs]
[GC 873580K->609615K(2944192K), 0.0491800 secs]
[GC 865743K->625029K(2944192K), 0.0452990 secs]
[GC 881157K->613981K(2944192K), 0.0505390 secs]
[GC 870109K->624681K(2944192K), 0.0455180 secs]
[GC 880809K->629849K(2944192K), 0.0691800 secs]
[GC 885977K->619034K(2944192K), 0.0503110 secs]
[GC 875162K->629870K(2944192K), 0.0445950 secs]
[GC 885998K->628361K(2944192K), 0.0465270 secs]
[GC 884489K->631112K(2944192K), 0.0442690 secs]
[GC 887240K->639643K(2944192K), 0.0429060 secs]
[GC 895771K->628207K(2944192K), 0.0446200 secs]
[GC 884335K->639047K(2944192K), 0.0501170 secs]
[GC 895175K->637600K(2944192K), 0.0455040 secs]
[GC 893728K->640180K(2944192K), 0.0506690 secs]
[GC 896308K->642140K(2944192K), 0.0529090 secs]
[GC 898268K->644045K(2944192K), 0.0442540 secs]
[GC 900173K->652702K(2944192K), 0.0427740 secs]
[GC 908830K->641069K(2944192K), 0.0429510 secs]
[GC 897197K->652112K(2944192K), 0.0520140 secs]
[GC 908240K->657159K(2944192K), 0.0452500 secs]
[GC 913287K->646149K(2944192K), 0.0449460 secs]
[GC 902277K->657436K(2944192K), 0.0469610 secs]
[GC 913564K->662823K(2944192K), 0.0445470 secs]
[GC 918951K->651577K(2944192K), 0.0452220 secs]
[GC 907705K->662682K(2944192K), 0.0528850 secs]
[GC 918810K->661106K(2944192K), 0.0514030 secs]
[GC 917234K->656798K(2944192K), 0.0447540 secs]
[GC 912926K->665789K(2944192K), 0.0437180 secs]
[GC 921917K->674204K(2944192K), 0.0451270 secs]
[GC 930332K->666554K(2944192K), 0.0441670 secs]
[GC 922682K->673167K(2944192K), 0.0467320 secs]
[GC 929295K->684999K(2944192K), 0.0427130 secs]
[GC 941127K->667352K(2944192K), 0.0516710 secs]
[GC 923480K->684143K(2944192K), 0.0473770 secs]
[GC 940271K->669641K(2944192K), 0.0425240 secs]
[GC 925769K->681307K(2944192K), 0.0426940 secs]
[GC 937435K->686658K(2944192K), 0.0428470 secs]
[GC 942786K->675790K(2944192K), 0.0506140 secs]
[GC 931918K->686561K(2944192K), 0.0456180 secs]
[GC 942689K->691533K(2944192K), 0.0451700 secs]
[GC 947661K->680804K(2944192K), 0.0436030 secs]
[GC 936932K->691879K(2944192K), 0.0422850 secs]
[GC 948007K->696652K(2944192K), 0.0436550 secs]
[GC 952780K->685796K(2944192K), 0.0445680 secs]
[GC 941924K->696647K(2944192K), 0.0509270 secs]
[GC 952775K->695189K(2944192K), 0.0459510 secs]
[GC 951317K->697690K(2944192K), 0.0468190 secs]
[GC 953818K->692720K(2944192K), 0.0524290 secs]
[GC 948848K->701055K(2944192K), 0.0466100 secs]
[GC 957183K->702901K(2944192K), 0.0464110 secs]
[GC 959029K->698067K(2944192K), 0.0471280 secs]
[GC 954195K->699567K(2944192K), 0.0484290 secs]
[GC 955695K->707710K(2944192K), 0.0454940 secs]
[GC 963838K->709392K(2944192K), 0.0429490 secs]
[GC 965520K->711518K(2944192K), 0.0448780 secs]
[GC 967646K->720169K(2944192K), 0.0427310 secs]
[GC 976297K->708872K(2944192K), 0.0455450 secs]
[GC 965000K->720124K(2944192K), 0.0482190 secs]
[GC 976252K->719081K(2944192K), 0.0498220 secs]
[GC 975209K->729394K(2944192K), 0.0457850 secs]
[GC 985522K->717712K(2944192K), 0.0505030 secs]
[GC 973840K->730209K(2944192K), 0.0528340 secs]
[GC 986337K->729615K(2944192K), 0.0546220 secs]
[GC 985743K->741177K(2944192K), 0.0443150 secs]
[GC 997305K->728412K(2944192K), 0.0492270 secs]
[GC 984540K->749813K(2944192K), 0.0610560 secs]
[GC 1005941K->732501K(2944192K), 0.0499210 secs]
[GC 988629K->756531K(2944192K), 0.0802480 secs]
[GC 1012659K->743915K(2944192K), 0.0592200 secs]
[GC 1000043K->763712K(2944192K), 0.0562450 secs]
[GC 1019840K->744371K(2944192K), 0.0611170 secs]
[GC 1000499K->769746K(2944192K), 0.0497200 secs]
[GC 1025874K->749853K(2944192K), 0.0628960 secs]
[GC 1005981K->776742K(2944192K), 0.0539000 secs]
[GC 1032870K->761907K(2944192K), 0.0641800 secs]
[GC 1018035K->773996K(2944192K), 0.0639800 secs]
[GC 1030124K->782576K(2944192K), 0.0549250 secs]
[GC 1038704K->766755K(2944192K), 0.0540760 secs]
[GC 1022883K->795554K(2944192K), 0.0683790 secs]
 INFO  [main] {org.radargun.Slave} Master shutdown!
 INFO  [Thread-0] {org.radargun.ShutDownHook} Slave process is being shutdown
 INFO  [hz._hzInstance_1_FenixFrameworkGroup.IO.thread-in-1] {com.hazelcast.nio.TcpIpConnection} [127.0.0.1]:5709 [FenixFrameworkGroup] Connection [Address[127.0.0.1]:5701] lost. Reason: java.io.EOFException[Remote socket closed!]
 INFO  [hz._hzInstance_1_FenixFrameworkGroup.IO.thread-in-0] {com.hazelcast.nio.TcpIpConnection} [127.0.0.1]:5709 [FenixFrameworkGroup] Connection [Address[127.0.0.1]:5710] lost. Reason: java.io.EOFException[Remote socket closed!]
 INFO  [hz._hzInstance_1_FenixFrameworkGroup.IO.thread-in-2] {com.hazelcast.nio.TcpIpConnection} [127.0.0.1]:5709 [FenixFrameworkGroup] Connection [Address[127.0.0.1]:5702] lost. Reason: java.io.EOFException[Remote socket closed!]
 INFO  [hz._hzInstance_1_FenixFrameworkGroup.IO.thread-in-1] {com.hazelcast.nio.TcpIpConnection} [127.0.0.1]:5709 [FenixFrameworkGroup] Connection [Address[127.0.0.1]:5704] lost. Reason: java.io.EOFException[Remote socket closed!]
 INFO  [hz._hzInstance_1_FenixFrameworkGroup.IO.thread-in-0] {com.hazelcast.nio.TcpIpConnection} [127.0.0.1]:5709 [FenixFrameworkGroup] Connection [Address[127.0.0.1]:5703] lost. Reason: java.io.EOFException[Remote socket closed!]
 INFO  [hz._hzInstance_1_FenixFrameworkGroup.IO.thread-in-2] {com.hazelcast.nio.TcpIpConnection} [127.0.0.1]:5709 [FenixFrameworkGroup] Connection [Address[127.0.0.1]:5710] lost. Reason: java.io.EOFException[Remote socket closed!]
 INFO  [hz.ShutdownThread] {com.hazelcast.nio.TcpIpConnection} [127.0.0.1]:5709 [FenixFrameworkGroup] Connection [Address[127.0.0.1]:5707] lost. Reason: Socket explicitly closed
 INFO  [hz._hzInstance_1_FenixFrameworkGroup.IO.thread-in-0] {com.hazelcast.nio.TcpIpConnection} [127.0.0.1]:5709 [FenixFrameworkGroup] Connection [Address[127.0.0.1]:5708] lost. Reason: java.io.EOFException[Remote socket closed!]
 INFO  [hz.ShutdownThread] {com.hazelcast.nio.TcpIpConnection} [127.0.0.1]:5709 [FenixFrameworkGroup] Connection [Address[127.0.0.1]:5706] lost. Reason: Socket explicitly closed
 INFO  [hz.ShutdownThread] {com.hazelcast.nio.TcpIpConnection} [127.0.0.1]:5709 [FenixFrameworkGroup] Connection [Address[127.0.0.1]:5705] lost. Reason: Socket explicitly closed
 INFO  [hz._hzInstance_1_FenixFrameworkGroup.IO.thread-in-0] {com.hazelcast.nio.TcpIpConnection} [127.0.0.1]:5709 [FenixFrameworkGroup] Connection [Address[127.0.0.1]:5708] lost. Reason: java.io.EOFException[Remote socket closed!]
 INFO  [hz.ShutdownThread] {com.hazelcast.nio.TcpIpConnection} [127.0.0.1]:5709 [FenixFrameworkGroup] Connection [Address[127.0.0.1]:5705] lost. Reason: Socket explicitly closed
 INFO  [hz.ShutdownThread] {com.hazelcast.nio.TcpIpConnection} [127.0.0.1]:5709 [FenixFrameworkGroup] Connection [Address[127.0.0.1]:5706] lost. Reason: Socket explicitly closed
 INFO  [hz.ShutdownThread] {com.hazelcast.initializer} [127.0.0.1]:5709 [FenixFrameworkGroup] Destroying node initializer.
 INFO  [hz.ShutdownThread] {com.hazelcast.instance.Node} [127.0.0.1]:5709 [FenixFrameworkGroup] Hazelcast Shutdown is completed in 61 ms.
