/usr/java/jdk1.7.0_21/bin/java -server -Xmx1024M -Xms1024M -Dresolve.dns=false -Djgroups.timer.num_threads=4 -verbose:gc -Xmx5000M -Xms3000M -server -XX:+UseConcMarkSweepGC -XX:+AggressiveOpts -verbose:gc -XX:ParallelGCThreads=4 -XX:NewRatio=5 -XX:SurvivorRatio=2 -Dhazelcast.operation.thread.count=4 -Djava.net.preferIPv4Stack=true -Dlog4j.file.prefix=deimos-esw-28900 -Dbind.address= -Djgroups.bind_addr= -classpath /home/smf/github/radargun/target/distribution/RadarGun-1.1.0-SNAPSHOT/lib/activation-1.1.jar:/home/smf/github/radargun/target/distribution/RadarGun-1.1.0-SNAPSHOT/lib/commons-beanutils-1.8.0.jar:/home/smf/github/radargun/target/distribution/RadarGun-1.1.0-SNAPSHOT/lib/commons-digester-2.0.jar:/home/smf/github/radargun/target/distribution/RadarGun-1.1.0-SNAPSHOT/lib/commons-logging-1.1.1.jar:/home/smf/github/radargun/target/distribution/RadarGun-1.1.0-SNAPSHOT/lib/commons-math-1.2.jar:/home/smf/github/radargun/target/distribution/RadarGun-1.1.0-SNAPSHOT/lib/jboss-transaction-api-1.0.1.GA.jar:/home/smf/github/radargun/target/distribution/RadarGun-1.1.0-SNAPSHOT/lib/jcommon-1.0.15.jar:/home/smf/github/radargun/target/distribution/RadarGun-1.1.0-SNAPSHOT/lib/jfreechart-1.0.12.jar:/home/smf/github/radargun/target/distribution/RadarGun-1.1.0-SNAPSHOT/lib/log4j-1.2.14.jar:/home/smf/github/radargun/target/distribution/RadarGun-1.1.0-SNAPSHOT/lib/mail-1.4.2.jar:/home/smf/github/radargun/target/distribution/RadarGun-1.1.0-SNAPSHOT/lib/radargun-framework-1.1.0-SNAPSHOT.jar:/home/smf/github/radargun/target/distribution/RadarGun-1.1.0-SNAPSHOT/conf org.radargun.Slave -master 127.0.0.1:2103
--------------------------------------------------------------------------------
PerNodeRollingFileAppender::Using file prefix:deimos-esw-28900
 INFO  [main] {org.radargun.Slave} Attempting to connect to master 127.0.0.1:2103
 INFO  [main] {org.radargun.Slave} Successfully established connection with master at: 127.0.0.1:2103
Loading JARS from /home/smf/github/radargun/target/distribution/RadarGun-1.1.0-SNAPSHOT/lib/radargun-framework-1.1.0-SNAPSHOT.jar
 INFO  [pool-1-thread-1] {org.radargun.config.AnnotatedHelper} Loading JARS from /home/smf/github/radargun/target/distribution/RadarGun-1.1.0-SNAPSHOT/lib/radargun-framework-1.1.0-SNAPSHOT.jar
 INFO  [pool-1-thread-1] {org.radargun.config.AnnotatedHelper} Loading JARS from /home/smf/github/radargun/target/distribution/RadarGun-1.1.0-SNAPSHOT/lib/radargun-framework-1.1.0-SNAPSHOT.jar
 INFO  [pool-1-thread-1] {org.radargun.Slave} Executing stage: DestroyWrapper {enforceMemoryThrashHold=true, exitBenchmarkOnSlaveFailure=false, heapDumpDir=null, memoryThreshold=95, runOnAllSlaves=true, slaves=null, useSmartClassLoading=true }
 INFO  [pool-1-thread-1] {org.radargun.stages.DestroyWrapperStage} Received destroy cache wrapper request from master...
 INFO  [pool-1-thread-1] {org.radargun.stages.DestroyWrapperStage} No cache wrapper deployed on this slave, nothing to do.
 INFO  [pool-1-thread-1] {org.radargun.stages.DestroyWrapperStage} Before executing clear, memory looks like this: Memory - free: 2,928,638 kb - max:4,906,688 kb- total:2,944,000 kb
[Full GC 15361K->3631K(2944000K), 0.0837610 secs]
 INFO  [pool-1-thread-1] {org.radargun.stages.DestroyWrapperStage} After executing cleanup, memory looks like this: Memory - free: 2,935,311 kb - max:4,906,688 kb- total:2,944,064 kb
 INFO  [pool-1-thread-1] {org.radargun.Slave} Finished stage: DestroyWrapper {enforceMemoryThrashHold=true, exitBenchmarkOnSlaveFailure=false, heapDumpDir=null, memoryThreshold=95, runOnAllSlaves=true, slaves=null, useSmartClassLoading=true }
 INFO  [main] {org.radargun.Slave} Ack successfully sent to the master
 INFO  [pool-1-thread-1] {org.radargun.Slave} Executing stage: StartCluster {config=ispn52-repl-sync-rc.xml, delayAfterFirstSlaveStarts=5.000 secs, delayBetweenStartingSlaves=0.500 secs, exitBenchmarkOnSlaveFailure=true, expectNumSlaves=null, mayFailOn=null, reachable=null, runOnAllSlaves=false, slaves=null, staggerSlaveStartup=true, useSmartClassLoading=true, validateCluster=true }
 INFO  [pool-1-thread-1] {org.radargun.stages.StartClusterStage}  Startup staggering, starting 12 slaves. This is the slave with index 8. Sleeping for 9000 millis.
 INFO  [pool-1-thread-1] {org.radargun.stages.StartClusterStage} Ack master's StartCluster stage. Local address is: /127.0.0.1. This slave's index is: 8
 INFO  [pool-1-thread-1] {org.radargun.utils.ClassLoadHelper} Creating newInstance org.radargun.cachewrappers.FFWrapper with classloader java.net.URLClassLoader@3fbefe6e
 INFO  [pool-1-thread-1] {org.radargun.cachewrappers.FFWrapper} config=ispn52-repl-sync-rc.xml, isLocal=false, nodeIndex=8, confAttributes={name=ispn52-repl-sync-rc.xml, decorate=infinispan52}
 INFO  [pool-1-thread-1] {org.radargun.cachewrappers.FFWrapper} Found fenix framework config options in 'rg-fenix-framework-config-options.properties'.
 INFO  [pool-1-thread-1] {org.radargun.cachewrappers.FFWrapper} Setting extra config properties for Fenix Framework.
 INFO  [pool-1-thread-1] {org.radargun.cachewrappers.FFWrapper} Will initialize Fenix Framework with RadarGunDataGridConfig
 TRACE [pool-1-thread-1] {pt.ist.fenixframework.FenixFramework} Static initializer block for FenixFramework class [BEGIN]
 INFO  [pool-1-thread-1] {pt.ist.fenixframework.FenixFramework} Trying auto-initialization with configuration by convention
 INFO  [pool-1-thread-1] {pt.ist.fenixframework.FenixFramework} Resource 'fenix-framework.properties' not found
 DEBUG [pool-1-thread-1] {pt.ist.fenixframework.FenixFramework} Fenix Framework properties after reading default config file:{}
 DEBUG [pool-1-thread-1] {pt.ist.fenixframework.FenixFramework} CurrentBackEndName = jvstm-datagrid
 INFO  [pool-1-thread-1] {pt.ist.fenixframework.FenixFramework} Resource 'fenix-framework-jvstm-datagrid.properties' not found
 DEBUG [pool-1-thread-1] {pt.ist.fenixframework.FenixFramework} Fenix Framework properties after reading backend config file:{}
 DEBUG [pool-1-thread-1] {pt.ist.fenixframework.FenixFramework} Fenix Framework properties after enforcing system properties:{}
 INFO  [pool-1-thread-1] {pt.ist.fenixframework.FenixFramework} Skipping configuration by convention.
 TRACE [pool-1-thread-1] {pt.ist.fenixframework.FenixFramework} Static initializer block for FenixFramework class [END]
 INFO  [pool-1-thread-1] {pt.ist.fenixframework.FenixFramework} Initializing Fenix Framework with config.class=pt.ist.fenixframework.backend.jvstm.datagrid.radargun.RadarGunDataGridConfig
 INFO  [pool-1-thread-1] {pt.ist.fenixframework.backend.jvstm.cluster.JvstmClusterBackEnd} initializeGroupCommunication()
 INFO  [pool-1-thread-1] {com.hazelcast.config.ClasspathXmlConfig} Configuring Hazelcast from 'hazelcast-ff.xml'.
 INFO  [pool-1-thread-1] {com.hazelcast.instance.DefaultAddressPicker} Interfaces is disabled, trying to pick one address from TCP-IP config addresses: [127.0.0.1]
 INFO  [pool-1-thread-1] {com.hazelcast.instance.DefaultAddressPicker} Picked Address[127.0.0.1]:5709, using socket ServerSocket[addr=/0.0.0.0,localport=5709], bind any local is true
 INFO  [pool-1-thread-1] {com.hazelcast.system} [127.0.0.1]:5709 [FenixFrameworkGroup] Hazelcast Community Edition 3.0.2 (20130906) starting at Address[127.0.0.1]:5709
 INFO  [pool-1-thread-1] {com.hazelcast.system} [127.0.0.1]:5709 [FenixFrameworkGroup] Copyright (C) 2008-2013 Hazelcast.com
 INFO  [pool-1-thread-1] {com.hazelcast.instance.Node} [127.0.0.1]:5709 [FenixFrameworkGroup] Creating MulticastJoiner
 INFO  [pool-1-thread-1] {com.hazelcast.core.LifecycleService} [127.0.0.1]:5709 [FenixFrameworkGroup] Address[127.0.0.1]:5709 is STARTING
 INFO  [pool-1-thread-1] {com.hazelcast.cluster.TcpIpJoiner} [127.0.0.1]:5709 [FenixFrameworkGroup] Connecting to possible member: Address[127.0.0.1]:5703
 INFO  [pool-1-thread-1] {com.hazelcast.cluster.TcpIpJoiner} [127.0.0.1]:5709 [FenixFrameworkGroup] Connecting to possible member: Address[127.0.0.1]:5702
 INFO  [pool-1-thread-1] {com.hazelcast.cluster.TcpIpJoiner} [127.0.0.1]:5709 [FenixFrameworkGroup] Connecting to possible member: Address[127.0.0.1]:5701
 INFO  [hz._hzInstance_1_FenixFrameworkGroup.cached.thread-1] {com.hazelcast.nio.SocketConnector} [127.0.0.1]:5709 [FenixFrameworkGroup] Connecting to /127.0.0.1:5701, timeout: 0, bind-any: true
 INFO  [hz._hzInstance_1_FenixFrameworkGroup.cached.thread-2] {com.hazelcast.nio.SocketConnector} [127.0.0.1]:5709 [FenixFrameworkGroup] Connecting to /127.0.0.1:5702, timeout: 0, bind-any: true
 INFO  [hz._hzInstance_1_FenixFrameworkGroup.cached.thread-3] {com.hazelcast.nio.SocketConnector} [127.0.0.1]:5709 [FenixFrameworkGroup] Connecting to /127.0.0.1:5703, timeout: 0, bind-any: true
 INFO  [hz._hzInstance_1_FenixFrameworkGroup.cached.thread-3] {com.hazelcast.nio.TcpIpConnectionManager} [127.0.0.1]:5709 [FenixFrameworkGroup] 38487 accepted socket connection from /127.0.0.1:5703
 INFO  [hz._hzInstance_1_FenixFrameworkGroup.cached.thread-1] {com.hazelcast.nio.TcpIpConnectionManager} [127.0.0.1]:5709 [FenixFrameworkGroup] 33336 accepted socket connection from /127.0.0.1:5701
 INFO  [hz._hzInstance_1_FenixFrameworkGroup.cached.thread-2] {com.hazelcast.nio.TcpIpConnectionManager} [127.0.0.1]:5709 [FenixFrameworkGroup] 53612 accepted socket connection from /127.0.0.1:5702
 INFO  [hz._hzInstance_1_FenixFrameworkGroup.cached.thread-1] {com.hazelcast.cluster.ClusterService} [127.0.0.1]:5709 [FenixFrameworkGroup] 

Members [12] {
	Member [127.0.0.1]:5701
	Member [127.0.0.1]:5702
	Member [127.0.0.1]:5704
	Member [127.0.0.1]:5705
	Member [127.0.0.1]:5706
	Member [127.0.0.1]:5703
	Member [127.0.0.1]:5707
	Member [127.0.0.1]:5708
	Member [127.0.0.1]:5709 this
	Member [127.0.0.1]:5710
	Member [127.0.0.1]:5711
	Member [127.0.0.1]:5712
}

 INFO  [hz._hzInstance_1_FenixFrameworkGroup.cached.thread-14] {com.hazelcast.nio.SocketConnector} [127.0.0.1]:5709 [FenixFrameworkGroup] Connecting to /127.0.0.1:5704, timeout: 0, bind-any: true
 INFO  [hz._hzInstance_1_FenixFrameworkGroup.cached.thread-14] {com.hazelcast.nio.TcpIpConnectionManager} [127.0.0.1]:5709 [FenixFrameworkGroup] 47685 accepted socket connection from /127.0.0.1:5704
 INFO  [hz._hzInstance_1_FenixFrameworkGroup.cached.thread-4] {com.hazelcast.nio.SocketConnector} [127.0.0.1]:5709 [FenixFrameworkGroup] Connecting to /127.0.0.1:5705, timeout: 0, bind-any: true
 INFO  [hz._hzInstance_1_FenixFrameworkGroup.cached.thread-14] {com.hazelcast.nio.SocketConnector} [127.0.0.1]:5709 [FenixFrameworkGroup] Connecting to /127.0.0.1:5708, timeout: 0, bind-any: true
 INFO  [hz._hzInstance_1_FenixFrameworkGroup.cached.thread-6] {com.hazelcast.nio.SocketConnector} [127.0.0.1]:5709 [FenixFrameworkGroup] Connecting to /127.0.0.1:5706, timeout: 0, bind-any: true
 INFO  [hz._hzInstance_1_FenixFrameworkGroup.cached.thread-10] {com.hazelcast.nio.SocketConnector} [127.0.0.1]:5709 [FenixFrameworkGroup] Connecting to /127.0.0.1:5711, timeout: 0, bind-any: true
 INFO  [hz._hzInstance_1_FenixFrameworkGroup.cached.thread-4] {com.hazelcast.nio.TcpIpConnectionManager} [127.0.0.1]:5709 [FenixFrameworkGroup] 55864 accepted socket connection from /127.0.0.1:5705
 INFO  [hz._hzInstance_1_FenixFrameworkGroup.cached.thread-2] {com.hazelcast.nio.SocketConnector} [127.0.0.1]:5709 [FenixFrameworkGroup] Connecting to /127.0.0.1:5712, timeout: 0, bind-any: true
 INFO  [hz._hzInstance_1_FenixFrameworkGroup.cached.thread-6] {com.hazelcast.nio.TcpIpConnectionManager} [127.0.0.1]:5709 [FenixFrameworkGroup] 56653 accepted socket connection from /127.0.0.1:5706
 INFO  [hz._hzInstance_1_FenixFrameworkGroup.cached.thread-10] {com.hazelcast.nio.TcpIpConnectionManager} [127.0.0.1]:5709 [FenixFrameworkGroup] 52304 accepted socket connection from /127.0.0.1:5711
 INFO  [hz._hzInstance_1_FenixFrameworkGroup.cached.thread-14] {com.hazelcast.nio.TcpIpConnectionManager} [127.0.0.1]:5709 [FenixFrameworkGroup] 52759 accepted socket connection from /127.0.0.1:5708
 INFO  [hz._hzInstance_1_FenixFrameworkGroup.cached.thread-13] {com.hazelcast.nio.SocketConnector} [127.0.0.1]:5709 [FenixFrameworkGroup] Connecting to /127.0.0.1:5710, timeout: 0, bind-any: true
 INFO  [hz._hzInstance_1_FenixFrameworkGroup.cached.thread-5] {com.hazelcast.nio.SocketConnector} [127.0.0.1]:5709 [FenixFrameworkGroup] Connecting to /127.0.0.1:5707, timeout: 0, bind-any: true
 INFO  [hz._hzInstance_1_FenixFrameworkGroup.cached.thread-2] {com.hazelcast.nio.TcpIpConnectionManager} [127.0.0.1]:5709 [FenixFrameworkGroup] 55797 accepted socket connection from /127.0.0.1:5712
 INFO  [hz._hzInstance_1_FenixFrameworkGroup.cached.thread-5] {com.hazelcast.nio.TcpIpConnectionManager} [127.0.0.1]:5709 [FenixFrameworkGroup] 52566 accepted socket connection from /127.0.0.1:5707
 INFO  [hz._hzInstance_1_FenixFrameworkGroup.cached.thread-13] {com.hazelcast.nio.TcpIpConnectionManager} [127.0.0.1]:5709 [FenixFrameworkGroup] 59669 accepted socket connection from /127.0.0.1:5710
 INFO  [hz._hzInstance_1_FenixFrameworkGroup.IO.thread-Acceptor] {com.hazelcast.nio.SocketAcceptor} [127.0.0.1]:5709 [FenixFrameworkGroup] Accepting socket connection from /127.0.0.1:58384
 INFO  [hz._hzInstance_1_FenixFrameworkGroup.IO.thread-Acceptor] {com.hazelcast.nio.TcpIpConnectionManager} [127.0.0.1]:5709 [FenixFrameworkGroup] 5709 accepted socket connection from /127.0.0.1:58384
 INFO  [pool-1-thread-1] {com.hazelcast.core.LifecycleService} [127.0.0.1]:5709 [FenixFrameworkGroup] Address[127.0.0.1]:5709 is STARTED
 INFO  [pool-1-thread-1] {pt.ist.fenixframework.backend.jvstm.cluster.ClusterUtils} Got (long) serverId: 7
 INFO  [pool-1-thread-1] {pt.ist.fenixframework.backend.jvstm.cluster.JvstmClusterBackEnd} This is NOT the first node.
 INFO  [pool-1-thread-1] {pt.ist.fenixframework.backend.jvstm.cluster.ClusterUtils} Waiting for startup from first node
 INFO  [pool-1-thread-1] {pt.ist.fenixframework.backend.jvstm.JVSTMBackEnd} initializeRepository()
 INFO  [pool-1-thread-1] {pt.ist.fenixframework.backend.jvstm.datagrid.radargun.DataGridDecorator} config=ispn52-repl-sync-rc.xml, isLocal=false, nodeIndex=8, confAttributes={name=ispn52-repl-sync-rc.xml}
 INFO  [pool-1-thread-1] {org.radargun.cachewrappers.InfinispanXSWrapper} Cannot find any site for slave index 8
[GC 259695K->12735K(2944064K), 0.0404720 secs]
 INFO  [pool-1-thread-1] {org.infinispan.remoting.transport.jgroups.JGroupsTransport} ISPN000078: Starting JGroups Channel
 WARN  [pool-1-thread-1] {org.jgroups.protocols.UDP} [JGRP00014] the send buffer of socket DatagramSocket was set to 640KB, but the OS only allocated 229.38KB. This might lead to performance problems. Please set your max send buffer in the OS correctly (e.g. net.core.wmem_max on Linux)
 WARN  [pool-1-thread-1] {org.jgroups.protocols.UDP} [JGRP00014] the receive buffer of socket DatagramSocket was set to 20MB, but the OS only allocated 229.38KB. This might lead to performance problems. Please set your max receive buffer in the OS correctly (e.g. net.core.rmem_max on Linux)
 WARN  [pool-1-thread-1] {org.jgroups.protocols.UDP} [JGRP00014] the send buffer of socket MulticastSocket was set to 640KB, but the OS only allocated 229.38KB. This might lead to performance problems. Please set your max send buffer in the OS correctly (e.g. net.core.wmem_max on Linux)
 WARN  [pool-1-thread-1] {org.jgroups.protocols.UDP} [JGRP00014] the receive buffer of socket MulticastSocket was set to 25MB, but the OS only allocated 229.38KB. This might lead to performance problems. Please set your max receive buffer in the OS correctly (e.g. net.core.rmem_max on Linux)
 INFO  [pool-1-thread-1] {org.infinispan.remoting.transport.jgroups.JGroupsTransport} ISPN000094: Received new cluster view: [deimos-esw-38052|5] [deimos-esw-38052, deimos-esw-51174, deimos-esw-27097, deimos-esw-15831, deimos-esw-4404, deimos-esw-39163, deimos-esw-30685, deimos-esw-28161, deimos-esw-35830]
 INFO  [pool-1-thread-1] {org.infinispan.remoting.transport.jgroups.JGroupsTransport} ISPN000079: Cache local address is deimos-esw-28161, physical addresses are [127.0.0.1:52007]
 INFO  [pool-1-thread-1] {org.infinispan.factories.GlobalComponentRegistry} ISPN000128: Infinispan version: Infinispan 'Delirium' 5.2.6.Final
 INFO  [Incoming-3,deimos-esw-28161] {org.infinispan.remoting.transport.jgroups.JGroupsTransport} ISPN000094: Received new cluster view: [deimos-esw-38052|6] [deimos-esw-38052, deimos-esw-51174, deimos-esw-27097, deimos-esw-15831, deimos-esw-4404, deimos-esw-39163, deimos-esw-30685, deimos-esw-28161, deimos-esw-35830, deimos-esw-2996, deimos-esw-20120]
 INFO  [pool-1-thread-1] {org.infinispan.transaction.lookup.JBossStandaloneJTAManagerLookup} ISPN000107: Retrieving transaction manager Transaction: unknown
 INFO  [Incoming-3,deimos-esw-28161] {org.infinispan.remoting.transport.jgroups.JGroupsTransport} ISPN000094: Received new cluster view: [deimos-esw-38052|7] [deimos-esw-38052, deimos-esw-51174, deimos-esw-27097, deimos-esw-15831, deimos-esw-4404, deimos-esw-39163, deimos-esw-30685, deimos-esw-28161, deimos-esw-35830, deimos-esw-2996, deimos-esw-20120, deimos-esw-29201]
 INFO  [pool-1-thread-1] {org.infinispan.jmx.CacheJmxRegistration} ISPN000031: MBeans were successfully registered to the platform MBean server.
 INFO  [pool-1-thread-1] {org.radargun.cachewrappers.InfinispanXSWrapper} Using transaction manager: Transaction: unknown
 INFO  [pool-1-thread-1] {org.radargun.cachewrappers.InfinispanXSWrapper} No RELAY2 protocol in XS wrapper
 INFO  [pool-1-thread-1] {org.radargun.cachewrappers.InfinispanXSWrapper} JGroups version: JGroups 3.2.7.Final
 INFO  [pool-1-thread-1] {org.radargun.cachewrappers.InfinispanXSWrapper} Using config attributes: {name=ispn52-repl-sync-rc.xml}
 INFO  [pool-1-thread-1] {pt.ist.fenixframework.backend.jvstm.datagrid.DataGridRepository} Initialization marker is present. Data Grid already existed.
 INFO  [pool-1-thread-1] {pt.ist.fenixframework.backend.jvstm.JVSTMBackEnd} initializeDomainClassInfos
 INFO  [pool-1-thread-1] {pt.ist.fenixframework.backend.jvstm.pstm.DomainClassInfo} serverId: 7, serverOidBase: 7000000000000
 INFO  [pool-1-thread-1] {pt.ist.fenixframework.backend.jvstm.pstm.DomainClassInfo} Existing domain class 'pt.ist.fenixframework.adt.bplustree.DomainBPlusTree' with id 'e'
 INFO  [pool-1-thread-1] {pt.ist.fenixframework.backend.jvstm.pstm.DomainClassInfo} Existing domain class 'pt.ist.fenixframework.adt.bplustree.LeafNode' with id '4'
 INFO  [pool-1-thread-1] {pt.ist.fenixframework.backend.jvstm.pstm.DomainClassInfo} Existing domain class 'pt.ist.fenixframework.adt.bplustree.InnerNode' with id '8'
 INFO  [pool-1-thread-1] {pt.ist.fenixframework.backend.jvstm.pstm.DomainClassInfo} Existing domain class 'pt.ist.fenixframework.adt.bplustree.DomainLeafNode' with id '1'
 INFO  [pool-1-thread-1] {pt.ist.fenixframework.backend.jvstm.pstm.DomainClassInfo} Existing domain class 'pt.ist.fenixframework.DomainRoot' with id '0'
 INFO  [pool-1-thread-1] {pt.ist.fenixframework.backend.jvstm.pstm.DomainClassInfo} Existing domain class 'pt.ist.fenixframework.adt.linkedlist.LinkedList' with id '9'
 INFO  [pool-1-thread-1] {pt.ist.fenixframework.backend.jvstm.pstm.DomainClassInfo} Existing domain class 'pt.ist.fenixframework.adt.bplustree.BPlusTreeArray' with id '2'
 INFO  [pool-1-thread-1] {pt.ist.fenixframework.backend.jvstm.pstm.DomainClassInfo} Existing domain class 'pt.ist.fenixframework.adt.bplustree.BPlusTree' with id '7'
 INFO  [pool-1-thread-1] {pt.ist.fenixframework.backend.jvstm.pstm.DomainClassInfo} Existing domain class 'pt.ist.fenixframework.adt.linkedlist.ListNode' with id '6'
 INFO  [pool-1-thread-1] {pt.ist.fenixframework.backend.jvstm.pstm.DomainClassInfo} Existing domain class 'pt.ist.fenixframework.adt.bplustree.DomainInnerNode' with id '3'
 INFO  [pool-1-thread-1] {pt.ist.fenixframework.backend.jvstm.pstm.DomainClassInfo} Existing domain class 'pt.ist.fenixframework.adt.bplustree.AbstractNodeArray' with id 'a'
 INFO  [pool-1-thread-1] {pt.ist.fenixframework.backend.jvstm.pstm.DomainClassInfo} Existing domain class 'pt.ist.fenixframework.adt.bplustree.AbstractNode' with id 'f'
 INFO  [pool-1-thread-1] {pt.ist.fenixframework.backend.jvstm.pstm.DomainClassInfo} Existing domain class 'pt.ist.fenixframework.adt.bplustree.LeafNodeArray' with id 'c'
 INFO  [pool-1-thread-1] {pt.ist.fenixframework.backend.jvstm.pstm.DomainClassInfo} Existing domain class 'pt.ist.fenixframework.adt.bplustree.InnerNodeArray' with id 'b'
 INFO  [pool-1-thread-1] {pt.ist.fenixframework.backend.jvstm.pstm.DomainClassInfo} Existing domain class 'pt.ist.fenixframework.backend.jvstm.pstm.TransactionStatisticsEntry' with id '5'
 INFO  [pool-1-thread-1] {pt.ist.fenixframework.backend.jvstm.pstm.DomainClassInfo} Existing domain class 'pt.ist.fenixframework.backend.jvstm.pstm.FenixFrameworkData' with id 'd'
 INFO  [pool-1-thread-1] {pt.ist.fenixframework.backend.jvstm.JVSTMBackEnd} setupJVSTM
 INFO  [pool-1-thread-1] {pt.ist.fenixframework.backend.jvstm.JVSTMBackEnd} Setting the last committed TX number to 2
 INFO  [pool-1-thread-1] {pt.ist.fenixframework.backend.jvstm.JVSTMBackEnd} createDomainRootIfNeeded
 INFO  [pool-1-thread-1] {pt.ist.fenixframework.backend.jvstm.JVSTMBackEnd} ensureFenixFrameworkDataExists
 INFO  [pool-1-thread-1] {pt.ist.fenixframework.hibernatesearch.HibernateSearchConfig} Resource 'fenix-framework-hibernate-search.properties' not found. Hibernate Search disabled
 INFO  [pool-1-thread-1] {pt.ist.fenixframework.FenixFramework} Initialization of Fenix Framework is now complete.
 INFO  [pool-1-thread-1] {org.radargun.cachewrappers.FFWrapper} FF STARTED=true
 INFO  [pool-1-thread-1] {org.radargun.stages.helpers.StartHelper} Number of members is the one expected: 12
 INFO  [pool-1-thread-1] {org.radargun.stages.StartClusterStage} Successfully started cache wrapper on slave 8: org.radargun.cachewrappers.FFWrapper@4037e7eb
 INFO  [pool-1-thread-1] {org.radargun.Slave} Finished stage: StartCluster {config=ispn52-repl-sync-rc.xml, delayAfterFirstSlaveStarts=5.000 secs, delayBetweenStartingSlaves=0.500 secs, exitBenchmarkOnSlaveFailure=true, expectNumSlaves=null, mayFailOn=null, reachable=null, runOnAllSlaves=false, slaves=null, staggerSlaveStartup=true, useSmartClassLoading=true, validateCluster=true }
 INFO  [main] {org.radargun.Slave} Ack successfully sent to the master
 INFO  [pool-1-thread-1] {org.radargun.Slave} Executing stage: ClusterValidation {exitBenchmarkOnSlaveFailure=false, partialReplication=false, replicationTimeSleep=2000, replicationTryCount=60, runOnAllSlaves=false, slaves=null, useSmartClassLoading=true }
 INFO  [pool-1-thread-1] {org.radargun.stages.ClusterValidationStage} Number of caches that replicated here is 5
 INFO  [pool-1-thread-1] {org.radargun.stages.ClusterValidationStage} Replication test failed, 1 tries so far. Sleeping for 2 seconds and trying again.
 INFO  [pool-1-thread-1] {org.radargun.stages.ClusterValidationStage} Number of caches that replicated here is 11
 INFO  [pool-1-thread-1] {org.radargun.stages.ClusterValidationStage} Replication test successfully passed. partialReplication? false, replicationCount = 11
 INFO  [pool-1-thread-1] {org.radargun.stages.ClusterValidationStage} Confirm phase successful.
 INFO  [pool-1-thread-1] {org.radargun.Slave} Finished stage: ClusterValidation {exitBenchmarkOnSlaveFailure=false, partialReplication=false, replicationTimeSleep=2000, replicationTryCount=60, runOnAllSlaves=false, slaves=[ 0, 1, 2, 3, 4, 5, 6, 7, 8, 9, 10, 11 ], useSmartClassLoading=true }
 INFO  [main] {org.radargun.Slave} Ack successfully sent to the master
 INFO  [pool-1-thread-1] {org.radargun.Slave} Executing stage: StressTestWarmup {bulkSize=1, cacheSpecificKeyGenerator=false, commitTransactions=true, duration=1 mins 0 secs, entrySize=1000, exitBenchmarkOnSlaveFailure=false, fixedKeys=true, generateHistogramRange=false, keyGeneratorClass=org.radargun.stressors.StringKeyGenerator, keyGeneratorParam=null, loadAllKeys=false, numEntries=100, numOfThreads=4, numRequests=10000, numThreads=4, numberOfAttributes=100, numberOfRequests=10000, opsCountStatusLog=100000, poolKeys=true, preferAsyncOperations=false, removePercentage=0, replaceInvalidPercentage=40, runOnAllSlaves=false, sharedKeys=false, sizeOfAnAttribute=1000, slaves=null, transactionSize=50, useAtomics=false, useHistogramStatistics=false, useSimpleStatistics=true, useSmartClassLoading=true, useTransactions=null, writePercentage=20, writeTxPercentage=20 }
 INFO  [pool-1-thread-1] {org.radargun.stages.StressTestWarmupStage} Starting StressTestWarmupStage: StressTestWarmup {bulkSize=1, cacheSpecificKeyGenerator=false, commitTransactions=true, duration=1 mins 0 secs, entrySize=1000, exitBenchmarkOnSlaveFailure=false, fixedKeys=true, generateHistogramRange=false, keyGeneratorClass=org.radargun.stressors.StringKeyGenerator, keyGeneratorParam=null, loadAllKeys=false, numEntries=100, numOfThreads=4, numRequests=10000, numThreads=4, numberOfAttributes=100, numberOfRequests=10000, opsCountStatusLog=100000, poolKeys=true, preferAsyncOperations=false, removePercentage=0, replaceInvalidPercentage=40, runOnAllSlaves=false, sharedKeys=false, sizeOfAnAttribute=1000, slaves=null, transactionSize=50, useAtomics=false, useHistogramStatistics=false, useSimpleStatistics=true, useSmartClassLoading=true, useTransactions=null, writePercentage=20, writeTxPercentage=20 }
 INFO  [pool-1-thread-1] {org.radargun.stressors.StressTestStressor} Using key generator org.radargun.stressors.StringKeyGenerator, param null
 INFO  [pool-1-thread-1] {org.radargun.stressors.StressTestStressor} Executing: StressTestStressor{opsCountStatusLog=100000, numRequests=10000, numEntries=100, entrySize=1000, writePercentage=20, numThreads=4, cacheWrapper=org.radargun.cachewrappers.FFWrapper@4037e7eb, nodeIndex=8, useTransactions=true, transactionSize=50, commitTransactions=true, durationMillis=60000}
 INFO  [pool-1-thread-1] {org.radargun.stressors.StressTestStressor} Cache wrapper info is: FFWrapper using infinispan52
[GC 268799K->20420K(2944064K), 0.0510820 secs]
[GC 276484K->18174K(2944064K), 0.0359710 secs]
[GC 274238K->17411K(2944064K), 0.0353860 secs]
 INFO  [pool-1-thread-1] {org.radargun.stressors.StressTestStressor} Started 4 stressor threads.
 INFO  [Stressor-2] {org.radargun.stressors.StressTestStressor} Number of ops executed so far: 1. Elapsed time: 0.001 secs. Remaining: 59.999 secs. Total: 1 mins 0 secs
[GC 273475K->24462K(2944064K), 0.0422300 secs]
[GC 280526K->25593K(2944064K), 0.0403370 secs]
[GC 281657K->26165K(2944064K), 0.0416730 secs]
[GC 282229K->30715K(2944064K), 0.0404370 secs]
[GC 286779K->41944K(2944064K), 0.0437270 secs]
 INFO  [Stressor-0] {org.radargun.stressors.StressTestStressor} Number of ops executed so far: 20500. Elapsed time: 20.151 secs. Remaining: 39.849 secs. Total: 1 mins 0 secs
[GC 298008K->48911K(2944064K), 0.0453010 secs]
[GC 304975K->48477K(2944064K), 0.0473370 secs]
[GC 304541K->54446K(2944064K), 0.0465920 secs]
[GC 310510K->59754K(2944064K), 0.0475130 secs]
[GC 315818K->55753K(2944064K), 0.0476920 secs]
[GC 311817K->54642K(2944064K), 0.0510590 secs]
 INFO  [Stressor-0] {org.radargun.stressors.StressTestStressor} Number of ops executed so far: 35800. Elapsed time: 40.229 secs. Remaining: 19.771 secs. Total: 1 mins 0 secs
[GC 310706K->71927K(2944064K), 0.0645660 secs]
[GC 327991K->70951K(2944064K), 0.0557980 secs]
[GC 327015K->77126K(2944064K), 0.0505770 secs]
[GC 333190K->73139K(2944064K), 0.0451030 secs]
[GC 329203K->88188K(2944064K), 0.0487780 secs]
[GC 344252K->96128K(2944064K), 0.0457580 secs]
 INFO  [pool-1-thread-1] {org.radargun.stressors.StressTestStressor} Finished generating report. Test duration is: 1 mins 16 secs
 INFO  [pool-1-thread-1] {org.radargun.stages.StressTestWarmupStage} The warmup took: 76 seconds.
 INFO  [pool-1-thread-1] {org.radargun.Slave} Finished stage: StressTestWarmup {bulkSize=1, cacheSpecificKeyGenerator=false, commitTransactions=true, duration=1 mins 0 secs, entrySize=1000, exitBenchmarkOnSlaveFailure=false, fixedKeys=true, generateHistogramRange=false, keyGeneratorClass=org.radargun.stressors.StringKeyGenerator, keyGeneratorParam=null, loadAllKeys=false, numEntries=100, numOfThreads=4, numRequests=10000, numThreads=4, numberOfAttributes=100, numberOfRequests=10000, opsCountStatusLog=100000, poolKeys=true, preferAsyncOperations=false, removePercentage=0, replaceInvalidPercentage=40, runOnAllSlaves=false, sharedKeys=false, sizeOfAnAttribute=1000, slaves=null, transactionSize=50, useAtomics=false, useHistogramStatistics=false, useSimpleStatistics=true, useSmartClassLoading=true, useTransactions=null, writePercentage=20, writeTxPercentage=20 }
 INFO  [main] {org.radargun.Slave} Ack successfully sent to the master
[GC 352192K->90346K(2944064K), 0.0475080 secs]
[GC 346410K->94507K(2944064K), 0.0455560 secs]
[GC 350571K->95979K(2944064K), 0.0459500 secs]
[GC 352043K->96548K(2944064K), 0.0532580 secs]
[GC 352612K->97156K(2944064K), 0.0433720 secs]
[GC 353220K->98174K(2944064K), 0.0431260 secs]
[GC 354238K->85239K(2944064K), 0.0441530 secs]
[GC 341288K->99833K(2944064K), 0.0463190 secs]
[GC 355897K->87297K(2944064K), 0.0462180 secs]
[GC 343361K->94509K(2944064K), 0.0425850 secs]
[GC 350573K->105885K(2944064K), 0.0447860 secs]
[GC 361949K->91077K(2944064K), 0.0469180 secs]
[GC 347141K->107876K(2944064K), 0.0485960 secs]
[GC 363940K->116480K(2944064K), 0.0521530 secs]
[GC 372544K->102211K(2944064K), 0.0475730 secs]
[GC 358275K->117210K(2944064K), 0.0481950 secs]
[GC 373274K->126073K(2944064K), 0.0588540 secs]
[GC 382117K->133690K(2944064K), 0.0611540 secs]
[GC 389754K->141632K(2944064K), 0.0544480 secs]
[GC 397691K->151236K(2944064K), 0.0638090 secs]
 INFO  [pool-1-thread-1] {org.radargun.Slave} Executing stage: ClearClusterStage {ClearCluster {exitBenchmarkOnSlaveFailure=false, runOnAllSlaves=false, slaves=[ 0 ], useSmartClassLoading=true }
 INFO  [pool-1-thread-1] {org.radargun.stages.ClearClusterStage} Before executing clear, memory looks like this: Memory - free: 2,555,870 kb - max:4,906,688 kb- total:2,944,064 kb
[Full GC 388193K->136862K(2944064K), 0.6621500 secs]
 INFO  [pool-1-thread-1] {org.radargun.stages.ClearClusterStage} After executing cleanup, memory looks like this: Memory - free: 2,806,536 kb - max:4,906,688 kb- total:2,944,192 kb
 INFO  [pool-1-thread-1] {org.radargun.Slave} Finished stage: ClearClusterStage {ClearCluster {exitBenchmarkOnSlaveFailure=false, runOnAllSlaves=false, slaves=[ 0 ], useSmartClassLoading=true }
 INFO  [main] {org.radargun.Slave} Ack successfully sent to the master
 INFO  [pool-1-thread-1] {org.radargun.Slave} Executing stage: StressTest {bulkSize=1, cacheSpecificKeyGenerator=false, commitTransactions=true, duration=1 mins 0 secs, entrySize=1000, exitBenchmarkOnSlaveFailure=false, fixedKeys=true, generateHistogramRange=false, keyGeneratorClass=org.radargun.stressors.StringKeyGenerator, keyGeneratorParam=null, loadAllKeys=false, numEntries=10000, numOfThreads=4, numRequests=10000000, numThreads=4, numberOfAttributes=10000, numberOfRequests=10000000, opsCountStatusLog=500000, poolKeys=true, preferAsyncOperations=false, removePercentage=0, replaceInvalidPercentage=40, runOnAllSlaves=false, sharedKeys=false, sizeOfAnAttribute=1000, slaves=null, transactionSize=10000, useAtomics=false, useHistogramStatistics=false, useSimpleStatistics=true, useSmartClassLoading=true, useTransactions=true, writePercentage=1, writeTxPercentage=5 }
 INFO  [pool-1-thread-1] {org.radargun.stages.StressTestStage} Starting StressTestStage: StressTest {bulkSize=1, cacheSpecificKeyGenerator=false, commitTransactions=true, duration=1 mins 0 secs, entrySize=1000, exitBenchmarkOnSlaveFailure=false, fixedKeys=true, generateHistogramRange=false, keyGeneratorClass=org.radargun.stressors.StringKeyGenerator, keyGeneratorParam=null, loadAllKeys=false, numEntries=10000, numOfThreads=4, numRequests=10000000, numThreads=4, numberOfAttributes=10000, numberOfRequests=10000000, opsCountStatusLog=500000, poolKeys=true, preferAsyncOperations=false, removePercentage=0, replaceInvalidPercentage=40, runOnAllSlaves=false, sharedKeys=false, sizeOfAnAttribute=1000, slaves=null, transactionSize=10000, useAtomics=false, useHistogramStatistics=false, useSimpleStatistics=true, useSmartClassLoading=true, useTransactions=true, writePercentage=1, writeTxPercentage=5 }
 INFO  [pool-1-thread-1] {org.radargun.stressors.StressTestStressor} Using key generator org.radargun.stressors.StringKeyGenerator, param null
 INFO  [pool-1-thread-1] {org.radargun.stressors.StressTestStressor} Executing: StressTestStressor{opsCountStatusLog=500000, numRequests=10000000, numEntries=10000, entrySize=1000, writePercentage=1, numThreads=4, cacheWrapper=org.radargun.cachewrappers.FFWrapper@4037e7eb, nodeIndex=8, useTransactions=true, transactionSize=10000, commitTransactions=true, durationMillis=60000}
 INFO  [pool-1-thread-1] {org.radargun.stressors.StressTestStressor} Cache wrapper info is: FFWrapper using infinispan52
[GC 392990K->198635K(2944192K), 0.0616420 secs]
[GC 454763K->152742K(2944192K), 0.0310470 secs]
[GC 408870K->145501K(2944192K), 0.0290500 secs]
[GC 401629K->145578K(2944192K), 0.0290370 secs]
[GC 401706K->148151K(2944192K), 0.0296280 secs]
[GC 404279K->151310K(2944192K), 0.0329800 secs]
[GC 407438K->154055K(2944192K), 0.0319640 secs]
[GC 410183K->157165K(2944192K), 0.0329810 secs]
[GC 413293K->154470K(2944192K), 0.0320070 secs]
[GC 410598K->160213K(2944192K), 0.0330840 secs]
[GC 416341K->160862K(2944192K), 0.0348480 secs]
[GC 416990K->163953K(2944192K), 0.0363720 secs]
[GC 420081K->166526K(2944192K), 0.0350750 secs]
[GC 422654K->164275K(2944192K), 0.0391640 secs]
[GC 420403K->165598K(2944192K), 0.0367730 secs]
[GC 421726K->169849K(2944192K), 0.0414390 secs]
[GC 425977K->176173K(2944192K), 0.0369240 secs]
[GC 432301K->167423K(2944192K), 0.0366930 secs]
[GC 423551K->176055K(2944192K), 0.0374220 secs]
[GC 432183K->180073K(2944192K), 0.0376840 secs]
[GC 436201K->174906K(2944192K), 0.0377050 secs]
[GC 431034K->180981K(2944192K), 0.0400090 secs]
[GC 437109K->185308K(2944192K), 0.0374790 secs]
[GC 441436K->179502K(2944192K), 0.0369700 secs]
[GC 435630K->183231K(2944192K), 0.0371380 secs]
[GC 439359K->182145K(2944192K), 0.0362140 secs]
[GC 438273K->184679K(2944192K), 0.0395810 secs]
[GC 440807K->186406K(2944192K), 0.0381850 secs]
[GC 442534K->188257K(2944192K), 0.0405670 secs]
[GC 444385K->190572K(2944192K), 0.0475810 secs]
[GC 446700K->192686K(2944192K), 0.0389650 secs]
[GC 448814K->194107K(2944192K), 0.0348160 secs]
[GC 450235K->195589K(2944192K), 0.0428620 secs]
[GC 451717K->196779K(2944192K), 0.0393040 secs]
[GC 452907K->196908K(2944192K), 0.0424780 secs]
[GC 453036K->198504K(2944192K), 0.0401450 secs]
[GC 454632K->205768K(2944192K), 0.0384070 secs]
[GC 461896K->195790K(2944192K), 0.0445320 secs]
[GC 451918K->204839K(2944192K), 0.0414540 secs]
[GC 460967K->204269K(2944192K), 0.0443760 secs]
[GC 460397K->206516K(2944192K), 0.0396670 secs]
[GC 462644K->207971K(2944192K), 0.0400890 secs]
[GC 464099K->203300K(2944192K), 0.0416380 secs]
[GC 459428K->203639K(2944192K), 0.0379140 secs]
[GC 459767K->204829K(2944192K), 0.0476150 secs]
[GC 460957K->211474K(2944192K), 0.0363760 secs]
[GC 467602K->207340K(2944192K), 0.0382670 secs]
[GC 463468K->208762K(2944192K), 0.0400860 secs]
[GC 464890K->216142K(2944192K), 0.0396380 secs]
[GC 472270K->218092K(2944192K), 0.0429330 secs]
[GC 474220K->219511K(2944192K), 0.0401350 secs]
[GC 475639K->214997K(2944192K), 0.0491680 secs]
[GC 471125K->214764K(2944192K), 0.0370800 secs]
[GC 470892K->216163K(2944192K), 0.0378270 secs]
[GC 472291K->217819K(2944192K), 0.0392450 secs]
[GC 473947K->230498K(2944192K), 0.0395370 secs]
[GC 486626K->220904K(2944192K), 0.0376150 secs]
[GC 477032K->230366K(2944192K), 0.0368890 secs]
[GC 486494K->229724K(2944192K), 0.0444700 secs]
[GC 485852K->231915K(2944192K), 0.0357850 secs]
[GC 488043K->232959K(2944192K), 0.0420250 secs]
[GC 489087K->234173K(2944192K), 0.0386670 secs]
[GC 490301K->234674K(2944192K), 0.0403830 secs]
[GC 490802K->235889K(2944192K), 0.0474980 secs]
[GC 492017K->253496K(2944192K), 0.0404710 secs]
[GC 509624K->252409K(2944192K), 0.0491280 secs]
[GC 508537K->269912K(2944192K), 0.0479300 secs]
[GC 526040K->286594K(2944192K), 0.0519200 secs]
[GC 542722K->300910K(2944192K), 0.0546360 secs]
[GC 557038K->281999K(2944192K), 0.0610960 secs]
[GC 538127K->320143K(2944192K), 0.0700760 secs]
[GC 576271K->342149K(2944192K), 0.0666090 secs]
[GC 598277K->311561K(2944192K), 0.0714610 secs]
[GC 567689K->338446K(2944192K), 0.0640720 secs]
[GC 594574K->353142K(2944192K), 0.0645120 secs]
[GC 609265K->328460K(2944192K), 0.0668910 secs]
[GC 584588K->360244K(2944192K), 0.0617740 secs]
[GC 616372K->357851K(2944192K), 0.0610500 secs]
[GC 613979K->373856K(2944192K), 0.0559370 secs]
[GC 629984K->362998K(2944192K), 0.0725540 secs]
[GC 619126K->390418K(2944192K), 0.0599600 secs]
[GC 646546K->386718K(2944192K), 0.0677800 secs]
[GC 642846K->368116K(2944192K), 0.0737290 secs]
[GC 624244K->394240K(2944192K), 0.0517470 secs]
[GC 650368K->386866K(2944192K), 0.0646960 secs]
[GC 642994K->429225K(2944192K), 0.0514790 secs]
[GC 685353K->391486K(2944192K), 0.0577340 secs]
[GC 647614K->409363K(2944192K), 0.0549640 secs]
[GC 665491K->420419K(2944192K), 0.0572980 secs]
[GC 676547K->400830K(2944192K), 0.0622350 secs]
[GC 656958K->413589K(2944192K), 0.0519340 secs]
[GC 669717K->424124K(2944192K), 0.0645090 secs]
[GC 680252K->434667K(2944192K), 0.0543270 secs]
[GC 690795K->425235K(2944192K), 0.0625530 secs]
[GC 681363K->439919K(2944192K), 0.0594080 secs]
[GC 696047K->421321K(2944192K), 0.0625470 secs]
[GC 677449K->411464K(2944192K), 0.0640090 secs]
[GC 667592K->428602K(2944192K), 0.0566590 secs]
[GC 684730K->426217K(2944192K), 0.0552340 secs]
[GC 682345K->439715K(2944192K), 0.0526580 secs]
[GC 695843K->443110K(2944192K), 0.0538640 secs]
[GC 699238K->446435K(2944192K), 0.0538140 secs]
[GC 702563K->437515K(2944192K), 0.0512590 secs]
[GC 693643K->453138K(2944192K), 0.0514190 secs]
[GC 709266K->458168K(2944192K), 0.0548480 secs]
[GC 714296K->462174K(2944192K), 0.0582170 secs]
[GC 718302K->466062K(2944192K), 0.0545240 secs]
[GC 722190K->470067K(2944192K), 0.0633500 secs]
[GC 726195K->474597K(2944192K), 0.0548440 secs]
[GC 730725K->457173K(2944192K), 0.0490610 secs]
[GC 713301K->463180K(2944192K), 0.0560510 secs]
[GC 719308K->484045K(2944192K), 0.0499030 secs]
[GC 740173K->477421K(2944192K), 0.0555930 secs]
[GC 733549K->495370K(2944192K), 0.0534350 secs]
[GC 751498K->474090K(2944192K), 0.0560950 secs]
[GC 730218K->485696K(2944192K), 0.0569780 secs]
[GC 741824K->495097K(2944192K), 0.0605920 secs]
[GC 751225K->500351K(2944192K), 0.0544890 secs]
[GC 756479K->488781K(2944192K), 0.0478680 secs]
[GC 744909K->495665K(2944192K), 0.0493620 secs]
[GC 751793K->509114K(2944192K), 0.0494030 secs]
[GC 765242K->487981K(2944192K), 0.0502790 secs]
[GC 744109K->510649K(2944192K), 0.0530050 secs]
[GC 766777K->495857K(2944192K), 0.0583850 secs]
 INFO  [pool-1-thread-1] {org.radargun.stressors.StressTestStressor} Started 4 stressor threads.
 INFO  [Stressor-2] {org.radargun.stressors.StressTestStressor} Number of ops executed so far: 1. Elapsed time: 0.000 secs. Remaining: 1 mins 0 secs. Total: 1 mins 0 secs
[GC 751985K->529014K(2944192K), 0.0591550 secs]
[GC 785142K->508574K(2944192K), 0.0537680 secs]
[GC 764702K->530849K(2944192K), 0.0560220 secs]
[GC 786668K->544742K(2944192K), 0.0556470 secs]
[GC 800870K->553476K(2944192K), 0.0537220 secs]
[GC 809604K->550394K(2944192K), 0.0580470 secs]
[GC 806522K->571792K(2944192K), 0.0609260 secs]
[GC 827920K->537023K(2944192K), 0.0554440 secs]
[GC 792907K->539946K(2944192K), 0.0431850 secs]
[GC 796074K->567487K(2944192K), 0.0471530 secs]
[GC 823615K->574523K(2944192K), 0.0576730 secs]
[GC 830651K->565875K(2944192K), 0.0522830 secs]
[GC 822003K->561174K(2944192K), 0.0488600 secs]
[GC 817302K->563128K(2944192K), 0.0535490 secs]
[GC 819256K->573003K(2944192K), 0.0592170 secs]
[GC 829131K->569601K(2944192K), 0.0440860 secs]
[GC 825716K->569832K(2944192K), 0.0434530 secs]
[GC 825921K->573885K(2944192K), 0.0450880 secs]
[GC 830013K->594822K(2944192K), 0.0498710 secs]
 INFO  [Stressor-1] {org.radargun.stressors.StressTestStressor} Number of ops executed so far: 11080468. Elapsed time: 20.000 secs. Remaining: 40.000 secs. Total: 1 mins 0 secs
[GC 850950K->609721K(2944192K), 0.0589060 secs]
[GC 865849K->580144K(2944192K), 0.0417300 secs]
[GC 836272K->583043K(2944192K), 0.0571630 secs]
[GC 839171K->611626K(2944192K), 0.0489050 secs]
[GC 867754K->610138K(2944192K), 0.0552010 secs]
[GC 866266K->621477K(2944192K), 0.0570620 secs]
[GC 877260K->593575K(2944192K), 0.0434870 secs]
[GC 849703K->603169K(2944192K), 0.0821380 secs]
[GC 859297K->615676K(2944192K), 0.0541340 secs]
[GC 871804K->620749K(2944192K), 0.0428000 secs]
[GC 876877K->626403K(2944192K), 0.0436620 secs]
[GC 882448K->624071K(2944192K), 0.0460370 secs]
[GC 880199K->631691K(2944192K), 0.0475780 secs]
[GC 887819K->648382K(2944192K), 0.0515450 secs]
[GC 904507K->643795K(2944192K), 0.0650060 secs]
[GC 899923K->658215K(2944192K), 0.0553300 secs]
[GC 914343K->637454K(2944192K), 0.0448690 secs]
[GC 893582K->651536K(2944192K), 0.0488000 secs]
[GC 907664K->673973K(2944192K), 0.0569130 secs]
 INFO  [Stressor-2] {org.radargun.stressors.StressTestStressor} Number of ops executed so far: 21784963. Elapsed time: 40.000 secs. Remaining: 20.000 secs. Total: 1 mins 0 secs
[GC 930101K->676498K(2944192K), 0.0472090 secs]
[GC 932626K->661917K(2944192K), 0.0432570 secs]
[GC 918045K->681150K(2944192K), 0.0450740 secs]
[GC 937278K->683960K(2944192K), 0.0920530 secs]
[GC 940088K->691904K(2944192K), 0.0542550 secs]
[GC 947973K->678591K(2944192K), 0.0393030 secs]
[GC 934719K->693095K(2944192K), 0.0448300 secs]
[GC 948948K->694295K(2944192K), 0.0503190 secs]
[GC 950423K->725042K(2944192K), 0.0680710 secs]
[GC 981170K->709648K(2944192K), 0.0481220 secs]
[GC 965776K->709194K(2944192K), 0.0462250 secs]
[GC 965322K->733015K(2944192K), 0.0470190 secs]
[GC 989130K->744696K(2944192K), 0.0592190 secs]
[GC 1000824K->735984K(2944192K), 0.0464960 secs]
[GC 992112K->733995K(2944192K), 0.0484070 secs]
[GC 990123K->745271K(2944192K), 0.0509800 secs]
[GC 1001399K->751087K(2944192K), 0.0591060 secs]
[GC 1007215K->749834K(2944192K), 0.0451780 secs]
[GC 1005962K->750668K(2944192K), 0.0454400 secs]
 INFO  [Stressor-2] {org.radargun.stressors.StressTestStressor} Number of ops executed so far: 32577534. Elapsed time: 1 mins 0 secs. Remaining: 0.000 secs. Total: 1 mins 0 secs
 INFO  [pool-1-thread-1] {org.radargun.stressors.StressTestStressor} Finished generating report. Test duration is: 8 mins 41 secs
 INFO  [pool-1-thread-1] {org.radargun.stages.StressTestStage} size info: FFWrapper using infinispan52, clusterSize:12, nodeIndex:8, cacheSize: -1
 INFO  [pool-1-thread-1] {org.radargun.Slave} Finished stage: StressTest {bulkSize=1, cacheSpecificKeyGenerator=false, commitTransactions=true, duration=1 mins 0 secs, entrySize=1000, exitBenchmarkOnSlaveFailure=false, fixedKeys=true, generateHistogramRange=false, keyGeneratorClass=org.radargun.stressors.StringKeyGenerator, keyGeneratorParam=null, loadAllKeys=false, numEntries=10000, numOfThreads=4, numRequests=10000000, numThreads=4, numberOfAttributes=10000, numberOfRequests=10000000, opsCountStatusLog=500000, poolKeys=true, preferAsyncOperations=false, removePercentage=0, replaceInvalidPercentage=40, runOnAllSlaves=false, sharedKeys=false, sizeOfAnAttribute=1000, slaves=null, transactionSize=10000, useAtomics=false, useHistogramStatistics=false, useSimpleStatistics=true, useSmartClassLoading=true, useTransactions=true, writePercentage=1, writeTxPercentage=5 }
 INFO  [main] {org.radargun.Slave} Ack successfully sent to the master
[GC 1006796K->752143K(2944192K), 0.0484020 secs]
[GC 1008271K->760614K(2944192K), 0.0468970 secs]
[GC 1016742K->748244K(2944192K), 0.0486630 secs]
[GC 1004372K->765928K(2944192K), 0.1048480 secs]
[GC 1022056K->747896K(2944192K), 0.0446310 secs]
[GC 1004024K->753068K(2944192K), 0.0392870 secs]
[GC 1009196K->757113K(2944192K), 0.1085940 secs]
[GC 1013241K->749787K(2944192K), 0.0384840 secs]
[GC 1005915K->741443K(2944192K), 0.0363720 secs]
[GC 997571K->740927K(2944192K), 0.0398600 secs]
[GC 997055K->737378K(2944192K), 0.0388230 secs]
[GC 993506K->748553K(2944192K), 0.0440420 secs]
[GC 1004681K->743094K(2944192K), 0.0410430 secs]
[GC 999222K->745655K(2944192K), 0.0415880 secs]
[GC 1001783K->746564K(2944192K), 0.0411860 secs]
[GC 1002692K->743323K(2944192K), 0.0397590 secs]
[GC 999451K->743985K(2944192K), 0.0392230 secs]
[GC 1000113K->743495K(2944192K), 0.0380150 secs]
[GC 999623K->747994K(2944192K), 0.0361480 secs]
[GC 1004122K->748910K(2944192K), 0.0366530 secs]
[GC 1005038K->746041K(2944192K), 0.0374680 secs]
[GC 1002169K->750879K(2944192K), 0.0378650 secs]
[GC 1007007K->751926K(2944192K), 0.0396830 secs]
[GC 1008054K->752890K(2944192K), 0.0388070 secs]
[GC 1009018K->753860K(2944192K), 0.0362730 secs]
[GC 1009988K->751170K(2944192K), 0.0625170 secs]
[GC 1007298K->756097K(2944192K), 0.0380130 secs]
[GC 1012225K->753230K(2944192K), 0.0344130 secs]
[GC 1009358K->754236K(2944192K), 0.0361080 secs]
[GC 1010364K->755322K(2944192K), 0.0363670 secs]
[GC 1011450K->760260K(2944192K), 0.0408680 secs]
[GC 1016388K->761214K(2944192K), 0.0375940 secs]
[GC 1017342K->758378K(2944192K), 0.0366210 secs]
[GC 1014506K->759384K(2944192K), 0.0414000 secs]
[GC 1015512K->760443K(2944192K), 0.0363990 secs]
[GC 1016571K->761567K(2944192K), 0.0397610 secs]
[GC 1017695K->762650K(2944192K), 0.0403250 secs]
[GC 1018778K->763624K(2944192K), 0.0379100 secs]
[GC 1019752K->764733K(2944192K), 0.0386470 secs]
[GC 1020861K->766028K(2944192K), 0.0412650 secs]
[GC 1022156K->771099K(2944192K), 0.0393780 secs]
[GC 1027227K->772251K(2944192K), 0.0406980 secs]
[GC 1028379K->773521K(2944192K), 0.1125250 secs]
[GC 1029649K->770494K(2944192K), 0.0389870 secs]
[GC 1026622K->775722K(2944192K), 0.0399080 secs]
[GC 1031850K->776842K(2944192K), 0.0393450 secs]
[GC 1032970K->782124K(2944192K), 0.0409750 secs]
[GC 1038252K->777529K(2944192K), 0.0432050 secs]
[GC 1033657K->785687K(2944192K), 0.0385530 secs]
[GC 1041815K->779084K(2944192K), 0.0432100 secs]
[GC 1035212K->787891K(2944192K), 0.0405320 secs]
[GC 1044019K->778712K(2944192K), 0.0388060 secs]
[GC 1034840K->790425K(2944192K), 0.0392270 secs]
[GC 1046553K->783787K(2944192K), 0.0413820 secs]
[GC 1039915K->788843K(2944192K), 0.0361580 secs]
[GC 1044971K->788091K(2944192K), 0.0396830 secs]
[GC 1044219K->789697K(2944192K), 0.0376900 secs]
[GC 1045825K->790850K(2944192K), 0.0397620 secs]
[GC 1046978K->792040K(2944192K), 0.0370570 secs]
[GC 1048168K->793318K(2944192K), 0.0385290 secs]
[GC 1049446K->790174K(2944192K), 0.0413410 secs]
[GC 1046302K->795920K(2944192K), 0.0409750 secs]
[GC 1052048K->797160K(2944192K), 0.0379080 secs]
[GC 1053288K->798297K(2944192K), 0.0375520 secs]
[GC 1054425K->795014K(2944192K), 0.0406450 secs]
[GC 1051142K->800762K(2944192K), 0.0395300 secs]
[GC 1056890K->801921K(2944192K), 0.0411410 secs]
[GC 1058049K->803200K(2944192K), 0.0410380 secs]
[GC 1059328K->808890K(2944192K), 0.0378530 secs]
[GC 1065018K->800960K(2944192K), 0.0404020 secs]
[GC 1057088K->808327K(2944192K), 0.0360640 secs]
[GC 1064455K->807381K(2944192K), 0.0361870 secs]
[GC 1063509K->813666K(2944192K), 0.0390480 secs]
[GC 1069794K->805858K(2944192K), 0.0427440 secs]
[GC 1061986K->817582K(2944192K), 0.0413600 secs]
[GC 1073710K->807586K(2944192K), 0.0416870 secs]
[GC 1063714K->819887K(2944192K), 0.0429390 secs]
[GC 1076015K->812792K(2944192K), 0.0410170 secs]
[GC 1068920K->818330K(2944192K), 0.0435860 secs]
[GC 1074458K->817565K(2944192K), 0.0418730 secs]
[GC 1073693K->814510K(2944192K), 0.0397770 secs]
[GC 1070638K->820372K(2944192K), 0.0383460 secs]
[GC 1076500K->816995K(2944192K), 0.0440780 secs]
[GC 1073123K->822950K(2944192K), 0.0466220 secs]
[GC 1079078K->819557K(2944192K), 0.0405310 secs]
[GC 1075685K->825487K(2944192K), 0.0391180 secs]
[GC 1081615K->822068K(2944192K), 0.0428820 secs]
[GC 1078196K->828005K(2944192K), 0.0423750 secs]
[GC 1084133K->829224K(2944192K), 0.0490550 secs]
[GC 1085352K->835249K(2944192K), 0.0384520 secs]
[GC 1091377K->826996K(2944192K), 0.0381830 secs]
[GC 1083124K->834719K(2944192K), 0.0409000 secs]
[GC 1090847K->838196K(2944192K), 0.0384590 secs]
[GC 1094324K->833440K(2944192K), 0.0416090 secs]
[GC 1089568K->842348K(2944192K), 0.0382370 secs]
[GC 1098476K->834970K(2944192K), 0.0436490 secs]
[GC 1091098K->844892K(2944192K), 0.0436120 secs]
[GC 1101020K->834771K(2944192K), 0.0440370 secs]
[GC 1090899K->843236K(2944192K), 0.0453500 secs]
[GC 1099364K->847085K(2944192K), 0.0403220 secs]
[GC 1103213K->839397K(2944192K), 0.0464820 secs]
[GC 1095525K->842914K(2944192K), 0.0420910 secs]
[GC 1099042K->846286K(2944192K), 0.0403050 secs]
[GC 1102414K->848184K(2944192K), 0.0461340 secs]
[GC 1104312K->849603K(2944192K), 0.0427140 secs]
[GC 1105731K->850968K(2944192K), 0.0426870 secs]
[GC 1107096K->852248K(2944192K), 0.0426760 secs]
[GC 1108376K->853648K(2944192K), 0.0378220 secs]
[GC 1109776K->859894K(2944192K), 0.0413730 secs]
[GC 1116022K->851345K(2944192K), 0.0391860 secs]
[GC 1107473K->863505K(2944192K), 0.0404800 secs]
[GC 1119633K->852866K(2944192K), 0.0428470 secs]
[GC 1108994K->856901K(2944192K), 0.0441260 secs]
[GC 1113029K->860288K(2944192K), 0.0449490 secs]
[GC 1116416K->862177K(2944192K), 0.0396490 secs]
[GC 1118305K->863555K(2944192K), 0.0400690 secs]
[GC 1119683K->859902K(2944192K), 0.0457010 secs]
[GC 1116030K->866107K(2944192K), 0.0419970 secs]
[GC 1122235K->867257K(2944192K), 0.0424370 secs]
[GC 1123385K->863773K(2944192K), 0.0402860 secs]
[GC 1119901K->869914K(2944192K), 0.0426200 secs]
[GC 1126042K->871093K(2944192K), 0.0378950 secs]
[GC 1127221K->867286K(2944192K), 0.0419010 secs]
[GC 1123414K->868490K(2944192K), 0.0422550 secs]
[GC 1124618K->869722K(2944192K), 0.0455440 secs]
[GC 1125850K->875944K(2944192K), 0.0399780 secs]
[GC 1132072K->877423K(2944192K), 0.0454420 secs]
[GC 1133551K->878587K(2944192K), 0.0494710 secs]
[GC 1134715K->875072K(2944192K), 0.0424570 secs]
[GC 1131200K->881034K(2944192K), 0.0409400 secs]
[GC 1137162K->882133K(2944192K), 0.0466040 secs]
[GC 1138261K->878710K(2944192K), 0.0428460 secs]
[GC 1134838K->884719K(2944192K), 0.0440800 secs]
[GC 1140847K->881074K(2944192K), 0.0441390 secs]
[GC 1137202K->882352K(2944192K), 0.0434740 secs]
[GC 1138480K->888353K(2944192K), 0.0449460 secs]
[GC 1144481K->889447K(2944192K), 0.0393260 secs]
[GC 1145575K->890865K(2944192K), 0.0399440 secs]
[GC 1146993K->892067K(2944192K), 0.0432830 secs]
[GC 1148195K->893251K(2944192K), 0.0425880 secs]
[GC 1149379K->894437K(2944192K), 0.0408700 secs]
[GC 1150565K->890681K(2944192K), 0.0421620 secs]
[GC 1146809K->891964K(2944192K), 0.0405990 secs]
[GC 1148092K->897987K(2944192K), 0.0404130 secs]
[GC 1154115K->903745K(2944192K), 0.0410370 secs]
[GC 1159873K->895593K(2944192K), 0.0407160 secs]
[GC 1151721K->907408K(2944192K), 0.0434450 secs]
[GC 1163536K->897058K(2944192K), 0.0384260 secs]
[GC 1153186K->909571K(2944192K), 0.0426970 secs]
[GC 1165699K->899520K(2944192K), 0.0414850 secs]
[GC 1155648K->911982K(2944192K), 0.0398580 secs]
[GC 1168110K->901987K(2944192K), 0.0435400 secs]
[GC 1158115K->914486K(2944192K), 0.0387520 secs]
[GC 1170614K->904347K(2944192K), 0.0415030 secs]
[GC 1160475K->912722K(2944192K), 0.0396430 secs]
[GC 1168850K->911792K(2944192K), 0.0389420 secs]
[GC 1167920K->913471K(2944192K), 0.0409240 secs]
[GC 1169599K->914822K(2944192K), 0.0409830 secs]
[GC 1170950K->915984K(2944192K), 0.0406850 secs]
[GC 1172112K->917148K(2944192K), 0.0416560 secs]
[GC 1173276K->918342K(2944192K), 0.0388680 secs]
[GC 1174470K->914899K(2944192K), 0.0386370 secs]
[GC 1171027K->920694K(2944192K), 0.0435070 secs]
[GC 1176822K->917329K(2944192K), 0.0430660 secs]
[GC 1173457K->923151K(2944192K), 0.0415760 secs]
[GC 1179279K->924395K(2944192K), 0.0826620 secs]
[GC 1180523K->925578K(2944192K), 0.0386650 secs]
[GC 1181706K->922255K(2944192K), 0.0432340 secs]
[GC 1178383K->923415K(2944192K), 0.0407360 secs]
[GC 1179543K->929302K(2944192K), 0.0432640 secs]
[GC 1185430K->925853K(2944192K), 0.0422850 secs]
[GC 1181981K->936447K(2944192K), 0.0435220 secs]
[GC 1192575K->928283K(2944192K), 0.0454230 secs]
[GC 1184411K->935880K(2944192K), 0.0387210 secs]
[GC 1192008K->934878K(2944192K), 0.0398440 secs]
[GC 1191006K->932058K(2944192K), 0.0387230 secs]
[GC 1188186K->938296K(2944192K), 0.0414630 secs]
[GC 1194424K->939710K(2944192K), 0.0421140 secs]
[GC 1195838K->940939K(2944192K), 0.0394510 secs]
[GC 1197067K->942032K(2944192K), 0.0421230 secs]
[GC 1198160K->948084K(2944192K), 0.0437530 secs]
[GC 1204212K->939873K(2944192K), 0.0415050 secs]
[GC 1196001K->951552K(2944192K), 0.0384450 secs]
[GC 1207680K->941255K(2944192K), 0.0408550 secs]
[GC 1197383K->945226K(2944192K), 0.0400780 secs]
[GC 1201354K->948571K(2944192K), 0.0423530 secs]
[GC 1204699K->945573K(2944192K), 0.0413500 secs]
[GC 1201701K->951716K(2944192K), 0.0395930 secs]
[GC 1207844K->957618K(2944192K), 0.0414850 secs]
[GC 1213746K->949406K(2944192K), 0.0415820 secs]
[GC 1205534K->957018K(2944192K), 0.0445970 secs]
[GC 1213146K->955861K(2944192K), 0.0433630 secs]
[GC 1211989K->957497K(2944192K), 0.0411050 secs]
[GC 1213625K->954167K(2944192K), 0.0401770 secs]
[GC 1210295K->955396K(2944192K), 0.0367170 secs]
[GC 1211524K->956635K(2944192K), 0.0421760 secs]
[GC 1212763K->962354K(2944192K), 0.0420210 secs]
[GC 1218482K->963663K(2944192K), 0.0396940 secs]
[GC 1219791K->960118K(2944192K), 0.0421850 secs]
[GC 1216246K->966180K(2944192K), 0.0402580 secs]
[GC 1222308K->967451K(2944192K), 0.0398710 secs]
[GC 1223579K->968753K(2944192K), 0.0385850 secs]
[GC 1224881K->969962K(2944192K), 0.0451130 secs]
[GC 1226090K->971214K(2944192K), 0.0402020 secs]
[GC 1227342K->967734K(2944192K), 0.0409540 secs]
[GC 1223862K->973599K(2944192K), 0.0420910 secs]
[GC 1229727K->979670K(2944192K), 0.0395880 secs]
[GC 1235798K->971501K(2944192K), 0.0405410 secs]
[GC 1227629K->978900K(2944192K), 0.0402850 secs]
[GC 1235028K->977860K(2944192K), 0.0429080 secs]
[GC 1233988K->974908K(2944192K), 0.0423110 secs]
[GC 1231036K->976226K(2944192K), 0.0408660 secs]
[GC 1232354K->987026K(2944192K), 0.0416310 secs]
[GC 1243154K->978835K(2944192K), 0.0451440 secs]
[GC 1234963K->990483K(2944192K), 0.0394460 secs]
[GC 1246611K->983103K(2944192K), 0.0451470 secs]
[GC 1239231K->988480K(2944192K), 0.0399700 secs]
[GC 1244608K->987625K(2944192K), 0.0446420 secs]
[GC 1243753K->989385K(2944192K), 0.0394950 secs]
[GC 1245513K->990718K(2944192K), 0.0435420 secs]
[GC 1246846K->987214K(2944192K), 0.0399450 secs]
[GC 1243342K->993164K(2944192K), 0.0413860 secs]
[GC 1249292K->994326K(2944192K), 0.0387210 secs]
[GC 1250454K->995488K(2944192K), 0.0413110 secs]
[GC 1251616K->996845K(2944192K), 0.0389810 secs]
[GC 1252973K->993235K(2944192K), 0.0414310 secs]
[GC 1249363K->999183K(2944192K), 0.0414030 secs]
[GC 1255311K->1000499K(2944192K), 0.0372420 secs]
[GC 1256627K->1006529K(2944192K), 0.0399290 secs]
[GC 1262657K->998380K(2944192K), 0.0411030 secs]
[GC 1254508K->1010473K(2944192K), 0.0379160 secs]
[GC 1266601K->1000079K(2944192K), 0.0389780 secs]
[GC 1256207K->1012760K(2944192K), 0.0383330 secs]
[GC 1268888K->1005558K(2944192K), 0.0381690 secs]
[GC 1261686K->1015378K(2944192K), 0.0380390 secs]
[GC 1271506K->1005162K(2944192K), 0.0386810 secs]
[GC 1261290K->1017963K(2944192K), 0.0411160 secs]
[GC 1274091K->1007507K(2944192K), 0.0376850 secs]
[GC 1263635K->1015894K(2944192K), 0.0432490 secs]
[GC 1272022K->1019708K(2944192K), 0.0430370 secs]
[GC 1275836K->1012013K(2944192K), 0.0411900 secs]
[GC 1268141K->1024228K(2944192K), 0.0419530 secs]
[GC 1280356K->1013907K(2944192K), 0.0381260 secs]
[GC 1270035K->1021987K(2944192K), 0.0394480 secs]
[GC 1278115K->1016348K(2944192K), 0.0437440 secs]
[GC 1272476K->1022745K(2944192K), 0.0439400 secs]
[GC 1278873K->1019349K(2944192K), 0.0455130 secs]
[GC 1275477K->1025227K(2944192K), 0.0423770 secs]
[GC 1281355K->1021644K(2944192K), 0.0423980 secs]
[GC 1277772K->1027523K(2944192K), 0.0444250 secs]
[GC 1283651K->1028725K(2944192K), 0.0413200 secs]
[GC 1284853K->1025188K(2944192K), 0.0419010 secs]
[GC 1281316K->1031035K(2944192K), 0.0411590 secs]
[GC 1287163K->1027640K(2944192K), 0.0429370 secs]
[GC 1283768K->1033478K(2944192K), 0.0399480 secs]
[GC 1289606K->1030043K(2944192K), 0.0403370 secs]
[GC 1286171K->1031273K(2944192K), 0.0411510 secs]
[GC 1287401K->1037085K(2944192K), 0.0430930 secs]
[GC 1293213K->1038248K(2944192K), 0.0398100 secs]
[GC 1294376K->1039555K(2944192K), 0.0417350 secs]
[GC 1295683K->1036035K(2944192K), 0.0414150 secs]
[GC 1292163K->1042000K(2944192K), 0.0388990 secs]
[GC 1298128K->1038519K(2944192K), 0.0401490 secs]
[GC 1294647K->1044360K(2944192K), 0.0383020 secs]
[GC 1300488K->1045570K(2944192K), 0.0383880 secs]
[GC 1301698K->1047010K(2944192K), 0.0391650 secs]
[GC 1303138K->1048181K(2944192K), 0.0433050 secs]
[GC 1304309K->1049379K(2944192K), 0.0417600 secs]
[GC 1305507K->1045901K(2944192K), 0.0445180 secs]
[GC 1302029K->1047216K(2944192K), 0.0388990 secs]
[GC 1303344K->1053071K(2944192K), 0.0407040 secs]
[GC 1309199K->1049585K(2944192K), 0.0403540 secs]
[GC 1305713K->1055535K(2944192K), 0.0428930 secs]
[GC 1311663K->1056941K(2944192K), 0.0424880 secs]
[GC 1313069K->1053400K(2944192K), 0.0414430 secs]
[GC 1309528K->1059550K(2944192K), 0.0395470 secs]
[GC 1315678K->1055902K(2944192K), 0.0454030 secs]
[GC 1312030K->1057217K(2944192K), 0.0415920 secs]
[GC 1313345K->1063223K(2944192K), 0.0430120 secs]
[GC 1319351K->1059679K(2944192K), 0.0431990 secs]
[GC 1315807K->1060806K(2944192K), 0.0399000 secs]
[GC 1316934K->1061980K(2944192K), 0.0417540 secs]
[GC 1318108K->1072789K(2944192K), 0.0454020 secs]
[GC 1328917K->1077019K(2944192K), 0.0479390 secs]
[GC 1333147K->1087561K(2944192K), 0.0514740 secs]
[GC 1343689K->1105140K(2944192K), 0.0557860 secs]
[GC 1361118K->1119130K(2944192K), 0.0555890 secs]
[GC 1375258K->1131801K(2944192K), 0.0604670 secs]
[GC 1387929K->1120858K(2944192K), 0.0626050 secs]
[GC 1376986K->1148237K(2944192K), 0.0642920 secs]
[GC 1404365K->1166827K(2944192K), 0.0709420 secs]
[GC 1422955K->1132423K(2944192K), 0.0749560 secs]
[GC 1388504K->1173773K(2944192K), 0.0764340 secs]
[GC 1429901K->1168771K(2944192K), 0.0743170 secs]
[GC 1424899K->1190512K(2944192K), 0.0710490 secs]
[GC 1446488K->1163678K(2944192K), 0.0705560 secs]
[GC 1419806K->1206113K(2944192K), 0.0708030 secs]
[GC 1462241K->1174120K(2944192K), 0.0751650 secs]
[GC 1430248K->1205945K(2944192K), 0.0687050 secs]
[GC 1462073K->1210130K(2944192K), 0.0595180 secs]
[GC 1466258K->1180962K(2944192K), 0.0599080 secs]
[GC 1437090K->1211275K(2944192K), 0.0850740 secs]
[GC 1467403K->1183023K(2944192K), 0.0575500 secs]
[GC 1439151K->1219263K(2944192K), 0.0573560 secs]
[GC 1475391K->1183377K(2944192K), 0.0589260 secs]
[GC 1439505K->1223438K(2944192K), 0.0647770 secs]
[GC 1479566K->1193520K(2944192K), 0.0672440 secs]
[GC 1449648K->1191381K(2944192K), 0.0655730 secs]
[GC 1447509K->1183860K(2944192K), 0.0880190 secs]
[GC 1439988K->1186695K(2944192K), 0.0613850 secs]
[GC 1442823K->1188211K(2944192K), 0.0583810 secs]
[GC 1444339K->1191613K(2944192K), 0.0554860 secs]
[GC 1447741K->1193703K(2944192K), 0.0507500 secs]
[GC 1449831K->1189386K(2944192K), 0.0429610 secs]
[GC 1445514K->1193111K(2944192K), 0.0454300 secs]
[GC 1449239K->1204091K(2944192K), 0.0406940 secs]
[GC 1460219K->1194699K(2944192K), 0.0415720 secs]
[GC 1450827K->1207744K(2944192K), 0.0411290 secs]
[GC 1463872K->1196309K(2944192K), 0.0420990 secs]
[GC 1452437K->1210404K(2944192K), 0.0411560 secs]
[GC 1466532K->1198936K(2944192K), 0.0397290 secs]
[GC 1455064K->1212734K(2944192K), 0.0390530 secs]
[GC 1468862K->1204593K(2944192K), 0.0435910 secs]
[GC 1460721K->1210555K(2944192K), 0.0426440 secs]
[GC 1466683K->1214721K(2944192K), 0.0397130 secs]
[GC 1470849K->1209534K(2944192K), 0.0449970 secs]
[GC 1465662K->1219601K(2944192K), 0.0451570 secs]
[GC 1475729K->1208337K(2944192K), 0.0416670 secs]
[GC 1464465K->1222252K(2944192K), 0.0419710 secs]
[GC 1478380K->1211094K(2944192K), 0.0449560 secs]
[GC 1467222K->1224900K(2944192K), 0.0412880 secs]
[GC 1481028K->1213678K(2944192K), 0.0430110 secs]
[GC 1469806K->1222802K(2944192K), 0.0449710 secs]
[GC 1478930K->1226558K(2944192K), 0.0399350 secs]
[GC 1482686K->1218280K(2944192K), 0.0420040 secs]
[GC 1474408K->1226784K(2944192K), 0.0457570 secs]
[GC 1482912K->1220708K(2944192K), 0.0436990 secs]
[GC 1476836K->1232928K(2944192K), 0.0398860 secs]
[GC 1489056K->1224090K(2944192K), 0.0431330 secs]
[GC 1480218K->1237216K(2944192K), 0.0662240 secs]
[GC 1493344K->1226024K(2944192K), 0.0464020 secs]
[GC 1482152K->1235091K(2944192K), 0.0417170 secs]
[GC 1491219K->1233901K(2944192K), 0.0416860 secs]
[GC 1490029K->1235966K(2944192K), 0.0442160 secs]
[GC 1492094K->1237316K(2944192K), 0.0397000 secs]
[GC 1493444K->1238965K(2944192K), 0.0416260 secs]
[GC 1495093K->1240340K(2944192K), 0.0415350 secs]
[GC 1496468K->1241874K(2944192K), 0.0674940 secs]
[GC 1498002K->1243334K(2944192K), 0.0446010 secs]
[GC 1499462K->1244770K(2944192K), 0.0431130 secs]
[GC 1500898K->1246287K(2944192K), 0.1108550 secs]
[GC 1502415K->1242288K(2944192K), 0.0396490 secs]
[GC 1498416K->1254109K(2944192K), 0.0395410 secs]
[GC 1510237K->1248094K(2944192K), 0.0446410 secs]
[GC 1504222K->1262471K(2944192K), 0.0521180 secs]
[GC 1518599K->1277484K(2944192K), 0.0514760 secs]
[GC 1533612K->1291705K(2944192K), 0.0567650 secs]
[GC 1547833K->1306266K(2944192K), 0.0569860 secs]
[GC 1562394K->1296555K(2944192K), 0.0616470 secs]
[GC 1552683K->1321669K(2944192K), 0.0666740 secs]
[GC 1577797K->1339837K(2944192K), 0.0684520 secs]
[GC 1595965K->1305692K(2944192K), 0.0684700 secs]
[GC 1561820K->1346150K(2944192K), 0.0785360 secs]
[GC 1602278K->1348448K(2944192K), 0.0734490 secs]
[GC 1604576K->1352248K(2944192K), 0.0753980 secs]
[GC 1608376K->1376170K(2944192K), 0.0676050 secs]
[GC 1632298K->1349415K(2944192K), 0.0670730 secs]
[GC 1605543K->1391568K(2944192K), 0.0679870 secs]
[GC 1647696K->1349337K(2944192K), 0.0598520 secs]
[GC 1605465K->1380110K(2944192K), 0.0641140 secs]
[GC 1636238K->1352434K(2944192K), 0.0583900 secs]
[GC 1608562K->1388866K(2944192K), 0.0585780 secs]
[GC 1644994K->1353228K(2944192K), 0.0621100 secs]
[GC 1609356K->1372548K(2944192K), 0.0696860 secs]
[GC 1372552K(2944192K), 0.0357060 secs]
[GC 1628676K->1373457K(2944192K), 0.0611020 secs]
[GC 1378596K(2944192K), 0.0226780 secs]
[GC 1303348K->1063874K(2944192K), 0.0602230 secs]
[GC 1320002K->1042943K(2944192K), 0.0691220 secs]
[GC 1299071K->1051248K(2944192K), 0.0667190 secs]
[GC 1307376K->1044271K(2944192K), 0.0640430 secs]
[GC 1300399K->1036571K(2944192K), 0.0642840 secs]
[GC 1292699K->1037091K(2944192K), 0.0582760 secs]
[GC 1293219K->1038805K(2944192K), 0.0543320 secs]
[GC 1294933K->1043672K(2944192K), 0.0481120 secs]
[GC 1299800K->1047544K(2944192K), 0.0474760 secs]
[GC 1303672K->1047832K(2944192K), 0.0470390 secs]
[GC 1303960K->1043134K(2944192K), 0.0452470 secs]
[GC 1299262K->1044863K(2944192K), 0.0452670 secs]
[GC 1300991K->1046517K(2944192K), 0.0461330 secs]
[GC 1302645K->1048076K(2944192K), 0.0453880 secs]
[GC 1304204K->1049807K(2944192K), 0.0471620 secs]
[GC 1305935K->1057593K(2944192K), 0.0450430 secs]
[GC 1313721K->1059296K(2944192K), 0.0479460 secs]
[GC 1315424K->1060860K(2944192K), 0.0456850 secs]
[GC 1316988K->1074980K(2944192K), 0.0508560 secs]
[GC 1331108K->1085783K(2944192K), 0.0565940 secs]
[GC 1341911K->1101027K(2944192K), 0.0574560 secs]
[GC 1357155K->1116751K(2944192K), 0.0638490 secs]
[GC 1372879K->1131912K(2944192K), 0.0672670 secs]
[GC 1388040K->1111306K(2944192K), 0.0671790 secs]
[GC 1367434K->1150147K(2944192K), 0.0725330 secs]
[GC 1406275K->1146820K(2944192K), 0.0822510 secs]
[GC 1402948K->1141306K(2944192K), 0.0829210 secs]
[GC 1397349K->1164423K(2944192K), 0.0817780 secs]
[GC 1420551K->1172083K(2944192K), 0.0804460 secs]
[GC 1428211K->1162823K(2944192K), 0.0795770 secs]
[GC 1418951K->1170838K(2944192K), 0.0725070 secs]
[GC 1426966K->1175824K(2944192K), 0.0748940 secs]
[GC 1431952K->1216339K(2944192K), 0.0709730 secs]
[GC 1472467K->1193128K(2944192K), 0.0873390 secs]
[GC 1449256K->1236135K(2944192K), 0.0965570 secs]
[GC 1492263K->1212542K(2944192K), 0.0993370 secs]
[GC 1468670K->1226207K(2944192K), 0.0887300 secs]
[GC 1482335K->1239864K(2944192K), 0.0805980 secs]
[GC 1495992K->1246699K(2944192K), 0.0793400 secs]
[GC 1502827K->1274698K(2944192K), 0.0839280 secs]
[GC 1530826K->1253380K(2944192K), 0.0853660 secs]
[GC 1509508K->1305189K(2944192K), 0.0886920 secs]
[GC 1561317K->1283433K(2944192K), 0.0957280 secs]
[GC 1539561K->1330835K(2944192K), 0.0875380 secs]
[GC 1586963K->1310605K(2944192K), 0.1012780 secs]
[GC 1566733K->1358528K(2944192K), 0.0867440 secs]
[GC 1614656K->1323417K(2944192K), 0.0738110 secs]
[GC 1579545K->1361276K(2944192K), 0.0866790 secs]
[GC 1617404K->1363987K(2944192K), 0.0833660 secs]
[GC 1620115K->1375304K(2944192K), 0.0791040 secs]
[GC 1631432K->1367158K(2944192K), 0.0836780 secs]
[GC 1623286K->1412479K(2944192K), 0.0735020 secs]
[GC 1668607K->1377522K(2944192K), 0.1179370 secs]
[GC 1633650K->1375862K(2944192K), 0.0721880 secs]
[GC 1631990K->1402991K(2944192K), 0.1005470 secs]
[GC 1659119K->1375773K(2944192K), 0.0677340 secs]
[GC 1631901K->1413586K(2944192K), 0.0732170 secs]
[GC 1669714K->1439877K(2944192K), 0.0919880 secs]
[GC 1696005K->1425194K(2944192K), 0.0985550 secs]
[GC 1681322K->1469404K(2944192K), 0.0829180 secs]
[GC 1725532K->1433978K(2944192K), 0.0816750 secs]
[GC 1690106K->1469788K(2944192K), 0.0881330 secs]
[GC 1725915K->1495329K(2944192K), 0.0923840 secs]
[GC 1751457K->1492994K(2944192K), 0.0964700 secs]
[GC 1749122K->1485579K(2944192K), 0.0894090 secs]
[GC 1741707K->1531497K(2944192K), 0.0897510 secs]
[GC 1787625K->1502774K(2944192K), 0.0993930 secs]
[GC 1758821K->1526896K(2944192K), 0.0929750 secs]
[GC 1782926K->1556310K(2944192K), 0.0912060 secs]
[GC 1812294K->1569011K(2944192K), 0.0898610 secs]
[GC 1825139K->1601709K(2944192K), 0.0936810 secs]
[GC 1857680K->1580668K(2944192K), 0.0960790 secs]
[GC 1836794K->1618891K(2944192K), 0.1036600 secs]
[GC 1875019K->1634753K(2944192K), 0.0910360 secs]
[GC 1890881K->1656923K(2944192K), 0.0963700 secs]
[GC 1913051K->1655523K(2944192K), 0.0997640 secs]
[GC 1911558K->1669962K(2944192K), 0.0934690 secs]
[GC 1926017K->1684622K(2944192K), 0.0934500 secs]
[GC 1940750K->1696398K(2944192K), 0.0805150 secs]
[GC 1952436K->1755701K(2944192K), 0.0910460 secs]
[GC 2011655K->1744293K(2944192K), 0.1096390 secs]
[GC 2000374K->1802843K(2944192K), 0.1169470 secs]
[GC 2058971K->1818504K(2944192K), 0.1002740 secs]
[GC 2074453K->1850383K(2944192K), 0.1055830 secs]
[GC 2106447K->1874177K(2944192K), 0.1130780 secs]
[GC 2130305K->1899741K(2944192K), 0.1039260 secs]
[GC 2155869K->1925568K(2944192K), 0.1032660 secs]
[GC 2181696K->1950691K(2944192K), 0.1066680 secs]
 INFO  [main] {org.radargun.Slave} Master shutdown!
 INFO  [Thread-0] {org.radargun.ShutDownHook} Slave process is being shutdown
 INFO  [hz._hzInstance_1_FenixFrameworkGroup.IO.thread-in-2] {com.hazelcast.nio.TcpIpConnection} [127.0.0.1]:5709 [FenixFrameworkGroup] Connection [Address[127.0.0.1]:5701] lost. Reason: java.io.EOFException[Remote socket closed!]
 INFO  [hz._hzInstance_1_FenixFrameworkGroup.IO.thread-in-2] {com.hazelcast.nio.TcpIpConnection} [127.0.0.1]:5709 [FenixFrameworkGroup] Connection [Address[127.0.0.1]:5704] lost. Reason: java.io.EOFException[Remote socket closed!]
 INFO  [hz._hzInstance_1_FenixFrameworkGroup.IO.thread-in-0] {com.hazelcast.nio.TcpIpConnection} [127.0.0.1]:5709 [FenixFrameworkGroup] Connection [Address[127.0.0.1]:5704] lost. Reason: java.io.EOFException[Remote socket closed!]
 INFO  [hz.ShutdownThread] {com.hazelcast.nio.TcpIpConnection} [127.0.0.1]:5709 [FenixFrameworkGroup] Connection [Address[127.0.0.1]:5707] lost. Reason: Socket explicitly closed
 INFO  [hz._hzInstance_1_FenixFrameworkGroup.IO.thread-in-1] {com.hazelcast.nio.TcpIpConnection} [127.0.0.1]:5709 [FenixFrameworkGroup] Connection [Address[127.0.0.1]:5705] lost. Reason: java.io.EOFException[Remote socket closed!]
 INFO  [hz.ShutdownThread] {com.hazelcast.nio.TcpIpConnection} [127.0.0.1]:5709 [FenixFrameworkGroup] Connection [Address[127.0.0.1]:5708] lost. Reason: Socket explicitly closed
 INFO  [hz.ShutdownThread] {com.hazelcast.nio.TcpIpConnection} [127.0.0.1]:5709 [FenixFrameworkGroup] Connection [Address[127.0.0.1]:5706] lost. Reason: Socket explicitly closed
 INFO  [hz.ShutdownThread] {com.hazelcast.nio.TcpIpConnection} [127.0.0.1]:5709 [FenixFrameworkGroup] Connection [Address[127.0.0.1]:5711] lost. Reason: Socket explicitly closed
 INFO  [hz.ShutdownThread] {com.hazelcast.nio.TcpIpConnection} [127.0.0.1]:5709 [FenixFrameworkGroup] Connection [Address[127.0.0.1]:5702] lost. Reason: Socket explicitly closed
 INFO  [hz.ShutdownThread] {com.hazelcast.nio.TcpIpConnection} [127.0.0.1]:5709 [FenixFrameworkGroup] Connection [Address[127.0.0.1]:5712] lost. Reason: Socket explicitly closed
 INFO  [hz.ShutdownThread] {com.hazelcast.nio.TcpIpConnection} [127.0.0.1]:5709 [FenixFrameworkGroup] Connection [Address[127.0.0.1]:5710] lost. Reason: Socket explicitly closed
 INFO  [hz.ShutdownThread] {com.hazelcast.nio.TcpIpConnection} [127.0.0.1]:5709 [FenixFrameworkGroup] Connection [Address[127.0.0.1]:5703] lost. Reason: Socket explicitly closed
 INFO  [hz.ShutdownThread] {com.hazelcast.initializer} [127.0.0.1]:5709 [FenixFrameworkGroup] Destroying node initializer.
 INFO  [hz.ShutdownThread] {com.hazelcast.instance.Node} [127.0.0.1]:5709 [FenixFrameworkGroup] Hazelcast Shutdown is completed in 50 ms.
