/usr/java/jdk1.7.0_21/bin/java -server -Xmx1024M -Xms1024M -Dresolve.dns=false -Djgroups.timer.num_threads=4 -verbose:gc -Xmx5000M -Xms3000M -server -XX:+UseConcMarkSweepGC -XX:+AggressiveOpts -verbose:gc -XX:ParallelGCThreads=4 -XX:NewRatio=5 -XX:SurvivorRatio=2 -Dhazelcast.operation.thread.count=4 -Djava.net.preferIPv4Stack=true -Dlog4j.file.prefix=deimos-esw-3123 -Dbind.address= -Djgroups.bind_addr= -classpath /home/smf/github/radargun/target/distribution/RadarGun-1.1.0-SNAPSHOT/lib/activation-1.1.jar:/home/smf/github/radargun/target/distribution/RadarGun-1.1.0-SNAPSHOT/lib/commons-beanutils-1.8.0.jar:/home/smf/github/radargun/target/distribution/RadarGun-1.1.0-SNAPSHOT/lib/commons-digester-2.0.jar:/home/smf/github/radargun/target/distribution/RadarGun-1.1.0-SNAPSHOT/lib/commons-logging-1.1.1.jar:/home/smf/github/radargun/target/distribution/RadarGun-1.1.0-SNAPSHOT/lib/commons-math-1.2.jar:/home/smf/github/radargun/target/distribution/RadarGun-1.1.0-SNAPSHOT/lib/jboss-transaction-api-1.0.1.GA.jar:/home/smf/github/radargun/target/distribution/RadarGun-1.1.0-SNAPSHOT/lib/jcommon-1.0.15.jar:/home/smf/github/radargun/target/distribution/RadarGun-1.1.0-SNAPSHOT/lib/jfreechart-1.0.12.jar:/home/smf/github/radargun/target/distribution/RadarGun-1.1.0-SNAPSHOT/lib/log4j-1.2.14.jar:/home/smf/github/radargun/target/distribution/RadarGun-1.1.0-SNAPSHOT/lib/mail-1.4.2.jar:/home/smf/github/radargun/target/distribution/RadarGun-1.1.0-SNAPSHOT/lib/radargun-framework-1.1.0-SNAPSHOT.jar:/home/smf/github/radargun/target/distribution/RadarGun-1.1.0-SNAPSHOT/conf org.radargun.Slave -master 127.0.0.1:2103
--------------------------------------------------------------------------------
PerNodeRollingFileAppender::Using file prefix:deimos-esw-3123
 INFO  [main] {org.radargun.Slave} Attempting to connect to master 127.0.0.1:2103
 INFO  [main] {org.radargun.Slave} Successfully established connection with master at: 127.0.0.1:2103
Loading JARS from /home/smf/github/radargun/target/distribution/RadarGun-1.1.0-SNAPSHOT/lib/radargun-framework-1.1.0-SNAPSHOT.jar
 INFO  [pool-1-thread-1] {org.radargun.config.AnnotatedHelper} Loading JARS from /home/smf/github/radargun/target/distribution/RadarGun-1.1.0-SNAPSHOT/lib/radargun-framework-1.1.0-SNAPSHOT.jar
 INFO  [pool-1-thread-1] {org.radargun.config.AnnotatedHelper} Loading JARS from /home/smf/github/radargun/target/distribution/RadarGun-1.1.0-SNAPSHOT/lib/radargun-framework-1.1.0-SNAPSHOT.jar
 INFO  [pool-1-thread-1] {org.radargun.Slave} Executing stage: DestroyWrapper {enforceMemoryThrashHold=true, exitBenchmarkOnSlaveFailure=false, heapDumpDir=null, memoryThreshold=95, runOnAllSlaves=true, slaves=null, useSmartClassLoading=true }
 INFO  [pool-1-thread-1] {org.radargun.stages.DestroyWrapperStage} Received destroy cache wrapper request from master...
 INFO  [pool-1-thread-1] {org.radargun.stages.DestroyWrapperStage} No cache wrapper deployed on this slave, nothing to do.
 INFO  [pool-1-thread-1] {org.radargun.stages.DestroyWrapperStage} Before executing clear, memory looks like this: Memory - free: 2,928,638 kb - max:4,906,688 kb- total:2,944,000 kb
[Full GC 15361K->3631K(2944000K), 0.0765560 secs]
 INFO  [pool-1-thread-1] {org.radargun.stages.DestroyWrapperStage} After executing cleanup, memory looks like this: Memory - free: 2,935,311 kb - max:4,906,688 kb- total:2,944,064 kb
 INFO  [pool-1-thread-1] {org.radargun.Slave} Finished stage: DestroyWrapper {enforceMemoryThrashHold=true, exitBenchmarkOnSlaveFailure=false, heapDumpDir=null, memoryThreshold=95, runOnAllSlaves=true, slaves=null, useSmartClassLoading=true }
 INFO  [main] {org.radargun.Slave} Ack successfully sent to the master
 INFO  [pool-1-thread-1] {org.radargun.Slave} Executing stage: StartCluster {config=ispn52-repl-sync-rc.xml, delayAfterFirstSlaveStarts=5.000 secs, delayBetweenStartingSlaves=0.500 secs, exitBenchmarkOnSlaveFailure=true, expectNumSlaves=null, mayFailOn=null, reachable=null, runOnAllSlaves=false, slaves=null, staggerSlaveStartup=true, useSmartClassLoading=true, validateCluster=true }
 INFO  [pool-1-thread-1] {org.radargun.stages.StartClusterStage}  Startup staggering, starting 10 slaves. This is the slave with index 8. Sleeping for 9000 millis.
 INFO  [pool-1-thread-1] {org.radargun.stages.StartClusterStage} Ack master's StartCluster stage. Local address is: /127.0.0.1. This slave's index is: 8
 INFO  [pool-1-thread-1] {org.radargun.utils.ClassLoadHelper} Creating newInstance org.radargun.cachewrappers.FFWrapper with classloader java.net.URLClassLoader@672a1f0
 INFO  [pool-1-thread-1] {org.radargun.cachewrappers.FFWrapper} config=ispn52-repl-sync-rc.xml, isLocal=false, nodeIndex=8, confAttributes={name=ispn52-repl-sync-rc.xml, decorate=infinispan52}
 INFO  [pool-1-thread-1] {org.radargun.cachewrappers.FFWrapper} Found fenix framework config options in 'rg-fenix-framework-config-options.properties'.
 INFO  [pool-1-thread-1] {org.radargun.cachewrappers.FFWrapper} Setting extra config properties for Fenix Framework.
 INFO  [pool-1-thread-1] {org.radargun.cachewrappers.FFWrapper} Will initialize Fenix Framework with RadarGunDataGridConfig
 TRACE [pool-1-thread-1] {pt.ist.fenixframework.FenixFramework} Static initializer block for FenixFramework class [BEGIN]
 INFO  [pool-1-thread-1] {pt.ist.fenixframework.FenixFramework} Trying auto-initialization with configuration by convention
 INFO  [pool-1-thread-1] {pt.ist.fenixframework.FenixFramework} Resource 'fenix-framework.properties' not found
 DEBUG [pool-1-thread-1] {pt.ist.fenixframework.FenixFramework} Fenix Framework properties after reading default config file:{}
 DEBUG [pool-1-thread-1] {pt.ist.fenixframework.FenixFramework} CurrentBackEndName = jvstm-datagrid
 INFO  [pool-1-thread-1] {pt.ist.fenixframework.FenixFramework} Resource 'fenix-framework-jvstm-datagrid.properties' not found
 DEBUG [pool-1-thread-1] {pt.ist.fenixframework.FenixFramework} Fenix Framework properties after reading backend config file:{}
 DEBUG [pool-1-thread-1] {pt.ist.fenixframework.FenixFramework} Fenix Framework properties after enforcing system properties:{}
 INFO  [pool-1-thread-1] {pt.ist.fenixframework.FenixFramework} Skipping configuration by convention.
 TRACE [pool-1-thread-1] {pt.ist.fenixframework.FenixFramework} Static initializer block for FenixFramework class [END]
 INFO  [pool-1-thread-1] {pt.ist.fenixframework.FenixFramework} Initializing Fenix Framework with config.class=pt.ist.fenixframework.backend.jvstm.datagrid.radargun.RadarGunDataGridConfig
 INFO  [pool-1-thread-1] {pt.ist.fenixframework.backend.jvstm.cluster.JvstmClusterBackEnd} initializeGroupCommunication()
 INFO  [pool-1-thread-1] {com.hazelcast.config.ClasspathXmlConfig} Configuring Hazelcast from 'hazelcast-ff.xml'.
 INFO  [pool-1-thread-1] {com.hazelcast.instance.DefaultAddressPicker} Interfaces is disabled, trying to pick one address from TCP-IP config addresses: [127.0.0.1]
 INFO  [pool-1-thread-1] {com.hazelcast.instance.DefaultAddressPicker} Picked Address[127.0.0.1]:5709, using socket ServerSocket[addr=/0.0.0.0,localport=5709], bind any local is true
 INFO  [pool-1-thread-1] {com.hazelcast.system} [127.0.0.1]:5709 [FenixFrameworkGroup] Hazelcast Community Edition 3.0.2 (20130906) starting at Address[127.0.0.1]:5709
 INFO  [pool-1-thread-1] {com.hazelcast.system} [127.0.0.1]:5709 [FenixFrameworkGroup] Copyright (C) 2008-2013 Hazelcast.com
 INFO  [pool-1-thread-1] {com.hazelcast.instance.Node} [127.0.0.1]:5709 [FenixFrameworkGroup] Creating MulticastJoiner
 INFO  [pool-1-thread-1] {com.hazelcast.core.LifecycleService} [127.0.0.1]:5709 [FenixFrameworkGroup] Address[127.0.0.1]:5709 is STARTING
 INFO  [pool-1-thread-1] {com.hazelcast.cluster.TcpIpJoiner} [127.0.0.1]:5709 [FenixFrameworkGroup] Connecting to possible member: Address[127.0.0.1]:5703
 INFO  [pool-1-thread-1] {com.hazelcast.cluster.TcpIpJoiner} [127.0.0.1]:5709 [FenixFrameworkGroup] Connecting to possible member: Address[127.0.0.1]:5702
 INFO  [pool-1-thread-1] {com.hazelcast.cluster.TcpIpJoiner} [127.0.0.1]:5709 [FenixFrameworkGroup] Connecting to possible member: Address[127.0.0.1]:5701
 INFO  [hz._hzInstance_1_FenixFrameworkGroup.cached.thread-3] {com.hazelcast.nio.SocketConnector} [127.0.0.1]:5709 [FenixFrameworkGroup] Connecting to /127.0.0.1:5703, timeout: 0, bind-any: true
 INFO  [hz._hzInstance_1_FenixFrameworkGroup.cached.thread-1] {com.hazelcast.nio.SocketConnector} [127.0.0.1]:5709 [FenixFrameworkGroup] Connecting to /127.0.0.1:5701, timeout: 0, bind-any: true
 INFO  [hz._hzInstance_1_FenixFrameworkGroup.cached.thread-2] {com.hazelcast.nio.SocketConnector} [127.0.0.1]:5709 [FenixFrameworkGroup] Connecting to /127.0.0.1:5702, timeout: 0, bind-any: true
 INFO  [hz._hzInstance_1_FenixFrameworkGroup.cached.thread-2] {com.hazelcast.nio.TcpIpConnectionManager} [127.0.0.1]:5709 [FenixFrameworkGroup] 44197 accepted socket connection from /127.0.0.1:5702
 INFO  [hz._hzInstance_1_FenixFrameworkGroup.cached.thread-1] {com.hazelcast.nio.TcpIpConnectionManager} [127.0.0.1]:5709 [FenixFrameworkGroup] 36462 accepted socket connection from /127.0.0.1:5701
 INFO  [hz._hzInstance_1_FenixFrameworkGroup.cached.thread-3] {com.hazelcast.nio.TcpIpConnectionManager} [127.0.0.1]:5709 [FenixFrameworkGroup] 53460 accepted socket connection from /127.0.0.1:5703
 INFO  [hz._hzInstance_1_FenixFrameworkGroup.cached.thread-4] {com.hazelcast.cluster.ClusterService} [127.0.0.1]:5709 [FenixFrameworkGroup] 

Members [10] {
	Member [127.0.0.1]:5701
	Member [127.0.0.1]:5702
	Member [127.0.0.1]:5704
	Member [127.0.0.1]:5705
	Member [127.0.0.1]:5706
	Member [127.0.0.1]:5703
	Member [127.0.0.1]:5707
	Member [127.0.0.1]:5708
	Member [127.0.0.1]:5709 this
	Member [127.0.0.1]:5710
}

 INFO  [hz._hzInstance_1_FenixFrameworkGroup.IO.thread-Acceptor] {com.hazelcast.nio.SocketAcceptor} [127.0.0.1]:5709 [FenixFrameworkGroup] Accepting socket connection from /127.0.0.1:44827
 INFO  [hz._hzInstance_1_FenixFrameworkGroup.IO.thread-Acceptor] {com.hazelcast.nio.TcpIpConnectionManager} [127.0.0.1]:5709 [FenixFrameworkGroup] 5709 accepted socket connection from /127.0.0.1:44827
 INFO  [hz._hzInstance_1_FenixFrameworkGroup.IO.thread-Acceptor] {com.hazelcast.nio.SocketAcceptor} [127.0.0.1]:5709 [FenixFrameworkGroup] Accepting socket connection from /127.0.0.1:36081
 INFO  [hz._hzInstance_1_FenixFrameworkGroup.cached.thread-3] {com.hazelcast.nio.SocketConnector} [127.0.0.1]:5709 [FenixFrameworkGroup] Connecting to /127.0.0.1:5704, timeout: 0, bind-any: true
 INFO  [hz._hzInstance_1_FenixFrameworkGroup.IO.thread-Acceptor] {com.hazelcast.nio.TcpIpConnectionManager} [127.0.0.1]:5709 [FenixFrameworkGroup] 5709 accepted socket connection from /127.0.0.1:36081
 INFO  [hz._hzInstance_1_FenixFrameworkGroup.cached.thread-2] {com.hazelcast.nio.SocketConnector} [127.0.0.1]:5709 [FenixFrameworkGroup] Connecting to /127.0.0.1:5706, timeout: 0, bind-any: true
 INFO  [hz._hzInstance_1_FenixFrameworkGroup.cached.thread-3] {com.hazelcast.nio.TcpIpConnectionManager} [127.0.0.1]:5709 [FenixFrameworkGroup] 39016 accepted socket connection from /127.0.0.1:5704
 INFO  [hz._hzInstance_1_FenixFrameworkGroup.cached.thread-2] {com.hazelcast.nio.TcpIpConnectionManager} [127.0.0.1]:5709 [FenixFrameworkGroup] 39213 accepted socket connection from /127.0.0.1:5706
 INFO  [hz._hzInstance_1_FenixFrameworkGroup.cached.thread-8] {com.hazelcast.nio.SocketConnector} [127.0.0.1]:5709 [FenixFrameworkGroup] Connecting to /127.0.0.1:5705, timeout: 0, bind-any: true
 INFO  [hz._hzInstance_1_FenixFrameworkGroup.cached.thread-8] {com.hazelcast.nio.TcpIpConnectionManager} [127.0.0.1]:5709 [FenixFrameworkGroup] 42261 accepted socket connection from /127.0.0.1:5705
 INFO  [hz._hzInstance_1_FenixFrameworkGroup.cached.thread-8] {com.hazelcast.nio.SocketConnector} [127.0.0.1]:5709 [FenixFrameworkGroup] Connecting to /127.0.0.1:5707, timeout: 0, bind-any: true
 INFO  [hz._hzInstance_1_FenixFrameworkGroup.cached.thread-8] {com.hazelcast.nio.TcpIpConnectionManager} [127.0.0.1]:5709 [FenixFrameworkGroup] 32878 accepted socket connection from /127.0.0.1:5707
 INFO  [hz._hzInstance_1_FenixFrameworkGroup.cached.thread-2] {com.hazelcast.nio.SocketConnector} [127.0.0.1]:5709 [FenixFrameworkGroup] Connecting to /127.0.0.1:5708, timeout: 0, bind-any: true
 INFO  [hz._hzInstance_1_FenixFrameworkGroup.cached.thread-8] {com.hazelcast.nio.SocketConnector} [127.0.0.1]:5709 [FenixFrameworkGroup] Connecting to /127.0.0.1:5710, timeout: 0, bind-any: true
 INFO  [hz._hzInstance_1_FenixFrameworkGroup.IO.thread-Acceptor] {com.hazelcast.nio.SocketAcceptor} [127.0.0.1]:5709 [FenixFrameworkGroup] Accepting socket connection from /127.0.0.1:44122
 INFO  [hz._hzInstance_1_FenixFrameworkGroup.cached.thread-8] {com.hazelcast.nio.TcpIpConnectionManager} [127.0.0.1]:5709 [FenixFrameworkGroup] 38453 accepted socket connection from /127.0.0.1:5710
 INFO  [hz._hzInstance_1_FenixFrameworkGroup.cached.thread-2] {com.hazelcast.nio.TcpIpConnectionManager} [127.0.0.1]:5709 [FenixFrameworkGroup] 55637 accepted socket connection from /127.0.0.1:5708
 INFO  [hz._hzInstance_1_FenixFrameworkGroup.IO.thread-Acceptor] {com.hazelcast.nio.TcpIpConnectionManager} [127.0.0.1]:5709 [FenixFrameworkGroup] 5709 accepted socket connection from /127.0.0.1:44122
 INFO  [hz._hzInstance_1_FenixFrameworkGroup.IO.thread-Acceptor] {com.hazelcast.nio.SocketAcceptor} [127.0.0.1]:5709 [FenixFrameworkGroup] Accepting socket connection from /127.0.0.1:54880
 INFO  [hz._hzInstance_1_FenixFrameworkGroup.IO.thread-Acceptor] {com.hazelcast.nio.TcpIpConnectionManager} [127.0.0.1]:5709 [FenixFrameworkGroup] 5709 accepted socket connection from /127.0.0.1:54880
 INFO  [hz._hzInstance_1_FenixFrameworkGroup.IO.thread-Acceptor] {com.hazelcast.nio.SocketAcceptor} [127.0.0.1]:5709 [FenixFrameworkGroup] Accepting socket connection from /127.0.0.1:34780
 INFO  [hz._hzInstance_1_FenixFrameworkGroup.IO.thread-Acceptor] {com.hazelcast.nio.TcpIpConnectionManager} [127.0.0.1]:5709 [FenixFrameworkGroup] 5709 accepted socket connection from /127.0.0.1:34780
 INFO  [pool-1-thread-1] {com.hazelcast.core.LifecycleService} [127.0.0.1]:5709 [FenixFrameworkGroup] Address[127.0.0.1]:5709 is STARTED
 INFO  [pool-1-thread-1] {pt.ist.fenixframework.backend.jvstm.cluster.ClusterUtils} Got (long) serverId: 8
 INFO  [pool-1-thread-1] {pt.ist.fenixframework.backend.jvstm.cluster.JvstmClusterBackEnd} This is NOT the first node.
 INFO  [pool-1-thread-1] {pt.ist.fenixframework.backend.jvstm.cluster.ClusterUtils} Waiting for startup from first node
 INFO  [pool-1-thread-1] {pt.ist.fenixframework.backend.jvstm.JVSTMBackEnd} initializeRepository()
 INFO  [pool-1-thread-1] {pt.ist.fenixframework.backend.jvstm.datagrid.radargun.DataGridDecorator} config=ispn52-repl-sync-rc.xml, isLocal=false, nodeIndex=8, confAttributes={name=ispn52-repl-sync-rc.xml}
 INFO  [pool-1-thread-1] {org.radargun.cachewrappers.InfinispanXSWrapper} Cannot find any site for slave index 8
[GC 259695K->12878K(2944064K), 0.0372770 secs]
 INFO  [pool-1-thread-1] {org.infinispan.remoting.transport.jgroups.JGroupsTransport} ISPN000078: Starting JGroups Channel
 WARN  [pool-1-thread-1] {org.jgroups.protocols.UDP} [JGRP00014] the send buffer of socket DatagramSocket was set to 640KB, but the OS only allocated 229.38KB. This might lead to performance problems. Please set your max send buffer in the OS correctly (e.g. net.core.wmem_max on Linux)
 WARN  [pool-1-thread-1] {org.jgroups.protocols.UDP} [JGRP00014] the receive buffer of socket DatagramSocket was set to 20MB, but the OS only allocated 229.38KB. This might lead to performance problems. Please set your max receive buffer in the OS correctly (e.g. net.core.rmem_max on Linux)
 WARN  [pool-1-thread-1] {org.jgroups.protocols.UDP} [JGRP00014] the send buffer of socket MulticastSocket was set to 640KB, but the OS only allocated 229.38KB. This might lead to performance problems. Please set your max send buffer in the OS correctly (e.g. net.core.wmem_max on Linux)
 WARN  [pool-1-thread-1] {org.jgroups.protocols.UDP} [JGRP00014] the receive buffer of socket MulticastSocket was set to 25MB, but the OS only allocated 229.38KB. This might lead to performance problems. Please set your max receive buffer in the OS correctly (e.g. net.core.rmem_max on Linux)
 INFO  [pool-1-thread-1] {org.infinispan.remoting.transport.jgroups.JGroupsTransport} ISPN000094: Received new cluster view: [deimos-esw-46324|5] [deimos-esw-46324, deimos-esw-51111, deimos-esw-54422, deimos-esw-2377, deimos-esw-62566, deimos-esw-36778, deimos-esw-47871, deimos-esw-63624, deimos-esw-8969]
 INFO  [pool-1-thread-1] {org.infinispan.remoting.transport.jgroups.JGroupsTransport} ISPN000079: Cache local address is deimos-esw-8969, physical addresses are [127.0.0.1:52008]
 INFO  [pool-1-thread-1] {org.infinispan.factories.GlobalComponentRegistry} ISPN000128: Infinispan version: Infinispan 'Delirium' 5.2.6.Final
 INFO  [Incoming-4,deimos-esw-8969] {org.infinispan.remoting.transport.jgroups.JGroupsTransport} ISPN000094: Received new cluster view: [deimos-esw-46324|6] [deimos-esw-46324, deimos-esw-51111, deimos-esw-54422, deimos-esw-2377, deimos-esw-62566, deimos-esw-36778, deimos-esw-47871, deimos-esw-63624, deimos-esw-8969, deimos-esw-28098]
 INFO  [pool-1-thread-1] {org.infinispan.transaction.lookup.JBossStandaloneJTAManagerLookup} ISPN000107: Retrieving transaction manager Transaction: unknown
 INFO  [pool-1-thread-1] {org.infinispan.jmx.CacheJmxRegistration} ISPN000031: MBeans were successfully registered to the platform MBean server.
 INFO  [pool-1-thread-1] {org.radargun.cachewrappers.InfinispanXSWrapper} Using transaction manager: Transaction: unknown
 INFO  [pool-1-thread-1] {org.radargun.cachewrappers.InfinispanXSWrapper} No RELAY2 protocol in XS wrapper
 INFO  [pool-1-thread-1] {org.radargun.cachewrappers.InfinispanXSWrapper} JGroups version: JGroups 3.2.7.Final
 INFO  [pool-1-thread-1] {org.radargun.cachewrappers.InfinispanXSWrapper} Using config attributes: {name=ispn52-repl-sync-rc.xml}
 INFO  [pool-1-thread-1] {pt.ist.fenixframework.backend.jvstm.datagrid.DataGridRepository} Initialization marker is present. Data Grid already existed.
 INFO  [pool-1-thread-1] {pt.ist.fenixframework.backend.jvstm.JVSTMBackEnd} initializeDomainClassInfos
 INFO  [pool-1-thread-1] {pt.ist.fenixframework.backend.jvstm.pstm.DomainClassInfo} serverId: 8, serverOidBase: 8000000000000
 INFO  [pool-1-thread-1] {pt.ist.fenixframework.backend.jvstm.pstm.DomainClassInfo} Existing domain class 'pt.ist.fenixframework.adt.bplustree.DomainLeafNode' with id '1'
 INFO  [pool-1-thread-1] {pt.ist.fenixframework.backend.jvstm.pstm.DomainClassInfo} Existing domain class 'pt.ist.fenixframework.adt.bplustree.AbstractNode' with id 'f'
 INFO  [pool-1-thread-1] {pt.ist.fenixframework.backend.jvstm.pstm.DomainClassInfo} Existing domain class 'pt.ist.fenixframework.DomainRoot' with id '0'
 INFO  [pool-1-thread-1] {pt.ist.fenixframework.backend.jvstm.pstm.DomainClassInfo} Existing domain class 'pt.ist.fenixframework.backend.jvstm.pstm.FenixFrameworkData' with id 'd'
 INFO  [pool-1-thread-1] {pt.ist.fenixframework.backend.jvstm.pstm.DomainClassInfo} Existing domain class 'pt.ist.fenixframework.adt.bplustree.LeafNodeArray' with id 'c'
 INFO  [pool-1-thread-1] {pt.ist.fenixframework.backend.jvstm.pstm.DomainClassInfo} Existing domain class 'pt.ist.fenixframework.adt.bplustree.InnerNodeArray' with id 'b'
 INFO  [pool-1-thread-1] {pt.ist.fenixframework.backend.jvstm.pstm.DomainClassInfo} Existing domain class 'pt.ist.fenixframework.adt.bplustree.BPlusTreeArray' with id '2'
 INFO  [pool-1-thread-1] {pt.ist.fenixframework.backend.jvstm.pstm.DomainClassInfo} Existing domain class 'pt.ist.fenixframework.adt.linkedlist.LinkedList' with id '9'
 INFO  [pool-1-thread-1] {pt.ist.fenixframework.backend.jvstm.pstm.DomainClassInfo} Existing domain class 'pt.ist.fenixframework.adt.bplustree.AbstractNodeArray' with id 'a'
 INFO  [pool-1-thread-1] {pt.ist.fenixframework.backend.jvstm.pstm.DomainClassInfo} Existing domain class 'pt.ist.fenixframework.adt.bplustree.DomainInnerNode' with id '3'
 INFO  [pool-1-thread-1] {pt.ist.fenixframework.backend.jvstm.pstm.DomainClassInfo} Existing domain class 'pt.ist.fenixframework.adt.bplustree.DomainBPlusTree' with id 'e'
 INFO  [pool-1-thread-1] {pt.ist.fenixframework.backend.jvstm.pstm.DomainClassInfo} Existing domain class 'pt.ist.fenixframework.backend.jvstm.pstm.TransactionStatisticsEntry' with id '5'
 INFO  [pool-1-thread-1] {pt.ist.fenixframework.backend.jvstm.pstm.DomainClassInfo} Existing domain class 'pt.ist.fenixframework.adt.bplustree.InnerNode' with id '8'
 INFO  [pool-1-thread-1] {pt.ist.fenixframework.backend.jvstm.pstm.DomainClassInfo} Existing domain class 'pt.ist.fenixframework.adt.bplustree.LeafNode' with id '4'
 INFO  [pool-1-thread-1] {pt.ist.fenixframework.backend.jvstm.pstm.DomainClassInfo} Existing domain class 'pt.ist.fenixframework.adt.linkedlist.ListNode' with id '6'
 INFO  [pool-1-thread-1] {pt.ist.fenixframework.backend.jvstm.pstm.DomainClassInfo} Existing domain class 'pt.ist.fenixframework.adt.bplustree.BPlusTree' with id '7'
 INFO  [pool-1-thread-1] {pt.ist.fenixframework.backend.jvstm.JVSTMBackEnd} setupJVSTM
 INFO  [pool-1-thread-1] {pt.ist.fenixframework.backend.jvstm.JVSTMBackEnd} Setting the last committed TX number to 2
 INFO  [pool-1-thread-1] {pt.ist.fenixframework.backend.jvstm.JVSTMBackEnd} createDomainRootIfNeeded
 INFO  [pool-1-thread-1] {pt.ist.fenixframework.backend.jvstm.JVSTMBackEnd} ensureFenixFrameworkDataExists
 INFO  [pool-1-thread-1] {pt.ist.fenixframework.hibernatesearch.HibernateSearchConfig} Resource 'fenix-framework-hibernate-search.properties' not found. Hibernate Search disabled
 INFO  [pool-1-thread-1] {pt.ist.fenixframework.FenixFramework} Initialization of Fenix Framework is now complete.
 INFO  [pool-1-thread-1] {org.radargun.cachewrappers.FFWrapper} FF STARTED=true
 INFO  [pool-1-thread-1] {org.radargun.stages.helpers.StartHelper} Number of members is the one expected: 10
 INFO  [pool-1-thread-1] {org.radargun.stages.StartClusterStage} Successfully started cache wrapper on slave 8: org.radargun.cachewrappers.FFWrapper@6b6b1935
 INFO  [pool-1-thread-1] {org.radargun.Slave} Finished stage: StartCluster {config=ispn52-repl-sync-rc.xml, delayAfterFirstSlaveStarts=5.000 secs, delayBetweenStartingSlaves=0.500 secs, exitBenchmarkOnSlaveFailure=true, expectNumSlaves=null, mayFailOn=null, reachable=null, runOnAllSlaves=false, slaves=null, staggerSlaveStartup=true, useSmartClassLoading=true, validateCluster=true }
 INFO  [main] {org.radargun.Slave} Ack successfully sent to the master
 INFO  [pool-1-thread-1] {org.radargun.Slave} Executing stage: ClusterValidation {exitBenchmarkOnSlaveFailure=false, partialReplication=false, replicationTimeSleep=2000, replicationTryCount=60, runOnAllSlaves=false, slaves=null, useSmartClassLoading=true }
 INFO  [pool-1-thread-1] {org.radargun.stages.ClusterValidationStage} Number of caches that replicated here is 0
 INFO  [pool-1-thread-1] {org.radargun.stages.ClusterValidationStage} Replication test failed, 1 tries so far. Sleeping for 2 seconds and trying again.
 INFO  [pool-1-thread-1] {org.radargun.stages.ClusterValidationStage} Number of caches that replicated here is 9
 INFO  [pool-1-thread-1] {org.radargun.stages.ClusterValidationStage} Replication test successfully passed. partialReplication? false, replicationCount = 9
 INFO  [pool-1-thread-1] {org.radargun.stages.ClusterValidationStage} Confirm phase successful.
 INFO  [pool-1-thread-1] {org.radargun.Slave} Finished stage: ClusterValidation {exitBenchmarkOnSlaveFailure=false, partialReplication=false, replicationTimeSleep=2000, replicationTryCount=60, runOnAllSlaves=false, slaves=[ 0, 1, 2, 3, 4, 5, 6, 7, 8, 9 ], useSmartClassLoading=true }
 INFO  [main] {org.radargun.Slave} Ack successfully sent to the master
 INFO  [pool-1-thread-1] {org.radargun.Slave} Executing stage: StressTestWarmup {bulkSize=1, cacheSpecificKeyGenerator=false, commitTransactions=true, duration=1 mins 0 secs, entrySize=1000, exitBenchmarkOnSlaveFailure=false, fixedKeys=true, generateHistogramRange=false, keyGeneratorClass=org.radargun.stressors.StringKeyGenerator, keyGeneratorParam=null, loadAllKeys=false, numEntries=100, numOfThreads=4, numRequests=10000, numThreads=4, numberOfAttributes=100, numberOfRequests=10000, opsCountStatusLog=100000, poolKeys=true, preferAsyncOperations=false, removePercentage=0, replaceInvalidPercentage=40, runOnAllSlaves=false, sharedKeys=false, sizeOfAnAttribute=1000, slaves=null, transactionSize=50, useAtomics=false, useHistogramStatistics=false, useSimpleStatistics=true, useSmartClassLoading=true, useTransactions=null, writePercentage=20, writeTxPercentage=20 }
 INFO  [pool-1-thread-1] {org.radargun.stages.StressTestWarmupStage} Starting StressTestWarmupStage: StressTestWarmup {bulkSize=1, cacheSpecificKeyGenerator=false, commitTransactions=true, duration=1 mins 0 secs, entrySize=1000, exitBenchmarkOnSlaveFailure=false, fixedKeys=true, generateHistogramRange=false, keyGeneratorClass=org.radargun.stressors.StringKeyGenerator, keyGeneratorParam=null, loadAllKeys=false, numEntries=100, numOfThreads=4, numRequests=10000, numThreads=4, numberOfAttributes=100, numberOfRequests=10000, opsCountStatusLog=100000, poolKeys=true, preferAsyncOperations=false, removePercentage=0, replaceInvalidPercentage=40, runOnAllSlaves=false, sharedKeys=false, sizeOfAnAttribute=1000, slaves=null, transactionSize=50, useAtomics=false, useHistogramStatistics=false, useSimpleStatistics=true, useSmartClassLoading=true, useTransactions=null, writePercentage=20, writeTxPercentage=20 }
 INFO  [pool-1-thread-1] {org.radargun.stressors.StressTestStressor} Using key generator org.radargun.stressors.StringKeyGenerator, param null
 INFO  [pool-1-thread-1] {org.radargun.stressors.StressTestStressor} Executing: StressTestStressor{opsCountStatusLog=100000, numRequests=10000, numEntries=100, entrySize=1000, writePercentage=20, numThreads=4, cacheWrapper=org.radargun.cachewrappers.FFWrapper@6b6b1935, nodeIndex=8, useTransactions=true, transactionSize=50, commitTransactions=true, durationMillis=60000}
 INFO  [pool-1-thread-1] {org.radargun.stressors.StressTestStressor} Cache wrapper info is: FFWrapper using infinispan52
[GC 268942K->20458K(2944064K), 0.0505530 secs]
[GC 276522K->18147K(2944064K), 0.0374880 secs]
[GC 274211K->22041K(2944064K), 0.0400270 secs]
 INFO  [pool-1-thread-1] {org.radargun.stressors.StressTestStressor} Started 4 stressor threads.
 INFO  [Stressor-0] {org.radargun.stressors.StressTestStressor} Number of ops executed so far: 1. Elapsed time: 0.001 secs. Remaining: 59.999 secs. Total: 1 mins 0 secs
[GC 278105K->22535K(2944064K), 0.0405240 secs]
[GC 278599K->27720K(2944064K), 0.0395980 secs]
[GC 283784K->29013K(2944064K), 0.0409210 secs]
[GC 285077K->39636K(2944064K), 0.0416190 secs]
[GC 295700K->47771K(2944064K), 0.0434070 secs]
 INFO  [Stressor-2] {org.radargun.stressors.StressTestStressor} Number of ops executed so far: 20600. Elapsed time: 20.027 secs. Remaining: 39.973 secs. Total: 1 mins 0 secs
[GC 303835K->48831K(2944064K), 0.0494500 secs]
[GC 304895K->57867K(2944064K), 0.0478880 secs]
[GC 313931K->65613K(2944064K), 0.0474260 secs]
[GC 321677K->59621K(2944064K), 0.0503630 secs]
[GC 315685K->68239K(2944064K), 0.0504830 secs]
 INFO  [Stressor-0] {org.radargun.stressors.StressTestStressor} Number of ops executed so far: 50750. Elapsed time: 40.033 secs. Remaining: 19.967 secs. Total: 1 mins 0 secs
[GC 324303K->75244K(2944064K), 0.0498530 secs]
[GC 331308K->82353K(2944064K), 0.0708360 secs]
[GC 338417K->80304K(2944064K), 0.0581780 secs]
[GC 336368K->78314K(2944064K), 0.0538740 secs]
[GC 334358K->81450K(2944064K), 0.0727020 secs]
 INFO  [pool-1-thread-1] {org.radargun.stressors.StressTestStressor} Finished generating report. Test duration is: 1 mins 15 secs
 INFO  [pool-1-thread-1] {org.radargun.stages.StressTestWarmupStage} The warmup took: 75 seconds.
 INFO  [pool-1-thread-1] {org.radargun.Slave} Finished stage: StressTestWarmup {bulkSize=1, cacheSpecificKeyGenerator=false, commitTransactions=true, duration=1 mins 0 secs, entrySize=1000, exitBenchmarkOnSlaveFailure=false, fixedKeys=true, generateHistogramRange=false, keyGeneratorClass=org.radargun.stressors.StringKeyGenerator, keyGeneratorParam=null, loadAllKeys=false, numEntries=100, numOfThreads=4, numRequests=10000, numThreads=4, numberOfAttributes=100, numberOfRequests=10000, opsCountStatusLog=100000, poolKeys=true, preferAsyncOperations=false, removePercentage=0, replaceInvalidPercentage=40, runOnAllSlaves=false, sharedKeys=false, sizeOfAnAttribute=1000, slaves=null, transactionSize=50, useAtomics=false, useHistogramStatistics=false, useSimpleStatistics=true, useSmartClassLoading=true, useTransactions=null, writePercentage=20, writeTxPercentage=20 }
 INFO  [main] {org.radargun.Slave} Ack successfully sent to the master
[GC 337514K->106052K(2944064K), 0.0544640 secs]
[GC 362116K->103308K(2944064K), 0.0568700 secs]
[GC 359372K->92066K(2944064K), 0.0476180 secs]
[GC 348130K->108385K(2944064K), 0.0499580 secs]
[GC 364449K->96124K(2944064K), 0.0507720 secs]
[GC 352188K->89311K(2944064K), 0.0540790 secs]
[GC 345375K->99452K(2944064K), 0.0535170 secs]
[GC 355516K->103021K(2944064K), 0.0543590 secs]
[GC 359085K->107952K(2944064K), 0.0543330 secs]
[GC 364016K->113714K(2944064K), 0.0562220 secs]
[GC 369778K->118891K(2944064K), 0.0551580 secs]
[GC 374955K->137054K(2944064K), 0.0585390 secs]
[GC 393118K->124496K(2944064K), 0.0567680 secs]
[GC 380560K->141462K(2944064K), 0.0551790 secs]
[GC 397526K->140139K(2944064K), 0.0570110 secs]
 INFO  [pool-1-thread-1] {org.radargun.Slave} Executing stage: ClearClusterStage {ClearCluster {exitBenchmarkOnSlaveFailure=false, runOnAllSlaves=false, slaves=[ 0 ], useSmartClassLoading=true }
 INFO  [pool-1-thread-1] {org.radargun.stages.ClearClusterStage} Before executing clear, memory looks like this: Memory - free: 2,604,540 kb - max:4,906,688 kb- total:2,944,064 kb
[Full GC 339523K->124959K(2944064K), 0.6252760 secs]
 INFO  [pool-1-thread-1] {org.radargun.stages.ClearClusterStage} After executing cleanup, memory looks like this: Memory - free: 2,818,097 kb - max:4,906,688 kb- total:2,944,192 kb
 INFO  [pool-1-thread-1] {org.radargun.Slave} Finished stage: ClearClusterStage {ClearCluster {exitBenchmarkOnSlaveFailure=false, runOnAllSlaves=false, slaves=[ 0 ], useSmartClassLoading=true }
 INFO  [main] {org.radargun.Slave} Ack successfully sent to the master
 INFO  [pool-1-thread-1] {org.radargun.Slave} Executing stage: StressTest {bulkSize=1, cacheSpecificKeyGenerator=false, commitTransactions=true, duration=1 mins 0 secs, entrySize=1000, exitBenchmarkOnSlaveFailure=false, fixedKeys=true, generateHistogramRange=false, keyGeneratorClass=org.radargun.stressors.StringKeyGenerator, keyGeneratorParam=null, loadAllKeys=false, numEntries=10000, numOfThreads=4, numRequests=10000000, numThreads=4, numberOfAttributes=10000, numberOfRequests=10000000, opsCountStatusLog=500000, poolKeys=true, preferAsyncOperations=false, removePercentage=0, replaceInvalidPercentage=40, runOnAllSlaves=false, sharedKeys=false, sizeOfAnAttribute=1000, slaves=null, transactionSize=10000, useAtomics=false, useHistogramStatistics=false, useSimpleStatistics=true, useSmartClassLoading=true, useTransactions=true, writePercentage=1, writeTxPercentage=5 }
 INFO  [pool-1-thread-1] {org.radargun.stages.StressTestStage} Starting StressTestStage: StressTest {bulkSize=1, cacheSpecificKeyGenerator=false, commitTransactions=true, duration=1 mins 0 secs, entrySize=1000, exitBenchmarkOnSlaveFailure=false, fixedKeys=true, generateHistogramRange=false, keyGeneratorClass=org.radargun.stressors.StringKeyGenerator, keyGeneratorParam=null, loadAllKeys=false, numEntries=10000, numOfThreads=4, numRequests=10000000, numThreads=4, numberOfAttributes=10000, numberOfRequests=10000000, opsCountStatusLog=500000, poolKeys=true, preferAsyncOperations=false, removePercentage=0, replaceInvalidPercentage=40, runOnAllSlaves=false, sharedKeys=false, sizeOfAnAttribute=1000, slaves=null, transactionSize=10000, useAtomics=false, useHistogramStatistics=false, useSimpleStatistics=true, useSmartClassLoading=true, useTransactions=true, writePercentage=1, writeTxPercentage=5 }
 INFO  [pool-1-thread-1] {org.radargun.stressors.StressTestStressor} Using key generator org.radargun.stressors.StringKeyGenerator, param null
 INFO  [pool-1-thread-1] {org.radargun.stressors.StressTestStressor} Executing: StressTestStressor{opsCountStatusLog=500000, numRequests=10000000, numEntries=10000, entrySize=1000, writePercentage=1, numThreads=4, cacheWrapper=org.radargun.cachewrappers.FFWrapper@6b6b1935, nodeIndex=8, useTransactions=true, transactionSize=10000, commitTransactions=true, durationMillis=60000}
 INFO  [pool-1-thread-1] {org.radargun.stressors.StressTestStressor} Cache wrapper info is: FFWrapper using infinispan52
[GC 381087K->185156K(2944192K), 0.0301700 secs]
[GC 441284K->140498K(2944192K), 0.0304130 secs]
[GC 396626K->132388K(2944192K), 0.0299610 secs]
[GC 388516K->136420K(2944192K), 0.0305140 secs]
[GC 392548K->137900K(2944192K), 0.0318790 secs]
[GC 394028K->141092K(2944192K), 0.0331700 secs]
[GC 397220K->144170K(2944192K), 0.0332370 secs]
[GC 400298K->143804K(2944192K), 0.0359190 secs]
[GC 399932K->146408K(2944192K), 0.0379520 secs]
[GC 402536K->148982K(2944192K), 0.0366530 secs]
[GC 405110K->147151K(2944192K), 0.0389590 secs]
[GC 403279K->149313K(2944192K), 0.0400790 secs]
[GC 405441K->151468K(2944192K), 0.0377450 secs]
[GC 407596K->151965K(2944192K), 0.0398580 secs]
[GC 408093K->159141K(2944192K), 0.0416440 secs]
[GC 415269K->158112K(2944192K), 0.0451170 secs]
[GC 414240K->159852K(2944192K), 0.0405820 secs]
[GC 415980K->161847K(2944192K), 0.0422240 secs]
[GC 417975K->164152K(2944192K), 0.0514100 secs]
[GC 420280K->166000K(2944192K), 0.0537200 secs]
[GC 422128K->168355K(2944192K), 0.0414200 secs]
[GC 424483K->173780K(2944192K), 0.0417650 secs]
[GC 429908K->175812K(2944192K), 0.0416570 secs]
[GC 431940K->177868K(2944192K), 0.0413810 secs]
[GC 433996K->179973K(2944192K), 0.0420190 secs]
[GC 436101K->182065K(2944192K), 0.0397300 secs]
[GC 438193K->184125K(2944192K), 0.0465810 secs]
[GC 440253K->183503K(2944192K), 0.0418820 secs]
[GC 439631K->184927K(2944192K), 0.0520220 secs]
[GC 441055K->187833K(2944192K), 0.0452510 secs]
[GC 443961K->196624K(2944192K), 0.0437430 secs]
[GC 452752K->189018K(2944192K), 0.0525970 secs]
[GC 445146K->196306K(2944192K), 0.0429380 secs]
[GC 452434K->194710K(2944192K), 0.0526020 secs]
[GC 450838K->197145K(2944192K), 0.0473320 secs]
[GC 453273K->199641K(2944192K), 0.0443890 secs]
[GC 455769K->201968K(2944192K), 0.0480520 secs]
[GC 458096K->196903K(2944192K), 0.0416470 secs]
[GC 453031K->198821K(2944192K), 0.0455280 secs]
[GC 454949K->200600K(2944192K), 0.0421640 secs]
[GC 456728K->206774K(2944192K), 0.0506610 secs]
[GC 462902K->207780K(2944192K), 0.0564110 secs]
[GC 463908K->202712K(2944192K), 0.0544960 secs]
[GC 458840K->211333K(2944192K), 0.0459460 secs]
[GC 467461K->213811K(2944192K), 0.0454550 secs]
[GC 469939K->215651K(2944192K), 0.0478780 secs]
[GC 471779K->217991K(2944192K), 0.0460310 secs]
[GC 474119K->217315K(2944192K), 0.0417260 secs]
[GC 473443K->218807K(2944192K), 0.0465470 secs]
[GC 474935K->220751K(2944192K), 0.0434130 secs]
[GC 476879K->222709K(2944192K), 0.0480170 secs]
[GC 478837K->217686K(2944192K), 0.0419200 secs]
[GC 473814K->226977K(2944192K), 0.0519440 secs]
[GC 483105K->233176K(2944192K), 0.0405980 secs]
[GC 489304K->229633K(2944192K), 0.0511360 secs]
[GC 485688K->234356K(2944192K), 0.0464570 secs]
[GC 490484K->254276K(2944192K), 0.0456860 secs]
[GC 510404K->268290K(2944192K), 0.0552070 secs]
[GC 524323K->283484K(2944192K), 0.0551400 secs]
[GC 539612K->272074K(2944192K), 0.0607880 secs]
[GC 528202K->300571K(2944192K), 0.0575560 secs]
[GC 556652K->323785K(2944192K), 0.0679950 secs]
[GC 579913K->292898K(2944192K), 0.0827810 secs]
[GC 549026K->310662K(2944192K), 0.0693670 secs]
[GC 566790K->326579K(2944192K), 0.0726140 secs]
[GC 582707K->336794K(2944192K), 0.0772590 secs]
[GC 592922K->315609K(2944192K), 0.0783630 secs]
[GC 571737K->335397K(2944192K), 0.0704380 secs]
[GC 591525K->359920K(2944192K), 0.0779400 secs]
[GC 616048K->389744K(2944192K), 0.0636590 secs]
[GC 645872K->354648K(2944192K), 0.0736480 secs]
[GC 610776K->372955K(2944192K), 0.0706560 secs]
[GC 629083K->406211K(2944192K), 0.0758940 secs]
[GC 662339K->380609K(2944192K), 0.0717630 secs]
[GC 636737K->409275K(2944192K), 0.0683570 secs]
[GC 665403K->379497K(2944192K), 0.0593990 secs]
[GC 635625K->416680K(2944192K), 0.0698550 secs]
[GC 672808K->388343K(2944192K), 0.0678940 secs]
[GC 644471K->409828K(2944192K), 0.0698100 secs]
[GC 665956K->405156K(2944192K), 0.0733430 secs]
[GC 661284K->419492K(2944192K), 0.0652900 secs]
[GC 675620K->418454K(2944192K), 0.0723700 secs]
[GC 674582K->410497K(2944192K), 0.0606920 secs]
[GC 666625K->428271K(2944192K), 0.0603410 secs]
[GC 684399K->443500K(2944192K), 0.0683650 secs]
[GC 699628K->424233K(2944192K), 0.0639010 secs]
[GC 680361K->437394K(2944192K), 0.0675740 secs]
[GC 693522K->434270K(2944192K), 0.0579410 secs]
[GC 690398K->444721K(2944192K), 0.0614710 secs]
[GC 700849K->433422K(2944192K), 0.0588730 secs]
[GC 689550K->439728K(2944192K), 0.0602310 secs]
[GC 695856K->472066K(2944192K), 0.0630050 secs]
[GC 728194K->456262K(2944192K), 0.0597830 secs]
[GC 712390K->445128K(2944192K), 0.0560300 secs]
[GC 701256K->442834K(2944192K), 0.0565520 secs]
[GC 698962K->446146K(2944192K), 0.0552930 secs]
[GC 702274K->464330K(2944192K), 0.0575130 secs]
[GC 720458K->455665K(2944192K), 0.0565250 secs]
[GC 711793K->475874K(2944192K), 0.0620370 secs]
 INFO  [pool-1-thread-1] {org.radargun.stressors.StressTestStressor} Started 4 stressor threads.
 INFO  [Stressor-0] {org.radargun.stressors.StressTestStressor} Number of ops executed so far: 1. Elapsed time: 0.000 secs. Remaining: 1 mins 0 secs. Total: 1 mins 0 secs
[GC 732002K->466180K(2944192K), 0.0571360 secs]
[GC 722308K->460072K(2944192K), 0.0653970 secs]
[GC 716200K->489941K(2944192K), 0.0586770 secs]
[GC 746069K->495365K(2944192K), 0.0594000 secs]
[GC 751493K->505250K(2944192K), 0.0585830 secs]
[GC 761378K->487121K(2944192K), 0.0615170 secs]
[GC 743249K->491813K(2944192K), 0.0507130 secs]
[GC 747941K->498738K(2944192K), 0.0575770 secs]
[GC 754866K->511684K(2944192K), 0.0611420 secs]
[GC 767812K->502788K(2944192K), 0.0547880 secs]
[GC 758916K->505679K(2944192K), 0.0491030 secs]
[GC 761807K->538908K(2944192K), 0.0584980 secs]
[GC 795036K->501243K(2944192K), 0.0625630 secs]
[GC 757371K->500327K(2944192K), 0.0521300 secs]
[GC 756455K->514908K(2944192K), 0.0508840 secs]
[GC 771036K->526473K(2944192K), 0.0568770 secs]
[GC 782601K->523857K(2944192K), 0.0603820 secs]
[GC 779985K->523300K(2944192K), 0.0520150 secs]
[GC 779428K->529098K(2944192K), 0.0525610 secs]
 INFO  [Stressor-0] {org.radargun.stressors.StressTestStressor} Number of ops executed so far: 11834556. Elapsed time: 20.000 secs. Remaining: 40.000 secs. Total: 1 mins 0 secs
[GC 785226K->536651K(2944192K), 0.0632520 secs]
[GC 792779K->512318K(2944192K), 0.0471400 secs]
[GC 768446K->529625K(2944192K), 0.0577370 secs]
[GC 785753K->538217K(2944192K), 0.0576550 secs]
[GC 794345K->540155K(2944192K), 0.0505150 secs]
[GC 796283K->546946K(2944192K), 0.0522450 secs]
[GC 803074K->550775K(2944192K), 0.0585930 secs]
[GC 806903K->548775K(2944192K), 0.0464640 secs]
[GC 804903K->550699K(2944192K), 0.0478690 secs]
[GC 806827K->560711K(2944192K), 0.0578040 secs]
[GC 816839K->555523K(2944192K), 0.0561900 secs]
[GC 811651K->553977K(2944192K), 0.0430060 secs]
[GC 810036K->556503K(2944192K), 0.0501590 secs]
[GC 812631K->570120K(2944192K), 0.0575320 secs]
[GC 826218K->568266K(2944192K), 0.0541890 secs]
[GC 824394K->570016K(2944192K), 0.0497440 secs]
[GC 826144K->571264K(2944192K), 0.0530060 secs]
[GC 827392K->573204K(2944192K), 0.0531060 secs]
 INFO  [Stressor-1] {org.radargun.stressors.StressTestStressor} Number of ops executed so far: 20378274. Elapsed time: 40.000 secs. Remaining: 20.000 secs. Total: 1 mins 0 secs
[GC 829211K->577838K(2944192K), 0.0488840 secs]
[GC 833966K->570092K(2944192K), 0.0526460 secs]
[GC 826220K->588115K(2944192K), 0.0559240 secs]
[GC 844243K->583714K(2944192K), 0.0509760 secs]
[GC 839842K->579227K(2944192K), 0.0494110 secs]
[GC 835119K->578785K(2944192K), 0.0559090 secs]
[GC 834913K->580767K(2944192K), 0.0526550 secs]
[GC 836895K->586281K(2944192K), 0.0502810 secs]
[GC 842409K->607240K(2944192K), 0.0518310 secs]
[GC 863368K->596758K(2944192K), 0.0659960 secs]
[GC 852886K->597017K(2944192K), 0.0548060 secs]
[GC 853145K->614737K(2944192K), 0.0535210 secs]
[GC 870807K->621455K(2944192K), 0.0591780 secs]
[GC 877583K->638009K(2944192K), 0.0542630 secs]
[GC 894137K->615328K(2944192K), 0.0488930 secs]
[GC 871456K->633375K(2944192K), 0.0557840 secs]
[GC 889503K->625399K(2944192K), 0.0469520 secs]
[GC 881527K->639764K(2944192K), 0.0527880 secs]
[GC 895892K->629375K(2944192K), 0.0531310 secs]
 INFO  [Stressor-3] {org.radargun.stressors.StressTestStressor} Number of ops executed so far: 30485374. Elapsed time: 1 mins 0 secs. Remaining: 0.000 secs. Total: 1 mins 0 secs
 INFO  [pool-1-thread-1] {org.radargun.stressors.StressTestStressor} Finished generating report. Test duration is: 7 mins 48 secs
 INFO  [pool-1-thread-1] {org.radargun.stages.StressTestStage} size info: FFWrapper using infinispan52, clusterSize:10, nodeIndex:8, cacheSize: -1
 INFO  [pool-1-thread-1] {org.radargun.Slave} Finished stage: StressTest {bulkSize=1, cacheSpecificKeyGenerator=false, commitTransactions=true, duration=1 mins 0 secs, entrySize=1000, exitBenchmarkOnSlaveFailure=false, fixedKeys=true, generateHistogramRange=false, keyGeneratorClass=org.radargun.stressors.StringKeyGenerator, keyGeneratorParam=null, loadAllKeys=false, numEntries=10000, numOfThreads=4, numRequests=10000000, numThreads=4, numberOfAttributes=10000, numberOfRequests=10000000, opsCountStatusLog=500000, poolKeys=true, preferAsyncOperations=false, removePercentage=0, replaceInvalidPercentage=40, runOnAllSlaves=false, sharedKeys=false, sizeOfAnAttribute=1000, slaves=null, transactionSize=10000, useAtomics=false, useHistogramStatistics=false, useSimpleStatistics=true, useSmartClassLoading=true, useTransactions=true, writePercentage=1, writeTxPercentage=5 }
 INFO  [main] {org.radargun.Slave} Ack successfully sent to the master
[GC 885503K->617784K(2944192K), 0.0520740 secs]
[GC 873912K->616362K(2944192K), 0.0500840 secs]
[GC 872490K->617369K(2944192K), 0.0521390 secs]
[GC 873497K->621299K(2944192K), 0.0542100 secs]
[GC 877427K->623542K(2944192K), 0.0576070 secs]
[GC 879670K->609899K(2944192K), 0.0450430 secs]
[GC 866027K->607609K(2944192K), 0.0453690 secs]
[GC 863737K->603882K(2944192K), 0.0449180 secs]
[GC 860010K->604513K(2944192K), 0.0460350 secs]
[GC 860641K->604876K(2944192K), 0.0434270 secs]
[GC 861004K->607169K(2944192K), 0.0460240 secs]
[GC 863297K->615433K(2944192K), 0.0450970 secs]
[GC 871561K->600836K(2944192K), 0.0418010 secs]
[GC 856964K->605993K(2944192K), 0.0433500 secs]
[GC 862121K->607538K(2944192K), 0.0431170 secs]
[GC 863666K->606028K(2944192K), 0.0441340 secs]
[GC 862156K->617014K(2944192K), 0.0441710 secs]
[GC 873142K->611034K(2944192K), 0.0443330 secs]
[GC 867162K->615830K(2944192K), 0.0441310 secs]
[GC 871958K->620006K(2944192K), 0.0410200 secs]
[GC 876134K->611720K(2944192K), 0.0456430 secs]
[GC 867848K->620500K(2944192K), 0.0453180 secs]
[GC 876628K->619251K(2944192K), 0.0402620 secs]
[GC 875379K->621195K(2944192K), 0.0430410 secs]
[GC 877323K->617678K(2944192K), 0.0462910 secs]
[GC 873806K->624483K(2944192K), 0.0448810 secs]
[GC 880611K->631557K(2944192K), 0.0431000 secs]
[GC 887685K->621987K(2944192K), 0.0473230 secs]
[GC 878115K->635410K(2944192K), 0.0442640 secs]
[GC 891538K->623871K(2944192K), 0.0409050 secs]
[GC 879999K->638414K(2944192K), 0.0445810 secs]
[GC 894542K->626848K(2944192K), 0.0402210 secs]
[GC 882976K->636543K(2944192K), 0.0459700 secs]
[GC 892671K->635717K(2944192K), 0.0472690 secs]
[GC 891845K->637988K(2944192K), 0.0454310 secs]
[GC 894116K->639650K(2944192K), 0.0404850 secs]
[GC 895778K->641177K(2944192K), 0.0435130 secs]
[GC 897305K->648366K(2944192K), 0.0435100 secs]
[GC 904494K->638763K(2944192K), 0.0462350 secs]
[GC 894891K->648087K(2944192K), 0.0478850 secs]
[GC 904215K->652673K(2944192K), 0.0427280 secs]
[GC 908801K->643178K(2944192K), 0.0483680 secs]
[GC 899306K->657727K(2944192K), 0.0408750 secs]
[GC 913855K->645522K(2944192K), 0.0478850 secs]
[GC 901650K->661026K(2944192K), 0.0474540 secs]
[GC 917154K->648711K(2944192K), 0.0453490 secs]
[GC 904839K->664121K(2944192K), 0.0440070 secs]
[GC 920249K->651761K(2944192K), 0.0450390 secs]
[GC 907889K->662341K(2944192K), 0.0483450 secs]
[GC 918469K->667181K(2944192K), 0.0442740 secs]
[GC 923309K->657564K(2944192K), 0.0412670 secs]
[GC 913692K->667090K(2944192K), 0.0445160 secs]
[GC 923218K->665963K(2944192K), 0.0470810 secs]
[GC 922091K->668377K(2944192K), 0.0406000 secs]
[GC 924505K->670335K(2944192K), 0.0434370 secs]
[GC 926463K->671781K(2944192K), 0.0426060 secs]
[GC 927909K->673354K(2944192K), 0.0505470 secs]
[GC 929482K->675263K(2944192K), 0.0433050 secs]
[GC 931391K->676987K(2944192K), 0.0461660 secs]
[GC 933115K->672613K(2944192K), 0.0454960 secs]
[GC 928741K->673924K(2944192K), 0.0439740 secs]
[GC 930052K->688033K(2944192K), 0.0434560 secs]
[GC 944161K->677608K(2944192K), 0.0468690 secs]
[GC 933736K->687679K(2944192K), 0.0463370 secs]
[GC 943807K->686618K(2944192K), 0.0482800 secs]
[GC 942746K->694750K(2944192K), 0.0432020 secs]
[GC 950878K->684263K(2944192K), 0.0440920 secs]
[GC 940391K->694774K(2944192K), 0.0508390 secs]
[GC 950902K->699752K(2944192K), 0.0495360 secs]
[GC 955880K->689433K(2944192K), 0.0468330 secs]
[GC 945561K->693980K(2944192K), 0.0520390 secs]
[GC 950108K->698559K(2944192K), 0.0468730 secs]
[GC 954687K->700955K(2944192K), 0.0502490 secs]
[GC 957083K->696527K(2944192K), 0.0502290 secs]
[GC 952655K->704623K(2944192K), 0.0446990 secs]
[GC 960751K->699916K(2944192K), 0.0402610 secs]
[GC 956044K->708008K(2944192K), 0.0484870 secs]
[GC 964136K->703173K(2944192K), 0.0476940 secs]
[GC 959301K->718003K(2944192K), 0.0468070 secs]
[GC 974131K->706755K(2944192K), 0.0482920 secs]
[GC 962883K->723010K(2944192K), 0.0470330 secs]
[GC 979138K->708937K(2944192K), 0.0447500 secs]
[GC 965065K->720429K(2944192K), 0.0519180 secs]
[GC 976557K->725543K(2944192K), 0.0447370 secs]
[GC 981671K->715232K(2944192K), 0.0457230 secs]
[GC 971360K->725666K(2944192K), 0.0528290 secs]
[GC 981794K->724282K(2944192K), 0.0453800 secs]
[GC 980410K->726894K(2944192K), 0.0442860 secs]
[GC 983022K->735173K(2944192K), 0.0521040 secs]
[GC 991301K->724029K(2944192K), 0.0515670 secs]
[GC 980157K->734329K(2944192K), 0.0488700 secs]
[GC 990457K->739051K(2944192K), 0.0448120 secs]
[GC 995179K->728538K(2944192K), 0.0454600 secs]
[GC 984666K->745047K(2944192K), 0.0533390 secs]
[GC 1001175K->731039K(2944192K), 0.0478300 secs]
[GC 987167K->742289K(2944192K), 0.0438750 secs]
[GC 998417K->734459K(2944192K), 0.0506810 secs]
[GC 990587K->743143K(2944192K), 0.0475810 secs]
[GC 999271K->744990K(2944192K), 0.0463390 secs]
[GC 1001118K->746743K(2944192K), 0.0467250 secs]
[GC 1002871K->748607K(2944192K), 0.0452390 secs]
[GC 1004735K->749853K(2944192K), 0.0508430 secs]
[GC 1005981K->745056K(2944192K), 0.0495040 secs]
[GC 1001184K->746844K(2944192K), 0.0470730 secs]
[GC 1002972K->748555K(2944192K), 0.0434100 secs]
[GC 1004683K->756697K(2944192K), 0.0510440 secs]
[GC 1012825K->751786K(2944192K), 0.0459510 secs]
[GC 1007914K->759599K(2944192K), 0.0443680 secs]
[GC 1015727K->755042K(2944192K), 0.0512800 secs]
[GC 1011170K->756672K(2944192K), 0.0467330 secs]
[GC 1012800K->764743K(2944192K), 0.0466190 secs]
[GC 1020871K->766346K(2944192K), 0.0500290 secs]
[GC 1022474K->761462K(2944192K), 0.0524450 secs]
[GC 1017590K->763157K(2944192K), 0.0506280 secs]
[GC 1019285K->771024K(2944192K), 0.0441930 secs]
[GC 1027152K->766496K(2944192K), 0.0482020 secs]
[GC 1022624K->768311K(2944192K), 0.0447030 secs]
[GC 1024439K->776082K(2944192K), 0.0452490 secs]
[GC 1032210K->771383K(2944192K), 0.0513320 secs]
[GC 1027511K->785554K(2944192K), 0.0474610 secs]
[GC 1041682K->774799K(2944192K), 0.0458760 secs]
[GC 1030927K->779361K(2944192K), 0.0467960 secs]
[GC 1035489K->783350K(2944192K), 0.0431380 secs]
[GC 1039478K->785609K(2944192K), 0.0484930 secs]
[GC 1041737K->787566K(2944192K), 0.0442440 secs]
[GC 1043694K->782976K(2944192K), 0.0484490 secs]
[GC 1039104K->790980K(2944192K), 0.0454930 secs]
[GC 1047108K->786173K(2944192K), 0.0451790 secs]
[GC 1042301K->787754K(2944192K), 0.0490380 secs]
[GC 1043882K->795907K(2944192K), 0.0462510 secs]
[GC 1052035K->803974K(2944192K), 0.0516950 secs]
[GC 1060102K->792955K(2944192K), 0.0482740 secs]
[GC 1049083K->802880K(2944192K), 0.0453130 secs]
[GC 1059008K->807464K(2944192K), 0.0480460 secs]
[GC 1063592K->797397K(2944192K), 0.0476120 secs]
[GC 1053525K->813373K(2944192K), 0.0480280 secs]
[GC 1069501K->799689K(2944192K), 0.0503470 secs]
[GC 1055817K->816385K(2944192K), 0.0445160 secs]
[GC 1072513K->802723K(2944192K), 0.0461150 secs]
[GC 1058851K->813534K(2944192K), 0.0493620 secs]
[GC 1069662K->812426K(2944192K), 0.0504030 secs]
[GC 1068554K->814776K(2944192K), 0.0438750 secs]
[GC 1070904K->810567K(2944192K), 0.0466870 secs]
[GC 1066695K->818267K(2944192K), 0.0493450 secs]
[GC 1074395K->813579K(2944192K), 0.0458770 secs]
[GC 1069707K->815202K(2944192K), 0.0509640 secs]
[GC 1071330K->823094K(2944192K), 0.0496880 secs]
[GC 1079222K->824947K(2944192K), 0.0453780 secs]
[GC 1081075K->820367K(2944192K), 0.0435830 secs]
[GC 1076495K->821712K(2944192K), 0.0502260 secs]
[GC 1077840K->829702K(2944192K), 0.0489050 secs]
[GC 1085830K->837601K(2944192K), 0.0454340 secs]
[GC 1093729K->826880K(2944192K), 0.0461880 secs]
[GC 1083008K->836977K(2944192K), 0.0521790 secs]
[GC 1093105K->835336K(2944192K), 0.0463500 secs]
[GC 1091464K->837732K(2944192K), 0.0529680 secs]
[GC 1093860K->839541K(2944192K), 0.0447820 secs]
[GC 1095669K->841444K(2944192K), 0.0449090 secs]
[GC 1097572K->836933K(2944192K), 0.0474870 secs]
[GC 1093061K->838177K(2944192K), 0.0489220 secs]
[GC 1094305K->845978K(2944192K), 0.0493170 secs]
[GC 1102106K->847695K(2944192K), 0.0434070 secs]
[GC 1103823K->843124K(2944192K), 0.0447280 secs]
[GC 1099252K->844835K(2944192K), 0.0476240 secs]
[GC 1100963K->846215K(2944192K), 0.0429610 secs]
[GC 1102343K->847599K(2944192K), 0.0488660 secs]
[GC 1103727K->861705K(2944192K), 0.0475650 secs]
[GC 1117833K->850994K(2944192K), 0.0407230 secs]
[GC 1107122K->866692K(2944192K), 0.0513220 secs]
[GC 1122820K->856936K(2944192K), 0.0457560 secs]
[GC 1113064K->863647K(2944192K), 0.0447360 secs]
[GC 1119775K->856598K(2944192K), 0.0499220 secs]
[GC 1112726K->858806K(2944192K), 0.0452270 secs]
[GC 1114934K->873036K(2944192K), 0.0554330 secs]
[GC 1129164K->862324K(2944192K), 0.0427170 secs]
[GC 1118452K->877795K(2944192K), 0.0478720 secs]
[GC 1133923K->868157K(2944192K), 0.0498360 secs]
[GC 1124285K->881117K(2944192K), 0.0494120 secs]
[GC 1137245K->867771K(2944192K), 0.0432480 secs]
[GC 1123899K->884727K(2944192K), 0.0424830 secs]
[GC 1140855K->888294K(2944192K), 0.0501330 secs]
[GC 1144422K->902546K(2944192K), 0.0513460 secs]
[GC 1158674K->920318K(2944192K), 0.0633670 secs]
[GC 1176446K->935845K(2944192K), 0.0682810 secs]
[GC 1191973K->933507K(2944192K), 0.0679920 secs]
[GC 1189635K->954541K(2944192K), 0.0683960 secs]
[GC 1210669K->978088K(2944192K), 0.0768870 secs]
[GC 1234216K->944022K(2944192K), 0.0797460 secs]
[GC 1200150K->966313K(2944192K), 0.0860310 secs]
[GC 1222441K->975669K(2944192K), 0.0719010 secs]
[GC 1231797K->983899K(2944192K), 0.0726250 secs]
[GC 1240027K->975179K(2944192K), 0.0726530 secs]
[GC 1231307K->998950K(2944192K), 0.0742280 secs]
[GC 1255078K->973495K(2944192K), 0.0706360 secs]
[GC 1229623K->1015572K(2944192K), 0.0608900 secs]
[GC 1271700K->985199K(2944192K), 0.0625800 secs]
[GC 1241327K->1001952K(2944192K), 0.0683280 secs]
[GC 1258080K->1016935K(2944192K), 0.0630040 secs]
[GC 1273063K->989424K(2944192K), 0.0589920 secs]
[GC 1245552K->1026379K(2944192K), 0.0617880 secs]
[GC 1282507K->990846K(2944192K), 0.0634050 secs]
[GC 1246974K->1025449K(2944192K), 0.0692350 secs]
[GC 1281577K->996973K(2944192K), 0.0651600 secs]
[GC 1253101K->1014183K(2944192K), 0.0709560 secs]
[GC 1270311K->994789K(2944192K), 0.0651890 secs]
[GC 1250917K->999011K(2944192K), 0.0616620 secs]
[GC 1255139K->1000613K(2944192K), 0.0556980 secs]
[GC 1256741K->1003439K(2944192K), 0.0571710 secs]
[GC 1259567K->998019K(2944192K), 0.0462590 secs]
[GC 1254147K->1005458K(2944192K), 0.0518660 secs]
[GC 1261586K->1014136K(2944192K), 0.0471650 secs]
[GC 1270264K->1015787K(2944192K), 0.0466690 secs]
[GC 1271915K->1017692K(2944192K), 0.0448920 secs]
[GC 1273820K->1012497K(2944192K), 0.0487530 secs]
[GC 1268625K->1021467K(2944192K), 0.0529120 secs]
[GC 1277595K->1037863K(2944192K), 0.0505660 secs]
[GC 1293991K->1031229K(2944192K), 0.0622900 secs]
[GC 1287357K->1054958K(2944192K), 0.0672130 secs]
[GC 1311086K->1074735K(2944192K), 0.0719510 secs]
[GC 1330863K->1091612K(2944192K), 0.0693970 secs]
[GC 1347740K->1061834K(2944192K), 0.0710510 secs]
[GC 1317962K->1116023K(2944192K), 0.0803610 secs]
[GC 1372151K->1087691K(2944192K), 0.0810300 secs]
[GC 1343819K->1130195K(2944192K), 0.0844400 secs]
[GC 1386323K->1106582K(2944192K), 0.0767860 secs]
[GC 1362710K->1152571K(2944192K), 0.0754740 secs]
[GC 1408699K->1122503K(2944192K), 0.0773060 secs]
[GC 1378631K->1155912K(2944192K), 0.0735160 secs]
[GC 1412040K->1160013K(2944192K), 0.0671350 secs]
[GC 1416141K->1139932K(2944192K), 0.0796370 secs]
[GC 1396060K->1135019K(2944192K), 0.0584300 secs]
[GC 1391147K->1182314K(2944192K), 0.0617610 secs]
[GC 1438442K->1146316K(2944192K), 0.0703850 secs]
[GC 1402444K->1174072K(2944192K), 0.0633330 secs]
[GC 1430200K->1139118K(2944192K), 0.0630290 secs]
[GC 1395246K->1178721K(2944192K), 0.0651200 secs]
[GC 1434849K->1153142K(2944192K), 0.0713350 secs]
[GC 1409270K->1168736K(2944192K), 0.0599610 secs]
[GC 1424864K->1192656K(2944192K), 0.0681250 secs]
[GC 1448784K->1167301K(2944192K), 0.0824740 secs]
[GC 1423429K->1222434K(2944192K), 0.0857970 secs]
[GC 1478549K->1191283K(2944192K), 0.0808990 secs]
[GC 1447411K->1238049K(2944192K), 0.0786220 secs]
[GC 1494177K->1210600K(2944192K), 0.0897960 secs]
[GC 1466666K->1249351K(2944192K), 0.0845730 secs]
[GC 1505374K->1222363K(2944192K), 0.0882320 secs]
[GC 1478491K->1243788K(2944192K), 0.0763680 secs]
[GC 1499903K->1288879K(2944192K), 0.0692680 secs]
[GC 1545007K->1267498K(2944192K), 0.0853430 secs]
[GC 1523626K->1263538K(2944192K), 0.0732350 secs]
[GC 1519666K->1307271K(2944192K), 0.0611600 secs]
[GC 1563399K->1265079K(2944192K), 0.0626530 secs]
[GC 1521207K->1286012K(2944192K), 0.0688250 secs]
[GC 1542140K->1299390K(2944192K), 0.0629840 secs]
[GC 1555518K->1272907K(2944192K), 0.0644100 secs]
[GC 1529035K->1328172K(2944192K), 0.0831450 secs]
[GC 1584300K->1302265K(2944192K), 0.0893060 secs]
[GC 1558393K->1359110K(2944192K), 0.0917980 secs]
[GC 1615224K->1332947K(2944192K), 0.0965280 secs]
[GC 1589075K->1388666K(2944192K), 0.1062350 secs]
[GC 1644794K->1404957K(2944192K), 0.1073290 secs]
[GC 1405304K(2944192K), 0.0671890 secs]
[GC 1661085K->1430329K(2944192K), 0.0949380 secs]
[GC 1576519K(2944192K), 0.0672900 secs]
[GC 1422610K->1183354K(2944192K), 0.1023050 secs]
[GC 1439482K->1178893K(2944192K), 0.1158200 secs]
[GC 1435021K->1223479K(2944192K), 0.0770380 secs]
[GC 1479413K->1215063K(2944192K), 0.1051120 secs]
[GC 1471137K->1263064K(2944192K), 0.0771520 secs]
[GC 1519192K->1282820K(2944192K), 0.1005340 secs]
[GC 1538894K->1294186K(2944192K), 0.0980110 secs]
[GC 1550314K->1320473K(2944192K), 0.1030070 secs]
[GC 1576601K->1331532K(2944192K), 0.0985000 secs]
[GC 1587660K->1308108K(2944192K), 0.0921980 secs]
[GC 1564236K->1321314K(2944192K), 0.0884700 secs]
[GC 1577442K->1355871K(2944192K), 0.0661980 secs]
[GC 1611999K->1326490K(2944192K), 0.0669710 secs]
[GC 1582477K->1393159K(2944192K), 0.0948730 secs]
[GC 1649283K->1382073K(2944192K), 0.0986700 secs]
[GC 1638070K->1430484K(2944192K), 0.1027970 secs]
[GC 1686612K->1458000K(2944192K), 0.1152490 secs]
[GC 1714128K->1482729K(2944192K), 0.1068430 secs]
[GC 1738857K->1508387K(2944192K), 0.1001640 secs]
[GC 1764515K->1533752K(2944192K), 0.1026870 secs]
[GC 1789880K->1559138K(2944192K), 0.1037750 secs]
[GC 1815252K->1584679K(2944192K), 0.1072570 secs]
 INFO  [main] {org.radargun.Slave} Master shutdown!
 INFO  [Thread-0] {org.radargun.ShutDownHook} Slave process is being shutdown
[GC 1840807K->1610128K(2944192K), 0.1042500 secs]
 INFO  [hz._hzInstance_1_FenixFrameworkGroup.IO.thread-in-2] {com.hazelcast.nio.TcpIpConnection} [127.0.0.1]:5709 [FenixFrameworkGroup] Connection [Address[127.0.0.1]:5707] lost. Reason: java.io.EOFException[Remote socket closed!]
 INFO  [hz._hzInstance_1_FenixFrameworkGroup.IO.thread-in-1] {com.hazelcast.nio.TcpIpConnection} [127.0.0.1]:5709 [FenixFrameworkGroup] Connection [Address[127.0.0.1]:5706] lost. Reason: java.io.EOFException[Remote socket closed!]
 INFO  [hz._hzInstance_1_FenixFrameworkGroup.IO.thread-in-0] {com.hazelcast.nio.TcpIpConnection} [127.0.0.1]:5709 [FenixFrameworkGroup] Connection [Address[127.0.0.1]:5706] lost. Reason: java.io.EOFException[Remote socket closed!]
 INFO  [hz._hzInstance_1_FenixFrameworkGroup.IO.thread-in-0] {com.hazelcast.nio.TcpIpConnection} [127.0.0.1]:5709 [FenixFrameworkGroup] Connection [Address[127.0.0.1]:5703] lost. Reason: java.io.EOFException[Remote socket closed!]
 INFO  [hz._hzInstance_1_FenixFrameworkGroup.IO.thread-in-2] {com.hazelcast.nio.TcpIpConnection} [127.0.0.1]:5709 [FenixFrameworkGroup] Connection [Address[127.0.0.1]:5702] lost. Reason: java.io.EOFException[Remote socket closed!]
 INFO  [hz._hzInstance_1_FenixFrameworkGroup.IO.thread-in-1] {com.hazelcast.nio.TcpIpConnection} [127.0.0.1]:5709 [FenixFrameworkGroup] Connection [Address[127.0.0.1]:5705] lost. Reason: java.io.EOFException[Remote socket closed!]
 INFO  [hz._hzInstance_1_FenixFrameworkGroup.IO.thread-in-0] {com.hazelcast.nio.TcpIpConnection} [127.0.0.1]:5709 [FenixFrameworkGroup] Connection [Address[127.0.0.1]:5708] lost. Reason: java.io.EOFException[Remote socket closed!]
 INFO  [hz._hzInstance_1_FenixFrameworkGroup.IO.thread-in-1] {com.hazelcast.nio.TcpIpConnection} [127.0.0.1]:5709 [FenixFrameworkGroup] Connection [Address[127.0.0.1]:5704] lost. Reason: java.io.EOFException[Remote socket closed!]
 INFO  [hz._hzInstance_1_FenixFrameworkGroup.IO.thread-in-2] {com.hazelcast.nio.TcpIpConnection} [127.0.0.1]:5709 [FenixFrameworkGroup] Connection [Address[127.0.0.1]:5704] lost. Reason: java.io.EOFException[Remote socket closed!]
 INFO  [hz._hzInstance_1_FenixFrameworkGroup.IO.thread-in-1] {com.hazelcast.nio.TcpIpConnection} [127.0.0.1]:5709 [FenixFrameworkGroup] Connection [Address[127.0.0.1]:5710] lost. Reason: java.io.EOFException[Remote socket closed!]
 INFO  [hz._hzInstance_1_FenixFrameworkGroup.IO.thread-in-0] {com.hazelcast.nio.TcpIpConnection} [127.0.0.1]:5709 [FenixFrameworkGroup] Connection [Address[127.0.0.1]:5705] lost. Reason: java.io.EOFException[Remote socket closed!]
 INFO  [hz._hzInstance_1_FenixFrameworkGroup.IO.thread-in-1] {com.hazelcast.nio.TcpIpConnection} [127.0.0.1]:5709 [FenixFrameworkGroup] Connection [Address[127.0.0.1]:5701] lost. Reason: java.io.EOFException[Remote socket closed!]
 INFO  [hz._hzInstance_1_FenixFrameworkGroup.IO.thread-in-2] {com.hazelcast.nio.TcpIpConnection} [127.0.0.1]:5709 [FenixFrameworkGroup] Connection [Address[127.0.0.1]:5707] lost. Reason: java.io.EOFException[Remote socket closed!]
 INFO  [hz._hzInstance_1_FenixFrameworkGroup.IO.thread-in-0] {com.hazelcast.nio.TcpIpConnection} [127.0.0.1]:5709 [FenixFrameworkGroup] Connection [Address[127.0.0.1]:5710] lost. Reason: java.io.EOFException[Remote socket closed!]
 INFO  [hz.ShutdownThread] {com.hazelcast.initializer} [127.0.0.1]:5709 [FenixFrameworkGroup] Destroying node initializer.
 INFO  [hz.ShutdownThread] {com.hazelcast.instance.Node} [127.0.0.1]:5709 [FenixFrameworkGroup] Hazelcast Shutdown is completed in 162 ms.
