/usr/java/jdk1.7.0_21/bin/java -server -Xmx1024M -Xms1024M -Dresolve.dns=false -Djgroups.timer.num_threads=4 -verbose:gc -Xmx5000M -Xms3000M -server -XX:+UseConcMarkSweepGC -XX:+AggressiveOpts -verbose:gc -XX:ParallelGCThreads=4 -XX:NewRatio=5 -XX:SurvivorRatio=2 -Dhazelcast.operation.thread.count=4 -Djava.net.preferIPv4Stack=true -Dlog4j.file.prefix=deimos-esw-30285 -Dbind.address= -Djgroups.bind_addr= -classpath /home/smf/github/radargun/target/distribution/RadarGun-1.1.0-SNAPSHOT/lib/activation-1.1.jar:/home/smf/github/radargun/target/distribution/RadarGun-1.1.0-SNAPSHOT/lib/commons-beanutils-1.8.0.jar:/home/smf/github/radargun/target/distribution/RadarGun-1.1.0-SNAPSHOT/lib/commons-digester-2.0.jar:/home/smf/github/radargun/target/distribution/RadarGun-1.1.0-SNAPSHOT/lib/commons-logging-1.1.1.jar:/home/smf/github/radargun/target/distribution/RadarGun-1.1.0-SNAPSHOT/lib/commons-math-1.2.jar:/home/smf/github/radargun/target/distribution/RadarGun-1.1.0-SNAPSHOT/lib/jboss-transaction-api-1.0.1.GA.jar:/home/smf/github/radargun/target/distribution/RadarGun-1.1.0-SNAPSHOT/lib/jcommon-1.0.15.jar:/home/smf/github/radargun/target/distribution/RadarGun-1.1.0-SNAPSHOT/lib/jfreechart-1.0.12.jar:/home/smf/github/radargun/target/distribution/RadarGun-1.1.0-SNAPSHOT/lib/log4j-1.2.14.jar:/home/smf/github/radargun/target/distribution/RadarGun-1.1.0-SNAPSHOT/lib/mail-1.4.2.jar:/home/smf/github/radargun/target/distribution/RadarGun-1.1.0-SNAPSHOT/lib/radargun-framework-1.1.0-SNAPSHOT.jar:/home/smf/github/radargun/target/distribution/RadarGun-1.1.0-SNAPSHOT/conf org.radargun.Slave -master 127.0.0.1:2103
--------------------------------------------------------------------------------
PerNodeRollingFileAppender::Using file prefix:deimos-esw-30285
 INFO  [main] {org.radargun.Slave} Attempting to connect to master 127.0.0.1:2103
 INFO  [main] {org.radargun.Slave} Successfully established connection with master at: 127.0.0.1:2103
Loading JARS from /home/smf/github/radargun/target/distribution/RadarGun-1.1.0-SNAPSHOT/lib/radargun-framework-1.1.0-SNAPSHOT.jar
 INFO  [pool-1-thread-1] {org.radargun.config.AnnotatedHelper} Loading JARS from /home/smf/github/radargun/target/distribution/RadarGun-1.1.0-SNAPSHOT/lib/radargun-framework-1.1.0-SNAPSHOT.jar
 INFO  [pool-1-thread-1] {org.radargun.config.AnnotatedHelper} Loading JARS from /home/smf/github/radargun/target/distribution/RadarGun-1.1.0-SNAPSHOT/lib/radargun-framework-1.1.0-SNAPSHOT.jar
 INFO  [pool-1-thread-1] {org.radargun.Slave} Executing stage: DestroyWrapper {enforceMemoryThrashHold=true, exitBenchmarkOnSlaveFailure=false, heapDumpDir=null, memoryThreshold=95, runOnAllSlaves=true, slaves=null, useSmartClassLoading=true }
 INFO  [pool-1-thread-1] {org.radargun.stages.DestroyWrapperStage} Received destroy cache wrapper request from master...
 INFO  [pool-1-thread-1] {org.radargun.stages.DestroyWrapperStage} No cache wrapper deployed on this slave, nothing to do.
 INFO  [pool-1-thread-1] {org.radargun.stages.DestroyWrapperStage} Before executing clear, memory looks like this: Memory - free: 2,928,638 kb - max:4,906,688 kb- total:2,944,000 kb
[Full GC 15361K->3631K(2944000K), 0.1301490 secs]
 INFO  [pool-1-thread-1] {org.radargun.stages.DestroyWrapperStage} After executing cleanup, memory looks like this: Memory - free: 2,935,311 kb - max:4,906,688 kb- total:2,944,064 kb
 INFO  [pool-1-thread-1] {org.radargun.Slave} Finished stage: DestroyWrapper {enforceMemoryThrashHold=true, exitBenchmarkOnSlaveFailure=false, heapDumpDir=null, memoryThreshold=95, runOnAllSlaves=true, slaves=null, useSmartClassLoading=true }
 INFO  [main] {org.radargun.Slave} Ack successfully sent to the master
 INFO  [pool-1-thread-1] {org.radargun.Slave} Executing stage: StartCluster {config=ispn52-repl-sync-rc.xml, delayAfterFirstSlaveStarts=5.000 secs, delayBetweenStartingSlaves=0.500 secs, exitBenchmarkOnSlaveFailure=true, expectNumSlaves=null, mayFailOn=null, reachable=null, runOnAllSlaves=false, slaves=null, staggerSlaveStartup=true, useSmartClassLoading=true, validateCluster=true }
 INFO  [pool-1-thread-1] {org.radargun.stages.StartClusterStage}  Startup staggering, starting 10 slaves. This is the slave with index 2. Sleeping for 6000 millis.
 INFO  [pool-1-thread-1] {org.radargun.stages.StartClusterStage} Ack master's StartCluster stage. Local address is: /127.0.0.1. This slave's index is: 2
 INFO  [pool-1-thread-1] {org.radargun.utils.ClassLoadHelper} Creating newInstance org.radargun.cachewrappers.FFWrapper with classloader java.net.URLClassLoader@5381062e
 INFO  [pool-1-thread-1] {org.radargun.cachewrappers.FFWrapper} config=ispn52-repl-sync-rc.xml, isLocal=false, nodeIndex=2, confAttributes={name=ispn52-repl-sync-rc.xml, decorate=infinispan52}
 INFO  [pool-1-thread-1] {org.radargun.cachewrappers.FFWrapper} Found fenix framework config options in 'rg-fenix-framework-config-options.properties'.
 INFO  [pool-1-thread-1] {org.radargun.cachewrappers.FFWrapper} Setting extra config properties for Fenix Framework.
 INFO  [pool-1-thread-1] {org.radargun.cachewrappers.FFWrapper} Will initialize Fenix Framework with RadarGunDataGridConfig
 TRACE [pool-1-thread-1] {pt.ist.fenixframework.FenixFramework} Static initializer block for FenixFramework class [BEGIN]
 INFO  [pool-1-thread-1] {pt.ist.fenixframework.FenixFramework} Trying auto-initialization with configuration by convention
 INFO  [pool-1-thread-1] {pt.ist.fenixframework.FenixFramework} Resource 'fenix-framework.properties' not found
 DEBUG [pool-1-thread-1] {pt.ist.fenixframework.FenixFramework} Fenix Framework properties after reading default config file:{}
 DEBUG [pool-1-thread-1] {pt.ist.fenixframework.FenixFramework} CurrentBackEndName = jvstm-datagrid
 INFO  [pool-1-thread-1] {pt.ist.fenixframework.FenixFramework} Resource 'fenix-framework-jvstm-datagrid.properties' not found
 DEBUG [pool-1-thread-1] {pt.ist.fenixframework.FenixFramework} Fenix Framework properties after reading backend config file:{}
 DEBUG [pool-1-thread-1] {pt.ist.fenixframework.FenixFramework} Fenix Framework properties after enforcing system properties:{}
 INFO  [pool-1-thread-1] {pt.ist.fenixframework.FenixFramework} Skipping configuration by convention.
 TRACE [pool-1-thread-1] {pt.ist.fenixframework.FenixFramework} Static initializer block for FenixFramework class [END]
 INFO  [pool-1-thread-1] {pt.ist.fenixframework.FenixFramework} Initializing Fenix Framework with config.class=pt.ist.fenixframework.backend.jvstm.datagrid.radargun.RadarGunDataGridConfig
 INFO  [pool-1-thread-1] {pt.ist.fenixframework.backend.jvstm.cluster.JvstmClusterBackEnd} initializeGroupCommunication()
 INFO  [pool-1-thread-1] {com.hazelcast.config.ClasspathXmlConfig} Configuring Hazelcast from 'hazelcast-ff.xml'.
 INFO  [pool-1-thread-1] {com.hazelcast.instance.DefaultAddressPicker} Interfaces is disabled, trying to pick one address from TCP-IP config addresses: [127.0.0.1]
 INFO  [pool-1-thread-1] {com.hazelcast.instance.DefaultAddressPicker} Picked Address[127.0.0.1]:5703, using socket ServerSocket[addr=/0.0.0.0,localport=5703], bind any local is true
 INFO  [pool-1-thread-1] {com.hazelcast.system} [127.0.0.1]:5703 [FenixFrameworkGroup] Hazelcast Community Edition 3.0.2 (20130906) starting at Address[127.0.0.1]:5703
 INFO  [pool-1-thread-1] {com.hazelcast.system} [127.0.0.1]:5703 [FenixFrameworkGroup] Copyright (C) 2008-2013 Hazelcast.com
 INFO  [pool-1-thread-1] {com.hazelcast.instance.Node} [127.0.0.1]:5703 [FenixFrameworkGroup] Creating MulticastJoiner
 INFO  [pool-1-thread-1] {com.hazelcast.core.LifecycleService} [127.0.0.1]:5703 [FenixFrameworkGroup] Address[127.0.0.1]:5703 is STARTING
 INFO  [hz._hzInstance_1_FenixFrameworkGroup.IO.thread-Acceptor] {com.hazelcast.nio.SocketAcceptor} [127.0.0.1]:5703 [FenixFrameworkGroup] Accepting socket connection from /127.0.0.1:51322
 INFO  [hz._hzInstance_1_FenixFrameworkGroup.IO.thread-Acceptor] {com.hazelcast.nio.TcpIpConnectionManager} [127.0.0.1]:5703 [FenixFrameworkGroup] 5703 accepted socket connection from /127.0.0.1:51322
 INFO  [pool-1-thread-1] {com.hazelcast.cluster.TcpIpJoiner} [127.0.0.1]:5703 [FenixFrameworkGroup] Connecting to possible member: Address[127.0.0.1]:5702
 INFO  [pool-1-thread-1] {com.hazelcast.cluster.TcpIpJoiner} [127.0.0.1]:5703 [FenixFrameworkGroup] Connecting to possible member: Address[127.0.0.1]:5701
 INFO  [hz._hzInstance_1_FenixFrameworkGroup.cached.thread-3] {com.hazelcast.nio.SocketConnector} [127.0.0.1]:5703 [FenixFrameworkGroup] Connecting to /127.0.0.1:5701, timeout: 0, bind-any: true
 INFO  [hz._hzInstance_1_FenixFrameworkGroup.cached.thread-3] {com.hazelcast.nio.TcpIpConnectionManager} [127.0.0.1]:5703 [FenixFrameworkGroup] 59328 accepted socket connection from /127.0.0.1:5701
 INFO  [hz._hzInstance_1_FenixFrameworkGroup.IO.thread-Acceptor] {com.hazelcast.nio.SocketAcceptor} [127.0.0.1]:5703 [FenixFrameworkGroup] Accepting socket connection from /127.0.0.1:52923
 INFO  [hz._hzInstance_1_FenixFrameworkGroup.IO.thread-Acceptor] {com.hazelcast.nio.TcpIpConnectionManager} [127.0.0.1]:5703 [FenixFrameworkGroup] 5703 accepted socket connection from /127.0.0.1:52923
 INFO  [hz._hzInstance_1_FenixFrameworkGroup.IO.thread-Acceptor] {com.hazelcast.nio.SocketAcceptor} [127.0.0.1]:5703 [FenixFrameworkGroup] Accepting socket connection from /127.0.0.1:33932
 INFO  [hz._hzInstance_1_FenixFrameworkGroup.IO.thread-Acceptor] {com.hazelcast.nio.TcpIpConnectionManager} [127.0.0.1]:5703 [FenixFrameworkGroup] 5703 accepted socket connection from /127.0.0.1:33932
 INFO  [hz._hzInstance_1_FenixFrameworkGroup.IO.thread-Acceptor] {com.hazelcast.nio.SocketAcceptor} [127.0.0.1]:5703 [FenixFrameworkGroup] Accepting socket connection from /127.0.0.1:54734
 INFO  [hz._hzInstance_1_FenixFrameworkGroup.IO.thread-Acceptor] {com.hazelcast.nio.TcpIpConnectionManager} [127.0.0.1]:5703 [FenixFrameworkGroup] 5703 accepted socket connection from /127.0.0.1:54734
 INFO  [hz._hzInstance_1_FenixFrameworkGroup.IO.thread-Acceptor] {com.hazelcast.nio.SocketAcceptor} [127.0.0.1]:5703 [FenixFrameworkGroup] Accepting socket connection from /127.0.0.1:55438
 INFO  [hz._hzInstance_1_FenixFrameworkGroup.IO.thread-Acceptor] {com.hazelcast.nio.TcpIpConnectionManager} [127.0.0.1]:5703 [FenixFrameworkGroup] 5703 accepted socket connection from /127.0.0.1:55438
 INFO  [hz._hzInstance_1_FenixFrameworkGroup.IO.thread-Acceptor] {com.hazelcast.nio.SocketAcceptor} [127.0.0.1]:5703 [FenixFrameworkGroup] Accepting socket connection from /127.0.0.1:59996
 INFO  [hz._hzInstance_1_FenixFrameworkGroup.IO.thread-Acceptor] {com.hazelcast.nio.TcpIpConnectionManager} [127.0.0.1]:5703 [FenixFrameworkGroup] 5703 accepted socket connection from /127.0.0.1:59996
 INFO  [hz._hzInstance_1_FenixFrameworkGroup.IO.thread-Acceptor] {com.hazelcast.nio.SocketAcceptor} [127.0.0.1]:5703 [FenixFrameworkGroup] Accepting socket connection from /127.0.0.1:53460
 INFO  [hz._hzInstance_1_FenixFrameworkGroup.IO.thread-Acceptor] {com.hazelcast.nio.TcpIpConnectionManager} [127.0.0.1]:5703 [FenixFrameworkGroup] 5703 accepted socket connection from /127.0.0.1:53460
 INFO  [hz._hzInstance_1_FenixFrameworkGroup.IO.thread-Acceptor] {com.hazelcast.nio.SocketAcceptor} [127.0.0.1]:5703 [FenixFrameworkGroup] Accepting socket connection from /127.0.0.1:45512
 INFO  [hz._hzInstance_1_FenixFrameworkGroup.IO.thread-Acceptor] {com.hazelcast.nio.TcpIpConnectionManager} [127.0.0.1]:5703 [FenixFrameworkGroup] 5703 accepted socket connection from /127.0.0.1:45512
 INFO  [hz._hzInstance_1_FenixFrameworkGroup.cached.thread-3] {com.hazelcast.cluster.ClusterService} [127.0.0.1]:5703 [FenixFrameworkGroup] 

Members [10] {
	Member [127.0.0.1]:5701
	Member [127.0.0.1]:5702
	Member [127.0.0.1]:5704
	Member [127.0.0.1]:5705
	Member [127.0.0.1]:5706
	Member [127.0.0.1]:5703 this
	Member [127.0.0.1]:5707
	Member [127.0.0.1]:5708
	Member [127.0.0.1]:5709
	Member [127.0.0.1]:5710
}

 INFO  [pool-1-thread-1] {com.hazelcast.core.LifecycleService} [127.0.0.1]:5703 [FenixFrameworkGroup] Address[127.0.0.1]:5703 is STARTED
 INFO  [pool-1-thread-1] {pt.ist.fenixframework.backend.jvstm.cluster.ClusterUtils} Got (long) serverId: 2
 INFO  [pool-1-thread-1] {pt.ist.fenixframework.backend.jvstm.cluster.JvstmClusterBackEnd} This is NOT the first node.
 INFO  [pool-1-thread-1] {pt.ist.fenixframework.backend.jvstm.cluster.ClusterUtils} Waiting for startup from first node
 INFO  [pool-1-thread-1] {pt.ist.fenixframework.backend.jvstm.JVSTMBackEnd} initializeRepository()
 INFO  [pool-1-thread-1] {pt.ist.fenixframework.backend.jvstm.datagrid.radargun.DataGridDecorator} config=ispn52-repl-sync-rc.xml, isLocal=false, nodeIndex=2, confAttributes={name=ispn52-repl-sync-rc.xml}
 INFO  [pool-1-thread-1] {org.radargun.cachewrappers.InfinispanXSWrapper} Cannot find any site for slave index 2
[GC 259695K->12499K(2944064K), 0.0468950 secs]
 INFO  [pool-1-thread-1] {org.infinispan.remoting.transport.jgroups.JGroupsTransport} ISPN000078: Starting JGroups Channel
 WARN  [pool-1-thread-1] {org.jgroups.protocols.UDP} [JGRP00014] the send buffer of socket DatagramSocket was set to 640KB, but the OS only allocated 229.38KB. This might lead to performance problems. Please set your max send buffer in the OS correctly (e.g. net.core.wmem_max on Linux)
 WARN  [pool-1-thread-1] {org.jgroups.protocols.UDP} [JGRP00014] the receive buffer of socket DatagramSocket was set to 20MB, but the OS only allocated 229.38KB. This might lead to performance problems. Please set your max receive buffer in the OS correctly (e.g. net.core.rmem_max on Linux)
 WARN  [pool-1-thread-1] {org.jgroups.protocols.UDP} [JGRP00014] the send buffer of socket MulticastSocket was set to 640KB, but the OS only allocated 229.38KB. This might lead to performance problems. Please set your max send buffer in the OS correctly (e.g. net.core.wmem_max on Linux)
 WARN  [pool-1-thread-1] {org.jgroups.protocols.UDP} [JGRP00014] the receive buffer of socket MulticastSocket was set to 25MB, but the OS only allocated 229.38KB. This might lead to performance problems. Please set your max receive buffer in the OS correctly (e.g. net.core.rmem_max on Linux)
 INFO  [pool-1-thread-1] {org.infinispan.remoting.transport.jgroups.JGroupsTransport} ISPN000094: Received new cluster view: [deimos-esw-46324|2] [deimos-esw-46324, deimos-esw-51111, deimos-esw-54422, deimos-esw-2377]
 INFO  [pool-1-thread-1] {org.infinispan.remoting.transport.jgroups.JGroupsTransport} ISPN000079: Cache local address is deimos-esw-54422, physical addresses are [127.0.0.1:52002]
 INFO  [pool-1-thread-1] {org.infinispan.factories.GlobalComponentRegistry} ISPN000128: Infinispan version: Infinispan 'Delirium' 5.2.6.Final
 INFO  [Incoming-3,deimos-esw-54422] {org.infinispan.remoting.transport.jgroups.JGroupsTransport} ISPN000094: Received new cluster view: [deimos-esw-46324|3] [deimos-esw-46324, deimos-esw-51111, deimos-esw-54422, deimos-esw-2377, deimos-esw-62566]
 INFO  [pool-1-thread-1] {org.infinispan.transaction.lookup.JBossStandaloneJTAManagerLookup} ISPN000107: Retrieving transaction manager Transaction: unknown
 INFO  [Incoming-3,deimos-esw-54422] {org.infinispan.remoting.transport.jgroups.JGroupsTransport} ISPN000094: Received new cluster view: [deimos-esw-46324|4] [deimos-esw-46324, deimos-esw-51111, deimos-esw-54422, deimos-esw-2377, deimos-esw-62566, deimos-esw-36778, deimos-esw-47871]
 INFO  [Incoming-3,deimos-esw-54422] {org.infinispan.remoting.transport.jgroups.JGroupsTransport} ISPN000094: Received new cluster view: [deimos-esw-46324|5] [deimos-esw-46324, deimos-esw-51111, deimos-esw-54422, deimos-esw-2377, deimos-esw-62566, deimos-esw-36778, deimos-esw-47871, deimos-esw-63624, deimos-esw-8969]
 INFO  [pool-1-thread-1] {org.infinispan.jmx.CacheJmxRegistration} ISPN000031: MBeans were successfully registered to the platform MBean server.
 INFO  [Incoming-3,deimos-esw-54422] {org.infinispan.remoting.transport.jgroups.JGroupsTransport} ISPN000094: Received new cluster view: [deimos-esw-46324|6] [deimos-esw-46324, deimos-esw-51111, deimos-esw-54422, deimos-esw-2377, deimos-esw-62566, deimos-esw-36778, deimos-esw-47871, deimos-esw-63624, deimos-esw-8969, deimos-esw-28098]
 INFO  [pool-1-thread-1] {org.radargun.cachewrappers.InfinispanXSWrapper} Using transaction manager: Transaction: unknown
 INFO  [pool-1-thread-1] {org.radargun.cachewrappers.InfinispanXSWrapper} No RELAY2 protocol in XS wrapper
 INFO  [pool-1-thread-1] {org.radargun.cachewrappers.InfinispanXSWrapper} JGroups version: JGroups 3.2.7.Final
 INFO  [pool-1-thread-1] {org.radargun.cachewrappers.InfinispanXSWrapper} Using config attributes: {name=ispn52-repl-sync-rc.xml}
 INFO  [pool-1-thread-1] {pt.ist.fenixframework.backend.jvstm.datagrid.DataGridRepository} Initialization marker is present. Data Grid already existed.
 INFO  [pool-1-thread-1] {pt.ist.fenixframework.backend.jvstm.JVSTMBackEnd} initializeDomainClassInfos
 INFO  [pool-1-thread-1] {pt.ist.fenixframework.backend.jvstm.pstm.DomainClassInfo} serverId: 2, serverOidBase: 2000000000000
 INFO  [pool-1-thread-1] {pt.ist.fenixframework.backend.jvstm.pstm.DomainClassInfo} Existing domain class 'pt.ist.fenixframework.DomainRoot' with id '0'
 INFO  [pool-1-thread-1] {pt.ist.fenixframework.backend.jvstm.pstm.DomainClassInfo} Existing domain class 'pt.ist.fenixframework.adt.linkedlist.LinkedList' with id '9'
 INFO  [pool-1-thread-1] {pt.ist.fenixframework.backend.jvstm.pstm.DomainClassInfo} Existing domain class 'pt.ist.fenixframework.adt.bplustree.AbstractNodeArray' with id 'a'
 INFO  [pool-1-thread-1] {pt.ist.fenixframework.backend.jvstm.pstm.DomainClassInfo} Existing domain class 'pt.ist.fenixframework.adt.bplustree.AbstractNode' with id 'f'
 INFO  [pool-1-thread-1] {pt.ist.fenixframework.backend.jvstm.pstm.DomainClassInfo} Existing domain class 'pt.ist.fenixframework.adt.bplustree.BPlusTree' with id '7'
 INFO  [pool-1-thread-1] {pt.ist.fenixframework.backend.jvstm.pstm.DomainClassInfo} Existing domain class 'pt.ist.fenixframework.adt.bplustree.InnerNodeArray' with id 'b'
 INFO  [pool-1-thread-1] {pt.ist.fenixframework.backend.jvstm.pstm.DomainClassInfo} Existing domain class 'pt.ist.fenixframework.adt.bplustree.LeafNodeArray' with id 'c'
 INFO  [pool-1-thread-1] {pt.ist.fenixframework.backend.jvstm.pstm.DomainClassInfo} Existing domain class 'pt.ist.fenixframework.adt.bplustree.DomainInnerNode' with id '3'
 INFO  [pool-1-thread-1] {pt.ist.fenixframework.backend.jvstm.pstm.DomainClassInfo} Existing domain class 'pt.ist.fenixframework.adt.bplustree.DomainBPlusTree' with id 'e'
 INFO  [pool-1-thread-1] {pt.ist.fenixframework.backend.jvstm.pstm.DomainClassInfo} Existing domain class 'pt.ist.fenixframework.adt.bplustree.LeafNode' with id '4'
 INFO  [pool-1-thread-1] {pt.ist.fenixframework.backend.jvstm.pstm.DomainClassInfo} Existing domain class 'pt.ist.fenixframework.backend.jvstm.pstm.TransactionStatisticsEntry' with id '5'
 INFO  [pool-1-thread-1] {pt.ist.fenixframework.backend.jvstm.pstm.DomainClassInfo} Existing domain class 'pt.ist.fenixframework.adt.bplustree.DomainLeafNode' with id '1'
 INFO  [pool-1-thread-1] {pt.ist.fenixframework.backend.jvstm.pstm.DomainClassInfo} Existing domain class 'pt.ist.fenixframework.adt.bplustree.InnerNode' with id '8'
 INFO  [pool-1-thread-1] {pt.ist.fenixframework.backend.jvstm.pstm.DomainClassInfo} Existing domain class 'pt.ist.fenixframework.backend.jvstm.pstm.FenixFrameworkData' with id 'd'
 INFO  [pool-1-thread-1] {pt.ist.fenixframework.backend.jvstm.pstm.DomainClassInfo} Existing domain class 'pt.ist.fenixframework.adt.linkedlist.ListNode' with id '6'
 INFO  [pool-1-thread-1] {pt.ist.fenixframework.backend.jvstm.pstm.DomainClassInfo} Existing domain class 'pt.ist.fenixframework.adt.bplustree.BPlusTreeArray' with id '2'
 INFO  [pool-1-thread-1] {pt.ist.fenixframework.backend.jvstm.JVSTMBackEnd} setupJVSTM
 INFO  [pool-1-thread-1] {pt.ist.fenixframework.backend.jvstm.JVSTMBackEnd} Setting the last committed TX number to 2
 INFO  [pool-1-thread-1] {pt.ist.fenixframework.backend.jvstm.JVSTMBackEnd} createDomainRootIfNeeded
 INFO  [pool-1-thread-1] {pt.ist.fenixframework.backend.jvstm.JVSTMBackEnd} ensureFenixFrameworkDataExists
 INFO  [pool-1-thread-1] {pt.ist.fenixframework.hibernatesearch.HibernateSearchConfig} Resource 'fenix-framework-hibernate-search.properties' not found. Hibernate Search disabled
 INFO  [pool-1-thread-1] {pt.ist.fenixframework.FenixFramework} Initialization of Fenix Framework is now complete.
 INFO  [pool-1-thread-1] {org.radargun.cachewrappers.FFWrapper} FF STARTED=true
 INFO  [pool-1-thread-1] {org.radargun.stages.helpers.StartHelper} Number of members is the one expected: 10
 INFO  [pool-1-thread-1] {org.radargun.stages.StartClusterStage} Successfully started cache wrapper on slave 2: org.radargun.cachewrappers.FFWrapper@73f91af3
 INFO  [pool-1-thread-1] {org.radargun.Slave} Finished stage: StartCluster {config=ispn52-repl-sync-rc.xml, delayAfterFirstSlaveStarts=5.000 secs, delayBetweenStartingSlaves=0.500 secs, exitBenchmarkOnSlaveFailure=true, expectNumSlaves=null, mayFailOn=null, reachable=null, runOnAllSlaves=false, slaves=null, staggerSlaveStartup=true, useSmartClassLoading=true, validateCluster=true }
 INFO  [main] {org.radargun.Slave} Ack successfully sent to the master
 INFO  [pool-1-thread-1] {org.radargun.Slave} Executing stage: ClusterValidation {exitBenchmarkOnSlaveFailure=false, partialReplication=false, replicationTimeSleep=2000, replicationTryCount=60, runOnAllSlaves=false, slaves=null, useSmartClassLoading=true }
 INFO  [pool-1-thread-1] {org.radargun.stages.ClusterValidationStage} Number of caches that replicated here is 3
 INFO  [pool-1-thread-1] {org.radargun.stages.ClusterValidationStage} Replication test failed, 1 tries so far. Sleeping for 2 seconds and trying again.
 INFO  [pool-1-thread-1] {org.radargun.stages.ClusterValidationStage} Number of caches that replicated here is 9
 INFO  [pool-1-thread-1] {org.radargun.stages.ClusterValidationStage} Replication test successfully passed. partialReplication? false, replicationCount = 9
 INFO  [pool-1-thread-1] {org.radargun.stages.ClusterValidationStage} Confirm phase successful.
 INFO  [pool-1-thread-1] {org.radargun.Slave} Finished stage: ClusterValidation {exitBenchmarkOnSlaveFailure=false, partialReplication=false, replicationTimeSleep=2000, replicationTryCount=60, runOnAllSlaves=false, slaves=[ 0, 1, 2, 3, 4, 5, 6, 7, 8, 9 ], useSmartClassLoading=true }
 INFO  [main] {org.radargun.Slave} Ack successfully sent to the master
 INFO  [pool-1-thread-1] {org.radargun.Slave} Executing stage: StressTestWarmup {bulkSize=1, cacheSpecificKeyGenerator=false, commitTransactions=true, duration=1 mins 0 secs, entrySize=1000, exitBenchmarkOnSlaveFailure=false, fixedKeys=true, generateHistogramRange=false, keyGeneratorClass=org.radargun.stressors.StringKeyGenerator, keyGeneratorParam=null, loadAllKeys=false, numEntries=100, numOfThreads=4, numRequests=10000, numThreads=4, numberOfAttributes=100, numberOfRequests=10000, opsCountStatusLog=100000, poolKeys=true, preferAsyncOperations=false, removePercentage=0, replaceInvalidPercentage=40, runOnAllSlaves=false, sharedKeys=false, sizeOfAnAttribute=1000, slaves=null, transactionSize=50, useAtomics=false, useHistogramStatistics=false, useSimpleStatistics=true, useSmartClassLoading=true, useTransactions=null, writePercentage=20, writeTxPercentage=20 }
 INFO  [pool-1-thread-1] {org.radargun.stages.StressTestWarmupStage} Starting StressTestWarmupStage: StressTestWarmup {bulkSize=1, cacheSpecificKeyGenerator=false, commitTransactions=true, duration=1 mins 0 secs, entrySize=1000, exitBenchmarkOnSlaveFailure=false, fixedKeys=true, generateHistogramRange=false, keyGeneratorClass=org.radargun.stressors.StringKeyGenerator, keyGeneratorParam=null, loadAllKeys=false, numEntries=100, numOfThreads=4, numRequests=10000, numThreads=4, numberOfAttributes=100, numberOfRequests=10000, opsCountStatusLog=100000, poolKeys=true, preferAsyncOperations=false, removePercentage=0, replaceInvalidPercentage=40, runOnAllSlaves=false, sharedKeys=false, sizeOfAnAttribute=1000, slaves=null, transactionSize=50, useAtomics=false, useHistogramStatistics=false, useSimpleStatistics=true, useSmartClassLoading=true, useTransactions=null, writePercentage=20, writeTxPercentage=20 }
 INFO  [pool-1-thread-1] {org.radargun.stressors.StressTestStressor} Using key generator org.radargun.stressors.StringKeyGenerator, param null
 INFO  [pool-1-thread-1] {org.radargun.stressors.StressTestStressor} Executing: StressTestStressor{opsCountStatusLog=100000, numRequests=10000, numEntries=100, entrySize=1000, writePercentage=20, numThreads=4, cacheWrapper=org.radargun.cachewrappers.FFWrapper@73f91af3, nodeIndex=2, useTransactions=true, transactionSize=50, commitTransactions=true, durationMillis=60000}
 INFO  [pool-1-thread-1] {org.radargun.stressors.StressTestStressor} Cache wrapper info is: FFWrapper using infinispan52
[GC 268563K->20684K(2944064K), 0.0543500 secs]
[GC 276748K->17851K(2944064K), 0.0392240 secs]
 INFO  [pool-1-thread-1] {org.radargun.stressors.StressTestStressor} Started 4 stressor threads.
 INFO  [Stressor-3] {org.radargun.stressors.StressTestStressor} Number of ops executed so far: 1. Elapsed time: 0.000 secs. Remaining: 1 mins 0 secs. Total: 1 mins 0 secs
[GC 273915K->19808K(2944064K), 0.0363210 secs]
[GC 275872K->24962K(2944064K), 0.0373160 secs]
[GC 281026K->31300K(2944064K), 0.0409680 secs]
[GC 287364K->39077K(2944064K), 0.0419710 secs]
 INFO  [Stressor-0] {org.radargun.stressors.StressTestStressor} Number of ops executed so far: 21900. Elapsed time: 20.054 secs. Remaining: 39.946 secs. Total: 1 mins 0 secs
[GC 295141K->47574K(2944064K), 0.0476330 secs]
[GC 303638K->50030K(2944064K), 0.0434270 secs]
[GC 306094K->65501K(2944064K), 0.0489400 secs]
[GC 321565K->67325K(2944064K), 0.0517420 secs]
[GC 323389K->62027K(2944064K), 0.0519600 secs]
 INFO  [Stressor-1] {org.radargun.stressors.StressTestStressor} Number of ops executed so far: 67100. Elapsed time: 40.056 secs. Remaining: 19.944 secs. Total: 1 mins 0 secs
[GC 318091K->74978K(2944064K), 0.0529130 secs]
[GC 331042K->81912K(2944064K), 0.0539290 secs]
[GC 337976K->82542K(2944064K), 0.0518220 secs]
[GC 338606K->101247K(2944064K), 0.0697860 secs]
[GC 357311K->86321K(2944064K), 0.0649980 secs]
[GC 342385K->91154K(2944064K), 0.0579520 secs]
 INFO  [pool-1-thread-1] {org.radargun.stressors.StressTestStressor} Finished generating report. Test duration is: 1 mins 11 secs
 INFO  [pool-1-thread-1] {org.radargun.stages.StressTestWarmupStage} The warmup took: 71 seconds.
 INFO  [pool-1-thread-1] {org.radargun.Slave} Finished stage: StressTestWarmup {bulkSize=1, cacheSpecificKeyGenerator=false, commitTransactions=true, duration=1 mins 0 secs, entrySize=1000, exitBenchmarkOnSlaveFailure=false, fixedKeys=true, generateHistogramRange=false, keyGeneratorClass=org.radargun.stressors.StringKeyGenerator, keyGeneratorParam=null, loadAllKeys=false, numEntries=100, numOfThreads=4, numRequests=10000, numThreads=4, numberOfAttributes=100, numberOfRequests=10000, opsCountStatusLog=100000, poolKeys=true, preferAsyncOperations=false, removePercentage=0, replaceInvalidPercentage=40, runOnAllSlaves=false, sharedKeys=false, sizeOfAnAttribute=1000, slaves=null, transactionSize=50, useAtomics=false, useHistogramStatistics=false, useSimpleStatistics=true, useSmartClassLoading=true, useTransactions=null, writePercentage=20, writeTxPercentage=20 }
 INFO  [main] {org.radargun.Slave} Ack successfully sent to the master
[GC 347218K->98177K(2944064K), 0.0580720 secs]
[GC 354241K->80807K(2944064K), 0.0531590 secs]
[GC 336871K->106525K(2944064K), 0.0550170 secs]
[GC 362589K->90723K(2944064K), 0.0536210 secs]
[GC 346787K->86473K(2944064K), 0.0562950 secs]
[GC 342528K->95638K(2944064K), 0.0553560 secs]
[GC 351702K->102986K(2944064K), 0.0575950 secs]
[GC 359050K->109893K(2944064K), 0.0558360 secs]
[GC 365957K->116283K(2944064K), 0.0584700 secs]
[GC 372347K->123257K(2944064K), 0.0579440 secs]
[GC 379321K->129674K(2944064K), 0.0600790 secs]
[GC 385738K->136943K(2944064K), 0.0602910 secs]
[GC 393007K->144366K(2944064K), 0.0645090 secs]
 INFO  [pool-1-thread-1] {org.radargun.Slave} Executing stage: ClearClusterStage {ClearCluster {exitBenchmarkOnSlaveFailure=false, runOnAllSlaves=false, slaves=[ 0 ], useSmartClassLoading=true }
 INFO  [pool-1-thread-1] {org.radargun.stages.ClearClusterStage} Before executing clear, memory looks like this: Memory - free: 2,612,047 kb - max:4,906,688 kb- total:2,944,064 kb
[Full GC 332016K->125023K(2944064K), 0.5942940 secs]
 INFO  [pool-1-thread-1] {org.radargun.stages.ClearClusterStage} After executing cleanup, memory looks like this: Memory - free: 2,818,354 kb - max:4,906,688 kb- total:2,944,192 kb
 INFO  [pool-1-thread-1] {org.radargun.Slave} Finished stage: ClearClusterStage {ClearCluster {exitBenchmarkOnSlaveFailure=false, runOnAllSlaves=false, slaves=[ 0 ], useSmartClassLoading=true }
 INFO  [main] {org.radargun.Slave} Ack successfully sent to the master
 INFO  [pool-1-thread-1] {org.radargun.Slave} Executing stage: StressTest {bulkSize=1, cacheSpecificKeyGenerator=false, commitTransactions=true, duration=1 mins 0 secs, entrySize=1000, exitBenchmarkOnSlaveFailure=false, fixedKeys=true, generateHistogramRange=false, keyGeneratorClass=org.radargun.stressors.StringKeyGenerator, keyGeneratorParam=null, loadAllKeys=false, numEntries=10000, numOfThreads=4, numRequests=10000000, numThreads=4, numberOfAttributes=10000, numberOfRequests=10000000, opsCountStatusLog=500000, poolKeys=true, preferAsyncOperations=false, removePercentage=0, replaceInvalidPercentage=40, runOnAllSlaves=false, sharedKeys=false, sizeOfAnAttribute=1000, slaves=null, transactionSize=10000, useAtomics=false, useHistogramStatistics=false, useSimpleStatistics=true, useSmartClassLoading=true, useTransactions=true, writePercentage=1, writeTxPercentage=5 }
 INFO  [pool-1-thread-1] {org.radargun.stages.StressTestStage} Starting StressTestStage: StressTest {bulkSize=1, cacheSpecificKeyGenerator=false, commitTransactions=true, duration=1 mins 0 secs, entrySize=1000, exitBenchmarkOnSlaveFailure=false, fixedKeys=true, generateHistogramRange=false, keyGeneratorClass=org.radargun.stressors.StringKeyGenerator, keyGeneratorParam=null, loadAllKeys=false, numEntries=10000, numOfThreads=4, numRequests=10000000, numThreads=4, numberOfAttributes=10000, numberOfRequests=10000000, opsCountStatusLog=500000, poolKeys=true, preferAsyncOperations=false, removePercentage=0, replaceInvalidPercentage=40, runOnAllSlaves=false, sharedKeys=false, sizeOfAnAttribute=1000, slaves=null, transactionSize=10000, useAtomics=false, useHistogramStatistics=false, useSimpleStatistics=true, useSmartClassLoading=true, useTransactions=true, writePercentage=1, writeTxPercentage=5 }
 INFO  [pool-1-thread-1] {org.radargun.stressors.StressTestStressor} Using key generator org.radargun.stressors.StringKeyGenerator, param null
 INFO  [pool-1-thread-1] {org.radargun.stressors.StressTestStressor} Executing: StressTestStressor{opsCountStatusLog=500000, numRequests=10000000, numEntries=10000, entrySize=1000, writePercentage=1, numThreads=4, cacheWrapper=org.radargun.cachewrappers.FFWrapper@73f91af3, nodeIndex=2, useTransactions=true, transactionSize=10000, commitTransactions=true, durationMillis=60000}
 INFO  [pool-1-thread-1] {org.radargun.stressors.StressTestStressor} Cache wrapper info is: FFWrapper using infinispan52
[GC 381151K->194634K(2944192K), 0.0320480 secs]
[GC 450762K->143068K(2944192K), 0.0264220 secs]
[GC 399196K->138619K(2944192K), 0.0287680 secs]
[GC 394747K->141523K(2944192K), 0.0331220 secs]
[GC 397651K->144717K(2944192K), 0.0354100 secs]
[GC 400845K->150066K(2944192K), 0.0393240 secs]
[GC 406194K->151047K(2944192K), 0.0403830 secs]
[GC 407175K->155458K(2944192K), 0.0371120 secs]
[GC 411586K->160150K(2944192K), 0.0425990 secs]
[GC 416278K->164933K(2944192K), 0.0428780 secs]
[GC 421061K->169811K(2944192K), 0.0470060 secs]
[GC 425939K->174785K(2944192K), 0.0481970 secs]
[GC 430913K->179768K(2944192K), 0.0479990 secs]
[GC 435896K->179897K(2944192K), 0.1050940 secs]
[GC 436025K->183721K(2944192K), 0.0536570 secs]
[GC 439849K->192116K(2944192K), 0.0593880 secs]
[GC 448244K->195738K(2944192K), 0.0558940 secs]
[GC 451866K->200246K(2944192K), 0.0639020 secs]
[GC 456374K->205303K(2944192K), 0.0629490 secs]
[GC 461431K->209709K(2944192K), 0.0585430 secs]
[GC 465837K->216089K(2944192K), 0.0644120 secs]
[GC 472217K->208816K(2944192K), 0.0551740 secs]
[GC 464944K->206813K(2944192K), 0.0698150 secs]
[GC 462941K->215428K(2944192K), 0.0568230 secs]
[GC 471556K->221282K(2944192K), 0.0669250 secs]
[GC 477410K->226401K(2944192K), 0.0572210 secs]
[GC 482529K->231910K(2944192K), 0.0518870 secs]
[GC 488038K->222032K(2944192K), 0.0538190 secs]
[GC 478160K->219544K(2944192K), 0.0677300 secs]
[GC 475672K->228396K(2944192K), 0.0582360 secs]
[GC 484524K->234434K(2944192K), 0.0705570 secs]
[GC 490562K->239600K(2944192K), 0.0567780 secs]
[GC 495728K->244530K(2944192K), 0.0589300 secs]
[GC 500658K->249449K(2944192K), 0.0672190 secs]
[GC 505577K->233683K(2944192K), 0.0674780 secs]
[GC 489811K->241720K(2944192K), 0.0707750 secs]
[GC 497848K->251338K(2944192K), 0.0640180 secs]
[GC 507466K->255257K(2944192K), 0.0650370 secs]
[GC 511385K->260007K(2944192K), 0.0582210 secs]
[GC 516135K->264615K(2944192K), 0.0699980 secs]
[GC 520743K->270080K(2944192K), 0.0561280 secs]
[GC 526208K->258887K(2944192K), 0.0608490 secs]
[GC 515015K->256439K(2944192K), 0.0607300 secs]
[GC 512567K->265471K(2944192K), 0.0593410 secs]
[GC 521599K->271432K(2944192K), 0.0665490 secs]
[GC 527560K->276528K(2944192K), 0.0608690 secs]
[GC 532656K->281300K(2944192K), 0.0637540 secs]
[GC 537428K->272293K(2944192K), 0.0560850 secs]
[GC 528421K->281159K(2944192K), 0.0619130 secs]
[GC 537287K->284448K(2944192K), 0.0638790 secs]
[GC 540576K->287496K(2944192K), 0.0606570 secs]
[GC 543624K->291000K(2944192K), 0.0591090 secs]
[GC 547128K->281962K(2944192K), 0.0612700 secs]
[GC 538090K->286210K(2944192K), 0.0591630 secs]
[GC 542338K->290988K(2944192K), 0.0609920 secs]
[GC 547116K->283999K(2944192K), 0.0576670 secs]
 INFO  [pool-1-thread-1] {org.radargun.stressors.StressTestStressor} Started 4 stressor threads.
 INFO  [Stressor-3] {org.radargun.stressors.StressTestStressor} Number of ops executed so far: 1. Elapsed time: 0.000 secs. Remaining: 1 mins 0 secs. Total: 1 mins 0 secs
[GC 540127K->285659K(2944192K), 0.0619370 secs]
[GC 541787K->306534K(2944192K), 0.0645380 secs]
[GC 562662K->303579K(2944192K), 0.0605400 secs]
[GC 559707K->315175K(2944192K), 0.0592950 secs]
[GC 571303K->322830K(2944192K), 0.0657430 secs]
[GC 578958K->336044K(2944192K), 0.0608540 secs]
[GC 592152K->326324K(2944192K), 0.0615490 secs]
[GC 582452K->348216K(2944192K), 0.0501170 secs]
[GC 604344K->370481K(2944192K), 0.0607660 secs]
[GC 626609K->318710K(2944192K), 0.0680940 secs]
[GC 574838K->328755K(2944192K), 0.0505650 secs]
[GC 584883K->340821K(2944192K), 0.0546800 secs]
[GC 596949K->353962K(2944192K), 0.0581820 secs]
[GC 610024K->351039K(2944192K), 0.0632250 secs]
[GC 607167K->346807K(2944192K), 0.0499040 secs]
[GC 602935K->355638K(2944192K), 0.0555900 secs]
[GC 611766K->329994K(2944192K), 0.0518950 secs]
[GC 586122K->376364K(2944192K), 0.0499910 secs]
[GC 632492K->357107K(2944192K), 0.0539370 secs]
 INFO  [Stressor-3] {org.radargun.stressors.StressTestStressor} Number of ops executed so far: 11594290. Elapsed time: 20.000 secs. Remaining: 40.000 secs. Total: 1 mins 0 secs
[GC 613235K->371044K(2944192K), 0.0629350 secs]
[GC 627172K->346343K(2944192K), 0.0507780 secs]
[GC 602471K->372248K(2944192K), 0.1004830 secs]
[GC 628376K->403682K(2944192K), 0.0652850 secs]
[GC 659810K->387065K(2944192K), 0.0535650 secs]
[GC 643193K->382513K(2944192K), 0.0564330 secs]
[GC 638641K->395993K(2944192K), 0.0749260 secs]
[GC 652121K->385004K(2944192K), 0.0469180 secs]
[GC 641132K->394083K(2944192K), 0.0585290 secs]
[GC 650211K->397180K(2944192K), 0.0601950 secs]
[GC 653308K->409556K(2944192K), 0.0588420 secs]
[GC 665684K->405251K(2944192K), 0.0428830 secs]
[GC 661379K->418301K(2944192K), 0.0865920 secs]
[GC 674429K->413873K(2944192K), 0.0513200 secs]
[GC 670001K->424127K(2944192K), 0.0518150 secs]
[GC 680255K->421090K(2944192K), 0.0509200 secs]
[GC 677218K->428268K(2944192K), 0.0622650 secs]
[GC 684396K->437847K(2944192K), 0.0725320 secs]
[GC 693975K->432849K(2944192K), 0.0515950 secs]
 INFO  [Stressor-3] {org.radargun.stressors.StressTestStressor} Number of ops executed so far: 22155560. Elapsed time: 40.000 secs. Remaining: 20.000 secs. Total: 1 mins 0 secs
[GC 688977K->444865K(2944192K), 0.0544830 secs]
[GC 700993K->454014K(2944192K), 0.0631640 secs]
[GC 710142K->449691K(2944192K), 0.0556720 secs]
[GC 705819K->445422K(2944192K), 0.0517290 secs]
[GC 701550K->464863K(2944192K), 0.0631770 secs]
[GC 720991K->455224K(2944192K), 0.0527970 secs]
[GC 711352K->457171K(2944192K), 0.0512790 secs]
[GC 713299K->474828K(2944192K), 0.0568060 secs]
[GC 730956K->471842K(2944192K), 0.0624300 secs]
[GC 727970K->474108K(2944192K), 0.0491320 secs]
[GC 730236K->472137K(2944192K), 0.0503060 secs]
[GC 728265K->473544K(2944192K), 0.0543330 secs]
[GC 729672K->492596K(2944192K), 0.0637820 secs]
[GC 748724K->489984K(2944192K), 0.0556820 secs]
[GC 746112K->491985K(2944192K), 0.0509490 secs]
[GC 748113K->495854K(2944192K), 0.0531590 secs]
[GC 751982K->502942K(2944192K), 0.0726500 secs]
[GC 759070K->511524K(2944192K), 0.0541730 secs]
[GC 767652K->513792K(2944192K), 0.1147350 secs]
 INFO  [Stressor-3] {org.radargun.stressors.StressTestStressor} Number of ops executed so far: 33855258. Elapsed time: 1 mins 0 secs. Remaining: 0.000 secs. Total: 1 mins 0 secs
 INFO  [pool-1-thread-1] {org.radargun.stressors.StressTestStressor} Finished generating report. Test duration is: 4 mins 59 secs
 INFO  [pool-1-thread-1] {org.radargun.stages.StressTestStage} size info: FFWrapper using infinispan52, clusterSize:10, nodeIndex:2, cacheSize: -1
 INFO  [pool-1-thread-1] {org.radargun.Slave} Finished stage: StressTest {bulkSize=1, cacheSpecificKeyGenerator=false, commitTransactions=true, duration=1 mins 0 secs, entrySize=1000, exitBenchmarkOnSlaveFailure=false, fixedKeys=true, generateHistogramRange=false, keyGeneratorClass=org.radargun.stressors.StringKeyGenerator, keyGeneratorParam=null, loadAllKeys=false, numEntries=10000, numOfThreads=4, numRequests=10000000, numThreads=4, numberOfAttributes=10000, numberOfRequests=10000000, opsCountStatusLog=500000, poolKeys=true, preferAsyncOperations=false, removePercentage=0, replaceInvalidPercentage=40, runOnAllSlaves=false, sharedKeys=false, sizeOfAnAttribute=1000, slaves=null, transactionSize=10000, useAtomics=false, useHistogramStatistics=false, useSimpleStatistics=true, useSmartClassLoading=true, useTransactions=true, writePercentage=1, writeTxPercentage=5 }
 INFO  [main] {org.radargun.Slave} Ack successfully sent to the master
[GC 769920K->520226K(2944192K), 0.0640540 secs]
[GC 776354K->512746K(2944192K), 0.0507900 secs]
[GC 768874K->508431K(2944192K), 0.0456850 secs]
[GC 764559K->503808K(2944192K), 0.0468340 secs]
[GC 759936K->509015K(2944192K), 0.0503370 secs]
[GC 765143K->504227K(2944192K), 0.0470410 secs]
[GC 760355K->497846K(2944192K), 0.0428480 secs]
[GC 753974K->497199K(2944192K), 0.0431660 secs]
[GC 753327K->518488K(2944192K), 0.0421600 secs]
[GC 774616K->497803K(2944192K), 0.0465450 secs]
[GC 753931K->518991K(2944192K), 0.0491590 secs]
[GC 775119K->501238K(2944192K), 0.0489700 secs]
[GC 757366K->528693K(2944192K), 0.0536200 secs]
[GC 784821K->510051K(2944192K), 0.0523970 secs]
[GC 766179K->525745K(2944192K), 0.0529820 secs]
[GC 781873K->513777K(2944192K), 0.0501330 secs]
[GC 769905K->526766K(2944192K), 0.0449930 secs]
[GC 782894K->517191K(2944192K), 0.0572660 secs]
[GC 773319K->535626K(2944192K), 0.0459280 secs]
[GC 791751K->526443K(2944192K), 0.0505530 secs]
[GC 782571K->550085K(2944192K), 0.0583510 secs]
[GC 806168K->569366K(2944192K), 0.0583540 secs]
[GC 825494K->586931K(2944192K), 0.0701110 secs]
[GC 843059K->603879K(2944192K), 0.0707500 secs]
[GC 860007K->573841K(2944192K), 0.0817610 secs]
[GC 829969K->606718K(2944192K), 0.0934790 secs]
[GC 862767K->633374K(2944192K), 0.0693940 secs]
[GC 889298K->610568K(2944192K), 0.0751200 secs]
[GC 866696K->643022K(2944192K), 0.0754160 secs]
[GC 899150K->661149K(2944192K), 0.0763990 secs]
[GC 917277K->640026K(2944192K), 0.0727210 secs]
[GC 896154K->674453K(2944192K), 0.0667780 secs]
[GC 930581K->645712K(2944192K), 0.0774190 secs]
[GC 901840K->655394K(2944192K), 0.0568490 secs]
[GC 911522K->686353K(2944192K), 0.0559440 secs]
[GC 942481K->665877K(2944192K), 0.0630900 secs]
[GC 922005K->690170K(2944192K), 0.0565760 secs]
[GC 946298K->655461K(2944192K), 0.0587740 secs]
[GC 911589K->692335K(2944192K), 0.0556190 secs]
[GC 948463K->658330K(2944192K), 0.0590650 secs]
[GC 914458K->697657K(2944192K), 0.0610750 secs]
[GC 953785K->672280K(2944192K), 0.0663110 secs]
[GC 928408K->698368K(2944192K), 0.0567020 secs]
[GC 954496K->664720K(2944192K), 0.0585740 secs]
[GC 920848K->660196K(2944192K), 0.0636760 secs]
[GC 916324K->667617K(2944192K), 0.0651900 secs]
[GC 923745K->672042K(2944192K), 0.0607320 secs]
[GC 928170K->670905K(2944192K), 0.0487340 secs]
[GC 927033K->672324K(2944192K), 0.0441270 secs]
[GC 928452K->671818K(2944192K), 0.0464390 secs]
[GC 927946K->685472K(2944192K), 0.0436150 secs]
[GC 941600K->674559K(2944192K), 0.0424460 secs]
[GC 930687K->684623K(2944192K), 0.0487860 secs]
[GC 940751K->689293K(2944192K), 0.0449820 secs]
[GC 945421K->679302K(2944192K), 0.0426380 secs]
[GC 935430K->689715K(2944192K), 0.0411390 secs]
[GC 945843K->688605K(2944192K), 0.0467090 secs]
[GC 944733K->691157K(2944192K), 0.0453750 secs]
[GC 947285K->692945K(2944192K), 0.0514960 secs]
[GC 949073K->695020K(2944192K), 0.0434760 secs]
[GC 951148K->696845K(2944192K), 0.0482560 secs]
[GC 952973K->705487K(2944192K), 0.0436640 secs]
[GC 961615K->694090K(2944192K), 0.0439740 secs]
[GC 950218K->705129K(2944192K), 0.0492530 secs]
[GC 961257K->703412K(2944192K), 0.0461050 secs]
[GC 959540K->712785K(2944192K), 0.0454500 secs]
[GC 968913K->705471K(2944192K), 0.0464890 secs]
[GC 961599K->712426K(2944192K), 0.0453110 secs]
[GC 968554K->717818K(2944192K), 0.0526710 secs]
[GC 973946K->706838K(2944192K), 0.0484620 secs]
[GC 962966K->718334K(2944192K), 0.0465970 secs]
[GC 974462K->716830K(2944192K), 0.0506260 secs]
[GC 972958K->726386K(2944192K), 0.0475470 secs]
[GC 982514K->714628K(2944192K), 0.0463080 secs]
[GC 970756K->726113K(2944192K), 0.1231880 secs]
[GC 982241K->724464K(2944192K), 0.0525630 secs]
[GC 980592K->727256K(2944192K), 0.0441530 secs]
[GC 983384K->729531K(2944192K), 0.0452690 secs]
[GC 985659K->731388K(2944192K), 0.0446430 secs]
[GC 987516K->740588K(2944192K), 0.0471290 secs]
[GC 996716K->728197K(2944192K), 0.0503810 secs]
[GC 984325K->740024K(2944192K), 0.0494250 secs]
[GC 996152K->745258K(2944192K), 0.0470050 secs]
[GC 1001386K->733913K(2944192K), 0.0544660 secs]
[GC 990041K->752731K(2944192K), 0.0517750 secs]
[GC 1008859K->736988K(2944192K), 0.0479060 secs]
[GC 993116K->756898K(2944192K), 0.0477080 secs]
[GC 1013026K->740976K(2944192K), 0.0494570 secs]
[GC 997104K->760974K(2944192K), 0.0468310 secs]
[GC 1017102K->749393K(2944192K), 0.0556870 secs]
[GC 1005521K->765187K(2944192K), 0.0490760 secs]
[GC 1021315K->749362K(2944192K), 0.0504570 secs]
[GC 1005490K->769444K(2944192K), 0.0496850 secs]
[GC 1025572K->753297K(2944192K), 0.0486680 secs]
[GC 1009425K->773514K(2944192K), 0.0498430 secs]
[GC 1029642K->757401K(2944192K), 0.0484940 secs]
[GC 1013529K->770660K(2944192K), 0.0526610 secs]
[GC 1026788K->776899K(2944192K), 0.0510900 secs]
[GC 1033027K->764781K(2944192K), 0.0477320 secs]
[GC 1020909K->784231K(2944192K), 0.0456110 secs]
[GC 1040359K->767773K(2944192K), 0.0550610 secs]
[GC 1023901K->788093K(2944192K), 0.0516500 secs]
[GC 1044221K->771878K(2944192K), 0.0508320 secs]
[GC 1028006K->792309K(2944192K), 0.0493060 secs]
[GC 1048437K->775918K(2944192K), 0.0506160 secs]
[GC 1032046K->796609K(2944192K), 0.0525300 secs]
[GC 1052737K->780111K(2944192K), 0.0533730 secs]
[GC 1036239K->800806K(2944192K), 0.0908670 secs]
[GC 1056934K->784043K(2944192K), 0.0473540 secs]
[GC 1040171K->804791K(2944192K), 0.0479800 secs]
[GC 1060919K->787944K(2944192K), 0.0532000 secs]
[GC 1044072K->801586K(2944192K), 0.0568200 secs]
[GC 1057714K->807603K(2944192K), 0.0834870 secs]
[GC 1063731K->795119K(2944192K), 0.0477460 secs]
[GC 1051247K->814648K(2944192K), 0.0484210 secs]
[GC 1070776K->797947K(2944192K), 0.0489870 secs]
[GC 1054075K->818254K(2944192K), 0.0482780 secs]
[GC 1074382K->801705K(2944192K), 0.0493920 secs]
[GC 1057833K->821859K(2944192K), 0.0481200 secs]
[GC 1077987K->805878K(2944192K), 0.0495660 secs]
[GC 1062006K->818951K(2944192K), 0.0477630 secs]
[GC 1075079K->824928K(2944192K), 0.0471010 secs]
[GC 1081056K->812555K(2944192K), 0.0493990 secs]
[GC 1068683K->831902K(2944192K), 0.0498090 secs]
[GC 1088030K->815442K(2944192K), 0.0494860 secs]
[GC 1071570K->828578K(2944192K), 0.0466740 secs]
[GC 1084706K->827169K(2944192K), 0.0515740 secs]
[GC 1083297K->822359K(2944192K), 0.0489970 secs]
[GC 1078487K->832007K(2944192K), 0.0480170 secs]
[GC 1088135K->841498K(2944192K), 0.0486870 secs]
[GC 1097626K->828466K(2944192K), 0.0544690 secs]
[GC 1084594K->847566K(2944192K), 0.0469920 secs]
[GC 1103694K->831079K(2944192K), 0.0523950 secs]
[GC 1087207K->844415K(2944192K), 0.0482060 secs]
[GC 1100543K->842599K(2944192K), 0.0508080 secs]
[GC 1098727K->838171K(2944192K), 0.0429630 secs]
[GC 1094299K->847743K(2944192K), 0.0543510 secs]
[GC 1103871K->849781K(2944192K), 0.0530010 secs]
[GC 1105909K->851703K(2944192K), 0.0518770 secs]
[GC 1107831K->845963K(2944192K), 0.0531290 secs]
[GC 1102091K->855616K(2944192K), 0.0465910 secs]
[GC 1111744K->857577K(2944192K), 0.0536720 secs]
[GC 1113705K->859568K(2944192K), 0.0472690 secs]
[GC 1115696K->861604K(2944192K), 0.0514110 secs]
[GC 1117732K->855939K(2944192K), 0.0474960 secs]
[GC 1112067K->865390K(2944192K), 0.0455230 secs]
[GC 1121518K->867000K(2944192K), 0.0460760 secs]
[GC 1123128K->861644K(2944192K), 0.0491670 secs]
[GC 1117772K->870976K(2944192K), 0.0451550 secs]
[GC 1127104K->880126K(2944192K), 0.0478190 secs]
[GC 1136254K->867394K(2944192K), 0.0547970 secs]
[GC 1123522K->878990K(2944192K), 0.0537670 secs]
[GC 1135118K->884587K(2944192K), 0.0533150 secs]
[GC 1140715K->872567K(2944192K), 0.0463050 secs]
[GC 1128695K->885043K(2944192K), 0.0545540 secs]
[GC 1141171K->883583K(2944192K), 0.0476680 secs]
[GC 1139711K->885932K(2944192K), 0.0511450 secs]
[GC 1142060K->895642K(2944192K), 0.0470010 secs]
[GC 1151770K->882826K(2944192K), 0.0498870 secs]
[GC 1138954K->901421K(2944192K), 0.0482980 secs]
[GC 1157549K->885299K(2944192K), 0.0470040 secs]
[GC 1141427K->904871K(2944192K), 0.0553010 secs]
[GC 1160999K->889203K(2944192K), 0.0486740 secs]
[GC 1145331K->902016K(2944192K), 0.0534860 secs]
[GC 1158144K->900871K(2944192K), 0.0481660 secs]
[GC 1156999K->903493K(2944192K), 0.0469310 secs]
[GC 1159621K->913175K(2944192K), 0.0492970 secs]
[GC 1169303K->900398K(2944192K), 0.0485120 secs]
[GC 1156526K->918689K(2944192K), 0.0471450 secs]
[GC 1174817K->907182K(2944192K), 0.0552190 secs]
[GC 1163310K->908751K(2944192K), 0.0534380 secs]
[GC 1164879K->913991K(2944192K), 0.0491600 secs]
[GC 1170119K->916788K(2944192K), 0.0543040 secs]
[GC 1172916K->911535K(2944192K), 0.0453090 secs]
[GC 1167663K->920967K(2944192K), 0.0516540 secs]
[GC 1177095K->922531K(2944192K), 0.0876130 secs]
[GC 1178659K->924675K(2944192K), 0.0454350 secs]
[GC 1180803K->926388K(2944192K), 0.0447360 secs]
[GC 1182516K->928541K(2944192K), 0.0484400 secs]
[GC 1184669K->930635K(2944192K), 0.0484100 secs]
[GC 1186763K->925113K(2944192K), 0.0543640 secs]
[GC 1181241K->934452K(2944192K), 0.0495650 secs]
[GC 1190580K->936377K(2944192K), 0.0526070 secs]
[GC 1192505K->953410K(2944192K), 0.0528250 secs]
[GC 1209538K->964472K(2944192K), 0.0563960 secs]
[GC 1220600K->980828K(2944192K), 0.0614760 secs]
[GC 1236956K->996937K(2944192K), 0.0705350 secs]
[GC 1253065K->977568K(2944192K), 0.0691770 secs]
[GC 1233696K->1018033K(2944192K), 0.0799170 secs]
[GC 1274161K->1015001K(2944192K), 0.0883860 secs]
[GC 1271129K->1014978K(2944192K), 0.0862320 secs]
[GC 1271106K->1018220K(2944192K), 0.0694780 secs]
[GC 1274348K->1040907K(2944192K), 0.0729460 secs]
[GC 1297035K->1065571K(2944192K), 0.0714900 secs]
[GC 1321699K->1041530K(2944192K), 0.0712770 secs]
[GC 1297658K->1056300K(2944192K), 0.0688950 secs]
[GC 1312428K->1070439K(2944192K), 0.0615670 secs]
[GC 1326567K->1042754K(2944192K), 0.0632500 secs]
[GC 1298882K->1080716K(2944192K), 0.0621550 secs]
[GC 1336844K->1053647K(2944192K), 0.0696810 secs]
[GC 1309775K->1070136K(2944192K), 0.0645290 secs]
[GC 1326264K->1079764K(2944192K), 0.0624820 secs]
[GC 1335892K->1069373K(2944192K), 0.0626980 secs]
[GC 1325501K->1065379K(2944192K), 0.0740930 secs]
[GC 1321507K->1060407K(2944192K), 0.0833740 secs]
[GC 1316535K->1076275K(2944192K), 0.0669570 secs]
[GC 1332403K->1057289K(2944192K), 0.0733280 secs]
[GC 1313417K->1062311K(2944192K), 0.0695400 secs]
[GC 1318439K->1064763K(2944192K), 0.0784690 secs]
[GC 1320891K->1067185K(2944192K), 0.0583280 secs]
[GC 1323313K->1080321K(2944192K), 0.0582830 secs]
[GC 1336449K->1079915K(2944192K), 0.0507950 secs]
[GC 1336043K->1081415K(2944192K), 0.0477250 secs]
[GC 1337543K->1083435K(2944192K), 0.0584560 secs]
[GC 1339563K->1107066K(2944192K), 0.0558350 secs]
[GC 1363194K->1123346K(2944192K), 0.0716560 secs]
[GC 1379474K->1141195K(2944192K), 0.0680500 secs]
[GC 1397289K->1121427K(2944192K), 0.0718410 secs]
[GC 1377555K->1168588K(2944192K), 0.0857820 secs]
[GC 1424716K->1140306K(2944192K), 0.0804280 secs]
[GC 1396434K->1180003K(2944192K), 0.0872490 secs]
[GC 1436131K->1180648K(2944192K), 0.0866030 secs]
[GC 1436776K->1210125K(2944192K), 0.0796720 secs]
[GC 1466253K->1193088K(2944192K), 0.0817220 secs]
[GC 1449216K->1202637K(2944192K), 0.0677500 secs]
[GC 1458765K->1217149K(2944192K), 0.0646000 secs]
[GC 1473277K->1188680K(2944192K), 0.0625310 secs]
[GC 1444808K->1223679K(2944192K), 0.0732620 secs]
[GC 1479807K->1194185K(2944192K), 0.0605670 secs]
[GC 1450313K->1231187K(2944192K), 0.0655160 secs]
[GC 1487315K->1207408K(2944192K), 0.0755550 secs]
[GC 1463536K->1234689K(2944192K), 0.0578450 secs]
[GC 1490817K->1201259K(2944192K), 0.0633060 secs]
[GC 1457387K->1240923K(2944192K), 0.0714790 secs]
[GC 1497051K->1258830K(2944192K), 0.0844580 secs]
[GC 1514958K->1259809K(2944192K), 0.0883750 secs]
[GC 1515937K->1255648K(2944192K), 0.0828500 secs]
[GC 1511776K->1279349K(2944192K), 0.0862190 secs]
[GC 1535477K->1313826K(2944192K), 0.0894790 secs]
[GC 1569954K->1290553K(2944192K), 0.0877880 secs]
[GC 1546681K->1324013K(2944192K), 0.0856140 secs]
[GC 1579970K->1341030K(2944192K), 0.0791280 secs]
[GC 1597158K->1317541K(2944192K), 0.0758200 secs]
[GC 1573669K->1337744K(2944192K), 0.0771940 secs]
[GC 1593872K->1316519K(2944192K), 0.0708480 secs]
[GC 1572647K->1339972K(2944192K), 0.0616480 secs]
[GC 1596100K->1371302K(2944192K), 0.0606700 secs]
[GC 1627430K->1329148K(2944192K), 0.0634440 secs]
[GC 1585276K->1388792K(2944192K), 0.0842700 secs]
[GC 1644920K->1360633K(2944192K), 0.0875850 secs]
[GC 1616761K->1414715K(2944192K), 0.0957130 secs]
[GC 1414872K(2944192K), 0.0554910 secs]
[GC 1670843K->1433456K(2944192K), 0.1130120 secs]
[GC 1520945K(2944192K), 0.0522520 secs]
[GC 1400225K->1124541K(2944192K), 0.1117350 secs]
[GC 1380669K->1184917K(2944192K), 0.0955170 secs]
[GC 1441045K->1174477K(2944192K), 0.1045710 secs]
[GC 1430605K->1221627K(2944192K), 0.0944400 secs]
[GC 1477755K->1222055K(2944192K), 0.0920110 secs]
[GC 1478056K->1259232K(2944192K), 0.1010550 secs]
[GC 1515360K->1279477K(2944192K), 0.0936810 secs]
[GC 1535605K->1299113K(2944192K), 0.0972950 secs]
[GC 1555214K->1317917K(2944192K), 0.0896400 secs]
[GC 1574045K->1322217K(2944192K), 0.0933800 secs]
[GC 1578316K->1341323K(2944192K), 0.0906060 secs]
[GC 1597451K->1388053K(2944192K), 0.0688850 secs]
[GC 1644181K->1368380K(2944192K), 0.0846230 secs]
[GC 1624508K->1393847K(2944192K), 0.0713980 secs]
[GC 1649975K->1380697K(2944192K), 0.0926190 secs]
[GC 1636825K->1415637K(2944192K), 0.0839200 secs]
[GC 1671729K->1460510K(2944192K), 0.1103360 secs]
[GC 1716638K->1483672K(2944192K), 0.1163680 secs]
[GC 1739800K->1508187K(2944192K), 0.1013520 secs]
[GC 1764315K->1533594K(2944192K), 0.1123400 secs]
[GC 1789722K->1559018K(2944192K), 0.0972700 secs]
[GC 1815146K->1584307K(2944192K), 0.0959760 secs]
[GC 1840314K->1609888K(2944192K), 0.1020540 secs]
[GC 1865842K->1635463K(2944192K), 0.0983010 secs]
 INFO  [main] {org.radargun.Slave} Master shutdown!
 INFO  [Thread-0] {org.radargun.ShutDownHook} Slave process is being shutdown
 INFO  [hz._hzInstance_1_FenixFrameworkGroup.IO.thread-in-1] {com.hazelcast.nio.TcpIpConnection} [127.0.0.1]:5703 [FenixFrameworkGroup] Connection [Address[127.0.0.1]:5706] lost. Reason: java.io.EOFException[Remote socket closed!]
 INFO  [hz._hzInstance_1_FenixFrameworkGroup.IO.thread-in-2] {com.hazelcast.nio.TcpIpConnection} [127.0.0.1]:5703 [FenixFrameworkGroup] Connection [Address[127.0.0.1]:5707] lost. Reason: java.io.EOFException[Remote socket closed!]
 INFO  [hz._hzInstance_1_FenixFrameworkGroup.IO.thread-in-2] {com.hazelcast.nio.TcpIpConnection} [127.0.0.1]:5703 [FenixFrameworkGroup] Connection [Address[127.0.0.1]:5704] lost. Reason: java.io.EOFException[Remote socket closed!]
 INFO  [hz._hzInstance_1_FenixFrameworkGroup.IO.thread-in-1] {com.hazelcast.nio.TcpIpConnection} [127.0.0.1]:5703 [FenixFrameworkGroup] Connection [Address[127.0.0.1]:5701] lost. Reason: java.io.EOFException[Remote socket closed!]
 INFO  [hz._hzInstance_1_FenixFrameworkGroup.IO.thread-in-0] {com.hazelcast.nio.TcpIpConnection} [127.0.0.1]:5703 [FenixFrameworkGroup] Connection [Address[127.0.0.1]:5708] lost. Reason: java.io.EOFException[Remote socket closed!]
 INFO  [hz.ShutdownThread] {com.hazelcast.nio.TcpIpConnection} [127.0.0.1]:5703 [FenixFrameworkGroup] Connection [Address[127.0.0.1]:5705] lost. Reason: Socket explicitly closed
 INFO  [hz._hzInstance_1_FenixFrameworkGroup.IO.thread-in-0] {com.hazelcast.nio.TcpIpConnection} [127.0.0.1]:5703 [FenixFrameworkGroup] Connection [Address[127.0.0.1]:5702] lost. Reason: java.io.EOFException[Remote socket closed!]
 INFO  [hz._hzInstance_1_FenixFrameworkGroup.IO.thread-in-2] {com.hazelcast.nio.TcpIpConnection} [127.0.0.1]:5703 [FenixFrameworkGroup] Connection [Address[127.0.0.1]:5710] lost. Reason: java.io.EOFException[Remote socket closed!]
 INFO  [hz.ShutdownThread] {com.hazelcast.nio.TcpIpConnection} [127.0.0.1]:5703 [FenixFrameworkGroup] Connection [Address[127.0.0.1]:5709] lost. Reason: Socket explicitly closed
 INFO  [hz.ShutdownThread] {com.hazelcast.initializer} [127.0.0.1]:5703 [FenixFrameworkGroup] Destroying node initializer.
 INFO  [hz.ShutdownThread] {com.hazelcast.instance.Node} [127.0.0.1]:5703 [FenixFrameworkGroup] Hazelcast Shutdown is completed in 58 ms.
