/usr/java/jdk1.7.0_21/bin/java -server -Xmx1024M -Xms1024M -Dresolve.dns=false -Djgroups.timer.num_threads=4 -verbose:gc -Xmx5000M -Xms3000M -server -XX:+UseConcMarkSweepGC -XX:+AggressiveOpts -verbose:gc -XX:ParallelGCThreads=4 -XX:NewRatio=5 -XX:SurvivorRatio=2 -Dhazelcast.operation.thread.count=4 -Djava.net.preferIPv4Stack=true -Dlog4j.file.prefix=deimos-esw-20125 -Dbind.address= -Djgroups.bind_addr= -classpath /home/smf/github/radargun/target/distribution/RadarGun-1.1.0-SNAPSHOT/lib/activation-1.1.jar:/home/smf/github/radargun/target/distribution/RadarGun-1.1.0-SNAPSHOT/lib/commons-beanutils-1.8.0.jar:/home/smf/github/radargun/target/distribution/RadarGun-1.1.0-SNAPSHOT/lib/commons-digester-2.0.jar:/home/smf/github/radargun/target/distribution/RadarGun-1.1.0-SNAPSHOT/lib/commons-logging-1.1.1.jar:/home/smf/github/radargun/target/distribution/RadarGun-1.1.0-SNAPSHOT/lib/commons-math-1.2.jar:/home/smf/github/radargun/target/distribution/RadarGun-1.1.0-SNAPSHOT/lib/jboss-transaction-api-1.0.1.GA.jar:/home/smf/github/radargun/target/distribution/RadarGun-1.1.0-SNAPSHOT/lib/jcommon-1.0.15.jar:/home/smf/github/radargun/target/distribution/RadarGun-1.1.0-SNAPSHOT/lib/jfreechart-1.0.12.jar:/home/smf/github/radargun/target/distribution/RadarGun-1.1.0-SNAPSHOT/lib/log4j-1.2.14.jar:/home/smf/github/radargun/target/distribution/RadarGun-1.1.0-SNAPSHOT/lib/mail-1.4.2.jar:/home/smf/github/radargun/target/distribution/RadarGun-1.1.0-SNAPSHOT/lib/radargun-framework-1.1.0-SNAPSHOT.jar:/home/smf/github/radargun/target/distribution/RadarGun-1.1.0-SNAPSHOT/conf org.radargun.Slave -master 127.0.0.1:2103
--------------------------------------------------------------------------------
PerNodeRollingFileAppender::Using file prefix:deimos-esw-20125
 INFO  [main] {org.radargun.Slave} Attempting to connect to master 127.0.0.1:2103
 INFO  [main] {org.radargun.Slave} Successfully established connection with master at: 127.0.0.1:2103
Loading JARS from /home/smf/github/radargun/target/distribution/RadarGun-1.1.0-SNAPSHOT/lib/radargun-framework-1.1.0-SNAPSHOT.jar
 INFO  [pool-1-thread-1] {org.radargun.config.AnnotatedHelper} Loading JARS from /home/smf/github/radargun/target/distribution/RadarGun-1.1.0-SNAPSHOT/lib/radargun-framework-1.1.0-SNAPSHOT.jar
 INFO  [pool-1-thread-1] {org.radargun.config.AnnotatedHelper} Loading JARS from /home/smf/github/radargun/target/distribution/RadarGun-1.1.0-SNAPSHOT/lib/radargun-framework-1.1.0-SNAPSHOT.jar
 INFO  [pool-1-thread-1] {org.radargun.Slave} Executing stage: DestroyWrapper {enforceMemoryThrashHold=true, exitBenchmarkOnSlaveFailure=false, heapDumpDir=null, memoryThreshold=95, runOnAllSlaves=true, slaves=null, useSmartClassLoading=true }
 INFO  [pool-1-thread-1] {org.radargun.stages.DestroyWrapperStage} Received destroy cache wrapper request from master...
 INFO  [pool-1-thread-1] {org.radargun.stages.DestroyWrapperStage} No cache wrapper deployed on this slave, nothing to do.
 INFO  [pool-1-thread-1] {org.radargun.stages.DestroyWrapperStage} Before executing clear, memory looks like this: Memory - free: 2,928,638 kb - max:4,906,688 kb- total:2,944,000 kb
[Full GC 15361K->3631K(2944000K), 0.0610770 secs]
 INFO  [pool-1-thread-1] {org.radargun.stages.DestroyWrapperStage} After executing cleanup, memory looks like this: Memory - free: 2,935,311 kb - max:4,906,688 kb- total:2,944,064 kb
 INFO  [pool-1-thread-1] {org.radargun.Slave} Finished stage: DestroyWrapper {enforceMemoryThrashHold=true, exitBenchmarkOnSlaveFailure=false, heapDumpDir=null, memoryThreshold=95, runOnAllSlaves=true, slaves=null, useSmartClassLoading=true }
 INFO  [main] {org.radargun.Slave} Ack successfully sent to the master
 INFO  [pool-1-thread-1] {org.radargun.Slave} Executing stage: StartCluster {config=ispn52-repl-sync-rc.xml, delayAfterFirstSlaveStarts=5.000 secs, delayBetweenStartingSlaves=0.500 secs, exitBenchmarkOnSlaveFailure=true, expectNumSlaves=null, mayFailOn=null, reachable=null, runOnAllSlaves=false, slaves=null, staggerSlaveStartup=true, useSmartClassLoading=true, validateCluster=true }
 INFO  [pool-1-thread-1] {org.radargun.stages.StartClusterStage}  Startup staggering, starting 12 slaves. This is the slave with index 6. Sleeping for 8000 millis.
 INFO  [pool-1-thread-1] {org.radargun.stages.StartClusterStage} Ack master's StartCluster stage. Local address is: /127.0.0.1. This slave's index is: 6
 INFO  [pool-1-thread-1] {org.radargun.utils.ClassLoadHelper} Creating newInstance org.radargun.cachewrappers.FFWrapper with classloader java.net.URLClassLoader@3fbefe6e
 INFO  [pool-1-thread-1] {org.radargun.cachewrappers.FFWrapper} config=ispn52-repl-sync-rc.xml, isLocal=false, nodeIndex=6, confAttributes={name=ispn52-repl-sync-rc.xml, decorate=infinispan52}
 INFO  [pool-1-thread-1] {org.radargun.cachewrappers.FFWrapper} Found fenix framework config options in 'rg-fenix-framework-config-options.properties'.
 INFO  [pool-1-thread-1] {org.radargun.cachewrappers.FFWrapper} Setting extra config properties for Fenix Framework.
 INFO  [pool-1-thread-1] {org.radargun.cachewrappers.FFWrapper} Will initialize Fenix Framework with RadarGunDataGridConfig
 TRACE [pool-1-thread-1] {pt.ist.fenixframework.FenixFramework} Static initializer block for FenixFramework class [BEGIN]
 INFO  [pool-1-thread-1] {pt.ist.fenixframework.FenixFramework} Trying auto-initialization with configuration by convention
 INFO  [pool-1-thread-1] {pt.ist.fenixframework.FenixFramework} Resource 'fenix-framework.properties' not found
 DEBUG [pool-1-thread-1] {pt.ist.fenixframework.FenixFramework} Fenix Framework properties after reading default config file:{}
 DEBUG [pool-1-thread-1] {pt.ist.fenixframework.FenixFramework} CurrentBackEndName = jvstm-datagrid
 INFO  [pool-1-thread-1] {pt.ist.fenixframework.FenixFramework} Resource 'fenix-framework-jvstm-datagrid.properties' not found
 DEBUG [pool-1-thread-1] {pt.ist.fenixframework.FenixFramework} Fenix Framework properties after reading backend config file:{}
 DEBUG [pool-1-thread-1] {pt.ist.fenixframework.FenixFramework} Fenix Framework properties after enforcing system properties:{}
 INFO  [pool-1-thread-1] {pt.ist.fenixframework.FenixFramework} Skipping configuration by convention.
 TRACE [pool-1-thread-1] {pt.ist.fenixframework.FenixFramework} Static initializer block for FenixFramework class [END]
 INFO  [pool-1-thread-1] {pt.ist.fenixframework.FenixFramework} Initializing Fenix Framework with config.class=pt.ist.fenixframework.backend.jvstm.datagrid.radargun.RadarGunDataGridConfig
 INFO  [pool-1-thread-1] {pt.ist.fenixframework.backend.jvstm.cluster.JvstmClusterBackEnd} initializeGroupCommunication()
 INFO  [pool-1-thread-1] {com.hazelcast.config.ClasspathXmlConfig} Configuring Hazelcast from 'hazelcast-ff.xml'.
 INFO  [pool-1-thread-1] {com.hazelcast.instance.DefaultAddressPicker} Interfaces is disabled, trying to pick one address from TCP-IP config addresses: [127.0.0.1]
 INFO  [pool-1-thread-1] {com.hazelcast.instance.DefaultAddressPicker} Picked Address[127.0.0.1]:5707, using socket ServerSocket[addr=/0.0.0.0,localport=5707], bind any local is true
 INFO  [pool-1-thread-1] {com.hazelcast.system} [127.0.0.1]:5707 [FenixFrameworkGroup] Hazelcast Community Edition 3.0.2 (20130906) starting at Address[127.0.0.1]:5707
 INFO  [pool-1-thread-1] {com.hazelcast.system} [127.0.0.1]:5707 [FenixFrameworkGroup] Copyright (C) 2008-2013 Hazelcast.com
 INFO  [pool-1-thread-1] {com.hazelcast.instance.Node} [127.0.0.1]:5707 [FenixFrameworkGroup] Creating MulticastJoiner
 INFO  [pool-1-thread-1] {com.hazelcast.core.LifecycleService} [127.0.0.1]:5707 [FenixFrameworkGroup] Address[127.0.0.1]:5707 is STARTING
 INFO  [pool-1-thread-1] {com.hazelcast.cluster.TcpIpJoiner} [127.0.0.1]:5707 [FenixFrameworkGroup] Connecting to possible member: Address[127.0.0.1]:5703
 INFO  [pool-1-thread-1] {com.hazelcast.cluster.TcpIpJoiner} [127.0.0.1]:5707 [FenixFrameworkGroup] Connecting to possible member: Address[127.0.0.1]:5702
 INFO  [pool-1-thread-1] {com.hazelcast.cluster.TcpIpJoiner} [127.0.0.1]:5707 [FenixFrameworkGroup] Connecting to possible member: Address[127.0.0.1]:5701
 INFO  [hz._hzInstance_1_FenixFrameworkGroup.cached.thread-2] {com.hazelcast.nio.SocketConnector} [127.0.0.1]:5707 [FenixFrameworkGroup] Connecting to /127.0.0.1:5702, timeout: 0, bind-any: true
 INFO  [hz._hzInstance_1_FenixFrameworkGroup.cached.thread-1] {com.hazelcast.nio.SocketConnector} [127.0.0.1]:5707 [FenixFrameworkGroup] Connecting to /127.0.0.1:5701, timeout: 0, bind-any: true
 INFO  [hz._hzInstance_1_FenixFrameworkGroup.cached.thread-3] {com.hazelcast.nio.SocketConnector} [127.0.0.1]:5707 [FenixFrameworkGroup] Connecting to /127.0.0.1:5703, timeout: 0, bind-any: true
 INFO  [hz._hzInstance_1_FenixFrameworkGroup.cached.thread-3] {com.hazelcast.nio.TcpIpConnectionManager} [127.0.0.1]:5707 [FenixFrameworkGroup] 41014 accepted socket connection from /127.0.0.1:5703
 INFO  [hz._hzInstance_1_FenixFrameworkGroup.cached.thread-1] {com.hazelcast.nio.TcpIpConnectionManager} [127.0.0.1]:5707 [FenixFrameworkGroup] 42672 accepted socket connection from /127.0.0.1:5701
 INFO  [hz._hzInstance_1_FenixFrameworkGroup.cached.thread-2] {com.hazelcast.nio.TcpIpConnectionManager} [127.0.0.1]:5707 [FenixFrameworkGroup] 46674 accepted socket connection from /127.0.0.1:5702
 INFO  [hz._hzInstance_1_FenixFrameworkGroup.cached.thread-2] {com.hazelcast.cluster.ClusterService} [127.0.0.1]:5707 [FenixFrameworkGroup] 

Members [12] {
	Member [127.0.0.1]:5701
	Member [127.0.0.1]:5702
	Member [127.0.0.1]:5704
	Member [127.0.0.1]:5705
	Member [127.0.0.1]:5706
	Member [127.0.0.1]:5703
	Member [127.0.0.1]:5707 this
	Member [127.0.0.1]:5708
	Member [127.0.0.1]:5709
	Member [127.0.0.1]:5710
	Member [127.0.0.1]:5711
	Member [127.0.0.1]:5712
}

 INFO  [hz._hzInstance_1_FenixFrameworkGroup.IO.thread-Acceptor] {com.hazelcast.nio.SocketAcceptor} [127.0.0.1]:5707 [FenixFrameworkGroup] Accepting socket connection from /127.0.0.1:52566
 INFO  [hz._hzInstance_1_FenixFrameworkGroup.IO.thread-Acceptor] {com.hazelcast.nio.TcpIpConnectionManager} [127.0.0.1]:5707 [FenixFrameworkGroup] 5707 accepted socket connection from /127.0.0.1:52566
 INFO  [hz._hzInstance_1_FenixFrameworkGroup.IO.thread-Acceptor] {com.hazelcast.nio.SocketAcceptor} [127.0.0.1]:5707 [FenixFrameworkGroup] Accepting socket connection from /127.0.0.1:51728
 INFO  [hz._hzInstance_1_FenixFrameworkGroup.IO.thread-Acceptor] {com.hazelcast.nio.TcpIpConnectionManager} [127.0.0.1]:5707 [FenixFrameworkGroup] 5707 accepted socket connection from /127.0.0.1:51728
 INFO  [hz._hzInstance_1_FenixFrameworkGroup.IO.thread-Acceptor] {com.hazelcast.nio.SocketAcceptor} [127.0.0.1]:5707 [FenixFrameworkGroup] Accepting socket connection from /127.0.0.1:42332
 INFO  [hz._hzInstance_1_FenixFrameworkGroup.cached.thread-7] {com.hazelcast.nio.SocketConnector} [127.0.0.1]:5707 [FenixFrameworkGroup] Connecting to /127.0.0.1:5704, timeout: 0, bind-any: true
 INFO  [hz._hzInstance_1_FenixFrameworkGroup.IO.thread-Acceptor] {com.hazelcast.nio.TcpIpConnectionManager} [127.0.0.1]:5707 [FenixFrameworkGroup] 5707 accepted socket connection from /127.0.0.1:42332
 INFO  [hz._hzInstance_1_FenixFrameworkGroup.IO.thread-Acceptor] {com.hazelcast.nio.SocketAcceptor} [127.0.0.1]:5707 [FenixFrameworkGroup] Accepting socket connection from /127.0.0.1:42403
 INFO  [hz._hzInstance_1_FenixFrameworkGroup.cached.thread-7] {com.hazelcast.nio.TcpIpConnectionManager} [127.0.0.1]:5707 [FenixFrameworkGroup] 44350 accepted socket connection from /127.0.0.1:5704
 INFO  [hz._hzInstance_1_FenixFrameworkGroup.IO.thread-Acceptor] {com.hazelcast.nio.TcpIpConnectionManager} [127.0.0.1]:5707 [FenixFrameworkGroup] 5707 accepted socket connection from /127.0.0.1:42403
 INFO  [hz._hzInstance_1_FenixFrameworkGroup.cached.thread-7] {com.hazelcast.nio.SocketConnector} [127.0.0.1]:5707 [FenixFrameworkGroup] Connecting to /127.0.0.1:5705, timeout: 0, bind-any: true
 INFO  [hz._hzInstance_1_FenixFrameworkGroup.IO.thread-Acceptor] {com.hazelcast.nio.SocketAcceptor} [127.0.0.1]:5707 [FenixFrameworkGroup] Accepting socket connection from /127.0.0.1:35972
 INFO  [hz._hzInstance_1_FenixFrameworkGroup.cached.thread-7] {com.hazelcast.nio.TcpIpConnectionManager} [127.0.0.1]:5707 [FenixFrameworkGroup] 44665 accepted socket connection from /127.0.0.1:5705
 INFO  [hz._hzInstance_1_FenixFrameworkGroup.IO.thread-Acceptor] {com.hazelcast.nio.TcpIpConnectionManager} [127.0.0.1]:5707 [FenixFrameworkGroup] 5707 accepted socket connection from /127.0.0.1:35972
 INFO  [hz._hzInstance_1_FenixFrameworkGroup.IO.thread-Acceptor] {com.hazelcast.nio.SocketAcceptor} [127.0.0.1]:5707 [FenixFrameworkGroup] Accepting socket connection from /127.0.0.1:54785
 INFO  [hz._hzInstance_1_FenixFrameworkGroup.cached.thread-7] {com.hazelcast.nio.SocketConnector} [127.0.0.1]:5707 [FenixFrameworkGroup] Connecting to /127.0.0.1:5706, timeout: 0, bind-any: true
 INFO  [hz._hzInstance_1_FenixFrameworkGroup.cached.thread-7] {com.hazelcast.nio.TcpIpConnectionManager} [127.0.0.1]:5707 [FenixFrameworkGroup] 47856 accepted socket connection from /127.0.0.1:5706
 INFO  [hz._hzInstance_1_FenixFrameworkGroup.IO.thread-Acceptor] {com.hazelcast.nio.TcpIpConnectionManager} [127.0.0.1]:5707 [FenixFrameworkGroup] 5707 accepted socket connection from /127.0.0.1:54785
 INFO  [hz._hzInstance_1_FenixFrameworkGroup.cached.thread-5] {com.hazelcast.nio.SocketConnector} [127.0.0.1]:5707 [FenixFrameworkGroup] Connecting to /127.0.0.1:5708, timeout: 0, bind-any: true
 INFO  [hz._hzInstance_1_FenixFrameworkGroup.cached.thread-5] {com.hazelcast.nio.TcpIpConnectionManager} [127.0.0.1]:5707 [FenixFrameworkGroup] 46107 accepted socket connection from /127.0.0.1:5708
 INFO  [hz._hzInstance_1_FenixFrameworkGroup.IO.thread-Acceptor] {com.hazelcast.nio.SocketAcceptor} [127.0.0.1]:5707 [FenixFrameworkGroup] Accepting socket connection from /127.0.0.1:53733
 INFO  [hz._hzInstance_1_FenixFrameworkGroup.IO.thread-Acceptor] {com.hazelcast.nio.TcpIpConnectionManager} [127.0.0.1]:5707 [FenixFrameworkGroup] 5707 accepted socket connection from /127.0.0.1:53733
 INFO  [hz._hzInstance_1_FenixFrameworkGroup.IO.thread-Acceptor] {com.hazelcast.nio.SocketAcceptor} [127.0.0.1]:5707 [FenixFrameworkGroup] Accepting socket connection from /127.0.0.1:35710
 INFO  [hz._hzInstance_1_FenixFrameworkGroup.IO.thread-Acceptor] {com.hazelcast.nio.TcpIpConnectionManager} [127.0.0.1]:5707 [FenixFrameworkGroup] 5707 accepted socket connection from /127.0.0.1:35710
 INFO  [pool-1-thread-1] {com.hazelcast.core.LifecycleService} [127.0.0.1]:5707 [FenixFrameworkGroup] Address[127.0.0.1]:5707 is STARTED
 INFO  [pool-1-thread-1] {pt.ist.fenixframework.backend.jvstm.cluster.ClusterUtils} Got (long) serverId: 5
 INFO  [pool-1-thread-1] {pt.ist.fenixframework.backend.jvstm.cluster.JvstmClusterBackEnd} This is NOT the first node.
 INFO  [pool-1-thread-1] {pt.ist.fenixframework.backend.jvstm.cluster.ClusterUtils} Waiting for startup from first node
 INFO  [pool-1-thread-1] {pt.ist.fenixframework.backend.jvstm.JVSTMBackEnd} initializeRepository()
 INFO  [pool-1-thread-1] {pt.ist.fenixframework.backend.jvstm.datagrid.radargun.DataGridDecorator} config=ispn52-repl-sync-rc.xml, isLocal=false, nodeIndex=6, confAttributes={name=ispn52-repl-sync-rc.xml}
 INFO  [pool-1-thread-1] {org.radargun.cachewrappers.InfinispanXSWrapper} Cannot find any site for slave index 6
[GC 259695K->13534K(2944064K), 0.0435650 secs]
 INFO  [pool-1-thread-1] {org.infinispan.remoting.transport.jgroups.JGroupsTransport} ISPN000078: Starting JGroups Channel
 WARN  [pool-1-thread-1] {org.jgroups.protocols.UDP} [JGRP00014] the send buffer of socket DatagramSocket was set to 640KB, but the OS only allocated 229.38KB. This might lead to performance problems. Please set your max send buffer in the OS correctly (e.g. net.core.wmem_max on Linux)
 WARN  [pool-1-thread-1] {org.jgroups.protocols.UDP} [JGRP00014] the receive buffer of socket DatagramSocket was set to 20MB, but the OS only allocated 229.38KB. This might lead to performance problems. Please set your max receive buffer in the OS correctly (e.g. net.core.rmem_max on Linux)
 WARN  [pool-1-thread-1] {org.jgroups.protocols.UDP} [JGRP00014] the send buffer of socket MulticastSocket was set to 640KB, but the OS only allocated 229.38KB. This might lead to performance problems. Please set your max send buffer in the OS correctly (e.g. net.core.wmem_max on Linux)
 WARN  [pool-1-thread-1] {org.jgroups.protocols.UDP} [JGRP00014] the receive buffer of socket MulticastSocket was set to 25MB, but the OS only allocated 229.38KB. This might lead to performance problems. Please set your max receive buffer in the OS correctly (e.g. net.core.rmem_max on Linux)
 INFO  [pool-1-thread-1] {org.infinispan.remoting.transport.jgroups.JGroupsTransport} ISPN000094: Received new cluster view: [deimos-esw-38052|4] [deimos-esw-38052, deimos-esw-51174, deimos-esw-27097, deimos-esw-15831, deimos-esw-4404, deimos-esw-39163, deimos-esw-30685]
 INFO  [pool-1-thread-1] {org.infinispan.remoting.transport.jgroups.JGroupsTransport} ISPN000079: Cache local address is deimos-esw-39163, physical addresses are [127.0.0.1:52005]
 INFO  [pool-1-thread-1] {org.infinispan.factories.GlobalComponentRegistry} ISPN000128: Infinispan version: Infinispan 'Delirium' 5.2.6.Final
 INFO  [Incoming-3,deimos-esw-39163] {org.infinispan.remoting.transport.jgroups.JGroupsTransport} ISPN000094: Received new cluster view: [deimos-esw-38052|5] [deimos-esw-38052, deimos-esw-51174, deimos-esw-27097, deimos-esw-15831, deimos-esw-4404, deimos-esw-39163, deimos-esw-30685, deimos-esw-28161, deimos-esw-35830]
 INFO  [pool-1-thread-1] {org.infinispan.transaction.lookup.JBossStandaloneJTAManagerLookup} ISPN000107: Retrieving transaction manager Transaction: unknown
 INFO  [Incoming-3,deimos-esw-39163] {org.infinispan.remoting.transport.jgroups.JGroupsTransport} ISPN000094: Received new cluster view: [deimos-esw-38052|6] [deimos-esw-38052, deimos-esw-51174, deimos-esw-27097, deimos-esw-15831, deimos-esw-4404, deimos-esw-39163, deimos-esw-30685, deimos-esw-28161, deimos-esw-35830, deimos-esw-2996, deimos-esw-20120]
 INFO  [Incoming-3,deimos-esw-39163] {org.infinispan.remoting.transport.jgroups.JGroupsTransport} ISPN000094: Received new cluster view: [deimos-esw-38052|7] [deimos-esw-38052, deimos-esw-51174, deimos-esw-27097, deimos-esw-15831, deimos-esw-4404, deimos-esw-39163, deimos-esw-30685, deimos-esw-28161, deimos-esw-35830, deimos-esw-2996, deimos-esw-20120, deimos-esw-29201]
 INFO  [pool-1-thread-1] {org.infinispan.jmx.CacheJmxRegistration} ISPN000031: MBeans were successfully registered to the platform MBean server.
 INFO  [pool-1-thread-1] {org.radargun.cachewrappers.InfinispanXSWrapper} Using transaction manager: Transaction: unknown
 INFO  [pool-1-thread-1] {org.radargun.cachewrappers.InfinispanXSWrapper} No RELAY2 protocol in XS wrapper
 INFO  [pool-1-thread-1] {org.radargun.cachewrappers.InfinispanXSWrapper} JGroups version: JGroups 3.2.7.Final
 INFO  [pool-1-thread-1] {org.radargun.cachewrappers.InfinispanXSWrapper} Using config attributes: {name=ispn52-repl-sync-rc.xml}
 INFO  [pool-1-thread-1] {pt.ist.fenixframework.backend.jvstm.datagrid.DataGridRepository} Initialization marker is present. Data Grid already existed.
 INFO  [pool-1-thread-1] {pt.ist.fenixframework.backend.jvstm.JVSTMBackEnd} initializeDomainClassInfos
 INFO  [pool-1-thread-1] {pt.ist.fenixframework.backend.jvstm.pstm.DomainClassInfo} serverId: 5, serverOidBase: 5000000000000
 INFO  [pool-1-thread-1] {pt.ist.fenixframework.backend.jvstm.pstm.DomainClassInfo} Existing domain class 'pt.ist.fenixframework.adt.bplustree.BPlusTree' with id '7'
 INFO  [pool-1-thread-1] {pt.ist.fenixframework.backend.jvstm.pstm.DomainClassInfo} Existing domain class 'pt.ist.fenixframework.adt.bplustree.DomainLeafNode' with id '1'
 INFO  [pool-1-thread-1] {pt.ist.fenixframework.backend.jvstm.pstm.DomainClassInfo} Existing domain class 'pt.ist.fenixframework.adt.bplustree.InnerNodeArray' with id 'b'
 INFO  [pool-1-thread-1] {pt.ist.fenixframework.backend.jvstm.pstm.DomainClassInfo} Existing domain class 'pt.ist.fenixframework.backend.jvstm.pstm.FenixFrameworkData' with id 'd'
 INFO  [pool-1-thread-1] {pt.ist.fenixframework.backend.jvstm.pstm.DomainClassInfo} Existing domain class 'pt.ist.fenixframework.backend.jvstm.pstm.TransactionStatisticsEntry' with id '5'
 INFO  [pool-1-thread-1] {pt.ist.fenixframework.backend.jvstm.pstm.DomainClassInfo} Existing domain class 'pt.ist.fenixframework.adt.bplustree.DomainInnerNode' with id '3'
 INFO  [pool-1-thread-1] {pt.ist.fenixframework.backend.jvstm.pstm.DomainClassInfo} Existing domain class 'pt.ist.fenixframework.adt.bplustree.LeafNodeArray' with id 'c'
 INFO  [pool-1-thread-1] {pt.ist.fenixframework.backend.jvstm.pstm.DomainClassInfo} Existing domain class 'pt.ist.fenixframework.adt.bplustree.BPlusTreeArray' with id '2'
 INFO  [pool-1-thread-1] {pt.ist.fenixframework.backend.jvstm.pstm.DomainClassInfo} Existing domain class 'pt.ist.fenixframework.adt.bplustree.DomainBPlusTree' with id 'e'
 INFO  [pool-1-thread-1] {pt.ist.fenixframework.backend.jvstm.pstm.DomainClassInfo} Existing domain class 'pt.ist.fenixframework.DomainRoot' with id '0'
 INFO  [pool-1-thread-1] {pt.ist.fenixframework.backend.jvstm.pstm.DomainClassInfo} Existing domain class 'pt.ist.fenixframework.adt.bplustree.AbstractNode' with id 'f'
 INFO  [pool-1-thread-1] {pt.ist.fenixframework.backend.jvstm.pstm.DomainClassInfo} Existing domain class 'pt.ist.fenixframework.adt.linkedlist.ListNode' with id '6'
 INFO  [pool-1-thread-1] {pt.ist.fenixframework.backend.jvstm.pstm.DomainClassInfo} Existing domain class 'pt.ist.fenixframework.adt.bplustree.AbstractNodeArray' with id 'a'
 INFO  [pool-1-thread-1] {pt.ist.fenixframework.backend.jvstm.pstm.DomainClassInfo} Existing domain class 'pt.ist.fenixframework.adt.linkedlist.LinkedList' with id '9'
 INFO  [pool-1-thread-1] {pt.ist.fenixframework.backend.jvstm.pstm.DomainClassInfo} Existing domain class 'pt.ist.fenixframework.adt.bplustree.LeafNode' with id '4'
 INFO  [pool-1-thread-1] {pt.ist.fenixframework.backend.jvstm.pstm.DomainClassInfo} Existing domain class 'pt.ist.fenixframework.adt.bplustree.InnerNode' with id '8'
 INFO  [pool-1-thread-1] {pt.ist.fenixframework.backend.jvstm.JVSTMBackEnd} setupJVSTM
 INFO  [pool-1-thread-1] {pt.ist.fenixframework.backend.jvstm.JVSTMBackEnd} Setting the last committed TX number to 2
 INFO  [pool-1-thread-1] {pt.ist.fenixframework.backend.jvstm.JVSTMBackEnd} createDomainRootIfNeeded
 INFO  [pool-1-thread-1] {pt.ist.fenixframework.backend.jvstm.JVSTMBackEnd} ensureFenixFrameworkDataExists
 INFO  [pool-1-thread-1] {pt.ist.fenixframework.hibernatesearch.HibernateSearchConfig} Resource 'fenix-framework-hibernate-search.properties' not found. Hibernate Search disabled
 INFO  [pool-1-thread-1] {pt.ist.fenixframework.FenixFramework} Initialization of Fenix Framework is now complete.
 INFO  [pool-1-thread-1] {org.radargun.cachewrappers.FFWrapper} FF STARTED=true
 INFO  [pool-1-thread-1] {org.radargun.stages.helpers.StartHelper} Number of members is the one expected: 12
 INFO  [pool-1-thread-1] {org.radargun.stages.StartClusterStage} Successfully started cache wrapper on slave 6: org.radargun.cachewrappers.FFWrapper@2439a3a3
 INFO  [pool-1-thread-1] {org.radargun.Slave} Finished stage: StartCluster {config=ispn52-repl-sync-rc.xml, delayAfterFirstSlaveStarts=5.000 secs, delayBetweenStartingSlaves=0.500 secs, exitBenchmarkOnSlaveFailure=true, expectNumSlaves=null, mayFailOn=null, reachable=null, runOnAllSlaves=false, slaves=null, staggerSlaveStartup=true, useSmartClassLoading=true, validateCluster=true }
 INFO  [main] {org.radargun.Slave} Ack successfully sent to the master
 INFO  [pool-1-thread-1] {org.radargun.Slave} Executing stage: ClusterValidation {exitBenchmarkOnSlaveFailure=false, partialReplication=false, replicationTimeSleep=2000, replicationTryCount=60, runOnAllSlaves=false, slaves=null, useSmartClassLoading=true }
 INFO  [pool-1-thread-1] {org.radargun.stages.ClusterValidationStage} Number of caches that replicated here is 0
 INFO  [pool-1-thread-1] {org.radargun.stages.ClusterValidationStage} Replication test failed, 1 tries so far. Sleeping for 2 seconds and trying again.
 INFO  [pool-1-thread-1] {org.radargun.stages.ClusterValidationStage} Number of caches that replicated here is 11
 INFO  [pool-1-thread-1] {org.radargun.stages.ClusterValidationStage} Replication test successfully passed. partialReplication? false, replicationCount = 11
 INFO  [pool-1-thread-1] {org.radargun.stages.ClusterValidationStage} Confirm phase successful.
 INFO  [pool-1-thread-1] {org.radargun.Slave} Finished stage: ClusterValidation {exitBenchmarkOnSlaveFailure=false, partialReplication=false, replicationTimeSleep=2000, replicationTryCount=60, runOnAllSlaves=false, slaves=[ 0, 1, 2, 3, 4, 5, 6, 7, 8, 9, 10, 11 ], useSmartClassLoading=true }
 INFO  [main] {org.radargun.Slave} Ack successfully sent to the master
 INFO  [pool-1-thread-1] {org.radargun.Slave} Executing stage: StressTestWarmup {bulkSize=1, cacheSpecificKeyGenerator=false, commitTransactions=true, duration=1 mins 0 secs, entrySize=1000, exitBenchmarkOnSlaveFailure=false, fixedKeys=true, generateHistogramRange=false, keyGeneratorClass=org.radargun.stressors.StringKeyGenerator, keyGeneratorParam=null, loadAllKeys=false, numEntries=100, numOfThreads=4, numRequests=10000, numThreads=4, numberOfAttributes=100, numberOfRequests=10000, opsCountStatusLog=100000, poolKeys=true, preferAsyncOperations=false, removePercentage=0, replaceInvalidPercentage=40, runOnAllSlaves=false, sharedKeys=false, sizeOfAnAttribute=1000, slaves=null, transactionSize=50, useAtomics=false, useHistogramStatistics=false, useSimpleStatistics=true, useSmartClassLoading=true, useTransactions=null, writePercentage=20, writeTxPercentage=20 }
 INFO  [pool-1-thread-1] {org.radargun.stages.StressTestWarmupStage} Starting StressTestWarmupStage: StressTestWarmup {bulkSize=1, cacheSpecificKeyGenerator=false, commitTransactions=true, duration=1 mins 0 secs, entrySize=1000, exitBenchmarkOnSlaveFailure=false, fixedKeys=true, generateHistogramRange=false, keyGeneratorClass=org.radargun.stressors.StringKeyGenerator, keyGeneratorParam=null, loadAllKeys=false, numEntries=100, numOfThreads=4, numRequests=10000, numThreads=4, numberOfAttributes=100, numberOfRequests=10000, opsCountStatusLog=100000, poolKeys=true, preferAsyncOperations=false, removePercentage=0, replaceInvalidPercentage=40, runOnAllSlaves=false, sharedKeys=false, sizeOfAnAttribute=1000, slaves=null, transactionSize=50, useAtomics=false, useHistogramStatistics=false, useSimpleStatistics=true, useSmartClassLoading=true, useTransactions=null, writePercentage=20, writeTxPercentage=20 }
 INFO  [pool-1-thread-1] {org.radargun.stressors.StressTestStressor} Using key generator org.radargun.stressors.StringKeyGenerator, param null
 INFO  [pool-1-thread-1] {org.radargun.stressors.StressTestStressor} Executing: StressTestStressor{opsCountStatusLog=100000, numRequests=10000, numEntries=100, entrySize=1000, writePercentage=20, numThreads=4, cacheWrapper=org.radargun.cachewrappers.FFWrapper@2439a3a3, nodeIndex=6, useTransactions=true, transactionSize=50, commitTransactions=true, durationMillis=60000}
 INFO  [pool-1-thread-1] {org.radargun.stressors.StressTestStressor} Cache wrapper info is: FFWrapper using infinispan52
[GC 269598K->20520K(2944064K), 0.0535190 secs]
[GC 276584K->18750K(2944064K), 0.0378410 secs]
 INFO  [pool-1-thread-1] {org.radargun.stressors.StressTestStressor} Started 4 stressor threads.
 INFO  [Stressor-3] {org.radargun.stressors.StressTestStressor} Number of ops executed so far: 1. Elapsed time: 0.001 secs. Remaining: 59.999 secs. Total: 1 mins 0 secs
[GC 274814K->22861K(2944064K), 0.0358160 secs]
[GC 278925K->24391K(2944064K), 0.0389570 secs]
[GC 280455K->32532K(2944064K), 0.0372240 secs]
[GC 288596K->34874K(2944064K), 0.0409450 secs]
[GC 290938K->43208K(2944064K), 0.0414200 secs]
 INFO  [Stressor-0] {org.radargun.stressors.StressTestStressor} Number of ops executed so far: 26000. Elapsed time: 20.028 secs. Remaining: 39.972 secs. Total: 1 mins 0 secs
[GC 299272K->51754K(2944064K), 0.0460890 secs]
[GC 307818K->70128K(2944064K), 0.0439660 secs]
[GC 326192K->62681K(2944064K), 0.0460830 secs]
[GC 318745K->69729K(2944064K), 0.0484580 secs]
[GC 325793K->79424K(2944064K), 0.0504950 secs]
 INFO  [Stressor-2] {org.radargun.stressors.StressTestStressor} Number of ops executed so far: 76600. Elapsed time: 40.031 secs. Remaining: 19.969 secs. Total: 1 mins 0 secs
[GC 335488K->79815K(2944064K), 0.0502910 secs]
[GC 335879K->104579K(2944064K), 0.0551380 secs]
[GC 360643K->87119K(2944064K), 0.0671440 secs]
[GC 343183K->82525K(2944064K), 0.0607080 secs]
[GC 338589K->92192K(2944064K), 0.0555130 secs]
[GC 348256K->89519K(2944064K), 0.0562790 secs]
 INFO  [pool-1-thread-1] {org.radargun.stressors.StressTestStressor} Finished generating report. Test duration is: 1 mins 12 secs
 INFO  [pool-1-thread-1] {org.radargun.stages.StressTestWarmupStage} The warmup took: 72 seconds.
 INFO  [pool-1-thread-1] {org.radargun.Slave} Finished stage: StressTestWarmup {bulkSize=1, cacheSpecificKeyGenerator=false, commitTransactions=true, duration=1 mins 0 secs, entrySize=1000, exitBenchmarkOnSlaveFailure=false, fixedKeys=true, generateHistogramRange=false, keyGeneratorClass=org.radargun.stressors.StringKeyGenerator, keyGeneratorParam=null, loadAllKeys=false, numEntries=100, numOfThreads=4, numRequests=10000, numThreads=4, numberOfAttributes=100, numberOfRequests=10000, opsCountStatusLog=100000, poolKeys=true, preferAsyncOperations=false, removePercentage=0, replaceInvalidPercentage=40, runOnAllSlaves=false, sharedKeys=false, sizeOfAnAttribute=1000, slaves=null, transactionSize=50, useAtomics=false, useHistogramStatistics=false, useSimpleStatistics=true, useSmartClassLoading=true, useTransactions=null, writePercentage=20, writeTxPercentage=20 }
 INFO  [main] {org.radargun.Slave} Ack successfully sent to the master
[GC 345583K->86079K(2944064K), 0.0606960 secs]
[GC 342143K->84585K(2944064K), 0.0476540 secs]
[GC 340649K->100615K(2944064K), 0.0466650 secs]
[GC 356679K->87996K(2944064K), 0.0499440 secs]
[GC 344060K->102318K(2944064K), 0.0510950 secs]
[GC 358382K->90296K(2944064K), 0.0512990 secs]
[GC 346360K->79016K(2944064K), 0.0481940 secs]
[GC 335080K->81543K(2944064K), 0.0487620 secs]
[GC 337607K->81780K(2944064K), 0.0504850 secs]
[GC 337844K->94919K(2944064K), 0.0506200 secs]
[GC 350983K->99539K(2944064K), 0.0513120 secs]
[GC 355603K->93136K(2944064K), 0.0510030 secs]
[GC 349200K->108758K(2944064K), 0.0550950 secs]
[GC 364822K->114247K(2944064K), 0.0511970 secs]
[GC 370311K->107596K(2944064K), 0.0534010 secs]
[GC 363660K->124516K(2944064K), 0.0561770 secs]
[GC 380580K->129034K(2944064K), 0.0568310 secs]
[GC 385098K->144814K(2944064K), 0.0549760 secs]
[GC 400878K->168673K(2944064K), 0.0689340 secs]
 INFO  [pool-1-thread-1] {org.radargun.Slave} Executing stage: ClearClusterStage {ClearCluster {exitBenchmarkOnSlaveFailure=false, runOnAllSlaves=false, slaves=[ 0 ], useSmartClassLoading=true }
 INFO  [pool-1-thread-1] {org.radargun.stages.ClearClusterStage} Before executing clear, memory looks like this: Memory - free: 2,641,340 kb - max:4,906,688 kb- total:2,944,064 kb
[Full GC 302723K->137447K(2944064K), 0.6266270 secs]
 INFO  [pool-1-thread-1] {org.radargun.stages.ClearClusterStage} After executing cleanup, memory looks like this: Memory - free: 2,805,897 kb - max:4,906,688 kb- total:2,944,192 kb
 INFO  [pool-1-thread-1] {org.radargun.Slave} Finished stage: ClearClusterStage {ClearCluster {exitBenchmarkOnSlaveFailure=false, runOnAllSlaves=false, slaves=[ 0 ], useSmartClassLoading=true }
 INFO  [main] {org.radargun.Slave} Ack successfully sent to the master
 INFO  [pool-1-thread-1] {org.radargun.Slave} Executing stage: StressTest {bulkSize=1, cacheSpecificKeyGenerator=false, commitTransactions=true, duration=1 mins 0 secs, entrySize=1000, exitBenchmarkOnSlaveFailure=false, fixedKeys=true, generateHistogramRange=false, keyGeneratorClass=org.radargun.stressors.StringKeyGenerator, keyGeneratorParam=null, loadAllKeys=false, numEntries=10000, numOfThreads=4, numRequests=10000000, numThreads=4, numberOfAttributes=10000, numberOfRequests=10000000, opsCountStatusLog=500000, poolKeys=true, preferAsyncOperations=false, removePercentage=0, replaceInvalidPercentage=40, runOnAllSlaves=false, sharedKeys=false, sizeOfAnAttribute=1000, slaves=null, transactionSize=10000, useAtomics=false, useHistogramStatistics=false, useSimpleStatistics=true, useSmartClassLoading=true, useTransactions=true, writePercentage=1, writeTxPercentage=5 }
 INFO  [pool-1-thread-1] {org.radargun.stages.StressTestStage} Starting StressTestStage: StressTest {bulkSize=1, cacheSpecificKeyGenerator=false, commitTransactions=true, duration=1 mins 0 secs, entrySize=1000, exitBenchmarkOnSlaveFailure=false, fixedKeys=true, generateHistogramRange=false, keyGeneratorClass=org.radargun.stressors.StringKeyGenerator, keyGeneratorParam=null, loadAllKeys=false, numEntries=10000, numOfThreads=4, numRequests=10000000, numThreads=4, numberOfAttributes=10000, numberOfRequests=10000000, opsCountStatusLog=500000, poolKeys=true, preferAsyncOperations=false, removePercentage=0, replaceInvalidPercentage=40, runOnAllSlaves=false, sharedKeys=false, sizeOfAnAttribute=1000, slaves=null, transactionSize=10000, useAtomics=false, useHistogramStatistics=false, useSimpleStatistics=true, useSmartClassLoading=true, useTransactions=true, writePercentage=1, writeTxPercentage=5 }
 INFO  [pool-1-thread-1] {org.radargun.stressors.StressTestStressor} Using key generator org.radargun.stressors.StringKeyGenerator, param null
 INFO  [pool-1-thread-1] {org.radargun.stressors.StressTestStressor} Executing: StressTestStressor{opsCountStatusLog=500000, numRequests=10000000, numEntries=10000, entrySize=1000, writePercentage=1, numThreads=4, cacheWrapper=org.radargun.cachewrappers.FFWrapper@2439a3a3, nodeIndex=6, useTransactions=true, transactionSize=10000, commitTransactions=true, durationMillis=60000}
 INFO  [pool-1-thread-1] {org.radargun.stressors.StressTestStressor} Cache wrapper info is: FFWrapper using infinispan52
[GC 393575K->206496K(2944192K), 0.0288350 secs]
[GC 462624K->155313K(2944192K), 0.0294710 secs]
[GC 411441K->147820K(2944192K), 0.0416730 secs]
[GC 403948K->150922K(2944192K), 0.0411090 secs]
[GC 407050K->158089K(2944192K), 0.0444090 secs]
[GC 414217K->160093K(2944192K), 0.0499170 secs]
[GC 416221K->160825K(2944192K), 0.0505380 secs]
[GC 416953K->164792K(2944192K), 0.0477330 secs]
[GC 420920K->173996K(2944192K), 0.0409700 secs]
[GC 430124K->178763K(2944192K), 0.0414280 secs]
[GC 434891K->183864K(2944192K), 0.0509710 secs]
[GC 439992K->188707K(2944192K), 0.0447990 secs]
[GC 444835K->201726K(2944192K), 0.0490720 secs]
[GC 457854K->180495K(2944192K), 0.0457560 secs]
[GC 436623K->196133K(2944192K), 0.0452700 secs]
[GC 452261K->198468K(2944192K), 0.0604220 secs]
[GC 454596K->212485K(2944192K), 0.0503010 secs]
[GC 468613K->196186K(2944192K), 0.0497520 secs]
[GC 452314K->205461K(2944192K), 0.0530060 secs]
[GC 461589K->223948K(2944192K), 0.0544980 secs]
[GC 480076K->206933K(2944192K), 0.0497500 secs]
[GC 463061K->225829K(2944192K), 0.0577220 secs]
[GC 481957K->224714K(2944192K), 0.0517360 secs]
[GC 480842K->228407K(2944192K), 0.0491800 secs]
[GC 484535K->214989K(2944192K), 0.0489880 secs]
[GC 471117K->230631K(2944192K), 0.0492950 secs]
[GC 486759K->228879K(2944192K), 0.0486120 secs]
[GC 485007K->233840K(2944192K), 0.0497160 secs]
[GC 489968K->227691K(2944192K), 0.0534700 secs]
[GC 483819K->243429K(2944192K), 0.0567730 secs]
[GC 499557K->247649K(2944192K), 0.0529070 secs]
[GC 503777K->263312K(2944192K), 0.0556700 secs]
[GC 519440K->250141K(2944192K), 0.0522790 secs]
[GC 506269K->240256K(2944192K), 0.0520490 secs]
[GC 496384K->262318K(2944192K), 0.0520000 secs]
[GC 518446K->242990K(2944192K), 0.0534080 secs]
[GC 499118K->262567K(2944192K), 0.0544310 secs]
[GC 518695K->283081K(2944192K), 0.0525440 secs]
[GC 539209K->253362K(2944192K), 0.0540680 secs]
[GC 509490K->275877K(2944192K), 0.0528950 secs]
[GC 532005K->273703K(2944192K), 0.0575790 secs]
[GC 529831K->278819K(2944192K), 0.0599870 secs]
[GC 534947K->282895K(2944192K), 0.0582260 secs]
[GC 539023K->273795K(2944192K), 0.0625290 secs]
[GC 529923K->283987K(2944192K), 0.0531110 secs]
[GC 540115K->284733K(2944192K), 0.0536070 secs]
[GC 540861K->299512K(2944192K), 0.0527160 secs]
[GC 555640K->279202K(2944192K), 0.0560930 secs]
[GC 535330K->300486K(2944192K), 0.0542540 secs]
[GC 556614K->311701K(2944192K), 0.0567660 secs]
[GC 567829K->299436K(2944192K), 0.0553290 secs]
[GC 555564K->312828K(2944192K), 0.0552800 secs]
[GC 568956K->310647K(2944192K), 0.0587510 secs]
[GC 566775K->315253K(2944192K), 0.0555810 secs]
[GC 571381K->313185K(2944192K), 0.0515500 secs]
[GC 569313K->325498K(2944192K), 0.0542510 secs]
[GC 581626K->311998K(2944192K), 0.0567060 secs]
[GC 568126K->313366K(2944192K), 0.0582930 secs]
[GC 569494K->334561K(2944192K), 0.0614900 secs]
[GC 590689K->308528K(2944192K), 0.0623950 secs]
[GC 564656K->336808K(2944192K), 0.0559790 secs]
[GC 592936K->322080K(2944192K), 0.0579910 secs]
[GC 578208K->338915K(2944192K), 0.0589660 secs]
[GC 595043K->330064K(2944192K), 0.0549480 secs]
[GC 586192K->340999K(2944192K), 0.0521990 secs]
 INFO  [pool-1-thread-1] {org.radargun.stressors.StressTestStressor} Started 4 stressor threads.
 INFO  [Stressor-0] {org.radargun.stressors.StressTestStressor} Number of ops executed so far: 1. Elapsed time: 0.000 secs. Remaining: 1 mins 0 secs. Total: 1 mins 0 secs
[GC 597127K->341984K(2944192K), 0.0589620 secs]
[GC 598112K->345396K(2944192K), 0.0565020 secs]
[GC 601524K->382743K(2944192K), 0.0686130 secs]
[GC 638871K->360558K(2944192K), 0.0586340 secs]
[GC 616686K->357892K(2944192K), 0.0612700 secs]
[GC 614020K->370692K(2944192K), 0.0605020 secs]
[GC 626820K->383080K(2944192K), 0.0632490 secs]
[GC 639208K->399831K(2944192K), 0.0713810 secs]
[GC 655959K->387512K(2944192K), 0.0582020 secs]
[GC 643640K->386306K(2944192K), 0.0478680 secs]
[GC 642434K->392514K(2944192K), 0.0539970 secs]
[GC 648642K->387441K(2944192K), 0.0545390 secs]
[GC 643569K->397653K(2944192K), 0.0533560 secs]
[GC 653781K->410255K(2944192K), 0.0600870 secs]
[GC 666383K->419639K(2944192K), 0.0579040 secs]
[GC 675767K->413215K(2944192K), 0.0549010 secs]
[GC 669343K->405259K(2944192K), 0.0475460 secs]
[GC 661369K->416046K(2944192K), 0.0573500 secs]
[GC 672174K->434515K(2944192K), 0.0610430 secs]
 INFO  [Stressor-2] {org.radargun.stressors.StressTestStressor} Number of ops executed so far: 10180889. Elapsed time: 20.000 secs. Remaining: 40.000 secs. Total: 1 mins 0 secs
[GC 690643K->418745K(2944192K), 0.0457020 secs]
[GC 674873K->416465K(2944192K), 0.0508690 secs]
[GC 672593K->422353K(2944192K), 0.0531200 secs]
[GC 678481K->434051K(2944192K), 0.0495000 secs]
[GC 690179K->429822K(2944192K), 0.0592190 secs]
[GC 685950K->429362K(2944192K), 0.0503420 secs]
[GC 685490K->432426K(2944192K), 0.0571040 secs]
[GC 688554K->446728K(2944192K), 0.0638460 secs]
[GC 702856K->452719K(2944192K), 0.0608120 secs]
[GC 708847K->450086K(2944192K), 0.0565420 secs]
[GC 706214K->433892K(2944192K), 0.0489580 secs]
[GC 690020K->454416K(2944192K), 0.0547500 secs]
[GC 710544K->456502K(2944192K), 0.0748780 secs]
[GC 712630K->455387K(2944192K), 0.0487460 secs]
[GC 711515K->455688K(2944192K), 0.0528510 secs]
[GC 711816K->475786K(2944192K), 0.0540630 secs]
[GC 731914K->477188K(2944192K), 0.0637920 secs]
[GC 733316K->475216K(2944192K), 0.0551540 secs]
 INFO  [Stressor-2] {org.radargun.stressors.StressTestStressor} Number of ops executed so far: 20876694. Elapsed time: 40.000 secs. Remaining: 20.000 secs. Total: 1 mins 0 secs
[GC 731344K->460010K(2944192K), 0.0482540 secs]
[GC 716138K->465787K(2944192K), 0.0574600 secs]
[GC 721915K->483293K(2944192K), 0.0547060 secs]
[GC 739421K->512001K(2944192K), 0.0587550 secs]
[GC 768129K->465187K(2944192K), 0.0529820 secs]
[GC 721315K->471442K(2944192K), 0.0497030 secs]
[GC 727570K->497478K(2944192K), 0.0508430 secs]
[GC 753606K->495988K(2944192K), 0.0603910 secs]
[GC 752116K->522557K(2944192K), 0.0677530 secs]
[GC 778685K->499957K(2944192K), 0.0480860 secs]
[GC 756085K->504226K(2944192K), 0.0497500 secs]
[GC 760354K->506451K(2944192K), 0.0561970 secs]
[GC 762579K->521367K(2944192K), 0.0662780 secs]
[GC 777495K->515919K(2944192K), 0.0574030 secs]
[GC 772047K->494142K(2944192K), 0.0491140 secs]
[GC 750270K->518061K(2944192K), 0.0537180 secs]
[GC 774189K->522393K(2944192K), 0.0613950 secs]
[GC 778521K->525087K(2944192K), 0.0625630 secs]
[GC 781215K->502148K(2944192K), 0.0759920 secs]
[GC 758276K->515642K(2944192K), 0.0506690 secs]
 INFO  [Stressor-2] {org.radargun.stressors.StressTestStressor} Number of ops executed so far: 31785003. Elapsed time: 1 mins 0 secs. Remaining: 0.000 secs. Total: 1 mins 0 secs
 INFO  [pool-1-thread-1] {org.radargun.stressors.StressTestStressor} Finished generating report. Test duration is: 5 mins 9 secs
 INFO  [pool-1-thread-1] {org.radargun.stages.StressTestStage} size info: FFWrapper using infinispan52, clusterSize:12, nodeIndex:6, cacheSize: -1
 INFO  [pool-1-thread-1] {org.radargun.Slave} Finished stage: StressTest {bulkSize=1, cacheSpecificKeyGenerator=false, commitTransactions=true, duration=1 mins 0 secs, entrySize=1000, exitBenchmarkOnSlaveFailure=false, fixedKeys=true, generateHistogramRange=false, keyGeneratorClass=org.radargun.stressors.StringKeyGenerator, keyGeneratorParam=null, loadAllKeys=false, numEntries=10000, numOfThreads=4, numRequests=10000000, numThreads=4, numberOfAttributes=10000, numberOfRequests=10000000, opsCountStatusLog=500000, poolKeys=true, preferAsyncOperations=false, removePercentage=0, replaceInvalidPercentage=40, runOnAllSlaves=false, sharedKeys=false, sizeOfAnAttribute=1000, slaves=null, transactionSize=10000, useAtomics=false, useHistogramStatistics=false, useSimpleStatistics=true, useSmartClassLoading=true, useTransactions=true, writePercentage=1, writeTxPercentage=5 }
 INFO  [main] {org.radargun.Slave} Ack successfully sent to the master
[GC 771770K->526723K(2944192K), 0.0518040 secs]
[GC 782851K->531294K(2944192K), 0.0554430 secs]
[GC 787422K->536402K(2944192K), 0.0568700 secs]
[GC 792530K->524350K(2944192K), 0.0568680 secs]
[GC 780478K->508973K(2944192K), 0.0504390 secs]
[GC 765101K->504774K(2944192K), 0.0454470 secs]
[GC 760902K->501506K(2944192K), 0.0505980 secs]
[GC 757634K->505002K(2944192K), 0.0526470 secs]
[GC 761130K->507141K(2944192K), 0.0498410 secs]
[GC 763269K->507308K(2944192K), 0.0510180 secs]
[GC 763436K->509363K(2944192K), 0.0521220 secs]
[GC 765491K->502030K(2944192K), 0.0676380 secs]
[GC 758158K->503591K(2944192K), 0.0474220 secs]
[GC 759719K->502549K(2944192K), 0.0461990 secs]
[GC 758677K->509126K(2944192K), 0.0457700 secs]
[GC 765254K->509618K(2944192K), 0.0690440 secs]
[GC 765746K->511269K(2944192K), 0.0481470 secs]
[GC 767397K->512398K(2944192K), 0.0868520 secs]
[GC 768526K->513903K(2944192K), 0.0449420 secs]
[GC 770031K->515638K(2944192K), 0.0477690 secs]
[GC 771766K->517314K(2944192K), 0.0499860 secs]
[GC 773442K->518983K(2944192K), 0.0430110 secs]
[GC 775111K->520941K(2944192K), 0.0891140 secs]
[GC 777069K->522577K(2944192K), 0.0483400 secs]
[GC 778705K->524282K(2944192K), 0.0467300 secs]
[GC 780410K->525764K(2944192K), 0.0433410 secs]
[GC 781892K->527233K(2944192K), 0.0472100 secs]
[GC 783361K->528842K(2944192K), 0.1194590 secs]
[GC 784970K->530652K(2944192K), 0.0451960 secs]
[GC 786780K->544878K(2944192K), 0.0465020 secs]
[GC 801006K->542136K(2944192K), 0.0531640 secs]
[GC 798264K->558769K(2944192K), 0.0522860 secs]
[GC 814897K->576684K(2944192K), 0.0619230 secs]
[GC 832812K->593340K(2944192K), 0.1089290 secs]
[GC 849468K->582566K(2944192K), 0.0644270 secs]
[GC 838694K->612900K(2944192K), 0.0682000 secs]
[GC 869028K->626149K(2944192K), 0.0801970 secs]
[GC 882277K->592398K(2944192K), 0.0783840 secs]
[GC 848526K->613309K(2944192K), 0.0699740 secs]
[GC 869437K->638442K(2944192K), 0.0711120 secs]
[GC 894570K->645916K(2944192K), 0.0690010 secs]
[GC 902044K->654507K(2944192K), 0.0732780 secs]
[GC 910635K->663538K(2944192K), 0.0728630 secs]
[GC 919666K->670991K(2944192K), 0.0676190 secs]
[GC 927119K->680154K(2944192K), 0.0710400 secs]
[GC 936282K->671088K(2944192K), 0.0673260 secs]
[GC 927216K->678423K(2944192K), 0.0541750 secs]
[GC 934551K->677280K(2944192K), 0.0554930 secs]
[GC 933408K->678388K(2944192K), 0.0532280 secs]
[GC 934516K->680054K(2944192K), 0.0554400 secs]
[GC 936182K->681842K(2944192K), 0.0561650 secs]
[GC 937970K->683461K(2944192K), 0.0574710 secs]
[GC 939589K->661619K(2944192K), 0.0653430 secs]
[GC 917747K->685906K(2944192K), 0.0543920 secs]
[GC 942034K->685387K(2944192K), 0.0543800 secs]
[GC 941515K->681036K(2944192K), 0.0634250 secs]
[GC 937164K->669641K(2944192K), 0.0592740 secs]
[GC 925769K->672314K(2944192K), 0.0541290 secs]
[GC 928442K->674592K(2944192K), 0.0525850 secs]
[GC 930720K->672721K(2944192K), 0.0479400 secs]
[GC 928849K->671803K(2944192K), 0.0416560 secs]
[GC 927931K->680171K(2944192K), 0.0412650 secs]
[GC 936299K->671462K(2944192K), 0.0394240 secs]
[GC 927590K->678397K(2944192K), 0.0401110 secs]
[GC 934525K->677326K(2944192K), 0.0395710 secs]
[GC 933454K->683845K(2944192K), 0.0401800 secs]
[GC 939973K->676080K(2944192K), 0.0411110 secs]
[GC 932208K->683584K(2944192K), 0.0400320 secs]
[GC 939712K->682495K(2944192K), 0.0371850 secs]
[GC 938623K->684177K(2944192K), 0.0429430 secs]
[GC 940305K->685570K(2944192K), 0.0408350 secs]
[GC 941698K->686965K(2944192K), 0.0407390 secs]
[GC 943093K->688218K(2944192K), 0.0412660 secs]
[GC 944346K->689440K(2944192K), 0.0403100 secs]
[GC 945568K->695284K(2944192K), 0.0397370 secs]
[GC 951412K->690074K(2944192K), 0.0454730 secs]
[GC 946202K->694964K(2944192K), 0.0394060 secs]
[GC 951092K->694114K(2944192K), 0.0389490 secs]
[GC 950242K->695949K(2944192K), 0.0419060 secs]
[GC 952077K->692674K(2944192K), 0.0427710 secs]
[GC 948802K->693983K(2944192K), 0.0401880 secs]
[GC 950111K->700139K(2944192K), 0.0391460 secs]
[GC 956267K->701613K(2944192K), 0.0389190 secs]
[GC 957741K->697989K(2944192K), 0.0449060 secs]
[GC 954117K->704065K(2944192K), 0.0406870 secs]
[GC 960193K->710506K(2944192K), 0.0384420 secs]
[GC 966634K->702020K(2944192K), 0.0398230 secs]
[GC 958148K->714945K(2944192K), 0.0399080 secs]
[GC 971073K->707079K(2944192K), 0.0464580 secs]
[GC 963207K->712821K(2944192K), 0.0428010 secs]
[GC 968949K->711946K(2944192K), 0.0425740 secs]
[GC 968074K->713890K(2944192K), 0.0412480 secs]
[GC 970018K->710405K(2944192K), 0.0447140 secs]
[GC 966533K->717073K(2944192K), 0.0446570 secs]
[GC 973201K->718438K(2944192K), 0.0440250 secs]
[GC 974566K->719661K(2944192K), 0.0458660 secs]
[GC 975789K->721184K(2944192K), 0.0442020 secs]
[GC 977312K->722632K(2944192K), 0.0422660 secs]
[GC 978760K->719077K(2944192K), 0.0500640 secs]
[GC 975205K->731242K(2944192K), 0.0414490 secs]
[GC 987370K->721949K(2944192K), 0.0486330 secs]
[GC 978077K->730251K(2944192K), 0.0437020 secs]
[GC 986379K->724005K(2944192K), 0.0438380 secs]
[GC 980133K->736634K(2944192K), 0.0415110 secs]
[GC 992762K->727539K(2944192K), 0.0460080 secs]
[GC 983667K->736340K(2944192K), 0.0420680 secs]
[GC 992468K->740239K(2944192K), 0.0415980 secs]
[GC 996367K->735005K(2944192K), 0.0416910 secs]
[GC 991133K->735883K(2944192K), 0.0442330 secs]
[GC 992011K->745232K(2944192K), 0.0428310 secs]
[GC 1001360K->736420K(2944192K), 0.0439270 secs]
[GC 992548K->740369K(2944192K), 0.0482600 secs]
[GC 996497K->743996K(2944192K), 0.0439450 secs]
[GC 1000124K->746091K(2944192K), 0.0436710 secs]
[GC 1002219K->753199K(2944192K), 0.0451050 secs]
[GC 1009327K->743796K(2944192K), 0.0436450 secs]
[GC 999924K->753017K(2944192K), 0.0442830 secs]
[GC 1009145K->751670K(2944192K), 0.0421840 secs]
[GC 1007798K->753466K(2944192K), 0.0460330 secs]
[GC 1009594K->760776K(2944192K), 0.0445100 secs]
[GC 1016904K->751254K(2944192K), 0.0427470 secs]
[GC 1007382K->760539K(2944192K), 0.0428700 secs]
[GC 1016667K->759211K(2944192K), 0.0438730 secs]
[GC 1015339K->761007K(2944192K), 0.0453440 secs]
[GC 1017135K->768156K(2944192K), 0.0438620 secs]
[GC 1024284K->758509K(2944192K), 0.0426820 secs]
[GC 1014637K->762634K(2944192K), 0.0465350 secs]
[GC 1018762K->766671K(2944192K), 0.0460850 secs]
[GC 1022799K->768870K(2944192K), 0.0443970 secs]
[GC 1024998K->775956K(2944192K), 0.0426870 secs]
[GC 1032084K->766226K(2944192K), 0.0459520 secs]
[GC 1022354K->780730K(2944192K), 0.0449780 secs]
[GC 1036858K->768399K(2944192K), 0.0426390 secs]
[GC 1024527K->778667K(2944192K), 0.0456000 secs]
[GC 1034795K->777622K(2944192K), 0.0424880 secs]
[GC 1033750K->785382K(2944192K), 0.0431090 secs]
[GC 1041510K->775445K(2944192K), 0.0431100 secs]
[GC 1031573K->789967K(2944192K), 0.0432440 secs]
[GC 1046095K->777523K(2944192K), 0.0459200 secs]
[GC 1033651K->792930K(2944192K), 0.0491840 secs]
[GC 1049058K->784047K(2944192K), 0.0433190 secs]
[GC 1040175K->795496K(2944192K), 0.0420990 secs]
[GC 1051624K->786678K(2944192K), 0.0435410 secs]
[GC 1042806K->793307K(2944192K), 0.0459580 secs]
[GC 1049435K->797843K(2944192K), 0.0442440 secs]
[GC 1053971K->788723K(2944192K), 0.0417340 secs]
[GC 1044851K->802991K(2944192K), 0.0447450 secs]
[GC 1059119K->790456K(2944192K), 0.0483950 secs]
[GC 1046584K->800354K(2944192K), 0.0428320 secs]
[GC 1056482K->804753K(2944192K), 0.0414400 secs]
[GC 1060881K->795821K(2944192K), 0.0429250 secs]
[GC 1051949K->810236K(2944192K), 0.0458790 secs]
[GC 1066364K->798012K(2944192K), 0.0418170 secs]
[GC 1054140K->812809K(2944192K), 0.0488120 secs]
[GC 1068937K->800800K(2944192K), 0.0489730 secs]
[GC 1056928K->810765K(2944192K), 0.0417890 secs]
[GC 1066893K->804206K(2944192K), 0.0435880 secs]
[GC 1060334K->811921K(2944192K), 0.0448820 secs]
[GC 1068049K->819083K(2944192K), 0.0440510 secs]
[GC 1075211K->809183K(2944192K), 0.0446670 secs]
[GC 1065311K->818213K(2944192K), 0.0432080 secs]
[GC 1074341K->822311K(2944192K), 0.0471470 secs]
[GC 1078439K->813388K(2944192K), 0.0433030 secs]
[GC 1069516K->827860K(2944192K), 0.0436760 secs]
[GC 1083988K->819041K(2944192K), 0.0493720 secs]
[GC 1075169K->830067K(2944192K), 0.0454880 secs]
[GC 1086195K->818110K(2944192K), 0.0421560 secs]
[GC 1074238K->833044K(2944192K), 0.0629300 secs]
[GC 1089172K->824462K(2944192K), 0.0505110 secs]
[GC 1080590K->826167K(2944192K), 0.0457510 secs]
[GC 1082295K->829930K(2944192K), 0.0451440 secs]
[GC 1086058K->831847K(2944192K), 0.0417270 secs]
[GC 1087975K->833497K(2944192K), 0.0440760 secs]
[GC 1089625K->829498K(2944192K), 0.0431800 secs]
[GC 1085626K->831020K(2944192K), 0.0453870 secs]
[GC 1087148K->837993K(2944192K), 0.0409460 secs]
[GC 1094121K->839494K(2944192K), 0.0443840 secs]
[GC 1095622K->846266K(2944192K), 0.0436120 secs]
[GC 1102394K->836606K(2944192K), 0.0447240 secs]
[GC 1092734K->845438K(2944192K), 0.0449910 secs]
[GC 1101566K->849571K(2944192K), 0.0788430 secs]
[GC 1105699K->840734K(2944192K), 0.0448540 secs]
[GC 1096862K->854932K(2944192K), 0.0451480 secs]
[GC 1111060K->842724K(2944192K), 0.0443720 secs]
[GC 1098852K->857266K(2944192K), 0.0485880 secs]
[GC 1113394K->845615K(2944192K), 0.0419500 secs]
[GC 1101743K->860602K(2944192K), 0.0414630 secs]
[GC 1116730K->848743K(2944192K), 0.0407270 secs]
[GC 1104871K->858422K(2944192K), 0.0456820 secs]
[GC 1114550K->857181K(2944192K), 0.0479630 secs]
[GC 1113309K->859345K(2944192K), 0.0434970 secs]
[GC 1115473K->861111K(2944192K), 0.0415670 secs]
[GC 1117239K->857131K(2944192K), 0.0453070 secs]
[GC 1113259K->858693K(2944192K), 0.0431000 secs]
[GC 1114821K->860151K(2944192K), 0.0445530 secs]
[GC 1116279K->861375K(2944192K), 0.0420380 secs]
[GC 1117503K->862875K(2944192K), 0.0466130 secs]
[GC 1119003K->864322K(2944192K), 0.0415580 secs]
[GC 1120450K->865873K(2944192K), 0.0448850 secs]
[GC 1122001K->872998K(2944192K), 0.0410020 secs]
[GC 1129126K->874267K(2944192K), 0.0470440 secs]
[GC 1130395K->875466K(2944192K), 0.0451970 secs]
[GC 1131594K->876927K(2944192K), 0.0411550 secs]
[GC 1133055K->878470K(2944192K), 0.0406500 secs]
[GC 1134598K->885677K(2944192K), 0.0428060 secs]
[GC 1141805K->875983K(2944192K), 0.0462070 secs]
[GC 1132111K->889928K(2944192K), 0.0412650 secs]
[GC 1146056K->880901K(2944192K), 0.0434190 secs]
[GC 1137029K->887192K(2944192K), 0.0465430 secs]
[GC 1143320K->886094K(2944192K), 0.0432950 secs]
[GC 1142222K->888299K(2944192K), 0.0445490 secs]
[GC 1144427K->889935K(2944192K), 0.0394930 secs]
[GC 1146063K->885885K(2944192K), 0.0439690 secs]
[GC 1142013K->887207K(2944192K), 0.0433700 secs]
[GC 1143335K->894371K(2944192K), 0.0431290 secs]
[GC 1150499K->895939K(2944192K), 0.0413960 secs]
[GC 1152067K->891929K(2944192K), 0.0435690 secs]
[GC 1148057K->899175K(2944192K), 0.0453220 secs]
[GC 1155303K->894981K(2944192K), 0.0424650 secs]
[GC 1151109K->896087K(2944192K), 0.0430860 secs]
[GC 1152215K->897576K(2944192K), 0.0434930 secs]
[GC 1153704K->904832K(2944192K), 0.0443530 secs]
[GC 1160960K->900762K(2944192K), 0.0419270 secs]
[GC 1156890K->907915K(2944192K), 0.0413430 secs]
[GC 1164043K->903673K(2944192K), 0.0482390 secs]
[GC 1159801K->904909K(2944192K), 0.0441020 secs]
[GC 1161037K->906511K(2944192K), 0.0419900 secs]
[GC 1162639K->913692K(2944192K), 0.0459970 secs]
[GC 1169820K->915202K(2944192K), 0.0429780 secs]
[GC 1171330K->910918K(2944192K), 0.0469680 secs]
[GC 1167046K->912421K(2944192K), 0.0443810 secs]
[GC 1168549K->919345K(2944192K), 0.0460870 secs]
[GC 1175473K->915111K(2944192K), 0.0492160 secs]
[GC 1171239K->916642K(2944192K), 0.0407130 secs]
[GC 1172770K->923628K(2944192K), 0.0417440 secs]
[GC 1179756K->925377K(2944192K), 0.0421480 secs]
[GC 1181505K->921292K(2944192K), 0.0421670 secs]
[GC 1177420K->922628K(2944192K), 0.0465130 secs]
[GC 1178756K->929732K(2944192K), 0.0451730 secs]
[GC 1185860K->925609K(2944192K), 0.0460740 secs]
[GC 1181737K->932927K(2944192K), 0.0409600 secs]
[GC 1189055K->934416K(2944192K), 0.0427420 secs]
[GC 1190544K->930113K(2944192K), 0.0482800 secs]
[GC 1186241K->931277K(2944192K), 0.0448770 secs]
[GC 1187405K->932805K(2944192K), 0.0457470 secs]
[GC 1188933K->939883K(2944192K), 0.0429320 secs]
[GC 1196011K->941325K(2944192K), 0.0425200 secs]
[GC 1197453K->942917K(2944192K), 0.0438920 secs]
[GC 1199045K->938590K(2944192K), 0.0455490 secs]
[GC 1194718K->939945K(2944192K), 0.0444220 secs]
[GC 1196073K->941413K(2944192K), 0.0439710 secs]
[GC 1197541K->948211K(2944192K), 0.0429330 secs]
[GC 1204339K->944120K(2944192K), 0.0433270 secs]
[GC 1200248K->945591K(2944192K), 0.0426160 secs]
[GC 1201719K->947083K(2944192K), 0.0438550 secs]
[GC 1203211K->948303K(2944192K), 0.0465260 secs]
[GC 1204431K->960482K(2944192K), 0.0430150 secs]
[GC 1216610K->951089K(2944192K), 0.0411330 secs]
[GC 1207217K->964727K(2944192K), 0.0397100 secs]
[GC 1220855K->956266K(2944192K), 0.0472620 secs]
[GC 1212394K->962763K(2944192K), 0.0460270 secs]
[GC 1218891K->966887K(2944192K), 0.0427350 secs]
[GC 1223015K->957890K(2944192K), 0.0466730 secs]
[GC 1214018K->971703K(2944192K), 0.0421250 secs]
[GC 1227831K->960063K(2944192K), 0.0420420 secs]
[GC 1216191K->974716K(2944192K), 0.0469570 secs]
[GC 1230844K->963054K(2944192K), 0.0435420 secs]
[GC 1219182K->972890K(2944192K), 0.0478200 secs]
[GC 1229018K->971597K(2944192K), 0.0458140 secs]
[GC 1227725K->973766K(2944192K), 0.0416270 secs]
[GC 1229894K->980906K(2944192K), 0.0421630 secs]
[GC 1237034K->971397K(2944192K), 0.0458730 secs]
[GC 1227525K->980577K(2944192K), 0.0484960 secs]
[GC 1236705K->979251K(2944192K), 0.0494810 secs]
[GC 1235379K->981135K(2944192K), 0.0404000 secs]
[GC 1237263K->982683K(2944192K), 0.0422890 secs]
[GC 1238811K->984437K(2944192K), 0.0416520 secs]
[GC 1240565K->980456K(2944192K), 0.0454740 secs]
[GC 1236584K->982085K(2944192K), 0.0475780 secs]
[GC 1238213K->988991K(2944192K), 0.0438650 secs]
[GC 1245119K->984639K(2944192K), 0.0440120 secs]
[GC 1240767K->986115K(2944192K), 0.0410860 secs]
[GC 1242243K->998781K(2944192K), 0.0485490 secs]
[GC 1254909K->1010053K(2944192K), 0.0501700 secs]
[GC 1266181K->1024936K(2944192K), 0.0561030 secs]
[GC 1281064K->1040217K(2944192K), 0.0601130 secs]
[GC 1296345K->1043118K(2944192K), 0.0623950 secs]
[GC 1299120K->1068863K(2944192K), 0.0697470 secs]
[GC 1324991K->1047555K(2944192K), 0.0690160 secs]
[GC 1303683K->1072813K(2944192K), 0.0753430 secs]
[GC 1328941K->1105672K(2944192K), 0.0793600 secs]
[GC 1361800K->1077519K(2944192K), 0.0864160 secs]
[GC 1333647K->1117616K(2944192K), 0.0749370 secs]
[GC 1373744K->1083550K(2944192K), 0.0704750 secs]
[GC 1339678K->1128391K(2944192K), 0.0699550 secs]
[GC 1384519K->1097378K(2944192K), 0.0755960 secs]
[GC 1353506K->1130813K(2944192K), 0.0664250 secs]
[GC 1386941K->1102159K(2944192K), 0.0584130 secs]
[GC 1358287K->1139944K(2944192K), 0.0605620 secs]
[GC 1396072K->1110398K(2944192K), 0.0623730 secs]
[GC 1366526K->1141252K(2944192K), 0.0606340 secs]
[GC 1397380K->1105939K(2944192K), 0.0649490 secs]
[GC 1362067K->1145216K(2944192K), 0.0653510 secs]
[GC 1401344K->1109198K(2944192K), 0.0648520 secs]
[GC 1365326K->1144288K(2944192K), 0.0708880 secs]
[GC 1400416K->1115299K(2944192K), 0.0599270 secs]
[GC 1371427K->1117891K(2944192K), 0.0684570 secs]
[GC 1374019K->1112389K(2944192K), 0.0614040 secs]
[GC 1368517K->1114088K(2944192K), 0.0621370 secs]
[GC 1370216K->1118827K(2944192K), 0.0618830 secs]
[GC 1374955K->1121525K(2944192K), 0.0551790 secs]
[GC 1377653K->1115369K(2944192K), 0.0445750 secs]
[GC 1371497K->1120973K(2944192K), 0.0461800 secs]
[GC 1377101K->1127719K(2944192K), 0.0466710 secs]
[GC 1383847K->1129093K(2944192K), 0.0428440 secs]
[GC 1385221K->1124636K(2944192K), 0.0448140 secs]
[GC 1380764K->1132337K(2944192K), 0.0435980 secs]
[GC 1388465K->1133890K(2944192K), 0.0471630 secs]
[GC 1390018K->1141890K(2944192K), 0.0436690 secs]
[GC 1398018K->1131130K(2944192K), 0.0508090 secs]
[GC 1387258K->1146252K(2944192K), 0.0434890 secs]
[GC 1402380K->1132938K(2944192K), 0.0455750 secs]
[GC 1389066K->1143898K(2944192K), 0.0501140 secs]
[GC 1400026K->1142412K(2944192K), 0.0440540 secs]
[GC 1398540K->1138705K(2944192K), 0.0530250 secs]
[GC 1394833K->1146609K(2944192K), 0.0435100 secs]
[GC 1402737K->1148147K(2944192K), 0.0427720 secs]
[GC 1404275K->1143566K(2944192K), 0.0453770 secs]
[GC 1399694K->1151379K(2944192K), 0.0489080 secs]
[GC 1407507K->1153210K(2944192K), 0.0410500 secs]
[GC 1409338K->1154489K(2944192K), 0.0459110 secs]
[GC 1410617K->1150139K(2944192K), 0.0478210 secs]
[GC 1406267K->1157913K(2944192K), 0.0432580 secs]
[GC 1414041K->1159253K(2944192K), 0.0477100 secs]
[GC 1415381K->1167201K(2944192K), 0.0464540 secs]
[GC 1423329K->1156677K(2944192K), 0.0438520 secs]
[GC 1412805K->1166823K(2944192K), 0.0483790 secs]
[GC 1422951K->1171216K(2944192K), 0.0521270 secs]
[GC 1427344K->1161361K(2944192K), 0.0466760 secs]
[GC 1417489K->1177421K(2944192K), 0.0468160 secs]
[GC 1433549K->1167473K(2944192K), 0.0469450 secs]
[GC 1423601K->1180109K(2944192K), 0.0446850 secs]
[GC 1436237K->1170654K(2944192K), 0.0479600 secs]
[GC 1426782K->1187487K(2944192K), 0.0527160 secs]
[GC 1443615K->1204201K(2944192K), 0.0547210 secs]
[GC 1460329K->1219477K(2944192K), 0.0634890 secs]
[GC 1475605K->1234580K(2944192K), 0.0639590 secs]
[GC 1490708K->1249806K(2944192K), 0.0707550 secs]
[GC 1505934K->1227245K(2944192K), 0.0712310 secs]
[GC 1483373K->1270428K(2944192K), 0.0781090 secs]
[GC 1526556K->1249846K(2944192K), 0.0777890 secs]
[GC 1505974K->1281231K(2944192K), 0.0845550 secs]
[GC 1537359K->1258039K(2944192K), 0.0797280 secs]
[GC 1514167K->1290421K(2944192K), 0.0721830 secs]
[GC 1546549K->1273384K(2944192K), 0.0713840 secs]
[GC 1529512K->1280189K(2944192K), 0.0678850 secs]
[GC 1536317K->1290680K(2944192K), 0.0605230 secs]
[GC 1546808K->1306954K(2944192K), 0.0634360 secs]
[GC 1563082K->1277248K(2944192K), 0.0640360 secs]
[GC 1533376K->1310115K(2944192K), 0.0707280 secs]
[GC 1566243K->1280650K(2944192K), 0.0585720 secs]
[GC 1536778K->1317043K(2944192K), 0.0611630 secs]
[GC 1573171K->1281322K(2944192K), 0.0609260 secs]
[GC 1537450K->1286996K(2944192K), 0.0662600 secs]
[GC 1543124K->1316874K(2944192K), 0.0640860 secs]
[GC 1573002K->1297725K(2944192K), 0.0683830 secs]
[GC 1553853K->1293328K(2944192K), 0.0649400 secs]
[GC 1549456K->1289392K(2944192K), 0.0646220 secs]
[GC 1545520K->1291382K(2944192K), 0.0576500 secs]
[GC 1547510K->1292083K(2944192K), 0.0519630 secs]
[GC 1548211K->1295719K(2944192K), 0.0471460 secs]
[GC 1551847K->1296011K(2944192K), 0.0507300 secs]
[GC 1552139K->1297625K(2944192K), 0.0544310 secs]
[GC 1553753K->1313829K(2944192K), 0.0470370 secs]
[GC 1569957K->1301467K(2944192K), 0.0467720 secs]
[GC 1557595K->1319343K(2944192K), 0.0559300 secs]
[GC 1575441K->1308299K(2944192K), 0.0506680 secs]
[GC 1564427K->1329511K(2944192K), 0.0617030 secs]
[GC 1585639K->1349801K(2944192K), 0.0625010 secs]
[GC 1605929K->1367706K(2944192K), 0.1011120 secs]
[GC 1623834K->1384224K(2944192K), 0.0755270 secs]
[GC 1640352K->1371638K(2944192K), 0.0781030 secs]
[GC 1627766K->1414024K(2944192K), 0.0887920 secs]
[GC 1414994K(2944192K), 0.0492120 secs]
[GC 1670152K->1385532K(2944192K), 0.0894700 secs]
[GC 1435588K(2944192K), 0.0443310 secs]
[GC 1382323K->1171544K(2944192K), 0.0790530 secs]
[GC 1427672K->1139284K(2944192K), 0.0772000 secs]
[GC 1395347K->1189185K(2944192K), 0.0818270 secs]
[GC 1445313K->1157007K(2944192K), 0.0767350 secs]
[GC 1413135K->1172974K(2944192K), 0.0700010 secs]
[GC 1429093K->1201732K(2944192K), 0.0750490 secs]
[GC 1457860K->1175551K(2944192K), 0.0891200 secs]
[GC 1431679K->1209755K(2944192K), 0.0951110 secs]
[GC 1465883K->1237063K(2944192K), 0.0860830 secs]
[GC 1493129K->1214181K(2944192K), 0.0870350 secs]
[GC 1470309K->1256766K(2944192K), 0.0830610 secs]
[GC 1512894K->1231342K(2944192K), 0.0955930 secs]
[GC 1487470K->1283221K(2944192K), 0.0906510 secs]
[GC 1539349K->1255648K(2944192K), 0.0939380 secs]
[GC 1511734K->1307584K(2944192K), 0.1044120 secs]
[GC 1563712K->1286635K(2944192K), 0.0959390 secs]
[GC 1542763K->1341697K(2944192K), 0.1010240 secs]
[GC 1597825K->1313995K(2944192K), 0.0994670 secs]
[GC 1570123K->1350501K(2944192K), 0.0959710 secs]
[GC 1606629K->1334960K(2944192K), 0.0898980 secs]
[GC 1591088K->1369723K(2944192K), 0.0814670 secs]
[GC 1625851K->1391877K(2944192K), 0.1019090 secs]
[GC 1648005K->1367229K(2944192K), 0.0862700 secs]
[GC 1623357K->1349468K(2944192K), 0.0774030 secs]
[GC 1605596K->1391700K(2944192K), 0.0644970 secs]
[GC 1647828K->1364485K(2944192K), 0.0694230 secs]
[GC 1620613K->1403607K(2944192K), 0.0818980 secs]
[GC 1659735K->1420523K(2944192K), 0.0981850 secs]
[GC 1676651K->1445162K(2944192K), 0.0902580 secs]
[GC 1701290K->1424178K(2944192K), 0.0876330 secs]
[GC 1680306K->1465699K(2944192K), 0.0828560 secs]
[GC 1721822K->1450656K(2944192K), 0.0929810 secs]
[GC 1706784K->1477970K(2944192K), 0.0781510 secs]
[GC 1734098K->1489661K(2944192K), 0.0773890 secs]
[GC 1745789K->1525880K(2944192K), 0.0801880 secs]
[GC 1782008K->1498194K(2944192K), 0.0816040 secs]
[GC 1754322K->1551294K(2944192K), 0.0839660 secs]
[GC 1807422K->1549235K(2944192K), 0.0941800 secs]
[GC 1805363K->1579558K(2944192K), 0.0934510 secs]
[GC 1835686K->1595704K(2944192K), 0.0970800 secs]
[GC 1851658K->1574080K(2944192K), 0.1009060 secs]
[GC 1830208K->1618442K(2944192K), 0.0875690 secs]
[GC 1874570K->1638791K(2944192K), 0.0963080 secs]
[GC 1894919K->1659189K(2944192K), 0.0874330 secs]
[GC 1915309K->1656831K(2944192K), 0.0934680 secs]
[GC 1912959K->1672552K(2944192K), 0.0864180 secs]
[GC 1928504K->1687009K(2944192K), 0.0834780 secs]
[GC 1943137K->1739986K(2944192K), 0.0877520 secs]
[GC 1996057K->1744616K(2944192K), 0.1120330 secs]
[GC 2000712K->1791433K(2944192K), 0.0912220 secs]
[GC 2047517K->1815027K(2944192K), 0.1021110 secs]
[GC 2071155K->1816981K(2944192K), 0.1040330 secs]
[GC 2073109K->1843637K(2944192K), 0.1009830 secs]
[GC 2099765K->1890481K(2944192K), 0.1074820 secs]
[GC 2146609K->1915824K(2944192K), 0.1087560 secs]
[GC 2171952K->1920574K(2944192K), 0.1091090 secs]
 INFO  [main] {org.radargun.Slave} Master shutdown!
 INFO  [Thread-0] {org.radargun.ShutDownHook} Slave process is being shutdown
 INFO  [hz._hzInstance_1_FenixFrameworkGroup.IO.thread-in-1] {com.hazelcast.nio.TcpIpConnection} [127.0.0.1]:5707 [FenixFrameworkGroup] Connection [Address[127.0.0.1]:5701] lost. Reason: java.io.EOFException[Remote socket closed!]
 INFO  [hz._hzInstance_1_FenixFrameworkGroup.IO.thread-in-1] {com.hazelcast.nio.TcpIpConnection} [127.0.0.1]:5707 [FenixFrameworkGroup] Connection [Address[127.0.0.1]:5704] lost. Reason: java.io.EOFException[Remote socket closed!]
 INFO  [hz._hzInstance_1_FenixFrameworkGroup.IO.thread-in-2] {com.hazelcast.nio.TcpIpConnection} [127.0.0.1]:5707 [FenixFrameworkGroup] Connection [Address[127.0.0.1]:5705] lost. Reason: java.io.EOFException[Remote socket closed!]
 INFO  [hz._hzInstance_1_FenixFrameworkGroup.IO.thread-in-0] {com.hazelcast.nio.TcpIpConnection} [127.0.0.1]:5707 [FenixFrameworkGroup] Connection [Address[127.0.0.1]:5704] lost. Reason: java.io.EOFException[Remote socket closed!]
 INFO  [hz.ShutdownThread] {com.hazelcast.nio.TcpIpConnection} [127.0.0.1]:5707 [FenixFrameworkGroup] Connection [Address[127.0.0.1]:5708] lost. Reason: Socket explicitly closed
 INFO  [hz._hzInstance_1_FenixFrameworkGroup.IO.thread-in-0] {com.hazelcast.nio.TcpIpConnection} [127.0.0.1]:5707 [FenixFrameworkGroup] Connection [Address[127.0.0.1]:5709] lost. Reason: java.io.EOFException[Remote socket closed!]
 INFO  [hz.ShutdownThread] {com.hazelcast.nio.TcpIpConnection} [127.0.0.1]:5707 [FenixFrameworkGroup] Connection [Address[127.0.0.1]:5706] lost. Reason: Socket explicitly closed
 INFO  [hz.ShutdownThread] {com.hazelcast.nio.TcpIpConnection} [127.0.0.1]:5707 [FenixFrameworkGroup] Connection [Address[127.0.0.1]:5711] lost. Reason: Socket explicitly closed
 INFO  [hz.ShutdownThread] {com.hazelcast.nio.TcpIpConnection} [127.0.0.1]:5707 [FenixFrameworkGroup] Connection [Address[127.0.0.1]:5702] lost. Reason: Socket explicitly closed
 INFO  [hz.ShutdownThread] {com.hazelcast.nio.TcpIpConnection} [127.0.0.1]:5707 [FenixFrameworkGroup] Connection [Address[127.0.0.1]:5712] lost. Reason: Socket explicitly closed
 INFO  [hz.ShutdownThread] {com.hazelcast.nio.TcpIpConnection} [127.0.0.1]:5707 [FenixFrameworkGroup] Connection [Address[127.0.0.1]:5710] lost. Reason: Socket explicitly closed
 INFO  [hz.ShutdownThread] {com.hazelcast.nio.TcpIpConnection} [127.0.0.1]:5707 [FenixFrameworkGroup] Connection [Address[127.0.0.1]:5703] lost. Reason: Socket explicitly closed
 INFO  [hz._hzInstance_1_FenixFrameworkGroup.IO.thread-in-2] {com.hazelcast.nio.TcpIpConnection} [127.0.0.1]:5707 [FenixFrameworkGroup] Connection [Address[127.0.0.1]:5705] lost. Reason: java.io.EOFException[Remote socket closed!]
 INFO  [hz.ShutdownThread] {com.hazelcast.nio.TcpIpConnection} [127.0.0.1]:5707 [FenixFrameworkGroup] Connection [Address[127.0.0.1]:5708] lost. Reason: Socket explicitly closed
 INFO  [hz.ShutdownThread] {com.hazelcast.nio.TcpIpConnection} [127.0.0.1]:5707 [FenixFrameworkGroup] Connection [Address[127.0.0.1]:5706] lost. Reason: Socket explicitly closed
 INFO  [hz.ShutdownThread] {com.hazelcast.initializer} [127.0.0.1]:5707 [FenixFrameworkGroup] Destroying node initializer.
 INFO  [hz.ShutdownThread] {com.hazelcast.instance.Node} [127.0.0.1]:5707 [FenixFrameworkGroup] Hazelcast Shutdown is completed in 53 ms.
