/usr/java/jdk1.7.0_21/bin/java -server -Xmx1024M -Xms1024M -Dresolve.dns=false -Djgroups.timer.num_threads=4 -verbose:gc -Xmx5000M -Xms3000M -server -XX:+UseConcMarkSweepGC -XX:+AggressiveOpts -verbose:gc -XX:ParallelGCThreads=4 -XX:NewRatio=5 -XX:SurvivorRatio=2 -Dhazelcast.operation.thread.count=4 -Djava.net.preferIPv4Stack=true -Dlog4j.file.prefix=deimos-esw-19892 -Dbind.address= -Djgroups.bind_addr= -classpath /home/smf/github/radargun/target/distribution/RadarGun-1.1.0-SNAPSHOT/lib/activation-1.1.jar:/home/smf/github/radargun/target/distribution/RadarGun-1.1.0-SNAPSHOT/lib/commons-beanutils-1.8.0.jar:/home/smf/github/radargun/target/distribution/RadarGun-1.1.0-SNAPSHOT/lib/commons-digester-2.0.jar:/home/smf/github/radargun/target/distribution/RadarGun-1.1.0-SNAPSHOT/lib/commons-logging-1.1.1.jar:/home/smf/github/radargun/target/distribution/RadarGun-1.1.0-SNAPSHOT/lib/commons-math-1.2.jar:/home/smf/github/radargun/target/distribution/RadarGun-1.1.0-SNAPSHOT/lib/jboss-transaction-api-1.0.1.GA.jar:/home/smf/github/radargun/target/distribution/RadarGun-1.1.0-SNAPSHOT/lib/jcommon-1.0.15.jar:/home/smf/github/radargun/target/distribution/RadarGun-1.1.0-SNAPSHOT/lib/jfreechart-1.0.12.jar:/home/smf/github/radargun/target/distribution/RadarGun-1.1.0-SNAPSHOT/lib/log4j-1.2.14.jar:/home/smf/github/radargun/target/distribution/RadarGun-1.1.0-SNAPSHOT/lib/mail-1.4.2.jar:/home/smf/github/radargun/target/distribution/RadarGun-1.1.0-SNAPSHOT/lib/radargun-framework-1.1.0-SNAPSHOT.jar:/home/smf/github/radargun/target/distribution/RadarGun-1.1.0-SNAPSHOT/conf org.radargun.Slave -master 127.0.0.1:2103
--------------------------------------------------------------------------------
PerNodeRollingFileAppender::Using file prefix:deimos-esw-19892
 INFO  [main] {org.radargun.Slave} Attempting to connect to master 127.0.0.1:2103
 INFO  [main] {org.radargun.Slave} Successfully established connection with master at: 127.0.0.1:2103
Loading JARS from /home/smf/github/radargun/target/distribution/RadarGun-1.1.0-SNAPSHOT/lib/radargun-framework-1.1.0-SNAPSHOT.jar
 INFO  [pool-1-thread-1] {org.radargun.config.AnnotatedHelper} Loading JARS from /home/smf/github/radargun/target/distribution/RadarGun-1.1.0-SNAPSHOT/lib/radargun-framework-1.1.0-SNAPSHOT.jar
 INFO  [pool-1-thread-1] {org.radargun.config.AnnotatedHelper} Loading JARS from /home/smf/github/radargun/target/distribution/RadarGun-1.1.0-SNAPSHOT/lib/radargun-framework-1.1.0-SNAPSHOT.jar
 INFO  [pool-1-thread-1] {org.radargun.Slave} Executing stage: DestroyWrapper {enforceMemoryThrashHold=true, exitBenchmarkOnSlaveFailure=false, heapDumpDir=null, memoryThreshold=95, runOnAllSlaves=true, slaves=null, useSmartClassLoading=true }
 INFO  [pool-1-thread-1] {org.radargun.stages.DestroyWrapperStage} Received destroy cache wrapper request from master...
 INFO  [pool-1-thread-1] {org.radargun.stages.DestroyWrapperStage} No cache wrapper deployed on this slave, nothing to do.
 INFO  [pool-1-thread-1] {org.radargun.stages.DestroyWrapperStage} Before executing clear, memory looks like this: Memory - free: 2,928,638 kb - max:4,906,688 kb- total:2,944,000 kb
[Full GC 15361K->3631K(2944000K), 0.0608810 secs]
 INFO  [pool-1-thread-1] {org.radargun.stages.DestroyWrapperStage} After executing cleanup, memory looks like this: Memory - free: 2,935,311 kb - max:4,906,688 kb- total:2,944,064 kb
 INFO  [pool-1-thread-1] {org.radargun.Slave} Finished stage: DestroyWrapper {enforceMemoryThrashHold=true, exitBenchmarkOnSlaveFailure=false, heapDumpDir=null, memoryThreshold=95, runOnAllSlaves=true, slaves=null, useSmartClassLoading=true }
 INFO  [main] {org.radargun.Slave} Ack successfully sent to the master
 INFO  [pool-1-thread-1] {org.radargun.Slave} Executing stage: StartCluster {config=hzl3-repl-sync.xml, delayAfterFirstSlaveStarts=5.000 secs, delayBetweenStartingSlaves=0.500 secs, exitBenchmarkOnSlaveFailure=true, expectNumSlaves=null, mayFailOn=null, reachable=null, runOnAllSlaves=false, slaves=null, staggerSlaveStartup=true, useSmartClassLoading=true, validateCluster=true }
 INFO  [pool-1-thread-1] {org.radargun.stages.StartClusterStage}  Startup staggering, starting 12 slaves. This is the slave with index 7. Sleeping for 8500 millis.
 INFO  [pool-1-thread-1] {org.radargun.stages.StartClusterStage} Ack master's StartCluster stage. Local address is: /127.0.0.1. This slave's index is: 7
 INFO  [pool-1-thread-1] {org.radargun.utils.ClassLoadHelper} Creating newInstance org.radargun.cachewrappers.FFWrapper with classloader java.net.URLClassLoader@60c90207
 INFO  [pool-1-thread-1] {org.radargun.cachewrappers.FFWrapper} config=hzl3-repl-sync.xml, isLocal=false, nodeIndex=7, confAttributes={name=hzl3-repl-sync.xml, decorate=hazelcast3}
 INFO  [pool-1-thread-1] {org.radargun.cachewrappers.FFWrapper} Found fenix framework config options in 'rg-fenix-framework-config-options.properties'.
 INFO  [pool-1-thread-1] {org.radargun.cachewrappers.FFWrapper} Setting extra config properties for Fenix Framework.
 INFO  [pool-1-thread-1] {org.radargun.cachewrappers.FFWrapper} Will initialize Fenix Framework with RadarGunDataGridConfig
 TRACE [pool-1-thread-1] {pt.ist.fenixframework.FenixFramework} Static initializer block for FenixFramework class [BEGIN]
 INFO  [pool-1-thread-1] {pt.ist.fenixframework.FenixFramework} Trying auto-initialization with configuration by convention
 INFO  [pool-1-thread-1] {pt.ist.fenixframework.FenixFramework} Resource 'fenix-framework.properties' not found
 DEBUG [pool-1-thread-1] {pt.ist.fenixframework.FenixFramework} Fenix Framework properties after reading default config file:{}
 DEBUG [pool-1-thread-1] {pt.ist.fenixframework.FenixFramework} CurrentBackEndName = jvstm-datagrid
 INFO  [pool-1-thread-1] {pt.ist.fenixframework.FenixFramework} Resource 'fenix-framework-jvstm-datagrid.properties' not found
 DEBUG [pool-1-thread-1] {pt.ist.fenixframework.FenixFramework} Fenix Framework properties after reading backend config file:{}
 DEBUG [pool-1-thread-1] {pt.ist.fenixframework.FenixFramework} Fenix Framework properties after enforcing system properties:{}
 INFO  [pool-1-thread-1] {pt.ist.fenixframework.FenixFramework} Skipping configuration by convention.
 TRACE [pool-1-thread-1] {pt.ist.fenixframework.FenixFramework} Static initializer block for FenixFramework class [END]
 INFO  [pool-1-thread-1] {pt.ist.fenixframework.FenixFramework} Initializing Fenix Framework with config.class=pt.ist.fenixframework.backend.jvstm.datagrid.radargun.RadarGunDataGridConfig
 INFO  [pool-1-thread-1] {pt.ist.fenixframework.backend.jvstm.cluster.JvstmClusterBackEnd} initializeGroupCommunication()
 INFO  [pool-1-thread-1] {com.hazelcast.config.ClasspathXmlConfig} Configuring Hazelcast from 'hazelcast-ff.xml'.
 INFO  [pool-1-thread-1] {com.hazelcast.instance.DefaultAddressPicker} Interfaces is disabled, trying to pick one address from TCP-IP config addresses: [127.0.0.1]
 INFO  [pool-1-thread-1] {com.hazelcast.instance.DefaultAddressPicker} Picked Address[127.0.0.1]:5709, using socket ServerSocket[addr=/0.0.0.0,localport=5709], bind any local is true
 INFO  [pool-1-thread-1] {com.hazelcast.system} [127.0.0.1]:5709 [FenixFrameworkGroup] Hazelcast Community Edition 3.0.2 (20130906) starting at Address[127.0.0.1]:5709
 INFO  [pool-1-thread-1] {com.hazelcast.system} [127.0.0.1]:5709 [FenixFrameworkGroup] Copyright (C) 2008-2013 Hazelcast.com
 INFO  [pool-1-thread-1] {com.hazelcast.instance.Node} [127.0.0.1]:5709 [FenixFrameworkGroup] Creating MulticastJoiner
 INFO  [pool-1-thread-1] {com.hazelcast.core.LifecycleService} [127.0.0.1]:5709 [FenixFrameworkGroup] Address[127.0.0.1]:5709 is STARTING
 INFO  [pool-1-thread-1] {com.hazelcast.cluster.TcpIpJoiner} [127.0.0.1]:5709 [FenixFrameworkGroup] Connecting to possible member: Address[127.0.0.1]:5703
 INFO  [pool-1-thread-1] {com.hazelcast.cluster.TcpIpJoiner} [127.0.0.1]:5709 [FenixFrameworkGroup] Connecting to possible member: Address[127.0.0.1]:5702
 INFO  [pool-1-thread-1] {com.hazelcast.cluster.TcpIpJoiner} [127.0.0.1]:5709 [FenixFrameworkGroup] Connecting to possible member: Address[127.0.0.1]:5701
 INFO  [hz._hzInstance_1_FenixFrameworkGroup.cached.thread-3] {com.hazelcast.nio.SocketConnector} [127.0.0.1]:5709 [FenixFrameworkGroup] Connecting to /127.0.0.1:5703, timeout: 0, bind-any: true
 INFO  [hz._hzInstance_1_FenixFrameworkGroup.cached.thread-1] {com.hazelcast.nio.SocketConnector} [127.0.0.1]:5709 [FenixFrameworkGroup] Connecting to /127.0.0.1:5701, timeout: 0, bind-any: true
 INFO  [hz._hzInstance_1_FenixFrameworkGroup.cached.thread-2] {com.hazelcast.nio.SocketConnector} [127.0.0.1]:5709 [FenixFrameworkGroup] Connecting to /127.0.0.1:5702, timeout: 0, bind-any: true
 INFO  [hz._hzInstance_1_FenixFrameworkGroup.cached.thread-2] {com.hazelcast.nio.TcpIpConnectionManager} [127.0.0.1]:5709 [FenixFrameworkGroup] 39976 accepted socket connection from /127.0.0.1:5702
 INFO  [hz._hzInstance_1_FenixFrameworkGroup.cached.thread-3] {com.hazelcast.nio.TcpIpConnectionManager} [127.0.0.1]:5709 [FenixFrameworkGroup] 38247 accepted socket connection from /127.0.0.1:5703
 INFO  [hz._hzInstance_1_FenixFrameworkGroup.cached.thread-1] {com.hazelcast.nio.TcpIpConnectionManager} [127.0.0.1]:5709 [FenixFrameworkGroup] 59498 accepted socket connection from /127.0.0.1:5701
 INFO  [hz._hzInstance_1_FenixFrameworkGroup.IO.thread-in-1] {com.hazelcast.nio.TcpIpConnection} [127.0.0.1]:5709 [FenixFrameworkGroup] Connection [Address[127.0.0.1]:5702] lost. Reason: java.io.EOFException[Remote socket closed!]
 WARN  [hz._hzInstance_1_FenixFrameworkGroup.IO.thread-in-1] {com.hazelcast.nio.ReadHandler} [127.0.0.1]:5709 [FenixFrameworkGroup] hz._hzInstance_1_FenixFrameworkGroup.IO.thread-in-1 Closing socket to endpoint Address[127.0.0.1]:5702, Cause:java.io.EOFException: Remote socket closed!
 INFO  [hz._hzInstance_1_FenixFrameworkGroup.cached.thread-5] {com.hazelcast.cluster.ClusterService} [127.0.0.1]:5709 [FenixFrameworkGroup] 

Members [12] {
	Member [127.0.0.1]:5701
	Member [127.0.0.1]:5703
	Member [127.0.0.1]:5704
	Member [127.0.0.1]:5705
	Member [127.0.0.1]:5706
	Member [127.0.0.1]:5707
	Member [127.0.0.1]:5708
	Member [127.0.0.1]:5709 this
	Member [127.0.0.1]:5710
	Member [127.0.0.1]:5711
	Member [127.0.0.1]:5712
	Member [127.0.0.1]:5713
}

 INFO  [hz._hzInstance_1_FenixFrameworkGroup.cached.thread-4] {com.hazelcast.nio.SocketConnector} [127.0.0.1]:5709 [FenixFrameworkGroup] Connecting to /127.0.0.1:5704, timeout: 0, bind-any: true
 INFO  [hz._hzInstance_1_FenixFrameworkGroup.cached.thread-4] {com.hazelcast.nio.TcpIpConnectionManager} [127.0.0.1]:5709 [FenixFrameworkGroup] 50774 accepted socket connection from /127.0.0.1:5704
 INFO  [hz._hzInstance_1_FenixFrameworkGroup.cached.thread-4] {com.hazelcast.nio.SocketConnector} [127.0.0.1]:5709 [FenixFrameworkGroup] Connecting to /127.0.0.1:5705, timeout: 0, bind-any: true
 INFO  [hz._hzInstance_1_FenixFrameworkGroup.cached.thread-1] {com.hazelcast.nio.SocketConnector} [127.0.0.1]:5709 [FenixFrameworkGroup] Connecting to /127.0.0.1:5706, timeout: 0, bind-any: true
 INFO  [hz._hzInstance_1_FenixFrameworkGroup.cached.thread-4] {com.hazelcast.nio.TcpIpConnectionManager} [127.0.0.1]:5709 [FenixFrameworkGroup] 41856 accepted socket connection from /127.0.0.1:5705
 INFO  [hz._hzInstance_1_FenixFrameworkGroup.cached.thread-1] {com.hazelcast.nio.TcpIpConnectionManager} [127.0.0.1]:5709 [FenixFrameworkGroup] 56594 accepted socket connection from /127.0.0.1:5706
 INFO  [hz._hzInstance_1_FenixFrameworkGroup.cached.thread-9] {com.hazelcast.nio.SocketConnector} [127.0.0.1]:5709 [FenixFrameworkGroup] Connecting to /127.0.0.1:5707, timeout: 0, bind-any: true
 INFO  [hz._hzInstance_1_FenixFrameworkGroup.cached.thread-7] {com.hazelcast.nio.SocketConnector} [127.0.0.1]:5709 [FenixFrameworkGroup] Connecting to /127.0.0.1:5708, timeout: 0, bind-any: true
 INFO  [hz._hzInstance_1_FenixFrameworkGroup.cached.thread-7] {com.hazelcast.nio.TcpIpConnectionManager} [127.0.0.1]:5709 [FenixFrameworkGroup] 46632 accepted socket connection from /127.0.0.1:5708
 INFO  [hz._hzInstance_1_FenixFrameworkGroup.IO.thread-Acceptor] {com.hazelcast.nio.SocketAcceptor} [127.0.0.1]:5709 [FenixFrameworkGroup] Accepting socket connection from /127.0.0.1:58525
 INFO  [hz._hzInstance_1_FenixFrameworkGroup.cached.thread-7] {com.hazelcast.nio.SocketConnector} [127.0.0.1]:5709 [FenixFrameworkGroup] Connecting to /127.0.0.1:5710, timeout: 0, bind-any: true
 INFO  [hz._hzInstance_1_FenixFrameworkGroup.cached.thread-9] {com.hazelcast.nio.TcpIpConnectionManager} [127.0.0.1]:5709 [FenixFrameworkGroup] 35670 accepted socket connection from /127.0.0.1:5707
 INFO  [hz._hzInstance_1_FenixFrameworkGroup.IO.thread-Acceptor] {com.hazelcast.nio.TcpIpConnectionManager} [127.0.0.1]:5709 [FenixFrameworkGroup] 5709 accepted socket connection from /127.0.0.1:58525
 INFO  [hz._hzInstance_1_FenixFrameworkGroup.cached.thread-14] {com.hazelcast.nio.SocketConnector} [127.0.0.1]:5709 [FenixFrameworkGroup] Connecting to /127.0.0.1:5711, timeout: 0, bind-any: true
 INFO  [hz._hzInstance_1_FenixFrameworkGroup.cached.thread-7] {com.hazelcast.nio.TcpIpConnectionManager} [127.0.0.1]:5709 [FenixFrameworkGroup] 54843 accepted socket connection from /127.0.0.1:5710
 INFO  [hz._hzInstance_1_FenixFrameworkGroup.IO.thread-Acceptor] {com.hazelcast.nio.SocketAcceptor} [127.0.0.1]:5709 [FenixFrameworkGroup] Accepting socket connection from /127.0.0.1:49483
 INFO  [hz._hzInstance_1_FenixFrameworkGroup.cached.thread-8] {com.hazelcast.nio.SocketConnector} [127.0.0.1]:5709 [FenixFrameworkGroup] Connecting to /127.0.0.1:5713, timeout: 0, bind-any: true
 INFO  [hz._hzInstance_1_FenixFrameworkGroup.cached.thread-14] {com.hazelcast.nio.TcpIpConnectionManager} [127.0.0.1]:5709 [FenixFrameworkGroup] 38477 accepted socket connection from /127.0.0.1:5711
 INFO  [hz._hzInstance_1_FenixFrameworkGroup.IO.thread-Acceptor] {com.hazelcast.nio.TcpIpConnectionManager} [127.0.0.1]:5709 [FenixFrameworkGroup] 5709 accepted socket connection from /127.0.0.1:49483
 INFO  [hz._hzInstance_1_FenixFrameworkGroup.IO.thread-Acceptor] {com.hazelcast.nio.SocketAcceptor} [127.0.0.1]:5709 [FenixFrameworkGroup] Accepting socket connection from /127.0.0.1:46542
 INFO  [hz._hzInstance_1_FenixFrameworkGroup.cached.thread-8] {com.hazelcast.nio.TcpIpConnectionManager} [127.0.0.1]:5709 [FenixFrameworkGroup] 52272 accepted socket connection from /127.0.0.1:5713
 INFO  [hz._hzInstance_1_FenixFrameworkGroup.cached.thread-10] {com.hazelcast.nio.SocketConnector} [127.0.0.1]:5709 [FenixFrameworkGroup] Connecting to /127.0.0.1:5712, timeout: 0, bind-any: true
 INFO  [hz._hzInstance_1_FenixFrameworkGroup.IO.thread-Acceptor] {com.hazelcast.nio.TcpIpConnectionManager} [127.0.0.1]:5709 [FenixFrameworkGroup] 5709 accepted socket connection from /127.0.0.1:46542
 INFO  [hz._hzInstance_1_FenixFrameworkGroup.cached.thread-10] {com.hazelcast.nio.TcpIpConnectionManager} [127.0.0.1]:5709 [FenixFrameworkGroup] 40831 accepted socket connection from /127.0.0.1:5712
 INFO  [hz._hzInstance_1_FenixFrameworkGroup.IO.thread-Acceptor] {com.hazelcast.nio.SocketAcceptor} [127.0.0.1]:5709 [FenixFrameworkGroup] Accepting socket connection from /127.0.0.1:35572
 INFO  [hz._hzInstance_1_FenixFrameworkGroup.IO.thread-Acceptor] {com.hazelcast.nio.TcpIpConnectionManager} [127.0.0.1]:5709 [FenixFrameworkGroup] 5709 accepted socket connection from /127.0.0.1:35572
 INFO  [pool-1-thread-1] {com.hazelcast.core.LifecycleService} [127.0.0.1]:5709 [FenixFrameworkGroup] Address[127.0.0.1]:5709 is STARTED
 INFO  [pool-1-thread-1] {pt.ist.fenixframework.backend.jvstm.cluster.ClusterUtils} Got (long) serverId: 6
 INFO  [pool-1-thread-1] {pt.ist.fenixframework.backend.jvstm.cluster.JvstmClusterBackEnd} This is NOT the first node.
 INFO  [pool-1-thread-1] {pt.ist.fenixframework.backend.jvstm.cluster.ClusterUtils} Waiting for startup from first node
 INFO  [pool-1-thread-1] {pt.ist.fenixframework.backend.jvstm.JVSTMBackEnd} initializeRepository()
 INFO  [pool-1-thread-1] {pt.ist.fenixframework.backend.jvstm.datagrid.radargun.DataGridDecorator} config=hzl3-repl-sync.xml, isLocal=false, nodeIndex=7, confAttributes={name=hzl3-repl-sync.xml}
 INFO  [pool-1-thread-1] {org.radargun.cachewrappers.Hazelcast3Wrapper} Creating cache with the following configuration: hzl3-repl-sync.xml
 INFO  [pool-1-thread-1] {com.hazelcast.instance.DefaultAddressPicker} Interfaces is disabled, trying to pick one address from TCP-IP config addresses: [127.0.0.1]
 INFO  [pool-1-thread-1] {com.hazelcast.instance.DefaultAddressPicker} Picked Address[127.0.0.1]:5719, using socket ServerSocket[addr=/0.0.0.0,localport=5719], bind any local is true
 INFO  [pool-1-thread-1] {com.hazelcast.system} [127.0.0.1]:5719 [dev] Hazelcast Community Edition 3.0.2 (20130906) starting at Address[127.0.0.1]:5719
 INFO  [pool-1-thread-1] {com.hazelcast.system} [127.0.0.1]:5719 [dev] Copyright (C) 2008-2013 Hazelcast.com
 INFO  [pool-1-thread-1] {com.hazelcast.instance.Node} [127.0.0.1]:5719 [dev] Creating MulticastJoiner
 INFO  [pool-1-thread-1] {com.hazelcast.core.LifecycleService} [127.0.0.1]:5719 [dev] Address[127.0.0.1]:5719 is STARTING
 INFO  [pool-1-thread-1] {com.hazelcast.cluster.TcpIpJoiner} [127.0.0.1]:5719 [dev] Connecting to possible member: Address[127.0.0.1]:5703
 INFO  [pool-1-thread-1] {com.hazelcast.cluster.TcpIpJoiner} [127.0.0.1]:5719 [dev] Connecting to possible member: Address[127.0.0.1]:5702
 INFO  [pool-1-thread-1] {com.hazelcast.cluster.TcpIpJoiner} [127.0.0.1]:5719 [dev] Connecting to possible member: Address[127.0.0.1]:5701
 INFO  [hz._hzInstance_2_dev.cached.thread-3] {com.hazelcast.nio.SocketConnector} [127.0.0.1]:5719 [dev] Connecting to /127.0.0.1:5703, timeout: 0, bind-any: true
 INFO  [hz._hzInstance_2_dev.cached.thread-2] {com.hazelcast.nio.SocketConnector} [127.0.0.1]:5719 [dev] Connecting to /127.0.0.1:5702, timeout: 0, bind-any: true
 INFO  [hz._hzInstance_2_dev.cached.thread-3] {com.hazelcast.nio.TcpIpConnectionManager} [127.0.0.1]:5719 [dev] 57628 accepted socket connection from /127.0.0.1:5703
 INFO  [hz._hzInstance_2_dev.cached.thread-1] {com.hazelcast.nio.SocketConnector} [127.0.0.1]:5719 [dev] Connecting to /127.0.0.1:5701, timeout: 0, bind-any: true
 INFO  [hz._hzInstance_2_dev.cached.thread-2] {com.hazelcast.nio.TcpIpConnectionManager} [127.0.0.1]:5719 [dev] 48668 accepted socket connection from /127.0.0.1:5702
 INFO  [hz._hzInstance_2_dev.cached.thread-1] {com.hazelcast.nio.TcpIpConnectionManager} [127.0.0.1]:5719 [dev] 48102 accepted socket connection from /127.0.0.1:5701
[GC 259695K->11147K(2944064K), 0.0405270 secs]
 INFO  [hz._hzInstance_2_dev.IO.thread-in-0] {com.hazelcast.nio.TcpIpConnection} [127.0.0.1]:5719 [dev] Connection [Address[127.0.0.1]:5703] lost. Reason: java.io.EOFException[Remote socket closed!]
 INFO  [hz._hzInstance_2_dev.IO.thread-in-2] {com.hazelcast.nio.TcpIpConnection} [127.0.0.1]:5719 [dev] Connection [Address[127.0.0.1]:5701] lost. Reason: java.io.EOFException[Remote socket closed!]
 WARN  [hz._hzInstance_2_dev.IO.thread-in-0] {com.hazelcast.nio.ReadHandler} [127.0.0.1]:5719 [dev] hz._hzInstance_2_dev.IO.thread-in-0 Closing socket to endpoint Address[127.0.0.1]:5703, Cause:java.io.EOFException: Remote socket closed!
 WARN  [hz._hzInstance_2_dev.IO.thread-in-2] {com.hazelcast.nio.ReadHandler} [127.0.0.1]:5719 [dev] hz._hzInstance_2_dev.IO.thread-in-2 Closing socket to endpoint Address[127.0.0.1]:5701, Cause:java.io.EOFException: Remote socket closed!
 INFO  [hz._hzInstance_2_dev.cached.thread-4] {com.hazelcast.cluster.ClusterService} [127.0.0.1]:5719 [dev] 

Members [12] {
	Member [127.0.0.1]:5702
	Member [127.0.0.1]:5714
	Member [127.0.0.1]:5715
	Member [127.0.0.1]:5716
	Member [127.0.0.1]:5717
	Member [127.0.0.1]:5718
	Member [127.0.0.1]:5719 this
	Member [127.0.0.1]:5720
	Member [127.0.0.1]:5721
	Member [127.0.0.1]:5722
	Member [127.0.0.1]:5723
	Member [127.0.0.1]:5724
}

 INFO  [hz._hzInstance_2_dev.cached.thread-11] {com.hazelcast.nio.SocketConnector} [127.0.0.1]:5719 [dev] Connecting to /127.0.0.1:5714, timeout: 0, bind-any: true
 INFO  [hz._hzInstance_2_dev.cached.thread-11] {com.hazelcast.nio.TcpIpConnectionManager} [127.0.0.1]:5719 [dev] 55506 accepted socket connection from /127.0.0.1:5714
 INFO  [hz._hzInstance_2_dev.cached.thread-1] {com.hazelcast.nio.SocketConnector} [127.0.0.1]:5719 [dev] Connecting to /127.0.0.1:5715, timeout: 0, bind-any: true
 INFO  [hz._hzInstance_2_dev.cached.thread-8] {com.hazelcast.nio.SocketConnector} [127.0.0.1]:5719 [dev] Connecting to /127.0.0.1:5716, timeout: 0, bind-any: true
 INFO  [hz._hzInstance_2_dev.cached.thread-3] {com.hazelcast.nio.SocketConnector} [127.0.0.1]:5719 [dev] Connecting to /127.0.0.1:5721, timeout: 0, bind-any: true
 INFO  [hz._hzInstance_2_dev.cached.thread-9] {com.hazelcast.nio.SocketConnector} [127.0.0.1]:5719 [dev] Connecting to /127.0.0.1:5722, timeout: 0, bind-any: true
 INFO  [hz._hzInstance_2_dev.cached.thread-6] {com.hazelcast.nio.SocketConnector} [127.0.0.1]:5719 [dev] Connecting to /127.0.0.1:5720, timeout: 0, bind-any: true
 INFO  [hz._hzInstance_2_dev.cached.thread-9] {com.hazelcast.nio.TcpIpConnectionManager} [127.0.0.1]:5719 [dev] 49647 accepted socket connection from /127.0.0.1:5722
 INFO  [hz._hzInstance_2_dev.cached.thread-2] {com.hazelcast.nio.SocketConnector} [127.0.0.1]:5719 [dev] Connecting to /127.0.0.1:5717, timeout: 0, bind-any: true
 INFO  [hz._hzInstance_2_dev.cached.thread-6] {com.hazelcast.nio.TcpIpConnectionManager} [127.0.0.1]:5719 [dev] 44685 accepted socket connection from /127.0.0.1:5720
 INFO  [hz._hzInstance_2_dev.cached.thread-5] {com.hazelcast.nio.SocketConnector} [127.0.0.1]:5719 [dev] Connecting to /127.0.0.1:5724, timeout: 0, bind-any: true
 INFO  [hz._hzInstance_2_dev.cached.thread-5] {com.hazelcast.nio.TcpIpConnectionManager} [127.0.0.1]:5719 [dev] 42065 accepted socket connection from /127.0.0.1:5724
 INFO  [hz._hzInstance_2_dev.cached.thread-11] {com.hazelcast.nio.SocketConnector} [127.0.0.1]:5719 [dev] Connecting to /127.0.0.1:5718, timeout: 0, bind-any: true
 INFO  [hz._hzInstance_2_dev.cached.thread-1] {com.hazelcast.nio.TcpIpConnectionManager} [127.0.0.1]:5719 [dev] 39570 accepted socket connection from /127.0.0.1:5715
 INFO  [hz._hzInstance_2_dev.cached.thread-2] {com.hazelcast.nio.TcpIpConnectionManager} [127.0.0.1]:5719 [dev] 45851 accepted socket connection from /127.0.0.1:5717
 INFO  [hz._hzInstance_2_dev.cached.thread-9] {com.hazelcast.nio.SocketConnector} [127.0.0.1]:5719 [dev] Connecting to /127.0.0.1:5723, timeout: 0, bind-any: true
 INFO  [hz._hzInstance_2_dev.cached.thread-3] {com.hazelcast.nio.TcpIpConnectionManager} [127.0.0.1]:5719 [dev] 45872 accepted socket connection from /127.0.0.1:5721
 INFO  [hz._hzInstance_2_dev.cached.thread-9] {com.hazelcast.nio.TcpIpConnectionManager} [127.0.0.1]:5719 [dev] 55984 accepted socket connection from /127.0.0.1:5723
 INFO  [hz._hzInstance_2_dev.cached.thread-8] {com.hazelcast.nio.TcpIpConnectionManager} [127.0.0.1]:5719 [dev] 53068 accepted socket connection from /127.0.0.1:5716
 INFO  [hz._hzInstance_2_dev.cached.thread-11] {com.hazelcast.nio.TcpIpConnectionManager} [127.0.0.1]:5719 [dev] 36665 accepted socket connection from /127.0.0.1:5718
 INFO  [hz._hzInstance_2_dev.IO.thread-Acceptor] {com.hazelcast.nio.SocketAcceptor} [127.0.0.1]:5719 [dev] Accepting socket connection from /127.0.0.1:39403
 INFO  [hz._hzInstance_2_dev.IO.thread-Acceptor] {com.hazelcast.nio.TcpIpConnectionManager} [127.0.0.1]:5719 [dev] 5719 accepted socket connection from /127.0.0.1:39403
 INFO  [hz._hzInstance_2_dev.IO.thread-Acceptor] {com.hazelcast.nio.SocketAcceptor} [127.0.0.1]:5719 [dev] Accepting socket connection from /127.0.0.1:54575
 INFO  [hz._hzInstance_2_dev.IO.thread-Acceptor] {com.hazelcast.nio.TcpIpConnectionManager} [127.0.0.1]:5719 [dev] 5719 accepted socket connection from /127.0.0.1:54575
 INFO  [hz._hzInstance_2_dev.IO.thread-Acceptor] {com.hazelcast.nio.SocketAcceptor} [127.0.0.1]:5719 [dev] Accepting socket connection from /127.0.0.1:59679
 INFO  [hz._hzInstance_2_dev.IO.thread-Acceptor] {com.hazelcast.nio.TcpIpConnectionManager} [127.0.0.1]:5719 [dev] 5719 accepted socket connection from /127.0.0.1:59679
 INFO  [hz._hzInstance_2_dev.IO.thread-Acceptor] {com.hazelcast.nio.SocketAcceptor} [127.0.0.1]:5719 [dev] Accepting socket connection from /127.0.0.1:56824
 INFO  [hz._hzInstance_2_dev.IO.thread-Acceptor] {com.hazelcast.nio.TcpIpConnectionManager} [127.0.0.1]:5719 [dev] 5719 accepted socket connection from /127.0.0.1:56824
 WARN  [pool-1-thread-1] {com.hazelcast.instance.Node} [127.0.0.1]:5719 [dev] Config seed port is 5701 and cluster size is 12. Some of the ports seem occupied!
 INFO  [pool-1-thread-1] {com.hazelcast.core.LifecycleService} [127.0.0.1]:5719 [dev] Address[127.0.0.1]:5719 is STARTED
 INFO  [pool-1-thread-1] {org.radargun.cachewrappers.Hazelcast3Wrapper} Hazelcast configuration:Config{groupConfig=GroupConfig [name=dev, password=********], properties={hazelcast.logging.type=log4j}, networkConfig=NetworkConfig {publicAddress='null', port=5701, portCount=100, portAutoIncrement=true, join=JoinConfig{multicastConfig=MulticastConfig [enabled=true, multicastGroup=224.0.2.128, multicastPort=54327, multicastTimeToLive=32, multicastTimeoutSeconds=2, trustedInterfaces=[]], tcpIpConfig=TcpIpConfig [enabled=true, connectionTimeoutSeconds=5, members=[127.0.0.1], requiredMember=null], awsConfig=AwsConfig{enabled=false, region='us-east-1', securityGroupName='null', tagKey='null', tagValue='null', hostHeader='ec2.amazonaws.com', connectionTimeoutSeconds=5}}, interfaces=InterfacesConfig{enabled=false, interfaces=[]}, sslConfig=null, socketInterceptorConfig=null, symmetricEncryptionConfig=null}, mapConfigs={default=MapConfig{name='default', inMemoryFormat=BINARY', backupCount=5, asyncBackupCount=0, timeToLiveSeconds=0, maxIdleSeconds=0, evictionPolicy='NONE', evictionPercentage=0, maxSizeConfig=MaxSizeConfig{maxSizePolicy='PER_PARTITION', size=2147483647}, readBackupData=true, nearCacheConfig=null, mapStoreConfig=null, mergePolicyConfig='hz.ADD_NEW_ENTRY', wanReplicationRef=null, listenerConfigs=[], mapIndexConfigs=[], storageType=null}}, topicConfigs={}, queueConfigs={}, multiMapConfigs={}, executorConfigs={default=ExecutorConfig{name='default', poolSize=8, queueCapacity=2147483647}}, semaphoreConfigs={}, wanReplicationConfigs={}, listenerConfigs=[], partitionGroupConfig=PartitionGroupConfig{enabled=false, groupType=PER_MEMBER, memberGroupConfigs=[]}, managementCenterConfig=ManagementCenterConfig{enabled=false, url='null', updateInterval=5}, securityConfig=SecurityConfig{enabled=false, memberCredentialsConfig=CredentialsFactoryConfig{className='null', implementation=null, properties={}}, memberLoginModuleConfigs=[], clientLoginModuleConfigs=[], clientPolicyConfig=PermissionPolicyConfig{className='null', implementation=null, properties={}}, clientPermissionConfigs=[]}}
 INFO  [pool-1-thread-1] {pt.ist.fenixframework.backend.jvstm.datagrid.DataGridRepository} Initialization marker is present. Data Grid already existed.
 INFO  [pool-1-thread-1] {pt.ist.fenixframework.backend.jvstm.JVSTMBackEnd} initializeDomainClassInfos
 INFO  [pool-1-thread-1] {pt.ist.fenixframework.backend.jvstm.pstm.DomainClassInfo} serverId: 6, serverOidBase: 6000000000000
 INFO  [pool-1-thread-1] {pt.ist.fenixframework.backend.jvstm.pstm.DomainClassInfo} Existing domain class 'pt.ist.fenixframework.adt.bplustree.BPlusTree' with id '7'
 INFO  [pool-1-thread-1] {pt.ist.fenixframework.backend.jvstm.pstm.DomainClassInfo} Existing domain class 'pt.ist.fenixframework.backend.jvstm.pstm.TransactionStatisticsEntry' with id '5'
 INFO  [pool-1-thread-1] {pt.ist.fenixframework.backend.jvstm.pstm.DomainClassInfo} Existing domain class 'pt.ist.fenixframework.adt.linkedlist.LinkedList' with id '9'
 INFO  [pool-1-thread-1] {pt.ist.fenixframework.backend.jvstm.pstm.DomainClassInfo} Existing domain class 'pt.ist.fenixframework.adt.bplustree.InnerNodeArray' with id 'b'
 INFO  [pool-1-thread-1] {pt.ist.fenixframework.backend.jvstm.pstm.DomainClassInfo} Existing domain class 'pt.ist.fenixframework.adt.bplustree.DomainLeafNode' with id '1'
 INFO  [pool-1-thread-1] {pt.ist.fenixframework.backend.jvstm.pstm.DomainClassInfo} Existing domain class 'pt.ist.fenixframework.adt.bplustree.InnerNode' with id '8'
 INFO  [pool-1-thread-1] {pt.ist.fenixframework.backend.jvstm.pstm.DomainClassInfo} Existing domain class 'pt.ist.fenixframework.adt.bplustree.LeafNodeArray' with id 'c'
 INFO  [pool-1-thread-1] {pt.ist.fenixframework.backend.jvstm.pstm.DomainClassInfo} Existing domain class 'pt.ist.fenixframework.adt.linkedlist.ListNode' with id '6'
 INFO  [pool-1-thread-1] {pt.ist.fenixframework.backend.jvstm.pstm.DomainClassInfo} Existing domain class 'pt.ist.fenixframework.adt.bplustree.LeafNode' with id '4'
 INFO  [pool-1-thread-1] {pt.ist.fenixframework.backend.jvstm.pstm.DomainClassInfo} Existing domain class 'pt.ist.fenixframework.adt.bplustree.BPlusTreeArray' with id '2'
 INFO  [pool-1-thread-1] {pt.ist.fenixframework.backend.jvstm.pstm.DomainClassInfo} Existing domain class 'pt.ist.fenixframework.adt.bplustree.DomainBPlusTree' with id 'e'
 INFO  [pool-1-thread-1] {pt.ist.fenixframework.backend.jvstm.pstm.DomainClassInfo} Existing domain class 'pt.ist.fenixframework.adt.bplustree.AbstractNode' with id 'f'
 INFO  [pool-1-thread-1] {pt.ist.fenixframework.backend.jvstm.pstm.DomainClassInfo} Existing domain class 'pt.ist.fenixframework.DomainRoot' with id '0'
 INFO  [pool-1-thread-1] {pt.ist.fenixframework.backend.jvstm.pstm.DomainClassInfo} Existing domain class 'pt.ist.fenixframework.backend.jvstm.pstm.FenixFrameworkData' with id 'd'
 INFO  [pool-1-thread-1] {pt.ist.fenixframework.backend.jvstm.pstm.DomainClassInfo} Existing domain class 'pt.ist.fenixframework.adt.bplustree.AbstractNodeArray' with id 'a'
 INFO  [pool-1-thread-1] {pt.ist.fenixframework.backend.jvstm.pstm.DomainClassInfo} Existing domain class 'pt.ist.fenixframework.adt.bplustree.DomainInnerNode' with id '3'
 INFO  [pool-1-thread-1] {pt.ist.fenixframework.backend.jvstm.JVSTMBackEnd} setupJVSTM
 INFO  [pool-1-thread-1] {pt.ist.fenixframework.backend.jvstm.JVSTMBackEnd} Setting the last committed TX number to 2
 INFO  [pool-1-thread-1] {pt.ist.fenixframework.backend.jvstm.JVSTMBackEnd} createDomainRootIfNeeded
 INFO  [pool-1-thread-1] {pt.ist.fenixframework.backend.jvstm.JVSTMBackEnd} ensureFenixFrameworkDataExists
 INFO  [pool-1-thread-1] {pt.ist.fenixframework.hibernatesearch.HibernateSearchConfig} Resource 'fenix-framework-hibernate-search.properties' not found. Hibernate Search disabled
 INFO  [pool-1-thread-1] {pt.ist.fenixframework.FenixFramework} Initialization of Fenix Framework is now complete.
 INFO  [pool-1-thread-1] {org.radargun.cachewrappers.FFWrapper} FF STARTED=true
 INFO  [pool-1-thread-1] {org.radargun.stages.helpers.StartHelper} Number of members is the one expected: 12
 INFO  [pool-1-thread-1] {org.radargun.stages.StartClusterStage} Successfully started cache wrapper on slave 7: org.radargun.cachewrappers.FFWrapper@a39e50f
 INFO  [pool-1-thread-1] {org.radargun.Slave} Finished stage: StartCluster {config=hzl3-repl-sync.xml, delayAfterFirstSlaveStarts=5.000 secs, delayBetweenStartingSlaves=0.500 secs, exitBenchmarkOnSlaveFailure=true, expectNumSlaves=null, mayFailOn=null, reachable=null, runOnAllSlaves=false, slaves=null, staggerSlaveStartup=true, useSmartClassLoading=true, validateCluster=true }
 INFO  [main] {org.radargun.Slave} Ack successfully sent to the master
 INFO  [pool-1-thread-1] {org.radargun.Slave} Executing stage: ClusterValidation {exitBenchmarkOnSlaveFailure=false, partialReplication=false, replicationTimeSleep=2000, replicationTryCount=60, runOnAllSlaves=false, slaves=null, useSmartClassLoading=true }
 WARN  [hz._hzInstance_2_dev.cached.thread-11] {com.hazelcast.transaction.TransactionManagerService} [127.0.0.1]:5719 [dev] No tx backup log is found, tx -> 8f4bb494-ca80-481f-a4d4-a20dc4d6b0cb
 WARN  [hz._hzInstance_2_dev.cached.thread-11] {com.hazelcast.transaction.TransactionManagerService} [127.0.0.1]:5719 [dev] No tx backup log is found, tx -> 2d7b81a5-e433-437d-b1d0-92b34a9f2687
 WARN  [hz._hzInstance_2_dev.cached.thread-4] {com.hazelcast.transaction.TransactionManagerService} [127.0.0.1]:5719 [dev] No tx backup log is found, tx -> 4b0fc6e4-2508-45e4-b63f-f3c6c4158f79
 WARN  [hz._hzInstance_2_dev.cached.thread-8] {com.hazelcast.transaction.TransactionManagerService} [127.0.0.1]:5719 [dev] No tx backup log is found, tx -> d9b98810-e834-48b0-80c3-a46dd92c1fd5
 WARN  [hz._hzInstance_2_dev.cached.thread-8] {com.hazelcast.transaction.TransactionManagerService} [127.0.0.1]:5719 [dev] No tx backup log is found, tx -> cf84f7b4-d8e7-4b9b-a147-b80bf48679f4
 WARN  [hz._hzInstance_2_dev.cached.thread-8] {com.hazelcast.transaction.TransactionManagerService} [127.0.0.1]:5719 [dev] No tx backup log is found, tx -> 52085ccc-38a2-426c-bcd4-8fa5fa97d64f
 WARN  [hz._hzInstance_2_dev.cached.thread-8] {com.hazelcast.transaction.TransactionManagerService} [127.0.0.1]:5719 [dev] No tx backup log is found, tx -> 317cd727-55ff-4dcb-85f4-69467285adb2
 INFO  [pool-1-thread-1] {org.radargun.stages.ClusterValidationStage} Number of caches that replicated here is 10
 INFO  [pool-1-thread-1] {org.radargun.stages.ClusterValidationStage} Replication test failed, 1 tries so far. Sleeping for 2 seconds and trying again.
 INFO  [pool-1-thread-1] {org.radargun.stages.ClusterValidationStage} Number of caches that replicated here is 11
 INFO  [pool-1-thread-1] {org.radargun.stages.ClusterValidationStage} Replication test successfully passed. partialReplication? false, replicationCount = 11
 WARN  [hz._hzInstance_2_dev.cached.thread-9] {com.hazelcast.transaction.TransactionManagerService} [127.0.0.1]:5719 [dev] No tx backup log is found, tx -> b392f8b0-3d48-48f5-93dd-b76d3d597370
 INFO  [pool-1-thread-1] {org.radargun.stages.ClusterValidationStage} Confirm phase successful.
 INFO  [pool-1-thread-1] {org.radargun.Slave} Finished stage: ClusterValidation {exitBenchmarkOnSlaveFailure=false, partialReplication=false, replicationTimeSleep=2000, replicationTryCount=60, runOnAllSlaves=false, slaves=[ 0, 1, 2, 3, 4, 5, 6, 7, 8, 9, 10, 11 ], useSmartClassLoading=true }
 INFO  [main] {org.radargun.Slave} Ack successfully sent to the master
 INFO  [pool-1-thread-1] {org.radargun.Slave} Executing stage: StressTestWarmup {bulkSize=1, cacheSpecificKeyGenerator=false, commitTransactions=true, duration=1 mins 0 secs, entrySize=1000, exitBenchmarkOnSlaveFailure=false, fixedKeys=true, generateHistogramRange=false, keyGeneratorClass=org.radargun.stressors.StringKeyGenerator, keyGeneratorParam=null, loadAllKeys=false, numEntries=100, numOfThreads=4, numRequests=10000, numThreads=4, numberOfAttributes=100, numberOfRequests=10000, opsCountStatusLog=100000, poolKeys=true, preferAsyncOperations=false, removePercentage=0, replaceInvalidPercentage=40, runOnAllSlaves=false, sharedKeys=false, sizeOfAnAttribute=1000, slaves=null, transactionSize=50, useAtomics=false, useHistogramStatistics=false, useSimpleStatistics=true, useSmartClassLoading=true, useTransactions=null, writePercentage=20, writeTxPercentage=20 }
 INFO  [pool-1-thread-1] {org.radargun.stages.StressTestWarmupStage} Starting StressTestWarmupStage: StressTestWarmup {bulkSize=1, cacheSpecificKeyGenerator=false, commitTransactions=true, duration=1 mins 0 secs, entrySize=1000, exitBenchmarkOnSlaveFailure=false, fixedKeys=true, generateHistogramRange=false, keyGeneratorClass=org.radargun.stressors.StringKeyGenerator, keyGeneratorParam=null, loadAllKeys=false, numEntries=100, numOfThreads=4, numRequests=10000, numThreads=4, numberOfAttributes=100, numberOfRequests=10000, opsCountStatusLog=100000, poolKeys=true, preferAsyncOperations=false, removePercentage=0, replaceInvalidPercentage=40, runOnAllSlaves=false, sharedKeys=false, sizeOfAnAttribute=1000, slaves=null, transactionSize=50, useAtomics=false, useHistogramStatistics=false, useSimpleStatistics=true, useSmartClassLoading=true, useTransactions=null, writePercentage=20, writeTxPercentage=20 }
 INFO  [pool-1-thread-1] {org.radargun.stressors.StressTestStressor} Using key generator org.radargun.stressors.StringKeyGenerator, param null
 INFO  [pool-1-thread-1] {org.radargun.stressors.StressTestStressor} Executing: StressTestStressor{opsCountStatusLog=100000, numRequests=10000, numEntries=100, entrySize=1000, writePercentage=20, numThreads=4, cacheWrapper=org.radargun.cachewrappers.FFWrapper@a39e50f, nodeIndex=7, useTransactions=true, transactionSize=50, commitTransactions=true, durationMillis=60000}
 INFO  [pool-1-thread-1] {org.radargun.stressors.StressTestStressor} Cache wrapper info is: FFWrapper using hazelcast3
[GC 267211K->11474K(2944064K), 0.0325140 secs]
[GC 267538K->13335K(2944064K), 0.0261130 secs]
[GC 269399K->13913K(2944064K), 0.0328160 secs]
 INFO  [pool-1-thread-1] {org.radargun.stressors.StressTestStressor} Started 4 stressor threads.
 INFO  [Stressor-1] {org.radargun.stressors.StressTestStressor} Number of ops executed so far: 1. Elapsed time: 0.001 secs. Remaining: 59.999 secs. Total: 1 mins 0 secs
[GC 269977K->13509K(2944064K), 0.0317800 secs]
[GC 269573K->14475K(2944064K), 0.0286640 secs]
[GC 270539K->15291K(2944064K), 0.0291060 secs]
[GC 271355K->16085K(2944064K), 0.0290330 secs]
[GC 272149K->19087K(2944064K), 0.0299000 secs]
 INFO  [Stressor-2] {org.radargun.stressors.StressTestStressor} Number of ops executed so far: 6500. Elapsed time: 20.013 secs. Remaining: 39.987 secs. Total: 1 mins 0 secs
[GC 275151K->17626K(2944064K), 0.0328820 secs]
[GC 273690K->18378K(2944064K), 0.0382500 secs]
[GC 274442K->19224K(2944064K), 0.0326830 secs]
[GC 275288K->20075K(2944064K), 0.0331770 secs]
[GC 276139K->20966K(2944064K), 0.0356630 secs]
 INFO  [Stressor-3] {org.radargun.stressors.StressTestStressor} Number of ops executed so far: 15450. Elapsed time: 40.313 secs. Remaining: 19.687 secs. Total: 1 mins 0 secs
[GC 277030K->21818K(2944064K), 0.0330700 secs]
[GC 277882K->26719K(2944064K), 0.0488320 secs]
[GC 282783K->21531K(2944064K), 0.0348990 secs]
[GC 277595K->22174K(2944064K), 0.0270510 secs]
[GC 278238K->25693K(2944064K), 0.0282410 secs]
 INFO  [pool-1-thread-1] {org.radargun.stressors.StressTestStressor} Finished generating report. Test duration is: 1 mins 17 secs
 INFO  [pool-1-thread-1] {org.radargun.stages.StressTestWarmupStage} The warmup took: 77 seconds.
 INFO  [pool-1-thread-1] {org.radargun.Slave} Finished stage: StressTestWarmup {bulkSize=1, cacheSpecificKeyGenerator=false, commitTransactions=true, duration=1 mins 0 secs, entrySize=1000, exitBenchmarkOnSlaveFailure=false, fixedKeys=true, generateHistogramRange=false, keyGeneratorClass=org.radargun.stressors.StringKeyGenerator, keyGeneratorParam=null, loadAllKeys=false, numEntries=100, numOfThreads=4, numRequests=10000, numThreads=4, numberOfAttributes=100, numberOfRequests=10000, opsCountStatusLog=100000, poolKeys=true, preferAsyncOperations=false, removePercentage=0, replaceInvalidPercentage=40, runOnAllSlaves=false, sharedKeys=false, sizeOfAnAttribute=1000, slaves=null, transactionSize=50, useAtomics=false, useHistogramStatistics=false, useSimpleStatistics=true, useSmartClassLoading=true, useTransactions=null, writePercentage=20, writeTxPercentage=20 }
 INFO  [main] {org.radargun.Slave} Ack successfully sent to the master
[GC 281757K->22206K(2944064K), 0.0310050 secs]
[GC 278270K->25241K(2944064K), 0.0275270 secs]
[GC 281305K->25836K(2944064K), 0.0296780 secs]
[GC 281900K->26349K(2944064K), 0.0307470 secs]
[GC 282413K->26883K(2944064K), 0.0311080 secs]
[GC 282947K->27635K(2944064K), 0.0512830 secs]
[GC 283699K->28469K(2944064K), 0.0283510 secs]
[GC 284533K->29299K(2944064K), 0.0310390 secs]
[GC 285363K->30079K(2944064K), 0.0318560 secs]
[GC 286143K->30923K(2944064K), 0.0287400 secs]
[GC 286987K->31817K(2944064K), 0.0323820 secs]
[GC 287881K->32732K(2944064K), 0.0310930 secs]
[GC 288796K->33671K(2944064K), 0.0331110 secs]
[GC 289735K->34701K(2944064K), 0.0326650 secs]
[GC 290765K->32951K(2944064K), 0.0323280 secs]
[GC 289015K->33948K(2944064K), 0.0308260 secs]
[GC 290012K->34028K(2944064K), 0.0352570 secs]
[GC 290092K->37995K(2944064K), 0.0343180 secs]
[GC 294059K->42883K(2944064K), 0.0314470 secs]
[GC 298947K->45882K(2944064K), 0.0339940 secs]
[GC 301946K->50293K(2944064K), 0.0409350 secs]
 INFO  [pool-1-thread-1] {org.radargun.Slave} Executing stage: ClearClusterStage {ClearCluster {exitBenchmarkOnSlaveFailure=false, runOnAllSlaves=false, slaves=[ 0 ], useSmartClassLoading=true }
 INFO  [pool-1-thread-1] {org.radargun.stages.ClearClusterStage} Before executing clear, memory looks like this: Memory - free: 2,814,798 kb - max:4,906,688 kb- total:2,944,064 kb
[Full GC 129265K->42288K(2944064K), 0.3006860 secs]
 INFO  [pool-1-thread-1] {org.radargun.stages.ClearClusterStage} After executing cleanup, memory looks like this: Memory - free: 2,901,010 kb - max:4,906,688 kb- total:2,944,192 kb
 INFO  [pool-1-thread-1] {org.radargun.Slave} Finished stage: ClearClusterStage {ClearCluster {exitBenchmarkOnSlaveFailure=false, runOnAllSlaves=false, slaves=[ 0 ], useSmartClassLoading=true }
 INFO  [main] {org.radargun.Slave} Ack successfully sent to the master
 INFO  [pool-1-thread-1] {org.radargun.Slave} Executing stage: StressTest {bulkSize=1, cacheSpecificKeyGenerator=false, commitTransactions=true, duration=1 mins 0 secs, entrySize=1000, exitBenchmarkOnSlaveFailure=false, fixedKeys=true, generateHistogramRange=false, keyGeneratorClass=org.radargun.stressors.StringKeyGenerator, keyGeneratorParam=null, loadAllKeys=false, numEntries=10000, numOfThreads=4, numRequests=10000000, numThreads=4, numberOfAttributes=10000, numberOfRequests=10000000, opsCountStatusLog=500000, poolKeys=true, preferAsyncOperations=false, removePercentage=0, replaceInvalidPercentage=40, runOnAllSlaves=false, sharedKeys=false, sizeOfAnAttribute=1000, slaves=null, transactionSize=10000, useAtomics=false, useHistogramStatistics=false, useSimpleStatistics=true, useSmartClassLoading=true, useTransactions=true, writePercentage=10, writeTxPercentage=20 }
 INFO  [pool-1-thread-1] {org.radargun.stages.StressTestStage} Starting StressTestStage: StressTest {bulkSize=1, cacheSpecificKeyGenerator=false, commitTransactions=true, duration=1 mins 0 secs, entrySize=1000, exitBenchmarkOnSlaveFailure=false, fixedKeys=true, generateHistogramRange=false, keyGeneratorClass=org.radargun.stressors.StringKeyGenerator, keyGeneratorParam=null, loadAllKeys=false, numEntries=10000, numOfThreads=4, numRequests=10000000, numThreads=4, numberOfAttributes=10000, numberOfRequests=10000000, opsCountStatusLog=500000, poolKeys=true, preferAsyncOperations=false, removePercentage=0, replaceInvalidPercentage=40, runOnAllSlaves=false, sharedKeys=false, sizeOfAnAttribute=1000, slaves=null, transactionSize=10000, useAtomics=false, useHistogramStatistics=false, useSimpleStatistics=true, useSmartClassLoading=true, useTransactions=true, writePercentage=10, writeTxPercentage=20 }
 INFO  [pool-1-thread-1] {org.radargun.stressors.StressTestStressor} Using key generator org.radargun.stressors.StringKeyGenerator, param null
 INFO  [pool-1-thread-1] {org.radargun.stressors.StressTestStressor} Executing: StressTestStressor{opsCountStatusLog=500000, numRequests=10000000, numEntries=10000, entrySize=1000, writePercentage=10, numThreads=4, cacheWrapper=org.radargun.cachewrappers.FFWrapper@a39e50f, nodeIndex=7, useTransactions=true, transactionSize=10000, commitTransactions=true, durationMillis=60000}
 INFO  [pool-1-thread-1] {org.radargun.stressors.StressTestStressor} Cache wrapper info is: FFWrapper using hazelcast3
[GC 298416K->61737K(2944192K), 0.0277590 secs]
[GC 317865K->47377K(2944192K), 0.0265350 secs]
[GC 303505K->45741K(2944192K), 0.0265640 secs]
[GC 301869K->46832K(2944192K), 0.0284580 secs]
[GC 302960K->48014K(2944192K), 0.0284520 secs]
[GC 304142K->49218K(2944192K), 0.0310060 secs]
[GC 305346K->50478K(2944192K), 0.0283810 secs]
[GC 306606K->51785K(2944192K), 0.0285760 secs]
[GC 307913K->49659K(2944192K), 0.0271730 secs]
[GC 305787K->51837K(2944192K), 0.0292770 secs]
[GC 307965K->53530K(2944192K), 0.0280030 secs]
[GC 309658K->54698K(2944192K), 0.0301980 secs]
[GC 310826K->53876K(2944192K), 0.0304780 secs]
[GC 310004K->56898K(2944192K), 0.0316660 secs]
[GC 313026K->55735K(2944192K), 0.0317530 secs]
[GC 311863K->55757K(2944192K), 0.0356230 secs]
[GC 311885K->56028K(2944192K), 0.0302870 secs]
[GC 312156K->61240K(2944192K), 0.0319230 secs]
[GC 317368K->57194K(2944192K), 0.0319300 secs]
[GC 313322K->58806K(2944192K), 0.0299660 secs]
[GC 314934K->60400K(2944192K), 0.0285310 secs]
[GC 316528K->63500K(2944192K), 0.0300560 secs]
[GC 319628K->59574K(2944192K), 0.0284060 secs]
[GC 315702K->61186K(2944192K), 0.0288690 secs]
[GC 317314K->62675K(2944192K), 0.0288560 secs]
[GC 318803K->63531K(2944192K), 0.0308730 secs]
[GC 319659K->64282K(2944192K), 0.0319990 secs]
[GC 320410K->64894K(2944192K), 0.0327200 secs]
[GC 321022K->63241K(2944192K), 0.0310810 secs]
[GC 319369K->68364K(2944192K), 0.0323060 secs]
[GC 324492K->64456K(2944192K), 0.0323080 secs]
[GC 320584K->68142K(2944192K), 0.0288620 secs]
[GC 324270K->67661K(2944192K), 0.0341590 secs]
[GC 323789K->68500K(2944192K), 0.0290060 secs]
[GC 324628K->71347K(2944192K), 0.0315380 secs]
[GC 327475K->67507K(2944192K), 0.0332930 secs]
[GC 323635K->71253K(2944192K), 0.0313360 secs]
[GC 327381K->70846K(2944192K), 0.0292060 secs]
[GC 326974K->71759K(2944192K), 0.0275470 secs]
[GC 327887K->72491K(2944192K), 0.0280000 secs]
[GC 328619K->73154K(2944192K), 0.0277940 secs]
[GC 329282K->73753K(2944192K), 0.0308400 secs]
[GC 329881K->74396K(2944192K), 0.0308680 secs]
[GC 330524K->72710K(2944192K), 0.0283590 secs]
[GC 328838K->75642K(2944192K), 0.0282660 secs]
[GC 331770K->76335K(2944192K), 0.0302200 secs]
[GC 332463K->76884K(2944192K), 0.0292410 secs]
[GC 333012K->77430K(2944192K), 0.0326980 secs]
[GC 333558K->78081K(2944192K), 0.0316600 secs]
[GC 334209K->78813K(2944192K), 0.0308150 secs]
[GC 334941K->77125K(2944192K), 0.0295990 secs]
[GC 333253K->77789K(2944192K), 0.0295240 secs]
[GC 333917K->78463K(2944192K), 0.0320780 secs]
[GC 334591K->81347K(2944192K), 0.0318530 secs]
[GC 337475K->81905K(2944192K), 0.0322000 secs]
[GC 338033K->82494K(2944192K), 0.0281900 secs]
[GC 338622K->83083K(2944192K), 0.0328530 secs]
[GC 339211K->83702K(2944192K), 0.0278630 secs]
[GC 339830K->82053K(2944192K), 0.0322430 secs]
[GC 338181K->84959K(2944192K), 0.0300750 secs]
[GC 341087K->85493K(2944192K), 0.0283830 secs]
[GC 341621K->86156K(2944192K), 0.0291550 secs]
[GC 342284K->86793K(2944192K), 0.0291990 secs]
[GC 342921K->87508K(2944192K), 0.0310920 secs]
[GC 343636K->85879K(2944192K), 0.0311690 secs]
[GC 342007K->88819K(2944192K), 0.0290010 secs]
[GC 344947K->89416K(2944192K), 0.0309850 secs]
[GC 345544K->89986K(2944192K), 0.0396620 secs]
[GC 346114K->90644K(2944192K), 0.0301030 secs]
[GC 346772K->91240K(2944192K), 0.0295110 secs]
[GC 347346K->91913K(2944192K), 0.0314530 secs]
[GC 348041K->95850K(2944192K), 0.0335300 secs]
[GC 351978K->95248K(2944192K), 0.0341180 secs]
[GC 351376K->99991K(2944192K), 0.0339180 secs]
[GC 356119K->102507K(2944192K), 0.0300280 secs]
[GC 358635K->104710K(2944192K), 0.0329230 secs]
[GC 360838K->103335K(2944192K), 0.0325410 secs]
[GC 359463K->109430K(2944192K), 0.0346460 secs]
[GC 365558K->115908K(2944192K), 0.0373560 secs]
[GC 372036K->107733K(2944192K), 0.0347830 secs]
[GC 363861K->113323K(2944192K), 0.0357670 secs]
[GC 369451K->118091K(2944192K), 0.0367070 secs]
[GC 374219K->115940K(2944192K), 0.0344970 secs]
[GC 372068K->123679K(2944192K), 0.0357130 secs]
[GC 379807K->120026K(2944192K), 0.0363600 secs]
[GC 376154K->122551K(2944192K), 0.0359630 secs]
[GC 378679K->124590K(2944192K), 0.0344940 secs]
[GC 380718K->120189K(2944192K), 0.0359290 secs]
[GC 376317K->121412K(2944192K), 0.0345230 secs]
[GC 377540K->122546K(2944192K), 0.0383120 secs]
[GC 378674K->123648K(2944192K), 0.0325020 secs]
[GC 379776K->130630K(2944192K), 0.0392840 secs]
[GC 386758K->125815K(2944192K), 0.0357430 secs]
[GC 381943K->132617K(2944192K), 0.0366780 secs]
[GC 388745K->128129K(2944192K), 0.0345200 secs]
[GC 384257K->129374K(2944192K), 0.0359350 secs]
[GC 385502K->130490K(2944192K), 0.0358950 secs]
[GC 386618K->131690K(2944192K), 0.0379160 secs]
[GC 387818K->132656K(2944192K), 0.0372440 secs]
[GC 388784K->133885K(2944192K), 0.0384910 secs]
[GC 390013K->134856K(2944192K), 0.0388040 secs]
[GC 390984K->135977K(2944192K), 0.0376980 secs]
[GC 392105K->141268K(2944192K), 0.0352030 secs]
[GC 397396K->142422K(2944192K), 0.0330020 secs]
[GC 398550K->143759K(2944192K), 0.0374200 secs]
[GC 399887K->145053K(2944192K), 0.0327950 secs]
[GC 401181K->146363K(2944192K), 0.0379830 secs]
[GC 402491K->147782K(2944192K), 0.0412330 secs]
[GC 403910K->149223K(2944192K), 0.0390040 secs]
[GC 405351K->150607K(2944192K), 0.0354310 secs]
[GC 406735K->151884K(2944192K), 0.0360010 secs]
[GC 408012K->148535K(2944192K), 0.0327090 secs]
[GC 404663K->149774K(2944192K), 0.0362380 secs]
[GC 405902K->155909K(2944192K), 0.0348390 secs]
[GC 412037K->157341K(2944192K), 0.0355710 secs]
[GC 413469K->158921K(2944192K), 0.0348100 secs]
[GC 415049K->160199K(2944192K), 0.0380940 secs]
[GC 416327K->161441K(2944192K), 0.0405040 secs]
[GC 417569K->162676K(2944192K), 0.0376910 secs]
[GC 418804K->163990K(2944192K), 0.0378560 secs]
[GC 420118K->165430K(2944192K), 0.0351940 secs]
[GC 421558K->166921K(2944192K), 0.0391040 secs]
[GC 423049K->168502K(2944192K), 0.0383800 secs]
[GC 424630K->170192K(2944192K), 0.0357920 secs]
[GC 426320K->171842K(2944192K), 0.0400120 secs]
[GC 427970K->173538K(2944192K), 0.0401660 secs]
[GC 429666K->174799K(2944192K), 0.0382840 secs]
[GC 430927K->176180K(2944192K), 0.0353380 secs]
[GC 432308K->172428K(2944192K), 0.0410620 secs]
[GC 428556K->173809K(2944192K), 0.0399210 secs]
[GC 429937K->175175K(2944192K), 0.0383830 secs]
[GC 431303K->181746K(2944192K), 0.0373240 secs]
[GC 437874K->178079K(2944192K), 0.0383420 secs]
[GC 434207K->179497K(2944192K), 0.0399330 secs]
[GC 435625K->186269K(2944192K), 0.0356380 secs]
[GC 442397K->187829K(2944192K), 0.0336040 secs]
[GC 443957K->183933K(2944192K), 0.0364650 secs]
[GC 440061K->185346K(2944192K), 0.0387140 secs]
[GC 441474K->186716K(2944192K), 0.0382860 secs]
[GC 442844K->187844K(2944192K), 0.0440480 secs]
[GC 443972K->194001K(2944192K), 0.0359110 secs]
[GC 450129K->195493K(2944192K), 0.0387570 secs]
[GC 451621K->196945K(2944192K), 0.0340320 secs]
[GC 453073K->198354K(2944192K), 0.0382570 secs]
[GC 454482K->199725K(2944192K), 0.0368350 secs]
[GC 455853K->201180K(2944192K), 0.0352610 secs]
[GC 457308K->197430K(2944192K), 0.0349440 secs]
[GC 453558K->203772K(2944192K), 0.0421320 secs]
 INFO  [pool-1-thread-1] {org.radargun.stressors.StressTestStressor} Started 4 stressor threads.
 INFO  [Stressor-2] {org.radargun.stressors.StressTestStressor} Number of ops executed so far: 1. Elapsed time: 0.000 secs. Remaining: 1 mins 0 secs. Total: 1 mins 0 secs
[GC 459900K->215301K(2944192K), 0.0389830 secs]
[GC 471429K->218012K(2944192K), 0.0377200 secs]
[GC 474140K->215696K(2944192K), 0.0394520 secs]
[GC 471824K->218753K(2944192K), 0.0379760 secs]
[GC 474881K->227237K(2944192K), 0.0378420 secs]
 INFO  [Stressor-0] {org.radargun.stressors.StressTestStressor} Number of ops executed so far: 70000. Elapsed time: 20.057 secs. Remaining: 39.943 secs. Total: 1 mins 0 secs
[GC 483365K->230681K(2944192K), 0.0407200 secs]
[GC 486809K->234731K(2944192K), 0.0383900 secs]
[GC 490859K->222089K(2944192K), 0.0448230 secs]
[GC 478217K->243082K(2944192K), 0.0415230 secs]
[GC 499210K->231148K(2944192K), 0.0415780 secs]
[GC 487276K->249667K(2944192K), 0.0408190 secs]
 INFO  [Stressor-0] {org.radargun.stressors.StressTestStressor} Number of ops executed so far: 130000. Elapsed time: 41.422 secs. Remaining: 18.578 secs. Total: 1 mins 0 secs
[GC 505795K->231016K(2944192K), 0.0425770 secs]
[GC 487144K->255664K(2944192K), 0.0401890 secs]
[GC 511792K->240815K(2944192K), 0.0434040 secs]
[GC 496943K->262586K(2944192K), 0.0404560 secs]
[GC 518714K->249724K(2944192K), 0.0470160 secs]
[GC 505852K->267835K(2944192K), 0.0397090 secs]
 INFO  [Stressor-2] {org.radargun.stressors.StressTestStressor} Number of ops executed so far: 130000. Elapsed time: 1 mins 2 secs. Remaining: 0.000 secs. Total: 1 mins 0 secs
[GC 523963K->245142K(2944192K), 0.0387310 secs]
 INFO  [pool-1-thread-1] {org.radargun.stressors.StressTestStressor} Finished generating report. Test duration is: 11 mins 28 secs
 INFO  [pool-1-thread-1] {org.radargun.stages.StressTestStage} size info: FFWrapper using hazelcast3, clusterSize:12, nodeIndex:7, cacheSize: -1
 INFO  [pool-1-thread-1] {org.radargun.Slave} Finished stage: StressTest {bulkSize=1, cacheSpecificKeyGenerator=false, commitTransactions=true, duration=1 mins 0 secs, entrySize=1000, exitBenchmarkOnSlaveFailure=false, fixedKeys=true, generateHistogramRange=false, keyGeneratorClass=org.radargun.stressors.StringKeyGenerator, keyGeneratorParam=null, loadAllKeys=false, numEntries=10000, numOfThreads=4, numRequests=10000000, numThreads=4, numberOfAttributes=10000, numberOfRequests=10000000, opsCountStatusLog=500000, poolKeys=true, preferAsyncOperations=false, removePercentage=0, replaceInvalidPercentage=40, runOnAllSlaves=false, sharedKeys=false, sizeOfAnAttribute=1000, slaves=null, transactionSize=10000, useAtomics=false, useHistogramStatistics=false, useSimpleStatistics=true, useSmartClassLoading=true, useTransactions=true, writePercentage=10, writeTxPercentage=20 }
 INFO  [main] {org.radargun.Slave} Ack successfully sent to the master
[GC 501270K->257205K(2944192K), 0.0422610 secs]
[GC 513333K->245797K(2944192K), 0.0409010 secs]
[GC 501925K->247119K(2944192K), 0.0390120 secs]
[GC 503247K->247036K(2944192K), 0.0378770 secs]
[GC 503164K->247122K(2944192K), 0.0386060 secs]
[GC 503250K->248088K(2944192K), 0.0414400 secs]
[GC 504216K->254145K(2944192K), 0.0448860 secs]
[GC 510273K->247956K(2944192K), 0.0370940 secs]
[GC 504084K->247974K(2944192K), 0.0352730 secs]
[GC 504102K->248366K(2944192K), 0.0620720 secs]
[GC 504494K->244886K(2944192K), 0.0352580 secs]
[GC 501014K->244790K(2944192K), 0.0410630 secs]
[GC 500918K->248717K(2944192K), 0.0352110 secs]
[GC 504845K->244899K(2944192K), 0.0539130 secs]
[GC 501027K->248159K(2944192K), 0.0376550 secs]
[GC 504287K->248100K(2944192K), 0.0346560 secs]
[GC 504228K->250310K(2944192K), 0.0519320 secs]
[GC 506438K->250692K(2944192K), 0.0348920 secs]
[GC 506820K->251306K(2944192K), 0.0363030 secs]
[GC 507434K->252000K(2944192K), 0.0582720 secs]
[GC 508128K->252612K(2944192K), 0.0368540 secs]
[GC 508740K->253290K(2944192K), 0.0367590 secs]
[GC 509418K->253958K(2944192K), 0.0361380 secs]
[GC 510086K->254597K(2944192K), 0.0335950 secs]
[GC 510725K->255281K(2944192K), 0.0360160 secs]
[GC 511409K->253494K(2944192K), 0.0339950 secs]
[GC 509622K->256518K(2944192K), 0.0344280 secs]
[GC 512646K->254827K(2944192K), 0.0364640 secs]
[GC 510955K->257988K(2944192K), 0.0323930 secs]
[GC 514116K->258735K(2944192K), 0.0354460 secs]
[GC 514863K->259371K(2944192K), 0.0361160 secs]
[GC 515499K->260049K(2944192K), 0.0534860 secs]
[GC 516177K->260673K(2944192K), 0.0343530 secs]
[GC 516801K->258920K(2944192K), 0.0379730 secs]
[GC 515048K->262048K(2944192K), 0.0343120 secs]
[GC 518176K->260293K(2944192K), 0.0376400 secs]
[GC 516421K->263495K(2944192K), 0.0553310 secs]
[GC 519623K->261653K(2944192K), 0.0366580 secs]
[GC 517781K->264875K(2944192K), 0.0333630 secs]
[GC 521003K->263049K(2944192K), 0.0346860 secs]
[GC 519177K->263740K(2944192K), 0.0344270 secs]
[GC 519868K->264402K(2944192K), 0.0309100 secs]
[GC 520530K->265102K(2944192K), 0.0338890 secs]
[GC 521230K->268381K(2944192K), 0.0362440 secs]
[GC 524509K->266505K(2944192K), 0.0365560 secs]
[GC 522633K->267171K(2944192K), 0.0370190 secs]
[GC 523299K->272816K(2944192K), 0.0322110 secs]
[GC 528944K->270041K(2944192K), 0.0347600 secs]
[GC 526169K->272598K(2944192K), 0.0323300 secs]
[GC 528726K->271990K(2944192K), 0.0377960 secs]
[GC 528118K->270405K(2944192K), 0.0356530 secs]
[GC 526533K->271151K(2944192K), 0.0356130 secs]
[GC 527279K->271878K(2944192K), 0.0347440 secs]
[GC 528006K->272596K(2944192K), 0.0361540 secs]
[GC 528724K->275799K(2944192K), 0.0359980 secs]
[GC 531927K->276410K(2944192K), 0.0370910 secs]
[GC 532538K->274635K(2944192K), 0.0682440 secs]
[GC 530763K->277802K(2944192K), 0.0336580 secs]
[GC 533930K->275882K(2944192K), 0.0344740 secs]
[GC 532010K->276506K(2944192K), 0.0353040 secs]
[GC 532634K->282265K(2944192K), 0.0503900 secs]
[GC 538393K->279466K(2944192K), 0.0338360 secs]
[GC 535594K->281979K(2944192K), 0.0409750 secs]
[GC 538107K->278929K(2944192K), 0.0414360 secs]
[GC 535057K->279868K(2944192K), 0.0358770 secs]
[GC 535996K->280618K(2944192K), 0.0650810 secs]
[GC 536746K->283798K(2944192K), 0.0329860 secs]
[GC 539926K->281931K(2944192K), 0.0380770 secs]
[GC 538059K->282577K(2944192K), 0.0367690 secs]
[GC 538705K->283197K(2944192K), 0.0644710 secs]
[GC 539325K->283855K(2944192K), 0.0340800 secs]
[GC 539983K->284542K(2944192K), 0.0365020 secs]
[GC 540670K->287703K(2944192K), 0.0609350 secs]
[GC 543831K->288503K(2944192K), 0.0343420 secs]
[GC 544631K->286684K(2944192K), 0.0341100 secs]
[GC 542812K->287371K(2944192K), 0.0338900 secs]
[GC 543499K->287975K(2944192K), 0.0386790 secs]
[GC 544103K->288711K(2944192K), 0.0348870 secs]
[GC 544839K->291830K(2944192K), 0.0349010 secs]
[GC 547958K->290066K(2944192K), 0.0351540 secs]
[GC 546194K->290744K(2944192K), 0.0333130 secs]
[GC 546872K->291470K(2944192K), 0.0399310 secs]
[GC 547598K->294720K(2944192K), 0.0386540 secs]
[GC 550848K->295447K(2944192K), 0.0329560 secs]
[GC 551575K->293563K(2944192K), 0.0350440 secs]
[GC 549691K->294314K(2944192K), 0.0356420 secs]
[GC 550442K->295017K(2944192K), 0.0341490 secs]
[GC 551145K->295720K(2944192K), 0.0381540 secs]
[GC 551848K->296441K(2944192K), 0.0346970 secs]
[GC 552569K->299660K(2944192K), 0.0325620 secs]
[GC 555788K->297754K(2944192K), 0.0392860 secs]
[GC 553882K->301038K(2944192K), 0.0335460 secs]
[GC 557166K->304353K(2944192K), 0.0374180 secs]
[GC 560481K->301542K(2944192K), 0.0341960 secs]
[GC 557670K->301753K(2944192K), 0.0351900 secs]
[GC 557881K->301004K(2944192K), 0.0357370 secs]
[GC 557132K->304470K(2944192K), 0.0348230 secs]
[GC 560598K->302661K(2944192K), 0.0346730 secs]
[GC 558789K->303364K(2944192K), 0.0322730 secs]
[GC 559492K->304043K(2944192K), 0.0359900 secs]
[GC 560171K->304813K(2944192K), 0.0394580 secs]
[GC 560941K->305570K(2944192K), 0.0369360 secs]
[GC 561698K->306211K(2944192K), 0.0364660 secs]
[GC 562339K->306832K(2944192K), 0.0354600 secs]
[GC 562960K->307503K(2944192K), 0.0360710 secs]
[GC 563631K->308273K(2944192K), 0.0391390 secs]
[GC 564401K->308965K(2944192K), 0.0388150 secs]
[GC 565093K->309653K(2944192K), 0.0326510 secs]
[GC 565781K->312958K(2944192K), 0.0336790 secs]
[GC 569086K->311021K(2944192K), 0.0788590 secs]
[GC 567149K->311693K(2944192K), 0.0348990 secs]
[GC 567821K->312348K(2944192K), 0.0352140 secs]
[GC 568476K->313075K(2944192K), 0.0317160 secs]
[GC 569203K->316336K(2944192K), 0.0379180 secs]
[GC 572464K->317148K(2944192K), 0.0332690 secs]
[GC 573276K->315263K(2944192K), 0.0353140 secs]
[GC 571391K->315826K(2944192K), 0.0371410 secs]
[GC 571954K->321717K(2944192K), 0.0368900 secs]
[GC 577845K->318885K(2944192K), 0.0380070 secs]
[GC 575013K->321572K(2944192K), 0.0361400 secs]
[GC 577700K->320978K(2944192K), 0.0339210 secs]
[GC 577106K->319318K(2944192K), 0.0335420 secs]
[GC 575446K->320098K(2944192K), 0.0355740 secs]
[GC 576226K->320786K(2944192K), 0.0322490 secs]
[GC 576914K->321475K(2944192K), 0.0412590 secs]
[GC 577603K->322176K(2944192K), 0.0339920 secs]
[GC 578304K->325559K(2944192K), 0.0374900 secs]
[GC 581687K->323649K(2944192K), 0.0375080 secs]
[GC 579777K->324357K(2944192K), 0.0393900 secs]
[GC 580485K->325032K(2944192K), 0.0337800 secs]
[GC 581160K->325699K(2944192K), 0.0388730 secs]
[GC 581827K->326441K(2944192K), 0.0362400 secs]
[GC 582569K->327061K(2944192K), 0.0347360 secs]
[GC 583189K->330395K(2944192K), 0.0342080 secs]
[GC 586523K->328481K(2944192K), 0.0368640 secs]
[GC 584609K->329144K(2944192K), 0.0324630 secs]
[GC 585272K->335042K(2944192K), 0.0352980 secs]
[GC 591170K->332116K(2944192K), 0.0374690 secs]
[GC 588244K->334708K(2944192K), 0.0345100 secs]
[GC 590836K->334195K(2944192K), 0.0355840 secs]
[GC 590323K->335197K(2944192K), 0.0342840 secs]
[GC 591325K->335944K(2944192K), 0.0330870 secs]
[GC 592072K->336719K(2944192K), 0.0330070 secs]
[GC 592847K->334748K(2944192K), 0.0353530 secs]
[GC 590876K->335475K(2944192K), 0.0366850 secs]
[GC 591603K->336192K(2944192K), 0.0332800 secs]
[GC 591023K->336845K(2944192K), 0.0335570 secs]
[GC 592973K->337594K(2944192K), 0.0348880 secs]
[GC 593722K->340857K(2944192K), 0.0334660 secs]
[GC 596985K->338923K(2944192K), 0.0370180 secs]
[GC 595051K->339620K(2944192K), 0.0365280 secs]
[GC 595748K->340339K(2944192K), 0.0374950 secs]
[GC 596467K->343633K(2944192K), 0.0526290 secs]
[GC 599761K->341757K(2944192K), 0.0360810 secs]
[GC 597885K->345030K(2944192K), 0.0335310 secs]
[GC 601158K->343136K(2944192K), 0.0365350 secs]
[GC 599264K->343909K(2944192K), 0.0588960 secs]
[GC 600037K->344501K(2944192K), 0.0354120 secs]
[GC 600629K->347927K(2944192K), 0.0330140 secs]
[GC 604055K->348641K(2944192K), 0.0315670 secs]
[GC 604769K->349325K(2944192K), 0.0656090 secs]
[GC 605453K->349982K(2944192K), 0.0336230 secs]
[GC 606110K->350631K(2944192K), 0.0349000 secs]
[GC 606759K->351437K(2944192K), 0.0605560 secs]
[GC 607565K->349445K(2944192K), 0.0346760 secs]
[GC 605573K->352831K(2944192K), 0.0348850 secs]
[GC 608959K->353531K(2944192K), 0.0408840 secs]
[GC 609659K->354260K(2944192K), 0.0352790 secs]
[GC 610388K->352271K(2944192K), 0.0343780 secs]
[GC 608399K->353039K(2944192K), 0.0403520 secs]
[GC 609167K->353755K(2944192K), 0.0333510 secs]
[GC 609883K->357081K(2944192K), 0.0328640 secs]
[GC 613209K->355164K(2944192K), 0.0342760 secs]
[GC 611292K->358436K(2944192K), 0.0317180 secs]
[GC 614564K->356500K(2944192K), 0.0361460 secs]
[GC 612628K->357156K(2944192K), 0.0449180 secs]
[GC 613284K->360454K(2944192K), 0.0380280 secs]
[GC 616582K->361182K(2944192K), 0.0319980 secs]
[GC 617310K->361849K(2944192K), 0.0374470 secs]
[GC 617977K->362599K(2944192K), 0.0351990 secs]
[GC 618727K->360645K(2944192K), 0.0331640 secs]
[GC 616773K->361306K(2944192K), 0.0332830 secs]
[GC 617434K->361978K(2944192K), 0.0342890 secs]
[GC 618106K->362697K(2944192K), 0.0343740 secs]
[GC 618825K->363449K(2944192K), 0.0364260 secs]
[GC 619577K->364088K(2944192K), 0.0361540 secs]
[GC 620216K->367418K(2944192K), 0.0332210 secs]
[GC 623546K->368100K(2944192K), 0.0357790 secs]
[GC 624228K->366242K(2944192K), 0.0358540 secs]
[GC 622370K->366906K(2944192K), 0.0315650 secs]
[GC 623034K->370233K(2944192K), 0.0314560 secs]
[GC 626361K->368228K(2944192K), 0.0405450 secs]
[GC 624356K->371555K(2944192K), 0.0352340 secs]
[GC 627683K->372293K(2944192K), 0.0330190 secs]
[GC 628421K->370335K(2944192K), 0.0322640 secs]
[GC 626463K->373670K(2944192K), 0.0337510 secs]
[GC 629798K->371755K(2944192K), 0.0349940 secs]
[GC 627883K->372519K(2944192K), 0.0364750 secs]
[GC 628647K->373332K(2944192K), 0.0343080 secs]
[GC 629460K->376561K(2944192K), 0.0341350 secs]
[GC 632689K->377328K(2944192K), 0.0314020 secs]
[GC 633456K->378044K(2944192K), 0.0354470 secs]
[GC 634172K->378674K(2944192K), 0.0330300 secs]
[GC 634802K->376749K(2944192K), 0.0449810 secs]
[GC 632877K->380158K(2944192K), 0.0380510 secs]
[GC 636286K->378088K(2944192K), 0.0355410 secs]
[GC 634216K->378841K(2944192K), 0.0375340 secs]
[GC 634969K->379529K(2944192K), 0.0489730 secs]
[GC 635657K->380228K(2944192K), 0.0319310 secs]
[GC 636356K->380916K(2944192K), 0.0376420 secs]
[GC 637044K->381635K(2944192K), 0.0561240 secs]
[GC 637763K->382368K(2944192K), 0.0353970 secs]
[GC 638496K->385696K(2944192K), 0.0664680 secs]
[GC 641824K->383735K(2944192K), 0.0330380 secs]
[GC 639863K->387112K(2944192K), 0.0306330 secs]
[GC 643240K->387770K(2944192K), 0.0319330 secs]
[GC 643898K->385826K(2944192K), 0.0335120 secs]
[GC 641954K->386606K(2944192K), 0.0330040 secs]
[GC 642734K->387348K(2944192K), 0.0332970 secs]
[GC 643476K->390584K(2944192K), 0.0322930 secs]
[GC 646712K->391277K(2944192K), 0.0355170 secs]
[GC 647405K->392034K(2944192K), 0.0351940 secs]
[GC 648162K->390131K(2944192K), 0.0363630 secs]
[GC 646259K->390790K(2944192K), 0.0357210 secs]
[GC 646918K->391533K(2944192K), 0.0369760 secs]
[GC 647661K->394872K(2944192K), 0.0333510 secs]
[GC 651000K->392960K(2944192K), 0.0314680 secs]
[GC 649088K->396311K(2944192K), 0.0334660 secs]
[GC 652439K->394347K(2944192K), 0.0321640 secs]
[GC 650475K->395066K(2944192K), 0.0680930 secs]
[GC 651194K->395748K(2944192K), 0.0342210 secs]
[GC 651876K->396499K(2944192K), 0.0368730 secs]
[GC 652627K->399770K(2944192K), 0.0361050 secs]
[GC 655898K->397827K(2944192K), 0.0454170 secs]
[GC 653955K->401169K(2944192K), 0.0336500 secs]
[GC 657297K->399245K(2944192K), 0.0334860 secs]
[GC 655373K->399917K(2944192K), 0.0351400 secs]
[GC 656045K->403097K(2944192K), 0.0325210 secs]
[GC 659225K->403811K(2944192K), 0.0355580 secs]
[GC 659939K->404543K(2944192K), 0.0375480 secs]
[GC 660671K->405205K(2944192K), 0.0354970 secs]
[GC 661333K->403301K(2944192K), 0.0353470 secs]
[GC 659429K->404006K(2944192K), 0.0356340 secs]
[GC 660134K->407326K(2944192K), 0.0375650 secs]
[GC 663454K->405384K(2944192K), 0.0361870 secs]
[GC 661512K->408624K(2944192K), 0.0456940 secs]
[GC 664752K->409463K(2944192K), 0.0309770 secs]
[GC 665591K->407493K(2944192K), 0.0367950 secs]
[GC 663621K->408195K(2944192K), 0.0366000 secs]
[GC 664323K->408890K(2944192K), 0.0314750 secs]
[GC 665018K->412102K(2944192K), 0.0320390 secs]
[GC 668230K->410205K(2944192K), 0.0328000 secs]
[GC 666333K->410958K(2944192K), 0.0331120 secs]
[GC 667086K->411666K(2944192K), 0.0345540 secs]
[GC 667794K->412394K(2944192K), 0.0355070 secs]
[GC 668522K->413123K(2944192K), 0.0372740 secs]
[GC 669251K->413767K(2944192K), 0.0370780 secs]
[GC 669895K->414545K(2944192K), 0.0383090 secs]
[GC 670673K->415300K(2944192K), 0.0380880 secs]
[GC 671428K->418635K(2944192K), 0.0303900 secs]
[GC 674763K->416773K(2944192K), 0.0318960 secs]
[GC 672901K->420090K(2944192K), 0.0382080 secs]
[GC 676218K->418169K(2944192K), 0.0375070 secs]
[GC 674297K->421508K(2944192K), 0.0342360 secs]
[GC 677636K->422264K(2944192K), 0.0326140 secs]
[GC 678392K->423077K(2944192K), 0.0358860 secs]
[GC 679205K->421076K(2944192K), 0.0378230 secs]
[GC 677204K->421735K(2944192K), 0.0398540 secs]
[GC 677863K->425165K(2944192K), 0.0319280 secs]
[GC 681293K->423201K(2944192K), 0.0375270 secs]
[GC 679329K->423874K(2944192K), 0.0380840 secs]
[GC 680002K->424677K(2944192K), 0.0355400 secs]
[GC 680805K->425443K(2944192K), 0.0351710 secs]
[GC 681571K->428733K(2944192K), 0.0367180 secs]
[GC 684861K->426818K(2944192K), 0.0352690 secs]
[GC 682946K->427539K(2944192K), 0.0341220 secs]
[GC 683667K->428334K(2944192K), 0.0372860 secs]
[GC 684462K->429041K(2944192K), 0.0360590 secs]
[GC 685169K->432518K(2944192K), 0.0333160 secs]
[GC 688646K->430471K(2944192K), 0.0332820 secs]
[GC 686599K->431111K(2944192K), 0.0345050 secs]
[GC 687239K->434547K(2944192K), 0.0296910 secs]
[GC 690675K->432548K(2944192K), 0.0586370 secs]
[GC 688676K->433260K(2944192K), 0.0343710 secs]
[GC 689388K->436693K(2944192K), 0.0364060 secs]
[GC 692821K->437436K(2944192K), 0.0464090 secs]
[GC 693564K->435467K(2944192K), 0.0358960 secs]
[GC 691595K->438859K(2944192K), 0.0368580 secs]
[GC 694987K->439578K(2944192K), 0.0432320 secs]
[GC 695706K->440329K(2944192K), 0.0340840 secs]
[GC 696457K->438405K(2944192K), 0.0426010 secs]
[GC 694533K->439129K(2944192K), 0.0516160 secs]
[GC 695257K->442465K(2944192K), 0.0319710 secs]
[GC 698593K->440448K(2944192K), 0.0446860 secs]
[GC 696576K->443894K(2944192K), 0.0370420 secs]
[GC 700022K->447303K(2944192K), 0.0325510 secs]
[GC 703431K->444288K(2944192K), 0.0401900 secs]
[GC 700416K->444526K(2944192K), 0.0344160 secs]
[GC 700654K->446503K(2944192K), 0.0338180 secs]
[GC 702631K->444858K(2944192K), 0.0739810 secs]
[GC 700986K->448228K(2944192K), 0.0367930 secs]
[GC 704356K->448999K(2944192K), 0.0379190 secs]
[GC 705127K->449743K(2944192K), 0.0333720 secs]
[GC 705871K->450462K(2944192K), 0.0374050 secs]
[GC 706590K->448465K(2944192K), 0.0350030 secs]
[GC 704593K->449206K(2944192K), 0.0412840 secs]
[GC 705334K->449863K(2944192K), 0.0371470 secs]
[GC 705991K->450635K(2944192K), 0.0395350 secs]
[GC 706763K->451344K(2944192K), 0.0354980 secs]
[GC 707472K->454739K(2944192K), 0.0347400 secs]
[GC 710867K->455528K(2944192K), 0.0350870 secs]
[GC 711656K->456956K(2944192K), 0.0334190 secs]
[GC 713084K->462379K(2944192K), 0.0330270 secs]
[GC 718507K->468906K(2944192K), 0.0368600 secs]
[GC 725034K->465311K(2944192K), 0.0378410 secs]
[GC 721439K->473235K(2944192K), 0.0361350 secs]
[GC 729363K->470266K(2944192K), 0.0440870 secs]
[GC 726394K->478303K(2944192K), 0.0423660 secs]
[GC 734431K->471122K(2944192K), 0.0453210 secs]
[GC 727250K->484720K(2944192K), 0.0389370 secs]
[GC 740848K->481938K(2944192K), 0.0399840 secs]
[GC 738066K->491074K(2944192K), 0.0421800 secs]
[GC 747202K->494166K(2944192K), 0.0405020 secs]
[GC 750294K->497231K(2944192K), 0.0426910 secs]
[GC 753359K->492774K(2944192K), 0.0387370 secs]
[GC 748902K->494435K(2944192K), 0.0390900 secs]
[GC 750563K->495872K(2944192K), 0.0437030 secs]
[GC 752000K->496780K(2944192K), 0.0428300 secs]
[GC 752908K->497155K(2944192K), 0.0399540 secs]
[GC 753283K->497569K(2944192K), 0.0395520 secs]
[GC 753697K->497814K(2944192K), 0.0441760 secs]
[GC 753942K->499679K(2944192K), 0.0419800 secs]
[GC 755807K->495846K(2944192K), 0.0449340 secs]
[GC 751974K->504940K(2944192K), 0.0430720 secs]
[GC 761068K->514365K(2944192K), 0.0417080 secs]
[GC 770492K->503903K(2944192K), 0.0462280 secs]
[GC 760031K->509376K(2944192K), 0.0428350 secs]
[GC 765504K->514500K(2944192K), 0.0416380 secs]
[GC 770628K->517248K(2944192K), 0.0406080 secs]
[GC 773376K->518229K(2944192K), 0.0401150 secs]
[GC 774357K->527880K(2944192K), 0.0434720 secs]
[GC 784008K->523686K(2944192K), 0.0466670 secs]
[GC 779814K->534145K(2944192K), 0.0426480 secs]
[GC 790273K->520218K(2944192K), 0.0448510 secs]
[GC 776346K->531762K(2944192K), 0.0429210 secs]
[GC 787890K->530172K(2944192K), 0.0414600 secs]
[GC 786300K->524409K(2944192K), 0.0426550 secs]
[GC 780537K->518225K(2944192K), 0.0417360 secs]
[GC 774353K->526348K(2944192K), 0.0419520 secs]
[GC 782476K->526957K(2944192K), 0.0426110 secs]
[GC 783085K->521324K(2944192K), 0.0420500 secs]
[GC 777452K->528031K(2944192K), 0.0389570 secs]
[GC 784159K->523114K(2944192K), 0.0408930 secs]
[GC 779242K->523976K(2944192K), 0.0417370 secs]
[GC 780104K->529837K(2944192K), 0.0432810 secs]
[GC 785965K->530218K(2944192K), 0.0378170 secs]
[GC 786346K->526805K(2944192K), 0.0380110 secs]
[GC 782933K->533129K(2944192K), 0.0409630 secs]
[GC 789257K->529937K(2944192K), 0.0389280 secs]
[GC 786065K->534167K(2944192K), 0.0385350 secs]
[GC 790295K->535020K(2944192K), 0.0317860 secs]
[GC 791148K->539397K(2944192K), 0.0426160 secs]
[GC 795525K->533518K(2944192K), 0.0373860 secs]
[GC 789646K->538996K(2944192K), 0.0410770 secs]
[GC 795124K->538231K(2944192K), 0.0374200 secs]
[GC 794359K->536099K(2944192K), 0.0373940 secs]
[GC 792227K->543774K(2944192K), 0.0351170 secs]
[GC 799902K->537922K(2944192K), 0.0359870 secs]
[GC 794050K->540343K(2944192K), 0.0468970 secs]
[GC 796471K->542643K(2944192K), 0.0365110 secs]
[GC 798771K->547190K(2944192K), 0.0393750 secs]
[GC 803318K->549899K(2944192K), 0.0402940 secs]
[GC 806027K->557651K(2944192K), 0.0396280 secs]
[GC 813779K->548254K(2944192K), 0.0375910 secs]
[GC 804382K->563351K(2944192K), 0.0415520 secs]
[GC 819479K->570637K(2944192K), 0.0414880 secs]
[GC 826765K->557775K(2944192K), 0.0399610 secs]
[GC 813903K->575990K(2944192K), 0.0446010 secs]
[GC 832118K->566980K(2944192K), 0.0461280 secs]
[GC 823108K->583633K(2944192K), 0.0435080 secs]
[GC 839761K->568771K(2944192K), 0.0440720 secs]
[GC 824899K->590166K(2944192K), 0.0428440 secs]
[GC 846294K->572371K(2944192K), 0.0446090 secs]
[GC 828499K->585633K(2944192K), 0.0446160 secs]
[GC 841761K->591022K(2944192K), 0.0439020 secs]
[GC 847150K->577931K(2944192K), 0.0447010 secs]
[GC 834059K->583417K(2944192K), 0.0457020 secs]
[GC 839545K->580197K(2944192K), 0.0433320 secs]
[GC 836325K->581807K(2944192K), 0.0426590 secs]
[GC 837935K->575890K(2944192K), 0.0408690 secs]
[GC 832018K->577010K(2944192K), 0.0403370 secs]
[GC 833138K->584221K(2944192K), 0.0434250 secs]
[GC 840349K->584861K(2944192K), 0.0411120 secs]
[GC 840989K->585562K(2944192K), 0.0445160 secs]
[GC 841690K->581523K(2944192K), 0.0400310 secs]
[GC 837651K->585549K(2944192K), 0.0367490 secs]
[GC 841677K->589214K(2944192K), 0.0339690 secs]
[GC 845342K->585962K(2944192K), 0.0332930 secs]
[GC 842090K->594687K(2944192K), 0.0362080 secs]
[GC 850815K->602064K(2944192K), 0.0363830 secs]
[GC 858192K->595161K(2944192K), 0.0382710 secs]
[GC 851289K->608123K(2944192K), 0.0471900 secs]
[GC 864251K->604835K(2944192K), 0.0452640 secs]
[GC 860963K->615714K(2944192K), 0.0451750 secs]
[GC 871842K->620457K(2944192K), 0.0466480 secs]
[GC 876585K->624665K(2944192K), 0.0465030 secs]
[GC 880793K->621454K(2944192K), 0.0460030 secs]
[GC 877582K->616892K(2944192K), 0.0482730 secs]
[GC 873020K->618540K(2944192K), 0.0468150 secs]
[GC 874668K->628377K(2944192K), 0.0442540 secs]
[GC 884505K->638213K(2944192K), 0.0446830 secs]
[GC 894341K->622661K(2944192K), 0.0406250 secs]
[GC 878789K->643263K(2944192K), 0.0437690 secs]
[GC 899391K->625036K(2944192K), 0.0432070 secs]
[GC 881164K->646629K(2944192K), 0.0435550 secs]
[GC 902757K->628135K(2944192K), 0.0428000 secs]
[GC 884263K->641181K(2944192K), 0.0453220 secs]
[GC 897309K->648992K(2944192K), 0.0453700 secs]
[GC 905120K->642716K(2944192K), 0.0466350 secs]
[GC 898844K->660099K(2944192K), 0.0463260 secs]
[GC 916227K->644445K(2944192K), 0.0480810 secs]
[GC 900573K->667971K(2944192K), 0.0453510 secs]
[GC 924099K->659444K(2944192K), 0.0462900 secs]
[GC 915572K->666149K(2944192K), 0.0510450 secs]
[GC 922277K->672844K(2944192K), 0.0456070 secs]
[GC 928972K->657686K(2944192K), 0.0536440 secs]
[GC 913814K->671850K(2944192K), 0.0430160 secs]
[GC 927978K->678110K(2944192K), 0.0486310 secs]
[GC 934238K->662279K(2944192K), 0.0459260 secs]
[GC 918407K->688536K(2944192K), 0.0485010 secs]
[GC 944664K->691261K(2944192K), 0.0517270 secs]
[GC 947389K->700510K(2944192K), 0.0539600 secs]
[GC 956638K->695444K(2944192K), 0.0567650 secs]
[GC 951572K->701107K(2944192K), 0.0555380 secs]
[GC 957235K->705820K(2944192K), 0.0540360 secs]
[GC 961948K->696118K(2944192K), 0.0556910 secs]
[GC 952246K->697599K(2944192K), 0.0532520 secs]
[GC 953727K->698839K(2944192K), 0.0518580 secs]
[GC 954967K->707710K(2944192K), 0.0496990 secs]
[GC 963838K->719076K(2944192K), 0.0508140 secs]
[GC 975204K->700265K(2944192K), 0.0476650 secs]
[GC 956393K->716375K(2944192K), 0.0547290 secs]
 WARN  [Thread-0] {org.radargun.ShutDownHook} Slave process: unexpected shutdown!
 INFO  [hz._hzInstance_1_FenixFrameworkGroup.IO.thread-in-1] {com.hazelcast.nio.TcpIpConnection} [127.0.0.1]:5709 [FenixFrameworkGroup] Connection [Address[127.0.0.1]:5713] lost. Reason: java.io.EOFException[Remote socket closed!]
 INFO  [hz._hzInstance_1_FenixFrameworkGroup.IO.thread-in-0] {com.hazelcast.nio.TcpIpConnection} [127.0.0.1]:5709 [FenixFrameworkGroup] Connection [Address[127.0.0.1]:5703] lost. Reason: java.io.EOFException[Remote socket closed!]
 INFO  [hz._hzInstance_1_FenixFrameworkGroup.IO.thread-in-1] {com.hazelcast.nio.TcpIpConnection} [127.0.0.1]:5709 [FenixFrameworkGroup] Connection [Address[127.0.0.1]:5707] lost. Reason: java.io.EOFException[Remote socket closed!]
 INFO  [hz._hzInstance_1_FenixFrameworkGroup.IO.thread-in-0] {com.hazelcast.nio.TcpIpConnection} [127.0.0.1]:5709 [FenixFrameworkGroup] Connection [Address[127.0.0.1]:5713] lost. Reason: java.io.EOFException[Remote socket closed!]
 INFO  [hz._hzInstance_1_FenixFrameworkGroup.IO.thread-in-0] {com.hazelcast.nio.TcpIpConnection} [127.0.0.1]:5709 [FenixFrameworkGroup] Connection [Address[127.0.0.1]:5707] lost. Reason: java.io.EOFException[Remote socket closed!]
 INFO  [hz._hzInstance_1_FenixFrameworkGroup.IO.thread-in-2] {com.hazelcast.nio.TcpIpConnection} [127.0.0.1]:5709 [FenixFrameworkGroup] Connection [Address[127.0.0.1]:5701] lost. Reason: java.io.EOFException[Remote socket closed!]
 INFO  [hz._hzInstance_1_FenixFrameworkGroup.IO.thread-in-1] {com.hazelcast.nio.TcpIpConnection} [127.0.0.1]:5709 [FenixFrameworkGroup] Connection [Address[127.0.0.1]:5711] lost. Reason: java.io.EOFException[Remote socket closed!]
 INFO  [hz._hzInstance_1_FenixFrameworkGroup.IO.thread-in-2] {com.hazelcast.nio.TcpIpConnection} [127.0.0.1]:5709 [FenixFrameworkGroup] Connection [Address[127.0.0.1]:5711] lost. Reason: java.io.EOFException[Remote socket closed!]
 INFO  [hz._hzInstance_1_FenixFrameworkGroup.IO.thread-in-0] {com.hazelcast.nio.TcpIpConnection} [127.0.0.1]:5709 [FenixFrameworkGroup] Connection [Address[127.0.0.1]:5704] lost. Reason: java.io.EOFException[Remote socket closed!]
 INFO  [hz._hzInstance_1_FenixFrameworkGroup.IO.thread-in-2] {com.hazelcast.nio.TcpIpConnection} [127.0.0.1]:5709 [FenixFrameworkGroup] Connection [Address[127.0.0.1]:5706] lost. Reason: java.io.EOFException[Remote socket closed!]
 INFO  [hz.ShutdownThread] {com.hazelcast.nio.TcpIpConnection} [127.0.0.1]:5709 [FenixFrameworkGroup] Connection [Address[127.0.0.1]:5708] lost. Reason: Socket explicitly closed
 INFO  [hz.ShutdownThread] {com.hazelcast.nio.TcpIpConnection} [127.0.0.1]:5709 [FenixFrameworkGroup] Connection [Address[127.0.0.1]:5705] lost. Reason: Socket explicitly closed
 INFO  [hz.ShutdownThread] {com.hazelcast.nio.TcpIpConnection} [127.0.0.1]:5709 [FenixFrameworkGroup] Connection [Address[127.0.0.1]:5712] lost. Reason: Socket explicitly closed
 INFO  [hz.ShutdownThread] {com.hazelcast.nio.TcpIpConnection} [127.0.0.1]:5709 [FenixFrameworkGroup] Connection [Address[127.0.0.1]:5710] lost. Reason: Socket explicitly closed
 INFO  [hz.ShutdownThread] {com.hazelcast.nio.TcpIpConnection} [127.0.0.1]:5709 [FenixFrameworkGroup] Connection [Address[127.0.0.1]:5704] lost. Reason: Socket explicitly closed
 INFO  [hz.ShutdownThread] {com.hazelcast.initializer} [127.0.0.1]:5709 [FenixFrameworkGroup] Destroying node initializer.
 INFO  [hz.ShutdownThread] {com.hazelcast.instance.Node} [127.0.0.1]:5709 [FenixFrameworkGroup] Hazelcast Shutdown is completed in 68 ms.
 INFO  [hz._hzInstance_2_dev.IO.thread-in-0] {com.hazelcast.nio.TcpIpConnection} [127.0.0.1]:5719 [dev] Connection [Address[127.0.0.1]:5723] lost. Reason: java.io.EOFException[Remote socket closed!]
 INFO  [hz._hzInstance_2_dev.IO.thread-in-0] {com.hazelcast.nio.TcpIpConnection} [127.0.0.1]:5719 [dev] Connection [Address[127.0.0.1]:5721] lost. Reason: java.io.EOFException[Remote socket closed!]
 INFO  [hz._hzInstance_2_dev.IO.thread-in-1] {com.hazelcast.nio.TcpIpConnection} [127.0.0.1]:5719 [dev] Connection [Address[127.0.0.1]:5702] lost. Reason: java.io.EOFException[Remote socket closed!]
 INFO  [hz._hzInstance_2_dev.IO.thread-in-2] {com.hazelcast.nio.TcpIpConnection} [127.0.0.1]:5719 [dev] Connection [Address[127.0.0.1]:5720] lost. Reason: java.io.EOFException[Remote socket closed!]
 INFO  [hz._hzInstance_2_dev.IO.thread-in-0] {com.hazelcast.nio.TcpIpConnection} [127.0.0.1]:5719 [dev] Connection [Address[127.0.0.1]:5720] lost. Reason: java.io.EOFException[Remote socket closed!]
 INFO  [hz._hzInstance_2_dev.IO.thread-in-0] {com.hazelcast.nio.TcpIpConnection} [127.0.0.1]:5719 [dev] Connection [Address[127.0.0.1]:5717] lost. Reason: java.io.EOFException[Remote socket closed!]
 INFO  [hz._hzInstance_2_dev.IO.thread-in-1] {com.hazelcast.nio.TcpIpConnection} [127.0.0.1]:5719 [dev] Connection [Address[127.0.0.1]:5717] lost. Reason: java.io.EOFException[Remote socket closed!]
 INFO  [hz._hzInstance_2_dev.IO.thread-in-1] {com.hazelcast.nio.TcpIpConnection} [127.0.0.1]:5719 [dev] Connection [Address[127.0.0.1]:5724] lost. Reason: java.io.EOFException[Remote socket closed!]
 INFO  [hz._hzInstance_2_dev.IO.thread-in-1] {com.hazelcast.nio.TcpIpConnection} [127.0.0.1]:5719 [dev] Connection [Address[127.0.0.1]:5722] lost. Reason: java.io.EOFException[Remote socket closed!]
 INFO  [hz._hzInstance_2_dev.IO.thread-in-1] {com.hazelcast.nio.TcpIpConnection} [127.0.0.1]:5719 [dev] Connection [Address[127.0.0.1]:5715] lost. Reason: java.io.EOFException[Remote socket closed!]
 INFO  [main] {org.radargun.Slave} Master shutdown!
 INFO  [hz.ShutdownThread] {com.hazelcast.nio.TcpIpConnection} [127.0.0.1]:5719 [dev] Connection [Address[127.0.0.1]:5718] lost. Reason: Socket explicitly closed
 INFO  [hz.ShutdownThread] {com.hazelcast.nio.TcpIpConnection} [127.0.0.1]:5719 [dev] Connection [Address[127.0.0.1]:5716] lost. Reason: Socket explicitly closed
 INFO  [hz.ShutdownThread] {com.hazelcast.nio.TcpIpConnection} [127.0.0.1]:5719 [dev] Connection [Address[127.0.0.1]:5714] lost. Reason: Socket explicitly closed
 INFO  [hz.ShutdownThread] {com.hazelcast.nio.TcpIpConnection} [127.0.0.1]:5719 [dev] Connection [Address[127.0.0.1]:5716] lost. Reason: Socket explicitly closed
 INFO  [hz.ShutdownThread] {com.hazelcast.nio.TcpIpConnection} [127.0.0.1]:5719 [dev] Connection [Address[127.0.0.1]:5714] lost. Reason: Socket explicitly closed
 INFO  [hz.ShutdownThread] {com.hazelcast.initializer} [127.0.0.1]:5719 [dev] Destroying node initializer.
 INFO  [hz.ShutdownThread] {com.hazelcast.instance.Node} [127.0.0.1]:5719 [dev] Hazelcast Shutdown is completed in 338 ms.
